[2025-03-28T18:50:11.766+0530][gc] Using G1
[2025-03-28T18:50:11.778+0530][gc,init] Version: 17.0.14+7-LTS (release)
[2025-03-28T18:50:11.778+0530][gc,init] CPUs: 2 total, 2 available
[2025-03-28T18:50:11.778+0530][gc,init] Memory: 3658M
[2025-03-28T18:50:11.778+0530][gc,init] Large Page Support: Disabled
[2025-03-28T18:50:11.778+0530][gc,init] NUMA Support: Disabled
[2025-03-28T18:50:11.778+0530][gc,init] Compressed Oops: Enabled (32-bit)
[2025-03-28T18:50:11.778+0530][gc,init] Heap Region Size: 1M
[2025-03-28T18:50:11.778+0530][gc,init] Heap Min Capacity: 1G
[2025-03-28T18:50:11.778+0530][gc,init] Heap Initial Capacity: 1G
[2025-03-28T18:50:11.778+0530][gc,init] Heap Max Capacity: 1G
[2025-03-28T18:50:11.778+0530][gc,init] Pre-touch: Disabled
[2025-03-28T18:50:11.778+0530][gc,init] Parallel Workers: 2
[2025-03-28T18:50:11.778+0530][gc,init] Concurrent Workers: 1
[2025-03-28T18:50:11.778+0530][gc,init] Concurrent Refinement Workers: 2
[2025-03-28T18:50:11.778+0530][gc,init] Periodic GC: Disabled
[2025-03-28T18:50:11.788+0530][gc,metaspace] CDS archive(s) mapped at: [0x00007f294f000000-0x00007f294fbc7000-0x00007f294fbc7000), size 12349440, SharedBaseAddress: 0x00007f294f000000, ArchiveRelocationMode: 1.
[2025-03-28T18:50:11.788+0530][gc,metaspace] Compressed class space mapped at: 0x00007f2950000000-0x00007f2990000000, reserved size: 1073741824
[2025-03-28T18:50:11.788+0530][gc,metaspace] Narrow klass base: 0x00007f294f000000, Narrow klass shift: 0, Narrow klass range: 0x100000000
[2025-03-28T18:50:18.829+0530][gc,start    ] GC(0) Pause Young (Normal) (G1 Evacuation Pause)
[2025-03-28T18:50:18.829+0530][gc,task     ] GC(0) Using 2 workers of 2 for evacuation
[2025-03-28T18:50:18.848+0530][gc,phases   ] GC(0)   Pre Evacuate Collection Set: 0.2ms
[2025-03-28T18:50:18.848+0530][gc,phases   ] GC(0)   Merge Heap Roots: 0.1ms
[2025-03-28T18:50:18.848+0530][gc,phases   ] GC(0)   Evacuate Collection Set: 17.1ms
[2025-03-28T18:50:18.848+0530][gc,phases   ] GC(0)   Post Evacuate Collection Set: 1.1ms
[2025-03-28T18:50:18.848+0530][gc,phases   ] GC(0)   Other: 0.4ms
[2025-03-28T18:50:18.848+0530][gc,heap     ] GC(0) Eden regions: 51->0(44)
[2025-03-28T18:50:18.848+0530][gc,heap     ] GC(0) Survivor regions: 0->7(7)
[2025-03-28T18:50:18.848+0530][gc,heap     ] GC(0) Old regions: 0->2
[2025-03-28T18:50:18.848+0530][gc,heap     ] GC(0) Archive regions: 2->2
[2025-03-28T18:50:18.848+0530][gc,heap     ] GC(0) Humongous regions: 0->0
[2025-03-28T18:50:18.848+0530][gc,metaspace] GC(0) Metaspace: 17106K(17344K)->17106K(17344K) NonClass: 14985K(15104K)->14985K(15104K) Class: 2121K(2240K)->2121K(2240K)
[2025-03-28T18:50:18.848+0530][gc          ] GC(0) Pause Young (Normal) (G1 Evacuation Pause) 51M->9M(1024M) 19.221ms
[2025-03-28T18:50:18.848+0530][gc,cpu      ] GC(0) User=0.01s Sys=0.01s Real=0.02s
[2025-03-28T18:50:19.188+0530][gc,start    ] GC(1) Pause Young (Concurrent Start) (Metadata GC Threshold)
[2025-03-28T18:50:19.188+0530][gc,task     ] GC(1) Using 2 workers of 2 for evacuation
[2025-03-28T18:50:19.197+0530][gc,phases   ] GC(1)   Pre Evacuate Collection Set: 0.3ms
[2025-03-28T18:50:19.197+0530][gc,phases   ] GC(1)   Merge Heap Roots: 0.1ms
[2025-03-28T18:50:19.197+0530][gc,phases   ] GC(1)   Evacuate Collection Set: 8.1ms
[2025-03-28T18:50:19.197+0530][gc,phases   ] GC(1)   Post Evacuate Collection Set: 0.5ms
[2025-03-28T18:50:19.197+0530][gc,phases   ] GC(1)   Other: 0.2ms
[2025-03-28T18:50:19.197+0530][gc,heap     ] GC(1) Eden regions: 14->0(49)
[2025-03-28T18:50:19.197+0530][gc,heap     ] GC(1) Survivor regions: 7->2(7)
[2025-03-28T18:50:19.197+0530][gc,heap     ] GC(1) Old regions: 2->9
[2025-03-28T18:50:19.197+0530][gc,heap     ] GC(1) Archive regions: 2->2
[2025-03-28T18:50:19.197+0530][gc,heap     ] GC(1) Humongous regions: 0->0
[2025-03-28T18:50:19.197+0530][gc,metaspace] GC(1) Metaspace: 21323K(21504K)->21323K(21504K) NonClass: 18921K(19008K)->18921K(19008K) Class: 2401K(2496K)->2401K(2496K)
[2025-03-28T18:50:19.197+0530][gc          ] GC(1) Pause Young (Concurrent Start) (Metadata GC Threshold) 22M->10M(1024M) 9.270ms
[2025-03-28T18:50:19.197+0530][gc,cpu      ] GC(1) User=0.02s Sys=0.00s Real=0.02s
[2025-03-28T18:50:19.197+0530][gc          ] GC(2) Concurrent Mark Cycle
[2025-03-28T18:50:19.197+0530][gc,marking  ] GC(2) Concurrent Clear Claimed Marks
[2025-03-28T18:50:19.197+0530][gc,marking  ] GC(2) Concurrent Clear Claimed Marks 0.022ms
[2025-03-28T18:50:19.197+0530][gc,marking  ] GC(2) Concurrent Scan Root Regions
[2025-03-28T18:50:19.203+0530][gc,marking  ] GC(2) Concurrent Scan Root Regions 6.115ms
[2025-03-28T18:50:19.203+0530][gc,marking  ] GC(2) Concurrent Mark
[2025-03-28T18:50:19.203+0530][gc,marking  ] GC(2) Concurrent Mark From Roots
[2025-03-28T18:50:19.203+0530][gc,task     ] GC(2) Using 1 workers of 1 for marking
[2025-03-28T18:50:19.214+0530][gc,marking  ] GC(2) Concurrent Mark From Roots 10.488ms
[2025-03-28T18:50:19.214+0530][gc,marking  ] GC(2) Concurrent Preclean
[2025-03-28T18:50:19.214+0530][gc,marking  ] GC(2) Concurrent Preclean 0.059ms
[2025-03-28T18:50:19.215+0530][gc,start    ] GC(2) Pause Remark
[2025-03-28T18:50:19.219+0530][gc          ] GC(2) Pause Remark 11M->11M(1024M) 3.565ms
[2025-03-28T18:50:19.219+0530][gc,cpu      ] GC(2) User=0.01s Sys=0.00s Real=0.00s
[2025-03-28T18:50:19.221+0530][gc,marking  ] GC(2) Concurrent Mark 17.705ms
[2025-03-28T18:50:19.221+0530][gc,marking  ] GC(2) Concurrent Rebuild Remembered Sets
[2025-03-28T18:50:19.232+0530][gc,marking  ] GC(2) Concurrent Rebuild Remembered Sets 11.317ms
[2025-03-28T18:50:19.232+0530][gc,start    ] GC(2) Pause Cleanup
[2025-03-28T18:50:19.233+0530][gc          ] GC(2) Pause Cleanup 12M->12M(1024M) 0.603ms
[2025-03-28T18:50:19.233+0530][gc,cpu      ] GC(2) User=0.00s Sys=0.00s Real=0.00s
[2025-03-28T18:50:19.233+0530][gc,marking  ] GC(2) Concurrent Cleanup for Next Mark
[2025-03-28T18:50:19.244+0530][gc,marking  ] GC(2) Concurrent Cleanup for Next Mark 11.237ms
[2025-03-28T18:50:19.244+0530][gc          ] GC(2) Concurrent Mark Cycle 47.517ms
[2025-03-28T18:50:20.515+0530][gc,start    ] GC(3) Pause Young (Normal) (G1 Evacuation Pause)
[2025-03-28T18:50:20.515+0530][gc,task     ] GC(3) Using 2 workers of 2 for evacuation
[2025-03-28T18:50:20.522+0530][gc,phases   ] GC(3)   Pre Evacuate Collection Set: 0.2ms
[2025-03-28T18:50:20.522+0530][gc,phases   ] GC(3)   Merge Heap Roots: 0.0ms
[2025-03-28T18:50:20.522+0530][gc,phases   ] GC(3)   Evacuate Collection Set: 6.0ms
[2025-03-28T18:50:20.522+0530][gc,phases   ] GC(3)   Post Evacuate Collection Set: 0.6ms
[2025-03-28T18:50:20.522+0530][gc,phases   ] GC(3)   Other: 0.1ms
[2025-03-28T18:50:20.522+0530][gc,heap     ] GC(3) Eden regions: 49->0(48)
[2025-03-28T18:50:20.522+0530][gc,heap     ] GC(3) Survivor regions: 2->3(7)
[2025-03-28T18:50:20.522+0530][gc,heap     ] GC(3) Old regions: 9->9
[2025-03-28T18:50:20.522+0530][gc,heap     ] GC(3) Archive regions: 2->2
[2025-03-28T18:50:20.522+0530][gc,heap     ] GC(3) Humongous regions: 0->0
[2025-03-28T18:50:20.522+0530][gc,metaspace] GC(3) Metaspace: 26011K(26240K)->26011K(26240K) NonClass: 22988K(23104K)->22988K(23104K) Class: 3023K(3136K)->3023K(3136K)
[2025-03-28T18:50:20.522+0530][gc          ] GC(3) Pause Young (Normal) (G1 Evacuation Pause) 59M->12M(1024M) 7.201ms
[2025-03-28T18:50:20.522+0530][gc,cpu      ] GC(3) User=0.01s Sys=0.00s Real=0.00s
[2025-03-28T18:50:21.418+0530][gc,start    ] GC(4) Pause Young (Normal) (G1 Evacuation Pause)
[2025-03-28T18:50:21.418+0530][gc,task     ] GC(4) Using 2 workers of 2 for evacuation
[2025-03-28T18:50:21.426+0530][gc,phases   ] GC(4)   Pre Evacuate Collection Set: 0.2ms
[2025-03-28T18:50:21.426+0530][gc,phases   ] GC(4)   Merge Heap Roots: 0.0ms
[2025-03-28T18:50:21.426+0530][gc,phases   ] GC(4)   Evacuate Collection Set: 6.8ms
[2025-03-28T18:50:21.426+0530][gc,phases   ] GC(4)   Post Evacuate Collection Set: 0.5ms
[2025-03-28T18:50:21.426+0530][gc,phases   ] GC(4)   Other: 0.1ms
[2025-03-28T18:50:21.426+0530][gc,heap     ] GC(4) Eden regions: 48->0(46)
[2025-03-28T18:50:21.426+0530][gc,heap     ] GC(4) Survivor regions: 3->5(7)
[2025-03-28T18:50:21.426+0530][gc,heap     ] GC(4) Old regions: 9->9
[2025-03-28T18:50:21.426+0530][gc,heap     ] GC(4) Archive regions: 2->2
[2025-03-28T18:50:21.426+0530][gc,heap     ] GC(4) Humongous regions: 0->0
[2025-03-28T18:50:21.426+0530][gc,metaspace] GC(4) Metaspace: 34393K(34752K)->34393K(34752K) NonClass: 30475K(30656K)->30475K(30656K) Class: 3917K(4096K)->3917K(4096K)
[2025-03-28T18:50:21.426+0530][gc          ] GC(4) Pause Young (Normal) (G1 Evacuation Pause) 60M->13M(1024M) 7.777ms
[2025-03-28T18:50:21.426+0530][gc,cpu      ] GC(4) User=0.02s Sys=0.00s Real=0.00s
[2025-03-28T18:50:21.758+0530][gc,start    ] GC(5) Pause Young (Concurrent Start) (Metadata GC Threshold)
[2025-03-28T18:50:21.758+0530][gc,task     ] GC(5) Using 2 workers of 2 for evacuation
[2025-03-28T18:50:21.770+0530][gc,phases   ] GC(5)   Pre Evacuate Collection Set: 0.2ms
[2025-03-28T18:50:21.770+0530][gc,phases   ] GC(5)   Merge Heap Roots: 0.1ms
[2025-03-28T18:50:21.770+0530][gc,phases   ] GC(5)   Evacuate Collection Set: 11.2ms
[2025-03-28T18:50:21.770+0530][gc,phases   ] GC(5)   Post Evacuate Collection Set: 0.6ms
[2025-03-28T18:50:21.770+0530][gc,phases   ] GC(5)   Other: 0.2ms
[2025-03-28T18:50:21.770+0530][gc,heap     ] GC(5) Eden regions: 16->0(46)
[2025-03-28T18:50:21.770+0530][gc,heap     ] GC(5) Survivor regions: 5->5(7)
[2025-03-28T18:50:21.770+0530][gc,heap     ] GC(5) Old regions: 9->12
[2025-03-28T18:50:21.770+0530][gc,heap     ] GC(5) Archive regions: 2->2
[2025-03-28T18:50:21.770+0530][gc,heap     ] GC(5) Humongous regions: 0->0
[2025-03-28T18:50:21.770+0530][gc,metaspace] GC(5) Metaspace: 35846K(36096K)->35846K(36096K) NonClass: 31748K(31872K)->31748K(31872K) Class: 4097K(4224K)->4097K(4224K)
[2025-03-28T18:50:21.770+0530][gc          ] GC(5) Pause Young (Concurrent Start) (Metadata GC Threshold) 29M->16M(1024M) 12.373ms
[2025-03-28T18:50:21.770+0530][gc,cpu      ] GC(5) User=0.02s Sys=0.00s Real=0.01s
[2025-03-28T18:50:21.770+0530][gc          ] GC(6) Concurrent Mark Cycle
[2025-03-28T18:50:21.770+0530][gc,marking  ] GC(6) Concurrent Clear Claimed Marks
[2025-03-28T18:50:21.771+0530][gc,marking  ] GC(6) Concurrent Clear Claimed Marks 0.047ms
[2025-03-28T18:50:21.771+0530][gc,marking  ] GC(6) Concurrent Scan Root Regions
[2025-03-28T18:50:21.784+0530][gc,marking  ] GC(6) Concurrent Scan Root Regions 13.358ms
[2025-03-28T18:50:21.784+0530][gc,marking  ] GC(6) Concurrent Mark
[2025-03-28T18:50:21.784+0530][gc,marking  ] GC(6) Concurrent Mark From Roots
[2025-03-28T18:50:21.784+0530][gc,task     ] GC(6) Using 1 workers of 1 for marking
[2025-03-28T18:50:21.823+0530][gc,marking  ] GC(6) Concurrent Mark From Roots 38.572ms
[2025-03-28T18:50:21.823+0530][gc,marking  ] GC(6) Concurrent Preclean
[2025-03-28T18:50:21.823+0530][gc,marking  ] GC(6) Concurrent Preclean 0.129ms
[2025-03-28T18:50:21.823+0530][gc,start    ] GC(6) Pause Remark
[2025-03-28T18:50:21.832+0530][gc          ] GC(6) Pause Remark 19M->19M(1024M) 8.914ms
[2025-03-28T18:50:21.832+0530][gc,cpu      ] GC(6) User=0.01s Sys=0.00s Real=0.01s
[2025-03-28T18:50:21.835+0530][gc,marking  ] GC(6) Concurrent Mark 51.147ms
[2025-03-28T18:50:21.835+0530][gc,marking  ] GC(6) Concurrent Rebuild Remembered Sets
[2025-03-28T18:50:21.861+0530][gc,marking  ] GC(6) Concurrent Rebuild Remembered Sets 25.788ms
[2025-03-28T18:50:21.861+0530][gc,start    ] GC(6) Pause Cleanup
[2025-03-28T18:50:21.861+0530][gc          ] GC(6) Pause Cleanup 20M->20M(1024M) 0.268ms
[2025-03-28T18:50:21.862+0530][gc,cpu      ] GC(6) User=0.00s Sys=0.00s Real=0.00s
[2025-03-28T18:50:21.862+0530][gc,marking  ] GC(6) Concurrent Cleanup for Next Mark
[2025-03-28T18:50:21.865+0530][gc,marking  ] GC(6) Concurrent Cleanup for Next Mark 3.583ms
[2025-03-28T18:50:21.865+0530][gc          ] GC(6) Concurrent Mark Cycle 94.755ms
[2025-03-28T18:50:26.456+0530][gc,start    ] GC(7) Pause Young (Concurrent Start) (G1 Evacuation Pause)
[2025-03-28T18:50:26.456+0530][gc,task     ] GC(7) Using 2 workers of 2 for evacuation
[2025-03-28T18:50:26.489+0530][gc,mmu      ] GC(7) MMU target violated: 21.0ms (20.0ms/21.0ms)
[2025-03-28T18:50:26.489+0530][gc,phases   ] GC(7)   Pre Evacuate Collection Set: 0.6ms
[2025-03-28T18:50:26.489+0530][gc,phases   ] GC(7)   Merge Heap Roots: 0.3ms
[2025-03-28T18:50:26.489+0530][gc,phases   ] GC(7)   Evacuate Collection Set: 27.7ms
[2025-03-28T18:50:26.489+0530][gc,phases   ] GC(7)   Post Evacuate Collection Set: 3.8ms
[2025-03-28T18:50:26.489+0530][gc,phases   ] GC(7)   Other: 0.6ms
[2025-03-28T18:50:26.489+0530][gc,heap     ] GC(7) Eden regions: 46->0(45)
[2025-03-28T18:50:26.489+0530][gc,heap     ] GC(7) Survivor regions: 5->6(7)
[2025-03-28T18:50:26.489+0530][gc,heap     ] GC(7) Old regions: 12->14
[2025-03-28T18:50:26.489+0530][gc,heap     ] GC(7) Archive regions: 2->2
[2025-03-28T18:50:26.489+0530][gc,heap     ] GC(7) Humongous regions: 129->129
[2025-03-28T18:50:26.489+0530][gc,metaspace] GC(7) Metaspace: 42406K(42880K)->42406K(42880K) NonClass: 37500K(37760K)->37500K(37760K) Class: 4905K(5120K)->4905K(5120K)
[2025-03-28T18:50:26.489+0530][gc          ] GC(7) Pause Young (Concurrent Start) (G1 Evacuation Pause) 191M->148M(1024M) 33.100ms
[2025-03-28T18:50:26.489+0530][gc,cpu      ] GC(7) User=0.06s Sys=0.00s Real=0.03s
[2025-03-28T18:50:26.491+0530][gc          ] GC(8) Concurrent Mark Cycle
[2025-03-28T18:50:26.492+0530][gc,marking  ] GC(8) Concurrent Clear Claimed Marks
[2025-03-28T18:50:26.492+0530][gc,marking  ] GC(8) Concurrent Clear Claimed Marks 0.059ms
[2025-03-28T18:50:26.492+0530][gc,marking  ] GC(8) Concurrent Scan Root Regions
[2025-03-28T18:50:26.531+0530][gc,marking  ] GC(8) Concurrent Scan Root Regions 39.633ms
[2025-03-28T18:50:26.531+0530][gc,marking  ] GC(8) Concurrent Mark
[2025-03-28T18:50:26.531+0530][gc,marking  ] GC(8) Concurrent Mark From Roots
[2025-03-28T18:50:26.531+0530][gc,task     ] GC(8) Using 1 workers of 1 for marking
[2025-03-28T18:50:26.561+0530][gc,marking  ] GC(8) Concurrent Mark From Roots 29.671ms
[2025-03-28T18:50:26.561+0530][gc,marking  ] GC(8) Concurrent Preclean
[2025-03-28T18:50:26.561+0530][gc,marking  ] GC(8) Concurrent Preclean 0.129ms
[2025-03-28T18:50:26.561+0530][gc,start    ] GC(8) Pause Remark
[2025-03-28T18:50:26.572+0530][gc          ] GC(8) Pause Remark 150M->150M(1024M) 10.568ms
[2025-03-28T18:50:26.572+0530][gc,cpu      ] GC(8) User=0.02s Sys=0.00s Real=0.01s
[2025-03-28T18:50:26.572+0530][gc,marking  ] GC(8) Concurrent Mark 41.055ms
[2025-03-28T18:50:26.572+0530][gc,marking  ] GC(8) Concurrent Rebuild Remembered Sets
[2025-03-28T18:50:26.592+0530][gc,marking  ] GC(8) Concurrent Rebuild Remembered Sets 19.179ms
[2025-03-28T18:50:26.592+0530][gc,start    ] GC(8) Pause Cleanup
[2025-03-28T18:50:26.592+0530][gc          ] GC(8) Pause Cleanup 150M->150M(1024M) 0.209ms
[2025-03-28T18:50:26.592+0530][gc,cpu      ] GC(8) User=0.00s Sys=0.00s Real=0.00s
[2025-03-28T18:50:26.592+0530][gc,marking  ] GC(8) Concurrent Cleanup for Next Mark
[2025-03-28T18:50:26.594+0530][gc,marking  ] GC(8) Concurrent Cleanup for Next Mark 1.821ms
[2025-03-28T18:50:26.594+0530][gc          ] GC(8) Concurrent Mark Cycle 102.361ms
[2025-03-28T18:50:27.709+0530][gc,start    ] GC(9) Pause Young (Normal) (G1 Evacuation Pause)
[2025-03-28T18:50:27.709+0530][gc,task     ] GC(9) Using 2 workers of 2 for evacuation
[2025-03-28T18:50:27.719+0530][gc,phases   ] GC(9)   Pre Evacuate Collection Set: 0.4ms
[2025-03-28T18:50:27.719+0530][gc,phases   ] GC(9)   Merge Heap Roots: 0.1ms
[2025-03-28T18:50:27.719+0530][gc,phases   ] GC(9)   Evacuate Collection Set: 8.6ms
[2025-03-28T18:50:27.719+0530][gc,phases   ] GC(9)   Post Evacuate Collection Set: 0.7ms
[2025-03-28T18:50:27.719+0530][gc,phases   ] GC(9)   Other: 0.4ms
[2025-03-28T18:50:27.719+0530][gc,heap     ] GC(9) Eden regions: 45->0(47)
[2025-03-28T18:50:27.719+0530][gc,heap     ] GC(9) Survivor regions: 6->4(7)
[2025-03-28T18:50:27.719+0530][gc,heap     ] GC(9) Old regions: 14->16
[2025-03-28T18:50:27.719+0530][gc,heap     ] GC(9) Archive regions: 2->2
[2025-03-28T18:50:27.719+0530][gc,heap     ] GC(9) Humongous regions: 135->135
[2025-03-28T18:50:27.719+0530][gc,metaspace] GC(9) Metaspace: 42820K(43200K)->42820K(43200K) NonClass: 37862K(38080K)->37862K(38080K) Class: 4958K(5120K)->4958K(5120K)
[2025-03-28T18:50:27.719+0530][gc          ] GC(9) Pause Young (Normal) (G1 Evacuation Pause) 199M->154M(1024M) 10.306ms
[2025-03-28T18:50:27.719+0530][gc,cpu      ] GC(9) User=0.02s Sys=0.00s Real=0.03s
[2025-03-28T18:51:26.396+0530][gc,start    ] GC(10) Pause Young (Normal) (G1 Evacuation Pause)
[2025-03-28T18:51:26.396+0530][gc,task     ] GC(10) Using 2 workers of 2 for evacuation
[2025-03-28T18:51:26.443+0530][gc,mmu      ] GC(10) MMU target violated: 21.0ms (20.0ms/21.0ms)
[2025-03-28T18:51:26.443+0530][gc,phases   ] GC(10)   Pre Evacuate Collection Set: 0.3ms
[2025-03-28T18:51:26.443+0530][gc,phases   ] GC(10)   Merge Heap Roots: 0.2ms
[2025-03-28T18:51:26.443+0530][gc,phases   ] GC(10)   Evacuate Collection Set: 43.5ms
[2025-03-28T18:51:26.443+0530][gc,phases   ] GC(10)   Post Evacuate Collection Set: 2.4ms
[2025-03-28T18:51:26.443+0530][gc,phases   ] GC(10)   Other: 0.3ms
[2025-03-28T18:51:26.443+0530][gc,heap     ] GC(10) Eden regions: 47->0(46)
[2025-03-28T18:51:26.443+0530][gc,heap     ] GC(10) Survivor regions: 4->5(7)
[2025-03-28T18:51:26.443+0530][gc,heap     ] GC(10) Old regions: 16->16
[2025-03-28T18:51:26.443+0530][gc,heap     ] GC(10) Archive regions: 2->2
[2025-03-28T18:51:26.443+0530][gc,heap     ] GC(10) Humongous regions: 156->138
[2025-03-28T18:51:26.443+0530][gc,metaspace] GC(10) Metaspace: 44994K(45504K)->44994K(45504K) NonClass: 39751K(40064K)->39751K(40064K) Class: 5242K(5440K)->5242K(5440K)
[2025-03-28T18:51:26.443+0530][gc          ] GC(10) Pause Young (Normal) (G1 Evacuation Pause) 222M->159M(1024M) 47.134ms
[2025-03-28T18:51:26.443+0530][gc,cpu      ] GC(10) User=0.06s Sys=0.00s Real=0.04s
[2025-03-28T18:53:09.518+0530][gc,start    ] GC(11) Pause Young (Normal) (G1 Evacuation Pause)
[2025-03-28T18:53:09.518+0530][gc,task     ] GC(11) Using 2 workers of 2 for evacuation
[2025-03-28T18:53:09.553+0530][gc,mmu      ] GC(11) MMU target violated: 21.0ms (20.0ms/21.0ms)
[2025-03-28T18:53:09.553+0530][gc,phases   ] GC(11)   Pre Evacuate Collection Set: 1.6ms
[2025-03-28T18:53:09.553+0530][gc,phases   ] GC(11)   Merge Heap Roots: 0.5ms
[2025-03-28T18:53:09.553+0530][gc,phases   ] GC(11)   Evacuate Collection Set: 30.8ms
[2025-03-28T18:53:09.553+0530][gc,phases   ] GC(11)   Post Evacuate Collection Set: 2.3ms
[2025-03-28T18:53:09.554+0530][gc,phases   ] GC(11)   Other: 0.6ms
[2025-03-28T18:53:09.554+0530][gc,heap     ] GC(11) Eden regions: 46->0(48)
[2025-03-28T18:53:09.554+0530][gc,heap     ] GC(11) Survivor regions: 5->3(7)
[2025-03-28T18:53:09.554+0530][gc,heap     ] GC(11) Old regions: 16->19
[2025-03-28T18:53:09.554+0530][gc,heap     ] GC(11) Archive regions: 2->2
[2025-03-28T18:53:09.554+0530][gc,heap     ] GC(11) Humongous regions: 138->138
[2025-03-28T18:53:09.554+0530][gc,metaspace] GC(11) Metaspace: 46267K(46848K)->46267K(46848K) NonClass: 40947K(41280K)->40947K(41280K) Class: 5320K(5568K)->5320K(5568K)
[2025-03-28T18:53:09.554+0530][gc          ] GC(11) Pause Young (Normal) (G1 Evacuation Pause) 205M->159M(1024M) 36.204ms
[2025-03-28T18:53:09.554+0530][gc,cpu      ] GC(11) User=0.06s Sys=0.01s Real=0.03s
[2025-03-28T18:57:00.424+0530][gc,start    ] GC(12) Pause Young (Normal) (G1 Evacuation Pause)
[2025-03-28T18:57:00.425+0530][gc,task     ] GC(12) Using 2 workers of 2 for evacuation
[2025-03-28T18:57:00.465+0530][gc,mmu      ] GC(12) MMU target violated: 21.0ms (20.0ms/21.0ms)
[2025-03-28T18:57:00.466+0530][gc,phases   ] GC(12)   Pre Evacuate Collection Set: 1.0ms
[2025-03-28T18:57:00.466+0530][gc,phases   ] GC(12)   Merge Heap Roots: 0.9ms
[2025-03-28T18:57:00.466+0530][gc,phases   ] GC(12)   Evacuate Collection Set: 35.3ms
[2025-03-28T18:57:00.466+0530][gc,phases   ] GC(12)   Post Evacuate Collection Set: 3.3ms
[2025-03-28T18:57:00.466+0530][gc,phases   ] GC(12)   Other: 0.7ms
[2025-03-28T18:57:00.466+0530][gc,heap     ] GC(12) Eden regions: 48->0(47)
[2025-03-28T18:57:00.466+0530][gc,heap     ] GC(12) Survivor regions: 3->4(7)
[2025-03-28T18:57:00.466+0530][gc,heap     ] GC(12) Old regions: 19->19
[2025-03-28T18:57:00.466+0530][gc,heap     ] GC(12) Archive regions: 2->2
[2025-03-28T18:57:00.466+0530][gc,heap     ] GC(12) Humongous regions: 138->138
[2025-03-28T18:57:00.466+0530][gc,metaspace] GC(12) Metaspace: 46889K(47424K)->46889K(47424K) NonClass: 41569K(41856K)->41569K(41856K) Class: 5320K(5568K)->5320K(5568K)
[2025-03-28T18:57:00.466+0530][gc          ] GC(12) Pause Young (Normal) (G1 Evacuation Pause) 207M->160M(1024M) 41.595ms
[2025-03-28T18:57:00.466+0530][gc,cpu      ] GC(12) User=0.05s Sys=0.01s Real=0.05s
[2025-03-28T18:59:43.999+0530][gc,start    ] GC(13) Pause Young (Normal) (G1 Evacuation Pause)
[2025-03-28T18:59:43.999+0530][gc,task     ] GC(13) Using 2 workers of 2 for evacuation
[2025-03-28T18:59:44.041+0530][gc,mmu      ] GC(13) MMU target violated: 21.0ms (20.0ms/21.0ms)
[2025-03-28T18:59:44.041+0530][gc,phases   ] GC(13)   Pre Evacuate Collection Set: 0.5ms
[2025-03-28T18:59:44.041+0530][gc,phases   ] GC(13)   Merge Heap Roots: 0.4ms
[2025-03-28T18:59:44.041+0530][gc,phases   ] GC(13)   Evacuate Collection Set: 36.4ms
[2025-03-28T18:59:44.041+0530][gc,phases   ] GC(13)   Post Evacuate Collection Set: 4.4ms
[2025-03-28T18:59:44.041+0530][gc,phases   ] GC(13)   Other: 0.6ms
[2025-03-28T18:59:44.042+0530][gc,heap     ] GC(13) Eden regions: 47->0(46)
[2025-03-28T18:59:44.042+0530][gc,heap     ] GC(13) Survivor regions: 4->5(7)
[2025-03-28T18:59:44.042+0530][gc,heap     ] GC(13) Old regions: 19->19
[2025-03-28T18:59:44.042+0530][gc,heap     ] GC(13) Archive regions: 2->2
[2025-03-28T18:59:44.042+0530][gc,heap     ] GC(13) Humongous regions: 138->138
[2025-03-28T18:59:44.042+0530][gc,metaspace] GC(13) Metaspace: 47931K(48512K)->47931K(48512K) NonClass: 42500K(42816K)->42500K(42816K) Class: 5431K(5696K)->5431K(5696K)
[2025-03-28T18:59:44.042+0530][gc          ] GC(13) Pause Young (Normal) (G1 Evacuation Pause) 207M->162M(1024M) 42.786ms
[2025-03-28T18:59:44.042+0530][gc,cpu      ] GC(13) User=0.07s Sys=0.00s Real=0.04s
[2025-03-28T19:02:30.780+0530][gc,start    ] GC(14) Pause Young (Normal) (G1 Evacuation Pause)
[2025-03-28T19:02:30.781+0530][gc,task     ] GC(14) Using 2 workers of 2 for evacuation
[2025-03-28T19:02:30.837+0530][gc,mmu      ] GC(14) MMU target violated: 21.0ms (20.0ms/21.0ms)
[2025-03-28T19:02:30.837+0530][gc,phases   ] GC(14)   Pre Evacuate Collection Set: 0.9ms
[2025-03-28T19:02:30.837+0530][gc,phases   ] GC(14)   Merge Heap Roots: 0.5ms
[2025-03-28T19:02:30.837+0530][gc,phases   ] GC(14)   Evacuate Collection Set: 52.0ms
[2025-03-28T19:02:30.837+0530][gc,phases   ] GC(14)   Post Evacuate Collection Set: 2.5ms
[2025-03-28T19:02:30.837+0530][gc,phases   ] GC(14)   Other: 1.0ms
[2025-03-28T19:02:30.837+0530][gc,heap     ] GC(14) Eden regions: 46->0(47)
[2025-03-28T19:02:30.838+0530][gc,heap     ] GC(14) Survivor regions: 5->4(7)
[2025-03-28T19:02:30.838+0530][gc,heap     ] GC(14) Old regions: 19->20
[2025-03-28T19:02:30.838+0530][gc,heap     ] GC(14) Archive regions: 2->2
[2025-03-28T19:02:30.838+0530][gc,heap     ] GC(14) Humongous regions: 138->138
[2025-03-28T19:02:30.838+0530][gc,metaspace] GC(14) Metaspace: 48095K(48704K)->48095K(48704K) NonClass: 42641K(42944K)->42641K(42944K) Class: 5453K(5760K)->5453K(5760K)
[2025-03-28T19:02:30.838+0530][gc          ] GC(14) Pause Young (Normal) (G1 Evacuation Pause) 208M->162M(1024M) 57.442ms
[2025-03-28T19:02:30.838+0530][gc,cpu      ] GC(14) User=0.07s Sys=0.01s Real=0.06s
[2025-03-28T19:05:28.509+0530][gc,start    ] GC(15) Pause Young (Normal) (G1 Evacuation Pause)
[2025-03-28T19:05:28.509+0530][gc,task     ] GC(15) Using 2 workers of 2 for evacuation
[2025-03-28T19:05:28.557+0530][gc,mmu      ] GC(15) MMU target violated: 21.0ms (20.0ms/21.0ms)
[2025-03-28T19:05:28.557+0530][gc,phases   ] GC(15)   Pre Evacuate Collection Set: 0.5ms
[2025-03-28T19:05:28.557+0530][gc,phases   ] GC(15)   Merge Heap Roots: 0.5ms
[2025-03-28T19:05:28.557+0530][gc,phases   ] GC(15)   Evacuate Collection Set: 44.2ms
[2025-03-28T19:05:28.557+0530][gc,phases   ] GC(15)   Post Evacuate Collection Set: 2.1ms
[2025-03-28T19:05:28.557+0530][gc,phases   ] GC(15)   Other: 0.8ms
[2025-03-28T19:05:28.557+0530][gc,heap     ] GC(15) Eden regions: 47->0(46)
[2025-03-28T19:05:28.557+0530][gc,heap     ] GC(15) Survivor regions: 4->5(7)
[2025-03-28T19:05:28.557+0530][gc,heap     ] GC(15) Old regions: 20->20
[2025-03-28T19:05:28.557+0530][gc,heap     ] GC(15) Archive regions: 2->2
[2025-03-28T19:05:28.557+0530][gc,heap     ] GC(15) Humongous regions: 138->138
[2025-03-28T19:05:28.557+0530][gc,metaspace] GC(15) Metaspace: 48137K(48768K)->48137K(48768K) NonClass: 42683K(43008K)->42683K(43008K) Class: 5454K(5760K)->5454K(5760K)
[2025-03-28T19:05:28.557+0530][gc          ] GC(15) Pause Young (Normal) (G1 Evacuation Pause) 209M->163M(1024M) 48.472ms
[2025-03-28T19:05:28.558+0530][gc,cpu      ] GC(15) User=0.07s Sys=0.01s Real=0.05s
[2025-03-28T19:08:24.049+0530][gc,start    ] GC(16) Pause Young (Normal) (G1 Evacuation Pause)
[2025-03-28T19:08:24.050+0530][gc,task     ] GC(16) Using 2 workers of 2 for evacuation
[2025-03-28T19:08:24.094+0530][gc,mmu      ] GC(16) MMU target violated: 21.0ms (20.0ms/21.0ms)
[2025-03-28T19:08:24.095+0530][gc,phases   ] GC(16)   Pre Evacuate Collection Set: 0.8ms
[2025-03-28T19:08:24.095+0530][gc,phases   ] GC(16)   Merge Heap Roots: 0.3ms
[2025-03-28T19:08:24.095+0530][gc,phases   ] GC(16)   Evacuate Collection Set: 41.9ms
[2025-03-28T19:08:24.095+0530][gc,phases   ] GC(16)   Post Evacuate Collection Set: 1.7ms
[2025-03-28T19:08:24.095+0530][gc,phases   ] GC(16)   Other: 0.5ms
[2025-03-28T19:08:24.095+0530][gc,heap     ] GC(16) Eden regions: 46->0(47)
[2025-03-28T19:08:24.095+0530][gc,heap     ] GC(16) Survivor regions: 5->4(7)
[2025-03-28T19:08:24.095+0530][gc,heap     ] GC(16) Old regions: 20->22
[2025-03-28T19:08:24.095+0530][gc,heap     ] GC(16) Archive regions: 2->2
[2025-03-28T19:08:24.095+0530][gc,heap     ] GC(16) Humongous regions: 138->138
[2025-03-28T19:08:24.095+0530][gc,metaspace] GC(16) Metaspace: 48153K(48832K)->48153K(48832K) NonClass: 42699K(43072K)->42699K(43072K) Class: 5454K(5760K)->5454K(5760K)
[2025-03-28T19:08:24.095+0530][gc          ] GC(16) Pause Young (Normal) (G1 Evacuation Pause) 209M->163M(1024M) 45.713ms
[2025-03-28T19:08:24.095+0530][gc,cpu      ] GC(16) User=0.06s Sys=0.01s Real=0.05s
[2025-03-28T19:09:18.435+0530][gc,heap,exit] Heap
[2025-03-28T19:09:18.435+0530][gc,heap,exit]  garbage-first heap   total 1048576K, used 205311K [0x00000000c0000000, 0x0000000100000000)
[2025-03-28T19:09:18.435+0530][gc,heap,exit]   region size 1024K, 33 young (33792K), 4 survivors (4096K)
[2025-03-28T19:09:18.435+0530][gc,heap,exit]  Metaspace       used 49152K, committed 49792K, reserved 1114112K
[2025-03-28T19:09:18.435+0530][gc,heap,exit]   class space    used 5676K, committed 5952K, reserved 1048576K
