[2025-03-28T18:51:19.694+0530][gc] Using G1
[2025-03-28T18:51:19.707+0530][gc,init] Version: 17.0.14+7-LTS (release)
[2025-03-28T18:51:19.707+0530][gc,init] CPUs: 2 total, 2 available
[2025-03-28T18:51:19.708+0530][gc,init] Memory: 3658M
[2025-03-28T18:51:19.708+0530][gc,init] Large Page Support: Disabled
[2025-03-28T18:51:19.708+0530][gc,init] NUMA Support: Disabled
[2025-03-28T18:51:19.708+0530][gc,init] Compressed Oops: Enabled (32-bit)
[2025-03-28T18:51:19.708+0530][gc,init] Heap Region Size: 1M
[2025-03-28T18:51:19.708+0530][gc,init] Heap Min Capacity: 1G
[2025-03-28T18:51:19.708+0530][gc,init] Heap Initial Capacity: 1G
[2025-03-28T18:51:19.708+0530][gc,init] Heap Max Capacity: 1G
[2025-03-28T18:51:19.708+0530][gc,init] Pre-touch: Disabled
[2025-03-28T18:51:19.708+0530][gc,init] Parallel Workers: 2
[2025-03-28T18:51:19.708+0530][gc,init] Concurrent Workers: 1
[2025-03-28T18:51:19.708+0530][gc,init] Concurrent Refinement Workers: 2
[2025-03-28T18:51:19.708+0530][gc,init] Periodic GC: Disabled
[2025-03-28T18:51:19.715+0530][gc,metaspace] CDS archive(s) mapped at: [0x00007ff6ab000000-0x00007ff6abbc7000-0x00007ff6abbc7000), size 12349440, SharedBaseAddress: 0x00007ff6ab000000, ArchiveRelocationMode: 1.
[2025-03-28T18:51:19.715+0530][gc,metaspace] Compressed class space mapped at: 0x00007ff6ac000000-0x00007ff6ec000000, reserved size: 1073741824
[2025-03-28T18:51:19.715+0530][gc,metaspace] Narrow klass base: 0x00007ff6ab000000, Narrow klass shift: 0, Narrow klass range: 0x100000000
[2025-03-28T18:51:25.767+0530][gc,start    ] GC(0) Pause Young (Normal) (G1 Evacuation Pause)
[2025-03-28T18:51:25.768+0530][gc,task     ] GC(0) Using 2 workers of 2 for evacuation
[2025-03-28T18:51:25.791+0530][gc,mmu      ] GC(0) MMU target violated: 21.0ms (20.0ms/21.0ms)
[2025-03-28T18:51:25.791+0530][gc,phases   ] GC(0)   Pre Evacuate Collection Set: 2.5ms
[2025-03-28T18:51:25.791+0530][gc,phases   ] GC(0)   Merge Heap Roots: 0.1ms
[2025-03-28T18:51:25.792+0530][gc,phases   ] GC(0)   Evacuate Collection Set: 19.6ms
[2025-03-28T18:51:25.792+0530][gc,phases   ] GC(0)   Post Evacuate Collection Set: 0.8ms
[2025-03-28T18:51:25.792+0530][gc,phases   ] GC(0)   Other: 1.1ms
[2025-03-28T18:51:25.792+0530][gc,heap     ] GC(0) Eden regions: 51->0(44)
[2025-03-28T18:51:25.792+0530][gc,heap     ] GC(0) Survivor regions: 0->7(7)
[2025-03-28T18:51:25.792+0530][gc,heap     ] GC(0) Old regions: 0->2
[2025-03-28T18:51:25.792+0530][gc,heap     ] GC(0) Archive regions: 2->2
[2025-03-28T18:51:25.792+0530][gc,heap     ] GC(0) Humongous regions: 0->0
[2025-03-28T18:51:25.792+0530][gc,metaspace] GC(0) Metaspace: 16976K(17216K)->16976K(17216K) NonClass: 14860K(14976K)->14860K(14976K) Class: 2116K(2240K)->2116K(2240K)
[2025-03-28T18:51:25.792+0530][gc          ] GC(0) Pause Young (Normal) (G1 Evacuation Pause) 51M->9M(1024M) 24.233ms
[2025-03-28T18:51:25.792+0530][gc,cpu      ] GC(0) User=0.02s Sys=0.00s Real=0.02s
[2025-03-28T18:51:26.210+0530][gc,start    ] GC(1) Pause Young (Concurrent Start) (Metadata GC Threshold)
[2025-03-28T18:51:26.210+0530][gc,task     ] GC(1) Using 2 workers of 2 for evacuation
[2025-03-28T18:51:26.233+0530][gc,mmu      ] GC(1) MMU target violated: 21.0ms (20.0ms/21.0ms)
[2025-03-28T18:51:26.233+0530][gc,phases   ] GC(1)   Pre Evacuate Collection Set: 0.2ms
[2025-03-28T18:51:26.233+0530][gc,phases   ] GC(1)   Merge Heap Roots: 0.1ms
[2025-03-28T18:51:26.233+0530][gc,phases   ] GC(1)   Evacuate Collection Set: 21.0ms
[2025-03-28T18:51:26.233+0530][gc,phases   ] GC(1)   Post Evacuate Collection Set: 0.7ms
[2025-03-28T18:51:26.233+0530][gc,phases   ] GC(1)   Other: 0.3ms
[2025-03-28T18:51:26.233+0530][gc,heap     ] GC(1) Eden regions: 14->0(49)
[2025-03-28T18:51:26.233+0530][gc,heap     ] GC(1) Survivor regions: 7->2(7)
[2025-03-28T18:51:26.233+0530][gc,heap     ] GC(1) Old regions: 2->9
[2025-03-28T18:51:26.233+0530][gc,heap     ] GC(1) Archive regions: 2->2
[2025-03-28T18:51:26.233+0530][gc,heap     ] GC(1) Humongous regions: 0->0
[2025-03-28T18:51:26.233+0530][gc,metaspace] GC(1) Metaspace: 21311K(21504K)->21311K(21504K) NonClass: 18908K(19008K)->18908K(19008K) Class: 2402K(2496K)->2402K(2496K)
[2025-03-28T18:51:26.233+0530][gc          ] GC(1) Pause Young (Concurrent Start) (Metadata GC Threshold) 23M->10M(1024M) 22.610ms
[2025-03-28T18:51:26.233+0530][gc,cpu      ] GC(1) User=0.02s Sys=0.01s Real=0.03s
[2025-03-28T18:51:26.233+0530][gc          ] GC(2) Concurrent Mark Cycle
[2025-03-28T18:51:26.233+0530][gc,marking  ] GC(2) Concurrent Clear Claimed Marks
[2025-03-28T18:51:26.233+0530][gc,marking  ] GC(2) Concurrent Clear Claimed Marks 0.025ms
[2025-03-28T18:51:26.233+0530][gc,marking  ] GC(2) Concurrent Scan Root Regions
[2025-03-28T18:51:26.255+0530][gc,marking  ] GC(2) Concurrent Scan Root Regions 21.444ms
[2025-03-28T18:51:26.255+0530][gc,marking  ] GC(2) Concurrent Mark
[2025-03-28T18:51:26.255+0530][gc,marking  ] GC(2) Concurrent Mark From Roots
[2025-03-28T18:51:26.255+0530][gc,task     ] GC(2) Using 1 workers of 1 for marking
[2025-03-28T18:51:26.263+0530][gc,marking  ] GC(2) Concurrent Mark From Roots 7.871ms
[2025-03-28T18:51:26.263+0530][gc,marking  ] GC(2) Concurrent Preclean
[2025-03-28T18:51:26.263+0530][gc,marking  ] GC(2) Concurrent Preclean 0.070ms
[2025-03-28T18:51:26.264+0530][gc,start    ] GC(2) Pause Remark
[2025-03-28T18:51:26.271+0530][gc          ] GC(2) Pause Remark 11M->11M(1024M) 7.139ms
[2025-03-28T18:51:26.271+0530][gc,cpu      ] GC(2) User=0.00s Sys=0.00s Real=0.01s
[2025-03-28T18:51:26.272+0530][gc,marking  ] GC(2) Concurrent Mark 17.643ms
[2025-03-28T18:51:26.272+0530][gc,marking  ] GC(2) Concurrent Rebuild Remembered Sets
[2025-03-28T18:51:26.302+0530][gc,marking  ] GC(2) Concurrent Rebuild Remembered Sets 29.489ms
[2025-03-28T18:51:26.302+0530][gc,start    ] GC(2) Pause Cleanup
[2025-03-28T18:51:26.303+0530][gc          ] GC(2) Pause Cleanup 12M->12M(1024M) 0.375ms
[2025-03-28T18:51:26.303+0530][gc,cpu      ] GC(2) User=0.00s Sys=0.00s Real=0.00s
[2025-03-28T18:51:26.303+0530][gc,marking  ] GC(2) Concurrent Cleanup for Next Mark
[2025-03-28T18:51:26.310+0530][gc,marking  ] GC(2) Concurrent Cleanup for Next Mark 7.030ms
[2025-03-28T18:51:26.310+0530][gc          ] GC(2) Concurrent Mark Cycle 76.832ms
[2025-03-28T18:51:28.209+0530][gc,start    ] GC(3) Pause Young (Normal) (G1 Evacuation Pause)
[2025-03-28T18:51:28.209+0530][gc,task     ] GC(3) Using 2 workers of 2 for evacuation
[2025-03-28T18:51:28.216+0530][gc,phases   ] GC(3)   Pre Evacuate Collection Set: 0.2ms
[2025-03-28T18:51:28.216+0530][gc,phases   ] GC(3)   Merge Heap Roots: 0.0ms
[2025-03-28T18:51:28.216+0530][gc,phases   ] GC(3)   Evacuate Collection Set: 6.3ms
[2025-03-28T18:51:28.216+0530][gc,phases   ] GC(3)   Post Evacuate Collection Set: 0.5ms
[2025-03-28T18:51:28.216+0530][gc,phases   ] GC(3)   Other: 0.1ms
[2025-03-28T18:51:28.216+0530][gc,heap     ] GC(3) Eden regions: 49->0(48)
[2025-03-28T18:51:28.217+0530][gc,heap     ] GC(3) Survivor regions: 2->3(7)
[2025-03-28T18:51:28.217+0530][gc,heap     ] GC(3) Old regions: 9->9
[2025-03-28T18:51:28.217+0530][gc,heap     ] GC(3) Archive regions: 2->2
[2025-03-28T18:51:28.217+0530][gc,heap     ] GC(3) Humongous regions: 0->0
[2025-03-28T18:51:28.217+0530][gc,metaspace] GC(3) Metaspace: 25932K(26176K)->25932K(26176K) NonClass: 22908K(23040K)->22908K(23040K) Class: 3024K(3136K)->3024K(3136K)
[2025-03-28T18:51:28.217+0530][gc          ] GC(3) Pause Young (Normal) (G1 Evacuation Pause) 59M->12M(1024M) 7.344ms
[2025-03-28T18:51:28.217+0530][gc,cpu      ] GC(3) User=0.02s Sys=0.00s Real=0.01s
[2025-03-28T18:51:29.405+0530][gc,start    ] GC(4) Pause Young (Normal) (G1 Evacuation Pause)
[2025-03-28T18:51:29.405+0530][gc,task     ] GC(4) Using 2 workers of 2 for evacuation
[2025-03-28T18:51:29.414+0530][gc,phases   ] GC(4)   Pre Evacuate Collection Set: 0.2ms
[2025-03-28T18:51:29.414+0530][gc,phases   ] GC(4)   Merge Heap Roots: 0.1ms
[2025-03-28T18:51:29.414+0530][gc,phases   ] GC(4)   Evacuate Collection Set: 8.2ms
[2025-03-28T18:51:29.414+0530][gc,phases   ] GC(4)   Post Evacuate Collection Set: 0.7ms
[2025-03-28T18:51:29.414+0530][gc,phases   ] GC(4)   Other: 0.1ms
[2025-03-28T18:51:29.414+0530][gc,heap     ] GC(4) Eden regions: 48->0(46)
[2025-03-28T18:51:29.414+0530][gc,heap     ] GC(4) Survivor regions: 3->5(7)
[2025-03-28T18:51:29.414+0530][gc,heap     ] GC(4) Old regions: 9->9
[2025-03-28T18:51:29.414+0530][gc,heap     ] GC(4) Archive regions: 2->2
[2025-03-28T18:51:29.414+0530][gc,heap     ] GC(4) Humongous regions: 0->0
[2025-03-28T18:51:29.414+0530][gc,metaspace] GC(4) Metaspace: 34058K(34368K)->34058K(34368K) NonClass: 30175K(30336K)->30175K(30336K) Class: 3882K(4032K)->3882K(4032K)
[2025-03-28T18:51:29.414+0530][gc          ] GC(4) Pause Young (Normal) (G1 Evacuation Pause) 60M->14M(1024M) 9.419ms
[2025-03-28T18:51:29.414+0530][gc,cpu      ] GC(4) User=0.02s Sys=0.00s Real=0.00s
[2025-03-28T18:51:29.642+0530][gc,start    ] GC(5) Pause Young (Concurrent Start) (Metadata GC Threshold)
[2025-03-28T18:51:29.642+0530][gc,task     ] GC(5) Using 2 workers of 2 for evacuation
[2025-03-28T18:51:29.657+0530][gc,phases   ] GC(5)   Pre Evacuate Collection Set: 0.2ms
[2025-03-28T18:51:29.657+0530][gc,phases   ] GC(5)   Merge Heap Roots: 0.1ms
[2025-03-28T18:51:29.657+0530][gc,phases   ] GC(5)   Evacuate Collection Set: 14.6ms
[2025-03-28T18:51:29.657+0530][gc,phases   ] GC(5)   Post Evacuate Collection Set: 0.7ms
[2025-03-28T18:51:29.657+0530][gc,phases   ] GC(5)   Other: 0.2ms
[2025-03-28T18:51:29.657+0530][gc,heap     ] GC(5) Eden regions: 16->0(46)
[2025-03-28T18:51:29.657+0530][gc,heap     ] GC(5) Survivor regions: 5->5(7)
[2025-03-28T18:51:29.657+0530][gc,heap     ] GC(5) Old regions: 9->12
[2025-03-28T18:51:29.657+0530][gc,heap     ] GC(5) Archive regions: 2->2
[2025-03-28T18:51:29.657+0530][gc,heap     ] GC(5) Humongous regions: 0->0
[2025-03-28T18:51:29.657+0530][gc,metaspace] GC(5) Metaspace: 35915K(36160K)->35915K(36160K) NonClass: 31826K(31936K)->31826K(31936K) Class: 4089K(4224K)->4089K(4224K)
[2025-03-28T18:51:29.657+0530][gc          ] GC(5) Pause Young (Concurrent Start) (Metadata GC Threshold) 29M->16M(1024M) 15.832ms
[2025-03-28T18:51:29.657+0530][gc,cpu      ] GC(5) User=0.02s Sys=0.01s Real=0.02s
[2025-03-28T18:51:29.659+0530][gc          ] GC(6) Concurrent Mark Cycle
[2025-03-28T18:51:29.659+0530][gc,marking  ] GC(6) Concurrent Clear Claimed Marks
[2025-03-28T18:51:29.659+0530][gc,marking  ] GC(6) Concurrent Clear Claimed Marks 0.030ms
[2025-03-28T18:51:29.659+0530][gc,marking  ] GC(6) Concurrent Scan Root Regions
[2025-03-28T18:51:29.692+0530][gc,marking  ] GC(6) Concurrent Scan Root Regions 33.718ms
[2025-03-28T18:51:29.692+0530][gc,marking  ] GC(6) Concurrent Mark
[2025-03-28T18:51:29.692+0530][gc,marking  ] GC(6) Concurrent Mark From Roots
[2025-03-28T18:51:29.692+0530][gc,task     ] GC(6) Using 1 workers of 1 for marking
[2025-03-28T18:51:29.707+0530][gc,marking  ] GC(6) Concurrent Mark From Roots 14.302ms
[2025-03-28T18:51:29.707+0530][gc,marking  ] GC(6) Concurrent Preclean
[2025-03-28T18:51:29.707+0530][gc,marking  ] GC(6) Concurrent Preclean 0.189ms
[2025-03-28T18:51:29.711+0530][gc,start    ] GC(6) Pause Remark
[2025-03-28T18:51:29.716+0530][gc          ] GC(6) Pause Remark 19M->19M(1024M) 4.829ms
[2025-03-28T18:51:29.716+0530][gc,cpu      ] GC(6) User=0.01s Sys=0.00s Real=0.01s
[2025-03-28T18:51:29.731+0530][gc,marking  ] GC(6) Concurrent Mark 38.557ms
[2025-03-28T18:51:29.731+0530][gc,marking  ] GC(6) Concurrent Rebuild Remembered Sets
[2025-03-28T18:51:29.754+0530][gc,marking  ] GC(6) Concurrent Rebuild Remembered Sets 22.838ms
[2025-03-28T18:51:29.755+0530][gc,start    ] GC(6) Pause Cleanup
[2025-03-28T18:51:29.755+0530][gc          ] GC(6) Pause Cleanup 22M->22M(1024M) 0.237ms
[2025-03-28T18:51:29.755+0530][gc,cpu      ] GC(6) User=0.00s Sys=0.00s Real=0.01s
[2025-03-28T18:51:29.755+0530][gc,marking  ] GC(6) Concurrent Cleanup for Next Mark
[2025-03-28T18:51:29.768+0530][gc,marking  ] GC(6) Concurrent Cleanup for Next Mark 12.646ms
[2025-03-28T18:51:29.768+0530][gc          ] GC(6) Concurrent Mark Cycle 109.085ms
[2025-03-28T18:52:31.142+0530][gc,heap,exit] Heap
[2025-03-28T18:52:31.142+0530][gc,heap,exit]  garbage-first heap   total 1048576K, used 51080K [0x00000000c0000000, 0x0000000100000000)
[2025-03-28T18:52:31.142+0530][gc,heap,exit]   region size 1024K, 39 young (39936K), 5 survivors (5120K)
[2025-03-28T18:52:31.142+0530][gc,heap,exit]  Metaspace       used 40407K, committed 40704K, reserved 1114112K
[2025-03-28T18:52:31.142+0530][gc,heap,exit]   class space    used 4602K, committed 4736K, reserved 1048576K
