[2025-03-28T19:09:19.644+0530][gc] Using G1
[2025-03-28T19:09:19.658+0530][gc,init] Version: 17.0.14+7-LTS (release)
[2025-03-28T19:09:19.658+0530][gc,init] CPUs: 2 total, 2 available
[2025-03-28T19:09:19.658+0530][gc,init] Memory: 3658M
[2025-03-28T19:09:19.658+0530][gc,init] Large Page Support: Disabled
[2025-03-28T19:09:19.658+0530][gc,init] NUMA Support: Disabled
[2025-03-28T19:09:19.658+0530][gc,init] Compressed Oops: Enabled (32-bit)
[2025-03-28T19:09:19.658+0530][gc,init] Heap Region Size: 1M
[2025-03-28T19:09:19.658+0530][gc,init] Heap Min Capacity: 1G
[2025-03-28T19:09:19.658+0530][gc,init] Heap Initial Capacity: 1G
[2025-03-28T19:09:19.658+0530][gc,init] Heap Max Capacity: 1G
[2025-03-28T19:09:19.658+0530][gc,init] Pre-touch: Disabled
[2025-03-28T19:09:19.658+0530][gc,init] Parallel Workers: 2
[2025-03-28T19:09:19.658+0530][gc,init] Concurrent Workers: 1
[2025-03-28T19:09:19.658+0530][gc,init] Concurrent Refinement Workers: 2
[2025-03-28T19:09:19.658+0530][gc,init] Periodic GC: Disabled
[2025-03-28T19:09:19.667+0530][gc,metaspace] CDS archive(s) mapped at: [0x00007f67af000000-0x00007f67afbc7000-0x00007f67afbc7000), size 12349440, SharedBaseAddress: 0x00007f67af000000, ArchiveRelocationMode: 1.
[2025-03-28T19:09:19.667+0530][gc,metaspace] Compressed class space mapped at: 0x00007f67b0000000-0x00007f67f0000000, reserved size: 1073741824
[2025-03-28T19:09:19.667+0530][gc,metaspace] Narrow klass base: 0x00007f67af000000, Narrow klass shift: 0, Narrow klass range: 0x100000000
[2025-03-28T19:09:27.219+0530][gc,start    ] GC(0) Pause Young (Normal) (G1 Evacuation Pause)
[2025-03-28T19:09:27.234+0530][gc,task     ] GC(0) Using 2 workers of 2 for evacuation
[2025-03-28T19:09:27.267+0530][gc,mmu      ] GC(0) MMU target violated: 21.0ms (20.0ms/21.0ms)
[2025-03-28T19:09:27.267+0530][gc,phases   ] GC(0)   Pre Evacuate Collection Set: 0.8ms
[2025-03-28T19:09:27.267+0530][gc,phases   ] GC(0)   Merge Heap Roots: 0.1ms
[2025-03-28T19:09:27.267+0530][gc,phases   ] GC(0)   Evacuate Collection Set: 30.3ms
[2025-03-28T19:09:27.267+0530][gc,phases   ] GC(0)   Post Evacuate Collection Set: 1.8ms
[2025-03-28T19:09:27.267+0530][gc,phases   ] GC(0)   Other: 15.7ms
[2025-03-28T19:09:27.267+0530][gc,heap     ] GC(0) Eden regions: 51->0(44)
[2025-03-28T19:09:27.267+0530][gc,heap     ] GC(0) Survivor regions: 0->7(7)
[2025-03-28T19:09:27.267+0530][gc,heap     ] GC(0) Old regions: 0->2
[2025-03-28T19:09:27.267+0530][gc,heap     ] GC(0) Archive regions: 2->2
[2025-03-28T19:09:27.267+0530][gc,heap     ] GC(0) Humongous regions: 0->0
[2025-03-28T19:09:27.267+0530][gc,metaspace] GC(0) Metaspace: 17262K(17472K)->17262K(17472K) NonClass: 15134K(15232K)->15134K(15232K) Class: 2127K(2240K)->2127K(2240K)
[2025-03-28T19:09:27.267+0530][gc          ] GC(0) Pause Young (Normal) (G1 Evacuation Pause) 51M->9M(1024M) 48.771ms
[2025-03-28T19:09:27.268+0530][gc,cpu      ] GC(0) User=0.02s Sys=0.01s Real=0.05s
[2025-03-28T19:09:27.648+0530][gc,start    ] GC(1) Pause Young (Concurrent Start) (Metadata GC Threshold)
[2025-03-28T19:09:27.649+0530][gc,task     ] GC(1) Using 2 workers of 2 for evacuation
[2025-03-28T19:09:27.690+0530][gc,mmu      ] GC(1) MMU target violated: 21.0ms (20.0ms/21.0ms)
[2025-03-28T19:09:27.691+0530][gc,phases   ] GC(1)   Pre Evacuate Collection Set: 3.5ms
[2025-03-28T19:09:27.691+0530][gc,phases   ] GC(1)   Merge Heap Roots: 0.2ms
[2025-03-28T19:09:27.691+0530][gc,phases   ] GC(1)   Evacuate Collection Set: 37.3ms
[2025-03-28T19:09:27.691+0530][gc,phases   ] GC(1)   Post Evacuate Collection Set: 0.8ms
[2025-03-28T19:09:27.691+0530][gc,phases   ] GC(1)   Other: 0.3ms
[2025-03-28T19:09:27.691+0530][gc,heap     ] GC(1) Eden regions: 14->0(50)
[2025-03-28T19:09:27.691+0530][gc,heap     ] GC(1) Survivor regions: 7->1(7)
[2025-03-28T19:09:27.691+0530][gc,heap     ] GC(1) Old regions: 2->9
[2025-03-28T19:09:27.691+0530][gc,heap     ] GC(1) Archive regions: 2->2
[2025-03-28T19:09:27.691+0530][gc,heap     ] GC(1) Humongous regions: 0->0
[2025-03-28T19:09:27.691+0530][gc,metaspace] GC(1) Metaspace: 21325K(21504K)->21325K(21504K) NonClass: 18927K(19008K)->18927K(19008K) Class: 2398K(2496K)->2398K(2496K)
[2025-03-28T19:09:27.691+0530][gc          ] GC(1) Pause Young (Concurrent Start) (Metadata GC Threshold) 22M->10M(1024M) 42.233ms
[2025-03-28T19:09:27.691+0530][gc,cpu      ] GC(1) User=0.02s Sys=0.00s Real=0.03s
[2025-03-28T19:09:27.691+0530][gc          ] GC(2) Concurrent Mark Cycle
[2025-03-28T19:09:27.691+0530][gc,marking  ] GC(2) Concurrent Clear Claimed Marks
[2025-03-28T19:09:27.691+0530][gc,marking  ] GC(2) Concurrent Clear Claimed Marks 0.023ms
[2025-03-28T19:09:27.691+0530][gc,marking  ] GC(2) Concurrent Scan Root Regions
[2025-03-28T19:09:27.696+0530][gc,marking  ] GC(2) Concurrent Scan Root Regions 5.257ms
[2025-03-28T19:09:27.696+0530][gc,marking  ] GC(2) Concurrent Mark
[2025-03-28T19:09:27.696+0530][gc,marking  ] GC(2) Concurrent Mark From Roots
[2025-03-28T19:09:27.696+0530][gc,task     ] GC(2) Using 1 workers of 1 for marking
[2025-03-28T19:09:27.731+0530][gc,marking  ] GC(2) Concurrent Mark From Roots 34.637ms
[2025-03-28T19:09:27.732+0530][gc,marking  ] GC(2) Concurrent Preclean
[2025-03-28T19:09:27.732+0530][gc,marking  ] GC(2) Concurrent Preclean 0.067ms
[2025-03-28T19:09:27.751+0530][gc,start    ] GC(2) Pause Remark
[2025-03-28T19:09:27.767+0530][gc          ] GC(2) Pause Remark 12M->12M(1024M) 15.350ms
[2025-03-28T19:09:27.767+0530][gc,cpu      ] GC(2) User=0.01s Sys=0.00s Real=0.02s
[2025-03-28T19:09:27.767+0530][gc,marking  ] GC(2) Concurrent Mark 70.730ms
[2025-03-28T19:09:27.767+0530][gc,marking  ] GC(2) Concurrent Rebuild Remembered Sets
[2025-03-28T19:09:27.774+0530][gc,marking  ] GC(2) Concurrent Rebuild Remembered Sets 7.482ms
[2025-03-28T19:09:27.783+0530][gc,start    ] GC(2) Pause Cleanup
[2025-03-28T19:09:27.783+0530][gc          ] GC(2) Pause Cleanup 12M->12M(1024M) 0.260ms
[2025-03-28T19:09:27.784+0530][gc,cpu      ] GC(2) User=0.00s Sys=0.00s Real=0.00s
[2025-03-28T19:09:27.784+0530][gc,marking  ] GC(2) Concurrent Cleanup for Next Mark
[2025-03-28T19:09:27.817+0530][gc,marking  ] GC(2) Concurrent Cleanup for Next Mark 33.080ms
[2025-03-28T19:09:27.817+0530][gc          ] GC(2) Concurrent Mark Cycle 125.957ms
[2025-03-28T19:09:30.012+0530][gc,start    ] GC(3) Pause Young (Normal) (G1 Evacuation Pause)
[2025-03-28T19:09:30.012+0530][gc,task     ] GC(3) Using 2 workers of 2 for evacuation
[2025-03-28T19:09:30.020+0530][gc,phases   ] GC(3)   Pre Evacuate Collection Set: 0.4ms
[2025-03-28T19:09:30.020+0530][gc,phases   ] GC(3)   Merge Heap Roots: 0.3ms
[2025-03-28T19:09:30.020+0530][gc,phases   ] GC(3)   Evacuate Collection Set: 6.2ms
[2025-03-28T19:09:30.020+0530][gc,phases   ] GC(3)   Post Evacuate Collection Set: 0.5ms
[2025-03-28T19:09:30.020+0530][gc,phases   ] GC(3)   Other: 0.2ms
[2025-03-28T19:09:30.020+0530][gc,heap     ] GC(3) Eden regions: 50->0(48)
[2025-03-28T19:09:30.020+0530][gc,heap     ] GC(3) Survivor regions: 1->3(7)
[2025-03-28T19:09:30.020+0530][gc,heap     ] GC(3) Old regions: 9->9
[2025-03-28T19:09:30.020+0530][gc,heap     ] GC(3) Archive regions: 2->2
[2025-03-28T19:09:30.020+0530][gc,heap     ] GC(3) Humongous regions: 0->0
[2025-03-28T19:09:30.020+0530][gc,metaspace] GC(3) Metaspace: 25977K(26240K)->25977K(26240K) NonClass: 22954K(23104K)->22954K(23104K) Class: 3023K(3136K)->3023K(3136K)
[2025-03-28T19:09:30.020+0530][gc          ] GC(3) Pause Young (Normal) (G1 Evacuation Pause) 60M->12M(1024M) 7.732ms
[2025-03-28T19:09:30.020+0530][gc,cpu      ] GC(3) User=0.01s Sys=0.01s Real=0.01s
[2025-03-28T19:09:30.932+0530][gc,start    ] GC(4) Pause Young (Normal) (G1 Evacuation Pause)
[2025-03-28T19:09:30.932+0530][gc,task     ] GC(4) Using 2 workers of 2 for evacuation
[2025-03-28T19:09:30.941+0530][gc,phases   ] GC(4)   Pre Evacuate Collection Set: 0.2ms
[2025-03-28T19:09:30.941+0530][gc,phases   ] GC(4)   Merge Heap Roots: 0.1ms
[2025-03-28T19:09:30.941+0530][gc,phases   ] GC(4)   Evacuate Collection Set: 8.5ms
[2025-03-28T19:09:30.941+0530][gc,phases   ] GC(4)   Post Evacuate Collection Set: 0.6ms
[2025-03-28T19:09:30.941+0530][gc,phases   ] GC(4)   Other: 0.1ms
[2025-03-28T19:09:30.941+0530][gc,heap     ] GC(4) Eden regions: 48->0(46)
[2025-03-28T19:09:30.941+0530][gc,heap     ] GC(4) Survivor regions: 3->5(7)
[2025-03-28T19:09:30.941+0530][gc,heap     ] GC(4) Old regions: 9->9
[2025-03-28T19:09:30.941+0530][gc,heap     ] GC(4) Archive regions: 2->2
[2025-03-28T19:09:30.941+0530][gc,heap     ] GC(4) Humongous regions: 0->0
[2025-03-28T19:09:30.941+0530][gc,metaspace] GC(4) Metaspace: 34141K(34432K)->34141K(34432K) NonClass: 30244K(30400K)->30244K(30400K) Class: 3896K(4032K)->3896K(4032K)
[2025-03-28T19:09:30.941+0530][gc          ] GC(4) Pause Young (Normal) (G1 Evacuation Pause) 60M->14M(1024M) 9.603ms
[2025-03-28T19:09:30.941+0530][gc,cpu      ] GC(4) User=0.01s Sys=0.00s Real=0.01s
[2025-03-28T19:09:31.340+0530][gc,start    ] GC(5) Pause Young (Concurrent Start) (Metadata GC Threshold)
[2025-03-28T19:09:31.340+0530][gc,task     ] GC(5) Using 2 workers of 2 for evacuation
[2025-03-28T19:09:31.356+0530][gc,phases   ] GC(5)   Pre Evacuate Collection Set: 0.3ms
[2025-03-28T19:09:31.356+0530][gc,phases   ] GC(5)   Merge Heap Roots: 0.0ms
[2025-03-28T19:09:31.356+0530][gc,phases   ] GC(5)   Evacuate Collection Set: 14.8ms
[2025-03-28T19:09:31.356+0530][gc,phases   ] GC(5)   Post Evacuate Collection Set: 0.6ms
[2025-03-28T19:09:31.356+0530][gc,phases   ] GC(5)   Other: 0.2ms
[2025-03-28T19:09:31.356+0530][gc,heap     ] GC(5) Eden regions: 16->0(46)
[2025-03-28T19:09:31.356+0530][gc,heap     ] GC(5) Survivor regions: 5->5(7)
[2025-03-28T19:09:31.356+0530][gc,heap     ] GC(5) Old regions: 9->12
[2025-03-28T19:09:31.356+0530][gc,heap     ] GC(5) Archive regions: 2->2
[2025-03-28T19:09:31.356+0530][gc,heap     ] GC(5) Humongous regions: 0->0
[2025-03-28T19:09:31.356+0530][gc,metaspace] GC(5) Metaspace: 35981K(36288K)->35981K(36288K) NonClass: 31873K(32000K)->31873K(32000K) Class: 4107K(4288K)->4107K(4288K)
[2025-03-28T19:09:31.358+0530][gc          ] GC(5) Pause Young (Concurrent Start) (Metadata GC Threshold) 30M->16M(1024M) 17.302ms
[2025-03-28T19:09:31.358+0530][gc,cpu      ] GC(5) User=0.02s Sys=0.01s Real=0.02s
[2025-03-28T19:09:31.359+0530][gc          ] GC(6) Concurrent Mark Cycle
[2025-03-28T19:09:31.359+0530][gc,marking  ] GC(6) Concurrent Clear Claimed Marks
[2025-03-28T19:09:31.359+0530][gc,marking  ] GC(6) Concurrent Clear Claimed Marks 0.034ms
[2025-03-28T19:09:31.359+0530][gc,marking  ] GC(6) Concurrent Scan Root Regions
[2025-03-28T19:09:31.395+0530][gc,marking  ] GC(6) Concurrent Scan Root Regions 36.589ms
[2025-03-28T19:09:31.395+0530][gc,marking  ] GC(6) Concurrent Mark
[2025-03-28T19:09:31.396+0530][gc,marking  ] GC(6) Concurrent Mark From Roots
[2025-03-28T19:09:31.396+0530][gc,task     ] GC(6) Using 1 workers of 1 for marking
[2025-03-28T19:09:31.439+0530][gc,marking  ] GC(6) Concurrent Mark From Roots 43.221ms
[2025-03-28T19:09:31.439+0530][gc,marking  ] GC(6) Concurrent Preclean
[2025-03-28T19:09:31.439+0530][gc,marking  ] GC(6) Concurrent Preclean 0.240ms
[2025-03-28T19:09:31.439+0530][gc,start    ] GC(6) Pause Remark
[2025-03-28T19:09:31.456+0530][gc          ] GC(6) Pause Remark 18M->18M(1024M) 16.922ms
[2025-03-28T19:09:31.456+0530][gc,cpu      ] GC(6) User=0.02s Sys=0.01s Real=0.02s
[2025-03-28T19:09:31.458+0530][gc,marking  ] GC(6) Concurrent Mark 62.479ms
[2025-03-28T19:09:31.458+0530][gc,marking  ] GC(6) Concurrent Rebuild Remembered Sets
[2025-03-28T19:09:31.508+0530][gc,marking  ] GC(6) Concurrent Rebuild Remembered Sets 49.847ms
[2025-03-28T19:09:31.508+0530][gc,start    ] GC(6) Pause Cleanup
[2025-03-28T19:09:31.509+0530][gc          ] GC(6) Pause Cleanup 19M->19M(1024M) 0.321ms
[2025-03-28T19:09:31.509+0530][gc,cpu      ] GC(6) User=0.00s Sys=0.00s Real=0.00s
[2025-03-28T19:09:31.509+0530][gc,marking  ] GC(6) Concurrent Cleanup for Next Mark
[2025-03-28T19:09:31.515+0530][gc,marking  ] GC(6) Concurrent Cleanup for Next Mark 6.019ms
[2025-03-28T19:09:31.515+0530][gc          ] GC(6) Concurrent Mark Cycle 156.184ms
[2025-03-28T19:09:35.617+0530][gc,start    ] GC(7) Pause Young (Prepare Mixed) (G1 Evacuation Pause)
[2025-03-28T19:09:35.617+0530][gc,task     ] GC(7) Using 2 workers of 2 for evacuation
[2025-03-28T19:09:35.685+0530][gc,mmu      ] GC(7) MMU target violated: 21.0ms (20.0ms/21.0ms)
[2025-03-28T19:09:35.685+0530][gc,phases   ] GC(7)   Pre Evacuate Collection Set: 0.3ms
[2025-03-28T19:09:35.685+0530][gc,phases   ] GC(7)   Merge Heap Roots: 0.1ms
[2025-03-28T19:09:35.685+0530][gc,phases   ] GC(7)   Evacuate Collection Set: 61.7ms
[2025-03-28T19:09:35.685+0530][gc,phases   ] GC(7)   Post Evacuate Collection Set: 5.6ms
[2025-03-28T19:09:35.685+0530][gc,phases   ] GC(7)   Other: 0.3ms
[2025-03-28T19:09:35.685+0530][gc,heap     ] GC(7) Eden regions: 46->0(45)
[2025-03-28T19:09:35.685+0530][gc,heap     ] GC(7) Survivor regions: 5->6(7)
[2025-03-28T19:09:35.685+0530][gc,heap     ] GC(7) Old regions: 12->14
[2025-03-28T19:09:35.685+0530][gc,heap     ] GC(7) Archive regions: 2->2
[2025-03-28T19:09:35.685+0530][gc,heap     ] GC(7) Humongous regions: 129->129
[2025-03-28T19:09:35.685+0530][gc,metaspace] GC(7) Metaspace: 41872K(42304K)->41872K(42304K) NonClass: 37060K(37312K)->37060K(37312K) Class: 4811K(4992K)->4811K(4992K)
[2025-03-28T19:09:35.685+0530][gc          ] GC(7) Pause Young (Prepare Mixed) (G1 Evacuation Pause) 191M->149M(1024M) 68.206ms
[2025-03-28T19:09:35.685+0530][gc,cpu      ] GC(7) User=0.06s Sys=0.00s Real=0.09s
[2025-03-28T19:12:56.589+0530][gc,start    ] GC(8) Pause Young (Mixed) (G1 Evacuation Pause)
[2025-03-28T19:12:56.589+0530][gc,task     ] GC(8) Using 2 workers of 2 for evacuation
[2025-03-28T19:12:56.702+0530][gc,mmu      ] GC(8) MMU target violated: 21.0ms (20.0ms/21.0ms)
[2025-03-28T19:12:56.702+0530][gc,phases   ] GC(8)   Pre Evacuate Collection Set: 0.6ms
[2025-03-28T19:12:56.702+0530][gc,phases   ] GC(8)   Merge Heap Roots: 0.7ms
[2025-03-28T19:12:56.702+0530][gc,phases   ] GC(8)   Evacuate Collection Set: 110.4ms
[2025-03-28T19:12:56.702+0530][gc,phases   ] GC(8)   Post Evacuate Collection Set: 1.3ms
[2025-03-28T19:12:56.702+0530][gc,phases   ] GC(8)   Other: 0.6ms
[2025-03-28T19:12:56.702+0530][gc,heap     ] GC(8) Eden regions: 45->0(46)
[2025-03-28T19:12:56.702+0530][gc,heap     ] GC(8) Survivor regions: 6->5(7)
[2025-03-28T19:12:56.702+0530][gc,heap     ] GC(8) Old regions: 14->16
[2025-03-28T19:12:56.702+0530][gc,heap     ] GC(8) Archive regions: 2->2
[2025-03-28T19:12:56.702+0530][gc,heap     ] GC(8) Humongous regions: 147->129
[2025-03-28T19:12:56.702+0530][gc,metaspace] GC(8) Metaspace: 44826K(45312K)->44826K(45312K) NonClass: 39710K(40000K)->39710K(40000K) Class: 5116K(5312K)->5116K(5312K)
[2025-03-28T19:12:56.702+0530][gc          ] GC(8) Pause Young (Mixed) (G1 Evacuation Pause) 212M->150M(1024M) 113.606ms
[2025-03-28T19:12:56.702+0530][gc,cpu      ] GC(8) User=0.04s Sys=0.00s Real=0.11s
[2025-03-28T19:12:57.952+0530][gc,start    ] GC(9) Pause Young (Normal) (G1 Evacuation Pause)
[2025-03-28T19:12:57.952+0530][gc,task     ] GC(9) Using 2 workers of 2 for evacuation
[2025-03-28T19:12:58.041+0530][gc,mmu      ] GC(9) MMU target violated: 21.0ms (20.0ms/21.0ms)
[2025-03-28T19:12:58.041+0530][gc,phases   ] GC(9)   Pre Evacuate Collection Set: 0.3ms
[2025-03-28T19:12:58.041+0530][gc,phases   ] GC(9)   Merge Heap Roots: 0.1ms
[2025-03-28T19:12:58.041+0530][gc,phases   ] GC(9)   Evacuate Collection Set: 77.7ms
[2025-03-28T19:12:58.041+0530][gc,phases   ] GC(9)   Post Evacuate Collection Set: 10.5ms
[2025-03-28T19:12:58.041+0530][gc,phases   ] GC(9)   Other: 0.2ms
[2025-03-28T19:12:58.041+0530][gc,heap     ] GC(9) Eden regions: 46->0(44)
[2025-03-28T19:12:58.041+0530][gc,heap     ] GC(9) Survivor regions: 5->7(7)
[2025-03-28T19:12:58.041+0530][gc,heap     ] GC(9) Old regions: 16->20
[2025-03-28T19:12:58.041+0530][gc,heap     ] GC(9) Archive regions: 2->2
[2025-03-28T19:12:58.041+0530][gc,heap     ] GC(9) Humongous regions: 129->129
[2025-03-28T19:12:58.041+0530][gc,metaspace] GC(9) Metaspace: 45889K(46336K)->45889K(46336K) NonClass: 40638K(40896K)->40638K(40896K) Class: 5251K(5440K)->5251K(5440K)
[2025-03-28T19:12:58.041+0530][gc          ] GC(9) Pause Young (Normal) (G1 Evacuation Pause) 196M->156M(1024M) 88.980ms
[2025-03-28T19:12:58.041+0530][gc,cpu      ] GC(9) User=0.03s Sys=0.00s Real=0.09s
[2025-03-28T19:12:58.901+0530][gc,start    ] GC(10) Pause Young (Normal) (G1 Evacuation Pause)
[2025-03-28T19:12:58.901+0530][gc,task     ] GC(10) Using 2 workers of 2 for evacuation
[2025-03-28T19:12:59.015+0530][gc,mmu      ] GC(10) MMU target violated: 21.0ms (20.0ms/21.0ms)
[2025-03-28T19:12:59.015+0530][gc,phases   ] GC(10)   Pre Evacuate Collection Set: 0.2ms
[2025-03-28T19:12:59.015+0530][gc,phases   ] GC(10)   Merge Heap Roots: 0.1ms
[2025-03-28T19:12:59.015+0530][gc,phases   ] GC(10)   Evacuate Collection Set: 39.8ms
[2025-03-28T19:12:59.015+0530][gc,phases   ] GC(10)   Post Evacuate Collection Set: 73.5ms
[2025-03-28T19:12:59.015+0530][gc,phases   ] GC(10)   Other: 0.3ms
[2025-03-28T19:12:59.015+0530][gc,heap     ] GC(10) Eden regions: 44->0(45)
[2025-03-28T19:12:59.015+0530][gc,heap     ] GC(10) Survivor regions: 7->6(7)
[2025-03-28T19:12:59.015+0530][gc,heap     ] GC(10) Old regions: 20->27
[2025-03-28T19:12:59.015+0530][gc,heap     ] GC(10) Archive regions: 2->2
[2025-03-28T19:12:59.015+0530][gc,heap     ] GC(10) Humongous regions: 129->129
[2025-03-28T19:12:59.015+0530][gc,metaspace] GC(10) Metaspace: 46607K(47168K)->46607K(47168K) NonClass: 41247K(41536K)->41247K(41536K) Class: 5359K(5632K)->5359K(5632K)
[2025-03-28T19:12:59.015+0530][gc          ] GC(10) Pause Young (Normal) (G1 Evacuation Pause) 200M->162M(1024M) 113.930ms
[2025-03-28T19:12:59.015+0530][gc,cpu      ] GC(10) User=0.05s Sys=0.00s Real=0.12s
[2025-03-28T19:13:00.204+0530][gc,start    ] GC(11) Pause Young (Normal) (G1 Evacuation Pause)
[2025-03-28T19:13:00.204+0530][gc,task     ] GC(11) Using 2 workers of 2 for evacuation
[2025-03-28T19:13:00.272+0530][gc,mmu      ] GC(11) MMU target violated: 21.0ms (20.0ms/21.0ms)
[2025-03-28T19:13:00.272+0530][gc,phases   ] GC(11)   Pre Evacuate Collection Set: 0.2ms
[2025-03-28T19:13:00.272+0530][gc,phases   ] GC(11)   Merge Heap Roots: 0.1ms
[2025-03-28T19:13:00.272+0530][gc,phases   ] GC(11)   Evacuate Collection Set: 66.5ms
[2025-03-28T19:13:00.272+0530][gc,phases   ] GC(11)   Post Evacuate Collection Set: 0.4ms
[2025-03-28T19:13:00.272+0530][gc,phases   ] GC(11)   Other: 0.2ms
[2025-03-28T19:13:00.272+0530][gc,heap     ] GC(11) Eden regions: 45->0(45)
[2025-03-28T19:13:00.272+0530][gc,heap     ] GC(11) Survivor regions: 6->6(7)
[2025-03-28T19:13:00.272+0530][gc,heap     ] GC(11) Old regions: 27->33
[2025-03-28T19:13:00.272+0530][gc,heap     ] GC(11) Archive regions: 2->2
[2025-03-28T19:13:00.272+0530][gc,heap     ] GC(11) Humongous regions: 129->129
[2025-03-28T19:13:00.272+0530][gc,metaspace] GC(11) Metaspace: 46807K(47296K)->46807K(47296K) NonClass: 41419K(41664K)->41419K(41664K) Class: 5388K(5632K)->5388K(5632K)
[2025-03-28T19:13:00.272+0530][gc          ] GC(11) Pause Young (Normal) (G1 Evacuation Pause) 207M->168M(1024M) 67.467ms
[2025-03-28T19:13:00.272+0530][gc,cpu      ] GC(11) User=0.03s Sys=0.01s Real=0.06s
[2025-03-28T19:13:00.739+0530][gc,start    ] GC(12) Pause Young (Normal) (G1 Evacuation Pause)
[2025-03-28T19:13:00.739+0530][gc,task     ] GC(12) Using 2 workers of 2 for evacuation
[2025-03-28T19:13:00.829+0530][gc,mmu      ] GC(12) MMU target violated: 21.0ms (20.0ms/21.0ms)
[2025-03-28T19:13:00.829+0530][gc,phases   ] GC(12)   Pre Evacuate Collection Set: 0.3ms
[2025-03-28T19:13:00.829+0530][gc,phases   ] GC(12)   Merge Heap Roots: 0.1ms
[2025-03-28T19:13:00.829+0530][gc,phases   ] GC(12)   Evacuate Collection Set: 89.3ms
[2025-03-28T19:13:00.829+0530][gc,phases   ] GC(12)   Post Evacuate Collection Set: 0.4ms
[2025-03-28T19:13:00.829+0530][gc,phases   ] GC(12)   Other: 0.2ms
[2025-03-28T19:13:00.829+0530][gc,heap     ] GC(12) Eden regions: 45->0(50)
[2025-03-28T19:13:00.829+0530][gc,heap     ] GC(12) Survivor regions: 6->1(7)
[2025-03-28T19:13:00.829+0530][gc,heap     ] GC(12) Old regions: 33->38
[2025-03-28T19:13:00.829+0530][gc,heap     ] GC(12) Archive regions: 2->2
[2025-03-28T19:13:00.829+0530][gc,heap     ] GC(12) Humongous regions: 133->132
[2025-03-28T19:13:00.829+0530][gc,metaspace] GC(12) Metaspace: 46817K(47360K)->46817K(47360K) NonClass: 41428K(41728K)->41428K(41728K) Class: 5388K(5632K)->5388K(5632K)
[2025-03-28T19:13:00.829+0530][gc          ] GC(12) Pause Young (Normal) (G1 Evacuation Pause) 217M->171M(1024M) 90.391ms
[2025-03-28T19:13:00.829+0530][gc,cpu      ] GC(12) User=0.03s Sys=0.01s Real=0.08s
[2025-03-28T19:13:06.398+0530][gc,start    ] GC(13) Pause Young (Normal) (G1 Evacuation Pause)
[2025-03-28T19:13:06.398+0530][gc,task     ] GC(13) Using 2 workers of 2 for evacuation
[2025-03-28T19:13:06.407+0530][gc,phases   ] GC(13)   Pre Evacuate Collection Set: 0.3ms
[2025-03-28T19:13:06.407+0530][gc,phases   ] GC(13)   Merge Heap Roots: 0.1ms
[2025-03-28T19:13:06.407+0530][gc,phases   ] GC(13)   Evacuate Collection Set: 7.4ms
[2025-03-28T19:13:06.407+0530][gc,phases   ] GC(13)   Post Evacuate Collection Set: 1.4ms
[2025-03-28T19:13:06.408+0530][gc,phases   ] GC(13)   Other: 0.2ms
[2025-03-28T19:13:06.408+0530][gc,heap     ] GC(13) Eden regions: 50->0(48)
[2025-03-28T19:13:06.408+0530][gc,heap     ] GC(13) Survivor regions: 1->3(7)
[2025-03-28T19:13:06.408+0530][gc,heap     ] GC(13) Old regions: 38->38
[2025-03-28T19:13:06.408+0530][gc,heap     ] GC(13) Archive regions: 2->2
[2025-03-28T19:13:06.408+0530][gc,heap     ] GC(13) Humongous regions: 140->132
[2025-03-28T19:13:06.408+0530][gc,metaspace] GC(13) Metaspace: 47348K(47872K)->47348K(47872K) NonClass: 41917K(42240K)->41917K(42240K) Class: 5431K(5632K)->5431K(5632K)
[2025-03-28T19:13:06.408+0530][gc          ] GC(13) Pause Young (Normal) (G1 Evacuation Pause) 229M->173M(1024M) 9.505ms
[2025-03-28T19:13:06.408+0530][gc,cpu      ] GC(13) User=0.01s Sys=0.00s Real=0.01s
[2025-03-28T19:13:06.961+0530][gc,start    ] GC(14) Pause Young (Normal) (G1 Evacuation Pause)
[2025-03-28T19:13:06.961+0530][gc,task     ] GC(14) Using 2 workers of 2 for evacuation
[2025-03-28T19:13:06.990+0530][gc,mmu      ] GC(14) MMU target violated: 21.0ms (20.0ms/21.0ms)
[2025-03-28T19:13:06.990+0530][gc,phases   ] GC(14)   Pre Evacuate Collection Set: 0.2ms
[2025-03-28T19:13:06.990+0530][gc,phases   ] GC(14)   Merge Heap Roots: 0.1ms
[2025-03-28T19:13:06.990+0530][gc,phases   ] GC(14)   Evacuate Collection Set: 27.3ms
[2025-03-28T19:13:06.990+0530][gc,phases   ] GC(14)   Post Evacuate Collection Set: 0.6ms
[2025-03-28T19:13:06.990+0530][gc,phases   ] GC(14)   Other: 0.2ms
[2025-03-28T19:13:06.990+0530][gc,heap     ] GC(14) Eden regions: 48->0(47)
[2025-03-28T19:13:06.990+0530][gc,heap     ] GC(14) Survivor regions: 3->4(7)
[2025-03-28T19:13:06.990+0530][gc,heap     ] GC(14) Old regions: 38->38
[2025-03-28T19:13:06.990+0530][gc,heap     ] GC(14) Archive regions: 2->2
[2025-03-28T19:13:06.990+0530][gc,heap     ] GC(14) Humongous regions: 134->134
[2025-03-28T19:13:06.990+0530][gc,metaspace] GC(14) Metaspace: 47380K(47872K)->47380K(47872K) NonClass: 41949K(42240K)->41949K(42240K) Class: 5431K(5632K)->5431K(5632K)
[2025-03-28T19:13:06.990+0530][gc          ] GC(14) Pause Young (Normal) (G1 Evacuation Pause) 223M->176M(1024M) 28.576ms
[2025-03-28T19:13:06.990+0530][gc,cpu      ] GC(14) User=0.01s Sys=0.00s Real=0.04s
[2025-03-28T19:13:07.467+0530][gc,start    ] GC(15) Pause Young (Normal) (G1 Evacuation Pause)
[2025-03-28T19:13:07.467+0530][gc,task     ] GC(15) Using 2 workers of 2 for evacuation
[2025-03-28T19:13:07.497+0530][gc,mmu      ] GC(15) MMU target violated: 21.0ms (20.0ms/21.0ms)
[2025-03-28T19:13:07.498+0530][gc,phases   ] GC(15)   Pre Evacuate Collection Set: 0.3ms
[2025-03-28T19:13:07.498+0530][gc,phases   ] GC(15)   Merge Heap Roots: 0.1ms
[2025-03-28T19:13:07.498+0530][gc,phases   ] GC(15)   Evacuate Collection Set: 29.6ms
[2025-03-28T19:13:07.498+0530][gc,phases   ] GC(15)   Post Evacuate Collection Set: 0.5ms
[2025-03-28T19:13:07.498+0530][gc,phases   ] GC(15)   Other: 0.2ms
[2025-03-28T19:13:07.498+0530][gc,heap     ] GC(15) Eden regions: 47->0(48)
[2025-03-28T19:13:07.498+0530][gc,heap     ] GC(15) Survivor regions: 4->3(7)
[2025-03-28T19:13:07.498+0530][gc,heap     ] GC(15) Old regions: 38->38
[2025-03-28T19:13:07.498+0530][gc,heap     ] GC(15) Archive regions: 2->2
[2025-03-28T19:13:07.498+0530][gc,heap     ] GC(15) Humongous regions: 134->132
[2025-03-28T19:13:07.498+0530][gc,metaspace] GC(15) Metaspace: 47395K(47872K)->47395K(47872K) NonClass: 41964K(42240K)->41964K(42240K) Class: 5431K(5632K)->5431K(5632K)
[2025-03-28T19:13:07.498+0530][gc          ] GC(15) Pause Young (Normal) (G1 Evacuation Pause) 223M->173M(1024M) 30.760ms
[2025-03-28T19:13:07.498+0530][gc,cpu      ] GC(15) User=0.02s Sys=0.01s Real=0.04s
[2025-03-28T19:13:07.678+0530][gc,start    ] GC(16) Pause Young (Normal) (G1 Evacuation Pause)
[2025-03-28T19:13:07.678+0530][gc,task     ] GC(16) Using 2 workers of 2 for evacuation
[2025-03-28T19:13:07.699+0530][gc,mmu      ] GC(16) MMU target violated: 21.0ms (20.0ms/21.0ms)
[2025-03-28T19:13:07.700+0530][gc,phases   ] GC(16)   Pre Evacuate Collection Set: 0.3ms
[2025-03-28T19:13:07.700+0530][gc,phases   ] GC(16)   Merge Heap Roots: 0.1ms
[2025-03-28T19:13:07.700+0530][gc,phases   ] GC(16)   Evacuate Collection Set: 20.2ms
[2025-03-28T19:13:07.700+0530][gc,phases   ] GC(16)   Post Evacuate Collection Set: 0.5ms
[2025-03-28T19:13:07.700+0530][gc,phases   ] GC(16)   Other: 0.2ms
[2025-03-28T19:13:07.700+0530][gc,heap     ] GC(16) Eden regions: 48->0(44)
[2025-03-28T19:13:07.700+0530][gc,heap     ] GC(16) Survivor regions: 3->7(7)
[2025-03-28T19:13:07.700+0530][gc,heap     ] GC(16) Old regions: 38->40
[2025-03-28T19:13:07.700+0530][gc,heap     ] GC(16) Archive regions: 2->2
[2025-03-28T19:13:07.700+0530][gc,heap     ] GC(16) Humongous regions: 132->132
[2025-03-28T19:13:07.700+0530][gc,metaspace] GC(16) Metaspace: 47423K(47872K)->47423K(47872K) NonClass: 41990K(42240K)->41990K(42240K) Class: 5433K(5632K)->5433K(5632K)
[2025-03-28T19:13:07.700+0530][gc          ] GC(16) Pause Young (Normal) (G1 Evacuation Pause) 221M->179M(1024M) 21.374ms
[2025-03-28T19:13:07.700+0530][gc,cpu      ] GC(16) User=0.02s Sys=0.00s Real=0.02s
[2025-03-28T19:13:12.535+0530][gc,start    ] GC(17) Pause Young (Normal) (G1 Evacuation Pause)
[2025-03-28T19:13:12.535+0530][gc,task     ] GC(17) Using 2 workers of 2 for evacuation
[2025-03-28T19:13:12.631+0530][gc,mmu      ] GC(17) MMU target violated: 21.0ms (20.0ms/21.0ms)
[2025-03-28T19:13:12.631+0530][gc,phases   ] GC(17)   Pre Evacuate Collection Set: 0.9ms
[2025-03-28T19:13:12.631+0530][gc,phases   ] GC(17)   Merge Heap Roots: 0.5ms
[2025-03-28T19:13:12.631+0530][gc,phases   ] GC(17)   Evacuate Collection Set: 90.2ms
[2025-03-28T19:13:12.631+0530][gc,phases   ] GC(17)   Post Evacuate Collection Set: 3.4ms
[2025-03-28T19:13:12.631+0530][gc,phases   ] GC(17)   Other: 0.8ms
[2025-03-28T19:13:12.631+0530][gc,heap     ] GC(17) Eden regions: 44->0(50)
[2025-03-28T19:13:12.631+0530][gc,heap     ] GC(17) Survivor regions: 7->1(7)
[2025-03-28T19:13:12.631+0530][gc,heap     ] GC(17) Old regions: 40->46
[2025-03-28T19:13:12.631+0530][gc,heap     ] GC(17) Archive regions: 2->2
[2025-03-28T19:13:12.632+0530][gc,heap     ] GC(17) Humongous regions: 134->132
[2025-03-28T19:13:12.632+0530][gc,metaspace] GC(17) Metaspace: 47436K(47936K)->47436K(47936K) NonClass: 42003K(42304K)->42003K(42304K) Class: 5433K(5632K)->5433K(5632K)
[2025-03-28T19:13:12.632+0530][gc          ] GC(17) Pause Young (Normal) (G1 Evacuation Pause) 225M->179M(1024M) 96.559ms
[2025-03-28T19:13:12.632+0530][gc,cpu      ] GC(17) User=0.07s Sys=0.00s Real=0.09s
[2025-03-28T19:13:17.556+0530][gc,start    ] GC(18) Pause Young (Normal) (G1 Evacuation Pause)
[2025-03-28T19:13:17.557+0530][gc,task     ] GC(18) Using 2 workers of 2 for evacuation
[2025-03-28T19:13:17.757+0530][gc,mmu      ] GC(18) MMU target violated: 21.0ms (20.0ms/21.0ms)
[2025-03-28T19:13:17.757+0530][gc,phases   ] GC(18)   Pre Evacuate Collection Set: 5.3ms
[2025-03-28T19:13:17.757+0530][gc,phases   ] GC(18)   Merge Heap Roots: 0.1ms
[2025-03-28T19:13:17.757+0530][gc,phases   ] GC(18)   Evacuate Collection Set: 194.1ms
[2025-03-28T19:13:17.757+0530][gc,phases   ] GC(18)   Post Evacuate Collection Set: 0.5ms
[2025-03-28T19:13:17.757+0530][gc,phases   ] GC(18)   Other: 0.3ms
[2025-03-28T19:13:17.757+0530][gc,heap     ] GC(18) Eden regions: 50->0(44)
[2025-03-28T19:13:17.757+0530][gc,heap     ] GC(18) Survivor regions: 1->7(7)
[2025-03-28T19:13:17.757+0530][gc,heap     ] GC(18) Old regions: 46->46
[2025-03-28T19:13:17.757+0530][gc,heap     ] GC(18) Archive regions: 2->2
[2025-03-28T19:13:17.757+0530][gc,heap     ] GC(18) Humongous regions: 132->132
[2025-03-28T19:13:17.757+0530][gc,metaspace] GC(18) Metaspace: 47458K(47936K)->47458K(47936K) NonClass: 42025K(42304K)->42025K(42304K) Class: 5433K(5632K)->5433K(5632K)
[2025-03-28T19:13:17.757+0530][gc          ] GC(18) Pause Young (Normal) (G1 Evacuation Pause) 229M->185M(1024M) 200.465ms
[2025-03-28T19:13:17.757+0530][gc,cpu      ] GC(18) User=0.06s Sys=0.02s Real=0.20s
[2025-03-28T19:13:18.288+0530][gc,start    ] GC(19) Pause Young (Normal) (G1 Evacuation Pause)
[2025-03-28T19:13:18.288+0530][gc,task     ] GC(19) Using 2 workers of 2 for evacuation
[2025-03-28T19:13:18.367+0530][gc,mmu      ] GC(19) MMU target violated: 21.0ms (20.0ms/21.0ms)
[2025-03-28T19:13:18.367+0530][gc,phases   ] GC(19)   Pre Evacuate Collection Set: 0.3ms
[2025-03-28T19:13:18.367+0530][gc,phases   ] GC(19)   Merge Heap Roots: 0.1ms
[2025-03-28T19:13:18.367+0530][gc,phases   ] GC(19)   Evacuate Collection Set: 71.8ms
[2025-03-28T19:13:18.367+0530][gc,phases   ] GC(19)   Post Evacuate Collection Set: 7.1ms
[2025-03-28T19:13:18.367+0530][gc,phases   ] GC(19)   Other: 0.3ms
[2025-03-28T19:13:18.367+0530][gc,heap     ] GC(19) Eden regions: 44->0(45)
[2025-03-28T19:13:18.367+0530][gc,heap     ] GC(19) Survivor regions: 7->6(7)
[2025-03-28T19:13:18.367+0530][gc,heap     ] GC(19) Old regions: 46->47
[2025-03-28T19:13:18.367+0530][gc,heap     ] GC(19) Archive regions: 2->2
[2025-03-28T19:13:18.367+0530][gc,heap     ] GC(19) Humongous regions: 134->134
[2025-03-28T19:13:18.367+0530][gc,metaspace] GC(19) Metaspace: 47474K(48000K)->47474K(48000K) NonClass: 42038K(42368K)->42038K(42368K) Class: 5435K(5632K)->5435K(5632K)
[2025-03-28T19:13:18.367+0530][gc          ] GC(19) Pause Young (Normal) (G1 Evacuation Pause) 231M->186M(1024M) 79.553ms
[2025-03-28T19:13:18.367+0530][gc,cpu      ] GC(19) User=0.02s Sys=0.00s Real=0.07s
[2025-03-28T19:13:18.495+0530][gc,start    ] GC(20) Pause Young (Normal) (GCLocker Initiated GC)
[2025-03-28T19:13:18.495+0530][gc,task     ] GC(20) Using 2 workers of 2 for evacuation
[2025-03-28T19:13:18.544+0530][gc,mmu      ] GC(20) MMU target violated: 21.0ms (20.0ms/21.0ms)
[2025-03-28T19:13:18.544+0530][gc,phases   ] GC(20)   Pre Evacuate Collection Set: 3.8ms
[2025-03-28T19:13:18.544+0530][gc,phases   ] GC(20)   Merge Heap Roots: 11.2ms
[2025-03-28T19:13:18.544+0530][gc,phases   ] GC(20)   Evacuate Collection Set: 33.0ms
[2025-03-28T19:13:18.544+0530][gc,phases   ] GC(20)   Post Evacuate Collection Set: 0.5ms
[2025-03-28T19:13:18.544+0530][gc,phases   ] GC(20)   Other: 0.2ms
[2025-03-28T19:13:18.544+0530][gc,heap     ] GC(20) Eden regions: 46->0(49)
[2025-03-28T19:13:18.544+0530][gc,heap     ] GC(20) Survivor regions: 6->2(7)
[2025-03-28T19:13:18.544+0530][gc,heap     ] GC(20) Old regions: 47->52
[2025-03-28T19:13:18.544+0530][gc,heap     ] GC(20) Archive regions: 2->2
[2025-03-28T19:13:18.544+0530][gc,heap     ] GC(20) Humongous regions: 134->134
[2025-03-28T19:13:18.544+0530][gc,metaspace] GC(20) Metaspace: 47489K(48000K)->47489K(48000K) NonClass: 42053K(42368K)->42053K(42368K) Class: 5435K(5632K)->5435K(5632K)
[2025-03-28T19:13:18.544+0530][gc          ] GC(20) Pause Young (Normal) (GCLocker Initiated GC) 232M->188M(1024M) 48.708ms
[2025-03-28T19:13:18.544+0530][gc,cpu      ] GC(20) User=0.02s Sys=0.00s Real=0.05s
[2025-03-28T19:13:18.986+0530][gc,start    ] GC(21) Pause Young (Normal) (G1 Evacuation Pause)
[2025-03-28T19:13:18.986+0530][gc,task     ] GC(21) Using 2 workers of 2 for evacuation
[2025-03-28T19:13:19.002+0530][gc,phases   ] GC(21)   Pre Evacuate Collection Set: 1.6ms
[2025-03-28T19:13:19.002+0530][gc,phases   ] GC(21)   Merge Heap Roots: 1.1ms
[2025-03-28T19:13:19.002+0530][gc,phases   ] GC(21)   Evacuate Collection Set: 9.7ms
[2025-03-28T19:13:19.002+0530][gc,phases   ] GC(21)   Post Evacuate Collection Set: 3.3ms
[2025-03-28T19:13:19.002+0530][gc,phases   ] GC(21)   Other: 0.2ms
[2025-03-28T19:13:19.002+0530][gc,heap     ] GC(21) Eden regions: 49->0(47)
[2025-03-28T19:13:19.002+0530][gc,heap     ] GC(21) Survivor regions: 2->4(7)
[2025-03-28T19:13:19.002+0530][gc,heap     ] GC(21) Old regions: 52->52
[2025-03-28T19:13:19.002+0530][gc,heap     ] GC(21) Archive regions: 2->2
[2025-03-28T19:13:19.002+0530][gc,heap     ] GC(21) Humongous regions: 136->136
[2025-03-28T19:13:19.002+0530][gc,metaspace] GC(21) Metaspace: 47491K(48000K)->47491K(48000K) NonClass: 42056K(42368K)->42056K(42368K) Class: 5435K(5632K)->5435K(5632K)
[2025-03-28T19:13:19.002+0530][gc          ] GC(21) Pause Young (Normal) (G1 Evacuation Pause) 239M->192M(1024M) 16.053ms
[2025-03-28T19:13:19.002+0530][gc,cpu      ] GC(21) User=0.01s Sys=0.00s Real=0.01s
[2025-03-28T19:13:26.795+0530][gc,start    ] GC(22) Pause Young (Normal) (G1 Evacuation Pause)
[2025-03-28T19:13:26.795+0530][gc,task     ] GC(22) Using 2 workers of 2 for evacuation
[2025-03-28T19:13:26.879+0530][gc,mmu      ] GC(22) MMU target violated: 21.0ms (20.0ms/21.0ms)
[2025-03-28T19:13:26.879+0530][gc,phases   ] GC(22)   Pre Evacuate Collection Set: 2.7ms
[2025-03-28T19:13:26.879+0530][gc,phases   ] GC(22)   Merge Heap Roots: 2.0ms
[2025-03-28T19:13:26.879+0530][gc,phases   ] GC(22)   Evacuate Collection Set: 78.3ms
[2025-03-28T19:13:26.879+0530][gc,phases   ] GC(22)   Post Evacuate Collection Set: 0.5ms
[2025-03-28T19:13:26.879+0530][gc,phases   ] GC(22)   Other: 0.4ms
[2025-03-28T19:13:26.879+0530][gc,heap     ] GC(22) Eden regions: 47->0(44)
[2025-03-28T19:13:26.879+0530][gc,heap     ] GC(22) Survivor regions: 4->7(7)
[2025-03-28T19:13:26.879+0530][gc,heap     ] GC(22) Old regions: 52->54
[2025-03-28T19:13:26.879+0530][gc,heap     ] GC(22) Archive regions: 2->2
[2025-03-28T19:13:26.879+0530][gc,heap     ] GC(22) Humongous regions: 136->134
[2025-03-28T19:13:26.879+0530][gc,metaspace] GC(22) Metaspace: 47503K(48000K)->47503K(48000K) NonClass: 42067K(42368K)->42067K(42368K) Class: 5435K(5632K)->5435K(5632K)
[2025-03-28T19:13:26.879+0530][gc          ] GC(22) Pause Young (Normal) (G1 Evacuation Pause) 239M->195M(1024M) 84.037ms
[2025-03-28T19:13:26.879+0530][gc,cpu      ] GC(22) User=0.02s Sys=0.01s Real=0.09s
[2025-03-28T19:13:27.366+0530][gc,start    ] GC(23) Pause Young (Normal) (G1 Evacuation Pause)
[2025-03-28T19:13:27.366+0530][gc,task     ] GC(23) Using 2 workers of 2 for evacuation
[2025-03-28T19:13:27.464+0530][gc,mmu      ] GC(23) MMU target violated: 21.0ms (20.0ms/21.0ms)
[2025-03-28T19:13:27.464+0530][gc,phases   ] GC(23)   Pre Evacuate Collection Set: 0.3ms
[2025-03-28T19:13:27.464+0530][gc,phases   ] GC(23)   Merge Heap Roots: 0.1ms
[2025-03-28T19:13:27.464+0530][gc,phases   ] GC(23)   Evacuate Collection Set: 97.8ms
[2025-03-28T19:13:27.464+0530][gc,phases   ] GC(23)   Post Evacuate Collection Set: 0.4ms
[2025-03-28T19:13:27.464+0530][gc,phases   ] GC(23)   Other: 0.2ms
[2025-03-28T19:13:27.464+0530][gc,heap     ] GC(23) Eden regions: 44->0(49)
[2025-03-28T19:13:27.464+0530][gc,heap     ] GC(23) Survivor regions: 7->2(7)
[2025-03-28T19:13:27.464+0530][gc,heap     ] GC(23) Old regions: 54->57
[2025-03-28T19:13:27.464+0530][gc,heap     ] GC(23) Archive regions: 2->2
[2025-03-28T19:13:27.464+0530][gc,heap     ] GC(23) Humongous regions: 136->136
[2025-03-28T19:13:27.464+0530][gc,metaspace] GC(23) Metaspace: 47513K(48000K)->47513K(48000K) NonClass: 42077K(42368K)->42077K(42368K) Class: 5435K(5632K)->5435K(5632K)
[2025-03-28T19:13:27.464+0530][gc          ] GC(23) Pause Young (Normal) (G1 Evacuation Pause) 241M->195M(1024M) 98.886ms
[2025-03-28T19:13:27.465+0530][gc,cpu      ] GC(23) User=0.01s Sys=0.00s Real=0.10s
[2025-03-28T19:13:27.762+0530][gc,start    ] GC(24) Pause Young (Normal) (G1 Evacuation Pause)
[2025-03-28T19:13:27.762+0530][gc,task     ] GC(24) Using 2 workers of 2 for evacuation
[2025-03-28T19:13:27.787+0530][gc,mmu      ] GC(24) MMU target violated: 21.0ms (20.0ms/21.0ms)
[2025-03-28T19:13:27.787+0530][gc,phases   ] GC(24)   Pre Evacuate Collection Set: 0.2ms
[2025-03-28T19:13:27.787+0530][gc,phases   ] GC(24)   Merge Heap Roots: 0.1ms
[2025-03-28T19:13:27.787+0530][gc,phases   ] GC(24)   Evacuate Collection Set: 24.6ms
[2025-03-28T19:13:27.787+0530][gc,phases   ] GC(24)   Post Evacuate Collection Set: 0.6ms
[2025-03-28T19:13:27.787+0530][gc,phases   ] GC(24)   Other: 0.2ms
[2025-03-28T19:13:27.787+0530][gc,heap     ] GC(24) Eden regions: 49->0(46)
[2025-03-28T19:13:27.787+0530][gc,heap     ] GC(24) Survivor regions: 2->5(7)
[2025-03-28T19:13:27.787+0530][gc,heap     ] GC(24) Old regions: 57->57
[2025-03-28T19:13:27.787+0530][gc,heap     ] GC(24) Archive regions: 2->2
[2025-03-28T19:13:27.787+0530][gc,heap     ] GC(24) Humongous regions: 136->134
[2025-03-28T19:13:27.787+0530][gc,metaspace] GC(24) Metaspace: 47552K(48000K)->47552K(48000K) NonClass: 42110K(42368K)->42110K(42368K) Class: 5442K(5632K)->5442K(5632K)
[2025-03-28T19:13:27.787+0530][gc          ] GC(24) Pause Young (Normal) (G1 Evacuation Pause) 244M->196M(1024M) 25.705ms
[2025-03-28T19:13:27.787+0530][gc,cpu      ] GC(24) User=0.01s Sys=0.01s Real=0.03s
[2025-03-28T19:13:28.108+0530][gc,start    ] GC(25) Pause Young (Normal) (G1 Evacuation Pause)
[2025-03-28T19:13:28.108+0530][gc,task     ] GC(25) Using 2 workers of 2 for evacuation
[2025-03-28T19:13:28.142+0530][gc,mmu      ] GC(25) MMU target violated: 21.0ms (20.0ms/21.0ms)
[2025-03-28T19:13:28.142+0530][gc,phases   ] GC(25)   Pre Evacuate Collection Set: 0.3ms
[2025-03-28T19:13:28.142+0530][gc,phases   ] GC(25)   Merge Heap Roots: 0.1ms
[2025-03-28T19:13:28.142+0530][gc,phases   ] GC(25)   Evacuate Collection Set: 32.4ms
[2025-03-28T19:13:28.142+0530][gc,phases   ] GC(25)   Post Evacuate Collection Set: 1.1ms
[2025-03-28T19:13:28.142+0530][gc,phases   ] GC(25)   Other: 0.2ms
[2025-03-28T19:13:28.142+0530][gc,heap     ] GC(25) Eden regions: 46->0(49)
[2025-03-28T19:13:28.142+0530][gc,heap     ] GC(25) Survivor regions: 5->2(7)
[2025-03-28T19:13:28.142+0530][gc,heap     ] GC(25) Old regions: 57->58
[2025-03-28T19:13:28.142+0530][gc,heap     ] GC(25) Archive regions: 2->2
[2025-03-28T19:13:28.142+0530][gc,heap     ] GC(25) Humongous regions: 136->136
[2025-03-28T19:13:28.142+0530][gc,metaspace] GC(25) Metaspace: 47557K(48000K)->47557K(48000K) NonClass: 42115K(42368K)->42115K(42368K) Class: 5442K(5632K)->5442K(5632K)
[2025-03-28T19:13:28.142+0530][gc          ] GC(25) Pause Young (Normal) (G1 Evacuation Pause) 244M->196M(1024M) 34.113ms
[2025-03-28T19:13:28.142+0530][gc,cpu      ] GC(25) User=0.02s Sys=0.00s Real=0.03s
[2025-03-28T19:13:36.628+0530][gc,start    ] GC(26) Pause Young (Normal) (G1 Evacuation Pause)
[2025-03-28T19:13:36.628+0530][gc,task     ] GC(26) Using 2 workers of 2 for evacuation
[2025-03-28T19:13:36.703+0530][gc,mmu      ] GC(26) MMU target violated: 21.0ms (20.0ms/21.0ms)
[2025-03-28T19:13:36.703+0530][gc,phases   ] GC(26)   Pre Evacuate Collection Set: 21.6ms
[2025-03-28T19:13:36.703+0530][gc,phases   ] GC(26)   Merge Heap Roots: 0.8ms
[2025-03-28T19:13:36.703+0530][gc,phases   ] GC(26)   Evacuate Collection Set: 51.3ms
[2025-03-28T19:13:36.703+0530][gc,phases   ] GC(26)   Post Evacuate Collection Set: 1.4ms
[2025-03-28T19:13:36.703+0530][gc,phases   ] GC(26)   Other: 0.2ms
[2025-03-28T19:13:36.703+0530][gc,heap     ] GC(26) Eden regions: 49->0(46)
[2025-03-28T19:13:36.703+0530][gc,heap     ] GC(26) Survivor regions: 2->5(7)
[2025-03-28T19:13:36.703+0530][gc,heap     ] GC(26) Old regions: 58->58
[2025-03-28T19:13:36.703+0530][gc,heap     ] GC(26) Archive regions: 2->2
[2025-03-28T19:13:36.703+0530][gc,heap     ] GC(26) Humongous regions: 136->134
[2025-03-28T19:13:36.703+0530][gc,metaspace] GC(26) Metaspace: 47603K(48128K)->47603K(48128K) NonClass: 42161K(42496K)->42161K(42496K) Class: 5442K(5632K)->5442K(5632K)
[2025-03-28T19:13:36.703+0530][gc          ] GC(26) Pause Young (Normal) (G1 Evacuation Pause) 245M->197M(1024M) 75.354ms
[2025-03-28T19:13:36.703+0530][gc,cpu      ] GC(26) User=0.02s Sys=0.00s Real=0.07s
[2025-03-28T19:13:37.237+0530][gc,start    ] GC(27) Pause Young (Normal) (G1 Evacuation Pause)
[2025-03-28T19:13:37.237+0530][gc,task     ] GC(27) Using 2 workers of 2 for evacuation
[2025-03-28T19:13:37.272+0530][gc,mmu      ] GC(27) MMU target violated: 21.0ms (20.0ms/21.0ms)
[2025-03-28T19:13:37.272+0530][gc,phases   ] GC(27)   Pre Evacuate Collection Set: 0.3ms
[2025-03-28T19:13:37.273+0530][gc,phases   ] GC(27)   Merge Heap Roots: 0.1ms
[2025-03-28T19:13:37.273+0530][gc,phases   ] GC(27)   Evacuate Collection Set: 33.9ms
[2025-03-28T19:13:37.273+0530][gc,phases   ] GC(27)   Post Evacuate Collection Set: 1.1ms
[2025-03-28T19:13:37.273+0530][gc,phases   ] GC(27)   Other: 0.4ms
[2025-03-28T19:13:37.273+0530][gc,heap     ] GC(27) Eden regions: 46->0(49)
[2025-03-28T19:13:37.273+0530][gc,heap     ] GC(27) Survivor regions: 5->2(7)
[2025-03-28T19:13:37.279+0530][gc,heap     ] GC(27) Old regions: 58->59
[2025-03-28T19:13:37.279+0530][gc,heap     ] GC(27) Archive regions: 2->2
[2025-03-28T19:13:37.279+0530][gc,heap     ] GC(27) Humongous regions: 136->136
[2025-03-28T19:13:37.279+0530][gc,metaspace] GC(27) Metaspace: 47629K(48128K)->47629K(48128K) NonClass: 42187K(42496K)->42187K(42496K) Class: 5442K(5632K)->5442K(5632K)
[2025-03-28T19:13:37.279+0530][gc          ] GC(27) Pause Young (Normal) (G1 Evacuation Pause) 245M->197M(1024M) 42.204ms
[2025-03-28T19:13:37.279+0530][gc,cpu      ] GC(27) User=0.02s Sys=0.00s Real=0.04s
[2025-03-28T19:13:37.608+0530][gc,start    ] GC(28) Pause Young (Normal) (G1 Evacuation Pause)
[2025-03-28T19:13:37.608+0530][gc,task     ] GC(28) Using 2 workers of 2 for evacuation
[2025-03-28T19:13:37.630+0530][gc,mmu      ] GC(28) MMU target violated: 21.0ms (20.0ms/21.0ms)
[2025-03-28T19:13:37.631+0530][gc,phases   ] GC(28)   Pre Evacuate Collection Set: 0.4ms
[2025-03-28T19:13:37.631+0530][gc,phases   ] GC(28)   Merge Heap Roots: 0.1ms
[2025-03-28T19:13:37.631+0530][gc,phases   ] GC(28)   Evacuate Collection Set: 21.0ms
[2025-03-28T19:13:37.631+0530][gc,phases   ] GC(28)   Post Evacuate Collection Set: 0.5ms
[2025-03-28T19:13:37.631+0530][gc,phases   ] GC(28)   Other: 0.3ms
[2025-03-28T19:13:37.631+0530][gc,heap     ] GC(28) Eden regions: 49->0(46)
[2025-03-28T19:13:37.631+0530][gc,heap     ] GC(28) Survivor regions: 2->5(7)
[2025-03-28T19:13:37.631+0530][gc,heap     ] GC(28) Old regions: 59->59
[2025-03-28T19:13:37.631+0530][gc,heap     ] GC(28) Archive regions: 2->2
[2025-03-28T19:13:37.631+0530][gc,heap     ] GC(28) Humongous regions: 136->134
[2025-03-28T19:13:37.631+0530][gc,metaspace] GC(28) Metaspace: 47636K(48128K)->47636K(48128K) NonClass: 42194K(42496K)->42194K(42496K) Class: 5442K(5632K)->5442K(5632K)
[2025-03-28T19:13:37.631+0530][gc          ] GC(28) Pause Young (Normal) (G1 Evacuation Pause) 246M->198M(1024M) 22.430ms
[2025-03-28T19:13:37.631+0530][gc,cpu      ] GC(28) User=0.01s Sys=0.01s Real=0.01s
[2025-03-28T19:13:38.056+0530][gc,start    ] GC(29) Pause Young (Normal) (G1 Evacuation Pause)
[2025-03-28T19:13:38.056+0530][gc,task     ] GC(29) Using 2 workers of 2 for evacuation
[2025-03-28T19:13:38.073+0530][gc,phases   ] GC(29)   Pre Evacuate Collection Set: 0.3ms
[2025-03-28T19:13:38.073+0530][gc,phases   ] GC(29)   Merge Heap Roots: 0.1ms
[2025-03-28T19:13:38.073+0530][gc,phases   ] GC(29)   Evacuate Collection Set: 15.4ms
[2025-03-28T19:13:38.073+0530][gc,phases   ] GC(29)   Post Evacuate Collection Set: 0.5ms
[2025-03-28T19:13:38.073+0530][gc,phases   ] GC(29)   Other: 0.2ms
[2025-03-28T19:13:38.073+0530][gc,heap     ] GC(29) Eden regions: 46->0(49)
[2025-03-28T19:13:38.073+0530][gc,heap     ] GC(29) Survivor regions: 5->2(7)
[2025-03-28T19:13:38.073+0530][gc,heap     ] GC(29) Old regions: 59->60
[2025-03-28T19:13:38.073+0530][gc,heap     ] GC(29) Archive regions: 2->2
[2025-03-28T19:13:38.073+0530][gc,heap     ] GC(29) Humongous regions: 136->136
[2025-03-28T19:13:38.073+0530][gc,metaspace] GC(29) Metaspace: 47647K(48128K)->47647K(48128K) NonClass: 42205K(42496K)->42205K(42496K) Class: 5442K(5632K)->5442K(5632K)
[2025-03-28T19:13:38.073+0530][gc          ] GC(29) Pause Young (Normal) (G1 Evacuation Pause) 246M->198M(1024M) 16.591ms
[2025-03-28T19:13:38.073+0530][gc,cpu      ] GC(29) User=0.01s Sys=0.00s Real=0.01s
[2025-03-28T19:13:46.371+0530][gc,start    ] GC(30) Pause Young (Normal) (G1 Evacuation Pause)
[2025-03-28T19:13:46.371+0530][gc,task     ] GC(30) Using 2 workers of 2 for evacuation
[2025-03-28T19:13:46.439+0530][gc,mmu      ] GC(30) MMU target violated: 21.0ms (20.0ms/21.0ms)
[2025-03-28T19:13:46.439+0530][gc,phases   ] GC(30)   Pre Evacuate Collection Set: 4.5ms
[2025-03-28T19:13:46.439+0530][gc,phases   ] GC(30)   Merge Heap Roots: 0.5ms
[2025-03-28T19:13:46.439+0530][gc,phases   ] GC(30)   Evacuate Collection Set: 62.2ms
[2025-03-28T19:13:46.439+0530][gc,phases   ] GC(30)   Post Evacuate Collection Set: 0.6ms
[2025-03-28T19:13:46.439+0530][gc,phases   ] GC(30)   Other: 0.2ms
[2025-03-28T19:13:46.439+0530][gc,heap     ] GC(30) Eden regions: 49->0(46)
[2025-03-28T19:13:46.439+0530][gc,heap     ] GC(30) Survivor regions: 2->5(7)
[2025-03-28T19:13:46.439+0530][gc,heap     ] GC(30) Old regions: 60->60
[2025-03-28T19:13:46.439+0530][gc,heap     ] GC(30) Archive regions: 2->2
[2025-03-28T19:13:46.439+0530][gc,heap     ] GC(30) Humongous regions: 136->134
[2025-03-28T19:13:46.439+0530][gc,metaspace] GC(30) Metaspace: 47718K(48192K)->47718K(48192K) NonClass: 42276K(42560K)->42276K(42560K) Class: 5442K(5632K)->5442K(5632K)
[2025-03-28T19:13:46.439+0530][gc          ] GC(30) Pause Young (Normal) (G1 Evacuation Pause) 247M->198M(1024M) 68.122ms
[2025-03-28T19:13:46.439+0530][gc,cpu      ] GC(30) User=0.01s Sys=0.00s Real=0.06s
[2025-03-28T19:13:47.057+0530][gc,start    ] GC(31) Pause Young (Normal) (G1 Evacuation Pause)
[2025-03-28T19:13:47.057+0530][gc,task     ] GC(31) Using 2 workers of 2 for evacuation
[2025-03-28T19:13:47.113+0530][gc,mmu      ] GC(31) MMU target violated: 21.0ms (20.0ms/21.0ms)
[2025-03-28T19:13:47.113+0530][gc,phases   ] GC(31)   Pre Evacuate Collection Set: 12.3ms
[2025-03-28T19:13:47.113+0530][gc,phases   ] GC(31)   Merge Heap Roots: 0.1ms
[2025-03-28T19:13:47.113+0530][gc,phases   ] GC(31)   Evacuate Collection Set: 37.9ms
[2025-03-28T19:13:47.113+0530][gc,phases   ] GC(31)   Post Evacuate Collection Set: 5.4ms
[2025-03-28T19:13:47.113+0530][gc,phases   ] GC(31)   Other: 0.3ms
[2025-03-28T19:13:47.113+0530][gc,heap     ] GC(31) Eden regions: 46->0(49)
[2025-03-28T19:13:47.113+0530][gc,heap     ] GC(31) Survivor regions: 5->2(7)
[2025-03-28T19:13:47.113+0530][gc,heap     ] GC(31) Old regions: 60->61
[2025-03-28T19:13:47.113+0530][gc,heap     ] GC(31) Archive regions: 2->2
[2025-03-28T19:13:47.113+0530][gc,heap     ] GC(31) Humongous regions: 136->136
[2025-03-28T19:13:47.113+0530][gc,metaspace] GC(31) Metaspace: 47734K(48192K)->47734K(48192K) NonClass: 42291K(42560K)->42291K(42560K) Class: 5442K(5632K)->5442K(5632K)
[2025-03-28T19:13:47.113+0530][gc          ] GC(31) Pause Young (Normal) (G1 Evacuation Pause) 246M->198M(1024M) 56.079ms
[2025-03-28T19:13:47.113+0530][gc,cpu      ] GC(31) User=0.01s Sys=0.00s Real=0.06s
[2025-03-28T19:13:47.587+0530][gc,start    ] GC(32) Pause Young (Normal) (G1 Evacuation Pause)
[2025-03-28T19:13:47.587+0530][gc,task     ] GC(32) Using 2 workers of 2 for evacuation
[2025-03-28T19:13:47.600+0530][gc,phases   ] GC(32)   Pre Evacuate Collection Set: 0.3ms
[2025-03-28T19:13:47.600+0530][gc,phases   ] GC(32)   Merge Heap Roots: 0.1ms
[2025-03-28T19:13:47.600+0530][gc,phases   ] GC(32)   Evacuate Collection Set: 12.5ms
[2025-03-28T19:13:47.600+0530][gc,phases   ] GC(32)   Post Evacuate Collection Set: 0.4ms
[2025-03-28T19:13:47.600+0530][gc,phases   ] GC(32)   Other: 0.1ms
[2025-03-28T19:13:47.600+0530][gc,heap     ] GC(32) Eden regions: 49->0(46)
[2025-03-28T19:13:47.600+0530][gc,heap     ] GC(32) Survivor regions: 2->5(7)
[2025-03-28T19:13:47.600+0530][gc,heap     ] GC(32) Old regions: 61->61
[2025-03-28T19:13:47.600+0530][gc,heap     ] GC(32) Archive regions: 2->2
[2025-03-28T19:13:47.600+0530][gc,heap     ] GC(32) Humongous regions: 136->134
[2025-03-28T19:13:47.600+0530][gc,metaspace] GC(32) Metaspace: 47737K(48192K)->47737K(48192K) NonClass: 42294K(42560K)->42294K(42560K) Class: 5442K(5632K)->5442K(5632K)
[2025-03-28T19:13:47.601+0530][gc          ] GC(32) Pause Young (Normal) (G1 Evacuation Pause) 247M->199M(1024M) 13.599ms
[2025-03-28T19:13:47.601+0530][gc,cpu      ] GC(32) User=0.01s Sys=0.00s Real=0.02s
[2025-03-28T19:13:47.793+0530][gc,start    ] GC(33) Pause Young (Normal) (G1 Evacuation Pause)
[2025-03-28T19:13:47.793+0530][gc,task     ] GC(33) Using 2 workers of 2 for evacuation
[2025-03-28T19:13:47.798+0530][gc,phases   ] GC(33)   Pre Evacuate Collection Set: 0.2ms
[2025-03-28T19:13:47.798+0530][gc,phases   ] GC(33)   Merge Heap Roots: 0.1ms
[2025-03-28T19:13:47.798+0530][gc,phases   ] GC(33)   Evacuate Collection Set: 4.0ms
[2025-03-28T19:13:47.798+0530][gc,phases   ] GC(33)   Post Evacuate Collection Set: 0.4ms
[2025-03-28T19:13:47.798+0530][gc,phases   ] GC(33)   Other: 0.2ms
[2025-03-28T19:13:47.798+0530][gc,heap     ] GC(33) Eden regions: 46->0(49)
[2025-03-28T19:13:47.798+0530][gc,heap     ] GC(33) Survivor regions: 5->2(7)
[2025-03-28T19:13:47.798+0530][gc,heap     ] GC(33) Old regions: 61->61
[2025-03-28T19:13:47.798+0530][gc,heap     ] GC(33) Archive regions: 2->2
[2025-03-28T19:13:47.798+0530][gc,heap     ] GC(33) Humongous regions: 136->136
[2025-03-28T19:13:47.798+0530][gc,metaspace] GC(33) Metaspace: 47739K(48192K)->47739K(48192K) NonClass: 42296K(42560K)->42296K(42560K) Class: 5442K(5632K)->5442K(5632K)
[2025-03-28T19:13:47.798+0530][gc          ] GC(33) Pause Young (Normal) (G1 Evacuation Pause) 247M->199M(1024M) 4.943ms
[2025-03-28T19:13:47.798+0530][gc,cpu      ] GC(33) User=0.00s Sys=0.00s Real=0.00s
[2025-03-28T19:13:56.824+0530][gc,start    ] GC(34) Pause Young (Normal) (G1 Evacuation Pause)
[2025-03-28T19:13:56.825+0530][gc,task     ] GC(34) Using 2 workers of 2 for evacuation
[2025-03-28T19:13:56.856+0530][gc,mmu      ] GC(34) MMU target violated: 21.0ms (20.0ms/21.0ms)
[2025-03-28T19:13:56.856+0530][gc,phases   ] GC(34)   Pre Evacuate Collection Set: 11.0ms
[2025-03-28T19:13:56.856+0530][gc,phases   ] GC(34)   Merge Heap Roots: 2.8ms
[2025-03-28T19:13:56.856+0530][gc,phases   ] GC(34)   Evacuate Collection Set: 16.5ms
[2025-03-28T19:13:56.856+0530][gc,phases   ] GC(34)   Post Evacuate Collection Set: 0.9ms
[2025-03-28T19:13:56.856+0530][gc,phases   ] GC(34)   Other: 0.5ms
[2025-03-28T19:13:56.856+0530][gc,heap     ] GC(34) Eden regions: 49->0(46)
[2025-03-28T19:13:56.856+0530][gc,heap     ] GC(34) Survivor regions: 2->5(7)
[2025-03-28T19:13:56.856+0530][gc,heap     ] GC(34) Old regions: 61->61
[2025-03-28T19:13:56.856+0530][gc,heap     ] GC(34) Archive regions: 2->2
[2025-03-28T19:13:56.856+0530][gc,heap     ] GC(34) Humongous regions: 136->134
[2025-03-28T19:13:56.856+0530][gc,metaspace] GC(34) Metaspace: 47781K(48256K)->47781K(48256K) NonClass: 42338K(42624K)->42338K(42624K) Class: 5443K(5632K)->5443K(5632K)
[2025-03-28T19:13:56.856+0530][gc          ] GC(34) Pause Young (Normal) (G1 Evacuation Pause) 248M->200M(1024M) 31.759ms
[2025-03-28T19:13:56.856+0530][gc,cpu      ] GC(34) User=0.03s Sys=0.00s Real=0.04s
[2025-03-28T19:13:57.493+0530][gc,start    ] GC(35) Pause Young (Normal) (G1 Evacuation Pause)
[2025-03-28T19:13:57.494+0530][gc,task     ] GC(35) Using 2 workers of 2 for evacuation
[2025-03-28T19:13:57.561+0530][gc,mmu      ] GC(35) MMU target violated: 21.0ms (20.0ms/21.0ms)
[2025-03-28T19:13:57.561+0530][gc,phases   ] GC(35)   Pre Evacuate Collection Set: 2.5ms
[2025-03-28T19:13:57.561+0530][gc,phases   ] GC(35)   Merge Heap Roots: 2.0ms
[2025-03-28T19:13:57.561+0530][gc,phases   ] GC(35)   Evacuate Collection Set: 56.5ms
[2025-03-28T19:13:57.561+0530][gc,phases   ] GC(35)   Post Evacuate Collection Set: 6.5ms
[2025-03-28T19:13:57.561+0530][gc,phases   ] GC(35)   Other: 0.8ms
[2025-03-28T19:13:57.562+0530][gc,heap     ] GC(35) Eden regions: 46->0(49)
[2025-03-28T19:13:57.562+0530][gc,heap     ] GC(35) Survivor regions: 5->2(7)
[2025-03-28T19:13:57.562+0530][gc,heap     ] GC(35) Old regions: 61->62
[2025-03-28T19:13:57.562+0530][gc,heap     ] GC(35) Archive regions: 2->2
[2025-03-28T19:13:57.562+0530][gc,heap     ] GC(35) Humongous regions: 136->136
[2025-03-28T19:13:57.562+0530][gc,metaspace] GC(35) Metaspace: 47790K(48256K)->47790K(48256K) NonClass: 42346K(42624K)->42346K(42624K) Class: 5443K(5632K)->5443K(5632K)
[2025-03-28T19:13:57.562+0530][gc          ] GC(35) Pause Young (Normal) (G1 Evacuation Pause) 248M->200M(1024M) 68.340ms
[2025-03-28T19:13:57.562+0530][gc,cpu      ] GC(35) User=0.04s Sys=0.00s Real=0.07s
[2025-03-28T19:13:57.669+0530][gc,start    ] GC(36) Pause Young (Normal) (G1 Evacuation Pause)
[2025-03-28T19:13:57.669+0530][gc,task     ] GC(36) Using 2 workers of 2 for evacuation
[2025-03-28T19:13:57.681+0530][gc,phases   ] GC(36)   Pre Evacuate Collection Set: 0.4ms
[2025-03-28T19:13:57.681+0530][gc,phases   ] GC(36)   Merge Heap Roots: 0.1ms
[2025-03-28T19:13:57.681+0530][gc,phases   ] GC(36)   Evacuate Collection Set: 10.1ms
[2025-03-28T19:13:57.681+0530][gc,phases   ] GC(36)   Post Evacuate Collection Set: 1.2ms
[2025-03-28T19:13:57.681+0530][gc,phases   ] GC(36)   Other: 0.2ms
[2025-03-28T19:13:57.681+0530][gc,heap     ] GC(36) Eden regions: 49->0(46)
[2025-03-28T19:13:57.681+0530][gc,heap     ] GC(36) Survivor regions: 2->5(7)
[2025-03-28T19:13:57.681+0530][gc,heap     ] GC(36) Old regions: 62->62
[2025-03-28T19:13:57.681+0530][gc,heap     ] GC(36) Archive regions: 2->2
[2025-03-28T19:13:57.681+0530][gc,heap     ] GC(36) Humongous regions: 136->134
[2025-03-28T19:13:57.681+0530][gc,metaspace] GC(36) Metaspace: 47796K(48256K)->47796K(48256K) NonClass: 42352K(42624K)->42352K(42624K) Class: 5443K(5632K)->5443K(5632K)
[2025-03-28T19:13:57.681+0530][gc          ] GC(36) Pause Young (Normal) (G1 Evacuation Pause) 249M->200M(1024M) 12.154ms
[2025-03-28T19:13:57.681+0530][gc,cpu      ] GC(36) User=0.01s Sys=0.01s Real=0.01s
[2025-03-28T19:13:57.835+0530][gc,start    ] GC(37) Pause Young (Normal) (G1 Evacuation Pause)
[2025-03-28T19:13:57.835+0530][gc,task     ] GC(37) Using 2 workers of 2 for evacuation
[2025-03-28T19:13:57.854+0530][gc,phases   ] GC(37)   Pre Evacuate Collection Set: 0.4ms
[2025-03-28T19:13:57.854+0530][gc,phases   ] GC(37)   Merge Heap Roots: 0.2ms
[2025-03-28T19:13:57.855+0530][gc,phases   ] GC(37)   Evacuate Collection Set: 18.0ms
[2025-03-28T19:13:57.855+0530][gc,phases   ] GC(37)   Post Evacuate Collection Set: 1.0ms
[2025-03-28T19:13:57.855+0530][gc,phases   ] GC(37)   Other: 0.2ms
[2025-03-28T19:13:57.855+0530][gc,heap     ] GC(37) Eden regions: 46->0(49)
[2025-03-28T19:13:57.855+0530][gc,heap     ] GC(37) Survivor regions: 5->2(7)
[2025-03-28T19:13:57.855+0530][gc,heap     ] GC(37) Old regions: 62->63
[2025-03-28T19:13:57.855+0530][gc,heap     ] GC(37) Archive regions: 2->2
[2025-03-28T19:13:57.855+0530][gc,heap     ] GC(37) Humongous regions: 136->136
[2025-03-28T19:13:57.855+0530][gc,metaspace] GC(37) Metaspace: 47796K(48256K)->47796K(48256K) NonClass: 42352K(42624K)->42352K(42624K) Class: 5443K(5632K)->5443K(5632K)
[2025-03-28T19:13:57.861+0530][gc          ] GC(37) Pause Young (Normal) (G1 Evacuation Pause) 248M->201M(1024M) 26.318ms
[2025-03-28T19:13:57.861+0530][gc,cpu      ] GC(37) User=0.01s Sys=0.00s Real=0.03s
[2025-03-28T19:14:06.657+0530][gc,start    ] GC(38) Pause Young (Normal) (G1 Evacuation Pause)
[2025-03-28T19:14:06.657+0530][gc,task     ] GC(38) Using 2 workers of 2 for evacuation
[2025-03-28T19:14:06.689+0530][gc,mmu      ] GC(38) MMU target violated: 21.0ms (20.0ms/21.0ms)
[2025-03-28T19:14:06.689+0530][gc,phases   ] GC(38)   Pre Evacuate Collection Set: 0.2ms
[2025-03-28T19:14:06.689+0530][gc,phases   ] GC(38)   Merge Heap Roots: 0.1ms
[2025-03-28T19:14:06.689+0530][gc,phases   ] GC(38)   Evacuate Collection Set: 31.1ms
[2025-03-28T19:14:06.689+0530][gc,phases   ] GC(38)   Post Evacuate Collection Set: 0.7ms
[2025-03-28T19:14:06.689+0530][gc,phases   ] GC(38)   Other: 0.2ms
[2025-03-28T19:14:06.689+0530][gc,heap     ] GC(38) Eden regions: 49->0(46)
[2025-03-28T19:14:06.689+0530][gc,heap     ] GC(38) Survivor regions: 2->5(7)
[2025-03-28T19:14:06.689+0530][gc,heap     ] GC(38) Old regions: 63->63
[2025-03-28T19:14:06.689+0530][gc,heap     ] GC(38) Archive regions: 2->2
[2025-03-28T19:14:06.689+0530][gc,heap     ] GC(38) Humongous regions: 136->134
[2025-03-28T19:14:06.689+0530][gc,metaspace] GC(38) Metaspace: 47833K(48256K)->47833K(48256K) NonClass: 42390K(42624K)->42390K(42624K) Class: 5443K(5632K)->5443K(5632K)
[2025-03-28T19:14:06.690+0530][gc          ] GC(38) Pause Young (Normal) (G1 Evacuation Pause) 250M->201M(1024M) 32.536ms
[2025-03-28T19:14:06.690+0530][gc,cpu      ] GC(38) User=0.02s Sys=0.00s Real=0.02s
[2025-03-28T19:14:07.315+0530][gc,start    ] GC(39) Pause Young (Normal) (G1 Evacuation Pause)
[2025-03-28T19:14:07.315+0530][gc,task     ] GC(39) Using 2 workers of 2 for evacuation
[2025-03-28T19:14:07.344+0530][gc,mmu      ] GC(39) MMU target violated: 21.0ms (20.0ms/21.0ms)
[2025-03-28T19:14:07.344+0530][gc,phases   ] GC(39)   Pre Evacuate Collection Set: 0.3ms
[2025-03-28T19:14:07.344+0530][gc,phases   ] GC(39)   Merge Heap Roots: 0.1ms
[2025-03-28T19:14:07.344+0530][gc,phases   ] GC(39)   Evacuate Collection Set: 27.7ms
[2025-03-28T19:14:07.344+0530][gc,phases   ] GC(39)   Post Evacuate Collection Set: 0.6ms
[2025-03-28T19:14:07.344+0530][gc,phases   ] GC(39)   Other: 0.2ms
[2025-03-28T19:14:07.344+0530][gc,heap     ] GC(39) Eden regions: 46->0(49)
[2025-03-28T19:14:07.344+0530][gc,heap     ] GC(39) Survivor regions: 5->2(7)
[2025-03-28T19:14:07.344+0530][gc,heap     ] GC(39) Old regions: 63->64
[2025-03-28T19:14:07.344+0530][gc,heap     ] GC(39) Archive regions: 2->2
[2025-03-28T19:14:07.344+0530][gc,heap     ] GC(39) Humongous regions: 136->136
[2025-03-28T19:14:07.344+0530][gc,metaspace] GC(39) Metaspace: 47855K(48320K)->47855K(48320K) NonClass: 42411K(42688K)->42411K(42688K) Class: 5443K(5632K)->5443K(5632K)
[2025-03-28T19:14:07.344+0530][gc          ] GC(39) Pause Young (Normal) (G1 Evacuation Pause) 249M->201M(1024M) 28.931ms
[2025-03-28T19:14:07.344+0530][gc,cpu      ] GC(39) User=0.03s Sys=0.01s Real=0.03s
[2025-03-28T19:14:07.519+0530][gc,start    ] GC(40) Pause Young (Normal) (G1 Evacuation Pause)
[2025-03-28T19:14:07.519+0530][gc,task     ] GC(40) Using 2 workers of 2 for evacuation
[2025-03-28T19:14:07.529+0530][gc,phases   ] GC(40)   Pre Evacuate Collection Set: 0.2ms
[2025-03-28T19:14:07.529+0530][gc,phases   ] GC(40)   Merge Heap Roots: 0.1ms
[2025-03-28T19:14:07.529+0530][gc,phases   ] GC(40)   Evacuate Collection Set: 9.3ms
[2025-03-28T19:14:07.529+0530][gc,phases   ] GC(40)   Post Evacuate Collection Set: 0.5ms
[2025-03-28T19:14:07.529+0530][gc,phases   ] GC(40)   Other: 0.2ms
[2025-03-28T19:14:07.529+0530][gc,heap     ] GC(40) Eden regions: 49->0(47)
[2025-03-28T19:14:07.529+0530][gc,heap     ] GC(40) Survivor regions: 2->4(7)
[2025-03-28T19:14:07.529+0530][gc,heap     ] GC(40) Old regions: 64->64
[2025-03-28T19:14:07.529+0530][gc,heap     ] GC(40) Archive regions: 2->2
[2025-03-28T19:14:07.529+0530][gc,heap     ] GC(40) Humongous regions: 136->134
[2025-03-28T19:14:07.529+0530][gc,metaspace] GC(40) Metaspace: 47970K(48512K)->47970K(48512K) NonClass: 42505K(42816K)->42505K(42816K) Class: 5465K(5696K)->5465K(5696K)
[2025-03-28T19:14:07.529+0530][gc          ] GC(40) Pause Young (Normal) (G1 Evacuation Pause) 250M->202M(1024M) 10.459ms
[2025-03-28T19:14:07.529+0530][gc,cpu      ] GC(40) User=0.01s Sys=0.00s Real=0.00s
[2025-03-28T19:14:07.672+0530][gc,start    ] GC(41) Pause Young (Normal) (G1 Evacuation Pause)
[2025-03-28T19:14:07.672+0530][gc,task     ] GC(41) Using 2 workers of 2 for evacuation
[2025-03-28T19:14:07.678+0530][gc,phases   ] GC(41)   Pre Evacuate Collection Set: 0.3ms
[2025-03-28T19:14:07.678+0530][gc,phases   ] GC(41)   Merge Heap Roots: 0.1ms
[2025-03-28T19:14:07.678+0530][gc,phases   ] GC(41)   Evacuate Collection Set: 5.1ms
[2025-03-28T19:14:07.678+0530][gc,phases   ] GC(41)   Post Evacuate Collection Set: 0.4ms
[2025-03-28T19:14:07.679+0530][gc,phases   ] GC(41)   Other: 0.2ms
[2025-03-28T19:14:07.679+0530][gc,heap     ] GC(41) Eden regions: 47->0(73)
[2025-03-28T19:14:07.679+0530][gc,heap     ] GC(41) Survivor regions: 4->2(7)
[2025-03-28T19:14:07.679+0530][gc,heap     ] GC(41) Old regions: 64->64
[2025-03-28T19:14:07.679+0530][gc,heap     ] GC(41) Archive regions: 2->2
[2025-03-28T19:14:07.679+0530][gc,heap     ] GC(41) Humongous regions: 136->136
[2025-03-28T19:14:07.679+0530][gc,metaspace] GC(41) Metaspace: 48056K(48704K)->48056K(48704K) NonClass: 42574K(42944K)->42574K(42944K) Class: 5481K(5760K)->5481K(5760K)
[2025-03-28T19:14:07.679+0530][gc          ] GC(41) Pause Young (Normal) (G1 Evacuation Pause) 251M->202M(1024M) 6.262ms
[2025-03-28T19:14:07.679+0530][gc,cpu      ] GC(41) User=0.01s Sys=0.00s Real=0.01s
[2025-03-28T19:14:16.698+0530][gc,start    ] GC(42) Pause Young (Normal) (G1 Evacuation Pause)
[2025-03-28T19:14:16.698+0530][gc,task     ] GC(42) Using 2 workers of 2 for evacuation
[2025-03-28T19:14:16.741+0530][gc,mmu      ] GC(42) MMU target violated: 21.0ms (20.0ms/21.0ms)
[2025-03-28T19:14:16.741+0530][gc,phases   ] GC(42)   Pre Evacuate Collection Set: 1.7ms
[2025-03-28T19:14:16.741+0530][gc,phases   ] GC(42)   Merge Heap Roots: 1.7ms
[2025-03-28T19:14:16.741+0530][gc,phases   ] GC(42)   Evacuate Collection Set: 38.7ms
[2025-03-28T19:14:16.741+0530][gc,phases   ] GC(42)   Post Evacuate Collection Set: 0.6ms
[2025-03-28T19:14:16.741+0530][gc,phases   ] GC(42)   Other: 0.3ms
[2025-03-28T19:14:16.741+0530][gc,heap     ] GC(42) Eden regions: 73->0(43)
[2025-03-28T19:14:16.741+0530][gc,heap     ] GC(42) Survivor regions: 2->8(10)
[2025-03-28T19:14:16.741+0530][gc,heap     ] GC(42) Old regions: 64->64
[2025-03-28T19:14:16.741+0530][gc,heap     ] GC(42) Archive regions: 2->2
[2025-03-28T19:14:16.741+0530][gc,heap     ] GC(42) Humongous regions: 136->134
[2025-03-28T19:14:16.741+0530][gc,metaspace] GC(42) Metaspace: 48067K(48704K)->48067K(48704K) NonClass: 42586K(42944K)->42586K(42944K) Class: 5481K(5760K)->5481K(5760K)
[2025-03-28T19:14:16.741+0530][gc          ] GC(42) Pause Young (Normal) (G1 Evacuation Pause) 275M->206M(1024M) 43.120ms
[2025-03-28T19:14:16.741+0530][gc,cpu      ] GC(42) User=0.03s Sys=0.00s Real=0.05s
[2025-03-28T19:14:16.913+0530][gc,start    ] GC(43) Pause Young (Normal) (G1 Evacuation Pause)
[2025-03-28T19:14:16.913+0530][gc,task     ] GC(43) Using 2 workers of 2 for evacuation
[2025-03-28T19:14:16.940+0530][gc,mmu      ] GC(43) MMU target violated: 21.0ms (20.0ms/21.0ms)
[2025-03-28T19:14:16.940+0530][gc,phases   ] GC(43)   Pre Evacuate Collection Set: 0.2ms
[2025-03-28T19:14:16.940+0530][gc,phases   ] GC(43)   Merge Heap Roots: 8.1ms
[2025-03-28T19:14:16.940+0530][gc,phases   ] GC(43)   Evacuate Collection Set: 16.7ms
[2025-03-28T19:14:16.940+0530][gc,phases   ] GC(43)   Post Evacuate Collection Set: 1.0ms
[2025-03-28T19:14:16.940+0530][gc,phases   ] GC(43)   Other: 0.5ms
[2025-03-28T19:14:16.940+0530][gc,heap     ] GC(43) Eden regions: 43->0(50)
[2025-03-28T19:14:16.940+0530][gc,heap     ] GC(43) Survivor regions: 8->1(7)
[2025-03-28T19:14:16.940+0530][gc,heap     ] GC(43) Old regions: 64->66
[2025-03-28T19:14:16.940+0530][gc,heap     ] GC(43) Archive regions: 2->2
[2025-03-28T19:14:16.940+0530][gc,heap     ] GC(43) Humongous regions: 136->136
[2025-03-28T19:14:16.940+0530][gc,metaspace] GC(43) Metaspace: 48067K(48704K)->48067K(48704K) NonClass: 42586K(42944K)->42586K(42944K) Class: 5481K(5760K)->5481K(5760K)
[2025-03-28T19:14:16.940+0530][gc          ] GC(43) Pause Young (Normal) (G1 Evacuation Pause) 251M->203M(1024M) 26.882ms
[2025-03-28T19:14:16.940+0530][gc,cpu      ] GC(43) User=0.03s Sys=0.00s Real=0.03s
[2025-03-28T19:14:17.672+0530][gc,start    ] GC(44) Pause Young (Normal) (G1 Evacuation Pause)
[2025-03-28T19:14:17.672+0530][gc,task     ] GC(44) Using 2 workers of 2 for evacuation
[2025-03-28T19:14:17.683+0530][gc,phases   ] GC(44)   Pre Evacuate Collection Set: 0.2ms
[2025-03-28T19:14:17.683+0530][gc,phases   ] GC(44)   Merge Heap Roots: 0.1ms
[2025-03-28T19:14:17.683+0530][gc,phases   ] GC(44)   Evacuate Collection Set: 10.4ms
[2025-03-28T19:14:17.683+0530][gc,phases   ] GC(44)   Post Evacuate Collection Set: 0.5ms
[2025-03-28T19:14:17.683+0530][gc,phases   ] GC(44)   Other: 0.2ms
[2025-03-28T19:14:17.683+0530][gc,heap     ] GC(44) Eden regions: 50->0(44)
[2025-03-28T19:14:17.683+0530][gc,heap     ] GC(44) Survivor regions: 1->7(7)
[2025-03-28T19:14:17.683+0530][gc,heap     ] GC(44) Old regions: 66->66
[2025-03-28T19:14:17.683+0530][gc,heap     ] GC(44) Archive regions: 2->2
[2025-03-28T19:14:17.683+0530][gc,heap     ] GC(44) Humongous regions: 136->134
[2025-03-28T19:14:17.683+0530][gc,metaspace] GC(44) Metaspace: 48082K(48704K)->48082K(48704K) NonClass: 42600K(42944K)->42600K(42944K) Class: 5481K(5760K)->5481K(5760K)
[2025-03-28T19:14:17.683+0530][gc          ] GC(44) Pause Young (Normal) (G1 Evacuation Pause) 253M->207M(1024M) 11.559ms
[2025-03-28T19:14:17.683+0530][gc,cpu      ] GC(44) User=0.02s Sys=0.00s Real=0.01s
[2025-03-28T19:14:17.779+0530][gc,start    ] GC(45) Pause Young (Normal) (G1 Evacuation Pause)
[2025-03-28T19:14:17.779+0530][gc,task     ] GC(45) Using 2 workers of 2 for evacuation
[2025-03-28T19:14:17.784+0530][gc,phases   ] GC(45)   Pre Evacuate Collection Set: 0.2ms
[2025-03-28T19:14:17.784+0530][gc,phases   ] GC(45)   Merge Heap Roots: 0.1ms
[2025-03-28T19:14:17.784+0530][gc,phases   ] GC(45)   Evacuate Collection Set: 3.9ms
[2025-03-28T19:14:17.784+0530][gc,phases   ] GC(45)   Post Evacuate Collection Set: 0.5ms
[2025-03-28T19:14:17.784+0530][gc,phases   ] GC(45)   Other: 0.1ms
[2025-03-28T19:14:17.784+0530][gc,heap     ] GC(45) Eden regions: 44->0(50)
[2025-03-28T19:14:17.784+0530][gc,heap     ] GC(45) Survivor regions: 7->1(7)
[2025-03-28T19:14:17.784+0530][gc,heap     ] GC(45) Old regions: 66->68
[2025-03-28T19:14:17.784+0530][gc,heap     ] GC(45) Archive regions: 2->2
[2025-03-28T19:14:17.784+0530][gc,heap     ] GC(45) Humongous regions: 136->136
[2025-03-28T19:14:17.784+0530][gc,metaspace] GC(45) Metaspace: 48083K(48704K)->48083K(48704K) NonClass: 42601K(42944K)->42601K(42944K) Class: 5481K(5760K)->5481K(5760K)
[2025-03-28T19:14:17.784+0530][gc          ] GC(45) Pause Young (Normal) (G1 Evacuation Pause) 253M->205M(1024M) 5.030ms
[2025-03-28T19:14:17.784+0530][gc,cpu      ] GC(45) User=0.01s Sys=0.01s Real=0.00s
[2025-03-28T19:14:26.832+0530][gc,start    ] GC(46) Pause Young (Normal) (G1 Evacuation Pause)
[2025-03-28T19:14:26.832+0530][gc,task     ] GC(46) Using 2 workers of 2 for evacuation
[2025-03-28T19:14:26.868+0530][gc,mmu      ] GC(46) MMU target violated: 21.0ms (20.0ms/21.0ms)
[2025-03-28T19:14:26.868+0530][gc,phases   ] GC(46)   Pre Evacuate Collection Set: 0.3ms
[2025-03-28T19:14:26.868+0530][gc,phases   ] GC(46)   Merge Heap Roots: 0.1ms
[2025-03-28T19:14:26.868+0530][gc,phases   ] GC(46)   Evacuate Collection Set: 35.1ms
[2025-03-28T19:14:26.868+0530][gc,phases   ] GC(46)   Post Evacuate Collection Set: 0.5ms
[2025-03-28T19:14:26.869+0530][gc,phases   ] GC(46)   Other: 0.2ms
[2025-03-28T19:14:26.869+0530][gc,heap     ] GC(46) Eden regions: 50->0(44)
[2025-03-28T19:14:26.869+0530][gc,heap     ] GC(46) Survivor regions: 1->7(7)
[2025-03-28T19:14:26.869+0530][gc,heap     ] GC(46) Old regions: 68->68
[2025-03-28T19:14:26.869+0530][gc,heap     ] GC(46) Archive regions: 2->2
[2025-03-28T19:14:26.869+0530][gc,heap     ] GC(46) Humongous regions: 136->134
[2025-03-28T19:14:26.869+0530][gc,metaspace] GC(46) Metaspace: 48091K(48704K)->48091K(48704K) NonClass: 42610K(42944K)->42610K(42944K) Class: 5481K(5760K)->5481K(5760K)
[2025-03-28T19:14:26.869+0530][gc          ] GC(46) Pause Young (Normal) (G1 Evacuation Pause) 255M->208M(1024M) 36.336ms
[2025-03-28T19:14:26.869+0530][gc,cpu      ] GC(46) User=0.01s Sys=0.00s Real=0.04s
[2025-03-28T19:14:27.054+0530][gc,start    ] GC(47) Pause Young (Normal) (G1 Evacuation Pause)
[2025-03-28T19:14:27.054+0530][gc,task     ] GC(47) Using 2 workers of 2 for evacuation
[2025-03-28T19:14:27.068+0530][gc,phases   ] GC(47)   Pre Evacuate Collection Set: 1.1ms
[2025-03-28T19:14:27.068+0530][gc,phases   ] GC(47)   Merge Heap Roots: 0.1ms
[2025-03-28T19:14:27.068+0530][gc,phases   ] GC(47)   Evacuate Collection Set: 4.8ms
[2025-03-28T19:14:27.068+0530][gc,phases   ] GC(47)   Post Evacuate Collection Set: 8.1ms
[2025-03-28T19:14:27.068+0530][gc,phases   ] GC(47)   Other: 0.2ms
[2025-03-28T19:14:27.068+0530][gc,heap     ] GC(47) Eden regions: 44->0(49)
[2025-03-28T19:14:27.068+0530][gc,heap     ] GC(47) Survivor regions: 7->2(7)
[2025-03-28T19:14:27.068+0530][gc,heap     ] GC(47) Old regions: 68->69
[2025-03-28T19:14:27.068+0530][gc,heap     ] GC(47) Archive regions: 2->2
[2025-03-28T19:14:27.068+0530][gc,heap     ] GC(47) Humongous regions: 136->136
[2025-03-28T19:14:27.068+0530][gc,metaspace] GC(47) Metaspace: 48094K(48704K)->48094K(48704K) NonClass: 42612K(42944K)->42612K(42944K) Class: 5481K(5760K)->5481K(5760K)
[2025-03-28T19:14:27.068+0530][gc          ] GC(47) Pause Young (Normal) (G1 Evacuation Pause) 254M->207M(1024M) 14.424ms
[2025-03-28T19:14:27.068+0530][gc,cpu      ] GC(47) User=0.01s Sys=0.00s Real=0.02s
[2025-03-28T19:14:27.677+0530][gc,start    ] GC(48) Pause Young (Normal) (G1 Evacuation Pause)
[2025-03-28T19:14:27.678+0530][gc,task     ] GC(48) Using 2 workers of 2 for evacuation
[2025-03-28T19:14:27.691+0530][gc,phases   ] GC(48)   Pre Evacuate Collection Set: 0.3ms
[2025-03-28T19:14:27.691+0530][gc,phases   ] GC(48)   Merge Heap Roots: 0.1ms
[2025-03-28T19:14:27.691+0530][gc,phases   ] GC(48)   Evacuate Collection Set: 12.2ms
[2025-03-28T19:14:27.691+0530][gc,phases   ] GC(48)   Post Evacuate Collection Set: 0.5ms
[2025-03-28T19:14:27.691+0530][gc,phases   ] GC(48)   Other: 0.2ms
[2025-03-28T19:14:27.691+0530][gc,heap     ] GC(48) Eden regions: 49->0(50)
[2025-03-28T19:14:27.691+0530][gc,heap     ] GC(48) Survivor regions: 2->7(7)
[2025-03-28T19:14:27.691+0530][gc,heap     ] GC(48) Old regions: 69->69
[2025-03-28T19:14:27.691+0530][gc,heap     ] GC(48) Archive regions: 2->2
[2025-03-28T19:14:27.691+0530][gc,heap     ] GC(48) Humongous regions: 136->134
[2025-03-28T19:14:27.691+0530][gc,metaspace] GC(48) Metaspace: 48100K(48704K)->48100K(48704K) NonClass: 42618K(42944K)->42618K(42944K) Class: 5481K(5760K)->5481K(5760K)
[2025-03-28T19:14:27.691+0530][gc          ] GC(48) Pause Young (Normal) (G1 Evacuation Pause) 256M->209M(1024M) 13.364ms
[2025-03-28T19:14:27.691+0530][gc,cpu      ] GC(48) User=0.01s Sys=0.00s Real=0.01s
[2025-03-28T19:14:27.801+0530][gc,start    ] GC(49) Pause Young (Normal) (G1 Evacuation Pause)
[2025-03-28T19:14:27.801+0530][gc,task     ] GC(49) Using 2 workers of 2 for evacuation
[2025-03-28T19:14:27.809+0530][gc,phases   ] GC(49)   Pre Evacuate Collection Set: 0.2ms
[2025-03-28T19:14:27.809+0530][gc,phases   ] GC(49)   Merge Heap Roots: 0.1ms
[2025-03-28T19:14:27.809+0530][gc,phases   ] GC(49)   Evacuate Collection Set: 6.1ms
[2025-03-28T19:14:27.809+0530][gc,phases   ] GC(49)   Post Evacuate Collection Set: 0.6ms
[2025-03-28T19:14:27.809+0530][gc,phases   ] GC(49)   Other: 0.2ms
[2025-03-28T19:14:27.809+0530][gc,heap     ] GC(49) Eden regions: 50->0(80)
[2025-03-28T19:14:27.809+0530][gc,heap     ] GC(49) Survivor regions: 7->2(8)
[2025-03-28T19:14:27.809+0530][gc,heap     ] GC(49) Old regions: 69->70
[2025-03-28T19:14:27.809+0530][gc,heap     ] GC(49) Archive regions: 2->2
[2025-03-28T19:14:27.809+0530][gc,heap     ] GC(49) Humongous regions: 136->136
[2025-03-28T19:14:27.809+0530][gc,metaspace] GC(49) Metaspace: 48100K(48704K)->48100K(48704K) NonClass: 42619K(42944K)->42619K(42944K) Class: 5481K(5760K)->5481K(5760K)
[2025-03-28T19:14:27.809+0530][gc          ] GC(49) Pause Young (Normal) (G1 Evacuation Pause) 261M->207M(1024M) 7.443ms
[2025-03-28T19:14:27.809+0530][gc,cpu      ] GC(49) User=0.01s Sys=0.00s Real=0.01s
[2025-03-28T19:14:36.950+0530][gc,start    ] GC(50) Pause Young (Normal) (G1 Evacuation Pause)
[2025-03-28T19:14:36.950+0530][gc,task     ] GC(50) Using 2 workers of 2 for evacuation
[2025-03-28T19:14:36.957+0530][gc,phases   ] GC(50)   Pre Evacuate Collection Set: 0.2ms
[2025-03-28T19:14:36.957+0530][gc,phases   ] GC(50)   Merge Heap Roots: 0.1ms
[2025-03-28T19:14:36.957+0530][gc,phases   ] GC(50)   Evacuate Collection Set: 5.8ms
[2025-03-28T19:14:36.957+0530][gc,phases   ] GC(50)   Post Evacuate Collection Set: 1.0ms
[2025-03-28T19:14:36.957+0530][gc,phases   ] GC(50)   Other: 0.2ms
[2025-03-28T19:14:36.957+0530][gc,heap     ] GC(50) Eden regions: 80->0(109)
[2025-03-28T19:14:36.957+0530][gc,heap     ] GC(50) Survivor regions: 2->3(11)
[2025-03-28T19:14:36.957+0530][gc,heap     ] GC(50) Old regions: 70->70
[2025-03-28T19:14:36.958+0530][gc,heap     ] GC(50) Archive regions: 2->2
[2025-03-28T19:14:36.958+0530][gc,heap     ] GC(50) Humongous regions: 138->136
[2025-03-28T19:14:36.958+0530][gc,metaspace] GC(50) Metaspace: 48664K(49344K)->48664K(49344K) NonClass: 43074K(43392K)->43074K(43392K) Class: 5590K(5952K)->5590K(5952K)
[2025-03-28T19:14:36.968+0530][gc          ] GC(50) Pause Young (Normal) (G1 Evacuation Pause) 289M->209M(1024M) 17.695ms
[2025-03-28T19:14:36.968+0530][gc,cpu      ] GC(50) User=0.02s Sys=0.00s Real=0.02s
[2025-03-28T19:14:37.797+0530][gc,start    ] GC(51) Pause Young (Normal) (G1 Evacuation Pause)
[2025-03-28T19:14:37.797+0530][gc,task     ] GC(51) Using 2 workers of 2 for evacuation
[2025-03-28T19:14:37.804+0530][gc,phases   ] GC(51)   Pre Evacuate Collection Set: 0.2ms
[2025-03-28T19:14:37.805+0530][gc,phases   ] GC(51)   Merge Heap Roots: 0.1ms
[2025-03-28T19:14:37.805+0530][gc,phases   ] GC(51)   Evacuate Collection Set: 6.3ms
[2025-03-28T19:14:37.805+0530][gc,phases   ] GC(51)   Post Evacuate Collection Set: 0.6ms
[2025-03-28T19:14:37.805+0530][gc,phases   ] GC(51)   Other: 0.2ms
[2025-03-28T19:14:37.805+0530][gc,heap     ] GC(51) Eden regions: 109->0(377)
[2025-03-28T19:14:37.805+0530][gc,heap     ] GC(51) Survivor regions: 3->3(14)
[2025-03-28T19:14:37.805+0530][gc,heap     ] GC(51) Old regions: 70->70
[2025-03-28T19:14:37.805+0530][gc,heap     ] GC(51) Archive regions: 2->2
[2025-03-28T19:14:37.805+0530][gc,heap     ] GC(51) Humongous regions: 138->136
[2025-03-28T19:14:37.805+0530][gc,metaspace] GC(51) Metaspace: 48665K(49344K)->48665K(49344K) NonClass: 43075K(43392K)->43075K(43392K) Class: 5590K(5952K)->5590K(5952K)
[2025-03-28T19:14:37.805+0530][gc          ] GC(51) Pause Young (Normal) (G1 Evacuation Pause) 320M->209M(1024M) 7.559ms
[2025-03-28T19:14:37.805+0530][gc,cpu      ] GC(51) User=0.01s Sys=0.00s Real=0.00s
[2025-03-28T19:14:57.728+0530][gc,start    ] GC(52) Pause Young (Normal) (G1 Evacuation Pause)
[2025-03-28T19:14:57.728+0530][gc,task     ] GC(52) Using 2 workers of 2 for evacuation
[2025-03-28T19:14:57.737+0530][gc,phases   ] GC(52)   Pre Evacuate Collection Set: 0.2ms
[2025-03-28T19:14:57.737+0530][gc,phases   ] GC(52)   Merge Heap Roots: 0.1ms
[2025-03-28T19:14:57.737+0530][gc,phases   ] GC(52)   Evacuate Collection Set: 7.4ms
[2025-03-28T19:14:57.737+0530][gc,phases   ] GC(52)   Post Evacuate Collection Set: 1.0ms
[2025-03-28T19:14:57.737+0530][gc,phases   ] GC(52)   Other: 0.3ms
[2025-03-28T19:14:57.737+0530][gc,heap     ] GC(52) Eden regions: 377->0(450)
[2025-03-28T19:14:57.737+0530][gc,heap     ] GC(52) Survivor regions: 3->3(48)
[2025-03-28T19:14:57.737+0530][gc,heap     ] GC(52) Old regions: 70->70
[2025-03-28T19:14:57.737+0530][gc,heap     ] GC(52) Archive regions: 2->2
[2025-03-28T19:14:57.737+0530][gc,heap     ] GC(52) Humongous regions: 147->136
[2025-03-28T19:14:57.737+0530][gc,metaspace] GC(52) Metaspace: 48774K(49472K)->48774K(49472K) NonClass: 43184K(43520K)->43184K(43520K) Class: 5590K(5952K)->5590K(5952K)
[2025-03-28T19:14:57.737+0530][gc          ] GC(52) Pause Young (Normal) (G1 Evacuation Pause) 597M->209M(1024M) 9.182ms
[2025-03-28T19:14:57.737+0530][gc,cpu      ] GC(52) User=0.02s Sys=0.01s Real=0.01s
[2025-03-28T19:15:26.479+0530][gc,start    ] GC(53) Pause Young (Normal) (G1 Evacuation Pause)
[2025-03-28T19:15:26.479+0530][gc,task     ] GC(53) Using 2 workers of 2 for evacuation
[2025-03-28T19:15:26.563+0530][gc,mmu      ] GC(53) MMU target violated: 21.0ms (20.0ms/21.0ms)
[2025-03-28T19:15:26.572+0530][gc,phases   ] GC(53)   Pre Evacuate Collection Set: 0.5ms
[2025-03-28T19:15:26.572+0530][gc,phases   ] GC(53)   Merge Heap Roots: 0.3ms
[2025-03-28T19:15:26.572+0530][gc,phases   ] GC(53)   Evacuate Collection Set: 81.6ms
[2025-03-28T19:15:26.572+0530][gc,phases   ] GC(53)   Post Evacuate Collection Set: 1.3ms
[2025-03-28T19:15:26.572+0530][gc,phases   ] GC(53)   Other: 9.9ms
[2025-03-28T19:15:26.572+0530][gc,heap     ] GC(53) Eden regions: 450->0(44)
[2025-03-28T19:15:26.572+0530][gc,heap     ] GC(53) Survivor regions: 3->7(57)
[2025-03-28T19:15:26.572+0530][gc,heap     ] GC(53) Old regions: 70->70
[2025-03-28T19:15:26.572+0530][gc,heap     ] GC(53) Archive regions: 2->2
[2025-03-28T19:15:26.573+0530][gc,heap     ] GC(53) Humongous regions: 144->134
[2025-03-28T19:15:26.573+0530][gc,metaspace] GC(53) Metaspace: 48911K(49600K)->48911K(49600K) NonClass: 43321K(43648K)->43321K(43648K) Class: 5590K(5952K)->5590K(5952K)
[2025-03-28T19:15:26.573+0530][gc          ] GC(53) Pause Young (Normal) (G1 Evacuation Pause) 667M->211M(1024M) 93.680ms
[2025-03-28T19:15:26.573+0530][gc,cpu      ] GC(53) User=0.03s Sys=0.01s Real=0.08s
[2025-03-28T19:15:26.911+0530][gc,start    ] GC(54) Pause Young (Normal) (G1 Evacuation Pause)
[2025-03-28T19:15:26.911+0530][gc,task     ] GC(54) Using 2 workers of 2 for evacuation
[2025-03-28T19:15:26.938+0530][gc,mmu      ] GC(54) MMU target violated: 21.0ms (20.0ms/21.0ms)
[2025-03-28T19:15:26.938+0530][gc,phases   ] GC(54)   Pre Evacuate Collection Set: 0.3ms
[2025-03-28T19:15:26.939+0530][gc,phases   ] GC(54)   Merge Heap Roots: 0.1ms
[2025-03-28T19:15:26.939+0530][gc,phases   ] GC(54)   Evacuate Collection Set: 26.2ms
[2025-03-28T19:15:26.939+0530][gc,phases   ] GC(54)   Post Evacuate Collection Set: 0.9ms
[2025-03-28T19:15:26.939+0530][gc,phases   ] GC(54)   Other: 0.2ms
[2025-03-28T19:15:26.939+0530][gc,heap     ] GC(54) Eden regions: 44->0(49)
[2025-03-28T19:15:26.939+0530][gc,heap     ] GC(54) Survivor regions: 7->2(7)
[2025-03-28T19:15:26.939+0530][gc,heap     ] GC(54) Old regions: 70->72
[2025-03-28T19:15:26.939+0530][gc,heap     ] GC(54) Archive regions: 2->2
[2025-03-28T19:15:26.939+0530][gc,heap     ] GC(54) Humongous regions: 136->136
[2025-03-28T19:15:26.939+0530][gc,metaspace] GC(54) Metaspace: 48914K(49600K)->48914K(49600K) NonClass: 43324K(43648K)->43324K(43648K) Class: 5590K(5952K)->5590K(5952K)
[2025-03-28T19:15:26.939+0530][gc          ] GC(54) Pause Young (Normal) (G1 Evacuation Pause) 257M->210M(1024M) 27.945ms
[2025-03-28T19:15:26.939+0530][gc,cpu      ] GC(54) User=0.02s Sys=0.01s Real=0.02s
[2025-03-28T19:15:27.852+0530][gc,start    ] GC(55) Pause Young (Normal) (G1 Evacuation Pause)
[2025-03-28T19:15:27.852+0530][gc,task     ] GC(55) Using 2 workers of 2 for evacuation
[2025-03-28T19:15:27.867+0530][gc,phases   ] GC(55)   Pre Evacuate Collection Set: 0.3ms
[2025-03-28T19:15:27.867+0530][gc,phases   ] GC(55)   Merge Heap Roots: 0.1ms
[2025-03-28T19:15:27.867+0530][gc,phases   ] GC(55)   Evacuate Collection Set: 12.8ms
[2025-03-28T19:15:27.867+0530][gc,phases   ] GC(55)   Post Evacuate Collection Set: 1.5ms
[2025-03-28T19:15:27.867+0530][gc,phases   ] GC(55)   Other: 0.2ms
[2025-03-28T19:15:27.867+0530][gc,heap     ] GC(55) Eden regions: 49->0(45)
[2025-03-28T19:15:27.867+0530][gc,heap     ] GC(55) Survivor regions: 2->6(7)
[2025-03-28T19:15:27.867+0530][gc,heap     ] GC(55) Old regions: 72->72
[2025-03-28T19:15:27.867+0530][gc,heap     ] GC(55) Archive regions: 2->2
[2025-03-28T19:15:27.867+0530][gc,heap     ] GC(55) Humongous regions: 136->134
[2025-03-28T19:15:27.867+0530][gc,metaspace] GC(55) Metaspace: 48924K(49600K)->48924K(49600K) NonClass: 43334K(43648K)->43334K(43648K) Class: 5590K(5952K)->5590K(5952K)
[2025-03-28T19:15:27.867+0530][gc          ] GC(55) Pause Young (Normal) (G1 Evacuation Pause) 259M->212M(1024M) 15.224ms
[2025-03-28T19:15:27.867+0530][gc,cpu      ] GC(55) User=0.01s Sys=0.00s Real=0.02s
[2025-03-28T19:15:28.008+0530][gc,start    ] GC(56) Pause Young (Normal) (G1 Evacuation Pause)
[2025-03-28T19:15:28.008+0530][gc,task     ] GC(56) Using 2 workers of 2 for evacuation
[2025-03-28T19:15:28.013+0530][gc,phases   ] GC(56)   Pre Evacuate Collection Set: 0.2ms
[2025-03-28T19:15:28.013+0530][gc,phases   ] GC(56)   Merge Heap Roots: 0.1ms
[2025-03-28T19:15:28.013+0530][gc,phases   ] GC(56)   Evacuate Collection Set: 4.5ms
[2025-03-28T19:15:28.013+0530][gc,phases   ] GC(56)   Post Evacuate Collection Set: 0.5ms
[2025-03-28T19:15:28.013+0530][gc,phases   ] GC(56)   Other: 0.2ms
[2025-03-28T19:15:28.013+0530][gc,heap     ] GC(56) Eden regions: 45->0(49)
[2025-03-28T19:15:28.013+0530][gc,heap     ] GC(56) Survivor regions: 6->2(7)
[2025-03-28T19:15:28.013+0530][gc,heap     ] GC(56) Old regions: 72->73
[2025-03-28T19:15:28.013+0530][gc,heap     ] GC(56) Archive regions: 2->2
[2025-03-28T19:15:28.013+0530][gc,heap     ] GC(56) Humongous regions: 136->136
[2025-03-28T19:15:28.013+0530][gc,metaspace] GC(56) Metaspace: 48933K(49600K)->48933K(49600K) NonClass: 43343K(43648K)->43343K(43648K) Class: 5590K(5952K)->5590K(5952K)
[2025-03-28T19:15:28.013+0530][gc          ] GC(56) Pause Young (Normal) (G1 Evacuation Pause) 259M->211M(1024M) 5.586ms
[2025-03-28T19:15:28.013+0530][gc,cpu      ] GC(56) User=0.01s Sys=0.00s Real=0.00s
[2025-03-28T19:15:36.265+0530][gc,start    ] GC(57) Pause Young (Normal) (G1 Evacuation Pause)
[2025-03-28T19:15:36.265+0530][gc,task     ] GC(57) Using 2 workers of 2 for evacuation
[2025-03-28T19:15:36.315+0530][gc,mmu      ] GC(57) MMU target violated: 21.0ms (20.0ms/21.0ms)
[2025-03-28T19:15:36.316+0530][gc,phases   ] GC(57)   Pre Evacuate Collection Set: 0.2ms
[2025-03-28T19:15:36.316+0530][gc,phases   ] GC(57)   Merge Heap Roots: 0.1ms
[2025-03-28T19:15:36.316+0530][gc,phases   ] GC(57)   Evacuate Collection Set: 49.3ms
[2025-03-28T19:15:36.316+0530][gc,phases   ] GC(57)   Post Evacuate Collection Set: 0.8ms
[2025-03-28T19:15:36.316+0530][gc,phases   ] GC(57)   Other: 0.3ms
[2025-03-28T19:15:36.316+0530][gc,heap     ] GC(57) Eden regions: 49->0(46)
[2025-03-28T19:15:36.316+0530][gc,heap     ] GC(57) Survivor regions: 2->5(7)
[2025-03-28T19:15:36.316+0530][gc,heap     ] GC(57) Old regions: 73->73
[2025-03-28T19:15:36.316+0530][gc,heap     ] GC(57) Archive regions: 2->2
[2025-03-28T19:15:36.316+0530][gc,heap     ] GC(57) Humongous regions: 136->134
[2025-03-28T19:15:36.316+0530][gc,metaspace] GC(57) Metaspace: 48945K(49600K)->48945K(49600K) NonClass: 43355K(43648K)->43355K(43648K) Class: 5590K(5952K)->5590K(5952K)
[2025-03-28T19:15:36.316+0530][gc          ] GC(57) Pause Young (Normal) (G1 Evacuation Pause) 260M->212M(1024M) 50.817ms
[2025-03-28T19:15:36.316+0530][gc,cpu      ] GC(57) User=0.06s Sys=0.00s Real=0.04s
[2025-03-28T19:15:36.783+0530][gc,start    ] GC(58) Pause Young (Normal) (G1 Evacuation Pause)
[2025-03-28T19:15:36.783+0530][gc,task     ] GC(58) Using 2 workers of 2 for evacuation
[2025-03-28T19:15:36.793+0530][gc,phases   ] GC(58)   Pre Evacuate Collection Set: 0.3ms
[2025-03-28T19:15:36.793+0530][gc,phases   ] GC(58)   Merge Heap Roots: 0.1ms
[2025-03-28T19:15:36.793+0530][gc,phases   ] GC(58)   Evacuate Collection Set: 9.2ms
[2025-03-28T19:15:36.793+0530][gc,phases   ] GC(58)   Post Evacuate Collection Set: 0.5ms
[2025-03-28T19:15:36.793+0530][gc,phases   ] GC(58)   Other: 0.2ms
[2025-03-28T19:15:36.793+0530][gc,heap     ] GC(58) Eden regions: 46->0(49)
[2025-03-28T19:15:36.793+0530][gc,heap     ] GC(58) Survivor regions: 5->2(7)
[2025-03-28T19:15:36.793+0530][gc,heap     ] GC(58) Old regions: 73->74
[2025-03-28T19:15:36.793+0530][gc,heap     ] GC(58) Archive regions: 2->2
[2025-03-28T19:15:36.793+0530][gc,heap     ] GC(58) Humongous regions: 136->136
[2025-03-28T19:15:36.793+0530][gc,metaspace] GC(58) Metaspace: 48947K(49600K)->48947K(49600K) NonClass: 43356K(43648K)->43356K(43648K) Class: 5590K(5952K)->5590K(5952K)
[2025-03-28T19:15:36.793+0530][gc          ] GC(58) Pause Young (Normal) (G1 Evacuation Pause) 260M->212M(1024M) 10.306ms
[2025-03-28T19:15:36.793+0530][gc,cpu      ] GC(58) User=0.01s Sys=0.00s Real=0.00s
[2025-03-28T19:15:37.474+0530][gc,start    ] GC(59) Pause Young (Normal) (G1 Evacuation Pause)
[2025-03-28T19:15:37.474+0530][gc,task     ] GC(59) Using 2 workers of 2 for evacuation
[2025-03-28T19:15:37.487+0530][gc,phases   ] GC(59)   Pre Evacuate Collection Set: 2.1ms
[2025-03-28T19:15:37.487+0530][gc,phases   ] GC(59)   Merge Heap Roots: 0.2ms
[2025-03-28T19:15:37.487+0530][gc,phases   ] GC(59)   Evacuate Collection Set: 9.3ms
[2025-03-28T19:15:37.487+0530][gc,phases   ] GC(59)   Post Evacuate Collection Set: 0.9ms
[2025-03-28T19:15:37.487+0530][gc,phases   ] GC(59)   Other: 0.2ms
[2025-03-28T19:15:37.487+0530][gc,heap     ] GC(59) Eden regions: 49->0(46)
[2025-03-28T19:15:37.487+0530][gc,heap     ] GC(59) Survivor regions: 2->5(7)
[2025-03-28T19:15:37.487+0530][gc,heap     ] GC(59) Old regions: 74->74
[2025-03-28T19:15:37.487+0530][gc,heap     ] GC(59) Archive regions: 2->2
[2025-03-28T19:15:37.487+0530][gc,heap     ] GC(59) Humongous regions: 136->134
[2025-03-28T19:15:37.487+0530][gc,metaspace] GC(59) Metaspace: 48950K(49600K)->48950K(49600K) NonClass: 43360K(43648K)->43360K(43648K) Class: 5590K(5952K)->5590K(5952K)
[2025-03-28T19:15:37.487+0530][gc          ] GC(59) Pause Young (Normal) (G1 Evacuation Pause) 261M->213M(1024M) 12.973ms
[2025-03-28T19:15:37.487+0530][gc,cpu      ] GC(59) User=0.02s Sys=0.00s Real=0.02s
[2025-03-28T19:15:37.634+0530][gc,start    ] GC(60) Pause Young (Normal) (G1 Evacuation Pause)
[2025-03-28T19:15:37.634+0530][gc,task     ] GC(60) Using 2 workers of 2 for evacuation
[2025-03-28T19:15:37.649+0530][gc,phases   ] GC(60)   Pre Evacuate Collection Set: 0.4ms
[2025-03-28T19:15:37.650+0530][gc,phases   ] GC(60)   Merge Heap Roots: 0.2ms
[2025-03-28T19:15:37.650+0530][gc,phases   ] GC(60)   Evacuate Collection Set: 14.3ms
[2025-03-28T19:15:37.650+0530][gc,phases   ] GC(60)   Post Evacuate Collection Set: 0.6ms
[2025-03-28T19:15:37.650+0530][gc,phases   ] GC(60)   Other: 0.2ms
[2025-03-28T19:15:37.650+0530][gc,heap     ] GC(60) Eden regions: 46->0(49)
[2025-03-28T19:15:37.650+0530][gc,heap     ] GC(60) Survivor regions: 5->2(7)
[2025-03-28T19:15:37.650+0530][gc,heap     ] GC(60) Old regions: 74->75
[2025-03-28T19:15:37.650+0530][gc,heap     ] GC(60) Archive regions: 2->2
[2025-03-28T19:15:37.650+0530][gc,heap     ] GC(60) Humongous regions: 136->136
[2025-03-28T19:15:37.650+0530][gc,metaspace] GC(60) Metaspace: 48952K(49600K)->48952K(49600K) NonClass: 43362K(43648K)->43362K(43648K) Class: 5590K(5952K)->5590K(5952K)
[2025-03-28T19:15:37.650+0530][gc          ] GC(60) Pause Young (Normal) (G1 Evacuation Pause) 261M->212M(1024M) 15.960ms
[2025-03-28T19:15:37.650+0530][gc,cpu      ] GC(60) User=0.02s Sys=0.00s Real=0.02s
[2025-03-28T19:15:46.656+0530][gc,start    ] GC(61) Pause Young (Normal) (G1 Evacuation Pause)
[2025-03-28T19:15:46.674+0530][gc,task     ] GC(61) Using 2 workers of 2 for evacuation
[2025-03-28T19:15:46.744+0530][gc,mmu      ] GC(61) MMU target violated: 21.0ms (20.0ms/21.0ms)
[2025-03-28T19:15:46.744+0530][gc,phases   ] GC(61)   Pre Evacuate Collection Set: 1.2ms
[2025-03-28T19:15:46.751+0530][gc,phases   ] GC(61)   Merge Heap Roots: 0.2ms
[2025-03-28T19:15:46.751+0530][gc,phases   ] GC(61)   Evacuate Collection Set: 67.3ms
[2025-03-28T19:15:46.751+0530][gc,phases   ] GC(61)   Post Evacuate Collection Set: 0.8ms
[2025-03-28T19:15:46.751+0530][gc,phases   ] GC(61)   Other: 18.7ms
[2025-03-28T19:15:46.751+0530][gc,heap     ] GC(61) Eden regions: 49->0(46)
[2025-03-28T19:15:46.751+0530][gc,heap     ] GC(61) Survivor regions: 2->5(7)
[2025-03-28T19:15:46.751+0530][gc,heap     ] GC(61) Old regions: 75->75
[2025-03-28T19:15:46.751+0530][gc,heap     ] GC(61) Archive regions: 2->2
[2025-03-28T19:15:46.751+0530][gc,heap     ] GC(61) Humongous regions: 136->134
[2025-03-28T19:15:46.751+0530][gc,metaspace] GC(61) Metaspace: 49038K(49728K)->49038K(49728K) NonClass: 43448K(43776K)->43448K(43776K) Class: 5590K(5952K)->5590K(5952K)
[2025-03-28T19:15:46.751+0530][gc          ] GC(61) Pause Young (Normal) (G1 Evacuation Pause) 261M->213M(1024M) 95.162ms
[2025-03-28T19:15:46.751+0530][gc,cpu      ] GC(61) User=0.05s Sys=0.01s Real=0.09s
[2025-03-28T19:15:47.206+0530][gc,start    ] GC(62) Pause Young (Normal) (G1 Evacuation Pause)
[2025-03-28T19:15:47.206+0530][gc,task     ] GC(62) Using 2 workers of 2 for evacuation
[2025-03-28T19:15:47.235+0530][gc,mmu      ] GC(62) MMU target violated: 21.0ms (20.0ms/21.0ms)
[2025-03-28T19:15:47.235+0530][gc,phases   ] GC(62)   Pre Evacuate Collection Set: 0.3ms
[2025-03-28T19:15:47.235+0530][gc,phases   ] GC(62)   Merge Heap Roots: 0.1ms
[2025-03-28T19:15:47.235+0530][gc,phases   ] GC(62)   Evacuate Collection Set: 27.4ms
[2025-03-28T19:15:47.235+0530][gc,phases   ] GC(62)   Post Evacuate Collection Set: 0.9ms
[2025-03-28T19:15:47.235+0530][gc,phases   ] GC(62)   Other: 0.3ms
[2025-03-28T19:15:47.236+0530][gc,heap     ] GC(62) Eden regions: 46->0(49)
[2025-03-28T19:15:47.236+0530][gc,heap     ] GC(62) Survivor regions: 5->2(7)
[2025-03-28T19:15:47.236+0530][gc,heap     ] GC(62) Old regions: 75->76
[2025-03-28T19:15:47.236+0530][gc,heap     ] GC(62) Archive regions: 2->2
[2025-03-28T19:15:47.236+0530][gc,heap     ] GC(62) Humongous regions: 136->136
[2025-03-28T19:15:47.236+0530][gc,metaspace] GC(62) Metaspace: 49038K(49728K)->49038K(49728K) NonClass: 43448K(43776K)->43448K(43776K) Class: 5590K(5952K)->5590K(5952K)
[2025-03-28T19:15:47.236+0530][gc          ] GC(62) Pause Young (Normal) (G1 Evacuation Pause) 261M->213M(1024M) 30.080ms
[2025-03-28T19:15:47.236+0530][gc,cpu      ] GC(62) User=0.02s Sys=0.00s Real=0.03s
[2025-03-28T19:15:47.652+0530][gc,start    ] GC(63) Pause Young (Normal) (G1 Evacuation Pause)
[2025-03-28T19:15:47.652+0530][gc,task     ] GC(63) Using 2 workers of 2 for evacuation
[2025-03-28T19:15:47.673+0530][gc,mmu      ] GC(63) MMU target violated: 21.0ms (20.0ms/21.0ms)
[2025-03-28T19:15:47.673+0530][gc,phases   ] GC(63)   Pre Evacuate Collection Set: 0.3ms
[2025-03-28T19:15:47.673+0530][gc,phases   ] GC(63)   Merge Heap Roots: 0.2ms
[2025-03-28T19:15:47.674+0530][gc,phases   ] GC(63)   Evacuate Collection Set: 20.1ms
[2025-03-28T19:15:47.674+0530][gc,phases   ] GC(63)   Post Evacuate Collection Set: 1.1ms
[2025-03-28T19:15:47.674+0530][gc,phases   ] GC(63)   Other: 0.3ms
[2025-03-28T19:15:47.674+0530][gc,heap     ] GC(63) Eden regions: 49->0(47)
[2025-03-28T19:15:47.674+0530][gc,heap     ] GC(63) Survivor regions: 2->4(7)
[2025-03-28T19:15:47.674+0530][gc,heap     ] GC(63) Old regions: 76->76
[2025-03-28T19:15:47.674+0530][gc,heap     ] GC(63) Archive regions: 2->2
[2025-03-28T19:15:47.674+0530][gc,heap     ] GC(63) Humongous regions: 136->134
[2025-03-28T19:15:47.674+0530][gc,metaspace] GC(63) Metaspace: 49038K(49728K)->49038K(49728K) NonClass: 43448K(43776K)->43448K(43776K) Class: 5590K(5952K)->5590K(5952K)
[2025-03-28T19:15:47.674+0530][gc          ] GC(63) Pause Young (Normal) (G1 Evacuation Pause) 262M->213M(1024M) 22.169ms
[2025-03-28T19:15:47.674+0530][gc,cpu      ] GC(63) User=0.03s Sys=0.00s Real=0.02s
[2025-03-28T19:15:47.960+0530][gc,start    ] GC(64) Pause Young (Normal) (G1 Evacuation Pause)
[2025-03-28T19:15:47.960+0530][gc,task     ] GC(64) Using 2 workers of 2 for evacuation
[2025-03-28T19:15:47.974+0530][gc,phases   ] GC(64)   Pre Evacuate Collection Set: 1.1ms
[2025-03-28T19:15:47.974+0530][gc,phases   ] GC(64)   Merge Heap Roots: 0.1ms
[2025-03-28T19:15:47.974+0530][gc,phases   ] GC(64)   Evacuate Collection Set: 11.4ms
[2025-03-28T19:15:47.974+0530][gc,phases   ] GC(64)   Post Evacuate Collection Set: 0.5ms
[2025-03-28T19:15:47.974+0530][gc,phases   ] GC(64)   Other: 0.2ms
[2025-03-28T19:15:47.974+0530][gc,heap     ] GC(64) Eden regions: 47->0(49)
[2025-03-28T19:15:47.974+0530][gc,heap     ] GC(64) Survivor regions: 4->2(7)
[2025-03-28T19:15:47.974+0530][gc,heap     ] GC(64) Old regions: 76->76
[2025-03-28T19:15:47.974+0530][gc,heap     ] GC(64) Archive regions: 2->2
[2025-03-28T19:15:47.974+0530][gc,heap     ] GC(64) Humongous regions: 136->136
[2025-03-28T19:15:47.974+0530][gc,metaspace] GC(64) Metaspace: 49039K(49728K)->49039K(49728K) NonClass: 43449K(43776K)->43449K(43776K) Class: 5590K(5952K)->5590K(5952K)
[2025-03-28T19:15:47.974+0530][gc          ] GC(64) Pause Young (Normal) (G1 Evacuation Pause) 262M->214M(1024M) 13.593ms
[2025-03-28T19:15:47.974+0530][gc,cpu      ] GC(64) User=0.02s Sys=0.00s Real=0.01s
[2025-03-28T19:15:56.589+0530][gc,start    ] GC(65) Pause Young (Normal) (G1 Evacuation Pause)
[2025-03-28T19:15:56.589+0530][gc,task     ] GC(65) Using 2 workers of 2 for evacuation
[2025-03-28T19:15:56.613+0530][gc,mmu      ] GC(65) MMU target violated: 21.0ms (20.0ms/21.0ms)
[2025-03-28T19:15:56.613+0530][gc,phases   ] GC(65)   Pre Evacuate Collection Set: 0.3ms
[2025-03-28T19:15:56.613+0530][gc,phases   ] GC(65)   Merge Heap Roots: 0.1ms
[2025-03-28T19:15:56.613+0530][gc,phases   ] GC(65)   Evacuate Collection Set: 23.1ms
[2025-03-28T19:15:56.613+0530][gc,phases   ] GC(65)   Post Evacuate Collection Set: 0.7ms
[2025-03-28T19:15:56.613+0530][gc,phases   ] GC(65)   Other: 0.3ms
[2025-03-28T19:15:56.613+0530][gc,heap     ] GC(65) Eden regions: 49->0(47)
[2025-03-28T19:15:56.613+0530][gc,heap     ] GC(65) Survivor regions: 2->4(7)
[2025-03-28T19:15:56.613+0530][gc,heap     ] GC(65) Old regions: 76->76
[2025-03-28T19:15:56.613+0530][gc,heap     ] GC(65) Archive regions: 2->2
[2025-03-28T19:15:56.613+0530][gc,heap     ] GC(65) Humongous regions: 136->134
[2025-03-28T19:15:56.613+0530][gc,metaspace] GC(65) Metaspace: 49117K(49792K)->49117K(49792K) NonClass: 43527K(43840K)->43527K(43840K) Class: 5590K(5952K)->5590K(5952K)
[2025-03-28T19:15:56.613+0530][gc          ] GC(65) Pause Young (Normal) (G1 Evacuation Pause) 263M->214M(1024M) 24.695ms
[2025-03-28T19:15:56.613+0530][gc,cpu      ] GC(65) User=0.01s Sys=0.00s Real=0.02s
[2025-03-28T19:15:56.912+0530][gc,start    ] GC(66) Pause Young (Normal) (G1 Evacuation Pause)
[2025-03-28T19:15:56.912+0530][gc,task     ] GC(66) Using 2 workers of 2 for evacuation
[2025-03-28T19:15:56.925+0530][gc,phases   ] GC(66)   Pre Evacuate Collection Set: 0.3ms
[2025-03-28T19:15:56.925+0530][gc,phases   ] GC(66)   Merge Heap Roots: 0.1ms
[2025-03-28T19:15:56.925+0530][gc,phases   ] GC(66)   Evacuate Collection Set: 10.8ms
[2025-03-28T19:15:56.925+0530][gc,phases   ] GC(66)   Post Evacuate Collection Set: 0.5ms
[2025-03-28T19:15:56.925+0530][gc,phases   ] GC(66)   Other: 1.3ms
[2025-03-28T19:15:56.925+0530][gc,heap     ] GC(66) Eden regions: 47->0(48)
[2025-03-28T19:15:56.925+0530][gc,heap     ] GC(66) Survivor regions: 4->3(7)
[2025-03-28T19:15:56.925+0530][gc,heap     ] GC(66) Old regions: 76->76
[2025-03-28T19:15:56.925+0530][gc,heap     ] GC(66) Archive regions: 2->2
[2025-03-28T19:15:56.925+0530][gc,heap     ] GC(66) Humongous regions: 136->136
[2025-03-28T19:15:56.925+0530][gc,metaspace] GC(66) Metaspace: 49122K(49856K)->49122K(49856K) NonClass: 43531K(43904K)->43531K(43904K) Class: 5590K(5952K)->5590K(5952K)
[2025-03-28T19:15:56.925+0530][gc          ] GC(66) Pause Young (Normal) (G1 Evacuation Pause) 263M->215M(1024M) 13.113ms
[2025-03-28T19:15:56.925+0530][gc,cpu      ] GC(66) User=0.01s Sys=0.00s Real=0.01s
[2025-03-28T19:15:57.536+0530][gc,start    ] GC(67) Pause Young (Normal) (G1 Evacuation Pause)
[2025-03-28T19:15:57.536+0530][gc,task     ] GC(67) Using 2 workers of 2 for evacuation
[2025-03-28T19:15:57.542+0530][gc,phases   ] GC(67)   Pre Evacuate Collection Set: 0.3ms
[2025-03-28T19:15:57.542+0530][gc,phases   ] GC(67)   Merge Heap Roots: 0.3ms
[2025-03-28T19:15:57.542+0530][gc,phases   ] GC(67)   Evacuate Collection Set: 5.0ms
[2025-03-28T19:15:57.542+0530][gc,phases   ] GC(67)   Post Evacuate Collection Set: 0.5ms
[2025-03-28T19:15:57.542+0530][gc,phases   ] GC(67)   Other: 0.2ms
[2025-03-28T19:15:57.542+0530][gc,heap     ] GC(67) Eden regions: 48->0(63)
[2025-03-28T19:15:57.542+0530][gc,heap     ] GC(67) Survivor regions: 3->4(7)
[2025-03-28T19:15:57.542+0530][gc,heap     ] GC(67) Old regions: 76->76
[2025-03-28T19:15:57.542+0530][gc,heap     ] GC(67) Archive regions: 2->2
[2025-03-28T19:15:57.542+0530][gc,heap     ] GC(67) Humongous regions: 136->134
[2025-03-28T19:15:57.542+0530][gc,metaspace] GC(67) Metaspace: 49124K(49856K)->49124K(49856K) NonClass: 43533K(43904K)->43533K(43904K) Class: 5590K(5952K)->5590K(5952K)
[2025-03-28T19:15:57.542+0530][gc          ] GC(67) Pause Young (Normal) (G1 Evacuation Pause) 263M->214M(1024M) 6.426ms
[2025-03-28T19:15:57.543+0530][gc,cpu      ] GC(67) User=0.01s Sys=0.00s Real=0.00s
[2025-03-28T19:15:57.755+0530][gc,start    ] GC(68) Pause Young (Normal) (G1 Evacuation Pause)
[2025-03-28T19:15:57.755+0530][gc,task     ] GC(68) Using 2 workers of 2 for evacuation
[2025-03-28T19:15:57.766+0530][gc,phases   ] GC(68)   Pre Evacuate Collection Set: 0.2ms
[2025-03-28T19:15:57.766+0530][gc,phases   ] GC(68)   Merge Heap Roots: 0.1ms
[2025-03-28T19:15:57.766+0530][gc,phases   ] GC(68)   Evacuate Collection Set: 10.0ms
[2025-03-28T19:15:57.766+0530][gc,phases   ] GC(68)   Post Evacuate Collection Set: 0.9ms
[2025-03-28T19:15:57.766+0530][gc,phases   ] GC(68)   Other: 0.2ms
[2025-03-28T19:15:57.766+0530][gc,heap     ] GC(68) Eden regions: 63->0(103)
[2025-03-28T19:15:57.766+0530][gc,heap     ] GC(68) Survivor regions: 4->3(9)
[2025-03-28T19:15:57.766+0530][gc,heap     ] GC(68) Old regions: 76->76
[2025-03-28T19:15:57.766+0530][gc,heap     ] GC(68) Archive regions: 2->2
[2025-03-28T19:15:57.766+0530][gc,heap     ] GC(68) Humongous regions: 136->136
[2025-03-28T19:15:57.766+0530][gc,metaspace] GC(68) Metaspace: 49124K(49856K)->49124K(49856K) NonClass: 43533K(43904K)->43533K(43904K) Class: 5590K(5952K)->5590K(5952K)
[2025-03-28T19:15:57.767+0530][gc          ] GC(68) Pause Young (Normal) (G1 Evacuation Pause) 279M->215M(1024M) 11.874ms
[2025-03-28T19:15:57.767+0530][gc,cpu      ] GC(68) User=0.02s Sys=0.00s Real=0.02s
[2025-03-28T19:16:06.752+0530][gc,start    ] GC(69) Pause Young (Normal) (G1 Evacuation Pause)
[2025-03-28T19:16:06.752+0530][gc,task     ] GC(69) Using 2 workers of 2 for evacuation
[2025-03-28T19:16:06.812+0530][gc,mmu      ] GC(69) MMU target violated: 21.0ms (20.0ms/21.0ms)
[2025-03-28T19:16:06.812+0530][gc,phases   ] GC(69)   Pre Evacuate Collection Set: 0.2ms
[2025-03-28T19:16:06.812+0530][gc,phases   ] GC(69)   Merge Heap Roots: 0.1ms
[2025-03-28T19:16:06.812+0530][gc,phases   ] GC(69)   Evacuate Collection Set: 39.9ms
[2025-03-28T19:16:06.812+0530][gc,phases   ] GC(69)   Post Evacuate Collection Set: 19.5ms
[2025-03-28T19:16:06.812+0530][gc,phases   ] GC(69)   Other: 0.3ms
[2025-03-28T19:16:06.812+0530][gc,heap     ] GC(69) Eden regions: 103->0(48)
[2025-03-28T19:16:06.812+0530][gc,heap     ] GC(69) Survivor regions: 3->3(14)
[2025-03-28T19:16:06.812+0530][gc,heap     ] GC(69) Old regions: 76->76
[2025-03-28T19:16:06.812+0530][gc,heap     ] GC(69) Archive regions: 2->2
[2025-03-28T19:16:06.812+0530][gc,heap     ] GC(69) Humongous regions: 138->136
[2025-03-28T19:16:06.812+0530][gc,metaspace] GC(69) Metaspace: 49138K(49856K)->49138K(49856K) NonClass: 43548K(43904K)->43548K(43904K) Class: 5590K(5952K)->5590K(5952K)
[2025-03-28T19:16:06.812+0530][gc          ] GC(69) Pause Young (Normal) (G1 Evacuation Pause) 320M->215M(1024M) 60.020ms
[2025-03-28T19:16:06.812+0530][gc,cpu      ] GC(69) User=0.04s Sys=0.01s Real=0.07s
[2025-03-28T19:16:07.686+0530][gc,start    ] GC(70) Pause Young (Normal) (G1 Evacuation Pause)
[2025-03-28T19:16:07.686+0530][gc,task     ] GC(70) Using 2 workers of 2 for evacuation
[2025-03-28T19:16:07.701+0530][gc,phases   ] GC(70)   Pre Evacuate Collection Set: 0.9ms
[2025-03-28T19:16:07.701+0530][gc,phases   ] GC(70)   Merge Heap Roots: 0.1ms
[2025-03-28T19:16:07.701+0530][gc,phases   ] GC(70)   Evacuate Collection Set: 12.7ms
[2025-03-28T19:16:07.701+0530][gc,phases   ] GC(70)   Post Evacuate Collection Set: 0.7ms
[2025-03-28T19:16:07.701+0530][gc,phases   ] GC(70)   Other: 0.2ms
[2025-03-28T19:16:07.701+0530][gc,heap     ] GC(70) Eden regions: 48->0(45)
[2025-03-28T19:16:07.701+0530][gc,heap     ] GC(70) Survivor regions: 3->6(7)
[2025-03-28T19:16:07.701+0530][gc,heap     ] GC(70) Old regions: 76->76
[2025-03-28T19:16:07.701+0530][gc,heap     ] GC(70) Archive regions: 2->2
[2025-03-28T19:16:07.701+0530][gc,heap     ] GC(70) Humongous regions: 136->134
[2025-03-28T19:16:07.701+0530][gc,metaspace] GC(70) Metaspace: 49139K(49856K)->49139K(49856K) NonClass: 43549K(43904K)->43549K(43904K) Class: 5590K(5952K)->5590K(5952K)
[2025-03-28T19:16:07.701+0530][gc          ] GC(70) Pause Young (Normal) (G1 Evacuation Pause) 263M->216M(1024M) 14.797ms
[2025-03-28T19:16:07.701+0530][gc,cpu      ] GC(70) User=0.02s Sys=0.00s Real=0.02s
[2025-03-28T19:16:07.812+0530][gc,start    ] GC(71) Pause Young (Normal) (G1 Evacuation Pause)
[2025-03-28T19:16:07.812+0530][gc,task     ] GC(71) Using 2 workers of 2 for evacuation
[2025-03-28T19:16:07.822+0530][gc,phases   ] GC(71)   Pre Evacuate Collection Set: 0.4ms
[2025-03-28T19:16:07.822+0530][gc,phases   ] GC(71)   Merge Heap Roots: 0.2ms
[2025-03-28T19:16:07.822+0530][gc,phases   ] GC(71)   Evacuate Collection Set: 8.9ms
[2025-03-28T19:16:07.822+0530][gc,phases   ] GC(71)   Post Evacuate Collection Set: 0.4ms
[2025-03-28T19:16:07.822+0530][gc,phases   ] GC(71)   Other: 0.1ms
[2025-03-28T19:16:07.822+0530][gc,heap     ] GC(71) Eden regions: 45->0(62)
[2025-03-28T19:16:07.822+0530][gc,heap     ] GC(71) Survivor regions: 6->2(7)
[2025-03-28T19:16:07.822+0530][gc,heap     ] GC(71) Old regions: 76->78
[2025-03-28T19:16:07.822+0530][gc,heap     ] GC(71) Archive regions: 2->2
[2025-03-28T19:16:07.822+0530][gc,heap     ] GC(71) Humongous regions: 136->136
[2025-03-28T19:16:07.822+0530][gc,metaspace] GC(71) Metaspace: 49139K(49856K)->49139K(49856K) NonClass: 43549K(43904K)->43549K(43904K) Class: 5590K(5952K)->5590K(5952K)
[2025-03-28T19:16:07.822+0530][gc          ] GC(71) Pause Young (Normal) (G1 Evacuation Pause) 263M->215M(1024M) 10.288ms
[2025-03-28T19:16:07.822+0530][gc,cpu      ] GC(71) User=0.00s Sys=0.00s Real=0.01s
[2025-03-28T19:16:16.395+0530][gc,start    ] GC(72) Pause Young (Normal) (G1 Evacuation Pause)
[2025-03-28T19:16:16.395+0530][gc,task     ] GC(72) Using 2 workers of 2 for evacuation
[2025-03-28T19:16:16.458+0530][gc,mmu      ] GC(72) MMU target violated: 21.0ms (20.0ms/21.0ms)
[2025-03-28T19:16:16.459+0530][gc,phases   ] GC(72)   Pre Evacuate Collection Set: 5.4ms
[2025-03-28T19:16:16.459+0530][gc,phases   ] GC(72)   Merge Heap Roots: 0.1ms
[2025-03-28T19:16:16.459+0530][gc,phases   ] GC(72)   Evacuate Collection Set: 57.2ms
[2025-03-28T19:16:16.459+0530][gc,phases   ] GC(72)   Post Evacuate Collection Set: 0.8ms
[2025-03-28T19:16:16.459+0530][gc,phases   ] GC(72)   Other: 0.3ms
[2025-03-28T19:16:16.459+0530][gc,heap     ] GC(72) Eden regions: 62->0(44)
[2025-03-28T19:16:16.459+0530][gc,heap     ] GC(72) Survivor regions: 2->7(8)
[2025-03-28T19:16:16.459+0530][gc,heap     ] GC(72) Old regions: 78->78
[2025-03-28T19:16:16.459+0530][gc,heap     ] GC(72) Archive regions: 2->2
[2025-03-28T19:16:16.459+0530][gc,heap     ] GC(72) Humongous regions: 136->134
[2025-03-28T19:16:16.459+0530][gc,metaspace] GC(72) Metaspace: 49176K(49920K)->49176K(49920K) NonClass: 43586K(43968K)->43586K(43968K) Class: 5590K(5952K)->5590K(5952K)
[2025-03-28T19:16:16.459+0530][gc          ] GC(72) Pause Young (Normal) (G1 Evacuation Pause) 277M->218M(1024M) 64.204ms
[2025-03-28T19:16:16.459+0530][gc,cpu      ] GC(72) User=0.02s Sys=0.00s Real=0.06s
[2025-03-28T19:16:16.675+0530][gc,start    ] GC(73) Pause Young (Normal) (G1 Evacuation Pause)
[2025-03-28T19:16:16.675+0530][gc,task     ] GC(73) Using 2 workers of 2 for evacuation
[2025-03-28T19:16:16.682+0530][gc,phases   ] GC(73)   Pre Evacuate Collection Set: 0.3ms
[2025-03-28T19:16:16.682+0530][gc,phases   ] GC(73)   Merge Heap Roots: 0.1ms
[2025-03-28T19:16:16.682+0530][gc,phases   ] GC(73)   Evacuate Collection Set: 5.7ms
[2025-03-28T19:16:16.682+0530][gc,phases   ] GC(73)   Post Evacuate Collection Set: 0.6ms
[2025-03-28T19:16:16.682+0530][gc,phases   ] GC(73)   Other: 0.2ms
[2025-03-28T19:16:16.682+0530][gc,heap     ] GC(73) Eden regions: 44->0(49)
[2025-03-28T19:16:16.682+0530][gc,heap     ] GC(73) Survivor regions: 7->2(7)
[2025-03-28T19:16:16.682+0530][gc,heap     ] GC(73) Old regions: 78->79
[2025-03-28T19:16:16.682+0530][gc,heap     ] GC(73) Archive regions: 2->2
[2025-03-28T19:16:16.682+0530][gc,heap     ] GC(73) Humongous regions: 136->136
[2025-03-28T19:16:16.682+0530][gc,metaspace] GC(73) Metaspace: 49176K(49920K)->49176K(49920K) NonClass: 43586K(43968K)->43586K(43968K) Class: 5590K(5952K)->5590K(5952K)
[2025-03-28T19:16:16.682+0530][gc          ] GC(73) Pause Young (Normal) (G1 Evacuation Pause) 264M->217M(1024M) 6.944ms
[2025-03-28T19:16:16.682+0530][gc,cpu      ] GC(73) User=0.02s Sys=0.00s Real=0.00s
[2025-03-28T19:16:17.628+0530][gc,start    ] GC(74) Pause Young (Normal) (G1 Evacuation Pause)
[2025-03-28T19:16:17.628+0530][gc,task     ] GC(74) Using 2 workers of 2 for evacuation
[2025-03-28T19:16:17.638+0530][gc,phases   ] GC(74)   Pre Evacuate Collection Set: 0.4ms
[2025-03-28T19:16:17.638+0530][gc,phases   ] GC(74)   Merge Heap Roots: 0.1ms
[2025-03-28T19:16:17.638+0530][gc,phases   ] GC(74)   Evacuate Collection Set: 8.2ms
[2025-03-28T19:16:17.638+0530][gc,phases   ] GC(74)   Post Evacuate Collection Set: 0.6ms
[2025-03-28T19:16:17.638+0530][gc,phases   ] GC(74)   Other: 0.4ms
[2025-03-28T19:16:17.638+0530][gc,heap     ] GC(74) Eden regions: 49->0(45)
[2025-03-28T19:16:17.638+0530][gc,heap     ] GC(74) Survivor regions: 2->6(7)
[2025-03-28T19:16:17.638+0530][gc,heap     ] GC(74) Old regions: 79->79
[2025-03-28T19:16:17.638+0530][gc,heap     ] GC(74) Archive regions: 2->2
[2025-03-28T19:16:17.638+0530][gc,heap     ] GC(74) Humongous regions: 136->134
[2025-03-28T19:16:17.638+0530][gc,metaspace] GC(74) Metaspace: 49176K(49920K)->49176K(49920K) NonClass: 43586K(43968K)->43586K(43968K) Class: 5590K(5952K)->5590K(5952K)
[2025-03-28T19:16:17.638+0530][gc          ] GC(74) Pause Young (Normal) (G1 Evacuation Pause) 266M->219M(1024M) 9.788ms
[2025-03-28T19:16:17.638+0530][gc,cpu      ] GC(74) User=0.02s Sys=0.00s Real=0.01s
[2025-03-28T19:16:17.779+0530][gc,start    ] GC(75) Pause Young (Normal) (G1 Evacuation Pause)
[2025-03-28T19:16:17.779+0530][gc,task     ] GC(75) Using 2 workers of 2 for evacuation
[2025-03-28T19:16:17.785+0530][gc,phases   ] GC(75)   Pre Evacuate Collection Set: 0.3ms
[2025-03-28T19:16:17.785+0530][gc,phases   ] GC(75)   Merge Heap Roots: 0.1ms
[2025-03-28T19:16:17.785+0530][gc,phases   ] GC(75)   Evacuate Collection Set: 4.9ms
[2025-03-28T19:16:17.785+0530][gc,phases   ] GC(75)   Post Evacuate Collection Set: 0.5ms
[2025-03-28T19:16:17.785+0530][gc,phases   ] GC(75)   Other: 0.3ms
[2025-03-28T19:16:17.785+0530][gc,heap     ] GC(75) Eden regions: 45->0(58)
[2025-03-28T19:16:17.785+0530][gc,heap     ] GC(75) Survivor regions: 6->2(7)
[2025-03-28T19:16:17.785+0530][gc,heap     ] GC(75) Old regions: 79->80
[2025-03-28T19:16:17.785+0530][gc,heap     ] GC(75) Archive regions: 2->2
[2025-03-28T19:16:17.785+0530][gc,heap     ] GC(75) Humongous regions: 136->136
[2025-03-28T19:16:17.785+0530][gc,metaspace] GC(75) Metaspace: 49176K(49920K)->49176K(49920K) NonClass: 43586K(43968K)->43586K(43968K) Class: 5590K(5952K)->5590K(5952K)
[2025-03-28T19:16:17.785+0530][gc          ] GC(75) Pause Young (Normal) (G1 Evacuation Pause) 266M->218M(1024M) 6.178ms
[2025-03-28T19:16:17.785+0530][gc,cpu      ] GC(75) User=0.01s Sys=0.00s Real=0.01s
[2025-03-28T19:16:26.664+0530][gc,start    ] GC(76) Pause Young (Normal) (G1 Evacuation Pause)
[2025-03-28T19:16:26.664+0530][gc,task     ] GC(76) Using 2 workers of 2 for evacuation
[2025-03-28T19:16:26.673+0530][gc,phases   ] GC(76)   Pre Evacuate Collection Set: 1.4ms
[2025-03-28T19:16:26.673+0530][gc,phases   ] GC(76)   Merge Heap Roots: 0.1ms
[2025-03-28T19:16:26.673+0530][gc,phases   ] GC(76)   Evacuate Collection Set: 7.2ms
[2025-03-28T19:16:26.673+0530][gc,phases   ] GC(76)   Post Evacuate Collection Set: 0.7ms
[2025-03-28T19:16:26.673+0530][gc,phases   ] GC(76)   Other: 0.1ms
[2025-03-28T19:16:26.673+0530][gc,heap     ] GC(76) Eden regions: 58->0(44)
[2025-03-28T19:16:26.673+0530][gc,heap     ] GC(76) Survivor regions: 2->7(8)
[2025-03-28T19:16:26.673+0530][gc,heap     ] GC(76) Old regions: 80->80
[2025-03-28T19:16:26.673+0530][gc,heap     ] GC(76) Archive regions: 2->2
[2025-03-28T19:16:26.673+0530][gc,heap     ] GC(76) Humongous regions: 136->134
[2025-03-28T19:16:26.673+0530][gc,metaspace] GC(76) Metaspace: 49187K(49920K)->49187K(49920K) NonClass: 43597K(43968K)->43597K(43968K) Class: 5590K(5952K)->5590K(5952K)
[2025-03-28T19:16:26.673+0530][gc          ] GC(76) Pause Young (Normal) (G1 Evacuation Pause) 276M->221M(1024M) 9.725ms
[2025-03-28T19:16:26.673+0530][gc,cpu      ] GC(76) User=0.01s Sys=0.01s Real=0.02s
[2025-03-28T19:16:26.794+0530][gc,start    ] GC(77) Pause Young (Normal) (G1 Evacuation Pause)
[2025-03-28T19:16:26.794+0530][gc,task     ] GC(77) Using 2 workers of 2 for evacuation
[2025-03-28T19:16:26.800+0530][gc,phases   ] GC(77)   Pre Evacuate Collection Set: 0.2ms
[2025-03-28T19:16:26.800+0530][gc,phases   ] GC(77)   Merge Heap Roots: 0.1ms
[2025-03-28T19:16:26.800+0530][gc,phases   ] GC(77)   Evacuate Collection Set: 4.7ms
[2025-03-28T19:16:26.800+0530][gc,phases   ] GC(77)   Post Evacuate Collection Set: 0.5ms
[2025-03-28T19:16:26.800+0530][gc,phases   ] GC(77)   Other: 0.2ms
[2025-03-28T19:16:26.800+0530][gc,heap     ] GC(77) Eden regions: 44->0(88)
[2025-03-28T19:16:26.800+0530][gc,heap     ] GC(77) Survivor regions: 7->2(7)
[2025-03-28T19:16:26.800+0530][gc,heap     ] GC(77) Old regions: 80->81
[2025-03-28T19:16:26.800+0530][gc,heap     ] GC(77) Archive regions: 2->2
[2025-03-28T19:16:26.800+0530][gc,heap     ] GC(77) Humongous regions: 136->136
[2025-03-28T19:16:26.800+0530][gc,metaspace] GC(77) Metaspace: 49187K(49920K)->49187K(49920K) NonClass: 43597K(43968K)->43597K(43968K) Class: 5590K(5952K)->5590K(5952K)
[2025-03-28T19:16:26.800+0530][gc          ] GC(77) Pause Young (Normal) (G1 Evacuation Pause) 267M->219M(1024M) 5.735ms
[2025-03-28T19:16:26.800+0530][gc,cpu      ] GC(77) User=0.01s Sys=0.00s Real=0.00s
[2025-03-28T19:16:27.803+0530][gc,start    ] GC(78) Pause Young (Normal) (G1 Evacuation Pause)
[2025-03-28T19:16:27.803+0530][gc,task     ] GC(78) Using 2 workers of 2 for evacuation
[2025-03-28T19:16:27.816+0530][gc,phases   ] GC(78)   Pre Evacuate Collection Set: 0.3ms
[2025-03-28T19:16:27.816+0530][gc,phases   ] GC(78)   Merge Heap Roots: 0.2ms
[2025-03-28T19:16:27.816+0530][gc,phases   ] GC(78)   Evacuate Collection Set: 11.4ms
[2025-03-28T19:16:27.816+0530][gc,phases   ] GC(78)   Post Evacuate Collection Set: 0.6ms
[2025-03-28T19:16:27.816+0530][gc,phases   ] GC(78)   Other: 0.2ms
[2025-03-28T19:16:27.816+0530][gc,heap     ] GC(78) Eden regions: 88->0(115)
[2025-03-28T19:16:27.816+0530][gc,heap     ] GC(78) Survivor regions: 2->3(12)
[2025-03-28T19:16:27.816+0530][gc,heap     ] GC(78) Old regions: 81->81
[2025-03-28T19:16:27.816+0530][gc,heap     ] GC(78) Archive regions: 2->2
[2025-03-28T19:16:27.816+0530][gc,heap     ] GC(78) Humongous regions: 138->136
[2025-03-28T19:16:27.816+0530][gc,metaspace] GC(78) Metaspace: 49196K(49920K)->49196K(49920K) NonClass: 43605K(43968K)->43605K(43968K) Class: 5590K(5952K)->5590K(5952K)
[2025-03-28T19:16:27.816+0530][gc          ] GC(78) Pause Young (Normal) (G1 Evacuation Pause) 309M->219M(1024M) 12.936ms
[2025-03-28T19:16:27.816+0530][gc,cpu      ] GC(78) User=0.02s Sys=0.00s Real=0.01s
[2025-03-28T19:16:37.387+0530][gc,start    ] GC(79) Pause Young (Normal) (G1 Evacuation Pause)
[2025-03-28T19:16:37.387+0530][gc,task     ] GC(79) Using 2 workers of 2 for evacuation
[2025-03-28T19:16:37.394+0530][gc,phases   ] GC(79)   Pre Evacuate Collection Set: 0.2ms
[2025-03-28T19:16:37.394+0530][gc,phases   ] GC(79)   Merge Heap Roots: 0.1ms
[2025-03-28T19:16:37.394+0530][gc,phases   ] GC(79)   Evacuate Collection Set: 2.7ms
[2025-03-28T19:16:37.394+0530][gc,phases   ] GC(79)   Post Evacuate Collection Set: 3.5ms
[2025-03-28T19:16:37.394+0530][gc,phases   ] GC(79)   Other: 0.2ms
[2025-03-28T19:16:37.394+0530][gc,heap     ] GC(79) Eden regions: 115->0(143)
[2025-03-28T19:16:37.394+0530][gc,heap     ] GC(79) Survivor regions: 3->1(15)
[2025-03-28T19:16:37.394+0530][gc,heap     ] GC(79) Old regions: 81->81
[2025-03-28T19:16:37.394+0530][gc,heap     ] GC(79) Archive regions: 2->2
[2025-03-28T19:16:37.394+0530][gc,heap     ] GC(79) Humongous regions: 138->134
[2025-03-28T19:16:37.394+0530][gc,metaspace] GC(79) Metaspace: 49218K(49920K)->49218K(49920K) NonClass: 43625K(43968K)->43625K(43968K) Class: 5593K(5952K)->5593K(5952K)
[2025-03-28T19:16:37.394+0530][gc          ] GC(79) Pause Young (Normal) (G1 Evacuation Pause) 336M->215M(1024M) 6.856ms
[2025-03-28T19:16:37.394+0530][gc,cpu      ] GC(79) User=0.01s Sys=0.00s Real=0.00s
[2025-03-28T19:16:46.760+0530][gc,start    ] GC(80) Pause Young (Normal) (G1 Evacuation Pause)
[2025-03-28T19:16:46.760+0530][gc,task     ] GC(80) Using 2 workers of 2 for evacuation
[2025-03-28T19:16:46.788+0530][gc,mmu      ] GC(80) MMU target violated: 21.0ms (20.0ms/21.0ms)
[2025-03-28T19:16:46.788+0530][gc,phases   ] GC(80)   Pre Evacuate Collection Set: 0.2ms
[2025-03-28T19:16:46.789+0530][gc,phases   ] GC(80)   Merge Heap Roots: 0.1ms
[2025-03-28T19:16:46.789+0530][gc,phases   ] GC(80)   Evacuate Collection Set: 27.2ms
[2025-03-28T19:16:46.789+0530][gc,phases   ] GC(80)   Post Evacuate Collection Set: 1.0ms
[2025-03-28T19:16:46.789+0530][gc,phases   ] GC(80)   Other: 0.4ms
[2025-03-28T19:16:46.789+0530][gc,heap     ] GC(80) Eden regions: 143->0(61)
[2025-03-28T19:16:46.789+0530][gc,heap     ] GC(80) Survivor regions: 1->7(18)
[2025-03-28T19:16:46.789+0530][gc,heap     ] GC(80) Old regions: 81->81
[2025-03-28T19:16:46.789+0530][gc,heap     ] GC(80) Archive regions: 2->2
[2025-03-28T19:16:46.789+0530][gc,heap     ] GC(80) Humongous regions: 136->134
[2025-03-28T19:16:46.789+0530][gc,metaspace] GC(80) Metaspace: 49494K(50176K)->49494K(50176K) NonClass: 43901K(44224K)->43901K(44224K) Class: 5593K(5952K)->5593K(5952K)
[2025-03-28T19:16:46.789+0530][gc          ] GC(80) Pause Young (Normal) (G1 Evacuation Pause) 360M->221M(1024M) 29.214ms
[2025-03-28T19:16:46.789+0530][gc,cpu      ] GC(80) User=0.03s Sys=0.00s Real=0.03s
[2025-03-28T19:16:47.604+0530][gc,start    ] GC(81) Pause Young (Normal) (G1 Evacuation Pause)
[2025-03-28T19:16:47.604+0530][gc,task     ] GC(81) Using 2 workers of 2 for evacuation
[2025-03-28T19:16:47.615+0530][gc,phases   ] GC(81)   Pre Evacuate Collection Set: 0.5ms
[2025-03-28T19:16:47.615+0530][gc,phases   ] GC(81)   Merge Heap Roots: 0.4ms
[2025-03-28T19:16:47.615+0530][gc,phases   ] GC(81)   Evacuate Collection Set: 8.7ms
[2025-03-28T19:16:47.615+0530][gc,phases   ] GC(81)   Post Evacuate Collection Set: 0.8ms
[2025-03-28T19:16:47.615+0530][gc,phases   ] GC(81)   Other: 0.2ms
[2025-03-28T19:16:47.615+0530][gc,heap     ] GC(81) Eden regions: 61->0(124)
[2025-03-28T19:16:47.615+0530][gc,heap     ] GC(81) Survivor regions: 7->2(9)
[2025-03-28T19:16:47.615+0530][gc,heap     ] GC(81) Old regions: 81->81
[2025-03-28T19:16:47.615+0530][gc,heap     ] GC(81) Archive regions: 2->2
[2025-03-28T19:16:47.615+0530][gc,heap     ] GC(81) Humongous regions: 136->134
[2025-03-28T19:16:47.615+0530][gc,metaspace] GC(81) Metaspace: 49504K(50176K)->49504K(50176K) NonClass: 43911K(44224K)->43911K(44224K) Class: 5593K(5952K)->5593K(5952K)
[2025-03-28T19:16:47.615+0530][gc          ] GC(81) Pause Young (Normal) (G1 Evacuation Pause) 284M->217M(1024M) 10.870ms
[2025-03-28T19:16:47.615+0530][gc,cpu      ] GC(81) User=0.02s Sys=0.01s Real=0.02s
[2025-03-28T19:16:56.204+0530][gc,start    ] GC(82) Pause Young (Normal) (G1 Evacuation Pause)
[2025-03-28T19:16:56.204+0530][gc,task     ] GC(82) Using 2 workers of 2 for evacuation
[2025-03-28T19:16:56.227+0530][gc,mmu      ] GC(82) MMU target violated: 21.0ms (20.0ms/21.0ms)
[2025-03-28T19:16:56.227+0530][gc,phases   ] GC(82)   Pre Evacuate Collection Set: 0.4ms
[2025-03-28T19:16:56.227+0530][gc,phases   ] GC(82)   Merge Heap Roots: 0.2ms
[2025-03-28T19:16:56.227+0530][gc,phases   ] GC(82)   Evacuate Collection Set: 21.4ms
[2025-03-28T19:16:56.227+0530][gc,phases   ] GC(82)   Post Evacuate Collection Set: 1.5ms
[2025-03-28T19:16:56.227+0530][gc,phases   ] GC(82)   Other: 0.3ms
[2025-03-28T19:16:56.227+0530][gc,heap     ] GC(82) Eden regions: 124->0(144)
[2025-03-28T19:16:56.227+0530][gc,heap     ] GC(82) Survivor regions: 2->5(16)
[2025-03-28T19:16:56.227+0530][gc,heap     ] GC(82) Old regions: 81->81
[2025-03-28T19:16:56.227+0530][gc,heap     ] GC(82) Archive regions: 2->2
[2025-03-28T19:16:56.227+0530][gc,heap     ] GC(82) Humongous regions: 136->134
[2025-03-28T19:16:56.227+0530][gc,metaspace] GC(82) Metaspace: 49519K(50176K)->49519K(50176K) NonClass: 43926K(44224K)->43926K(44224K) Class: 5593K(5952K)->5593K(5952K)
[2025-03-28T19:16:56.227+0530][gc          ] GC(82) Pause Young (Normal) (G1 Evacuation Pause) 343M->220M(1024M) 23.753ms
[2025-03-28T19:16:56.227+0530][gc,cpu      ] GC(82) User=0.01s Sys=0.00s Real=0.03s
[2025-03-28T19:16:57.791+0530][gc,start    ] GC(83) Pause Young (Normal) (G1 Evacuation Pause)
[2025-03-28T19:16:57.791+0530][gc,task     ] GC(83) Using 2 workers of 2 for evacuation
[2025-03-28T19:16:57.797+0530][gc,phases   ] GC(83)   Pre Evacuate Collection Set: 0.2ms
[2025-03-28T19:16:57.797+0530][gc,phases   ] GC(83)   Merge Heap Roots: 0.1ms
[2025-03-28T19:16:57.797+0530][gc,phases   ] GC(83)   Evacuate Collection Set: 5.0ms
[2025-03-28T19:16:57.797+0530][gc,phases   ] GC(83)   Post Evacuate Collection Set: 0.7ms
[2025-03-28T19:16:57.797+0530][gc,phases   ] GC(83)   Other: 0.2ms
[2025-03-28T19:16:57.797+0530][gc,heap     ] GC(83) Eden regions: 144->0(285)
[2025-03-28T19:16:57.797+0530][gc,heap     ] GC(83) Survivor regions: 5->3(19)
[2025-03-28T19:16:57.797+0530][gc,heap     ] GC(83) Old regions: 81->81
[2025-03-28T19:16:57.797+0530][gc,heap     ] GC(83) Archive regions: 2->2
[2025-03-28T19:16:57.797+0530][gc,heap     ] GC(83) Humongous regions: 138->136
[2025-03-28T19:16:57.797+0530][gc,metaspace] GC(83) Metaspace: 49529K(50240K)->49529K(50240K) NonClass: 43936K(44288K)->43936K(44288K) Class: 5593K(5952K)->5593K(5952K)
[2025-03-28T19:16:57.797+0530][gc          ] GC(83) Pause Young (Normal) (G1 Evacuation Pause) 368M->220M(1024M) 6.387ms
[2025-03-28T19:16:57.797+0530][gc,cpu      ] GC(83) User=0.01s Sys=0.00s Real=0.01s
[2025-03-28T19:17:16.727+0530][gc,start    ] GC(84) Pause Young (Normal) (G1 Evacuation Pause)
[2025-03-28T19:17:16.729+0530][gc,task     ] GC(84) Using 2 workers of 2 for evacuation
[2025-03-28T19:17:16.737+0530][gc,phases   ] GC(84)   Pre Evacuate Collection Set: 0.2ms
[2025-03-28T19:17:16.737+0530][gc,phases   ] GC(84)   Merge Heap Roots: 0.1ms
[2025-03-28T19:17:16.737+0530][gc,phases   ] GC(84)   Evacuate Collection Set: 6.4ms
[2025-03-28T19:17:16.737+0530][gc,phases   ] GC(84)   Post Evacuate Collection Set: 0.9ms
[2025-03-28T19:17:16.737+0530][gc,phases   ] GC(84)   Other: 2.6ms
[2025-03-28T19:17:16.737+0530][gc,heap     ] GC(84) Eden regions: 285->0(413)
[2025-03-28T19:17:16.737+0530][gc,heap     ] GC(84) Survivor regions: 3->3(36)
[2025-03-28T19:17:16.737+0530][gc,heap     ] GC(84) Old regions: 81->81
[2025-03-28T19:17:16.737+0530][gc,heap     ] GC(84) Archive regions: 2->2
[2025-03-28T19:17:16.737+0530][gc,heap     ] GC(84) Humongous regions: 142->136
[2025-03-28T19:17:16.737+0530][gc,metaspace] GC(84) Metaspace: 49573K(50240K)->49573K(50240K) NonClass: 43980K(44288K)->43980K(44288K) Class: 5593K(5952K)->5593K(5952K)
[2025-03-28T19:17:16.737+0530][gc          ] GC(84) Pause Young (Normal) (G1 Evacuation Pause) 511M->220M(1024M) 10.314ms
[2025-03-28T19:17:16.737+0530][gc,cpu      ] GC(84) User=0.02s Sys=0.00s Real=0.01s
[2025-03-28T19:17:36.886+0530][gc,start    ] GC(85) Pause Young (Normal) (G1 Evacuation Pause)
[2025-03-28T19:17:36.886+0530][gc,task     ] GC(85) Using 2 workers of 2 for evacuation
[2025-03-28T19:17:36.893+0530][gc,phases   ] GC(85)   Pre Evacuate Collection Set: 0.2ms
[2025-03-28T19:17:36.893+0530][gc,phases   ] GC(85)   Merge Heap Roots: 0.1ms
[2025-03-28T19:17:36.893+0530][gc,phases   ] GC(85)   Evacuate Collection Set: 5.9ms
[2025-03-28T19:17:36.893+0530][gc,phases   ] GC(85)   Post Evacuate Collection Set: 0.8ms
[2025-03-28T19:17:36.893+0530][gc,phases   ] GC(85)   Other: 0.2ms
[2025-03-28T19:17:36.893+0530][gc,heap     ] GC(85) Eden regions: 413->0(590)
[2025-03-28T19:17:36.893+0530][gc,heap     ] GC(85) Survivor regions: 3->3(52)
[2025-03-28T19:17:36.893+0530][gc,heap     ] GC(85) Old regions: 81->81
[2025-03-28T19:17:36.893+0530][gc,heap     ] GC(85) Archive regions: 2->2
[2025-03-28T19:17:36.893+0530][gc,heap     ] GC(85) Humongous regions: 144->136
[2025-03-28T19:17:36.893+0530][gc,metaspace] GC(85) Metaspace: 49592K(50240K)->49592K(50240K) NonClass: 43999K(44288K)->43999K(44288K) Class: 5593K(5952K)->5593K(5952K)
[2025-03-28T19:17:36.893+0530][gc          ] GC(85) Pause Young (Normal) (G1 Evacuation Pause) 641M->220M(1024M) 7.421ms
[2025-03-28T19:17:36.893+0530][gc,cpu      ] GC(85) User=0.01s Sys=0.00s Real=0.00s
[2025-03-28T19:18:07.301+0530][gc,start    ] GC(86) Pause Young (Normal) (G1 Evacuation Pause)
[2025-03-28T19:18:07.301+0530][gc,task     ] GC(86) Using 2 workers of 2 for evacuation
[2025-03-28T19:18:07.329+0530][gc,mmu      ] GC(86) MMU target violated: 21.0ms (20.0ms/21.0ms)
[2025-03-28T19:18:07.329+0530][gc,phases   ] GC(86)   Pre Evacuate Collection Set: 0.3ms
[2025-03-28T19:18:07.329+0530][gc,phases   ] GC(86)   Merge Heap Roots: 0.2ms
[2025-03-28T19:18:07.329+0530][gc,phases   ] GC(86)   Evacuate Collection Set: 26.0ms
[2025-03-28T19:18:07.329+0530][gc,phases   ] GC(86)   Post Evacuate Collection Set: 0.9ms
[2025-03-28T19:18:07.329+0530][gc,phases   ] GC(86)   Other: 0.8ms
[2025-03-28T19:18:07.329+0530][gc,heap     ] GC(86) Eden regions: 582->0(249)
[2025-03-28T19:18:07.329+0530][gc,heap     ] GC(86) Survivor regions: 3->4(74)
[2025-03-28T19:18:07.329+0530][gc,heap     ] GC(86) Old regions: 81->81
[2025-03-28T19:18:07.329+0530][gc,heap     ] GC(86) Archive regions: 2->2
[2025-03-28T19:18:07.329+0530][gc,heap     ] GC(86) Humongous regions: 163->145
[2025-03-28T19:18:07.329+0530][gc,metaspace] GC(86) Metaspace: 50177K(50816K)->50177K(50816K) NonClass: 44492K(44800K)->44492K(44800K) Class: 5685K(6016K)->5685K(6016K)
[2025-03-28T19:18:07.329+0530][gc          ] GC(86) Pause Young (Normal) (G1 Evacuation Pause) 829M->230M(1024M) 28.354ms
[2025-03-28T19:18:07.329+0530][gc,cpu      ] GC(86) User=0.03s Sys=0.00s Real=0.03s
[2025-03-28T19:18:17.423+0530][gc,start    ] GC(87) Pause Young (Normal) (G1 Evacuation Pause)
[2025-03-28T19:18:17.423+0530][gc,task     ] GC(87) Using 2 workers of 2 for evacuation
[2025-03-28T19:18:17.446+0530][gc,mmu      ] GC(87) MMU target violated: 21.0ms (20.0ms/21.0ms)
[2025-03-28T19:18:17.447+0530][gc,phases   ] GC(87)   Pre Evacuate Collection Set: 0.6ms
[2025-03-28T19:18:17.447+0530][gc,phases   ] GC(87)   Merge Heap Roots: 0.3ms
[2025-03-28T19:18:17.447+0530][gc,phases   ] GC(87)   Evacuate Collection Set: 19.1ms
[2025-03-28T19:18:17.447+0530][gc,phases   ] GC(87)   Post Evacuate Collection Set: 2.7ms
[2025-03-28T19:18:17.447+0530][gc,phases   ] GC(87)   Other: 0.7ms
[2025-03-28T19:18:17.447+0530][gc,heap     ] GC(87) Eden regions: 241->0(91)
[2025-03-28T19:18:17.447+0530][gc,heap     ] GC(87) Survivor regions: 4->3(31)
[2025-03-28T19:18:17.447+0530][gc,heap     ] GC(87) Old regions: 81->81
[2025-03-28T19:18:17.447+0530][gc,heap     ] GC(87) Archive regions: 2->2
[2025-03-28T19:18:17.447+0530][gc,heap     ] GC(87) Humongous regions: 149->143
[2025-03-28T19:18:17.447+0530][gc,metaspace] GC(87) Metaspace: 50195K(50816K)->50195K(50816K) NonClass: 44510K(44800K)->44510K(44800K) Class: 5685K(6016K)->5685K(6016K)
[2025-03-28T19:18:17.447+0530][gc          ] GC(87) Pause Young (Normal) (G1 Evacuation Pause) 475M->226M(1024M) 23.788ms
[2025-03-28T19:18:17.447+0530][gc,cpu      ] GC(87) User=0.03s Sys=0.00s Real=0.03s
[2025-03-28T19:18:17.718+0530][gc,start    ] GC(88) Pause Young (Normal) (G1 Evacuation Pause)
[2025-03-28T19:18:17.718+0530][gc,task     ] GC(88) Using 2 workers of 2 for evacuation
[2025-03-28T19:18:17.730+0530][gc,phases   ] GC(88)   Pre Evacuate Collection Set: 0.2ms
[2025-03-28T19:18:17.730+0530][gc,phases   ] GC(88)   Merge Heap Roots: 0.1ms
[2025-03-28T19:18:17.730+0530][gc,phases   ] GC(88)   Evacuate Collection Set: 10.9ms
[2025-03-28T19:18:17.730+0530][gc,phases   ] GC(88)   Post Evacuate Collection Set: 0.7ms
[2025-03-28T19:18:17.730+0530][gc,phases   ] GC(88)   Other: 0.2ms
[2025-03-28T19:18:17.730+0530][gc,heap     ] GC(88) Eden regions: 91->0(51)
[2025-03-28T19:18:17.730+0530][gc,heap     ] GC(88) Survivor regions: 3->4(12)
[2025-03-28T19:18:17.730+0530][gc,heap     ] GC(88) Old regions: 81->81
[2025-03-28T19:18:17.730+0530][gc,heap     ] GC(88) Archive regions: 2->2
[2025-03-28T19:18:17.730+0530][gc,heap     ] GC(88) Humongous regions: 145->145
[2025-03-28T19:18:17.730+0530][gc,metaspace] GC(88) Metaspace: 50197K(50816K)->50197K(50816K) NonClass: 44512K(44800K)->44512K(44800K) Class: 5685K(6016K)->5685K(6016K)
[2025-03-28T19:18:17.730+0530][gc          ] GC(88) Pause Young (Normal) (G1 Evacuation Pause) 319M->230M(1024M) 12.368ms
[2025-03-28T19:18:17.730+0530][gc,cpu      ] GC(88) User=0.02s Sys=0.00s Real=0.01s
[2025-03-28T19:18:26.841+0530][gc,start    ] GC(89) Pause Young (Normal) (G1 Evacuation Pause)
[2025-03-28T19:18:26.841+0530][gc,task     ] GC(89) Using 2 workers of 2 for evacuation
[2025-03-28T19:18:26.893+0530][gc,mmu      ] GC(89) MMU target violated: 21.0ms (20.0ms/21.0ms)
[2025-03-28T19:18:26.893+0530][gc,phases   ] GC(89)   Pre Evacuate Collection Set: 0.3ms
[2025-03-28T19:18:26.893+0530][gc,phases   ] GC(89)   Merge Heap Roots: 0.5ms
[2025-03-28T19:18:26.893+0530][gc,phases   ] GC(89)   Evacuate Collection Set: 40.9ms
[2025-03-28T19:18:26.893+0530][gc,phases   ] GC(89)   Post Evacuate Collection Set: 10.5ms
[2025-03-28T19:18:26.893+0530][gc,phases   ] GC(89)   Other: 0.4ms
[2025-03-28T19:18:26.893+0530][gc,heap     ] GC(89) Eden regions: 51->0(44)
[2025-03-28T19:18:26.893+0530][gc,heap     ] GC(89) Survivor regions: 4->7(7)
[2025-03-28T19:18:26.893+0530][gc,heap     ] GC(89) Old regions: 81->81
[2025-03-28T19:18:26.893+0530][gc,heap     ] GC(89) Archive regions: 2->2
[2025-03-28T19:18:26.893+0530][gc,heap     ] GC(89) Humongous regions: 145->143
[2025-03-28T19:18:26.893+0530][gc,metaspace] GC(89) Metaspace: 50207K(50880K)->50207K(50880K) NonClass: 44522K(44864K)->44522K(44864K) Class: 5685K(6016K)->5685K(6016K)
[2025-03-28T19:18:26.893+0530][gc          ] GC(89) Pause Young (Normal) (G1 Evacuation Pause) 281M->231M(1024M) 52.892ms
[2025-03-28T19:18:26.894+0530][gc,cpu      ] GC(89) User=0.04s Sys=0.00s Real=0.05s
[2025-03-28T19:18:27.091+0530][gc,start    ] GC(90) Pause Young (Normal) (G1 Evacuation Pause)
[2025-03-28T19:18:27.091+0530][gc,task     ] GC(90) Using 2 workers of 2 for evacuation
[2025-03-28T19:18:27.100+0530][gc,phases   ] GC(90)   Pre Evacuate Collection Set: 1.2ms
[2025-03-28T19:18:27.100+0530][gc,phases   ] GC(90)   Merge Heap Roots: 0.1ms
[2025-03-28T19:18:27.100+0530][gc,phases   ] GC(90)   Evacuate Collection Set: 7.2ms
[2025-03-28T19:18:27.100+0530][gc,phases   ] GC(90)   Post Evacuate Collection Set: 0.6ms
[2025-03-28T19:18:27.100+0530][gc,phases   ] GC(90)   Other: 0.2ms
[2025-03-28T19:18:27.100+0530][gc,heap     ] GC(90) Eden regions: 44->0(49)
[2025-03-28T19:18:27.100+0530][gc,heap     ] GC(90) Survivor regions: 7->2(7)
[2025-03-28T19:18:27.100+0530][gc,heap     ] GC(90) Old regions: 81->84
[2025-03-28T19:18:27.100+0530][gc,heap     ] GC(90) Archive regions: 2->2
[2025-03-28T19:18:27.100+0530][gc,heap     ] GC(90) Humongous regions: 145->145
[2025-03-28T19:18:27.100+0530][gc,metaspace] GC(90) Metaspace: 50207K(50880K)->50207K(50880K) NonClass: 44522K(44864K)->44522K(44864K) Class: 5685K(6016K)->5685K(6016K)
[2025-03-28T19:18:27.100+0530][gc          ] GC(90) Pause Young (Normal) (G1 Evacuation Pause) 277M->231M(1024M) 9.444ms
[2025-03-28T19:18:27.100+0530][gc,cpu      ] GC(90) User=0.02s Sys=0.00s Real=0.01s
[2025-03-28T19:18:27.703+0530][gc,start    ] GC(91) Pause Young (Normal) (G1 Evacuation Pause)
[2025-03-28T19:18:27.703+0530][gc,task     ] GC(91) Using 2 workers of 2 for evacuation
[2025-03-28T19:18:27.740+0530][gc,mmu      ] GC(91) MMU target violated: 21.0ms (20.0ms/21.0ms)
[2025-03-28T19:18:27.740+0530][gc,phases   ] GC(91)   Pre Evacuate Collection Set: 0.6ms
[2025-03-28T19:18:27.740+0530][gc,phases   ] GC(91)   Merge Heap Roots: 0.3ms
[2025-03-28T19:18:27.740+0530][gc,phases   ] GC(91)   Evacuate Collection Set: 33.4ms
[2025-03-28T19:18:27.740+0530][gc,phases   ] GC(91)   Post Evacuate Collection Set: 1.6ms
[2025-03-28T19:18:27.740+0530][gc,phases   ] GC(91)   Other: 0.7ms
[2025-03-28T19:18:27.740+0530][gc,heap     ] GC(91) Eden regions: 49->0(46)
[2025-03-28T19:18:27.740+0530][gc,heap     ] GC(91) Survivor regions: 2->5(7)
[2025-03-28T19:18:27.740+0530][gc,heap     ] GC(91) Old regions: 84->84
[2025-03-28T19:18:27.740+0530][gc,heap     ] GC(91) Archive regions: 2->2
[2025-03-28T19:18:27.740+0530][gc,heap     ] GC(91) Humongous regions: 145->143
[2025-03-28T19:18:27.740+0530][gc,metaspace] GC(91) Metaspace: 50208K(50880K)->50208K(50880K) NonClass: 44523K(44864K)->44523K(44864K) Class: 5685K(6016K)->5685K(6016K)
[2025-03-28T19:18:27.740+0530][gc          ] GC(91) Pause Young (Normal) (G1 Evacuation Pause) 280M->232M(1024M) 37.325ms
[2025-03-28T19:18:27.741+0530][gc,cpu      ] GC(91) User=0.05s Sys=0.00s Real=0.04s
[2025-03-28T19:18:28.020+0530][gc,start    ] GC(92) Pause Young (Normal) (G1 Evacuation Pause)
[2025-03-28T19:18:28.020+0530][gc,task     ] GC(92) Using 2 workers of 2 for evacuation
[2025-03-28T19:18:28.028+0530][gc,phases   ] GC(92)   Pre Evacuate Collection Set: 0.2ms
[2025-03-28T19:18:28.028+0530][gc,phases   ] GC(92)   Merge Heap Roots: 0.1ms
[2025-03-28T19:18:28.028+0530][gc,phases   ] GC(92)   Evacuate Collection Set: 6.1ms
[2025-03-28T19:18:28.028+0530][gc,phases   ] GC(92)   Post Evacuate Collection Set: 1.2ms
[2025-03-28T19:18:28.028+0530][gc,phases   ] GC(92)   Other: 0.2ms
[2025-03-28T19:18:28.028+0530][gc,heap     ] GC(92) Eden regions: 46->0(49)
[2025-03-28T19:18:28.028+0530][gc,heap     ] GC(92) Survivor regions: 5->2(7)
[2025-03-28T19:18:28.028+0530][gc,heap     ] GC(92) Old regions: 84->85
[2025-03-28T19:18:28.028+0530][gc,heap     ] GC(92) Archive regions: 2->2
[2025-03-28T19:18:28.028+0530][gc,heap     ] GC(92) Humongous regions: 145->145
[2025-03-28T19:18:28.028+0530][gc,metaspace] GC(92) Metaspace: 50210K(50880K)->50210K(50880K) NonClass: 44525K(44864K)->44525K(44864K) Class: 5685K(6016K)->5685K(6016K)
[2025-03-28T19:18:28.028+0530][gc          ] GC(92) Pause Young (Normal) (G1 Evacuation Pause) 280M->231M(1024M) 8.114ms
[2025-03-28T19:18:28.029+0530][gc,cpu      ] GC(92) User=0.02s Sys=0.00s Real=0.01s
[2025-03-28T19:18:36.464+0530][gc,start    ] GC(93) Pause Young (Normal) (G1 Evacuation Pause)
[2025-03-28T19:18:36.464+0530][gc,task     ] GC(93) Using 2 workers of 2 for evacuation
[2025-03-28T19:18:36.471+0530][gc,phases   ] GC(93)   Pre Evacuate Collection Set: 0.3ms
[2025-03-28T19:18:36.471+0530][gc,phases   ] GC(93)   Merge Heap Roots: 0.1ms
[2025-03-28T19:18:36.471+0530][gc,phases   ] GC(93)   Evacuate Collection Set: 5.5ms
[2025-03-28T19:18:36.471+0530][gc,phases   ] GC(93)   Post Evacuate Collection Set: 0.7ms
[2025-03-28T19:18:36.471+0530][gc,phases   ] GC(93)   Other: 0.2ms
[2025-03-28T19:18:36.471+0530][gc,heap     ] GC(93) Eden regions: 49->0(47)
[2025-03-28T19:18:36.471+0530][gc,heap     ] GC(93) Survivor regions: 2->4(7)
[2025-03-28T19:18:36.471+0530][gc,heap     ] GC(93) Old regions: 85->85
[2025-03-28T19:18:36.471+0530][gc,heap     ] GC(93) Archive regions: 2->2
[2025-03-28T19:18:36.471+0530][gc,heap     ] GC(93) Humongous regions: 145->143
[2025-03-28T19:18:36.471+0530][gc,metaspace] GC(93) Metaspace: 50239K(50880K)->50239K(50880K) NonClass: 44553K(44864K)->44553K(44864K) Class: 5685K(6016K)->5685K(6016K)
[2025-03-28T19:18:36.471+0530][gc          ] GC(93) Pause Young (Normal) (G1 Evacuation Pause) 280M->231M(1024M) 6.903ms
[2025-03-28T19:18:36.471+0530][gc,cpu      ] GC(93) User=0.01s Sys=0.00s Real=0.01s
[2025-03-28T19:18:36.616+0530][gc,start    ] GC(94) Pause Young (Normal) (G1 Evacuation Pause)
[2025-03-28T19:18:36.616+0530][gc,task     ] GC(94) Using 2 workers of 2 for evacuation
[2025-03-28T19:18:36.637+0530][gc,mmu      ] GC(94) MMU target violated: 21.0ms (20.0ms/21.0ms)
[2025-03-28T19:18:36.637+0530][gc,phases   ] GC(94)   Pre Evacuate Collection Set: 0.2ms
[2025-03-28T19:18:36.637+0530][gc,phases   ] GC(94)   Merge Heap Roots: 0.1ms
[2025-03-28T19:18:36.637+0530][gc,phases   ] GC(94)   Evacuate Collection Set: 20.4ms
[2025-03-28T19:18:36.637+0530][gc,phases   ] GC(94)   Post Evacuate Collection Set: 0.6ms
[2025-03-28T19:18:36.637+0530][gc,phases   ] GC(94)   Other: 0.2ms
[2025-03-28T19:18:36.637+0530][gc,heap     ] GC(94) Eden regions: 47->0(49)
[2025-03-28T19:18:36.637+0530][gc,heap     ] GC(94) Survivor regions: 4->2(7)
[2025-03-28T19:18:36.637+0530][gc,heap     ] GC(94) Old regions: 85->85
[2025-03-28T19:18:36.637+0530][gc,heap     ] GC(94) Archive regions: 2->2
[2025-03-28T19:18:36.637+0530][gc,heap     ] GC(94) Humongous regions: 145->145
[2025-03-28T19:18:36.637+0530][gc,metaspace] GC(94) Metaspace: 50239K(50880K)->50239K(50880K) NonClass: 44553K(44864K)->44553K(44864K) Class: 5685K(6016K)->5685K(6016K)
[2025-03-28T19:18:36.638+0530][gc          ] GC(94) Pause Young (Normal) (G1 Evacuation Pause) 280M->232M(1024M) 21.849ms
[2025-03-28T19:18:36.638+0530][gc,cpu      ] GC(94) User=0.03s Sys=0.00s Real=0.02s
[2025-03-28T19:18:37.576+0530][gc,start    ] GC(95) Pause Young (Normal) (G1 Evacuation Pause)
[2025-03-28T19:18:37.576+0530][gc,task     ] GC(95) Using 2 workers of 2 for evacuation
[2025-03-28T19:18:37.583+0530][gc,phases   ] GC(95)   Pre Evacuate Collection Set: 0.5ms
[2025-03-28T19:18:37.583+0530][gc,phases   ] GC(95)   Merge Heap Roots: 0.2ms
[2025-03-28T19:18:37.583+0530][gc,phases   ] GC(95)   Evacuate Collection Set: 5.4ms
[2025-03-28T19:18:37.583+0530][gc,phases   ] GC(95)   Post Evacuate Collection Set: 0.5ms
[2025-03-28T19:18:37.583+0530][gc,phases   ] GC(95)   Other: 0.2ms
[2025-03-28T19:18:37.583+0530][gc,heap     ] GC(95) Eden regions: 49->0(80)
[2025-03-28T19:18:37.583+0530][gc,heap     ] GC(95) Survivor regions: 2->4(7)
[2025-03-28T19:18:37.583+0530][gc,heap     ] GC(95) Old regions: 85->85
[2025-03-28T19:18:37.583+0530][gc,heap     ] GC(95) Archive regions: 2->2
[2025-03-28T19:18:37.583+0530][gc,heap     ] GC(95) Humongous regions: 145->143
[2025-03-28T19:18:37.583+0530][gc,metaspace] GC(95) Metaspace: 50240K(50880K)->50240K(50880K) NonClass: 44555K(44864K)->44555K(44864K) Class: 5685K(6016K)->5685K(6016K)
[2025-03-28T19:18:37.583+0530][gc          ] GC(95) Pause Young (Normal) (G1 Evacuation Pause) 281M->232M(1024M) 6.905ms
[2025-03-28T19:18:37.583+0530][gc,cpu      ] GC(95) User=0.00s Sys=0.01s Real=0.00s
[2025-03-28T19:18:42.775+0530][gc,start    ] GC(96) Pause Young (Normal) (G1 Evacuation Pause)
[2025-03-28T19:18:42.776+0530][gc,task     ] GC(96) Using 2 workers of 2 for evacuation
[2025-03-28T19:18:43.092+0530][gc,mmu      ] GC(96) MMU target violated: 21.0ms (20.0ms/21.0ms)
[2025-03-28T19:18:43.092+0530][gc,phases   ] GC(96)   Pre Evacuate Collection Set: 1.7ms
[2025-03-28T19:18:43.092+0530][gc,phases   ] GC(96)   Merge Heap Roots: 0.9ms
[2025-03-28T19:18:43.092+0530][gc,phases   ] GC(96)   Evacuate Collection Set: 311.8ms
[2025-03-28T19:18:43.092+0530][gc,phases   ] GC(96)   Post Evacuate Collection Set: 0.9ms
[2025-03-28T19:18:43.092+0530][gc,phases   ] GC(96)   Other: 1.7ms
[2025-03-28T19:18:43.092+0530][gc,heap     ] GC(96) Eden regions: 80->0(87)
[2025-03-28T19:18:43.092+0530][gc,heap     ] GC(96) Survivor regions: 4->1(11)
[2025-03-28T19:18:43.092+0530][gc,heap     ] GC(96) Old regions: 85->85
[2025-03-28T19:18:43.092+0530][gc,heap     ] GC(96) Archive regions: 2->2
[2025-03-28T19:18:43.092+0530][gc,heap     ] GC(96) Humongous regions: 145->143
[2025-03-28T19:18:43.092+0530][gc,metaspace] GC(96) Metaspace: 50240K(50880K)->50240K(50880K) NonClass: 44555K(44864K)->44555K(44864K) Class: 5685K(6016K)->5685K(6016K)
[2025-03-28T19:18:43.092+0530][gc          ] GC(96) Pause Young (Normal) (G1 Evacuation Pause) 314M->229M(1024M) 317.073ms
[2025-03-28T19:18:43.092+0530][gc,cpu      ] GC(96) User=0.29s Sys=0.00s Real=0.31s
[2025-03-28T19:18:47.670+0530][gc,start    ] GC(97) Pause Young (Normal) (G1 Evacuation Pause)
[2025-03-28T19:18:47.670+0530][gc,task     ] GC(97) Using 2 workers of 2 for evacuation
[2025-03-28T19:18:47.749+0530][gc,mmu      ] GC(97) MMU target violated: 21.0ms (20.0ms/21.0ms)
[2025-03-28T19:18:47.749+0530][gc,phases   ] GC(97)   Pre Evacuate Collection Set: 0.3ms
[2025-03-28T19:18:47.749+0530][gc,phases   ] GC(97)   Merge Heap Roots: 0.1ms
[2025-03-28T19:18:47.749+0530][gc,phases   ] GC(97)   Evacuate Collection Set: 77.6ms
[2025-03-28T19:18:47.749+0530][gc,phases   ] GC(97)   Post Evacuate Collection Set: 1.1ms
[2025-03-28T19:18:47.749+0530][gc,phases   ] GC(97)   Other: 0.2ms
[2025-03-28T19:18:47.749+0530][gc,heap     ] GC(97) Eden regions: 87->0(40)
[2025-03-28T19:18:47.749+0530][gc,heap     ] GC(97) Survivor regions: 1->11(11)
[2025-03-28T19:18:47.749+0530][gc,heap     ] GC(97) Old regions: 85->86
[2025-03-28T19:18:47.749+0530][gc,heap     ] GC(97) Archive regions: 2->2
[2025-03-28T19:18:47.749+0530][gc,heap     ] GC(97) Humongous regions: 143->143
[2025-03-28T19:18:47.749+0530][gc,metaspace] GC(97) Metaspace: 50253K(50880K)->50253K(50880K) NonClass: 44568K(44864K)->44568K(44864K) Class: 5685K(6016K)->5685K(6016K)
[2025-03-28T19:18:47.749+0530][gc          ] GC(97) Pause Young (Normal) (G1 Evacuation Pause) 316M->240M(1024M) 79.401ms
[2025-03-28T19:18:47.749+0530][gc,cpu      ] GC(97) User=0.02s Sys=0.01s Real=0.08s
[2025-03-28T19:18:47.847+0530][gc,start    ] GC(98) Pause Young (Normal) (G1 Evacuation Pause)
[2025-03-28T19:18:47.848+0530][gc,task     ] GC(98) Using 2 workers of 2 for evacuation
[2025-03-28T19:18:47.866+0530][gc,phases   ] GC(98)   Pre Evacuate Collection Set: 0.2ms
[2025-03-28T19:18:47.867+0530][gc,phases   ] GC(98)   Merge Heap Roots: 0.1ms
[2025-03-28T19:18:47.867+0530][gc,phases   ] GC(98)   Evacuate Collection Set: 17.3ms
[2025-03-28T19:18:47.867+0530][gc,phases   ] GC(98)   Post Evacuate Collection Set: 1.3ms
[2025-03-28T19:18:47.867+0530][gc,phases   ] GC(98)   Other: 0.2ms
[2025-03-28T19:18:47.867+0530][gc,heap     ] GC(98) Eden regions: 40->0(47)
[2025-03-28T19:18:47.867+0530][gc,heap     ] GC(98) Survivor regions: 11->4(7)
[2025-03-28T19:18:47.867+0530][gc,heap     ] GC(98) Old regions: 86->91
[2025-03-28T19:18:47.867+0530][gc,heap     ] GC(98) Archive regions: 2->2
[2025-03-28T19:18:47.867+0530][gc,heap     ] GC(98) Humongous regions: 145->145
[2025-03-28T19:18:47.867+0530][gc,metaspace] GC(98) Metaspace: 50253K(50880K)->50253K(50880K) NonClass: 44568K(44864K)->44568K(44864K) Class: 5685K(6016K)->5685K(6016K)
[2025-03-28T19:18:47.867+0530][gc          ] GC(98) Pause Young (Normal) (G1 Evacuation Pause) 282M->240M(1024M) 19.184ms
[2025-03-28T19:18:47.867+0530][gc,cpu      ] GC(98) User=0.02s Sys=0.01s Real=0.02s
[2025-03-28T19:18:47.934+0530][gc,start    ] GC(99) Pause Young (Normal) (G1 Evacuation Pause)
[2025-03-28T19:18:47.934+0530][gc,task     ] GC(99) Using 2 workers of 2 for evacuation
[2025-03-28T19:18:47.940+0530][gc,phases   ] GC(99)   Pre Evacuate Collection Set: 0.3ms
[2025-03-28T19:18:47.940+0530][gc,phases   ] GC(99)   Merge Heap Roots: 0.1ms
[2025-03-28T19:18:47.940+0530][gc,phases   ] GC(99)   Evacuate Collection Set: 4.3ms
[2025-03-28T19:18:47.940+0530][gc,phases   ] GC(99)   Post Evacuate Collection Set: 1.4ms
[2025-03-28T19:18:47.940+0530][gc,phases   ] GC(99)   Other: 0.2ms
[2025-03-28T19:18:47.940+0530][gc,heap     ] GC(99) Eden regions: 47->0(58)
[2025-03-28T19:18:47.940+0530][gc,heap     ] GC(99) Survivor regions: 4->2(7)
[2025-03-28T19:18:47.940+0530][gc,heap     ] GC(99) Old regions: 91->94
[2025-03-28T19:18:47.940+0530][gc,heap     ] GC(99) Archive regions: 2->2
[2025-03-28T19:18:47.940+0530][gc,heap     ] GC(99) Humongous regions: 147->145
[2025-03-28T19:18:47.940+0530][gc,metaspace] GC(99) Metaspace: 50254K(50944K)->50254K(50944K) NonClass: 44568K(44928K)->44568K(44928K) Class: 5685K(6016K)->5685K(6016K)
[2025-03-28T19:18:47.940+0530][gc          ] GC(99) Pause Young (Normal) (G1 Evacuation Pause) 289M->241M(1024M) 6.497ms
[2025-03-28T19:18:47.940+0530][gc,cpu      ] GC(99) User=0.01s Sys=0.00s Real=0.01s
[2025-03-28T19:18:56.617+0530][gc,start    ] GC(100) Pause Young (Normal) (G1 Evacuation Pause)
[2025-03-28T19:18:56.617+0530][gc,task     ] GC(100) Using 2 workers of 2 for evacuation
[2025-03-28T19:18:56.657+0530][gc,mmu      ] GC(100) MMU target violated: 21.0ms (20.0ms/21.0ms)
[2025-03-28T19:18:56.658+0530][gc,phases   ] GC(100)   Pre Evacuate Collection Set: 0.8ms
[2025-03-28T19:18:56.658+0530][gc,phases   ] GC(100)   Merge Heap Roots: 5.5ms
[2025-03-28T19:18:56.658+0530][gc,phases   ] GC(100)   Evacuate Collection Set: 24.0ms
[2025-03-28T19:18:56.658+0530][gc,phases   ] GC(100)   Post Evacuate Collection Set: 9.9ms
[2025-03-28T19:18:56.658+0530][gc,phases   ] GC(100)   Other: 0.2ms
[2025-03-28T19:18:56.658+0530][gc,heap     ] GC(100) Eden regions: 58->0(46)
[2025-03-28T19:18:56.658+0530][gc,heap     ] GC(100) Survivor regions: 2->5(8)
[2025-03-28T19:18:56.658+0530][gc,heap     ] GC(100) Old regions: 94->94
[2025-03-28T19:18:56.658+0530][gc,heap     ] GC(100) Archive regions: 2->2
[2025-03-28T19:18:56.658+0530][gc,heap     ] GC(100) Humongous regions: 145->143
[2025-03-28T19:18:56.658+0530][gc,metaspace] GC(100) Metaspace: 50272K(50944K)->50272K(50944K) NonClass: 44583K(44928K)->44583K(44928K) Class: 5689K(6016K)->5689K(6016K)
[2025-03-28T19:18:56.658+0530][gc          ] GC(100) Pause Young (Normal) (G1 Evacuation Pause) 299M->242M(1024M) 40.709ms
[2025-03-28T19:18:56.658+0530][gc,cpu      ] GC(100) User=0.02s Sys=0.00s Real=0.04s
[2025-03-28T19:18:56.972+0530][gc,start    ] GC(101) Pause Young (Normal) (G1 Evacuation Pause)
[2025-03-28T19:18:56.973+0530][gc,task     ] GC(101) Using 2 workers of 2 for evacuation
[2025-03-28T19:18:56.999+0530][gc,mmu      ] GC(101) MMU target violated: 21.0ms (20.0ms/21.0ms)
[2025-03-28T19:18:56.999+0530][gc,phases   ] GC(101)   Pre Evacuate Collection Set: 0.3ms
[2025-03-28T19:18:56.999+0530][gc,phases   ] GC(101)   Merge Heap Roots: 0.1ms
[2025-03-28T19:18:56.999+0530][gc,phases   ] GC(101)   Evacuate Collection Set: 23.2ms
[2025-03-28T19:18:56.999+0530][gc,phases   ] GC(101)   Post Evacuate Collection Set: 2.4ms
[2025-03-28T19:18:56.999+0530][gc,phases   ] GC(101)   Other: 0.3ms
[2025-03-28T19:18:56.999+0530][gc,heap     ] GC(101) Eden regions: 46->0(49)
[2025-03-28T19:18:56.999+0530][gc,heap     ] GC(101) Survivor regions: 5->2(7)
[2025-03-28T19:18:56.999+0530][gc,heap     ] GC(101) Old regions: 94->96
[2025-03-28T19:18:56.999+0530][gc,heap     ] GC(101) Archive regions: 2->2
[2025-03-28T19:18:56.999+0530][gc,heap     ] GC(101) Humongous regions: 145->145
[2025-03-28T19:18:56.999+0530][gc,metaspace] GC(101) Metaspace: 50275K(50944K)->50275K(50944K) NonClass: 44586K(44928K)->44586K(44928K) Class: 5689K(6016K)->5689K(6016K)
[2025-03-28T19:18:56.999+0530][gc          ] GC(101) Pause Young (Normal) (G1 Evacuation Pause) 290M->243M(1024M) 26.420ms
[2025-03-28T19:18:56.999+0530][gc,cpu      ] GC(101) User=0.01s Sys=0.00s Real=0.03s
[2025-03-28T19:18:57.612+0530][gc,start    ] GC(102) Pause Young (Normal) (G1 Evacuation Pause)
[2025-03-28T19:18:57.612+0530][gc,task     ] GC(102) Using 2 workers of 2 for evacuation
[2025-03-28T19:18:57.619+0530][gc,phases   ] GC(102)   Pre Evacuate Collection Set: 0.5ms
[2025-03-28T19:18:57.619+0530][gc,phases   ] GC(102)   Merge Heap Roots: 0.1ms
[2025-03-28T19:18:57.619+0530][gc,phases   ] GC(102)   Evacuate Collection Set: 5.9ms
[2025-03-28T19:18:57.619+0530][gc,phases   ] GC(102)   Post Evacuate Collection Set: 0.7ms
[2025-03-28T19:18:57.619+0530][gc,phases   ] GC(102)   Other: 0.2ms
[2025-03-28T19:18:57.619+0530][gc,heap     ] GC(102) Eden regions: 49->0(47)
[2025-03-28T19:18:57.619+0530][gc,heap     ] GC(102) Survivor regions: 2->4(7)
[2025-03-28T19:18:57.619+0530][gc,heap     ] GC(102) Old regions: 96->96
[2025-03-28T19:18:57.619+0530][gc,heap     ] GC(102) Archive regions: 2->2
[2025-03-28T19:18:57.619+0530][gc,heap     ] GC(102) Humongous regions: 145->143
[2025-03-28T19:18:57.619+0530][gc,metaspace] GC(102) Metaspace: 50278K(50944K)->50278K(50944K) NonClass: 44589K(44928K)->44589K(44928K) Class: 5689K(6016K)->5689K(6016K)
[2025-03-28T19:18:57.619+0530][gc          ] GC(102) Pause Young (Normal) (G1 Evacuation Pause) 292M->243M(1024M) 7.576ms
[2025-03-28T19:18:57.619+0530][gc,cpu      ] GC(102) User=0.01s Sys=0.00s Real=0.01s
[2025-03-28T19:18:57.781+0530][gc,start    ] GC(103) Pause Young (Normal) (G1 Evacuation Pause)
[2025-03-28T19:18:57.781+0530][gc,task     ] GC(103) Using 2 workers of 2 for evacuation
[2025-03-28T19:18:57.788+0530][gc,phases   ] GC(103)   Pre Evacuate Collection Set: 0.2ms
[2025-03-28T19:18:57.788+0530][gc,phases   ] GC(103)   Merge Heap Roots: 0.1ms
[2025-03-28T19:18:57.788+0530][gc,phases   ] GC(103)   Evacuate Collection Set: 5.5ms
[2025-03-28T19:18:57.788+0530][gc,phases   ] GC(103)   Post Evacuate Collection Set: 0.7ms
[2025-03-28T19:18:57.788+0530][gc,phases   ] GC(103)   Other: 0.2ms
[2025-03-28T19:18:57.788+0530][gc,heap     ] GC(103) Eden regions: 47->0(71)
[2025-03-28T19:18:57.788+0530][gc,heap     ] GC(103) Survivor regions: 4->3(7)
[2025-03-28T19:18:57.788+0530][gc,heap     ] GC(103) Old regions: 96->96
[2025-03-28T19:18:57.788+0530][gc,heap     ] GC(103) Archive regions: 2->2
[2025-03-28T19:18:57.788+0530][gc,heap     ] GC(103) Humongous regions: 145->145
[2025-03-28T19:18:57.788+0530][gc,metaspace] GC(103) Metaspace: 50283K(50944K)->50283K(50944K) NonClass: 44593K(44928K)->44593K(44928K) Class: 5689K(6016K)->5689K(6016K)
[2025-03-28T19:18:57.788+0530][gc          ] GC(103) Pause Young (Normal) (G1 Evacuation Pause) 292M->244M(1024M) 7.029ms
[2025-03-28T19:18:57.788+0530][gc,cpu      ] GC(103) User=0.01s Sys=0.00s Real=0.01s
[2025-03-28T19:19:06.590+0530][gc,start    ] GC(104) Pause Young (Normal) (G1 Evacuation Pause)
[2025-03-28T19:19:06.590+0530][gc,task     ] GC(104) Using 2 workers of 2 for evacuation
[2025-03-28T19:19:06.622+0530][gc,mmu      ] GC(104) MMU target violated: 21.0ms (20.0ms/21.0ms)
[2025-03-28T19:19:06.622+0530][gc,phases   ] GC(104)   Pre Evacuate Collection Set: 0.3ms
[2025-03-28T19:19:06.622+0530][gc,phases   ] GC(104)   Merge Heap Roots: 0.2ms
[2025-03-28T19:19:06.622+0530][gc,phases   ] GC(104)   Evacuate Collection Set: 30.9ms
[2025-03-28T19:19:06.622+0530][gc,phases   ] GC(104)   Post Evacuate Collection Set: 0.6ms
[2025-03-28T19:19:06.622+0530][gc,phases   ] GC(104)   Other: 0.2ms
[2025-03-28T19:19:06.622+0530][gc,heap     ] GC(104) Eden regions: 71->0(69)
[2025-03-28T19:19:06.622+0530][gc,heap     ] GC(104) Survivor regions: 3->6(10)
[2025-03-28T19:19:06.622+0530][gc,heap     ] GC(104) Old regions: 96->96
[2025-03-28T19:19:06.622+0530][gc,heap     ] GC(104) Archive regions: 2->2
[2025-03-28T19:19:06.622+0530][gc,heap     ] GC(104) Humongous regions: 145->143
[2025-03-28T19:19:06.622+0530][gc,metaspace] GC(104) Metaspace: 50321K(51008K)->50321K(51008K) NonClass: 44631K(44992K)->44631K(44992K) Class: 5689K(6016K)->5689K(6016K)
[2025-03-28T19:19:06.622+0530][gc          ] GC(104) Pause Young (Normal) (G1 Evacuation Pause) 315M->244M(1024M) 32.282ms
[2025-03-28T19:19:06.622+0530][gc,cpu      ] GC(104) User=0.01s Sys=0.00s Real=0.03s
[2025-03-28T19:19:07.599+0530][gc,start    ] GC(105) Pause Young (Normal) (G1 Evacuation Pause)
[2025-03-28T19:19:07.599+0530][gc,task     ] GC(105) Using 2 workers of 2 for evacuation
[2025-03-28T19:19:07.648+0530][gc,mmu      ] GC(105) MMU target violated: 21.0ms (20.0ms/21.0ms)
[2025-03-28T19:19:07.648+0530][gc,phases   ] GC(105)   Pre Evacuate Collection Set: 0.2ms
[2025-03-28T19:19:07.648+0530][gc,phases   ] GC(105)   Merge Heap Roots: 0.1ms
[2025-03-28T19:19:07.648+0530][gc,phases   ] GC(105)   Evacuate Collection Set: 47.4ms
[2025-03-28T19:19:07.648+0530][gc,phases   ] GC(105)   Post Evacuate Collection Set: 0.9ms
[2025-03-28T19:19:07.648+0530][gc,phases   ] GC(105)   Other: 0.3ms
[2025-03-28T19:19:07.648+0530][gc,heap     ] GC(105) Eden regions: 69->0(214)
[2025-03-28T19:19:07.648+0530][gc,heap     ] GC(105) Survivor regions: 6->1(10)
[2025-03-28T19:19:07.648+0530][gc,heap     ] GC(105) Old regions: 96->96
[2025-03-28T19:19:07.648+0530][gc,heap     ] GC(105) Archive regions: 2->2
[2025-03-28T19:19:07.648+0530][gc,heap     ] GC(105) Humongous regions: 145->143
[2025-03-28T19:19:07.648+0530][gc,metaspace] GC(105) Metaspace: 50503K(51136K)->50503K(51136K) NonClass: 44786K(45120K)->44786K(45120K) Class: 5717K(6016K)->5717K(6016K)
[2025-03-28T19:19:07.648+0530][gc          ] GC(105) Pause Young (Normal) (G1 Evacuation Pause) 315M->240M(1024M) 48.901ms
[2025-03-28T19:19:07.648+0530][gc,cpu      ] GC(105) User=0.00s Sys=0.00s Real=0.05s
[2025-03-28T19:19:14.935+0530][gc,heap,exit] Heap
[2025-03-28T19:19:14.935+0530][gc,heap,exit]  garbage-first heap   total 1048576K, used 275290K [0x00000000c0000000, 0x0000000100000000)
[2025-03-28T19:19:14.935+0530][gc,heap,exit]   region size 1024K, 28 young (28672K), 1 survivors (1024K)
[2025-03-28T19:19:14.935+0530][gc,heap,exit]  Metaspace       used 51412K, committed 52096K, reserved 1114112K
[2025-03-28T19:19:14.935+0530][gc,heap,exit]   class space    used 5927K, committed 6272K, reserved 1048576K
