[2025-03-28T19:19:16.962+0530][gc] Using G1
[2025-03-28T19:19:17.000+0530][gc,init] Version: 17.0.14+7-LTS (release)
[2025-03-28T19:19:17.000+0530][gc,init] CPUs: 2 total, 2 available
[2025-03-28T19:19:17.000+0530][gc,init] Memory: 3658M
[2025-03-28T19:19:17.000+0530][gc,init] Large Page Support: Disabled
[2025-03-28T19:19:17.000+0530][gc,init] NUMA Support: Disabled
[2025-03-28T19:19:17.000+0530][gc,init] Compressed Oops: Enabled (32-bit)
[2025-03-28T19:19:17.000+0530][gc,init] Heap Region Size: 1M
[2025-03-28T19:19:17.000+0530][gc,init] Heap Min Capacity: 1G
[2025-03-28T19:19:17.000+0530][gc,init] Heap Initial Capacity: 1G
[2025-03-28T19:19:17.000+0530][gc,init] Heap Max Capacity: 1G
[2025-03-28T19:19:17.000+0530][gc,init] Pre-touch: Disabled
[2025-03-28T19:19:17.000+0530][gc,init] Parallel Workers: 2
[2025-03-28T19:19:17.000+0530][gc,init] Concurrent Workers: 1
[2025-03-28T19:19:17.000+0530][gc,init] Concurrent Refinement Workers: 2
[2025-03-28T19:19:17.000+0530][gc,init] Periodic GC: Disabled
[2025-03-28T19:19:17.008+0530][gc,metaspace] CDS archive(s) mapped at: [0x00007f20a7000000-0x00007f20a7bc7000-0x00007f20a7bc7000), size 12349440, SharedBaseAddress: 0x00007f20a7000000, ArchiveRelocationMode: 1.
[2025-03-28T19:19:17.008+0530][gc,metaspace] Compressed class space mapped at: 0x00007f20a8000000-0x00007f20e8000000, reserved size: 1073741824
[2025-03-28T19:19:17.008+0530][gc,metaspace] Narrow klass base: 0x00007f20a7000000, Narrow klass shift: 0, Narrow klass range: 0x100000000
[2025-03-28T19:19:26.929+0530][gc,start    ] GC(0) Pause Young (Normal) (G1 Evacuation Pause)
[2025-03-28T19:19:26.929+0530][gc,task     ] GC(0) Using 2 workers of 2 for evacuation
[2025-03-28T19:19:26.968+0530][gc,mmu      ] GC(0) MMU target violated: 21.0ms (20.0ms/21.0ms)
[2025-03-28T19:19:26.969+0530][gc,phases   ] GC(0)   Pre Evacuate Collection Set: 0.3ms
[2025-03-28T19:19:26.969+0530][gc,phases   ] GC(0)   Merge Heap Roots: 0.1ms
[2025-03-28T19:19:26.969+0530][gc,phases   ] GC(0)   Evacuate Collection Set: 38.0ms
[2025-03-28T19:19:26.969+0530][gc,phases   ] GC(0)   Post Evacuate Collection Set: 1.0ms
[2025-03-28T19:19:26.969+0530][gc,phases   ] GC(0)   Other: 0.3ms
[2025-03-28T19:19:26.969+0530][gc,heap     ] GC(0) Eden regions: 51->0(44)
[2025-03-28T19:19:26.969+0530][gc,heap     ] GC(0) Survivor regions: 0->7(7)
[2025-03-28T19:19:26.969+0530][gc,heap     ] GC(0) Old regions: 0->3
[2025-03-28T19:19:26.969+0530][gc,heap     ] GC(0) Archive regions: 2->2
[2025-03-28T19:19:26.969+0530][gc,heap     ] GC(0) Humongous regions: 0->0
[2025-03-28T19:19:26.969+0530][gc,metaspace] GC(0) Metaspace: 14873K(15168K)->14873K(15168K) NonClass: 13037K(13184K)->13037K(13184K) Class: 1836K(1984K)->1836K(1984K)
[2025-03-28T19:19:26.969+0530][gc          ] GC(0) Pause Young (Normal) (G1 Evacuation Pause) 51M->10M(1024M) 39.746ms
[2025-03-28T19:19:26.969+0530][gc,cpu      ] GC(0) User=0.03s Sys=0.00s Real=0.04s
[2025-03-28T19:19:28.793+0530][gc,start    ] GC(1) Pause Young (Concurrent Start) (Metadata GC Threshold)
[2025-03-28T19:19:28.793+0530][gc,task     ] GC(1) Using 2 workers of 2 for evacuation
[2025-03-28T19:19:28.856+0530][gc,mmu      ] GC(1) MMU target violated: 21.0ms (20.0ms/21.0ms)
[2025-03-28T19:19:28.856+0530][gc,phases   ] GC(1)   Pre Evacuate Collection Set: 0.3ms
[2025-03-28T19:19:28.856+0530][gc,phases   ] GC(1)   Merge Heap Roots: 0.1ms
[2025-03-28T19:19:28.856+0530][gc,phases   ] GC(1)   Evacuate Collection Set: 62.0ms
[2025-03-28T19:19:28.856+0530][gc,phases   ] GC(1)   Post Evacuate Collection Set: 0.6ms
[2025-03-28T19:19:28.856+0530][gc,phases   ] GC(1)   Other: 0.2ms
[2025-03-28T19:19:28.856+0530][gc,heap     ] GC(1) Eden regions: 28->0(49)
[2025-03-28T19:19:28.856+0530][gc,heap     ] GC(1) Survivor regions: 7->2(7)
[2025-03-28T19:19:28.856+0530][gc,heap     ] GC(1) Old regions: 3->10
[2025-03-28T19:19:28.856+0530][gc,heap     ] GC(1) Archive regions: 2->2
[2025-03-28T19:19:28.856+0530][gc,heap     ] GC(1) Humongous regions: 0->0
[2025-03-28T19:19:28.856+0530][gc,metaspace] GC(1) Metaspace: 21245K(21504K)->21245K(21504K) NonClass: 18715K(18816K)->18715K(18816K) Class: 2529K(2688K)->2529K(2688K)
[2025-03-28T19:19:28.856+0530][gc          ] GC(1) Pause Young (Concurrent Start) (Metadata GC Threshold) 38M->11M(1024M) 63.332ms
[2025-03-28T19:19:28.857+0530][gc,cpu      ] GC(1) User=0.03s Sys=0.00s Real=0.06s
[2025-03-28T19:19:28.857+0530][gc          ] GC(2) Concurrent Mark Cycle
[2025-03-28T19:19:28.857+0530][gc,marking  ] GC(2) Concurrent Clear Claimed Marks
[2025-03-28T19:19:28.857+0530][gc,marking  ] GC(2) Concurrent Clear Claimed Marks 0.035ms
[2025-03-28T19:19:28.857+0530][gc,marking  ] GC(2) Concurrent Scan Root Regions
[2025-03-28T19:19:28.872+0530][gc,marking  ] GC(2) Concurrent Scan Root Regions 15.338ms
[2025-03-28T19:19:28.872+0530][gc,marking  ] GC(2) Concurrent Mark
[2025-03-28T19:19:28.872+0530][gc,marking  ] GC(2) Concurrent Mark From Roots
[2025-03-28T19:19:28.872+0530][gc,task     ] GC(2) Using 1 workers of 1 for marking
[2025-03-28T19:19:28.901+0530][gc,marking  ] GC(2) Concurrent Mark From Roots 29.147ms
[2025-03-28T19:19:28.901+0530][gc,marking  ] GC(2) Concurrent Preclean
[2025-03-28T19:19:28.902+0530][gc,marking  ] GC(2) Concurrent Preclean 0.069ms
[2025-03-28T19:19:28.918+0530][gc,start    ] GC(2) Pause Remark
[2025-03-28T19:19:28.975+0530][gc,mmu      ] GC(2) MMU target violated: 21.0ms (20.0ms/21.0ms)
[2025-03-28T19:19:28.975+0530][gc          ] GC(2) Pause Remark 13M->13M(1024M) 57.101ms
[2025-03-28T19:19:28.975+0530][gc,cpu      ] GC(2) User=0.02s Sys=0.00s Real=0.05s
[2025-03-28T19:19:28.975+0530][gc,marking  ] GC(2) Concurrent Mark 103.083ms
[2025-03-28T19:19:28.975+0530][gc,marking  ] GC(2) Concurrent Rebuild Remembered Sets
[2025-03-28T19:19:29.023+0530][gc,marking  ] GC(2) Concurrent Rebuild Remembered Sets 47.677ms
[2025-03-28T19:19:29.027+0530][gc,start    ] GC(2) Pause Cleanup
[2025-03-28T19:19:29.040+0530][gc          ] GC(2) Pause Cleanup 13M->13M(1024M) 13.271ms
[2025-03-28T19:19:29.040+0530][gc,cpu      ] GC(2) User=0.00s Sys=0.00s Real=0.02s
[2025-03-28T19:19:29.040+0530][gc,marking  ] GC(2) Concurrent Cleanup for Next Mark
[2025-03-28T19:19:29.045+0530][gc,marking  ] GC(2) Concurrent Cleanup for Next Mark 4.341ms
[2025-03-28T19:19:29.045+0530][gc          ] GC(2) Concurrent Mark Cycle 188.007ms
[2025-03-28T19:19:34.216+0530][gc,start    ] GC(3) Pause Young (Normal) (G1 Evacuation Pause)
[2025-03-28T19:19:34.216+0530][gc,task     ] GC(3) Using 2 workers of 2 for evacuation
[2025-03-28T19:19:34.262+0530][gc,mmu      ] GC(3) MMU target violated: 21.0ms (20.0ms/21.0ms)
[2025-03-28T19:19:34.262+0530][gc,phases   ] GC(3)   Pre Evacuate Collection Set: 0.3ms
[2025-03-28T19:19:34.262+0530][gc,phases   ] GC(3)   Merge Heap Roots: 0.2ms
[2025-03-28T19:19:34.262+0530][gc,phases   ] GC(3)   Evacuate Collection Set: 45.0ms
[2025-03-28T19:19:34.262+0530][gc,phases   ] GC(3)   Post Evacuate Collection Set: 0.6ms
[2025-03-28T19:19:34.262+0530][gc,phases   ] GC(3)   Other: 0.2ms
[2025-03-28T19:19:34.262+0530][gc,heap     ] GC(3) Eden regions: 49->0(44)
[2025-03-28T19:19:34.262+0530][gc,heap     ] GC(3) Survivor regions: 2->7(7)
[2025-03-28T19:19:34.262+0530][gc,heap     ] GC(3) Old regions: 10->10
[2025-03-28T19:19:34.262+0530][gc,heap     ] GC(3) Archive regions: 2->2
[2025-03-28T19:19:34.262+0530][gc,heap     ] GC(3) Humongous regions: 0->0
[2025-03-28T19:19:34.262+0530][gc,metaspace] GC(3) Metaspace: 28560K(28928K)->28560K(28928K) NonClass: 25222K(25408K)->25222K(25408K) Class: 3338K(3520K)->3338K(3520K)
[2025-03-28T19:19:34.262+0530][gc          ] GC(3) Pause Young (Normal) (G1 Evacuation Pause) 60M->16M(1024M) 46.335ms
[2025-03-28T19:19:34.262+0530][gc,cpu      ] GC(3) User=0.03s Sys=0.00s Real=0.04s
[2025-03-28T19:19:36.676+0530][gc,start    ] GC(4) Pause Young (Normal) (G1 Evacuation Pause)
[2025-03-28T19:19:36.676+0530][gc,task     ] GC(4) Using 2 workers of 2 for evacuation
[2025-03-28T19:19:36.723+0530][gc,mmu      ] GC(4) MMU target violated: 21.0ms (20.0ms/21.0ms)
[2025-03-28T19:19:36.723+0530][gc,phases   ] GC(4)   Pre Evacuate Collection Set: 0.3ms
[2025-03-28T19:19:36.723+0530][gc,phases   ] GC(4)   Merge Heap Roots: 0.1ms
[2025-03-28T19:19:36.723+0530][gc,phases   ] GC(4)   Evacuate Collection Set: 45.8ms
[2025-03-28T19:19:36.723+0530][gc,phases   ] GC(4)   Post Evacuate Collection Set: 0.5ms
[2025-03-28T19:19:36.723+0530][gc,phases   ] GC(4)   Other: 0.2ms
[2025-03-28T19:19:36.723+0530][gc,heap     ] GC(4) Eden regions: 44->0(50)
[2025-03-28T19:19:36.723+0530][gc,heap     ] GC(4) Survivor regions: 7->1(7)
[2025-03-28T19:19:36.723+0530][gc,heap     ] GC(4) Old regions: 10->14
[2025-03-28T19:19:36.723+0530][gc,heap     ] GC(4) Archive regions: 2->2
[2025-03-28T19:19:36.723+0530][gc,heap     ] GC(4) Humongous regions: 1->0
[2025-03-28T19:19:36.723+0530][gc,metaspace] GC(4) Metaspace: 28905K(29184K)->28905K(29184K) NonClass: 25539K(25664K)->25539K(25664K) Class: 3366K(3520K)->3366K(3520K)
[2025-03-28T19:19:36.723+0530][gc          ] GC(4) Pause Young (Normal) (G1 Evacuation Pause) 61M->15M(1024M) 46.926ms
[2025-03-28T19:19:36.723+0530][gc,cpu      ] GC(4) User=0.04s Sys=0.01s Real=0.05s
[2025-03-28T19:19:38.064+0530][gc,start    ] GC(5) Pause Young (Normal) (G1 Evacuation Pause)
[2025-03-28T19:19:38.064+0530][gc,task     ] GC(5) Using 2 workers of 2 for evacuation
[2025-03-28T19:19:38.086+0530][gc,mmu      ] GC(5) MMU target violated: 21.0ms (20.0ms/21.0ms)
[2025-03-28T19:19:38.086+0530][gc,phases   ] GC(5)   Pre Evacuate Collection Set: 0.1ms
[2025-03-28T19:19:38.086+0530][gc,phases   ] GC(5)   Merge Heap Roots: 0.0ms
[2025-03-28T19:19:38.086+0530][gc,phases   ] GC(5)   Evacuate Collection Set: 21.1ms
[2025-03-28T19:19:38.086+0530][gc,phases   ] GC(5)   Post Evacuate Collection Set: 0.4ms
[2025-03-28T19:19:38.086+0530][gc,phases   ] GC(5)   Other: 0.2ms
[2025-03-28T19:19:38.086+0530][gc,heap     ] GC(5) Eden regions: 50->0(47)
[2025-03-28T19:19:38.086+0530][gc,heap     ] GC(5) Survivor regions: 1->4(7)
[2025-03-28T19:19:38.086+0530][gc,heap     ] GC(5) Old regions: 14->14
[2025-03-28T19:19:38.086+0530][gc,heap     ] GC(5) Archive regions: 2->2
[2025-03-28T19:19:38.086+0530][gc,heap     ] GC(5) Humongous regions: 0->0
[2025-03-28T19:19:38.086+0530][gc,metaspace] GC(5) Metaspace: 29012K(29376K)->29012K(29376K) NonClass: 25640K(25792K)->25640K(25792K) Class: 3372K(3584K)->3372K(3584K)
[2025-03-28T19:19:38.086+0530][gc          ] GC(5) Pause Young (Normal) (G1 Evacuation Pause) 65M->17M(1024M) 22.009ms
[2025-03-28T19:19:38.086+0530][gc,cpu      ] GC(5) User=0.01s Sys=0.00s Real=0.03s
[2025-03-28T19:19:39.219+0530][gc,start    ] GC(6) Pause Young (Normal) (G1 Evacuation Pause)
[2025-03-28T19:19:39.219+0530][gc,task     ] GC(6) Using 2 workers of 2 for evacuation
[2025-03-28T19:19:39.230+0530][gc,phases   ] GC(6)   Pre Evacuate Collection Set: 0.2ms
[2025-03-28T19:19:39.230+0530][gc,phases   ] GC(6)   Merge Heap Roots: 0.1ms
[2025-03-28T19:19:39.230+0530][gc,phases   ] GC(6)   Evacuate Collection Set: 9.6ms
[2025-03-28T19:19:39.230+0530][gc,phases   ] GC(6)   Post Evacuate Collection Set: 0.4ms
[2025-03-28T19:19:39.230+0530][gc,phases   ] GC(6)   Other: 0.1ms
[2025-03-28T19:19:39.230+0530][gc,heap     ] GC(6) Eden regions: 47->0(49)
[2025-03-28T19:19:39.230+0530][gc,heap     ] GC(6) Survivor regions: 4->2(7)
[2025-03-28T19:19:39.230+0530][gc,heap     ] GC(6) Old regions: 14->14
[2025-03-28T19:19:39.230+0530][gc,heap     ] GC(6) Archive regions: 2->2
[2025-03-28T19:19:39.230+0530][gc,heap     ] GC(6) Humongous regions: 1->0
[2025-03-28T19:19:39.230+0530][gc,metaspace] GC(6) Metaspace: 33819K(34176K)->33819K(34176K) NonClass: 29953K(30144K)->29953K(30144K) Class: 3865K(4032K)->3865K(4032K)
[2025-03-28T19:19:39.230+0530][gc          ] GC(6) Pause Young (Normal) (G1 Evacuation Pause) 65M->15M(1024M) 10.481ms
[2025-03-28T19:19:39.230+0530][gc,cpu      ] GC(6) User=0.01s Sys=0.00s Real=0.02s
[2025-03-28T19:19:39.603+0530][gc,start    ] GC(7) Pause Young (Concurrent Start) (Metadata GC Threshold)
[2025-03-28T19:19:39.603+0530][gc,task     ] GC(7) Using 2 workers of 2 for evacuation
[2025-03-28T19:19:39.630+0530][gc,mmu      ] GC(7) MMU target violated: 21.0ms (20.0ms/21.0ms)
[2025-03-28T19:19:39.630+0530][gc,phases   ] GC(7)   Pre Evacuate Collection Set: 0.3ms
[2025-03-28T19:19:39.630+0530][gc,phases   ] GC(7)   Merge Heap Roots: 0.0ms
[2025-03-28T19:19:39.630+0530][gc,phases   ] GC(7)   Evacuate Collection Set: 16.6ms
[2025-03-28T19:19:39.630+0530][gc,phases   ] GC(7)   Post Evacuate Collection Set: 9.6ms
[2025-03-28T19:19:39.630+0530][gc,phases   ] GC(7)   Other: 0.2ms
[2025-03-28T19:19:39.630+0530][gc,heap     ] GC(7) Eden regions: 9->0(49)
[2025-03-28T19:19:39.630+0530][gc,heap     ] GC(7) Survivor regions: 2->2(7)
[2025-03-28T19:19:39.630+0530][gc,heap     ] GC(7) Old regions: 14->14
[2025-03-28T19:19:39.630+0530][gc,heap     ] GC(7) Archive regions: 2->2
[2025-03-28T19:19:39.630+0530][gc,heap     ] GC(7) Humongous regions: 0->0
[2025-03-28T19:19:39.630+0530][gc,metaspace] GC(7) Metaspace: 35976K(36288K)->35976K(36288K) NonClass: 31854K(32000K)->31854K(32000K) Class: 4121K(4288K)->4121K(4288K)
[2025-03-28T19:19:39.630+0530][gc          ] GC(7) Pause Young (Concurrent Start) (Metadata GC Threshold) 23M->15M(1024M) 26.819ms
[2025-03-28T19:19:39.630+0530][gc,cpu      ] GC(7) User=0.01s Sys=0.00s Real=0.02s
[2025-03-28T19:19:39.630+0530][gc          ] GC(8) Concurrent Mark Cycle
[2025-03-28T19:19:39.630+0530][gc,marking  ] GC(8) Concurrent Clear Claimed Marks
[2025-03-28T19:19:39.630+0530][gc,marking  ] GC(8) Concurrent Clear Claimed Marks 0.041ms
[2025-03-28T19:19:39.630+0530][gc,marking  ] GC(8) Concurrent Scan Root Regions
[2025-03-28T19:19:39.632+0530][gc,marking  ] GC(8) Concurrent Scan Root Regions 2.190ms
[2025-03-28T19:19:39.632+0530][gc,marking  ] GC(8) Concurrent Mark
[2025-03-28T19:19:39.632+0530][gc,marking  ] GC(8) Concurrent Mark From Roots
[2025-03-28T19:19:39.632+0530][gc,task     ] GC(8) Using 1 workers of 1 for marking
[2025-03-28T19:19:39.831+0530][gc,marking  ] GC(8) Concurrent Mark From Roots 199.044ms
[2025-03-28T19:19:39.831+0530][gc,marking  ] GC(8) Concurrent Preclean
[2025-03-28T19:19:39.832+0530][gc,marking  ] GC(8) Concurrent Preclean 0.123ms
[2025-03-28T19:19:39.857+0530][gc,start    ] GC(8) Pause Remark
[2025-03-28T19:19:39.874+0530][gc          ] GC(8) Pause Remark 18M->18M(1024M) 16.715ms
[2025-03-28T19:19:39.874+0530][gc,cpu      ] GC(8) User=0.01s Sys=0.00s Real=0.01s
[2025-03-28T19:19:39.874+0530][gc,marking  ] GC(8) Concurrent Mark 241.689ms
[2025-03-28T19:19:39.874+0530][gc,marking  ] GC(8) Concurrent Rebuild Remembered Sets
[2025-03-28T19:19:39.941+0530][gc,marking  ] GC(8) Concurrent Rebuild Remembered Sets 66.928ms
[2025-03-28T19:19:39.942+0530][gc,start    ] GC(8) Pause Cleanup
[2025-03-28T19:19:39.942+0530][gc          ] GC(8) Pause Cleanup 19M->19M(1024M) 0.295ms
[2025-03-28T19:19:39.942+0530][gc,cpu      ] GC(8) User=0.00s Sys=0.00s Real=0.00s
[2025-03-28T19:19:39.942+0530][gc,marking  ] GC(8) Concurrent Cleanup for Next Mark
[2025-03-28T19:19:39.957+0530][gc,marking  ] GC(8) Concurrent Cleanup for Next Mark 14.729ms
[2025-03-28T19:19:39.957+0530][gc          ] GC(8) Concurrent Mark Cycle 326.673ms
[2025-03-28T19:19:41.212+0530][gc,start    ] GC(9) Pause Young (Prepare Mixed) (G1 Evacuation Pause)
[2025-03-28T19:19:41.212+0530][gc,task     ] GC(9) Using 2 workers of 2 for evacuation
[2025-03-28T19:19:41.228+0530][gc,phases   ] GC(9)   Pre Evacuate Collection Set: 0.2ms
[2025-03-28T19:19:41.228+0530][gc,phases   ] GC(9)   Merge Heap Roots: 0.1ms
[2025-03-28T19:19:41.228+0530][gc,phases   ] GC(9)   Evacuate Collection Set: 15.1ms
[2025-03-28T19:19:41.228+0530][gc,phases   ] GC(9)   Post Evacuate Collection Set: 0.8ms
[2025-03-28T19:19:41.228+0530][gc,phases   ] GC(9)   Other: 0.2ms
[2025-03-28T19:19:41.228+0530][gc,heap     ] GC(9) Eden regions: 49->0(45)
[2025-03-28T19:19:41.228+0530][gc,heap     ] GC(9) Survivor regions: 2->6(7)
[2025-03-28T19:19:41.228+0530][gc,heap     ] GC(9) Old regions: 14->14
[2025-03-28T19:19:41.228+0530][gc,heap     ] GC(9) Archive regions: 2->2
[2025-03-28T19:19:41.228+0530][gc,heap     ] GC(9) Humongous regions: 0->0
[2025-03-28T19:19:41.228+0530][gc,metaspace] GC(9) Metaspace: 42205K(42624K)->42205K(42624K) NonClass: 37459K(37696K)->37459K(37696K) Class: 4745K(4928K)->4745K(4928K)
[2025-03-28T19:19:41.228+0530][gc          ] GC(9) Pause Young (Prepare Mixed) (G1 Evacuation Pause) 64M->20M(1024M) 16.573ms
[2025-03-28T19:19:41.228+0530][gc,cpu      ] GC(9) User=0.02s Sys=0.01s Real=0.00s
[2025-03-28T19:19:43.984+0530][gc,start    ] GC(10) Pause Young (Mixed) (G1 Evacuation Pause)
[2025-03-28T19:19:43.984+0530][gc,task     ] GC(10) Using 2 workers of 2 for evacuation
[2025-03-28T19:19:44.025+0530][gc,mmu      ] GC(10) MMU target violated: 21.0ms (20.0ms/21.0ms)
[2025-03-28T19:19:44.025+0530][gc,phases   ] GC(10)   Pre Evacuate Collection Set: 7.4ms
[2025-03-28T19:19:44.025+0530][gc,phases   ] GC(10)   Merge Heap Roots: 0.1ms
[2025-03-28T19:19:44.025+0530][gc,phases   ] GC(10)   Evacuate Collection Set: 32.3ms
[2025-03-28T19:19:44.025+0530][gc,phases   ] GC(10)   Post Evacuate Collection Set: 1.1ms
[2025-03-28T19:19:44.025+0530][gc,phases   ] GC(10)   Other: 0.2ms
[2025-03-28T19:19:44.025+0530][gc,heap     ] GC(10) Eden regions: 45->0(46)
[2025-03-28T19:19:44.025+0530][gc,heap     ] GC(10) Survivor regions: 6->5(7)
[2025-03-28T19:19:44.025+0530][gc,heap     ] GC(10) Old regions: 14->19
[2025-03-28T19:19:44.025+0530][gc,heap     ] GC(10) Archive regions: 2->2
[2025-03-28T19:19:44.025+0530][gc,heap     ] GC(10) Humongous regions: 129->129
[2025-03-28T19:19:44.025+0530][gc,metaspace] GC(10) Metaspace: 45052K(45504K)->45052K(45504K) NonClass: 39838K(40064K)->39838K(40064K) Class: 5214K(5440K)->5214K(5440K)
[2025-03-28T19:19:44.025+0530][gc          ] GC(10) Pause Young (Mixed) (G1 Evacuation Pause) 194M->153M(1024M) 41.274ms
[2025-03-28T19:19:44.025+0530][gc,cpu      ] GC(10) User=0.04s Sys=0.00s Real=0.04s
[2025-03-28T19:19:44.883+0530][gc,start    ] GC(11) Pause Young (Concurrent Start) (G1 Evacuation Pause)
[2025-03-28T19:19:44.883+0530][gc,task     ] GC(11) Using 2 workers of 2 for evacuation
[2025-03-28T19:19:44.920+0530][gc,mmu      ] GC(11) MMU target violated: 21.0ms (20.0ms/21.0ms)
[2025-03-28T19:19:44.920+0530][gc,phases   ] GC(11)   Pre Evacuate Collection Set: 0.4ms
[2025-03-28T19:19:44.920+0530][gc,phases   ] GC(11)   Merge Heap Roots: 0.1ms
[2025-03-28T19:19:44.920+0530][gc,phases   ] GC(11)   Evacuate Collection Set: 34.5ms
[2025-03-28T19:19:44.920+0530][gc,phases   ] GC(11)   Post Evacuate Collection Set: 2.0ms
[2025-03-28T19:19:44.920+0530][gc,phases   ] GC(11)   Other: 0.4ms
[2025-03-28T19:19:44.920+0530][gc,heap     ] GC(11) Eden regions: 46->0(48)
[2025-03-28T19:19:44.920+0530][gc,heap     ] GC(11) Survivor regions: 5->3(7)
[2025-03-28T19:19:44.920+0530][gc,heap     ] GC(11) Old regions: 19->22
[2025-03-28T19:19:44.920+0530][gc,heap     ] GC(11) Archive regions: 2->2
[2025-03-28T19:19:44.920+0530][gc,heap     ] GC(11) Humongous regions: 147->129
[2025-03-28T19:19:44.920+0530][gc,metaspace] GC(11) Metaspace: 45622K(46080K)->45622K(46080K) NonClass: 40317K(40576K)->40317K(40576K) Class: 5305K(5504K)->5305K(5504K)
[2025-03-28T19:19:44.920+0530][gc          ] GC(11) Pause Young (Concurrent Start) (G1 Evacuation Pause) 217M->154M(1024M) 37.405ms
[2025-03-28T19:19:44.920+0530][gc,cpu      ] GC(11) User=0.02s Sys=0.01s Real=0.04s
[2025-03-28T19:19:44.920+0530][gc          ] GC(12) Concurrent Mark Cycle
[2025-03-28T19:19:44.920+0530][gc,marking  ] GC(12) Concurrent Clear Claimed Marks
[2025-03-28T19:19:44.921+0530][gc,marking  ] GC(12) Concurrent Clear Claimed Marks 0.061ms
[2025-03-28T19:19:44.921+0530][gc,marking  ] GC(12) Concurrent Scan Root Regions
[2025-03-28T19:19:44.961+0530][gc,marking  ] GC(12) Concurrent Scan Root Regions 40.008ms
[2025-03-28T19:19:44.961+0530][gc,marking  ] GC(12) Concurrent Mark
[2025-03-28T19:19:44.961+0530][gc,marking  ] GC(12) Concurrent Mark From Roots
[2025-03-28T19:19:44.961+0530][gc,task     ] GC(12) Using 1 workers of 1 for marking
[2025-03-28T19:19:45.111+0530][gc,marking  ] GC(12) Concurrent Mark From Roots 150.027ms
[2025-03-28T19:19:45.111+0530][gc,marking  ] GC(12) Concurrent Preclean
[2025-03-28T19:19:45.111+0530][gc,marking  ] GC(12) Concurrent Preclean 0.114ms
[2025-03-28T19:19:45.147+0530][gc,start    ] GC(12) Pause Remark
[2025-03-28T19:19:45.161+0530][gc          ] GC(12) Pause Remark 170M->170M(1024M) 13.533ms
[2025-03-28T19:19:45.161+0530][gc,cpu      ] GC(12) User=0.01s Sys=0.01s Real=0.01s
[2025-03-28T19:19:45.161+0530][gc,marking  ] GC(12) Concurrent Mark 200.845ms
[2025-03-28T19:19:45.161+0530][gc,marking  ] GC(12) Concurrent Rebuild Remembered Sets
[2025-03-28T19:19:45.268+0530][gc,marking  ] GC(12) Concurrent Rebuild Remembered Sets 106.764ms
[2025-03-28T19:19:45.268+0530][gc,start    ] GC(12) Pause Cleanup
[2025-03-28T19:19:45.269+0530][gc          ] GC(12) Pause Cleanup 190M->190M(1024M) 0.162ms
[2025-03-28T19:19:45.269+0530][gc,cpu      ] GC(12) User=0.00s Sys=0.00s Real=0.00s
[2025-03-28T19:19:45.269+0530][gc,marking  ] GC(12) Concurrent Cleanup for Next Mark
[2025-03-28T19:19:45.284+0530][gc,marking  ] GC(12) Concurrent Cleanup for Next Mark 15.293ms
[2025-03-28T19:19:45.284+0530][gc          ] GC(12) Concurrent Mark Cycle 363.503ms
[2025-03-28T19:19:47.689+0530][gc,start    ] GC(13) Pause Young (Normal) (G1 Evacuation Pause)
[2025-03-28T19:19:47.689+0530][gc,task     ] GC(13) Using 2 workers of 2 for evacuation
[2025-03-28T19:19:47.703+0530][gc,phases   ] GC(13)   Pre Evacuate Collection Set: 0.3ms
[2025-03-28T19:19:47.703+0530][gc,phases   ] GC(13)   Merge Heap Roots: 0.1ms
[2025-03-28T19:19:47.703+0530][gc,phases   ] GC(13)   Evacuate Collection Set: 12.4ms
[2025-03-28T19:19:47.703+0530][gc,phases   ] GC(13)   Post Evacuate Collection Set: 0.4ms
[2025-03-28T19:19:47.703+0530][gc,phases   ] GC(13)   Other: 0.1ms
[2025-03-28T19:19:47.703+0530][gc,heap     ] GC(13) Eden regions: 48->0(48)
[2025-03-28T19:19:47.703+0530][gc,heap     ] GC(13) Survivor regions: 3->3(7)
[2025-03-28T19:19:47.703+0530][gc,heap     ] GC(13) Old regions: 22->22
[2025-03-28T19:19:47.703+0530][gc,heap     ] GC(13) Archive regions: 2->2
[2025-03-28T19:19:47.703+0530][gc,heap     ] GC(13) Humongous regions: 132->129
[2025-03-28T19:19:47.703+0530][gc,metaspace] GC(13) Metaspace: 45730K(46208K)->45730K(46208K) NonClass: 40414K(40704K)->40414K(40704K) Class: 5316K(5504K)->5316K(5504K)
[2025-03-28T19:19:47.703+0530][gc          ] GC(13) Pause Young (Normal) (G1 Evacuation Pause) 205M->153M(1024M) 13.495ms
[2025-03-28T19:19:47.703+0530][gc,cpu      ] GC(13) User=0.02s Sys=0.00s Real=0.01s
[2025-03-28T19:19:48.231+0530][gc,start    ] GC(14) Pause Young (Normal) (G1 Evacuation Pause)
[2025-03-28T19:19:48.231+0530][gc,task     ] GC(14) Using 2 workers of 2 for evacuation
[2025-03-28T19:19:48.247+0530][gc,phases   ] GC(14)   Pre Evacuate Collection Set: 0.2ms
[2025-03-28T19:19:48.247+0530][gc,phases   ] GC(14)   Merge Heap Roots: 0.2ms
[2025-03-28T19:19:48.247+0530][gc,phases   ] GC(14)   Evacuate Collection Set: 15.1ms
[2025-03-28T19:19:48.247+0530][gc,phases   ] GC(14)   Post Evacuate Collection Set: 0.5ms
[2025-03-28T19:19:48.247+0530][gc,phases   ] GC(14)   Other: 0.2ms
[2025-03-28T19:19:48.247+0530][gc,heap     ] GC(14) Eden regions: 48->0(48)
[2025-03-28T19:19:48.247+0530][gc,heap     ] GC(14) Survivor regions: 3->3(7)
[2025-03-28T19:19:48.247+0530][gc,heap     ] GC(14) Old regions: 22->22
[2025-03-28T19:19:48.247+0530][gc,heap     ] GC(14) Archive regions: 2->2
[2025-03-28T19:19:48.247+0530][gc,heap     ] GC(14) Humongous regions: 130->130
[2025-03-28T19:19:48.247+0530][gc,metaspace] GC(14) Metaspace: 45774K(46336K)->45774K(46336K) NonClass: 40450K(40768K)->40450K(40768K) Class: 5324K(5568K)->5324K(5568K)
[2025-03-28T19:19:48.247+0530][gc          ] GC(14) Pause Young (Normal) (G1 Evacuation Pause) 202M->155M(1024M) 16.237ms
[2025-03-28T19:19:48.247+0530][gc,cpu      ] GC(14) User=0.02s Sys=0.00s Real=0.02s
[2025-03-28T19:19:53.775+0530][gc,start    ] GC(15) Pause Young (Normal) (G1 Evacuation Pause)
[2025-03-28T19:19:53.775+0530][gc,task     ] GC(15) Using 2 workers of 2 for evacuation
[2025-03-28T19:19:53.805+0530][gc,mmu      ] GC(15) MMU target violated: 21.0ms (20.0ms/21.0ms)
[2025-03-28T19:19:53.805+0530][gc,phases   ] GC(15)   Pre Evacuate Collection Set: 0.3ms
[2025-03-28T19:19:53.805+0530][gc,phases   ] GC(15)   Merge Heap Roots: 0.1ms
[2025-03-28T19:19:53.805+0530][gc,phases   ] GC(15)   Evacuate Collection Set: 28.8ms
[2025-03-28T19:19:53.805+0530][gc,phases   ] GC(15)   Post Evacuate Collection Set: 0.5ms
[2025-03-28T19:19:53.805+0530][gc,phases   ] GC(15)   Other: 0.2ms
[2025-03-28T19:19:53.805+0530][gc,heap     ] GC(15) Eden regions: 48->0(48)
[2025-03-28T19:19:53.805+0530][gc,heap     ] GC(15) Survivor regions: 3->3(7)
[2025-03-28T19:19:53.805+0530][gc,heap     ] GC(15) Old regions: 22->22
[2025-03-28T19:19:53.805+0530][gc,heap     ] GC(15) Archive regions: 2->2
[2025-03-28T19:19:53.805+0530][gc,heap     ] GC(15) Humongous regions: 132->129
[2025-03-28T19:19:53.805+0530][gc,metaspace] GC(15) Metaspace: 45886K(46400K)->45886K(46400K) NonClass: 40559K(40832K)->40559K(40832K) Class: 5327K(5568K)->5327K(5568K)
[2025-03-28T19:19:53.805+0530][gc          ] GC(15) Pause Young (Normal) (G1 Evacuation Pause) 205M->153M(1024M) 29.920ms
[2025-03-28T19:19:53.805+0530][gc,cpu      ] GC(15) User=0.02s Sys=0.00s Real=0.04s
[2025-03-28T19:19:54.123+0530][gc,start    ] GC(16) Pause Young (Normal) (G1 Evacuation Pause)
[2025-03-28T19:19:54.123+0530][gc,task     ] GC(16) Using 2 workers of 2 for evacuation
[2025-03-28T19:19:54.154+0530][gc,mmu      ] GC(16) MMU target violated: 21.0ms (20.0ms/21.0ms)
[2025-03-28T19:19:54.154+0530][gc,phases   ] GC(16)   Pre Evacuate Collection Set: 0.3ms
[2025-03-28T19:19:54.154+0530][gc,phases   ] GC(16)   Merge Heap Roots: 0.1ms
[2025-03-28T19:19:54.154+0530][gc,phases   ] GC(16)   Evacuate Collection Set: 29.6ms
[2025-03-28T19:19:54.154+0530][gc,phases   ] GC(16)   Post Evacuate Collection Set: 0.5ms
[2025-03-28T19:19:54.154+0530][gc,phases   ] GC(16)   Other: 0.2ms
[2025-03-28T19:19:54.154+0530][gc,heap     ] GC(16) Eden regions: 48->0(67)
[2025-03-28T19:19:54.154+0530][gc,heap     ] GC(16) Survivor regions: 3->3(7)
[2025-03-28T19:19:54.154+0530][gc,heap     ] GC(16) Old regions: 22->22
[2025-03-28T19:19:54.154+0530][gc,heap     ] GC(16) Archive regions: 2->2
[2025-03-28T19:19:54.154+0530][gc,heap     ] GC(16) Humongous regions: 131->131
[2025-03-28T19:19:54.154+0530][gc,metaspace] GC(16) Metaspace: 45910K(46464K)->45910K(46464K) NonClass: 40583K(40896K)->40583K(40896K) Class: 5327K(5568K)->5327K(5568K)
[2025-03-28T19:19:54.154+0530][gc          ] GC(16) Pause Young (Normal) (G1 Evacuation Pause) 203M->156M(1024M) 30.731ms
[2025-03-28T19:19:54.154+0530][gc,cpu      ] GC(16) User=0.01s Sys=0.00s Real=0.03s
[2025-03-28T19:19:57.789+0530][gc,start    ] GC(17) Pause Young (Normal) (G1 Evacuation Pause)
[2025-03-28T19:19:57.789+0530][gc,task     ] GC(17) Using 2 workers of 2 for evacuation
[2025-03-28T19:19:57.821+0530][gc,mmu      ] GC(17) MMU target violated: 21.0ms (20.0ms/21.0ms)
[2025-03-28T19:19:57.821+0530][gc,phases   ] GC(17)   Pre Evacuate Collection Set: 0.3ms
[2025-03-28T19:19:57.821+0530][gc,phases   ] GC(17)   Merge Heap Roots: 0.1ms
[2025-03-28T19:19:57.821+0530][gc,phases   ] GC(17)   Evacuate Collection Set: 30.9ms
[2025-03-28T19:19:57.821+0530][gc,phases   ] GC(17)   Post Evacuate Collection Set: 0.5ms
[2025-03-28T19:19:57.821+0530][gc,phases   ] GC(17)   Other: 0.2ms
[2025-03-28T19:19:57.821+0530][gc,heap     ] GC(17) Eden regions: 67->0(45)
[2025-03-28T19:19:57.821+0530][gc,heap     ] GC(17) Survivor regions: 3->6(9)
[2025-03-28T19:19:57.821+0530][gc,heap     ] GC(17) Old regions: 22->22
[2025-03-28T19:19:57.821+0530][gc,heap     ] GC(17) Archive regions: 2->2
[2025-03-28T19:19:57.821+0530][gc,heap     ] GC(17) Humongous regions: 131->129
[2025-03-28T19:19:57.821+0530][gc,metaspace] GC(17) Metaspace: 46002K(46528K)->46002K(46528K) NonClass: 40662K(40960K)->40662K(40960K) Class: 5340K(5568K)->5340K(5568K)
[2025-03-28T19:19:57.821+0530][gc          ] GC(17) Pause Young (Normal) (G1 Evacuation Pause) 223M->156M(1024M) 32.091ms
[2025-03-28T19:19:57.821+0530][gc,cpu      ] GC(17) User=0.02s Sys=0.01s Real=0.04s
[2025-03-28T19:19:58.035+0530][gc,start    ] GC(18) Pause Young (Normal) (G1 Evacuation Pause)
[2025-03-28T19:19:58.035+0530][gc,task     ] GC(18) Using 2 workers of 2 for evacuation
[2025-03-28T19:19:58.054+0530][gc,phases   ] GC(18)   Pre Evacuate Collection Set: 0.5ms
[2025-03-28T19:19:58.055+0530][gc,phases   ] GC(18)   Merge Heap Roots: 0.1ms
[2025-03-28T19:19:58.055+0530][gc,phases   ] GC(18)   Evacuate Collection Set: 17.9ms
[2025-03-28T19:19:58.055+0530][gc,phases   ] GC(18)   Post Evacuate Collection Set: 0.4ms
[2025-03-28T19:19:58.055+0530][gc,phases   ] GC(18)   Other: 0.2ms
[2025-03-28T19:19:58.055+0530][gc,heap     ] GC(18) Eden regions: 45->0(64)
[2025-03-28T19:19:58.055+0530][gc,heap     ] GC(18) Survivor regions: 6->2(7)
[2025-03-28T19:19:58.055+0530][gc,heap     ] GC(18) Old regions: 22->23
[2025-03-28T19:19:58.055+0530][gc,heap     ] GC(18) Archive regions: 2->2
[2025-03-28T19:19:58.055+0530][gc,heap     ] GC(18) Humongous regions: 131->131
[2025-03-28T19:19:58.055+0530][gc,metaspace] GC(18) Metaspace: 46029K(46528K)->46029K(46528K) NonClass: 40687K(40960K)->40687K(40960K) Class: 5341K(5568K)->5341K(5568K)
[2025-03-28T19:19:58.055+0530][gc          ] GC(18) Pause Young (Normal) (G1 Evacuation Pause) 203M->156M(1024M) 19.219ms
[2025-03-28T19:19:58.055+0530][gc,cpu      ] GC(18) User=0.01s Sys=0.00s Real=0.02s
[2025-03-28T19:20:03.997+0530][gc,start    ] GC(19) Pause Young (Normal) (G1 Evacuation Pause)
[2025-03-28T19:20:03.997+0530][gc,task     ] GC(19) Using 2 workers of 2 for evacuation
[2025-03-28T19:20:04.031+0530][gc,mmu      ] GC(19) MMU target violated: 21.0ms (20.0ms/21.0ms)
[2025-03-28T19:20:04.031+0530][gc,phases   ] GC(19)   Pre Evacuate Collection Set: 10.0ms
[2025-03-28T19:20:04.031+0530][gc,phases   ] GC(19)   Merge Heap Roots: 0.2ms
[2025-03-28T19:20:04.031+0530][gc,phases   ] GC(19)   Evacuate Collection Set: 22.2ms
[2025-03-28T19:20:04.031+0530][gc,phases   ] GC(19)   Post Evacuate Collection Set: 2.1ms
[2025-03-28T19:20:04.031+0530][gc,phases   ] GC(19)   Other: 0.2ms
[2025-03-28T19:20:04.031+0530][gc,heap     ] GC(19) Eden regions: 64->0(44)
[2025-03-28T19:20:04.031+0530][gc,heap     ] GC(19) Survivor regions: 2->7(9)
[2025-03-28T19:20:04.031+0530][gc,heap     ] GC(19) Old regions: 23->23
[2025-03-28T19:20:04.031+0530][gc,heap     ] GC(19) Archive regions: 2->2
[2025-03-28T19:20:04.031+0530][gc,heap     ] GC(19) Humongous regions: 131->129
[2025-03-28T19:20:04.031+0530][gc,metaspace] GC(19) Metaspace: 46131K(46656K)->46131K(46656K) NonClass: 40790K(41088K)->40790K(41088K) Class: 5341K(5568K)->5341K(5568K)
[2025-03-28T19:20:04.031+0530][gc          ] GC(19) Pause Young (Normal) (G1 Evacuation Pause) 220M->159M(1024M) 34.770ms
[2025-03-28T19:20:04.031+0530][gc,cpu      ] GC(19) User=0.03s Sys=0.00s Real=0.04s
[2025-03-28T19:20:04.266+0530][gc,start    ] GC(20) Pause Young (Normal) (G1 Evacuation Pause)
[2025-03-28T19:20:04.266+0530][gc,task     ] GC(20) Using 2 workers of 2 for evacuation
[2025-03-28T19:20:04.271+0530][gc,phases   ] GC(20)   Pre Evacuate Collection Set: 0.2ms
[2025-03-28T19:20:04.271+0530][gc,phases   ] GC(20)   Merge Heap Roots: 0.1ms
[2025-03-28T19:20:04.271+0530][gc,phases   ] GC(20)   Evacuate Collection Set: 4.6ms
[2025-03-28T19:20:04.271+0530][gc,phases   ] GC(20)   Post Evacuate Collection Set: 0.4ms
[2025-03-28T19:20:04.271+0530][gc,phases   ] GC(20)   Other: 0.1ms
[2025-03-28T19:20:04.271+0530][gc,heap     ] GC(20) Eden regions: 44->0(49)
[2025-03-28T19:20:04.271+0530][gc,heap     ] GC(20) Survivor regions: 7->2(7)
[2025-03-28T19:20:04.271+0530][gc,heap     ] GC(20) Old regions: 23->24
[2025-03-28T19:20:04.271+0530][gc,heap     ] GC(20) Archive regions: 2->2
[2025-03-28T19:20:04.271+0530][gc,heap     ] GC(20) Humongous regions: 131->131
[2025-03-28T19:20:04.271+0530][gc,metaspace] GC(20) Metaspace: 46135K(46656K)->46135K(46656K) NonClass: 40793K(41088K)->40793K(41088K) Class: 5341K(5568K)->5341K(5568K)
[2025-03-28T19:20:04.271+0530][gc          ] GC(20) Pause Young (Normal) (G1 Evacuation Pause) 205M->157M(1024M) 5.549ms
[2025-03-28T19:20:04.271+0530][gc,cpu      ] GC(20) User=0.01s Sys=0.00s Real=0.02s
[2025-03-28T19:20:07.599+0530][gc,start    ] GC(21) Pause Young (Normal) (G1 Evacuation Pause)
[2025-03-28T19:20:07.599+0530][gc,task     ] GC(21) Using 2 workers of 2 for evacuation
[2025-03-28T19:20:07.606+0530][gc,phases   ] GC(21)   Pre Evacuate Collection Set: 0.2ms
[2025-03-28T19:20:07.606+0530][gc,phases   ] GC(21)   Merge Heap Roots: 0.1ms
[2025-03-28T19:20:07.606+0530][gc,phases   ] GC(21)   Evacuate Collection Set: 6.4ms
[2025-03-28T19:20:07.606+0530][gc,phases   ] GC(21)   Post Evacuate Collection Set: 0.6ms
[2025-03-28T19:20:07.606+0530][gc,phases   ] GC(21)   Other: 0.1ms
[2025-03-28T19:20:07.606+0530][gc,heap     ] GC(21) Eden regions: 49->0(44)
[2025-03-28T19:20:07.606+0530][gc,heap     ] GC(21) Survivor regions: 2->7(7)
[2025-03-28T19:20:07.606+0530][gc,heap     ] GC(21) Old regions: 24->24
[2025-03-28T19:20:07.606+0530][gc,heap     ] GC(21) Archive regions: 2->2
[2025-03-28T19:20:07.606+0530][gc,heap     ] GC(21) Humongous regions: 131->129
[2025-03-28T19:20:07.606+0530][gc,metaspace] GC(21) Metaspace: 46184K(46656K)->46184K(46656K) NonClass: 40842K(41088K)->40842K(41088K) Class: 5341K(5568K)->5341K(5568K)
[2025-03-28T19:20:07.606+0530][gc          ] GC(21) Pause Young (Normal) (G1 Evacuation Pause) 206M->160M(1024M) 7.576ms
[2025-03-28T19:20:07.606+0530][gc,cpu      ] GC(21) User=0.01s Sys=0.00s Real=0.01s
[2025-03-28T19:20:07.901+0530][gc,start    ] GC(22) Pause Young (Normal) (G1 Evacuation Pause)
[2025-03-28T19:20:07.901+0530][gc,task     ] GC(22) Using 2 workers of 2 for evacuation
[2025-03-28T19:20:07.913+0530][gc,phases   ] GC(22)   Pre Evacuate Collection Set: 0.3ms
[2025-03-28T19:20:07.913+0530][gc,phases   ] GC(22)   Merge Heap Roots: 0.1ms
[2025-03-28T19:20:07.913+0530][gc,phases   ] GC(22)   Evacuate Collection Set: 10.9ms
[2025-03-28T19:20:07.913+0530][gc,phases   ] GC(22)   Post Evacuate Collection Set: 0.4ms
[2025-03-28T19:20:07.913+0530][gc,phases   ] GC(22)   Other: 0.1ms
[2025-03-28T19:20:07.913+0530][gc,heap     ] GC(22) Eden regions: 44->0(89)
[2025-03-28T19:20:07.913+0530][gc,heap     ] GC(22) Survivor regions: 7->2(7)
[2025-03-28T19:20:07.913+0530][gc,heap     ] GC(22) Old regions: 24->26
[2025-03-28T19:20:07.913+0530][gc,heap     ] GC(22) Archive regions: 2->2
[2025-03-28T19:20:07.913+0530][gc,heap     ] GC(22) Humongous regions: 131->131
[2025-03-28T19:20:07.913+0530][gc,metaspace] GC(22) Metaspace: 46188K(46656K)->46188K(46656K) NonClass: 40846K(41088K)->40846K(41088K) Class: 5341K(5568K)->5341K(5568K)
[2025-03-28T19:20:07.913+0530][gc          ] GC(22) Pause Young (Normal) (G1 Evacuation Pause) 206M->158M(1024M) 11.851ms
[2025-03-28T19:20:07.913+0530][gc,cpu      ] GC(22) User=0.01s Sys=0.00s Real=0.01s
[2025-03-28T19:20:14.379+0530][gc,start    ] GC(23) Pause Young (Normal) (G1 Evacuation Pause)
[2025-03-28T19:20:14.379+0530][gc,task     ] GC(23) Using 2 workers of 2 for evacuation
[2025-03-28T19:20:14.403+0530][gc,mmu      ] GC(23) MMU target violated: 21.0ms (20.0ms/21.0ms)
[2025-03-28T19:20:14.403+0530][gc,phases   ] GC(23)   Pre Evacuate Collection Set: 0.3ms
[2025-03-28T19:20:14.403+0530][gc,phases   ] GC(23)   Merge Heap Roots: 0.1ms
[2025-03-28T19:20:14.403+0530][gc,phases   ] GC(23)   Evacuate Collection Set: 22.1ms
[2025-03-28T19:20:14.403+0530][gc,phases   ] GC(23)   Post Evacuate Collection Set: 1.5ms
[2025-03-28T19:20:14.403+0530][gc,phases   ] GC(23)   Other: 0.2ms
[2025-03-28T19:20:14.403+0530][gc,heap     ] GC(23) Eden regions: 89->0(420)
[2025-03-28T19:20:14.403+0530][gc,heap     ] GC(23) Survivor regions: 2->3(12)
[2025-03-28T19:20:14.403+0530][gc,heap     ] GC(23) Old regions: 26->26
[2025-03-28T19:20:14.403+0530][gc,heap     ] GC(23) Archive regions: 2->2
[2025-03-28T19:20:14.403+0530][gc,heap     ] GC(23) Humongous regions: 133->131
[2025-03-28T19:20:14.403+0530][gc,metaspace] GC(23) Metaspace: 46403K(46976K)->46403K(46976K) NonClass: 41026K(41344K)->41026K(41344K) Class: 5376K(5632K)->5376K(5632K)
[2025-03-28T19:20:14.403+0530][gc          ] GC(23) Pause Young (Normal) (G1 Evacuation Pause) 249M->159M(1024M) 24.346ms
[2025-03-28T19:20:14.403+0530][gc,cpu      ] GC(23) User=0.03s Sys=0.00s Real=0.02s
[2025-03-28T19:20:37.507+0530][gc,start    ] GC(24) Pause Young (Normal) (G1 Evacuation Pause)
[2025-03-28T19:20:37.507+0530][gc,task     ] GC(24) Using 2 workers of 2 for evacuation
[2025-03-28T19:20:37.522+0530][gc,phases   ] GC(24)   Pre Evacuate Collection Set: 1.1ms
[2025-03-28T19:20:37.522+0530][gc,phases   ] GC(24)   Merge Heap Roots: 0.1ms
[2025-03-28T19:20:37.522+0530][gc,phases   ] GC(24)   Evacuate Collection Set: 13.0ms
[2025-03-28T19:20:37.522+0530][gc,phases   ] GC(24)   Post Evacuate Collection Set: 0.9ms
[2025-03-28T19:20:37.522+0530][gc,phases   ] GC(24)   Other: 0.3ms
[2025-03-28T19:20:37.522+0530][gc,heap     ] GC(24) Eden regions: 420->0(610)
[2025-03-28T19:20:37.522+0530][gc,heap     ] GC(24) Survivor regions: 3->4(53)
[2025-03-28T19:20:37.522+0530][gc,heap     ] GC(24) Old regions: 26->26
[2025-03-28T19:20:37.522+0530][gc,heap     ] GC(24) Archive regions: 2->2
[2025-03-28T19:20:37.522+0530][gc,heap     ] GC(24) Humongous regions: 139->129
[2025-03-28T19:20:37.522+0530][gc,metaspace] GC(24) Metaspace: 46725K(47296K)->46725K(47296K) NonClass: 41327K(41664K)->41327K(41664K) Class: 5397K(5632K)->5397K(5632K)
[2025-03-28T19:20:37.522+0530][gc          ] GC(24) Pause Young (Normal) (G1 Evacuation Pause) 587M->158M(1024M) 15.446ms
[2025-03-28T19:20:37.522+0530][gc,cpu      ] GC(24) User=0.01s Sys=0.00s Real=0.02s
[2025-03-28T19:21:07.868+0530][gc,start    ] GC(25) Pause Young (Normal) (G1 Evacuation Pause)
[2025-03-28T19:21:07.868+0530][gc,task     ] GC(25) Using 2 workers of 2 for evacuation
[2025-03-28T19:21:07.876+0530][gc,phases   ] GC(25)   Pre Evacuate Collection Set: 0.2ms
[2025-03-28T19:21:07.876+0530][gc,phases   ] GC(25)   Merge Heap Roots: 0.1ms
[2025-03-28T19:21:07.876+0530][gc,phases   ] GC(25)   Evacuate Collection Set: 6.3ms
[2025-03-28T19:21:07.876+0530][gc,phases   ] GC(25)   Post Evacuate Collection Set: 1.2ms
[2025-03-28T19:21:07.877+0530][gc,phases   ] GC(25)   Other: 0.6ms
[2025-03-28T19:21:07.877+0530][gc,heap     ] GC(25) Eden regions: 610->0(611)
[2025-03-28T19:21:07.877+0530][gc,heap     ] GC(25) Survivor regions: 4->3(77)
[2025-03-28T19:21:07.877+0530][gc,heap     ] GC(25) Old regions: 26->26
[2025-03-28T19:21:07.877+0530][gc,heap     ] GC(25) Archive regions: 2->2
[2025-03-28T19:21:07.877+0530][gc,heap     ] GC(25) Humongous regions: 143->131
[2025-03-28T19:21:07.877+0530][gc,metaspace] GC(25) Metaspace: 47024K(47616K)->47024K(47616K) NonClass: 41605K(41920K)->41605K(41920K) Class: 5419K(5696K)->5419K(5696K)
[2025-03-28T19:21:07.877+0530][gc          ] GC(25) Pause Young (Normal) (G1 Evacuation Pause) 782M->159M(1024M) 8.726ms
[2025-03-28T19:21:07.877+0530][gc,cpu      ] GC(25) User=0.00s Sys=0.01s Real=0.03s
[2025-03-28T19:21:48.856+0530][gc,start    ] GC(26) Pause Young (Normal) (G1 Evacuation Pause)
[2025-03-28T19:21:48.857+0530][gc,task     ] GC(26) Using 2 workers of 2 for evacuation
[2025-03-28T19:21:49.063+0530][gc,mmu      ] GC(26) MMU target violated: 21.0ms (20.0ms/21.0ms)
[2025-03-28T19:21:49.063+0530][gc,phases   ] GC(26)   Pre Evacuate Collection Set: 28.7ms
[2025-03-28T19:21:49.063+0530][gc,phases   ] GC(26)   Merge Heap Roots: 1.6ms
[2025-03-28T19:21:49.063+0530][gc,phases   ] GC(26)   Evacuate Collection Set: 139.7ms
[2025-03-28T19:21:49.063+0530][gc,phases   ] GC(26)   Post Evacuate Collection Set: 35.3ms
[2025-03-28T19:21:49.063+0530][gc,phases   ] GC(26)   Other: 2.8ms
[2025-03-28T19:21:49.063+0530][gc,heap     ] GC(26) Eden regions: 611->0(36)
[2025-03-28T19:21:49.063+0530][gc,heap     ] GC(26) Survivor regions: 3->15(77)
[2025-03-28T19:21:49.063+0530][gc,heap     ] GC(26) Old regions: 26->26
[2025-03-28T19:21:49.063+0530][gc,heap     ] GC(26) Archive regions: 2->2
[2025-03-28T19:21:49.063+0530][gc,heap     ] GC(26) Humongous regions: 156->138
[2025-03-28T19:21:49.064+0530][gc,metaspace] GC(26) Metaspace: 47908K(48576K)->47908K(48576K) NonClass: 42354K(42688K)->42354K(42688K) Class: 5554K(5888K)->5554K(5888K)
[2025-03-28T19:21:49.064+0530][gc          ] GC(26) Pause Young (Normal) (G1 Evacuation Pause) 795M->178M(1024M) 207.809ms
[2025-03-28T19:21:49.064+0530][gc,cpu      ] GC(26) User=0.01s Sys=0.06s Real=0.20s
[2025-03-28T19:21:56.600+0530][gc,start    ] GC(27) Pause Young (Normal) (G1 Evacuation Pause)
[2025-03-28T19:21:56.600+0530][gc,task     ] GC(27) Using 2 workers of 2 for evacuation
[2025-03-28T19:21:56.738+0530][gc,mmu      ] GC(27) MMU target violated: 21.0ms (20.0ms/21.0ms)
[2025-03-28T19:21:56.738+0530][gc,phases   ] GC(27)   Pre Evacuate Collection Set: 0.4ms
[2025-03-28T19:21:56.738+0530][gc,phases   ] GC(27)   Merge Heap Roots: 0.1ms
[2025-03-28T19:21:56.738+0530][gc,phases   ] GC(27)   Evacuate Collection Set: 136.5ms
[2025-03-28T19:21:56.738+0530][gc,phases   ] GC(27)   Post Evacuate Collection Set: 0.6ms
[2025-03-28T19:21:56.738+0530][gc,phases   ] GC(27)   Other: 0.7ms
[2025-03-28T19:21:56.738+0530][gc,heap     ] GC(27) Eden regions: 36->0(48)
[2025-03-28T19:21:56.738+0530][gc,heap     ] GC(27) Survivor regions: 15->3(7)
[2025-03-28T19:21:56.738+0530][gc,heap     ] GC(27) Old regions: 26->35
[2025-03-28T19:21:56.738+0530][gc,heap     ] GC(27) Archive regions: 2->2
[2025-03-28T19:21:56.738+0530][gc,heap     ] GC(27) Humongous regions: 140->140
[2025-03-28T19:21:56.738+0530][gc,metaspace] GC(27) Metaspace: 47928K(48576K)->47928K(48576K) NonClass: 42374K(42688K)->42374K(42688K) Class: 5554K(5888K)->5554K(5888K)
[2025-03-28T19:21:56.738+0530][gc          ] GC(27) Pause Young (Normal) (G1 Evacuation Pause) 216M->178M(1024M) 138.452ms
[2025-03-28T19:21:56.738+0530][gc,cpu      ] GC(27) User=0.02s Sys=0.03s Real=0.14s
[2025-03-28T19:21:57.103+0530][gc,start    ] GC(28) Pause Young (Normal) (G1 Evacuation Pause)
[2025-03-28T19:21:57.104+0530][gc,task     ] GC(28) Using 2 workers of 2 for evacuation
[2025-03-28T19:21:57.146+0530][gc,mmu      ] GC(28) MMU target violated: 21.0ms (20.0ms/21.0ms)
[2025-03-28T19:21:57.146+0530][gc,phases   ] GC(28)   Pre Evacuate Collection Set: 0.2ms
[2025-03-28T19:21:57.146+0530][gc,phases   ] GC(28)   Merge Heap Roots: 0.1ms
[2025-03-28T19:21:57.146+0530][gc,phases   ] GC(28)   Evacuate Collection Set: 41.4ms
[2025-03-28T19:21:57.146+0530][gc,phases   ] GC(28)   Post Evacuate Collection Set: 0.4ms
[2025-03-28T19:21:57.146+0530][gc,phases   ] GC(28)   Other: 0.2ms
[2025-03-28T19:21:57.146+0530][gc,heap     ] GC(28) Eden regions: 48->0(48)
[2025-03-28T19:21:57.146+0530][gc,heap     ] GC(28) Survivor regions: 3->3(7)
[2025-03-28T19:21:57.146+0530][gc,heap     ] GC(28) Old regions: 35->35
[2025-03-28T19:21:57.146+0530][gc,heap     ] GC(28) Archive regions: 2->2
[2025-03-28T19:21:57.146+0530][gc,heap     ] GC(28) Humongous regions: 142->140
[2025-03-28T19:21:57.146+0530][gc,metaspace] GC(28) Metaspace: 47935K(48640K)->47935K(48640K) NonClass: 42381K(42752K)->42381K(42752K) Class: 5554K(5888K)->5554K(5888K)
[2025-03-28T19:21:57.146+0530][gc          ] GC(28) Pause Young (Normal) (G1 Evacuation Pause) 228M->178M(1024M) 42.438ms
[2025-03-28T19:21:57.146+0530][gc,cpu      ] GC(28) User=0.01s Sys=0.00s Real=0.06s
[2025-03-28T19:21:58.875+0530][gc,start    ] GC(29) Pause Young (Normal) (G1 Evacuation Pause)
[2025-03-28T19:21:58.875+0530][gc,task     ] GC(29) Using 2 workers of 2 for evacuation
[2025-03-28T19:21:58.945+0530][gc,mmu      ] GC(29) MMU target violated: 21.0ms (20.0ms/21.0ms)
[2025-03-28T19:21:58.945+0530][gc,phases   ] GC(29)   Pre Evacuate Collection Set: 7.1ms
[2025-03-28T19:21:58.945+0530][gc,phases   ] GC(29)   Merge Heap Roots: 0.1ms
[2025-03-28T19:21:58.945+0530][gc,phases   ] GC(29)   Evacuate Collection Set: 62.4ms
[2025-03-28T19:21:58.945+0530][gc,phases   ] GC(29)   Post Evacuate Collection Set: 0.4ms
[2025-03-28T19:21:58.945+0530][gc,phases   ] GC(29)   Other: 0.2ms
[2025-03-28T19:21:58.945+0530][gc,heap     ] GC(29) Eden regions: 48->0(44)
[2025-03-28T19:21:58.945+0530][gc,heap     ] GC(29) Survivor regions: 3->7(7)
[2025-03-28T19:21:58.945+0530][gc,heap     ] GC(29) Old regions: 35->35
[2025-03-28T19:21:58.945+0530][gc,heap     ] GC(29) Archive regions: 2->2
[2025-03-28T19:21:58.945+0530][gc,heap     ] GC(29) Humongous regions: 140->138
[2025-03-28T19:21:58.945+0530][gc,metaspace] GC(29) Metaspace: 47952K(48640K)->47952K(48640K) NonClass: 42398K(42752K)->42398K(42752K) Class: 5554K(5888K)->5554K(5888K)
[2025-03-28T19:21:58.945+0530][gc          ] GC(29) Pause Young (Normal) (G1 Evacuation Pause) 226M->180M(1024M) 70.376ms
[2025-03-28T19:21:58.945+0530][gc,cpu      ] GC(29) User=0.01s Sys=0.02s Real=0.05s
[2025-03-28T19:21:59.070+0530][gc,start    ] GC(30) Pause Young (Normal) (G1 Evacuation Pause)
[2025-03-28T19:21:59.070+0530][gc,task     ] GC(30) Using 2 workers of 2 for evacuation
[2025-03-28T19:21:59.141+0530][gc,mmu      ] GC(30) MMU target violated: 21.0ms (20.0ms/21.0ms)
[2025-03-28T19:21:59.141+0530][gc,phases   ] GC(30)   Pre Evacuate Collection Set: 0.3ms
[2025-03-28T19:21:59.141+0530][gc,phases   ] GC(30)   Merge Heap Roots: 0.1ms
[2025-03-28T19:21:59.141+0530][gc,phases   ] GC(30)   Evacuate Collection Set: 61.3ms
[2025-03-28T19:21:59.141+0530][gc,phases   ] GC(30)   Post Evacuate Collection Set: 0.5ms
[2025-03-28T19:21:59.141+0530][gc,phases   ] GC(30)   Other: 9.2ms
[2025-03-28T19:21:59.141+0530][gc,heap     ] GC(30) Eden regions: 44->0(44)
[2025-03-28T19:21:59.141+0530][gc,heap     ] GC(30) Survivor regions: 7->7(7)
[2025-03-28T19:21:59.141+0530][gc,heap     ] GC(30) Old regions: 35->41
[2025-03-28T19:21:59.141+0530][gc,heap     ] GC(30) Archive regions: 2->2
[2025-03-28T19:21:59.141+0530][gc,heap     ] GC(30) Humongous regions: 138->138
[2025-03-28T19:21:59.141+0530][gc,metaspace] GC(30) Metaspace: 47961K(48640K)->47961K(48640K) NonClass: 42406K(42752K)->42406K(42752K) Class: 5554K(5888K)->5554K(5888K)
[2025-03-28T19:21:59.141+0530][gc          ] GC(30) Pause Young (Normal) (G1 Evacuation Pause) 224M->186M(1024M) 71.504ms
[2025-03-28T19:21:59.141+0530][gc,cpu      ] GC(30) User=0.04s Sys=0.00s Real=0.07s
[2025-03-28T19:21:59.222+0530][gc,start    ] GC(31) Pause Young (Normal) (G1 Evacuation Pause)
[2025-03-28T19:21:59.222+0530][gc,task     ] GC(31) Using 2 workers of 2 for evacuation
[2025-03-28T19:21:59.237+0530][gc,phases   ] GC(31)   Pre Evacuate Collection Set: 0.2ms
[2025-03-28T19:21:59.237+0530][gc,phases   ] GC(31)   Merge Heap Roots: 0.1ms
[2025-03-28T19:21:59.237+0530][gc,phases   ] GC(31)   Evacuate Collection Set: 14.3ms
[2025-03-28T19:21:59.237+0530][gc,phases   ] GC(31)   Post Evacuate Collection Set: 0.4ms
[2025-03-28T19:21:59.237+0530][gc,phases   ] GC(31)   Other: 0.2ms
[2025-03-28T19:21:59.237+0530][gc,heap     ] GC(31) Eden regions: 44->0(44)
[2025-03-28T19:21:59.237+0530][gc,heap     ] GC(31) Survivor regions: 7->7(7)
[2025-03-28T19:21:59.237+0530][gc,heap     ] GC(31) Old regions: 41->47
[2025-03-28T19:21:59.237+0530][gc,heap     ] GC(31) Archive regions: 2->2
[2025-03-28T19:21:59.237+0530][gc,heap     ] GC(31) Humongous regions: 138->138
[2025-03-28T19:21:59.237+0530][gc,metaspace] GC(31) Metaspace: 47964K(48640K)->47964K(48640K) NonClass: 42410K(42752K)->42410K(42752K) Class: 5554K(5888K)->5554K(5888K)
[2025-03-28T19:21:59.237+0530][gc          ] GC(31) Pause Young (Normal) (G1 Evacuation Pause) 230M->192M(1024M) 15.308ms
[2025-03-28T19:21:59.237+0530][gc,cpu      ] GC(31) User=0.03s Sys=0.00s Real=0.02s
[2025-03-28T19:21:59.404+0530][gc,start    ] GC(32) Pause Young (Normal) (G1 Evacuation Pause)
[2025-03-28T19:21:59.404+0530][gc,task     ] GC(32) Using 2 workers of 2 for evacuation
[2025-03-28T19:21:59.433+0530][gc,mmu      ] GC(32) MMU target violated: 21.0ms (20.0ms/21.0ms)
[2025-03-28T19:21:59.433+0530][gc,phases   ] GC(32)   Pre Evacuate Collection Set: 0.3ms
[2025-03-28T19:21:59.433+0530][gc,phases   ] GC(32)   Merge Heap Roots: 0.2ms
[2025-03-28T19:21:59.433+0530][gc,phases   ] GC(32)   Evacuate Collection Set: 27.9ms
[2025-03-28T19:21:59.433+0530][gc,phases   ] GC(32)   Post Evacuate Collection Set: 0.9ms
[2025-03-28T19:21:59.433+0530][gc,phases   ] GC(32)   Other: 0.3ms
[2025-03-28T19:21:59.433+0530][gc,heap     ] GC(32) Eden regions: 44->0(45)
[2025-03-28T19:21:59.434+0530][gc,heap     ] GC(32) Survivor regions: 7->6(7)
[2025-03-28T19:21:59.434+0530][gc,heap     ] GC(32) Old regions: 47->54
[2025-03-28T19:21:59.434+0530][gc,heap     ] GC(32) Archive regions: 2->2
[2025-03-28T19:21:59.434+0530][gc,heap     ] GC(32) Humongous regions: 140->140
[2025-03-28T19:21:59.434+0530][gc,metaspace] GC(32) Metaspace: 47966K(48640K)->47966K(48640K) NonClass: 42412K(42752K)->42412K(42752K) Class: 5554K(5888K)->5554K(5888K)
[2025-03-28T19:21:59.434+0530][gc          ] GC(32) Pause Young (Normal) (G1 Evacuation Pause) 238M->199M(1024M) 29.751ms
[2025-03-28T19:21:59.434+0530][gc,cpu      ] GC(32) User=0.03s Sys=0.01s Real=0.03s
[2025-03-28T19:21:59.492+0530][gc,start    ] GC(33) Pause Young (Normal) (G1 Evacuation Pause)
[2025-03-28T19:21:59.492+0530][gc,task     ] GC(33) Using 2 workers of 2 for evacuation
[2025-03-28T19:21:59.527+0530][gc,mmu      ] GC(33) MMU target violated: 21.0ms (20.0ms/21.0ms)
[2025-03-28T19:21:59.527+0530][gc,phases   ] GC(33)   Pre Evacuate Collection Set: 0.2ms
[2025-03-28T19:21:59.527+0530][gc,phases   ] GC(33)   Merge Heap Roots: 0.1ms
[2025-03-28T19:21:59.527+0530][gc,phases   ] GC(33)   Evacuate Collection Set: 33.3ms
[2025-03-28T19:21:59.527+0530][gc,phases   ] GC(33)   Post Evacuate Collection Set: 0.8ms
[2025-03-28T19:21:59.527+0530][gc,phases   ] GC(33)   Other: 0.2ms
[2025-03-28T19:21:59.527+0530][gc,heap     ] GC(33) Eden regions: 45->0(50)
[2025-03-28T19:21:59.527+0530][gc,heap     ] GC(33) Survivor regions: 6->1(7)
[2025-03-28T19:21:59.527+0530][gc,heap     ] GC(33) Old regions: 54->59
[2025-03-28T19:21:59.527+0530][gc,heap     ] GC(33) Archive regions: 2->2
[2025-03-28T19:21:59.527+0530][gc,heap     ] GC(33) Humongous regions: 142->142
[2025-03-28T19:21:59.527+0530][gc,metaspace] GC(33) Metaspace: 47966K(48640K)->47966K(48640K) NonClass: 42412K(42752K)->42412K(42752K) Class: 5554K(5888K)->5554K(5888K)
[2025-03-28T19:21:59.527+0530][gc          ] GC(33) Pause Young (Normal) (G1 Evacuation Pause) 246M->202M(1024M) 34.750ms
[2025-03-28T19:21:59.527+0530][gc,cpu      ] GC(33) User=0.02s Sys=0.01s Real=0.04s
[2025-03-28T19:21:59.663+0530][gc,start    ] GC(34) Pause Young (Normal) (G1 Evacuation Pause)
[2025-03-28T19:21:59.663+0530][gc,task     ] GC(34) Using 2 workers of 2 for evacuation
[2025-03-28T19:21:59.666+0530][gc,phases   ] GC(34)   Pre Evacuate Collection Set: 0.2ms
[2025-03-28T19:21:59.666+0530][gc,phases   ] GC(34)   Merge Heap Roots: 0.1ms
[2025-03-28T19:21:59.666+0530][gc,phases   ] GC(34)   Evacuate Collection Set: 1.3ms
[2025-03-28T19:21:59.666+0530][gc,phases   ] GC(34)   Post Evacuate Collection Set: 1.7ms
[2025-03-28T19:21:59.666+0530][gc,phases   ] GC(34)   Other: 0.2ms
[2025-03-28T19:21:59.667+0530][gc,heap     ] GC(34) Eden regions: 50->0(50)
[2025-03-28T19:21:59.667+0530][gc,heap     ] GC(34) Survivor regions: 1->1(7)
[2025-03-28T19:21:59.667+0530][gc,heap     ] GC(34) Old regions: 59->59
[2025-03-28T19:21:59.667+0530][gc,heap     ] GC(34) Archive regions: 2->2
[2025-03-28T19:21:59.667+0530][gc,heap     ] GC(34) Humongous regions: 144->142
[2025-03-28T19:21:59.667+0530][gc,metaspace] GC(34) Metaspace: 47975K(48640K)->47975K(48640K) NonClass: 42421K(42752K)->42421K(42752K) Class: 5554K(5888K)->5554K(5888K)
[2025-03-28T19:21:59.667+0530][gc          ] GC(34) Pause Young (Normal) (G1 Evacuation Pause) 254M->202M(1024M) 3.636ms
[2025-03-28T19:21:59.667+0530][gc,cpu      ] GC(34) User=0.00s Sys=0.00s Real=0.01s
[2025-03-28T19:22:02.664+0530][gc,start    ] GC(35) Pause Young (Normal) (G1 Evacuation Pause)
[2025-03-28T19:22:02.665+0530][gc,task     ] GC(35) Using 2 workers of 2 for evacuation
[2025-03-28T19:22:02.716+0530][gc,mmu      ] GC(35) MMU target violated: 21.0ms (20.0ms/21.0ms)
[2025-03-28T19:22:02.716+0530][gc,phases   ] GC(35)   Pre Evacuate Collection Set: 0.9ms
[2025-03-28T19:22:02.716+0530][gc,phases   ] GC(35)   Merge Heap Roots: 0.4ms
[2025-03-28T19:22:02.716+0530][gc,phases   ] GC(35)   Evacuate Collection Set: 48.2ms
[2025-03-28T19:22:02.716+0530][gc,phases   ] GC(35)   Post Evacuate Collection Set: 1.8ms
[2025-03-28T19:22:02.716+0530][gc,phases   ] GC(35)   Other: 1.7ms
[2025-03-28T19:22:02.716+0530][gc,heap     ] GC(35) Eden regions: 50->0(46)
[2025-03-28T19:22:02.717+0530][gc,heap     ] GC(35) Survivor regions: 1->5(7)
[2025-03-28T19:22:02.717+0530][gc,heap     ] GC(35) Old regions: 59->59
[2025-03-28T19:22:02.717+0530][gc,heap     ] GC(35) Archive regions: 2->2
[2025-03-28T19:22:02.717+0530][gc,heap     ] GC(35) Humongous regions: 142->140
[2025-03-28T19:22:02.717+0530][gc,metaspace] GC(35) Metaspace: 48000K(48640K)->48000K(48640K) NonClass: 42446K(42752K)->42446K(42752K) Class: 5554K(5888K)->5554K(5888K)
[2025-03-28T19:22:02.717+0530][gc          ] GC(35) Pause Young (Normal) (G1 Evacuation Pause) 252M->204M(1024M) 53.375ms
[2025-03-28T19:22:02.717+0530][gc,cpu      ] GC(35) User=0.03s Sys=0.02s Real=0.06s
[2025-03-28T19:22:02.934+0530][gc,start    ] GC(36) Pause Young (Normal) (G1 Evacuation Pause)
[2025-03-28T19:22:02.934+0530][gc,task     ] GC(36) Using 2 workers of 2 for evacuation
[2025-03-28T19:22:02.942+0530][gc,phases   ] GC(36)   Pre Evacuate Collection Set: 0.2ms
[2025-03-28T19:22:02.942+0530][gc,phases   ] GC(36)   Merge Heap Roots: 0.1ms
[2025-03-28T19:22:02.942+0530][gc,phases   ] GC(36)   Evacuate Collection Set: 7.1ms
[2025-03-28T19:22:02.942+0530][gc,phases   ] GC(36)   Post Evacuate Collection Set: 0.5ms
[2025-03-28T19:22:02.942+0530][gc,phases   ] GC(36)   Other: 0.2ms
[2025-03-28T19:22:02.942+0530][gc,heap     ] GC(36) Eden regions: 46->0(49)
[2025-03-28T19:22:02.942+0530][gc,heap     ] GC(36) Survivor regions: 5->2(7)
[2025-03-28T19:22:02.942+0530][gc,heap     ] GC(36) Old regions: 59->60
[2025-03-28T19:22:02.942+0530][gc,heap     ] GC(36) Archive regions: 2->2
[2025-03-28T19:22:02.942+0530][gc,heap     ] GC(36) Humongous regions: 142->142
[2025-03-28T19:22:02.942+0530][gc,metaspace] GC(36) Metaspace: 48003K(48640K)->48003K(48640K) NonClass: 42449K(42752K)->42449K(42752K) Class: 5554K(5888K)->5554K(5888K)
[2025-03-28T19:22:02.942+0530][gc          ] GC(36) Pause Young (Normal) (G1 Evacuation Pause) 252M->204M(1024M) 8.208ms
[2025-03-28T19:22:02.942+0530][gc,cpu      ] GC(36) User=0.02s Sys=0.00s Real=0.01s
[2025-03-28T19:22:12.481+0530][gc,start    ] GC(37) Pause Young (Normal) (G1 Evacuation Pause)
[2025-03-28T19:22:12.494+0530][gc,task     ] GC(37) Using 2 workers of 2 for evacuation
[2025-03-28T19:22:12.581+0530][gc,mmu      ] GC(37) MMU target violated: 21.0ms (20.0ms/21.0ms)
[2025-03-28T19:22:12.581+0530][gc,phases   ] GC(37)   Pre Evacuate Collection Set: 0.5ms
[2025-03-28T19:22:12.581+0530][gc,phases   ] GC(37)   Merge Heap Roots: 0.3ms
[2025-03-28T19:22:12.581+0530][gc,phases   ] GC(37)   Evacuate Collection Set: 67.7ms
[2025-03-28T19:22:12.581+0530][gc,phases   ] GC(37)   Post Evacuate Collection Set: 2.0ms
[2025-03-28T19:22:12.581+0530][gc,phases   ] GC(37)   Other: 29.5ms
[2025-03-28T19:22:12.581+0530][gc,heap     ] GC(37) Eden regions: 49->0(47)
[2025-03-28T19:22:12.581+0530][gc,heap     ] GC(37) Survivor regions: 2->4(7)
[2025-03-28T19:22:12.581+0530][gc,heap     ] GC(37) Old regions: 60->60
[2025-03-28T19:22:12.581+0530][gc,heap     ] GC(37) Archive regions: 2->2
[2025-03-28T19:22:12.581+0530][gc,heap     ] GC(37) Humongous regions: 142->140
[2025-03-28T19:22:12.581+0530][gc,metaspace] GC(37) Metaspace: 48041K(48704K)->48041K(48704K) NonClass: 42487K(42816K)->42487K(42816K) Class: 5554K(5888K)->5554K(5888K)
[2025-03-28T19:22:12.581+0530][gc          ] GC(37) Pause Young (Normal) (G1 Evacuation Pause) 253M->204M(1024M) 100.502ms
[2025-03-28T19:22:12.582+0530][gc,cpu      ] GC(37) User=0.04s Sys=0.00s Real=0.10s
[2025-03-28T19:22:12.917+0530][gc,start    ] GC(38) Pause Young (Normal) (G1 Evacuation Pause)
[2025-03-28T19:22:12.917+0530][gc,task     ] GC(38) Using 2 workers of 2 for evacuation
[2025-03-28T19:22:12.943+0530][gc,mmu      ] GC(38) MMU target violated: 21.0ms (20.0ms/21.0ms)
[2025-03-28T19:22:12.943+0530][gc,phases   ] GC(38)   Pre Evacuate Collection Set: 0.4ms
[2025-03-28T19:22:12.943+0530][gc,phases   ] GC(38)   Merge Heap Roots: 0.1ms
[2025-03-28T19:22:12.943+0530][gc,phases   ] GC(38)   Evacuate Collection Set: 24.0ms
[2025-03-28T19:22:12.943+0530][gc,phases   ] GC(38)   Post Evacuate Collection Set: 1.0ms
[2025-03-28T19:22:12.943+0530][gc,phases   ] GC(38)   Other: 0.3ms
[2025-03-28T19:22:12.943+0530][gc,heap     ] GC(38) Eden regions: 47->0(47)
[2025-03-28T19:22:12.943+0530][gc,heap     ] GC(38) Survivor regions: 4->4(7)
[2025-03-28T19:22:12.943+0530][gc,heap     ] GC(38) Old regions: 60->61
[2025-03-28T19:22:12.943+0530][gc,heap     ] GC(38) Archive regions: 2->2
[2025-03-28T19:22:12.943+0530][gc,heap     ] GC(38) Humongous regions: 140->140
[2025-03-28T19:22:12.943+0530][gc,metaspace] GC(38) Metaspace: 48047K(48704K)->48047K(48704K) NonClass: 42492K(42816K)->42492K(42816K) Class: 5554K(5888K)->5554K(5888K)
[2025-03-28T19:22:12.943+0530][gc          ] GC(38) Pause Young (Normal) (G1 Evacuation Pause) 251M->205M(1024M) 25.900ms
[2025-03-28T19:22:12.943+0530][gc,cpu      ] GC(38) User=0.02s Sys=0.00s Real=0.02s
[2025-03-28T19:22:13.040+0530][gc,start    ] GC(39) Pause Young (Normal) (G1 Evacuation Pause)
[2025-03-28T19:22:13.040+0530][gc,task     ] GC(39) Using 2 workers of 2 for evacuation
[2025-03-28T19:22:13.059+0530][gc,phases   ] GC(39)   Pre Evacuate Collection Set: 0.2ms
[2025-03-28T19:22:13.059+0530][gc,phases   ] GC(39)   Merge Heap Roots: 0.1ms
[2025-03-28T19:22:13.059+0530][gc,phases   ] GC(39)   Evacuate Collection Set: 18.2ms
[2025-03-28T19:22:13.059+0530][gc,phases   ] GC(39)   Post Evacuate Collection Set: 0.9ms
[2025-03-28T19:22:13.059+0530][gc,phases   ] GC(39)   Other: 0.2ms
[2025-03-28T19:22:13.059+0530][gc,heap     ] GC(39) Eden regions: 47->0(49)
[2025-03-28T19:22:13.059+0530][gc,heap     ] GC(39) Survivor regions: 4->2(7)
[2025-03-28T19:22:13.059+0530][gc,heap     ] GC(39) Old regions: 61->65
[2025-03-28T19:22:13.059+0530][gc,heap     ] GC(39) Archive regions: 2->2
[2025-03-28T19:22:13.059+0530][gc,heap     ] GC(39) Humongous regions: 142->142
[2025-03-28T19:22:13.059+0530][gc,metaspace] GC(39) Metaspace: 48056K(48704K)->48056K(48704K) NonClass: 42502K(42816K)->42502K(42816K) Class: 5554K(5888K)->5554K(5888K)
[2025-03-28T19:22:13.059+0530][gc          ] GC(39) Pause Young (Normal) (G1 Evacuation Pause) 254M->209M(1024M) 19.611ms
[2025-03-28T19:22:13.059+0530][gc,cpu      ] GC(39) User=0.03s Sys=0.00s Real=0.02s
[2025-03-28T19:22:13.217+0530][gc,start    ] GC(40) Pause Young (Normal) (G1 Evacuation Pause)
[2025-03-28T19:22:13.217+0530][gc,task     ] GC(40) Using 2 workers of 2 for evacuation
[2025-03-28T19:22:13.224+0530][gc,phases   ] GC(40)   Pre Evacuate Collection Set: 0.2ms
[2025-03-28T19:22:13.225+0530][gc,phases   ] GC(40)   Merge Heap Roots: 0.1ms
[2025-03-28T19:22:13.225+0530][gc,phases   ] GC(40)   Evacuate Collection Set: 6.9ms
[2025-03-28T19:22:13.225+0530][gc,phases   ] GC(40)   Post Evacuate Collection Set: 0.5ms
[2025-03-28T19:22:13.225+0530][gc,phases   ] GC(40)   Other: 0.2ms
[2025-03-28T19:22:13.225+0530][gc,heap     ] GC(40) Eden regions: 49->0(45)
[2025-03-28T19:22:13.225+0530][gc,heap     ] GC(40) Survivor regions: 2->6(7)
[2025-03-28T19:22:13.225+0530][gc,heap     ] GC(40) Old regions: 65->65
[2025-03-28T19:22:13.225+0530][gc,heap     ] GC(40) Archive regions: 2->2
[2025-03-28T19:22:13.225+0530][gc,heap     ] GC(40) Humongous regions: 144->142
[2025-03-28T19:22:13.225+0530][gc,metaspace] GC(40) Metaspace: 48061K(48704K)->48061K(48704K) NonClass: 42507K(42816K)->42507K(42816K) Class: 5554K(5888K)->5554K(5888K)
[2025-03-28T19:22:13.225+0530][gc          ] GC(40) Pause Young (Normal) (G1 Evacuation Pause) 260M->212M(1024M) 8.013ms
[2025-03-28T19:22:13.225+0530][gc,cpu      ] GC(40) User=0.01s Sys=0.00s Real=0.00s
[2025-03-28T19:22:21.548+0530][gc,start    ] GC(41) Pause Young (Normal) (G1 Evacuation Pause)
[2025-03-28T19:22:21.548+0530][gc,task     ] GC(41) Using 2 workers of 2 for evacuation
[2025-03-28T19:22:21.604+0530][gc,mmu      ] GC(41) MMU target violated: 21.0ms (20.0ms/21.0ms)
[2025-03-28T19:22:21.604+0530][gc,phases   ] GC(41)   Pre Evacuate Collection Set: 0.5ms
[2025-03-28T19:22:21.604+0530][gc,phases   ] GC(41)   Merge Heap Roots: 0.1ms
[2025-03-28T19:22:21.604+0530][gc,phases   ] GC(41)   Evacuate Collection Set: 54.6ms
[2025-03-28T19:22:21.604+0530][gc,phases   ] GC(41)   Post Evacuate Collection Set: 0.9ms
[2025-03-28T19:22:21.604+0530][gc,phases   ] GC(41)   Other: 0.4ms
[2025-03-28T19:22:21.604+0530][gc,heap     ] GC(41) Eden regions: 45->0(47)
[2025-03-28T19:22:21.604+0530][gc,heap     ] GC(41) Survivor regions: 6->4(7)
[2025-03-28T19:22:21.604+0530][gc,heap     ] GC(41) Old regions: 65->70
[2025-03-28T19:22:21.604+0530][gc,heap     ] GC(41) Archive regions: 2->2
[2025-03-28T19:22:21.604+0530][gc,heap     ] GC(41) Humongous regions: 142->140
[2025-03-28T19:22:21.604+0530][gc,metaspace] GC(41) Metaspace: 48188K(48832K)->48188K(48832K) NonClass: 42634K(42944K)->42634K(42944K) Class: 5554K(5888K)->5554K(5888K)
[2025-03-28T19:22:21.605+0530][gc          ] GC(41) Pause Young (Normal) (G1 Evacuation Pause) 257M->214M(1024M) 56.764ms
[2025-03-28T19:22:21.605+0530][gc,cpu      ] GC(41) User=0.04s Sys=0.00s Real=0.05s
[2025-03-28T19:22:21.885+0530][gc,start    ] GC(42) Pause Young (Normal) (G1 Evacuation Pause)
[2025-03-28T19:22:21.886+0530][gc,task     ] GC(42) Using 2 workers of 2 for evacuation
[2025-03-28T19:22:21.893+0530][gc,phases   ] GC(42)   Pre Evacuate Collection Set: 0.3ms
[2025-03-28T19:22:21.893+0530][gc,phases   ] GC(42)   Merge Heap Roots: 0.1ms
[2025-03-28T19:22:21.893+0530][gc,phases   ] GC(42)   Evacuate Collection Set: 5.7ms
[2025-03-28T19:22:21.893+0530][gc,phases   ] GC(42)   Post Evacuate Collection Set: 1.2ms
[2025-03-28T19:22:21.893+0530][gc,phases   ] GC(42)   Other: 0.2ms
[2025-03-28T19:22:21.893+0530][gc,heap     ] GC(42) Eden regions: 47->0(48)
[2025-03-28T19:22:21.893+0530][gc,heap     ] GC(42) Survivor regions: 4->3(7)
[2025-03-28T19:22:21.893+0530][gc,heap     ] GC(42) Old regions: 70->70
[2025-03-28T19:22:21.893+0530][gc,heap     ] GC(42) Archive regions: 2->2
[2025-03-28T19:22:21.893+0530][gc,heap     ] GC(42) Humongous regions: 142->142
[2025-03-28T19:22:21.893+0530][gc,metaspace] GC(42) Metaspace: 48195K(48896K)->48195K(48896K) NonClass: 42641K(43008K)->42641K(43008K) Class: 5554K(5888K)->5554K(5888K)
[2025-03-28T19:22:21.893+0530][gc          ] GC(42) Pause Young (Normal) (G1 Evacuation Pause) 263M->215M(1024M) 7.598ms
[2025-03-28T19:22:21.893+0530][gc,cpu      ] GC(42) User=0.00s Sys=0.00s Real=0.00s
[2025-03-28T19:22:22.550+0530][gc,start    ] GC(43) Pause Young (Normal) (G1 Evacuation Pause)
[2025-03-28T19:22:22.551+0530][gc,task     ] GC(43) Using 2 workers of 2 for evacuation
[2025-03-28T19:22:22.587+0530][gc,mmu      ] GC(43) MMU target violated: 21.0ms (20.0ms/21.0ms)
[2025-03-28T19:22:22.588+0530][gc,phases   ] GC(43)   Pre Evacuate Collection Set: 1.0ms
[2025-03-28T19:22:22.588+0530][gc,phases   ] GC(43)   Merge Heap Roots: 0.7ms
[2025-03-28T19:22:22.588+0530][gc,phases   ] GC(43)   Evacuate Collection Set: 32.0ms
[2025-03-28T19:22:22.588+0530][gc,phases   ] GC(43)   Post Evacuate Collection Set: 3.0ms
[2025-03-28T19:22:22.588+0530][gc,phases   ] GC(43)   Other: 0.6ms
[2025-03-28T19:22:22.588+0530][gc,heap     ] GC(43) Eden regions: 48->0(48)
[2025-03-28T19:22:22.588+0530][gc,heap     ] GC(43) Survivor regions: 3->3(7)
[2025-03-28T19:22:22.588+0530][gc,heap     ] GC(43) Old regions: 70->70
[2025-03-28T19:22:22.588+0530][gc,heap     ] GC(43) Archive regions: 2->2
[2025-03-28T19:22:22.588+0530][gc,heap     ] GC(43) Humongous regions: 142->140
[2025-03-28T19:22:22.588+0530][gc,metaspace] GC(43) Metaspace: 48200K(48896K)->48200K(48896K) NonClass: 42646K(43008K)->42646K(43008K) Class: 5554K(5888K)->5554K(5888K)
[2025-03-28T19:22:22.588+0530][gc          ] GC(43) Pause Young (Normal) (G1 Evacuation Pause) 263M->213M(1024M) 37.792ms
[2025-03-28T19:22:22.588+0530][gc,cpu      ] GC(43) User=0.02s Sys=0.01s Real=0.04s
[2025-03-28T19:22:22.750+0530][gc,start    ] GC(44) Pause Young (Normal) (G1 Evacuation Pause)
[2025-03-28T19:22:22.750+0530][gc,task     ] GC(44) Using 2 workers of 2 for evacuation
[2025-03-28T19:22:22.756+0530][gc,phases   ] GC(44)   Pre Evacuate Collection Set: 0.2ms
[2025-03-28T19:22:22.756+0530][gc,phases   ] GC(44)   Merge Heap Roots: 0.1ms
[2025-03-28T19:22:22.756+0530][gc,phases   ] GC(44)   Evacuate Collection Set: 4.9ms
[2025-03-28T19:22:22.756+0530][gc,phases   ] GC(44)   Post Evacuate Collection Set: 0.5ms
[2025-03-28T19:22:22.756+0530][gc,phases   ] GC(44)   Other: 0.2ms
[2025-03-28T19:22:22.756+0530][gc,heap     ] GC(44) Eden regions: 48->0(48)
[2025-03-28T19:22:22.756+0530][gc,heap     ] GC(44) Survivor regions: 3->3(7)
[2025-03-28T19:22:22.756+0530][gc,heap     ] GC(44) Old regions: 70->70
[2025-03-28T19:22:22.756+0530][gc,heap     ] GC(44) Archive regions: 2->2
[2025-03-28T19:22:22.756+0530][gc,heap     ] GC(44) Humongous regions: 142->142
[2025-03-28T19:22:22.756+0530][gc,metaspace] GC(44) Metaspace: 48208K(48896K)->48208K(48896K) NonClass: 42653K(43008K)->42653K(43008K) Class: 5554K(5888K)->5554K(5888K)
[2025-03-28T19:22:22.756+0530][gc          ] GC(44) Pause Young (Normal) (G1 Evacuation Pause) 263M->215M(1024M) 6.053ms
[2025-03-28T19:22:22.756+0530][gc,cpu      ] GC(44) User=0.01s Sys=0.00s Real=0.01s
[2025-03-28T19:22:31.592+0530][gc,start    ] GC(45) Pause Young (Normal) (G1 Evacuation Pause)
[2025-03-28T19:22:31.592+0530][gc,task     ] GC(45) Using 2 workers of 2 for evacuation
[2025-03-28T19:22:31.638+0530][gc,mmu      ] GC(45) MMU target violated: 21.0ms (20.0ms/21.0ms)
[2025-03-28T19:22:31.638+0530][gc,phases   ] GC(45)   Pre Evacuate Collection Set: 16.8ms
[2025-03-28T19:22:31.638+0530][gc,phases   ] GC(45)   Merge Heap Roots: 0.7ms
[2025-03-28T19:22:31.638+0530][gc,phases   ] GC(45)   Evacuate Collection Set: 26.4ms
[2025-03-28T19:22:31.638+0530][gc,phases   ] GC(45)   Post Evacuate Collection Set: 1.7ms
[2025-03-28T19:22:31.638+0530][gc,phases   ] GC(45)   Other: 0.4ms
[2025-03-28T19:22:31.638+0530][gc,heap     ] GC(45) Eden regions: 48->0(48)
[2025-03-28T19:22:31.638+0530][gc,heap     ] GC(45) Survivor regions: 3->3(7)
[2025-03-28T19:22:31.638+0530][gc,heap     ] GC(45) Old regions: 70->70
[2025-03-28T19:22:31.638+0530][gc,heap     ] GC(45) Archive regions: 2->2
[2025-03-28T19:22:31.638+0530][gc,heap     ] GC(45) Humongous regions: 142->140
[2025-03-28T19:22:31.638+0530][gc,metaspace] GC(45) Metaspace: 48275K(48896K)->48275K(48896K) NonClass: 42719K(43008K)->42719K(43008K) Class: 5555K(5888K)->5555K(5888K)
[2025-03-28T19:22:31.639+0530][gc          ] GC(45) Pause Young (Normal) (G1 Evacuation Pause) 263M->213M(1024M) 46.346ms
[2025-03-28T19:22:31.639+0530][gc,cpu      ] GC(45) User=0.01s Sys=0.00s Real=0.05s
[2025-03-28T19:22:31.780+0530][gc,start    ] GC(46) Pause Young (Normal) (G1 Evacuation Pause)
[2025-03-28T19:22:31.780+0530][gc,task     ] GC(46) Using 2 workers of 2 for evacuation
[2025-03-28T19:22:31.799+0530][gc,phases   ] GC(46)   Pre Evacuate Collection Set: 0.4ms
[2025-03-28T19:22:31.799+0530][gc,phases   ] GC(46)   Merge Heap Roots: 0.2ms
[2025-03-28T19:22:31.799+0530][gc,phases   ] GC(46)   Evacuate Collection Set: 10.7ms
[2025-03-28T19:22:31.799+0530][gc,phases   ] GC(46)   Post Evacuate Collection Set: 6.9ms
[2025-03-28T19:22:31.799+0530][gc,phases   ] GC(46)   Other: 0.2ms
[2025-03-28T19:22:31.799+0530][gc,heap     ] GC(46) Eden regions: 48->0(48)
[2025-03-28T19:22:31.799+0530][gc,heap     ] GC(46) Survivor regions: 3->3(7)
[2025-03-28T19:22:31.799+0530][gc,heap     ] GC(46) Old regions: 70->70
[2025-03-28T19:22:31.799+0530][gc,heap     ] GC(46) Archive regions: 2->2
[2025-03-28T19:22:31.799+0530][gc,heap     ] GC(46) Humongous regions: 142->142
[2025-03-28T19:22:31.799+0530][gc,metaspace] GC(46) Metaspace: 48276K(48896K)->48276K(48896K) NonClass: 42721K(43008K)->42721K(43008K) Class: 5555K(5888K)->5555K(5888K)
[2025-03-28T19:22:31.799+0530][gc          ] GC(46) Pause Young (Normal) (G1 Evacuation Pause) 263M->215M(1024M) 18.489ms
[2025-03-28T19:22:31.799+0530][gc,cpu      ] GC(46) User=0.01s Sys=0.00s Real=0.02s
[2025-03-28T19:22:32.506+0530][gc,start    ] GC(47) Pause Young (Normal) (G1 Evacuation Pause)
[2025-03-28T19:22:32.506+0530][gc,task     ] GC(47) Using 2 workers of 2 for evacuation
[2025-03-28T19:22:32.518+0530][gc,phases   ] GC(47)   Pre Evacuate Collection Set: 0.6ms
[2025-03-28T19:22:32.518+0530][gc,phases   ] GC(47)   Merge Heap Roots: 0.3ms
[2025-03-28T19:22:32.518+0530][gc,phases   ] GC(47)   Evacuate Collection Set: 9.5ms
[2025-03-28T19:22:32.518+0530][gc,phases   ] GC(47)   Post Evacuate Collection Set: 0.8ms
[2025-03-28T19:22:32.518+0530][gc,phases   ] GC(47)   Other: 0.3ms
[2025-03-28T19:22:32.518+0530][gc,heap     ] GC(47) Eden regions: 48->0(48)
[2025-03-28T19:22:32.518+0530][gc,heap     ] GC(47) Survivor regions: 3->3(7)
[2025-03-28T19:22:32.518+0530][gc,heap     ] GC(47) Old regions: 70->70
[2025-03-28T19:22:32.518+0530][gc,heap     ] GC(47) Archive regions: 2->2
[2025-03-28T19:22:32.518+0530][gc,heap     ] GC(47) Humongous regions: 142->140
[2025-03-28T19:22:32.518+0530][gc,metaspace] GC(47) Metaspace: 48278K(48896K)->48278K(48896K) NonClass: 42723K(43008K)->42723K(43008K) Class: 5555K(5888K)->5555K(5888K)
[2025-03-28T19:22:32.518+0530][gc          ] GC(47) Pause Young (Normal) (G1 Evacuation Pause) 263M->213M(1024M) 11.673ms
[2025-03-28T19:22:32.518+0530][gc,cpu      ] GC(47) User=0.02s Sys=0.00s Real=0.01s
[2025-03-28T19:22:32.680+0530][gc,start    ] GC(48) Pause Young (Normal) (G1 Evacuation Pause)
[2025-03-28T19:22:32.680+0530][gc,task     ] GC(48) Using 2 workers of 2 for evacuation
[2025-03-28T19:22:32.688+0530][gc,phases   ] GC(48)   Pre Evacuate Collection Set: 0.2ms
[2025-03-28T19:22:32.688+0530][gc,phases   ] GC(48)   Merge Heap Roots: 0.1ms
[2025-03-28T19:22:32.688+0530][gc,phases   ] GC(48)   Evacuate Collection Set: 6.6ms
[2025-03-28T19:22:32.688+0530][gc,phases   ] GC(48)   Post Evacuate Collection Set: 1.0ms
[2025-03-28T19:22:32.688+0530][gc,phases   ] GC(48)   Other: 0.2ms
[2025-03-28T19:22:32.688+0530][gc,heap     ] GC(48) Eden regions: 48->0(58)
[2025-03-28T19:22:32.688+0530][gc,heap     ] GC(48) Survivor regions: 3->3(7)
[2025-03-28T19:22:32.688+0530][gc,heap     ] GC(48) Old regions: 70->70
[2025-03-28T19:22:32.688+0530][gc,heap     ] GC(48) Archive regions: 2->2
[2025-03-28T19:22:32.688+0530][gc,heap     ] GC(48) Humongous regions: 142->142
[2025-03-28T19:22:32.688+0530][gc,metaspace] GC(48) Metaspace: 48279K(48896K)->48279K(48896K) NonClass: 42724K(43008K)->42724K(43008K) Class: 5555K(5888K)->5555K(5888K)
[2025-03-28T19:22:32.688+0530][gc          ] GC(48) Pause Young (Normal) (G1 Evacuation Pause) 263M->215M(1024M) 8.206ms
[2025-03-28T19:22:32.688+0530][gc,cpu      ] GC(48) User=0.02s Sys=0.00s Real=0.01s
[2025-03-28T19:22:41.613+0530][gc,start    ] GC(49) Pause Young (Normal) (G1 Evacuation Pause)
[2025-03-28T19:22:41.613+0530][gc,task     ] GC(49) Using 2 workers of 2 for evacuation
[2025-03-28T19:22:41.623+0530][gc,phases   ] GC(49)   Pre Evacuate Collection Set: 0.2ms
[2025-03-28T19:22:41.623+0530][gc,phases   ] GC(49)   Merge Heap Roots: 0.1ms
[2025-03-28T19:22:41.623+0530][gc,phases   ] GC(49)   Evacuate Collection Set: 5.9ms
[2025-03-28T19:22:41.623+0530][gc,phases   ] GC(49)   Post Evacuate Collection Set: 3.0ms
[2025-03-28T19:22:41.623+0530][gc,phases   ] GC(49)   Other: 0.2ms
[2025-03-28T19:22:41.623+0530][gc,heap     ] GC(49) Eden regions: 58->0(73)
[2025-03-28T19:22:41.623+0530][gc,heap     ] GC(49) Survivor regions: 3->4(8)
[2025-03-28T19:22:41.623+0530][gc,heap     ] GC(49) Old regions: 70->70
[2025-03-28T19:22:41.623+0530][gc,heap     ] GC(49) Archive regions: 2->2
[2025-03-28T19:22:41.623+0530][gc,heap     ] GC(49) Humongous regions: 142->140
[2025-03-28T19:22:41.623+0530][gc,metaspace] GC(49) Metaspace: 48362K(49024K)->48362K(49024K) NonClass: 42807K(43136K)->42807K(43136K) Class: 5555K(5888K)->5555K(5888K)
[2025-03-28T19:22:41.623+0530][gc          ] GC(49) Pause Young (Normal) (G1 Evacuation Pause) 273M->214M(1024M) 9.614ms
[2025-03-28T19:22:41.623+0530][gc,cpu      ] GC(49) User=0.01s Sys=0.00s Real=0.01s
[2025-03-28T19:22:42.428+0530][gc,start    ] GC(50) Pause Young (Normal) (G1 Evacuation Pause)
[2025-03-28T19:22:42.428+0530][gc,task     ] GC(50) Using 2 workers of 2 for evacuation
[2025-03-28T19:22:42.440+0530][gc,phases   ] GC(50)   Pre Evacuate Collection Set: 0.5ms
[2025-03-28T19:22:42.441+0530][gc,phases   ] GC(50)   Merge Heap Roots: 0.3ms
[2025-03-28T19:22:42.441+0530][gc,phases   ] GC(50)   Evacuate Collection Set: 9.2ms
[2025-03-28T19:22:42.441+0530][gc,phases   ] GC(50)   Post Evacuate Collection Set: 1.9ms
[2025-03-28T19:22:42.441+0530][gc,phases   ] GC(50)   Other: 0.4ms
[2025-03-28T19:22:42.441+0530][gc,heap     ] GC(50) Eden regions: 73->0(89)
[2025-03-28T19:22:42.441+0530][gc,heap     ] GC(50) Survivor regions: 4->1(10)
[2025-03-28T19:22:42.441+0530][gc,heap     ] GC(50) Old regions: 70->70
[2025-03-28T19:22:42.441+0530][gc,heap     ] GC(50) Archive regions: 2->2
[2025-03-28T19:22:42.441+0530][gc,heap     ] GC(50) Humongous regions: 142->140
[2025-03-28T19:22:42.441+0530][gc,metaspace] GC(50) Metaspace: 48369K(49024K)->48369K(49024K) NonClass: 42814K(43136K)->42814K(43136K) Class: 5555K(5888K)->5555K(5888K)
[2025-03-28T19:22:42.441+0530][gc          ] GC(50) Pause Young (Normal) (G1 Evacuation Pause) 289M->211M(1024M) 13.117ms
[2025-03-28T19:22:42.441+0530][gc,cpu      ] GC(50) User=0.03s Sys=0.00s Real=0.02s
[2025-03-28T19:22:42.792+0530][gc,start    ] GC(51) Pause Young (Normal) (G1 Evacuation Pause)
[2025-03-28T19:22:42.793+0530][gc,task     ] GC(51) Using 2 workers of 2 for evacuation
[2025-03-28T19:22:42.805+0530][gc,phases   ] GC(51)   Pre Evacuate Collection Set: 0.3ms
[2025-03-28T19:22:42.805+0530][gc,phases   ] GC(51)   Merge Heap Roots: 0.1ms
[2025-03-28T19:22:42.805+0530][gc,phases   ] GC(51)   Evacuate Collection Set: 11.5ms
[2025-03-28T19:22:42.805+0530][gc,phases   ] GC(51)   Post Evacuate Collection Set: 0.7ms
[2025-03-28T19:22:42.805+0530][gc,phases   ] GC(51)   Other: 0.2ms
[2025-03-28T19:22:42.805+0530][gc,heap     ] GC(51) Eden regions: 89->0(88)
[2025-03-28T19:22:42.805+0530][gc,heap     ] GC(51) Survivor regions: 1->3(12)
[2025-03-28T19:22:42.805+0530][gc,heap     ] GC(51) Old regions: 70->70
[2025-03-28T19:22:42.805+0530][gc,heap     ] GC(51) Archive regions: 2->2
[2025-03-28T19:22:42.805+0530][gc,heap     ] GC(51) Humongous regions: 142->142
[2025-03-28T19:22:42.805+0530][gc,metaspace] GC(51) Metaspace: 48372K(49024K)->48372K(49024K) NonClass: 42817K(43136K)->42817K(43136K) Class: 5555K(5888K)->5555K(5888K)
[2025-03-28T19:22:42.806+0530][gc          ] GC(51) Pause Young (Normal) (G1 Evacuation Pause) 302M->215M(1024M) 13.046ms
[2025-03-28T19:22:42.806+0530][gc,cpu      ] GC(51) User=0.01s Sys=0.01s Real=0.02s
[2025-03-28T19:22:51.761+0530][gc,start    ] GC(52) Pause Young (Normal) (G1 Evacuation Pause)
[2025-03-28T19:22:51.761+0530][gc,task     ] GC(52) Using 2 workers of 2 for evacuation
[2025-03-28T19:22:51.773+0530][gc,phases   ] GC(52)   Pre Evacuate Collection Set: 0.2ms
[2025-03-28T19:22:51.774+0530][gc,phases   ] GC(52)   Merge Heap Roots: 0.1ms
[2025-03-28T19:22:51.774+0530][gc,phases   ] GC(52)   Evacuate Collection Set: 11.7ms
[2025-03-28T19:22:51.774+0530][gc,phases   ] GC(52)   Post Evacuate Collection Set: 0.5ms
[2025-03-28T19:22:51.774+0530][gc,phases   ] GC(52)   Other: 0.2ms
[2025-03-28T19:22:51.774+0530][gc,heap     ] GC(52) Eden regions: 88->0(136)
[2025-03-28T19:22:51.774+0530][gc,heap     ] GC(52) Survivor regions: 3->3(12)
[2025-03-28T19:22:51.774+0530][gc,heap     ] GC(52) Old regions: 70->70
[2025-03-28T19:22:51.774+0530][gc,heap     ] GC(52) Archive regions: 2->2
[2025-03-28T19:22:51.774+0530][gc,heap     ] GC(52) Humongous regions: 144->142
[2025-03-28T19:22:51.774+0530][gc,metaspace] GC(52) Metaspace: 48449K(49088K)->48449K(49088K) NonClass: 42894K(43200K)->42894K(43200K) Class: 5555K(5888K)->5555K(5888K)
[2025-03-28T19:22:51.774+0530][gc          ] GC(52) Pause Young (Normal) (G1 Evacuation Pause) 305M->215M(1024M) 12.842ms
[2025-03-28T19:22:51.774+0530][gc,cpu      ] GC(52) User=0.01s Sys=0.00s Real=0.01s
[2025-03-28T19:23:01.269+0530][gc,start    ] GC(53) Pause Young (Normal) (G1 Evacuation Pause)
[2025-03-28T19:23:01.269+0530][gc,task     ] GC(53) Using 2 workers of 2 for evacuation
[2025-03-28T19:23:01.376+0530][gc,mmu      ] GC(53) MMU target violated: 21.0ms (20.0ms/21.0ms)
[2025-03-28T19:23:01.377+0530][gc,phases   ] GC(53)   Pre Evacuate Collection Set: 0.6ms
[2025-03-28T19:23:01.377+0530][gc,phases   ] GC(53)   Merge Heap Roots: 0.6ms
[2025-03-28T19:23:01.377+0530][gc,phases   ] GC(53)   Evacuate Collection Set: 105.0ms
[2025-03-28T19:23:01.377+0530][gc,phases   ] GC(53)   Post Evacuate Collection Set: 0.9ms
[2025-03-28T19:23:01.377+0530][gc,phases   ] GC(53)   Other: 0.5ms
[2025-03-28T19:23:01.377+0530][gc,heap     ] GC(53) Eden regions: 136->0(47)
[2025-03-28T19:23:01.377+0530][gc,heap     ] GC(53) Survivor regions: 3->4(18)
[2025-03-28T19:23:01.377+0530][gc,heap     ] GC(53) Old regions: 70->70
[2025-03-28T19:23:01.377+0530][gc,heap     ] GC(53) Archive regions: 2->2
[2025-03-28T19:23:01.377+0530][gc,heap     ] GC(53) Humongous regions: 144->140
[2025-03-28T19:23:01.377+0530][gc,metaspace] GC(53) Metaspace: 48491K(49152K)->48491K(49152K) NonClass: 42936K(43264K)->42936K(43264K) Class: 5555K(5888K)->5555K(5888K)
[2025-03-28T19:23:01.377+0530][gc          ] GC(53) Pause Young (Normal) (G1 Evacuation Pause) 353M->214M(1024M) 107.941ms
[2025-03-28T19:23:01.377+0530][gc,cpu      ] GC(53) User=0.04s Sys=0.01s Real=0.10s
[2025-03-28T19:23:01.625+0530][gc,start    ] GC(54) Pause Young (Normal) (G1 Evacuation Pause)
[2025-03-28T19:23:01.625+0530][gc,task     ] GC(54) Using 2 workers of 2 for evacuation
[2025-03-28T19:23:01.632+0530][gc,phases   ] GC(54)   Pre Evacuate Collection Set: 0.2ms
[2025-03-28T19:23:01.632+0530][gc,phases   ] GC(54)   Merge Heap Roots: 0.1ms
[2025-03-28T19:23:01.632+0530][gc,phases   ] GC(54)   Evacuate Collection Set: 5.7ms
[2025-03-28T19:23:01.632+0530][gc,phases   ] GC(54)   Post Evacuate Collection Set: 0.5ms
[2025-03-28T19:23:01.632+0530][gc,phases   ] GC(54)   Other: 0.1ms
[2025-03-28T19:23:01.632+0530][gc,heap     ] GC(54) Eden regions: 47->0(48)
[2025-03-28T19:23:01.632+0530][gc,heap     ] GC(54) Survivor regions: 4->3(7)
[2025-03-28T19:23:01.632+0530][gc,heap     ] GC(54) Old regions: 70->70
[2025-03-28T19:23:01.632+0530][gc,heap     ] GC(54) Archive regions: 2->2
[2025-03-28T19:23:01.632+0530][gc,heap     ] GC(54) Humongous regions: 142->142
[2025-03-28T19:23:01.632+0530][gc,metaspace] GC(54) Metaspace: 48492K(49152K)->48492K(49152K) NonClass: 42937K(43264K)->42937K(43264K) Class: 5555K(5888K)->5555K(5888K)
[2025-03-28T19:23:01.632+0530][gc          ] GC(54) Pause Young (Normal) (G1 Evacuation Pause) 263M->215M(1024M) 6.842ms
[2025-03-28T19:23:01.632+0530][gc,cpu      ] GC(54) User=0.01s Sys=0.00s Real=0.01s
[2025-03-28T19:23:02.671+0530][gc,start    ] GC(55) Pause Young (Normal) (G1 Evacuation Pause)
[2025-03-28T19:23:02.671+0530][gc,task     ] GC(55) Using 2 workers of 2 for evacuation
[2025-03-28T19:23:02.679+0530][gc,phases   ] GC(55)   Pre Evacuate Collection Set: 0.4ms
[2025-03-28T19:23:02.679+0530][gc,phases   ] GC(55)   Merge Heap Roots: 0.2ms
[2025-03-28T19:23:02.679+0530][gc,phases   ] GC(55)   Evacuate Collection Set: 5.9ms
[2025-03-28T19:23:02.679+0530][gc,phases   ] GC(55)   Post Evacuate Collection Set: 0.9ms
[2025-03-28T19:23:02.679+0530][gc,phases   ] GC(55)   Other: 0.3ms
[2025-03-28T19:23:02.679+0530][gc,heap     ] GC(55) Eden regions: 48->0(47)
[2025-03-28T19:23:02.679+0530][gc,heap     ] GC(55) Survivor regions: 3->4(7)
[2025-03-28T19:23:02.679+0530][gc,heap     ] GC(55) Old regions: 70->70
[2025-03-28T19:23:02.679+0530][gc,heap     ] GC(55) Archive regions: 2->2
[2025-03-28T19:23:02.679+0530][gc,heap     ] GC(55) Humongous regions: 142->140
[2025-03-28T19:23:02.679+0530][gc,metaspace] GC(55) Metaspace: 48492K(49152K)->48492K(49152K) NonClass: 42937K(43264K)->42937K(43264K) Class: 5555K(5888K)->5555K(5888K)
[2025-03-28T19:23:02.679+0530][gc          ] GC(55) Pause Young (Normal) (G1 Evacuation Pause) 263M->214M(1024M) 7.843ms
[2025-03-28T19:23:02.679+0530][gc,cpu      ] GC(55) User=0.01s Sys=0.00s Real=0.01s
[2025-03-28T19:23:02.810+0530][gc,start    ] GC(56) Pause Young (Normal) (G1 Evacuation Pause)
[2025-03-28T19:23:02.810+0530][gc,task     ] GC(56) Using 2 workers of 2 for evacuation
[2025-03-28T19:23:02.816+0530][gc,phases   ] GC(56)   Pre Evacuate Collection Set: 0.2ms
[2025-03-28T19:23:02.816+0530][gc,phases   ] GC(56)   Merge Heap Roots: 0.1ms
[2025-03-28T19:23:02.816+0530][gc,phases   ] GC(56)   Evacuate Collection Set: 5.3ms
[2025-03-28T19:23:02.816+0530][gc,phases   ] GC(56)   Post Evacuate Collection Set: 0.5ms
[2025-03-28T19:23:02.817+0530][gc,phases   ] GC(56)   Other: 0.2ms
[2025-03-28T19:23:02.817+0530][gc,heap     ] GC(56) Eden regions: 47->0(64)
[2025-03-28T19:23:02.817+0530][gc,heap     ] GC(56) Survivor regions: 4->3(7)
[2025-03-28T19:23:02.817+0530][gc,heap     ] GC(56) Old regions: 70->71
[2025-03-28T19:23:02.817+0530][gc,heap     ] GC(56) Archive regions: 2->2
[2025-03-28T19:23:02.817+0530][gc,heap     ] GC(56) Humongous regions: 142->142
[2025-03-28T19:23:02.817+0530][gc,metaspace] GC(56) Metaspace: 48495K(49152K)->48495K(49152K) NonClass: 42940K(43264K)->42940K(43264K) Class: 5555K(5888K)->5555K(5888K)
[2025-03-28T19:23:02.817+0530][gc          ] GC(56) Pause Young (Normal) (G1 Evacuation Pause) 263M->215M(1024M) 6.365ms
[2025-03-28T19:23:02.817+0530][gc,cpu      ] GC(56) User=0.01s Sys=0.01s Real=0.01s
[2025-03-28T19:23:11.614+0530][gc,start    ] GC(57) Pause Young (Normal) (G1 Evacuation Pause)
[2025-03-28T19:23:11.616+0530][gc,task     ] GC(57) Using 2 workers of 2 for evacuation
[2025-03-28T19:23:11.697+0530][gc,mmu      ] GC(57) MMU target violated: 21.0ms (20.0ms/21.0ms)
[2025-03-28T19:23:11.697+0530][gc,phases   ] GC(57)   Pre Evacuate Collection Set: 0.8ms
[2025-03-28T19:23:11.697+0530][gc,phases   ] GC(57)   Merge Heap Roots: 0.2ms
[2025-03-28T19:23:11.697+0530][gc,phases   ] GC(57)   Evacuate Collection Set: 78.6ms
[2025-03-28T19:23:11.697+0530][gc,phases   ] GC(57)   Post Evacuate Collection Set: 0.6ms
[2025-03-28T19:23:11.697+0530][gc,phases   ] GC(57)   Other: 2.8ms
[2025-03-28T19:23:11.697+0530][gc,heap     ] GC(57) Eden regions: 64->0(45)
[2025-03-28T19:23:11.697+0530][gc,heap     ] GC(57) Survivor regions: 3->6(9)
[2025-03-28T19:23:11.697+0530][gc,heap     ] GC(57) Old regions: 71->71
[2025-03-28T19:23:11.697+0530][gc,heap     ] GC(57) Archive regions: 2->2
[2025-03-28T19:23:11.697+0530][gc,heap     ] GC(57) Humongous regions: 142->140
[2025-03-28T19:23:11.697+0530][gc,metaspace] GC(57) Metaspace: 48671K(49344K)->48671K(49344K) NonClass: 43116K(43456K)->43116K(43456K) Class: 5555K(5888K)->5555K(5888K)
[2025-03-28T19:23:11.697+0530][gc          ] GC(57) Pause Young (Normal) (G1 Evacuation Pause) 279M->216M(1024M) 82.861ms
[2025-03-28T19:23:11.697+0530][gc,cpu      ] GC(57) User=0.04s Sys=0.01s Real=0.08s
[2025-03-28T19:23:11.940+0530][gc,start    ] GC(58) Pause Young (Normal) (G1 Evacuation Pause)
[2025-03-28T19:23:11.940+0530][gc,task     ] GC(58) Using 2 workers of 2 for evacuation
[2025-03-28T19:23:11.946+0530][gc,phases   ] GC(58)   Pre Evacuate Collection Set: 0.3ms
[2025-03-28T19:23:11.946+0530][gc,phases   ] GC(58)   Merge Heap Roots: 0.1ms
[2025-03-28T19:23:11.946+0530][gc,phases   ] GC(58)   Evacuate Collection Set: 5.3ms
[2025-03-28T19:23:11.946+0530][gc,phases   ] GC(58)   Post Evacuate Collection Set: 0.6ms
[2025-03-28T19:23:11.946+0530][gc,phases   ] GC(58)   Other: 0.2ms
[2025-03-28T19:23:11.946+0530][gc,heap     ] GC(58) Eden regions: 45->0(49)
[2025-03-28T19:23:11.946+0530][gc,heap     ] GC(58) Survivor regions: 6->2(7)
[2025-03-28T19:23:11.946+0530][gc,heap     ] GC(58) Old regions: 71->72
[2025-03-28T19:23:11.946+0530][gc,heap     ] GC(58) Archive regions: 2->2
[2025-03-28T19:23:11.946+0530][gc,heap     ] GC(58) Humongous regions: 142->142
[2025-03-28T19:23:11.946+0530][gc,metaspace] GC(58) Metaspace: 48690K(49344K)->48690K(49344K) NonClass: 43135K(43456K)->43135K(43456K) Class: 5555K(5888K)->5555K(5888K)
[2025-03-28T19:23:11.946+0530][gc          ] GC(58) Pause Young (Normal) (G1 Evacuation Pause) 263M->216M(1024M) 6.460ms
[2025-03-28T19:23:11.946+0530][gc,cpu      ] GC(58) User=0.02s Sys=0.00s Real=0.01s
[2025-03-28T19:23:12.689+0530][gc,start    ] GC(59) Pause Young (Normal) (G1 Evacuation Pause)
[2025-03-28T19:23:12.689+0530][gc,task     ] GC(59) Using 2 workers of 2 for evacuation
[2025-03-28T19:23:12.716+0530][gc,mmu      ] GC(59) MMU target violated: 21.0ms (20.0ms/21.0ms)
[2025-03-28T19:23:12.716+0530][gc,phases   ] GC(59)   Pre Evacuate Collection Set: 0.8ms
[2025-03-28T19:23:12.716+0530][gc,phases   ] GC(59)   Merge Heap Roots: 0.3ms
[2025-03-28T19:23:12.716+0530][gc,phases   ] GC(59)   Evacuate Collection Set: 24.0ms
[2025-03-28T19:23:12.716+0530][gc,phases   ] GC(59)   Post Evacuate Collection Set: 1.7ms
[2025-03-28T19:23:12.716+0530][gc,phases   ] GC(59)   Other: 0.3ms
[2025-03-28T19:23:12.716+0530][gc,heap     ] GC(59) Eden regions: 49->0(46)
[2025-03-28T19:23:12.716+0530][gc,heap     ] GC(59) Survivor regions: 2->5(7)
[2025-03-28T19:23:12.716+0530][gc,heap     ] GC(59) Old regions: 72->72
[2025-03-28T19:23:12.716+0530][gc,heap     ] GC(59) Archive regions: 2->2
[2025-03-28T19:23:12.717+0530][gc,heap     ] GC(59) Humongous regions: 142->140
[2025-03-28T19:23:12.717+0530][gc,metaspace] GC(59) Metaspace: 48699K(49344K)->48699K(49344K) NonClass: 43144K(43456K)->43144K(43456K) Class: 5555K(5888K)->5555K(5888K)
[2025-03-28T19:23:12.717+0530][gc          ] GC(59) Pause Young (Normal) (G1 Evacuation Pause) 265M->216M(1024M) 27.225ms
[2025-03-28T19:23:12.717+0530][gc,cpu      ] GC(59) User=0.03s Sys=0.00s Real=0.03s
[2025-03-28T19:23:12.855+0530][gc,start    ] GC(60) Pause Young (Normal) (G1 Evacuation Pause)
[2025-03-28T19:23:12.855+0530][gc,task     ] GC(60) Using 2 workers of 2 for evacuation
[2025-03-28T19:23:12.862+0530][gc,phases   ] GC(60)   Pre Evacuate Collection Set: 0.2ms
[2025-03-28T19:23:12.863+0530][gc,phases   ] GC(60)   Merge Heap Roots: 0.1ms
[2025-03-28T19:23:12.863+0530][gc,phases   ] GC(60)   Evacuate Collection Set: 6.5ms
[2025-03-28T19:23:12.863+0530][gc,phases   ] GC(60)   Post Evacuate Collection Set: 0.6ms
[2025-03-28T19:23:12.863+0530][gc,phases   ] GC(60)   Other: 0.2ms
[2025-03-28T19:23:12.863+0530][gc,heap     ] GC(60) Eden regions: 46->0(80)
[2025-03-28T19:23:12.863+0530][gc,heap     ] GC(60) Survivor regions: 5->2(7)
[2025-03-28T19:23:12.863+0530][gc,heap     ] GC(60) Old regions: 72->73
[2025-03-28T19:23:12.863+0530][gc,heap     ] GC(60) Archive regions: 2->2
[2025-03-28T19:23:12.863+0530][gc,heap     ] GC(60) Humongous regions: 142->142
[2025-03-28T19:23:12.863+0530][gc,metaspace] GC(60) Metaspace: 48700K(49344K)->48700K(49344K) NonClass: 43145K(43456K)->43145K(43456K) Class: 5555K(5888K)->5555K(5888K)
[2025-03-28T19:23:12.863+0530][gc          ] GC(60) Pause Young (Normal) (G1 Evacuation Pause) 264M->216M(1024M) 7.748ms
[2025-03-28T19:23:12.863+0530][gc,cpu      ] GC(60) User=0.01s Sys=0.00s Real=0.00s
[2025-03-28T19:23:21.675+0530][gc,start    ] GC(61) Pause Young (Normal) (G1 Evacuation Pause)
[2025-03-28T19:23:21.675+0530][gc,task     ] GC(61) Using 2 workers of 2 for evacuation
[2025-03-28T19:23:21.686+0530][gc,phases   ] GC(61)   Pre Evacuate Collection Set: 0.3ms
[2025-03-28T19:23:21.686+0530][gc,phases   ] GC(61)   Merge Heap Roots: 0.1ms
[2025-03-28T19:23:21.686+0530][gc,phases   ] GC(61)   Evacuate Collection Set: 6.6ms
[2025-03-28T19:23:21.686+0530][gc,phases   ] GC(61)   Post Evacuate Collection Set: 0.8ms
[2025-03-28T19:23:21.686+0530][gc,phases   ] GC(61)   Other: 3.2ms
[2025-03-28T19:23:21.686+0530][gc,heap     ] GC(61) Eden regions: 80->0(147)
[2025-03-28T19:23:21.686+0530][gc,heap     ] GC(61) Survivor regions: 2->3(11)
[2025-03-28T19:23:21.686+0530][gc,heap     ] GC(61) Old regions: 73->73
[2025-03-28T19:23:21.686+0530][gc,heap     ] GC(61) Archive regions: 2->2
[2025-03-28T19:23:21.686+0530][gc,heap     ] GC(61) Humongous regions: 144->142
[2025-03-28T19:23:21.686+0530][gc,metaspace] GC(61) Metaspace: 48774K(49408K)->48774K(49408K) NonClass: 43219K(43520K)->43219K(43520K) Class: 5555K(5888K)->5555K(5888K)
[2025-03-28T19:23:21.686+0530][gc          ] GC(61) Pause Young (Normal) (G1 Evacuation Pause) 298M->217M(1024M) 11.223ms
[2025-03-28T19:23:21.686+0530][gc,cpu      ] GC(61) User=0.01s Sys=0.01s Real=0.02s
[2025-03-28T19:23:31.551+0530][gc,start    ] GC(62) Pause Young (Normal) (G1 Evacuation Pause)
[2025-03-28T19:23:31.562+0530][gc,task     ] GC(62) Using 2 workers of 2 for evacuation
[2025-03-28T19:23:31.634+0530][gc,mmu      ] GC(62) MMU target violated: 21.0ms (20.0ms/21.0ms)
[2025-03-28T19:23:31.634+0530][gc,phases   ] GC(62)   Pre Evacuate Collection Set: 0.6ms
[2025-03-28T19:23:31.634+0530][gc,phases   ] GC(62)   Merge Heap Roots: 3.2ms
[2025-03-28T19:23:31.634+0530][gc,phases   ] GC(62)   Evacuate Collection Set: 66.8ms
[2025-03-28T19:23:31.634+0530][gc,phases   ] GC(62)   Post Evacuate Collection Set: 1.1ms
[2025-03-28T19:23:31.634+0530][gc,phases   ] GC(62)   Other: 11.3ms
[2025-03-28T19:23:31.634+0530][gc,heap     ] GC(62) Eden regions: 147->0(48)
[2025-03-28T19:23:31.634+0530][gc,heap     ] GC(62) Survivor regions: 3->3(19)
[2025-03-28T19:23:31.634+0530][gc,heap     ] GC(62) Old regions: 73->73
[2025-03-28T19:23:31.634+0530][gc,heap     ] GC(62) Archive regions: 2->2
[2025-03-28T19:23:31.634+0530][gc,heap     ] GC(62) Humongous regions: 144->140
[2025-03-28T19:23:31.634+0530][gc,metaspace] GC(62) Metaspace: 48833K(49472K)->48833K(49472K) NonClass: 43278K(43584K)->43278K(43584K) Class: 5555K(5888K)->5555K(5888K)
[2025-03-28T19:23:31.634+0530][gc          ] GC(62) Pause Young (Normal) (G1 Evacuation Pause) 366M->215M(1024M) 83.280ms
[2025-03-28T19:23:31.634+0530][gc,cpu      ] GC(62) User=0.02s Sys=0.00s Real=0.07s
[2025-03-28T19:23:32.084+0530][gc,start    ] GC(63) Pause Young (Normal) (G1 Evacuation Pause)
[2025-03-28T19:23:32.084+0530][gc,task     ] GC(63) Using 2 workers of 2 for evacuation
[2025-03-28T19:23:32.117+0530][gc,mmu      ] GC(63) MMU target violated: 21.0ms (20.0ms/21.0ms)
[2025-03-28T19:23:32.117+0530][gc,phases   ] GC(63)   Pre Evacuate Collection Set: 0.3ms
[2025-03-28T19:23:32.117+0530][gc,phases   ] GC(63)   Merge Heap Roots: 0.1ms
[2025-03-28T19:23:32.117+0530][gc,phases   ] GC(63)   Evacuate Collection Set: 28.8ms
[2025-03-28T19:23:32.117+0530][gc,phases   ] GC(63)   Post Evacuate Collection Set: 3.3ms
[2025-03-28T19:23:32.117+0530][gc,phases   ] GC(63)   Other: 0.2ms
[2025-03-28T19:23:32.117+0530][gc,heap     ] GC(63) Eden regions: 48->0(48)
[2025-03-28T19:23:32.117+0530][gc,heap     ] GC(63) Survivor regions: 3->3(7)
[2025-03-28T19:23:32.117+0530][gc,heap     ] GC(63) Old regions: 73->73
[2025-03-28T19:23:32.117+0530][gc,heap     ] GC(63) Archive regions: 2->2
[2025-03-28T19:23:32.117+0530][gc,heap     ] GC(63) Humongous regions: 142->142
[2025-03-28T19:23:32.117+0530][gc,metaspace] GC(63) Metaspace: 48836K(49472K)->48836K(49472K) NonClass: 43281K(43584K)->43281K(43584K) Class: 5555K(5888K)->5555K(5888K)
[2025-03-28T19:23:32.117+0530][gc          ] GC(63) Pause Young (Normal) (G1 Evacuation Pause) 265M->217M(1024M) 32.829ms
[2025-03-28T19:23:32.117+0530][gc,cpu      ] GC(63) User=0.01s Sys=0.00s Real=0.03s
[2025-03-28T19:23:32.431+0530][gc,start    ] GC(64) Pause Young (Normal) (G1 Evacuation Pause)
[2025-03-28T19:23:32.431+0530][gc,task     ] GC(64) Using 2 workers of 2 for evacuation
[2025-03-28T19:23:32.441+0530][gc,phases   ] GC(64)   Pre Evacuate Collection Set: 0.2ms
[2025-03-28T19:23:32.441+0530][gc,phases   ] GC(64)   Merge Heap Roots: 0.1ms
[2025-03-28T19:23:32.441+0530][gc,phases   ] GC(64)   Evacuate Collection Set: 9.6ms
[2025-03-28T19:23:32.441+0530][gc,phases   ] GC(64)   Post Evacuate Collection Set: 0.4ms
[2025-03-28T19:23:32.441+0530][gc,phases   ] GC(64)   Other: 0.1ms
[2025-03-28T19:23:32.441+0530][gc,heap     ] GC(64) Eden regions: 48->0(49)
[2025-03-28T19:23:32.441+0530][gc,heap     ] GC(64) Survivor regions: 3->2(7)
[2025-03-28T19:23:32.441+0530][gc,heap     ] GC(64) Old regions: 73->73
[2025-03-28T19:23:32.441+0530][gc,heap     ] GC(64) Archive regions: 2->2
[2025-03-28T19:23:32.441+0530][gc,heap     ] GC(64) Humongous regions: 142->140
[2025-03-28T19:23:32.441+0530][gc,metaspace] GC(64) Metaspace: 48838K(49472K)->48838K(49472K) NonClass: 43283K(43584K)->43283K(43584K) Class: 5555K(5888K)->5555K(5888K)
[2025-03-28T19:23:32.442+0530][gc          ] GC(64) Pause Young (Normal) (G1 Evacuation Pause) 265M->214M(1024M) 10.648ms
[2025-03-28T19:23:32.442+0530][gc,cpu      ] GC(64) User=0.00s Sys=0.00s Real=0.02s
[2025-03-28T19:23:32.623+0530][gc,start    ] GC(65) Pause Young (Normal) (G1 Evacuation Pause)
[2025-03-28T19:23:32.623+0530][gc,task     ] GC(65) Using 2 workers of 2 for evacuation
[2025-03-28T19:23:32.640+0530][gc,phases   ] GC(65)   Pre Evacuate Collection Set: 0.3ms
[2025-03-28T19:23:32.640+0530][gc,phases   ] GC(65)   Merge Heap Roots: 0.1ms
[2025-03-28T19:23:32.640+0530][gc,phases   ] GC(65)   Evacuate Collection Set: 15.6ms
[2025-03-28T19:23:32.640+0530][gc,phases   ] GC(65)   Post Evacuate Collection Set: 0.6ms
[2025-03-28T19:23:32.640+0530][gc,phases   ] GC(65)   Other: 0.2ms
[2025-03-28T19:23:32.640+0530][gc,heap     ] GC(65) Eden regions: 49->0(48)
[2025-03-28T19:23:32.640+0530][gc,heap     ] GC(65) Survivor regions: 2->3(7)
[2025-03-28T19:23:32.640+0530][gc,heap     ] GC(65) Old regions: 73->73
[2025-03-28T19:23:32.640+0530][gc,heap     ] GC(65) Archive regions: 2->2
[2025-03-28T19:23:32.640+0530][gc,heap     ] GC(65) Humongous regions: 142->142
[2025-03-28T19:23:32.640+0530][gc,metaspace] GC(65) Metaspace: 48842K(49472K)->48842K(49472K) NonClass: 43287K(43584K)->43287K(43584K) Class: 5555K(5888K)->5555K(5888K)
[2025-03-28T19:23:32.640+0530][gc          ] GC(65) Pause Young (Normal) (G1 Evacuation Pause) 265M->217M(1024M) 16.990ms
[2025-03-28T19:23:32.640+0530][gc,cpu      ] GC(65) User=0.01s Sys=0.00s Real=0.02s
[2025-03-28T19:23:40.701+0530][gc,start    ] GC(66) Pause Young (Normal) (G1 Evacuation Pause)
[2025-03-28T19:23:40.701+0530][gc,task     ] GC(66) Using 2 workers of 2 for evacuation
[2025-03-28T19:23:40.743+0530][gc,mmu      ] GC(66) MMU target violated: 21.0ms (20.0ms/21.0ms)
[2025-03-28T19:23:40.744+0530][gc,phases   ] GC(66)   Pre Evacuate Collection Set: 0.5ms
[2025-03-28T19:23:40.744+0530][gc,phases   ] GC(66)   Merge Heap Roots: 0.3ms
[2025-03-28T19:23:40.744+0530][gc,phases   ] GC(66)   Evacuate Collection Set: 39.2ms
[2025-03-28T19:23:40.744+0530][gc,phases   ] GC(66)   Post Evacuate Collection Set: 1.4ms
[2025-03-28T19:23:40.744+0530][gc,phases   ] GC(66)   Other: 1.3ms
[2025-03-28T19:23:40.744+0530][gc,heap     ] GC(66) Eden regions: 48->0(92)
[2025-03-28T19:23:40.744+0530][gc,heap     ] GC(66) Survivor regions: 3->2(7)
[2025-03-28T19:23:40.744+0530][gc,heap     ] GC(66) Old regions: 73->73
[2025-03-28T19:23:40.744+0530][gc,heap     ] GC(66) Archive regions: 2->2
[2025-03-28T19:23:40.744+0530][gc,heap     ] GC(66) Humongous regions: 142->140
[2025-03-28T19:23:40.744+0530][gc,metaspace] GC(66) Metaspace: 49163K(49792K)->49163K(49792K) NonClass: 43531K(43840K)->43531K(43840K) Class: 5631K(5952K)->5631K(5952K)
[2025-03-28T19:23:40.744+0530][gc          ] GC(66) Pause Young (Normal) (G1 Evacuation Pause) 265M->214M(1024M) 43.281ms
[2025-03-28T19:23:40.744+0530][gc,cpu      ] GC(66) User=0.03s Sys=0.01s Real=0.05s
[2025-03-28T19:23:42.425+0530][gc,start    ] GC(67) Pause Young (Normal) (G1 Evacuation Pause)
[2025-03-28T19:23:42.425+0530][gc,task     ] GC(67) Using 2 workers of 2 for evacuation
[2025-03-28T19:23:42.447+0530][gc,mmu      ] GC(67) MMU target violated: 20.6ms (20.0ms/21.0ms)
[2025-03-28T19:23:42.447+0530][gc,phases   ] GC(67)   Pre Evacuate Collection Set: 1.8ms
[2025-03-28T19:23:42.447+0530][gc,phases   ] GC(67)   Merge Heap Roots: 0.8ms
[2025-03-28T19:23:42.447+0530][gc,phases   ] GC(67)   Evacuate Collection Set: 13.1ms
[2025-03-28T19:23:42.447+0530][gc,phases   ] GC(67)   Post Evacuate Collection Set: 5.6ms
[2025-03-28T19:23:42.447+0530][gc,phases   ] GC(67)   Other: 1.0ms
[2025-03-28T19:23:42.447+0530][gc,heap     ] GC(67) Eden regions: 90->0(50)
[2025-03-28T19:23:42.447+0530][gc,heap     ] GC(67) Survivor regions: 2->1(12)
[2025-03-28T19:23:42.447+0530][gc,heap     ] GC(67) Old regions: 73->73
[2025-03-28T19:23:42.447+0530][gc,heap     ] GC(67) Archive regions: 2->2
[2025-03-28T19:23:42.447+0530][gc,heap     ] GC(67) Humongous regions: 145->140
[2025-03-28T19:23:42.447+0530][gc,metaspace] GC(67) Metaspace: 49171K(49792K)->49171K(49792K) NonClass: 43539K(43840K)->43539K(43840K) Class: 5631K(5952K)->5631K(5952K)
[2025-03-28T19:23:42.447+0530][gc          ] GC(67) Pause Young (Normal) (G1 Evacuation Pause) 309M->213M(1024M) 22.827ms
[2025-03-28T19:23:42.448+0530][gc,cpu      ] GC(67) User=0.03s Sys=0.00s Real=0.03s
[2025-03-28T19:23:42.678+0530][gc,start    ] GC(68) Pause Young (Normal) (G1 Evacuation Pause)
[2025-03-28T19:23:42.678+0530][gc,task     ] GC(68) Using 2 workers of 2 for evacuation
[2025-03-28T19:23:42.688+0530][gc,phases   ] GC(68)   Pre Evacuate Collection Set: 0.2ms
[2025-03-28T19:23:42.688+0530][gc,phases   ] GC(68)   Merge Heap Roots: 0.1ms
[2025-03-28T19:23:42.688+0530][gc,phases   ] GC(68)   Evacuate Collection Set: 9.1ms
[2025-03-28T19:23:42.688+0530][gc,phases   ] GC(68)   Post Evacuate Collection Set: 0.7ms
[2025-03-28T19:23:42.688+0530][gc,phases   ] GC(68)   Other: 0.2ms
[2025-03-28T19:23:42.688+0530][gc,heap     ] GC(68) Eden regions: 50->0(44)
[2025-03-28T19:23:42.688+0530][gc,heap     ] GC(68) Survivor regions: 1->7(7)
[2025-03-28T19:23:42.688+0530][gc,heap     ] GC(68) Old regions: 73->73
[2025-03-28T19:23:42.688+0530][gc,heap     ] GC(68) Archive regions: 2->2
[2025-03-28T19:23:42.688+0530][gc,heap     ] GC(68) Humongous regions: 140->140
[2025-03-28T19:23:42.688+0530][gc,metaspace] GC(68) Metaspace: 49175K(49792K)->49175K(49792K) NonClass: 43543K(43840K)->43543K(43840K) Class: 5631K(5952K)->5631K(5952K)
[2025-03-28T19:23:42.688+0530][gc          ] GC(68) Pause Young (Normal) (G1 Evacuation Pause) 263M->220M(1024M) 10.401ms
[2025-03-28T19:23:42.688+0530][gc,cpu      ] GC(68) User=0.01s Sys=0.00s Real=0.01s
[2025-03-28T19:23:42.780+0530][gc,start    ] GC(69) Pause Young (Normal) (G1 Evacuation Pause)
[2025-03-28T19:23:42.780+0530][gc,task     ] GC(69) Using 2 workers of 2 for evacuation
[2025-03-28T19:23:42.789+0530][gc,phases   ] GC(69)   Pre Evacuate Collection Set: 0.3ms
[2025-03-28T19:23:42.790+0530][gc,phases   ] GC(69)   Merge Heap Roots: 0.2ms
[2025-03-28T19:23:42.790+0530][gc,phases   ] GC(69)   Evacuate Collection Set: 8.0ms
[2025-03-28T19:23:42.790+0530][gc,phases   ] GC(69)   Post Evacuate Collection Set: 0.7ms
[2025-03-28T19:23:42.790+0530][gc,phases   ] GC(69)   Other: 0.2ms
[2025-03-28T19:23:42.790+0530][gc,heap     ] GC(69) Eden regions: 44->0(50)
[2025-03-28T19:23:42.790+0530][gc,heap     ] GC(69) Survivor regions: 7->1(7)
[2025-03-28T19:23:42.790+0530][gc,heap     ] GC(69) Old regions: 73->74
[2025-03-28T19:23:42.790+0530][gc,heap     ] GC(69) Archive regions: 2->2
[2025-03-28T19:23:42.790+0530][gc,heap     ] GC(69) Humongous regions: 142->142
[2025-03-28T19:23:42.790+0530][gc,metaspace] GC(69) Metaspace: 49175K(49792K)->49175K(49792K) NonClass: 43543K(43840K)->43543K(43840K) Class: 5631K(5952K)->5631K(5952K)
[2025-03-28T19:23:42.790+0530][gc          ] GC(69) Pause Young (Normal) (G1 Evacuation Pause) 266M->217M(1024M) 9.538ms
[2025-03-28T19:23:42.790+0530][gc,cpu      ] GC(69) User=0.01s Sys=0.01s Real=0.01s
[2025-03-28T19:23:51.741+0530][gc,start    ] GC(70) Pause Young (Normal) (G1 Evacuation Pause)
[2025-03-28T19:23:51.741+0530][gc,task     ] GC(70) Using 2 workers of 2 for evacuation
[2025-03-28T19:23:51.791+0530][gc,mmu      ] GC(70) MMU target violated: 21.0ms (20.0ms/21.0ms)
[2025-03-28T19:23:51.791+0530][gc,phases   ] GC(70)   Pre Evacuate Collection Set: 11.7ms
[2025-03-28T19:23:51.791+0530][gc,phases   ] GC(70)   Merge Heap Roots: 1.0ms
[2025-03-28T19:23:51.791+0530][gc,phases   ] GC(70)   Evacuate Collection Set: 36.2ms
[2025-03-28T19:23:51.791+0530][gc,phases   ] GC(70)   Post Evacuate Collection Set: 1.2ms
[2025-03-28T19:23:51.791+0530][gc,phases   ] GC(70)   Other: 0.2ms
[2025-03-28T19:23:51.791+0530][gc,heap     ] GC(70) Eden regions: 50->0(44)
[2025-03-28T19:23:51.791+0530][gc,heap     ] GC(70) Survivor regions: 1->7(7)
[2025-03-28T19:23:51.791+0530][gc,heap     ] GC(70) Old regions: 74->74
[2025-03-28T19:23:51.791+0530][gc,heap     ] GC(70) Archive regions: 2->2
[2025-03-28T19:23:51.791+0530][gc,heap     ] GC(70) Humongous regions: 142->140
[2025-03-28T19:23:51.791+0530][gc,metaspace] GC(70) Metaspace: 49190K(49792K)->49190K(49792K) NonClass: 43558K(43840K)->43558K(43840K) Class: 5631K(5952K)->5631K(5952K)
[2025-03-28T19:23:51.791+0530][gc          ] GC(70) Pause Young (Normal) (G1 Evacuation Pause) 267M->221M(1024M) 50.439ms
[2025-03-28T19:23:51.791+0530][gc,cpu      ] GC(70) User=0.02s Sys=0.00s Real=0.05s
[2025-03-28T19:23:51.950+0530][gc,start    ] GC(71) Pause Young (Normal) (G1 Evacuation Pause)
[2025-03-28T19:23:51.950+0530][gc,task     ] GC(71) Using 2 workers of 2 for evacuation
[2025-03-28T19:23:51.961+0530][gc,phases   ] GC(71)   Pre Evacuate Collection Set: 0.6ms
[2025-03-28T19:23:51.961+0530][gc,phases   ] GC(71)   Merge Heap Roots: 0.2ms
[2025-03-28T19:23:51.961+0530][gc,phases   ] GC(71)   Evacuate Collection Set: 9.2ms
[2025-03-28T19:23:51.961+0530][gc,phases   ] GC(71)   Post Evacuate Collection Set: 0.4ms
[2025-03-28T19:23:51.961+0530][gc,phases   ] GC(71)   Other: 0.1ms
[2025-03-28T19:23:51.961+0530][gc,heap     ] GC(71) Eden regions: 44->0(49)
[2025-03-28T19:23:51.961+0530][gc,heap     ] GC(71) Survivor regions: 7->2(7)
[2025-03-28T19:23:51.961+0530][gc,heap     ] GC(71) Old regions: 74->75
[2025-03-28T19:23:51.961+0530][gc,heap     ] GC(71) Archive regions: 2->2
[2025-03-28T19:23:51.961+0530][gc,heap     ] GC(71) Humongous regions: 142->142
[2025-03-28T19:23:51.961+0530][gc,metaspace] GC(71) Metaspace: 49190K(49792K)->49190K(49792K) NonClass: 43558K(43840K)->43558K(43840K) Class: 5631K(5952K)->5631K(5952K)
[2025-03-28T19:23:51.961+0530][gc          ] GC(71) Pause Young (Normal) (G1 Evacuation Pause) 267M->219M(1024M) 10.737ms
[2025-03-28T19:23:51.961+0530][gc,cpu      ] GC(71) User=0.01s Sys=0.00s Real=0.00s
[2025-03-28T19:23:52.574+0530][gc,start    ] GC(72) Pause Young (Normal) (G1 Evacuation Pause)
[2025-03-28T19:23:52.574+0530][gc,task     ] GC(72) Using 2 workers of 2 for evacuation
[2025-03-28T19:23:52.589+0530][gc,phases   ] GC(72)   Pre Evacuate Collection Set: 0.3ms
[2025-03-28T19:23:52.589+0530][gc,phases   ] GC(72)   Merge Heap Roots: 0.1ms
[2025-03-28T19:23:52.589+0530][gc,phases   ] GC(72)   Evacuate Collection Set: 12.9ms
[2025-03-28T19:23:52.589+0530][gc,phases   ] GC(72)   Post Evacuate Collection Set: 0.9ms
[2025-03-28T19:23:52.589+0530][gc,phases   ] GC(72)   Other: 0.2ms
[2025-03-28T19:23:52.589+0530][gc,heap     ] GC(72) Eden regions: 49->0(45)
[2025-03-28T19:23:52.589+0530][gc,heap     ] GC(72) Survivor regions: 2->6(7)
[2025-03-28T19:23:52.589+0530][gc,heap     ] GC(72) Old regions: 75->75
[2025-03-28T19:23:52.589+0530][gc,heap     ] GC(72) Archive regions: 2->2
[2025-03-28T19:23:52.589+0530][gc,heap     ] GC(72) Humongous regions: 142->140
[2025-03-28T19:23:52.589+0530][gc,metaspace] GC(72) Metaspace: 49196K(49856K)->49196K(49856K) NonClass: 43564K(43904K)->43564K(43904K) Class: 5631K(5952K)->5631K(5952K)
[2025-03-28T19:23:52.589+0530][gc          ] GC(72) Pause Young (Normal) (G1 Evacuation Pause) 268M->221M(1024M) 14.650ms
[2025-03-28T19:23:52.589+0530][gc,cpu      ] GC(72) User=0.02s Sys=0.00s Real=0.02s
[2025-03-28T19:23:52.687+0530][gc,start    ] GC(73) Pause Young (Normal) (G1 Evacuation Pause)
[2025-03-28T19:23:52.687+0530][gc,task     ] GC(73) Using 2 workers of 2 for evacuation
[2025-03-28T19:23:52.692+0530][gc,phases   ] GC(73)   Pre Evacuate Collection Set: 0.2ms
[2025-03-28T19:23:52.692+0530][gc,phases   ] GC(73)   Merge Heap Roots: 0.1ms
[2025-03-28T19:23:52.692+0530][gc,phases   ] GC(73)   Evacuate Collection Set: 4.2ms
[2025-03-28T19:23:52.692+0530][gc,phases   ] GC(73)   Post Evacuate Collection Set: 0.5ms
[2025-03-28T19:23:52.692+0530][gc,phases   ] GC(73)   Other: 0.2ms
[2025-03-28T19:23:52.692+0530][gc,heap     ] GC(73) Eden regions: 45->0(61)
[2025-03-28T19:23:52.692+0530][gc,heap     ] GC(73) Survivor regions: 6->2(7)
[2025-03-28T19:23:52.692+0530][gc,heap     ] GC(73) Old regions: 75->76
[2025-03-28T19:23:52.692+0530][gc,heap     ] GC(73) Archive regions: 2->2
[2025-03-28T19:23:52.692+0530][gc,heap     ] GC(73) Humongous regions: 142->142
[2025-03-28T19:23:52.692+0530][gc,metaspace] GC(73) Metaspace: 49196K(49856K)->49196K(49856K) NonClass: 43564K(43904K)->43564K(43904K) Class: 5631K(5952K)->5631K(5952K)
[2025-03-28T19:23:52.692+0530][gc          ] GC(73) Pause Young (Normal) (G1 Evacuation Pause) 268M->220M(1024M) 5.300ms
[2025-03-28T19:23:52.692+0530][gc,cpu      ] GC(73) User=0.01s Sys=0.01s Real=0.00s
[2025-03-28T19:24:01.153+0530][gc,start    ] GC(74) Pause Young (Normal) (G1 Evacuation Pause)
[2025-03-28T19:24:01.153+0530][gc,task     ] GC(74) Using 2 workers of 2 for evacuation
[2025-03-28T19:24:01.188+0530][gc,mmu      ] GC(74) MMU target violated: 21.0ms (20.0ms/21.0ms)
[2025-03-28T19:24:01.188+0530][gc,phases   ] GC(74)   Pre Evacuate Collection Set: 0.4ms
[2025-03-28T19:24:01.188+0530][gc,phases   ] GC(74)   Merge Heap Roots: 0.1ms
[2025-03-28T19:24:01.188+0530][gc,phases   ] GC(74)   Evacuate Collection Set: 34.2ms
[2025-03-28T19:24:01.188+0530][gc,phases   ] GC(74)   Post Evacuate Collection Set: 0.5ms
[2025-03-28T19:24:01.188+0530][gc,phases   ] GC(74)   Other: 0.2ms
[2025-03-28T19:24:01.188+0530][gc,heap     ] GC(74) Eden regions: 61->0(44)
[2025-03-28T19:24:01.189+0530][gc,heap     ] GC(74) Survivor regions: 2->7(8)
[2025-03-28T19:24:01.189+0530][gc,heap     ] GC(74) Old regions: 76->76
[2025-03-28T19:24:01.189+0530][gc,heap     ] GC(74) Archive regions: 2->2
[2025-03-28T19:24:01.189+0530][gc,heap     ] GC(74) Humongous regions: 142->140
[2025-03-28T19:24:01.189+0530][gc,metaspace] GC(74) Metaspace: 49226K(49856K)->49226K(49856K) NonClass: 43594K(43904K)->43594K(43904K) Class: 5631K(5952K)->5631K(5952K)
[2025-03-28T19:24:01.189+0530][gc          ] GC(74) Pause Young (Normal) (G1 Evacuation Pause) 281M->223M(1024M) 35.470ms
[2025-03-28T19:24:01.189+0530][gc,cpu      ] GC(74) User=0.03s Sys=0.01s Real=0.05s
[2025-03-28T19:24:01.356+0530][gc,start    ] GC(75) Pause Young (Normal) (G1 Evacuation Pause)
[2025-03-28T19:24:01.356+0530][gc,task     ] GC(75) Using 2 workers of 2 for evacuation
[2025-03-28T19:24:01.379+0530][gc,mmu      ] GC(75) MMU target violated: 21.0ms (20.0ms/21.0ms)
[2025-03-28T19:24:01.379+0530][gc,phases   ] GC(75)   Pre Evacuate Collection Set: 0.2ms
[2025-03-28T19:24:01.379+0530][gc,phases   ] GC(75)   Merge Heap Roots: 4.0ms
[2025-03-28T19:24:01.379+0530][gc,phases   ] GC(75)   Evacuate Collection Set: 18.3ms
[2025-03-28T19:24:01.379+0530][gc,phases   ] GC(75)   Post Evacuate Collection Set: 0.6ms
[2025-03-28T19:24:01.379+0530][gc,phases   ] GC(75)   Other: 0.2ms
[2025-03-28T19:24:01.379+0530][gc,heap     ] GC(75) Eden regions: 44->0(49)
[2025-03-28T19:24:01.379+0530][gc,heap     ] GC(75) Survivor regions: 7->2(7)
[2025-03-28T19:24:01.379+0530][gc,heap     ] GC(75) Old regions: 76->78
[2025-03-28T19:24:01.379+0530][gc,heap     ] GC(75) Archive regions: 2->2
[2025-03-28T19:24:01.379+0530][gc,heap     ] GC(75) Humongous regions: 142->142
[2025-03-28T19:24:01.379+0530][gc,metaspace] GC(75) Metaspace: 49226K(49856K)->49226K(49856K) NonClass: 43594K(43904K)->43594K(43904K) Class: 5631K(5952K)->5631K(5952K)
[2025-03-28T19:24:01.379+0530][gc          ] GC(75) Pause Young (Normal) (G1 Evacuation Pause) 269M->222M(1024M) 23.383ms
[2025-03-28T19:24:01.379+0530][gc,cpu      ] GC(75) User=0.01s Sys=0.00s Real=0.02s
[2025-03-28T19:24:02.693+0530][gc,start    ] GC(76) Pause Young (Normal) (G1 Evacuation Pause)
[2025-03-28T19:24:02.693+0530][gc,task     ] GC(76) Using 2 workers of 2 for evacuation
[2025-03-28T19:24:02.711+0530][gc,phases   ] GC(76)   Pre Evacuate Collection Set: 0.3ms
[2025-03-28T19:24:02.711+0530][gc,phases   ] GC(76)   Merge Heap Roots: 0.1ms
[2025-03-28T19:24:02.711+0530][gc,phases   ] GC(76)   Evacuate Collection Set: 13.5ms
[2025-03-28T19:24:02.711+0530][gc,phases   ] GC(76)   Post Evacuate Collection Set: 3.4ms
[2025-03-28T19:24:02.711+0530][gc,phases   ] GC(76)   Other: 0.2ms
[2025-03-28T19:24:02.711+0530][gc,heap     ] GC(76) Eden regions: 49->0(45)
[2025-03-28T19:24:02.711+0530][gc,heap     ] GC(76) Survivor regions: 2->6(7)
[2025-03-28T19:24:02.711+0530][gc,heap     ] GC(76) Old regions: 78->78
[2025-03-28T19:24:02.711+0530][gc,heap     ] GC(76) Archive regions: 2->2
[2025-03-28T19:24:02.711+0530][gc,heap     ] GC(76) Humongous regions: 142->140
[2025-03-28T19:24:02.711+0530][gc,metaspace] GC(76) Metaspace: 49236K(49856K)->49236K(49856K) NonClass: 43604K(43904K)->43604K(43904K) Class: 5631K(5952K)->5631K(5952K)
[2025-03-28T19:24:02.711+0530][gc          ] GC(76) Pause Young (Normal) (G1 Evacuation Pause) 271M->223M(1024M) 17.818ms
[2025-03-28T19:24:02.711+0530][gc,cpu      ] GC(76) User=0.02s Sys=0.00s Real=0.02s
[2025-03-28T19:24:02.837+0530][gc,start    ] GC(77) Pause Young (Normal) (G1 Evacuation Pause)
[2025-03-28T19:24:02.837+0530][gc,task     ] GC(77) Using 2 workers of 2 for evacuation
[2025-03-28T19:24:02.844+0530][gc,phases   ] GC(77)   Pre Evacuate Collection Set: 0.4ms
[2025-03-28T19:24:02.844+0530][gc,phases   ] GC(77)   Merge Heap Roots: 0.2ms
[2025-03-28T19:24:02.844+0530][gc,phases   ] GC(77)   Evacuate Collection Set: 5.8ms
[2025-03-28T19:24:02.844+0530][gc,phases   ] GC(77)   Post Evacuate Collection Set: 0.5ms
[2025-03-28T19:24:02.845+0530][gc,phases   ] GC(77)   Other: 0.1ms
[2025-03-28T19:24:02.845+0530][gc,heap     ] GC(77) Eden regions: 45->0(97)
[2025-03-28T19:24:02.845+0530][gc,heap     ] GC(77) Survivor regions: 6->2(7)
[2025-03-28T19:24:02.845+0530][gc,heap     ] GC(77) Old regions: 78->79
[2025-03-28T19:24:02.845+0530][gc,heap     ] GC(77) Archive regions: 2->2
[2025-03-28T19:24:02.845+0530][gc,heap     ] GC(77) Humongous regions: 142->142
[2025-03-28T19:24:02.845+0530][gc,metaspace] GC(77) Metaspace: 49236K(49856K)->49236K(49856K) NonClass: 43604K(43904K)->43604K(43904K) Class: 5631K(5952K)->5631K(5952K)
[2025-03-28T19:24:02.845+0530][gc          ] GC(77) Pause Young (Normal) (G1 Evacuation Pause) 270M->223M(1024M) 7.203ms
[2025-03-28T19:24:02.845+0530][gc,cpu      ] GC(77) User=0.00s Sys=0.01s Real=0.00s
[2025-03-28T19:24:11.585+0530][gc,start    ] GC(78) Pause Young (Normal) (G1 Evacuation Pause)
[2025-03-28T19:24:11.585+0530][gc,task     ] GC(78) Using 2 workers of 2 for evacuation
[2025-03-28T19:24:11.591+0530][gc,phases   ] GC(78)   Pre Evacuate Collection Set: 0.3ms
[2025-03-28T19:24:11.591+0530][gc,phases   ] GC(78)   Merge Heap Roots: 0.1ms
[2025-03-28T19:24:11.591+0530][gc,phases   ] GC(78)   Evacuate Collection Set: 5.1ms
[2025-03-28T19:24:11.591+0530][gc,phases   ] GC(78)   Post Evacuate Collection Set: 0.5ms
[2025-03-28T19:24:11.591+0530][gc,phases   ] GC(78)   Other: 0.3ms
[2025-03-28T19:24:11.591+0530][gc,heap     ] GC(78) Eden regions: 97->0(178)
[2025-03-28T19:24:11.591+0530][gc,heap     ] GC(78) Survivor regions: 2->3(13)
[2025-03-28T19:24:11.591+0530][gc,heap     ] GC(78) Old regions: 79->79
[2025-03-28T19:24:11.591+0530][gc,heap     ] GC(78) Archive regions: 2->2
[2025-03-28T19:24:11.591+0530][gc,heap     ] GC(78) Humongous regions: 144->142
[2025-03-28T19:24:11.591+0530][gc,metaspace] GC(78) Metaspace: 49242K(49920K)->49242K(49920K) NonClass: 43610K(43968K)->43610K(43968K) Class: 5631K(5952K)->5631K(5952K)
[2025-03-28T19:24:11.591+0530][gc          ] GC(78) Pause Young (Normal) (G1 Evacuation Pause) 322M->223M(1024M) 6.441ms
[2025-03-28T19:24:11.591+0530][gc,cpu      ] GC(78) User=0.01s Sys=0.00s Real=0.01s
[2025-03-28T19:24:21.896+0530][gc,start    ] GC(79) Pause Young (Normal) (G1 Evacuation Pause)
[2025-03-28T19:24:21.896+0530][gc,task     ] GC(79) Using 2 workers of 2 for evacuation
[2025-03-28T19:24:21.904+0530][gc,phases   ] GC(79)   Pre Evacuate Collection Set: 0.2ms
[2025-03-28T19:24:21.904+0530][gc,phases   ] GC(79)   Merge Heap Roots: 0.1ms
[2025-03-28T19:24:21.904+0530][gc,phases   ] GC(79)   Evacuate Collection Set: 6.7ms
[2025-03-28T19:24:21.904+0530][gc,phases   ] GC(79)   Post Evacuate Collection Set: 0.8ms
[2025-03-28T19:24:21.904+0530][gc,phases   ] GC(79)   Other: 0.2ms
[2025-03-28T19:24:21.904+0530][gc,heap     ] GC(79) Eden regions: 178->0(257)
[2025-03-28T19:24:21.904+0530][gc,heap     ] GC(79) Survivor regions: 3->3(23)
[2025-03-28T19:24:21.904+0530][gc,heap     ] GC(79) Old regions: 79->79
[2025-03-28T19:24:21.904+0530][gc,heap     ] GC(79) Archive regions: 2->2
[2025-03-28T19:24:21.904+0530][gc,heap     ] GC(79) Humongous regions: 146->142
[2025-03-28T19:24:21.904+0530][gc,metaspace] GC(79) Metaspace: 49312K(49984K)->49312K(49984K) NonClass: 43680K(44032K)->43680K(44032K) Class: 5631K(5952K)->5631K(5952K)
[2025-03-28T19:24:21.904+0530][gc          ] GC(79) Pause Young (Normal) (G1 Evacuation Pause) 405M->223M(1024M) 8.239ms
[2025-03-28T19:24:21.904+0530][gc,cpu      ] GC(79) User=0.02s Sys=0.00s Real=0.00s
[2025-03-28T19:24:32.572+0530][gc,start    ] GC(80) Pause Young (Normal) (G1 Evacuation Pause)
[2025-03-28T19:24:32.572+0530][gc,task     ] GC(80) Using 2 workers of 2 for evacuation
[2025-03-28T19:24:32.630+0530][gc,mmu      ] GC(80) MMU target violated: 21.0ms (20.0ms/21.0ms)
[2025-03-28T19:24:32.630+0530][gc,phases   ] GC(80)   Pre Evacuate Collection Set: 0.6ms
[2025-03-28T19:24:32.630+0530][gc,phases   ] GC(80)   Merge Heap Roots: 0.4ms
[2025-03-28T19:24:32.630+0530][gc,phases   ] GC(80)   Evacuate Collection Set: 54.4ms
[2025-03-28T19:24:32.630+0530][gc,phases   ] GC(80)   Post Evacuate Collection Set: 1.6ms
[2025-03-28T19:24:32.630+0530][gc,phases   ] GC(80)   Other: 0.7ms
[2025-03-28T19:24:32.630+0530][gc,heap     ] GC(80) Eden regions: 257->0(46)
[2025-03-28T19:24:32.630+0530][gc,heap     ] GC(80) Survivor regions: 3->5(33)
[2025-03-28T19:24:32.630+0530][gc,heap     ] GC(80) Old regions: 79->79
[2025-03-28T19:24:32.630+0530][gc,heap     ] GC(80) Archive regions: 2->2
[2025-03-28T19:24:32.630+0530][gc,heap     ] GC(80) Humongous regions: 146->140
[2025-03-28T19:24:32.630+0530][gc,metaspace] GC(80) Metaspace: 49328K(49984K)->49328K(49984K) NonClass: 43696K(44032K)->43696K(44032K) Class: 5631K(5952K)->5631K(5952K)
[2025-03-28T19:24:32.630+0530][gc          ] GC(80) Pause Young (Normal) (G1 Evacuation Pause) 484M->223M(1024M) 58.065ms
[2025-03-28T19:24:32.630+0530][gc,cpu      ] GC(80) User=0.04s Sys=0.00s Real=0.07s
[2025-03-28T19:24:32.783+0530][gc,start    ] GC(81) Pause Young (Normal) (G1 Evacuation Pause)
[2025-03-28T19:24:32.784+0530][gc,task     ] GC(81) Using 2 workers of 2 for evacuation
[2025-03-28T19:24:32.793+0530][gc,phases   ] GC(81)   Pre Evacuate Collection Set: 0.3ms
[2025-03-28T19:24:32.793+0530][gc,phases   ] GC(81)   Merge Heap Roots: 0.1ms
[2025-03-28T19:24:32.793+0530][gc,phases   ] GC(81)   Evacuate Collection Set: 8.0ms
[2025-03-28T19:24:32.793+0530][gc,phases   ] GC(81)   Post Evacuate Collection Set: 0.3ms
[2025-03-28T19:24:32.793+0530][gc,phases   ] GC(81)   Other: 0.3ms
[2025-03-28T19:24:32.793+0530][gc,heap     ] GC(81) Eden regions: 46->0(92)
[2025-03-28T19:24:32.793+0530][gc,heap     ] GC(81) Survivor regions: 5->2(7)
[2025-03-28T19:24:32.793+0530][gc,heap     ] GC(81) Old regions: 79->79
[2025-03-28T19:24:32.793+0530][gc,heap     ] GC(81) Archive regions: 2->2
[2025-03-28T19:24:32.793+0530][gc,heap     ] GC(81) Humongous regions: 142->142
[2025-03-28T19:24:32.793+0530][gc,metaspace] GC(81) Metaspace: 49329K(49984K)->49329K(49984K) NonClass: 43697K(44032K)->43697K(44032K) Class: 5631K(5952K)->5631K(5952K)
[2025-03-28T19:24:32.793+0530][gc          ] GC(81) Pause Young (Normal) (G1 Evacuation Pause) 271M->223M(1024M) 9.201ms
[2025-03-28T19:24:32.793+0530][gc,cpu      ] GC(81) User=0.02s Sys=0.00s Real=0.01s
[2025-03-28T19:24:42.965+0530][gc,start    ] GC(82) Pause Young (Normal) (G1 Evacuation Pause)
[2025-03-28T19:24:42.965+0530][gc,task     ] GC(82) Using 2 workers of 2 for evacuation
[2025-03-28T19:24:43.064+0530][gc,mmu      ] GC(82) MMU target violated: 21.0ms (20.0ms/21.0ms)
[2025-03-28T19:24:43.066+0530][gc,phases   ] GC(82)   Pre Evacuate Collection Set: 0.8ms
[2025-03-28T19:24:43.066+0530][gc,phases   ] GC(82)   Merge Heap Roots: 0.4ms
[2025-03-28T19:24:43.066+0530][gc,phases   ] GC(82)   Evacuate Collection Set: 96.1ms
[2025-03-28T19:24:43.066+0530][gc,phases   ] GC(82)   Post Evacuate Collection Set: 1.7ms
[2025-03-28T19:24:43.066+0530][gc,phases   ] GC(82)   Other: 2.5ms
[2025-03-28T19:24:43.066+0530][gc,heap     ] GC(82) Eden regions: 92->0(48)
[2025-03-28T19:24:43.066+0530][gc,heap     ] GC(82) Survivor regions: 2->3(12)
[2025-03-28T19:24:43.066+0530][gc,heap     ] GC(82) Old regions: 79->79
[2025-03-28T19:24:43.067+0530][gc,heap     ] GC(82) Archive regions: 2->2
[2025-03-28T19:24:43.067+0530][gc,heap     ] GC(82) Humongous regions: 144->142
[2025-03-28T19:24:43.067+0530][gc,metaspace] GC(82) Metaspace: 49351K(49984K)->49351K(49984K) NonClass: 43719K(44032K)->43719K(44032K) Class: 5631K(5952K)->5631K(5952K)
[2025-03-28T19:24:43.067+0530][gc          ] GC(82) Pause Young (Normal) (G1 Evacuation Pause) 317M->224M(1024M) 102.035ms
[2025-03-28T19:24:43.067+0530][gc,cpu      ] GC(82) User=0.05s Sys=0.00s Real=0.11s
[2025-03-28T19:24:43.845+0530][gc,start    ] GC(83) Pause Young (Normal) (G1 Evacuation Pause)
[2025-03-28T19:24:43.845+0530][gc,task     ] GC(83) Using 2 workers of 2 for evacuation
[2025-03-28T19:24:43.855+0530][gc,phases   ] GC(83)   Pre Evacuate Collection Set: 0.3ms
[2025-03-28T19:24:43.855+0530][gc,phases   ] GC(83)   Merge Heap Roots: 0.1ms
[2025-03-28T19:24:43.855+0530][gc,phases   ] GC(83)   Evacuate Collection Set: 9.3ms
[2025-03-28T19:24:43.855+0530][gc,phases   ] GC(83)   Post Evacuate Collection Set: 0.7ms
[2025-03-28T19:24:43.855+0530][gc,phases   ] GC(83)   Other: 0.2ms
[2025-03-28T19:24:43.856+0530][gc,heap     ] GC(83) Eden regions: 48->0(48)
[2025-03-28T19:24:43.856+0530][gc,heap     ] GC(83) Survivor regions: 3->3(7)
[2025-03-28T19:24:43.856+0530][gc,heap     ] GC(83) Old regions: 79->79
[2025-03-28T19:24:43.856+0530][gc,heap     ] GC(83) Archive regions: 2->2
[2025-03-28T19:24:43.856+0530][gc,heap     ] GC(83) Humongous regions: 142->140
[2025-03-28T19:24:43.856+0530][gc,metaspace] GC(83) Metaspace: 49363K(49984K)->49363K(49984K) NonClass: 43731K(44032K)->43731K(44032K) Class: 5631K(5952K)->5631K(5952K)
[2025-03-28T19:24:43.856+0530][gc          ] GC(83) Pause Young (Normal) (G1 Evacuation Pause) 272M->222M(1024M) 10.758ms
[2025-03-28T19:24:43.856+0530][gc,cpu      ] GC(83) User=0.00s Sys=0.01s Real=0.02s
[2025-03-28T19:24:44.857+0530][gc,start    ] GC(84) Pause Young (Normal) (G1 Evacuation Pause)
[2025-03-28T19:24:44.857+0530][gc,task     ] GC(84) Using 2 workers of 2 for evacuation
[2025-03-28T19:24:44.888+0530][gc,mmu      ] GC(84) MMU target violated: 21.0ms (20.0ms/21.0ms)
[2025-03-28T19:24:44.889+0530][gc,phases   ] GC(84)   Pre Evacuate Collection Set: 1.1ms
[2025-03-28T19:24:44.889+0530][gc,phases   ] GC(84)   Merge Heap Roots: 0.1ms
[2025-03-28T19:24:44.889+0530][gc,phases   ] GC(84)   Evacuate Collection Set: 13.3ms
[2025-03-28T19:24:44.889+0530][gc,phases   ] GC(84)   Post Evacuate Collection Set: 17.0ms
[2025-03-28T19:24:44.889+0530][gc,phases   ] GC(84)   Other: 0.3ms
[2025-03-28T19:24:44.889+0530][gc,heap     ] GC(84) Eden regions: 48->0(48)
[2025-03-28T19:24:44.889+0530][gc,heap     ] GC(84) Survivor regions: 3->3(7)
[2025-03-28T19:24:44.889+0530][gc,heap     ] GC(84) Old regions: 79->79
[2025-03-28T19:24:44.889+0530][gc,heap     ] GC(84) Archive regions: 2->2
[2025-03-28T19:24:44.889+0530][gc,heap     ] GC(84) Humongous regions: 142->142
[2025-03-28T19:24:44.889+0530][gc,metaspace] GC(84) Metaspace: 49368K(49984K)->49368K(49984K) NonClass: 43736K(44032K)->43736K(44032K) Class: 5631K(5952K)->5631K(5952K)
[2025-03-28T19:24:44.889+0530][gc          ] GC(84) Pause Young (Normal) (G1 Evacuation Pause) 272M->224M(1024M) 32.100ms
[2025-03-28T19:24:44.889+0530][gc,cpu      ] GC(84) User=0.01s Sys=0.00s Real=0.03s
[2025-03-28T19:24:51.403+0530][gc,start    ] GC(85) Pause Young (Normal) (G1 Evacuation Pause)
[2025-03-28T19:24:51.403+0530][gc,task     ] GC(85) Using 2 workers of 2 for evacuation
[2025-03-28T19:24:51.418+0530][gc,phases   ] GC(85)   Pre Evacuate Collection Set: 0.3ms
[2025-03-28T19:24:51.418+0530][gc,phases   ] GC(85)   Merge Heap Roots: 0.1ms
[2025-03-28T19:24:51.418+0530][gc,phases   ] GC(85)   Evacuate Collection Set: 13.9ms
[2025-03-28T19:24:51.418+0530][gc,phases   ] GC(85)   Post Evacuate Collection Set: 0.5ms
[2025-03-28T19:24:51.418+0530][gc,phases   ] GC(85)   Other: 0.1ms
[2025-03-28T19:24:51.418+0530][gc,heap     ] GC(85) Eden regions: 48->0(49)
[2025-03-28T19:24:51.418+0530][gc,heap     ] GC(85) Survivor regions: 3->2(7)
[2025-03-28T19:24:51.418+0530][gc,heap     ] GC(85) Old regions: 79->79
[2025-03-28T19:24:51.418+0530][gc,heap     ] GC(85) Archive regions: 2->2
[2025-03-28T19:24:51.418+0530][gc,heap     ] GC(85) Humongous regions: 142->140
[2025-03-28T19:24:51.418+0530][gc,metaspace] GC(85) Metaspace: 49382K(49984K)->49382K(49984K) NonClass: 43750K(44032K)->43750K(44032K) Class: 5631K(5952K)->5631K(5952K)
[2025-03-28T19:24:51.418+0530][gc          ] GC(85) Pause Young (Normal) (G1 Evacuation Pause) 272M->221M(1024M) 15.017ms
[2025-03-28T19:24:51.418+0530][gc,cpu      ] GC(85) User=0.01s Sys=0.00s Real=0.01s
[2025-03-28T19:24:51.819+0530][gc,start    ] GC(86) Pause Young (Normal) (G1 Evacuation Pause)
[2025-03-28T19:24:51.819+0530][gc,task     ] GC(86) Using 2 workers of 2 for evacuation
[2025-03-28T19:24:51.882+0530][gc,mmu      ] GC(86) MMU target violated: 21.0ms (20.0ms/21.0ms)
[2025-03-28T19:24:51.882+0530][gc,phases   ] GC(86)   Pre Evacuate Collection Set: 0.3ms
[2025-03-28T19:24:51.882+0530][gc,phases   ] GC(86)   Merge Heap Roots: 0.1ms
[2025-03-28T19:24:51.882+0530][gc,phases   ] GC(86)   Evacuate Collection Set: 62.1ms
[2025-03-28T19:24:51.882+0530][gc,phases   ] GC(86)   Post Evacuate Collection Set: 0.4ms
[2025-03-28T19:24:51.882+0530][gc,phases   ] GC(86)   Other: 0.3ms
[2025-03-28T19:24:51.882+0530][gc,heap     ] GC(86) Eden regions: 49->0(48)
[2025-03-28T19:24:51.882+0530][gc,heap     ] GC(86) Survivor regions: 2->3(7)
[2025-03-28T19:24:51.882+0530][gc,heap     ] GC(86) Old regions: 79->79
[2025-03-28T19:24:51.882+0530][gc,heap     ] GC(86) Archive regions: 2->2
[2025-03-28T19:24:51.882+0530][gc,heap     ] GC(86) Humongous regions: 142->142
[2025-03-28T19:24:51.882+0530][gc,metaspace] GC(86) Metaspace: 49396K(50048K)->49396K(50048K) NonClass: 43764K(44096K)->43764K(44096K) Class: 5631K(5952K)->5631K(5952K)
[2025-03-28T19:24:51.882+0530][gc          ] GC(86) Pause Young (Normal) (G1 Evacuation Pause) 272M->224M(1024M) 63.322ms
[2025-03-28T19:24:51.882+0530][gc,cpu      ] GC(86) User=0.02s Sys=0.00s Real=0.05s
[2025-03-28T19:24:52.454+0530][gc,start    ] GC(87) Pause Young (Normal) (G1 Evacuation Pause)
[2025-03-28T19:24:52.454+0530][gc,task     ] GC(87) Using 2 workers of 2 for evacuation
[2025-03-28T19:24:52.470+0530][gc,phases   ] GC(87)   Pre Evacuate Collection Set: 0.3ms
[2025-03-28T19:24:52.470+0530][gc,phases   ] GC(87)   Merge Heap Roots: 0.1ms
[2025-03-28T19:24:52.470+0530][gc,phases   ] GC(87)   Evacuate Collection Set: 12.7ms
[2025-03-28T19:24:52.470+0530][gc,phases   ] GC(87)   Post Evacuate Collection Set: 2.7ms
[2025-03-28T19:24:52.470+0530][gc,phases   ] GC(87)   Other: 0.6ms
[2025-03-28T19:24:52.471+0530][gc,heap     ] GC(87) Eden regions: 48->0(49)
[2025-03-28T19:24:52.471+0530][gc,heap     ] GC(87) Survivor regions: 3->2(7)
[2025-03-28T19:24:52.471+0530][gc,heap     ] GC(87) Old regions: 79->79
[2025-03-28T19:24:52.471+0530][gc,heap     ] GC(87) Archive regions: 2->2
[2025-03-28T19:24:52.471+0530][gc,heap     ] GC(87) Humongous regions: 142->140
[2025-03-28T19:24:52.471+0530][gc,metaspace] GC(87) Metaspace: 49398K(50048K)->49398K(50048K) NonClass: 43766K(44096K)->43766K(44096K) Class: 5631K(5952K)->5631K(5952K)
[2025-03-28T19:24:52.471+0530][gc          ] GC(87) Pause Young (Normal) (G1 Evacuation Pause) 272M->221M(1024M) 17.062ms
[2025-03-28T19:24:52.471+0530][gc,cpu      ] GC(87) User=0.02s Sys=0.00s Real=0.02s
[2025-03-28T19:24:52.656+0530][gc,start    ] GC(88) Pause Young (Normal) (G1 Evacuation Pause)
[2025-03-28T19:24:52.656+0530][gc,task     ] GC(88) Using 2 workers of 2 for evacuation
[2025-03-28T19:24:52.662+0530][gc,phases   ] GC(88)   Pre Evacuate Collection Set: 0.3ms
[2025-03-28T19:24:52.662+0530][gc,phases   ] GC(88)   Merge Heap Roots: 0.1ms
[2025-03-28T19:24:52.662+0530][gc,phases   ] GC(88)   Evacuate Collection Set: 5.0ms
[2025-03-28T19:24:52.662+0530][gc,phases   ] GC(88)   Post Evacuate Collection Set: 0.6ms
[2025-03-28T19:24:52.662+0530][gc,phases   ] GC(88)   Other: 0.2ms
[2025-03-28T19:24:52.662+0530][gc,heap     ] GC(88) Eden regions: 49->0(48)
[2025-03-28T19:24:52.662+0530][gc,heap     ] GC(88) Survivor regions: 2->3(7)
[2025-03-28T19:24:52.662+0530][gc,heap     ] GC(88) Old regions: 79->79
[2025-03-28T19:24:52.662+0530][gc,heap     ] GC(88) Archive regions: 2->2
[2025-03-28T19:24:52.662+0530][gc,heap     ] GC(88) Humongous regions: 142->142
[2025-03-28T19:24:52.662+0530][gc,metaspace] GC(88) Metaspace: 49400K(50048K)->49400K(50048K) NonClass: 43768K(44096K)->43768K(44096K) Class: 5631K(5952K)->5631K(5952K)
[2025-03-28T19:24:52.662+0530][gc          ] GC(88) Pause Young (Normal) (G1 Evacuation Pause) 272M->224M(1024M) 6.369ms
[2025-03-28T19:24:52.662+0530][gc,cpu      ] GC(88) User=0.01s Sys=0.00s Real=0.01s
[2025-03-28T19:25:01.135+0530][gc,start    ] GC(89) Pause Young (Normal) (G1 Evacuation Pause)
[2025-03-28T19:25:01.136+0530][gc,task     ] GC(89) Using 2 workers of 2 for evacuation
[2025-03-28T19:25:01.155+0530][gc,phases   ] GC(89)   Pre Evacuate Collection Set: 0.3ms
[2025-03-28T19:25:01.155+0530][gc,phases   ] GC(89)   Merge Heap Roots: 0.1ms
[2025-03-28T19:25:01.155+0530][gc,phases   ] GC(89)   Evacuate Collection Set: 18.9ms
[2025-03-28T19:25:01.155+0530][gc,phases   ] GC(89)   Post Evacuate Collection Set: 0.5ms
[2025-03-28T19:25:01.155+0530][gc,phases   ] GC(89)   Other: 0.2ms
[2025-03-28T19:25:01.156+0530][gc,heap     ] GC(89) Eden regions: 48->0(49)
[2025-03-28T19:25:01.156+0530][gc,heap     ] GC(89) Survivor regions: 3->2(7)
[2025-03-28T19:25:01.156+0530][gc,heap     ] GC(89) Old regions: 79->79
[2025-03-28T19:25:01.156+0530][gc,heap     ] GC(89) Archive regions: 2->2
[2025-03-28T19:25:01.156+0530][gc,heap     ] GC(89) Humongous regions: 142->140
[2025-03-28T19:25:01.156+0530][gc,metaspace] GC(89) Metaspace: 49426K(50112K)->49426K(50112K) NonClass: 43794K(44160K)->43794K(44160K) Class: 5631K(5952K)->5631K(5952K)
[2025-03-28T19:25:01.156+0530][gc          ] GC(89) Pause Young (Normal) (G1 Evacuation Pause) 272M->221M(1024M) 20.156ms
[2025-03-28T19:25:01.156+0530][gc,cpu      ] GC(89) User=0.01s Sys=0.00s Real=0.01s
[2025-03-28T19:25:01.340+0530][gc,start    ] GC(90) Pause Young (Normal) (G1 Evacuation Pause)
[2025-03-28T19:25:01.340+0530][gc,task     ] GC(90) Using 2 workers of 2 for evacuation
[2025-03-28T19:25:01.359+0530][gc,phases   ] GC(90)   Pre Evacuate Collection Set: 0.3ms
[2025-03-28T19:25:01.359+0530][gc,phases   ] GC(90)   Merge Heap Roots: 0.1ms
[2025-03-28T19:25:01.359+0530][gc,phases   ] GC(90)   Evacuate Collection Set: 18.1ms
[2025-03-28T19:25:01.359+0530][gc,phases   ] GC(90)   Post Evacuate Collection Set: 0.7ms
[2025-03-28T19:25:01.359+0530][gc,phases   ] GC(90)   Other: 0.2ms
[2025-03-28T19:25:01.359+0530][gc,heap     ] GC(90) Eden regions: 49->0(44)
[2025-03-28T19:25:01.359+0530][gc,heap     ] GC(90) Survivor regions: 2->7(7)
[2025-03-28T19:25:01.359+0530][gc,heap     ] GC(90) Old regions: 79->80
[2025-03-28T19:25:01.359+0530][gc,heap     ] GC(90) Archive regions: 2->2
[2025-03-28T19:25:01.359+0530][gc,heap     ] GC(90) Humongous regions: 140->140
[2025-03-28T19:25:01.359+0530][gc,metaspace] GC(90) Metaspace: 49430K(50112K)->49430K(50112K) NonClass: 43798K(44160K)->43798K(44160K) Class: 5631K(5952K)->5631K(5952K)
[2025-03-28T19:25:01.359+0530][gc          ] GC(90) Pause Young (Normal) (G1 Evacuation Pause) 270M->227M(1024M) 19.557ms
[2025-03-28T19:25:01.359+0530][gc,cpu      ] GC(90) User=0.02s Sys=0.01s Real=0.02s
[2025-03-28T19:25:02.405+0530][gc,start    ] GC(91) Pause Young (Normal) (G1 Evacuation Pause)
[2025-03-28T19:25:02.405+0530][gc,task     ] GC(91) Using 2 workers of 2 for evacuation
[2025-03-28T19:25:02.410+0530][gc,phases   ] GC(91)   Pre Evacuate Collection Set: 0.2ms
[2025-03-28T19:25:02.410+0530][gc,phases   ] GC(91)   Merge Heap Roots: 0.1ms
[2025-03-28T19:25:02.410+0530][gc,phases   ] GC(91)   Evacuate Collection Set: 3.7ms
[2025-03-28T19:25:02.410+0530][gc,phases   ] GC(91)   Post Evacuate Collection Set: 0.6ms
[2025-03-28T19:25:02.410+0530][gc,phases   ] GC(91)   Other: 0.2ms
[2025-03-28T19:25:02.410+0530][gc,heap     ] GC(91) Eden regions: 44->0(50)
[2025-03-28T19:25:02.410+0530][gc,heap     ] GC(91) Survivor regions: 7->1(7)
[2025-03-28T19:25:02.410+0530][gc,heap     ] GC(91) Old regions: 80->81
[2025-03-28T19:25:02.410+0530][gc,heap     ] GC(91) Archive regions: 2->2
[2025-03-28T19:25:02.410+0530][gc,heap     ] GC(91) Humongous regions: 142->140
[2025-03-28T19:25:02.410+0530][gc,metaspace] GC(91) Metaspace: 49431K(50112K)->49431K(50112K) NonClass: 43799K(44160K)->43799K(44160K) Class: 5631K(5952K)->5631K(5952K)
[2025-03-28T19:25:02.410+0530][gc          ] GC(91) Pause Young (Normal) (G1 Evacuation Pause) 273M->222M(1024M) 4.834ms
[2025-03-28T19:25:02.410+0530][gc,cpu      ] GC(91) User=0.00s Sys=0.00s Real=0.00s
[2025-03-28T19:25:02.535+0530][gc,start    ] GC(92) Pause Young (Normal) (G1 Evacuation Pause)
[2025-03-28T19:25:02.535+0530][gc,task     ] GC(92) Using 2 workers of 2 for evacuation
[2025-03-28T19:25:02.550+0530][gc,phases   ] GC(92)   Pre Evacuate Collection Set: 0.2ms
[2025-03-28T19:25:02.550+0530][gc,phases   ] GC(92)   Merge Heap Roots: 0.1ms
[2025-03-28T19:25:02.550+0530][gc,phases   ] GC(92)   Evacuate Collection Set: 8.3ms
[2025-03-28T19:25:02.550+0530][gc,phases   ] GC(92)   Post Evacuate Collection Set: 5.9ms
[2025-03-28T19:25:02.550+0530][gc,phases   ] GC(92)   Other: 0.2ms
[2025-03-28T19:25:02.550+0530][gc,heap     ] GC(92) Eden regions: 50->0(44)
[2025-03-28T19:25:02.550+0530][gc,heap     ] GC(92) Survivor regions: 1->7(7)
[2025-03-28T19:25:02.550+0530][gc,heap     ] GC(92) Old regions: 81->81
[2025-03-28T19:25:02.550+0530][gc,heap     ] GC(92) Archive regions: 2->2
[2025-03-28T19:25:02.550+0530][gc,heap     ] GC(92) Humongous regions: 140->140
[2025-03-28T19:25:02.550+0530][gc,metaspace] GC(92) Metaspace: 49433K(50112K)->49433K(50112K) NonClass: 43801K(44160K)->43801K(44160K) Class: 5631K(5952K)->5631K(5952K)
[2025-03-28T19:25:02.550+0530][gc          ] GC(92) Pause Young (Normal) (G1 Evacuation Pause) 272M->228M(1024M) 14.969ms
[2025-03-28T19:25:02.550+0530][gc,cpu      ] GC(92) User=0.02s Sys=0.00s Real=0.02s
[2025-03-28T19:25:02.710+0530][gc,start    ] GC(93) Pause Young (Normal) (G1 Evacuation Pause)
[2025-03-28T19:25:02.710+0530][gc,task     ] GC(93) Using 2 workers of 2 for evacuation
[2025-03-28T19:25:02.726+0530][gc,phases   ] GC(93)   Pre Evacuate Collection Set: 0.5ms
[2025-03-28T19:25:02.726+0530][gc,phases   ] GC(93)   Merge Heap Roots: 0.1ms
[2025-03-28T19:25:02.726+0530][gc,phases   ] GC(93)   Evacuate Collection Set: 14.0ms
[2025-03-28T19:25:02.726+0530][gc,phases   ] GC(93)   Post Evacuate Collection Set: 0.5ms
[2025-03-28T19:25:02.726+0530][gc,phases   ] GC(93)   Other: 0.2ms
[2025-03-28T19:25:02.726+0530][gc,heap     ] GC(93) Eden regions: 44->0(49)
[2025-03-28T19:25:02.726+0530][gc,heap     ] GC(93) Survivor regions: 7->2(7)
[2025-03-28T19:25:02.726+0530][gc,heap     ] GC(93) Old regions: 81->82
[2025-03-28T19:25:02.726+0530][gc,heap     ] GC(93) Archive regions: 2->2
[2025-03-28T19:25:02.726+0530][gc,heap     ] GC(93) Humongous regions: 142->142
[2025-03-28T19:25:02.726+0530][gc,metaspace] GC(93) Metaspace: 49433K(50112K)->49433K(50112K) NonClass: 43801K(44160K)->43801K(44160K) Class: 5631K(5952K)->5631K(5952K)
[2025-03-28T19:25:02.726+0530][gc          ] GC(93) Pause Young (Normal) (G1 Evacuation Pause) 274M->226M(1024M) 15.445ms
[2025-03-28T19:25:02.726+0530][gc,cpu      ] GC(93) User=0.01s Sys=0.00s Real=0.03s
[2025-03-28T19:25:11.403+0530][gc,start    ] GC(94) Pause Young (Normal) (G1 Evacuation Pause)
[2025-03-28T19:25:11.403+0530][gc,task     ] GC(94) Using 2 workers of 2 for evacuation
[2025-03-28T19:25:11.427+0530][gc,mmu      ] GC(94) MMU target violated: 21.0ms (20.0ms/21.0ms)
[2025-03-28T19:25:11.427+0530][gc,phases   ] GC(94)   Pre Evacuate Collection Set: 0.2ms
[2025-03-28T19:25:11.427+0530][gc,phases   ] GC(94)   Merge Heap Roots: 0.1ms
[2025-03-28T19:25:11.427+0530][gc,phases   ] GC(94)   Evacuate Collection Set: 22.9ms
[2025-03-28T19:25:11.427+0530][gc,phases   ] GC(94)   Post Evacuate Collection Set: 0.7ms
[2025-03-28T19:25:11.427+0530][gc,phases   ] GC(94)   Other: 0.3ms
[2025-03-28T19:25:11.427+0530][gc,heap     ] GC(94) Eden regions: 49->0(44)
[2025-03-28T19:25:11.427+0530][gc,heap     ] GC(94) Survivor regions: 2->7(7)
[2025-03-28T19:25:11.427+0530][gc,heap     ] GC(94) Old regions: 82->82
[2025-03-28T19:25:11.427+0530][gc,heap     ] GC(94) Archive regions: 2->2
[2025-03-28T19:25:11.427+0530][gc,heap     ] GC(94) Humongous regions: 142->140
[2025-03-28T19:25:11.427+0530][gc,metaspace] GC(94) Metaspace: 49436K(50112K)->49436K(50112K) NonClass: 43804K(44160K)->43804K(44160K) Class: 5631K(5952K)->5631K(5952K)
[2025-03-28T19:25:11.427+0530][gc          ] GC(94) Pause Young (Normal) (G1 Evacuation Pause) 275M->229M(1024M) 24.438ms
[2025-03-28T19:25:11.427+0530][gc,cpu      ] GC(94) User=0.02s Sys=0.00s Real=0.03s
[2025-03-28T19:25:11.663+0530][gc,start    ] GC(95) Pause Young (Normal) (G1 Evacuation Pause)
[2025-03-28T19:25:11.663+0530][gc,task     ] GC(95) Using 2 workers of 2 for evacuation
[2025-03-28T19:25:11.695+0530][gc,mmu      ] GC(95) MMU target violated: 21.0ms (20.0ms/21.0ms)
[2025-03-28T19:25:11.695+0530][gc,phases   ] GC(95)   Pre Evacuate Collection Set: 0.2ms
[2025-03-28T19:25:11.695+0530][gc,phases   ] GC(95)   Merge Heap Roots: 0.1ms
[2025-03-28T19:25:11.695+0530][gc,phases   ] GC(95)   Evacuate Collection Set: 14.8ms
[2025-03-28T19:25:11.695+0530][gc,phases   ] GC(95)   Post Evacuate Collection Set: 17.2ms
[2025-03-28T19:25:11.695+0530][gc,phases   ] GC(95)   Other: 0.3ms
[2025-03-28T19:25:11.695+0530][gc,heap     ] GC(95) Eden regions: 44->0(49)
[2025-03-28T19:25:11.695+0530][gc,heap     ] GC(95) Survivor regions: 7->2(7)
[2025-03-28T19:25:11.695+0530][gc,heap     ] GC(95) Old regions: 82->84
[2025-03-28T19:25:11.695+0530][gc,heap     ] GC(95) Archive regions: 2->2
[2025-03-28T19:25:11.695+0530][gc,heap     ] GC(95) Humongous regions: 142->142
[2025-03-28T19:25:11.695+0530][gc,metaspace] GC(95) Metaspace: 49436K(50112K)->49436K(50112K) NonClass: 43804K(44160K)->43804K(44160K) Class: 5631K(5952K)->5631K(5952K)
[2025-03-28T19:25:11.695+0530][gc          ] GC(95) Pause Young (Normal) (G1 Evacuation Pause) 275M->227M(1024M) 32.821ms
[2025-03-28T19:25:11.695+0530][gc,cpu      ] GC(95) User=0.02s Sys=0.00s Real=0.04s
[2025-03-28T19:25:13.273+0530][gc,start    ] GC(96) Pause Young (Normal) (G1 Evacuation Pause)
[2025-03-28T19:25:13.273+0530][gc,task     ] GC(96) Using 2 workers of 2 for evacuation
[2025-03-28T19:25:13.316+0530][gc,mmu      ] GC(96) MMU target violated: 21.0ms (20.0ms/21.0ms)
[2025-03-28T19:25:13.316+0530][gc,phases   ] GC(96)   Pre Evacuate Collection Set: 0.3ms
[2025-03-28T19:25:13.316+0530][gc,phases   ] GC(96)   Merge Heap Roots: 0.5ms
[2025-03-28T19:25:13.316+0530][gc,phases   ] GC(96)   Evacuate Collection Set: 37.1ms
[2025-03-28T19:25:13.316+0530][gc,phases   ] GC(96)   Post Evacuate Collection Set: 1.1ms
[2025-03-28T19:25:13.316+0530][gc,phases   ] GC(96)   Other: 3.9ms
[2025-03-28T19:25:13.316+0530][gc,heap     ] GC(96) Eden regions: 49->0(45)
[2025-03-28T19:25:13.316+0530][gc,heap     ] GC(96) Survivor regions: 2->6(7)
[2025-03-28T19:25:13.316+0530][gc,heap     ] GC(96) Old regions: 84->84
[2025-03-28T19:25:13.316+0530][gc,heap     ] GC(96) Archive regions: 2->2
[2025-03-28T19:25:13.317+0530][gc,heap     ] GC(96) Humongous regions: 142->140
[2025-03-28T19:25:13.317+0530][gc,metaspace] GC(96) Metaspace: 49438K(50112K)->49438K(50112K) NonClass: 43806K(44160K)->43806K(44160K) Class: 5631K(5952K)->5631K(5952K)
[2025-03-28T19:25:13.317+0530][gc          ] GC(96) Pause Young (Normal) (G1 Evacuation Pause) 276M->229M(1024M) 43.273ms
[2025-03-28T19:25:13.317+0530][gc,cpu      ] GC(96) User=0.05s Sys=0.00s Real=0.05s
[2025-03-28T19:25:13.563+0530][gc,start    ] GC(97) Pause Young (Normal) (G1 Evacuation Pause)
[2025-03-28T19:25:13.563+0530][gc,task     ] GC(97) Using 2 workers of 2 for evacuation
[2025-03-28T19:25:13.574+0530][gc,phases   ] GC(97)   Pre Evacuate Collection Set: 0.5ms
[2025-03-28T19:25:13.574+0530][gc,phases   ] GC(97)   Merge Heap Roots: 0.3ms
[2025-03-28T19:25:13.574+0530][gc,phases   ] GC(97)   Evacuate Collection Set: 9.9ms
[2025-03-28T19:25:13.574+0530][gc,phases   ] GC(97)   Post Evacuate Collection Set: 0.6ms
[2025-03-28T19:25:13.574+0530][gc,phases   ] GC(97)   Other: 0.2ms
[2025-03-28T19:25:13.574+0530][gc,heap     ] GC(97) Eden regions: 45->0(49)
[2025-03-28T19:25:13.574+0530][gc,heap     ] GC(97) Survivor regions: 6->2(7)
[2025-03-28T19:25:13.574+0530][gc,heap     ] GC(97) Old regions: 84->85
[2025-03-28T19:25:13.574+0530][gc,heap     ] GC(97) Archive regions: 2->2
[2025-03-28T19:25:13.574+0530][gc,heap     ] GC(97) Humongous regions: 142->142
[2025-03-28T19:25:13.574+0530][gc,metaspace] GC(97) Metaspace: 49442K(50112K)->49442K(50112K) NonClass: 43810K(44160K)->43810K(44160K) Class: 5631K(5952K)->5631K(5952K)
[2025-03-28T19:25:13.574+0530][gc          ] GC(97) Pause Young (Normal) (G1 Evacuation Pause) 276M->229M(1024M) 11.572ms
[2025-03-28T19:25:13.574+0530][gc,cpu      ] GC(97) User=0.01s Sys=0.00s Real=0.01s
[2025-03-28T19:25:21.732+0530][gc,start    ] GC(98) Pause Young (Normal) (G1 Evacuation Pause)
[2025-03-28T19:25:21.732+0530][gc,task     ] GC(98) Using 2 workers of 2 for evacuation
[2025-03-28T19:25:21.763+0530][gc,mmu      ] GC(98) MMU target violated: 21.0ms (20.0ms/21.0ms)
[2025-03-28T19:25:21.763+0530][gc,phases   ] GC(98)   Pre Evacuate Collection Set: 0.2ms
[2025-03-28T19:25:21.763+0530][gc,phases   ] GC(98)   Merge Heap Roots: 0.1ms
[2025-03-28T19:25:21.763+0530][gc,phases   ] GC(98)   Evacuate Collection Set: 27.4ms
[2025-03-28T19:25:21.763+0530][gc,phases   ] GC(98)   Post Evacuate Collection Set: 2.7ms
[2025-03-28T19:25:21.763+0530][gc,phases   ] GC(98)   Other: 0.2ms
[2025-03-28T19:25:21.763+0530][gc,heap     ] GC(98) Eden regions: 49->0(46)
[2025-03-28T19:25:21.763+0530][gc,heap     ] GC(98) Survivor regions: 2->5(7)
[2025-03-28T19:25:21.763+0530][gc,heap     ] GC(98) Old regions: 85->85
[2025-03-28T19:25:21.763+0530][gc,heap     ] GC(98) Archive regions: 2->2
[2025-03-28T19:25:21.763+0530][gc,heap     ] GC(98) Humongous regions: 142->140
[2025-03-28T19:25:21.763+0530][gc,metaspace] GC(98) Metaspace: 49457K(50112K)->49457K(50112K) NonClass: 43825K(44160K)->43825K(44160K) Class: 5631K(5952K)->5631K(5952K)
[2025-03-28T19:25:21.763+0530][gc          ] GC(98) Pause Young (Normal) (G1 Evacuation Pause) 278M->229M(1024M) 30.677ms
[2025-03-28T19:25:21.763+0530][gc,cpu      ] GC(98) User=0.01s Sys=0.00s Real=0.03s
[2025-03-28T19:25:21.972+0530][gc,start    ] GC(99) Pause Young (Normal) (G1 Evacuation Pause)
[2025-03-28T19:25:21.972+0530][gc,task     ] GC(99) Using 2 workers of 2 for evacuation
[2025-03-28T19:25:22.034+0530][gc,mmu      ] GC(99) MMU target violated: 21.0ms (20.0ms/21.0ms)
[2025-03-28T19:25:22.034+0530][gc,phases   ] GC(99)   Pre Evacuate Collection Set: 0.3ms
[2025-03-28T19:25:22.035+0530][gc,phases   ] GC(99)   Merge Heap Roots: 0.1ms
[2025-03-28T19:25:22.035+0530][gc,phases   ] GC(99)   Evacuate Collection Set: 61.2ms
[2025-03-28T19:25:22.035+0530][gc,phases   ] GC(99)   Post Evacuate Collection Set: 0.4ms
[2025-03-28T19:25:22.035+0530][gc,phases   ] GC(99)   Other: 0.2ms
[2025-03-28T19:25:22.035+0530][gc,heap     ] GC(99) Eden regions: 46->0(49)
[2025-03-28T19:25:22.035+0530][gc,heap     ] GC(99) Survivor regions: 5->2(7)
[2025-03-28T19:25:22.035+0530][gc,heap     ] GC(99) Old regions: 85->86
[2025-03-28T19:25:22.035+0530][gc,heap     ] GC(99) Archive regions: 2->2
[2025-03-28T19:25:22.035+0530][gc,heap     ] GC(99) Humongous regions: 142->142
[2025-03-28T19:25:22.035+0530][gc,metaspace] GC(99) Metaspace: 49457K(50112K)->49457K(50112K) NonClass: 43825K(44160K)->43825K(44160K) Class: 5631K(5952K)->5631K(5952K)
[2025-03-28T19:25:22.035+0530][gc          ] GC(99) Pause Young (Normal) (G1 Evacuation Pause) 277M->229M(1024M) 62.179ms
[2025-03-28T19:25:22.035+0530][gc,cpu      ] GC(99) User=0.03s Sys=0.00s Real=0.07s
[2025-03-28T19:25:23.295+0530][gc,start    ] GC(100) Pause Young (Normal) (G1 Evacuation Pause)
[2025-03-28T19:25:23.295+0530][gc,task     ] GC(100) Using 2 workers of 2 for evacuation
[2025-03-28T19:25:23.321+0530][gc,mmu      ] GC(100) MMU target violated: 21.0ms (20.0ms/21.0ms)
[2025-03-28T19:25:23.321+0530][gc,phases   ] GC(100)   Pre Evacuate Collection Set: 6.0ms
[2025-03-28T19:25:23.321+0530][gc,phases   ] GC(100)   Merge Heap Roots: 1.0ms
[2025-03-28T19:25:23.321+0530][gc,phases   ] GC(100)   Evacuate Collection Set: 17.6ms
[2025-03-28T19:25:23.321+0530][gc,phases   ] GC(100)   Post Evacuate Collection Set: 0.8ms
[2025-03-28T19:25:23.321+0530][gc,phases   ] GC(100)   Other: 0.5ms
[2025-03-28T19:25:23.321+0530][gc,heap     ] GC(100) Eden regions: 49->0(46)
[2025-03-28T19:25:23.321+0530][gc,heap     ] GC(100) Survivor regions: 2->5(7)
[2025-03-28T19:25:23.321+0530][gc,heap     ] GC(100) Old regions: 86->86
[2025-03-28T19:25:23.321+0530][gc,heap     ] GC(100) Archive regions: 2->2
[2025-03-28T19:25:23.321+0530][gc,heap     ] GC(100) Humongous regions: 142->140
[2025-03-28T19:25:23.321+0530][gc,metaspace] GC(100) Metaspace: 49458K(50112K)->49458K(50112K) NonClass: 43826K(44160K)->43826K(44160K) Class: 5631K(5952K)->5631K(5952K)
[2025-03-28T19:25:23.321+0530][gc          ] GC(100) Pause Young (Normal) (G1 Evacuation Pause) 278M->230M(1024M) 25.951ms
[2025-03-28T19:25:23.321+0530][gc,cpu      ] GC(100) User=0.03s Sys=0.00s Real=0.02s
[2025-03-28T19:25:23.541+0530][gc,start    ] GC(101) Pause Young (Normal) (G1 Evacuation Pause)
[2025-03-28T19:25:23.541+0530][gc,task     ] GC(101) Using 2 workers of 2 for evacuation
[2025-03-28T19:25:23.552+0530][gc,phases   ] GC(101)   Pre Evacuate Collection Set: 0.6ms
[2025-03-28T19:25:23.552+0530][gc,phases   ] GC(101)   Merge Heap Roots: 0.1ms
[2025-03-28T19:25:23.552+0530][gc,phases   ] GC(101)   Evacuate Collection Set: 9.3ms
[2025-03-28T19:25:23.552+0530][gc,phases   ] GC(101)   Post Evacuate Collection Set: 0.8ms
[2025-03-28T19:25:23.552+0530][gc,phases   ] GC(101)   Other: 0.3ms
[2025-03-28T19:25:23.552+0530][gc,heap     ] GC(101) Eden regions: 46->0(49)
[2025-03-28T19:25:23.552+0530][gc,heap     ] GC(101) Survivor regions: 5->2(7)
[2025-03-28T19:25:23.552+0530][gc,heap     ] GC(101) Old regions: 86->86
[2025-03-28T19:25:23.552+0530][gc,heap     ] GC(101) Archive regions: 2->2
[2025-03-28T19:25:23.552+0530][gc,heap     ] GC(101) Humongous regions: 142->142
[2025-03-28T19:25:23.553+0530][gc,metaspace] GC(101) Metaspace: 49458K(50112K)->49458K(50112K) NonClass: 43826K(44160K)->43826K(44160K) Class: 5631K(5952K)->5631K(5952K)
[2025-03-28T19:25:23.553+0530][gc          ] GC(101) Pause Young (Normal) (G1 Evacuation Pause) 278M->230M(1024M) 11.335ms
[2025-03-28T19:25:23.553+0530][gc,cpu      ] GC(101) User=0.02s Sys=0.00s Real=0.01s
[2025-03-28T19:25:31.556+0530][gc,start    ] GC(102) Pause Young (Normal) (G1 Evacuation Pause)
[2025-03-28T19:25:31.772+0530][gc,task     ] GC(102) Using 2 workers of 2 for evacuation
[2025-03-28T19:25:31.813+0530][gc,mmu      ] GC(102) MMU target violated: 21.0ms (20.0ms/21.0ms)
[2025-03-28T19:25:31.814+0530][gc,phases   ] GC(102)   Pre Evacuate Collection Set: 0.5ms
[2025-03-28T19:25:31.814+0530][gc,phases   ] GC(102)   Merge Heap Roots: 6.7ms
[2025-03-28T19:25:31.814+0530][gc,phases   ] GC(102)   Evacuate Collection Set: 31.3ms
[2025-03-28T19:25:31.814+0530][gc,phases   ] GC(102)   Post Evacuate Collection Set: 2.5ms
[2025-03-28T19:25:31.814+0530][gc,phases   ] GC(102)   Other: 216.7ms
[2025-03-28T19:25:31.814+0530][gc,heap     ] GC(102) Eden regions: 49->0(47)
[2025-03-28T19:25:31.814+0530][gc,heap     ] GC(102) Survivor regions: 2->4(7)
[2025-03-28T19:25:31.814+0530][gc,heap     ] GC(102) Old regions: 86->86
[2025-03-28T19:25:31.814+0530][gc,heap     ] GC(102) Archive regions: 2->2
[2025-03-28T19:25:31.814+0530][gc,heap     ] GC(102) Humongous regions: 142->140
[2025-03-28T19:25:31.814+0530][gc,metaspace] GC(102) Metaspace: 49507K(50176K)->49507K(50176K) NonClass: 43875K(44224K)->43875K(44224K) Class: 5631K(5952K)->5631K(5952K)
[2025-03-28T19:25:31.817+0530][gc          ] GC(102) Pause Young (Normal) (G1 Evacuation Pause) 279M->230M(1024M) 260.893ms
[2025-03-28T19:25:31.817+0530][gc,cpu      ] GC(102) User=0.02s Sys=0.00s Real=0.26s
[2025-03-28T19:25:32.147+0530][gc,start    ] GC(103) Pause Young (Normal) (G1 Evacuation Pause)
[2025-03-28T19:25:32.147+0530][gc,task     ] GC(103) Using 2 workers of 2 for evacuation
[2025-03-28T19:25:32.174+0530][gc,mmu      ] GC(103) MMU target violated: 21.0ms (20.0ms/21.0ms)
[2025-03-28T19:25:32.174+0530][gc,phases   ] GC(103)   Pre Evacuate Collection Set: 0.2ms
[2025-03-28T19:25:32.174+0530][gc,phases   ] GC(103)   Merge Heap Roots: 0.1ms
[2025-03-28T19:25:32.174+0530][gc,phases   ] GC(103)   Evacuate Collection Set: 25.6ms
[2025-03-28T19:25:32.174+0530][gc,phases   ] GC(103)   Post Evacuate Collection Set: 1.0ms
[2025-03-28T19:25:32.174+0530][gc,phases   ] GC(103)   Other: 0.4ms
[2025-03-28T19:25:32.174+0530][gc,heap     ] GC(103) Eden regions: 47->0(48)
[2025-03-28T19:25:32.174+0530][gc,heap     ] GC(103) Survivor regions: 4->3(7)
[2025-03-28T19:25:32.174+0530][gc,heap     ] GC(103) Old regions: 86->86
[2025-03-28T19:25:32.174+0530][gc,heap     ] GC(103) Archive regions: 2->2
[2025-03-28T19:25:32.174+0530][gc,heap     ] GC(103) Humongous regions: 142->142
[2025-03-28T19:25:32.174+0530][gc,metaspace] GC(103) Metaspace: 49507K(50176K)->49507K(50176K) NonClass: 43875K(44224K)->43875K(44224K) Class: 5631K(5952K)->5631K(5952K)
[2025-03-28T19:25:32.174+0530][gc          ] GC(103) Pause Young (Normal) (G1 Evacuation Pause) 279M->231M(1024M) 27.644ms
[2025-03-28T19:25:32.174+0530][gc,cpu      ] GC(103) User=0.02s Sys=0.00s Real=0.03s
[2025-03-28T19:25:32.442+0530][gc,start    ] GC(104) Pause Young (Normal) (G1 Evacuation Pause)
[2025-03-28T19:25:32.442+0530][gc,task     ] GC(104) Using 2 workers of 2 for evacuation
[2025-03-28T19:25:32.456+0530][gc,phases   ] GC(104)   Pre Evacuate Collection Set: 0.7ms
[2025-03-28T19:25:32.456+0530][gc,phases   ] GC(104)   Merge Heap Roots: 0.2ms
[2025-03-28T19:25:32.456+0530][gc,phases   ] GC(104)   Evacuate Collection Set: 11.3ms
[2025-03-28T19:25:32.456+0530][gc,phases   ] GC(104)   Post Evacuate Collection Set: 1.9ms
[2025-03-28T19:25:32.456+0530][gc,phases   ] GC(104)   Other: 0.3ms
[2025-03-28T19:25:32.456+0530][gc,heap     ] GC(104) Eden regions: 48->0(47)
[2025-03-28T19:25:32.456+0530][gc,heap     ] GC(104) Survivor regions: 3->4(7)
[2025-03-28T19:25:32.456+0530][gc,heap     ] GC(104) Old regions: 86->86
[2025-03-28T19:25:32.456+0530][gc,heap     ] GC(104) Archive regions: 2->2
[2025-03-28T19:25:32.456+0530][gc,heap     ] GC(104) Humongous regions: 142->140
[2025-03-28T19:25:32.456+0530][gc,metaspace] GC(104) Metaspace: 49507K(50176K)->49507K(50176K) NonClass: 43875K(44224K)->43875K(44224K) Class: 5631K(5952K)->5631K(5952K)
[2025-03-28T19:25:32.456+0530][gc          ] GC(104) Pause Young (Normal) (G1 Evacuation Pause) 279M->229M(1024M) 14.421ms
[2025-03-28T19:25:32.456+0530][gc,cpu      ] GC(104) User=0.02s Sys=0.00s Real=0.02s
[2025-03-28T19:25:32.711+0530][gc,start    ] GC(105) Pause Young (Normal) (G1 Evacuation Pause)
[2025-03-28T19:25:32.711+0530][gc,task     ] GC(105) Using 2 workers of 2 for evacuation
[2025-03-28T19:25:32.768+0530][gc,mmu      ] GC(105) MMU target violated: 21.0ms (20.0ms/21.0ms)
[2025-03-28T19:25:32.768+0530][gc,phases   ] GC(105)   Pre Evacuate Collection Set: 2.6ms
[2025-03-28T19:25:32.768+0530][gc,phases   ] GC(105)   Merge Heap Roots: 0.3ms
[2025-03-28T19:25:32.768+0530][gc,phases   ] GC(105)   Evacuate Collection Set: 52.1ms
[2025-03-28T19:25:32.768+0530][gc,phases   ] GC(105)   Post Evacuate Collection Set: 2.1ms
[2025-03-28T19:25:32.768+0530][gc,phases   ] GC(105)   Other: 0.6ms
[2025-03-28T19:25:32.768+0530][gc,heap     ] GC(105) Eden regions: 47->0(48)
[2025-03-28T19:25:32.768+0530][gc,heap     ] GC(105) Survivor regions: 4->3(7)
[2025-03-28T19:25:32.768+0530][gc,heap     ] GC(105) Old regions: 86->86
[2025-03-28T19:25:32.768+0530][gc,heap     ] GC(105) Archive regions: 2->2
[2025-03-28T19:25:32.768+0530][gc,heap     ] GC(105) Humongous regions: 142->142
[2025-03-28T19:25:32.768+0530][gc,metaspace] GC(105) Metaspace: 49511K(50176K)->49511K(50176K) NonClass: 43879K(44224K)->43879K(44224K) Class: 5631K(5952K)->5631K(5952K)
[2025-03-28T19:25:32.768+0530][gc          ] GC(105) Pause Young (Normal) (G1 Evacuation Pause) 278M->231M(1024M) 57.791ms
[2025-03-28T19:25:32.768+0530][gc,cpu      ] GC(105) User=0.02s Sys=0.00s Real=0.06s
[2025-03-28T19:25:41.599+0530][gc,start    ] GC(106) Pause Young (Normal) (G1 Evacuation Pause)
[2025-03-28T19:25:41.599+0530][gc,task     ] GC(106) Using 2 workers of 2 for evacuation
[2025-03-28T19:25:41.620+0530][gc,mmu      ] GC(106) MMU target violated: 21.0ms (20.0ms/21.0ms)
[2025-03-28T19:25:41.620+0530][gc,phases   ] GC(106)   Pre Evacuate Collection Set: 0.5ms
[2025-03-28T19:25:41.620+0530][gc,phases   ] GC(106)   Merge Heap Roots: 0.2ms
[2025-03-28T19:25:41.620+0530][gc,phases   ] GC(106)   Evacuate Collection Set: 18.7ms
[2025-03-28T19:25:41.620+0530][gc,phases   ] GC(106)   Post Evacuate Collection Set: 1.0ms
[2025-03-28T19:25:41.620+0530][gc,phases   ] GC(106)   Other: 1.2ms
[2025-03-28T19:25:41.620+0530][gc,heap     ] GC(106) Eden regions: 48->0(48)
[2025-03-28T19:25:41.620+0530][gc,heap     ] GC(106) Survivor regions: 3->3(7)
[2025-03-28T19:25:41.620+0530][gc,heap     ] GC(106) Old regions: 86->86
[2025-03-28T19:25:41.620+0530][gc,heap     ] GC(106) Archive regions: 2->2
[2025-03-28T19:25:41.620+0530][gc,heap     ] GC(106) Humongous regions: 142->140
[2025-03-28T19:25:41.620+0530][gc,metaspace] GC(106) Metaspace: 49516K(50176K)->49516K(50176K) NonClass: 43884K(44224K)->43884K(44224K) Class: 5631K(5952K)->5631K(5952K)
[2025-03-28T19:25:41.620+0530][gc          ] GC(106) Pause Young (Normal) (G1 Evacuation Pause) 279M->229M(1024M) 21.653ms
[2025-03-28T19:25:41.621+0530][gc,cpu      ] GC(106) User=0.01s Sys=0.00s Real=0.02s
[2025-03-28T19:25:41.881+0530][gc,start    ] GC(107) Pause Young (Normal) (G1 Evacuation Pause)
[2025-03-28T19:25:41.881+0530][gc,task     ] GC(107) Using 2 workers of 2 for evacuation
[2025-03-28T19:25:41.904+0530][gc,mmu      ] GC(107) MMU target violated: 21.0ms (20.0ms/21.0ms)
[2025-03-28T19:25:41.904+0530][gc,phases   ] GC(107)   Pre Evacuate Collection Set: 0.3ms
[2025-03-28T19:25:41.904+0530][gc,phases   ] GC(107)   Merge Heap Roots: 0.1ms
[2025-03-28T19:25:41.904+0530][gc,phases   ] GC(107)   Evacuate Collection Set: 21.6ms
[2025-03-28T19:25:41.904+0530][gc,phases   ] GC(107)   Post Evacuate Collection Set: 0.9ms
[2025-03-28T19:25:41.904+0530][gc,phases   ] GC(107)   Other: 0.3ms
[2025-03-28T19:25:41.904+0530][gc,heap     ] GC(107) Eden regions: 48->0(48)
[2025-03-28T19:25:41.904+0530][gc,heap     ] GC(107) Survivor regions: 3->3(7)
[2025-03-28T19:25:41.904+0530][gc,heap     ] GC(107) Old regions: 86->86
[2025-03-28T19:25:41.904+0530][gc,heap     ] GC(107) Archive regions: 2->2
[2025-03-28T19:25:41.904+0530][gc,heap     ] GC(107) Humongous regions: 142->142
[2025-03-28T19:25:41.904+0530][gc,metaspace] GC(107) Metaspace: 49520K(50176K)->49520K(50176K) NonClass: 43889K(44224K)->43889K(44224K) Class: 5631K(5952K)->5631K(5952K)
[2025-03-28T19:25:41.904+0530][gc          ] GC(107) Pause Young (Normal) (G1 Evacuation Pause) 279M->231M(1024M) 23.393ms
[2025-03-28T19:25:41.905+0530][gc,cpu      ] GC(107) User=0.02s Sys=0.00s Real=0.02s
[2025-03-28T19:25:42.610+0530][gc,start    ] GC(108) Pause Young (Normal) (G1 Evacuation Pause)
[2025-03-28T19:25:42.610+0530][gc,task     ] GC(108) Using 2 workers of 2 for evacuation
[2025-03-28T19:25:42.619+0530][gc,phases   ] GC(108)   Pre Evacuate Collection Set: 0.3ms
[2025-03-28T19:25:42.619+0530][gc,phases   ] GC(108)   Merge Heap Roots: 0.5ms
[2025-03-28T19:25:42.619+0530][gc,phases   ] GC(108)   Evacuate Collection Set: 4.9ms
[2025-03-28T19:25:42.619+0530][gc,phases   ] GC(108)   Post Evacuate Collection Set: 2.9ms
[2025-03-28T19:25:42.619+0530][gc,phases   ] GC(108)   Other: 0.3ms
[2025-03-28T19:25:42.619+0530][gc,heap     ] GC(108) Eden regions: 48->0(48)
[2025-03-28T19:25:42.619+0530][gc,heap     ] GC(108) Survivor regions: 3->3(7)
[2025-03-28T19:25:42.619+0530][gc,heap     ] GC(108) Old regions: 86->86
[2025-03-28T19:25:42.619+0530][gc,heap     ] GC(108) Archive regions: 2->2
[2025-03-28T19:25:42.619+0530][gc,heap     ] GC(108) Humongous regions: 142->140
[2025-03-28T19:25:42.619+0530][gc,metaspace] GC(108) Metaspace: 49525K(50176K)->49525K(50176K) NonClass: 43893K(44224K)->43893K(44224K) Class: 5631K(5952K)->5631K(5952K)
[2025-03-28T19:25:42.619+0530][gc          ] GC(108) Pause Young (Normal) (G1 Evacuation Pause) 279M->229M(1024M) 9.233ms
[2025-03-28T19:25:42.619+0530][gc,cpu      ] GC(108) User=0.01s Sys=0.00s Real=0.01s
[2025-03-28T19:25:42.833+0530][gc,start    ] GC(109) Pause Young (Normal) (G1 Evacuation Pause)
[2025-03-28T19:25:42.833+0530][gc,task     ] GC(109) Using 2 workers of 2 for evacuation
[2025-03-28T19:25:42.843+0530][gc,phases   ] GC(109)   Pre Evacuate Collection Set: 0.4ms
[2025-03-28T19:25:42.843+0530][gc,phases   ] GC(109)   Merge Heap Roots: 0.2ms
[2025-03-28T19:25:42.843+0530][gc,phases   ] GC(109)   Evacuate Collection Set: 8.3ms
[2025-03-28T19:25:42.843+0530][gc,phases   ] GC(109)   Post Evacuate Collection Set: 0.5ms
[2025-03-28T19:25:42.843+0530][gc,phases   ] GC(109)   Other: 0.2ms
[2025-03-28T19:25:42.843+0530][gc,heap     ] GC(109) Eden regions: 48->0(48)
[2025-03-28T19:25:42.843+0530][gc,heap     ] GC(109) Survivor regions: 3->3(7)
[2025-03-28T19:25:42.843+0530][gc,heap     ] GC(109) Old regions: 86->86
[2025-03-28T19:25:42.843+0530][gc,heap     ] GC(109) Archive regions: 2->2
[2025-03-28T19:25:42.843+0530][gc,heap     ] GC(109) Humongous regions: 142->142
[2025-03-28T19:25:42.843+0530][gc,metaspace] GC(109) Metaspace: 49537K(50176K)->49537K(50176K) NonClass: 43906K(44224K)->43906K(44224K) Class: 5631K(5952K)->5631K(5952K)
[2025-03-28T19:25:42.843+0530][gc          ] GC(109) Pause Young (Normal) (G1 Evacuation Pause) 279M->231M(1024M) 9.737ms
[2025-03-28T19:25:42.843+0530][gc,cpu      ] GC(109) User=0.02s Sys=0.00s Real=0.01s
[2025-03-28T19:25:50.989+0530][gc,start    ] GC(110) Pause Young (Normal) (G1 Evacuation Pause)
[2025-03-28T19:25:50.989+0530][gc,task     ] GC(110) Using 2 workers of 2 for evacuation
[2025-03-28T19:25:51.009+0530][gc,phases   ] GC(110)   Pre Evacuate Collection Set: 0.8ms
[2025-03-28T19:25:51.009+0530][gc,phases   ] GC(110)   Merge Heap Roots: 0.2ms
[2025-03-28T19:25:51.009+0530][gc,phases   ] GC(110)   Evacuate Collection Set: 17.8ms
[2025-03-28T19:25:51.009+0530][gc,phases   ] GC(110)   Post Evacuate Collection Set: 1.2ms
[2025-03-28T19:25:51.009+0530][gc,phases   ] GC(110)   Other: 0.3ms
[2025-03-28T19:25:51.009+0530][gc,heap     ] GC(110) Eden regions: 48->0(49)
[2025-03-28T19:25:51.009+0530][gc,heap     ] GC(110) Survivor regions: 3->2(7)
[2025-03-28T19:25:51.009+0530][gc,heap     ] GC(110) Old regions: 86->86
[2025-03-28T19:25:51.009+0530][gc,heap     ] GC(110) Archive regions: 2->2
[2025-03-28T19:25:51.009+0530][gc,heap     ] GC(110) Humongous regions: 142->140
[2025-03-28T19:25:51.009+0530][gc,metaspace] GC(110) Metaspace: 49554K(50176K)->49554K(50176K) NonClass: 43923K(44224K)->43923K(44224K) Class: 5631K(5952K)->5631K(5952K)
[2025-03-28T19:25:51.009+0530][gc          ] GC(110) Pause Young (Normal) (G1 Evacuation Pause) 279M->228M(1024M) 20.496ms
[2025-03-28T19:25:51.009+0530][gc,cpu      ] GC(110) User=0.02s Sys=0.00s Real=0.02s
[2025-03-28T19:25:51.360+0530][gc,start    ] GC(111) Pause Young (Normal) (G1 Evacuation Pause)
[2025-03-28T19:25:51.360+0530][gc,task     ] GC(111) Using 2 workers of 2 for evacuation
[2025-03-28T19:25:51.426+0530][gc,mmu      ] GC(111) MMU target violated: 21.0ms (20.0ms/21.0ms)
[2025-03-28T19:25:51.426+0530][gc,phases   ] GC(111)   Pre Evacuate Collection Set: 0.3ms
[2025-03-28T19:25:51.426+0530][gc,phases   ] GC(111)   Merge Heap Roots: 0.1ms
[2025-03-28T19:25:51.426+0530][gc,phases   ] GC(111)   Evacuate Collection Set: 61.2ms
[2025-03-28T19:25:51.426+0530][gc,phases   ] GC(111)   Post Evacuate Collection Set: 4.6ms
[2025-03-28T19:25:51.426+0530][gc,phases   ] GC(111)   Other: 0.3ms
[2025-03-28T19:25:51.426+0530][gc,heap     ] GC(111) Eden regions: 49->0(44)
[2025-03-28T19:25:51.426+0530][gc,heap     ] GC(111) Survivor regions: 2->7(7)
[2025-03-28T19:25:51.426+0530][gc,heap     ] GC(111) Old regions: 86->87
[2025-03-28T19:25:51.426+0530][gc,heap     ] GC(111) Archive regions: 2->2
[2025-03-28T19:25:51.426+0530][gc,heap     ] GC(111) Humongous regions: 140->140
[2025-03-28T19:25:51.426+0530][gc,metaspace] GC(111) Metaspace: 49554K(50176K)->49554K(50176K) NonClass: 43923K(44224K)->43923K(44224K) Class: 5631K(5952K)->5631K(5952K)
[2025-03-28T19:25:51.426+0530][gc          ] GC(111) Pause Young (Normal) (G1 Evacuation Pause) 277M->234M(1024M) 66.628ms
[2025-03-28T19:25:51.426+0530][gc,cpu      ] GC(111) User=0.03s Sys=0.00s Real=0.08s
[2025-03-28T19:25:52.437+0530][gc,start    ] GC(112) Pause Young (Normal) (G1 Evacuation Pause)
[2025-03-28T19:25:52.437+0530][gc,task     ] GC(112) Using 2 workers of 2 for evacuation
[2025-03-28T19:25:52.448+0530][gc,phases   ] GC(112)   Pre Evacuate Collection Set: 0.4ms
[2025-03-28T19:25:52.448+0530][gc,phases   ] GC(112)   Merge Heap Roots: 0.3ms
[2025-03-28T19:25:52.448+0530][gc,phases   ] GC(112)   Evacuate Collection Set: 8.8ms
[2025-03-28T19:25:52.448+0530][gc,phases   ] GC(112)   Post Evacuate Collection Set: 1.0ms
[2025-03-28T19:25:52.448+0530][gc,phases   ] GC(112)   Other: 0.5ms
[2025-03-28T19:25:52.448+0530][gc,heap     ] GC(112) Eden regions: 44->0(50)
[2025-03-28T19:25:52.448+0530][gc,heap     ] GC(112) Survivor regions: 7->1(7)
[2025-03-28T19:25:52.448+0530][gc,heap     ] GC(112) Old regions: 87->88
[2025-03-28T19:25:52.448+0530][gc,heap     ] GC(112) Archive regions: 2->2
[2025-03-28T19:25:52.448+0530][gc,heap     ] GC(112) Humongous regions: 142->140
[2025-03-28T19:25:52.448+0530][gc,metaspace] GC(112) Metaspace: 49555K(50176K)->49555K(50176K) NonClass: 43923K(44224K)->43923K(44224K) Class: 5631K(5952K)->5631K(5952K)
[2025-03-28T19:25:52.448+0530][gc          ] GC(112) Pause Young (Normal) (G1 Evacuation Pause) 280M->229M(1024M) 11.219ms
[2025-03-28T19:25:52.448+0530][gc,cpu      ] GC(112) User=0.01s Sys=0.00s Real=0.01s
[2025-03-28T19:25:52.620+0530][gc,start    ] GC(113) Pause Young (Normal) (G1 Evacuation Pause)
[2025-03-28T19:25:52.620+0530][gc,task     ] GC(113) Using 2 workers of 2 for evacuation
[2025-03-28T19:25:52.651+0530][gc,mmu      ] GC(113) MMU target violated: 21.0ms (20.0ms/21.0ms)
[2025-03-28T19:25:52.651+0530][gc,phases   ] GC(113)   Pre Evacuate Collection Set: 0.5ms
[2025-03-28T19:25:52.651+0530][gc,phases   ] GC(113)   Merge Heap Roots: 0.3ms
[2025-03-28T19:25:52.651+0530][gc,phases   ] GC(113)   Evacuate Collection Set: 28.2ms
[2025-03-28T19:25:52.651+0530][gc,phases   ] GC(113)   Post Evacuate Collection Set: 1.0ms
[2025-03-28T19:25:52.651+0530][gc,phases   ] GC(113)   Other: 1.6ms
[2025-03-28T19:25:52.651+0530][gc,heap     ] GC(113) Eden regions: 50->0(44)
[2025-03-28T19:25:52.651+0530][gc,heap     ] GC(113) Survivor regions: 1->7(7)
[2025-03-28T19:25:52.651+0530][gc,heap     ] GC(113) Old regions: 88->88
[2025-03-28T19:25:52.651+0530][gc,heap     ] GC(113) Archive regions: 2->2
[2025-03-28T19:25:52.651+0530][gc,heap     ] GC(113) Humongous regions: 140->140
[2025-03-28T19:25:52.651+0530][gc,metaspace] GC(113) Metaspace: 49555K(50176K)->49555K(50176K) NonClass: 43923K(44224K)->43923K(44224K) Class: 5631K(5952K)->5631K(5952K)
[2025-03-28T19:25:52.651+0530][gc          ] GC(113) Pause Young (Normal) (G1 Evacuation Pause) 279M->235M(1024M) 31.744ms
[2025-03-28T19:25:52.652+0530][gc,cpu      ] GC(113) User=0.04s Sys=0.00s Real=0.03s
[2025-03-28T19:25:52.783+0530][gc,start    ] GC(114) Pause Young (Normal) (G1 Evacuation Pause)
[2025-03-28T19:25:52.783+0530][gc,task     ] GC(114) Using 2 workers of 2 for evacuation
[2025-03-28T19:25:52.792+0530][gc,phases   ] GC(114)   Pre Evacuate Collection Set: 0.3ms
[2025-03-28T19:25:52.792+0530][gc,phases   ] GC(114)   Merge Heap Roots: 0.1ms
[2025-03-28T19:25:52.792+0530][gc,phases   ] GC(114)   Evacuate Collection Set: 7.4ms
[2025-03-28T19:25:52.792+0530][gc,phases   ] GC(114)   Post Evacuate Collection Set: 0.9ms
[2025-03-28T19:25:52.792+0530][gc,phases   ] GC(114)   Other: 0.2ms
[2025-03-28T19:25:52.792+0530][gc,heap     ] GC(114) Eden regions: 44->0(50)
[2025-03-28T19:25:52.792+0530][gc,heap     ] GC(114) Survivor regions: 7->1(7)
[2025-03-28T19:25:52.792+0530][gc,heap     ] GC(114) Old regions: 88->90
[2025-03-28T19:25:52.792+0530][gc,heap     ] GC(114) Archive regions: 2->2
[2025-03-28T19:25:52.792+0530][gc,heap     ] GC(114) Humongous regions: 142->142
[2025-03-28T19:25:52.792+0530][gc,metaspace] GC(114) Metaspace: 49555K(50176K)->49555K(50176K) NonClass: 43923K(44224K)->43923K(44224K) Class: 5631K(5952K)->5631K(5952K)
[2025-03-28T19:25:52.792+0530][gc          ] GC(114) Pause Young (Normal) (G1 Evacuation Pause) 281M->232M(1024M) 9.021ms
[2025-03-28T19:25:52.792+0530][gc,cpu      ] GC(114) User=0.01s Sys=0.00s Real=0.01s
[2025-03-28T19:26:01.415+0530][gc,start    ] GC(115) Pause Young (Normal) (G1 Evacuation Pause)
[2025-03-28T19:26:01.415+0530][gc,task     ] GC(115) Using 2 workers of 2 for evacuation
[2025-03-28T19:26:01.452+0530][gc,mmu      ] GC(115) MMU target violated: 21.0ms (20.0ms/21.0ms)
[2025-03-28T19:26:01.452+0530][gc,phases   ] GC(115)   Pre Evacuate Collection Set: 4.4ms
[2025-03-28T19:26:01.452+0530][gc,phases   ] GC(115)   Merge Heap Roots: 0.1ms
[2025-03-28T19:26:01.453+0530][gc,phases   ] GC(115)   Evacuate Collection Set: 32.0ms
[2025-03-28T19:26:01.453+0530][gc,phases   ] GC(115)   Post Evacuate Collection Set: 0.9ms
[2025-03-28T19:26:01.453+0530][gc,phases   ] GC(115)   Other: 0.3ms
[2025-03-28T19:26:01.453+0530][gc,heap     ] GC(115) Eden regions: 50->0(44)
[2025-03-28T19:26:01.453+0530][gc,heap     ] GC(115) Survivor regions: 1->7(7)
[2025-03-28T19:26:01.453+0530][gc,heap     ] GC(115) Old regions: 90->90
[2025-03-28T19:26:01.453+0530][gc,heap     ] GC(115) Archive regions: 2->2
[2025-03-28T19:26:01.453+0530][gc,heap     ] GC(115) Humongous regions: 142->140
[2025-03-28T19:26:01.453+0530][gc,metaspace] GC(115) Metaspace: 49562K(50176K)->49562K(50176K) NonClass: 43930K(44224K)->43930K(44224K) Class: 5631K(5952K)->5631K(5952K)
[2025-03-28T19:26:01.453+0530][gc          ] GC(115) Pause Young (Normal) (G1 Evacuation Pause) 282M->236M(1024M) 37.891ms
[2025-03-28T19:26:01.453+0530][gc,cpu      ] GC(115) User=0.02s Sys=0.00s Real=0.04s
[2025-03-28T19:26:01.662+0530][gc,start    ] GC(116) Pause Young (Normal) (G1 Evacuation Pause)
[2025-03-28T19:26:01.662+0530][gc,task     ] GC(116) Using 2 workers of 2 for evacuation
[2025-03-28T19:26:01.674+0530][gc,phases   ] GC(116)   Pre Evacuate Collection Set: 0.3ms
[2025-03-28T19:26:01.674+0530][gc,phases   ] GC(116)   Merge Heap Roots: 0.1ms
[2025-03-28T19:26:01.674+0530][gc,phases   ] GC(116)   Evacuate Collection Set: 10.5ms
[2025-03-28T19:26:01.674+0530][gc,phases   ] GC(116)   Post Evacuate Collection Set: 0.5ms
[2025-03-28T19:26:01.674+0530][gc,phases   ] GC(116)   Other: 0.2ms
[2025-03-28T19:26:01.674+0530][gc,heap     ] GC(116) Eden regions: 44->0(49)
[2025-03-28T19:26:01.674+0530][gc,heap     ] GC(116) Survivor regions: 7->2(7)
[2025-03-28T19:26:01.674+0530][gc,heap     ] GC(116) Old regions: 90->91
[2025-03-28T19:26:01.674+0530][gc,heap     ] GC(116) Archive regions: 2->2
[2025-03-28T19:26:01.674+0530][gc,heap     ] GC(116) Humongous regions: 142->142
[2025-03-28T19:26:01.674+0530][gc,metaspace] GC(116) Metaspace: 49562K(50176K)->49562K(50176K) NonClass: 43930K(44224K)->43930K(44224K) Class: 5631K(5952K)->5631K(5952K)
[2025-03-28T19:26:01.674+0530][gc          ] GC(116) Pause Young (Normal) (G1 Evacuation Pause) 282M->235M(1024M) 11.797ms
[2025-03-28T19:26:01.674+0530][gc,cpu      ] GC(116) User=0.01s Sys=0.00s Real=0.01s
[2025-03-28T19:26:02.543+0530][gc,start    ] GC(117) Pause Young (Normal) (G1 Evacuation Pause)
[2025-03-28T19:26:02.543+0530][gc,task     ] GC(117) Using 2 workers of 2 for evacuation
[2025-03-28T19:26:02.553+0530][gc,phases   ] GC(117)   Pre Evacuate Collection Set: 0.6ms
[2025-03-28T19:26:02.553+0530][gc,phases   ] GC(117)   Merge Heap Roots: 0.1ms
[2025-03-28T19:26:02.553+0530][gc,phases   ] GC(117)   Evacuate Collection Set: 6.4ms
[2025-03-28T19:26:02.553+0530][gc,phases   ] GC(117)   Post Evacuate Collection Set: 0.5ms
[2025-03-28T19:26:02.553+0530][gc,phases   ] GC(117)   Other: 2.6ms
[2025-03-28T19:26:02.553+0530][gc,heap     ] GC(117) Eden regions: 49->0(45)
[2025-03-28T19:26:02.553+0530][gc,heap     ] GC(117) Survivor regions: 2->6(7)
[2025-03-28T19:26:02.553+0530][gc,heap     ] GC(117) Old regions: 91->91
[2025-03-28T19:26:02.553+0530][gc,heap     ] GC(117) Archive regions: 2->2
[2025-03-28T19:26:02.553+0530][gc,heap     ] GC(117) Humongous regions: 142->140
[2025-03-28T19:26:02.553+0530][gc,metaspace] GC(117) Metaspace: 49564K(50176K)->49564K(50176K) NonClass: 43932K(44224K)->43932K(44224K) Class: 5631K(5952K)->5631K(5952K)
[2025-03-28T19:26:02.553+0530][gc          ] GC(117) Pause Young (Normal) (G1 Evacuation Pause) 284M->236M(1024M) 10.257ms
[2025-03-28T19:26:02.553+0530][gc,cpu      ] GC(117) User=0.02s Sys=0.00s Real=0.01s
[2025-03-28T19:26:02.683+0530][gc,start    ] GC(118) Pause Young (Normal) (G1 Evacuation Pause)
[2025-03-28T19:26:02.683+0530][gc,task     ] GC(118) Using 2 workers of 2 for evacuation
[2025-03-28T19:26:02.688+0530][gc,phases   ] GC(118)   Pre Evacuate Collection Set: 0.2ms
[2025-03-28T19:26:02.688+0530][gc,phases   ] GC(118)   Merge Heap Roots: 0.1ms
[2025-03-28T19:26:02.688+0530][gc,phases   ] GC(118)   Evacuate Collection Set: 4.2ms
[2025-03-28T19:26:02.688+0530][gc,phases   ] GC(118)   Post Evacuate Collection Set: 0.5ms
[2025-03-28T19:26:02.689+0530][gc,phases   ] GC(118)   Other: 0.1ms
[2025-03-28T19:26:02.689+0530][gc,heap     ] GC(118) Eden regions: 45->0(58)
[2025-03-28T19:26:02.689+0530][gc,heap     ] GC(118) Survivor regions: 6->2(7)
[2025-03-28T19:26:02.689+0530][gc,heap     ] GC(118) Old regions: 91->92
[2025-03-28T19:26:02.689+0530][gc,heap     ] GC(118) Archive regions: 2->2
[2025-03-28T19:26:02.689+0530][gc,heap     ] GC(118) Humongous regions: 142->142
[2025-03-28T19:26:02.689+0530][gc,metaspace] GC(118) Metaspace: 49565K(50176K)->49565K(50176K) NonClass: 43933K(44224K)->43933K(44224K) Class: 5631K(5952K)->5631K(5952K)
[2025-03-28T19:26:02.689+0530][gc          ] GC(118) Pause Young (Normal) (G1 Evacuation Pause) 283M->235M(1024M) 5.198ms
[2025-03-28T19:26:02.689+0530][gc,cpu      ] GC(118) User=0.01s Sys=0.00s Real=0.01s
[2025-03-28T19:26:11.178+0530][gc,start    ] GC(119) Pause Young (Normal) (G1 Evacuation Pause)
[2025-03-28T19:26:11.178+0530][gc,task     ] GC(119) Using 2 workers of 2 for evacuation
[2025-03-28T19:26:11.239+0530][gc,mmu      ] GC(119) MMU target violated: 21.0ms (20.0ms/21.0ms)
[2025-03-28T19:26:11.239+0530][gc,phases   ] GC(119)   Pre Evacuate Collection Set: 0.3ms
[2025-03-28T19:26:11.239+0530][gc,phases   ] GC(119)   Merge Heap Roots: 0.2ms
[2025-03-28T19:26:11.239+0530][gc,phases   ] GC(119)   Evacuate Collection Set: 38.2ms
[2025-03-28T19:26:11.239+0530][gc,phases   ] GC(119)   Post Evacuate Collection Set: 22.3ms
[2025-03-28T19:26:11.239+0530][gc,phases   ] GC(119)   Other: 0.4ms
[2025-03-28T19:26:11.239+0530][gc,heap     ] GC(119) Eden regions: 58->0(45)
[2025-03-28T19:26:11.239+0530][gc,heap     ] GC(119) Survivor regions: 2->6(8)
[2025-03-28T19:26:11.239+0530][gc,heap     ] GC(119) Old regions: 92->92
[2025-03-28T19:26:11.239+0530][gc,heap     ] GC(119) Archive regions: 2->2
[2025-03-28T19:26:11.239+0530][gc,heap     ] GC(119) Humongous regions: 142->140
[2025-03-28T19:26:11.239+0530][gc,metaspace] GC(119) Metaspace: 49567K(50176K)->49567K(50176K) NonClass: 43935K(44224K)->43935K(44224K) Class: 5631K(5952K)->5631K(5952K)
[2025-03-28T19:26:11.239+0530][gc          ] GC(119) Pause Young (Normal) (G1 Evacuation Pause) 293M->238M(1024M) 61.418ms
[2025-03-28T19:26:11.239+0530][gc,cpu      ] GC(119) User=0.04s Sys=0.00s Real=0.06s
[2025-03-28T19:26:11.481+0530][gc,start    ] GC(120) Pause Young (Normal) (G1 Evacuation Pause)
[2025-03-28T19:26:11.481+0530][gc,task     ] GC(120) Using 2 workers of 2 for evacuation
[2025-03-28T19:26:11.500+0530][gc,phases   ] GC(120)   Pre Evacuate Collection Set: 0.4ms
[2025-03-28T19:26:11.500+0530][gc,phases   ] GC(120)   Merge Heap Roots: 0.5ms
[2025-03-28T19:26:11.500+0530][gc,phases   ] GC(120)   Evacuate Collection Set: 14.2ms
[2025-03-28T19:26:11.500+0530][gc,phases   ] GC(120)   Post Evacuate Collection Set: 3.4ms
[2025-03-28T19:26:11.500+0530][gc,phases   ] GC(120)   Other: 0.2ms
[2025-03-28T19:26:11.500+0530][gc,heap     ] GC(120) Eden regions: 45->0(49)
[2025-03-28T19:26:11.500+0530][gc,heap     ] GC(120) Survivor regions: 6->2(7)
[2025-03-28T19:26:11.500+0530][gc,heap     ] GC(120) Old regions: 92->93
[2025-03-28T19:26:11.500+0530][gc,heap     ] GC(120) Archive regions: 2->2
[2025-03-28T19:26:11.500+0530][gc,heap     ] GC(120) Humongous regions: 142->142
[2025-03-28T19:26:11.500+0530][gc,metaspace] GC(120) Metaspace: 49567K(50176K)->49567K(50176K) NonClass: 43935K(44224K)->43935K(44224K) Class: 5631K(5952K)->5631K(5952K)
[2025-03-28T19:26:11.500+0530][gc          ] GC(120) Pause Young (Normal) (G1 Evacuation Pause) 285M->237M(1024M) 19.025ms
[2025-03-28T19:26:11.500+0530][gc,cpu      ] GC(120) User=0.01s Sys=0.00s Real=0.02s
[2025-03-28T19:26:12.680+0530][gc,start    ] GC(121) Pause Young (Normal) (G1 Evacuation Pause)
[2025-03-28T19:26:12.680+0530][gc,task     ] GC(121) Using 2 workers of 2 for evacuation
[2025-03-28T19:26:12.694+0530][gc,phases   ] GC(121)   Pre Evacuate Collection Set: 0.5ms
[2025-03-28T19:26:12.694+0530][gc,phases   ] GC(121)   Merge Heap Roots: 0.3ms
[2025-03-28T19:26:12.694+0530][gc,phases   ] GC(121)   Evacuate Collection Set: 12.0ms
[2025-03-28T19:26:12.694+0530][gc,phases   ] GC(121)   Post Evacuate Collection Set: 0.6ms
[2025-03-28T19:26:12.694+0530][gc,phases   ] GC(121)   Other: 0.2ms
[2025-03-28T19:26:12.694+0530][gc,heap     ] GC(121) Eden regions: 49->0(45)
[2025-03-28T19:26:12.694+0530][gc,heap     ] GC(121) Survivor regions: 2->6(7)
[2025-03-28T19:26:12.694+0530][gc,heap     ] GC(121) Old regions: 93->93
[2025-03-28T19:26:12.694+0530][gc,heap     ] GC(121) Archive regions: 2->2
[2025-03-28T19:26:12.694+0530][gc,heap     ] GC(121) Humongous regions: 142->140
[2025-03-28T19:26:12.694+0530][gc,metaspace] GC(121) Metaspace: 49568K(50176K)->49568K(50176K) NonClass: 43936K(44224K)->43936K(44224K) Class: 5631K(5952K)->5631K(5952K)
[2025-03-28T19:26:12.694+0530][gc          ] GC(121) Pause Young (Normal) (G1 Evacuation Pause) 286M->238M(1024M) 13.830ms
[2025-03-28T19:26:12.694+0530][gc,cpu      ] GC(121) User=0.02s Sys=0.00s Real=0.01s
[2025-03-28T19:26:12.921+0530][gc,start    ] GC(122) Pause Young (Normal) (G1 Evacuation Pause)
[2025-03-28T19:26:12.921+0530][gc,task     ] GC(122) Using 2 workers of 2 for evacuation
[2025-03-28T19:26:12.939+0530][gc,phases   ] GC(122)   Pre Evacuate Collection Set: 0.6ms
[2025-03-28T19:26:12.939+0530][gc,phases   ] GC(122)   Merge Heap Roots: 1.3ms
[2025-03-28T19:26:12.939+0530][gc,phases   ] GC(122)   Evacuate Collection Set: 14.9ms
[2025-03-28T19:26:12.939+0530][gc,phases   ] GC(122)   Post Evacuate Collection Set: 1.0ms
[2025-03-28T19:26:12.939+0530][gc,phases   ] GC(122)   Other: 0.3ms
[2025-03-28T19:26:12.939+0530][gc,heap     ] GC(122) Eden regions: 45->0(49)
[2025-03-28T19:26:12.939+0530][gc,heap     ] GC(122) Survivor regions: 6->2(7)
[2025-03-28T19:26:12.939+0530][gc,heap     ] GC(122) Old regions: 93->94
[2025-03-28T19:26:12.939+0530][gc,heap     ] GC(122) Archive regions: 2->2
[2025-03-28T19:26:12.939+0530][gc,heap     ] GC(122) Humongous regions: 142->142
[2025-03-28T19:26:12.939+0530][gc,metaspace] GC(122) Metaspace: 49573K(50176K)->49573K(50176K) NonClass: 43941K(44224K)->43941K(44224K) Class: 5631K(5952K)->5631K(5952K)
[2025-03-28T19:26:12.939+0530][gc          ] GC(122) Pause Young (Normal) (G1 Evacuation Pause) 285M->237M(1024M) 18.607ms
[2025-03-28T19:26:12.939+0530][gc,cpu      ] GC(122) User=0.03s Sys=0.00s Real=0.02s
[2025-03-28T19:26:21.611+0530][gc,start    ] GC(123) Pause Young (Normal) (G1 Evacuation Pause)
[2025-03-28T19:26:21.611+0530][gc,task     ] GC(123) Using 2 workers of 2 for evacuation
[2025-03-28T19:26:21.639+0530][gc,mmu      ] GC(123) MMU target violated: 21.0ms (20.0ms/21.0ms)
[2025-03-28T19:26:21.639+0530][gc,phases   ] GC(123)   Pre Evacuate Collection Set: 2.4ms
[2025-03-28T19:26:21.639+0530][gc,phases   ] GC(123)   Merge Heap Roots: 1.9ms
[2025-03-28T19:26:21.639+0530][gc,phases   ] GC(123)   Evacuate Collection Set: 16.9ms
[2025-03-28T19:26:21.639+0530][gc,phases   ] GC(123)   Post Evacuate Collection Set: 6.8ms
[2025-03-28T19:26:21.639+0530][gc,phases   ] GC(123)   Other: 0.3ms
[2025-03-28T19:26:21.639+0530][gc,heap     ] GC(123) Eden regions: 49->0(46)
[2025-03-28T19:26:21.639+0530][gc,heap     ] GC(123) Survivor regions: 2->5(7)
[2025-03-28T19:26:21.639+0530][gc,heap     ] GC(123) Old regions: 94->94
[2025-03-28T19:26:21.639+0530][gc,heap     ] GC(123) Archive regions: 2->2
[2025-03-28T19:26:21.639+0530][gc,heap     ] GC(123) Humongous regions: 142->140
[2025-03-28T19:26:21.639+0530][gc,metaspace] GC(123) Metaspace: 49575K(50176K)->49575K(50176K) NonClass: 43943K(44224K)->43943K(44224K) Class: 5631K(5952K)->5631K(5952K)
[2025-03-28T19:26:21.639+0530][gc          ] GC(123) Pause Young (Normal) (G1 Evacuation Pause) 286M->238M(1024M) 28.560ms
[2025-03-28T19:26:21.639+0530][gc,cpu      ] GC(123) User=0.02s Sys=0.00s Real=0.03s
[2025-03-28T19:26:21.876+0530][gc,start    ] GC(124) Pause Young (Normal) (G1 Evacuation Pause)
[2025-03-28T19:26:21.876+0530][gc,task     ] GC(124) Using 2 workers of 2 for evacuation
[2025-03-28T19:26:21.904+0530][gc,mmu      ] GC(124) MMU target violated: 21.0ms (20.0ms/21.0ms)
[2025-03-28T19:26:21.904+0530][gc,phases   ] GC(124)   Pre Evacuate Collection Set: 0.3ms
[2025-03-28T19:26:21.904+0530][gc,phases   ] GC(124)   Merge Heap Roots: 0.2ms
[2025-03-28T19:26:21.904+0530][gc,phases   ] GC(124)   Evacuate Collection Set: 12.5ms
[2025-03-28T19:26:21.904+0530][gc,phases   ] GC(124)   Post Evacuate Collection Set: 14.2ms
[2025-03-28T19:26:21.904+0530][gc,phases   ] GC(124)   Other: 0.4ms
[2025-03-28T19:26:21.904+0530][gc,heap     ] GC(124) Eden regions: 46->0(49)
[2025-03-28T19:26:21.904+0530][gc,heap     ] GC(124) Survivor regions: 5->2(7)
[2025-03-28T19:26:21.904+0530][gc,heap     ] GC(124) Old regions: 94->95
[2025-03-28T19:26:21.904+0530][gc,heap     ] GC(124) Archive regions: 2->2
[2025-03-28T19:26:21.904+0530][gc,heap     ] GC(124) Humongous regions: 142->142
[2025-03-28T19:26:21.904+0530][gc,metaspace] GC(124) Metaspace: 49575K(50176K)->49575K(50176K) NonClass: 43943K(44224K)->43943K(44224K) Class: 5631K(5952K)->5631K(5952K)
[2025-03-28T19:26:21.904+0530][gc          ] GC(124) Pause Young (Normal) (G1 Evacuation Pause) 286M->238M(1024M) 27.728ms
[2025-03-28T19:26:21.904+0530][gc,cpu      ] GC(124) User=0.02s Sys=0.00s Real=0.03s
[2025-03-28T19:26:22.594+0530][gc,start    ] GC(125) Pause Young (Normal) (G1 Evacuation Pause)
[2025-03-28T19:26:22.594+0530][gc,task     ] GC(125) Using 2 workers of 2 for evacuation
[2025-03-28T19:26:22.615+0530][gc,mmu      ] GC(125) MMU target violated: 20.5ms (20.0ms/21.0ms)
[2025-03-28T19:26:22.615+0530][gc,phases   ] GC(125)   Pre Evacuate Collection Set: 0.9ms
[2025-03-28T19:26:22.615+0530][gc,phases   ] GC(125)   Merge Heap Roots: 0.7ms
[2025-03-28T19:26:22.615+0530][gc,phases   ] GC(125)   Evacuate Collection Set: 17.7ms
[2025-03-28T19:26:22.615+0530][gc,phases   ] GC(125)   Post Evacuate Collection Set: 1.3ms
[2025-03-28T19:26:22.615+0530][gc,phases   ] GC(125)   Other: 0.5ms
[2025-03-28T19:26:22.615+0530][gc,heap     ] GC(125) Eden regions: 49->0(46)
[2025-03-28T19:26:22.615+0530][gc,heap     ] GC(125) Survivor regions: 2->5(7)
[2025-03-28T19:26:22.615+0530][gc,heap     ] GC(125) Old regions: 95->95
[2025-03-28T19:26:22.616+0530][gc,heap     ] GC(125) Archive regions: 2->2
[2025-03-28T19:26:22.616+0530][gc,heap     ] GC(125) Humongous regions: 142->140
[2025-03-28T19:26:22.616+0530][gc,metaspace] GC(125) Metaspace: 49576K(50176K)->49576K(50176K) NonClass: 43944K(44224K)->43944K(44224K) Class: 5631K(5952K)->5631K(5952K)
[2025-03-28T19:26:22.616+0530][gc          ] GC(125) Pause Young (Normal) (G1 Evacuation Pause) 287M->239M(1024M) 21.378ms
[2025-03-28T19:26:22.616+0530][gc,cpu      ] GC(125) User=0.02s Sys=0.00s Real=0.03s
[2025-03-28T19:26:22.873+0530][gc,start    ] GC(126) Pause Young (Normal) (G1 Evacuation Pause)
[2025-03-28T19:26:22.873+0530][gc,task     ] GC(126) Using 2 workers of 2 for evacuation
[2025-03-28T19:26:22.879+0530][gc,phases   ] GC(126)   Pre Evacuate Collection Set: 0.2ms
[2025-03-28T19:26:22.879+0530][gc,phases   ] GC(126)   Merge Heap Roots: 0.2ms
[2025-03-28T19:26:22.879+0530][gc,phases   ] GC(126)   Evacuate Collection Set: 4.5ms
[2025-03-28T19:26:22.879+0530][gc,phases   ] GC(126)   Post Evacuate Collection Set: 0.7ms
[2025-03-28T19:26:22.879+0530][gc,phases   ] GC(126)   Other: 0.1ms
[2025-03-28T19:26:22.879+0530][gc,heap     ] GC(126) Eden regions: 46->0(49)
[2025-03-28T19:26:22.879+0530][gc,heap     ] GC(126) Survivor regions: 5->2(7)
[2025-03-28T19:26:22.879+0530][gc,heap     ] GC(126) Old regions: 95->95
[2025-03-28T19:26:22.879+0530][gc,heap     ] GC(126) Archive regions: 2->2
[2025-03-28T19:26:22.879+0530][gc,heap     ] GC(126) Humongous regions: 142->142
[2025-03-28T19:26:22.879+0530][gc,metaspace] GC(126) Metaspace: 49577K(50176K)->49577K(50176K) NonClass: 43945K(44224K)->43945K(44224K) Class: 5631K(5952K)->5631K(5952K)
[2025-03-28T19:26:22.879+0530][gc          ] GC(126) Pause Young (Normal) (G1 Evacuation Pause) 287M->239M(1024M) 5.899ms
[2025-03-28T19:26:22.879+0530][gc,cpu      ] GC(126) User=0.01s Sys=0.00s Real=0.01s
[2025-03-28T19:26:31.519+0530][gc,start    ] GC(127) Pause Young (Normal) (G1 Evacuation Pause)
[2025-03-28T19:26:31.520+0530][gc,task     ] GC(127) Using 2 workers of 2 for evacuation
[2025-03-28T19:26:31.588+0530][gc,mmu      ] GC(127) MMU target violated: 21.0ms (20.0ms/21.0ms)
[2025-03-28T19:26:31.588+0530][gc,phases   ] GC(127)   Pre Evacuate Collection Set: 0.5ms
[2025-03-28T19:26:31.588+0530][gc,phases   ] GC(127)   Merge Heap Roots: 0.2ms
[2025-03-28T19:26:31.588+0530][gc,phases   ] GC(127)   Evacuate Collection Set: 66.3ms
[2025-03-28T19:26:31.588+0530][gc,phases   ] GC(127)   Post Evacuate Collection Set: 1.3ms
[2025-03-28T19:26:31.588+0530][gc,phases   ] GC(127)   Other: 0.5ms
[2025-03-28T19:26:31.588+0530][gc,heap     ] GC(127) Eden regions: 49->0(47)
[2025-03-28T19:26:31.588+0530][gc,heap     ] GC(127) Survivor regions: 2->4(7)
[2025-03-28T19:26:31.588+0530][gc,heap     ] GC(127) Old regions: 95->95
[2025-03-28T19:26:31.588+0530][gc,heap     ] GC(127) Archive regions: 2->2
[2025-03-28T19:26:31.589+0530][gc,heap     ] GC(127) Humongous regions: 142->140
[2025-03-28T19:26:31.589+0530][gc,metaspace] GC(127) Metaspace: 49587K(50240K)->49587K(50240K) NonClass: 43955K(44288K)->43955K(44288K) Class: 5631K(5952K)->5631K(5952K)
[2025-03-28T19:26:31.589+0530][gc          ] GC(127) Pause Young (Normal) (G1 Evacuation Pause) 288M->239M(1024M) 69.214ms
[2025-03-28T19:26:31.589+0530][gc,cpu      ] GC(127) User=0.07s Sys=0.01s Real=0.07s
[2025-03-28T19:26:31.768+0530][gc,start    ] GC(128) Pause Young (Normal) (G1 Evacuation Pause)
[2025-03-28T19:26:31.768+0530][gc,task     ] GC(128) Using 2 workers of 2 for evacuation
[2025-03-28T19:26:31.781+0530][gc,phases   ] GC(128)   Pre Evacuate Collection Set: 0.3ms
[2025-03-28T19:26:31.781+0530][gc,phases   ] GC(128)   Merge Heap Roots: 0.1ms
[2025-03-28T19:26:31.781+0530][gc,phases   ] GC(128)   Evacuate Collection Set: 11.3ms
[2025-03-28T19:26:31.781+0530][gc,phases   ] GC(128)   Post Evacuate Collection Set: 0.5ms
[2025-03-28T19:26:31.781+0530][gc,phases   ] GC(128)   Other: 0.2ms
[2025-03-28T19:26:31.781+0530][gc,heap     ] GC(128) Eden regions: 47->0(48)
[2025-03-28T19:26:31.781+0530][gc,heap     ] GC(128) Survivor regions: 4->3(7)
[2025-03-28T19:26:31.781+0530][gc,heap     ] GC(128) Old regions: 95->95
[2025-03-28T19:26:31.781+0530][gc,heap     ] GC(128) Archive regions: 2->2
[2025-03-28T19:26:31.781+0530][gc,heap     ] GC(128) Humongous regions: 142->142
[2025-03-28T19:26:31.781+0530][gc,metaspace] GC(128) Metaspace: 49596K(50240K)->49596K(50240K) NonClass: 43964K(44288K)->43964K(44288K) Class: 5631K(5952K)->5631K(5952K)
[2025-03-28T19:26:31.781+0530][gc          ] GC(128) Pause Young (Normal) (G1 Evacuation Pause) 288M->240M(1024M) 12.389ms
[2025-03-28T19:26:31.781+0530][gc,cpu      ] GC(128) User=0.01s Sys=0.00s Real=0.02s
[2025-03-28T19:26:32.561+0530][gc,start    ] GC(129) Pause Young (Normal) (G1 Evacuation Pause)
[2025-03-28T19:26:32.561+0530][gc,task     ] GC(129) Using 2 workers of 2 for evacuation
[2025-03-28T19:26:32.637+0530][gc,mmu      ] GC(129) MMU target violated: 21.0ms (20.0ms/21.0ms)
[2025-03-28T19:26:32.638+0530][gc,phases   ] GC(129)   Pre Evacuate Collection Set: 3.5ms
[2025-03-28T19:26:32.638+0530][gc,phases   ] GC(129)   Merge Heap Roots: 6.4ms
[2025-03-28T19:26:32.638+0530][gc,phases   ] GC(129)   Evacuate Collection Set: 59.6ms
[2025-03-28T19:26:32.638+0530][gc,phases   ] GC(129)   Post Evacuate Collection Set: 6.0ms
[2025-03-28T19:26:32.638+0530][gc,phases   ] GC(129)   Other: 1.3ms
[2025-03-28T19:26:32.638+0530][gc,heap     ] GC(129) Eden regions: 48->0(47)
[2025-03-28T19:26:32.638+0530][gc,heap     ] GC(129) Survivor regions: 3->4(7)
[2025-03-28T19:26:32.638+0530][gc,heap     ] GC(129) Old regions: 95->95
[2025-03-28T19:26:32.638+0530][gc,heap     ] GC(129) Archive regions: 2->2
[2025-03-28T19:26:32.638+0530][gc,heap     ] GC(129) Humongous regions: 142->140
[2025-03-28T19:26:32.638+0530][gc,metaspace] GC(129) Metaspace: 49603K(50240K)->49603K(50240K) NonClass: 43971K(44288K)->43971K(44288K) Class: 5631K(5952K)->5631K(5952K)
[2025-03-28T19:26:32.638+0530][gc          ] GC(129) Pause Young (Normal) (G1 Evacuation Pause) 288M->238M(1024M) 77.607ms
[2025-03-28T19:26:32.639+0530][gc,cpu      ] GC(129) User=0.03s Sys=0.00s Real=0.08s
[2025-03-28T19:26:32.770+0530][gc,start    ] GC(130) Pause Young (Normal) (G1 Evacuation Pause)
[2025-03-28T19:26:32.770+0530][gc,task     ] GC(130) Using 2 workers of 2 for evacuation
[2025-03-28T19:26:32.784+0530][gc,phases   ] GC(130)   Pre Evacuate Collection Set: 0.4ms
[2025-03-28T19:26:32.784+0530][gc,phases   ] GC(130)   Merge Heap Roots: 0.1ms
[2025-03-28T19:26:32.784+0530][gc,phases   ] GC(130)   Evacuate Collection Set: 12.7ms
[2025-03-28T19:26:32.784+0530][gc,phases   ] GC(130)   Post Evacuate Collection Set: 0.7ms
[2025-03-28T19:26:32.784+0530][gc,phases   ] GC(130)   Other: 0.2ms
[2025-03-28T19:26:32.784+0530][gc,heap     ] GC(130) Eden regions: 47->0(48)
[2025-03-28T19:26:32.784+0530][gc,heap     ] GC(130) Survivor regions: 4->3(7)
[2025-03-28T19:26:32.784+0530][gc,heap     ] GC(130) Old regions: 95->95
[2025-03-28T19:26:32.784+0530][gc,heap     ] GC(130) Archive regions: 2->2
[2025-03-28T19:26:32.784+0530][gc,heap     ] GC(130) Humongous regions: 142->142
[2025-03-28T19:26:32.784+0530][gc,metaspace] GC(130) Metaspace: 49603K(50240K)->49603K(50240K) NonClass: 43971K(44288K)->43971K(44288K) Class: 5631K(5952K)->5631K(5952K)
[2025-03-28T19:26:32.784+0530][gc          ] GC(130) Pause Young (Normal) (G1 Evacuation Pause) 287M->240M(1024M) 14.173ms
[2025-03-28T19:26:32.784+0530][gc,cpu      ] GC(130) User=0.01s Sys=0.00s Real=0.01s
[2025-03-28T19:26:41.564+0530][gc,start    ] GC(131) Pause Young (Normal) (G1 Evacuation Pause)
[2025-03-28T19:26:41.564+0530][gc,task     ] GC(131) Using 2 workers of 2 for evacuation
[2025-03-28T19:26:41.656+0530][gc,mmu      ] GC(131) MMU target violated: 21.0ms (20.0ms/21.0ms)
[2025-03-28T19:26:41.656+0530][gc,phases   ] GC(131)   Pre Evacuate Collection Set: 0.7ms
[2025-03-28T19:26:41.656+0530][gc,phases   ] GC(131)   Merge Heap Roots: 0.5ms
[2025-03-28T19:26:41.656+0530][gc,phases   ] GC(131)   Evacuate Collection Set: 89.0ms
[2025-03-28T19:26:41.656+0530][gc,phases   ] GC(131)   Post Evacuate Collection Set: 0.7ms
[2025-03-28T19:26:41.656+0530][gc,phases   ] GC(131)   Other: 0.6ms
[2025-03-28T19:26:41.656+0530][gc,heap     ] GC(131) Eden regions: 48->0(48)
[2025-03-28T19:26:41.656+0530][gc,heap     ] GC(131) Survivor regions: 3->3(7)
[2025-03-28T19:26:41.656+0530][gc,heap     ] GC(131) Old regions: 95->95
[2025-03-28T19:26:41.656+0530][gc,heap     ] GC(131) Archive regions: 2->2
[2025-03-28T19:26:41.656+0530][gc,heap     ] GC(131) Humongous regions: 142->140
[2025-03-28T19:26:41.656+0530][gc,metaspace] GC(131) Metaspace: 49608K(50304K)->49608K(50304K) NonClass: 43976K(44352K)->43976K(44352K) Class: 5631K(5952K)->5631K(5952K)
[2025-03-28T19:26:41.656+0530][gc          ] GC(131) Pause Young (Normal) (G1 Evacuation Pause) 288M->238M(1024M) 91.752ms
[2025-03-28T19:26:41.656+0530][gc,cpu      ] GC(131) User=0.03s Sys=0.01s Real=0.10s
[2025-03-28T19:26:41.975+0530][gc,start    ] GC(132) Pause Young (Normal) (G1 Evacuation Pause)
[2025-03-28T19:26:41.975+0530][gc,task     ] GC(132) Using 2 workers of 2 for evacuation
[2025-03-28T19:26:42.014+0530][gc,mmu      ] GC(132) MMU target violated: 21.0ms (20.0ms/21.0ms)
[2025-03-28T19:26:42.014+0530][gc,phases   ] GC(132)   Pre Evacuate Collection Set: 0.7ms
[2025-03-28T19:26:42.014+0530][gc,phases   ] GC(132)   Merge Heap Roots: 0.3ms
[2025-03-28T19:26:42.014+0530][gc,phases   ] GC(132)   Evacuate Collection Set: 37.0ms
[2025-03-28T19:26:42.014+0530][gc,phases   ] GC(132)   Post Evacuate Collection Set: 0.5ms
[2025-03-28T19:26:42.014+0530][gc,phases   ] GC(132)   Other: 0.3ms
[2025-03-28T19:26:42.014+0530][gc,heap     ] GC(132) Eden regions: 48->0(48)
[2025-03-28T19:26:42.014+0530][gc,heap     ] GC(132) Survivor regions: 3->3(7)
[2025-03-28T19:26:42.014+0530][gc,heap     ] GC(132) Old regions: 95->95
[2025-03-28T19:26:42.014+0530][gc,heap     ] GC(132) Archive regions: 2->2
[2025-03-28T19:26:42.014+0530][gc,heap     ] GC(132) Humongous regions: 142->142
[2025-03-28T19:26:42.014+0530][gc,metaspace] GC(132) Metaspace: 49620K(50304K)->49620K(50304K) NonClass: 43988K(44352K)->43988K(44352K) Class: 5631K(5952K)->5631K(5952K)
[2025-03-28T19:26:42.014+0530][gc          ] GC(132) Pause Young (Normal) (G1 Evacuation Pause) 288M->240M(1024M) 38.955ms
[2025-03-28T19:26:42.014+0530][gc,cpu      ] GC(132) User=0.01s Sys=0.00s Real=0.03s
[2025-03-28T19:26:42.455+0530][gc,start    ] GC(133) Pause Young (Normal) (G1 Evacuation Pause)
[2025-03-28T19:26:42.455+0530][gc,task     ] GC(133) Using 2 workers of 2 for evacuation
[2025-03-28T19:26:42.462+0530][gc,phases   ] GC(133)   Pre Evacuate Collection Set: 0.2ms
[2025-03-28T19:26:42.462+0530][gc,phases   ] GC(133)   Merge Heap Roots: 0.1ms
[2025-03-28T19:26:42.462+0530][gc,phases   ] GC(133)   Evacuate Collection Set: 6.3ms
[2025-03-28T19:26:42.462+0530][gc,phases   ] GC(133)   Post Evacuate Collection Set: 0.4ms
[2025-03-28T19:26:42.462+0530][gc,phases   ] GC(133)   Other: 0.1ms
[2025-03-28T19:26:42.462+0530][gc,heap     ] GC(133) Eden regions: 48->0(48)
[2025-03-28T19:26:42.462+0530][gc,heap     ] GC(133) Survivor regions: 3->3(7)
[2025-03-28T19:26:42.462+0530][gc,heap     ] GC(133) Old regions: 95->95
[2025-03-28T19:26:42.462+0530][gc,heap     ] GC(133) Archive regions: 2->2
[2025-03-28T19:26:42.462+0530][gc,heap     ] GC(133) Humongous regions: 142->140
[2025-03-28T19:26:42.462+0530][gc,metaspace] GC(133) Metaspace: 49620K(50304K)->49620K(50304K) NonClass: 43988K(44352K)->43988K(44352K) Class: 5631K(5952K)->5631K(5952K)
[2025-03-28T19:26:42.462+0530][gc          ] GC(133) Pause Young (Normal) (G1 Evacuation Pause) 288M->237M(1024M) 7.295ms
[2025-03-28T19:26:42.463+0530][gc,cpu      ] GC(133) User=0.01s Sys=0.00s Real=0.01s
[2025-03-28T19:26:42.596+0530][gc,start    ] GC(134) Pause Young (Normal) (G1 Evacuation Pause)
[2025-03-28T19:26:42.596+0530][gc,task     ] GC(134) Using 2 workers of 2 for evacuation
[2025-03-28T19:26:42.603+0530][gc,phases   ] GC(134)   Pre Evacuate Collection Set: 0.4ms
[2025-03-28T19:26:42.603+0530][gc,phases   ] GC(134)   Merge Heap Roots: 0.1ms
[2025-03-28T19:26:42.603+0530][gc,phases   ] GC(134)   Evacuate Collection Set: 6.0ms
[2025-03-28T19:26:42.603+0530][gc,phases   ] GC(134)   Post Evacuate Collection Set: 0.6ms
[2025-03-28T19:26:42.604+0530][gc,phases   ] GC(134)   Other: 0.2ms
[2025-03-28T19:26:42.604+0530][gc,heap     ] GC(134) Eden regions: 48->0(48)
[2025-03-28T19:26:42.604+0530][gc,heap     ] GC(134) Survivor regions: 3->3(7)
[2025-03-28T19:26:42.604+0530][gc,heap     ] GC(134) Old regions: 95->95
[2025-03-28T19:26:42.604+0530][gc,heap     ] GC(134) Archive regions: 2->2
[2025-03-28T19:26:42.604+0530][gc,heap     ] GC(134) Humongous regions: 142->142
[2025-03-28T19:26:42.604+0530][gc,metaspace] GC(134) Metaspace: 49620K(50304K)->49620K(50304K) NonClass: 43988K(44352K)->43988K(44352K) Class: 5631K(5952K)->5631K(5952K)
[2025-03-28T19:26:42.604+0530][gc          ] GC(134) Pause Young (Normal) (G1 Evacuation Pause) 287M->240M(1024M) 7.398ms
[2025-03-28T19:26:42.604+0530][gc,cpu      ] GC(134) User=0.01s Sys=0.00s Real=0.01s
[2025-03-28T19:26:51.603+0530][gc,start    ] GC(135) Pause Young (Normal) (G1 Evacuation Pause)
[2025-03-28T19:26:51.603+0530][gc,task     ] GC(135) Using 2 workers of 2 for evacuation
[2025-03-28T19:26:51.610+0530][gc,phases   ] GC(135)   Pre Evacuate Collection Set: 1.3ms
[2025-03-28T19:26:51.610+0530][gc,phases   ] GC(135)   Merge Heap Roots: 0.1ms
[2025-03-28T19:26:51.610+0530][gc,phases   ] GC(135)   Evacuate Collection Set: 4.0ms
[2025-03-28T19:26:51.610+0530][gc,phases   ] GC(135)   Post Evacuate Collection Set: 0.8ms
[2025-03-28T19:26:51.610+0530][gc,phases   ] GC(135)   Other: 0.2ms
[2025-03-28T19:26:51.610+0530][gc,heap     ] GC(135) Eden regions: 48->0(49)
[2025-03-28T19:26:51.610+0530][gc,heap     ] GC(135) Survivor regions: 3->2(7)
[2025-03-28T19:26:51.610+0530][gc,heap     ] GC(135) Old regions: 95->95
[2025-03-28T19:26:51.610+0530][gc,heap     ] GC(135) Archive regions: 2->2
[2025-03-28T19:26:51.610+0530][gc,heap     ] GC(135) Humongous regions: 142->140
[2025-03-28T19:26:51.610+0530][gc,metaspace] GC(135) Metaspace: 49626K(50304K)->49626K(50304K) NonClass: 43994K(44352K)->43994K(44352K) Class: 5631K(5952K)->5631K(5952K)
[2025-03-28T19:26:51.610+0530][gc          ] GC(135) Pause Young (Normal) (G1 Evacuation Pause) 288M->237M(1024M) 6.584ms
[2025-03-28T19:26:51.610+0530][gc,cpu      ] GC(135) User=0.01s Sys=0.00s Real=0.01s
[2025-03-28T19:26:51.857+0530][gc,start    ] GC(136) Pause Young (Normal) (G1 Evacuation Pause)
[2025-03-28T19:26:51.857+0530][gc,task     ] GC(136) Using 2 workers of 2 for evacuation
[2025-03-28T19:26:51.881+0530][gc,mmu      ] GC(136) MMU target violated: 21.0ms (20.0ms/21.0ms)
[2025-03-28T19:26:51.881+0530][gc,phases   ] GC(136)   Pre Evacuate Collection Set: 3.7ms
[2025-03-28T19:26:51.881+0530][gc,phases   ] GC(136)   Merge Heap Roots: 0.1ms
[2025-03-28T19:26:51.881+0530][gc,phases   ] GC(136)   Evacuate Collection Set: 19.4ms
[2025-03-28T19:26:51.881+0530][gc,phases   ] GC(136)   Post Evacuate Collection Set: 0.5ms
[2025-03-28T19:26:51.881+0530][gc,phases   ] GC(136)   Other: 0.2ms
[2025-03-28T19:26:51.881+0530][gc,heap     ] GC(136) Eden regions: 49->0(48)
[2025-03-28T19:26:51.881+0530][gc,heap     ] GC(136) Survivor regions: 2->3(7)
[2025-03-28T19:26:51.881+0530][gc,heap     ] GC(136) Old regions: 95->95
[2025-03-28T19:26:51.881+0530][gc,heap     ] GC(136) Archive regions: 2->2
[2025-03-28T19:26:51.881+0530][gc,heap     ] GC(136) Humongous regions: 142->142
[2025-03-28T19:26:51.881+0530][gc,metaspace] GC(136) Metaspace: 49628K(50304K)->49628K(50304K) NonClass: 43996K(44352K)->43996K(44352K) Class: 5631K(5952K)->5631K(5952K)
[2025-03-28T19:26:51.881+0530][gc          ] GC(136) Pause Young (Normal) (G1 Evacuation Pause) 288M->240M(1024M) 23.978ms
[2025-03-28T19:26:51.881+0530][gc,cpu      ] GC(136) User=0.01s Sys=0.00s Real=0.03s
[2025-03-28T19:26:52.495+0530][gc,start    ] GC(137) Pause Young (Normal) (G1 Evacuation Pause)
[2025-03-28T19:26:52.495+0530][gc,task     ] GC(137) Using 2 workers of 2 for evacuation
[2025-03-28T19:26:52.510+0530][gc,phases   ] GC(137)   Pre Evacuate Collection Set: 2.3ms
[2025-03-28T19:26:52.510+0530][gc,phases   ] GC(137)   Merge Heap Roots: 0.3ms
[2025-03-28T19:26:52.510+0530][gc,phases   ] GC(137)   Evacuate Collection Set: 7.9ms
[2025-03-28T19:26:52.510+0530][gc,phases   ] GC(137)   Post Evacuate Collection Set: 1.9ms
[2025-03-28T19:26:52.510+0530][gc,phases   ] GC(137)   Other: 2.3ms
[2025-03-28T19:26:52.510+0530][gc,heap     ] GC(137) Eden regions: 48->0(61)
[2025-03-28T19:26:52.510+0530][gc,heap     ] GC(137) Survivor regions: 3->2(7)
[2025-03-28T19:26:52.510+0530][gc,heap     ] GC(137) Old regions: 95->95
[2025-03-28T19:26:52.510+0530][gc,heap     ] GC(137) Archive regions: 2->2
[2025-03-28T19:26:52.510+0530][gc,heap     ] GC(137) Humongous regions: 142->140
[2025-03-28T19:26:52.510+0530][gc,metaspace] GC(137) Metaspace: 49632K(50304K)->49632K(50304K) NonClass: 44000K(44352K)->44000K(44352K) Class: 5631K(5952K)->5631K(5952K)
[2025-03-28T19:26:52.510+0530][gc          ] GC(137) Pause Young (Normal) (G1 Evacuation Pause) 288M->237M(1024M) 15.231ms
[2025-03-28T19:26:52.510+0530][gc,cpu      ] GC(137) User=0.02s Sys=0.00s Real=0.02s
[2025-03-28T19:26:52.791+0530][gc,start    ] GC(138) Pause Young (Normal) (G1 Evacuation Pause)
[2025-03-28T19:26:52.791+0530][gc,task     ] GC(138) Using 2 workers of 2 for evacuation
[2025-03-28T19:26:52.800+0530][gc,phases   ] GC(138)   Pre Evacuate Collection Set: 0.4ms
[2025-03-28T19:26:52.800+0530][gc,phases   ] GC(138)   Merge Heap Roots: 0.1ms
[2025-03-28T19:26:52.800+0530][gc,phases   ] GC(138)   Evacuate Collection Set: 8.3ms
[2025-03-28T19:26:52.800+0530][gc,phases   ] GC(138)   Post Evacuate Collection Set: 0.6ms
[2025-03-28T19:26:52.800+0530][gc,phases   ] GC(138)   Other: 0.2ms
[2025-03-28T19:26:52.800+0530][gc,heap     ] GC(138) Eden regions: 61->0(70)
[2025-03-28T19:26:52.800+0530][gc,heap     ] GC(138) Survivor regions: 2->3(8)
[2025-03-28T19:26:52.800+0530][gc,heap     ] GC(138) Old regions: 95->95
[2025-03-28T19:26:52.800+0530][gc,heap     ] GC(138) Archive regions: 2->2
[2025-03-28T19:26:52.800+0530][gc,heap     ] GC(138) Humongous regions: 142->142
[2025-03-28T19:26:52.800+0530][gc,metaspace] GC(138) Metaspace: 49633K(50304K)->49633K(50304K) NonClass: 44001K(44352K)->44001K(44352K) Class: 5631K(5952K)->5631K(5952K)
[2025-03-28T19:26:52.800+0530][gc          ] GC(138) Pause Young (Normal) (G1 Evacuation Pause) 300M->240M(1024M) 9.677ms
[2025-03-28T19:26:52.800+0530][gc,cpu      ] GC(138) User=0.01s Sys=0.00s Real=0.01s
[2025-03-28T19:27:00.809+0530][gc,start    ] GC(139) Pause Young (Normal) (G1 Evacuation Pause)
[2025-03-28T19:27:00.809+0530][gc,task     ] GC(139) Using 2 workers of 2 for evacuation
[2025-03-28T19:27:00.846+0530][gc,mmu      ] GC(139) MMU target violated: 21.0ms (20.0ms/21.0ms)
[2025-03-28T19:27:00.846+0530][gc,phases   ] GC(139)   Pre Evacuate Collection Set: 0.3ms
[2025-03-28T19:27:00.846+0530][gc,phases   ] GC(139)   Merge Heap Roots: 0.1ms
[2025-03-28T19:27:00.846+0530][gc,phases   ] GC(139)   Evacuate Collection Set: 17.7ms
[2025-03-28T19:27:00.846+0530][gc,phases   ] GC(139)   Post Evacuate Collection Set: 19.0ms
[2025-03-28T19:27:00.846+0530][gc,phases   ] GC(139)   Other: 0.3ms
[2025-03-28T19:27:00.846+0530][gc,heap     ] GC(139) Eden regions: 70->0(45)
[2025-03-28T19:27:00.846+0530][gc,heap     ] GC(139) Survivor regions: 3->6(10)
[2025-03-28T19:27:00.846+0530][gc,heap     ] GC(139) Old regions: 95->95
[2025-03-28T19:27:00.846+0530][gc,heap     ] GC(139) Archive regions: 2->2
[2025-03-28T19:27:00.846+0530][gc,heap     ] GC(139) Humongous regions: 142->140
[2025-03-28T19:27:00.846+0530][gc,metaspace] GC(139) Metaspace: 49663K(50304K)->49663K(50304K) NonClass: 44031K(44352K)->44031K(44352K) Class: 5631K(5952K)->5631K(5952K)
[2025-03-28T19:27:00.846+0530][gc          ] GC(139) Pause Young (Normal) (G1 Evacuation Pause) 310M->241M(1024M) 37.481ms
[2025-03-28T19:27:00.846+0530][gc,cpu      ] GC(139) User=0.02s Sys=0.00s Real=0.04s
[2025-03-28T19:27:01.094+0530][gc,start    ] GC(140) Pause Young (Normal) (G1 Evacuation Pause)
[2025-03-28T19:27:01.094+0530][gc,task     ] GC(140) Using 2 workers of 2 for evacuation
[2025-03-28T19:27:01.104+0530][gc,phases   ] GC(140)   Pre Evacuate Collection Set: 0.4ms
[2025-03-28T19:27:01.104+0530][gc,phases   ] GC(140)   Merge Heap Roots: 0.1ms
[2025-03-28T19:27:01.104+0530][gc,phases   ] GC(140)   Evacuate Collection Set: 8.4ms
[2025-03-28T19:27:01.104+0530][gc,phases   ] GC(140)   Post Evacuate Collection Set: 0.4ms
[2025-03-28T19:27:01.104+0530][gc,phases   ] GC(140)   Other: 0.2ms
[2025-03-28T19:27:01.104+0530][gc,heap     ] GC(140) Eden regions: 45->0(49)
[2025-03-28T19:27:01.104+0530][gc,heap     ] GC(140) Survivor regions: 6->2(7)
[2025-03-28T19:27:01.104+0530][gc,heap     ] GC(140) Old regions: 95->96
[2025-03-28T19:27:01.104+0530][gc,heap     ] GC(140) Archive regions: 2->2
[2025-03-28T19:27:01.104+0530][gc,heap     ] GC(140) Humongous regions: 142->142
[2025-03-28T19:27:01.104+0530][gc,metaspace] GC(140) Metaspace: 49663K(50304K)->49663K(50304K) NonClass: 44031K(44352K)->44031K(44352K) Class: 5631K(5952K)->5631K(5952K)
[2025-03-28T19:27:01.104+0530][gc          ] GC(140) Pause Young (Normal) (G1 Evacuation Pause) 288M->240M(1024M) 9.672ms
[2025-03-28T19:27:01.104+0530][gc,cpu      ] GC(140) User=0.00s Sys=0.00s Real=0.01s
[2025-03-28T19:27:02.547+0530][gc,start    ] GC(141) Pause Young (Normal) (G1 Evacuation Pause)
[2025-03-28T19:27:02.547+0530][gc,task     ] GC(141) Using 2 workers of 2 for evacuation
[2025-03-28T19:27:02.562+0530][gc,phases   ] GC(141)   Pre Evacuate Collection Set: 0.2ms
[2025-03-28T19:27:02.562+0530][gc,phases   ] GC(141)   Merge Heap Roots: 0.1ms
[2025-03-28T19:27:02.562+0530][gc,phases   ] GC(141)   Evacuate Collection Set: 14.4ms
[2025-03-28T19:27:02.562+0530][gc,phases   ] GC(141)   Post Evacuate Collection Set: 0.7ms
[2025-03-28T19:27:02.562+0530][gc,phases   ] GC(141)   Other: 0.2ms
[2025-03-28T19:27:02.562+0530][gc,heap     ] GC(141) Eden regions: 49->0(45)
[2025-03-28T19:27:02.562+0530][gc,heap     ] GC(141) Survivor regions: 2->6(7)
[2025-03-28T19:27:02.562+0530][gc,heap     ] GC(141) Old regions: 96->96
[2025-03-28T19:27:02.562+0530][gc,heap     ] GC(141) Archive regions: 2->2
[2025-03-28T19:27:02.562+0530][gc,heap     ] GC(141) Humongous regions: 142->140
[2025-03-28T19:27:02.562+0530][gc,metaspace] GC(141) Metaspace: 49665K(50304K)->49665K(50304K) NonClass: 44033K(44352K)->44033K(44352K) Class: 5631K(5952K)->5631K(5952K)
[2025-03-28T19:27:02.562+0530][gc          ] GC(141) Pause Young (Normal) (G1 Evacuation Pause) 289M->241M(1024M) 15.663ms
[2025-03-28T19:27:02.562+0530][gc,cpu      ] GC(141) User=0.02s Sys=0.00s Real=0.02s
[2025-03-28T19:27:02.707+0530][gc,start    ] GC(142) Pause Young (Normal) (G1 Evacuation Pause)
[2025-03-28T19:27:02.707+0530][gc,task     ] GC(142) Using 2 workers of 2 for evacuation
[2025-03-28T19:27:02.714+0530][gc,phases   ] GC(142)   Pre Evacuate Collection Set: 0.2ms
[2025-03-28T19:27:02.714+0530][gc,phases   ] GC(142)   Merge Heap Roots: 0.1ms
[2025-03-28T19:27:02.714+0530][gc,phases   ] GC(142)   Evacuate Collection Set: 6.6ms
[2025-03-28T19:27:02.714+0530][gc,phases   ] GC(142)   Post Evacuate Collection Set: 0.6ms
[2025-03-28T19:27:02.714+0530][gc,phases   ] GC(142)   Other: 0.2ms
[2025-03-28T19:27:02.714+0530][gc,heap     ] GC(142) Eden regions: 45->0(62)
[2025-03-28T19:27:02.714+0530][gc,heap     ] GC(142) Survivor regions: 6->2(7)
[2025-03-28T19:27:02.714+0530][gc,heap     ] GC(142) Old regions: 96->97
[2025-03-28T19:27:02.714+0530][gc,heap     ] GC(142) Archive regions: 2->2
[2025-03-28T19:27:02.714+0530][gc,heap     ] GC(142) Humongous regions: 142->142
[2025-03-28T19:27:02.714+0530][gc,metaspace] GC(142) Metaspace: 49665K(50304K)->49665K(50304K) NonClass: 44033K(44352K)->44033K(44352K) Class: 5631K(5952K)->5631K(5952K)
[2025-03-28T19:27:02.714+0530][gc          ] GC(142) Pause Young (Normal) (G1 Evacuation Pause) 288M->241M(1024M) 7.796ms
[2025-03-28T19:27:02.714+0530][gc,cpu      ] GC(142) User=0.02s Sys=0.00s Real=0.01s
[2025-03-28T19:27:11.804+0530][gc,start    ] GC(143) Pause Young (Normal) (G1 Evacuation Pause)
[2025-03-28T19:27:11.804+0530][gc,task     ] GC(143) Using 2 workers of 2 for evacuation
[2025-03-28T19:27:11.936+0530][gc,mmu      ] GC(143) MMU target violated: 21.0ms (20.0ms/21.0ms)
[2025-03-28T19:27:11.936+0530][gc,phases   ] GC(143)   Pre Evacuate Collection Set: 0.8ms
[2025-03-28T19:27:11.936+0530][gc,phases   ] GC(143)   Merge Heap Roots: 0.5ms
[2025-03-28T19:27:11.936+0530][gc,phases   ] GC(143)   Evacuate Collection Set: 128.3ms
[2025-03-28T19:27:11.936+0530][gc,phases   ] GC(143)   Post Evacuate Collection Set: 1.8ms
[2025-03-28T19:27:11.936+0530][gc,phases   ] GC(143)   Other: 0.7ms
[2025-03-28T19:27:11.936+0530][gc,heap     ] GC(143) Eden regions: 62->0(44)
[2025-03-28T19:27:11.936+0530][gc,heap     ] GC(143) Survivor regions: 2->7(8)
[2025-03-28T19:27:11.947+0530][gc,heap     ] GC(143) Old regions: 97->97
[2025-03-28T19:27:11.947+0530][gc,heap     ] GC(143) Archive regions: 2->2
[2025-03-28T19:27:11.947+0530][gc,heap     ] GC(143) Humongous regions: 142->140
[2025-03-28T19:27:11.947+0530][gc,metaspace] GC(143) Metaspace: 49694K(50368K)->49694K(50368K) NonClass: 44062K(44416K)->44062K(44416K) Class: 5631K(5952K)->5631K(5952K)
[2025-03-28T19:27:11.948+0530][gc          ] GC(143) Pause Young (Normal) (G1 Evacuation Pause) 303M->243M(1024M) 143.645ms
[2025-03-28T19:27:11.948+0530][gc,cpu      ] GC(143) User=0.07s Sys=0.01s Real=0.15s
[2025-03-28T19:27:12.618+0530][gc,start    ] GC(144) Pause Young (Normal) (G1 Evacuation Pause)
[2025-03-28T19:27:12.618+0530][gc,task     ] GC(144) Using 2 workers of 2 for evacuation
[2025-03-28T19:27:12.686+0530][gc,mmu      ] GC(144) MMU target violated: 21.0ms (20.0ms/21.0ms)
[2025-03-28T19:27:12.687+0530][gc,phases   ] GC(144)   Pre Evacuate Collection Set: 2.8ms
[2025-03-28T19:27:12.687+0530][gc,phases   ] GC(144)   Merge Heap Roots: 0.4ms
[2025-03-28T19:27:12.687+0530][gc,phases   ] GC(144)   Evacuate Collection Set: 62.8ms
[2025-03-28T19:27:12.687+0530][gc,phases   ] GC(144)   Post Evacuate Collection Set: 1.8ms
[2025-03-28T19:27:12.687+0530][gc,phases   ] GC(144)   Other: 0.7ms
[2025-03-28T19:27:12.687+0530][gc,heap     ] GC(144) Eden regions: 44->0(49)
[2025-03-28T19:27:12.687+0530][gc,heap     ] GC(144) Survivor regions: 7->2(7)
[2025-03-28T19:27:12.687+0530][gc,heap     ] GC(144) Old regions: 97->98
[2025-03-28T19:27:12.687+0530][gc,heap     ] GC(144) Archive regions: 2->2
[2025-03-28T19:27:12.687+0530][gc,heap     ] GC(144) Humongous regions: 142->142
[2025-03-28T19:27:12.687+0530][gc,metaspace] GC(144) Metaspace: 49694K(50368K)->49694K(50368K) NonClass: 44062K(44416K)->44062K(44416K) Class: 5631K(5952K)->5631K(5952K)
[2025-03-28T19:27:12.687+0530][gc          ] GC(144) Pause Young (Normal) (G1 Evacuation Pause) 289M->242M(1024M) 68.956ms
[2025-03-28T19:27:12.687+0530][gc,cpu      ] GC(144) User=0.04s Sys=0.00s Real=0.06s
[2025-03-28T19:27:13.050+0530][gc,start    ] GC(145) Pause Young (Normal) (G1 Evacuation Pause)
[2025-03-28T19:27:13.050+0530][gc,task     ] GC(145) Using 2 workers of 2 for evacuation
[2025-03-28T19:27:13.082+0530][gc,mmu      ] GC(145) MMU target violated: 21.0ms (20.0ms/21.0ms)
[2025-03-28T19:27:13.082+0530][gc,phases   ] GC(145)   Pre Evacuate Collection Set: 1.4ms
[2025-03-28T19:27:13.083+0530][gc,phases   ] GC(145)   Merge Heap Roots: 0.4ms
[2025-03-28T19:27:13.083+0530][gc,phases   ] GC(145)   Evacuate Collection Set: 27.9ms
[2025-03-28T19:27:13.083+0530][gc,phases   ] GC(145)   Post Evacuate Collection Set: 1.9ms
[2025-03-28T19:27:13.083+0530][gc,phases   ] GC(145)   Other: 0.6ms
[2025-03-28T19:27:13.083+0530][gc,heap     ] GC(145) Eden regions: 49->0(45)
[2025-03-28T19:27:13.083+0530][gc,heap     ] GC(145) Survivor regions: 2->6(7)
[2025-03-28T19:27:13.083+0530][gc,heap     ] GC(145) Old regions: 98->98
[2025-03-28T19:27:13.083+0530][gc,heap     ] GC(145) Archive regions: 2->2
[2025-03-28T19:27:13.083+0530][gc,heap     ] GC(145) Humongous regions: 142->140
[2025-03-28T19:27:13.083+0530][gc,metaspace] GC(145) Metaspace: 49697K(50368K)->49697K(50368K) NonClass: 44065K(44416K)->44065K(44416K) Class: 5631K(5952K)->5631K(5952K)
[2025-03-28T19:27:13.083+0530][gc          ] GC(145) Pause Young (Normal) (G1 Evacuation Pause) 291M->244M(1024M) 32.653ms
[2025-03-28T19:27:13.083+0530][gc,cpu      ] GC(145) User=0.04s Sys=0.01s Real=0.03s
[2025-03-28T19:27:13.451+0530][gc,start    ] GC(146) Pause Young (Normal) (G1 Evacuation Pause)
[2025-03-28T19:27:13.452+0530][gc,task     ] GC(146) Using 2 workers of 2 for evacuation
[2025-03-28T19:27:13.499+0530][gc,mmu      ] GC(146) MMU target violated: 21.0ms (20.0ms/21.0ms)
[2025-03-28T19:27:13.500+0530][gc,phases   ] GC(146)   Pre Evacuate Collection Set: 0.6ms
[2025-03-28T19:27:13.500+0530][gc,phases   ] GC(146)   Merge Heap Roots: 0.2ms
[2025-03-28T19:27:13.500+0530][gc,phases   ] GC(146)   Evacuate Collection Set: 44.9ms
[2025-03-28T19:27:13.500+0530][gc,phases   ] GC(146)   Post Evacuate Collection Set: 2.0ms
[2025-03-28T19:27:13.500+0530][gc,phases   ] GC(146)   Other: 0.5ms
[2025-03-28T19:27:13.500+0530][gc,heap     ] GC(146) Eden regions: 45->0(49)
[2025-03-28T19:27:13.500+0530][gc,heap     ] GC(146) Survivor regions: 6->2(7)
[2025-03-28T19:27:13.500+0530][gc,heap     ] GC(146) Old regions: 98->99
[2025-03-28T19:27:13.500+0530][gc,heap     ] GC(146) Archive regions: 2->2
[2025-03-28T19:27:13.500+0530][gc,heap     ] GC(146) Humongous regions: 142->142
[2025-03-28T19:27:13.500+0530][gc,metaspace] GC(146) Metaspace: 49697K(50368K)->49697K(50368K) NonClass: 44065K(44416K)->44065K(44416K) Class: 5631K(5952K)->5631K(5952K)
[2025-03-28T19:27:13.500+0530][gc          ] GC(146) Pause Young (Normal) (G1 Evacuation Pause) 291M->243M(1024M) 48.720ms
[2025-03-28T19:27:13.500+0530][gc,cpu      ] GC(146) User=0.03s Sys=0.00s Real=0.05s
[2025-03-28T19:27:21.875+0530][gc,start    ] GC(147) Pause Young (Normal) (G1 Evacuation Pause)
[2025-03-28T19:27:21.875+0530][gc,task     ] GC(147) Using 2 workers of 2 for evacuation
[2025-03-28T19:27:21.932+0530][gc,mmu      ] GC(147) MMU target violated: 21.0ms (20.0ms/21.0ms)
[2025-03-28T19:27:21.932+0530][gc,phases   ] GC(147)   Pre Evacuate Collection Set: 9.3ms
[2025-03-28T19:27:21.933+0530][gc,phases   ] GC(147)   Merge Heap Roots: 0.3ms
[2025-03-28T19:27:21.933+0530][gc,phases   ] GC(147)   Evacuate Collection Set: 45.3ms
[2025-03-28T19:27:21.933+0530][gc,phases   ] GC(147)   Post Evacuate Collection Set: 2.0ms
[2025-03-28T19:27:21.933+0530][gc,phases   ] GC(147)   Other: 0.7ms
[2025-03-28T19:27:21.933+0530][gc,heap     ] GC(147) Eden regions: 49->0(46)
[2025-03-28T19:27:21.933+0530][gc,heap     ] GC(147) Survivor regions: 2->5(7)
[2025-03-28T19:27:21.933+0530][gc,heap     ] GC(147) Old regions: 99->99
[2025-03-28T19:27:21.933+0530][gc,heap     ] GC(147) Archive regions: 2->2
[2025-03-28T19:27:21.933+0530][gc,heap     ] GC(147) Humongous regions: 142->140
[2025-03-28T19:27:21.933+0530][gc,metaspace] GC(147) Metaspace: 49721K(50368K)->49721K(50368K) NonClass: 44089K(44416K)->44089K(44416K) Class: 5632K(5952K)->5632K(5952K)
[2025-03-28T19:27:21.933+0530][gc          ] GC(147) Pause Young (Normal) (G1 Evacuation Pause) 292M->244M(1024M) 58.089ms
[2025-03-28T19:27:21.933+0530][gc,cpu      ] GC(147) User=0.04s Sys=0.00s Real=0.06s
[2025-03-28T19:27:23.301+0530][gc,start    ] GC(148) Pause Young (Normal) (G1 Evacuation Pause)
[2025-03-28T19:27:23.302+0530][gc,task     ] GC(148) Using 2 workers of 2 for evacuation
[2025-03-28T19:27:23.353+0530][gc,mmu      ] GC(148) MMU target violated: 21.0ms (20.0ms/21.0ms)
[2025-03-28T19:27:23.353+0530][gc,phases   ] GC(148)   Pre Evacuate Collection Set: 0.6ms
[2025-03-28T19:27:23.353+0530][gc,phases   ] GC(148)   Merge Heap Roots: 0.3ms
[2025-03-28T19:27:23.353+0530][gc,phases   ] GC(148)   Evacuate Collection Set: 48.4ms
[2025-03-28T19:27:23.353+0530][gc,phases   ] GC(148)   Post Evacuate Collection Set: 1.1ms
[2025-03-28T19:27:23.353+0530][gc,phases   ] GC(148)   Other: 0.9ms
[2025-03-28T19:27:23.353+0530][gc,heap     ] GC(148) Eden regions: 46->0(48)
[2025-03-28T19:27:23.353+0530][gc,heap     ] GC(148) Survivor regions: 5->3(7)
[2025-03-28T19:27:23.353+0530][gc,heap     ] GC(148) Old regions: 99->100
[2025-03-28T19:27:23.353+0530][gc,heap     ] GC(148) Archive regions: 2->2
[2025-03-28T19:27:23.353+0530][gc,heap     ] GC(148) Humongous regions: 142->142
[2025-03-28T19:27:23.354+0530][gc,metaspace] GC(148) Metaspace: 49722K(50368K)->49722K(50368K) NonClass: 44089K(44416K)->44089K(44416K) Class: 5632K(5952K)->5632K(5952K)
[2025-03-28T19:27:23.354+0530][gc          ] GC(148) Pause Young (Normal) (G1 Evacuation Pause) 292M->245M(1024M) 52.183ms
[2025-03-28T19:27:23.354+0530][gc,cpu      ] GC(148) User=0.04s Sys=0.00s Real=0.05s
[2025-03-28T19:27:23.910+0530][gc,start    ] GC(149) Pause Young (Normal) (G1 Evacuation Pause)
[2025-03-28T19:27:23.910+0530][gc,task     ] GC(149) Using 2 workers of 2 for evacuation
[2025-03-28T19:27:24.001+0530][gc,mmu      ] GC(149) MMU target violated: 21.0ms (20.0ms/21.0ms)
[2025-03-28T19:27:24.002+0530][gc,phases   ] GC(149)   Pre Evacuate Collection Set: 1.1ms
[2025-03-28T19:27:24.002+0530][gc,phases   ] GC(149)   Merge Heap Roots: 0.4ms
[2025-03-28T19:27:24.002+0530][gc,phases   ] GC(149)   Evacuate Collection Set: 80.3ms
[2025-03-28T19:27:24.002+0530][gc,phases   ] GC(149)   Post Evacuate Collection Set: 9.3ms
[2025-03-28T19:27:24.002+0530][gc,phases   ] GC(149)   Other: 0.7ms
[2025-03-28T19:27:24.002+0530][gc,heap     ] GC(149) Eden regions: 48->0(47)
[2025-03-28T19:27:24.002+0530][gc,heap     ] GC(149) Survivor regions: 3->4(7)
[2025-03-28T19:27:24.002+0530][gc,heap     ] GC(149) Old regions: 100->100
[2025-03-28T19:27:24.002+0530][gc,heap     ] GC(149) Archive regions: 2->2
[2025-03-28T19:27:24.002+0530][gc,heap     ] GC(149) Humongous regions: 142->140
[2025-03-28T19:27:24.002+0530][gc,metaspace] GC(149) Metaspace: 49722K(50368K)->49722K(50368K) NonClass: 44089K(44416K)->44089K(44416K) Class: 5632K(5952K)->5632K(5952K)
[2025-03-28T19:27:24.002+0530][gc          ] GC(149) Pause Young (Normal) (G1 Evacuation Pause) 293M->244M(1024M) 92.229ms
[2025-03-28T19:27:24.002+0530][gc,cpu      ] GC(149) User=0.04s Sys=0.00s Real=0.09s
[2025-03-28T19:27:25.204+0530][gc,start    ] GC(150) Pause Young (Normal) (G1 Evacuation Pause)
[2025-03-28T19:27:25.205+0530][gc,task     ] GC(150) Using 2 workers of 2 for evacuation
[2025-03-28T19:27:25.259+0530][gc,mmu      ] GC(150) MMU target violated: 21.0ms (20.0ms/21.0ms)
[2025-03-28T19:27:25.259+0530][gc,phases   ] GC(150)   Pre Evacuate Collection Set: 1.2ms
[2025-03-28T19:27:25.259+0530][gc,phases   ] GC(150)   Merge Heap Roots: 0.4ms
[2025-03-28T19:27:25.259+0530][gc,phases   ] GC(150)   Evacuate Collection Set: 51.3ms
[2025-03-28T19:27:25.259+0530][gc,phases   ] GC(150)   Post Evacuate Collection Set: 1.0ms
[2025-03-28T19:27:25.259+0530][gc,phases   ] GC(150)   Other: 0.6ms
[2025-03-28T19:27:25.259+0530][gc,heap     ] GC(150) Eden regions: 47->0(48)
[2025-03-28T19:27:25.259+0530][gc,heap     ] GC(150) Survivor regions: 4->3(7)
[2025-03-28T19:27:25.259+0530][gc,heap     ] GC(150) Old regions: 100->100
[2025-03-28T19:27:25.259+0530][gc,heap     ] GC(150) Archive regions: 2->2
[2025-03-28T19:27:25.259+0530][gc,heap     ] GC(150) Humongous regions: 142->142
[2025-03-28T19:27:25.259+0530][gc,metaspace] GC(150) Metaspace: 49722K(50368K)->49722K(50368K) NonClass: 44089K(44416K)->44089K(44416K) Class: 5632K(5952K)->5632K(5952K)
[2025-03-28T19:27:25.259+0530][gc          ] GC(150) Pause Young (Normal) (G1 Evacuation Pause) 293M->245M(1024M) 54.785ms
[2025-03-28T19:27:25.259+0530][gc,cpu      ] GC(150) User=0.04s Sys=0.01s Real=0.06s
[2025-03-28T19:27:31.541+0530][gc,start    ] GC(151) Pause Young (Normal) (G1 Evacuation Pause)
[2025-03-28T19:27:31.541+0530][gc,task     ] GC(151) Using 2 workers of 2 for evacuation
[2025-03-28T19:27:31.579+0530][gc,mmu      ] GC(151) MMU target violated: 21.0ms (20.0ms/21.0ms)
[2025-03-28T19:27:31.579+0530][gc,phases   ] GC(151)   Pre Evacuate Collection Set: 0.7ms
[2025-03-28T19:27:31.579+0530][gc,phases   ] GC(151)   Merge Heap Roots: 0.4ms
[2025-03-28T19:27:31.579+0530][gc,phases   ] GC(151)   Evacuate Collection Set: 34.1ms
[2025-03-28T19:27:31.579+0530][gc,phases   ] GC(151)   Post Evacuate Collection Set: 2.4ms
[2025-03-28T19:27:31.580+0530][gc,phases   ] GC(151)   Other: 0.8ms
[2025-03-28T19:27:31.580+0530][gc,heap     ] GC(151) Eden regions: 48->0(48)
[2025-03-28T19:27:31.580+0530][gc,heap     ] GC(151) Survivor regions: 3->3(7)
[2025-03-28T19:27:31.580+0530][gc,heap     ] GC(151) Old regions: 100->100
[2025-03-28T19:27:31.580+0530][gc,heap     ] GC(151) Archive regions: 2->2
[2025-03-28T19:27:31.580+0530][gc,heap     ] GC(151) Humongous regions: 142->140
[2025-03-28T19:27:31.580+0530][gc,metaspace] GC(151) Metaspace: 49727K(50368K)->49727K(50368K) NonClass: 44094K(44416K)->44094K(44416K) Class: 5632K(5952K)->5632K(5952K)
[2025-03-28T19:27:31.580+0530][gc          ] GC(151) Pause Young (Normal) (G1 Evacuation Pause) 293M->243M(1024M) 38.966ms
[2025-03-28T19:27:31.580+0530][gc,cpu      ] GC(151) User=0.04s Sys=0.01s Real=0.04s
[2025-03-28T19:27:32.592+0530][gc,start    ] GC(152) Pause Young (Normal) (G1 Evacuation Pause)
[2025-03-28T19:27:32.593+0530][gc,task     ] GC(152) Using 2 workers of 2 for evacuation
[2025-03-28T19:27:32.653+0530][gc,mmu      ] GC(152) MMU target violated: 21.0ms (20.0ms/21.0ms)
[2025-03-28T19:27:32.653+0530][gc,phases   ] GC(152)   Pre Evacuate Collection Set: 0.9ms
[2025-03-28T19:27:32.653+0530][gc,phases   ] GC(152)   Merge Heap Roots: 5.6ms
[2025-03-28T19:27:32.653+0530][gc,phases   ] GC(152)   Evacuate Collection Set: 52.1ms
[2025-03-28T19:27:32.653+0530][gc,phases   ] GC(152)   Post Evacuate Collection Set: 1.5ms
[2025-03-28T19:27:32.653+0530][gc,phases   ] GC(152)   Other: 0.7ms
[2025-03-28T19:27:32.653+0530][gc,heap     ] GC(152) Eden regions: 48->0(48)
[2025-03-28T19:27:32.653+0530][gc,heap     ] GC(152) Survivor regions: 3->3(7)
[2025-03-28T19:27:32.653+0530][gc,heap     ] GC(152) Old regions: 100->100
[2025-03-28T19:27:32.654+0530][gc,heap     ] GC(152) Archive regions: 2->2
[2025-03-28T19:27:32.654+0530][gc,heap     ] GC(152) Humongous regions: 142->142
[2025-03-28T19:27:32.654+0530][gc,metaspace] GC(152) Metaspace: 49727K(50368K)->49727K(50368K) NonClass: 44094K(44416K)->44094K(44416K) Class: 5632K(5952K)->5632K(5952K)
[2025-03-28T19:27:32.654+0530][gc          ] GC(152) Pause Young (Normal) (G1 Evacuation Pause) 293M->245M(1024M) 61.287ms
[2025-03-28T19:27:32.654+0530][gc,cpu      ] GC(152) User=0.03s Sys=0.01s Real=0.07s
[2025-03-28T19:27:33.007+0530][gc,start    ] GC(153) Pause Young (Normal) (G1 Evacuation Pause)
[2025-03-28T19:27:33.008+0530][gc,task     ] GC(153) Using 2 workers of 2 for evacuation
[2025-03-28T19:27:33.053+0530][gc,mmu      ] GC(153) MMU target violated: 21.0ms (20.0ms/21.0ms)
[2025-03-28T19:27:33.053+0530][gc,phases   ] GC(153)   Pre Evacuate Collection Set: 0.7ms
[2025-03-28T19:27:33.053+0530][gc,phases   ] GC(153)   Merge Heap Roots: 0.3ms
[2025-03-28T19:27:33.053+0530][gc,phases   ] GC(153)   Evacuate Collection Set: 42.5ms
[2025-03-28T19:27:33.053+0530][gc,phases   ] GC(153)   Post Evacuate Collection Set: 1.4ms
[2025-03-28T19:27:33.053+0530][gc,phases   ] GC(153)   Other: 0.5ms
[2025-03-28T19:27:33.053+0530][gc,heap     ] GC(153) Eden regions: 48->0(48)
[2025-03-28T19:27:33.053+0530][gc,heap     ] GC(153) Survivor regions: 3->3(7)
[2025-03-28T19:27:33.053+0530][gc,heap     ] GC(153) Old regions: 100->100
[2025-03-28T19:27:33.053+0530][gc,heap     ] GC(153) Archive regions: 2->2
[2025-03-28T19:27:33.053+0530][gc,heap     ] GC(153) Humongous regions: 142->140
[2025-03-28T19:27:33.053+0530][gc,metaspace] GC(153) Metaspace: 49727K(50368K)->49727K(50368K) NonClass: 44094K(44416K)->44094K(44416K) Class: 5632K(5952K)->5632K(5952K)
[2025-03-28T19:27:33.053+0530][gc          ] GC(153) Pause Young (Normal) (G1 Evacuation Pause) 293M->243M(1024M) 45.780ms
[2025-03-28T19:27:33.053+0530][gc,cpu      ] GC(153) User=0.02s Sys=0.01s Real=0.05s
[2025-03-28T19:27:34.245+0530][gc,start    ] GC(154) Pause Young (Normal) (G1 Evacuation Pause)
[2025-03-28T19:27:34.245+0530][gc,task     ] GC(154) Using 2 workers of 2 for evacuation
[2025-03-28T19:27:34.308+0530][gc,mmu      ] GC(154) MMU target violated: 21.0ms (20.0ms/21.0ms)
[2025-03-28T19:27:34.309+0530][gc,phases   ] GC(154)   Pre Evacuate Collection Set: 0.7ms
[2025-03-28T19:27:34.309+0530][gc,phases   ] GC(154)   Merge Heap Roots: 0.4ms
[2025-03-28T19:27:34.309+0530][gc,phases   ] GC(154)   Evacuate Collection Set: 58.3ms
[2025-03-28T19:27:34.309+0530][gc,phases   ] GC(154)   Post Evacuate Collection Set: 3.2ms
[2025-03-28T19:27:34.309+0530][gc,phases   ] GC(154)   Other: 1.0ms
[2025-03-28T19:27:34.309+0530][gc,heap     ] GC(154) Eden regions: 48->0(48)
[2025-03-28T19:27:34.309+0530][gc,heap     ] GC(154) Survivor regions: 3->3(7)
[2025-03-28T19:27:34.309+0530][gc,heap     ] GC(154) Old regions: 100->100
[2025-03-28T19:27:34.309+0530][gc,heap     ] GC(154) Archive regions: 2->2
[2025-03-28T19:27:34.309+0530][gc,heap     ] GC(154) Humongous regions: 142->142
[2025-03-28T19:27:34.309+0530][gc,metaspace] GC(154) Metaspace: 49727K(50368K)->49727K(50368K) NonClass: 44094K(44416K)->44094K(44416K) Class: 5632K(5952K)->5632K(5952K)
[2025-03-28T19:27:34.309+0530][gc          ] GC(154) Pause Young (Normal) (G1 Evacuation Pause) 293M->245M(1024M) 64.465ms
[2025-03-28T19:27:34.310+0530][gc,cpu      ] GC(154) User=0.09s Sys=0.00s Real=0.07s
[2025-03-28T19:27:41.593+0530][gc,start    ] GC(155) Pause Young (Normal) (G1 Evacuation Pause)
[2025-03-28T19:27:41.593+0530][gc,task     ] GC(155) Using 2 workers of 2 for evacuation
[2025-03-28T19:27:41.634+0530][gc,mmu      ] GC(155) MMU target violated: 21.0ms (20.0ms/21.0ms)
[2025-03-28T19:27:41.634+0530][gc,phases   ] GC(155)   Pre Evacuate Collection Set: 0.6ms
[2025-03-28T19:27:41.634+0530][gc,phases   ] GC(155)   Merge Heap Roots: 0.2ms
[2025-03-28T19:27:41.634+0530][gc,phases   ] GC(155)   Evacuate Collection Set: 34.3ms
[2025-03-28T19:27:41.634+0530][gc,phases   ] GC(155)   Post Evacuate Collection Set: 5.2ms
[2025-03-28T19:27:41.634+0530][gc,phases   ] GC(155)   Other: 0.7ms
[2025-03-28T19:27:41.634+0530][gc,heap     ] GC(155) Eden regions: 48->0(48)
[2025-03-28T19:27:41.634+0530][gc,heap     ] GC(155) Survivor regions: 3->3(7)
[2025-03-28T19:27:41.634+0530][gc,heap     ] GC(155) Old regions: 100->100
[2025-03-28T19:27:41.634+0530][gc,heap     ] GC(155) Archive regions: 2->2
[2025-03-28T19:27:41.634+0530][gc,heap     ] GC(155) Humongous regions: 142->140
[2025-03-28T19:27:41.634+0530][gc,metaspace] GC(155) Metaspace: 49735K(50368K)->49735K(50368K) NonClass: 44102K(44416K)->44102K(44416K) Class: 5632K(5952K)->5632K(5952K)
[2025-03-28T19:27:41.635+0530][gc          ] GC(155) Pause Young (Normal) (G1 Evacuation Pause) 293M->243M(1024M) 41.437ms
[2025-03-28T19:27:41.635+0530][gc,cpu      ] GC(155) User=0.03s Sys=0.00s Real=0.04s
[2025-03-28T19:27:42.978+0530][gc,start    ] GC(156) Pause Young (Normal) (G1 Evacuation Pause)
[2025-03-28T19:27:42.978+0530][gc,task     ] GC(156) Using 2 workers of 2 for evacuation
[2025-03-28T19:27:43.122+0530][gc,mmu      ] GC(156) MMU target violated: 21.0ms (20.0ms/21.0ms)
[2025-03-28T19:27:43.123+0530][gc,phases   ] GC(156)   Pre Evacuate Collection Set: 0.6ms
[2025-03-28T19:27:43.123+0530][gc,phases   ] GC(156)   Merge Heap Roots: 0.2ms
[2025-03-28T19:27:43.123+0530][gc,phases   ] GC(156)   Evacuate Collection Set: 136.5ms
[2025-03-28T19:27:43.123+0530][gc,phases   ] GC(156)   Post Evacuate Collection Set: 6.3ms
[2025-03-28T19:27:43.123+0530][gc,phases   ] GC(156)   Other: 0.8ms
[2025-03-28T19:27:43.123+0530][gc,heap     ] GC(156) Eden regions: 48->0(44)
[2025-03-28T19:27:43.123+0530][gc,heap     ] GC(156) Survivor regions: 3->7(7)
[2025-03-28T19:27:43.123+0530][gc,heap     ] GC(156) Old regions: 100->102
[2025-03-28T19:27:43.123+0530][gc,heap     ] GC(156) Archive regions: 2->2
[2025-03-28T19:27:43.123+0530][gc,heap     ] GC(156) Humongous regions: 140->140
[2025-03-28T19:27:43.123+0530][gc,metaspace] GC(156) Metaspace: 49739K(50368K)->49739K(50368K) NonClass: 44106K(44416K)->44106K(44416K) Class: 5632K(5952K)->5632K(5952K)
[2025-03-28T19:27:43.123+0530][gc          ] GC(156) Pause Young (Normal) (G1 Evacuation Pause) 291M->249M(1024M) 144.868ms
[2025-03-28T19:27:43.123+0530][gc,cpu      ] GC(156) User=0.07s Sys=0.00s Real=0.15s
[2025-03-28T19:27:43.416+0530][gc,start    ] GC(157) Pause Young (Normal) (G1 Evacuation Pause)
[2025-03-28T19:27:43.416+0530][gc,task     ] GC(157) Using 2 workers of 2 for evacuation
[2025-03-28T19:27:43.447+0530][gc,mmu      ] GC(157) MMU target violated: 21.0ms (20.0ms/21.0ms)
[2025-03-28T19:27:43.447+0530][gc,phases   ] GC(157)   Pre Evacuate Collection Set: 0.6ms
[2025-03-28T19:27:43.447+0530][gc,phases   ] GC(157)   Merge Heap Roots: 0.4ms
[2025-03-28T19:27:43.447+0530][gc,phases   ] GC(157)   Evacuate Collection Set: 27.7ms
[2025-03-28T19:27:43.447+0530][gc,phases   ] GC(157)   Post Evacuate Collection Set: 2.2ms
[2025-03-28T19:27:43.447+0530][gc,phases   ] GC(157)   Other: 0.6ms
[2025-03-28T19:27:43.447+0530][gc,heap     ] GC(157) Eden regions: 44->0(47)
[2025-03-28T19:27:43.447+0530][gc,heap     ] GC(157) Survivor regions: 7->4(7)
[2025-03-28T19:27:43.447+0530][gc,heap     ] GC(157) Old regions: 102->104
[2025-03-28T19:27:43.447+0530][gc,heap     ] GC(157) Archive regions: 2->2
[2025-03-28T19:27:43.448+0530][gc,heap     ] GC(157) Humongous regions: 142->142
[2025-03-28T19:27:43.448+0530][gc,metaspace] GC(157) Metaspace: 49740K(50368K)->49740K(50368K) NonClass: 44108K(44416K)->44108K(44416K) Class: 5632K(5952K)->5632K(5952K)
[2025-03-28T19:27:43.448+0530][gc          ] GC(157) Pause Young (Normal) (G1 Evacuation Pause) 295M->250M(1024M) 31.760ms
[2025-03-28T19:27:43.448+0530][gc,cpu      ] GC(157) User=0.05s Sys=0.01s Real=0.03s
[2025-03-28T19:27:44.345+0530][gc,start    ] GC(158) Pause Young (Normal) (G1 Evacuation Pause)
[2025-03-28T19:27:44.346+0530][gc,task     ] GC(158) Using 2 workers of 2 for evacuation
[2025-03-28T19:27:44.389+0530][gc,mmu      ] GC(158) MMU target violated: 21.0ms (20.0ms/21.0ms)
[2025-03-28T19:27:44.390+0530][gc,phases   ] GC(158)   Pre Evacuate Collection Set: 0.8ms
[2025-03-28T19:27:44.390+0530][gc,phases   ] GC(158)   Merge Heap Roots: 0.4ms
[2025-03-28T19:27:44.390+0530][gc,phases   ] GC(158)   Evacuate Collection Set: 41.0ms
[2025-03-28T19:27:44.390+0530][gc,phases   ] GC(158)   Post Evacuate Collection Set: 1.5ms
[2025-03-28T19:27:44.390+0530][gc,phases   ] GC(158)   Other: 0.5ms
[2025-03-28T19:27:44.390+0530][gc,heap     ] GC(158) Eden regions: 47->0(48)
[2025-03-28T19:27:44.390+0530][gc,heap     ] GC(158) Survivor regions: 4->3(7)
[2025-03-28T19:27:44.390+0530][gc,heap     ] GC(158) Old regions: 104->108
[2025-03-28T19:27:44.390+0530][gc,heap     ] GC(158) Archive regions: 2->2
[2025-03-28T19:27:44.390+0530][gc,heap     ] GC(158) Humongous regions: 142->140
[2025-03-28T19:27:44.390+0530][gc,metaspace] GC(158) Metaspace: 49748K(50432K)->49748K(50432K) NonClass: 44116K(44480K)->44116K(44480K) Class: 5632K(5952K)->5632K(5952K)
[2025-03-28T19:27:44.390+0530][gc          ] GC(158) Pause Young (Normal) (G1 Evacuation Pause) 297M->251M(1024M) 44.552ms
[2025-03-28T19:27:44.390+0530][gc,cpu      ] GC(158) User=0.06s Sys=0.01s Real=0.03s
[2025-03-28T19:27:50.045+0530][gc,start    ] GC(159) Pause Young (Normal) (G1 Evacuation Pause)
[2025-03-28T19:27:50.045+0530][gc,task     ] GC(159) Using 2 workers of 2 for evacuation
[2025-03-28T19:27:50.077+0530][gc,mmu      ] GC(159) MMU target violated: 21.0ms (20.0ms/21.0ms)
[2025-03-28T19:27:50.077+0530][gc,phases   ] GC(159)   Pre Evacuate Collection Set: 0.8ms
[2025-03-28T19:27:50.077+0530][gc,phases   ] GC(159)   Merge Heap Roots: 0.3ms
[2025-03-28T19:27:50.077+0530][gc,phases   ] GC(159)   Evacuate Collection Set: 27.5ms
[2025-03-28T19:27:50.077+0530][gc,phases   ] GC(159)   Post Evacuate Collection Set: 2.5ms
[2025-03-28T19:27:50.077+0530][gc,phases   ] GC(159)   Other: 0.8ms
[2025-03-28T19:27:50.077+0530][gc,heap     ] GC(159) Eden regions: 48->0(47)
[2025-03-28T19:27:50.077+0530][gc,heap     ] GC(159) Survivor regions: 3->4(7)
[2025-03-28T19:27:50.077+0530][gc,heap     ] GC(159) Old regions: 108->108
[2025-03-28T19:27:50.077+0530][gc,heap     ] GC(159) Archive regions: 2->2
[2025-03-28T19:27:50.077+0530][gc,heap     ] GC(159) Humongous regions: 142->140
[2025-03-28T19:27:50.077+0530][gc,metaspace] GC(159) Metaspace: 49762K(50432K)->49762K(50432K) NonClass: 44129K(44480K)->44129K(44480K) Class: 5632K(5952K)->5632K(5952K)
[2025-03-28T19:27:50.078+0530][gc          ] GC(159) Pause Young (Normal) (G1 Evacuation Pause) 301M->252M(1024M) 32.401ms
[2025-03-28T19:27:50.078+0530][gc,cpu      ] GC(159) User=0.04s Sys=0.01s Real=0.03s
[2025-03-28T19:27:52.295+0530][gc,start    ] GC(160) Pause Young (Normal) (G1 Evacuation Pause)
[2025-03-28T19:27:52.295+0530][gc,task     ] GC(160) Using 2 workers of 2 for evacuation
[2025-03-28T19:27:52.485+0530][gc,mmu      ] GC(160) MMU target violated: 21.0ms (20.0ms/21.0ms)
[2025-03-28T19:27:52.487+0530][gc,phases   ] GC(160)   Pre Evacuate Collection Set: 0.5ms
[2025-03-28T19:27:52.487+0530][gc,phases   ] GC(160)   Merge Heap Roots: 0.2ms
[2025-03-28T19:27:52.487+0530][gc,phases   ] GC(160)   Evacuate Collection Set: 187.3ms
[2025-03-28T19:27:52.487+0530][gc,phases   ] GC(160)   Post Evacuate Collection Set: 1.9ms
[2025-03-28T19:27:52.487+0530][gc,phases   ] GC(160)   Other: 2.0ms
[2025-03-28T19:27:52.487+0530][gc,heap     ] GC(160) Eden regions: 47->0(44)
[2025-03-28T19:27:52.487+0530][gc,heap     ] GC(160) Survivor regions: 4->7(7)
[2025-03-28T19:27:52.487+0530][gc,heap     ] GC(160) Old regions: 108->111
[2025-03-28T19:27:52.487+0530][gc,heap     ] GC(160) Archive regions: 2->2
[2025-03-28T19:27:52.488+0530][gc,heap     ] GC(160) Humongous regions: 140->140
[2025-03-28T19:27:52.488+0530][gc,metaspace] GC(160) Metaspace: 49762K(50432K)->49762K(50432K) NonClass: 44129K(44480K)->44129K(44480K) Class: 5632K(5952K)->5632K(5952K)
[2025-03-28T19:27:52.491+0530][gc          ] GC(160) Pause Young (Normal) (G1 Evacuation Pause) 299M->258M(1024M) 195.374ms
[2025-03-28T19:27:52.491+0530][gc,cpu      ] GC(160) User=0.09s Sys=0.02s Real=0.20s
[2025-03-28T19:27:53.389+0530][gc,start    ] GC(161) Pause Young (Normal) (G1 Evacuation Pause)
[2025-03-28T19:27:53.389+0530][gc,task     ] GC(161) Using 2 workers of 2 for evacuation
[2025-03-28T19:27:53.594+0530][gc,mmu      ] GC(161) MMU target violated: 21.0ms (20.0ms/21.0ms)
[2025-03-28T19:27:53.594+0530][gc,phases   ] GC(161)   Pre Evacuate Collection Set: 1.4ms
[2025-03-28T19:27:53.595+0530][gc,phases   ] GC(161)   Merge Heap Roots: 0.4ms
[2025-03-28T19:27:53.595+0530][gc,phases   ] GC(161)   Evacuate Collection Set: 197.7ms
[2025-03-28T19:27:53.595+0530][gc,phases   ] GC(161)   Post Evacuate Collection Set: 5.2ms
[2025-03-28T19:27:53.595+0530][gc,phases   ] GC(161)   Other: 0.7ms
[2025-03-28T19:27:53.595+0530][gc,heap     ] GC(161) Eden regions: 44->0(45)
[2025-03-28T19:27:53.595+0530][gc,heap     ] GC(161) Survivor regions: 7->6(7)
[2025-03-28T19:27:53.595+0530][gc,heap     ] GC(161) Old regions: 111->118
[2025-03-28T19:27:53.595+0530][gc,heap     ] GC(161) Archive regions: 2->2
[2025-03-28T19:27:53.595+0530][gc,heap     ] GC(161) Humongous regions: 140->140
[2025-03-28T19:27:53.595+0530][gc,metaspace] GC(161) Metaspace: 49763K(50432K)->49763K(50432K) NonClass: 44130K(44480K)->44130K(44480K) Class: 5632K(5952K)->5632K(5952K)
[2025-03-28T19:27:53.595+0530][gc          ] GC(161) Pause Young (Normal) (G1 Evacuation Pause) 302M->264M(1024M) 206.029ms
[2025-03-28T19:27:53.595+0530][gc,cpu      ] GC(161) User=0.10s Sys=0.02s Real=0.21s
[2025-03-28T19:27:53.958+0530][gc,start    ] GC(162) Pause Young (Normal) (G1 Evacuation Pause)
[2025-03-28T19:27:53.958+0530][gc,task     ] GC(162) Using 2 workers of 2 for evacuation
[2025-03-28T19:27:54.101+0530][gc,mmu      ] GC(162) MMU target violated: 21.0ms (20.0ms/21.0ms)
[2025-03-28T19:27:54.102+0530][gc,phases   ] GC(162)   Pre Evacuate Collection Set: 0.6ms
[2025-03-28T19:27:54.102+0530][gc,phases   ] GC(162)   Merge Heap Roots: 0.3ms
[2025-03-28T19:27:54.102+0530][gc,phases   ] GC(162)   Evacuate Collection Set: 140.3ms
[2025-03-28T19:27:54.102+0530][gc,phases   ] GC(162)   Post Evacuate Collection Set: 2.0ms
[2025-03-28T19:27:54.102+0530][gc,phases   ] GC(162)   Other: 0.8ms
[2025-03-28T19:27:54.102+0530][gc,heap     ] GC(162) Eden regions: 45->0(48)
[2025-03-28T19:27:54.102+0530][gc,heap     ] GC(162) Survivor regions: 6->3(7)
[2025-03-28T19:27:54.102+0530][gc,heap     ] GC(162) Old regions: 118->124
[2025-03-28T19:27:54.102+0530][gc,heap     ] GC(162) Archive regions: 2->2
[2025-03-28T19:27:54.102+0530][gc,heap     ] GC(162) Humongous regions: 142->142
[2025-03-28T19:27:54.102+0530][gc,metaspace] GC(162) Metaspace: 49763K(50432K)->49763K(50432K) NonClass: 44130K(44480K)->44130K(44480K) Class: 5632K(5952K)->5632K(5952K)
[2025-03-28T19:27:54.102+0530][gc          ] GC(162) Pause Young (Normal) (G1 Evacuation Pause) 311M->268M(1024M) 144.481ms
[2025-03-28T19:27:54.103+0530][gc,cpu      ] GC(162) User=0.08s Sys=0.00s Real=0.14s
[2025-03-28T19:27:55.029+0530][gc,start    ] GC(163) Pause Young (Normal) (G1 Evacuation Pause)
[2025-03-28T19:27:55.029+0530][gc,task     ] GC(163) Using 2 workers of 2 for evacuation
[2025-03-28T19:27:55.170+0530][gc,mmu      ] GC(163) MMU target violated: 21.0ms (20.0ms/21.0ms)
[2025-03-28T19:27:55.170+0530][gc,phases   ] GC(163)   Pre Evacuate Collection Set: 3.4ms
[2025-03-28T19:27:55.170+0530][gc,phases   ] GC(163)   Merge Heap Roots: 6.2ms
[2025-03-28T19:27:55.170+0530][gc,phases   ] GC(163)   Evacuate Collection Set: 121.0ms
[2025-03-28T19:27:55.170+0530][gc,phases   ] GC(163)   Post Evacuate Collection Set: 9.9ms
[2025-03-28T19:27:55.171+0530][gc,phases   ] GC(163)   Other: 0.9ms
[2025-03-28T19:27:55.171+0530][gc,heap     ] GC(163) Eden regions: 48->0(47)
[2025-03-28T19:27:55.171+0530][gc,heap     ] GC(163) Survivor regions: 3->4(7)
[2025-03-28T19:27:55.171+0530][gc,heap     ] GC(163) Old regions: 124->124
[2025-03-28T19:27:55.171+0530][gc,heap     ] GC(163) Archive regions: 2->2
[2025-03-28T19:27:55.171+0530][gc,heap     ] GC(163) Humongous regions: 144->142
[2025-03-28T19:27:55.171+0530][gc,metaspace] GC(163) Metaspace: 49763K(50432K)->49763K(50432K) NonClass: 44131K(44480K)->44131K(44480K) Class: 5632K(5952K)->5632K(5952K)
[2025-03-28T19:27:55.171+0530][gc          ] GC(163) Pause Young (Normal) (G1 Evacuation Pause) 318M->269M(1024M) 142.288ms
[2025-03-28T19:27:55.171+0530][gc,cpu      ] GC(163) User=0.06s Sys=0.03s Real=0.14s
[2025-03-28T19:28:01.580+0530][gc,start    ] GC(164) Pause Young (Normal) (G1 Evacuation Pause)
[2025-03-28T19:28:01.581+0530][gc,task     ] GC(164) Using 2 workers of 2 for evacuation
[2025-03-28T19:28:01.713+0530][gc,mmu      ] GC(164) MMU target violated: 21.0ms (20.0ms/21.0ms)
[2025-03-28T19:28:01.713+0530][gc,phases   ] GC(164)   Pre Evacuate Collection Set: 0.6ms
[2025-03-28T19:28:01.713+0530][gc,phases   ] GC(164)   Merge Heap Roots: 0.3ms
[2025-03-28T19:28:01.713+0530][gc,phases   ] GC(164)   Evacuate Collection Set: 117.7ms
[2025-03-28T19:28:01.713+0530][gc,phases   ] GC(164)   Post Evacuate Collection Set: 13.2ms
[2025-03-28T19:28:01.713+0530][gc,phases   ] GC(164)   Other: 0.7ms
[2025-03-28T19:28:01.713+0530][gc,heap     ] GC(164) Eden regions: 47->0(44)
[2025-03-28T19:28:01.714+0530][gc,heap     ] GC(164) Survivor regions: 4->7(7)
[2025-03-28T19:28:01.714+0530][gc,heap     ] GC(164) Old regions: 124->125
[2025-03-28T19:28:01.714+0530][gc,heap     ] GC(164) Archive regions: 2->2
[2025-03-28T19:28:01.714+0530][gc,heap     ] GC(164) Humongous regions: 142->140
[2025-03-28T19:28:01.714+0530][gc,metaspace] GC(164) Metaspace: 49771K(50432K)->49771K(50432K) NonClass: 44139K(44480K)->44139K(44480K) Class: 5632K(5952K)->5632K(5952K)
[2025-03-28T19:28:01.714+0530][gc          ] GC(164) Pause Young (Normal) (G1 Evacuation Pause) 316M->272M(1024M) 133.702ms
[2025-03-28T19:28:01.714+0530][gc,cpu      ] GC(164) User=0.06s Sys=0.01s Real=0.14s
[2025-03-28T19:28:02.412+0530][gc,start    ] GC(165) Pause Young (Normal) (G1 Evacuation Pause)
[2025-03-28T19:28:02.412+0530][gc,task     ] GC(165) Using 2 workers of 2 for evacuation
[2025-03-28T19:28:02.586+0530][gc,mmu      ] GC(165) MMU target violated: 21.0ms (20.0ms/21.0ms)
[2025-03-28T19:28:02.586+0530][gc,phases   ] GC(165)   Pre Evacuate Collection Set: 0.6ms
[2025-03-28T19:28:02.586+0530][gc,phases   ] GC(165)   Merge Heap Roots: 0.3ms
[2025-03-28T19:28:02.593+0530][gc,phases   ] GC(165)   Evacuate Collection Set: 137.6ms
[2025-03-28T19:28:02.594+0530][gc,phases   ] GC(165)   Post Evacuate Collection Set: 34.9ms
[2025-03-28T19:28:02.594+0530][gc,phases   ] GC(165)   Other: 0.7ms
[2025-03-28T19:28:02.594+0530][gc,heap     ] GC(165) Eden regions: 44->0(49)
[2025-03-28T19:28:02.595+0530][gc,heap     ] GC(165) Survivor regions: 7->2(7)
[2025-03-28T19:28:02.595+0530][gc,heap     ] GC(165) Old regions: 125->129
[2025-03-28T19:28:02.595+0530][gc,heap     ] GC(165) Archive regions: 2->2
[2025-03-28T19:28:02.595+0530][gc,heap     ] GC(165) Humongous regions: 142->142
[2025-03-28T19:28:02.595+0530][gc,metaspace] GC(165) Metaspace: 49771K(50432K)->49771K(50432K) NonClass: 44139K(44480K)->44139K(44480K) Class: 5632K(5952K)->5632K(5952K)
[2025-03-28T19:28:02.597+0530][gc          ] GC(165) Pause Young (Normal) (G1 Evacuation Pause) 318M->273M(1024M) 185.241ms
[2025-03-28T19:28:02.597+0530][gc,cpu      ] GC(165) User=0.07s Sys=0.01s Real=0.19s
[2025-03-28T19:28:03.678+0530][gc,start    ] GC(166) Pause Young (Normal) (G1 Evacuation Pause)
[2025-03-28T19:28:03.678+0530][gc,task     ] GC(166) Using 2 workers of 2 for evacuation
[2025-03-28T19:28:03.854+0530][gc,mmu      ] GC(166) MMU target violated: 21.0ms (20.0ms/21.0ms)
[2025-03-28T19:28:03.854+0530][gc,phases   ] GC(166)   Pre Evacuate Collection Set: 1.1ms
[2025-03-28T19:28:03.854+0530][gc,phases   ] GC(166)   Merge Heap Roots: 0.5ms
[2025-03-28T19:28:03.854+0530][gc,phases   ] GC(166)   Evacuate Collection Set: 168.5ms
[2025-03-28T19:28:03.854+0530][gc,phases   ] GC(166)   Post Evacuate Collection Set: 4.1ms
[2025-03-28T19:28:03.855+0530][gc,phases   ] GC(166)   Other: 1.9ms
[2025-03-28T19:28:03.855+0530][gc,heap     ] GC(166) Eden regions: 49->0(46)
[2025-03-28T19:28:03.855+0530][gc,heap     ] GC(166) Survivor regions: 2->5(7)
[2025-03-28T19:28:03.855+0530][gc,heap     ] GC(166) Old regions: 129->129
[2025-03-28T19:28:03.855+0530][gc,heap     ] GC(166) Archive regions: 2->2
[2025-03-28T19:28:03.855+0530][gc,heap     ] GC(166) Humongous regions: 142->140
[2025-03-28T19:28:03.855+0530][gc,metaspace] GC(166) Metaspace: 49777K(50496K)->49777K(50496K) NonClass: 44144K(44544K)->44144K(44544K) Class: 5632K(5952K)->5632K(5952K)
[2025-03-28T19:28:03.855+0530][gc          ] GC(166) Pause Young (Normal) (G1 Evacuation Pause) 322M->273M(1024M) 176.522ms
[2025-03-28T19:28:03.855+0530][gc,cpu      ] GC(166) User=0.10s Sys=0.02s Real=0.17s
[2025-03-28T19:28:04.525+0530][gc,start    ] GC(167) Pause Young (Normal) (G1 Evacuation Pause)
[2025-03-28T19:28:04.526+0530][gc,task     ] GC(167) Using 2 workers of 2 for evacuation
[2025-03-28T19:28:04.564+0530][gc,mmu      ] GC(167) MMU target violated: 21.0ms (20.0ms/21.0ms)
[2025-03-28T19:28:04.565+0530][gc,phases   ] GC(167)   Pre Evacuate Collection Set: 0.5ms
[2025-03-28T19:28:04.565+0530][gc,phases   ] GC(167)   Merge Heap Roots: 0.2ms
[2025-03-28T19:28:04.565+0530][gc,phases   ] GC(167)   Evacuate Collection Set: 33.6ms
[2025-03-28T19:28:04.565+0530][gc,phases   ] GC(167)   Post Evacuate Collection Set: 4.3ms
[2025-03-28T19:28:04.565+0530][gc,phases   ] GC(167)   Other: 0.6ms
[2025-03-28T19:28:04.565+0530][gc,heap     ] GC(167) Eden regions: 46->0(49)
[2025-03-28T19:28:04.565+0530][gc,heap     ] GC(167) Survivor regions: 5->2(7)
[2025-03-28T19:28:04.565+0530][gc,heap     ] GC(167) Old regions: 129->130
[2025-03-28T19:28:04.565+0530][gc,heap     ] GC(167) Archive regions: 2->2
[2025-03-28T19:28:04.565+0530][gc,heap     ] GC(167) Humongous regions: 142->142
[2025-03-28T19:28:04.565+0530][gc,metaspace] GC(167) Metaspace: 49777K(50496K)->49777K(50496K) NonClass: 44144K(44544K)->44144K(44544K) Class: 5632K(5952K)->5632K(5952K)
[2025-03-28T19:28:04.565+0530][gc          ] GC(167) Pause Young (Normal) (G1 Evacuation Pause) 321M->274M(1024M) 39.676ms
[2025-03-28T19:28:04.565+0530][gc,cpu      ] GC(167) User=0.04s Sys=0.00s Real=0.04s
[2025-03-28T19:28:11.547+0530][gc,start    ] GC(168) Pause Young (Normal) (G1 Evacuation Pause)
[2025-03-28T19:28:11.548+0530][gc,task     ] GC(168) Using 2 workers of 2 for evacuation
[2025-03-28T19:28:11.564+0530][gc,phases   ] GC(168)   Pre Evacuate Collection Set: 0.5ms
[2025-03-28T19:28:11.564+0530][gc,phases   ] GC(168)   Merge Heap Roots: 0.8ms
[2025-03-28T19:28:11.564+0530][gc,phases   ] GC(168)   Evacuate Collection Set: 13.0ms
[2025-03-28T19:28:11.564+0530][gc,phases   ] GC(168)   Post Evacuate Collection Set: 1.6ms
[2025-03-28T19:28:11.564+0530][gc,phases   ] GC(168)   Other: 0.5ms
[2025-03-28T19:28:11.564+0530][gc,heap     ] GC(168) Eden regions: 49->0(47)
[2025-03-28T19:28:11.564+0530][gc,heap     ] GC(168) Survivor regions: 2->4(7)
[2025-03-28T19:28:11.564+0530][gc,heap     ] GC(168) Old regions: 130->130
[2025-03-28T19:28:11.564+0530][gc,heap     ] GC(168) Archive regions: 2->2
[2025-03-28T19:28:11.564+0530][gc,heap     ] GC(168) Humongous regions: 142->140
[2025-03-28T19:28:11.564+0530][gc,metaspace] GC(168) Metaspace: 49782K(50496K)->49782K(50496K) NonClass: 44150K(44544K)->44150K(44544K) Class: 5632K(5952K)->5632K(5952K)
[2025-03-28T19:28:11.564+0530][gc          ] GC(168) Pause Young (Normal) (G1 Evacuation Pause) 323M->273M(1024M) 16.855ms
[2025-03-28T19:28:11.564+0530][gc,cpu      ] GC(168) User=0.02s Sys=0.01s Real=0.00s
[2025-03-28T19:28:12.798+0530][gc,start    ] GC(169) Pause Young (Normal) (G1 Evacuation Pause)
[2025-03-28T19:28:12.798+0530][gc,task     ] GC(169) Using 2 workers of 2 for evacuation
[2025-03-28T19:28:12.853+0530][gc,mmu      ] GC(169) MMU target violated: 21.0ms (20.0ms/21.0ms)
[2025-03-28T19:28:12.853+0530][gc,phases   ] GC(169)   Pre Evacuate Collection Set: 0.6ms
[2025-03-28T19:28:12.853+0530][gc,phases   ] GC(169)   Merge Heap Roots: 0.2ms
[2025-03-28T19:28:12.853+0530][gc,phases   ] GC(169)   Evacuate Collection Set: 51.6ms
[2025-03-28T19:28:12.853+0530][gc,phases   ] GC(169)   Post Evacuate Collection Set: 2.6ms
[2025-03-28T19:28:12.853+0530][gc,phases   ] GC(169)   Other: 0.6ms
[2025-03-28T19:28:12.854+0530][gc,heap     ] GC(169) Eden regions: 47->0(46)
[2025-03-28T19:28:12.854+0530][gc,heap     ] GC(169) Survivor regions: 4->5(7)
[2025-03-28T19:28:12.854+0530][gc,heap     ] GC(169) Old regions: 130->130
[2025-03-28T19:28:12.854+0530][gc,heap     ] GC(169) Archive regions: 2->2
[2025-03-28T19:28:12.854+0530][gc,heap     ] GC(169) Humongous regions: 140->140
[2025-03-28T19:28:12.854+0530][gc,metaspace] GC(169) Metaspace: 49782K(50496K)->49782K(50496K) NonClass: 44150K(44544K)->44150K(44544K) Class: 5632K(5952K)->5632K(5952K)
[2025-03-28T19:28:12.854+0530][gc          ] GC(169) Pause Young (Normal) (G1 Evacuation Pause) 320M->274M(1024M) 56.213ms
[2025-03-28T19:28:12.854+0530][gc,cpu      ] GC(169) User=0.07s Sys=0.01s Real=0.05s
[2025-03-28T19:28:13.062+0530][gc,start    ] GC(170) Pause Young (Normal) (G1 Evacuation Pause)
[2025-03-28T19:28:13.062+0530][gc,task     ] GC(170) Using 2 workers of 2 for evacuation
[2025-03-28T19:28:13.100+0530][gc,mmu      ] GC(170) MMU target violated: 21.0ms (20.0ms/21.0ms)
[2025-03-28T19:28:13.100+0530][gc,phases   ] GC(170)   Pre Evacuate Collection Set: 0.8ms
[2025-03-28T19:28:13.100+0530][gc,phases   ] GC(170)   Merge Heap Roots: 0.4ms
[2025-03-28T19:28:13.100+0530][gc,phases   ] GC(170)   Evacuate Collection Set: 34.4ms
[2025-03-28T19:28:13.100+0530][gc,phases   ] GC(170)   Post Evacuate Collection Set: 2.0ms
[2025-03-28T19:28:13.100+0530][gc,phases   ] GC(170)   Other: 0.8ms
[2025-03-28T19:28:13.100+0530][gc,heap     ] GC(170) Eden regions: 46->0(44)
[2025-03-28T19:28:13.100+0530][gc,heap     ] GC(170) Survivor regions: 5->7(7)
[2025-03-28T19:28:13.100+0530][gc,heap     ] GC(170) Old regions: 130->130
[2025-03-28T19:28:13.100+0530][gc,heap     ] GC(170) Archive regions: 2->2
[2025-03-28T19:28:13.100+0530][gc,heap     ] GC(170) Humongous regions: 142->142
[2025-03-28T19:28:13.100+0530][gc,metaspace] GC(170) Metaspace: 49782K(50496K)->49782K(50496K) NonClass: 44150K(44544K)->44150K(44544K) Class: 5632K(5952K)->5632K(5952K)
[2025-03-28T19:28:13.101+0530][gc          ] GC(170) Pause Young (Normal) (G1 Evacuation Pause) 322M->279M(1024M) 38.732ms
[2025-03-28T19:28:13.101+0530][gc,cpu      ] GC(170) User=0.06s Sys=0.00s Real=0.04s
[2025-03-28T19:28:13.517+0530][gc,start    ] GC(171) Pause Young (Normal) (G1 Evacuation Pause)
[2025-03-28T19:28:13.517+0530][gc,task     ] GC(171) Using 2 workers of 2 for evacuation
[2025-03-28T19:28:13.550+0530][gc,mmu      ] GC(171) MMU target violated: 21.0ms (20.0ms/21.0ms)
[2025-03-28T19:28:13.550+0530][gc,phases   ] GC(171)   Pre Evacuate Collection Set: 0.5ms
[2025-03-28T19:28:13.550+0530][gc,phases   ] GC(171)   Merge Heap Roots: 0.2ms
[2025-03-28T19:28:13.550+0530][gc,phases   ] GC(171)   Evacuate Collection Set: 12.2ms
[2025-03-28T19:28:13.550+0530][gc,phases   ] GC(171)   Post Evacuate Collection Set: 20.4ms
[2025-03-28T19:28:13.551+0530][gc,phases   ] GC(171)   Other: 0.5ms
[2025-03-28T19:28:13.551+0530][gc,heap     ] GC(171) Eden regions: 44->0(48)
[2025-03-28T19:28:13.551+0530][gc,heap     ] GC(171) Survivor regions: 7->3(7)
[2025-03-28T19:28:13.551+0530][gc,heap     ] GC(171) Old regions: 130->131
[2025-03-28T19:28:13.551+0530][gc,heap     ] GC(171) Archive regions: 2->2
[2025-03-28T19:28:13.551+0530][gc,heap     ] GC(171) Humongous regions: 144->142
[2025-03-28T19:28:13.551+0530][gc,metaspace] GC(171) Metaspace: 49783K(50496K)->49783K(50496K) NonClass: 44151K(44544K)->44151K(44544K) Class: 5632K(5952K)->5632K(5952K)
[2025-03-28T19:28:13.551+0530][gc          ] GC(171) Pause Young (Normal) (G1 Evacuation Pause) 325M->275M(1024M) 34.079ms
[2025-03-28T19:28:13.551+0530][gc,cpu      ] GC(171) User=0.02s Sys=0.00s Real=0.03s
[2025-03-28T19:28:21.563+0530][gc,start    ] GC(172) Pause Young (Normal) (G1 Evacuation Pause)
[2025-03-28T19:28:21.564+0530][gc,task     ] GC(172) Using 2 workers of 2 for evacuation
[2025-03-28T19:28:21.653+0530][gc,mmu      ] GC(172) MMU target violated: 21.0ms (20.0ms/21.0ms)
[2025-03-28T19:28:21.653+0530][gc,phases   ] GC(172)   Pre Evacuate Collection Set: 7.8ms
[2025-03-28T19:28:21.653+0530][gc,phases   ] GC(172)   Merge Heap Roots: 1.5ms
[2025-03-28T19:28:21.653+0530][gc,phases   ] GC(172)   Evacuate Collection Set: 60.9ms
[2025-03-28T19:28:21.653+0530][gc,phases   ] GC(172)   Post Evacuate Collection Set: 18.9ms
[2025-03-28T19:28:21.654+0530][gc,phases   ] GC(172)   Other: 1.0ms
[2025-03-28T19:28:21.654+0530][gc,heap     ] GC(172) Eden regions: 48->0(49)
[2025-03-28T19:28:21.654+0530][gc,heap     ] GC(172) Survivor regions: 3->2(7)
[2025-03-28T19:28:21.654+0530][gc,heap     ] GC(172) Old regions: 131->131
[2025-03-28T19:28:21.654+0530][gc,heap     ] GC(172) Archive regions: 2->2
[2025-03-28T19:28:21.654+0530][gc,heap     ] GC(172) Humongous regions: 142->140
[2025-03-28T19:28:21.654+0530][gc,metaspace] GC(172) Metaspace: 49783K(50496K)->49783K(50496K) NonClass: 44151K(44544K)->44151K(44544K) Class: 5632K(5952K)->5632K(5952K)
[2025-03-28T19:28:21.654+0530][gc          ] GC(172) Pause Young (Normal) (G1 Evacuation Pause) 323M->272M(1024M) 90.632ms
[2025-03-28T19:28:21.654+0530][gc,cpu      ] GC(172) User=0.03s Sys=0.00s Real=0.09s
[2025-03-28T19:28:22.728+0530][gc,start    ] GC(173) Pause Young (Normal) (G1 Evacuation Pause)
[2025-03-28T19:28:22.728+0530][gc,task     ] GC(173) Using 2 workers of 2 for evacuation
[2025-03-28T19:28:22.864+0530][gc,mmu      ] GC(173) MMU target violated: 21.0ms (20.0ms/21.0ms)
[2025-03-28T19:28:22.864+0530][gc,phases   ] GC(173)   Pre Evacuate Collection Set: 43.0ms
[2025-03-28T19:28:22.864+0530][gc,phases   ] GC(173)   Merge Heap Roots: 7.5ms
[2025-03-28T19:28:22.864+0530][gc,phases   ] GC(173)   Evacuate Collection Set: 84.2ms
[2025-03-28T19:28:22.864+0530][gc,phases   ] GC(173)   Post Evacuate Collection Set: 1.2ms
[2025-03-28T19:28:22.864+0530][gc,phases   ] GC(173)   Other: 0.8ms
[2025-03-28T19:28:22.864+0530][gc,heap     ] GC(173) Eden regions: 49->0(44)
[2025-03-28T19:28:22.864+0530][gc,heap     ] GC(173) Survivor regions: 2->7(7)
[2025-03-28T19:28:22.864+0530][gc,heap     ] GC(173) Old regions: 131->132
[2025-03-28T19:28:22.864+0530][gc,heap     ] GC(173) Archive regions: 2->2
[2025-03-28T19:28:22.864+0530][gc,heap     ] GC(173) Humongous regions: 140->140
[2025-03-28T19:28:22.864+0530][gc,metaspace] GC(173) Metaspace: 49783K(50496K)->49783K(50496K) NonClass: 44151K(44544K)->44151K(44544K) Class: 5632K(5952K)->5632K(5952K)
[2025-03-28T19:28:22.865+0530][gc          ] GC(173) Pause Young (Normal) (G1 Evacuation Pause) 321M->279M(1024M) 136.882ms
[2025-03-28T19:28:22.865+0530][gc,cpu      ] GC(173) User=0.06s Sys=0.01s Real=0.13s
[2025-03-28T19:28:23.415+0530][gc,start    ] GC(174) Pause Young (Normal) (G1 Evacuation Pause)
[2025-03-28T19:28:23.415+0530][gc,task     ] GC(174) Using 2 workers of 2 for evacuation
[2025-03-28T19:28:23.482+0530][gc,mmu      ] GC(174) MMU target violated: 21.0ms (20.0ms/21.0ms)
[2025-03-28T19:28:23.483+0530][gc,phases   ] GC(174)   Pre Evacuate Collection Set: 0.5ms
[2025-03-28T19:28:23.483+0530][gc,phases   ] GC(174)   Merge Heap Roots: 0.4ms
[2025-03-28T19:28:23.483+0530][gc,phases   ] GC(174)   Evacuate Collection Set: 61.8ms
[2025-03-28T19:28:23.483+0530][gc,phases   ] GC(174)   Post Evacuate Collection Set: 4.4ms
[2025-03-28T19:28:23.483+0530][gc,phases   ] GC(174)   Other: 0.6ms
[2025-03-28T19:28:23.483+0530][gc,heap     ] GC(174) Eden regions: 44->0(47)
[2025-03-28T19:28:23.483+0530][gc,heap     ] GC(174) Survivor regions: 7->4(7)
[2025-03-28T19:28:23.483+0530][gc,heap     ] GC(174) Old regions: 132->139
[2025-03-28T19:28:23.483+0530][gc,heap     ] GC(174) Archive regions: 2->2
[2025-03-28T19:28:23.483+0530][gc,heap     ] GC(174) Humongous regions: 142->142
[2025-03-28T19:28:23.483+0530][gc,metaspace] GC(174) Metaspace: 49787K(50496K)->49787K(50496K) NonClass: 44155K(44544K)->44155K(44544K) Class: 5632K(5952K)->5632K(5952K)
[2025-03-28T19:28:23.483+0530][gc          ] GC(174) Pause Young (Normal) (G1 Evacuation Pause) 325M->285M(1024M) 68.247ms
[2025-03-28T19:28:23.483+0530][gc,cpu      ] GC(174) User=0.06s Sys=0.01s Real=0.07s
[2025-03-28T19:28:23.940+0530][gc,start    ] GC(175) Pause Young (Normal) (G1 Evacuation Pause)
[2025-03-28T19:28:23.940+0530][gc,task     ] GC(175) Using 2 workers of 2 for evacuation
[2025-03-28T19:28:23.993+0530][gc,mmu      ] GC(175) MMU target violated: 21.0ms (20.0ms/21.0ms)
[2025-03-28T19:28:23.993+0530][gc,phases   ] GC(175)   Pre Evacuate Collection Set: 0.7ms
[2025-03-28T19:28:23.993+0530][gc,phases   ] GC(175)   Merge Heap Roots: 0.3ms
[2025-03-28T19:28:23.994+0530][gc,phases   ] GC(175)   Evacuate Collection Set: 50.1ms
[2025-03-28T19:28:23.994+0530][gc,phases   ] GC(175)   Post Evacuate Collection Set: 1.7ms
[2025-03-28T19:28:23.994+0530][gc,phases   ] GC(175)   Other: 0.7ms
[2025-03-28T19:28:23.994+0530][gc,heap     ] GC(175) Eden regions: 47->0(47)
[2025-03-28T19:28:23.994+0530][gc,heap     ] GC(175) Survivor regions: 4->4(7)
[2025-03-28T19:28:23.994+0530][gc,heap     ] GC(175) Old regions: 139->142
[2025-03-28T19:28:23.994+0530][gc,heap     ] GC(175) Archive regions: 2->2
[2025-03-28T19:28:23.994+0530][gc,heap     ] GC(175) Humongous regions: 142->140
[2025-03-28T19:28:23.994+0530][gc,metaspace] GC(175) Metaspace: 49788K(50496K)->49788K(50496K) NonClass: 44156K(44544K)->44156K(44544K) Class: 5632K(5952K)->5632K(5952K)
[2025-03-28T19:28:23.994+0530][gc          ] GC(175) Pause Young (Normal) (G1 Evacuation Pause) 332M->286M(1024M) 53.905ms
[2025-03-28T19:28:23.994+0530][gc,cpu      ] GC(175) User=0.06s Sys=0.00s Real=0.04s
[2025-03-28T19:28:24.815+0530][gc,start    ] GC(176) Pause Young (Normal) (G1 Evacuation Pause)
[2025-03-28T19:28:24.815+0530][gc,task     ] GC(176) Using 2 workers of 2 for evacuation
[2025-03-28T19:28:24.869+0530][gc,mmu      ] GC(176) MMU target violated: 21.0ms (20.0ms/21.0ms)
[2025-03-28T19:28:24.870+0530][gc,phases   ] GC(176)   Pre Evacuate Collection Set: 0.6ms
[2025-03-28T19:28:24.870+0530][gc,phases   ] GC(176)   Merge Heap Roots: 0.2ms
[2025-03-28T19:28:24.870+0530][gc,phases   ] GC(176)   Evacuate Collection Set: 51.8ms
[2025-03-28T19:28:24.870+0530][gc,phases   ] GC(176)   Post Evacuate Collection Set: 1.1ms
[2025-03-28T19:28:24.870+0530][gc,phases   ] GC(176)   Other: 0.6ms
[2025-03-28T19:28:24.870+0530][gc,heap     ] GC(176) Eden regions: 47->0(46)
[2025-03-28T19:28:24.870+0530][gc,heap     ] GC(176) Survivor regions: 4->5(7)
[2025-03-28T19:28:24.870+0530][gc,heap     ] GC(176) Old regions: 142->142
[2025-03-28T19:28:24.870+0530][gc,heap     ] GC(176) Archive regions: 2->2
[2025-03-28T19:28:24.870+0530][gc,heap     ] GC(176) Humongous regions: 142->142
[2025-03-28T19:28:24.870+0530][gc,metaspace] GC(176) Metaspace: 49788K(50496K)->49788K(50496K) NonClass: 44156K(44544K)->44156K(44544K) Class: 5632K(5952K)->5632K(5952K)
[2025-03-28T19:28:24.870+0530][gc          ] GC(176) Pause Young (Normal) (G1 Evacuation Pause) 335M->289M(1024M) 54.694ms
[2025-03-28T19:28:24.870+0530][gc,cpu      ] GC(176) User=0.03s Sys=0.01s Real=0.05s
[2025-03-28T19:28:31.661+0530][gc,start    ] GC(177) Pause Young (Normal) (G1 Evacuation Pause)
[2025-03-28T19:28:31.661+0530][gc,task     ] GC(177) Using 2 workers of 2 for evacuation
[2025-03-28T19:28:31.834+0530][gc,mmu      ] GC(177) MMU target violated: 21.0ms (20.0ms/21.0ms)
[2025-03-28T19:28:31.835+0530][gc,phases   ] GC(177)   Pre Evacuate Collection Set: 1.3ms
[2025-03-28T19:28:31.835+0530][gc,phases   ] GC(177)   Merge Heap Roots: 4.2ms
[2025-03-28T19:28:31.835+0530][gc,phases   ] GC(177)   Evacuate Collection Set: 166.7ms
[2025-03-28T19:28:31.835+0530][gc,phases   ] GC(177)   Post Evacuate Collection Set: 1.3ms
[2025-03-28T19:28:31.835+0530][gc,phases   ] GC(177)   Other: 0.6ms
[2025-03-28T19:28:31.835+0530][gc,heap     ] GC(177) Eden regions: 46->0(44)
[2025-03-28T19:28:31.835+0530][gc,heap     ] GC(177) Survivor regions: 5->7(7)
[2025-03-28T19:28:31.835+0530][gc,heap     ] GC(177) Old regions: 142->146
[2025-03-28T19:28:31.835+0530][gc,heap     ] GC(177) Archive regions: 2->2
[2025-03-28T19:28:31.835+0530][gc,heap     ] GC(177) Humongous regions: 142->140
[2025-03-28T19:28:31.835+0530][gc,metaspace] GC(177) Metaspace: 49788K(50496K)->49788K(50496K) NonClass: 44156K(44544K)->44156K(44544K) Class: 5632K(5952K)->5632K(5952K)
[2025-03-28T19:28:31.835+0530][gc          ] GC(177) Pause Young (Normal) (G1 Evacuation Pause) 335M->293M(1024M) 174.510ms
[2025-03-28T19:28:31.835+0530][gc,cpu      ] GC(177) User=0.06s Sys=0.01s Real=0.18s
[2025-03-28T19:28:32.451+0530][gc,start    ] GC(178) Pause Young (Normal) (G1 Evacuation Pause)
[2025-03-28T19:28:32.451+0530][gc,task     ] GC(178) Using 2 workers of 2 for evacuation
[2025-03-28T19:28:32.526+0530][gc,mmu      ] GC(178) MMU target violated: 21.0ms (20.0ms/21.0ms)
[2025-03-28T19:28:32.527+0530][gc,phases   ] GC(178)   Pre Evacuate Collection Set: 0.6ms
[2025-03-28T19:28:32.527+0530][gc,phases   ] GC(178)   Merge Heap Roots: 0.2ms
[2025-03-28T19:28:32.527+0530][gc,phases   ] GC(178)   Evacuate Collection Set: 64.9ms
[2025-03-28T19:28:32.527+0530][gc,phases   ] GC(178)   Post Evacuate Collection Set: 9.6ms
[2025-03-28T19:28:32.527+0530][gc,phases   ] GC(178)   Other: 0.5ms
[2025-03-28T19:28:32.527+0530][gc,heap     ] GC(178) Eden regions: 44->0(49)
[2025-03-28T19:28:32.527+0530][gc,heap     ] GC(178) Survivor regions: 7->2(7)
[2025-03-28T19:28:32.527+0530][gc,heap     ] GC(178) Old regions: 146->148
[2025-03-28T19:28:32.527+0530][gc,heap     ] GC(178) Archive regions: 2->2
[2025-03-28T19:28:32.527+0530][gc,heap     ] GC(178) Humongous regions: 142->142
[2025-03-28T19:28:32.527+0530][gc,metaspace] GC(178) Metaspace: 49788K(50496K)->49788K(50496K) NonClass: 44156K(44544K)->44156K(44544K) Class: 5632K(5952K)->5632K(5952K)
[2025-03-28T19:28:32.527+0530][gc          ] GC(178) Pause Young (Normal) (G1 Evacuation Pause) 339M->292M(1024M) 76.112ms
[2025-03-28T19:28:32.527+0530][gc,cpu      ] GC(178) User=0.04s Sys=0.00s Real=0.08s
[2025-03-28T19:28:32.783+0530][gc,start    ] GC(179) Pause Young (Normal) (G1 Evacuation Pause)
[2025-03-28T19:28:32.783+0530][gc,task     ] GC(179) Using 2 workers of 2 for evacuation
[2025-03-28T19:28:32.814+0530][gc,mmu      ] GC(179) MMU target violated: 21.0ms (20.0ms/21.0ms)
[2025-03-28T19:28:32.814+0530][gc,phases   ] GC(179)   Pre Evacuate Collection Set: 0.4ms
[2025-03-28T19:28:32.814+0530][gc,phases   ] GC(179)   Merge Heap Roots: 0.2ms
[2025-03-28T19:28:32.814+0530][gc,phases   ] GC(179)   Evacuate Collection Set: 28.7ms
[2025-03-28T19:28:32.814+0530][gc,phases   ] GC(179)   Post Evacuate Collection Set: 1.2ms
[2025-03-28T19:28:32.814+0530][gc,phases   ] GC(179)   Other: 0.4ms
[2025-03-28T19:28:32.814+0530][gc,heap     ] GC(179) Eden regions: 49->0(45)
[2025-03-28T19:28:32.814+0530][gc,heap     ] GC(179) Survivor regions: 2->6(7)
[2025-03-28T19:28:32.814+0530][gc,heap     ] GC(179) Old regions: 148->148
[2025-03-28T19:28:32.814+0530][gc,heap     ] GC(179) Archive regions: 2->2
[2025-03-28T19:28:32.814+0530][gc,heap     ] GC(179) Humongous regions: 142->140
[2025-03-28T19:28:32.814+0530][gc,metaspace] GC(179) Metaspace: 49790K(50496K)->49790K(50496K) NonClass: 44158K(44544K)->44158K(44544K) Class: 5632K(5952K)->5632K(5952K)
[2025-03-28T19:28:32.814+0530][gc          ] GC(179) Pause Young (Normal) (G1 Evacuation Pause) 341M->293M(1024M) 31.246ms
[2025-03-28T19:28:32.814+0530][gc,cpu      ] GC(179) User=0.03s Sys=0.00s Real=0.03s
[2025-03-28T19:28:33.187+0530][gc,start    ] GC(180) Pause Young (Normal) (G1 Evacuation Pause)
[2025-03-28T19:28:33.187+0530][gc,task     ] GC(180) Using 2 workers of 2 for evacuation
[2025-03-28T19:28:33.203+0530][gc,phases   ] GC(180)   Pre Evacuate Collection Set: 0.5ms
[2025-03-28T19:28:33.203+0530][gc,phases   ] GC(180)   Merge Heap Roots: 0.2ms
[2025-03-28T19:28:33.203+0530][gc,phases   ] GC(180)   Evacuate Collection Set: 12.4ms
[2025-03-28T19:28:33.203+0530][gc,phases   ] GC(180)   Post Evacuate Collection Set: 2.0ms
[2025-03-28T19:28:33.203+0530][gc,phases   ] GC(180)   Other: 0.5ms
[2025-03-28T19:28:33.203+0530][gc,heap     ] GC(180) Eden regions: 45->0(49)
[2025-03-28T19:28:33.203+0530][gc,heap     ] GC(180) Survivor regions: 6->2(7)
[2025-03-28T19:28:33.203+0530][gc,heap     ] GC(180) Old regions: 148->149
[2025-03-28T19:28:33.203+0530][gc,heap     ] GC(180) Archive regions: 2->2
[2025-03-28T19:28:33.203+0530][gc,heap     ] GC(180) Humongous regions: 142->142
[2025-03-28T19:28:33.203+0530][gc,metaspace] GC(180) Metaspace: 49790K(50496K)->49790K(50496K) NonClass: 44158K(44544K)->44158K(44544K) Class: 5632K(5952K)->5632K(5952K)
[2025-03-28T19:28:33.203+0530][gc          ] GC(180) Pause Young (Normal) (G1 Evacuation Pause) 340M->293M(1024M) 16.081ms
[2025-03-28T19:28:33.203+0530][gc,cpu      ] GC(180) User=0.02s Sys=0.00s Real=0.01s
[2025-03-28T19:28:41.515+0530][gc,start    ] GC(181) Pause Young (Normal) (G1 Evacuation Pause)
[2025-03-28T19:28:41.515+0530][gc,task     ] GC(181) Using 2 workers of 2 for evacuation
[2025-03-28T19:28:41.589+0530][gc,mmu      ] GC(181) MMU target violated: 21.0ms (20.0ms/21.0ms)
[2025-03-28T19:28:41.590+0530][gc,phases   ] GC(181)   Pre Evacuate Collection Set: 0.9ms
[2025-03-28T19:28:41.590+0530][gc,phases   ] GC(181)   Merge Heap Roots: 0.9ms
[2025-03-28T19:28:41.590+0530][gc,phases   ] GC(181)   Evacuate Collection Set: 56.2ms
[2025-03-28T19:28:41.590+0530][gc,phases   ] GC(181)   Post Evacuate Collection Set: 15.8ms
[2025-03-28T19:28:41.590+0530][gc,phases   ] GC(181)   Other: 0.9ms
[2025-03-28T19:28:41.590+0530][gc,heap     ] GC(181) Eden regions: 49->0(46)
[2025-03-28T19:28:41.590+0530][gc,heap     ] GC(181) Survivor regions: 2->5(7)
[2025-03-28T19:28:41.590+0530][gc,heap     ] GC(181) Old regions: 149->149
[2025-03-28T19:28:41.590+0530][gc,heap     ] GC(181) Archive regions: 2->2
[2025-03-28T19:28:41.590+0530][gc,heap     ] GC(181) Humongous regions: 142->140
[2025-03-28T19:28:41.590+0530][gc,metaspace] GC(181) Metaspace: 49790K(50496K)->49790K(50496K) NonClass: 44158K(44544K)->44158K(44544K) Class: 5632K(5952K)->5632K(5952K)
[2025-03-28T19:28:41.590+0530][gc          ] GC(181) Pause Young (Normal) (G1 Evacuation Pause) 342M->293M(1024M) 75.124ms
[2025-03-28T19:28:41.590+0530][gc,cpu      ] GC(181) User=0.03s Sys=0.01s Real=0.07s
[2025-03-28T19:28:42.148+0530][gc,start    ] GC(182) Pause Young (Normal) (G1 Evacuation Pause)
[2025-03-28T19:28:42.148+0530][gc,task     ] GC(182) Using 2 workers of 2 for evacuation
[2025-03-28T19:28:42.275+0530][gc,mmu      ] GC(182) MMU target violated: 21.0ms (20.0ms/21.0ms)
[2025-03-28T19:28:42.275+0530][gc,phases   ] GC(182)   Pre Evacuate Collection Set: 0.7ms
[2025-03-28T19:28:42.275+0530][gc,phases   ] GC(182)   Merge Heap Roots: 0.3ms
[2025-03-28T19:28:42.275+0530][gc,phases   ] GC(182)   Evacuate Collection Set: 93.9ms
[2025-03-28T19:28:42.275+0530][gc,phases   ] GC(182)   Post Evacuate Collection Set: 31.7ms
[2025-03-28T19:28:42.275+0530][gc,phases   ] GC(182)   Other: 0.9ms
[2025-03-28T19:28:42.275+0530][gc,heap     ] GC(182) Eden regions: 46->0(49)
[2025-03-28T19:28:42.275+0530][gc,heap     ] GC(182) Survivor regions: 5->2(7)
[2025-03-28T19:28:42.275+0530][gc,heap     ] GC(182) Old regions: 149->149
[2025-03-28T19:28:42.275+0530][gc,heap     ] GC(182) Archive regions: 2->2
[2025-03-28T19:28:42.275+0530][gc,heap     ] GC(182) Humongous regions: 142->142
[2025-03-28T19:28:42.275+0530][gc,metaspace] GC(182) Metaspace: 49791K(50496K)->49791K(50496K) NonClass: 44158K(44544K)->44158K(44544K) Class: 5632K(5952K)->5632K(5952K)
[2025-03-28T19:28:42.276+0530][gc          ] GC(182) Pause Young (Normal) (G1 Evacuation Pause) 341M->293M(1024M) 128.075ms
[2025-03-28T19:28:42.276+0530][gc,cpu      ] GC(182) User=0.03s Sys=0.01s Real=0.13s
[2025-03-28T19:28:42.862+0530][gc,start    ] GC(183) Pause Young (Normal) (G1 Evacuation Pause)
[2025-03-28T19:28:42.862+0530][gc,task     ] GC(183) Using 2 workers of 2 for evacuation
[2025-03-28T19:28:42.902+0530][gc,mmu      ] GC(183) MMU target violated: 21.0ms (20.0ms/21.0ms)
[2025-03-28T19:28:42.902+0530][gc,phases   ] GC(183)   Pre Evacuate Collection Set: 2.2ms
[2025-03-28T19:28:42.902+0530][gc,phases   ] GC(183)   Merge Heap Roots: 0.3ms
[2025-03-28T19:28:42.902+0530][gc,phases   ] GC(183)   Evacuate Collection Set: 34.8ms
[2025-03-28T19:28:42.902+0530][gc,phases   ] GC(183)   Post Evacuate Collection Set: 2.3ms
[2025-03-28T19:28:42.902+0530][gc,phases   ] GC(183)   Other: 0.6ms
[2025-03-28T19:28:42.902+0530][gc,heap     ] GC(183) Eden regions: 49->0(47)
[2025-03-28T19:28:42.902+0530][gc,heap     ] GC(183) Survivor regions: 2->4(7)
[2025-03-28T19:28:42.902+0530][gc,heap     ] GC(183) Old regions: 149->149
[2025-03-28T19:28:42.902+0530][gc,heap     ] GC(183) Archive regions: 2->2
[2025-03-28T19:28:42.902+0530][gc,heap     ] GC(183) Humongous regions: 142->140
[2025-03-28T19:28:42.902+0530][gc,metaspace] GC(183) Metaspace: 49792K(50496K)->49792K(50496K) NonClass: 44160K(44544K)->44160K(44544K) Class: 5632K(5952K)->5632K(5952K)
[2025-03-28T19:28:42.902+0530][gc          ] GC(183) Pause Young (Normal) (G1 Evacuation Pause) 342M->293M(1024M) 40.512ms
[2025-03-28T19:28:42.902+0530][gc,cpu      ] GC(183) User=0.02s Sys=0.00s Real=0.04s
[2025-03-28T19:28:43.280+0530][gc,start    ] GC(184) Pause Young (Normal) (G1 Evacuation Pause)
[2025-03-28T19:28:43.280+0530][gc,task     ] GC(184) Using 2 workers of 2 for evacuation
[2025-03-28T19:28:43.316+0530][gc,mmu      ] GC(184) MMU target violated: 21.0ms (20.0ms/21.0ms)
[2025-03-28T19:28:43.316+0530][gc,phases   ] GC(184)   Pre Evacuate Collection Set: 4.5ms
[2025-03-28T19:28:43.317+0530][gc,phases   ] GC(184)   Merge Heap Roots: 0.2ms
[2025-03-28T19:28:43.317+0530][gc,phases   ] GC(184)   Evacuate Collection Set: 30.5ms
[2025-03-28T19:28:43.317+0530][gc,phases   ] GC(184)   Post Evacuate Collection Set: 1.0ms
[2025-03-28T19:28:43.317+0530][gc,phases   ] GC(184)   Other: 0.7ms
[2025-03-28T19:28:43.317+0530][gc,heap     ] GC(184) Eden regions: 47->0(49)
[2025-03-28T19:28:43.317+0530][gc,heap     ] GC(184) Survivor regions: 4->2(7)
[2025-03-28T19:28:43.317+0530][gc,heap     ] GC(184) Old regions: 149->150
[2025-03-28T19:28:43.317+0530][gc,heap     ] GC(184) Archive regions: 2->2
[2025-03-28T19:28:43.317+0530][gc,heap     ] GC(184) Humongous regions: 142->142
[2025-03-28T19:28:43.317+0530][gc,metaspace] GC(184) Metaspace: 49794K(50496K)->49794K(50496K) NonClass: 44161K(44544K)->44161K(44544K) Class: 5632K(5952K)->5632K(5952K)
[2025-03-28T19:28:43.317+0530][gc          ] GC(184) Pause Young (Normal) (G1 Evacuation Pause) 342M->294M(1024M) 37.201ms
[2025-03-28T19:28:43.317+0530][gc,cpu      ] GC(184) User=0.03s Sys=0.00s Real=0.04s
[2025-03-28T19:28:51.547+0530][gc,start    ] GC(185) Pause Young (Normal) (G1 Evacuation Pause)
[2025-03-28T19:28:51.552+0530][gc,task     ] GC(185) Using 2 workers of 2 for evacuation
[2025-03-28T19:28:51.612+0530][gc,mmu      ] GC(185) MMU target violated: 21.0ms (20.0ms/21.0ms)
[2025-03-28T19:28:51.612+0530][gc,phases   ] GC(185)   Pre Evacuate Collection Set: 1.1ms
[2025-03-28T19:28:51.612+0530][gc,phases   ] GC(185)   Merge Heap Roots: 0.3ms
[2025-03-28T19:28:51.612+0530][gc,phases   ] GC(185)   Evacuate Collection Set: 55.4ms
[2025-03-28T19:28:51.612+0530][gc,phases   ] GC(185)   Post Evacuate Collection Set: 2.3ms
[2025-03-28T19:28:51.612+0530][gc,phases   ] GC(185)   Other: 6.4ms
[2025-03-28T19:28:51.612+0530][gc,heap     ] GC(185) Eden regions: 49->0(47)
[2025-03-28T19:28:51.612+0530][gc,heap     ] GC(185) Survivor regions: 2->4(7)
[2025-03-28T19:28:51.612+0530][gc,heap     ] GC(185) Old regions: 150->150
[2025-03-28T19:28:51.612+0530][gc,heap     ] GC(185) Archive regions: 2->2
[2025-03-28T19:28:51.612+0530][gc,heap     ] GC(185) Humongous regions: 142->140
[2025-03-28T19:28:51.612+0530][gc,metaspace] GC(185) Metaspace: 49806K(50496K)->49806K(50496K) NonClass: 44173K(44544K)->44173K(44544K) Class: 5632K(5952K)->5632K(5952K)
[2025-03-28T19:28:51.612+0530][gc          ] GC(185) Pause Young (Normal) (G1 Evacuation Pause) 343M->293M(1024M) 65.877ms
[2025-03-28T19:28:51.613+0530][gc,cpu      ] GC(185) User=0.02s Sys=0.01s Real=0.07s
[2025-03-28T19:28:52.126+0530][gc,start    ] GC(186) Pause Young (Normal) (G1 Evacuation Pause)
[2025-03-28T19:28:52.126+0530][gc,task     ] GC(186) Using 2 workers of 2 for evacuation
[2025-03-28T19:28:52.179+0530][gc,mmu      ] GC(186) MMU target violated: 21.0ms (20.0ms/21.0ms)
[2025-03-28T19:28:52.179+0530][gc,phases   ] GC(186)   Pre Evacuate Collection Set: 0.6ms
[2025-03-28T19:28:52.179+0530][gc,phases   ] GC(186)   Merge Heap Roots: 0.3ms
[2025-03-28T19:28:52.179+0530][gc,phases   ] GC(186)   Evacuate Collection Set: 50.0ms
[2025-03-28T19:28:52.179+0530][gc,phases   ] GC(186)   Post Evacuate Collection Set: 1.4ms
[2025-03-28T19:28:52.179+0530][gc,phases   ] GC(186)   Other: 0.6ms
[2025-03-28T19:28:52.179+0530][gc,heap     ] GC(186) Eden regions: 47->0(48)
[2025-03-28T19:28:52.179+0530][gc,heap     ] GC(186) Survivor regions: 4->3(7)
[2025-03-28T19:28:52.179+0530][gc,heap     ] GC(186) Old regions: 150->150
[2025-03-28T19:28:52.179+0530][gc,heap     ] GC(186) Archive regions: 2->2
[2025-03-28T19:28:52.179+0530][gc,heap     ] GC(186) Humongous regions: 142->142
[2025-03-28T19:28:52.179+0530][gc,metaspace] GC(186) Metaspace: 49806K(50496K)->49806K(50496K) NonClass: 44173K(44544K)->44173K(44544K) Class: 5632K(5952K)->5632K(5952K)
[2025-03-28T19:28:52.180+0530][gc          ] GC(186) Pause Young (Normal) (G1 Evacuation Pause) 342M->295M(1024M) 53.359ms
[2025-03-28T19:28:52.180+0530][gc,cpu      ] GC(186) User=0.03s Sys=0.01s Real=0.04s
[2025-03-28T19:28:52.732+0530][gc,start    ] GC(187) Pause Young (Normal) (G1 Evacuation Pause)
[2025-03-28T19:28:52.732+0530][gc,task     ] GC(187) Using 2 workers of 2 for evacuation
[2025-03-28T19:28:52.767+0530][gc,mmu      ] GC(187) MMU target violated: 21.0ms (20.0ms/21.0ms)
[2025-03-28T19:28:52.767+0530][gc,phases   ] GC(187)   Pre Evacuate Collection Set: 0.6ms
[2025-03-28T19:28:52.767+0530][gc,phases   ] GC(187)   Merge Heap Roots: 0.5ms
[2025-03-28T19:28:52.767+0530][gc,phases   ] GC(187)   Evacuate Collection Set: 30.5ms
[2025-03-28T19:28:52.767+0530][gc,phases   ] GC(187)   Post Evacuate Collection Set: 2.8ms
[2025-03-28T19:28:52.767+0530][gc,phases   ] GC(187)   Other: 0.5ms
[2025-03-28T19:28:52.767+0530][gc,heap     ] GC(187) Eden regions: 48->0(48)
[2025-03-28T19:28:52.767+0530][gc,heap     ] GC(187) Survivor regions: 3->3(7)
[2025-03-28T19:28:52.767+0530][gc,heap     ] GC(187) Old regions: 150->150
[2025-03-28T19:28:52.767+0530][gc,heap     ] GC(187) Archive regions: 2->2
[2025-03-28T19:28:52.767+0530][gc,heap     ] GC(187) Humongous regions: 142->140
[2025-03-28T19:28:52.767+0530][gc,metaspace] GC(187) Metaspace: 49806K(50496K)->49806K(50496K) NonClass: 44173K(44544K)->44173K(44544K) Class: 5632K(5952K)->5632K(5952K)
[2025-03-28T19:28:52.768+0530][gc          ] GC(187) Pause Young (Normal) (G1 Evacuation Pause) 343M->293M(1024M) 35.297ms
[2025-03-28T19:28:52.768+0530][gc,cpu      ] GC(187) User=0.02s Sys=0.00s Real=0.05s
[2025-03-28T19:28:53.230+0530][gc,start    ] GC(188) Pause Young (Normal) (G1 Evacuation Pause)
[2025-03-28T19:28:53.230+0530][gc,task     ] GC(188) Using 2 workers of 2 for evacuation
[2025-03-28T19:28:53.267+0530][gc,mmu      ] GC(188) MMU target violated: 21.0ms (20.0ms/21.0ms)
[2025-03-28T19:28:53.267+0530][gc,phases   ] GC(188)   Pre Evacuate Collection Set: 0.9ms
[2025-03-28T19:28:53.267+0530][gc,phases   ] GC(188)   Merge Heap Roots: 0.5ms
[2025-03-28T19:28:53.267+0530][gc,phases   ] GC(188)   Evacuate Collection Set: 33.9ms
[2025-03-28T19:28:53.267+0530][gc,phases   ] GC(188)   Post Evacuate Collection Set: 1.7ms
[2025-03-28T19:28:53.267+0530][gc,phases   ] GC(188)   Other: 0.6ms
[2025-03-28T19:28:53.268+0530][gc,heap     ] GC(188) Eden regions: 48->0(48)
[2025-03-28T19:28:53.268+0530][gc,heap     ] GC(188) Survivor regions: 3->3(7)
[2025-03-28T19:28:53.268+0530][gc,heap     ] GC(188) Old regions: 150->150
[2025-03-28T19:28:53.268+0530][gc,heap     ] GC(188) Archive regions: 2->2
[2025-03-28T19:28:53.268+0530][gc,heap     ] GC(188) Humongous regions: 142->142
[2025-03-28T19:28:53.268+0530][gc,metaspace] GC(188) Metaspace: 49810K(50496K)->49810K(50496K) NonClass: 44178K(44544K)->44178K(44544K) Class: 5632K(5952K)->5632K(5952K)
[2025-03-28T19:28:53.268+0530][gc          ] GC(188) Pause Young (Normal) (G1 Evacuation Pause) 343M->295M(1024M) 37.758ms
[2025-03-28T19:28:53.268+0530][gc,cpu      ] GC(188) User=0.05s Sys=0.00s Real=0.04s
[2025-03-28T19:29:01.269+0530][gc,start    ] GC(189) Pause Young (Normal) (G1 Evacuation Pause)
[2025-03-28T19:29:01.270+0530][gc,task     ] GC(189) Using 2 workers of 2 for evacuation
[2025-03-28T19:29:01.348+0530][gc,mmu      ] GC(189) MMU target violated: 21.0ms (20.0ms/21.0ms)
[2025-03-28T19:29:01.348+0530][gc,phases   ] GC(189)   Pre Evacuate Collection Set: 14.2ms
[2025-03-28T19:29:01.348+0530][gc,phases   ] GC(189)   Merge Heap Roots: 7.1ms
[2025-03-28T19:29:01.348+0530][gc,phases   ] GC(189)   Evacuate Collection Set: 54.9ms
[2025-03-28T19:29:01.348+0530][gc,phases   ] GC(189)   Post Evacuate Collection Set: 2.2ms
[2025-03-28T19:29:01.349+0530][gc,phases   ] GC(189)   Other: 0.6ms
[2025-03-28T19:29:01.349+0530][gc,heap     ] GC(189) Eden regions: 48->0(48)
[2025-03-28T19:29:01.349+0530][gc,heap     ] GC(189) Survivor regions: 3->3(7)
[2025-03-28T19:29:01.349+0530][gc,heap     ] GC(189) Old regions: 150->150
[2025-03-28T19:29:01.349+0530][gc,heap     ] GC(189) Archive regions: 2->2
[2025-03-28T19:29:01.349+0530][gc,heap     ] GC(189) Humongous regions: 142->140
[2025-03-28T19:29:01.349+0530][gc,metaspace] GC(189) Metaspace: 49812K(50496K)->49812K(50496K) NonClass: 44180K(44544K)->44180K(44544K) Class: 5632K(5952K)->5632K(5952K)
[2025-03-28T19:29:01.349+0530][gc          ] GC(189) Pause Young (Normal) (G1 Evacuation Pause) 343M->293M(1024M) 79.369ms
[2025-03-28T19:29:01.349+0530][gc,cpu      ] GC(189) User=0.02s Sys=0.00s Real=0.09s
[2025-03-28T19:29:01.868+0530][gc,start    ] GC(190) Pause Young (Normal) (G1 Evacuation Pause)
[2025-03-28T19:29:01.868+0530][gc,task     ] GC(190) Using 2 workers of 2 for evacuation
[2025-03-28T19:29:01.938+0530][gc,mmu      ] GC(190) MMU target violated: 21.0ms (20.0ms/21.0ms)
[2025-03-28T19:29:01.939+0530][gc,phases   ] GC(190)   Pre Evacuate Collection Set: 0.7ms
[2025-03-28T19:29:01.939+0530][gc,phases   ] GC(190)   Merge Heap Roots: 0.2ms
[2025-03-28T19:29:01.939+0530][gc,phases   ] GC(190)   Evacuate Collection Set: 68.0ms
[2025-03-28T19:29:01.939+0530][gc,phases   ] GC(190)   Post Evacuate Collection Set: 1.2ms
[2025-03-28T19:29:01.939+0530][gc,phases   ] GC(190)   Other: 0.5ms
[2025-03-28T19:29:01.939+0530][gc,heap     ] GC(190) Eden regions: 48->0(48)
[2025-03-28T19:29:01.939+0530][gc,heap     ] GC(190) Survivor regions: 3->3(7)
[2025-03-28T19:29:01.939+0530][gc,heap     ] GC(190) Old regions: 150->150
[2025-03-28T19:29:01.939+0530][gc,heap     ] GC(190) Archive regions: 2->2
[2025-03-28T19:29:01.939+0530][gc,heap     ] GC(190) Humongous regions: 142->142
[2025-03-28T19:29:01.939+0530][gc,metaspace] GC(190) Metaspace: 49812K(50496K)->49812K(50496K) NonClass: 44180K(44544K)->44180K(44544K) Class: 5632K(5952K)->5632K(5952K)
[2025-03-28T19:29:01.939+0530][gc          ] GC(190) Pause Young (Normal) (G1 Evacuation Pause) 343M->295M(1024M) 70.974ms
[2025-03-28T19:29:01.939+0530][gc,cpu      ] GC(190) User=0.03s Sys=0.00s Real=0.07s
[2025-03-28T19:29:02.525+0530][gc,start    ] GC(191) Pause Young (Normal) (G1 Evacuation Pause)
[2025-03-28T19:29:02.526+0530][gc,task     ] GC(191) Using 2 workers of 2 for evacuation
[2025-03-28T19:29:02.552+0530][gc,mmu      ] GC(191) MMU target violated: 21.0ms (20.0ms/21.0ms)
[2025-03-28T19:29:02.553+0530][gc,phases   ] GC(191)   Pre Evacuate Collection Set: 3.9ms
[2025-03-28T19:29:02.553+0530][gc,phases   ] GC(191)   Merge Heap Roots: 0.5ms
[2025-03-28T19:29:02.553+0530][gc,phases   ] GC(191)   Evacuate Collection Set: 20.8ms
[2025-03-28T19:29:02.553+0530][gc,phases   ] GC(191)   Post Evacuate Collection Set: 1.4ms
[2025-03-28T19:29:02.553+0530][gc,phases   ] GC(191)   Other: 0.5ms
[2025-03-28T19:29:02.553+0530][gc,heap     ] GC(191) Eden regions: 48->0(49)
[2025-03-28T19:29:02.553+0530][gc,heap     ] GC(191) Survivor regions: 3->2(7)
[2025-03-28T19:29:02.553+0530][gc,heap     ] GC(191) Old regions: 150->150
[2025-03-28T19:29:02.553+0530][gc,heap     ] GC(191) Archive regions: 2->2
[2025-03-28T19:29:02.553+0530][gc,heap     ] GC(191) Humongous regions: 142->140
[2025-03-28T19:29:02.553+0530][gc,metaspace] GC(191) Metaspace: 49813K(50496K)->49813K(50496K) NonClass: 44180K(44544K)->44180K(44544K) Class: 5632K(5952K)->5632K(5952K)
[2025-03-28T19:29:02.564+0530][gc          ] GC(191) Pause Young (Normal) (G1 Evacuation Pause) 343M->292M(1024M) 29.187ms
[2025-03-28T19:29:02.565+0530][gc,cpu      ] GC(191) User=0.02s Sys=0.00s Real=0.03s
[2025-03-28T19:29:03.037+0530][gc,start    ] GC(192) Pause Young (Normal) (G1 Evacuation Pause)
[2025-03-28T19:29:03.038+0530][gc,task     ] GC(192) Using 2 workers of 2 for evacuation
[2025-03-28T19:29:03.057+0530][gc,phases   ] GC(192)   Pre Evacuate Collection Set: 0.6ms
[2025-03-28T19:29:03.058+0530][gc,phases   ] GC(192)   Merge Heap Roots: 0.5ms
[2025-03-28T19:29:03.058+0530][gc,phases   ] GC(192)   Evacuate Collection Set: 16.1ms
[2025-03-28T19:29:03.058+0530][gc,phases   ] GC(192)   Post Evacuate Collection Set: 2.3ms
[2025-03-28T19:29:03.058+0530][gc,phases   ] GC(192)   Other: 0.8ms
[2025-03-28T19:29:03.058+0530][gc,heap     ] GC(192) Eden regions: 49->0(48)
[2025-03-28T19:29:03.058+0530][gc,heap     ] GC(192) Survivor regions: 2->3(7)
[2025-03-28T19:29:03.058+0530][gc,heap     ] GC(192) Old regions: 150->150
[2025-03-28T19:29:03.058+0530][gc,heap     ] GC(192) Archive regions: 2->2
[2025-03-28T19:29:03.058+0530][gc,heap     ] GC(192) Humongous regions: 142->142
[2025-03-28T19:29:03.058+0530][gc,metaspace] GC(192) Metaspace: 49813K(50496K)->49813K(50496K) NonClass: 44180K(44544K)->44180K(44544K) Class: 5632K(5952K)->5632K(5952K)
[2025-03-28T19:29:03.058+0530][gc          ] GC(192) Pause Young (Normal) (G1 Evacuation Pause) 343M->295M(1024M) 20.827ms
[2025-03-28T19:29:03.058+0530][gc,cpu      ] GC(192) User=0.03s Sys=0.01s Real=0.02s
[2025-03-28T19:29:11.458+0530][gc,start    ] GC(193) Pause Young (Normal) (G1 Evacuation Pause)
[2025-03-28T19:29:11.459+0530][gc,task     ] GC(193) Using 2 workers of 2 for evacuation
[2025-03-28T19:29:11.495+0530][gc,mmu      ] GC(193) MMU target violated: 21.0ms (20.0ms/21.0ms)
[2025-03-28T19:29:11.495+0530][gc,phases   ] GC(193)   Pre Evacuate Collection Set: 0.4ms
[2025-03-28T19:29:11.495+0530][gc,phases   ] GC(193)   Merge Heap Roots: 0.3ms
[2025-03-28T19:29:11.495+0530][gc,phases   ] GC(193)   Evacuate Collection Set: 33.8ms
[2025-03-28T19:29:11.495+0530][gc,phases   ] GC(193)   Post Evacuate Collection Set: 1.8ms
[2025-03-28T19:29:11.495+0530][gc,phases   ] GC(193)   Other: 0.6ms
[2025-03-28T19:29:11.495+0530][gc,heap     ] GC(193) Eden regions: 48->0(49)
[2025-03-28T19:29:11.496+0530][gc,heap     ] GC(193) Survivor regions: 3->2(7)
[2025-03-28T19:29:11.496+0530][gc,heap     ] GC(193) Old regions: 150->150
[2025-03-28T19:29:11.496+0530][gc,heap     ] GC(193) Archive regions: 2->2
[2025-03-28T19:29:11.496+0530][gc,heap     ] GC(193) Humongous regions: 142->140
[2025-03-28T19:29:11.496+0530][gc,metaspace] GC(193) Metaspace: 49817K(50496K)->49817K(50496K) NonClass: 44184K(44544K)->44184K(44544K) Class: 5632K(5952K)->5632K(5952K)
[2025-03-28T19:29:11.496+0530][gc          ] GC(193) Pause Young (Normal) (G1 Evacuation Pause) 343M->292M(1024M) 37.227ms
[2025-03-28T19:29:11.496+0530][gc,cpu      ] GC(193) User=0.01s Sys=0.00s Real=0.03s
[2025-03-28T19:29:12.088+0530][gc,start    ] GC(194) Pause Young (Normal) (G1 Evacuation Pause)
[2025-03-28T19:29:12.088+0530][gc,task     ] GC(194) Using 2 workers of 2 for evacuation
[2025-03-28T19:29:12.155+0530][gc,mmu      ] GC(194) MMU target violated: 21.0ms (20.0ms/21.0ms)
[2025-03-28T19:29:12.156+0530][gc,phases   ] GC(194)   Pre Evacuate Collection Set: 0.5ms
[2025-03-28T19:29:12.156+0530][gc,phases   ] GC(194)   Merge Heap Roots: 0.2ms
[2025-03-28T19:29:12.156+0530][gc,phases   ] GC(194)   Evacuate Collection Set: 65.1ms
[2025-03-28T19:29:12.156+0530][gc,phases   ] GC(194)   Post Evacuate Collection Set: 1.3ms
[2025-03-28T19:29:12.156+0530][gc,phases   ] GC(194)   Other: 0.6ms
[2025-03-28T19:29:12.156+0530][gc,heap     ] GC(194) Eden regions: 49->0(44)
[2025-03-28T19:29:12.156+0530][gc,heap     ] GC(194) Survivor regions: 2->7(7)
[2025-03-28T19:29:12.156+0530][gc,heap     ] GC(194) Old regions: 150->151
[2025-03-28T19:29:12.156+0530][gc,heap     ] GC(194) Archive regions: 2->2
[2025-03-28T19:29:12.156+0530][gc,heap     ] GC(194) Humongous regions: 140->140
[2025-03-28T19:29:12.156+0530][gc,metaspace] GC(194) Metaspace: 49817K(50496K)->49817K(50496K) NonClass: 44184K(44544K)->44184K(44544K) Class: 5632K(5952K)->5632K(5952K)
[2025-03-28T19:29:12.156+0530][gc          ] GC(194) Pause Young (Normal) (G1 Evacuation Pause) 341M->298M(1024M) 68.012ms
[2025-03-28T19:29:12.156+0530][gc,cpu      ] GC(194) User=0.07s Sys=0.01s Real=0.09s
[2025-03-28T19:29:12.657+0530][gc,start    ] GC(195) Pause Young (Normal) (G1 Evacuation Pause)
[2025-03-28T19:29:12.657+0530][gc,task     ] GC(195) Using 2 workers of 2 for evacuation
[2025-03-28T19:29:12.760+0530][gc,mmu      ] GC(195) MMU target violated: 21.0ms (20.0ms/21.0ms)
[2025-03-28T19:29:12.760+0530][gc,phases   ] GC(195)   Pre Evacuate Collection Set: 0.6ms
[2025-03-28T19:29:12.760+0530][gc,phases   ] GC(195)   Merge Heap Roots: 0.5ms
[2025-03-28T19:29:12.760+0530][gc,phases   ] GC(195)   Evacuate Collection Set: 91.6ms
[2025-03-28T19:29:12.761+0530][gc,phases   ] GC(195)   Post Evacuate Collection Set: 10.5ms
[2025-03-28T19:29:12.761+0530][gc,phases   ] GC(195)   Other: 0.6ms
[2025-03-28T19:29:12.761+0530][gc,heap     ] GC(195) Eden regions: 44->0(49)
[2025-03-28T19:29:12.761+0530][gc,heap     ] GC(195) Survivor regions: 7->2(7)
[2025-03-28T19:29:12.761+0530][gc,heap     ] GC(195) Old regions: 151->157
[2025-03-28T19:29:12.761+0530][gc,heap     ] GC(195) Archive regions: 2->2
[2025-03-28T19:29:12.761+0530][gc,heap     ] GC(195) Humongous regions: 142->140
[2025-03-28T19:29:12.761+0530][gc,metaspace] GC(195) Metaspace: 49819K(50496K)->49819K(50496K) NonClass: 44187K(44544K)->44187K(44544K) Class: 5632K(5952K)->5632K(5952K)
[2025-03-28T19:29:12.761+0530][gc          ] GC(195) Pause Young (Normal) (G1 Evacuation Pause) 344M->299M(1024M) 104.299ms
[2025-03-28T19:29:12.761+0530][gc,cpu      ] GC(195) User=0.06s Sys=0.01s Real=0.11s
[2025-03-28T19:29:13.527+0530][gc,start    ] GC(196) Pause Young (Normal) (G1 Evacuation Pause)
[2025-03-28T19:29:13.527+0530][gc,task     ] GC(196) Using 2 workers of 2 for evacuation
[2025-03-28T19:29:13.562+0530][gc,mmu      ] GC(196) MMU target violated: 21.0ms (20.0ms/21.0ms)
[2025-03-28T19:29:13.562+0530][gc,phases   ] GC(196)   Pre Evacuate Collection Set: 0.7ms
[2025-03-28T19:29:13.562+0530][gc,phases   ] GC(196)   Merge Heap Roots: 0.2ms
[2025-03-28T19:29:13.562+0530][gc,phases   ] GC(196)   Evacuate Collection Set: 32.4ms
[2025-03-28T19:29:13.562+0530][gc,phases   ] GC(196)   Post Evacuate Collection Set: 1.4ms
[2025-03-28T19:29:13.562+0530][gc,phases   ] GC(196)   Other: 0.5ms
[2025-03-28T19:29:13.562+0530][gc,heap     ] GC(196) Eden regions: 49->0(44)
[2025-03-28T19:29:13.562+0530][gc,heap     ] GC(196) Survivor regions: 2->7(7)
[2025-03-28T19:29:13.562+0530][gc,heap     ] GC(196) Old regions: 157->157
[2025-03-28T19:29:13.562+0530][gc,heap     ] GC(196) Archive regions: 2->2
[2025-03-28T19:29:13.562+0530][gc,heap     ] GC(196) Humongous regions: 140->140
[2025-03-28T19:29:13.562+0530][gc,metaspace] GC(196) Metaspace: 49822K(50496K)->49822K(50496K) NonClass: 44189K(44544K)->44189K(44544K) Class: 5632K(5952K)->5632K(5952K)
[2025-03-28T19:29:13.563+0530][gc          ] GC(196) Pause Young (Normal) (G1 Evacuation Pause) 348M->304M(1024M) 35.497ms
[2025-03-28T19:29:13.563+0530][gc,cpu      ] GC(196) User=0.04s Sys=0.01s Real=0.03s
[2025-03-28T19:29:13.900+0530][gc,start    ] GC(197) Pause Young (Normal) (G1 Evacuation Pause)
[2025-03-28T19:29:13.901+0530][gc,task     ] GC(197) Using 2 workers of 2 for evacuation
[2025-03-28T19:29:13.914+0530][gc,phases   ] GC(197)   Pre Evacuate Collection Set: 0.7ms
[2025-03-28T19:29:13.914+0530][gc,phases   ] GC(197)   Merge Heap Roots: 0.5ms
[2025-03-28T19:29:13.914+0530][gc,phases   ] GC(197)   Evacuate Collection Set: 10.8ms
[2025-03-28T19:29:13.914+0530][gc,phases   ] GC(197)   Post Evacuate Collection Set: 1.1ms
[2025-03-28T19:29:13.914+0530][gc,phases   ] GC(197)   Other: 0.4ms
[2025-03-28T19:29:13.914+0530][gc,heap     ] GC(197) Eden regions: 44->0(50)
[2025-03-28T19:29:13.914+0530][gc,heap     ] GC(197) Survivor regions: 7->1(7)
[2025-03-28T19:29:13.914+0530][gc,heap     ] GC(197) Old regions: 157->159
[2025-03-28T19:29:13.914+0530][gc,heap     ] GC(197) Archive regions: 2->2
[2025-03-28T19:29:13.914+0530][gc,heap     ] GC(197) Humongous regions: 142->142
[2025-03-28T19:29:13.914+0530][gc,metaspace] GC(197) Metaspace: 49822K(50496K)->49822K(50496K) NonClass: 44189K(44544K)->44189K(44544K) Class: 5632K(5952K)->5632K(5952K)
[2025-03-28T19:29:13.914+0530][gc          ] GC(197) Pause Young (Normal) (G1 Evacuation Pause) 350M->302M(1024M) 14.066ms
[2025-03-28T19:29:13.915+0530][gc,cpu      ] GC(197) User=0.02s Sys=0.00s Real=0.01s
[2025-03-28T19:29:21.828+0530][gc,start    ] GC(198) Pause Young (Normal) (G1 Evacuation Pause)
[2025-03-28T19:29:21.829+0530][gc,task     ] GC(198) Using 2 workers of 2 for evacuation
[2025-03-28T19:29:21.908+0530][gc,mmu      ] GC(198) MMU target violated: 21.0ms (20.0ms/21.0ms)
[2025-03-28T19:29:21.908+0530][gc,phases   ] GC(198)   Pre Evacuate Collection Set: 0.5ms
[2025-03-28T19:29:21.908+0530][gc,phases   ] GC(198)   Merge Heap Roots: 15.4ms
[2025-03-28T19:29:21.908+0530][gc,phases   ] GC(198)   Evacuate Collection Set: 56.8ms
[2025-03-28T19:29:21.908+0530][gc,phases   ] GC(198)   Post Evacuate Collection Set: 6.3ms
[2025-03-28T19:29:21.908+0530][gc,phases   ] GC(198)   Other: 0.5ms
[2025-03-28T19:29:21.908+0530][gc,heap     ] GC(198) Eden regions: 50->0(44)
[2025-03-28T19:29:21.908+0530][gc,heap     ] GC(198) Survivor regions: 1->7(7)
[2025-03-28T19:29:21.908+0530][gc,heap     ] GC(198) Old regions: 159->159
[2025-03-28T19:29:21.908+0530][gc,heap     ] GC(198) Archive regions: 2->2
[2025-03-28T19:29:21.908+0530][gc,heap     ] GC(198) Humongous regions: 142->140
[2025-03-28T19:29:21.908+0530][gc,metaspace] GC(198) Metaspace: 49836K(50496K)->49836K(50496K) NonClass: 44203K(44544K)->44203K(44544K) Class: 5632K(5952K)->5632K(5952K)
[2025-03-28T19:29:21.908+0530][gc          ] GC(198) Pause Young (Normal) (G1 Evacuation Pause) 352M->305M(1024M) 79.804ms
[2025-03-28T19:29:21.908+0530][gc,cpu      ] GC(198) User=0.04s Sys=0.00s Real=0.07s
[2025-03-28T19:29:22.462+0530][gc,start    ] GC(199) Pause Young (Normal) (G1 Evacuation Pause)
[2025-03-28T19:29:22.462+0530][gc,task     ] GC(199) Using 2 workers of 2 for evacuation
[2025-03-28T19:29:22.511+0530][gc,mmu      ] GC(199) MMU target violated: 21.0ms (20.0ms/21.0ms)
[2025-03-28T19:29:22.511+0530][gc,phases   ] GC(199)   Pre Evacuate Collection Set: 0.7ms
[2025-03-28T19:29:22.511+0530][gc,phases   ] GC(199)   Merge Heap Roots: 0.2ms
[2025-03-28T19:29:22.511+0530][gc,phases   ] GC(199)   Evacuate Collection Set: 46.4ms
[2025-03-28T19:29:22.511+0530][gc,phases   ] GC(199)   Post Evacuate Collection Set: 1.2ms
[2025-03-28T19:29:22.511+0530][gc,phases   ] GC(199)   Other: 0.5ms
[2025-03-28T19:29:22.511+0530][gc,heap     ] GC(199) Eden regions: 44->0(49)
[2025-03-28T19:29:22.511+0530][gc,heap     ] GC(199) Survivor regions: 7->2(7)
[2025-03-28T19:29:22.511+0530][gc,heap     ] GC(199) Old regions: 159->160
[2025-03-28T19:29:22.511+0530][gc,heap     ] GC(199) Archive regions: 2->2
[2025-03-28T19:29:22.511+0530][gc,heap     ] GC(199) Humongous regions: 142->142
[2025-03-28T19:29:22.511+0530][gc,metaspace] GC(199) Metaspace: 49836K(50496K)->49836K(50496K) NonClass: 44203K(44544K)->44203K(44544K) Class: 5632K(5952K)->5632K(5952K)
[2025-03-28T19:29:22.512+0530][gc          ] GC(199) Pause Young (Normal) (G1 Evacuation Pause) 351M->304M(1024M) 49.418ms
[2025-03-28T19:29:22.512+0530][gc,cpu      ] GC(199) User=0.03s Sys=0.01s Real=0.05s
[2025-03-28T19:29:22.891+0530][gc,start    ] GC(200) Pause Young (Normal) (G1 Evacuation Pause)
[2025-03-28T19:29:22.891+0530][gc,task     ] GC(200) Using 2 workers of 2 for evacuation
[2025-03-28T19:29:22.915+0530][gc,mmu      ] GC(200) MMU target violated: 21.0ms (20.0ms/21.0ms)
[2025-03-28T19:29:22.915+0530][gc,phases   ] GC(200)   Pre Evacuate Collection Set: 0.4ms
[2025-03-28T19:29:22.915+0530][gc,phases   ] GC(200)   Merge Heap Roots: 0.2ms
[2025-03-28T19:29:22.915+0530][gc,phases   ] GC(200)   Evacuate Collection Set: 20.0ms
[2025-03-28T19:29:22.915+0530][gc,phases   ] GC(200)   Post Evacuate Collection Set: 2.9ms
[2025-03-28T19:29:22.915+0530][gc,phases   ] GC(200)   Other: 0.7ms
[2025-03-28T19:29:22.915+0530][gc,heap     ] GC(200) Eden regions: 49->0(45)
[2025-03-28T19:29:22.915+0530][gc,heap     ] GC(200) Survivor regions: 2->6(7)
[2025-03-28T19:29:22.915+0530][gc,heap     ] GC(200) Old regions: 160->160
[2025-03-28T19:29:22.915+0530][gc,heap     ] GC(200) Archive regions: 2->2
[2025-03-28T19:29:22.915+0530][gc,heap     ] GC(200) Humongous regions: 142->140
[2025-03-28T19:29:22.915+0530][gc,metaspace] GC(200) Metaspace: 49843K(50496K)->49843K(50496K) NonClass: 44210K(44544K)->44210K(44544K) Class: 5632K(5952K)->5632K(5952K)
[2025-03-28T19:29:22.915+0530][gc          ] GC(200) Pause Young (Normal) (G1 Evacuation Pause) 353M->305M(1024M) 24.548ms
[2025-03-28T19:29:22.915+0530][gc,cpu      ] GC(200) User=0.03s Sys=0.00s Real=0.03s
[2025-03-28T19:29:23.255+0530][gc,start    ] GC(201) Pause Young (Normal) (G1 Evacuation Pause)
[2025-03-28T19:29:23.255+0530][gc,task     ] GC(201) Using 2 workers of 2 for evacuation
[2025-03-28T19:29:23.274+0530][gc,phases   ] GC(201)   Pre Evacuate Collection Set: 0.9ms
[2025-03-28T19:29:23.274+0530][gc,phases   ] GC(201)   Merge Heap Roots: 0.5ms
[2025-03-28T19:29:23.274+0530][gc,phases   ] GC(201)   Evacuate Collection Set: 13.7ms
[2025-03-28T19:29:23.274+0530][gc,phases   ] GC(201)   Post Evacuate Collection Set: 3.3ms
[2025-03-28T19:29:23.274+0530][gc,phases   ] GC(201)   Other: 0.5ms
[2025-03-28T19:29:23.274+0530][gc,heap     ] GC(201) Eden regions: 45->0(49)
[2025-03-28T19:29:23.274+0530][gc,heap     ] GC(201) Survivor regions: 6->2(7)
[2025-03-28T19:29:23.274+0530][gc,heap     ] GC(201) Old regions: 160->161
[2025-03-28T19:29:23.274+0530][gc,heap     ] GC(201) Archive regions: 2->2
[2025-03-28T19:29:23.274+0530][gc,heap     ] GC(201) Humongous regions: 142->142
[2025-03-28T19:29:23.274+0530][gc,metaspace] GC(201) Metaspace: 49843K(50496K)->49843K(50496K) NonClass: 44210K(44544K)->44210K(44544K) Class: 5632K(5952K)->5632K(5952K)
[2025-03-28T19:29:23.274+0530][gc          ] GC(201) Pause Young (Normal) (G1 Evacuation Pause) 352M->305M(1024M) 19.170ms
[2025-03-28T19:29:23.274+0530][gc,cpu      ] GC(201) User=0.02s Sys=0.01s Real=0.02s
[2025-03-28T19:29:31.549+0530][gc,start    ] GC(202) Pause Young (Normal) (G1 Evacuation Pause)
[2025-03-28T19:29:31.549+0530][gc,task     ] GC(202) Using 2 workers of 2 for evacuation
[2025-03-28T19:29:31.554+0530][gc,phases   ] GC(202)   Pre Evacuate Collection Set: 0.2ms
[2025-03-28T19:29:31.554+0530][gc,phases   ] GC(202)   Merge Heap Roots: 0.1ms
[2025-03-28T19:29:31.554+0530][gc,phases   ] GC(202)   Evacuate Collection Set: 4.4ms
[2025-03-28T19:29:31.554+0530][gc,phases   ] GC(202)   Post Evacuate Collection Set: 0.5ms
[2025-03-28T19:29:31.554+0530][gc,phases   ] GC(202)   Other: 0.1ms
[2025-03-28T19:29:31.554+0530][gc,heap     ] GC(202) Eden regions: 49->0(46)
[2025-03-28T19:29:31.554+0530][gc,heap     ] GC(202) Survivor regions: 2->5(7)
[2025-03-28T19:29:31.554+0530][gc,heap     ] GC(202) Old regions: 161->161
[2025-03-28T19:29:31.554+0530][gc,heap     ] GC(202) Archive regions: 2->2
[2025-03-28T19:29:31.554+0530][gc,heap     ] GC(202) Humongous regions: 142->140
[2025-03-28T19:29:31.554+0530][gc,metaspace] GC(202) Metaspace: 49849K(50496K)->49849K(50496K) NonClass: 44216K(44544K)->44216K(44544K) Class: 5632K(5952K)->5632K(5952K)
[2025-03-28T19:29:31.554+0530][gc          ] GC(202) Pause Young (Normal) (G1 Evacuation Pause) 354M->306M(1024M) 5.333ms
[2025-03-28T19:29:31.554+0530][gc,cpu      ] GC(202) User=0.01s Sys=0.01s Real=0.01s
[2025-03-28T19:29:31.676+0530][gc,start    ] GC(203) Pause Young (Normal) (G1 Evacuation Pause)
[2025-03-28T19:29:31.676+0530][gc,task     ] GC(203) Using 2 workers of 2 for evacuation
[2025-03-28T19:29:31.682+0530][gc,phases   ] GC(203)   Pre Evacuate Collection Set: 0.2ms
[2025-03-28T19:29:31.682+0530][gc,phases   ] GC(203)   Merge Heap Roots: 0.1ms
[2025-03-28T19:29:31.682+0530][gc,phases   ] GC(203)   Evacuate Collection Set: 4.5ms
[2025-03-28T19:29:31.682+0530][gc,phases   ] GC(203)   Post Evacuate Collection Set: 0.4ms
[2025-03-28T19:29:31.682+0530][gc,phases   ] GC(203)   Other: 0.2ms
[2025-03-28T19:29:31.682+0530][gc,heap     ] GC(203) Eden regions: 46->0(49)
[2025-03-28T19:29:31.682+0530][gc,heap     ] GC(203) Survivor regions: 5->2(7)
[2025-03-28T19:29:31.682+0530][gc,heap     ] GC(203) Old regions: 161->162
[2025-03-28T19:29:31.682+0530][gc,heap     ] GC(203) Archive regions: 2->2
[2025-03-28T19:29:31.682+0530][gc,heap     ] GC(203) Humongous regions: 142->142
[2025-03-28T19:29:31.682+0530][gc,metaspace] GC(203) Metaspace: 49849K(50496K)->49849K(50496K) NonClass: 44216K(44544K)->44216K(44544K) Class: 5632K(5952K)->5632K(5952K)
[2025-03-28T19:29:31.682+0530][gc          ] GC(203) Pause Young (Normal) (G1 Evacuation Pause) 354M->306M(1024M) 5.476ms
[2025-03-28T19:29:31.682+0530][gc,cpu      ] GC(203) User=0.01s Sys=0.00s Real=0.00s
[2025-03-28T19:29:32.506+0530][gc,start    ] GC(204) Pause Young (Normal) (G1 Evacuation Pause)
[2025-03-28T19:29:32.506+0530][gc,task     ] GC(204) Using 2 workers of 2 for evacuation
[2025-03-28T19:29:32.511+0530][gc,phases   ] GC(204)   Pre Evacuate Collection Set: 0.2ms
[2025-03-28T19:29:32.511+0530][gc,phases   ] GC(204)   Merge Heap Roots: 0.1ms
[2025-03-28T19:29:32.511+0530][gc,phases   ] GC(204)   Evacuate Collection Set: 3.7ms
[2025-03-28T19:29:32.511+0530][gc,phases   ] GC(204)   Post Evacuate Collection Set: 0.5ms
[2025-03-28T19:29:32.511+0530][gc,phases   ] GC(204)   Other: 0.2ms
[2025-03-28T19:29:32.511+0530][gc,heap     ] GC(204) Eden regions: 49->0(47)
[2025-03-28T19:29:32.511+0530][gc,heap     ] GC(204) Survivor regions: 2->4(7)
[2025-03-28T19:29:32.511+0530][gc,heap     ] GC(204) Old regions: 162->162
[2025-03-28T19:29:32.511+0530][gc,heap     ] GC(204) Archive regions: 2->2
[2025-03-28T19:29:32.511+0530][gc,heap     ] GC(204) Humongous regions: 142->140
[2025-03-28T19:29:32.511+0530][gc,metaspace] GC(204) Metaspace: 49855K(50496K)->49855K(50496K) NonClass: 44223K(44544K)->44223K(44544K) Class: 5632K(5952K)->5632K(5952K)
[2025-03-28T19:29:32.511+0530][gc          ] GC(204) Pause Young (Normal) (G1 Evacuation Pause) 355M->306M(1024M) 4.879ms
[2025-03-28T19:29:32.511+0530][gc,cpu      ] GC(204) User=0.01s Sys=0.00s Real=0.00s
[2025-03-28T19:29:32.600+0530][gc,start    ] GC(205) Pause Young (Normal) (G1 Evacuation Pause)
[2025-03-28T19:29:32.600+0530][gc,task     ] GC(205) Using 2 workers of 2 for evacuation
[2025-03-28T19:29:32.605+0530][gc,phases   ] GC(205)   Pre Evacuate Collection Set: 0.2ms
[2025-03-28T19:29:32.605+0530][gc,phases   ] GC(205)   Merge Heap Roots: 0.1ms
[2025-03-28T19:29:32.605+0530][gc,phases   ] GC(205)   Evacuate Collection Set: 4.6ms
[2025-03-28T19:29:32.605+0530][gc,phases   ] GC(205)   Post Evacuate Collection Set: 0.7ms
[2025-03-28T19:29:32.605+0530][gc,phases   ] GC(205)   Other: 0.2ms
[2025-03-28T19:29:32.605+0530][gc,heap     ] GC(205) Eden regions: 47->0(49)
[2025-03-28T19:29:32.605+0530][gc,heap     ] GC(205) Survivor regions: 4->2(7)
[2025-03-28T19:29:32.605+0530][gc,heap     ] GC(205) Old regions: 162->163
[2025-03-28T19:29:32.605+0530][gc,heap     ] GC(205) Archive regions: 2->2
[2025-03-28T19:29:32.605+0530][gc,heap     ] GC(205) Humongous regions: 142->142
[2025-03-28T19:29:32.605+0530][gc,metaspace] GC(205) Metaspace: 49856K(50496K)->49856K(50496K) NonClass: 44224K(44544K)->44224K(44544K) Class: 5632K(5952K)->5632K(5952K)
[2025-03-28T19:29:32.605+0530][gc          ] GC(205) Pause Young (Normal) (G1 Evacuation Pause) 355M->307M(1024M) 5.817ms
[2025-03-28T19:29:32.605+0530][gc,cpu      ] GC(205) User=0.01s Sys=0.00s Real=0.01s
[2025-03-28T19:29:41.469+0530][gc,start    ] GC(206) Pause Young (Normal) (G1 Evacuation Pause)
[2025-03-28T19:29:41.469+0530][gc,task     ] GC(206) Using 2 workers of 2 for evacuation
[2025-03-28T19:29:41.493+0530][gc,mmu      ] GC(206) MMU target violated: 21.0ms (20.0ms/21.0ms)
[2025-03-28T19:29:41.493+0530][gc,phases   ] GC(206)   Pre Evacuate Collection Set: 0.2ms
[2025-03-28T19:29:41.493+0530][gc,phases   ] GC(206)   Merge Heap Roots: 0.1ms
[2025-03-28T19:29:41.493+0530][gc,phases   ] GC(206)   Evacuate Collection Set: 22.0ms
[2025-03-28T19:29:41.493+0530][gc,phases   ] GC(206)   Post Evacuate Collection Set: 1.5ms
[2025-03-28T19:29:41.493+0530][gc,phases   ] GC(206)   Other: 0.2ms
[2025-03-28T19:29:41.493+0530][gc,heap     ] GC(206) Eden regions: 49->0(47)
[2025-03-28T19:29:41.493+0530][gc,heap     ] GC(206) Survivor regions: 2->4(7)
[2025-03-28T19:29:41.493+0530][gc,heap     ] GC(206) Old regions: 163->163
[2025-03-28T19:29:41.493+0530][gc,heap     ] GC(206) Archive regions: 2->2
[2025-03-28T19:29:41.493+0530][gc,heap     ] GC(206) Humongous regions: 142->140
[2025-03-28T19:29:41.493+0530][gc,metaspace] GC(206) Metaspace: 49861K(50496K)->49861K(50496K) NonClass: 44228K(44544K)->44228K(44544K) Class: 5632K(5952K)->5632K(5952K)
[2025-03-28T19:29:41.493+0530][gc          ] GC(206) Pause Young (Normal) (G1 Evacuation Pause) 356M->306M(1024M) 24.186ms
[2025-03-28T19:29:41.493+0530][gc,cpu      ] GC(206) User=0.01s Sys=0.00s Real=0.03s
[2025-03-28T19:29:41.821+0530][gc,start    ] GC(207) Pause Young (Normal) (G1 Evacuation Pause)
[2025-03-28T19:29:41.821+0530][gc,task     ] GC(207) Using 2 workers of 2 for evacuation
[2025-03-28T19:29:41.856+0530][gc,mmu      ] GC(207) MMU target violated: 21.0ms (20.0ms/21.0ms)
[2025-03-28T19:29:41.856+0530][gc,phases   ] GC(207)   Pre Evacuate Collection Set: 0.2ms
[2025-03-28T19:29:41.856+0530][gc,phases   ] GC(207)   Merge Heap Roots: 0.1ms
[2025-03-28T19:29:41.856+0530][gc,phases   ] GC(207)   Evacuate Collection Set: 34.8ms
[2025-03-28T19:29:41.856+0530][gc,phases   ] GC(207)   Post Evacuate Collection Set: 0.6ms
[2025-03-28T19:29:41.856+0530][gc,phases   ] GC(207)   Other: 0.2ms
[2025-03-28T19:29:41.856+0530][gc,heap     ] GC(207) Eden regions: 47->0(48)
[2025-03-28T19:29:41.856+0530][gc,heap     ] GC(207) Survivor regions: 4->3(7)
[2025-03-28T19:29:41.856+0530][gc,heap     ] GC(207) Old regions: 163->163
[2025-03-28T19:29:41.856+0530][gc,heap     ] GC(207) Archive regions: 2->2
[2025-03-28T19:29:41.856+0530][gc,heap     ] GC(207) Humongous regions: 142->142
[2025-03-28T19:29:41.856+0530][gc,metaspace] GC(207) Metaspace: 49864K(50496K)->49864K(50496K) NonClass: 44230K(44544K)->44230K(44544K) Class: 5634K(5952K)->5634K(5952K)
[2025-03-28T19:29:41.856+0530][gc          ] GC(207) Pause Young (Normal) (G1 Evacuation Pause) 355M->307M(1024M) 35.900ms
[2025-03-28T19:29:41.856+0530][gc,cpu      ] GC(207) User=0.01s Sys=0.00s Real=0.04s
[2025-03-28T19:29:42.432+0530][gc,start    ] GC(208) Pause Young (Normal) (G1 Evacuation Pause)
[2025-03-28T19:29:42.432+0530][gc,task     ] GC(208) Using 2 workers of 2 for evacuation
[2025-03-28T19:29:42.440+0530][gc,phases   ] GC(208)   Pre Evacuate Collection Set: 0.2ms
[2025-03-28T19:29:42.440+0530][gc,phases   ] GC(208)   Merge Heap Roots: 0.1ms
[2025-03-28T19:29:42.440+0530][gc,phases   ] GC(208)   Evacuate Collection Set: 6.9ms
[2025-03-28T19:29:42.440+0530][gc,phases   ] GC(208)   Post Evacuate Collection Set: 0.6ms
[2025-03-28T19:29:42.440+0530][gc,phases   ] GC(208)   Other: 0.1ms
[2025-03-28T19:29:42.440+0530][gc,heap     ] GC(208) Eden regions: 48->0(47)
[2025-03-28T19:29:42.440+0530][gc,heap     ] GC(208) Survivor regions: 3->4(7)
[2025-03-28T19:29:42.440+0530][gc,heap     ] GC(208) Old regions: 163->163
[2025-03-28T19:29:42.440+0530][gc,heap     ] GC(208) Archive regions: 2->2
[2025-03-28T19:29:42.440+0530][gc,heap     ] GC(208) Humongous regions: 142->140
[2025-03-28T19:29:42.440+0530][gc,metaspace] GC(208) Metaspace: 49974K(50560K)->49974K(50560K) NonClass: 44310K(44608K)->44310K(44608K) Class: 5664K(5952K)->5664K(5952K)
[2025-03-28T19:29:42.440+0530][gc          ] GC(208) Pause Young (Normal) (G1 Evacuation Pause) 355M->306M(1024M) 8.129ms
[2025-03-28T19:29:42.440+0530][gc,cpu      ] GC(208) User=0.01s Sys=0.00s Real=0.01s
[2025-03-28T19:29:42.584+0530][gc,start    ] GC(209) Pause Young (Normal) (G1 Evacuation Pause)
[2025-03-28T19:29:42.584+0530][gc,task     ] GC(209) Using 2 workers of 2 for evacuation
[2025-03-28T19:29:42.599+0530][gc,phases   ] GC(209)   Pre Evacuate Collection Set: 0.2ms
[2025-03-28T19:29:42.599+0530][gc,phases   ] GC(209)   Merge Heap Roots: 0.1ms
[2025-03-28T19:29:42.599+0530][gc,phases   ] GC(209)   Evacuate Collection Set: 14.7ms
[2025-03-28T19:29:42.599+0530][gc,phases   ] GC(209)   Post Evacuate Collection Set: 0.5ms
[2025-03-28T19:29:42.599+0530][gc,phases   ] GC(209)   Other: 0.1ms
[2025-03-28T19:29:42.599+0530][gc,heap     ] GC(209) Eden regions: 47->0(56)
[2025-03-28T19:29:42.599+0530][gc,heap     ] GC(209) Survivor regions: 4->3(7)
[2025-03-28T19:29:42.600+0530][gc,heap     ] GC(209) Old regions: 163->163
[2025-03-28T19:29:42.600+0530][gc,heap     ] GC(209) Archive regions: 2->2
[2025-03-28T19:29:42.600+0530][gc,heap     ] GC(209) Humongous regions: 142->142
[2025-03-28T19:29:42.600+0530][gc,metaspace] GC(209) Metaspace: 49974K(50560K)->49974K(50560K) NonClass: 44310K(44608K)->44310K(44608K) Class: 5664K(5952K)->5664K(5952K)
[2025-03-28T19:29:42.600+0530][gc          ] GC(209) Pause Young (Normal) (G1 Evacuation Pause) 355M->307M(1024M) 15.892ms
[2025-03-28T19:29:42.600+0530][gc,cpu      ] GC(209) User=0.01s Sys=0.00s Real=0.02s
[2025-03-28T19:29:50.959+0530][gc,start    ] GC(210) Pause Young (Normal) (G1 Evacuation Pause)
[2025-03-28T19:29:50.959+0530][gc,task     ] GC(210) Using 2 workers of 2 for evacuation
[2025-03-28T19:29:50.976+0530][gc,phases   ] GC(210)   Pre Evacuate Collection Set: 0.3ms
[2025-03-28T19:29:50.976+0530][gc,phases   ] GC(210)   Merge Heap Roots: 0.1ms
[2025-03-28T19:29:50.976+0530][gc,phases   ] GC(210)   Evacuate Collection Set: 15.1ms
[2025-03-28T19:29:50.976+0530][gc,phases   ] GC(210)   Post Evacuate Collection Set: 1.4ms
[2025-03-28T19:29:50.976+0530][gc,phases   ] GC(210)   Other: 0.1ms
[2025-03-28T19:29:50.976+0530][gc,heap     ] GC(210) Eden regions: 56->0(100)
[2025-03-28T19:29:50.976+0530][gc,heap     ] GC(210) Survivor regions: 3->4(8)
[2025-03-28T19:29:50.976+0530][gc,heap     ] GC(210) Old regions: 163->163
[2025-03-28T19:29:50.976+0530][gc,heap     ] GC(210) Archive regions: 2->2
[2025-03-28T19:29:50.976+0530][gc,heap     ] GC(210) Humongous regions: 145->140
[2025-03-28T19:29:50.976+0530][gc,metaspace] GC(210) Metaspace: 50042K(50688K)->50042K(50688K) NonClass: 44359K(44672K)->44359K(44672K) Class: 5683K(6016K)->5683K(6016K)
[2025-03-28T19:29:50.976+0530][gc          ] GC(210) Pause Young (Normal) (G1 Evacuation Pause) 366M->306M(1024M) 17.076ms
[2025-03-28T19:29:50.977+0530][gc,cpu      ] GC(210) User=0.00s Sys=0.00s Real=0.02s
[2025-03-28T19:29:52.461+0530][gc,start    ] GC(211) Pause Young (Normal) (G1 Evacuation Pause)
[2025-03-28T19:29:52.461+0530][gc,task     ] GC(211) Using 2 workers of 2 for evacuation
[2025-03-28T19:29:52.469+0530][gc,phases   ] GC(211)   Pre Evacuate Collection Set: 0.2ms
[2025-03-28T19:29:52.469+0530][gc,phases   ] GC(211)   Merge Heap Roots: 0.1ms
[2025-03-28T19:29:52.469+0530][gc,phases   ] GC(211)   Evacuate Collection Set: 7.2ms
[2025-03-28T19:29:52.469+0530][gc,phases   ] GC(211)   Post Evacuate Collection Set: 0.5ms
[2025-03-28T19:29:52.469+0530][gc,phases   ] GC(211)   Other: 0.1ms
[2025-03-28T19:29:52.469+0530][gc,heap     ] GC(211) Eden regions: 100->0(201)
[2025-03-28T19:29:52.469+0530][gc,heap     ] GC(211) Survivor regions: 4->4(13)
[2025-03-28T19:29:52.469+0530][gc,heap     ] GC(211) Old regions: 163->163
[2025-03-28T19:29:52.469+0530][gc,heap     ] GC(211) Archive regions: 2->2
[2025-03-28T19:29:52.469+0530][gc,heap     ] GC(211) Humongous regions: 142->140
[2025-03-28T19:29:52.469+0530][gc,metaspace] GC(211) Metaspace: 50044K(50752K)->50044K(50752K) NonClass: 44360K(44736K)->44360K(44736K) Class: 5683K(6016K)->5683K(6016K)
[2025-03-28T19:29:52.469+0530][gc          ] GC(211) Pause Young (Normal) (G1 Evacuation Pause) 408M->306M(1024M) 8.243ms
[2025-03-28T19:29:52.469+0530][gc,cpu      ] GC(211) User=0.01s Sys=0.00s Real=0.01s
[2025-03-28T19:30:02.450+0530][gc,start    ] GC(212) Pause Young (Normal) (G1 Evacuation Pause)
[2025-03-28T19:30:02.451+0530][gc,task     ] GC(212) Using 2 workers of 2 for evacuation
[2025-03-28T19:30:02.463+0530][gc,phases   ] GC(212)   Pre Evacuate Collection Set: 0.2ms
[2025-03-28T19:30:02.463+0530][gc,phases   ] GC(212)   Merge Heap Roots: 0.1ms
[2025-03-28T19:30:02.463+0530][gc,phases   ] GC(212)   Evacuate Collection Set: 11.5ms
[2025-03-28T19:30:02.463+0530][gc,phases   ] GC(212)   Post Evacuate Collection Set: 0.5ms
[2025-03-28T19:30:02.463+0530][gc,phases   ] GC(212)   Other: 0.2ms
[2025-03-28T19:30:02.463+0530][gc,heap     ] GC(212) Eden regions: 201->0(322)
[2025-03-28T19:30:02.463+0530][gc,heap     ] GC(212) Survivor regions: 4->4(26)
[2025-03-28T19:30:02.463+0530][gc,heap     ] GC(212) Old regions: 163->163
[2025-03-28T19:30:02.463+0530][gc,heap     ] GC(212) Archive regions: 2->2
[2025-03-28T19:30:02.463+0530][gc,heap     ] GC(212) Humongous regions: 144->140
[2025-03-28T19:30:02.463+0530][gc,metaspace] GC(212) Metaspace: 50090K(50752K)->50090K(50752K) NonClass: 44406K(44736K)->44406K(44736K) Class: 5683K(6016K)->5683K(6016K)
[2025-03-28T19:30:02.463+0530][gc          ] GC(212) Pause Young (Normal) (G1 Evacuation Pause) 511M->307M(1024M) 12.553ms
[2025-03-28T19:30:02.463+0530][gc,cpu      ] GC(212) User=0.01s Sys=0.01s Real=0.02s
[2025-03-28T19:30:23.324+0530][gc,start    ] GC(213) Pause Young (Normal) (G1 Evacuation Pause)
[2025-03-28T19:30:23.325+0530][gc,task     ] GC(213) Using 2 workers of 2 for evacuation
[2025-03-28T19:30:23.405+0530][gc,mmu      ] GC(213) MMU target violated: 21.0ms (20.0ms/21.0ms)
[2025-03-28T19:30:23.405+0530][gc,phases   ] GC(213)   Pre Evacuate Collection Set: 0.3ms
[2025-03-28T19:30:23.405+0530][gc,phases   ] GC(213)   Merge Heap Roots: 0.1ms
[2025-03-28T19:30:23.405+0530][gc,phases   ] GC(213)   Evacuate Collection Set: 78.4ms
[2025-03-28T19:30:23.405+0530][gc,phases   ] GC(213)   Post Evacuate Collection Set: 1.8ms
[2025-03-28T19:30:23.405+0530][gc,phases   ] GC(213)   Other: 0.2ms
[2025-03-28T19:30:23.405+0530][gc,heap     ] GC(213) Eden regions: 322->0(44)
[2025-03-28T19:30:23.405+0530][gc,heap     ] GC(213) Survivor regions: 4->7(41)
[2025-03-28T19:30:23.405+0530][gc,heap     ] GC(213) Old regions: 163->163
[2025-03-28T19:30:23.405+0530][gc,heap     ] GC(213) Archive regions: 2->2
[2025-03-28T19:30:23.405+0530][gc,heap     ] GC(213) Humongous regions: 146->140
[2025-03-28T19:30:23.405+0530][gc,metaspace] GC(213) Metaspace: 50113K(50752K)->50113K(50752K) NonClass: 44429K(44736K)->44429K(44736K) Class: 5683K(6016K)->5683K(6016K)
[2025-03-28T19:30:23.405+0530][gc          ] GC(213) Pause Young (Normal) (G1 Evacuation Pause) 635M->310M(1024M) 80.987ms
[2025-03-28T19:30:23.405+0530][gc,cpu      ] GC(213) User=0.02s Sys=0.01s Real=0.09s
[2025-03-28T19:30:23.439+0530][gc,start    ] GC(214) Pause Young (Normal) (G1 Evacuation Pause)
[2025-03-28T19:30:23.439+0530][gc,task     ] GC(214) Using 2 workers of 2 for evacuation
[2025-03-28T19:30:23.460+0530][gc,mmu      ] GC(214) MMU target violated: 20.3ms (20.0ms/21.0ms)
[2025-03-28T19:30:23.460+0530][gc,phases   ] GC(214)   Pre Evacuate Collection Set: 0.2ms
[2025-03-28T19:30:23.460+0530][gc,phases   ] GC(214)   Merge Heap Roots: 0.1ms
[2025-03-28T19:30:23.460+0530][gc,phases   ] GC(214)   Evacuate Collection Set: 19.5ms
[2025-03-28T19:30:23.460+0530][gc,phases   ] GC(214)   Post Evacuate Collection Set: 0.5ms
[2025-03-28T19:30:23.460+0530][gc,phases   ] GC(214)   Other: 0.2ms
[2025-03-28T19:30:23.460+0530][gc,heap     ] GC(214) Eden regions: 44->0(44)
[2025-03-28T19:30:23.460+0530][gc,heap     ] GC(214) Survivor regions: 7->7(7)
[2025-03-28T19:30:23.460+0530][gc,heap     ] GC(214) Old regions: 163->169
[2025-03-28T19:30:23.460+0530][gc,heap     ] GC(214) Archive regions: 2->2
[2025-03-28T19:30:23.460+0530][gc,heap     ] GC(214) Humongous regions: 140->140
[2025-03-28T19:30:23.460+0530][gc,metaspace] GC(214) Metaspace: 50119K(50816K)->50119K(50816K) NonClass: 44435K(44800K)->44435K(44800K) Class: 5683K(6016K)->5683K(6016K)
[2025-03-28T19:30:23.460+0530][gc          ] GC(214) Pause Young (Normal) (G1 Evacuation Pause) 354M->316M(1024M) 20.586ms
[2025-03-28T19:30:23.460+0530][gc,cpu      ] GC(214) User=0.02s Sys=0.00s Real=0.02s
[2025-03-28T19:30:23.539+0530][gc,start    ] GC(215) Pause Young (Normal) (G1 Evacuation Pause)
[2025-03-28T19:30:23.539+0530][gc,task     ] GC(215) Using 2 workers of 2 for evacuation
[2025-03-28T19:30:23.561+0530][gc,mmu      ] GC(215) MMU target violated: 21.0ms (20.0ms/21.0ms)
[2025-03-28T19:30:23.561+0530][gc,phases   ] GC(215)   Pre Evacuate Collection Set: 0.3ms
[2025-03-28T19:30:23.561+0530][gc,phases   ] GC(215)   Merge Heap Roots: 0.1ms
[2025-03-28T19:30:23.561+0530][gc,phases   ] GC(215)   Evacuate Collection Set: 16.0ms
[2025-03-28T19:30:23.561+0530][gc,phases   ] GC(215)   Post Evacuate Collection Set: 6.0ms
[2025-03-28T19:30:23.561+0530][gc,phases   ] GC(215)   Other: 0.3ms
[2025-03-28T19:30:23.561+0530][gc,heap     ] GC(215) Eden regions: 44->0(47)
[2025-03-28T19:30:23.561+0530][gc,heap     ] GC(215) Survivor regions: 7->4(7)
[2025-03-28T19:30:23.561+0530][gc,heap     ] GC(215) Old regions: 169->176
[2025-03-28T19:30:23.561+0530][gc,heap     ] GC(215) Archive regions: 2->2
[2025-03-28T19:30:23.561+0530][gc,heap     ] GC(215) Humongous regions: 142->142
[2025-03-28T19:30:23.561+0530][gc,metaspace] GC(215) Metaspace: 50120K(50816K)->50120K(50816K) NonClass: 44437K(44800K)->44437K(44800K) Class: 5683K(6016K)->5683K(6016K)
[2025-03-28T19:30:23.561+0530][gc          ] GC(215) Pause Young (Normal) (G1 Evacuation Pause) 362M->321M(1024M) 22.715ms
[2025-03-28T19:30:23.561+0530][gc,cpu      ] GC(215) User=0.03s Sys=0.00s Real=0.02s
[2025-03-28T19:30:23.619+0530][gc,start    ] GC(216) Pause Young (Normal) (G1 Evacuation Pause)
[2025-03-28T19:30:23.619+0530][gc,task     ] GC(216) Using 2 workers of 2 for evacuation
[2025-03-28T19:30:23.629+0530][gc,phases   ] GC(216)   Pre Evacuate Collection Set: 0.2ms
[2025-03-28T19:30:23.629+0530][gc,phases   ] GC(216)   Merge Heap Roots: 0.0ms
[2025-03-28T19:30:23.629+0530][gc,phases   ] GC(216)   Evacuate Collection Set: 3.3ms
[2025-03-28T19:30:23.629+0530][gc,phases   ] GC(216)   Post Evacuate Collection Set: 6.6ms
[2025-03-28T19:30:23.629+0530][gc,phases   ] GC(216)   Other: 0.1ms
[2025-03-28T19:30:23.629+0530][gc,heap     ] GC(216) Eden regions: 47->0(47)
[2025-03-28T19:30:23.629+0530][gc,heap     ] GC(216) Survivor regions: 4->4(7)
[2025-03-28T19:30:23.629+0530][gc,heap     ] GC(216) Old regions: 176->176
[2025-03-28T19:30:23.629+0530][gc,heap     ] GC(216) Archive regions: 2->2
[2025-03-28T19:30:23.629+0530][gc,heap     ] GC(216) Humongous regions: 144->142
[2025-03-28T19:30:23.629+0530][gc,metaspace] GC(216) Metaspace: 50120K(50816K)->50120K(50816K) NonClass: 44437K(44800K)->44437K(44800K) Class: 5683K(6016K)->5683K(6016K)
[2025-03-28T19:30:23.629+0530][gc          ] GC(216) Pause Young (Normal) (G1 Evacuation Pause) 370M->321M(1024M) 10.253ms
[2025-03-28T19:30:23.629+0530][gc,cpu      ] GC(216) User=0.01s Sys=0.00s Real=0.03s
[2025-03-28T19:30:27.471+0530][gc,start    ] GC(217) Pause Young (Normal) (G1 Evacuation Pause)
[2025-03-28T19:30:27.471+0530][gc,task     ] GC(217) Using 2 workers of 2 for evacuation
[2025-03-28T19:30:27.493+0530][gc,mmu      ] GC(217) MMU target violated: 21.0ms (20.0ms/21.0ms)
[2025-03-28T19:30:27.493+0530][gc,phases   ] GC(217)   Pre Evacuate Collection Set: 0.3ms
[2025-03-28T19:30:27.493+0530][gc,phases   ] GC(217)   Merge Heap Roots: 0.1ms
[2025-03-28T19:30:27.493+0530][gc,phases   ] GC(217)   Evacuate Collection Set: 14.2ms
[2025-03-28T19:30:27.493+0530][gc,phases   ] GC(217)   Post Evacuate Collection Set: 7.2ms
[2025-03-28T19:30:27.493+0530][gc,phases   ] GC(217)   Other: 0.2ms
[2025-03-28T19:30:27.493+0530][gc,heap     ] GC(217) Eden regions: 47->0(44)
[2025-03-28T19:30:27.493+0530][gc,heap     ] GC(217) Survivor regions: 4->7(7)
[2025-03-28T19:30:27.493+0530][gc,heap     ] GC(217) Old regions: 176->177
[2025-03-28T19:30:27.493+0530][gc,heap     ] GC(217) Archive regions: 2->2
[2025-03-28T19:30:27.493+0530][gc,heap     ] GC(217) Humongous regions: 142->140
[2025-03-28T19:30:27.493+0530][gc,metaspace] GC(217) Metaspace: 50122K(50816K)->50122K(50816K) NonClass: 44438K(44800K)->44438K(44800K) Class: 5683K(6016K)->5683K(6016K)
[2025-03-28T19:30:27.493+0530][gc          ] GC(217) Pause Young (Normal) (G1 Evacuation Pause) 368M->324M(1024M) 21.978ms
[2025-03-28T19:30:27.493+0530][gc,cpu      ] GC(217) User=0.01s Sys=0.00s Real=0.02s
[2025-03-28T19:30:27.568+0530][gc,start    ] GC(218) Pause Young (Normal) (G1 Evacuation Pause)
[2025-03-28T19:30:27.568+0530][gc,task     ] GC(218) Using 2 workers of 2 for evacuation
[2025-03-28T19:30:27.590+0530][gc,mmu      ] GC(218) MMU target violated: 21.0ms (20.0ms/21.0ms)
[2025-03-28T19:30:27.590+0530][gc,phases   ] GC(218)   Pre Evacuate Collection Set: 0.2ms
[2025-03-28T19:30:27.590+0530][gc,phases   ] GC(218)   Merge Heap Roots: 0.1ms
[2025-03-28T19:30:27.590+0530][gc,phases   ] GC(218)   Evacuate Collection Set: 21.1ms
[2025-03-28T19:30:27.590+0530][gc,phases   ] GC(218)   Post Evacuate Collection Set: 0.5ms
[2025-03-28T19:30:27.590+0530][gc,phases   ] GC(218)   Other: 0.2ms
[2025-03-28T19:30:27.590+0530][gc,heap     ] GC(218) Eden regions: 44->0(49)
[2025-03-28T19:30:27.590+0530][gc,heap     ] GC(218) Survivor regions: 7->2(7)
[2025-03-28T19:30:27.590+0530][gc,heap     ] GC(218) Old regions: 177->181
[2025-03-28T19:30:27.590+0530][gc,heap     ] GC(218) Archive regions: 2->2
[2025-03-28T19:30:27.590+0530][gc,heap     ] GC(218) Humongous regions: 142->142
[2025-03-28T19:30:27.590+0530][gc,metaspace] GC(218) Metaspace: 50122K(50816K)->50122K(50816K) NonClass: 44438K(44800K)->44438K(44800K) Class: 5683K(6016K)->5683K(6016K)
[2025-03-28T19:30:27.590+0530][gc          ] GC(218) Pause Young (Normal) (G1 Evacuation Pause) 370M->325M(1024M) 22.161ms
[2025-03-28T19:30:27.590+0530][gc,cpu      ] GC(218) User=0.02s Sys=0.00s Real=0.03s
[2025-03-28T19:30:36.404+0530][gc,start    ] GC(219) Pause Young (Normal) (G1 Evacuation Pause)
[2025-03-28T19:30:36.404+0530][gc,task     ] GC(219) Using 2 workers of 2 for evacuation
[2025-03-28T19:30:36.410+0530][gc,phases   ] GC(219)   Pre Evacuate Collection Set: 0.2ms
[2025-03-28T19:30:36.410+0530][gc,phases   ] GC(219)   Merge Heap Roots: 0.1ms
[2025-03-28T19:30:36.410+0530][gc,phases   ] GC(219)   Evacuate Collection Set: 4.8ms
[2025-03-28T19:30:36.410+0530][gc,phases   ] GC(219)   Post Evacuate Collection Set: 0.5ms
[2025-03-28T19:30:36.410+0530][gc,phases   ] GC(219)   Other: 0.2ms
[2025-03-28T19:30:36.410+0530][gc,heap     ] GC(219) Eden regions: 49->0(47)
[2025-03-28T19:30:36.410+0530][gc,heap     ] GC(219) Survivor regions: 2->4(7)
[2025-03-28T19:30:36.410+0530][gc,heap     ] GC(219) Old regions: 181->181
[2025-03-28T19:30:36.410+0530][gc,heap     ] GC(219) Archive regions: 2->2
[2025-03-28T19:30:36.410+0530][gc,heap     ] GC(219) Humongous regions: 142->140
[2025-03-28T19:30:36.410+0530][gc,metaspace] GC(219) Metaspace: 50122K(50816K)->50122K(50816K) NonClass: 44439K(44800K)->44439K(44800K) Class: 5683K(6016K)->5683K(6016K)
[2025-03-28T19:30:36.410+0530][gc          ] GC(219) Pause Young (Normal) (G1 Evacuation Pause) 374M->324M(1024M) 5.927ms
[2025-03-28T19:30:36.410+0530][gc,cpu      ] GC(219) User=0.01s Sys=0.00s Real=0.01s
[2025-03-28T19:30:36.513+0530][gc,start    ] GC(220) Pause Young (Normal) (G1 Evacuation Pause)
[2025-03-28T19:30:36.513+0530][gc,task     ] GC(220) Using 2 workers of 2 for evacuation
[2025-03-28T19:30:36.518+0530][gc,phases   ] GC(220)   Pre Evacuate Collection Set: 0.1ms
[2025-03-28T19:30:36.518+0530][gc,phases   ] GC(220)   Merge Heap Roots: 0.1ms
[2025-03-28T19:30:36.518+0530][gc,phases   ] GC(220)   Evacuate Collection Set: 4.8ms
[2025-03-28T19:30:36.518+0530][gc,phases   ] GC(220)   Post Evacuate Collection Set: 0.5ms
[2025-03-28T19:30:36.518+0530][gc,phases   ] GC(220)   Other: 0.1ms
[2025-03-28T19:30:36.518+0530][gc,heap     ] GC(220) Eden regions: 47->0(88)
[2025-03-28T19:30:36.518+0530][gc,heap     ] GC(220) Survivor regions: 4->3(7)
[2025-03-28T19:30:36.518+0530][gc,heap     ] GC(220) Old regions: 181->181
[2025-03-28T19:30:36.518+0530][gc,heap     ] GC(220) Archive regions: 2->2
[2025-03-28T19:30:36.518+0530][gc,heap     ] GC(220) Humongous regions: 142->142
[2025-03-28T19:30:36.518+0530][gc,metaspace] GC(220) Metaspace: 50122K(50816K)->50122K(50816K) NonClass: 44439K(44800K)->44439K(44800K) Class: 5683K(6016K)->5683K(6016K)
[2025-03-28T19:30:36.518+0530][gc          ] GC(220) Pause Young (Normal) (G1 Evacuation Pause) 373M->325M(1024M) 5.753ms
[2025-03-28T19:30:36.518+0530][gc,cpu      ] GC(220) User=0.00s Sys=0.00s Real=0.01s
[2025-03-28T19:30:37.560+0530][gc,start    ] GC(221) Pause Young (Normal) (G1 Evacuation Pause)
[2025-03-28T19:30:37.560+0530][gc,task     ] GC(221) Using 2 workers of 2 for evacuation
[2025-03-28T19:30:37.566+0530][gc,phases   ] GC(221)   Pre Evacuate Collection Set: 0.2ms
[2025-03-28T19:30:37.566+0530][gc,phases   ] GC(221)   Merge Heap Roots: 0.1ms
[2025-03-28T19:30:37.566+0530][gc,phases   ] GC(221)   Evacuate Collection Set: 5.0ms
[2025-03-28T19:30:37.566+0530][gc,phases   ] GC(221)   Post Evacuate Collection Set: 0.5ms
[2025-03-28T19:30:37.566+0530][gc,phases   ] GC(221)   Other: 0.2ms
[2025-03-28T19:30:37.566+0530][gc,heap     ] GC(221) Eden regions: 88->0(157)
[2025-03-28T19:30:37.566+0530][gc,heap     ] GC(221) Survivor regions: 3->3(12)
[2025-03-28T19:30:37.566+0530][gc,heap     ] GC(221) Old regions: 181->181
[2025-03-28T19:30:37.566+0530][gc,heap     ] GC(221) Archive regions: 2->2
[2025-03-28T19:30:37.566+0530][gc,heap     ] GC(221) Humongous regions: 144->142
[2025-03-28T19:30:37.566+0530][gc,metaspace] GC(221) Metaspace: 50132K(50816K)->50132K(50816K) NonClass: 44448K(44800K)->44448K(44800K) Class: 5683K(6016K)->5683K(6016K)
[2025-03-28T19:30:37.566+0530][gc          ] GC(221) Pause Young (Normal) (G1 Evacuation Pause) 415M->325M(1024M) 6.048ms
[2025-03-28T19:30:37.566+0530][gc,cpu      ] GC(221) User=0.00s Sys=0.00s Real=0.01s
[2025-03-28T19:30:47.490+0530][gc,start    ] GC(222) Pause Young (Normal) (G1 Evacuation Pause)
[2025-03-28T19:30:47.490+0530][gc,task     ] GC(222) Using 2 workers of 2 for evacuation
[2025-03-28T19:30:47.505+0530][gc,phases   ] GC(222)   Pre Evacuate Collection Set: 0.2ms
[2025-03-28T19:30:47.505+0530][gc,phases   ] GC(222)   Merge Heap Roots: 0.1ms
[2025-03-28T19:30:47.505+0530][gc,phases   ] GC(222)   Evacuate Collection Set: 6.1ms
[2025-03-28T19:30:47.505+0530][gc,phases   ] GC(222)   Post Evacuate Collection Set: 8.7ms
[2025-03-28T19:30:47.505+0530][gc,phases   ] GC(222)   Other: 0.2ms
[2025-03-28T19:30:47.505+0530][gc,heap     ] GC(222) Eden regions: 157->0(164)
[2025-03-28T19:30:47.505+0530][gc,heap     ] GC(222) Survivor regions: 3->3(20)
[2025-03-28T19:30:47.505+0530][gc,heap     ] GC(222) Old regions: 181->181
[2025-03-28T19:30:47.505+0530][gc,heap     ] GC(222) Archive regions: 2->2
[2025-03-28T19:30:47.505+0530][gc,heap     ] GC(222) Humongous regions: 144->140
[2025-03-28T19:30:47.505+0530][gc,metaspace] GC(222) Metaspace: 50132K(50816K)->50132K(50816K) NonClass: 44448K(44800K)->44448K(44800K) Class: 5683K(6016K)->5683K(6016K)
[2025-03-28T19:30:47.505+0530][gc          ] GC(222) Pause Young (Normal) (G1 Evacuation Pause) 484M->323M(1024M) 15.513ms
[2025-03-28T19:30:47.505+0530][gc,cpu      ] GC(222) User=0.02s Sys=0.00s Real=0.02s
[2025-03-28T19:30:56.493+0530][gc,start    ] GC(223) Pause Young (Normal) (G1 Evacuation Pause)
[2025-03-28T19:30:56.493+0530][gc,task     ] GC(223) Using 2 workers of 2 for evacuation
[2025-03-28T19:30:56.499+0530][gc,phases   ] GC(223)   Pre Evacuate Collection Set: 0.2ms
[2025-03-28T19:30:56.499+0530][gc,phases   ] GC(223)   Merge Heap Roots: 0.1ms
[2025-03-28T19:30:56.499+0530][gc,phases   ] GC(223)   Evacuate Collection Set: 5.0ms
[2025-03-28T19:30:56.499+0530][gc,phases   ] GC(223)   Post Evacuate Collection Set: 0.8ms
[2025-03-28T19:30:56.499+0530][gc,phases   ] GC(223)   Other: 0.1ms
[2025-03-28T19:30:56.499+0530][gc,heap     ] GC(223) Eden regions: 164->0(276)
[2025-03-28T19:30:56.499+0530][gc,heap     ] GC(223) Survivor regions: 3->3(21)
[2025-03-28T19:30:56.499+0530][gc,heap     ] GC(223) Old regions: 181->181
[2025-03-28T19:30:56.499+0530][gc,heap     ] GC(223) Archive regions: 2->2
[2025-03-28T19:30:56.499+0530][gc,heap     ] GC(223) Humongous regions: 144->142
[2025-03-28T19:30:56.499+0530][gc,metaspace] GC(223) Metaspace: 50132K(50816K)->50132K(50816K) NonClass: 44448K(44800K)->44448K(44800K) Class: 5683K(6016K)->5683K(6016K)
[2025-03-28T19:30:56.499+0530][gc          ] GC(223) Pause Young (Normal) (G1 Evacuation Pause) 491M->325M(1024M) 6.240ms
[2025-03-28T19:30:56.499+0530][gc,cpu      ] GC(223) User=0.01s Sys=0.00s Real=0.01s
[2025-03-28T19:31:07.536+0530][gc,start    ] GC(224) Pause Young (Normal) (G1 Evacuation Pause)
[2025-03-28T19:31:07.536+0530][gc,task     ] GC(224) Using 2 workers of 2 for evacuation
[2025-03-28T19:31:07.559+0530][gc,mmu      ] GC(224) MMU target violated: 21.0ms (20.0ms/21.0ms)
[2025-03-28T19:31:07.559+0530][gc,phases   ] GC(224)   Pre Evacuate Collection Set: 0.2ms
[2025-03-28T19:31:07.559+0530][gc,phases   ] GC(224)   Merge Heap Roots: 0.1ms
[2025-03-28T19:31:07.559+0530][gc,phases   ] GC(224)   Evacuate Collection Set: 5.6ms
[2025-03-28T19:31:07.559+0530][gc,phases   ] GC(224)   Post Evacuate Collection Set: 16.5ms
[2025-03-28T19:31:07.559+0530][gc,phases   ] GC(224)   Other: 0.2ms
[2025-03-28T19:31:07.559+0530][gc,heap     ] GC(224) Eden regions: 276->0(91)
[2025-03-28T19:31:07.559+0530][gc,heap     ] GC(224) Survivor regions: 3->3(35)
[2025-03-28T19:31:07.559+0530][gc,heap     ] GC(224) Old regions: 181->181
[2025-03-28T19:31:07.559+0530][gc,heap     ] GC(224) Archive regions: 2->2
[2025-03-28T19:31:07.559+0530][gc,heap     ] GC(224) Humongous regions: 148->142
[2025-03-28T19:31:07.559+0530][gc,metaspace] GC(224) Metaspace: 50138K(50816K)->50138K(50816K) NonClass: 44454K(44800K)->44454K(44800K) Class: 5683K(6016K)->5683K(6016K)
[2025-03-28T19:31:07.559+0530][gc          ] GC(224) Pause Young (Normal) (G1 Evacuation Pause) 607M->325M(1024M) 22.813ms
[2025-03-28T19:31:07.559+0530][gc,cpu      ] GC(224) User=0.01s Sys=0.00s Real=0.02s
[2025-03-28T19:31:16.201+0530][gc,start    ] GC(225) Pause Young (Normal) (G1 Evacuation Pause)
[2025-03-28T19:31:16.201+0530][gc,task     ] GC(225) Using 2 workers of 2 for evacuation
[2025-03-28T19:31:16.225+0530][gc,mmu      ] GC(225) MMU target violated: 21.0ms (20.0ms/21.0ms)
[2025-03-28T19:31:16.225+0530][gc,phases   ] GC(225)   Pre Evacuate Collection Set: 0.4ms
[2025-03-28T19:31:16.226+0530][gc,phases   ] GC(225)   Merge Heap Roots: 0.1ms
[2025-03-28T19:31:16.226+0530][gc,phases   ] GC(225)   Evacuate Collection Set: 20.9ms
[2025-03-28T19:31:16.226+0530][gc,phases   ] GC(225)   Post Evacuate Collection Set: 2.7ms
[2025-03-28T19:31:16.226+0530][gc,phases   ] GC(225)   Other: 0.3ms
[2025-03-28T19:31:16.226+0530][gc,heap     ] GC(225) Eden regions: 91->0(43)
[2025-03-28T19:31:16.226+0530][gc,heap     ] GC(225) Survivor regions: 3->8(12)
[2025-03-28T19:31:16.226+0530][gc,heap     ] GC(225) Old regions: 181->181
[2025-03-28T19:31:16.226+0530][gc,heap     ] GC(225) Archive regions: 2->2
[2025-03-28T19:31:16.226+0530][gc,heap     ] GC(225) Humongous regions: 142->140
[2025-03-28T19:31:16.226+0530][gc,metaspace] GC(225) Metaspace: 50140K(50816K)->50140K(50816K) NonClass: 44456K(44800K)->44456K(44800K) Class: 5683K(6016K)->5683K(6016K)
[2025-03-28T19:31:16.226+0530][gc          ] GC(225) Pause Young (Normal) (G1 Evacuation Pause) 416M->328M(1024M) 24.510ms
[2025-03-28T19:31:16.226+0530][gc,cpu      ] GC(225) User=0.03s Sys=0.00s Real=0.03s
[2025-03-28T19:31:16.312+0530][gc,start    ] GC(226) Pause Young (Normal) (G1 Evacuation Pause)
[2025-03-28T19:31:16.312+0530][gc,task     ] GC(226) Using 2 workers of 2 for evacuation
[2025-03-28T19:31:16.318+0530][gc,phases   ] GC(226)   Pre Evacuate Collection Set: 0.2ms
[2025-03-28T19:31:16.318+0530][gc,phases   ] GC(226)   Merge Heap Roots: 0.1ms
[2025-03-28T19:31:16.318+0530][gc,phases   ] GC(226)   Evacuate Collection Set: 4.8ms
[2025-03-28T19:31:16.318+0530][gc,phases   ] GC(226)   Post Evacuate Collection Set: 0.6ms
[2025-03-28T19:31:16.318+0530][gc,phases   ] GC(226)   Other: 0.1ms
[2025-03-28T19:31:16.318+0530][gc,heap     ] GC(226) Eden regions: 43->0(74)
[2025-03-28T19:31:16.318+0530][gc,heap     ] GC(226) Survivor regions: 8->1(7)
[2025-03-28T19:31:16.318+0530][gc,heap     ] GC(226) Old regions: 181->182
[2025-03-28T19:31:16.318+0530][gc,heap     ] GC(226) Archive regions: 2->2
[2025-03-28T19:31:16.318+0530][gc,heap     ] GC(226) Humongous regions: 142->142
[2025-03-28T19:31:16.318+0530][gc,metaspace] GC(226) Metaspace: 50140K(50816K)->50140K(50816K) NonClass: 44456K(44800K)->44456K(44800K) Class: 5683K(6016K)->5683K(6016K)
[2025-03-28T19:31:16.318+0530][gc          ] GC(226) Pause Young (Normal) (G1 Evacuation Pause) 373M->325M(1024M) 5.917ms
[2025-03-28T19:31:16.318+0530][gc,cpu      ] GC(226) User=0.02s Sys=0.00s Real=0.01s
[2025-03-28T19:31:17.555+0530][gc,start    ] GC(227) Pause Young (Normal) (G1 Evacuation Pause)
[2025-03-28T19:31:17.555+0530][gc,task     ] GC(227) Using 2 workers of 2 for evacuation
[2025-03-28T19:31:17.562+0530][gc,phases   ] GC(227)   Pre Evacuate Collection Set: 1.2ms
[2025-03-28T19:31:17.562+0530][gc,phases   ] GC(227)   Merge Heap Roots: 0.1ms
[2025-03-28T19:31:17.562+0530][gc,phases   ] GC(227)   Evacuate Collection Set: 5.9ms
[2025-03-28T19:31:17.562+0530][gc,phases   ] GC(227)   Post Evacuate Collection Set: 0.4ms
[2025-03-28T19:31:17.562+0530][gc,phases   ] GC(227)   Other: 0.1ms
[2025-03-28T19:31:17.562+0530][gc,heap     ] GC(227) Eden regions: 74->0(91)
[2025-03-28T19:31:17.562+0530][gc,heap     ] GC(227) Survivor regions: 1->3(10)
[2025-03-28T19:31:17.562+0530][gc,heap     ] GC(227) Old regions: 182->182
[2025-03-28T19:31:17.562+0530][gc,heap     ] GC(227) Archive regions: 2->2
[2025-03-28T19:31:17.562+0530][gc,heap     ] GC(227) Humongous regions: 144->142
[2025-03-28T19:31:17.562+0530][gc,metaspace] GC(227) Metaspace: 50140K(50816K)->50140K(50816K) NonClass: 44456K(44800K)->44456K(44800K) Class: 5683K(6016K)->5683K(6016K)
[2025-03-28T19:31:17.562+0530][gc          ] GC(227) Pause Young (Normal) (G1 Evacuation Pause) 401M->327M(1024M) 7.944ms
[2025-03-28T19:31:17.563+0530][gc,cpu      ] GC(227) User=0.01s Sys=0.00s Real=0.01s
[2025-03-28T19:31:26.506+0530][gc,start    ] GC(228) Pause Young (Normal) (G1 Evacuation Pause)
[2025-03-28T19:31:26.512+0530][gc,task     ] GC(228) Using 2 workers of 2 for evacuation
[2025-03-28T19:31:26.517+0530][gc,phases   ] GC(228)   Pre Evacuate Collection Set: 0.3ms
[2025-03-28T19:31:26.517+0530][gc,phases   ] GC(228)   Merge Heap Roots: 0.1ms
[2025-03-28T19:31:26.517+0530][gc,phases   ] GC(228)   Evacuate Collection Set: 4.2ms
[2025-03-28T19:31:26.517+0530][gc,phases   ] GC(228)   Post Evacuate Collection Set: 1.2ms
[2025-03-28T19:31:26.517+0530][gc,phases   ] GC(228)   Other: 6.0ms
[2025-03-28T19:31:26.517+0530][gc,heap     ] GC(228) Eden regions: 91->0(143)
[2025-03-28T19:31:26.518+0530][gc,heap     ] GC(228) Survivor regions: 3->3(12)
[2025-03-28T19:31:26.518+0530][gc,heap     ] GC(228) Old regions: 182->182
[2025-03-28T19:31:26.518+0530][gc,heap     ] GC(228) Archive regions: 2->2
[2025-03-28T19:31:26.518+0530][gc,heap     ] GC(228) Humongous regions: 144->142
[2025-03-28T19:31:26.518+0530][gc,metaspace] GC(228) Metaspace: 50140K(50816K)->50140K(50816K) NonClass: 44456K(44800K)->44456K(44800K) Class: 5683K(6016K)->5683K(6016K)
[2025-03-28T19:31:26.518+0530][gc          ] GC(228) Pause Young (Normal) (G1 Evacuation Pause) 420M->327M(1024M) 11.839ms
[2025-03-28T19:31:26.518+0530][gc,cpu      ] GC(228) User=0.01s Sys=0.00s Real=0.02s
[2025-03-28T19:31:36.376+0530][gc,start    ] GC(229) Pause Young (Normal) (G1 Evacuation Pause)
[2025-03-28T19:31:36.376+0530][gc,task     ] GC(229) Using 2 workers of 2 for evacuation
[2025-03-28T19:31:36.380+0530][gc,phases   ] GC(229)   Pre Evacuate Collection Set: 0.2ms
[2025-03-28T19:31:36.380+0530][gc,phases   ] GC(229)   Merge Heap Roots: 0.1ms
[2025-03-28T19:31:36.380+0530][gc,phases   ] GC(229)   Evacuate Collection Set: 2.6ms
[2025-03-28T19:31:36.380+0530][gc,phases   ] GC(229)   Post Evacuate Collection Set: 0.6ms
[2025-03-28T19:31:36.380+0530][gc,phases   ] GC(229)   Other: 0.2ms
[2025-03-28T19:31:36.380+0530][gc,heap     ] GC(229) Eden regions: 143->0(243)
[2025-03-28T19:31:36.380+0530][gc,heap     ] GC(229) Survivor regions: 3->2(19)
[2025-03-28T19:31:36.380+0530][gc,heap     ] GC(229) Old regions: 182->182
[2025-03-28T19:31:36.380+0530][gc,heap     ] GC(229) Archive regions: 2->2
[2025-03-28T19:31:36.380+0530][gc,heap     ] GC(229) Humongous regions: 144->140
[2025-03-28T19:31:36.380+0530][gc,metaspace] GC(229) Metaspace: 50160K(50816K)->50160K(50816K) NonClass: 44477K(44800K)->44477K(44800K) Class: 5683K(6016K)->5683K(6016K)
[2025-03-28T19:31:36.380+0530][gc          ] GC(229) Pause Young (Normal) (G1 Evacuation Pause) 472M->323M(1024M) 3.841ms
[2025-03-28T19:31:36.380+0530][gc,cpu      ] GC(229) User=0.01s Sys=0.01s Real=0.00s
[2025-03-28T19:31:46.446+0530][gc,start    ] GC(230) Pause Young (Normal) (G1 Evacuation Pause)
[2025-03-28T19:31:46.446+0530][gc,task     ] GC(230) Using 2 workers of 2 for evacuation
[2025-03-28T19:31:46.454+0530][gc,phases   ] GC(230)   Pre Evacuate Collection Set: 0.2ms
[2025-03-28T19:31:46.454+0530][gc,phases   ] GC(230)   Merge Heap Roots: 0.1ms
[2025-03-28T19:31:46.454+0530][gc,phases   ] GC(230)   Evacuate Collection Set: 6.4ms
[2025-03-28T19:31:46.454+0530][gc,phases   ] GC(230)   Post Evacuate Collection Set: 0.6ms
[2025-03-28T19:31:46.454+0530][gc,phases   ] GC(230)   Other: 0.2ms
[2025-03-28T19:31:46.454+0530][gc,heap     ] GC(230) Eden regions: 243->0(268)
[2025-03-28T19:31:46.454+0530][gc,heap     ] GC(230) Survivor regions: 2->7(31)
[2025-03-28T19:31:46.454+0530][gc,heap     ] GC(230) Old regions: 182->182
[2025-03-28T19:31:46.454+0530][gc,heap     ] GC(230) Archive regions: 2->2
[2025-03-28T19:31:46.454+0530][gc,heap     ] GC(230) Humongous regions: 144->140
[2025-03-28T19:31:46.454+0530][gc,metaspace] GC(230) Metaspace: 50163K(50816K)->50163K(50816K) NonClass: 44480K(44800K)->44480K(44800K) Class: 5683K(6016K)->5683K(6016K)
[2025-03-28T19:31:46.454+0530][gc          ] GC(230) Pause Young (Normal) (G1 Evacuation Pause) 570M->329M(1024M) 7.618ms
[2025-03-28T19:31:46.454+0530][gc,cpu      ] GC(230) User=0.01s Sys=0.00s Real=0.00s
[2025-03-28T19:31:57.424+0530][gc,start    ] GC(231) Pause Young (Normal) (G1 Evacuation Pause)
[2025-03-28T19:31:57.424+0530][gc,task     ] GC(231) Using 2 workers of 2 for evacuation
[2025-03-28T19:31:57.431+0530][gc,phases   ] GC(231)   Pre Evacuate Collection Set: 0.2ms
[2025-03-28T19:31:57.432+0530][gc,phases   ] GC(231)   Merge Heap Roots: 0.1ms
[2025-03-28T19:31:57.432+0530][gc,phases   ] GC(231)   Evacuate Collection Set: 5.6ms
[2025-03-28T19:31:57.432+0530][gc,phases   ] GC(231)   Post Evacuate Collection Set: 1.4ms
[2025-03-28T19:31:57.432+0530][gc,phases   ] GC(231)   Other: 0.1ms
[2025-03-28T19:31:57.432+0530][gc,heap     ] GC(231) Eden regions: 268->0(452)
[2025-03-28T19:31:57.432+0530][gc,heap     ] GC(231) Survivor regions: 7->4(35)
[2025-03-28T19:31:57.432+0530][gc,heap     ] GC(231) Old regions: 182->182
[2025-03-28T19:31:57.432+0530][gc,heap     ] GC(231) Archive regions: 2->2
[2025-03-28T19:31:57.432+0530][gc,heap     ] GC(231) Humongous regions: 146->140
[2025-03-28T19:31:57.432+0530][gc,metaspace] GC(231) Metaspace: 50164K(50816K)->50164K(50816K) NonClass: 44480K(44800K)->44480K(44800K) Class: 5683K(6016K)->5683K(6016K)
[2025-03-28T19:31:57.432+0530][gc          ] GC(231) Pause Young (Normal) (G1 Evacuation Pause) 603M->326M(1024M) 7.562ms
[2025-03-28T19:31:57.432+0530][gc,cpu      ] GC(231) User=0.01s Sys=0.00s Real=0.01s
[2025-03-28T19:32:19.510+0530][gc,start    ] GC(232) Pause Young (Normal) (G1 Evacuation Pause)
[2025-03-28T19:32:19.512+0530][gc,task     ] GC(232) Using 2 workers of 2 for evacuation
[2025-03-28T19:32:19.559+0530][gc,mmu      ] GC(232) MMU target violated: 21.0ms (20.0ms/21.0ms)
[2025-03-28T19:32:19.559+0530][gc,phases   ] GC(232)   Pre Evacuate Collection Set: 0.2ms
[2025-03-28T19:32:19.559+0530][gc,phases   ] GC(232)   Merge Heap Roots: 0.1ms
[2025-03-28T19:32:19.559+0530][gc,phases   ] GC(232)   Evacuate Collection Set: 4.8ms
[2025-03-28T19:32:19.559+0530][gc,phases   ] GC(232)   Post Evacuate Collection Set: 42.6ms
[2025-03-28T19:32:19.559+0530][gc,phases   ] GC(232)   Other: 1.5ms
[2025-03-28T19:32:19.559+0530][gc,heap     ] GC(232) Eden regions: 452->0(48)
[2025-03-28T19:32:19.560+0530][gc,heap     ] GC(232) Survivor regions: 4->3(57)
[2025-03-28T19:32:19.560+0530][gc,heap     ] GC(232) Old regions: 182->182
[2025-03-28T19:32:19.560+0530][gc,heap     ] GC(232) Archive regions: 2->2
[2025-03-28T19:32:19.560+0530][gc,heap     ] GC(232) Humongous regions: 150->142
[2025-03-28T19:32:19.560+0530][gc,metaspace] GC(232) Metaspace: 50175K(50816K)->50175K(50816K) NonClass: 44491K(44800K)->44491K(44800K) Class: 5683K(6016K)->5683K(6016K)
[2025-03-28T19:32:19.560+0530][gc          ] GC(232) Pause Young (Normal) (G1 Evacuation Pause) 788M->327M(1024M) 49.327ms
[2025-03-28T19:32:19.560+0530][gc,cpu      ] GC(232) User=0.01s Sys=0.00s Real=0.05s
[2025-03-28T19:32:26.429+0530][gc,start    ] GC(233) Pause Young (Normal) (G1 Evacuation Pause)
[2025-03-28T19:32:26.429+0530][gc,task     ] GC(233) Using 2 workers of 2 for evacuation
[2025-03-28T19:32:26.439+0530][gc,phases   ] GC(233)   Pre Evacuate Collection Set: 0.2ms
[2025-03-28T19:32:26.439+0530][gc,phases   ] GC(233)   Merge Heap Roots: 0.1ms
[2025-03-28T19:32:26.440+0530][gc,phases   ] GC(233)   Evacuate Collection Set: 4.3ms
[2025-03-28T19:32:26.440+0530][gc,phases   ] GC(233)   Post Evacuate Collection Set: 5.9ms
[2025-03-28T19:32:26.440+0530][gc,phases   ] GC(233)   Other: 0.2ms
[2025-03-28T19:32:26.440+0530][gc,heap     ] GC(233) Eden regions: 48->0(47)
[2025-03-28T19:32:26.440+0530][gc,heap     ] GC(233) Survivor regions: 3->4(7)
[2025-03-28T19:32:26.440+0530][gc,heap     ] GC(233) Old regions: 182->182
[2025-03-28T19:32:26.440+0530][gc,heap     ] GC(233) Archive regions: 2->2
[2025-03-28T19:32:26.440+0530][gc,heap     ] GC(233) Humongous regions: 142->140
[2025-03-28T19:32:26.440+0530][gc,metaspace] GC(233) Metaspace: 50175K(50816K)->50175K(50816K) NonClass: 44491K(44800K)->44491K(44800K) Class: 5683K(6016K)->5683K(6016K)
[2025-03-28T19:32:26.440+0530][gc          ] GC(233) Pause Young (Normal) (G1 Evacuation Pause) 375M->326M(1024M) 10.812ms
[2025-03-28T19:32:26.440+0530][gc,cpu      ] GC(233) User=0.01s Sys=0.00s Real=0.01s
[2025-03-28T19:32:26.527+0530][gc,start    ] GC(234) Pause Young (Normal) (G1 Evacuation Pause)
[2025-03-28T19:32:26.527+0530][gc,task     ] GC(234) Using 2 workers of 2 for evacuation
[2025-03-28T19:32:26.532+0530][gc,phases   ] GC(234)   Pre Evacuate Collection Set: 0.2ms
[2025-03-28T19:32:26.532+0530][gc,phases   ] GC(234)   Merge Heap Roots: 0.1ms
[2025-03-28T19:32:26.532+0530][gc,phases   ] GC(234)   Evacuate Collection Set: 3.9ms
[2025-03-28T19:32:26.532+0530][gc,phases   ] GC(234)   Post Evacuate Collection Set: 0.7ms
[2025-03-28T19:32:26.532+0530][gc,phases   ] GC(234)   Other: 0.1ms
[2025-03-28T19:32:26.532+0530][gc,heap     ] GC(234) Eden regions: 47->0(48)
[2025-03-28T19:32:26.532+0530][gc,heap     ] GC(234) Survivor regions: 4->3(7)
[2025-03-28T19:32:26.532+0530][gc,heap     ] GC(234) Old regions: 182->182
[2025-03-28T19:32:26.532+0530][gc,heap     ] GC(234) Archive regions: 2->2
[2025-03-28T19:32:26.532+0530][gc,heap     ] GC(234) Humongous regions: 142->142
[2025-03-28T19:32:26.532+0530][gc,metaspace] GC(234) Metaspace: 50175K(50816K)->50175K(50816K) NonClass: 44491K(44800K)->44491K(44800K) Class: 5683K(6016K)->5683K(6016K)
[2025-03-28T19:32:26.532+0530][gc          ] GC(234) Pause Young (Normal) (G1 Evacuation Pause) 375M->327M(1024M) 5.170ms
[2025-03-28T19:32:26.532+0530][gc,cpu      ] GC(234) User=0.01s Sys=0.00s Real=0.00s
[2025-03-28T19:32:27.454+0530][gc,start    ] GC(235) Pause Young (Normal) (G1 Evacuation Pause)
[2025-03-28T19:32:27.454+0530][gc,task     ] GC(235) Using 2 workers of 2 for evacuation
[2025-03-28T19:32:27.459+0530][gc,phases   ] GC(235)   Pre Evacuate Collection Set: 0.2ms
[2025-03-28T19:32:27.459+0530][gc,phases   ] GC(235)   Merge Heap Roots: 0.1ms
[2025-03-28T19:32:27.459+0530][gc,phases   ] GC(235)   Evacuate Collection Set: 2.9ms
[2025-03-28T19:32:27.459+0530][gc,phases   ] GC(235)   Post Evacuate Collection Set: 1.0ms
[2025-03-28T19:32:27.459+0530][gc,phases   ] GC(235)   Other: 0.1ms
[2025-03-28T19:32:27.459+0530][gc,heap     ] GC(235) Eden regions: 48->0(56)
[2025-03-28T19:32:27.459+0530][gc,heap     ] GC(235) Survivor regions: 3->3(7)
[2025-03-28T19:32:27.459+0530][gc,heap     ] GC(235) Old regions: 182->182
[2025-03-28T19:32:27.459+0530][gc,heap     ] GC(235) Archive regions: 2->2
[2025-03-28T19:32:27.459+0530][gc,heap     ] GC(235) Humongous regions: 142->140
[2025-03-28T19:32:27.459+0530][gc,metaspace] GC(235) Metaspace: 50175K(50816K)->50175K(50816K) NonClass: 44491K(44800K)->44491K(44800K) Class: 5683K(6016K)->5683K(6016K)
[2025-03-28T19:32:27.459+0530][gc          ] GC(235) Pause Young (Normal) (G1 Evacuation Pause) 375M->325M(1024M) 4.415ms
[2025-03-28T19:32:27.459+0530][gc,cpu      ] GC(235) User=0.02s Sys=0.00s Real=0.02s
[2025-03-28T19:32:27.548+0530][gc,start    ] GC(236) Pause Young (Normal) (G1 Evacuation Pause)
[2025-03-28T19:32:27.548+0530][gc,task     ] GC(236) Using 2 workers of 2 for evacuation
[2025-03-28T19:32:27.556+0530][gc,phases   ] GC(236)   Pre Evacuate Collection Set: 0.4ms
[2025-03-28T19:32:27.556+0530][gc,phases   ] GC(236)   Merge Heap Roots: 0.0ms
[2025-03-28T19:32:27.556+0530][gc,phases   ] GC(236)   Evacuate Collection Set: 6.8ms
[2025-03-28T19:32:27.556+0530][gc,phases   ] GC(236)   Post Evacuate Collection Set: 0.6ms
[2025-03-28T19:32:27.556+0530][gc,phases   ] GC(236)   Other: 0.2ms
[2025-03-28T19:32:27.556+0530][gc,heap     ] GC(236) Eden regions: 56->0(85)
[2025-03-28T19:32:27.556+0530][gc,heap     ] GC(236) Survivor regions: 3->3(8)
[2025-03-28T19:32:27.556+0530][gc,heap     ] GC(236) Old regions: 182->182
[2025-03-28T19:32:27.556+0530][gc,heap     ] GC(236) Archive regions: 2->2
[2025-03-28T19:32:27.556+0530][gc,heap     ] GC(236) Humongous regions: 142->142
[2025-03-28T19:32:27.556+0530][gc,metaspace] GC(236) Metaspace: 50175K(50816K)->50175K(50816K) NonClass: 44491K(44800K)->44491K(44800K) Class: 5683K(6016K)->5683K(6016K)
[2025-03-28T19:32:27.556+0530][gc          ] GC(236) Pause Young (Normal) (G1 Evacuation Pause) 383M->327M(1024M) 8.015ms
[2025-03-28T19:32:27.556+0530][gc,cpu      ] GC(236) User=0.01s Sys=0.00s Real=0.02s
[2025-03-28T19:32:36.385+0530][gc,start    ] GC(237) Pause Young (Normal) (G1 Evacuation Pause)
[2025-03-28T19:32:36.385+0530][gc,task     ] GC(237) Using 2 workers of 2 for evacuation
[2025-03-28T19:32:36.418+0530][gc,mmu      ] GC(237) MMU target violated: 21.0ms (20.0ms/21.0ms)
[2025-03-28T19:32:36.418+0530][gc,phases   ] GC(237)   Pre Evacuate Collection Set: 0.3ms
[2025-03-28T19:32:36.418+0530][gc,phases   ] GC(237)   Merge Heap Roots: 0.2ms
[2025-03-28T19:32:36.418+0530][gc,phases   ] GC(237)   Evacuate Collection Set: 30.5ms
[2025-03-28T19:32:36.418+0530][gc,phases   ] GC(237)   Post Evacuate Collection Set: 2.1ms
[2025-03-28T19:32:36.418+0530][gc,phases   ] GC(237)   Other: 0.2ms
[2025-03-28T19:32:36.418+0530][gc,heap     ] GC(237) Eden regions: 85->0(43)
[2025-03-28T19:32:36.418+0530][gc,heap     ] GC(237) Survivor regions: 3->8(11)
[2025-03-28T19:32:36.418+0530][gc,heap     ] GC(237) Old regions: 182->182
[2025-03-28T19:32:36.418+0530][gc,heap     ] GC(237) Archive regions: 2->2
[2025-03-28T19:32:36.418+0530][gc,heap     ] GC(237) Humongous regions: 142->140
[2025-03-28T19:32:36.418+0530][gc,metaspace] GC(237) Metaspace: 50218K(50880K)->50218K(50880K) NonClass: 44528K(44864K)->44528K(44864K) Class: 5689K(6016K)->5689K(6016K)
[2025-03-28T19:32:36.418+0530][gc          ] GC(237) Pause Young (Normal) (G1 Evacuation Pause) 412M->330M(1024M) 33.423ms
[2025-03-28T19:32:36.418+0530][gc,cpu      ] GC(237) User=0.03s Sys=0.00s Real=0.03s
[2025-03-28T19:32:37.423+0530][gc,start    ] GC(238) Pause Young (Normal) (G1 Evacuation Pause)
[2025-03-28T19:32:37.423+0530][gc,task     ] GC(238) Using 2 workers of 2 for evacuation
[2025-03-28T19:32:37.428+0530][gc,phases   ] GC(238)   Pre Evacuate Collection Set: 0.4ms
[2025-03-28T19:32:37.428+0530][gc,phases   ] GC(238)   Merge Heap Roots: 0.1ms
[2025-03-28T19:32:37.428+0530][gc,phases   ] GC(238)   Evacuate Collection Set: 3.3ms
[2025-03-28T19:32:37.428+0530][gc,phases   ] GC(238)   Post Evacuate Collection Set: 0.5ms
[2025-03-28T19:32:37.428+0530][gc,phases   ] GC(238)   Other: 0.2ms
[2025-03-28T19:32:37.428+0530][gc,heap     ] GC(238) Eden regions: 43->0(110)
[2025-03-28T19:32:37.428+0530][gc,heap     ] GC(238) Survivor regions: 8->1(7)
[2025-03-28T19:32:37.428+0530][gc,heap     ] GC(238) Old regions: 182->182
[2025-03-28T19:32:37.428+0530][gc,heap     ] GC(238) Archive regions: 2->2
[2025-03-28T19:32:37.428+0530][gc,heap     ] GC(238) Humongous regions: 142->140
[2025-03-28T19:32:37.428+0530][gc,metaspace] GC(238) Metaspace: 50218K(50880K)->50218K(50880K) NonClass: 44528K(44864K)->44528K(44864K) Class: 5689K(6016K)->5689K(6016K)
[2025-03-28T19:32:37.428+0530][gc          ] GC(238) Pause Young (Normal) (G1 Evacuation Pause) 375M->323M(1024M) 4.640ms
[2025-03-28T19:32:37.428+0530][gc,cpu      ] GC(238) User=0.01s Sys=0.00s Real=0.01s
[2025-03-28T19:32:46.406+0530][gc,start    ] GC(239) Pause Young (Normal) (G1 Evacuation Pause)
[2025-03-28T19:32:46.406+0530][gc,task     ] GC(239) Using 2 workers of 2 for evacuation
[2025-03-28T19:32:46.419+0530][gc,phases   ] GC(239)   Pre Evacuate Collection Set: 0.4ms
[2025-03-28T19:32:46.419+0530][gc,phases   ] GC(239)   Merge Heap Roots: 0.2ms
[2025-03-28T19:32:46.419+0530][gc,phases   ] GC(239)   Evacuate Collection Set: 10.3ms
[2025-03-28T19:32:46.419+0530][gc,phases   ] GC(239)   Post Evacuate Collection Set: 1.4ms
[2025-03-28T19:32:46.419+0530][gc,phases   ] GC(239)   Other: 0.5ms
[2025-03-28T19:32:46.419+0530][gc,heap     ] GC(239) Eden regions: 110->0(156)
[2025-03-28T19:32:46.419+0530][gc,heap     ] GC(239) Survivor regions: 1->2(14)
[2025-03-28T19:32:46.419+0530][gc,heap     ] GC(239) Old regions: 182->182
[2025-03-28T19:32:46.419+0530][gc,heap     ] GC(239) Archive regions: 2->2
[2025-03-28T19:32:46.419+0530][gc,heap     ] GC(239) Humongous regions: 145->140
[2025-03-28T19:32:46.419+0530][gc,metaspace] GC(239) Metaspace: 50265K(50880K)->50265K(50880K) NonClass: 44563K(44864K)->44563K(44864K) Class: 5701K(6016K)->5701K(6016K)
[2025-03-28T19:32:46.419+0530][gc          ] GC(239) Pause Young (Normal) (G1 Evacuation Pause) 438M->324M(1024M) 13.311ms
[2025-03-28T19:32:46.419+0530][gc,cpu      ] GC(239) User=0.01s Sys=0.00s Real=0.02s
[2025-03-28T19:32:47.547+0530][gc,start    ] GC(240) Pause Young (Normal) (G1 Evacuation Pause)
[2025-03-28T19:32:47.547+0530][gc,task     ] GC(240) Using 2 workers of 2 for evacuation
[2025-03-28T19:32:47.557+0530][gc,phases   ] GC(240)   Pre Evacuate Collection Set: 0.3ms
[2025-03-28T19:32:47.557+0530][gc,phases   ] GC(240)   Merge Heap Roots: 0.1ms
[2025-03-28T19:32:47.557+0530][gc,phases   ] GC(240)   Evacuate Collection Set: 5.2ms
[2025-03-28T19:32:47.557+0530][gc,phases   ] GC(240)   Post Evacuate Collection Set: 4.1ms
[2025-03-28T19:32:47.557+0530][gc,phases   ] GC(240)   Other: 0.2ms
[2025-03-28T19:32:47.557+0530][gc,heap     ] GC(240) Eden regions: 156->0(226)
[2025-03-28T19:32:47.557+0530][gc,heap     ] GC(240) Survivor regions: 2->3(20)
[2025-03-28T19:32:47.557+0530][gc,heap     ] GC(240) Old regions: 182->182
[2025-03-28T19:32:47.557+0530][gc,heap     ] GC(240) Archive regions: 2->2
[2025-03-28T19:32:47.557+0530][gc,heap     ] GC(240) Humongous regions: 147->142
[2025-03-28T19:32:47.557+0530][gc,metaspace] GC(240) Metaspace: 50265K(50880K)->50265K(50880K) NonClass: 44563K(44864K)->44563K(44864K) Class: 5701K(6016K)->5701K(6016K)
[2025-03-28T19:32:47.557+0530][gc          ] GC(240) Pause Young (Normal) (G1 Evacuation Pause) 487M->327M(1024M) 10.119ms
[2025-03-28T19:32:47.557+0530][gc,cpu      ] GC(240) User=0.01s Sys=0.00s Real=0.01s
[2025-03-28T19:32:57.547+0530][gc,start    ] GC(241) Pause Young (Normal) (G1 Evacuation Pause)
[2025-03-28T19:32:57.547+0530][gc,task     ] GC(241) Using 2 workers of 2 for evacuation
[2025-03-28T19:32:57.558+0530][gc,phases   ] GC(241)   Pre Evacuate Collection Set: 0.3ms
[2025-03-28T19:32:57.558+0530][gc,phases   ] GC(241)   Merge Heap Roots: 0.2ms
[2025-03-28T19:32:57.558+0530][gc,phases   ] GC(241)   Evacuate Collection Set: 8.2ms
[2025-03-28T19:32:57.558+0530][gc,phases   ] GC(241)   Post Evacuate Collection Set: 1.4ms
[2025-03-28T19:32:57.558+0530][gc,phases   ] GC(241)   Other: 0.2ms
[2025-03-28T19:32:57.558+0530][gc,heap     ] GC(241) Eden regions: 226->0(372)
[2025-03-28T19:32:57.558+0530][gc,heap     ] GC(241) Survivor regions: 3->3(29)
[2025-03-28T19:32:57.558+0530][gc,heap     ] GC(241) Old regions: 182->182
[2025-03-28T19:32:57.558+0530][gc,heap     ] GC(241) Archive regions: 2->2
[2025-03-28T19:32:57.558+0530][gc,heap     ] GC(241) Humongous regions: 146->142
[2025-03-28T19:32:57.558+0530][gc,metaspace] GC(241) Metaspace: 50265K(50880K)->50265K(50880K) NonClass: 44563K(44864K)->44563K(44864K) Class: 5701K(6016K)->5701K(6016K)
[2025-03-28T19:32:57.558+0530][gc          ] GC(241) Pause Young (Normal) (G1 Evacuation Pause) 557M->327M(1024M) 10.337ms
[2025-03-28T19:32:57.558+0530][gc,cpu      ] GC(241) User=0.01s Sys=0.00s Real=0.01s
[2025-03-28T19:33:17.527+0530][gc,start    ] GC(242) Pause Young (Normal) (G1 Evacuation Pause)
[2025-03-28T19:33:17.527+0530][gc,task     ] GC(242) Using 2 workers of 2 for evacuation
[2025-03-28T19:33:17.539+0530][gc,phases   ] GC(242)   Pre Evacuate Collection Set: 0.4ms
[2025-03-28T19:33:17.539+0530][gc,phases   ] GC(242)   Merge Heap Roots: 0.2ms
[2025-03-28T19:33:17.539+0530][gc,phases   ] GC(242)   Evacuate Collection Set: 9.7ms
[2025-03-28T19:33:17.539+0530][gc,phases   ] GC(242)   Post Evacuate Collection Set: 1.3ms
[2025-03-28T19:33:17.539+0530][gc,phases   ] GC(242)   Other: 0.2ms
[2025-03-28T19:33:17.539+0530][gc,heap     ] GC(242) Eden regions: 372->0(457)
[2025-03-28T19:33:17.539+0530][gc,heap     ] GC(242) Survivor regions: 3->3(47)
[2025-03-28T19:33:17.539+0530][gc,heap     ] GC(242) Old regions: 182->182
[2025-03-28T19:33:17.539+0530][gc,heap     ] GC(242) Archive regions: 2->2
[2025-03-28T19:33:17.539+0530][gc,heap     ] GC(242) Humongous regions: 150->142
[2025-03-28T19:33:17.539+0530][gc,metaspace] GC(242) Metaspace: 50267K(50880K)->50267K(50880K) NonClass: 44566K(44864K)->44566K(44864K) Class: 5701K(6016K)->5701K(6016K)
[2025-03-28T19:33:17.539+0530][gc          ] GC(242) Pause Young (Normal) (G1 Evacuation Pause) 707M->327M(1024M) 11.865ms
[2025-03-28T19:33:17.539+0530][gc,cpu      ] GC(242) User=0.01s Sys=0.00s Real=0.02s
[2025-03-28T19:33:46.395+0530][gc,start    ] GC(243) Pause Young (Normal) (G1 Evacuation Pause)
[2025-03-28T19:33:46.395+0530][gc,task     ] GC(243) Using 2 workers of 2 for evacuation
[2025-03-28T19:33:46.657+0530][gc,mmu      ] GC(243) MMU target violated: 21.0ms (20.0ms/21.0ms)
[2025-03-28T19:33:46.657+0530][gc,phases   ] GC(243)   Pre Evacuate Collection Set: 0.3ms
[2025-03-28T19:33:46.657+0530][gc,phases   ] GC(243)   Merge Heap Roots: 0.2ms
[2025-03-28T19:33:46.657+0530][gc,phases   ] GC(243)   Evacuate Collection Set: 258.9ms
[2025-03-28T19:33:46.657+0530][gc,phases   ] GC(243)   Post Evacuate Collection Set: 2.0ms
[2025-03-28T19:33:46.657+0530][gc,phases   ] GC(243)   Other: 0.2ms
[2025-03-28T19:33:46.657+0530][gc,heap     ] GC(243) Eden regions: 457->0(47)
[2025-03-28T19:33:46.657+0530][gc,heap     ] GC(243) Survivor regions: 3->4(58)
[2025-03-28T19:33:46.657+0530][gc,heap     ] GC(243) Old regions: 182->182
[2025-03-28T19:33:46.657+0530][gc,heap     ] GC(243) Archive regions: 2->2
[2025-03-28T19:33:46.657+0530][gc,heap     ] GC(243) Humongous regions: 150->140
[2025-03-28T19:33:46.657+0530][gc,metaspace] GC(243) Metaspace: 50339K(50944K)->50339K(50944K) NonClass: 44638K(44928K)->44638K(44928K) Class: 5701K(6016K)->5701K(6016K)
[2025-03-28T19:33:46.657+0530][gc          ] GC(243) Pause Young (Normal) (G1 Evacuation Pause) 792M->326M(1024M) 261.815ms
[2025-03-28T19:33:46.657+0530][gc,cpu      ] GC(243) User=0.00s Sys=0.03s Real=0.26s
[2025-03-28T19:33:46.858+0530][gc,start    ] GC(244) Pause Young (Normal) (G1 Evacuation Pause)
[2025-03-28T19:33:46.858+0530][gc,task     ] GC(244) Using 2 workers of 2 for evacuation
[2025-03-28T19:33:46.872+0530][gc,phases   ] GC(244)   Pre Evacuate Collection Set: 0.5ms
[2025-03-28T19:33:46.872+0530][gc,phases   ] GC(244)   Merge Heap Roots: 1.0ms
[2025-03-28T19:33:46.872+0530][gc,phases   ] GC(244)   Evacuate Collection Set: 9.4ms
[2025-03-28T19:33:46.872+0530][gc,phases   ] GC(244)   Post Evacuate Collection Set: 3.4ms
[2025-03-28T19:33:46.872+0530][gc,phases   ] GC(244)   Other: 0.3ms
[2025-03-28T19:33:46.872+0530][gc,heap     ] GC(244) Eden regions: 47->0(48)
[2025-03-28T19:33:46.872+0530][gc,heap     ] GC(244) Survivor regions: 4->3(7)
[2025-03-28T19:33:46.872+0530][gc,heap     ] GC(244) Old regions: 182->182
[2025-03-28T19:33:46.872+0530][gc,heap     ] GC(244) Archive regions: 2->2
[2025-03-28T19:33:46.873+0530][gc,heap     ] GC(244) Humongous regions: 142->142
[2025-03-28T19:33:46.873+0530][gc,metaspace] GC(244) Metaspace: 50343K(50944K)->50343K(50944K) NonClass: 44641K(44928K)->44641K(44928K) Class: 5701K(6016K)->5701K(6016K)
[2025-03-28T19:33:46.873+0530][gc          ] GC(244) Pause Young (Normal) (G1 Evacuation Pause) 375M->327M(1024M) 14.907ms
[2025-03-28T19:33:46.873+0530][gc,cpu      ] GC(244) User=0.01s Sys=0.00s Real=0.01s
[2025-03-28T19:33:47.474+0530][gc,start    ] GC(245) Pause Young (Normal) (G1 Evacuation Pause)
[2025-03-28T19:33:47.474+0530][gc,task     ] GC(245) Using 2 workers of 2 for evacuation
[2025-03-28T19:33:47.484+0530][gc,phases   ] GC(245)   Pre Evacuate Collection Set: 0.3ms
[2025-03-28T19:33:47.484+0530][gc,phases   ] GC(245)   Merge Heap Roots: 0.1ms
[2025-03-28T19:33:47.484+0530][gc,phases   ] GC(245)   Evacuate Collection Set: 8.2ms
[2025-03-28T19:33:47.484+0530][gc,phases   ] GC(245)   Post Evacuate Collection Set: 0.8ms
[2025-03-28T19:33:47.484+0530][gc,phases   ] GC(245)   Other: 0.2ms
[2025-03-28T19:33:47.484+0530][gc,heap     ] GC(245) Eden regions: 48->0(48)
[2025-03-28T19:33:47.484+0530][gc,heap     ] GC(245) Survivor regions: 3->3(7)
[2025-03-28T19:33:47.484+0530][gc,heap     ] GC(245) Old regions: 182->182
[2025-03-28T19:33:47.484+0530][gc,heap     ] GC(245) Archive regions: 2->2
[2025-03-28T19:33:47.484+0530][gc,heap     ] GC(245) Humongous regions: 142->140
[2025-03-28T19:33:47.484+0530][gc,metaspace] GC(245) Metaspace: 50343K(50944K)->50343K(50944K) NonClass: 44641K(44928K)->44641K(44928K) Class: 5701K(6016K)->5701K(6016K)
[2025-03-28T19:33:47.484+0530][gc          ] GC(245) Pause Young (Normal) (G1 Evacuation Pause) 375M->325M(1024M) 9.785ms
[2025-03-28T19:33:47.484+0530][gc,cpu      ] GC(245) User=0.01s Sys=0.00s Real=0.01s
[2025-03-28T19:33:47.582+0530][gc,start    ] GC(246) Pause Young (Normal) (G1 Evacuation Pause)
[2025-03-28T19:33:47.582+0530][gc,task     ] GC(246) Using 2 workers of 2 for evacuation
[2025-03-28T19:33:47.587+0530][gc,phases   ] GC(246)   Pre Evacuate Collection Set: 0.2ms
[2025-03-28T19:33:47.587+0530][gc,phases   ] GC(246)   Merge Heap Roots: 0.1ms
[2025-03-28T19:33:47.587+0530][gc,phases   ] GC(246)   Evacuate Collection Set: 4.4ms
[2025-03-28T19:33:47.587+0530][gc,phases   ] GC(246)   Post Evacuate Collection Set: 0.5ms
[2025-03-28T19:33:47.587+0530][gc,phases   ] GC(246)   Other: 0.2ms
[2025-03-28T19:33:47.587+0530][gc,heap     ] GC(246) Eden regions: 48->0(48)
[2025-03-28T19:33:47.587+0530][gc,heap     ] GC(246) Survivor regions: 3->3(7)
[2025-03-28T19:33:47.587+0530][gc,heap     ] GC(246) Old regions: 182->182
[2025-03-28T19:33:47.587+0530][gc,heap     ] GC(246) Archive regions: 2->2
[2025-03-28T19:33:47.587+0530][gc,heap     ] GC(246) Humongous regions: 142->142
[2025-03-28T19:33:47.587+0530][gc,metaspace] GC(246) Metaspace: 50343K(50944K)->50343K(50944K) NonClass: 44641K(44928K)->44641K(44928K) Class: 5701K(6016K)->5701K(6016K)
[2025-03-28T19:33:47.587+0530][gc          ] GC(246) Pause Young (Normal) (G1 Evacuation Pause) 375M->327M(1024M) 5.502ms
[2025-03-28T19:33:47.588+0530][gc,cpu      ] GC(246) User=0.01s Sys=0.00s Real=0.01s
[2025-03-28T19:33:56.140+0530][gc,start    ] GC(247) Pause Young (Normal) (G1 Evacuation Pause)
[2025-03-28T19:33:56.141+0530][gc,task     ] GC(247) Using 2 workers of 2 for evacuation
[2025-03-28T19:33:56.156+0530][gc,phases   ] GC(247)   Pre Evacuate Collection Set: 0.3ms
[2025-03-28T19:33:56.156+0530][gc,phases   ] GC(247)   Merge Heap Roots: 0.1ms
[2025-03-28T19:33:56.156+0530][gc,phases   ] GC(247)   Evacuate Collection Set: 6.5ms
[2025-03-28T19:33:56.156+0530][gc,phases   ] GC(247)   Post Evacuate Collection Set: 7.7ms
[2025-03-28T19:33:56.156+0530][gc,phases   ] GC(247)   Other: 1.3ms
[2025-03-28T19:33:56.156+0530][gc,heap     ] GC(247) Eden regions: 48->0(48)
[2025-03-28T19:33:56.156+0530][gc,heap     ] GC(247) Survivor regions: 3->3(7)
[2025-03-28T19:33:56.156+0530][gc,heap     ] GC(247) Old regions: 182->182
[2025-03-28T19:33:56.156+0530][gc,heap     ] GC(247) Archive regions: 2->2
[2025-03-28T19:33:56.156+0530][gc,heap     ] GC(247) Humongous regions: 142->140
[2025-03-28T19:33:56.156+0530][gc,metaspace] GC(247) Metaspace: 50442K(51072K)->50442K(51072K) NonClass: 44727K(45056K)->44727K(45056K) Class: 5715K(6016K)->5715K(6016K)
[2025-03-28T19:33:56.156+0530][gc          ] GC(247) Pause Young (Normal) (G1 Evacuation Pause) 375M->325M(1024M) 16.021ms
[2025-03-28T19:33:56.156+0530][gc,cpu      ] GC(247) User=0.01s Sys=0.01s Real=0.02s
[2025-03-28T19:33:56.400+0530][gc,start    ] GC(248) Pause Young (Normal) (G1 Evacuation Pause)
[2025-03-28T19:33:56.400+0530][gc,task     ] GC(248) Using 2 workers of 2 for evacuation
[2025-03-28T19:33:56.413+0530][gc,phases   ] GC(248)   Pre Evacuate Collection Set: 0.3ms
[2025-03-28T19:33:56.413+0530][gc,phases   ] GC(248)   Merge Heap Roots: 0.2ms
[2025-03-28T19:33:56.413+0530][gc,phases   ] GC(248)   Evacuate Collection Set: 12.0ms
[2025-03-28T19:33:56.413+0530][gc,phases   ] GC(248)   Post Evacuate Collection Set: 0.5ms
[2025-03-28T19:33:56.413+0530][gc,phases   ] GC(248)   Other: 0.3ms
[2025-03-28T19:33:56.414+0530][gc,heap     ] GC(248) Eden regions: 48->0(48)
[2025-03-28T19:33:56.414+0530][gc,heap     ] GC(248) Survivor regions: 3->3(7)
[2025-03-28T19:33:56.414+0530][gc,heap     ] GC(248) Old regions: 182->182
[2025-03-28T19:33:56.414+0530][gc,heap     ] GC(248) Archive regions: 2->2
[2025-03-28T19:33:56.414+0530][gc,heap     ] GC(248) Humongous regions: 142->142
[2025-03-28T19:33:56.414+0530][gc,metaspace] GC(248) Metaspace: 50442K(51072K)->50442K(51072K) NonClass: 44727K(45056K)->44727K(45056K) Class: 5715K(6016K)->5715K(6016K)
[2025-03-28T19:33:56.414+0530][gc          ] GC(248) Pause Young (Normal) (G1 Evacuation Pause) 375M->327M(1024M) 13.304ms
[2025-03-28T19:33:56.414+0530][gc,cpu      ] GC(248) User=0.01s Sys=0.00s Real=0.01s
[2025-03-28T19:33:57.405+0530][gc,start    ] GC(249) Pause Young (Normal) (G1 Evacuation Pause)
[2025-03-28T19:33:57.979+0530][gc,task     ] GC(249) Using 2 workers of 2 for evacuation
[2025-03-28T19:33:57.995+0530][gc,phases   ] GC(249)   Pre Evacuate Collection Set: 0.3ms
[2025-03-28T19:33:57.995+0530][gc,phases   ] GC(249)   Merge Heap Roots: 0.3ms
[2025-03-28T19:33:57.995+0530][gc,phases   ] GC(249)   Evacuate Collection Set: 14.0ms
[2025-03-28T19:33:57.995+0530][gc,phases   ] GC(249)   Post Evacuate Collection Set: 0.8ms
[2025-03-28T19:33:57.995+0530][gc,phases   ] GC(249)   Other: 574.4ms
[2025-03-28T19:33:57.995+0530][gc,heap     ] GC(249) Eden regions: 48->0(49)
[2025-03-28T19:33:57.995+0530][gc,heap     ] GC(249) Survivor regions: 3->2(7)
[2025-03-28T19:33:57.995+0530][gc,heap     ] GC(249) Old regions: 182->182
[2025-03-28T19:33:57.995+0530][gc,heap     ] GC(249) Archive regions: 2->2
[2025-03-28T19:33:57.995+0530][gc,heap     ] GC(249) Humongous regions: 145->140
[2025-03-28T19:33:57.995+0530][gc,metaspace] GC(249) Metaspace: 50443K(51072K)->50443K(51072K) NonClass: 44727K(45056K)->44727K(45056K) Class: 5715K(6016K)->5715K(6016K)
[2025-03-28T19:33:57.995+0530][gc          ] GC(249) Pause Young (Normal) (G1 Evacuation Pause) 378M->324M(1024M) 589.947ms
[2025-03-28T19:33:57.995+0530][gc,cpu      ] GC(249) User=0.02s Sys=0.00s Real=0.58s
[2025-03-28T19:33:58.105+0530][gc,start    ] GC(250) Pause Young (Normal) (G1 Evacuation Pause)
[2025-03-28T19:33:58.105+0530][gc,task     ] GC(250) Using 2 workers of 2 for evacuation
[2025-03-28T19:33:58.406+0530][gc,mmu      ] GC(250) MMU target violated: 21.0ms (20.0ms/21.0ms)
[2025-03-28T19:33:58.406+0530][gc,phases   ] GC(250)   Pre Evacuate Collection Set: 0.3ms
[2025-03-28T19:33:58.406+0530][gc,phases   ] GC(250)   Merge Heap Roots: 0.1ms
[2025-03-28T19:33:58.406+0530][gc,phases   ] GC(250)   Evacuate Collection Set: 300.1ms
[2025-03-28T19:33:58.406+0530][gc,phases   ] GC(250)   Post Evacuate Collection Set: 0.6ms
[2025-03-28T19:33:58.406+0530][gc,phases   ] GC(250)   Other: 0.2ms
[2025-03-28T19:33:58.406+0530][gc,heap     ] GC(250) Eden regions: 49->0(44)
[2025-03-28T19:33:58.406+0530][gc,heap     ] GC(250) Survivor regions: 2->7(7)
[2025-03-28T19:33:58.406+0530][gc,heap     ] GC(250) Old regions: 182->184
[2025-03-28T19:33:58.406+0530][gc,heap     ] GC(250) Archive regions: 2->2
[2025-03-28T19:33:58.406+0530][gc,heap     ] GC(250) Humongous regions: 140->140
[2025-03-28T19:33:58.406+0530][gc,metaspace] GC(250) Metaspace: 50443K(51072K)->50443K(51072K) NonClass: 44728K(45056K)->44728K(45056K) Class: 5715K(6016K)->5715K(6016K)
[2025-03-28T19:33:58.406+0530][gc          ] GC(250) Pause Young (Normal) (G1 Evacuation Pause) 373M->331M(1024M) 301.296ms
[2025-03-28T19:33:58.406+0530][gc,cpu      ] GC(250) User=0.26s Sys=0.00s Real=0.31s
[2025-03-28T19:34:02.397+0530][gc,start    ] GC(251) Pause Young (Normal) (G1 Evacuation Pause)
[2025-03-28T19:34:02.397+0530][gc,task     ] GC(251) Using 2 workers of 2 for evacuation
[2025-03-28T19:34:02.408+0530][gc,phases   ] GC(251)   Pre Evacuate Collection Set: 2.6ms
[2025-03-28T19:34:02.408+0530][gc,phases   ] GC(251)   Merge Heap Roots: 0.1ms
[2025-03-28T19:34:02.408+0530][gc,phases   ] GC(251)   Evacuate Collection Set: 7.4ms
[2025-03-28T19:34:02.408+0530][gc,phases   ] GC(251)   Post Evacuate Collection Set: 0.5ms
[2025-03-28T19:34:02.408+0530][gc,phases   ] GC(251)   Other: 0.1ms
[2025-03-28T19:34:02.408+0530][gc,heap     ] GC(251) Eden regions: 44->0(50)
[2025-03-28T19:34:02.408+0530][gc,heap     ] GC(251) Survivor regions: 7->1(7)
[2025-03-28T19:34:02.408+0530][gc,heap     ] GC(251) Old regions: 184->190
[2025-03-28T19:34:02.408+0530][gc,heap     ] GC(251) Archive regions: 2->2
[2025-03-28T19:34:02.408+0530][gc,heap     ] GC(251) Humongous regions: 142->140
[2025-03-28T19:34:02.408+0530][gc,metaspace] GC(251) Metaspace: 50446K(51072K)->50446K(51072K) NonClass: 44730K(45056K)->44730K(45056K) Class: 5715K(6016K)->5715K(6016K)
[2025-03-28T19:34:02.408+0530][gc          ] GC(251) Pause Young (Normal) (G1 Evacuation Pause) 377M->331M(1024M) 10.886ms
[2025-03-28T19:34:02.408+0530][gc,cpu      ] GC(251) User=0.02s Sys=0.00s Real=0.01s
[2025-03-28T19:34:06.191+0530][gc,start    ] GC(252) Pause Young (Normal) (G1 Evacuation Pause)
[2025-03-28T19:34:06.191+0530][gc,task     ] GC(252) Using 2 workers of 2 for evacuation
[2025-03-28T19:34:06.204+0530][gc,phases   ] GC(252)   Pre Evacuate Collection Set: 0.2ms
[2025-03-28T19:34:06.204+0530][gc,phases   ] GC(252)   Merge Heap Roots: 0.1ms
[2025-03-28T19:34:06.204+0530][gc,phases   ] GC(252)   Evacuate Collection Set: 12.4ms
[2025-03-28T19:34:06.204+0530][gc,phases   ] GC(252)   Post Evacuate Collection Set: 0.4ms
[2025-03-28T19:34:06.204+0530][gc,phases   ] GC(252)   Other: 0.1ms
[2025-03-28T19:34:06.204+0530][gc,heap     ] GC(252) Eden regions: 50->0(44)
[2025-03-28T19:34:06.204+0530][gc,heap     ] GC(252) Survivor regions: 1->7(7)
[2025-03-28T19:34:06.204+0530][gc,heap     ] GC(252) Old regions: 190->190
[2025-03-28T19:34:06.204+0530][gc,heap     ] GC(252) Archive regions: 2->2
[2025-03-28T19:34:06.204+0530][gc,heap     ] GC(252) Humongous regions: 140->140
[2025-03-28T19:34:06.204+0530][gc,metaspace] GC(252) Metaspace: 50446K(51072K)->50446K(51072K) NonClass: 44730K(45056K)->44730K(45056K) Class: 5715K(6016K)->5715K(6016K)
[2025-03-28T19:34:06.204+0530][gc          ] GC(252) Pause Young (Normal) (G1 Evacuation Pause) 381M->337M(1024M) 13.364ms
[2025-03-28T19:34:06.204+0530][gc,cpu      ] GC(252) User=0.01s Sys=0.00s Real=0.02s
[2025-03-28T19:34:06.319+0530][gc,start    ] GC(253) Pause Young (Normal) (G1 Evacuation Pause)
[2025-03-28T19:34:06.319+0530][gc,task     ] GC(253) Using 2 workers of 2 for evacuation
[2025-03-28T19:34:06.328+0530][gc,phases   ] GC(253)   Pre Evacuate Collection Set: 0.2ms
[2025-03-28T19:34:06.328+0530][gc,phases   ] GC(253)   Merge Heap Roots: 0.0ms
[2025-03-28T19:34:06.328+0530][gc,phases   ] GC(253)   Evacuate Collection Set: 9.0ms
[2025-03-28T19:34:06.328+0530][gc,phases   ] GC(253)   Post Evacuate Collection Set: 0.4ms
[2025-03-28T19:34:06.328+0530][gc,phases   ] GC(253)   Other: 0.1ms
[2025-03-28T19:34:06.328+0530][gc,heap     ] GC(253) Eden regions: 44->0(49)
[2025-03-28T19:34:06.328+0530][gc,heap     ] GC(253) Survivor regions: 7->2(7)
[2025-03-28T19:34:06.328+0530][gc,heap     ] GC(253) Old regions: 190->192
[2025-03-28T19:34:06.328+0530][gc,heap     ] GC(253) Archive regions: 2->2
[2025-03-28T19:34:06.328+0530][gc,heap     ] GC(253) Humongous regions: 142->142
[2025-03-28T19:34:06.328+0530][gc,metaspace] GC(253) Metaspace: 50446K(51072K)->50446K(51072K) NonClass: 44730K(45056K)->44730K(45056K) Class: 5715K(6016K)->5715K(6016K)
[2025-03-28T19:34:06.328+0530][gc          ] GC(253) Pause Young (Normal) (G1 Evacuation Pause) 383M->336M(1024M) 9.848ms
[2025-03-28T19:34:06.328+0530][gc,cpu      ] GC(253) User=0.01s Sys=0.00s Real=0.01s
[2025-03-28T19:34:07.506+0530][gc,start    ] GC(254) Pause Young (Normal) (G1 Evacuation Pause)
[2025-03-28T19:34:07.506+0530][gc,task     ] GC(254) Using 2 workers of 2 for evacuation
[2025-03-28T19:34:07.514+0530][gc,phases   ] GC(254)   Pre Evacuate Collection Set: 0.2ms
[2025-03-28T19:34:07.514+0530][gc,phases   ] GC(254)   Merge Heap Roots: 0.1ms
[2025-03-28T19:34:07.514+0530][gc,phases   ] GC(254)   Evacuate Collection Set: 6.8ms
[2025-03-28T19:34:07.514+0530][gc,phases   ] GC(254)   Post Evacuate Collection Set: 0.8ms
[2025-03-28T19:34:07.514+0530][gc,phases   ] GC(254)   Other: 0.1ms
[2025-03-28T19:34:07.514+0530][gc,heap     ] GC(254) Eden regions: 49->0(45)
[2025-03-28T19:34:07.514+0530][gc,heap     ] GC(254) Survivor regions: 2->6(7)
[2025-03-28T19:34:07.514+0530][gc,heap     ] GC(254) Old regions: 192->192
[2025-03-28T19:34:07.514+0530][gc,heap     ] GC(254) Archive regions: 2->2
[2025-03-28T19:34:07.514+0530][gc,heap     ] GC(254) Humongous regions: 142->140
[2025-03-28T19:34:07.514+0530][gc,metaspace] GC(254) Metaspace: 50452K(51072K)->50452K(51072K) NonClass: 44736K(45056K)->44736K(45056K) Class: 5715K(6016K)->5715K(6016K)
[2025-03-28T19:34:07.514+0530][gc          ] GC(254) Pause Young (Normal) (G1 Evacuation Pause) 385M->338M(1024M) 8.145ms
[2025-03-28T19:34:07.514+0530][gc,cpu      ] GC(254) User=0.02s Sys=0.00s Real=0.00s
[2025-03-28T19:34:07.602+0530][gc,start    ] GC(255) Pause Young (Normal) (G1 Evacuation Pause)
[2025-03-28T19:34:07.603+0530][gc,task     ] GC(255) Using 2 workers of 2 for evacuation
[2025-03-28T19:34:07.608+0530][gc,phases   ] GC(255)   Pre Evacuate Collection Set: 0.1ms
[2025-03-28T19:34:07.608+0530][gc,phases   ] GC(255)   Merge Heap Roots: 0.1ms
[2025-03-28T19:34:07.608+0530][gc,phases   ] GC(255)   Evacuate Collection Set: 4.7ms
[2025-03-28T19:34:07.608+0530][gc,phases   ] GC(255)   Post Evacuate Collection Set: 0.9ms
[2025-03-28T19:34:07.608+0530][gc,phases   ] GC(255)   Other: 0.1ms
[2025-03-28T19:34:07.609+0530][gc,heap     ] GC(255) Eden regions: 45->0(49)
[2025-03-28T19:34:07.609+0530][gc,heap     ] GC(255) Survivor regions: 6->2(7)
[2025-03-28T19:34:07.609+0530][gc,heap     ] GC(255) Old regions: 192->193
[2025-03-28T19:34:07.609+0530][gc,heap     ] GC(255) Archive regions: 2->2
[2025-03-28T19:34:07.609+0530][gc,heap     ] GC(255) Humongous regions: 142->142
[2025-03-28T19:34:07.609+0530][gc,metaspace] GC(255) Metaspace: 50452K(51072K)->50452K(51072K) NonClass: 44737K(45056K)->44737K(45056K) Class: 5715K(6016K)->5715K(6016K)
[2025-03-28T19:34:07.609+0530][gc          ] GC(255) Pause Young (Normal) (G1 Evacuation Pause) 385M->337M(1024M) 6.093ms
[2025-03-28T19:34:07.609+0530][gc,cpu      ] GC(255) User=0.01s Sys=0.00s Real=0.01s
[2025-03-28T19:34:16.436+0530][gc,start    ] GC(256) Pause Young (Normal) (G1 Evacuation Pause)
[2025-03-28T19:34:16.437+0530][gc,task     ] GC(256) Using 2 workers of 2 for evacuation
[2025-03-28T19:34:16.452+0530][gc,phases   ] GC(256)   Pre Evacuate Collection Set: 0.3ms
[2025-03-28T19:34:16.452+0530][gc,phases   ] GC(256)   Merge Heap Roots: 0.1ms
[2025-03-28T19:34:16.452+0530][gc,phases   ] GC(256)   Evacuate Collection Set: 6.0ms
[2025-03-28T19:34:16.452+0530][gc,phases   ] GC(256)   Post Evacuate Collection Set: 8.4ms
[2025-03-28T19:34:16.452+0530][gc,phases   ] GC(256)   Other: 0.2ms
[2025-03-28T19:34:16.452+0530][gc,heap     ] GC(256) Eden regions: 49->0(46)
[2025-03-28T19:34:16.452+0530][gc,heap     ] GC(256) Survivor regions: 2->5(7)
[2025-03-28T19:34:16.452+0530][gc,heap     ] GC(256) Old regions: 193->193
[2025-03-28T19:34:16.452+0530][gc,heap     ] GC(256) Archive regions: 2->2
[2025-03-28T19:34:16.452+0530][gc,heap     ] GC(256) Humongous regions: 142->140
[2025-03-28T19:34:16.452+0530][gc,metaspace] GC(256) Metaspace: 50453K(51072K)->50453K(51072K) NonClass: 44738K(45056K)->44738K(45056K) Class: 5715K(6016K)->5715K(6016K)
[2025-03-28T19:34:16.452+0530][gc          ] GC(256) Pause Young (Normal) (G1 Evacuation Pause) 386M->338M(1024M) 15.325ms
[2025-03-28T19:34:16.452+0530][gc,cpu      ] GC(256) User=0.01s Sys=0.00s Real=0.01s
[2025-03-28T19:34:16.545+0530][gc,start    ] GC(257) Pause Young (Normal) (G1 Evacuation Pause)
[2025-03-28T19:34:16.545+0530][gc,task     ] GC(257) Using 2 workers of 2 for evacuation
[2025-03-28T19:34:16.574+0530][gc,mmu      ] GC(257) MMU target violated: 21.0ms (20.0ms/21.0ms)
[2025-03-28T19:34:16.574+0530][gc,phases   ] GC(257)   Pre Evacuate Collection Set: 0.4ms
[2025-03-28T19:34:16.574+0530][gc,phases   ] GC(257)   Merge Heap Roots: 0.1ms
[2025-03-28T19:34:16.574+0530][gc,phases   ] GC(257)   Evacuate Collection Set: 28.5ms
[2025-03-28T19:34:16.574+0530][gc,phases   ] GC(257)   Post Evacuate Collection Set: 0.4ms
[2025-03-28T19:34:16.574+0530][gc,phases   ] GC(257)   Other: 0.2ms
[2025-03-28T19:34:16.574+0530][gc,heap     ] GC(257) Eden regions: 46->0(49)
[2025-03-28T19:34:16.574+0530][gc,heap     ] GC(257) Survivor regions: 5->2(7)
[2025-03-28T19:34:16.574+0530][gc,heap     ] GC(257) Old regions: 193->194
[2025-03-28T19:34:16.574+0530][gc,heap     ] GC(257) Archive regions: 2->2
[2025-03-28T19:34:16.574+0530][gc,heap     ] GC(257) Humongous regions: 142->142
[2025-03-28T19:34:16.574+0530][gc,metaspace] GC(257) Metaspace: 50453K(51072K)->50453K(51072K) NonClass: 44738K(45056K)->44738K(45056K) Class: 5715K(6016K)->5715K(6016K)
[2025-03-28T19:34:16.574+0530][gc          ] GC(257) Pause Young (Normal) (G1 Evacuation Pause) 386M->338M(1024M) 29.644ms
[2025-03-28T19:34:16.574+0530][gc,cpu      ] GC(257) User=0.03s Sys=0.00s Real=0.03s
[2025-03-28T19:34:17.457+0530][gc,start    ] GC(258) Pause Young (Normal) (G1 Evacuation Pause)
[2025-03-28T19:34:17.457+0530][gc,task     ] GC(258) Using 2 workers of 2 for evacuation
[2025-03-28T19:34:17.469+0530][gc,phases   ] GC(258)   Pre Evacuate Collection Set: 0.2ms
[2025-03-28T19:34:17.469+0530][gc,phases   ] GC(258)   Merge Heap Roots: 0.1ms
[2025-03-28T19:34:17.469+0530][gc,phases   ] GC(258)   Evacuate Collection Set: 11.4ms
[2025-03-28T19:34:17.469+0530][gc,phases   ] GC(258)   Post Evacuate Collection Set: 0.4ms
[2025-03-28T19:34:17.469+0530][gc,phases   ] GC(258)   Other: 0.1ms
[2025-03-28T19:34:17.469+0530][gc,heap     ] GC(258) Eden regions: 49->0(47)
[2025-03-28T19:34:17.469+0530][gc,heap     ] GC(258) Survivor regions: 2->4(7)
[2025-03-28T19:34:17.469+0530][gc,heap     ] GC(258) Old regions: 194->194
[2025-03-28T19:34:17.469+0530][gc,heap     ] GC(258) Archive regions: 2->2
[2025-03-28T19:34:17.469+0530][gc,heap     ] GC(258) Humongous regions: 142->140
[2025-03-28T19:34:17.469+0530][gc,metaspace] GC(258) Metaspace: 50455K(51072K)->50455K(51072K) NonClass: 44740K(45056K)->44740K(45056K) Class: 5715K(6016K)->5715K(6016K)
[2025-03-28T19:34:17.469+0530][gc          ] GC(258) Pause Young (Normal) (G1 Evacuation Pause) 387M->338M(1024M) 12.231ms
[2025-03-28T19:34:17.469+0530][gc,cpu      ] GC(258) User=0.01s Sys=0.00s Real=0.02s
[2025-03-28T19:34:17.585+0530][gc,start    ] GC(259) Pause Young (Normal) (G1 Evacuation Pause)
[2025-03-28T19:34:17.585+0530][gc,task     ] GC(259) Using 2 workers of 2 for evacuation
[2025-03-28T19:34:17.603+0530][gc,phases   ] GC(259)   Pre Evacuate Collection Set: 0.2ms
[2025-03-28T19:34:17.603+0530][gc,phases   ] GC(259)   Merge Heap Roots: 2.5ms
[2025-03-28T19:34:17.603+0530][gc,phases   ] GC(259)   Evacuate Collection Set: 14.3ms
[2025-03-28T19:34:17.603+0530][gc,phases   ] GC(259)   Post Evacuate Collection Set: 1.3ms
[2025-03-28T19:34:17.603+0530][gc,phases   ] GC(259)   Other: 0.1ms
[2025-03-28T19:34:17.603+0530][gc,heap     ] GC(259) Eden regions: 47->0(49)
[2025-03-28T19:34:17.603+0530][gc,heap     ] GC(259) Survivor regions: 4->2(7)
[2025-03-28T19:34:17.603+0530][gc,heap     ] GC(259) Old regions: 194->195
[2025-03-28T19:34:17.603+0530][gc,heap     ] GC(259) Archive regions: 2->2
[2025-03-28T19:34:17.603+0530][gc,heap     ] GC(259) Humongous regions: 142->142
[2025-03-28T19:34:17.603+0530][gc,metaspace] GC(259) Metaspace: 50460K(51072K)->50460K(51072K) NonClass: 44744K(45056K)->44744K(45056K) Class: 5715K(6016K)->5715K(6016K)
[2025-03-28T19:34:17.603+0530][gc          ] GC(259) Pause Young (Normal) (G1 Evacuation Pause) 387M->338M(1024M) 18.653ms
[2025-03-28T19:34:17.603+0530][gc,cpu      ] GC(259) User=0.01s Sys=0.00s Real=0.02s
[2025-03-28T19:34:26.218+0530][gc,start    ] GC(260) Pause Young (Normal) (G1 Evacuation Pause)
[2025-03-28T19:34:26.218+0530][gc,task     ] GC(260) Using 2 workers of 2 for evacuation
[2025-03-28T19:34:26.229+0530][gc,phases   ] GC(260)   Pre Evacuate Collection Set: 0.3ms
[2025-03-28T19:34:26.229+0530][gc,phases   ] GC(260)   Merge Heap Roots: 0.1ms
[2025-03-28T19:34:26.229+0530][gc,phases   ] GC(260)   Evacuate Collection Set: 4.6ms
[2025-03-28T19:34:26.229+0530][gc,phases   ] GC(260)   Post Evacuate Collection Set: 6.0ms
[2025-03-28T19:34:26.229+0530][gc,phases   ] GC(260)   Other: 0.1ms
[2025-03-28T19:34:26.229+0530][gc,heap     ] GC(260) Eden regions: 49->0(47)
[2025-03-28T19:34:26.229+0530][gc,heap     ] GC(260) Survivor regions: 2->4(7)
[2025-03-28T19:34:26.229+0530][gc,heap     ] GC(260) Old regions: 195->195
[2025-03-28T19:34:26.229+0530][gc,heap     ] GC(260) Archive regions: 2->2
[2025-03-28T19:34:26.229+0530][gc,heap     ] GC(260) Humongous regions: 142->140
[2025-03-28T19:34:26.229+0530][gc,metaspace] GC(260) Metaspace: 50467K(51136K)->50467K(51136K) NonClass: 44752K(45120K)->44752K(45120K) Class: 5715K(6016K)->5715K(6016K)
[2025-03-28T19:34:26.229+0530][gc          ] GC(260) Pause Young (Normal) (G1 Evacuation Pause) 387M->338M(1024M) 11.121ms
[2025-03-28T19:34:26.229+0530][gc,cpu      ] GC(260) User=0.01s Sys=0.00s Real=0.01s
[2025-03-28T19:34:26.328+0530][gc,start    ] GC(261) Pause Young (Normal) (G1 Evacuation Pause)
[2025-03-28T19:34:26.328+0530][gc,task     ] GC(261) Using 2 workers of 2 for evacuation
[2025-03-28T19:34:26.334+0530][gc,phases   ] GC(261)   Pre Evacuate Collection Set: 0.2ms
[2025-03-28T19:34:26.334+0530][gc,phases   ] GC(261)   Merge Heap Roots: 0.1ms
[2025-03-28T19:34:26.334+0530][gc,phases   ] GC(261)   Evacuate Collection Set: 4.7ms
[2025-03-28T19:34:26.334+0530][gc,phases   ] GC(261)   Post Evacuate Collection Set: 0.4ms
[2025-03-28T19:34:26.334+0530][gc,phases   ] GC(261)   Other: 0.2ms
[2025-03-28T19:34:26.334+0530][gc,heap     ] GC(261) Eden regions: 47->0(93)
[2025-03-28T19:34:26.334+0530][gc,heap     ] GC(261) Survivor regions: 4->3(7)
[2025-03-28T19:34:26.334+0530][gc,heap     ] GC(261) Old regions: 195->195
[2025-03-28T19:34:26.334+0530][gc,heap     ] GC(261) Archive regions: 2->2
[2025-03-28T19:34:26.334+0530][gc,heap     ] GC(261) Humongous regions: 142->142
[2025-03-28T19:34:26.334+0530][gc,metaspace] GC(261) Metaspace: 50467K(51136K)->50467K(51136K) NonClass: 44752K(45120K)->44752K(45120K) Class: 5715K(6016K)->5715K(6016K)
[2025-03-28T19:34:26.334+0530][gc          ] GC(261) Pause Young (Normal) (G1 Evacuation Pause) 387M->339M(1024M) 5.651ms
[2025-03-28T19:34:26.334+0530][gc,cpu      ] GC(261) User=0.01s Sys=0.01s Real=0.00s
[2025-03-28T19:34:27.535+0530][gc,start    ] GC(262) Pause Young (Normal) (G1 Evacuation Pause)
[2025-03-28T19:34:27.535+0530][gc,task     ] GC(262) Using 2 workers of 2 for evacuation
[2025-03-28T19:34:27.543+0530][gc,phases   ] GC(262)   Pre Evacuate Collection Set: 0.2ms
[2025-03-28T19:34:27.543+0530][gc,phases   ] GC(262)   Merge Heap Roots: 0.1ms
[2025-03-28T19:34:27.543+0530][gc,phases   ] GC(262)   Evacuate Collection Set: 6.8ms
[2025-03-28T19:34:27.543+0530][gc,phases   ] GC(262)   Post Evacuate Collection Set: 0.5ms
[2025-03-28T19:34:27.543+0530][gc,phases   ] GC(262)   Other: 0.1ms
[2025-03-28T19:34:27.543+0530][gc,heap     ] GC(262) Eden regions: 93->0(155)
[2025-03-28T19:34:27.543+0530][gc,heap     ] GC(262) Survivor regions: 3->3(12)
[2025-03-28T19:34:27.543+0530][gc,heap     ] GC(262) Old regions: 195->195
[2025-03-28T19:34:27.543+0530][gc,heap     ] GC(262) Archive regions: 2->2
[2025-03-28T19:34:27.543+0530][gc,heap     ] GC(262) Humongous regions: 144->142
[2025-03-28T19:34:27.543+0530][gc,metaspace] GC(262) Metaspace: 50467K(51136K)->50467K(51136K) NonClass: 44752K(45120K)->44752K(45120K) Class: 5715K(6016K)->5715K(6016K)
[2025-03-28T19:34:27.543+0530][gc          ] GC(262) Pause Young (Normal) (G1 Evacuation Pause) 434M->339M(1024M) 7.864ms
[2025-03-28T19:34:27.543+0530][gc,cpu      ] GC(262) User=0.01s Sys=0.00s Real=0.01s
[2025-03-28T19:34:37.422+0530][gc,start    ] GC(263) Pause Young (Normal) (G1 Evacuation Pause)
[2025-03-28T19:34:37.422+0530][gc,task     ] GC(263) Using 2 workers of 2 for evacuation
[2025-03-28T19:34:37.427+0530][gc,phases   ] GC(263)   Pre Evacuate Collection Set: 0.3ms
[2025-03-28T19:34:37.427+0530][gc,phases   ] GC(263)   Merge Heap Roots: 0.1ms
[2025-03-28T19:34:37.427+0530][gc,phases   ] GC(263)   Evacuate Collection Set: 3.5ms
[2025-03-28T19:34:37.427+0530][gc,phases   ] GC(263)   Post Evacuate Collection Set: 1.3ms
[2025-03-28T19:34:37.427+0530][gc,phases   ] GC(263)   Other: 0.1ms
[2025-03-28T19:34:37.427+0530][gc,heap     ] GC(263) Eden regions: 155->0(270)
[2025-03-28T19:34:37.427+0530][gc,heap     ] GC(263) Survivor regions: 3->3(20)
[2025-03-28T19:34:37.427+0530][gc,heap     ] GC(263) Old regions: 195->195
[2025-03-28T19:34:37.427+0530][gc,heap     ] GC(263) Archive regions: 2->2
[2025-03-28T19:34:37.427+0530][gc,heap     ] GC(263) Humongous regions: 144->140
[2025-03-28T19:34:37.427+0530][gc,metaspace] GC(263) Metaspace: 50483K(51136K)->50483K(51136K) NonClass: 44768K(45120K)->44768K(45120K) Class: 5715K(6016K)->5715K(6016K)
[2025-03-28T19:34:37.427+0530][gc          ] GC(263) Pause Young (Normal) (G1 Evacuation Pause) 496M->337M(1024M) 5.353ms
[2025-03-28T19:34:37.427+0530][gc,cpu      ] GC(263) User=0.00s Sys=0.00s Real=0.01s
[2025-03-28T19:34:47.600+0530][gc,start    ] GC(264) Pause Young (Normal) (G1 Evacuation Pause)
[2025-03-28T19:34:47.600+0530][gc,task     ] GC(264) Using 2 workers of 2 for evacuation
[2025-03-28T19:34:47.607+0530][gc,phases   ] GC(264)   Pre Evacuate Collection Set: 0.2ms
[2025-03-28T19:34:47.607+0530][gc,phases   ] GC(264)   Merge Heap Roots: 0.2ms
[2025-03-28T19:34:47.607+0530][gc,phases   ] GC(264)   Evacuate Collection Set: 5.3ms
[2025-03-28T19:34:47.607+0530][gc,phases   ] GC(264)   Post Evacuate Collection Set: 0.7ms
[2025-03-28T19:34:47.607+0530][gc,phases   ] GC(264)   Other: 0.2ms
[2025-03-28T19:34:47.607+0530][gc,heap     ] GC(264) Eden regions: 270->0(383)
[2025-03-28T19:34:47.607+0530][gc,heap     ] GC(264) Survivor regions: 3->3(35)
[2025-03-28T19:34:47.607+0530][gc,heap     ] GC(264) Old regions: 195->195
[2025-03-28T19:34:47.607+0530][gc,heap     ] GC(264) Archive regions: 2->2
[2025-03-28T19:34:47.607+0530][gc,heap     ] GC(264) Humongous regions: 146->142
[2025-03-28T19:34:47.607+0530][gc,metaspace] GC(264) Metaspace: 50510K(51136K)->50510K(51136K) NonClass: 44794K(45120K)->44794K(45120K) Class: 5715K(6016K)->5715K(6016K)
[2025-03-28T19:34:47.607+0530][gc          ] GC(264) Pause Young (Normal) (G1 Evacuation Pause) 613M->339M(1024M) 6.652ms
[2025-03-28T19:34:47.607+0530][gc,cpu      ] GC(264) User=0.01s Sys=0.00s Real=0.01s
[2025-03-28T19:35:07.675+0530][gc,start    ] GC(265) Pause Young (Normal) (G1 Evacuation Pause)
[2025-03-28T19:35:07.675+0530][gc,task     ] GC(265) Using 2 workers of 2 for evacuation
[2025-03-28T19:35:07.705+0530][gc,mmu      ] GC(265) MMU target violated: 21.0ms (20.0ms/21.0ms)
[2025-03-28T19:35:07.705+0530][gc,phases   ] GC(265)   Pre Evacuate Collection Set: 0.2ms
[2025-03-28T19:35:07.705+0530][gc,phases   ] GC(265)   Merge Heap Roots: 0.1ms
[2025-03-28T19:35:07.705+0530][gc,phases   ] GC(265)   Evacuate Collection Set: 16.1ms
[2025-03-28T19:35:07.705+0530][gc,phases   ] GC(265)   Post Evacuate Collection Set: 13.1ms
[2025-03-28T19:35:07.705+0530][gc,phases   ] GC(265)   Other: 0.2ms
[2025-03-28T19:35:07.705+0530][gc,heap     ] GC(265) Eden regions: 383->0(47)
[2025-03-28T19:35:07.705+0530][gc,heap     ] GC(265) Survivor regions: 3->9(49)
[2025-03-28T19:35:07.705+0530][gc,heap     ] GC(265) Old regions: 195->195
[2025-03-28T19:35:07.705+0530][gc,heap     ] GC(265) Archive regions: 2->2
[2025-03-28T19:35:07.705+0530][gc,heap     ] GC(265) Humongous regions: 148->140
[2025-03-28T19:35:07.705+0530][gc,metaspace] GC(265) Metaspace: 50533K(51200K)->50533K(51200K) NonClass: 44817K(45184K)->44817K(45184K) Class: 5715K(6016K)->5715K(6016K)
[2025-03-28T19:35:07.705+0530][gc          ] GC(265) Pause Young (Normal) (G1 Evacuation Pause) 728M->343M(1024M) 29.815ms
[2025-03-28T19:35:07.705+0530][gc,cpu      ] GC(265) User=0.02s Sys=0.00s Real=0.03s
[2025-03-28T19:35:12.650+0530][gc,start    ] GC(266) Pause Young (Normal) (G1 Evacuation Pause)
[2025-03-28T19:35:12.650+0530][gc,task     ] GC(266) Using 2 workers of 2 for evacuation
[2025-03-28T19:35:12.683+0530][gc,mmu      ] GC(266) MMU target violated: 21.0ms (20.0ms/21.0ms)
[2025-03-28T19:35:12.683+0530][gc,phases   ] GC(266)   Pre Evacuate Collection Set: 0.2ms
[2025-03-28T19:35:12.683+0530][gc,phases   ] GC(266)   Merge Heap Roots: 0.2ms
[2025-03-28T19:35:12.683+0530][gc,phases   ] GC(266)   Evacuate Collection Set: 27.4ms
[2025-03-28T19:35:12.683+0530][gc,phases   ] GC(266)   Post Evacuate Collection Set: 5.1ms
[2025-03-28T19:35:12.683+0530][gc,phases   ] GC(266)   Other: 0.2ms
[2025-03-28T19:35:12.683+0530][gc,heap     ] GC(266) Eden regions: 47->0(49)
[2025-03-28T19:35:12.683+0530][gc,heap     ] GC(266) Survivor regions: 9->2(7)
[2025-03-28T19:35:12.683+0530][gc,heap     ] GC(266) Old regions: 195->195
[2025-03-28T19:35:12.683+0530][gc,heap     ] GC(266) Archive regions: 2->2
[2025-03-28T19:35:12.683+0530][gc,heap     ] GC(266) Humongous regions: 142->140
[2025-03-28T19:35:12.683+0530][gc,metaspace] GC(266) Metaspace: 50536K(51200K)->50536K(51200K) NonClass: 44821K(45184K)->44821K(45184K) Class: 5715K(6016K)->5715K(6016K)
[2025-03-28T19:35:12.683+0530][gc          ] GC(266) Pause Young (Normal) (G1 Evacuation Pause) 392M->336M(1024M) 33.185ms
[2025-03-28T19:35:12.683+0530][gc,cpu      ] GC(266) User=0.02s Sys=0.00s Real=0.03s
[2025-03-28T19:35:16.559+0530][gc,start    ] GC(267) Pause Young (Normal) (G1 Evacuation Pause)
[2025-03-28T19:35:16.559+0530][gc,task     ] GC(267) Using 2 workers of 2 for evacuation
[2025-03-28T19:35:16.572+0530][gc,phases   ] GC(267)   Pre Evacuate Collection Set: 0.2ms
[2025-03-28T19:35:16.572+0530][gc,phases   ] GC(267)   Merge Heap Roots: 0.1ms
[2025-03-28T19:35:16.572+0530][gc,phases   ] GC(267)   Evacuate Collection Set: 11.9ms
[2025-03-28T19:35:16.572+0530][gc,phases   ] GC(267)   Post Evacuate Collection Set: 0.4ms
[2025-03-28T19:35:16.572+0530][gc,phases   ] GC(267)   Other: 0.2ms
[2025-03-28T19:35:16.572+0530][gc,heap     ] GC(267) Eden regions: 49->0(44)
[2025-03-28T19:35:16.572+0530][gc,heap     ] GC(267) Survivor regions: 2->7(7)
[2025-03-28T19:35:16.572+0530][gc,heap     ] GC(267) Old regions: 195->195
[2025-03-28T19:35:16.572+0530][gc,heap     ] GC(267) Archive regions: 2->2
[2025-03-28T19:35:16.572+0530][gc,heap     ] GC(267) Humongous regions: 140->140
[2025-03-28T19:35:16.572+0530][gc,metaspace] GC(267) Metaspace: 50537K(51200K)->50537K(51200K) NonClass: 44822K(45184K)->44822K(45184K) Class: 5715K(6016K)->5715K(6016K)
[2025-03-28T19:35:16.572+0530][gc          ] GC(267) Pause Young (Normal) (G1 Evacuation Pause) 385M->342M(1024M) 12.871ms
[2025-03-28T19:35:16.572+0530][gc,cpu      ] GC(267) User=0.02s Sys=0.01s Real=0.02s
[2025-03-28T19:35:16.669+0530][gc,start    ] GC(268) Pause Young (Normal) (G1 Evacuation Pause)
[2025-03-28T19:35:16.669+0530][gc,task     ] GC(268) Using 2 workers of 2 for evacuation
[2025-03-28T19:35:16.690+0530][gc,mmu      ] GC(268) MMU target violated: 20.5ms (20.0ms/21.0ms)
[2025-03-28T19:35:16.690+0530][gc,phases   ] GC(268)   Pre Evacuate Collection Set: 0.2ms
[2025-03-28T19:35:16.690+0530][gc,phases   ] GC(268)   Merge Heap Roots: 0.1ms
[2025-03-28T19:35:16.690+0530][gc,phases   ] GC(268)   Evacuate Collection Set: 19.5ms
[2025-03-28T19:35:16.690+0530][gc,phases   ] GC(268)   Post Evacuate Collection Set: 0.8ms
[2025-03-28T19:35:16.690+0530][gc,phases   ] GC(268)   Other: 0.2ms
[2025-03-28T19:35:16.690+0530][gc,heap     ] GC(268) Eden regions: 44->0(49)
[2025-03-28T19:35:16.690+0530][gc,heap     ] GC(268) Survivor regions: 7->2(7)
[2025-03-28T19:35:16.690+0530][gc,heap     ] GC(268) Old regions: 195->196
[2025-03-28T19:35:16.690+0530][gc,heap     ] GC(268) Archive regions: 2->2
[2025-03-28T19:35:16.690+0530][gc,heap     ] GC(268) Humongous regions: 142->142
[2025-03-28T19:35:16.690+0530][gc,metaspace] GC(268) Metaspace: 50537K(51200K)->50537K(51200K) NonClass: 44822K(45184K)->44822K(45184K) Class: 5715K(6016K)->5715K(6016K)
[2025-03-28T19:35:16.690+0530][gc          ] GC(268) Pause Young (Normal) (G1 Evacuation Pause) 388M->340M(1024M) 20.788ms
[2025-03-28T19:35:16.690+0530][gc,cpu      ] GC(268) User=0.02s Sys=0.00s Real=0.02s
[2025-03-28T19:35:17.473+0530][gc,start    ] GC(269) Pause Young (Normal) (G1 Evacuation Pause)
[2025-03-28T19:35:17.473+0530][gc,task     ] GC(269) Using 2 workers of 2 for evacuation
[2025-03-28T19:35:17.489+0530][gc,phases   ] GC(269)   Pre Evacuate Collection Set: 0.2ms
[2025-03-28T19:35:17.489+0530][gc,phases   ] GC(269)   Merge Heap Roots: 0.1ms
[2025-03-28T19:35:17.489+0530][gc,phases   ] GC(269)   Evacuate Collection Set: 12.4ms
[2025-03-28T19:35:17.489+0530][gc,phases   ] GC(269)   Post Evacuate Collection Set: 3.0ms
[2025-03-28T19:35:17.489+0530][gc,phases   ] GC(269)   Other: 0.1ms
[2025-03-28T19:35:17.489+0530][gc,heap     ] GC(269) Eden regions: 49->0(45)
[2025-03-28T19:35:17.489+0530][gc,heap     ] GC(269) Survivor regions: 2->6(7)
[2025-03-28T19:35:17.489+0530][gc,heap     ] GC(269) Old regions: 196->196
[2025-03-28T19:35:17.489+0530][gc,heap     ] GC(269) Archive regions: 2->2
[2025-03-28T19:35:17.489+0530][gc,heap     ] GC(269) Humongous regions: 142->140
[2025-03-28T19:35:17.489+0530][gc,metaspace] GC(269) Metaspace: 50555K(51200K)->50555K(51200K) NonClass: 44840K(45184K)->44840K(45184K) Class: 5715K(6016K)->5715K(6016K)
[2025-03-28T19:35:17.489+0530][gc          ] GC(269) Pause Young (Normal) (G1 Evacuation Pause) 389M->342M(1024M) 15.882ms
[2025-03-28T19:35:17.489+0530][gc,cpu      ] GC(269) User=0.01s Sys=0.00s Real=0.02s
[2025-03-28T19:35:17.655+0530][gc,start    ] GC(270) Pause Young (Normal) (G1 Evacuation Pause)
[2025-03-28T19:35:17.655+0530][gc,task     ] GC(270) Using 2 workers of 2 for evacuation
[2025-03-28T19:35:17.685+0530][gc,mmu      ] GC(270) MMU target violated: 21.0ms (20.0ms/21.0ms)
[2025-03-28T19:35:17.685+0530][gc,phases   ] GC(270)   Pre Evacuate Collection Set: 3.3ms
[2025-03-28T19:35:17.685+0530][gc,phases   ] GC(270)   Merge Heap Roots: 0.1ms
[2025-03-28T19:35:17.685+0530][gc,phases   ] GC(270)   Evacuate Collection Set: 26.0ms
[2025-03-28T19:35:17.685+0530][gc,phases   ] GC(270)   Post Evacuate Collection Set: 0.7ms
[2025-03-28T19:35:17.685+0530][gc,phases   ] GC(270)   Other: 0.3ms
[2025-03-28T19:35:17.685+0530][gc,heap     ] GC(270) Eden regions: 45->0(49)
[2025-03-28T19:35:17.685+0530][gc,heap     ] GC(270) Survivor regions: 6->2(7)
[2025-03-28T19:35:17.685+0530][gc,heap     ] GC(270) Old regions: 196->197
[2025-03-28T19:35:17.685+0530][gc,heap     ] GC(270) Archive regions: 2->2
[2025-03-28T19:35:17.685+0530][gc,heap     ] GC(270) Humongous regions: 142->142
[2025-03-28T19:35:17.685+0530][gc,metaspace] GC(270) Metaspace: 50555K(51200K)->50555K(51200K) NonClass: 44840K(45184K)->44840K(45184K) Class: 5715K(6016K)->5715K(6016K)
[2025-03-28T19:35:17.685+0530][gc          ] GC(270) Pause Young (Normal) (G1 Evacuation Pause) 389M->341M(1024M) 30.465ms
[2025-03-28T19:35:17.685+0530][gc,cpu      ] GC(270) User=0.01s Sys=0.00s Real=0.04s
[2025-03-28T19:35:26.523+0530][gc,start    ] GC(271) Pause Young (Normal) (G1 Evacuation Pause)
[2025-03-28T19:35:26.523+0530][gc,task     ] GC(271) Using 2 workers of 2 for evacuation
[2025-03-28T19:35:26.532+0530][gc,phases   ] GC(271)   Pre Evacuate Collection Set: 0.2ms
[2025-03-28T19:35:26.532+0530][gc,phases   ] GC(271)   Merge Heap Roots: 0.1ms
[2025-03-28T19:35:26.532+0530][gc,phases   ] GC(271)   Evacuate Collection Set: 6.6ms
[2025-03-28T19:35:26.532+0530][gc,phases   ] GC(271)   Post Evacuate Collection Set: 2.2ms
[2025-03-28T19:35:26.532+0530][gc,phases   ] GC(271)   Other: 0.1ms
[2025-03-28T19:35:26.532+0530][gc,heap     ] GC(271) Eden regions: 49->0(46)
[2025-03-28T19:35:26.532+0530][gc,heap     ] GC(271) Survivor regions: 2->5(7)
[2025-03-28T19:35:26.532+0530][gc,heap     ] GC(271) Old regions: 197->197
[2025-03-28T19:35:26.532+0530][gc,heap     ] GC(271) Archive regions: 2->2
[2025-03-28T19:35:26.532+0530][gc,heap     ] GC(271) Humongous regions: 142->140
[2025-03-28T19:35:26.532+0530][gc,metaspace] GC(271) Metaspace: 50571K(51200K)->50571K(51200K) NonClass: 44856K(45184K)->44856K(45184K) Class: 5715K(6016K)->5715K(6016K)
[2025-03-28T19:35:26.532+0530][gc          ] GC(271) Pause Young (Normal) (G1 Evacuation Pause) 390M->342M(1024M) 9.261ms
[2025-03-28T19:35:26.532+0530][gc,cpu      ] GC(271) User=0.01s Sys=0.00s Real=0.01s
[2025-03-28T19:35:26.646+0530][gc,start    ] GC(272) Pause Young (Normal) (G1 Evacuation Pause)
[2025-03-28T19:35:26.646+0530][gc,task     ] GC(272) Using 2 workers of 2 for evacuation
[2025-03-28T19:35:26.652+0530][gc,phases   ] GC(272)   Pre Evacuate Collection Set: 0.2ms
[2025-03-28T19:35:26.652+0530][gc,phases   ] GC(272)   Merge Heap Roots: 0.1ms
[2025-03-28T19:35:26.652+0530][gc,phases   ] GC(272)   Evacuate Collection Set: 4.8ms
[2025-03-28T19:35:26.652+0530][gc,phases   ] GC(272)   Post Evacuate Collection Set: 0.4ms
[2025-03-28T19:35:26.652+0530][gc,phases   ] GC(272)   Other: 0.1ms
[2025-03-28T19:35:26.652+0530][gc,heap     ] GC(272) Eden regions: 46->0(49)
[2025-03-28T19:35:26.652+0530][gc,heap     ] GC(272) Survivor regions: 5->2(7)
[2025-03-28T19:35:26.652+0530][gc,heap     ] GC(272) Old regions: 197->198
[2025-03-28T19:35:26.652+0530][gc,heap     ] GC(272) Archive regions: 2->2
[2025-03-28T19:35:26.652+0530][gc,heap     ] GC(272) Humongous regions: 142->142
[2025-03-28T19:35:26.652+0530][gc,metaspace] GC(272) Metaspace: 50573K(51200K)->50573K(51200K) NonClass: 44858K(45184K)->44858K(45184K) Class: 5715K(6016K)->5715K(6016K)
[2025-03-28T19:35:26.652+0530][gc          ] GC(272) Pause Young (Normal) (G1 Evacuation Pause) 390M->342M(1024M) 5.698ms
[2025-03-28T19:35:26.652+0530][gc,cpu      ] GC(272) User=0.01s Sys=0.01s Real=0.00s
[2025-03-28T19:35:27.436+0530][gc,start    ] GC(273) Pause Young (Normal) (G1 Evacuation Pause)
[2025-03-28T19:35:27.436+0530][gc,task     ] GC(273) Using 2 workers of 2 for evacuation
[2025-03-28T19:35:27.440+0530][gc,phases   ] GC(273)   Pre Evacuate Collection Set: 0.2ms
[2025-03-28T19:35:27.440+0530][gc,phases   ] GC(273)   Merge Heap Roots: 0.1ms
[2025-03-28T19:35:27.440+0530][gc,phases   ] GC(273)   Evacuate Collection Set: 3.6ms
[2025-03-28T19:35:27.440+0530][gc,phases   ] GC(273)   Post Evacuate Collection Set: 0.5ms
[2025-03-28T19:35:27.440+0530][gc,phases   ] GC(273)   Other: 0.1ms
[2025-03-28T19:35:27.440+0530][gc,heap     ] GC(273) Eden regions: 49->0(78)
[2025-03-28T19:35:27.440+0530][gc,heap     ] GC(273) Survivor regions: 2->4(7)
[2025-03-28T19:35:27.440+0530][gc,heap     ] GC(273) Old regions: 198->198
[2025-03-28T19:35:27.440+0530][gc,heap     ] GC(273) Archive regions: 2->2
[2025-03-28T19:35:27.440+0530][gc,heap     ] GC(273) Humongous regions: 142->140
[2025-03-28T19:35:27.440+0530][gc,metaspace] GC(273) Metaspace: 50573K(51200K)->50573K(51200K) NonClass: 44858K(45184K)->44858K(45184K) Class: 5715K(6016K)->5715K(6016K)
[2025-03-28T19:35:27.440+0530][gc          ] GC(273) Pause Young (Normal) (G1 Evacuation Pause) 391M->342M(1024M) 4.586ms
[2025-03-28T19:35:27.440+0530][gc,cpu      ] GC(273) User=0.01s Sys=0.00s Real=0.01s
[2025-03-28T19:35:32.427+0530][gc,start    ] GC(274) Pause Young (Normal) (G1 Evacuation Pause)
[2025-03-28T19:35:32.428+0530][gc,task     ] GC(274) Using 2 workers of 2 for evacuation
[2025-03-28T19:35:32.453+0530][gc,mmu      ] GC(274) MMU target violated: 21.0ms (20.0ms/21.0ms)
[2025-03-28T19:35:32.453+0530][gc,phases   ] GC(274)   Pre Evacuate Collection Set: 8.5ms
[2025-03-28T19:35:32.453+0530][gc,phases   ] GC(274)   Merge Heap Roots: 0.1ms
[2025-03-28T19:35:32.453+0530][gc,phases   ] GC(274)   Evacuate Collection Set: 16.5ms
[2025-03-28T19:35:32.453+0530][gc,phases   ] GC(274)   Post Evacuate Collection Set: 0.5ms
[2025-03-28T19:35:32.453+0530][gc,phases   ] GC(274)   Other: 0.2ms
[2025-03-28T19:35:32.453+0530][gc,heap     ] GC(274) Eden regions: 78->0(137)
[2025-03-28T19:35:32.453+0530][gc,heap     ] GC(274) Survivor regions: 4->1(11)
[2025-03-28T19:35:32.453+0530][gc,heap     ] GC(274) Old regions: 198->198
[2025-03-28T19:35:32.453+0530][gc,heap     ] GC(274) Archive regions: 2->2
[2025-03-28T19:35:32.453+0530][gc,heap     ] GC(274) Humongous regions: 142->140
[2025-03-28T19:35:32.453+0530][gc,metaspace] GC(274) Metaspace: 50574K(51200K)->50574K(51200K) NonClass: 44858K(45184K)->44858K(45184K) Class: 5715K(6016K)->5715K(6016K)
[2025-03-28T19:35:32.453+0530][gc          ] GC(274) Pause Young (Normal) (G1 Evacuation Pause) 422M->339M(1024M) 25.836ms
[2025-03-28T19:35:32.453+0530][gc,cpu      ] GC(274) User=0.00s Sys=0.00s Real=0.01s
[2025-03-28T19:35:37.446+0530][gc,start    ] GC(275) Pause Young (Normal) (G1 Evacuation Pause)
[2025-03-28T19:35:37.446+0530][gc,task     ] GC(275) Using 2 workers of 2 for evacuation
[2025-03-28T19:35:37.461+0530][gc,phases   ] GC(275)   Pre Evacuate Collection Set: 0.1ms
[2025-03-28T19:35:37.461+0530][gc,phases   ] GC(275)   Merge Heap Roots: 1.4ms
[2025-03-28T19:35:37.461+0530][gc,phases   ] GC(275)   Evacuate Collection Set: 4.5ms
[2025-03-28T19:35:37.461+0530][gc,phases   ] GC(275)   Post Evacuate Collection Set: 9.0ms
[2025-03-28T19:35:37.461+0530][gc,phases   ] GC(275)   Other: 0.1ms
[2025-03-28T19:35:37.461+0530][gc,heap     ] GC(275) Eden regions: 137->0(86)
[2025-03-28T19:35:37.461+0530][gc,heap     ] GC(275) Survivor regions: 1->5(18)
[2025-03-28T19:35:37.461+0530][gc,heap     ] GC(275) Old regions: 198->198
[2025-03-28T19:35:37.461+0530][gc,heap     ] GC(275) Archive regions: 2->2
[2025-03-28T19:35:37.461+0530][gc,heap     ] GC(275) Humongous regions: 142->140
[2025-03-28T19:35:37.461+0530][gc,metaspace] GC(275) Metaspace: 50588K(51264K)->50588K(51264K) NonClass: 44873K(45248K)->44873K(45248K) Class: 5715K(6016K)->5715K(6016K)
[2025-03-28T19:35:37.461+0530][gc          ] GC(275) Pause Young (Normal) (G1 Evacuation Pause) 478M->343M(1024M) 15.241ms
[2025-03-28T19:35:37.461+0530][gc,cpu      ] GC(275) User=0.00s Sys=0.00s Real=0.02s
[2025-03-28T19:35:46.172+0530][gc,start    ] GC(276) Pause Young (Normal) (G1 Evacuation Pause)
[2025-03-28T19:35:46.172+0530][gc,task     ] GC(276) Using 2 workers of 2 for evacuation
[2025-03-28T19:35:46.179+0530][gc,phases   ] GC(276)   Pre Evacuate Collection Set: 0.2ms
[2025-03-28T19:35:46.179+0530][gc,phases   ] GC(276)   Merge Heap Roots: 0.1ms
[2025-03-28T19:35:46.179+0530][gc,phases   ] GC(276)   Evacuate Collection Set: 4.9ms
[2025-03-28T19:35:46.179+0530][gc,phases   ] GC(276)   Post Evacuate Collection Set: 1.5ms
[2025-03-28T19:35:46.179+0530][gc,phases   ] GC(276)   Other: 0.2ms
[2025-03-28T19:35:46.179+0530][gc,heap     ] GC(276) Eden regions: 86->0(222)
[2025-03-28T19:35:46.179+0530][gc,heap     ] GC(276) Survivor regions: 5->4(12)
[2025-03-28T19:35:46.179+0530][gc,heap     ] GC(276) Old regions: 198->198
[2025-03-28T19:35:46.179+0530][gc,heap     ] GC(276) Archive regions: 2->2
[2025-03-28T19:35:46.179+0530][gc,heap     ] GC(276) Humongous regions: 142->140
[2025-03-28T19:35:46.179+0530][gc,metaspace] GC(276) Metaspace: 50615K(51264K)->50615K(51264K) NonClass: 44900K(45248K)->44900K(45248K) Class: 5715K(6016K)->5715K(6016K)
[2025-03-28T19:35:46.179+0530][gc          ] GC(276) Pause Young (Normal) (G1 Evacuation Pause) 431M->341M(1024M) 6.993ms
[2025-03-28T19:35:46.179+0530][gc,cpu      ] GC(276) User=0.01s Sys=0.00s Real=0.01s
[2025-03-28T19:35:56.458+0530][gc,start    ] GC(277) Pause Young (Normal) (G1 Evacuation Pause)
[2025-03-28T19:35:56.458+0530][gc,task     ] GC(277) Using 2 workers of 2 for evacuation
[2025-03-28T19:35:56.475+0530][gc,phases   ] GC(277)   Pre Evacuate Collection Set: 0.3ms
[2025-03-28T19:35:56.475+0530][gc,phases   ] GC(277)   Merge Heap Roots: 0.1ms
[2025-03-28T19:35:56.475+0530][gc,phases   ] GC(277)   Evacuate Collection Set: 10.0ms
[2025-03-28T19:35:56.475+0530][gc,phases   ] GC(277)   Post Evacuate Collection Set: 6.6ms
[2025-03-28T19:35:56.475+0530][gc,phases   ] GC(277)   Other: 0.2ms
[2025-03-28T19:35:56.475+0530][gc,heap     ] GC(277) Eden regions: 222->0(270)
[2025-03-28T19:35:56.475+0530][gc,heap     ] GC(277) Survivor regions: 4->6(29)
[2025-03-28T19:35:56.475+0530][gc,heap     ] GC(277) Old regions: 198->198
[2025-03-28T19:35:56.475+0530][gc,heap     ] GC(277) Archive regions: 2->2
[2025-03-28T19:35:56.475+0530][gc,heap     ] GC(277) Humongous regions: 144->140
[2025-03-28T19:35:56.475+0530][gc,metaspace] GC(277) Metaspace: 50640K(51328K)->50640K(51328K) NonClass: 44924K(45312K)->44924K(45312K) Class: 5715K(6016K)->5715K(6016K)
[2025-03-28T19:35:56.475+0530][gc          ] GC(277) Pause Young (Normal) (G1 Evacuation Pause) 567M->343M(1024M) 17.304ms
[2025-03-28T19:35:56.475+0530][gc,cpu      ] GC(277) User=0.01s Sys=0.00s Real=0.02s
[2025-03-28T19:36:07.396+0530][gc,start    ] GC(278) Pause Young (Normal) (G1 Evacuation Pause)
[2025-03-28T19:36:07.397+0530][gc,task     ] GC(278) Using 2 workers of 2 for evacuation
[2025-03-28T19:36:07.408+0530][gc,phases   ] GC(278)   Pre Evacuate Collection Set: 0.2ms
[2025-03-28T19:36:07.408+0530][gc,phases   ] GC(278)   Merge Heap Roots: 0.1ms
[2025-03-28T19:36:07.408+0530][gc,phases   ] GC(278)   Evacuate Collection Set: 3.0ms
[2025-03-28T19:36:07.408+0530][gc,phases   ] GC(278)   Post Evacuate Collection Set: 8.5ms
[2025-03-28T19:36:07.408+0530][gc,phases   ] GC(278)   Other: 0.1ms
[2025-03-28T19:36:07.408+0530][gc,heap     ] GC(278) Eden regions: 270->0(453)
[2025-03-28T19:36:07.408+0530][gc,heap     ] GC(278) Survivor regions: 6->1(35)
[2025-03-28T19:36:07.408+0530][gc,heap     ] GC(278) Old regions: 198->198
[2025-03-28T19:36:07.408+0530][gc,heap     ] GC(278) Archive regions: 2->2
[2025-03-28T19:36:07.408+0530][gc,heap     ] GC(278) Humongous regions: 146->140
[2025-03-28T19:36:07.408+0530][gc,metaspace] GC(278) Metaspace: 50641K(51328K)->50641K(51328K) NonClass: 44926K(45312K)->44926K(45312K) Class: 5715K(6016K)->5715K(6016K)
[2025-03-28T19:36:07.408+0530][gc          ] GC(278) Pause Young (Normal) (G1 Evacuation Pause) 619M->339M(1024M) 11.980ms
[2025-03-28T19:36:07.408+0530][gc,cpu      ] GC(278) User=0.01s Sys=0.00s Real=0.02s
[2025-03-28T19:36:29.590+0530][gc,start    ] GC(279) Pause Young (Normal) (G1 Evacuation Pause)
[2025-03-28T19:36:29.642+0530][gc,task     ] GC(279) Using 2 workers of 2 for evacuation
[2025-03-28T19:36:29.746+0530][gc,mmu      ] GC(279) MMU target violated: 21.0ms (20.0ms/21.0ms)
[2025-03-28T19:36:29.746+0530][gc,phases   ] GC(279)   Pre Evacuate Collection Set: 0.8ms
[2025-03-28T19:36:29.746+0530][gc,phases   ] GC(279)   Merge Heap Roots: 0.3ms
[2025-03-28T19:36:29.746+0530][gc,phases   ] GC(279)   Evacuate Collection Set: 15.2ms
[2025-03-28T19:36:29.746+0530][gc,phases   ] GC(279)   Post Evacuate Collection Set: 86.7ms
[2025-03-28T19:36:29.746+0530][gc,phases   ] GC(279)   Other: 53.0ms
[2025-03-28T19:36:29.746+0530][gc,heap     ] GC(279) Eden regions: 453->0(44)
[2025-03-28T19:36:29.746+0530][gc,heap     ] GC(279) Survivor regions: 1->7(57)
[2025-03-28T19:36:29.746+0530][gc,heap     ] GC(279) Old regions: 198->198
[2025-03-28T19:36:29.746+0530][gc,heap     ] GC(279) Archive regions: 2->2
[2025-03-28T19:36:29.746+0530][gc,heap     ] GC(279) Humongous regions: 148->140
[2025-03-28T19:36:29.747+0530][gc,metaspace] GC(279) Metaspace: 50687K(51328K)->50687K(51328K) NonClass: 44971K(45312K)->44971K(45312K) Class: 5716K(6016K)->5716K(6016K)
[2025-03-28T19:36:29.747+0530][gc          ] GC(279) Pause Young (Normal) (G1 Evacuation Pause) 800M->344M(1024M) 156.183ms
[2025-03-28T19:36:29.747+0530][gc,cpu      ] GC(279) User=0.01s Sys=0.01s Real=0.16s
[2025-03-28T19:36:30.072+0530][gc,start    ] GC(280) Pause Young (Normal) (G1 Evacuation Pause)
[2025-03-28T19:36:30.072+0530][gc,task     ] GC(280) Using 2 workers of 2 for evacuation
[2025-03-28T19:36:30.108+0530][gc,mmu      ] GC(280) MMU target violated: 21.0ms (20.0ms/21.0ms)
[2025-03-28T19:36:30.108+0530][gc,phases   ] GC(280)   Pre Evacuate Collection Set: 0.2ms
[2025-03-28T19:36:30.108+0530][gc,phases   ] GC(280)   Merge Heap Roots: 0.1ms
[2025-03-28T19:36:30.108+0530][gc,phases   ] GC(280)   Evacuate Collection Set: 16.7ms
[2025-03-28T19:36:30.108+0530][gc,phases   ] GC(280)   Post Evacuate Collection Set: 18.2ms
[2025-03-28T19:36:30.108+0530][gc,phases   ] GC(280)   Other: 0.2ms
[2025-03-28T19:36:30.108+0530][gc,heap     ] GC(280) Eden regions: 44->0(49)
[2025-03-28T19:36:30.108+0530][gc,heap     ] GC(280) Survivor regions: 7->2(7)
[2025-03-28T19:36:30.108+0530][gc,heap     ] GC(280) Old regions: 198->200
[2025-03-28T19:36:30.108+0530][gc,heap     ] GC(280) Archive regions: 2->2
[2025-03-28T19:36:30.108+0530][gc,heap     ] GC(280) Humongous regions: 142->142
[2025-03-28T19:36:30.108+0530][gc,metaspace] GC(280) Metaspace: 50687K(51328K)->50687K(51328K) NonClass: 44971K(45312K)->44971K(45312K) Class: 5716K(6016K)->5716K(6016K)
[2025-03-28T19:36:30.108+0530][gc          ] GC(280) Pause Young (Normal) (G1 Evacuation Pause) 390M->344M(1024M) 35.469ms
[2025-03-28T19:36:30.108+0530][gc,cpu      ] GC(280) User=0.02s Sys=0.00s Real=0.04s
[2025-03-28T19:36:33.042+0530][gc,start    ] GC(281) Pause Young (Normal) (G1 Evacuation Pause)
[2025-03-28T19:36:33.042+0530][gc,task     ] GC(281) Using 2 workers of 2 for evacuation
[2025-03-28T19:36:33.110+0530][gc,mmu      ] GC(281) MMU target violated: 21.0ms (20.0ms/21.0ms)
[2025-03-28T19:36:33.110+0530][gc,phases   ] GC(281)   Pre Evacuate Collection Set: 0.4ms
[2025-03-28T19:36:33.110+0530][gc,phases   ] GC(281)   Merge Heap Roots: 0.1ms
[2025-03-28T19:36:33.110+0530][gc,phases   ] GC(281)   Evacuate Collection Set: 39.8ms
[2025-03-28T19:36:33.110+0530][gc,phases   ] GC(281)   Post Evacuate Collection Set: 27.6ms
[2025-03-28T19:36:33.110+0530][gc,phases   ] GC(281)   Other: 0.2ms
[2025-03-28T19:36:33.110+0530][gc,heap     ] GC(281) Eden regions: 49->0(46)
[2025-03-28T19:36:33.110+0530][gc,heap     ] GC(281) Survivor regions: 2->5(7)
[2025-03-28T19:36:33.110+0530][gc,heap     ] GC(281) Old regions: 200->200
[2025-03-28T19:36:33.110+0530][gc,heap     ] GC(281) Archive regions: 2->2
[2025-03-28T19:36:33.110+0530][gc,heap     ] GC(281) Humongous regions: 142->140
[2025-03-28T19:36:33.110+0530][gc,metaspace] GC(281) Metaspace: 50697K(51328K)->50697K(51328K) NonClass: 44981K(45312K)->44981K(45312K) Class: 5716K(6016K)->5716K(6016K)
[2025-03-28T19:36:33.110+0530][gc          ] GC(281) Pause Young (Normal) (G1 Evacuation Pause) 393M->344M(1024M) 68.150ms
[2025-03-28T19:36:33.110+0530][gc,cpu      ] GC(281) User=0.01s Sys=0.00s Real=0.06s
[2025-03-28T19:36:33.397+0530][gc,start    ] GC(282) Pause Young (Normal) (G1 Evacuation Pause)
[2025-03-28T19:36:33.397+0530][gc,task     ] GC(282) Using 2 workers of 2 for evacuation
[2025-03-28T19:36:33.533+0530][gc,mmu      ] GC(282) MMU target violated: 21.0ms (20.0ms/21.0ms)
[2025-03-28T19:36:33.533+0530][gc,phases   ] GC(282)   Pre Evacuate Collection Set: 41.6ms
[2025-03-28T19:36:33.533+0530][gc,phases   ] GC(282)   Merge Heap Roots: 21.2ms
[2025-03-28T19:36:33.533+0530][gc,phases   ] GC(282)   Evacuate Collection Set: 61.8ms
[2025-03-28T19:36:33.533+0530][gc,phases   ] GC(282)   Post Evacuate Collection Set: 11.0ms
[2025-03-28T19:36:33.533+0530][gc,phases   ] GC(282)   Other: 0.3ms
[2025-03-28T19:36:33.533+0530][gc,heap     ] GC(282) Eden regions: 46->0(49)
[2025-03-28T19:36:33.533+0530][gc,heap     ] GC(282) Survivor regions: 5->2(7)
[2025-03-28T19:36:33.533+0530][gc,heap     ] GC(282) Old regions: 200->200
[2025-03-28T19:36:33.533+0530][gc,heap     ] GC(282) Archive regions: 2->2
[2025-03-28T19:36:33.533+0530][gc,heap     ] GC(282) Humongous regions: 142->142
[2025-03-28T19:36:33.533+0530][gc,metaspace] GC(282) Metaspace: 50697K(51328K)->50697K(51328K) NonClass: 44981K(45312K)->44981K(45312K) Class: 5716K(6016K)->5716K(6016K)
[2025-03-28T19:36:33.533+0530][gc          ] GC(282) Pause Young (Normal) (G1 Evacuation Pause) 392M->344M(1024M) 135.924ms
[2025-03-28T19:36:33.533+0530][gc,cpu      ] GC(282) User=0.02s Sys=0.00s Real=0.13s
[2025-03-28T19:36:37.532+0530][gc,start    ] GC(283) Pause Young (Normal) (G1 Evacuation Pause)
[2025-03-28T19:36:37.532+0530][gc,task     ] GC(283) Using 2 workers of 2 for evacuation
[2025-03-28T19:36:37.538+0530][gc,phases   ] GC(283)   Pre Evacuate Collection Set: 0.3ms
[2025-03-28T19:36:37.538+0530][gc,phases   ] GC(283)   Merge Heap Roots: 0.1ms
[2025-03-28T19:36:37.538+0530][gc,phases   ] GC(283)   Evacuate Collection Set: 4.9ms
[2025-03-28T19:36:37.538+0530][gc,phases   ] GC(283)   Post Evacuate Collection Set: 0.8ms
[2025-03-28T19:36:37.538+0530][gc,phases   ] GC(283)   Other: 0.3ms
[2025-03-28T19:36:37.538+0530][gc,heap     ] GC(283) Eden regions: 49->0(47)
[2025-03-28T19:36:37.538+0530][gc,heap     ] GC(283) Survivor regions: 2->4(7)
[2025-03-28T19:36:37.538+0530][gc,heap     ] GC(283) Old regions: 200->200
[2025-03-28T19:36:37.538+0530][gc,heap     ] GC(283) Archive regions: 2->2
[2025-03-28T19:36:37.538+0530][gc,heap     ] GC(283) Humongous regions: 142->140
[2025-03-28T19:36:37.538+0530][gc,metaspace] GC(283) Metaspace: 50705K(51328K)->50705K(51328K) NonClass: 44988K(45312K)->44988K(45312K) Class: 5716K(6016K)->5716K(6016K)
[2025-03-28T19:36:37.538+0530][gc          ] GC(283) Pause Young (Normal) (G1 Evacuation Pause) 393M->344M(1024M) 6.587ms
[2025-03-28T19:36:37.538+0530][gc,cpu      ] GC(283) User=0.01s Sys=0.00s Real=0.01s
[2025-03-28T19:36:37.646+0530][gc,start    ] GC(284) Pause Young (Normal) (G1 Evacuation Pause)
[2025-03-28T19:36:37.646+0530][gc,task     ] GC(284) Using 2 workers of 2 for evacuation
[2025-03-28T19:36:37.652+0530][gc,phases   ] GC(284)   Pre Evacuate Collection Set: 0.2ms
[2025-03-28T19:36:37.652+0530][gc,phases   ] GC(284)   Merge Heap Roots: 0.1ms
[2025-03-28T19:36:37.652+0530][gc,phases   ] GC(284)   Evacuate Collection Set: 5.2ms
[2025-03-28T19:36:37.652+0530][gc,phases   ] GC(284)   Post Evacuate Collection Set: 0.5ms
[2025-03-28T19:36:37.652+0530][gc,phases   ] GC(284)   Other: 0.1ms
[2025-03-28T19:36:37.652+0530][gc,heap     ] GC(284) Eden regions: 47->0(48)
[2025-03-28T19:36:37.652+0530][gc,heap     ] GC(284) Survivor regions: 4->3(7)
[2025-03-28T19:36:37.652+0530][gc,heap     ] GC(284) Old regions: 200->200
[2025-03-28T19:36:37.652+0530][gc,heap     ] GC(284) Archive regions: 2->2
[2025-03-28T19:36:37.652+0530][gc,heap     ] GC(284) Humongous regions: 142->142
[2025-03-28T19:36:37.652+0530][gc,metaspace] GC(284) Metaspace: 50705K(51328K)->50705K(51328K) NonClass: 44988K(45312K)->44988K(45312K) Class: 5716K(6016K)->5716K(6016K)
[2025-03-28T19:36:37.652+0530][gc          ] GC(284) Pause Young (Normal) (G1 Evacuation Pause) 393M->345M(1024M) 6.186ms
[2025-03-28T19:36:37.652+0530][gc,cpu      ] GC(284) User=0.01s Sys=0.00s Real=0.00s
[2025-03-28T19:36:46.208+0530][gc,start    ] GC(285) Pause Young (Normal) (G1 Evacuation Pause)
[2025-03-28T19:36:46.208+0530][gc,task     ] GC(285) Using 2 workers of 2 for evacuation
[2025-03-28T19:36:46.215+0530][gc,phases   ] GC(285)   Pre Evacuate Collection Set: 0.2ms
[2025-03-28T19:36:46.215+0530][gc,phases   ] GC(285)   Merge Heap Roots: 0.1ms
[2025-03-28T19:36:46.215+0530][gc,phases   ] GC(285)   Evacuate Collection Set: 5.7ms
[2025-03-28T19:36:46.215+0530][gc,phases   ] GC(285)   Post Evacuate Collection Set: 0.6ms
[2025-03-28T19:36:46.215+0530][gc,phases   ] GC(285)   Other: 0.2ms
[2025-03-28T19:36:46.215+0530][gc,heap     ] GC(285) Eden regions: 48->0(48)
[2025-03-28T19:36:46.215+0530][gc,heap     ] GC(285) Survivor regions: 3->3(7)
[2025-03-28T19:36:46.215+0530][gc,heap     ] GC(285) Old regions: 200->200
[2025-03-28T19:36:46.215+0530][gc,heap     ] GC(285) Archive regions: 2->2
[2025-03-28T19:36:46.215+0530][gc,heap     ] GC(285) Humongous regions: 142->140
[2025-03-28T19:36:46.215+0530][gc,metaspace] GC(285) Metaspace: 50715K(51328K)->50715K(51328K) NonClass: 44999K(45312K)->44999K(45312K) Class: 5716K(6016K)->5716K(6016K)
[2025-03-28T19:36:46.215+0530][gc          ] GC(285) Pause Young (Normal) (G1 Evacuation Pause) 393M->343M(1024M) 6.847ms
[2025-03-28T19:36:46.215+0530][gc,cpu      ] GC(285) User=0.01s Sys=0.01s Real=0.00s
[2025-03-28T19:36:46.366+0530][gc,start    ] GC(286) Pause Young (Normal) (G1 Evacuation Pause)
[2025-03-28T19:36:46.366+0530][gc,task     ] GC(286) Using 2 workers of 2 for evacuation
[2025-03-28T19:36:46.371+0530][gc,phases   ] GC(286)   Pre Evacuate Collection Set: 0.2ms
[2025-03-28T19:36:46.371+0530][gc,phases   ] GC(286)   Merge Heap Roots: 0.2ms
[2025-03-28T19:36:46.371+0530][gc,phases   ] GC(286)   Evacuate Collection Set: 4.3ms
[2025-03-28T19:36:46.371+0530][gc,phases   ] GC(286)   Post Evacuate Collection Set: 0.5ms
[2025-03-28T19:36:46.371+0530][gc,phases   ] GC(286)   Other: 0.1ms
[2025-03-28T19:36:46.371+0530][gc,heap     ] GC(286) Eden regions: 48->0(48)
[2025-03-28T19:36:46.371+0530][gc,heap     ] GC(286) Survivor regions: 3->3(7)
[2025-03-28T19:36:46.371+0530][gc,heap     ] GC(286) Old regions: 200->200
[2025-03-28T19:36:46.371+0530][gc,heap     ] GC(286) Archive regions: 2->2
[2025-03-28T19:36:46.371+0530][gc,heap     ] GC(286) Humongous regions: 142->142
[2025-03-28T19:36:46.371+0530][gc,metaspace] GC(286) Metaspace: 50715K(51328K)->50715K(51328K) NonClass: 44999K(45312K)->44999K(45312K) Class: 5716K(6016K)->5716K(6016K)
[2025-03-28T19:36:46.371+0530][gc          ] GC(286) Pause Young (Normal) (G1 Evacuation Pause) 393M->345M(1024M) 5.437ms
[2025-03-28T19:36:46.371+0530][gc,cpu      ] GC(286) User=0.01s Sys=0.00s Real=0.01s
[2025-03-28T19:36:47.431+0530][gc,start    ] GC(287) Pause Young (Normal) (G1 Evacuation Pause)
[2025-03-28T19:36:47.431+0530][gc,task     ] GC(287) Using 2 workers of 2 for evacuation
[2025-03-28T19:36:47.461+0530][gc,mmu      ] GC(287) MMU target violated: 21.0ms (20.0ms/21.0ms)
[2025-03-28T19:36:47.462+0530][gc,phases   ] GC(287)   Pre Evacuate Collection Set: 0.2ms
[2025-03-28T19:36:47.462+0530][gc,phases   ] GC(287)   Merge Heap Roots: 0.1ms
[2025-03-28T19:36:47.462+0530][gc,phases   ] GC(287)   Evacuate Collection Set: 29.4ms
[2025-03-28T19:36:47.462+0530][gc,phases   ] GC(287)   Post Evacuate Collection Set: 0.5ms
[2025-03-28T19:36:47.462+0530][gc,phases   ] GC(287)   Other: 0.2ms
[2025-03-28T19:36:47.462+0530][gc,heap     ] GC(287) Eden regions: 48->0(49)
[2025-03-28T19:36:47.462+0530][gc,heap     ] GC(287) Survivor regions: 3->2(7)
[2025-03-28T19:36:47.462+0530][gc,heap     ] GC(287) Old regions: 200->200
[2025-03-28T19:36:47.462+0530][gc,heap     ] GC(287) Archive regions: 2->2
[2025-03-28T19:36:47.462+0530][gc,heap     ] GC(287) Humongous regions: 142->140
[2025-03-28T19:36:47.462+0530][gc,metaspace] GC(287) Metaspace: 50715K(51328K)->50715K(51328K) NonClass: 44999K(45312K)->44999K(45312K) Class: 5716K(6016K)->5716K(6016K)
[2025-03-28T19:36:47.462+0530][gc          ] GC(287) Pause Young (Normal) (G1 Evacuation Pause) 393M->342M(1024M) 30.471ms
[2025-03-28T19:36:47.462+0530][gc,cpu      ] GC(287) User=0.00s Sys=0.00s Real=0.03s
[2025-03-28T19:36:47.696+0530][gc,start    ] GC(288) Pause Young (Normal) (G1 Evacuation Pause)
[2025-03-28T19:36:47.696+0530][gc,task     ] GC(288) Using 2 workers of 2 for evacuation
[2025-03-28T19:36:47.766+0530][gc,mmu      ] GC(288) MMU target violated: 21.0ms (20.0ms/21.0ms)
[2025-03-28T19:36:47.766+0530][gc,phases   ] GC(288)   Pre Evacuate Collection Set: 0.4ms
[2025-03-28T19:36:47.766+0530][gc,phases   ] GC(288)   Merge Heap Roots: 0.1ms
[2025-03-28T19:36:47.766+0530][gc,phases   ] GC(288)   Evacuate Collection Set: 63.9ms
[2025-03-28T19:36:47.766+0530][gc,phases   ] GC(288)   Post Evacuate Collection Set: 5.2ms
[2025-03-28T19:36:47.766+0530][gc,phases   ] GC(288)   Other: 0.2ms
[2025-03-28T19:36:47.766+0530][gc,heap     ] GC(288) Eden regions: 49->0(44)
[2025-03-28T19:36:47.766+0530][gc,heap     ] GC(288) Survivor regions: 2->7(7)
[2025-03-28T19:36:47.766+0530][gc,heap     ] GC(288) Old regions: 200->201
[2025-03-28T19:36:47.766+0530][gc,heap     ] GC(288) Archive regions: 2->2
[2025-03-28T19:36:47.766+0530][gc,heap     ] GC(288) Humongous regions: 140->140
[2025-03-28T19:36:47.766+0530][gc,metaspace] GC(288) Metaspace: 50715K(51328K)->50715K(51328K) NonClass: 44999K(45312K)->44999K(45312K) Class: 5716K(6016K)->5716K(6016K)
[2025-03-28T19:36:47.766+0530][gc          ] GC(288) Pause Young (Normal) (G1 Evacuation Pause) 391M->348M(1024M) 69.778ms
[2025-03-28T19:36:47.766+0530][gc,cpu      ] GC(288) User=0.02s Sys=0.00s Real=0.07s
[2025-03-28T19:36:52.399+0530][gc,start    ] GC(289) Pause Young (Normal) (G1 Evacuation Pause)
[2025-03-28T19:36:52.399+0530][gc,task     ] GC(289) Using 2 workers of 2 for evacuation
[2025-03-28T19:36:52.410+0530][gc,phases   ] GC(289)   Pre Evacuate Collection Set: 1.6ms
[2025-03-28T19:36:52.410+0530][gc,phases   ] GC(289)   Merge Heap Roots: 0.1ms
[2025-03-28T19:36:52.410+0530][gc,phases   ] GC(289)   Evacuate Collection Set: 9.6ms
[2025-03-28T19:36:52.410+0530][gc,phases   ] GC(289)   Post Evacuate Collection Set: 0.4ms
[2025-03-28T19:36:52.411+0530][gc,phases   ] GC(289)   Other: 0.1ms
[2025-03-28T19:36:52.411+0530][gc,heap     ] GC(289) Eden regions: 44->0(50)
[2025-03-28T19:36:52.411+0530][gc,heap     ] GC(289) Survivor regions: 7->1(7)
[2025-03-28T19:36:52.411+0530][gc,heap     ] GC(289) Old regions: 201->202
[2025-03-28T19:36:52.411+0530][gc,heap     ] GC(289) Archive regions: 2->2
[2025-03-28T19:36:52.411+0530][gc,heap     ] GC(289) Humongous regions: 142->140
[2025-03-28T19:36:52.411+0530][gc,metaspace] GC(289) Metaspace: 50715K(51328K)->50715K(51328K) NonClass: 44999K(45312K)->44999K(45312K) Class: 5716K(6016K)->5716K(6016K)
[2025-03-28T19:36:52.411+0530][gc          ] GC(289) Pause Young (Normal) (G1 Evacuation Pause) 394M->343M(1024M) 12.028ms
[2025-03-28T19:36:52.411+0530][gc,cpu      ] GC(289) User=0.00s Sys=0.00s Real=0.01s
[2025-03-28T19:36:56.455+0530][gc,start    ] GC(290) Pause Young (Normal) (G1 Evacuation Pause)
[2025-03-28T19:36:56.455+0530][gc,task     ] GC(290) Using 2 workers of 2 for evacuation
[2025-03-28T19:36:56.464+0530][gc,phases   ] GC(290)   Pre Evacuate Collection Set: 0.2ms
[2025-03-28T19:36:56.464+0530][gc,phases   ] GC(290)   Merge Heap Roots: 0.1ms
[2025-03-28T19:36:56.464+0530][gc,phases   ] GC(290)   Evacuate Collection Set: 7.9ms
[2025-03-28T19:36:56.464+0530][gc,phases   ] GC(290)   Post Evacuate Collection Set: 0.7ms
[2025-03-28T19:36:56.464+0530][gc,phases   ] GC(290)   Other: 0.2ms
[2025-03-28T19:36:56.464+0530][gc,heap     ] GC(290) Eden regions: 50->0(44)
[2025-03-28T19:36:56.464+0530][gc,heap     ] GC(290) Survivor regions: 1->7(7)
[2025-03-28T19:36:56.464+0530][gc,heap     ] GC(290) Old regions: 202->202
[2025-03-28T19:36:56.464+0530][gc,heap     ] GC(290) Archive regions: 2->2
[2025-03-28T19:36:56.464+0530][gc,heap     ] GC(290) Humongous regions: 140->140
[2025-03-28T19:36:56.464+0530][gc,metaspace] GC(290) Metaspace: 50717K(51328K)->50717K(51328K) NonClass: 45001K(45312K)->45001K(45312K) Class: 5716K(6016K)->5716K(6016K)
[2025-03-28T19:36:56.464+0530][gc          ] GC(290) Pause Young (Normal) (G1 Evacuation Pause) 393M->348M(1024M) 9.049ms
[2025-03-28T19:36:56.464+0530][gc,cpu      ] GC(290) User=0.02s Sys=0.00s Real=0.00s
[2025-03-28T19:36:56.537+0530][gc,start    ] GC(291) Pause Young (Normal) (G1 Evacuation Pause)
[2025-03-28T19:36:56.537+0530][gc,task     ] GC(291) Using 2 workers of 2 for evacuation
[2025-03-28T19:36:56.543+0530][gc,phases   ] GC(291)   Pre Evacuate Collection Set: 0.2ms
[2025-03-28T19:36:56.543+0530][gc,phases   ] GC(291)   Merge Heap Roots: 0.1ms
[2025-03-28T19:36:56.543+0530][gc,phases   ] GC(291)   Evacuate Collection Set: 4.9ms
[2025-03-28T19:36:56.543+0530][gc,phases   ] GC(291)   Post Evacuate Collection Set: 0.4ms
[2025-03-28T19:36:56.543+0530][gc,phases   ] GC(291)   Other: 0.1ms
[2025-03-28T19:36:56.543+0530][gc,heap     ] GC(291) Eden regions: 44->0(49)
[2025-03-28T19:36:56.543+0530][gc,heap     ] GC(291) Survivor regions: 7->2(7)
[2025-03-28T19:36:56.543+0530][gc,heap     ] GC(291) Old regions: 202->203
[2025-03-28T19:36:56.543+0530][gc,heap     ] GC(291) Archive regions: 2->2
[2025-03-28T19:36:56.543+0530][gc,heap     ] GC(291) Humongous regions: 142->142
[2025-03-28T19:36:56.543+0530][gc,metaspace] GC(291) Metaspace: 50717K(51328K)->50717K(51328K) NonClass: 45001K(45312K)->45001K(45312K) Class: 5716K(6016K)->5716K(6016K)
[2025-03-28T19:36:56.543+0530][gc          ] GC(291) Pause Young (Normal) (G1 Evacuation Pause) 394M->347M(1024M) 5.876ms
[2025-03-28T19:36:56.543+0530][gc,cpu      ] GC(291) User=0.01s Sys=0.00s Real=0.00s
[2025-03-28T19:36:57.467+0530][gc,start    ] GC(292) Pause Young (Normal) (G1 Evacuation Pause)
[2025-03-28T19:36:57.467+0530][gc,task     ] GC(292) Using 2 workers of 2 for evacuation
[2025-03-28T19:36:57.472+0530][gc,phases   ] GC(292)   Pre Evacuate Collection Set: 0.2ms
[2025-03-28T19:36:57.472+0530][gc,phases   ] GC(292)   Merge Heap Roots: 0.1ms
[2025-03-28T19:36:57.472+0530][gc,phases   ] GC(292)   Evacuate Collection Set: 4.5ms
[2025-03-28T19:36:57.472+0530][gc,phases   ] GC(292)   Post Evacuate Collection Set: 0.6ms
[2025-03-28T19:36:57.473+0530][gc,phases   ] GC(292)   Other: 0.2ms
[2025-03-28T19:36:57.473+0530][gc,heap     ] GC(292) Eden regions: 49->0(45)
[2025-03-28T19:36:57.473+0530][gc,heap     ] GC(292) Survivor regions: 2->6(7)
[2025-03-28T19:36:57.473+0530][gc,heap     ] GC(292) Old regions: 203->203
[2025-03-28T19:36:57.473+0530][gc,heap     ] GC(292) Archive regions: 2->2
[2025-03-28T19:36:57.473+0530][gc,heap     ] GC(292) Humongous regions: 142->140
[2025-03-28T19:36:57.473+0530][gc,metaspace] GC(292) Metaspace: 50717K(51328K)->50717K(51328K) NonClass: 45001K(45312K)->45001K(45312K) Class: 5716K(6016K)->5716K(6016K)
[2025-03-28T19:36:57.473+0530][gc          ] GC(292) Pause Young (Normal) (G1 Evacuation Pause) 396M->349M(1024M) 5.550ms
[2025-03-28T19:36:57.473+0530][gc,cpu      ] GC(292) User=0.01s Sys=0.00s Real=0.00s
[2025-03-28T19:36:57.555+0530][gc,start    ] GC(293) Pause Young (Normal) (G1 Evacuation Pause)
[2025-03-28T19:36:57.555+0530][gc,task     ] GC(293) Using 2 workers of 2 for evacuation
[2025-03-28T19:36:57.563+0530][gc,phases   ] GC(293)   Pre Evacuate Collection Set: 0.2ms
[2025-03-28T19:36:57.563+0530][gc,phases   ] GC(293)   Merge Heap Roots: 0.1ms
[2025-03-28T19:36:57.563+0530][gc,phases   ] GC(293)   Evacuate Collection Set: 6.6ms
[2025-03-28T19:36:57.563+0530][gc,phases   ] GC(293)   Post Evacuate Collection Set: 1.1ms
[2025-03-28T19:36:57.563+0530][gc,phases   ] GC(293)   Other: 0.1ms
[2025-03-28T19:36:57.563+0530][gc,heap     ] GC(293) Eden regions: 45->0(49)
[2025-03-28T19:36:57.563+0530][gc,heap     ] GC(293) Survivor regions: 6->2(7)
[2025-03-28T19:36:57.563+0530][gc,heap     ] GC(293) Old regions: 203->204
[2025-03-28T19:36:57.563+0530][gc,heap     ] GC(293) Archive regions: 2->2
[2025-03-28T19:36:57.563+0530][gc,heap     ] GC(293) Humongous regions: 142->142
[2025-03-28T19:36:57.563+0530][gc,metaspace] GC(293) Metaspace: 50717K(51328K)->50717K(51328K) NonClass: 45001K(45312K)->45001K(45312K) Class: 5716K(6016K)->5716K(6016K)
[2025-03-28T19:36:57.563+0530][gc          ] GC(293) Pause Young (Normal) (G1 Evacuation Pause) 396M->348M(1024M) 8.319ms
[2025-03-28T19:36:57.563+0530][gc,cpu      ] GC(293) User=0.01s Sys=0.00s Real=0.00s
[2025-03-28T19:37:06.457+0530][gc,start    ] GC(294) Pause Young (Normal) (G1 Evacuation Pause)
[2025-03-28T19:37:06.457+0530][gc,task     ] GC(294) Using 2 workers of 2 for evacuation
[2025-03-28T19:37:06.462+0530][gc,phases   ] GC(294)   Pre Evacuate Collection Set: 0.2ms
[2025-03-28T19:37:06.462+0530][gc,phases   ] GC(294)   Merge Heap Roots: 0.1ms
[2025-03-28T19:37:06.462+0530][gc,phases   ] GC(294)   Evacuate Collection Set: 4.3ms
[2025-03-28T19:37:06.462+0530][gc,phases   ] GC(294)   Post Evacuate Collection Set: 0.5ms
[2025-03-28T19:37:06.462+0530][gc,phases   ] GC(294)   Other: 0.1ms
[2025-03-28T19:37:06.462+0530][gc,heap     ] GC(294) Eden regions: 49->0(62)
[2025-03-28T19:37:06.462+0530][gc,heap     ] GC(294) Survivor regions: 2->5(7)
[2025-03-28T19:37:06.462+0530][gc,heap     ] GC(294) Old regions: 204->204
[2025-03-28T19:37:06.462+0530][gc,heap     ] GC(294) Archive regions: 2->2
[2025-03-28T19:37:06.462+0530][gc,heap     ] GC(294) Humongous regions: 142->140
[2025-03-28T19:37:06.463+0530][gc,metaspace] GC(294) Metaspace: 50721K(51328K)->50721K(51328K) NonClass: 45005K(45312K)->45005K(45312K) Class: 5716K(6016K)->5716K(6016K)
[2025-03-28T19:37:06.463+0530][gc          ] GC(294) Pause Young (Normal) (G1 Evacuation Pause) 397M->348M(1024M) 5.415ms
[2025-03-28T19:37:06.463+0530][gc,cpu      ] GC(294) User=0.01s Sys=0.00s Real=0.00s
[2025-03-28T19:37:06.548+0530][gc,start    ] GC(295) Pause Young (Normal) (G1 Evacuation Pause)
[2025-03-28T19:37:06.548+0530][gc,task     ] GC(295) Using 2 workers of 2 for evacuation
[2025-03-28T19:37:06.552+0530][gc,phases   ] GC(295)   Pre Evacuate Collection Set: 0.2ms
[2025-03-28T19:37:06.552+0530][gc,phases   ] GC(295)   Merge Heap Roots: 0.1ms
[2025-03-28T19:37:06.552+0530][gc,phases   ] GC(295)   Evacuate Collection Set: 3.6ms
[2025-03-28T19:37:06.552+0530][gc,phases   ] GC(295)   Post Evacuate Collection Set: 0.4ms
[2025-03-28T19:37:06.552+0530][gc,phases   ] GC(295)   Other: 0.1ms
[2025-03-28T19:37:06.552+0530][gc,heap     ] GC(295) Eden regions: 62->0(112)
[2025-03-28T19:37:06.552+0530][gc,heap     ] GC(295) Survivor regions: 5->3(9)
[2025-03-28T19:37:06.552+0530][gc,heap     ] GC(295) Old regions: 204->204
[2025-03-28T19:37:06.552+0530][gc,heap     ] GC(295) Archive regions: 2->2
[2025-03-28T19:37:06.552+0530][gc,heap     ] GC(295) Humongous regions: 142->142
[2025-03-28T19:37:06.552+0530][gc,metaspace] GC(295) Metaspace: 50721K(51328K)->50721K(51328K) NonClass: 45005K(45312K)->45005K(45312K) Class: 5716K(6016K)->5716K(6016K)
[2025-03-28T19:37:06.552+0530][gc          ] GC(295) Pause Young (Normal) (G1 Evacuation Pause) 412M->349M(1024M) 4.430ms
[2025-03-28T19:37:06.552+0530][gc,cpu      ] GC(295) User=0.01s Sys=0.00s Real=0.00s
[2025-03-28T19:37:12.405+0530][gc,start    ] GC(296) Pause Young (Normal) (G1 Evacuation Pause)
[2025-03-28T19:37:12.405+0530][gc,task     ] GC(296) Using 2 workers of 2 for evacuation
[2025-03-28T19:37:12.417+0530][gc,phases   ] GC(296)   Pre Evacuate Collection Set: 0.2ms
[2025-03-28T19:37:12.417+0530][gc,phases   ] GC(296)   Merge Heap Roots: 0.1ms
[2025-03-28T19:37:12.417+0530][gc,phases   ] GC(296)   Evacuate Collection Set: 9.9ms
[2025-03-28T19:37:12.417+0530][gc,phases   ] GC(296)   Post Evacuate Collection Set: 2.1ms
[2025-03-28T19:37:12.417+0530][gc,phases   ] GC(296)   Other: 0.1ms
[2025-03-28T19:37:12.417+0530][gc,heap     ] GC(296) Eden regions: 112->0(201)
[2025-03-28T19:37:12.417+0530][gc,heap     ] GC(296) Survivor regions: 3->1(15)
[2025-03-28T19:37:12.417+0530][gc,heap     ] GC(296) Old regions: 204->204
[2025-03-28T19:37:12.417+0530][gc,heap     ] GC(296) Archive regions: 2->2
[2025-03-28T19:37:12.417+0530][gc,heap     ] GC(296) Humongous regions: 144->140
[2025-03-28T19:37:12.417+0530][gc,metaspace] GC(296) Metaspace: 50721K(51328K)->50721K(51328K) NonClass: 45005K(45312K)->45005K(45312K) Class: 5716K(6016K)->5716K(6016K)
[2025-03-28T19:37:12.417+0530][gc          ] GC(296) Pause Young (Normal) (G1 Evacuation Pause) 463M->345M(1024M) 12.542ms
[2025-03-28T19:37:12.417+0530][gc,cpu      ] GC(296) User=0.00s Sys=0.00s Real=0.02s
[2025-03-28T19:37:22.393+0530][gc,start    ] GC(297) Pause Young (Normal) (G1 Evacuation Pause)
[2025-03-28T19:37:22.393+0530][gc,task     ] GC(297) Using 2 workers of 2 for evacuation
[2025-03-28T19:37:22.400+0530][gc,phases   ] GC(297)   Pre Evacuate Collection Set: 0.2ms
[2025-03-28T19:37:22.400+0530][gc,phases   ] GC(297)   Merge Heap Roots: 0.1ms
[2025-03-28T19:37:22.400+0530][gc,phases   ] GC(297)   Evacuate Collection Set: 5.8ms
[2025-03-28T19:37:22.400+0530][gc,phases   ] GC(297)   Post Evacuate Collection Set: 0.6ms
[2025-03-28T19:37:22.400+0530][gc,phases   ] GC(297)   Other: 0.1ms
[2025-03-28T19:37:22.400+0530][gc,heap     ] GC(297) Eden regions: 201->0(298)
[2025-03-28T19:37:22.400+0530][gc,heap     ] GC(297) Survivor regions: 1->1(26)
[2025-03-28T19:37:22.400+0530][gc,heap     ] GC(297) Old regions: 204->204
[2025-03-28T19:37:22.400+0530][gc,heap     ] GC(297) Archive regions: 2->2
[2025-03-28T19:37:22.400+0530][gc,heap     ] GC(297) Humongous regions: 144->140
[2025-03-28T19:37:22.400+0530][gc,metaspace] GC(297) Metaspace: 50722K(51392K)->50722K(51392K) NonClass: 45006K(45376K)->45006K(45376K) Class: 5716K(6016K)->5716K(6016K)
[2025-03-28T19:37:22.400+0530][gc          ] GC(297) Pause Young (Normal) (G1 Evacuation Pause) 550M->344M(1024M) 6.878ms
[2025-03-28T19:37:22.400+0530][gc,cpu      ] GC(297) User=0.01s Sys=0.00s Real=0.01s
[2025-03-28T19:37:36.517+0530][gc,start    ] GC(298) Pause Young (Normal) (G1 Evacuation Pause)
[2025-03-28T19:37:36.517+0530][gc,task     ] GC(298) Using 2 workers of 2 for evacuation
[2025-03-28T19:37:36.526+0530][gc,phases   ] GC(298)   Pre Evacuate Collection Set: 0.4ms
[2025-03-28T19:37:36.526+0530][gc,phases   ] GC(298)   Merge Heap Roots: 0.1ms
[2025-03-28T19:37:36.526+0530][gc,phases   ] GC(298)   Evacuate Collection Set: 7.3ms
[2025-03-28T19:37:36.526+0530][gc,phases   ] GC(298)   Post Evacuate Collection Set: 0.7ms
[2025-03-28T19:37:36.526+0530][gc,phases   ] GC(298)   Other: 0.2ms
[2025-03-28T19:37:36.526+0530][gc,heap     ] GC(298) Eden regions: 298->0(347)
[2025-03-28T19:37:36.526+0530][gc,heap     ] GC(298) Survivor regions: 1->3(38)
[2025-03-28T19:37:36.526+0530][gc,heap     ] GC(298) Old regions: 204->204
[2025-03-28T19:37:36.526+0530][gc,heap     ] GC(298) Archive regions: 2->2
[2025-03-28T19:37:36.526+0530][gc,heap     ] GC(298) Humongous regions: 146->142
[2025-03-28T19:37:36.526+0530][gc,metaspace] GC(298) Metaspace: 50724K(51392K)->50724K(51392K) NonClass: 45008K(45376K)->45008K(45376K) Class: 5716K(6016K)->5716K(6016K)
[2025-03-28T19:37:36.526+0530][gc          ] GC(298) Pause Young (Normal) (G1 Evacuation Pause) 648M->348M(1024M) 8.840ms
[2025-03-28T19:37:36.526+0530][gc,cpu      ] GC(298) User=0.01s Sys=0.00s Real=0.01s
[2025-03-28T19:37:56.424+0530][gc,start    ] GC(299) Pause Young (Normal) (G1 Evacuation Pause)
[2025-03-28T19:37:56.424+0530][gc,task     ] GC(299) Using 2 workers of 2 for evacuation
[2025-03-28T19:37:56.433+0530][gc,phases   ] GC(299)   Pre Evacuate Collection Set: 0.1ms
[2025-03-28T19:37:56.433+0530][gc,phases   ] GC(299)   Merge Heap Roots: 0.1ms
[2025-03-28T19:37:56.433+0530][gc,phases   ] GC(299)   Evacuate Collection Set: 5.3ms
[2025-03-28T19:37:56.433+0530][gc,phases   ] GC(299)   Post Evacuate Collection Set: 3.1ms
[2025-03-28T19:37:56.433+0530][gc,phases   ] GC(299)   Other: 0.2ms
[2025-03-28T19:37:56.433+0530][gc,heap     ] GC(299) Eden regions: 347->0(402)
[2025-03-28T19:37:56.433+0530][gc,heap     ] GC(299) Survivor regions: 3->5(44)
[2025-03-28T19:37:56.433+0530][gc,heap     ] GC(299) Old regions: 204->204
[2025-03-28T19:37:56.433+0530][gc,heap     ] GC(299) Archive regions: 2->2
[2025-03-28T19:37:56.433+0530][gc,heap     ] GC(299) Humongous regions: 148->140
[2025-03-28T19:37:56.433+0530][gc,metaspace] GC(299) Metaspace: 50727K(51392K)->50727K(51392K) NonClass: 45011K(45376K)->45011K(45376K) Class: 5716K(6016K)->5716K(6016K)
[2025-03-28T19:37:56.433+0530][gc          ] GC(299) Pause Young (Normal) (G1 Evacuation Pause) 701M->348M(1024M) 8.981ms
[2025-03-28T19:37:56.433+0530][gc,cpu      ] GC(299) User=0.01s Sys=0.00s Real=0.01s
[2025-03-28T19:38:16.433+0530][gc,start    ] GC(300) Pause Young (Normal) (G1 Evacuation Pause)
[2025-03-28T19:38:16.433+0530][gc,task     ] GC(300) Using 2 workers of 2 for evacuation
[2025-03-28T19:38:16.439+0530][gc,phases   ] GC(300)   Pre Evacuate Collection Set: 0.2ms
[2025-03-28T19:38:16.439+0530][gc,phases   ] GC(300)   Merge Heap Roots: 0.1ms
[2025-03-28T19:38:16.439+0530][gc,phases   ] GC(300)   Evacuate Collection Set: 4.7ms
[2025-03-28T19:38:16.439+0530][gc,phases   ] GC(300)   Post Evacuate Collection Set: 0.6ms
[2025-03-28T19:38:16.439+0530][gc,phases   ] GC(300)   Other: 0.2ms
[2025-03-28T19:38:16.439+0530][gc,heap     ] GC(300) Eden regions: 402->0(548)
[2025-03-28T19:38:16.439+0530][gc,heap     ] GC(300) Survivor regions: 5->4(51)
[2025-03-28T19:38:16.439+0530][gc,heap     ] GC(300) Old regions: 204->204
[2025-03-28T19:38:16.439+0530][gc,heap     ] GC(300) Archive regions: 2->2
[2025-03-28T19:38:16.439+0530][gc,heap     ] GC(300) Humongous regions: 148->140
[2025-03-28T19:38:16.439+0530][gc,metaspace] GC(300) Metaspace: 50733K(51392K)->50733K(51392K) NonClass: 45017K(45376K)->45017K(45376K) Class: 5716K(6016K)->5716K(6016K)
[2025-03-28T19:38:16.439+0530][gc          ] GC(300) Pause Young (Normal) (G1 Evacuation Pause) 758M->348M(1024M) 5.975ms
[2025-03-28T19:38:16.439+0530][gc,cpu      ] GC(300) User=0.01s Sys=0.00s Real=0.01s
[2025-03-28T19:38:39.488+0530][gc,start    ] GC(301) Pause Young (Normal) (G1 Evacuation Pause)
[2025-03-28T19:38:39.488+0530][gc,task     ] GC(301) Using 2 workers of 2 for evacuation
[2025-03-28T19:38:40.756+0530][gc,mmu      ] GC(301) MMU target violated: 21.0ms (20.0ms/21.0ms)
[2025-03-28T19:38:40.757+0530][gc,phases   ] GC(301)   Pre Evacuate Collection Set: 0.2ms
[2025-03-28T19:38:40.757+0530][gc,phases   ] GC(301)   Merge Heap Roots: 0.1ms
[2025-03-28T19:38:40.757+0530][gc,phases   ] GC(301)   Evacuate Collection Set: 1212.6ms
[2025-03-28T19:38:40.757+0530][gc,phases   ] GC(301)   Post Evacuate Collection Set: 54.2ms
[2025-03-28T19:38:40.757+0530][gc,phases   ] GC(301)   Other: 1.4ms
[2025-03-28T19:38:40.757+0530][gc,heap     ] GC(301) Eden regions: 548->0(48)
[2025-03-28T19:38:40.757+0530][gc,heap     ] GC(301) Survivor regions: 4->3(69)
[2025-03-28T19:38:40.757+0530][gc,heap     ] GC(301) Old regions: 204->204
[2025-03-28T19:38:40.757+0530][gc,heap     ] GC(301) Archive regions: 2->2
[2025-03-28T19:38:40.757+0530][gc,heap     ] GC(301) Humongous regions: 152->142
[2025-03-28T19:38:40.757+0530][gc,metaspace] GC(301) Metaspace: 50734K(51392K)->50734K(51392K) NonClass: 45018K(45376K)->45018K(45376K) Class: 5716K(6016K)->5716K(6016K)
[2025-03-28T19:38:40.757+0530][gc          ] GC(301) Pause Young (Normal) (G1 Evacuation Pause) 908M->349M(1024M) 1269.102ms
[2025-03-28T19:38:40.758+0530][gc,cpu      ] GC(301) User=0.02s Sys=0.02s Real=1.27s
[2025-03-28T19:38:46.407+0530][gc,start    ] GC(302) Pause Young (Normal) (G1 Evacuation Pause)
[2025-03-28T19:38:46.407+0530][gc,task     ] GC(302) Using 2 workers of 2 for evacuation
[2025-03-28T19:38:46.422+0530][gc,phases   ] GC(302)   Pre Evacuate Collection Set: 0.4ms
[2025-03-28T19:38:46.422+0530][gc,phases   ] GC(302)   Merge Heap Roots: 0.3ms
[2025-03-28T19:38:46.422+0530][gc,phases   ] GC(302)   Evacuate Collection Set: 6.3ms
[2025-03-28T19:38:46.422+0530][gc,phases   ] GC(302)   Post Evacuate Collection Set: 7.8ms
[2025-03-28T19:38:46.422+0530][gc,phases   ] GC(302)   Other: 0.3ms
[2025-03-28T19:38:46.422+0530][gc,heap     ] GC(302) Eden regions: 48->0(49)
[2025-03-28T19:38:46.422+0530][gc,heap     ] GC(302) Survivor regions: 3->2(7)
[2025-03-28T19:38:46.422+0530][gc,heap     ] GC(302) Old regions: 204->204
[2025-03-28T19:38:46.422+0530][gc,heap     ] GC(302) Archive regions: 2->2
[2025-03-28T19:38:46.422+0530][gc,heap     ] GC(302) Humongous regions: 142->140
[2025-03-28T19:38:46.422+0530][gc,metaspace] GC(302) Metaspace: 50742K(51392K)->50742K(51392K) NonClass: 45026K(45376K)->45026K(45376K) Class: 5716K(6016K)->5716K(6016K)
[2025-03-28T19:38:46.422+0530][gc          ] GC(302) Pause Young (Normal) (G1 Evacuation Pause) 397M->346M(1024M) 15.346ms
[2025-03-28T19:38:46.422+0530][gc,cpu      ] GC(302) User=0.01s Sys=0.00s Real=0.01s
[2025-03-28T19:38:46.492+0530][gc,start    ] GC(303) Pause Young (Normal) (G1 Evacuation Pause)
[2025-03-28T19:38:46.492+0530][gc,task     ] GC(303) Using 2 workers of 2 for evacuation
[2025-03-28T19:38:46.500+0530][gc,phases   ] GC(303)   Pre Evacuate Collection Set: 0.1ms
[2025-03-28T19:38:46.500+0530][gc,phases   ] GC(303)   Merge Heap Roots: 0.1ms
[2025-03-28T19:38:46.500+0530][gc,phases   ] GC(303)   Evacuate Collection Set: 7.3ms
[2025-03-28T19:38:46.500+0530][gc,phases   ] GC(303)   Post Evacuate Collection Set: 0.7ms
[2025-03-28T19:38:46.500+0530][gc,phases   ] GC(303)   Other: 0.1ms
[2025-03-28T19:38:46.500+0530][gc,heap     ] GC(303) Eden regions: 49->0(44)
[2025-03-28T19:38:46.500+0530][gc,heap     ] GC(303) Survivor regions: 2->7(7)
[2025-03-28T19:38:46.500+0530][gc,heap     ] GC(303) Old regions: 204->205
[2025-03-28T19:38:46.500+0530][gc,heap     ] GC(303) Archive regions: 2->2
[2025-03-28T19:38:46.500+0530][gc,heap     ] GC(303) Humongous regions: 140->140
[2025-03-28T19:38:46.500+0530][gc,metaspace] GC(303) Metaspace: 50742K(51392K)->50742K(51392K) NonClass: 45026K(45376K)->45026K(45376K) Class: 5716K(6016K)->5716K(6016K)
[2025-03-28T19:38:46.500+0530][gc          ] GC(303) Pause Young (Normal) (G1 Evacuation Pause) 395M->352M(1024M) 8.462ms
[2025-03-28T19:38:46.500+0530][gc,cpu      ] GC(303) User=0.02s Sys=0.00s Real=0.01s
[2025-03-28T19:38:47.413+0530][gc,start    ] GC(304) Pause Young (Normal) (G1 Evacuation Pause)
[2025-03-28T19:38:47.413+0530][gc,task     ] GC(304) Using 2 workers of 2 for evacuation
[2025-03-28T19:38:47.428+0530][gc,phases   ] GC(304)   Pre Evacuate Collection Set: 0.6ms
[2025-03-28T19:38:47.428+0530][gc,phases   ] GC(304)   Merge Heap Roots: 0.7ms
[2025-03-28T19:38:47.428+0530][gc,phases   ] GC(304)   Evacuate Collection Set: 11.2ms
[2025-03-28T19:38:47.428+0530][gc,phases   ] GC(304)   Post Evacuate Collection Set: 1.8ms
[2025-03-28T19:38:47.428+0530][gc,phases   ] GC(304)   Other: 0.7ms
[2025-03-28T19:38:47.428+0530][gc,heap     ] GC(304) Eden regions: 44->0(50)
[2025-03-28T19:38:47.428+0530][gc,heap     ] GC(304) Survivor regions: 7->1(7)
[2025-03-28T19:38:47.428+0530][gc,heap     ] GC(304) Old regions: 205->205
[2025-03-28T19:38:47.428+0530][gc,heap     ] GC(304) Archive regions: 2->2
[2025-03-28T19:38:47.428+0530][gc,heap     ] GC(304) Humongous regions: 142->140
[2025-03-28T19:38:47.428+0530][gc,metaspace] GC(304) Metaspace: 50742K(51392K)->50742K(51392K) NonClass: 45026K(45376K)->45026K(45376K) Class: 5716K(6016K)->5716K(6016K)
[2025-03-28T19:38:47.428+0530][gc          ] GC(304) Pause Young (Normal) (G1 Evacuation Pause) 398M->346M(1024M) 15.503ms
[2025-03-28T19:38:47.429+0530][gc,cpu      ] GC(304) User=0.03s Sys=0.00s Real=0.02s
[2025-03-28T19:38:47.505+0530][gc,start    ] GC(305) Pause Young (Normal) (G1 Evacuation Pause)
[2025-03-28T19:38:47.505+0530][gc,task     ] GC(305) Using 2 workers of 2 for evacuation
[2025-03-28T19:38:47.512+0530][gc,phases   ] GC(305)   Pre Evacuate Collection Set: 0.4ms
[2025-03-28T19:38:47.512+0530][gc,phases   ] GC(305)   Merge Heap Roots: 0.2ms
[2025-03-28T19:38:47.512+0530][gc,phases   ] GC(305)   Evacuate Collection Set: 5.7ms
[2025-03-28T19:38:47.512+0530][gc,phases   ] GC(305)   Post Evacuate Collection Set: 0.5ms
[2025-03-28T19:38:47.512+0530][gc,phases   ] GC(305)   Other: 0.1ms
[2025-03-28T19:38:47.512+0530][gc,heap     ] GC(305) Eden regions: 50->0(44)
[2025-03-28T19:38:47.512+0530][gc,heap     ] GC(305) Survivor regions: 1->7(7)
[2025-03-28T19:38:47.512+0530][gc,heap     ] GC(305) Old regions: 205->205
[2025-03-28T19:38:47.512+0530][gc,heap     ] GC(305) Archive regions: 2->2
[2025-03-28T19:38:47.512+0530][gc,heap     ] GC(305) Humongous regions: 140->140
[2025-03-28T19:38:47.512+0530][gc,metaspace] GC(305) Metaspace: 50742K(51392K)->50742K(51392K) NonClass: 45026K(45376K)->45026K(45376K) Class: 5716K(6016K)->5716K(6016K)
[2025-03-28T19:38:47.512+0530][gc          ] GC(305) Pause Young (Normal) (G1 Evacuation Pause) 396M->352M(1024M) 7.128ms
[2025-03-28T19:38:47.512+0530][gc,cpu      ] GC(305) User=0.01s Sys=0.00s Real=0.01s
[2025-03-28T19:38:47.590+0530][gc,start    ] GC(306) Pause Young (Normal) (G1 Evacuation Pause)
[2025-03-28T19:38:47.590+0530][gc,task     ] GC(306) Using 2 workers of 2 for evacuation
[2025-03-28T19:38:47.594+0530][gc,phases   ] GC(306)   Pre Evacuate Collection Set: 0.3ms
[2025-03-28T19:38:47.594+0530][gc,phases   ] GC(306)   Merge Heap Roots: 0.1ms
[2025-03-28T19:38:47.594+0530][gc,phases   ] GC(306)   Evacuate Collection Set: 3.4ms
[2025-03-28T19:38:47.594+0530][gc,phases   ] GC(306)   Post Evacuate Collection Set: 0.4ms
[2025-03-28T19:38:47.594+0530][gc,phases   ] GC(306)   Other: 0.1ms
[2025-03-28T19:38:47.594+0530][gc,heap     ] GC(306) Eden regions: 44->0(49)
[2025-03-28T19:38:47.594+0530][gc,heap     ] GC(306) Survivor regions: 7->2(7)
[2025-03-28T19:38:47.594+0530][gc,heap     ] GC(306) Old regions: 205->206
[2025-03-28T19:38:47.594+0530][gc,heap     ] GC(306) Archive regions: 2->2
[2025-03-28T19:38:47.594+0530][gc,heap     ] GC(306) Humongous regions: 142->142
[2025-03-28T19:38:47.594+0530][gc,metaspace] GC(306) Metaspace: 50742K(51392K)->50742K(51392K) NonClass: 45026K(45376K)->45026K(45376K) Class: 5716K(6016K)->5716K(6016K)
[2025-03-28T19:38:47.594+0530][gc          ] GC(306) Pause Young (Normal) (G1 Evacuation Pause) 398M->350M(1024M) 4.423ms
[2025-03-28T19:38:47.594+0530][gc,cpu      ] GC(306) User=0.01s Sys=0.00s Real=0.01s
[2025-03-28T19:46:56.790+0530][gc,start    ] GC(307) Pause Young (Normal) (G1 Evacuation Pause)
[2025-03-28T19:46:56.792+0530][gc,task     ] GC(307) Using 2 workers of 2 for evacuation
[2025-03-28T19:46:57.505+0530][gc,mmu      ] GC(307) MMU target violated: 21.0ms (20.0ms/21.0ms)
[2025-03-28T19:46:57.505+0530][gc,phases   ] GC(307)   Pre Evacuate Collection Set: 61.1ms
[2025-03-28T19:46:57.505+0530][gc,phases   ] GC(307)   Merge Heap Roots: 1.7ms
[2025-03-28T19:46:57.505+0530][gc,phases   ] GC(307)   Evacuate Collection Set: 636.9ms
[2025-03-28T19:46:57.505+0530][gc,phases   ] GC(307)   Post Evacuate Collection Set: 5.5ms
[2025-03-28T19:46:57.505+0530][gc,phases   ] GC(307)   Other: 17.4ms
[2025-03-28T19:46:57.506+0530][gc,heap     ] GC(307) Eden regions: 49->0(50)
[2025-03-28T19:46:57.506+0530][gc,heap     ] GC(307) Survivor regions: 2->1(7)
[2025-03-28T19:46:57.506+0530][gc,heap     ] GC(307) Old regions: 206->206
[2025-03-28T19:46:57.506+0530][gc,heap     ] GC(307) Archive regions: 2->2
[2025-03-28T19:46:57.506+0530][gc,heap     ] GC(307) Humongous regions: 142->140
[2025-03-28T19:46:57.506+0530][gc,metaspace] GC(307) Metaspace: 50944K(51584K)->50944K(51584K) NonClass: 45219K(45568K)->45219K(45568K) Class: 5725K(6016K)->5725K(6016K)
[2025-03-28T19:46:57.506+0530][gc          ] GC(307) Pause Young (Normal) (G1 Evacuation Pause) 399M->347M(1024M) 716.326ms
[2025-03-28T19:46:57.506+0530][gc,cpu      ] GC(307) User=0.01s Sys=0.01s Real=0.72s
[2025-03-28T19:48:40.893+0530][gc,start    ] GC(308) Pause Young (Normal) (G1 Evacuation Pause)
[2025-03-28T19:48:40.893+0530][gc,task     ] GC(308) Using 2 workers of 2 for evacuation
[2025-03-28T19:48:40.929+0530][gc,mmu      ] GC(308) MMU target violated: 21.0ms (20.0ms/21.0ms)
[2025-03-28T19:48:40.929+0530][gc,phases   ] GC(308)   Pre Evacuate Collection Set: 0.2ms
[2025-03-28T19:48:40.929+0530][gc,phases   ] GC(308)   Merge Heap Roots: 0.1ms
[2025-03-28T19:48:40.929+0530][gc,phases   ] GC(308)   Evacuate Collection Set: 34.8ms
[2025-03-28T19:48:40.929+0530][gc,phases   ] GC(308)   Post Evacuate Collection Set: 0.6ms
[2025-03-28T19:48:40.929+0530][gc,phases   ] GC(308)   Other: 0.4ms
[2025-03-28T19:48:40.929+0530][gc,heap     ] GC(308) Eden regions: 50->0(45)
[2025-03-28T19:48:40.929+0530][gc,heap     ] GC(308) Survivor regions: 1->6(7)
[2025-03-28T19:48:40.929+0530][gc,heap     ] GC(308) Old regions: 206->206
[2025-03-28T19:48:40.929+0530][gc,heap     ] GC(308) Archive regions: 2->2
[2025-03-28T19:48:40.929+0530][gc,heap     ] GC(308) Humongous regions: 140->140
[2025-03-28T19:48:40.929+0530][gc,metaspace] GC(308) Metaspace: 51307K(51968K)->51307K(51968K) NonClass: 45504K(45824K)->45504K(45824K) Class: 5802K(6144K)->5802K(6144K)
[2025-03-28T19:48:40.929+0530][gc          ] GC(308) Pause Young (Normal) (G1 Evacuation Pause) 397M->352M(1024M) 36.194ms
[2025-03-28T19:48:40.929+0530][gc,cpu      ] GC(308) User=0.01s Sys=0.00s Real=0.03s
[2025-03-28T19:48:44.195+0530][gc,start    ] GC(309) Pause Young (Normal) (G1 Evacuation Pause)
[2025-03-28T19:48:44.195+0530][gc,task     ] GC(309) Using 2 workers of 2 for evacuation
[2025-03-28T19:48:44.234+0530][gc,mmu      ] GC(309) MMU target violated: 21.0ms (20.0ms/21.0ms)
[2025-03-28T19:48:44.234+0530][gc,phases   ] GC(309)   Pre Evacuate Collection Set: 2.0ms
[2025-03-28T19:48:44.234+0530][gc,phases   ] GC(309)   Merge Heap Roots: 1.8ms
[2025-03-28T19:48:44.234+0530][gc,phases   ] GC(309)   Evacuate Collection Set: 34.1ms
[2025-03-28T19:48:44.234+0530][gc,phases   ] GC(309)   Post Evacuate Collection Set: 1.2ms
[2025-03-28T19:48:44.234+0530][gc,phases   ] GC(309)   Other: 0.3ms
[2025-03-28T19:48:44.234+0530][gc,heap     ] GC(309) Eden regions: 45->0(45)
[2025-03-28T19:48:44.234+0530][gc,heap     ] GC(309) Survivor regions: 6->6(7)
[2025-03-28T19:48:44.234+0530][gc,heap     ] GC(309) Old regions: 206->212
[2025-03-28T19:48:44.234+0530][gc,heap     ] GC(309) Archive regions: 2->2
[2025-03-28T19:48:44.234+0530][gc,heap     ] GC(309) Humongous regions: 140->140
[2025-03-28T19:48:44.234+0530][gc,metaspace] GC(309) Metaspace: 51501K(52160K)->51501K(52160K) NonClass: 45654K(45952K)->45654K(45952K) Class: 5847K(6208K)->5847K(6208K)
[2025-03-28T19:48:44.234+0530][gc          ] GC(309) Pause Young (Normal) (G1 Evacuation Pause) 397M->357M(1024M) 39.421ms
[2025-03-28T19:48:44.234+0530][gc,cpu      ] GC(309) User=0.02s Sys=0.00s Real=0.04s
[2025-03-28T19:48:44.336+0530][gc,start    ] GC(310) Pause Young (Normal) (G1 Evacuation Pause)
[2025-03-28T19:48:44.336+0530][gc,task     ] GC(310) Using 2 workers of 2 for evacuation
[2025-03-28T19:48:44.382+0530][gc,mmu      ] GC(310) MMU target violated: 21.0ms (20.0ms/21.0ms)
[2025-03-28T19:48:44.382+0530][gc,phases   ] GC(310)   Pre Evacuate Collection Set: 1.0ms
[2025-03-28T19:48:44.382+0530][gc,phases   ] GC(310)   Merge Heap Roots: 0.1ms
[2025-03-28T19:48:44.382+0530][gc,phases   ] GC(310)   Evacuate Collection Set: 43.7ms
[2025-03-28T19:48:44.382+0530][gc,phases   ] GC(310)   Post Evacuate Collection Set: 0.7ms
[2025-03-28T19:48:44.382+0530][gc,phases   ] GC(310)   Other: 1.1ms
[2025-03-28T19:48:44.382+0530][gc,heap     ] GC(310) Eden regions: 45->0(44)
[2025-03-28T19:48:44.382+0530][gc,heap     ] GC(310) Survivor regions: 6->7(7)
[2025-03-28T19:48:44.382+0530][gc,heap     ] GC(310) Old regions: 212->217
[2025-03-28T19:48:44.382+0530][gc,heap     ] GC(310) Archive regions: 2->2
[2025-03-28T19:48:44.382+0530][gc,heap     ] GC(310) Humongous regions: 140->140
[2025-03-28T19:48:44.382+0530][gc,metaspace] GC(310) Metaspace: 51521K(52224K)->51521K(52224K) NonClass: 45670K(46016K)->45670K(46016K) Class: 5850K(6208K)->5850K(6208K)
[2025-03-28T19:48:44.383+0530][gc          ] GC(310) Pause Young (Normal) (G1 Evacuation Pause) 402M->363M(1024M) 46.537ms
[2025-03-28T19:48:44.383+0530][gc,cpu      ] GC(310) User=0.02s Sys=0.01s Real=0.04s
[2025-03-28T19:48:44.569+0530][gc,start    ] GC(311) Pause Young (Concurrent Start) (G1 Evacuation Pause)
[2025-03-28T19:48:44.569+0530][gc,task     ] GC(311) Using 2 workers of 2 for evacuation
[2025-03-28T19:48:44.671+0530][gc,mmu      ] GC(311) MMU target violated: 21.0ms (20.0ms/21.0ms)
[2025-03-28T19:48:44.672+0530][gc,phases   ] GC(311)   Pre Evacuate Collection Set: 0.4ms
[2025-03-28T19:48:44.672+0530][gc,phases   ] GC(311)   Merge Heap Roots: 0.1ms
[2025-03-28T19:48:44.672+0530][gc,phases   ] GC(311)   Evacuate Collection Set: 94.2ms
[2025-03-28T19:48:44.672+0530][gc,phases   ] GC(311)   Post Evacuate Collection Set: 0.6ms
[2025-03-28T19:48:44.672+0530][gc,phases   ] GC(311)   Other: 6.9ms
[2025-03-28T19:48:44.672+0530][gc,heap     ] GC(311) Eden regions: 44->0(45)
[2025-03-28T19:48:44.672+0530][gc,heap     ] GC(311) Survivor regions: 7->6(7)
[2025-03-28T19:48:44.672+0530][gc,heap     ] GC(311) Old regions: 217->223
[2025-03-28T19:48:44.672+0530][gc,heap     ] GC(311) Archive regions: 2->2
[2025-03-28T19:48:44.672+0530][gc,heap     ] GC(311) Humongous regions: 140->140
[2025-03-28T19:48:44.672+0530][gc,metaspace] GC(311) Metaspace: 51594K(52288K)->51594K(52288K) NonClass: 45728K(46080K)->45728K(46080K) Class: 5865K(6208K)->5865K(6208K)
[2025-03-28T19:48:44.672+0530][gc          ] GC(311) Pause Young (Concurrent Start) (G1 Evacuation Pause) 407M->369M(1024M) 102.426ms
[2025-03-28T19:48:44.672+0530][gc,cpu      ] GC(311) User=0.04s Sys=0.01s Real=0.10s
[2025-03-28T19:48:44.777+0530][gc          ] GC(312) Concurrent Mark Cycle
[2025-03-28T19:48:44.901+0530][gc,marking  ] GC(312) Concurrent Clear Claimed Marks
[2025-03-28T19:48:44.901+0530][gc,marking  ] GC(312) Concurrent Clear Claimed Marks 0.093ms
[2025-03-28T19:48:44.901+0530][gc,marking  ] GC(312) Concurrent Scan Root Regions
[2025-03-28T19:48:48.627+0530][gc,marking  ] GC(312) Concurrent Scan Root Regions 3725.140ms
[2025-03-28T19:48:48.627+0530][gc,marking  ] GC(312) Concurrent Mark
[2025-03-28T19:48:48.627+0530][gc,marking  ] GC(312) Concurrent Mark From Roots
[2025-03-28T19:48:48.627+0530][gc,task     ] GC(312) Using 1 workers of 1 for marking
[2025-03-28T19:48:48.650+0530][gc,start    ] GC(313) Pause Young (Normal) (G1 Evacuation Pause)
[2025-03-28T19:48:48.650+0530][gc,task     ] GC(313) Using 2 workers of 2 for evacuation
[2025-03-28T19:48:48.688+0530][gc,mmu      ] GC(313) MMU target violated: 21.0ms (20.0ms/21.0ms)
[2025-03-28T19:48:48.688+0530][gc,phases   ] GC(313)   Pre Evacuate Collection Set: 0.2ms
[2025-03-28T19:48:48.688+0530][gc,phases   ] GC(313)   Merge Heap Roots: 0.1ms
[2025-03-28T19:48:48.688+0530][gc,phases   ] GC(313)   Evacuate Collection Set: 37.1ms
[2025-03-28T19:48:48.688+0530][gc,phases   ] GC(313)   Post Evacuate Collection Set: 0.5ms
[2025-03-28T19:48:48.688+0530][gc,phases   ] GC(313)   Other: 0.2ms
[2025-03-28T19:48:48.688+0530][gc,heap     ] GC(313) Eden regions: 45->0(48)
[2025-03-28T19:48:48.688+0530][gc,heap     ] GC(313) Survivor regions: 6->3(7)
[2025-03-28T19:48:48.688+0530][gc,heap     ] GC(313) Old regions: 223->229
[2025-03-28T19:48:48.688+0530][gc,heap     ] GC(313) Archive regions: 2->2
[2025-03-28T19:48:48.688+0530][gc,heap     ] GC(313) Humongous regions: 146->146
[2025-03-28T19:48:48.688+0530][gc,metaspace] GC(313) Metaspace: 51640K(52288K)->51640K(52288K) NonClass: 45762K(46080K)->45762K(46080K) Class: 5877K(6208K)->5877K(6208K)
[2025-03-28T19:48:48.688+0530][gc          ] GC(313) Pause Young (Normal) (G1 Evacuation Pause) 420M->378M(1024M) 38.127ms
[2025-03-28T19:48:48.688+0530][gc,cpu      ] GC(313) User=0.04s Sys=0.01s Real=0.03s
[2025-03-28T19:48:48.729+0530][gc,start    ] GC(314) Pause Young (Normal) (G1 Evacuation Pause)
[2025-03-28T19:48:48.729+0530][gc,task     ] GC(314) Using 2 workers of 2 for evacuation
[2025-03-28T19:48:48.746+0530][gc,phases   ] GC(314)   Pre Evacuate Collection Set: 0.2ms
[2025-03-28T19:48:48.746+0530][gc,phases   ] GC(314)   Merge Heap Roots: 0.0ms
[2025-03-28T19:48:48.746+0530][gc,phases   ] GC(314)   Evacuate Collection Set: 16.2ms
[2025-03-28T19:48:48.746+0530][gc,phases   ] GC(314)   Post Evacuate Collection Set: 0.6ms
[2025-03-28T19:48:48.746+0530][gc,phases   ] GC(314)   Other: 0.3ms
[2025-03-28T19:48:48.746+0530][gc,heap     ] GC(314) Eden regions: 48->0(48)
[2025-03-28T19:48:48.746+0530][gc,heap     ] GC(314) Survivor regions: 3->3(7)
[2025-03-28T19:48:48.746+0530][gc,heap     ] GC(314) Old regions: 229->229
[2025-03-28T19:48:48.746+0530][gc,heap     ] GC(314) Archive regions: 2->2
[2025-03-28T19:48:48.746+0530][gc,heap     ] GC(314) Humongous regions: 146->146
[2025-03-28T19:48:48.746+0530][gc,metaspace] GC(314) Metaspace: 51652K(52352K)->51652K(52352K) NonClass: 45771K(46144K)->45771K(46144K) Class: 5880K(6208K)->5880K(6208K)
[2025-03-28T19:48:48.746+0530][gc          ] GC(314) Pause Young (Normal) (G1 Evacuation Pause) 426M->378M(1024M) 17.393ms
[2025-03-28T19:48:48.746+0530][gc,cpu      ] GC(314) User=0.02s Sys=0.00s Real=0.01s
[2025-03-28T19:48:49.022+0530][gc,start    ] GC(315) Pause Young (Normal) (G1 Evacuation Pause)
[2025-03-28T19:48:49.022+0530][gc,task     ] GC(315) Using 2 workers of 2 for evacuation
[2025-03-28T19:48:49.061+0530][gc,mmu      ] GC(315) MMU target violated: 21.0ms (20.0ms/21.0ms)
[2025-03-28T19:48:49.061+0530][gc,phases   ] GC(315)   Pre Evacuate Collection Set: 0.2ms
[2025-03-28T19:48:49.061+0530][gc,phases   ] GC(315)   Merge Heap Roots: 0.1ms
[2025-03-28T19:48:49.061+0530][gc,phases   ] GC(315)   Evacuate Collection Set: 20.3ms
[2025-03-28T19:48:49.061+0530][gc,phases   ] GC(315)   Post Evacuate Collection Set: 17.9ms
[2025-03-28T19:48:49.061+0530][gc,phases   ] GC(315)   Other: 0.3ms
[2025-03-28T19:48:49.061+0530][gc,heap     ] GC(315) Eden regions: 48->0(48)
[2025-03-28T19:48:49.061+0530][gc,heap     ] GC(315) Survivor regions: 3->3(7)
[2025-03-28T19:48:49.061+0530][gc,heap     ] GC(315) Old regions: 229->229
[2025-03-28T19:48:49.061+0530][gc,heap     ] GC(315) Archive regions: 2->2
[2025-03-28T19:48:49.061+0530][gc,heap     ] GC(315) Humongous regions: 149->144
[2025-03-28T19:48:49.061+0530][gc,metaspace] GC(315) Metaspace: 51669K(52416K)->51669K(52416K) NonClass: 45784K(46144K)->45784K(46144K) Class: 5884K(6272K)->5884K(6272K)
[2025-03-28T19:48:49.061+0530][gc          ] GC(315) Pause Young (Normal) (G1 Evacuation Pause) 429M->376M(1024M) 38.958ms
[2025-03-28T19:48:49.061+0530][gc,cpu      ] GC(315) User=0.02s Sys=0.00s Real=0.04s
[2025-03-28T19:48:51.621+0530][gc,marking  ] GC(312) Concurrent Mark From Roots 2994.090ms
[2025-03-28T19:48:51.621+0530][gc,marking  ] GC(312) Concurrent Preclean
[2025-03-28T19:48:51.622+0530][gc,marking  ] GC(312) Concurrent Preclean 0.551ms
[2025-03-28T19:48:51.622+0530][gc,start    ] GC(312) Pause Remark
[2025-03-28T19:48:52.270+0530][gc,mmu      ] GC(312) MMU target violated: 21.0ms (20.0ms/21.0ms)
[2025-03-28T19:48:52.270+0530][gc          ] GC(312) Pause Remark 384M->303M(1024M) 647.999ms
[2025-03-28T19:48:52.270+0530][gc,cpu      ] GC(312) User=0.00s Sys=0.13s Real=0.65s
[2025-03-28T19:48:52.271+0530][gc,marking  ] GC(312) Concurrent Mark 3644.376ms
[2025-03-28T19:48:52.271+0530][gc,marking  ] GC(312) Concurrent Rebuild Remembered Sets
[2025-03-28T19:48:52.412+0530][gc,marking  ] GC(312) Concurrent Rebuild Remembered Sets 141.166ms
[2025-03-28T19:48:52.412+0530][gc,start    ] GC(312) Pause Cleanup
[2025-03-28T19:48:52.413+0530][gc          ] GC(312) Pause Cleanup 303M->303M(1024M) 0.238ms
[2025-03-28T19:48:52.413+0530][gc,cpu      ] GC(312) User=0.00s Sys=0.00s Real=0.00s
[2025-03-28T19:48:52.413+0530][gc,marking  ] GC(312) Concurrent Cleanup for Next Mark
[2025-03-28T19:48:52.910+0530][gc,start    ] GC(316) Pause Young (Prepare Mixed) (G1 Evacuation Pause)
[2025-03-28T19:48:52.910+0530][gc,task     ] GC(316) Using 2 workers of 2 for evacuation
[2025-03-28T19:48:52.977+0530][gc,mmu      ] GC(316) MMU target violated: 21.0ms (20.0ms/21.0ms)
[2025-03-28T19:48:52.977+0530][gc,phases   ] GC(316)   Pre Evacuate Collection Set: 16.1ms
[2025-03-28T19:48:52.977+0530][gc,phases   ] GC(316)   Merge Heap Roots: 1.5ms
[2025-03-28T19:48:52.977+0530][gc,phases   ] GC(316)   Evacuate Collection Set: 48.0ms
[2025-03-28T19:48:52.977+0530][gc,phases   ] GC(316)   Post Evacuate Collection Set: 1.5ms
[2025-03-28T19:48:52.977+0530][gc,phases   ] GC(316)   Other: 0.3ms
[2025-03-28T19:48:52.977+0530][gc,heap     ] GC(316) Eden regions: 48->0(44)
[2025-03-28T19:48:52.977+0530][gc,heap     ] GC(316) Survivor regions: 3->7(7)
[2025-03-28T19:48:52.977+0530][gc,heap     ] GC(316) Old regions: 150->152
[2025-03-28T19:48:52.977+0530][gc,heap     ] GC(316) Archive regions: 2->2
[2025-03-28T19:48:52.977+0530][gc,heap     ] GC(316) Humongous regions: 145->138
[2025-03-28T19:48:52.977+0530][gc,metaspace] GC(316) Metaspace: 52032K(52864K)->52032K(52864K) NonClass: 46078K(46528K)->46078K(46528K) Class: 5954K(6336K)->5954K(6336K)
[2025-03-28T19:48:52.977+0530][gc          ] GC(316) Pause Young (Prepare Mixed) (G1 Evacuation Pause) 346M->297M(1024M) 67.414ms
[2025-03-28T19:48:52.977+0530][gc,cpu      ] GC(316) User=0.03s Sys=0.00s Real=0.07s
[2025-03-28T19:48:53.716+0530][gc,start    ] GC(317) Pause Young (Mixed) (G1 Evacuation Pause)
[2025-03-28T19:48:53.716+0530][gc,task     ] GC(317) Using 2 workers of 2 for evacuation
[2025-03-28T19:48:57.875+0530][gc,mmu      ] GC(317) MMU target violated: 21.0ms (20.0ms/21.0ms)
[2025-03-28T19:48:57.875+0530][gc,phases   ] GC(317)   Pre Evacuate Collection Set: 0.3ms
[2025-03-28T19:48:57.875+0530][gc,phases   ] GC(317)   Merge Heap Roots: 0.3ms
[2025-03-28T19:48:57.875+0530][gc,phases   ] GC(317)   Evacuate Collection Set: 4157.2ms
[2025-03-28T19:48:57.875+0530][gc,phases   ] GC(317)   Post Evacuate Collection Set: 0.4ms
[2025-03-28T19:48:57.875+0530][gc,phases   ] GC(317)   Other: 0.3ms
[2025-03-28T19:48:57.875+0530][gc,heap     ] GC(317) Eden regions: 44->0(45)
[2025-03-28T19:48:57.875+0530][gc,heap     ] GC(317) Survivor regions: 7->6(7)
[2025-03-28T19:48:57.875+0530][gc,heap     ] GC(317) Old regions: 152->152
[2025-03-28T19:48:57.875+0530][gc,heap     ] GC(317) Archive regions: 2->2
[2025-03-28T19:48:57.875+0530][gc,heap     ] GC(317) Humongous regions: 138->138
[2025-03-28T19:48:57.875+0530][gc,metaspace] GC(317) Metaspace: 52032K(52864K)->52032K(52864K) NonClass: 46078K(46528K)->46078K(46528K) Class: 5954K(6336K)->5954K(6336K)
[2025-03-28T19:48:57.875+0530][gc          ] GC(317) Pause Young (Mixed) (G1 Evacuation Pause) 341M->296M(1024M) 4158.632ms
[2025-03-28T19:48:57.875+0530][gc,cpu      ] GC(317) User=0.08s Sys=0.01s Real=4.15s
[2025-03-28T19:48:58.216+0530][gc,start    ] GC(318) Pause Young (Mixed) (G1 Evacuation Pause)
[2025-03-28T19:48:58.216+0530][gc,task     ] GC(318) Using 2 workers of 2 for evacuation
[2025-03-28T19:48:58.325+0530][gc,mmu      ] GC(318) MMU target violated: 21.0ms (20.0ms/21.0ms)
[2025-03-28T19:48:58.325+0530][gc,phases   ] GC(318)   Pre Evacuate Collection Set: 0.3ms
[2025-03-28T19:48:58.325+0530][gc,phases   ] GC(318)   Merge Heap Roots: 0.1ms
[2025-03-28T19:48:58.325+0530][gc,phases   ] GC(318)   Evacuate Collection Set: 105.0ms
[2025-03-28T19:48:58.325+0530][gc,phases   ] GC(318)   Post Evacuate Collection Set: 2.2ms
[2025-03-28T19:48:58.325+0530][gc,phases   ] GC(318)   Other: 1.6ms
[2025-03-28T19:48:58.325+0530][gc,heap     ] GC(318) Eden regions: 45->0(45)
[2025-03-28T19:48:58.325+0530][gc,heap     ] GC(318) Survivor regions: 6->6(7)
[2025-03-28T19:48:58.325+0530][gc,heap     ] GC(318) Old regions: 152->151
[2025-03-28T19:48:58.325+0530][gc,heap     ] GC(318) Archive regions: 2->2
[2025-03-28T19:48:58.325+0530][gc,heap     ] GC(318) Humongous regions: 140->140
[2025-03-28T19:48:58.325+0530][gc,metaspace] GC(318) Metaspace: 52032K(52864K)->52032K(52864K) NonClass: 46078K(46528K)->46078K(46528K) Class: 5954K(6336K)->5954K(6336K)
[2025-03-28T19:48:58.325+0530][gc          ] GC(318) Pause Young (Mixed) (G1 Evacuation Pause) 343M->296M(1024M) 109.269ms
[2025-03-28T19:48:58.326+0530][gc,cpu      ] GC(318) User=0.03s Sys=0.01s Real=0.12s
[2025-03-28T19:49:00.112+0530][gc,start    ] GC(319) Pause Young (Mixed) (G1 Evacuation Pause)
[2025-03-28T19:49:00.112+0530][gc,task     ] GC(319) Using 2 workers of 2 for evacuation
[2025-03-28T19:49:00.153+0530][gc,mmu      ] GC(319) MMU target violated: 21.0ms (20.0ms/21.0ms)
[2025-03-28T19:49:00.153+0530][gc,phases   ] GC(319)   Pre Evacuate Collection Set: 0.9ms
[2025-03-28T19:49:00.153+0530][gc,phases   ] GC(319)   Merge Heap Roots: 0.4ms
[2025-03-28T19:49:00.153+0530][gc,phases   ] GC(319)   Evacuate Collection Set: 37.8ms
[2025-03-28T19:49:00.153+0530][gc,phases   ] GC(319)   Post Evacuate Collection Set: 1.6ms
[2025-03-28T19:49:00.153+0530][gc,phases   ] GC(319)   Other: 0.7ms
[2025-03-28T19:49:00.153+0530][gc,heap     ] GC(319) Eden regions: 45->0(50)
[2025-03-28T19:49:00.153+0530][gc,heap     ] GC(319) Survivor regions: 6->1(7)
[2025-03-28T19:49:00.153+0530][gc,heap     ] GC(319) Old regions: 151->149
[2025-03-28T19:49:00.153+0530][gc,heap     ] GC(319) Archive regions: 2->2
[2025-03-28T19:49:00.154+0530][gc,heap     ] GC(319) Humongous regions: 145->140
[2025-03-28T19:49:00.154+0530][gc,metaspace] GC(319) Metaspace: 52035K(52864K)->52035K(52864K) NonClass: 46081K(46528K)->46081K(46528K) Class: 5954K(6336K)->5954K(6336K)
[2025-03-28T19:49:00.154+0530][gc          ] GC(319) Pause Young (Mixed) (G1 Evacuation Pause) 346M->290M(1024M) 41.430ms
[2025-03-28T19:49:00.154+0530][gc,cpu      ] GC(319) User=0.04s Sys=0.00s Real=0.04s
[2025-03-28T19:49:01.749+0530][gc,marking  ] GC(312) Concurrent Cleanup for Next Mark 9336.045ms
[2025-03-28T19:49:01.749+0530][gc          ] GC(312) Concurrent Mark Cycle 16972.104ms
[2025-03-28T19:49:01.921+0530][gc,start    ] GC(320) Pause Young (Mixed) (G1 Evacuation Pause)
[2025-03-28T19:49:01.921+0530][gc,task     ] GC(320) Using 2 workers of 2 for evacuation
[2025-03-28T19:49:01.951+0530][gc,mmu      ] GC(320) MMU target violated: 21.0ms (20.0ms/21.0ms)
[2025-03-28T19:49:01.951+0530][gc,phases   ] GC(320)   Pre Evacuate Collection Set: 0.4ms
[2025-03-28T19:49:01.951+0530][gc,phases   ] GC(320)   Merge Heap Roots: 0.3ms
[2025-03-28T19:49:01.951+0530][gc,phases   ] GC(320)   Evacuate Collection Set: 28.9ms
[2025-03-28T19:49:01.951+0530][gc,phases   ] GC(320)   Post Evacuate Collection Set: 0.6ms
[2025-03-28T19:49:01.951+0530][gc,phases   ] GC(320)   Other: 0.3ms
[2025-03-28T19:49:01.951+0530][gc,heap     ] GC(320) Eden regions: 50->0(48)
[2025-03-28T19:49:01.951+0530][gc,heap     ] GC(320) Survivor regions: 1->3(7)
[2025-03-28T19:49:01.951+0530][gc,heap     ] GC(320) Old regions: 149->143
[2025-03-28T19:49:01.951+0530][gc,heap     ] GC(320) Archive regions: 2->2
[2025-03-28T19:49:01.951+0530][gc,heap     ] GC(320) Humongous regions: 143->138
[2025-03-28T19:49:01.951+0530][gc,metaspace] GC(320) Metaspace: 52039K(52864K)->52039K(52864K) NonClass: 46084K(46528K)->46084K(46528K) Class: 5955K(6336K)->5955K(6336K)
[2025-03-28T19:49:01.951+0530][gc          ] GC(320) Pause Young (Mixed) (G1 Evacuation Pause) 343M->283M(1024M) 30.702ms
[2025-03-28T19:49:01.951+0530][gc,cpu      ] GC(320) User=0.02s Sys=0.01s Real=0.03s
[2025-03-28T19:49:02.092+0530][gc,start    ] GC(321) Pause Young (Mixed) (G1 Evacuation Pause)
[2025-03-28T19:49:02.092+0530][gc,task     ] GC(321) Using 2 workers of 2 for evacuation
[2025-03-28T19:49:02.105+0530][gc,phases   ] GC(321)   Pre Evacuate Collection Set: 0.2ms
[2025-03-28T19:49:02.105+0530][gc,phases   ] GC(321)   Merge Heap Roots: 0.1ms
[2025-03-28T19:49:02.105+0530][gc,phases   ] GC(321)   Evacuate Collection Set: 12.1ms
[2025-03-28T19:49:02.105+0530][gc,phases   ] GC(321)   Post Evacuate Collection Set: 0.7ms
[2025-03-28T19:49:02.105+0530][gc,phases   ] GC(321)   Other: 0.2ms
[2025-03-28T19:49:02.105+0530][gc,heap     ] GC(321) Eden regions: 48->0(44)
[2025-03-28T19:49:02.105+0530][gc,heap     ] GC(321) Survivor regions: 3->7(7)
[2025-03-28T19:49:02.105+0530][gc,heap     ] GC(321) Old regions: 143->136
[2025-03-28T19:49:02.105+0530][gc,heap     ] GC(321) Archive regions: 2->2
[2025-03-28T19:49:02.105+0530][gc,heap     ] GC(321) Humongous regions: 140->140
[2025-03-28T19:49:02.105+0530][gc,metaspace] GC(321) Metaspace: 52039K(52864K)->52039K(52864K) NonClass: 46084K(46528K)->46084K(46528K) Class: 5955K(6336K)->5955K(6336K)
[2025-03-28T19:49:02.105+0530][gc          ] GC(321) Pause Young (Mixed) (G1 Evacuation Pause) 333M->283M(1024M) 13.569ms
[2025-03-28T19:49:02.105+0530][gc,cpu      ] GC(321) User=0.01s Sys=0.01s Real=0.03s
[2025-03-28T19:49:02.410+0530][gc,start    ] GC(322) Pause Young (Mixed) (G1 Evacuation Pause)
[2025-03-28T19:49:02.410+0530][gc,task     ] GC(322) Using 2 workers of 2 for evacuation
[2025-03-28T19:49:02.484+0530][gc,mmu      ] GC(322) MMU target violated: 21.0ms (20.0ms/21.0ms)
[2025-03-28T19:49:02.484+0530][gc,phases   ] GC(322)   Pre Evacuate Collection Set: 0.2ms
[2025-03-28T19:49:02.484+0530][gc,phases   ] GC(322)   Merge Heap Roots: 0.1ms
[2025-03-28T19:49:02.484+0530][gc,phases   ] GC(322)   Evacuate Collection Set: 72.7ms
[2025-03-28T19:49:02.484+0530][gc,phases   ] GC(322)   Post Evacuate Collection Set: 0.5ms
[2025-03-28T19:49:02.484+0530][gc,phases   ] GC(322)   Other: 0.2ms
[2025-03-28T19:49:02.484+0530][gc,heap     ] GC(322) Eden regions: 44->0(48)
[2025-03-28T19:49:02.484+0530][gc,heap     ] GC(322) Survivor regions: 7->3(7)
[2025-03-28T19:49:02.484+0530][gc,heap     ] GC(322) Old regions: 136->136
[2025-03-28T19:49:02.484+0530][gc,heap     ] GC(322) Archive regions: 2->2
[2025-03-28T19:49:02.484+0530][gc,heap     ] GC(322) Humongous regions: 140->138
[2025-03-28T19:49:02.484+0530][gc,metaspace] GC(322) Metaspace: 52039K(52864K)->52039K(52864K) NonClass: 46084K(46528K)->46084K(46528K) Class: 5955K(6336K)->5955K(6336K)
[2025-03-28T19:49:02.484+0530][gc          ] GC(322) Pause Young (Mixed) (G1 Evacuation Pause) 327M->277M(1024M) 74.042ms
[2025-03-28T19:49:02.484+0530][gc,cpu      ] GC(322) User=0.03s Sys=0.00s Real=0.07s
[2025-03-28T19:49:02.668+0530][gc,start    ] GC(323) Pause Young (Mixed) (G1 Evacuation Pause)
[2025-03-28T19:49:02.668+0530][gc,task     ] GC(323) Using 2 workers of 2 for evacuation
[2025-03-28T19:49:02.711+0530][gc,mmu      ] GC(323) MMU target violated: 21.0ms (20.0ms/21.0ms)
[2025-03-28T19:49:02.711+0530][gc,phases   ] GC(323)   Pre Evacuate Collection Set: 0.4ms
[2025-03-28T19:49:02.711+0530][gc,phases   ] GC(323)   Merge Heap Roots: 0.4ms
[2025-03-28T19:49:02.711+0530][gc,phases   ] GC(323)   Evacuate Collection Set: 38.4ms
[2025-03-28T19:49:02.711+0530][gc,phases   ] GC(323)   Post Evacuate Collection Set: 3.3ms
[2025-03-28T19:49:02.711+0530][gc,phases   ] GC(323)   Other: 0.2ms
[2025-03-28T19:49:02.711+0530][gc,heap     ] GC(323) Eden regions: 48->0(44)
[2025-03-28T19:49:02.711+0530][gc,heap     ] GC(323) Survivor regions: 3->7(7)
[2025-03-28T19:49:02.711+0530][gc,heap     ] GC(323) Old regions: 136->131
[2025-03-28T19:49:02.711+0530][gc,heap     ] GC(323) Archive regions: 2->2
[2025-03-28T19:49:02.711+0530][gc,heap     ] GC(323) Humongous regions: 138->138
[2025-03-28T19:49:02.711+0530][gc,metaspace] GC(323) Metaspace: 52041K(52864K)->52041K(52864K) NonClass: 46085K(46528K)->46085K(46528K) Class: 5955K(6336K)->5955K(6336K)
[2025-03-28T19:49:02.711+0530][gc          ] GC(323) Pause Young (Mixed) (G1 Evacuation Pause) 325M->276M(1024M) 42.796ms
[2025-03-28T19:49:02.711+0530][gc,cpu      ] GC(323) User=0.02s Sys=0.00s Real=0.04s
[2025-03-28T19:49:07.414+0530][gc,start    ] GC(324) Pause Young (Mixed) (G1 Evacuation Pause)
[2025-03-28T19:49:07.414+0530][gc,task     ] GC(324) Using 2 workers of 2 for evacuation
[2025-03-28T19:49:07.429+0530][gc,phases   ] GC(324)   Pre Evacuate Collection Set: 1.1ms
[2025-03-28T19:49:07.429+0530][gc,phases   ] GC(324)   Merge Heap Roots: 0.4ms
[2025-03-28T19:49:07.429+0530][gc,phases   ] GC(324)   Evacuate Collection Set: 12.3ms
[2025-03-28T19:49:07.429+0530][gc,phases   ] GC(324)   Post Evacuate Collection Set: 0.7ms
[2025-03-28T19:49:07.429+0530][gc,phases   ] GC(324)   Other: 0.3ms
[2025-03-28T19:49:07.429+0530][gc,heap     ] GC(324) Eden regions: 44->0(50)
[2025-03-28T19:49:07.429+0530][gc,heap     ] GC(324) Survivor regions: 7->1(7)
[2025-03-28T19:49:07.429+0530][gc,heap     ] GC(324) Old regions: 131->129
[2025-03-28T19:49:07.429+0530][gc,heap     ] GC(324) Archive regions: 2->2
[2025-03-28T19:49:07.429+0530][gc,heap     ] GC(324) Humongous regions: 140->138
[2025-03-28T19:49:07.429+0530][gc,metaspace] GC(324) Metaspace: 52044K(52864K)->52044K(52864K) NonClass: 46088K(46528K)->46088K(46528K) Class: 5955K(6336K)->5955K(6336K)
[2025-03-28T19:49:07.429+0530][gc          ] GC(324) Pause Young (Mixed) (G1 Evacuation Pause) 322M->267M(1024M) 15.055ms
[2025-03-28T19:49:07.429+0530][gc,cpu      ] GC(324) User=0.00s Sys=0.00s Real=0.01s
[2025-03-28T19:49:11.196+0530][gc,start    ] GC(325) Pause Young (Normal) (G1 Evacuation Pause)
[2025-03-28T19:49:11.196+0530][gc,task     ] GC(325) Using 2 workers of 2 for evacuation
[2025-03-28T19:49:11.205+0530][gc,phases   ] GC(325)   Pre Evacuate Collection Set: 0.2ms
[2025-03-28T19:49:11.205+0530][gc,phases   ] GC(325)   Merge Heap Roots: 0.1ms
[2025-03-28T19:49:11.205+0530][gc,phases   ] GC(325)   Evacuate Collection Set: 8.1ms
[2025-03-28T19:49:11.205+0530][gc,phases   ] GC(325)   Post Evacuate Collection Set: 0.7ms
[2025-03-28T19:49:11.205+0530][gc,phases   ] GC(325)   Other: 0.2ms
[2025-03-28T19:49:11.205+0530][gc,heap     ] GC(325) Eden regions: 50->0(44)
[2025-03-28T19:49:11.205+0530][gc,heap     ] GC(325) Survivor regions: 1->7(7)
[2025-03-28T19:49:11.205+0530][gc,heap     ] GC(325) Old regions: 129->129
[2025-03-28T19:49:11.205+0530][gc,heap     ] GC(325) Archive regions: 2->2
[2025-03-28T19:49:11.205+0530][gc,heap     ] GC(325) Humongous regions: 138->138
[2025-03-28T19:49:11.205+0530][gc,metaspace] GC(325) Metaspace: 52047K(52864K)->52047K(52864K) NonClass: 46092K(46528K)->46092K(46528K) Class: 5955K(6336K)->5955K(6336K)
[2025-03-28T19:49:11.205+0530][gc          ] GC(325) Pause Young (Normal) (G1 Evacuation Pause) 317M->273M(1024M) 9.541ms
[2025-03-28T19:49:11.205+0530][gc,cpu      ] GC(325) User=0.02s Sys=0.00s Real=0.01s
[2025-03-28T19:49:11.290+0530][gc,start    ] GC(326) Pause Young (Normal) (G1 Evacuation Pause)
[2025-03-28T19:49:11.290+0530][gc,task     ] GC(326) Using 2 workers of 2 for evacuation
[2025-03-28T19:49:11.294+0530][gc,phases   ] GC(326)   Pre Evacuate Collection Set: 0.2ms
[2025-03-28T19:49:11.294+0530][gc,phases   ] GC(326)   Merge Heap Roots: 0.0ms
[2025-03-28T19:49:11.294+0530][gc,phases   ] GC(326)   Evacuate Collection Set: 3.7ms
[2025-03-28T19:49:11.294+0530][gc,phases   ] GC(326)   Post Evacuate Collection Set: 0.5ms
[2025-03-28T19:49:11.294+0530][gc,phases   ] GC(326)   Other: 0.1ms
[2025-03-28T19:49:11.294+0530][gc,heap     ] GC(326) Eden regions: 44->0(49)
[2025-03-28T19:49:11.294+0530][gc,heap     ] GC(326) Survivor regions: 7->2(7)
[2025-03-28T19:49:11.294+0530][gc,heap     ] GC(326) Old regions: 129->130
[2025-03-28T19:49:11.294+0530][gc,heap     ] GC(326) Archive regions: 2->2
[2025-03-28T19:49:11.294+0530][gc,heap     ] GC(326) Humongous regions: 140->140
[2025-03-28T19:49:11.294+0530][gc,metaspace] GC(326) Metaspace: 52047K(52864K)->52047K(52864K) NonClass: 46092K(46528K)->46092K(46528K) Class: 5955K(6336K)->5955K(6336K)
[2025-03-28T19:49:11.294+0530][gc          ] GC(326) Pause Young (Normal) (G1 Evacuation Pause) 319M->272M(1024M) 4.592ms
[2025-03-28T19:49:11.294+0530][gc,cpu      ] GC(326) User=0.01s Sys=0.00s Real=0.00s
[2025-03-28T19:49:12.636+0530][gc,start    ] GC(327) Pause Young (Normal) (G1 Evacuation Pause)
[2025-03-28T19:49:12.636+0530][gc,task     ] GC(327) Using 2 workers of 2 for evacuation
[2025-03-28T19:49:12.680+0530][gc,mmu      ] GC(327) MMU target violated: 21.0ms (20.0ms/21.0ms)
[2025-03-28T19:49:12.680+0530][gc,phases   ] GC(327)   Pre Evacuate Collection Set: 0.3ms
[2025-03-28T19:49:12.680+0530][gc,phases   ] GC(327)   Merge Heap Roots: 0.1ms
[2025-03-28T19:49:12.680+0530][gc,phases   ] GC(327)   Evacuate Collection Set: 42.2ms
[2025-03-28T19:49:12.680+0530][gc,phases   ] GC(327)   Post Evacuate Collection Set: 1.3ms
[2025-03-28T19:49:12.680+0530][gc,phases   ] GC(327)   Other: 0.2ms
[2025-03-28T19:49:12.680+0530][gc,heap     ] GC(327) Eden regions: 49->0(45)
[2025-03-28T19:49:12.680+0530][gc,heap     ] GC(327) Survivor regions: 2->6(7)
[2025-03-28T19:49:12.680+0530][gc,heap     ] GC(327) Old regions: 130->130
[2025-03-28T19:49:12.680+0530][gc,heap     ] GC(327) Archive regions: 2->2
[2025-03-28T19:49:12.680+0530][gc,heap     ] GC(327) Humongous regions: 140->138
[2025-03-28T19:49:12.680+0530][gc,metaspace] GC(327) Metaspace: 52047K(52864K)->52047K(52864K) NonClass: 46092K(46528K)->46092K(46528K) Class: 5955K(6336K)->5955K(6336K)
[2025-03-28T19:49:12.680+0530][gc          ] GC(327) Pause Young (Normal) (G1 Evacuation Pause) 321M->273M(1024M) 44.231ms
[2025-03-28T19:49:12.680+0530][gc,cpu      ] GC(327) User=0.02s Sys=0.00s Real=0.04s
[2025-03-28T19:49:13.054+0530][gc,start    ] GC(328) Pause Young (Normal) (G1 Evacuation Pause)
[2025-03-28T19:49:13.054+0530][gc,task     ] GC(328) Using 2 workers of 2 for evacuation
[2025-03-28T19:49:13.087+0530][gc,mmu      ] GC(328) MMU target violated: 21.0ms (20.0ms/21.0ms)
[2025-03-28T19:49:13.087+0530][gc,phases   ] GC(328)   Pre Evacuate Collection Set: 0.2ms
[2025-03-28T19:49:13.087+0530][gc,phases   ] GC(328)   Merge Heap Roots: 0.1ms
[2025-03-28T19:49:13.087+0530][gc,phases   ] GC(328)   Evacuate Collection Set: 31.6ms
[2025-03-28T19:49:13.087+0530][gc,phases   ] GC(328)   Post Evacuate Collection Set: 0.4ms
[2025-03-28T19:49:13.087+0530][gc,phases   ] GC(328)   Other: 0.2ms
[2025-03-28T19:49:13.087+0530][gc,heap     ] GC(328) Eden regions: 45->0(49)
[2025-03-28T19:49:13.087+0530][gc,heap     ] GC(328) Survivor regions: 6->2(7)
[2025-03-28T19:49:13.087+0530][gc,heap     ] GC(328) Old regions: 130->131
[2025-03-28T19:49:13.087+0530][gc,heap     ] GC(328) Archive regions: 2->2
[2025-03-28T19:49:13.087+0530][gc,heap     ] GC(328) Humongous regions: 140->140
[2025-03-28T19:49:13.087+0530][gc,metaspace] GC(328) Metaspace: 52047K(52864K)->52047K(52864K) NonClass: 46092K(46528K)->46092K(46528K) Class: 5955K(6336K)->5955K(6336K)
[2025-03-28T19:49:13.087+0530][gc          ] GC(328) Pause Young (Normal) (G1 Evacuation Pause) 320M->273M(1024M) 32.534ms
[2025-03-28T19:49:13.087+0530][gc,cpu      ] GC(328) User=0.01s Sys=0.00s Real=0.02s
[2025-03-28T19:49:21.334+0530][gc,start    ] GC(329) Pause Young (Normal) (G1 Evacuation Pause)
[2025-03-28T19:49:21.338+0530][gc,task     ] GC(329) Using 2 workers of 2 for evacuation
[2025-03-28T19:49:21.354+0530][gc,phases   ] GC(329)   Pre Evacuate Collection Set: 0.3ms
[2025-03-28T19:49:21.354+0530][gc,phases   ] GC(329)   Merge Heap Roots: 0.1ms
[2025-03-28T19:49:21.355+0530][gc,phases   ] GC(329)   Evacuate Collection Set: 15.8ms
[2025-03-28T19:49:21.355+0530][gc,phases   ] GC(329)   Post Evacuate Collection Set: 0.5ms
[2025-03-28T19:49:21.355+0530][gc,phases   ] GC(329)   Other: 3.5ms
[2025-03-28T19:49:21.355+0530][gc,heap     ] GC(329) Eden regions: 49->0(47)
[2025-03-28T19:49:21.355+0530][gc,heap     ] GC(329) Survivor regions: 2->4(7)
[2025-03-28T19:49:21.355+0530][gc,heap     ] GC(329) Old regions: 131->131
[2025-03-28T19:49:21.355+0530][gc,heap     ] GC(329) Archive regions: 2->2
[2025-03-28T19:49:21.355+0530][gc,heap     ] GC(329) Humongous regions: 140->138
[2025-03-28T19:49:21.355+0530][gc,metaspace] GC(329) Metaspace: 52057K(52864K)->52057K(52864K) NonClass: 46101K(46528K)->46101K(46528K) Class: 5955K(6336K)->5955K(6336K)
[2025-03-28T19:49:21.355+0530][gc          ] GC(329) Pause Young (Normal) (G1 Evacuation Pause) 322M->273M(1024M) 20.238ms
[2025-03-28T19:49:21.355+0530][gc,cpu      ] GC(329) User=0.01s Sys=0.00s Real=0.02s
[2025-03-28T19:49:21.631+0530][gc,start    ] GC(330) Pause Young (Normal) (G1 Evacuation Pause)
[2025-03-28T19:49:21.631+0530][gc,task     ] GC(330) Using 2 workers of 2 for evacuation
[2025-03-28T19:49:21.680+0530][gc,mmu      ] GC(330) MMU target violated: 21.0ms (20.0ms/21.0ms)
[2025-03-28T19:49:21.680+0530][gc,phases   ] GC(330)   Pre Evacuate Collection Set: 0.2ms
[2025-03-28T19:49:21.680+0530][gc,phases   ] GC(330)   Merge Heap Roots: 0.1ms
[2025-03-28T19:49:21.680+0530][gc,phases   ] GC(330)   Evacuate Collection Set: 42.7ms
[2025-03-28T19:49:21.680+0530][gc,phases   ] GC(330)   Post Evacuate Collection Set: 5.6ms
[2025-03-28T19:49:21.680+0530][gc,phases   ] GC(330)   Other: 0.2ms
[2025-03-28T19:49:21.680+0530][gc,heap     ] GC(330) Eden regions: 47->0(49)
[2025-03-28T19:49:21.680+0530][gc,heap     ] GC(330) Survivor regions: 4->2(7)
[2025-03-28T19:49:21.680+0530][gc,heap     ] GC(330) Old regions: 131->132
[2025-03-28T19:49:21.680+0530][gc,heap     ] GC(330) Archive regions: 2->2
[2025-03-28T19:49:21.680+0530][gc,heap     ] GC(330) Humongous regions: 140->140
[2025-03-28T19:49:21.680+0530][gc,metaspace] GC(330) Metaspace: 52057K(52864K)->52057K(52864K) NonClass: 46101K(46528K)->46101K(46528K) Class: 5955K(6336K)->5955K(6336K)
[2025-03-28T19:49:21.680+0530][gc          ] GC(330) Pause Young (Normal) (G1 Evacuation Pause) 322M->274M(1024M) 48.977ms
[2025-03-28T19:49:21.680+0530][gc,cpu      ] GC(330) User=0.01s Sys=0.00s Real=0.05s
[2025-03-28T19:49:22.461+0530][gc,start    ] GC(331) Pause Young (Normal) (G1 Evacuation Pause)
[2025-03-28T19:49:22.461+0530][gc,task     ] GC(331) Using 2 workers of 2 for evacuation
[2025-03-28T19:49:22.483+0530][gc,mmu      ] GC(331) MMU target violated: 21.0ms (20.0ms/21.0ms)
[2025-03-28T19:49:22.483+0530][gc,phases   ] GC(331)   Pre Evacuate Collection Set: 4.1ms
[2025-03-28T19:49:22.483+0530][gc,phases   ] GC(331)   Merge Heap Roots: 0.7ms
[2025-03-28T19:49:22.483+0530][gc,phases   ] GC(331)   Evacuate Collection Set: 10.6ms
[2025-03-28T19:49:22.483+0530][gc,phases   ] GC(331)   Post Evacuate Collection Set: 6.1ms
[2025-03-28T19:49:22.483+0530][gc,phases   ] GC(331)   Other: 0.3ms
[2025-03-28T19:49:22.483+0530][gc,heap     ] GC(331) Eden regions: 49->0(48)
[2025-03-28T19:49:22.483+0530][gc,heap     ] GC(331) Survivor regions: 2->3(7)
[2025-03-28T19:49:22.483+0530][gc,heap     ] GC(331) Old regions: 132->132
[2025-03-28T19:49:22.483+0530][gc,heap     ] GC(331) Archive regions: 2->2
[2025-03-28T19:49:22.483+0530][gc,heap     ] GC(331) Humongous regions: 140->138
[2025-03-28T19:49:22.483+0530][gc,metaspace] GC(331) Metaspace: 52059K(52864K)->52059K(52864K) NonClass: 46103K(46528K)->46103K(46528K) Class: 5955K(6336K)->5955K(6336K)
[2025-03-28T19:49:22.483+0530][gc          ] GC(331) Pause Young (Normal) (G1 Evacuation Pause) 323M->273M(1024M) 21.805ms
[2025-03-28T19:49:22.483+0530][gc,cpu      ] GC(331) User=0.00s Sys=0.01s Real=0.02s
[2025-03-28T19:49:22.706+0530][gc,start    ] GC(332) Pause Young (Normal) (G1 Evacuation Pause)
[2025-03-28T19:49:22.706+0530][gc,task     ] GC(332) Using 2 workers of 2 for evacuation
[2025-03-28T19:49:22.745+0530][gc,mmu      ] GC(332) MMU target violated: 21.0ms (20.0ms/21.0ms)
[2025-03-28T19:49:22.745+0530][gc,phases   ] GC(332)   Pre Evacuate Collection Set: 5.0ms
[2025-03-28T19:49:22.745+0530][gc,phases   ] GC(332)   Merge Heap Roots: 2.7ms
[2025-03-28T19:49:22.745+0530][gc,phases   ] GC(332)   Evacuate Collection Set: 28.2ms
[2025-03-28T19:49:22.745+0530][gc,phases   ] GC(332)   Post Evacuate Collection Set: 3.0ms
[2025-03-28T19:49:22.745+0530][gc,phases   ] GC(332)   Other: 0.2ms
[2025-03-28T19:49:22.745+0530][gc,heap     ] GC(332) Eden regions: 48->0(48)
[2025-03-28T19:49:22.745+0530][gc,heap     ] GC(332) Survivor regions: 3->3(7)
[2025-03-28T19:49:22.745+0530][gc,heap     ] GC(332) Old regions: 132->132
[2025-03-28T19:49:22.745+0530][gc,heap     ] GC(332) Archive regions: 2->2
[2025-03-28T19:49:22.745+0530][gc,heap     ] GC(332) Humongous regions: 140->140
[2025-03-28T19:49:22.745+0530][gc,metaspace] GC(332) Metaspace: 52059K(52864K)->52059K(52864K) NonClass: 46103K(46528K)->46103K(46528K) Class: 5955K(6336K)->5955K(6336K)
[2025-03-28T19:49:22.746+0530][gc          ] GC(332) Pause Young (Normal) (G1 Evacuation Pause) 323M->274M(1024M) 39.235ms
[2025-03-28T19:49:22.746+0530][gc,cpu      ] GC(332) User=0.00s Sys=0.01s Real=0.04s
[2025-03-28T19:49:29.169+0530][gc,start    ] GC(333) Pause Young (Normal) (G1 Evacuation Pause)
[2025-03-28T19:49:29.169+0530][gc,task     ] GC(333) Using 2 workers of 2 for evacuation
[2025-03-28T19:49:29.217+0530][gc,mmu      ] GC(333) MMU target violated: 21.0ms (20.0ms/21.0ms)
[2025-03-28T19:49:29.217+0530][gc,phases   ] GC(333)   Pre Evacuate Collection Set: 7.1ms
[2025-03-28T19:49:29.217+0530][gc,phases   ] GC(333)   Merge Heap Roots: 1.6ms
[2025-03-28T19:49:29.218+0530][gc,phases   ] GC(333)   Evacuate Collection Set: 24.6ms
[2025-03-28T19:49:29.218+0530][gc,phases   ] GC(333)   Post Evacuate Collection Set: 15.1ms
[2025-03-28T19:49:29.218+0530][gc,phases   ] GC(333)   Other: 0.2ms
[2025-03-28T19:49:29.218+0530][gc,heap     ] GC(333) Eden regions: 48->0(49)
[2025-03-28T19:49:29.218+0530][gc,heap     ] GC(333) Survivor regions: 3->2(7)
[2025-03-28T19:49:29.218+0530][gc,heap     ] GC(333) Old regions: 132->132
[2025-03-28T19:49:29.218+0530][gc,heap     ] GC(333) Archive regions: 2->2
[2025-03-28T19:49:29.218+0530][gc,heap     ] GC(333) Humongous regions: 140->138
[2025-03-28T19:49:29.218+0530][gc,metaspace] GC(333) Metaspace: 52179K(52864K)->52179K(52864K) NonClass: 46191K(46528K)->46191K(46528K) Class: 5988K(6336K)->5988K(6336K)
[2025-03-28T19:49:29.218+0530][gc          ] GC(333) Pause Young (Normal) (G1 Evacuation Pause) 322M->272M(1024M) 48.581ms
[2025-03-28T19:49:29.218+0530][gc,cpu      ] GC(333) User=0.00s Sys=0.01s Real=0.04s
[2025-03-28T19:49:29.407+0530][gc,start    ] GC(334) Pause Young (Normal) (G1 Evacuation Pause)
[2025-03-28T19:49:29.407+0530][gc,task     ] GC(334) Using 2 workers of 2 for evacuation
[2025-03-28T19:49:29.460+0530][gc,mmu      ] GC(334) MMU target violated: 21.0ms (20.0ms/21.0ms)
[2025-03-28T19:49:29.460+0530][gc,phases   ] GC(334)   Pre Evacuate Collection Set: 0.4ms
[2025-03-28T19:49:29.460+0530][gc,phases   ] GC(334)   Merge Heap Roots: 0.1ms
[2025-03-28T19:49:29.460+0530][gc,phases   ] GC(334)   Evacuate Collection Set: 51.0ms
[2025-03-28T19:49:29.460+0530][gc,phases   ] GC(334)   Post Evacuate Collection Set: 1.2ms
[2025-03-28T19:49:29.460+0530][gc,phases   ] GC(334)   Other: 0.2ms
[2025-03-28T19:49:29.460+0530][gc,heap     ] GC(334) Eden regions: 49->0(44)
[2025-03-28T19:49:29.460+0530][gc,heap     ] GC(334) Survivor regions: 2->7(7)
[2025-03-28T19:49:29.460+0530][gc,heap     ] GC(334) Old regions: 132->132
[2025-03-28T19:49:29.460+0530][gc,heap     ] GC(334) Archive regions: 2->2
[2025-03-28T19:49:29.460+0530][gc,heap     ] GC(334) Humongous regions: 138->138
[2025-03-28T19:49:29.460+0530][gc,metaspace] GC(334) Metaspace: 52179K(52864K)->52179K(52864K) NonClass: 46191K(46528K)->46191K(46528K) Class: 5988K(6336K)->5988K(6336K)
[2025-03-28T19:49:29.460+0530][gc          ] GC(334) Pause Young (Normal) (G1 Evacuation Pause) 321M->277M(1024M) 52.924ms
[2025-03-28T19:49:29.460+0530][gc,cpu      ] GC(334) User=0.01s Sys=0.00s Real=0.05s
[2025-03-28T19:49:32.395+0530][gc,start    ] GC(335) Pause Young (Normal) (G1 Evacuation Pause)
[2025-03-28T19:49:32.395+0530][gc,task     ] GC(335) Using 2 workers of 2 for evacuation
[2025-03-28T19:49:35.463+0530][gc,mmu      ] GC(335) MMU target violated: 21.0ms (20.0ms/21.0ms)
[2025-03-28T19:49:35.464+0530][gc,phases   ] GC(335)   Pre Evacuate Collection Set: 0.2ms
[2025-03-28T19:49:35.464+0530][gc,phases   ] GC(335)   Merge Heap Roots: 0.1ms
[2025-03-28T19:49:35.464+0530][gc,phases   ] GC(335)   Evacuate Collection Set: 3056.6ms
[2025-03-28T19:49:35.464+0530][gc,phases   ] GC(335)   Post Evacuate Collection Set: 1.5ms
[2025-03-28T19:49:35.464+0530][gc,phases   ] GC(335)   Other: 9.9ms
[2025-03-28T19:49:35.464+0530][gc,heap     ] GC(335) Eden regions: 44->0(50)
[2025-03-28T19:49:35.464+0530][gc,heap     ] GC(335) Survivor regions: 7->1(7)
[2025-03-28T19:49:35.464+0530][gc,heap     ] GC(335) Old regions: 132->133
[2025-03-28T19:49:35.464+0530][gc,heap     ] GC(335) Archive regions: 2->2
[2025-03-28T19:49:35.464+0530][gc,heap     ] GC(335) Humongous regions: 143->138
[2025-03-28T19:49:35.464+0530][gc,metaspace] GC(335) Metaspace: 52179K(52864K)->52179K(52864K) NonClass: 46191K(46528K)->46191K(46528K) Class: 5988K(6336K)->5988K(6336K)
[2025-03-28T19:49:35.464+0530][gc          ] GC(335) Pause Young (Normal) (G1 Evacuation Pause) 326M->272M(1024M) 3068.588ms
[2025-03-28T19:49:35.464+0530][gc,cpu      ] GC(335) User=0.03s Sys=0.01s Real=3.07s
[2025-03-28T19:49:39.234+0530][gc,start    ] GC(336) Pause Young (Normal) (G1 Evacuation Pause)
[2025-03-28T19:49:39.234+0530][gc,task     ] GC(336) Using 2 workers of 2 for evacuation
[2025-03-28T19:49:39.258+0530][gc,mmu      ] GC(336) MMU target violated: 21.0ms (20.0ms/21.0ms)
[2025-03-28T19:49:39.258+0530][gc,phases   ] GC(336)   Pre Evacuate Collection Set: 0.3ms
[2025-03-28T19:49:39.259+0530][gc,phases   ] GC(336)   Merge Heap Roots: 0.1ms
[2025-03-28T19:49:39.259+0530][gc,phases   ] GC(336)   Evacuate Collection Set: 23.7ms
[2025-03-28T19:49:39.259+0530][gc,phases   ] GC(336)   Post Evacuate Collection Set: 0.7ms
[2025-03-28T19:49:39.259+0530][gc,phases   ] GC(336)   Other: 0.2ms
[2025-03-28T19:49:39.259+0530][gc,heap     ] GC(336) Eden regions: 50->0(44)
[2025-03-28T19:49:39.259+0530][gc,heap     ] GC(336) Survivor regions: 1->7(7)
[2025-03-28T19:49:39.259+0530][gc,heap     ] GC(336) Old regions: 133->133
[2025-03-28T19:49:39.259+0530][gc,heap     ] GC(336) Archive regions: 2->2
[2025-03-28T19:49:39.259+0530][gc,heap     ] GC(336) Humongous regions: 138->138
[2025-03-28T19:49:39.259+0530][gc,metaspace] GC(336) Metaspace: 52189K(52928K)->52189K(52928K) NonClass: 46201K(46592K)->46201K(46592K) Class: 5988K(6336K)->5988K(6336K)
[2025-03-28T19:49:39.259+0530][gc          ] GC(336) Pause Young (Normal) (G1 Evacuation Pause) 322M->277M(1024M) 25.044ms
[2025-03-28T19:49:39.259+0530][gc,cpu      ] GC(336) User=0.01s Sys=0.00s Real=0.02s
[2025-03-28T19:49:39.354+0530][gc,start    ] GC(337) Pause Young (Normal) (G1 Evacuation Pause)
[2025-03-28T19:49:39.354+0530][gc,task     ] GC(337) Using 2 workers of 2 for evacuation
[2025-03-28T19:49:39.447+0530][gc,mmu      ] GC(337) MMU target violated: 21.0ms (20.0ms/21.0ms)
[2025-03-28T19:49:39.447+0530][gc,phases   ] GC(337)   Pre Evacuate Collection Set: 0.4ms
[2025-03-28T19:49:39.447+0530][gc,phases   ] GC(337)   Merge Heap Roots: 0.3ms
[2025-03-28T19:49:39.447+0530][gc,phases   ] GC(337)   Evacuate Collection Set: 91.7ms
[2025-03-28T19:49:39.447+0530][gc,phases   ] GC(337)   Post Evacuate Collection Set: 1.0ms
[2025-03-28T19:49:39.447+0530][gc,phases   ] GC(337)   Other: 0.2ms
[2025-03-28T19:49:39.448+0530][gc,heap     ] GC(337) Eden regions: 44->0(45)
[2025-03-28T19:49:39.448+0530][gc,heap     ] GC(337) Survivor regions: 7->6(7)
[2025-03-28T19:49:39.448+0530][gc,heap     ] GC(337) Old regions: 133->139
[2025-03-28T19:49:39.448+0530][gc,heap     ] GC(337) Archive regions: 2->2
[2025-03-28T19:49:39.448+0530][gc,heap     ] GC(337) Humongous regions: 138->138
[2025-03-28T19:49:39.448+0530][gc,metaspace] GC(337) Metaspace: 52189K(52928K)->52189K(52928K) NonClass: 46201K(46592K)->46201K(46592K) Class: 5988K(6336K)->5988K(6336K)
[2025-03-28T19:49:39.448+0530][gc          ] GC(337) Pause Young (Normal) (G1 Evacuation Pause) 321M->283M(1024M) 93.658ms
[2025-03-28T19:49:39.448+0530][gc,cpu      ] GC(337) User=0.04s Sys=0.00s Real=0.10s
[2025-03-28T19:49:39.617+0530][gc,start    ] GC(338) Pause Young (Normal) (G1 Evacuation Pause)
[2025-03-28T19:49:39.617+0530][gc,task     ] GC(338) Using 2 workers of 2 for evacuation
[2025-03-28T19:49:39.649+0530][gc,mmu      ] GC(338) MMU target violated: 21.0ms (20.0ms/21.0ms)
[2025-03-28T19:49:39.649+0530][gc,phases   ] GC(338)   Pre Evacuate Collection Set: 0.2ms
[2025-03-28T19:49:39.649+0530][gc,phases   ] GC(338)   Merge Heap Roots: 0.1ms
[2025-03-28T19:49:39.649+0530][gc,phases   ] GC(338)   Evacuate Collection Set: 30.9ms
[2025-03-28T19:49:39.649+0530][gc,phases   ] GC(338)   Post Evacuate Collection Set: 0.5ms
[2025-03-28T19:49:39.649+0530][gc,phases   ] GC(338)   Other: 0.3ms
[2025-03-28T19:49:39.649+0530][gc,heap     ] GC(338) Eden regions: 45->0(46)
[2025-03-28T19:49:39.649+0530][gc,heap     ] GC(338) Survivor regions: 6->5(7)
[2025-03-28T19:49:39.649+0530][gc,heap     ] GC(338) Old regions: 139->145
[2025-03-28T19:49:39.649+0530][gc,heap     ] GC(338) Archive regions: 2->2
[2025-03-28T19:49:39.649+0530][gc,heap     ] GC(338) Humongous regions: 142->142
[2025-03-28T19:49:39.649+0530][gc,metaspace] GC(338) Metaspace: 52189K(52928K)->52189K(52928K) NonClass: 46201K(46592K)->46201K(46592K) Class: 5988K(6336K)->5988K(6336K)
[2025-03-28T19:49:39.649+0530][gc          ] GC(338) Pause Young (Normal) (G1 Evacuation Pause) 332M->291M(1024M) 32.041ms
[2025-03-28T19:49:39.649+0530][gc,cpu      ] GC(338) User=0.03s Sys=0.00s Real=0.03s
[2025-03-28T19:49:39.684+0530][gc,start    ] GC(339) Pause Young (Normal) (G1 Evacuation Pause)
[2025-03-28T19:49:39.684+0530][gc,task     ] GC(339) Using 2 workers of 2 for evacuation
[2025-03-28T19:49:39.692+0530][gc,phases   ] GC(339)   Pre Evacuate Collection Set: 0.2ms
[2025-03-28T19:49:39.692+0530][gc,phases   ] GC(339)   Merge Heap Roots: 0.1ms
[2025-03-28T19:49:39.692+0530][gc,phases   ] GC(339)   Evacuate Collection Set: 6.8ms
[2025-03-28T19:49:39.692+0530][gc,phases   ] GC(339)   Post Evacuate Collection Set: 0.8ms
[2025-03-28T19:49:39.692+0530][gc,phases   ] GC(339)   Other: 0.2ms
[2025-03-28T19:49:39.692+0530][gc,heap     ] GC(339) Eden regions: 46->0(50)
[2025-03-28T19:49:39.692+0530][gc,heap     ] GC(339) Survivor regions: 5->1(7)
[2025-03-28T19:49:39.692+0530][gc,heap     ] GC(339) Old regions: 145->149
[2025-03-28T19:49:39.692+0530][gc,heap     ] GC(339) Archive regions: 2->2
[2025-03-28T19:49:39.692+0530][gc,heap     ] GC(339) Humongous regions: 142->142
[2025-03-28T19:49:39.692+0530][gc,metaspace] GC(339) Metaspace: 52189K(52928K)->52189K(52928K) NonClass: 46201K(46592K)->46201K(46592K) Class: 5988K(6336K)->5988K(6336K)
[2025-03-28T19:49:39.692+0530][gc          ] GC(339) Pause Young (Normal) (G1 Evacuation Pause) 337M->292M(1024M) 8.283ms
[2025-03-28T19:49:39.692+0530][gc,cpu      ] GC(339) User=0.02s Sys=0.00s Real=0.01s
[2025-03-28T19:49:42.500+0530][gc,start    ] GC(340) Pause Young (Normal) (G1 Evacuation Pause)
[2025-03-28T19:49:42.500+0530][gc,task     ] GC(340) Using 2 workers of 2 for evacuation
[2025-03-28T19:49:42.506+0530][gc,phases   ] GC(340)   Pre Evacuate Collection Set: 0.2ms
[2025-03-28T19:49:42.506+0530][gc,phases   ] GC(340)   Merge Heap Roots: 0.1ms
[2025-03-28T19:49:42.506+0530][gc,phases   ] GC(340)   Evacuate Collection Set: 5.3ms
[2025-03-28T19:49:42.506+0530][gc,phases   ] GC(340)   Post Evacuate Collection Set: 0.5ms
[2025-03-28T19:49:42.506+0530][gc,phases   ] GC(340)   Other: 0.2ms
[2025-03-28T19:49:42.506+0530][gc,heap     ] GC(340) Eden regions: 50->0(47)
[2025-03-28T19:49:42.506+0530][gc,heap     ] GC(340) Survivor regions: 1->4(7)
[2025-03-28T19:49:42.506+0530][gc,heap     ] GC(340) Old regions: 149->149
[2025-03-28T19:49:42.506+0530][gc,heap     ] GC(340) Archive regions: 2->2
[2025-03-28T19:49:42.506+0530][gc,heap     ] GC(340) Humongous regions: 142->142
[2025-03-28T19:49:42.506+0530][gc,metaspace] GC(340) Metaspace: 52194K(52992K)->52194K(52992K) NonClass: 46206K(46656K)->46206K(46656K) Class: 5988K(6336K)->5988K(6336K)
[2025-03-28T19:49:42.506+0530][gc          ] GC(340) Pause Young (Normal) (G1 Evacuation Pause) 342M->295M(1024M) 6.525ms
[2025-03-28T19:49:42.506+0530][gc,cpu      ] GC(340) User=0.01s Sys=0.00s Real=0.01s
[2025-03-28T19:49:42.593+0530][gc,start    ] GC(341) Pause Young (Normal) (G1 Evacuation Pause)
[2025-03-28T19:49:42.594+0530][gc,task     ] GC(341) Using 2 workers of 2 for evacuation
[2025-03-28T19:49:42.598+0530][gc,phases   ] GC(341)   Pre Evacuate Collection Set: 0.2ms
[2025-03-28T19:49:42.598+0530][gc,phases   ] GC(341)   Merge Heap Roots: 0.1ms
[2025-03-28T19:49:42.598+0530][gc,phases   ] GC(341)   Evacuate Collection Set: 4.0ms
[2025-03-28T19:49:42.598+0530][gc,phases   ] GC(341)   Post Evacuate Collection Set: 0.4ms
[2025-03-28T19:49:42.598+0530][gc,phases   ] GC(341)   Other: 0.1ms
[2025-03-28T19:49:42.598+0530][gc,heap     ] GC(341) Eden regions: 47->0(48)
[2025-03-28T19:49:42.598+0530][gc,heap     ] GC(341) Survivor regions: 4->3(7)
[2025-03-28T19:49:42.598+0530][gc,heap     ] GC(341) Old regions: 149->149
[2025-03-28T19:49:42.598+0530][gc,heap     ] GC(341) Archive regions: 2->2
[2025-03-28T19:49:42.598+0530][gc,heap     ] GC(341) Humongous regions: 144->144
[2025-03-28T19:49:42.598+0530][gc,metaspace] GC(341) Metaspace: 52194K(52992K)->52194K(52992K) NonClass: 46206K(46656K)->46206K(46656K) Class: 5988K(6336K)->5988K(6336K)
[2025-03-28T19:49:42.598+0530][gc          ] GC(341) Pause Young (Normal) (G1 Evacuation Pause) 344M->296M(1024M) 4.999ms
[2025-03-28T19:49:42.599+0530][gc,cpu      ] GC(341) User=0.01s Sys=0.00s Real=0.02s
[2025-03-28T19:49:50.787+0530][gc,start    ] GC(342) Pause Young (Normal) (G1 Evacuation Pause)
[2025-03-28T19:49:50.787+0530][gc,task     ] GC(342) Using 2 workers of 2 for evacuation
[2025-03-28T19:49:50.820+0530][gc,mmu      ] GC(342) MMU target violated: 21.0ms (20.0ms/21.0ms)
[2025-03-28T19:49:50.820+0530][gc,phases   ] GC(342)   Pre Evacuate Collection Set: 0.6ms
[2025-03-28T19:49:50.820+0530][gc,phases   ] GC(342)   Merge Heap Roots: 0.1ms
[2025-03-28T19:49:50.820+0530][gc,phases   ] GC(342)   Evacuate Collection Set: 13.3ms
[2025-03-28T19:49:50.820+0530][gc,phases   ] GC(342)   Post Evacuate Collection Set: 19.1ms
[2025-03-28T19:49:50.820+0530][gc,phases   ] GC(342)   Other: 0.2ms
[2025-03-28T19:49:50.820+0530][gc,heap     ] GC(342) Eden regions: 48->0(48)
[2025-03-28T19:49:50.820+0530][gc,heap     ] GC(342) Survivor regions: 3->3(7)
[2025-03-28T19:49:50.820+0530][gc,heap     ] GC(342) Old regions: 149->149
[2025-03-28T19:49:50.820+0530][gc,heap     ] GC(342) Archive regions: 2->2
[2025-03-28T19:49:50.820+0530][gc,heap     ] GC(342) Humongous regions: 144->142
[2025-03-28T19:49:50.820+0530][gc,metaspace] GC(342) Metaspace: 52368K(53120K)->52368K(53120K) NonClass: 46376K(46784K)->46376K(46784K) Class: 5991K(6336K)->5991K(6336K)
[2025-03-28T19:49:50.820+0530][gc          ] GC(342) Pause Young (Normal) (G1 Evacuation Pause) 344M->294M(1024M) 33.436ms
[2025-03-28T19:49:50.820+0530][gc,cpu      ] GC(342) User=0.00s Sys=0.00s Real=0.05s
[2025-03-28T19:49:51.016+0530][gc,start    ] GC(343) Pause Young (Normal) (G1 Evacuation Pause)
[2025-03-28T19:49:51.016+0530][gc,task     ] GC(343) Using 2 workers of 2 for evacuation
[2025-03-28T19:49:51.077+0530][gc,mmu      ] GC(343) MMU target violated: 21.0ms (20.0ms/21.0ms)
[2025-03-28T19:49:51.077+0530][gc,phases   ] GC(343)   Pre Evacuate Collection Set: 0.2ms
[2025-03-28T19:49:51.077+0530][gc,phases   ] GC(343)   Merge Heap Roots: 0.1ms
[2025-03-28T19:49:51.077+0530][gc,phases   ] GC(343)   Evacuate Collection Set: 59.7ms
[2025-03-28T19:49:51.077+0530][gc,phases   ] GC(343)   Post Evacuate Collection Set: 0.6ms
[2025-03-28T19:49:51.077+0530][gc,phases   ] GC(343)   Other: 0.2ms
[2025-03-28T19:49:51.077+0530][gc,heap     ] GC(343) Eden regions: 48->0(44)
[2025-03-28T19:49:51.077+0530][gc,heap     ] GC(343) Survivor regions: 3->7(7)
[2025-03-28T19:49:51.077+0530][gc,heap     ] GC(343) Old regions: 149->151
[2025-03-28T19:49:51.077+0530][gc,heap     ] GC(343) Archive regions: 2->2
[2025-03-28T19:49:51.077+0530][gc,heap     ] GC(343) Humongous regions: 142->142
[2025-03-28T19:49:51.077+0530][gc,metaspace] GC(343) Metaspace: 52368K(53120K)->52368K(53120K) NonClass: 46376K(46784K)->46376K(46784K) Class: 5991K(6336K)->5991K(6336K)
[2025-03-28T19:49:51.077+0530][gc          ] GC(343) Pause Young (Normal) (G1 Evacuation Pause) 342M->299M(1024M) 60.831ms
[2025-03-28T19:49:51.077+0530][gc,cpu      ] GC(343) User=0.01s Sys=0.01s Real=0.08s
[2025-03-28T19:49:52.418+0530][gc,start    ] GC(344) Pause Young (Normal) (G1 Evacuation Pause)
[2025-03-28T19:49:52.418+0530][gc,task     ] GC(344) Using 2 workers of 2 for evacuation
[2025-03-28T19:49:52.442+0530][gc,mmu      ] GC(344) MMU target violated: 21.0ms (20.0ms/21.0ms)
[2025-03-28T19:49:52.442+0530][gc,phases   ] GC(344)   Pre Evacuate Collection Set: 0.8ms
[2025-03-28T19:49:52.443+0530][gc,phases   ] GC(344)   Merge Heap Roots: 0.4ms
[2025-03-28T19:49:52.443+0530][gc,phases   ] GC(344)   Evacuate Collection Set: 19.6ms
[2025-03-28T19:49:52.443+0530][gc,phases   ] GC(344)   Post Evacuate Collection Set: 1.6ms
[2025-03-28T19:49:52.443+0530][gc,phases   ] GC(344)   Other: 2.1ms
[2025-03-28T19:49:52.443+0530][gc,heap     ] GC(344) Eden regions: 44->0(50)
[2025-03-28T19:49:52.443+0530][gc,heap     ] GC(344) Survivor regions: 7->1(7)
[2025-03-28T19:49:52.443+0530][gc,heap     ] GC(344) Old regions: 151->152
[2025-03-28T19:49:52.443+0530][gc,heap     ] GC(344) Archive regions: 2->2
[2025-03-28T19:49:52.443+0530][gc,heap     ] GC(344) Humongous regions: 144->142
[2025-03-28T19:49:52.443+0530][gc,metaspace] GC(344) Metaspace: 52370K(53120K)->52370K(53120K) NonClass: 46378K(46784K)->46378K(46784K) Class: 5991K(6336K)->5991K(6336K)
[2025-03-28T19:49:52.443+0530][gc          ] GC(344) Pause Young (Normal) (G1 Evacuation Pause) 345M->295M(1024M) 25.102ms
[2025-03-28T19:49:52.443+0530][gc,cpu      ] GC(344) User=0.02s Sys=0.01s Real=0.03s
[2025-03-28T19:49:52.599+0530][gc,start    ] GC(345) Pause Young (Normal) (G1 Evacuation Pause)
[2025-03-28T19:49:52.599+0530][gc,task     ] GC(345) Using 2 workers of 2 for evacuation
[2025-03-28T19:49:52.612+0530][gc,phases   ] GC(345)   Pre Evacuate Collection Set: 0.2ms
[2025-03-28T19:49:52.612+0530][gc,phases   ] GC(345)   Merge Heap Roots: 0.1ms
[2025-03-28T19:49:52.612+0530][gc,phases   ] GC(345)   Evacuate Collection Set: 11.5ms
[2025-03-28T19:49:52.612+0530][gc,phases   ] GC(345)   Post Evacuate Collection Set: 0.4ms
[2025-03-28T19:49:52.612+0530][gc,phases   ] GC(345)   Other: 0.1ms
[2025-03-28T19:49:52.612+0530][gc,heap     ] GC(345) Eden regions: 50->0(44)
[2025-03-28T19:49:52.612+0530][gc,heap     ] GC(345) Survivor regions: 1->7(7)
[2025-03-28T19:49:52.612+0530][gc,heap     ] GC(345) Old regions: 152->152
[2025-03-28T19:49:52.612+0530][gc,heap     ] GC(345) Archive regions: 2->2
[2025-03-28T19:49:52.612+0530][gc,heap     ] GC(345) Humongous regions: 142->142
[2025-03-28T19:49:52.612+0530][gc,metaspace] GC(345) Metaspace: 52371K(53120K)->52371K(53120K) NonClass: 46379K(46784K)->46379K(46784K) Class: 5991K(6336K)->5991K(6336K)
[2025-03-28T19:49:52.612+0530][gc          ] GC(345) Pause Young (Normal) (G1 Evacuation Pause) 345M->300M(1024M) 12.479ms
[2025-03-28T19:49:52.612+0530][gc,cpu      ] GC(345) User=0.01s Sys=0.00s Real=0.00s
[2025-03-28T19:49:52.706+0530][gc,start    ] GC(346) Pause Young (Normal) (G1 Evacuation Pause)
[2025-03-28T19:49:52.706+0530][gc,task     ] GC(346) Using 2 workers of 2 for evacuation
[2025-03-28T19:49:52.726+0530][gc,phases   ] GC(346)   Pre Evacuate Collection Set: 0.4ms
[2025-03-28T19:49:52.726+0530][gc,phases   ] GC(346)   Merge Heap Roots: 0.1ms
[2025-03-28T19:49:52.726+0530][gc,phases   ] GC(346)   Evacuate Collection Set: 17.6ms
[2025-03-28T19:49:52.726+0530][gc,phases   ] GC(346)   Post Evacuate Collection Set: 1.0ms
[2025-03-28T19:49:52.726+0530][gc,phases   ] GC(346)   Other: 0.2ms
[2025-03-28T19:49:52.726+0530][gc,heap     ] GC(346) Eden regions: 44->0(49)
[2025-03-28T19:49:52.726+0530][gc,heap     ] GC(346) Survivor regions: 7->2(7)
[2025-03-28T19:49:52.726+0530][gc,heap     ] GC(346) Old regions: 152->153
[2025-03-28T19:49:52.726+0530][gc,heap     ] GC(346) Archive regions: 2->2
[2025-03-28T19:49:52.726+0530][gc,heap     ] GC(346) Humongous regions: 144->144
[2025-03-28T19:49:52.726+0530][gc,metaspace] GC(346) Metaspace: 52371K(53120K)->52371K(53120K) NonClass: 46379K(46784K)->46379K(46784K) Class: 5991K(6336K)->5991K(6336K)
[2025-03-28T19:49:52.726+0530][gc          ] GC(346) Pause Young (Normal) (G1 Evacuation Pause) 346M->299M(1024M) 19.502ms
[2025-03-28T19:49:52.726+0530][gc,cpu      ] GC(346) User=0.01s Sys=0.01s Real=0.03s
[2025-03-28T19:49:57.789+0530][gc,start    ] GC(347) Pause Young (Normal) (G1 Evacuation Pause)
[2025-03-28T19:49:57.789+0530][gc,task     ] GC(347) Using 2 workers of 2 for evacuation
[2025-03-28T19:49:57.815+0530][gc,mmu      ] GC(347) MMU target violated: 21.0ms (20.0ms/21.0ms)
[2025-03-28T19:49:57.815+0530][gc,phases   ] GC(347)   Pre Evacuate Collection Set: 0.2ms
[2025-03-28T19:49:57.815+0530][gc,phases   ] GC(347)   Merge Heap Roots: 0.1ms
[2025-03-28T19:49:57.815+0530][gc,phases   ] GC(347)   Evacuate Collection Set: 25.3ms
[2025-03-28T19:49:57.815+0530][gc,phases   ] GC(347)   Post Evacuate Collection Set: 0.9ms
[2025-03-28T19:49:57.815+0530][gc,phases   ] GC(347)   Other: 0.2ms
[2025-03-28T19:49:57.815+0530][gc,heap     ] GC(347) Eden regions: 49->0(45)
[2025-03-28T19:49:57.815+0530][gc,heap     ] GC(347) Survivor regions: 2->6(7)
[2025-03-28T19:49:57.815+0530][gc,heap     ] GC(347) Old regions: 153->153
[2025-03-28T19:49:57.815+0530][gc,heap     ] GC(347) Archive regions: 2->2
[2025-03-28T19:49:57.815+0530][gc,heap     ] GC(347) Humongous regions: 144->142
[2025-03-28T19:49:57.815+0530][gc,metaspace] GC(347) Metaspace: 52373K(53120K)->52373K(53120K) NonClass: 46381K(46784K)->46381K(46784K) Class: 5991K(6336K)->5991K(6336K)
[2025-03-28T19:49:57.816+0530][gc          ] GC(347) Pause Young (Normal) (G1 Evacuation Pause) 348M->300M(1024M) 26.827ms
[2025-03-28T19:49:57.816+0530][gc,cpu      ] GC(347) User=0.02s Sys=0.01s Real=0.04s
[2025-03-28T19:49:57.941+0530][gc,start    ] GC(348) Pause Young (Normal) (G1 Evacuation Pause)
[2025-03-28T19:49:57.941+0530][gc,task     ] GC(348) Using 2 workers of 2 for evacuation
[2025-03-28T19:49:57.967+0530][gc,mmu      ] GC(348) MMU target violated: 21.0ms (20.0ms/21.0ms)
[2025-03-28T19:49:57.967+0530][gc,phases   ] GC(348)   Pre Evacuate Collection Set: 0.2ms
[2025-03-28T19:49:57.967+0530][gc,phases   ] GC(348)   Merge Heap Roots: 0.1ms
[2025-03-28T19:49:57.967+0530][gc,phases   ] GC(348)   Evacuate Collection Set: 25.8ms
[2025-03-28T19:49:57.967+0530][gc,phases   ] GC(348)   Post Evacuate Collection Set: 0.4ms
[2025-03-28T19:49:57.967+0530][gc,phases   ] GC(348)   Other: 0.2ms
[2025-03-28T19:49:57.967+0530][gc,heap     ] GC(348) Eden regions: 45->0(49)
[2025-03-28T19:49:57.967+0530][gc,heap     ] GC(348) Survivor regions: 6->2(7)
[2025-03-28T19:49:57.967+0530][gc,heap     ] GC(348) Old regions: 153->154
[2025-03-28T19:49:57.967+0530][gc,heap     ] GC(348) Archive regions: 2->2
[2025-03-28T19:49:57.967+0530][gc,heap     ] GC(348) Humongous regions: 144->144
[2025-03-28T19:49:57.967+0530][gc,metaspace] GC(348) Metaspace: 52373K(53120K)->52373K(53120K) NonClass: 46381K(46784K)->46381K(46784K) Class: 5991K(6336K)->5991K(6336K)
[2025-03-28T19:49:57.967+0530][gc          ] GC(348) Pause Young (Normal) (G1 Evacuation Pause) 347M->300M(1024M) 26.737ms
[2025-03-28T19:49:57.968+0530][gc,cpu      ] GC(348) User=0.02s Sys=0.00s Real=0.03s
[2025-03-28T19:50:02.657+0530][gc,start    ] GC(349) Pause Young (Normal) (G1 Evacuation Pause)
[2025-03-28T19:50:02.658+0530][gc,task     ] GC(349) Using 2 workers of 2 for evacuation
[2025-03-28T19:50:02.662+0530][gc,phases   ] GC(349)   Pre Evacuate Collection Set: 0.1ms
[2025-03-28T19:50:02.662+0530][gc,phases   ] GC(349)   Merge Heap Roots: 0.1ms
[2025-03-28T19:50:02.662+0530][gc,phases   ] GC(349)   Evacuate Collection Set: 3.7ms
[2025-03-28T19:50:02.662+0530][gc,phases   ] GC(349)   Post Evacuate Collection Set: 0.8ms
[2025-03-28T19:50:02.662+0530][gc,phases   ] GC(349)   Other: 0.1ms
[2025-03-28T19:50:02.662+0530][gc,heap     ] GC(349) Eden regions: 49->0(47)
[2025-03-28T19:50:02.662+0530][gc,heap     ] GC(349) Survivor regions: 2->4(7)
[2025-03-28T19:50:02.662+0530][gc,heap     ] GC(349) Old regions: 154->154
[2025-03-28T19:50:02.662+0530][gc,heap     ] GC(349) Archive regions: 2->2
[2025-03-28T19:50:02.662+0530][gc,heap     ] GC(349) Humongous regions: 144->142
[2025-03-28T19:50:02.662+0530][gc,metaspace] GC(349) Metaspace: 52398K(53120K)->52398K(53120K) NonClass: 46406K(46784K)->46406K(46784K) Class: 5991K(6336K)->5991K(6336K)
[2025-03-28T19:50:02.662+0530][gc          ] GC(349) Pause Young (Normal) (G1 Evacuation Pause) 349M->300M(1024M) 4.921ms
[2025-03-28T19:50:02.662+0530][gc,cpu      ] GC(349) User=0.01s Sys=0.00s Real=0.00s
[2025-03-28T19:50:02.821+0530][gc,start    ] GC(350) Pause Young (Normal) (G1 Evacuation Pause)
[2025-03-28T19:50:02.821+0530][gc,task     ] GC(350) Using 2 workers of 2 for evacuation
[2025-03-28T19:50:02.846+0530][gc,mmu      ] GC(350) MMU target violated: 21.0ms (20.0ms/21.0ms)
[2025-03-28T19:50:02.846+0530][gc,phases   ] GC(350)   Pre Evacuate Collection Set: 0.5ms
[2025-03-28T19:50:02.846+0530][gc,phases   ] GC(350)   Merge Heap Roots: 0.1ms
[2025-03-28T19:50:02.846+0530][gc,phases   ] GC(350)   Evacuate Collection Set: 23.2ms
[2025-03-28T19:50:02.846+0530][gc,phases   ] GC(350)   Post Evacuate Collection Set: 0.5ms
[2025-03-28T19:50:02.846+0530][gc,phases   ] GC(350)   Other: 0.2ms
[2025-03-28T19:50:02.846+0530][gc,heap     ] GC(350) Eden regions: 47->0(49)
[2025-03-28T19:50:02.846+0530][gc,heap     ] GC(350) Survivor regions: 4->2(7)
[2025-03-28T19:50:02.846+0530][gc,heap     ] GC(350) Old regions: 154->155
[2025-03-28T19:50:02.846+0530][gc,heap     ] GC(350) Archive regions: 2->2
[2025-03-28T19:50:02.846+0530][gc,heap     ] GC(350) Humongous regions: 144->144
[2025-03-28T19:50:02.846+0530][gc,metaspace] GC(350) Metaspace: 52407K(53120K)->52407K(53120K) NonClass: 46415K(46784K)->46415K(46784K) Class: 5991K(6336K)->5991K(6336K)
[2025-03-28T19:50:02.846+0530][gc          ] GC(350) Pause Young (Normal) (G1 Evacuation Pause) 349M->300M(1024M) 24.594ms
[2025-03-28T19:50:02.846+0530][gc,cpu      ] GC(350) User=0.01s Sys=0.01s Real=0.04s
[2025-03-28T19:50:09.000+0530][gc,start    ] GC(351) Pause Young (Normal) (G1 Evacuation Pause)
[2025-03-28T19:50:09.000+0530][gc,task     ] GC(351) Using 2 workers of 2 for evacuation
[2025-03-28T19:50:09.041+0530][gc,mmu      ] GC(351) MMU target violated: 21.0ms (20.0ms/21.0ms)
[2025-03-28T19:50:09.041+0530][gc,phases   ] GC(351)   Pre Evacuate Collection Set: 0.1ms
[2025-03-28T19:50:09.041+0530][gc,phases   ] GC(351)   Merge Heap Roots: 0.1ms
[2025-03-28T19:50:09.041+0530][gc,phases   ] GC(351)   Evacuate Collection Set: 21.5ms
[2025-03-28T19:50:09.041+0530][gc,phases   ] GC(351)   Post Evacuate Collection Set: 18.9ms
[2025-03-28T19:50:09.041+0530][gc,phases   ] GC(351)   Other: 0.3ms
[2025-03-28T19:50:09.041+0530][gc,heap     ] GC(351) Eden regions: 49->0(48)
[2025-03-28T19:50:09.041+0530][gc,heap     ] GC(351) Survivor regions: 2->3(7)
[2025-03-28T19:50:09.041+0530][gc,heap     ] GC(351) Old regions: 155->155
[2025-03-28T19:50:09.041+0530][gc,heap     ] GC(351) Archive regions: 2->2
[2025-03-28T19:50:09.041+0530][gc,heap     ] GC(351) Humongous regions: 144->142
[2025-03-28T19:50:09.041+0530][gc,metaspace] GC(351) Metaspace: 52416K(53120K)->52416K(53120K) NonClass: 46425K(46784K)->46425K(46784K) Class: 5991K(6336K)->5991K(6336K)
[2025-03-28T19:50:09.041+0530][gc          ] GC(351) Pause Young (Normal) (G1 Evacuation Pause) 349M->299M(1024M) 40.924ms
[2025-03-28T19:50:09.041+0530][gc,cpu      ] GC(351) User=0.02s Sys=0.00s Real=0.05s
[2025-03-28T19:50:09.230+0530][gc,start    ] GC(352) Pause Young (Normal) (G1 Evacuation Pause)
[2025-03-28T19:50:09.230+0530][gc,task     ] GC(352) Using 2 workers of 2 for evacuation
[2025-03-28T19:50:09.280+0530][gc,mmu      ] GC(352) MMU target violated: 21.0ms (20.0ms/21.0ms)
[2025-03-28T19:50:09.280+0530][gc,phases   ] GC(352)   Pre Evacuate Collection Set: 0.2ms
[2025-03-28T19:50:09.280+0530][gc,phases   ] GC(352)   Merge Heap Roots: 0.1ms
[2025-03-28T19:50:09.280+0530][gc,phases   ] GC(352)   Evacuate Collection Set: 49.5ms
[2025-03-28T19:50:09.280+0530][gc,phases   ] GC(352)   Post Evacuate Collection Set: 0.5ms
[2025-03-28T19:50:09.280+0530][gc,phases   ] GC(352)   Other: 0.2ms
[2025-03-28T19:50:09.280+0530][gc,heap     ] GC(352) Eden regions: 48->0(48)
[2025-03-28T19:50:09.280+0530][gc,heap     ] GC(352) Survivor regions: 3->3(7)
[2025-03-28T19:50:09.280+0530][gc,heap     ] GC(352) Old regions: 155->155
[2025-03-28T19:50:09.281+0530][gc,heap     ] GC(352) Archive regions: 2->2
[2025-03-28T19:50:09.281+0530][gc,heap     ] GC(352) Humongous regions: 144->144
[2025-03-28T19:50:09.281+0530][gc,metaspace] GC(352) Metaspace: 52417K(53120K)->52417K(53120K) NonClass: 46425K(46784K)->46425K(46784K) Class: 5991K(6336K)->5991K(6336K)
[2025-03-28T19:50:09.281+0530][gc          ] GC(352) Pause Young (Normal) (G1 Evacuation Pause) 349M->301M(1024M) 50.480ms
[2025-03-28T19:50:09.281+0530][gc,cpu      ] GC(352) User=0.01s Sys=0.00s Real=0.05s
[2025-03-28T19:50:12.454+0530][gc,start    ] GC(353) Pause Young (Normal) (G1 Evacuation Pause)
[2025-03-28T19:50:12.454+0530][gc,task     ] GC(353) Using 2 workers of 2 for evacuation
[2025-03-28T19:50:12.459+0530][gc,phases   ] GC(353)   Pre Evacuate Collection Set: 0.3ms
[2025-03-28T19:50:12.459+0530][gc,phases   ] GC(353)   Merge Heap Roots: 0.1ms
[2025-03-28T19:50:12.459+0530][gc,phases   ] GC(353)   Evacuate Collection Set: 4.0ms
[2025-03-28T19:50:12.459+0530][gc,phases   ] GC(353)   Post Evacuate Collection Set: 0.6ms
[2025-03-28T19:50:12.459+0530][gc,phases   ] GC(353)   Other: 0.2ms
[2025-03-28T19:50:12.459+0530][gc,heap     ] GC(353) Eden regions: 48->0(49)
[2025-03-28T19:50:12.459+0530][gc,heap     ] GC(353) Survivor regions: 3->2(7)
[2025-03-28T19:50:12.459+0530][gc,heap     ] GC(353) Old regions: 155->155
[2025-03-28T19:50:12.459+0530][gc,heap     ] GC(353) Archive regions: 2->2
[2025-03-28T19:50:12.459+0530][gc,heap     ] GC(353) Humongous regions: 144->142
[2025-03-28T19:50:12.459+0530][gc,metaspace] GC(353) Metaspace: 52421K(53120K)->52421K(53120K) NonClass: 46429K(46784K)->46429K(46784K) Class: 5991K(6336K)->5991K(6336K)
[2025-03-28T19:50:12.459+0530][gc          ] GC(353) Pause Young (Normal) (G1 Evacuation Pause) 349M->298M(1024M) 5.334ms
[2025-03-28T19:50:12.459+0530][gc,cpu      ] GC(353) User=0.01s Sys=0.01s Real=0.01s
[2025-03-28T19:50:12.548+0530][gc,start    ] GC(354) Pause Young (Normal) (G1 Evacuation Pause)
[2025-03-28T19:50:12.548+0530][gc,task     ] GC(354) Using 2 workers of 2 for evacuation
[2025-03-28T19:50:12.562+0530][gc,phases   ] GC(354)   Pre Evacuate Collection Set: 0.1ms
[2025-03-28T19:50:12.562+0530][gc,phases   ] GC(354)   Merge Heap Roots: 0.1ms
[2025-03-28T19:50:12.562+0530][gc,phases   ] GC(354)   Evacuate Collection Set: 12.9ms
[2025-03-28T19:50:12.562+0530][gc,phases   ] GC(354)   Post Evacuate Collection Set: 0.7ms
[2025-03-28T19:50:12.562+0530][gc,phases   ] GC(354)   Other: 0.2ms
[2025-03-28T19:50:12.562+0530][gc,heap     ] GC(354) Eden regions: 49->0(44)
[2025-03-28T19:50:12.562+0530][gc,heap     ] GC(354) Survivor regions: 2->7(7)
[2025-03-28T19:50:12.562+0530][gc,heap     ] GC(354) Old regions: 155->155
[2025-03-28T19:50:12.562+0530][gc,heap     ] GC(354) Archive regions: 2->2
[2025-03-28T19:50:12.562+0530][gc,heap     ] GC(354) Humongous regions: 142->142
[2025-03-28T19:50:12.562+0530][gc,metaspace] GC(354) Metaspace: 52422K(53120K)->52422K(53120K) NonClass: 46430K(46784K)->46430K(46784K) Class: 5991K(6336K)->5991K(6336K)
[2025-03-28T19:50:12.562+0530][gc          ] GC(354) Pause Young (Normal) (G1 Evacuation Pause) 347M->304M(1024M) 14.080ms
[2025-03-28T19:50:12.562+0530][gc,cpu      ] GC(354) User=0.01s Sys=0.00s Real=0.01s
[2025-03-28T19:50:12.637+0530][gc,start    ] GC(355) Pause Young (Normal) (G1 Evacuation Pause)
[2025-03-28T19:50:12.637+0530][gc,task     ] GC(355) Using 2 workers of 2 for evacuation
[2025-03-28T19:50:12.653+0530][gc,phases   ] GC(355)   Pre Evacuate Collection Set: 0.2ms
[2025-03-28T19:50:12.653+0530][gc,phases   ] GC(355)   Merge Heap Roots: 0.1ms
[2025-03-28T19:50:12.653+0530][gc,phases   ] GC(355)   Evacuate Collection Set: 14.8ms
[2025-03-28T19:50:12.653+0530][gc,phases   ] GC(355)   Post Evacuate Collection Set: 0.6ms
[2025-03-28T19:50:12.653+0530][gc,phases   ] GC(355)   Other: 0.2ms
[2025-03-28T19:50:12.653+0530][gc,heap     ] GC(355) Eden regions: 44->0(50)
[2025-03-28T19:50:12.653+0530][gc,heap     ] GC(355) Survivor regions: 7->1(7)
[2025-03-28T19:50:12.653+0530][gc,heap     ] GC(355) Old regions: 155->156
[2025-03-28T19:50:12.653+0530][gc,heap     ] GC(355) Archive regions: 2->2
[2025-03-28T19:50:12.653+0530][gc,heap     ] GC(355) Humongous regions: 144->142
[2025-03-28T19:50:12.653+0530][gc,metaspace] GC(355) Metaspace: 52423K(53120K)->52423K(53120K) NonClass: 46431K(46784K)->46431K(46784K) Class: 5991K(6336K)->5991K(6336K)
[2025-03-28T19:50:12.653+0530][gc          ] GC(355) Pause Young (Normal) (G1 Evacuation Pause) 350M->299M(1024M) 16.017ms
[2025-03-28T19:50:12.653+0530][gc,cpu      ] GC(355) User=0.02s Sys=0.00s Real=0.01s
[2025-03-28T19:50:19.795+0530][gc,start    ] GC(356) Pause Young (Normal) (G1 Evacuation Pause)
[2025-03-28T19:50:19.795+0530][gc,task     ] GC(356) Using 2 workers of 2 for evacuation
[2025-03-28T19:50:19.826+0530][gc,mmu      ] GC(356) MMU target violated: 21.0ms (20.0ms/21.0ms)
[2025-03-28T19:50:19.826+0530][gc,phases   ] GC(356)   Pre Evacuate Collection Set: 0.2ms
[2025-03-28T19:50:19.826+0530][gc,phases   ] GC(356)   Merge Heap Roots: 0.1ms
[2025-03-28T19:50:19.826+0530][gc,phases   ] GC(356)   Evacuate Collection Set: 30.1ms
[2025-03-28T19:50:19.826+0530][gc,phases   ] GC(356)   Post Evacuate Collection Set: 0.4ms
[2025-03-28T19:50:19.826+0530][gc,phases   ] GC(356)   Other: 0.2ms
[2025-03-28T19:50:19.826+0530][gc,heap     ] GC(356) Eden regions: 50->0(44)
[2025-03-28T19:50:19.826+0530][gc,heap     ] GC(356) Survivor regions: 1->7(7)
[2025-03-28T19:50:19.826+0530][gc,heap     ] GC(356) Old regions: 156->156
[2025-03-28T19:50:19.826+0530][gc,heap     ] GC(356) Archive regions: 2->2
[2025-03-28T19:50:19.826+0530][gc,heap     ] GC(356) Humongous regions: 142->142
[2025-03-28T19:50:19.826+0530][gc,metaspace] GC(356) Metaspace: 52457K(53184K)->52457K(53184K) NonClass: 46465K(46848K)->46465K(46848K) Class: 5991K(6336K)->5991K(6336K)
[2025-03-28T19:50:19.826+0530][gc          ] GC(356) Pause Young (Normal) (G1 Evacuation Pause) 349M->304M(1024M) 31.122ms
[2025-03-28T19:50:19.826+0530][gc,cpu      ] GC(356) User=0.02s Sys=0.00s Real=0.03s
[2025-03-28T19:50:20.013+0530][gc,start    ] GC(357) Pause Young (Normal) (G1 Evacuation Pause)
[2025-03-28T19:50:20.013+0530][gc,task     ] GC(357) Using 2 workers of 2 for evacuation
[2025-03-28T19:50:20.027+0530][gc,phases   ] GC(357)   Pre Evacuate Collection Set: 0.2ms
[2025-03-28T19:50:20.027+0530][gc,phases   ] GC(357)   Merge Heap Roots: 0.1ms
[2025-03-28T19:50:20.027+0530][gc,phases   ] GC(357)   Evacuate Collection Set: 12.5ms
[2025-03-28T19:50:20.027+0530][gc,phases   ] GC(357)   Post Evacuate Collection Set: 0.5ms
[2025-03-28T19:50:20.027+0530][gc,phases   ] GC(357)   Other: 0.1ms
[2025-03-28T19:50:20.027+0530][gc,heap     ] GC(357) Eden regions: 44->0(49)
[2025-03-28T19:50:20.027+0530][gc,heap     ] GC(357) Survivor regions: 7->2(7)
[2025-03-28T19:50:20.027+0530][gc,heap     ] GC(357) Old regions: 156->157
[2025-03-28T19:50:20.027+0530][gc,heap     ] GC(357) Archive regions: 2->2
[2025-03-28T19:50:20.027+0530][gc,heap     ] GC(357) Humongous regions: 144->144
[2025-03-28T19:50:20.027+0530][gc,metaspace] GC(357) Metaspace: 52468K(53184K)->52468K(53184K) NonClass: 46476K(46848K)->46476K(46848K) Class: 5991K(6336K)->5991K(6336K)
[2025-03-28T19:50:20.027+0530][gc          ] GC(357) Pause Young (Normal) (G1 Evacuation Pause) 350M->303M(1024M) 13.535ms
[2025-03-28T19:50:20.027+0530][gc,cpu      ] GC(357) User=0.01s Sys=0.01s Real=0.02s
[2025-03-28T19:50:22.459+0530][gc,start    ] GC(358) Pause Young (Normal) (G1 Evacuation Pause)
[2025-03-28T19:50:22.459+0530][gc,task     ] GC(358) Using 2 workers of 2 for evacuation
[2025-03-28T19:50:22.465+0530][gc,phases   ] GC(358)   Pre Evacuate Collection Set: 0.1ms
[2025-03-28T19:50:22.465+0530][gc,phases   ] GC(358)   Merge Heap Roots: 0.1ms
[2025-03-28T19:50:22.465+0530][gc,phases   ] GC(358)   Evacuate Collection Set: 4.4ms
[2025-03-28T19:50:22.465+0530][gc,phases   ] GC(358)   Post Evacuate Collection Set: 0.4ms
[2025-03-28T19:50:22.465+0530][gc,phases   ] GC(358)   Other: 0.1ms
[2025-03-28T19:50:22.465+0530][gc,heap     ] GC(358) Eden regions: 49->0(46)
[2025-03-28T19:50:22.465+0530][gc,heap     ] GC(358) Survivor regions: 2->5(7)
[2025-03-28T19:50:22.465+0530][gc,heap     ] GC(358) Old regions: 157->157
[2025-03-28T19:50:22.465+0530][gc,heap     ] GC(358) Archive regions: 2->2
[2025-03-28T19:50:22.465+0530][gc,heap     ] GC(358) Humongous regions: 144->142
[2025-03-28T19:50:22.465+0530][gc,metaspace] GC(358) Metaspace: 52477K(53184K)->52477K(53184K) NonClass: 46485K(46848K)->46485K(46848K) Class: 5991K(6336K)->5991K(6336K)
[2025-03-28T19:50:22.465+0530][gc          ] GC(358) Pause Young (Normal) (G1 Evacuation Pause) 352M->304M(1024M) 5.234ms
[2025-03-28T19:50:22.465+0530][gc,cpu      ] GC(358) User=0.01s Sys=0.00s Real=0.00s
[2025-03-28T19:50:22.554+0530][gc,start    ] GC(359) Pause Young (Normal) (G1 Evacuation Pause)
[2025-03-28T19:50:22.554+0530][gc,task     ] GC(359) Using 2 workers of 2 for evacuation
[2025-03-28T19:50:22.565+0530][gc,phases   ] GC(359)   Pre Evacuate Collection Set: 0.1ms
[2025-03-28T19:50:22.565+0530][gc,phases   ] GC(359)   Merge Heap Roots: 0.2ms
[2025-03-28T19:50:22.565+0530][gc,phases   ] GC(359)   Evacuate Collection Set: 10.2ms
[2025-03-28T19:50:22.565+0530][gc,phases   ] GC(359)   Post Evacuate Collection Set: 0.6ms
[2025-03-28T19:50:22.565+0530][gc,phases   ] GC(359)   Other: 0.2ms
[2025-03-28T19:50:22.565+0530][gc,heap     ] GC(359) Eden regions: 46->0(49)
[2025-03-28T19:50:22.565+0530][gc,heap     ] GC(359) Survivor regions: 5->2(7)
[2025-03-28T19:50:22.565+0530][gc,heap     ] GC(359) Old regions: 157->158
[2025-03-28T19:50:22.565+0530][gc,heap     ] GC(359) Archive regions: 2->2
[2025-03-28T19:50:22.565+0530][gc,heap     ] GC(359) Humongous regions: 144->144
[2025-03-28T19:50:22.565+0530][gc,metaspace] GC(359) Metaspace: 52477K(53184K)->52477K(53184K) NonClass: 46485K(46848K)->46485K(46848K) Class: 5991K(6336K)->5991K(6336K)
[2025-03-28T19:50:22.565+0530][gc          ] GC(359) Pause Young (Normal) (G1 Evacuation Pause) 352M->304M(1024M) 11.400ms
[2025-03-28T19:50:22.565+0530][gc,cpu      ] GC(359) User=0.01s Sys=0.01s Real=0.01s
[2025-03-28T19:50:31.576+0530][gc,start    ] GC(360) Pause Young (Normal) (G1 Evacuation Pause)
[2025-03-28T19:50:31.576+0530][gc,task     ] GC(360) Using 2 workers of 2 for evacuation
[2025-03-28T19:50:31.619+0530][gc,mmu      ] GC(360) MMU target violated: 21.0ms (20.0ms/21.0ms)
[2025-03-28T19:50:31.620+0530][gc,phases   ] GC(360)   Pre Evacuate Collection Set: 0.2ms
[2025-03-28T19:50:31.620+0530][gc,phases   ] GC(360)   Merge Heap Roots: 0.1ms
[2025-03-28T19:50:31.620+0530][gc,phases   ] GC(360)   Evacuate Collection Set: 37.3ms
[2025-03-28T19:50:31.620+0530][gc,phases   ] GC(360)   Post Evacuate Collection Set: 5.3ms
[2025-03-28T19:50:31.620+0530][gc,phases   ] GC(360)   Other: 0.2ms
[2025-03-28T19:50:31.620+0530][gc,heap     ] GC(360) Eden regions: 49->0(47)
[2025-03-28T19:50:31.620+0530][gc,heap     ] GC(360) Survivor regions: 2->4(7)
[2025-03-28T19:50:31.620+0530][gc,heap     ] GC(360) Old regions: 158->158
[2025-03-28T19:50:31.620+0530][gc,heap     ] GC(360) Archive regions: 2->2
[2025-03-28T19:50:31.620+0530][gc,heap     ] GC(360) Humongous regions: 144->142
[2025-03-28T19:50:31.620+0530][gc,metaspace] GC(360) Metaspace: 52490K(53184K)->52490K(53184K) NonClass: 46498K(46848K)->46498K(46848K) Class: 5991K(6336K)->5991K(6336K)
[2025-03-28T19:50:31.620+0530][gc          ] GC(360) Pause Young (Normal) (G1 Evacuation Pause) 353M->303M(1024M) 43.256ms
[2025-03-28T19:50:31.620+0530][gc,cpu      ] GC(360) User=0.01s Sys=0.00s Real=0.05s
[2025-03-28T19:50:31.995+0530][gc,start    ] GC(361) Pause Young (Normal) (G1 Evacuation Pause)
[2025-03-28T19:50:31.995+0530][gc,task     ] GC(361) Using 2 workers of 2 for evacuation
[2025-03-28T19:50:32.056+0530][gc,mmu      ] GC(361) MMU target violated: 21.0ms (20.0ms/21.0ms)
[2025-03-28T19:50:32.056+0530][gc,phases   ] GC(361)   Pre Evacuate Collection Set: 0.2ms
[2025-03-28T19:50:32.056+0530][gc,phases   ] GC(361)   Merge Heap Roots: 0.1ms
[2025-03-28T19:50:32.056+0530][gc,phases   ] GC(361)   Evacuate Collection Set: 60.2ms
[2025-03-28T19:50:32.056+0530][gc,phases   ] GC(361)   Post Evacuate Collection Set: 0.4ms
[2025-03-28T19:50:32.056+0530][gc,phases   ] GC(361)   Other: 0.2ms
[2025-03-28T19:50:32.056+0530][gc,heap     ] GC(361) Eden regions: 47->0(48)
[2025-03-28T19:50:32.056+0530][gc,heap     ] GC(361) Survivor regions: 4->3(7)
[2025-03-28T19:50:32.056+0530][gc,heap     ] GC(361) Old regions: 158->158
[2025-03-28T19:50:32.056+0530][gc,heap     ] GC(361) Archive regions: 2->2
[2025-03-28T19:50:32.056+0530][gc,heap     ] GC(361) Humongous regions: 144->144
[2025-03-28T19:50:32.056+0530][gc,metaspace] GC(361) Metaspace: 52509K(53248K)->52509K(53248K) NonClass: 46517K(46912K)->46517K(46912K) Class: 5991K(6336K)->5991K(6336K)
[2025-03-28T19:50:32.056+0530][gc          ] GC(361) Pause Young (Normal) (G1 Evacuation Pause) 352M->305M(1024M) 61.171ms
[2025-03-28T19:50:32.056+0530][gc,cpu      ] GC(361) User=0.01s Sys=0.00s Real=0.05s
[2025-03-28T19:50:32.440+0530][gc,start    ] GC(362) Pause Young (Normal) (G1 Evacuation Pause)
[2025-03-28T19:50:32.440+0530][gc,task     ] GC(362) Using 2 workers of 2 for evacuation
[2025-03-28T19:50:32.451+0530][gc,phases   ] GC(362)   Pre Evacuate Collection Set: 0.2ms
[2025-03-28T19:50:32.451+0530][gc,phases   ] GC(362)   Merge Heap Roots: 0.1ms
[2025-03-28T19:50:32.451+0530][gc,phases   ] GC(362)   Evacuate Collection Set: 10.7ms
[2025-03-28T19:50:32.451+0530][gc,phases   ] GC(362)   Post Evacuate Collection Set: 0.4ms
[2025-03-28T19:50:32.451+0530][gc,phases   ] GC(362)   Other: 0.1ms
[2025-03-28T19:50:32.451+0530][gc,heap     ] GC(362) Eden regions: 48->0(48)
[2025-03-28T19:50:32.451+0530][gc,heap     ] GC(362) Survivor regions: 3->3(7)
[2025-03-28T19:50:32.451+0530][gc,heap     ] GC(362) Old regions: 158->158
[2025-03-28T19:50:32.451+0530][gc,heap     ] GC(362) Archive regions: 2->2
[2025-03-28T19:50:32.451+0530][gc,heap     ] GC(362) Humongous regions: 144->142
[2025-03-28T19:50:32.451+0530][gc,metaspace] GC(362) Metaspace: 52510K(53248K)->52510K(53248K) NonClass: 46518K(46912K)->46518K(46912K) Class: 5991K(6336K)->5991K(6336K)
[2025-03-28T19:50:32.451+0530][gc          ] GC(362) Pause Young (Normal) (G1 Evacuation Pause) 353M->302M(1024M) 11.644ms
[2025-03-28T19:50:32.451+0530][gc,cpu      ] GC(362) User=0.00s Sys=0.00s Real=0.02s
[2025-03-28T19:50:32.691+0530][gc,start    ] GC(363) Pause Young (Normal) (G1 Evacuation Pause)
[2025-03-28T19:50:32.692+0530][gc,task     ] GC(363) Using 2 workers of 2 for evacuation
[2025-03-28T19:50:32.733+0530][gc,mmu      ] GC(363) MMU target violated: 21.0ms (20.0ms/21.0ms)
[2025-03-28T19:50:32.733+0530][gc,phases   ] GC(363)   Pre Evacuate Collection Set: 0.2ms
[2025-03-28T19:50:32.733+0530][gc,phases   ] GC(363)   Merge Heap Roots: 0.1ms
[2025-03-28T19:50:32.733+0530][gc,phases   ] GC(363)   Evacuate Collection Set: 40.0ms
[2025-03-28T19:50:32.733+0530][gc,phases   ] GC(363)   Post Evacuate Collection Set: 0.5ms
[2025-03-28T19:50:32.733+0530][gc,phases   ] GC(363)   Other: 0.9ms
[2025-03-28T19:50:32.733+0530][gc,heap     ] GC(363) Eden regions: 48->0(48)
[2025-03-28T19:50:32.733+0530][gc,heap     ] GC(363) Survivor regions: 3->3(7)
[2025-03-28T19:50:32.733+0530][gc,heap     ] GC(363) Old regions: 158->158
[2025-03-28T19:50:32.733+0530][gc,heap     ] GC(363) Archive regions: 2->2
[2025-03-28T19:50:32.733+0530][gc,heap     ] GC(363) Humongous regions: 142->142
[2025-03-28T19:50:32.733+0530][gc,metaspace] GC(363) Metaspace: 52531K(53248K)->52531K(53248K) NonClass: 46539K(46912K)->46539K(46912K) Class: 5991K(6336K)->5991K(6336K)
[2025-03-28T19:50:32.733+0530][gc          ] GC(363) Pause Young (Normal) (G1 Evacuation Pause) 350M->303M(1024M) 41.833ms
[2025-03-28T19:50:32.733+0530][gc,cpu      ] GC(363) User=0.03s Sys=0.01s Real=0.04s
[2025-03-28T19:50:38.399+0530][gc,start    ] GC(364) Pause Young (Normal) (G1 Evacuation Pause)
[2025-03-28T19:50:38.399+0530][gc,task     ] GC(364) Using 2 workers of 2 for evacuation
[2025-03-28T19:50:38.430+0530][gc,mmu      ] GC(364) MMU target violated: 21.0ms (20.0ms/21.0ms)
[2025-03-28T19:50:38.430+0530][gc,phases   ] GC(364)   Pre Evacuate Collection Set: 1.1ms
[2025-03-28T19:50:38.430+0530][gc,phases   ] GC(364)   Merge Heap Roots: 0.6ms
[2025-03-28T19:50:38.430+0530][gc,phases   ] GC(364)   Evacuate Collection Set: 27.5ms
[2025-03-28T19:50:38.430+0530][gc,phases   ] GC(364)   Post Evacuate Collection Set: 0.9ms
[2025-03-28T19:50:38.430+0530][gc,phases   ] GC(364)   Other: 0.4ms
[2025-03-28T19:50:38.430+0530][gc,heap     ] GC(364) Eden regions: 48->0(49)
[2025-03-28T19:50:38.430+0530][gc,heap     ] GC(364) Survivor regions: 3->2(7)
[2025-03-28T19:50:38.430+0530][gc,heap     ] GC(364) Old regions: 158->158
[2025-03-28T19:50:38.430+0530][gc,heap     ] GC(364) Archive regions: 2->2
[2025-03-28T19:50:38.430+0530][gc,heap     ] GC(364) Humongous regions: 144->142
[2025-03-28T19:50:38.430+0530][gc,metaspace] GC(364) Metaspace: 52567K(53248K)->52567K(53248K) NonClass: 46576K(46912K)->46576K(46912K) Class: 5991K(6336K)->5991K(6336K)
[2025-03-28T19:50:38.430+0530][gc          ] GC(364) Pause Young (Normal) (G1 Evacuation Pause) 353M->301M(1024M) 30.780ms
[2025-03-28T19:50:38.430+0530][gc,cpu      ] GC(364) User=0.03s Sys=0.00s Real=0.04s
[2025-03-28T19:50:38.582+0530][gc,start    ] GC(365) Pause Young (Normal) (G1 Evacuation Pause)
[2025-03-28T19:50:38.582+0530][gc,task     ] GC(365) Using 2 workers of 2 for evacuation
[2025-03-28T19:50:38.619+0530][gc,mmu      ] GC(365) MMU target violated: 21.0ms (20.0ms/21.0ms)
[2025-03-28T19:50:38.619+0530][gc,phases   ] GC(365)   Pre Evacuate Collection Set: 0.2ms
[2025-03-28T19:50:38.619+0530][gc,phases   ] GC(365)   Merge Heap Roots: 0.1ms
[2025-03-28T19:50:38.619+0530][gc,phases   ] GC(365)   Evacuate Collection Set: 35.8ms
[2025-03-28T19:50:38.619+0530][gc,phases   ] GC(365)   Post Evacuate Collection Set: 0.6ms
[2025-03-28T19:50:38.619+0530][gc,phases   ] GC(365)   Other: 0.2ms
[2025-03-28T19:50:38.619+0530][gc,heap     ] GC(365) Eden regions: 49->0(44)
[2025-03-28T19:50:38.619+0530][gc,heap     ] GC(365) Survivor regions: 2->7(7)
[2025-03-28T19:50:38.619+0530][gc,heap     ] GC(365) Old regions: 158->158
[2025-03-28T19:50:38.619+0530][gc,heap     ] GC(365) Archive regions: 2->2
[2025-03-28T19:50:38.619+0530][gc,heap     ] GC(365) Humongous regions: 142->142
[2025-03-28T19:50:38.619+0530][gc,metaspace] GC(365) Metaspace: 52600K(53312K)->52600K(53312K) NonClass: 46608K(46976K)->46608K(46976K) Class: 5991K(6336K)->5991K(6336K)
[2025-03-28T19:50:38.619+0530][gc          ] GC(365) Pause Young (Normal) (G1 Evacuation Pause) 350M->307M(1024M) 36.904ms
[2025-03-28T19:50:38.619+0530][gc,cpu      ] GC(365) User=0.02s Sys=0.00s Real=0.04s
[2025-03-28T19:50:38.719+0530][gc,start    ] GC(366) Pause Young (Normal) (G1 Evacuation Pause)
[2025-03-28T19:50:38.719+0530][gc,task     ] GC(366) Using 2 workers of 2 for evacuation
[2025-03-28T19:50:38.825+0530][gc,mmu      ] GC(366) MMU target violated: 21.0ms (20.0ms/21.0ms)
[2025-03-28T19:50:38.825+0530][gc,phases   ] GC(366)   Pre Evacuate Collection Set: 2.0ms
[2025-03-28T19:50:38.825+0530][gc,phases   ] GC(366)   Merge Heap Roots: 0.1ms
[2025-03-28T19:50:38.825+0530][gc,phases   ] GC(366)   Evacuate Collection Set: 96.9ms
[2025-03-28T19:50:38.825+0530][gc,phases   ] GC(366)   Post Evacuate Collection Set: 7.3ms
[2025-03-28T19:50:38.825+0530][gc,phases   ] GC(366)   Other: 0.2ms
[2025-03-28T19:50:38.825+0530][gc,heap     ] GC(366) Eden regions: 44->0(49)
[2025-03-28T19:50:38.825+0530][gc,heap     ] GC(366) Survivor regions: 7->2(7)
[2025-03-28T19:50:38.825+0530][gc,heap     ] GC(366) Old regions: 158->165
[2025-03-28T19:50:38.825+0530][gc,heap     ] GC(366) Archive regions: 2->2
[2025-03-28T19:50:38.825+0530][gc,heap     ] GC(366) Humongous regions: 144->144
[2025-03-28T19:50:38.825+0530][gc,metaspace] GC(366) Metaspace: 52600K(53312K)->52600K(53312K) NonClass: 46608K(46976K)->46608K(46976K) Class: 5991K(6336K)->5991K(6336K)
[2025-03-28T19:50:38.825+0530][gc          ] GC(366) Pause Young (Normal) (G1 Evacuation Pause) 353M->311M(1024M) 106.607ms
[2025-03-28T19:50:38.825+0530][gc,cpu      ] GC(366) User=0.01s Sys=0.01s Real=0.10s
[2025-03-28T19:50:42.569+0530][gc,start    ] GC(367) Pause Young (Normal) (G1 Evacuation Pause)
[2025-03-28T19:50:42.569+0530][gc,task     ] GC(367) Using 2 workers of 2 for evacuation
[2025-03-28T19:50:42.598+0530][gc,mmu      ] GC(367) MMU target violated: 21.0ms (20.0ms/21.0ms)
[2025-03-28T19:50:42.599+0530][gc,phases   ] GC(367)   Pre Evacuate Collection Set: 0.2ms
[2025-03-28T19:50:42.599+0530][gc,phases   ] GC(367)   Merge Heap Roots: 0.1ms
[2025-03-28T19:50:42.599+0530][gc,phases   ] GC(367)   Evacuate Collection Set: 24.1ms
[2025-03-28T19:50:42.599+0530][gc,phases   ] GC(367)   Post Evacuate Collection Set: 5.2ms
[2025-03-28T19:50:42.599+0530][gc,phases   ] GC(367)   Other: 0.2ms
[2025-03-28T19:50:42.599+0530][gc,heap     ] GC(367) Eden regions: 49->0(45)
[2025-03-28T19:50:42.599+0530][gc,heap     ] GC(367) Survivor regions: 2->6(7)
[2025-03-28T19:50:42.599+0530][gc,heap     ] GC(367) Old regions: 165->165
[2025-03-28T19:50:42.599+0530][gc,heap     ] GC(367) Archive regions: 2->2
[2025-03-28T19:50:42.599+0530][gc,heap     ] GC(367) Humongous regions: 144->142
[2025-03-28T19:50:42.599+0530][gc,metaspace] GC(367) Metaspace: 52626K(53312K)->52626K(53312K) NonClass: 46634K(46976K)->46634K(46976K) Class: 5991K(6336K)->5991K(6336K)
[2025-03-28T19:50:42.599+0530][gc          ] GC(367) Pause Young (Normal) (G1 Evacuation Pause) 360M->313M(1024M) 29.830ms
[2025-03-28T19:50:42.599+0530][gc,cpu      ] GC(367) User=0.01s Sys=0.00s Real=0.03s
[2025-03-28T19:50:42.755+0530][gc,start    ] GC(368) Pause Young (Normal) (G1 Evacuation Pause)
[2025-03-28T19:50:42.755+0530][gc,task     ] GC(368) Using 2 workers of 2 for evacuation
[2025-03-28T19:50:42.770+0530][gc,phases   ] GC(368)   Pre Evacuate Collection Set: 0.2ms
[2025-03-28T19:50:42.770+0530][gc,phases   ] GC(368)   Merge Heap Roots: 0.1ms
[2025-03-28T19:50:42.770+0530][gc,phases   ] GC(368)   Evacuate Collection Set: 14.1ms
[2025-03-28T19:50:42.770+0530][gc,phases   ] GC(368)   Post Evacuate Collection Set: 0.5ms
[2025-03-28T19:50:42.770+0530][gc,phases   ] GC(368)   Other: 0.1ms
[2025-03-28T19:50:42.770+0530][gc,heap     ] GC(368) Eden regions: 45->0(49)
[2025-03-28T19:50:42.770+0530][gc,heap     ] GC(368) Survivor regions: 6->2(7)
[2025-03-28T19:50:42.770+0530][gc,heap     ] GC(368) Old regions: 165->166
[2025-03-28T19:50:42.770+0530][gc,heap     ] GC(368) Archive regions: 2->2
[2025-03-28T19:50:42.770+0530][gc,heap     ] GC(368) Humongous regions: 144->144
[2025-03-28T19:50:42.770+0530][gc,metaspace] GC(368) Metaspace: 52630K(53312K)->52630K(53312K) NonClass: 46638K(46976K)->46638K(46976K) Class: 5991K(6336K)->5991K(6336K)
[2025-03-28T19:50:42.770+0530][gc          ] GC(368) Pause Young (Normal) (G1 Evacuation Pause) 360M->312M(1024M) 15.076ms
[2025-03-28T19:50:42.770+0530][gc,cpu      ] GC(368) User=0.01s Sys=0.00s Real=0.02s
[2025-03-28T19:50:49.741+0530][gc,start    ] GC(369) Pause Young (Normal) (G1 Evacuation Pause)
[2025-03-28T19:50:49.746+0530][gc,task     ] GC(369) Using 2 workers of 2 for evacuation
[2025-03-28T19:50:49.752+0530][gc,phases   ] GC(369)   Pre Evacuate Collection Set: 0.2ms
[2025-03-28T19:50:49.752+0530][gc,phases   ] GC(369)   Merge Heap Roots: 0.1ms
[2025-03-28T19:50:49.752+0530][gc,phases   ] GC(369)   Evacuate Collection Set: 4.2ms
[2025-03-28T19:50:49.752+0530][gc,phases   ] GC(369)   Post Evacuate Collection Set: 0.5ms
[2025-03-28T19:50:49.752+0530][gc,phases   ] GC(369)   Other: 5.5ms
[2025-03-28T19:50:49.752+0530][gc,heap     ] GC(369) Eden regions: 49->0(46)
[2025-03-28T19:50:49.752+0530][gc,heap     ] GC(369) Survivor regions: 2->5(7)
[2025-03-28T19:50:49.752+0530][gc,heap     ] GC(369) Old regions: 166->166
[2025-03-28T19:50:49.752+0530][gc,heap     ] GC(369) Archive regions: 2->2
[2025-03-28T19:50:49.752+0530][gc,heap     ] GC(369) Humongous regions: 144->142
[2025-03-28T19:50:49.752+0530][gc,metaspace] GC(369) Metaspace: 52660K(53376K)->52660K(53376K) NonClass: 46668K(47040K)->46668K(47040K) Class: 5991K(6336K)->5991K(6336K)
[2025-03-28T19:50:49.752+0530][gc          ] GC(369) Pause Young (Normal) (G1 Evacuation Pause) 361M->313M(1024M) 10.527ms
[2025-03-28T19:50:49.752+0530][gc,cpu      ] GC(369) User=0.01s Sys=0.00s Real=0.00s
[2025-03-28T19:50:49.897+0530][gc,start    ] GC(370) Pause Young (Normal) (G1 Evacuation Pause)
[2025-03-28T19:50:49.897+0530][gc,task     ] GC(370) Using 2 workers of 2 for evacuation
[2025-03-28T19:50:49.913+0530][gc,phases   ] GC(370)   Pre Evacuate Collection Set: 0.2ms
[2025-03-28T19:50:49.913+0530][gc,phases   ] GC(370)   Merge Heap Roots: 0.1ms
[2025-03-28T19:50:49.913+0530][gc,phases   ] GC(370)   Evacuate Collection Set: 15.1ms
[2025-03-28T19:50:49.913+0530][gc,phases   ] GC(370)   Post Evacuate Collection Set: 0.5ms
[2025-03-28T19:50:49.913+0530][gc,phases   ] GC(370)   Other: 0.1ms
[2025-03-28T19:50:49.913+0530][gc,heap     ] GC(370) Eden regions: 46->0(49)
[2025-03-28T19:50:49.913+0530][gc,heap     ] GC(370) Survivor regions: 5->2(7)
[2025-03-28T19:50:49.913+0530][gc,heap     ] GC(370) Old regions: 166->167
[2025-03-28T19:50:49.913+0530][gc,heap     ] GC(370) Archive regions: 2->2
[2025-03-28T19:50:49.913+0530][gc,heap     ] GC(370) Humongous regions: 144->144
[2025-03-28T19:50:49.913+0530][gc,metaspace] GC(370) Metaspace: 52660K(53376K)->52660K(53376K) NonClass: 46668K(47040K)->46668K(47040K) Class: 5991K(6336K)->5991K(6336K)
[2025-03-28T19:50:49.913+0530][gc          ] GC(370) Pause Young (Normal) (G1 Evacuation Pause) 361M->313M(1024M) 16.106ms
[2025-03-28T19:50:49.913+0530][gc,cpu      ] GC(370) User=0.01s Sys=0.00s Real=0.01s
[2025-03-28T19:50:52.489+0530][gc,start    ] GC(371) Pause Young (Normal) (G1 Evacuation Pause)
[2025-03-28T19:50:52.489+0530][gc,task     ] GC(371) Using 2 workers of 2 for evacuation
[2025-03-28T19:50:52.496+0530][gc,phases   ] GC(371)   Pre Evacuate Collection Set: 0.2ms
[2025-03-28T19:50:52.496+0530][gc,phases   ] GC(371)   Merge Heap Roots: 0.1ms
[2025-03-28T19:50:52.496+0530][gc,phases   ] GC(371)   Evacuate Collection Set: 5.6ms
[2025-03-28T19:50:52.496+0530][gc,phases   ] GC(371)   Post Evacuate Collection Set: 0.7ms
[2025-03-28T19:50:52.496+0530][gc,phases   ] GC(371)   Other: 0.4ms
[2025-03-28T19:50:52.496+0530][gc,heap     ] GC(371) Eden regions: 49->0(47)
[2025-03-28T19:50:52.496+0530][gc,heap     ] GC(371) Survivor regions: 2->4(7)
[2025-03-28T19:50:52.496+0530][gc,heap     ] GC(371) Old regions: 167->167
[2025-03-28T19:50:52.496+0530][gc,heap     ] GC(371) Archive regions: 2->2
[2025-03-28T19:50:52.496+0530][gc,heap     ] GC(371) Humongous regions: 144->142
[2025-03-28T19:50:52.496+0530][gc,metaspace] GC(371) Metaspace: 52668K(53376K)->52668K(53376K) NonClass: 46675K(47040K)->46675K(47040K) Class: 5992K(6336K)->5992K(6336K)
[2025-03-28T19:50:52.496+0530][gc          ] GC(371) Pause Young (Normal) (G1 Evacuation Pause) 362M->312M(1024M) 6.872ms
[2025-03-28T19:50:52.496+0530][gc,cpu      ] GC(371) User=0.01s Sys=0.00s Real=0.01s
[2025-03-28T19:50:52.584+0530][gc,start    ] GC(372) Pause Young (Normal) (G1 Evacuation Pause)
[2025-03-28T19:50:52.584+0530][gc,task     ] GC(372) Using 2 workers of 2 for evacuation
[2025-03-28T19:50:52.591+0530][gc,phases   ] GC(372)   Pre Evacuate Collection Set: 0.2ms
[2025-03-28T19:50:52.591+0530][gc,phases   ] GC(372)   Merge Heap Roots: 0.1ms
[2025-03-28T19:50:52.591+0530][gc,phases   ] GC(372)   Evacuate Collection Set: 5.4ms
[2025-03-28T19:50:52.591+0530][gc,phases   ] GC(372)   Post Evacuate Collection Set: 0.5ms
[2025-03-28T19:50:52.591+0530][gc,phases   ] GC(372)   Other: 0.1ms
[2025-03-28T19:50:52.591+0530][gc,heap     ] GC(372) Eden regions: 47->0(65)
[2025-03-28T19:50:52.591+0530][gc,heap     ] GC(372) Survivor regions: 4->3(7)
[2025-03-28T19:50:52.591+0530][gc,heap     ] GC(372) Old regions: 167->167
[2025-03-28T19:50:52.591+0530][gc,heap     ] GC(372) Archive regions: 2->2
[2025-03-28T19:50:52.591+0530][gc,heap     ] GC(372) Humongous regions: 144->144
[2025-03-28T19:50:52.591+0530][gc,metaspace] GC(372) Metaspace: 52668K(53376K)->52668K(53376K) NonClass: 46675K(47040K)->46675K(47040K) Class: 5992K(6336K)->5992K(6336K)
[2025-03-28T19:50:52.591+0530][gc          ] GC(372) Pause Young (Normal) (G1 Evacuation Pause) 361M->314M(1024M) 6.423ms
[2025-03-28T19:50:52.591+0530][gc,cpu      ] GC(372) User=0.01s Sys=0.00s Real=0.01s
[2025-03-28T19:51:00.940+0530][gc,start    ] GC(373) Pause Young (Normal) (G1 Evacuation Pause)
[2025-03-28T19:51:00.940+0530][gc,task     ] GC(373) Using 2 workers of 2 for evacuation
[2025-03-28T19:51:01.010+0530][gc,mmu      ] GC(373) MMU target violated: 21.0ms (20.0ms/21.0ms)
[2025-03-28T19:51:01.010+0530][gc,phases   ] GC(373)   Pre Evacuate Collection Set: 0.2ms
[2025-03-28T19:51:01.010+0530][gc,phases   ] GC(373)   Merge Heap Roots: 0.1ms
[2025-03-28T19:51:01.010+0530][gc,phases   ] GC(373)   Evacuate Collection Set: 67.7ms
[2025-03-28T19:51:01.010+0530][gc,phases   ] GC(373)   Post Evacuate Collection Set: 2.3ms
[2025-03-28T19:51:01.010+0530][gc,phases   ] GC(373)   Other: 0.2ms
[2025-03-28T19:51:01.010+0530][gc,heap     ] GC(373) Eden regions: 65->0(47)
[2025-03-28T19:51:01.010+0530][gc,heap     ] GC(373) Survivor regions: 3->4(9)
[2025-03-28T19:51:01.010+0530][gc,heap     ] GC(373) Old regions: 167->167
[2025-03-28T19:51:01.010+0530][gc,heap     ] GC(373) Archive regions: 2->2
[2025-03-28T19:51:01.010+0530][gc,heap     ] GC(373) Humongous regions: 144->142
[2025-03-28T19:51:01.010+0530][gc,metaspace] GC(373) Metaspace: 52681K(53376K)->52681K(53376K) NonClass: 46688K(47040K)->46688K(47040K) Class: 5992K(6336K)->5992K(6336K)
[2025-03-28T19:51:01.010+0530][gc          ] GC(373) Pause Young (Normal) (G1 Evacuation Pause) 379M->313M(1024M) 70.505ms
[2025-03-28T19:51:01.010+0530][gc,cpu      ] GC(373) User=0.01s Sys=0.01s Real=0.07s
[2025-03-28T19:51:01.114+0530][gc,start    ] GC(374) Pause Young (Normal) (G1 Evacuation Pause)
[2025-03-28T19:51:01.114+0530][gc,task     ] GC(374) Using 2 workers of 2 for evacuation
[2025-03-28T19:51:01.140+0530][gc,mmu      ] GC(374) MMU target violated: 21.0ms (20.0ms/21.0ms)
[2025-03-28T19:51:01.140+0530][gc,phases   ] GC(374)   Pre Evacuate Collection Set: 0.2ms
[2025-03-28T19:51:01.140+0530][gc,phases   ] GC(374)   Merge Heap Roots: 0.1ms
[2025-03-28T19:51:01.140+0530][gc,phases   ] GC(374)   Evacuate Collection Set: 24.7ms
[2025-03-28T19:51:01.140+0530][gc,phases   ] GC(374)   Post Evacuate Collection Set: 1.0ms
[2025-03-28T19:51:01.140+0530][gc,phases   ] GC(374)   Other: 0.2ms
[2025-03-28T19:51:01.140+0530][gc,heap     ] GC(374) Eden regions: 47->0(49)
[2025-03-28T19:51:01.140+0530][gc,heap     ] GC(374) Survivor regions: 4->2(7)
[2025-03-28T19:51:01.140+0530][gc,heap     ] GC(374) Old regions: 167->168
[2025-03-28T19:51:01.140+0530][gc,heap     ] GC(374) Archive regions: 2->2
[2025-03-28T19:51:01.140+0530][gc,heap     ] GC(374) Humongous regions: 144->144
[2025-03-28T19:51:01.140+0530][gc,metaspace] GC(374) Metaspace: 52681K(53376K)->52681K(53376K) NonClass: 46688K(47040K)->46688K(47040K) Class: 5992K(6336K)->5992K(6336K)
[2025-03-28T19:51:01.140+0530][gc          ] GC(374) Pause Young (Normal) (G1 Evacuation Pause) 362M->314M(1024M) 26.226ms
[2025-03-28T19:51:01.140+0530][gc,cpu      ] GC(374) User=0.01s Sys=0.01s Real=0.03s
[2025-03-28T19:51:02.467+0530][gc,start    ] GC(375) Pause Young (Normal) (G1 Evacuation Pause)
[2025-03-28T19:51:02.467+0530][gc,task     ] GC(375) Using 2 workers of 2 for evacuation
[2025-03-28T19:51:02.478+0530][gc,phases   ] GC(375)   Pre Evacuate Collection Set: 5.3ms
[2025-03-28T19:51:02.478+0530][gc,phases   ] GC(375)   Merge Heap Roots: 0.1ms
[2025-03-28T19:51:02.478+0530][gc,phases   ] GC(375)   Evacuate Collection Set: 5.1ms
[2025-03-28T19:51:02.478+0530][gc,phases   ] GC(375)   Post Evacuate Collection Set: 0.7ms
[2025-03-28T19:51:02.478+0530][gc,phases   ] GC(375)   Other: 0.2ms
[2025-03-28T19:51:02.478+0530][gc,heap     ] GC(375) Eden regions: 49->0(48)
[2025-03-28T19:51:02.478+0530][gc,heap     ] GC(375) Survivor regions: 2->3(7)
[2025-03-28T19:51:02.478+0530][gc,heap     ] GC(375) Old regions: 168->168
[2025-03-28T19:51:02.478+0530][gc,heap     ] GC(375) Archive regions: 2->2
[2025-03-28T19:51:02.478+0530][gc,heap     ] GC(375) Humongous regions: 144->142
[2025-03-28T19:51:02.478+0530][gc,metaspace] GC(375) Metaspace: 52681K(53376K)->52681K(53376K) NonClass: 46688K(47040K)->46688K(47040K) Class: 5992K(6336K)->5992K(6336K)
[2025-03-28T19:51:02.478+0530][gc          ] GC(375) Pause Young (Normal) (G1 Evacuation Pause) 363M->313M(1024M) 11.579ms
[2025-03-28T19:51:02.478+0530][gc,cpu      ] GC(375) User=0.01s Sys=0.01s Real=0.00s
[2025-03-28T19:51:02.587+0530][gc,start    ] GC(376) Pause Young (Normal) (G1 Evacuation Pause)
[2025-03-28T19:51:02.587+0530][gc,task     ] GC(376) Using 2 workers of 2 for evacuation
[2025-03-28T19:51:02.600+0530][gc,phases   ] GC(376)   Pre Evacuate Collection Set: 1.4ms
[2025-03-28T19:51:02.600+0530][gc,phases   ] GC(376)   Merge Heap Roots: 0.1ms
[2025-03-28T19:51:02.600+0530][gc,phases   ] GC(376)   Evacuate Collection Set: 9.4ms
[2025-03-28T19:51:02.600+0530][gc,phases   ] GC(376)   Post Evacuate Collection Set: 2.3ms
[2025-03-28T19:51:02.600+0530][gc,phases   ] GC(376)   Other: 0.2ms
[2025-03-28T19:51:02.600+0530][gc,heap     ] GC(376) Eden regions: 48->0(48)
[2025-03-28T19:51:02.600+0530][gc,heap     ] GC(376) Survivor regions: 3->3(7)
[2025-03-28T19:51:02.600+0530][gc,heap     ] GC(376) Old regions: 168->168
[2025-03-28T19:51:02.600+0530][gc,heap     ] GC(376) Archive regions: 2->2
[2025-03-28T19:51:02.600+0530][gc,heap     ] GC(376) Humongous regions: 144->144
[2025-03-28T19:51:02.600+0530][gc,metaspace] GC(376) Metaspace: 52681K(53376K)->52681K(53376K) NonClass: 46688K(47040K)->46688K(47040K) Class: 5992K(6336K)->5992K(6336K)
[2025-03-28T19:51:02.600+0530][gc          ] GC(376) Pause Young (Normal) (G1 Evacuation Pause) 363M->315M(1024M) 13.478ms
[2025-03-28T19:51:02.601+0530][gc,cpu      ] GC(376) User=0.01s Sys=0.01s Real=0.01s
[2025-03-28T19:51:11.132+0530][gc,start    ] GC(377) Pause Young (Normal) (G1 Evacuation Pause)
[2025-03-28T19:51:11.139+0530][gc,task     ] GC(377) Using 2 workers of 2 for evacuation
[2025-03-28T19:51:11.148+0530][gc,phases   ] GC(377)   Pre Evacuate Collection Set: 0.1ms
[2025-03-28T19:51:11.148+0530][gc,phases   ] GC(377)   Merge Heap Roots: 0.1ms
[2025-03-28T19:51:11.148+0530][gc,phases   ] GC(377)   Evacuate Collection Set: 7.8ms
[2025-03-28T19:51:11.148+0530][gc,phases   ] GC(377)   Post Evacuate Collection Set: 0.6ms
[2025-03-28T19:51:11.148+0530][gc,phases   ] GC(377)   Other: 6.8ms
[2025-03-28T19:51:11.148+0530][gc,heap     ] GC(377) Eden regions: 48->0(49)
[2025-03-28T19:51:11.148+0530][gc,heap     ] GC(377) Survivor regions: 3->2(7)
[2025-03-28T19:51:11.148+0530][gc,heap     ] GC(377) Old regions: 168->168
[2025-03-28T19:51:11.148+0530][gc,heap     ] GC(377) Archive regions: 2->2
[2025-03-28T19:51:11.148+0530][gc,heap     ] GC(377) Humongous regions: 144->142
[2025-03-28T19:51:11.148+0530][gc,metaspace] GC(377) Metaspace: 52706K(53376K)->52706K(53376K) NonClass: 46714K(47040K)->46714K(47040K) Class: 5992K(6336K)->5992K(6336K)
[2025-03-28T19:51:11.148+0530][gc          ] GC(377) Pause Young (Normal) (G1 Evacuation Pause) 363M->312M(1024M) 15.537ms
[2025-03-28T19:51:11.148+0530][gc,cpu      ] GC(377) User=0.01s Sys=0.00s Real=0.02s
[2025-03-28T19:51:11.386+0530][gc,start    ] GC(378) Pause Young (Normal) (G1 Evacuation Pause)
[2025-03-28T19:51:11.386+0530][gc,task     ] GC(378) Using 2 workers of 2 for evacuation
[2025-03-28T19:51:11.472+0530][gc,mmu      ] GC(378) MMU target violated: 21.0ms (20.0ms/21.0ms)
[2025-03-28T19:51:11.472+0530][gc,phases   ] GC(378)   Pre Evacuate Collection Set: 0.2ms
[2025-03-28T19:51:11.472+0530][gc,phases   ] GC(378)   Merge Heap Roots: 0.1ms
[2025-03-28T19:51:11.472+0530][gc,phases   ] GC(378)   Evacuate Collection Set: 82.1ms
[2025-03-28T19:51:11.472+0530][gc,phases   ] GC(378)   Post Evacuate Collection Set: 3.5ms
[2025-03-28T19:51:11.472+0530][gc,phases   ] GC(378)   Other: 0.2ms
[2025-03-28T19:51:11.472+0530][gc,heap     ] GC(378) Eden regions: 49->0(44)
[2025-03-28T19:51:11.472+0530][gc,heap     ] GC(378) Survivor regions: 2->7(7)
[2025-03-28T19:51:11.472+0530][gc,heap     ] GC(378) Old regions: 168->168
[2025-03-28T19:51:11.472+0530][gc,heap     ] GC(378) Archive regions: 2->2
[2025-03-28T19:51:11.472+0530][gc,heap     ] GC(378) Humongous regions: 142->142
[2025-03-28T19:51:11.472+0530][gc,metaspace] GC(378) Metaspace: 52706K(53376K)->52706K(53376K) NonClass: 46714K(47040K)->46714K(47040K) Class: 5992K(6336K)->5992K(6336K)
[2025-03-28T19:51:11.472+0530][gc          ] GC(378) Pause Young (Normal) (G1 Evacuation Pause) 361M->317M(1024M) 86.191ms
[2025-03-28T19:51:11.472+0530][gc,cpu      ] GC(378) User=0.01s Sys=0.00s Real=0.08s
[2025-03-28T19:51:11.687+0530][gc,start    ] GC(379) Pause Young (Normal) (G1 Evacuation Pause)
[2025-03-28T19:51:11.687+0530][gc,task     ] GC(379) Using 2 workers of 2 for evacuation
[2025-03-28T19:51:11.748+0530][gc,mmu      ] GC(379) MMU target violated: 21.0ms (20.0ms/21.0ms)
[2025-03-28T19:51:11.748+0530][gc,phases   ] GC(379)   Pre Evacuate Collection Set: 0.4ms
[2025-03-28T19:51:11.748+0530][gc,phases   ] GC(379)   Merge Heap Roots: 0.1ms
[2025-03-28T19:51:11.748+0530][gc,phases   ] GC(379)   Evacuate Collection Set: 59.6ms
[2025-03-28T19:51:11.748+0530][gc,phases   ] GC(379)   Post Evacuate Collection Set: 0.7ms
[2025-03-28T19:51:11.748+0530][gc,phases   ] GC(379)   Other: 0.7ms
[2025-03-28T19:51:11.748+0530][gc,heap     ] GC(379) Eden regions: 44->0(50)
[2025-03-28T19:51:11.748+0530][gc,heap     ] GC(379) Survivor regions: 7->1(7)
[2025-03-28T19:51:11.748+0530][gc,heap     ] GC(379) Old regions: 168->170
[2025-03-28T19:51:11.748+0530][gc,heap     ] GC(379) Archive regions: 2->2
[2025-03-28T19:51:11.748+0530][gc,heap     ] GC(379) Humongous regions: 144->144
[2025-03-28T19:51:11.748+0530][gc,metaspace] GC(379) Metaspace: 52713K(53376K)->52713K(53376K) NonClass: 46720K(47040K)->46720K(47040K) Class: 5992K(6336K)->5992K(6336K)
[2025-03-28T19:51:11.748+0530][gc          ] GC(379) Pause Young (Normal) (G1 Evacuation Pause) 363M->315M(1024M) 61.580ms
[2025-03-28T19:51:11.748+0530][gc,cpu      ] GC(379) User=0.02s Sys=0.01s Real=0.07s
[2025-03-28T19:51:12.464+0530][gc,start    ] GC(380) Pause Young (Normal) (G1 Evacuation Pause)
[2025-03-28T19:51:12.464+0530][gc,task     ] GC(380) Using 2 workers of 2 for evacuation
[2025-03-28T19:51:12.483+0530][gc,phases   ] GC(380)   Pre Evacuate Collection Set: 0.2ms
[2025-03-28T19:51:12.483+0530][gc,phases   ] GC(380)   Merge Heap Roots: 0.2ms
[2025-03-28T19:51:12.483+0530][gc,phases   ] GC(380)   Evacuate Collection Set: 17.9ms
[2025-03-28T19:51:12.483+0530][gc,phases   ] GC(380)   Post Evacuate Collection Set: 0.7ms
[2025-03-28T19:51:12.483+0530][gc,phases   ] GC(380)   Other: 0.1ms
[2025-03-28T19:51:12.483+0530][gc,heap     ] GC(380) Eden regions: 50->0(44)
[2025-03-28T19:51:12.483+0530][gc,heap     ] GC(380) Survivor regions: 1->7(7)
[2025-03-28T19:51:12.483+0530][gc,heap     ] GC(380) Old regions: 170->170
[2025-03-28T19:51:12.483+0530][gc,heap     ] GC(380) Archive regions: 2->2
[2025-03-28T19:51:12.483+0530][gc,heap     ] GC(380) Humongous regions: 144->142
[2025-03-28T19:51:12.483+0530][gc,metaspace] GC(380) Metaspace: 52713K(53376K)->52713K(53376K) NonClass: 46720K(47040K)->46720K(47040K) Class: 5992K(6336K)->5992K(6336K)
[2025-03-28T19:51:12.483+0530][gc          ] GC(380) Pause Young (Normal) (G1 Evacuation Pause) 365M->318M(1024M) 19.251ms
[2025-03-28T19:51:12.483+0530][gc,cpu      ] GC(380) User=0.01s Sys=0.00s Real=0.02s
[2025-03-28T19:51:12.597+0530][gc,start    ] GC(381) Pause Young (Normal) (G1 Evacuation Pause)
[2025-03-28T19:51:12.597+0530][gc,task     ] GC(381) Using 2 workers of 2 for evacuation
[2025-03-28T19:51:12.633+0530][gc,mmu      ] GC(381) MMU target violated: 21.0ms (20.0ms/21.0ms)
[2025-03-28T19:51:12.633+0530][gc,phases   ] GC(381)   Pre Evacuate Collection Set: 0.2ms
[2025-03-28T19:51:12.633+0530][gc,phases   ] GC(381)   Merge Heap Roots: 0.1ms
[2025-03-28T19:51:12.633+0530][gc,phases   ] GC(381)   Evacuate Collection Set: 34.3ms
[2025-03-28T19:51:12.633+0530][gc,phases   ] GC(381)   Post Evacuate Collection Set: 0.5ms
[2025-03-28T19:51:12.633+0530][gc,phases   ] GC(381)   Other: 0.7ms
[2025-03-28T19:51:12.633+0530][gc,heap     ] GC(381) Eden regions: 44->0(49)
[2025-03-28T19:51:12.633+0530][gc,heap     ] GC(381) Survivor regions: 7->2(7)
[2025-03-28T19:51:12.633+0530][gc,heap     ] GC(381) Old regions: 170->171
[2025-03-28T19:51:12.633+0530][gc,heap     ] GC(381) Archive regions: 2->2
[2025-03-28T19:51:12.633+0530][gc,heap     ] GC(381) Humongous regions: 144->144
[2025-03-28T19:51:12.633+0530][gc,metaspace] GC(381) Metaspace: 52713K(53376K)->52713K(53376K) NonClass: 46720K(47040K)->46720K(47040K) Class: 5992K(6336K)->5992K(6336K)
[2025-03-28T19:51:12.633+0530][gc          ] GC(381) Pause Young (Normal) (G1 Evacuation Pause) 364M->317M(1024M) 35.878ms
[2025-03-28T19:51:12.633+0530][gc,cpu      ] GC(381) User=0.01s Sys=0.00s Real=0.03s
[2025-03-28T19:51:21.488+0530][gc,start    ] GC(382) Pause Young (Normal) (G1 Evacuation Pause)
[2025-03-28T19:51:21.488+0530][gc,task     ] GC(382) Using 2 workers of 2 for evacuation
[2025-03-28T19:51:21.524+0530][gc,mmu      ] GC(382) MMU target violated: 21.0ms (20.0ms/21.0ms)
[2025-03-28T19:51:21.524+0530][gc,phases   ] GC(382)   Pre Evacuate Collection Set: 0.4ms
[2025-03-28T19:51:21.525+0530][gc,phases   ] GC(382)   Merge Heap Roots: 0.2ms
[2025-03-28T19:51:21.525+0530][gc,phases   ] GC(382)   Evacuate Collection Set: 34.9ms
[2025-03-28T19:51:21.525+0530][gc,phases   ] GC(382)   Post Evacuate Collection Set: 0.6ms
[2025-03-28T19:51:21.525+0530][gc,phases   ] GC(382)   Other: 0.1ms
[2025-03-28T19:51:21.525+0530][gc,heap     ] GC(382) Eden regions: 49->0(46)
[2025-03-28T19:51:21.525+0530][gc,heap     ] GC(382) Survivor regions: 2->5(7)
[2025-03-28T19:51:21.525+0530][gc,heap     ] GC(382) Old regions: 171->171
[2025-03-28T19:51:21.525+0530][gc,heap     ] GC(382) Archive regions: 2->2
[2025-03-28T19:51:21.525+0530][gc,heap     ] GC(382) Humongous regions: 144->142
[2025-03-28T19:51:21.525+0530][gc,metaspace] GC(382) Metaspace: 52722K(53376K)->52722K(53376K) NonClass: 46729K(47040K)->46729K(47040K) Class: 5992K(6336K)->5992K(6336K)
[2025-03-28T19:51:21.525+0530][gc          ] GC(382) Pause Young (Normal) (G1 Evacuation Pause) 366M->318M(1024M) 36.397ms
[2025-03-28T19:51:21.525+0530][gc,cpu      ] GC(382) User=0.00s Sys=0.00s Real=0.04s
[2025-03-28T19:51:21.695+0530][gc,start    ] GC(383) Pause Young (Normal) (G1 Evacuation Pause)
[2025-03-28T19:51:21.695+0530][gc,task     ] GC(383) Using 2 workers of 2 for evacuation
[2025-03-28T19:51:21.741+0530][gc,mmu      ] GC(383) MMU target violated: 21.0ms (20.0ms/21.0ms)
[2025-03-28T19:51:21.741+0530][gc,phases   ] GC(383)   Pre Evacuate Collection Set: 0.2ms
[2025-03-28T19:51:21.741+0530][gc,phases   ] GC(383)   Merge Heap Roots: 0.1ms
[2025-03-28T19:51:21.741+0530][gc,phases   ] GC(383)   Evacuate Collection Set: 43.8ms
[2025-03-28T19:51:21.741+0530][gc,phases   ] GC(383)   Post Evacuate Collection Set: 1.2ms
[2025-03-28T19:51:21.741+0530][gc,phases   ] GC(383)   Other: 0.2ms
[2025-03-28T19:51:21.741+0530][gc,heap     ] GC(383) Eden regions: 46->0(49)
[2025-03-28T19:51:21.741+0530][gc,heap     ] GC(383) Survivor regions: 5->2(7)
[2025-03-28T19:51:21.741+0530][gc,heap     ] GC(383) Old regions: 171->172
[2025-03-28T19:51:21.741+0530][gc,heap     ] GC(383) Archive regions: 2->2
[2025-03-28T19:51:21.741+0530][gc,heap     ] GC(383) Humongous regions: 144->144
[2025-03-28T19:51:21.741+0530][gc,metaspace] GC(383) Metaspace: 52723K(53376K)->52723K(53376K) NonClass: 46730K(47040K)->46730K(47040K) Class: 5992K(6336K)->5992K(6336K)
[2025-03-28T19:51:21.741+0530][gc          ] GC(383) Pause Young (Normal) (G1 Evacuation Pause) 366M->318M(1024M) 45.446ms
[2025-03-28T19:51:21.741+0530][gc,cpu      ] GC(383) User=0.01s Sys=0.00s Real=0.05s
[2025-03-28T19:51:22.432+0530][gc,start    ] GC(384) Pause Young (Normal) (G1 Evacuation Pause)
[2025-03-28T19:51:23.228+0530][gc,task     ] GC(384) Using 2 workers of 2 for evacuation
[2025-03-28T19:51:23.238+0530][gc,phases   ] GC(384)   Pre Evacuate Collection Set: 0.4ms
[2025-03-28T19:51:23.238+0530][gc,phases   ] GC(384)   Merge Heap Roots: 0.1ms
[2025-03-28T19:51:23.238+0530][gc,phases   ] GC(384)   Evacuate Collection Set: 8.2ms
[2025-03-28T19:51:23.238+0530][gc,phases   ] GC(384)   Post Evacuate Collection Set: 0.7ms
[2025-03-28T19:51:23.238+0530][gc,phases   ] GC(384)   Other: 796.4ms
[2025-03-28T19:51:23.238+0530][gc,heap     ] GC(384) Eden regions: 49->0(47)
[2025-03-28T19:51:23.238+0530][gc,heap     ] GC(384) Survivor regions: 2->4(7)
[2025-03-28T19:51:23.238+0530][gc,heap     ] GC(384) Old regions: 172->172
[2025-03-28T19:51:23.238+0530][gc,heap     ] GC(384) Archive regions: 2->2
[2025-03-28T19:51:23.238+0530][gc,heap     ] GC(384) Humongous regions: 144->142
[2025-03-28T19:51:23.238+0530][gc,metaspace] GC(384) Metaspace: 52723K(53376K)->52723K(53376K) NonClass: 46730K(47040K)->46730K(47040K) Class: 5992K(6336K)->5992K(6336K)
[2025-03-28T19:51:23.238+0530][gc          ] GC(384) Pause Young (Normal) (G1 Evacuation Pause) 367M->317M(1024M) 806.182ms
[2025-03-28T19:51:23.239+0530][gc,cpu      ] GC(384) User=0.01s Sys=0.00s Real=0.81s
[2025-03-28T19:51:23.331+0530][gc,start    ] GC(385) Pause Young (Normal) (G1 Evacuation Pause)
[2025-03-28T19:51:23.331+0530][gc,task     ] GC(385) Using 2 workers of 2 for evacuation
[2025-03-28T19:51:23.340+0530][gc,phases   ] GC(385)   Pre Evacuate Collection Set: 0.3ms
[2025-03-28T19:51:23.340+0530][gc,phases   ] GC(385)   Merge Heap Roots: 0.2ms
[2025-03-28T19:51:23.340+0530][gc,phases   ] GC(385)   Evacuate Collection Set: 7.1ms
[2025-03-28T19:51:23.340+0530][gc,phases   ] GC(385)   Post Evacuate Collection Set: 0.6ms
[2025-03-28T19:51:23.340+0530][gc,phases   ] GC(385)   Other: 0.2ms
[2025-03-28T19:51:23.340+0530][gc,heap     ] GC(385) Eden regions: 47->0(48)
[2025-03-28T19:51:23.340+0530][gc,heap     ] GC(385) Survivor regions: 4->3(7)
[2025-03-28T19:51:23.340+0530][gc,heap     ] GC(385) Old regions: 172->172
[2025-03-28T19:51:23.340+0530][gc,heap     ] GC(385) Archive regions: 2->2
[2025-03-28T19:51:23.340+0530][gc,heap     ] GC(385) Humongous regions: 144->144
[2025-03-28T19:51:23.340+0530][gc,metaspace] GC(385) Metaspace: 52723K(53376K)->52723K(53376K) NonClass: 46730K(47040K)->46730K(47040K) Class: 5992K(6336K)->5992K(6336K)
[2025-03-28T19:51:23.340+0530][gc          ] GC(385) Pause Young (Normal) (G1 Evacuation Pause) 366M->318M(1024M) 8.557ms
[2025-03-28T19:51:23.340+0530][gc,cpu      ] GC(385) User=0.02s Sys=0.00s Real=0.01s
[2025-03-28T19:51:28.531+0530][gc,start    ] GC(386) Pause Young (Normal) (G1 Evacuation Pause)
[2025-03-28T19:51:28.531+0530][gc,task     ] GC(386) Using 2 workers of 2 for evacuation
[2025-03-28T19:51:28.540+0530][gc,phases   ] GC(386)   Pre Evacuate Collection Set: 0.2ms
[2025-03-28T19:51:28.540+0530][gc,phases   ] GC(386)   Merge Heap Roots: 0.1ms
[2025-03-28T19:51:28.540+0530][gc,phases   ] GC(386)   Evacuate Collection Set: 7.7ms
[2025-03-28T19:51:28.540+0530][gc,phases   ] GC(386)   Post Evacuate Collection Set: 0.6ms
[2025-03-28T19:51:28.540+0530][gc,phases   ] GC(386)   Other: 0.2ms
[2025-03-28T19:51:28.540+0530][gc,heap     ] GC(386) Eden regions: 48->0(48)
[2025-03-28T19:51:28.540+0530][gc,heap     ] GC(386) Survivor regions: 3->3(7)
[2025-03-28T19:51:28.540+0530][gc,heap     ] GC(386) Old regions: 172->172
[2025-03-28T19:51:28.540+0530][gc,heap     ] GC(386) Archive regions: 2->2
[2025-03-28T19:51:28.540+0530][gc,heap     ] GC(386) Humongous regions: 144->142
[2025-03-28T19:51:28.540+0530][gc,metaspace] GC(386) Metaspace: 52727K(53440K)->52727K(53440K) NonClass: 46735K(47104K)->46735K(47104K) Class: 5992K(6336K)->5992K(6336K)
[2025-03-28T19:51:28.540+0530][gc          ] GC(386) Pause Young (Normal) (G1 Evacuation Pause) 366M->316M(1024M) 8.966ms
[2025-03-28T19:51:28.540+0530][gc,cpu      ] GC(386) User=0.01s Sys=0.00s Real=0.00s
[2025-03-28T19:51:28.673+0530][gc,start    ] GC(387) Pause Young (Normal) (G1 Evacuation Pause)
[2025-03-28T19:51:28.673+0530][gc,task     ] GC(387) Using 2 workers of 2 for evacuation
[2025-03-28T19:51:28.705+0530][gc,mmu      ] GC(387) MMU target violated: 21.0ms (20.0ms/21.0ms)
[2025-03-28T19:51:28.705+0530][gc,phases   ] GC(387)   Pre Evacuate Collection Set: 0.2ms
[2025-03-28T19:51:28.705+0530][gc,phases   ] GC(387)   Merge Heap Roots: 0.1ms
[2025-03-28T19:51:28.705+0530][gc,phases   ] GC(387)   Evacuate Collection Set: 29.0ms
[2025-03-28T19:51:28.705+0530][gc,phases   ] GC(387)   Post Evacuate Collection Set: 1.9ms
[2025-03-28T19:51:28.705+0530][gc,phases   ] GC(387)   Other: 0.5ms
[2025-03-28T19:51:28.705+0530][gc,heap     ] GC(387) Eden regions: 48->0(44)
[2025-03-28T19:51:28.705+0530][gc,heap     ] GC(387) Survivor regions: 3->7(7)
[2025-03-28T19:51:28.705+0530][gc,heap     ] GC(387) Old regions: 172->173
[2025-03-28T19:51:28.705+0530][gc,heap     ] GC(387) Archive regions: 2->2
[2025-03-28T19:51:28.705+0530][gc,heap     ] GC(387) Humongous regions: 142->142
[2025-03-28T19:51:28.705+0530][gc,metaspace] GC(387) Metaspace: 52727K(53440K)->52727K(53440K) NonClass: 46735K(47104K)->46735K(47104K) Class: 5992K(6336K)->5992K(6336K)
[2025-03-28T19:51:28.705+0530][gc          ] GC(387) Pause Young (Normal) (G1 Evacuation Pause) 364M->322M(1024M) 31.939ms
[2025-03-28T19:51:28.705+0530][gc,cpu      ] GC(387) User=0.02s Sys=0.01s Real=0.05s
[2025-03-28T19:51:32.422+0530][gc,start    ] GC(388) Pause Young (Normal) (G1 Evacuation Pause)
[2025-03-28T19:51:32.422+0530][gc,task     ] GC(388) Using 2 workers of 2 for evacuation
[2025-03-28T19:51:32.462+0530][gc,mmu      ] GC(388) MMU target violated: 21.0ms (20.0ms/21.0ms)
[2025-03-28T19:51:32.462+0530][gc,phases   ] GC(388)   Pre Evacuate Collection Set: 0.4ms
[2025-03-28T19:51:32.462+0530][gc,phases   ] GC(388)   Merge Heap Roots: 0.3ms
[2025-03-28T19:51:32.462+0530][gc,phases   ] GC(388)   Evacuate Collection Set: 37.1ms
[2025-03-28T19:51:32.462+0530][gc,phases   ] GC(388)   Post Evacuate Collection Set: 1.3ms
[2025-03-28T19:51:32.462+0530][gc,phases   ] GC(388)   Other: 1.3ms
[2025-03-28T19:51:32.462+0530][gc,heap     ] GC(388) Eden regions: 44->0(50)
[2025-03-28T19:51:32.462+0530][gc,heap     ] GC(388) Survivor regions: 7->1(7)
[2025-03-28T19:51:32.462+0530][gc,heap     ] GC(388) Old regions: 173->174
[2025-03-28T19:51:32.463+0530][gc,heap     ] GC(388) Archive regions: 2->2
[2025-03-28T19:51:32.463+0530][gc,heap     ] GC(388) Humongous regions: 144->142
[2025-03-28T19:51:32.463+0530][gc,metaspace] GC(388) Metaspace: 52735K(53504K)->52735K(53504K) NonClass: 46742K(47168K)->46742K(47168K) Class: 5992K(6336K)->5992K(6336K)
[2025-03-28T19:51:32.463+0530][gc          ] GC(388) Pause Young (Normal) (G1 Evacuation Pause) 368M->317M(1024M) 40.702ms
[2025-03-28T19:51:32.463+0530][gc,cpu      ] GC(388) User=0.02s Sys=0.01s Real=0.04s
[2025-03-28T19:51:32.531+0530][gc,start    ] GC(389) Pause Young (Normal) (G1 Evacuation Pause)
[2025-03-28T19:51:32.531+0530][gc,task     ] GC(389) Using 2 workers of 2 for evacuation
[2025-03-28T19:51:32.545+0530][gc,phases   ] GC(389)   Pre Evacuate Collection Set: 0.2ms
[2025-03-28T19:51:32.545+0530][gc,phases   ] GC(389)   Merge Heap Roots: 0.1ms
[2025-03-28T19:51:32.545+0530][gc,phases   ] GC(389)   Evacuate Collection Set: 12.3ms
[2025-03-28T19:51:32.545+0530][gc,phases   ] GC(389)   Post Evacuate Collection Set: 0.4ms
[2025-03-28T19:51:32.545+0530][gc,phases   ] GC(389)   Other: 0.1ms
[2025-03-28T19:51:32.545+0530][gc,heap     ] GC(389) Eden regions: 50->0(44)
[2025-03-28T19:51:32.545+0530][gc,heap     ] GC(389) Survivor regions: 1->7(7)
[2025-03-28T19:51:32.545+0530][gc,heap     ] GC(389) Old regions: 174->174
[2025-03-28T19:51:32.545+0530][gc,heap     ] GC(389) Archive regions: 2->2
[2025-03-28T19:51:32.545+0530][gc,heap     ] GC(389) Humongous regions: 142->142
[2025-03-28T19:51:32.545+0530][gc,metaspace] GC(389) Metaspace: 52735K(53504K)->52735K(53504K) NonClass: 46742K(47168K)->46742K(47168K) Class: 5992K(6336K)->5992K(6336K)
[2025-03-28T19:51:32.545+0530][gc          ] GC(389) Pause Young (Normal) (G1 Evacuation Pause) 367M->323M(1024M) 13.290ms
[2025-03-28T19:51:32.545+0530][gc,cpu      ] GC(389) User=0.01s Sys=0.00s Real=0.01s
[2025-03-28T19:51:32.626+0530][gc,start    ] GC(390) Pause Young (Normal) (G1 Evacuation Pause)
[2025-03-28T19:51:32.626+0530][gc,task     ] GC(390) Using 2 workers of 2 for evacuation
[2025-03-28T19:51:32.651+0530][gc,mmu      ] GC(390) MMU target violated: 21.0ms (20.0ms/21.0ms)
[2025-03-28T19:51:32.651+0530][gc,phases   ] GC(390)   Pre Evacuate Collection Set: 0.2ms
[2025-03-28T19:51:32.651+0530][gc,phases   ] GC(390)   Merge Heap Roots: 0.1ms
[2025-03-28T19:51:32.651+0530][gc,phases   ] GC(390)   Evacuate Collection Set: 25.0ms
[2025-03-28T19:51:32.651+0530][gc,phases   ] GC(390)   Post Evacuate Collection Set: 0.4ms
[2025-03-28T19:51:32.651+0530][gc,phases   ] GC(390)   Other: 0.2ms
[2025-03-28T19:51:32.652+0530][gc,heap     ] GC(390) Eden regions: 44->0(49)
[2025-03-28T19:51:32.652+0530][gc,heap     ] GC(390) Survivor regions: 7->2(7)
[2025-03-28T19:51:32.652+0530][gc,heap     ] GC(390) Old regions: 174->175
[2025-03-28T19:51:32.652+0530][gc,heap     ] GC(390) Archive regions: 2->2
[2025-03-28T19:51:32.652+0530][gc,heap     ] GC(390) Humongous regions: 144->144
[2025-03-28T19:51:32.652+0530][gc,metaspace] GC(390) Metaspace: 52735K(53504K)->52735K(53504K) NonClass: 46742K(47168K)->46742K(47168K) Class: 5992K(6336K)->5992K(6336K)
[2025-03-28T19:51:32.652+0530][gc          ] GC(390) Pause Young (Normal) (G1 Evacuation Pause) 369M->321M(1024M) 25.973ms
[2025-03-28T19:51:32.652+0530][gc,cpu      ] GC(390) User=0.01s Sys=0.00s Real=0.03s
[2025-03-28T19:51:41.227+0530][gc,start    ] GC(391) Pause Young (Normal) (G1 Evacuation Pause)
[2025-03-28T19:51:41.227+0530][gc,task     ] GC(391) Using 2 workers of 2 for evacuation
[2025-03-28T19:51:41.234+0530][gc,phases   ] GC(391)   Pre Evacuate Collection Set: 0.2ms
[2025-03-28T19:51:41.234+0530][gc,phases   ] GC(391)   Merge Heap Roots: 0.1ms
[2025-03-28T19:51:41.234+0530][gc,phases   ] GC(391)   Evacuate Collection Set: 6.1ms
[2025-03-28T19:51:41.234+0530][gc,phases   ] GC(391)   Post Evacuate Collection Set: 0.5ms
[2025-03-28T19:51:41.234+0530][gc,phases   ] GC(391)   Other: 0.1ms
[2025-03-28T19:51:41.234+0530][gc,heap     ] GC(391) Eden regions: 49->0(45)
[2025-03-28T19:51:41.234+0530][gc,heap     ] GC(391) Survivor regions: 2->6(7)
[2025-03-28T19:51:41.234+0530][gc,heap     ] GC(391) Old regions: 175->175
[2025-03-28T19:51:41.234+0530][gc,heap     ] GC(391) Archive regions: 2->2
[2025-03-28T19:51:41.234+0530][gc,heap     ] GC(391) Humongous regions: 144->142
[2025-03-28T19:51:41.234+0530][gc,metaspace] GC(391) Metaspace: 52766K(53504K)->52766K(53504K) NonClass: 46773K(47168K)->46773K(47168K) Class: 5992K(6336K)->5992K(6336K)
[2025-03-28T19:51:41.235+0530][gc          ] GC(391) Pause Young (Normal) (G1 Evacuation Pause) 370M->323M(1024M) 7.451ms
[2025-03-28T19:51:41.235+0530][gc,cpu      ] GC(391) User=0.01s Sys=0.00s Real=0.00s
[2025-03-28T19:51:41.336+0530][gc,start    ] GC(392) Pause Young (Normal) (G1 Evacuation Pause)
[2025-03-28T19:51:41.336+0530][gc,task     ] GC(392) Using 2 workers of 2 for evacuation
[2025-03-28T19:51:41.362+0530][gc,mmu      ] GC(392) MMU target violated: 21.0ms (20.0ms/21.0ms)
[2025-03-28T19:51:41.362+0530][gc,phases   ] GC(392)   Pre Evacuate Collection Set: 0.2ms
[2025-03-28T19:51:41.362+0530][gc,phases   ] GC(392)   Merge Heap Roots: 0.1ms
[2025-03-28T19:51:41.362+0530][gc,phases   ] GC(392)   Evacuate Collection Set: 22.8ms
[2025-03-28T19:51:41.362+0530][gc,phases   ] GC(392)   Post Evacuate Collection Set: 2.3ms
[2025-03-28T19:51:41.362+0530][gc,phases   ] GC(392)   Other: 0.3ms
[2025-03-28T19:51:41.362+0530][gc,heap     ] GC(392) Eden regions: 45->0(49)
[2025-03-28T19:51:41.362+0530][gc,heap     ] GC(392) Survivor regions: 6->2(7)
[2025-03-28T19:51:41.362+0530][gc,heap     ] GC(392) Old regions: 175->176
[2025-03-28T19:51:41.362+0530][gc,heap     ] GC(392) Archive regions: 2->2
[2025-03-28T19:51:41.362+0530][gc,heap     ] GC(392) Humongous regions: 144->144
[2025-03-28T19:51:41.362+0530][gc,metaspace] GC(392) Metaspace: 52773K(53504K)->52773K(53504K) NonClass: 46780K(47168K)->46780K(47168K) Class: 5992K(6336K)->5992K(6336K)
[2025-03-28T19:51:41.362+0530][gc          ] GC(392) Pause Young (Normal) (G1 Evacuation Pause) 370M->322M(1024M) 25.894ms
[2025-03-28T19:51:41.362+0530][gc,cpu      ] GC(392) User=0.02s Sys=0.00s Real=0.04s
[2025-03-28T19:51:42.513+0530][gc,start    ] GC(393) Pause Young (Normal) (G1 Evacuation Pause)
[2025-03-28T19:51:42.513+0530][gc,task     ] GC(393) Using 2 workers of 2 for evacuation
[2025-03-28T19:51:42.523+0530][gc,phases   ] GC(393)   Pre Evacuate Collection Set: 0.2ms
[2025-03-28T19:51:42.523+0530][gc,phases   ] GC(393)   Merge Heap Roots: 0.1ms
[2025-03-28T19:51:42.523+0530][gc,phases   ] GC(393)   Evacuate Collection Set: 8.2ms
[2025-03-28T19:51:42.523+0530][gc,phases   ] GC(393)   Post Evacuate Collection Set: 0.5ms
[2025-03-28T19:51:42.523+0530][gc,phases   ] GC(393)   Other: 0.1ms
[2025-03-28T19:51:42.523+0530][gc,heap     ] GC(393) Eden regions: 49->0(47)
[2025-03-28T19:51:42.523+0530][gc,heap     ] GC(393) Survivor regions: 2->4(7)
[2025-03-28T19:51:42.523+0530][gc,heap     ] GC(393) Old regions: 176->176
[2025-03-28T19:51:42.523+0530][gc,heap     ] GC(393) Archive regions: 2->2
[2025-03-28T19:51:42.523+0530][gc,heap     ] GC(393) Humongous regions: 144->142
[2025-03-28T19:51:42.523+0530][gc,metaspace] GC(393) Metaspace: 52774K(53504K)->52774K(53504K) NonClass: 46782K(47168K)->46782K(47168K) Class: 5992K(6336K)->5992K(6336K)
[2025-03-28T19:51:42.523+0530][gc          ] GC(393) Pause Young (Normal) (G1 Evacuation Pause) 371M->322M(1024M) 9.222ms
[2025-03-28T19:51:42.523+0530][gc,cpu      ] GC(393) User=0.01s Sys=0.00s Real=0.01s
[2025-03-28T19:51:42.665+0530][gc,start    ] GC(394) Pause Young (Normal) (G1 Evacuation Pause)
[2025-03-28T19:51:42.665+0530][gc,task     ] GC(394) Using 2 workers of 2 for evacuation
[2025-03-28T19:51:42.672+0530][gc,phases   ] GC(394)   Pre Evacuate Collection Set: 0.2ms
[2025-03-28T19:51:42.672+0530][gc,phases   ] GC(394)   Merge Heap Roots: 0.1ms
[2025-03-28T19:51:42.672+0530][gc,phases   ] GC(394)   Evacuate Collection Set: 6.2ms
[2025-03-28T19:51:42.672+0530][gc,phases   ] GC(394)   Post Evacuate Collection Set: 1.2ms
[2025-03-28T19:51:42.672+0530][gc,phases   ] GC(394)   Other: 0.1ms
[2025-03-28T19:51:42.672+0530][gc,heap     ] GC(394) Eden regions: 47->0(49)
[2025-03-28T19:51:42.672+0530][gc,heap     ] GC(394) Survivor regions: 4->2(7)
[2025-03-28T19:51:42.672+0530][gc,heap     ] GC(394) Old regions: 176->177
[2025-03-28T19:51:42.672+0530][gc,heap     ] GC(394) Archive regions: 2->2
[2025-03-28T19:51:42.672+0530][gc,heap     ] GC(394) Humongous regions: 144->144
[2025-03-28T19:51:42.672+0530][gc,metaspace] GC(394) Metaspace: 52774K(53504K)->52774K(53504K) NonClass: 46782K(47168K)->46782K(47168K) Class: 5992K(6336K)->5992K(6336K)
[2025-03-28T19:51:42.672+0530][gc          ] GC(394) Pause Young (Normal) (G1 Evacuation Pause) 371M->323M(1024M) 7.876ms
[2025-03-28T19:51:42.672+0530][gc,cpu      ] GC(394) User=0.01s Sys=0.00s Real=0.01s
[2025-03-28T19:51:47.943+0530][gc,start    ] GC(395) Pause Young (Normal) (G1 Evacuation Pause)
[2025-03-28T19:51:47.943+0530][gc,task     ] GC(395) Using 2 workers of 2 for evacuation
[2025-03-28T19:51:47.971+0530][gc,mmu      ] GC(395) MMU target violated: 21.0ms (20.0ms/21.0ms)
[2025-03-28T19:51:47.971+0530][gc,phases   ] GC(395)   Pre Evacuate Collection Set: 0.2ms
[2025-03-28T19:51:47.971+0530][gc,phases   ] GC(395)   Merge Heap Roots: 0.1ms
[2025-03-28T19:51:47.971+0530][gc,phases   ] GC(395)   Evacuate Collection Set: 11.1ms
[2025-03-28T19:51:47.971+0530][gc,phases   ] GC(395)   Post Evacuate Collection Set: 16.5ms
[2025-03-28T19:51:47.971+0530][gc,phases   ] GC(395)   Other: 1.0ms
[2025-03-28T19:51:47.971+0530][gc,heap     ] GC(395) Eden regions: 49->0(48)
[2025-03-28T19:51:47.971+0530][gc,heap     ] GC(395) Survivor regions: 2->3(7)
[2025-03-28T19:51:47.971+0530][gc,heap     ] GC(395) Old regions: 177->177
[2025-03-28T19:51:47.971+0530][gc,heap     ] GC(395) Archive regions: 2->2
[2025-03-28T19:51:47.971+0530][gc,heap     ] GC(395) Humongous regions: 144->142
[2025-03-28T19:51:47.972+0530][gc,metaspace] GC(395) Metaspace: 52778K(53504K)->52778K(53504K) NonClass: 46785K(47168K)->46785K(47168K) Class: 5992K(6336K)->5992K(6336K)
[2025-03-28T19:51:47.972+0530][gc          ] GC(395) Pause Young (Normal) (G1 Evacuation Pause) 372M->322M(1024M) 28.127ms
[2025-03-28T19:51:47.972+0530][gc,cpu      ] GC(395) User=0.01s Sys=0.00s Real=0.03s
[2025-03-28T19:51:48.173+0530][gc,start    ] GC(396) Pause Young (Normal) (G1 Evacuation Pause)
[2025-03-28T19:51:48.173+0530][gc,task     ] GC(396) Using 2 workers of 2 for evacuation
[2025-03-28T19:51:48.199+0530][gc,mmu      ] GC(396) MMU target violated: 21.0ms (20.0ms/21.0ms)
[2025-03-28T19:51:48.199+0530][gc,phases   ] GC(396)   Pre Evacuate Collection Set: 0.2ms
[2025-03-28T19:51:48.199+0530][gc,phases   ] GC(396)   Merge Heap Roots: 0.1ms
[2025-03-28T19:51:48.199+0530][gc,phases   ] GC(396)   Evacuate Collection Set: 23.8ms
[2025-03-28T19:51:48.199+0530][gc,phases   ] GC(396)   Post Evacuate Collection Set: 1.8ms
[2025-03-28T19:51:48.199+0530][gc,phases   ] GC(396)   Other: 0.2ms
[2025-03-28T19:51:48.199+0530][gc,heap     ] GC(396) Eden regions: 48->0(48)
[2025-03-28T19:51:48.199+0530][gc,heap     ] GC(396) Survivor regions: 3->3(7)
[2025-03-28T19:51:48.199+0530][gc,heap     ] GC(396) Old regions: 177->177
[2025-03-28T19:51:48.199+0530][gc,heap     ] GC(396) Archive regions: 2->2
[2025-03-28T19:51:48.199+0530][gc,heap     ] GC(396) Humongous regions: 144->144
[2025-03-28T19:51:48.199+0530][gc,metaspace] GC(396) Metaspace: 52781K(53504K)->52781K(53504K) NonClass: 46787K(47168K)->46787K(47168K) Class: 5993K(6336K)->5993K(6336K)
[2025-03-28T19:51:48.199+0530][gc          ] GC(396) Pause Young (Normal) (G1 Evacuation Pause) 372M->324M(1024M) 26.082ms
[2025-03-28T19:51:48.199+0530][gc,cpu      ] GC(396) User=0.01s Sys=0.00s Real=0.03s
[2025-03-28T19:51:52.429+0530][gc,start    ] GC(397) Pause Young (Normal) (G1 Evacuation Pause)
[2025-03-28T19:51:52.429+0530][gc,task     ] GC(397) Using 2 workers of 2 for evacuation
[2025-03-28T19:51:52.445+0530][gc,phases   ] GC(397)   Pre Evacuate Collection Set: 0.2ms
[2025-03-28T19:51:52.445+0530][gc,phases   ] GC(397)   Merge Heap Roots: 0.1ms
[2025-03-28T19:51:52.445+0530][gc,phases   ] GC(397)   Evacuate Collection Set: 14.8ms
[2025-03-28T19:51:52.445+0530][gc,phases   ] GC(397)   Post Evacuate Collection Set: 0.5ms
[2025-03-28T19:51:52.445+0530][gc,phases   ] GC(397)   Other: 0.3ms
[2025-03-28T19:51:52.445+0530][gc,heap     ] GC(397) Eden regions: 48->0(49)
[2025-03-28T19:51:52.445+0530][gc,heap     ] GC(397) Survivor regions: 3->2(7)
[2025-03-28T19:51:52.445+0530][gc,heap     ] GC(397) Old regions: 177->177
[2025-03-28T19:51:52.445+0530][gc,heap     ] GC(397) Archive regions: 2->2
[2025-03-28T19:51:52.445+0530][gc,heap     ] GC(397) Humongous regions: 144->142
[2025-03-28T19:51:52.445+0530][gc,metaspace] GC(397) Metaspace: 52883K(53568K)->52883K(53568K) NonClass: 46865K(47232K)->46865K(47232K) Class: 6017K(6336K)->6017K(6336K)
[2025-03-28T19:51:52.445+0530][gc          ] GC(397) Pause Young (Normal) (G1 Evacuation Pause) 372M->321M(1024M) 15.802ms
[2025-03-28T19:51:52.445+0530][gc,cpu      ] GC(397) User=0.01s Sys=0.00s Real=0.01s
[2025-03-28T19:51:52.638+0530][gc,start    ] GC(398) Pause Young (Normal) (G1 Evacuation Pause)
[2025-03-28T19:51:52.638+0530][gc,task     ] GC(398) Using 2 workers of 2 for evacuation
[2025-03-28T19:51:52.654+0530][gc,phases   ] GC(398)   Pre Evacuate Collection Set: 0.2ms
[2025-03-28T19:51:52.654+0530][gc,phases   ] GC(398)   Merge Heap Roots: 0.1ms
[2025-03-28T19:51:52.654+0530][gc,phases   ] GC(398)   Evacuate Collection Set: 15.3ms
[2025-03-28T19:51:52.654+0530][gc,phases   ] GC(398)   Post Evacuate Collection Set: 0.5ms
[2025-03-28T19:51:52.654+0530][gc,phases   ] GC(398)   Other: 0.1ms
[2025-03-28T19:51:52.654+0530][gc,heap     ] GC(398) Eden regions: 49->0(44)
[2025-03-28T19:51:52.654+0530][gc,heap     ] GC(398) Survivor regions: 2->7(7)
[2025-03-28T19:51:52.654+0530][gc,heap     ] GC(398) Old regions: 177->177
[2025-03-28T19:51:52.654+0530][gc,heap     ] GC(398) Archive regions: 2->2
[2025-03-28T19:51:52.654+0530][gc,heap     ] GC(398) Humongous regions: 142->142
[2025-03-28T19:51:52.654+0530][gc,metaspace] GC(398) Metaspace: 52883K(53568K)->52883K(53568K) NonClass: 46866K(47232K)->46866K(47232K) Class: 6017K(6336K)->6017K(6336K)
[2025-03-28T19:51:52.655+0530][gc          ] GC(398) Pause Young (Normal) (G1 Evacuation Pause) 370M->326M(1024M) 16.221ms
[2025-03-28T19:51:52.655+0530][gc,cpu      ] GC(398) User=0.01s Sys=0.01s Real=0.01s
[2025-03-28T19:51:52.713+0530][gc,start    ] GC(399) Pause Young (Normal) (G1 Evacuation Pause)
[2025-03-28T19:51:52.713+0530][gc,task     ] GC(399) Using 2 workers of 2 for evacuation
[2025-03-28T19:51:52.770+0530][gc,mmu      ] GC(399) MMU target violated: 21.0ms (20.0ms/21.0ms)
[2025-03-28T19:51:52.770+0530][gc,phases   ] GC(399)   Pre Evacuate Collection Set: 0.2ms
[2025-03-28T19:51:52.770+0530][gc,phases   ] GC(399)   Merge Heap Roots: 0.1ms
[2025-03-28T19:51:52.770+0530][gc,phases   ] GC(399)   Evacuate Collection Set: 56.6ms
[2025-03-28T19:51:52.770+0530][gc,phases   ] GC(399)   Post Evacuate Collection Set: 0.4ms
[2025-03-28T19:51:52.770+0530][gc,phases   ] GC(399)   Other: 0.2ms
[2025-03-28T19:51:52.770+0530][gc,heap     ] GC(399) Eden regions: 44->0(50)
[2025-03-28T19:51:52.770+0530][gc,heap     ] GC(399) Survivor regions: 7->1(7)
[2025-03-28T19:51:52.770+0530][gc,heap     ] GC(399) Old regions: 177->184
[2025-03-28T19:51:52.770+0530][gc,heap     ] GC(399) Archive regions: 2->2
[2025-03-28T19:51:52.770+0530][gc,heap     ] GC(399) Humongous regions: 144->144
[2025-03-28T19:51:52.770+0530][gc,metaspace] GC(399) Metaspace: 52883K(53568K)->52883K(53568K) NonClass: 46866K(47232K)->46866K(47232K) Class: 6017K(6336K)->6017K(6336K)
[2025-03-28T19:51:52.770+0530][gc          ] GC(399) Pause Young (Normal) (G1 Evacuation Pause) 372M->329M(1024M) 57.539ms
[2025-03-28T19:51:52.770+0530][gc,cpu      ] GC(399) User=0.02s Sys=0.00s Real=0.05s
[2025-03-28T19:51:58.507+0530][gc,start    ] GC(400) Pause Young (Normal) (G1 Evacuation Pause)
[2025-03-28T19:51:58.507+0530][gc,task     ] GC(400) Using 2 workers of 2 for evacuation
[2025-03-28T19:51:58.560+0530][gc,mmu      ] GC(400) MMU target violated: 21.0ms (20.0ms/21.0ms)
[2025-03-28T19:51:58.560+0530][gc,phases   ] GC(400)   Pre Evacuate Collection Set: 0.3ms
[2025-03-28T19:51:58.560+0530][gc,phases   ] GC(400)   Merge Heap Roots: 0.2ms
[2025-03-28T19:51:58.560+0530][gc,phases   ] GC(400)   Evacuate Collection Set: 51.6ms
[2025-03-28T19:51:58.560+0530][gc,phases   ] GC(400)   Post Evacuate Collection Set: 0.7ms
[2025-03-28T19:51:58.560+0530][gc,phases   ] GC(400)   Other: 0.2ms
[2025-03-28T19:51:58.560+0530][gc,heap     ] GC(400) Eden regions: 50->0(45)
[2025-03-28T19:51:58.560+0530][gc,heap     ] GC(400) Survivor regions: 1->6(7)
[2025-03-28T19:51:58.560+0530][gc,heap     ] GC(400) Old regions: 184->184
[2025-03-28T19:51:58.560+0530][gc,heap     ] GC(400) Archive regions: 2->2
[2025-03-28T19:51:58.560+0530][gc,heap     ] GC(400) Humongous regions: 147->142
[2025-03-28T19:51:58.560+0530][gc,metaspace] GC(400) Metaspace: 52903K(53632K)->52903K(53632K) NonClass: 46885K(47296K)->46885K(47296K) Class: 6017K(6336K)->6017K(6336K)
[2025-03-28T19:51:58.560+0530][gc          ] GC(400) Pause Young (Normal) (G1 Evacuation Pause) 382M->332M(1024M) 53.086ms
[2025-03-28T19:51:58.560+0530][gc,cpu      ] GC(400) User=0.02s Sys=0.00s Real=0.05s
[2025-03-28T19:51:58.908+0530][gc,start    ] GC(401) Pause Young (Normal) (G1 Evacuation Pause)
[2025-03-28T19:51:58.908+0530][gc,task     ] GC(401) Using 2 workers of 2 for evacuation
[2025-03-28T19:51:58.939+0530][gc,mmu      ] GC(401) MMU target violated: 21.0ms (20.0ms/21.0ms)
[2025-03-28T19:51:58.940+0530][gc,phases   ] GC(401)   Pre Evacuate Collection Set: 0.2ms
[2025-03-28T19:51:58.940+0530][gc,phases   ] GC(401)   Merge Heap Roots: 0.1ms
[2025-03-28T19:51:58.940+0530][gc,phases   ] GC(401)   Evacuate Collection Set: 15.9ms
[2025-03-28T19:51:58.940+0530][gc,phases   ] GC(401)   Post Evacuate Collection Set: 15.4ms
[2025-03-28T19:51:58.940+0530][gc,phases   ] GC(401)   Other: 0.2ms
[2025-03-28T19:51:58.940+0530][gc,heap     ] GC(401) Eden regions: 45->0(49)
[2025-03-28T19:51:58.940+0530][gc,heap     ] GC(401) Survivor regions: 6->2(7)
[2025-03-28T19:51:58.940+0530][gc,heap     ] GC(401) Old regions: 184->186
[2025-03-28T19:51:58.940+0530][gc,heap     ] GC(401) Archive regions: 2->2
[2025-03-28T19:51:58.940+0530][gc,heap     ] GC(401) Humongous regions: 144->144
[2025-03-28T19:51:58.940+0530][gc,metaspace] GC(401) Metaspace: 52903K(53632K)->52903K(53632K) NonClass: 46885K(47296K)->46885K(47296K) Class: 6017K(6336K)->6017K(6336K)
[2025-03-28T19:51:58.940+0530][gc          ] GC(401) Pause Young (Normal) (G1 Evacuation Pause) 379M->331M(1024M) 31.831ms
[2025-03-28T19:51:58.940+0530][gc,cpu      ] GC(401) User=0.01s Sys=0.00s Real=0.04s
[2025-03-28T19:52:02.525+0530][gc,start    ] GC(402) Pause Young (Normal) (G1 Evacuation Pause)
[2025-03-28T19:52:02.525+0530][gc,task     ] GC(402) Using 2 workers of 2 for evacuation
[2025-03-28T19:52:02.540+0530][gc,phases   ] GC(402)   Pre Evacuate Collection Set: 0.2ms
[2025-03-28T19:52:02.540+0530][gc,phases   ] GC(402)   Merge Heap Roots: 0.1ms
[2025-03-28T19:52:02.540+0530][gc,phases   ] GC(402)   Evacuate Collection Set: 10.1ms
[2025-03-28T19:52:02.540+0530][gc,phases   ] GC(402)   Post Evacuate Collection Set: 4.7ms
[2025-03-28T19:52:02.540+0530][gc,phases   ] GC(402)   Other: 0.1ms
[2025-03-28T19:52:02.540+0530][gc,heap     ] GC(402) Eden regions: 49->0(46)
[2025-03-28T19:52:02.540+0530][gc,heap     ] GC(402) Survivor regions: 2->5(7)
[2025-03-28T19:52:02.540+0530][gc,heap     ] GC(402) Old regions: 186->186
[2025-03-28T19:52:02.540+0530][gc,heap     ] GC(402) Archive regions: 2->2
[2025-03-28T19:52:02.540+0530][gc,heap     ] GC(402) Humongous regions: 144->142
[2025-03-28T19:52:02.540+0530][gc,metaspace] GC(402) Metaspace: 52906K(53632K)->52906K(53632K) NonClass: 46889K(47296K)->46889K(47296K) Class: 6017K(6336K)->6017K(6336K)
[2025-03-28T19:52:02.540+0530][gc          ] GC(402) Pause Young (Normal) (G1 Evacuation Pause) 380M->332M(1024M) 15.351ms
[2025-03-28T19:52:02.540+0530][gc,cpu      ] GC(402) User=0.01s Sys=0.00s Real=0.03s
[2025-03-28T19:52:02.751+0530][gc,start    ] GC(403) Pause Young (Normal) (G1 Evacuation Pause)
[2025-03-28T19:52:02.751+0530][gc,task     ] GC(403) Using 2 workers of 2 for evacuation
[2025-03-28T19:52:02.760+0530][gc,phases   ] GC(403)   Pre Evacuate Collection Set: 0.3ms
[2025-03-28T19:52:02.760+0530][gc,phases   ] GC(403)   Merge Heap Roots: 0.1ms
[2025-03-28T19:52:02.760+0530][gc,phases   ] GC(403)   Evacuate Collection Set: 4.0ms
[2025-03-28T19:52:02.760+0530][gc,phases   ] GC(403)   Post Evacuate Collection Set: 5.0ms
[2025-03-28T19:52:02.760+0530][gc,phases   ] GC(403)   Other: 0.1ms
[2025-03-28T19:52:02.760+0530][gc,heap     ] GC(403) Eden regions: 46->0(49)
[2025-03-28T19:52:02.760+0530][gc,heap     ] GC(403) Survivor regions: 5->2(7)
[2025-03-28T19:52:02.760+0530][gc,heap     ] GC(403) Old regions: 186->186
[2025-03-28T19:52:02.760+0530][gc,heap     ] GC(403) Archive regions: 2->2
[2025-03-28T19:52:02.760+0530][gc,heap     ] GC(403) Humongous regions: 144->144
[2025-03-28T19:52:02.760+0530][gc,metaspace] GC(403) Metaspace: 52908K(53632K)->52908K(53632K) NonClass: 46891K(47296K)->46891K(47296K) Class: 6017K(6336K)->6017K(6336K)
[2025-03-28T19:52:02.760+0530][gc          ] GC(403) Pause Young (Normal) (G1 Evacuation Pause) 380M->332M(1024M) 9.554ms
[2025-03-28T19:52:02.760+0530][gc,cpu      ] GC(403) User=0.00s Sys=0.00s Real=0.01s
[2025-03-28T19:52:08.562+0530][gc,start    ] GC(404) Pause Young (Normal) (G1 Evacuation Pause)
[2025-03-28T19:52:08.562+0530][gc,task     ] GC(404) Using 2 workers of 2 for evacuation
[2025-03-28T19:52:08.575+0530][gc,phases   ] GC(404)   Pre Evacuate Collection Set: 0.3ms
[2025-03-28T19:52:08.575+0530][gc,phases   ] GC(404)   Merge Heap Roots: 0.1ms
[2025-03-28T19:52:08.575+0530][gc,phases   ] GC(404)   Evacuate Collection Set: 10.0ms
[2025-03-28T19:52:08.575+0530][gc,phases   ] GC(404)   Post Evacuate Collection Set: 2.0ms
[2025-03-28T19:52:08.575+0530][gc,phases   ] GC(404)   Other: 0.2ms
[2025-03-28T19:52:08.575+0530][gc,heap     ] GC(404) Eden regions: 49->0(48)
[2025-03-28T19:52:08.575+0530][gc,heap     ] GC(404) Survivor regions: 2->3(7)
[2025-03-28T19:52:08.575+0530][gc,heap     ] GC(404) Old regions: 186->186
[2025-03-28T19:52:08.575+0530][gc,heap     ] GC(404) Archive regions: 2->2
[2025-03-28T19:52:08.575+0530][gc,heap     ] GC(404) Humongous regions: 144->142
[2025-03-28T19:52:08.575+0530][gc,metaspace] GC(404) Metaspace: 52923K(53632K)->52923K(53632K) NonClass: 46905K(47296K)->46905K(47296K) Class: 6017K(6336K)->6017K(6336K)
[2025-03-28T19:52:08.575+0530][gc          ] GC(404) Pause Young (Normal) (G1 Evacuation Pause) 381M->331M(1024M) 12.567ms
[2025-03-28T19:52:08.575+0530][gc,cpu      ] GC(404) User=0.02s Sys=0.00s Real=0.02s
[2025-03-28T19:52:08.790+0530][gc,start    ] GC(405) Pause Young (Normal) (G1 Evacuation Pause)
[2025-03-28T19:52:08.790+0530][gc,task     ] GC(405) Using 2 workers of 2 for evacuation
[2025-03-28T19:52:08.807+0530][gc,phases   ] GC(405)   Pre Evacuate Collection Set: 1.6ms
[2025-03-28T19:52:08.807+0530][gc,phases   ] GC(405)   Merge Heap Roots: 0.1ms
[2025-03-28T19:52:08.807+0530][gc,phases   ] GC(405)   Evacuate Collection Set: 14.2ms
[2025-03-28T19:52:08.807+0530][gc,phases   ] GC(405)   Post Evacuate Collection Set: 0.8ms
[2025-03-28T19:52:08.807+0530][gc,phases   ] GC(405)   Other: 0.1ms
[2025-03-28T19:52:08.807+0530][gc,heap     ] GC(405) Eden regions: 48->0(64)
[2025-03-28T19:52:08.807+0530][gc,heap     ] GC(405) Survivor regions: 3->3(7)
[2025-03-28T19:52:08.807+0530][gc,heap     ] GC(405) Old regions: 186->186
[2025-03-28T19:52:08.807+0530][gc,heap     ] GC(405) Archive regions: 2->2
[2025-03-28T19:52:08.807+0530][gc,heap     ] GC(405) Humongous regions: 144->144
[2025-03-28T19:52:08.807+0530][gc,metaspace] GC(405) Metaspace: 52923K(53632K)->52923K(53632K) NonClass: 46905K(47296K)->46905K(47296K) Class: 6017K(6336K)->6017K(6336K)
[2025-03-28T19:52:08.807+0530][gc          ] GC(405) Pause Young (Normal) (G1 Evacuation Pause) 381M->333M(1024M) 16.860ms
[2025-03-28T19:52:08.807+0530][gc,cpu      ] GC(405) User=0.01s Sys=0.00s Real=0.01s
[2025-03-28T19:52:12.451+0530][gc,start    ] GC(406) Pause Young (Normal) (G1 Evacuation Pause)
[2025-03-28T19:52:12.451+0530][gc,task     ] GC(406) Using 2 workers of 2 for evacuation
[2025-03-28T19:52:12.455+0530][gc,phases   ] GC(406)   Pre Evacuate Collection Set: 0.1ms
[2025-03-28T19:52:12.455+0530][gc,phases   ] GC(406)   Merge Heap Roots: 0.1ms
[2025-03-28T19:52:12.455+0530][gc,phases   ] GC(406)   Evacuate Collection Set: 3.8ms
[2025-03-28T19:52:12.455+0530][gc,phases   ] GC(406)   Post Evacuate Collection Set: 0.4ms
[2025-03-28T19:52:12.455+0530][gc,phases   ] GC(406)   Other: 0.2ms
[2025-03-28T19:52:12.455+0530][gc,heap     ] GC(406) Eden regions: 64->0(114)
[2025-03-28T19:52:12.455+0530][gc,heap     ] GC(406) Survivor regions: 3->4(9)
[2025-03-28T19:52:12.455+0530][gc,heap     ] GC(406) Old regions: 186->186
[2025-03-28T19:52:12.455+0530][gc,heap     ] GC(406) Archive regions: 2->2
[2025-03-28T19:52:12.455+0530][gc,heap     ] GC(406) Humongous regions: 144->142
[2025-03-28T19:52:12.455+0530][gc,metaspace] GC(406) Metaspace: 52963K(53632K)->52963K(53632K) NonClass: 46945K(47296K)->46945K(47296K) Class: 6017K(6336K)->6017K(6336K)
[2025-03-28T19:52:12.455+0530][gc          ] GC(406) Pause Young (Normal) (G1 Evacuation Pause) 397M->332M(1024M) 4.656ms
[2025-03-28T19:52:12.455+0530][gc,cpu      ] GC(406) User=0.01s Sys=0.00s Real=0.01s
[2025-03-28T19:52:21.763+0530][gc,start    ] GC(407) Pause Young (Normal) (G1 Evacuation Pause)
[2025-03-28T19:52:21.763+0530][gc,task     ] GC(407) Using 2 workers of 2 for evacuation
[2025-03-28T19:52:21.822+0530][gc,mmu      ] GC(407) MMU target violated: 21.0ms (20.0ms/21.0ms)
[2025-03-28T19:52:21.822+0530][gc,phases   ] GC(407)   Pre Evacuate Collection Set: 0.2ms
[2025-03-28T19:52:21.822+0530][gc,phases   ] GC(407)   Merge Heap Roots: 0.1ms
[2025-03-28T19:52:21.822+0530][gc,phases   ] GC(407)   Evacuate Collection Set: 54.5ms
[2025-03-28T19:52:21.822+0530][gc,phases   ] GC(407)   Post Evacuate Collection Set: 3.9ms
[2025-03-28T19:52:21.822+0530][gc,phases   ] GC(407)   Other: 0.2ms
[2025-03-28T19:52:21.822+0530][gc,heap     ] GC(407) Eden regions: 114->0(46)
[2025-03-28T19:52:21.822+0530][gc,heap     ] GC(407) Survivor regions: 4->5(15)
[2025-03-28T19:52:21.822+0530][gc,heap     ] GC(407) Old regions: 186->186
[2025-03-28T19:52:21.822+0530][gc,heap     ] GC(407) Archive regions: 2->2
[2025-03-28T19:52:21.822+0530][gc,heap     ] GC(407) Humongous regions: 144->142
[2025-03-28T19:52:21.822+0530][gc,metaspace] GC(407) Metaspace: 52978K(53696K)->52978K(53696K) NonClass: 46961K(47360K)->46961K(47360K) Class: 6017K(6336K)->6017K(6336K)
[2025-03-28T19:52:21.822+0530][gc          ] GC(407) Pause Young (Normal) (G1 Evacuation Pause) 448M->333M(1024M) 58.981ms
[2025-03-28T19:52:21.822+0530][gc,cpu      ] GC(407) User=0.02s Sys=0.00s Real=0.06s
[2025-03-28T19:52:21.927+0530][gc,start    ] GC(408) Pause Young (Normal) (G1 Evacuation Pause)
[2025-03-28T19:52:21.927+0530][gc,task     ] GC(408) Using 2 workers of 2 for evacuation
[2025-03-28T19:52:21.971+0530][gc,mmu      ] GC(408) MMU target violated: 21.0ms (20.0ms/21.0ms)
[2025-03-28T19:52:21.971+0530][gc,phases   ] GC(408)   Pre Evacuate Collection Set: 0.4ms
[2025-03-28T19:52:21.971+0530][gc,phases   ] GC(408)   Merge Heap Roots: 0.6ms
[2025-03-28T19:52:21.971+0530][gc,phases   ] GC(408)   Evacuate Collection Set: 42.2ms
[2025-03-28T19:52:21.971+0530][gc,phases   ] GC(408)   Post Evacuate Collection Set: 0.8ms
[2025-03-28T19:52:21.971+0530][gc,phases   ] GC(408)   Other: 0.2ms
[2025-03-28T19:52:21.971+0530][gc,heap     ] GC(408) Eden regions: 46->0(49)
[2025-03-28T19:52:21.971+0530][gc,heap     ] GC(408) Survivor regions: 5->2(7)
[2025-03-28T19:52:21.971+0530][gc,heap     ] GC(408) Old regions: 186->187
[2025-03-28T19:52:21.971+0530][gc,heap     ] GC(408) Archive regions: 2->2
[2025-03-28T19:52:21.971+0530][gc,heap     ] GC(408) Humongous regions: 144->144
[2025-03-28T19:52:21.971+0530][gc,metaspace] GC(408) Metaspace: 52978K(53696K)->52978K(53696K) NonClass: 46961K(47360K)->46961K(47360K) Class: 6017K(6336K)->6017K(6336K)
[2025-03-28T19:52:21.971+0530][gc          ] GC(408) Pause Young (Normal) (G1 Evacuation Pause) 381M->333M(1024M) 44.348ms
[2025-03-28T19:52:21.971+0530][gc,cpu      ] GC(408) User=0.01s Sys=0.01s Real=0.04s
[2025-03-28T19:52:22.439+0530][gc,start    ] GC(409) Pause Young (Normal) (G1 Evacuation Pause)
[2025-03-28T19:52:22.439+0530][gc,task     ] GC(409) Using 2 workers of 2 for evacuation
[2025-03-28T19:52:22.475+0530][gc,mmu      ] GC(409) MMU target violated: 21.0ms (20.0ms/21.0ms)
[2025-03-28T19:52:22.475+0530][gc,phases   ] GC(409)   Pre Evacuate Collection Set: 11.0ms
[2025-03-28T19:52:22.475+0530][gc,phases   ] GC(409)   Merge Heap Roots: 0.1ms
[2025-03-28T19:52:22.475+0530][gc,phases   ] GC(409)   Evacuate Collection Set: 21.3ms
[2025-03-28T19:52:22.475+0530][gc,phases   ] GC(409)   Post Evacuate Collection Set: 3.2ms
[2025-03-28T19:52:22.475+0530][gc,phases   ] GC(409)   Other: 0.2ms
[2025-03-28T19:52:22.475+0530][gc,heap     ] GC(409) Eden regions: 49->0(48)
[2025-03-28T19:52:22.475+0530][gc,heap     ] GC(409) Survivor regions: 2->3(7)
[2025-03-28T19:52:22.475+0530][gc,heap     ] GC(409) Old regions: 187->187
[2025-03-28T19:52:22.475+0530][gc,heap     ] GC(409) Archive regions: 2->2
[2025-03-28T19:52:22.475+0530][gc,heap     ] GC(409) Humongous regions: 144->142
[2025-03-28T19:52:22.475+0530][gc,metaspace] GC(409) Metaspace: 52980K(53696K)->52980K(53696K) NonClass: 46963K(47360K)->46963K(47360K) Class: 6017K(6336K)->6017K(6336K)
[2025-03-28T19:52:22.475+0530][gc          ] GC(409) Pause Young (Normal) (G1 Evacuation Pause) 382M->332M(1024M) 35.943ms
[2025-03-28T19:52:22.475+0530][gc,cpu      ] GC(409) User=0.01s Sys=0.00s Real=0.05s
[2025-03-28T19:52:22.650+0530][gc,start    ] GC(410) Pause Young (Normal) (G1 Evacuation Pause)
[2025-03-28T19:52:22.650+0530][gc,task     ] GC(410) Using 2 workers of 2 for evacuation
[2025-03-28T19:52:22.655+0530][gc,phases   ] GC(410)   Pre Evacuate Collection Set: 0.2ms
[2025-03-28T19:52:22.655+0530][gc,phases   ] GC(410)   Merge Heap Roots: 0.1ms
[2025-03-28T19:52:22.655+0530][gc,phases   ] GC(410)   Evacuate Collection Set: 4.0ms
[2025-03-28T19:52:22.655+0530][gc,phases   ] GC(410)   Post Evacuate Collection Set: 0.5ms
[2025-03-28T19:52:22.655+0530][gc,phases   ] GC(410)   Other: 0.3ms
[2025-03-28T19:52:22.655+0530][gc,heap     ] GC(410) Eden regions: 48->0(48)
[2025-03-28T19:52:22.655+0530][gc,heap     ] GC(410) Survivor regions: 3->3(7)
[2025-03-28T19:52:22.655+0530][gc,heap     ] GC(410) Old regions: 187->187
[2025-03-28T19:52:22.655+0530][gc,heap     ] GC(410) Archive regions: 2->2
[2025-03-28T19:52:22.655+0530][gc,heap     ] GC(410) Humongous regions: 144->144
[2025-03-28T19:52:22.655+0530][gc,metaspace] GC(410) Metaspace: 52980K(53696K)->52980K(53696K) NonClass: 46963K(47360K)->46963K(47360K) Class: 6017K(6336K)->6017K(6336K)
[2025-03-28T19:52:22.655+0530][gc          ] GC(410) Pause Young (Normal) (G1 Evacuation Pause) 382M->334M(1024M) 5.313ms
[2025-03-28T19:52:22.655+0530][gc,cpu      ] GC(410) User=0.00s Sys=0.01s Real=0.02s
[2025-03-28T19:52:27.946+0530][gc,start    ] GC(411) Pause Young (Normal) (G1 Evacuation Pause)
[2025-03-28T19:52:27.946+0530][gc,task     ] GC(411) Using 2 workers of 2 for evacuation
[2025-03-28T19:52:27.983+0530][gc,mmu      ] GC(411) MMU target violated: 21.0ms (20.0ms/21.0ms)
[2025-03-28T19:52:27.983+0530][gc,phases   ] GC(411)   Pre Evacuate Collection Set: 16.6ms
[2025-03-28T19:52:27.983+0530][gc,phases   ] GC(411)   Merge Heap Roots: 0.3ms
[2025-03-28T19:52:27.983+0530][gc,phases   ] GC(411)   Evacuate Collection Set: 17.8ms
[2025-03-28T19:52:27.983+0530][gc,phases   ] GC(411)   Post Evacuate Collection Set: 1.5ms
[2025-03-28T19:52:27.983+0530][gc,phases   ] GC(411)   Other: 0.5ms
[2025-03-28T19:52:27.983+0530][gc,heap     ] GC(411) Eden regions: 48->0(49)
[2025-03-28T19:52:27.983+0530][gc,heap     ] GC(411) Survivor regions: 3->2(7)
[2025-03-28T19:52:27.983+0530][gc,heap     ] GC(411) Old regions: 187->187
[2025-03-28T19:52:27.983+0530][gc,heap     ] GC(411) Archive regions: 2->2
[2025-03-28T19:52:27.983+0530][gc,heap     ] GC(411) Humongous regions: 144->142
[2025-03-28T19:52:27.983+0530][gc,metaspace] GC(411) Metaspace: 52989K(53696K)->52989K(53696K) NonClass: 46971K(47360K)->46971K(47360K) Class: 6017K(6336K)->6017K(6336K)
[2025-03-28T19:52:27.983+0530][gc          ] GC(411) Pause Young (Normal) (G1 Evacuation Pause) 382M->331M(1024M) 36.895ms
[2025-03-28T19:52:27.983+0530][gc,cpu      ] GC(411) User=0.02s Sys=0.01s Real=0.03s
[2025-03-28T19:52:28.178+0530][gc,start    ] GC(412) Pause Young (Normal) (G1 Evacuation Pause)
[2025-03-28T19:52:28.178+0530][gc,task     ] GC(412) Using 2 workers of 2 for evacuation
[2025-03-28T19:52:28.216+0530][gc,mmu      ] GC(412) MMU target violated: 21.0ms (20.0ms/21.0ms)
[2025-03-28T19:52:28.216+0530][gc,phases   ] GC(412)   Pre Evacuate Collection Set: 0.2ms
[2025-03-28T19:52:28.216+0530][gc,phases   ] GC(412)   Merge Heap Roots: 0.1ms
[2025-03-28T19:52:28.216+0530][gc,phases   ] GC(412)   Evacuate Collection Set: 36.3ms
[2025-03-28T19:52:28.216+0530][gc,phases   ] GC(412)   Post Evacuate Collection Set: 1.8ms
[2025-03-28T19:52:28.216+0530][gc,phases   ] GC(412)   Other: 0.2ms
[2025-03-28T19:52:28.216+0530][gc,heap     ] GC(412) Eden regions: 49->0(44)
[2025-03-28T19:52:28.216+0530][gc,heap     ] GC(412) Survivor regions: 2->7(7)
[2025-03-28T19:52:28.216+0530][gc,heap     ] GC(412) Old regions: 187->188
[2025-03-28T19:52:28.216+0530][gc,heap     ] GC(412) Archive regions: 2->2
[2025-03-28T19:52:28.216+0530][gc,heap     ] GC(412) Humongous regions: 142->142
[2025-03-28T19:52:28.216+0530][gc,metaspace] GC(412) Metaspace: 52989K(53696K)->52989K(53696K) NonClass: 46971K(47360K)->46971K(47360K) Class: 6017K(6336K)->6017K(6336K)
[2025-03-28T19:52:28.216+0530][gc          ] GC(412) Pause Young (Normal) (G1 Evacuation Pause) 380M->337M(1024M) 38.702ms
[2025-03-28T19:52:28.216+0530][gc,cpu      ] GC(412) User=0.02s Sys=0.00s Real=0.04s
[2025-03-28T19:52:28.334+0530][gc,start    ] GC(413) Pause Young (Normal) (G1 Evacuation Pause)
[2025-03-28T19:52:28.334+0530][gc,task     ] GC(413) Using 2 workers of 2 for evacuation
[2025-03-28T19:52:28.384+0530][gc,mmu      ] GC(413) MMU target violated: 21.0ms (20.0ms/21.0ms)
[2025-03-28T19:52:28.385+0530][gc,phases   ] GC(413)   Pre Evacuate Collection Set: 17.1ms
[2025-03-28T19:52:28.385+0530][gc,phases   ] GC(413)   Merge Heap Roots: 0.2ms
[2025-03-28T19:52:28.385+0530][gc,phases   ] GC(413)   Evacuate Collection Set: 31.7ms
[2025-03-28T19:52:28.385+0530][gc,phases   ] GC(413)   Post Evacuate Collection Set: 0.8ms
[2025-03-28T19:52:28.385+0530][gc,phases   ] GC(413)   Other: 0.6ms
[2025-03-28T19:52:28.385+0530][gc,heap     ] GC(413) Eden regions: 44->0(50)
[2025-03-28T19:52:28.385+0530][gc,heap     ] GC(413) Survivor regions: 7->1(7)
[2025-03-28T19:52:28.385+0530][gc,heap     ] GC(413) Old regions: 188->195
[2025-03-28T19:52:28.385+0530][gc,heap     ] GC(413) Archive regions: 2->2
[2025-03-28T19:52:28.385+0530][gc,heap     ] GC(413) Humongous regions: 144->144
[2025-03-28T19:52:28.385+0530][gc,metaspace] GC(413) Metaspace: 52989K(53696K)->52989K(53696K) NonClass: 46971K(47360K)->46971K(47360K) Class: 6017K(6336K)->6017K(6336K)
[2025-03-28T19:52:28.385+0530][gc          ] GC(413) Pause Young (Normal) (G1 Evacuation Pause) 383M->340M(1024M) 50.579ms
[2025-03-28T19:52:28.385+0530][gc,cpu      ] GC(413) User=0.01s Sys=0.00s Real=0.05s
[2025-03-28T19:52:32.535+0530][gc,start    ] GC(414) Pause Young (Normal) (G1 Evacuation Pause)
[2025-03-28T19:52:32.535+0530][gc,task     ] GC(414) Using 2 workers of 2 for evacuation
[2025-03-28T19:52:32.559+0530][gc,mmu      ] GC(414) MMU target violated: 21.0ms (20.0ms/21.0ms)
[2025-03-28T19:52:32.559+0530][gc,phases   ] GC(414)   Pre Evacuate Collection Set: 0.3ms
[2025-03-28T19:52:32.559+0530][gc,phases   ] GC(414)   Merge Heap Roots: 0.1ms
[2025-03-28T19:52:32.559+0530][gc,phases   ] GC(414)   Evacuate Collection Set: 23.5ms
[2025-03-28T19:52:32.559+0530][gc,phases   ] GC(414)   Post Evacuate Collection Set: 0.4ms
[2025-03-28T19:52:32.559+0530][gc,phases   ] GC(414)   Other: 0.2ms
[2025-03-28T19:52:32.559+0530][gc,heap     ] GC(414) Eden regions: 50->0(44)
[2025-03-28T19:52:32.559+0530][gc,heap     ] GC(414) Survivor regions: 1->7(7)
[2025-03-28T19:52:32.559+0530][gc,heap     ] GC(414) Old regions: 195->195
[2025-03-28T19:52:32.559+0530][gc,heap     ] GC(414) Archive regions: 2->2
[2025-03-28T19:52:32.559+0530][gc,heap     ] GC(414) Humongous regions: 144->142
[2025-03-28T19:52:32.559+0530][gc,metaspace] GC(414) Metaspace: 52994K(53696K)->52994K(53696K) NonClass: 46977K(47360K)->46977K(47360K) Class: 6017K(6336K)->6017K(6336K)
[2025-03-28T19:52:32.559+0530][gc          ] GC(414) Pause Young (Normal) (G1 Evacuation Pause) 390M->343M(1024M) 24.511ms
[2025-03-28T19:52:32.559+0530][gc,cpu      ] GC(414) User=0.01s Sys=0.00s Real=0.04s
[2025-03-28T19:52:32.777+0530][gc,start    ] GC(415) Pause Young (Normal) (G1 Evacuation Pause)
[2025-03-28T19:52:32.777+0530][gc,task     ] GC(415) Using 2 workers of 2 for evacuation
[2025-03-28T19:52:32.794+0530][gc,phases   ] GC(415)   Pre Evacuate Collection Set: 0.2ms
[2025-03-28T19:52:32.794+0530][gc,phases   ] GC(415)   Merge Heap Roots: 0.1ms
[2025-03-28T19:52:32.794+0530][gc,phases   ] GC(415)   Evacuate Collection Set: 16.1ms
[2025-03-28T19:52:32.794+0530][gc,phases   ] GC(415)   Post Evacuate Collection Set: 0.5ms
[2025-03-28T19:52:32.794+0530][gc,phases   ] GC(415)   Other: 0.1ms
[2025-03-28T19:52:32.794+0530][gc,heap     ] GC(415) Eden regions: 44->0(49)
[2025-03-28T19:52:32.794+0530][gc,heap     ] GC(415) Survivor regions: 7->2(7)
[2025-03-28T19:52:32.794+0530][gc,heap     ] GC(415) Old regions: 195->196
[2025-03-28T19:52:32.794+0530][gc,heap     ] GC(415) Archive regions: 2->2
[2025-03-28T19:52:32.794+0530][gc,heap     ] GC(415) Humongous regions: 144->144
[2025-03-28T19:52:32.794+0530][gc,metaspace] GC(415) Metaspace: 52994K(53696K)->52994K(53696K) NonClass: 46977K(47360K)->46977K(47360K) Class: 6017K(6336K)->6017K(6336K)
[2025-03-28T19:52:32.794+0530][gc          ] GC(415) Pause Young (Normal) (G1 Evacuation Pause) 389M->342M(1024M) 17.080ms
[2025-03-28T19:52:32.794+0530][gc,cpu      ] GC(415) User=0.01s Sys=0.00s Real=0.01s
[2025-03-28T19:52:38.540+0530][gc,start    ] GC(416) Pause Young (Normal) (G1 Evacuation Pause)
[2025-03-28T19:52:38.540+0530][gc,task     ] GC(416) Using 2 workers of 2 for evacuation
[2025-03-28T19:52:38.561+0530][gc,mmu      ] GC(416) MMU target violated: 21.0ms (20.0ms/21.0ms)
[2025-03-28T19:52:38.562+0530][gc,phases   ] GC(416)   Pre Evacuate Collection Set: 0.2ms
[2025-03-28T19:52:38.562+0530][gc,phases   ] GC(416)   Merge Heap Roots: 0.1ms
[2025-03-28T19:52:38.562+0530][gc,phases   ] GC(416)   Evacuate Collection Set: 9.5ms
[2025-03-28T19:52:38.562+0530][gc,phases   ] GC(416)   Post Evacuate Collection Set: 11.9ms
[2025-03-28T19:52:38.562+0530][gc,phases   ] GC(416)   Other: 0.3ms
[2025-03-28T19:52:38.562+0530][gc,heap     ] GC(416) Eden regions: 49->0(46)
[2025-03-28T19:52:38.562+0530][gc,heap     ] GC(416) Survivor regions: 2->5(7)
[2025-03-28T19:52:38.562+0530][gc,heap     ] GC(416) Old regions: 196->196
[2025-03-28T19:52:38.562+0530][gc,heap     ] GC(416) Archive regions: 2->2
[2025-03-28T19:52:38.562+0530][gc,heap     ] GC(416) Humongous regions: 144->142
[2025-03-28T19:52:38.562+0530][gc,metaspace] GC(416) Metaspace: 53011K(53696K)->53011K(53696K) NonClass: 46994K(47360K)->46994K(47360K) Class: 6017K(6336K)->6017K(6336K)
[2025-03-28T19:52:38.562+0530][gc          ] GC(416) Pause Young (Normal) (G1 Evacuation Pause) 391M->343M(1024M) 22.006ms
[2025-03-28T19:52:38.562+0530][gc,cpu      ] GC(416) User=0.01s Sys=0.00s Real=0.02s
[2025-03-28T19:52:38.778+0530][gc,start    ] GC(417) Pause Young (Normal) (G1 Evacuation Pause)
[2025-03-28T19:52:38.778+0530][gc,task     ] GC(417) Using 2 workers of 2 for evacuation
[2025-03-28T19:52:38.843+0530][gc,mmu      ] GC(417) MMU target violated: 21.0ms (20.0ms/21.0ms)
[2025-03-28T19:52:38.843+0530][gc,phases   ] GC(417)   Pre Evacuate Collection Set: 0.2ms
[2025-03-28T19:52:38.843+0530][gc,phases   ] GC(417)   Merge Heap Roots: 0.1ms
[2025-03-28T19:52:38.843+0530][gc,phases   ] GC(417)   Evacuate Collection Set: 64.1ms
[2025-03-28T19:52:38.843+0530][gc,phases   ] GC(417)   Post Evacuate Collection Set: 0.4ms
[2025-03-28T19:52:38.843+0530][gc,phases   ] GC(417)   Other: 0.6ms
[2025-03-28T19:52:38.843+0530][gc,heap     ] GC(417) Eden regions: 46->0(49)
[2025-03-28T19:52:38.843+0530][gc,heap     ] GC(417) Survivor regions: 5->2(7)
[2025-03-28T19:52:38.843+0530][gc,heap     ] GC(417) Old regions: 196->197
[2025-03-28T19:52:38.843+0530][gc,heap     ] GC(417) Archive regions: 2->2
[2025-03-28T19:52:38.843+0530][gc,heap     ] GC(417) Humongous regions: 144->144
[2025-03-28T19:52:38.844+0530][gc,metaspace] GC(417) Metaspace: 53011K(53696K)->53011K(53696K) NonClass: 46994K(47360K)->46994K(47360K) Class: 6017K(6336K)->6017K(6336K)
[2025-03-28T19:52:38.844+0530][gc          ] GC(417) Pause Young (Normal) (G1 Evacuation Pause) 391M->343M(1024M) 65.420ms
[2025-03-28T19:52:38.844+0530][gc,cpu      ] GC(417) User=0.01s Sys=0.01s Real=0.07s
[2025-03-28T19:52:42.419+0530][gc,start    ] GC(418) Pause Young (Normal) (G1 Evacuation Pause)
[2025-03-28T19:52:42.419+0530][gc,task     ] GC(418) Using 2 workers of 2 for evacuation
[2025-03-28T19:52:42.423+0530][gc,phases   ] GC(418)   Pre Evacuate Collection Set: 0.2ms
[2025-03-28T19:52:42.423+0530][gc,phases   ] GC(418)   Merge Heap Roots: 0.1ms
[2025-03-28T19:52:42.423+0530][gc,phases   ] GC(418)   Evacuate Collection Set: 3.2ms
[2025-03-28T19:52:42.423+0530][gc,phases   ] GC(418)   Post Evacuate Collection Set: 0.4ms
[2025-03-28T19:52:42.423+0530][gc,phases   ] GC(418)   Other: 0.1ms
[2025-03-28T19:52:42.423+0530][gc,heap     ] GC(418) Eden regions: 49->0(48)
[2025-03-28T19:52:42.423+0530][gc,heap     ] GC(418) Survivor regions: 2->3(7)
[2025-03-28T19:52:42.423+0530][gc,heap     ] GC(418) Old regions: 197->197
[2025-03-28T19:52:42.423+0530][gc,heap     ] GC(418) Archive regions: 2->2
[2025-03-28T19:52:42.423+0530][gc,heap     ] GC(418) Humongous regions: 144->142
[2025-03-28T19:52:42.423+0530][gc,metaspace] GC(418) Metaspace: 53015K(53696K)->53015K(53696K) NonClass: 46997K(47360K)->46997K(47360K) Class: 6017K(6336K)->6017K(6336K)
[2025-03-28T19:52:42.423+0530][gc          ] GC(418) Pause Young (Normal) (G1 Evacuation Pause) 392M->342M(1024M) 4.115ms
[2025-03-28T19:52:42.423+0530][gc,cpu      ] GC(418) User=0.01s Sys=0.00s Real=0.00s
[2025-03-28T19:52:42.520+0530][gc,start    ] GC(419) Pause Young (Normal) (G1 Evacuation Pause)
[2025-03-28T19:52:42.520+0530][gc,task     ] GC(419) Using 2 workers of 2 for evacuation
[2025-03-28T19:52:42.524+0530][gc,phases   ] GC(419)   Pre Evacuate Collection Set: 0.2ms
[2025-03-28T19:52:42.524+0530][gc,phases   ] GC(419)   Merge Heap Roots: 0.1ms
[2025-03-28T19:52:42.524+0530][gc,phases   ] GC(419)   Evacuate Collection Set: 3.9ms
[2025-03-28T19:52:42.524+0530][gc,phases   ] GC(419)   Post Evacuate Collection Set: 0.5ms
[2025-03-28T19:52:42.524+0530][gc,phases   ] GC(419)   Other: 0.1ms
[2025-03-28T19:52:42.524+0530][gc,heap     ] GC(419) Eden regions: 48->0(48)
[2025-03-28T19:52:42.524+0530][gc,heap     ] GC(419) Survivor regions: 3->3(7)
[2025-03-28T19:52:42.524+0530][gc,heap     ] GC(419) Old regions: 197->197
[2025-03-28T19:52:42.524+0530][gc,heap     ] GC(419) Archive regions: 2->2
[2025-03-28T19:52:42.524+0530][gc,heap     ] GC(419) Humongous regions: 144->144
[2025-03-28T19:52:42.524+0530][gc,metaspace] GC(419) Metaspace: 53015K(53696K)->53015K(53696K) NonClass: 46997K(47360K)->46997K(47360K) Class: 6017K(6336K)->6017K(6336K)
[2025-03-28T19:52:42.524+0530][gc          ] GC(419) Pause Young (Normal) (G1 Evacuation Pause) 392M->343M(1024M) 4.803ms
[2025-03-28T19:52:42.524+0530][gc,cpu      ] GC(419) User=0.00s Sys=0.00s Real=0.01s
[2025-03-28T19:52:50.911+0530][gc,start    ] GC(420) Pause Young (Normal) (G1 Evacuation Pause)
[2025-03-28T19:52:50.912+0530][gc,task     ] GC(420) Using 2 workers of 2 for evacuation
[2025-03-28T19:52:50.919+0530][gc,phases   ] GC(420)   Pre Evacuate Collection Set: 0.2ms
[2025-03-28T19:52:50.919+0530][gc,phases   ] GC(420)   Merge Heap Roots: 0.1ms
[2025-03-28T19:52:50.919+0530][gc,phases   ] GC(420)   Evacuate Collection Set: 6.8ms
[2025-03-28T19:52:50.919+0530][gc,phases   ] GC(420)   Post Evacuate Collection Set: 0.5ms
[2025-03-28T19:52:50.919+0530][gc,phases   ] GC(420)   Other: 0.2ms
[2025-03-28T19:52:50.919+0530][gc,heap     ] GC(420) Eden regions: 48->0(49)
[2025-03-28T19:52:50.919+0530][gc,heap     ] GC(420) Survivor regions: 3->2(7)
[2025-03-28T19:52:50.919+0530][gc,heap     ] GC(420) Old regions: 197->197
[2025-03-28T19:52:50.919+0530][gc,heap     ] GC(420) Archive regions: 2->2
[2025-03-28T19:52:50.919+0530][gc,heap     ] GC(420) Humongous regions: 144->142
[2025-03-28T19:52:50.919+0530][gc,metaspace] GC(420) Metaspace: 53016K(53696K)->53016K(53696K) NonClass: 46998K(47360K)->46998K(47360K) Class: 6017K(6336K)->6017K(6336K)
[2025-03-28T19:52:50.919+0530][gc          ] GC(420) Pause Young (Normal) (G1 Evacuation Pause) 391M->341M(1024M) 7.894ms
[2025-03-28T19:52:50.919+0530][gc,cpu      ] GC(420) User=0.01s Sys=0.00s Real=0.01s
[2025-03-28T19:52:50.996+0530][gc,start    ] GC(421) Pause Young (Normal) (G1 Evacuation Pause)
[2025-03-28T19:52:50.996+0530][gc,task     ] GC(421) Using 2 workers of 2 for evacuation
[2025-03-28T19:52:51.030+0530][gc,mmu      ] GC(421) MMU target violated: 21.0ms (20.0ms/21.0ms)
[2025-03-28T19:52:51.030+0530][gc,phases   ] GC(421)   Pre Evacuate Collection Set: 0.2ms
[2025-03-28T19:52:51.030+0530][gc,phases   ] GC(421)   Merge Heap Roots: 0.1ms
[2025-03-28T19:52:51.030+0530][gc,phases   ] GC(421)   Evacuate Collection Set: 33.8ms
[2025-03-28T19:52:51.030+0530][gc,phases   ] GC(421)   Post Evacuate Collection Set: 0.4ms
[2025-03-28T19:52:51.030+0530][gc,phases   ] GC(421)   Other: 0.2ms
[2025-03-28T19:52:51.030+0530][gc,heap     ] GC(421) Eden regions: 49->0(44)
[2025-03-28T19:52:51.030+0530][gc,heap     ] GC(421) Survivor regions: 2->7(7)
[2025-03-28T19:52:51.031+0530][gc,heap     ] GC(421) Old regions: 197->197
[2025-03-28T19:52:51.031+0530][gc,heap     ] GC(421) Archive regions: 2->2
[2025-03-28T19:52:51.031+0530][gc,heap     ] GC(421) Humongous regions: 142->142
[2025-03-28T19:52:51.031+0530][gc,metaspace] GC(421) Metaspace: 53016K(53696K)->53016K(53696K) NonClass: 46998K(47360K)->46998K(47360K) Class: 6017K(6336K)->6017K(6336K)
[2025-03-28T19:52:51.031+0530][gc          ] GC(421) Pause Young (Normal) (G1 Evacuation Pause) 390M->346M(1024M) 34.739ms
[2025-03-28T19:52:51.031+0530][gc,cpu      ] GC(421) User=0.01s Sys=0.00s Real=0.04s
[2025-03-28T19:52:51.107+0530][gc,start    ] GC(422) Pause Young (Normal) (G1 Evacuation Pause)
[2025-03-28T19:52:51.107+0530][gc,task     ] GC(422) Using 2 workers of 2 for evacuation
[2025-03-28T19:52:51.142+0530][gc,mmu      ] GC(422) MMU target violated: 21.0ms (20.0ms/21.0ms)
[2025-03-28T19:52:51.142+0530][gc,phases   ] GC(422)   Pre Evacuate Collection Set: 0.2ms
[2025-03-28T19:52:51.142+0530][gc,phases   ] GC(422)   Merge Heap Roots: 0.1ms
[2025-03-28T19:52:51.142+0530][gc,phases   ] GC(422)   Evacuate Collection Set: 34.4ms
[2025-03-28T19:52:51.142+0530][gc,phases   ] GC(422)   Post Evacuate Collection Set: 0.4ms
[2025-03-28T19:52:51.142+0530][gc,phases   ] GC(422)   Other: 0.2ms
[2025-03-28T19:52:51.142+0530][gc,heap     ] GC(422) Eden regions: 44->0(50)
[2025-03-28T19:52:51.142+0530][gc,heap     ] GC(422) Survivor regions: 7->1(7)
[2025-03-28T19:52:51.142+0530][gc,heap     ] GC(422) Old regions: 197->199
[2025-03-28T19:52:51.142+0530][gc,heap     ] GC(422) Archive regions: 2->2
[2025-03-28T19:52:51.142+0530][gc,heap     ] GC(422) Humongous regions: 144->144
[2025-03-28T19:52:51.142+0530][gc,metaspace] GC(422) Metaspace: 53016K(53696K)->53016K(53696K) NonClass: 46998K(47360K)->46998K(47360K) Class: 6017K(6336K)->6017K(6336K)
[2025-03-28T19:52:51.142+0530][gc          ] GC(422) Pause Young (Normal) (G1 Evacuation Pause) 392M->344M(1024M) 35.381ms
[2025-03-28T19:52:51.142+0530][gc,cpu      ] GC(422) User=0.01s Sys=0.01s Real=0.04s
[2025-03-28T19:52:52.472+0530][gc,start    ] GC(423) Pause Young (Normal) (G1 Evacuation Pause)
[2025-03-28T19:52:52.472+0530][gc,task     ] GC(423) Using 2 workers of 2 for evacuation
[2025-03-28T19:52:52.482+0530][gc,phases   ] GC(423)   Pre Evacuate Collection Set: 0.3ms
[2025-03-28T19:52:52.482+0530][gc,phases   ] GC(423)   Merge Heap Roots: 0.1ms
[2025-03-28T19:52:52.482+0530][gc,phases   ] GC(423)   Evacuate Collection Set: 8.7ms
[2025-03-28T19:52:52.482+0530][gc,phases   ] GC(423)   Post Evacuate Collection Set: 0.4ms
[2025-03-28T19:52:52.482+0530][gc,phases   ] GC(423)   Other: 0.1ms
[2025-03-28T19:52:52.482+0530][gc,heap     ] GC(423) Eden regions: 50->0(45)
[2025-03-28T19:52:52.482+0530][gc,heap     ] GC(423) Survivor regions: 1->6(7)
[2025-03-28T19:52:52.482+0530][gc,heap     ] GC(423) Old regions: 199->199
[2025-03-28T19:52:52.482+0530][gc,heap     ] GC(423) Archive regions: 2->2
[2025-03-28T19:52:52.482+0530][gc,heap     ] GC(423) Humongous regions: 144->142
[2025-03-28T19:52:52.482+0530][gc,metaspace] GC(423) Metaspace: 53016K(53696K)->53016K(53696K) NonClass: 46999K(47360K)->46999K(47360K) Class: 6017K(6336K)->6017K(6336K)
[2025-03-28T19:52:52.482+0530][gc          ] GC(423) Pause Young (Normal) (G1 Evacuation Pause) 394M->346M(1024M) 9.770ms
[2025-03-28T19:52:52.482+0530][gc,cpu      ] GC(423) User=0.02s Sys=0.00s Real=0.01s
[2025-03-28T19:52:52.560+0530][gc,start    ] GC(424) Pause Young (Normal) (G1 Evacuation Pause)
[2025-03-28T19:52:52.560+0530][gc,task     ] GC(424) Using 2 workers of 2 for evacuation
[2025-03-28T19:52:52.566+0530][gc,phases   ] GC(424)   Pre Evacuate Collection Set: 0.1ms
[2025-03-28T19:52:52.566+0530][gc,phases   ] GC(424)   Merge Heap Roots: 0.1ms
[2025-03-28T19:52:52.566+0530][gc,phases   ] GC(424)   Evacuate Collection Set: 4.6ms
[2025-03-28T19:52:52.566+0530][gc,phases   ] GC(424)   Post Evacuate Collection Set: 0.5ms
[2025-03-28T19:52:52.566+0530][gc,phases   ] GC(424)   Other: 0.1ms
[2025-03-28T19:52:52.566+0530][gc,heap     ] GC(424) Eden regions: 45->0(49)
[2025-03-28T19:52:52.566+0530][gc,heap     ] GC(424) Survivor regions: 6->2(7)
[2025-03-28T19:52:52.566+0530][gc,heap     ] GC(424) Old regions: 199->200
[2025-03-28T19:52:52.566+0530][gc,heap     ] GC(424) Archive regions: 2->2
[2025-03-28T19:52:52.566+0530][gc,heap     ] GC(424) Humongous regions: 144->144
[2025-03-28T19:52:52.566+0530][gc,metaspace] GC(424) Metaspace: 53016K(53696K)->53016K(53696K) NonClass: 46999K(47360K)->46999K(47360K) Class: 6017K(6336K)->6017K(6336K)
[2025-03-28T19:52:52.566+0530][gc          ] GC(424) Pause Young (Normal) (G1 Evacuation Pause) 393M->346M(1024M) 5.648ms
[2025-03-28T19:52:52.566+0530][gc,cpu      ] GC(424) User=0.01s Sys=0.00s Real=0.00s
[2025-03-28T19:53:01.518+0530][gc,start    ] GC(425) Pause Young (Normal) (G1 Evacuation Pause)
[2025-03-28T19:53:01.518+0530][gc,task     ] GC(425) Using 2 workers of 2 for evacuation
[2025-03-28T19:53:01.561+0530][gc,mmu      ] GC(425) MMU target violated: 21.0ms (20.0ms/21.0ms)
[2025-03-28T19:53:01.561+0530][gc,phases   ] GC(425)   Pre Evacuate Collection Set: 0.2ms
[2025-03-28T19:53:01.561+0530][gc,phases   ] GC(425)   Merge Heap Roots: 0.1ms
[2025-03-28T19:53:01.561+0530][gc,phases   ] GC(425)   Evacuate Collection Set: 41.9ms
[2025-03-28T19:53:01.561+0530][gc,phases   ] GC(425)   Post Evacuate Collection Set: 0.6ms
[2025-03-28T19:53:01.561+0530][gc,phases   ] GC(425)   Other: 0.2ms
[2025-03-28T19:53:01.561+0530][gc,heap     ] GC(425) Eden regions: 49->0(47)
[2025-03-28T19:53:01.561+0530][gc,heap     ] GC(425) Survivor regions: 2->4(7)
[2025-03-28T19:53:01.561+0530][gc,heap     ] GC(425) Old regions: 200->200
[2025-03-28T19:53:01.561+0530][gc,heap     ] GC(425) Archive regions: 2->2
[2025-03-28T19:53:01.561+0530][gc,heap     ] GC(425) Humongous regions: 144->142
[2025-03-28T19:53:01.561+0530][gc,metaspace] GC(425) Metaspace: 53074K(53760K)->53074K(53760K) NonClass: 47056K(47424K)->47056K(47424K) Class: 6017K(6336K)->6017K(6336K)
[2025-03-28T19:53:01.561+0530][gc          ] GC(425) Pause Young (Normal) (G1 Evacuation Pause) 395M->346M(1024M) 43.079ms
[2025-03-28T19:53:01.561+0530][gc,cpu      ] GC(425) User=0.01s Sys=0.00s Real=0.04s
[2025-03-28T19:53:01.736+0530][gc,start    ] GC(426) Pause Young (Normal) (G1 Evacuation Pause)
[2025-03-28T19:53:01.736+0530][gc,task     ] GC(426) Using 2 workers of 2 for evacuation
[2025-03-28T19:53:01.771+0530][gc,mmu      ] GC(426) MMU target violated: 21.0ms (20.0ms/21.0ms)
[2025-03-28T19:53:01.771+0530][gc,phases   ] GC(426)   Pre Evacuate Collection Set: 0.4ms
[2025-03-28T19:53:01.771+0530][gc,phases   ] GC(426)   Merge Heap Roots: 0.4ms
[2025-03-28T19:53:01.771+0530][gc,phases   ] GC(426)   Evacuate Collection Set: 33.4ms
[2025-03-28T19:53:01.771+0530][gc,phases   ] GC(426)   Post Evacuate Collection Set: 0.4ms
[2025-03-28T19:53:01.771+0530][gc,phases   ] GC(426)   Other: 0.2ms
[2025-03-28T19:53:01.771+0530][gc,heap     ] GC(426) Eden regions: 47->0(49)
[2025-03-28T19:53:01.771+0530][gc,heap     ] GC(426) Survivor regions: 4->2(7)
[2025-03-28T19:53:01.771+0530][gc,heap     ] GC(426) Old regions: 200->201
[2025-03-28T19:53:01.771+0530][gc,heap     ] GC(426) Archive regions: 2->2
[2025-03-28T19:53:01.771+0530][gc,heap     ] GC(426) Humongous regions: 144->144
[2025-03-28T19:53:01.771+0530][gc,metaspace] GC(426) Metaspace: 53074K(53760K)->53074K(53760K) NonClass: 47056K(47424K)->47056K(47424K) Class: 6017K(6336K)->6017K(6336K)
[2025-03-28T19:53:01.771+0530][gc          ] GC(426) Pause Young (Normal) (G1 Evacuation Pause) 395M->347M(1024M) 34.887ms
[2025-03-28T19:53:01.771+0530][gc,cpu      ] GC(426) User=0.00s Sys=0.00s Real=0.04s
[2025-03-28T19:53:02.415+0530][gc,start    ] GC(427) Pause Young (Normal) (G1 Evacuation Pause)
[2025-03-28T19:53:02.415+0530][gc,task     ] GC(427) Using 2 workers of 2 for evacuation
[2025-03-28T19:53:02.429+0530][gc,phases   ] GC(427)   Pre Evacuate Collection Set: 0.2ms
[2025-03-28T19:53:02.429+0530][gc,phases   ] GC(427)   Merge Heap Roots: 0.1ms
[2025-03-28T19:53:02.429+0530][gc,phases   ] GC(427)   Evacuate Collection Set: 12.5ms
[2025-03-28T19:53:02.429+0530][gc,phases   ] GC(427)   Post Evacuate Collection Set: 0.4ms
[2025-03-28T19:53:02.429+0530][gc,phases   ] GC(427)   Other: 0.1ms
[2025-03-28T19:53:02.429+0530][gc,heap     ] GC(427) Eden regions: 49->0(48)
[2025-03-28T19:53:02.429+0530][gc,heap     ] GC(427) Survivor regions: 2->3(7)
[2025-03-28T19:53:02.429+0530][gc,heap     ] GC(427) Old regions: 201->201
[2025-03-28T19:53:02.429+0530][gc,heap     ] GC(427) Archive regions: 2->2
[2025-03-28T19:53:02.429+0530][gc,heap     ] GC(427) Humongous regions: 144->142
[2025-03-28T19:53:02.429+0530][gc,metaspace] GC(427) Metaspace: 53074K(53760K)->53074K(53760K) NonClass: 47056K(47424K)->47056K(47424K) Class: 6017K(6336K)->6017K(6336K)
[2025-03-28T19:53:02.429+0530][gc          ] GC(427) Pause Young (Normal) (G1 Evacuation Pause) 396M->345M(1024M) 13.386ms
[2025-03-28T19:53:02.429+0530][gc,cpu      ] GC(427) User=0.01s Sys=0.00s Real=0.02s
[2025-03-28T19:53:02.559+0530][gc,start    ] GC(428) Pause Young (Normal) (G1 Evacuation Pause)
[2025-03-28T19:53:02.559+0530][gc,task     ] GC(428) Using 2 workers of 2 for evacuation
[2025-03-28T19:53:02.564+0530][gc,phases   ] GC(428)   Pre Evacuate Collection Set: 0.2ms
[2025-03-28T19:53:02.564+0530][gc,phases   ] GC(428)   Merge Heap Roots: 0.1ms
[2025-03-28T19:53:02.564+0530][gc,phases   ] GC(428)   Evacuate Collection Set: 4.7ms
[2025-03-28T19:53:02.564+0530][gc,phases   ] GC(428)   Post Evacuate Collection Set: 0.5ms
[2025-03-28T19:53:02.564+0530][gc,phases   ] GC(428)   Other: 0.2ms
[2025-03-28T19:53:02.564+0530][gc,heap     ] GC(428) Eden regions: 48->0(53)
[2025-03-28T19:53:02.564+0530][gc,heap     ] GC(428) Survivor regions: 3->3(7)
[2025-03-28T19:53:02.564+0530][gc,heap     ] GC(428) Old regions: 201->201
[2025-03-28T19:53:02.564+0530][gc,heap     ] GC(428) Archive regions: 2->2
[2025-03-28T19:53:02.564+0530][gc,heap     ] GC(428) Humongous regions: 144->144
[2025-03-28T19:53:02.564+0530][gc,metaspace] GC(428) Metaspace: 53074K(53760K)->53074K(53760K) NonClass: 47056K(47424K)->47056K(47424K) Class: 6017K(6336K)->6017K(6336K)
[2025-03-28T19:53:02.564+0530][gc          ] GC(428) Pause Young (Normal) (G1 Evacuation Pause) 395M->347M(1024M) 5.701ms
[2025-03-28T19:53:02.564+0530][gc,cpu      ] GC(428) User=0.01s Sys=0.00s Real=0.00s
[2025-03-28T19:53:08.163+0530][gc,start    ] GC(429) Pause Young (Normal) (G1 Evacuation Pause)
[2025-03-28T19:53:08.163+0530][gc,task     ] GC(429) Using 2 workers of 2 for evacuation
[2025-03-28T19:53:08.173+0530][gc,phases   ] GC(429)   Pre Evacuate Collection Set: 0.2ms
[2025-03-28T19:53:08.173+0530][gc,phases   ] GC(429)   Merge Heap Roots: 0.1ms
[2025-03-28T19:53:08.174+0530][gc,phases   ] GC(429)   Evacuate Collection Set: 9.1ms
[2025-03-28T19:53:08.174+0530][gc,phases   ] GC(429)   Post Evacuate Collection Set: 0.8ms
[2025-03-28T19:53:08.174+0530][gc,phases   ] GC(429)   Other: 0.2ms
[2025-03-28T19:53:08.174+0530][gc,heap     ] GC(429) Eden regions: 53->0(98)
[2025-03-28T19:53:08.174+0530][gc,heap     ] GC(429) Survivor regions: 3->3(7)
[2025-03-28T19:53:08.174+0530][gc,heap     ] GC(429) Old regions: 201->201
[2025-03-28T19:53:08.174+0530][gc,heap     ] GC(429) Archive regions: 2->2
[2025-03-28T19:53:08.174+0530][gc,heap     ] GC(429) Humongous regions: 144->142
[2025-03-28T19:53:08.174+0530][gc,metaspace] GC(429) Metaspace: 53075K(53760K)->53075K(53760K) NonClass: 47057K(47424K)->47057K(47424K) Class: 6017K(6336K)->6017K(6336K)
[2025-03-28T19:53:08.174+0530][gc          ] GC(429) Pause Young (Normal) (G1 Evacuation Pause) 400M->345M(1024M) 10.516ms
[2025-03-28T19:53:08.174+0530][gc,cpu      ] GC(429) User=0.01s Sys=0.00s Real=0.01s
[2025-03-28T19:53:12.471+0530][gc,start    ] GC(430) Pause Young (Normal) (G1 Evacuation Pause)
[2025-03-28T19:53:12.471+0530][gc,task     ] GC(430) Using 2 workers of 2 for evacuation
[2025-03-28T19:53:12.490+0530][gc,phases   ] GC(430)   Pre Evacuate Collection Set: 0.3ms
[2025-03-28T19:53:12.490+0530][gc,phases   ] GC(430)   Merge Heap Roots: 0.1ms
[2025-03-28T19:53:12.490+0530][gc,phases   ] GC(430)   Evacuate Collection Set: 15.6ms
[2025-03-28T19:53:12.490+0530][gc,phases   ] GC(430)   Post Evacuate Collection Set: 2.9ms
[2025-03-28T19:53:12.490+0530][gc,phases   ] GC(430)   Other: 0.1ms
[2025-03-28T19:53:12.490+0530][gc,heap     ] GC(430) Eden regions: 98->0(182)
[2025-03-28T19:53:12.490+0530][gc,heap     ] GC(430) Survivor regions: 3->2(13)
[2025-03-28T19:53:12.490+0530][gc,heap     ] GC(430) Old regions: 201->201
[2025-03-28T19:53:12.490+0530][gc,heap     ] GC(430) Archive regions: 2->2
[2025-03-28T19:53:12.490+0530][gc,heap     ] GC(430) Humongous regions: 144->142
[2025-03-28T19:53:12.490+0530][gc,metaspace] GC(430) Metaspace: 53075K(53760K)->53075K(53760K) NonClass: 47057K(47424K)->47057K(47424K) Class: 6017K(6336K)->6017K(6336K)
[2025-03-28T19:53:12.490+0530][gc          ] GC(430) Pause Young (Normal) (G1 Evacuation Pause) 445M->344M(1024M) 19.201ms
[2025-03-28T19:53:12.490+0530][gc,cpu      ] GC(430) User=0.01s Sys=0.00s Real=0.02s
[2025-03-28T19:53:21.000+0530][gc,start    ] GC(431) Pause Young (Normal) (G1 Evacuation Pause)
[2025-03-28T19:53:21.000+0530][gc,task     ] GC(431) Using 2 workers of 2 for evacuation
[2025-03-28T19:53:21.043+0530][gc,mmu      ] GC(431) MMU target violated: 21.0ms (20.0ms/21.0ms)
[2025-03-28T19:53:21.043+0530][gc,phases   ] GC(431)   Pre Evacuate Collection Set: 0.3ms
[2025-03-28T19:53:21.043+0530][gc,phases   ] GC(431)   Merge Heap Roots: 0.2ms
[2025-03-28T19:53:21.043+0530][gc,phases   ] GC(431)   Evacuate Collection Set: 38.0ms
[2025-03-28T19:53:21.043+0530][gc,phases   ] GC(431)   Post Evacuate Collection Set: 4.5ms
[2025-03-28T19:53:21.043+0530][gc,phases   ] GC(431)   Other: 0.4ms
[2025-03-28T19:53:21.043+0530][gc,heap     ] GC(431) Eden regions: 182->0(48)
[2025-03-28T19:53:21.043+0530][gc,heap     ] GC(431) Survivor regions: 2->3(23)
[2025-03-28T19:53:21.043+0530][gc,heap     ] GC(431) Old regions: 201->201
[2025-03-28T19:53:21.043+0530][gc,heap     ] GC(431) Archive regions: 2->2
[2025-03-28T19:53:21.043+0530][gc,heap     ] GC(431) Humongous regions: 146->144
[2025-03-28T19:53:21.043+0530][gc,metaspace] GC(431) Metaspace: 53101K(53760K)->53101K(53760K) NonClass: 47084K(47424K)->47084K(47424K) Class: 6017K(6336K)->6017K(6336K)
[2025-03-28T19:53:21.043+0530][gc          ] GC(431) Pause Young (Normal) (G1 Evacuation Pause) 530M->347M(1024M) 43.515ms
[2025-03-28T19:53:21.043+0530][gc,cpu      ] GC(431) User=0.02s Sys=0.01s Real=0.04s
[2025-03-28T19:53:22.459+0530][gc,start    ] GC(432) Pause Young (Normal) (G1 Evacuation Pause)
[2025-03-28T19:53:22.459+0530][gc,task     ] GC(432) Using 2 workers of 2 for evacuation
[2025-03-28T19:53:22.465+0530][gc,phases   ] GC(432)   Pre Evacuate Collection Set: 0.2ms
[2025-03-28T19:53:22.465+0530][gc,phases   ] GC(432)   Merge Heap Roots: 0.1ms
[2025-03-28T19:53:22.465+0530][gc,phases   ] GC(432)   Evacuate Collection Set: 4.0ms
[2025-03-28T19:53:22.465+0530][gc,phases   ] GC(432)   Post Evacuate Collection Set: 1.1ms
[2025-03-28T19:53:22.465+0530][gc,phases   ] GC(432)   Other: 0.2ms
[2025-03-28T19:53:22.465+0530][gc,heap     ] GC(432) Eden regions: 48->0(48)
[2025-03-28T19:53:22.465+0530][gc,heap     ] GC(432) Survivor regions: 3->3(7)
[2025-03-28T19:53:22.465+0530][gc,heap     ] GC(432) Old regions: 201->201
[2025-03-28T19:53:22.465+0530][gc,heap     ] GC(432) Archive regions: 2->2
[2025-03-28T19:53:22.465+0530][gc,heap     ] GC(432) Humongous regions: 144->142
[2025-03-28T19:53:22.465+0530][gc,metaspace] GC(432) Metaspace: 53101K(53760K)->53101K(53760K) NonClass: 47084K(47424K)->47084K(47424K) Class: 6017K(6336K)->6017K(6336K)
[2025-03-28T19:53:22.465+0530][gc          ] GC(432) Pause Young (Normal) (G1 Evacuation Pause) 395M->346M(1024M) 5.641ms
[2025-03-28T19:53:22.465+0530][gc,cpu      ] GC(432) User=0.01s Sys=0.00s Real=0.00s
[2025-03-28T19:53:22.586+0530][gc,start    ] GC(433) Pause Young (Normal) (G1 Evacuation Pause)
[2025-03-28T19:53:22.587+0530][gc,task     ] GC(433) Using 2 workers of 2 for evacuation
[2025-03-28T19:53:22.596+0530][gc,phases   ] GC(433)   Pre Evacuate Collection Set: 0.2ms
[2025-03-28T19:53:22.596+0530][gc,phases   ] GC(433)   Merge Heap Roots: 0.1ms
[2025-03-28T19:53:22.596+0530][gc,phases   ] GC(433)   Evacuate Collection Set: 8.9ms
[2025-03-28T19:53:22.596+0530][gc,phases   ] GC(433)   Post Evacuate Collection Set: 0.4ms
[2025-03-28T19:53:22.596+0530][gc,phases   ] GC(433)   Other: 0.2ms
[2025-03-28T19:53:22.596+0530][gc,heap     ] GC(433) Eden regions: 48->0(48)
[2025-03-28T19:53:22.596+0530][gc,heap     ] GC(433) Survivor regions: 3->3(7)
[2025-03-28T19:53:22.596+0530][gc,heap     ] GC(433) Old regions: 201->201
[2025-03-28T19:53:22.596+0530][gc,heap     ] GC(433) Archive regions: 2->2
[2025-03-28T19:53:22.596+0530][gc,heap     ] GC(433) Humongous regions: 144->144
[2025-03-28T19:53:22.596+0530][gc,metaspace] GC(433) Metaspace: 53107K(53760K)->53107K(53760K) NonClass: 47090K(47424K)->47090K(47424K) Class: 6017K(6336K)->6017K(6336K)
[2025-03-28T19:53:22.596+0530][gc          ] GC(433) Pause Young (Normal) (G1 Evacuation Pause) 396M->347M(1024M) 9.911ms
[2025-03-28T19:53:22.596+0530][gc,cpu      ] GC(433) User=0.01s Sys=0.00s Real=0.02s
[2025-03-28T19:53:31.162+0530][gc,start    ] GC(434) Pause Young (Normal) (G1 Evacuation Pause)
[2025-03-28T19:53:31.162+0530][gc,task     ] GC(434) Using 2 workers of 2 for evacuation
[2025-03-28T19:53:31.190+0530][gc,mmu      ] GC(434) MMU target violated: 21.0ms (20.0ms/21.0ms)
[2025-03-28T19:53:31.190+0530][gc,phases   ] GC(434)   Pre Evacuate Collection Set: 0.5ms
[2025-03-28T19:53:31.190+0530][gc,phases   ] GC(434)   Merge Heap Roots: 0.4ms
[2025-03-28T19:53:31.190+0530][gc,phases   ] GC(434)   Evacuate Collection Set: 26.0ms
[2025-03-28T19:53:31.190+0530][gc,phases   ] GC(434)   Post Evacuate Collection Set: 1.6ms
[2025-03-28T19:53:31.190+0530][gc,phases   ] GC(434)   Other: 0.4ms
[2025-03-28T19:53:31.190+0530][gc,heap     ] GC(434) Eden regions: 48->0(84)
[2025-03-28T19:53:31.190+0530][gc,heap     ] GC(434) Survivor regions: 3->2(7)
[2025-03-28T19:53:31.190+0530][gc,heap     ] GC(434) Old regions: 201->201
[2025-03-28T19:53:31.190+0530][gc,heap     ] GC(434) Archive regions: 2->2
[2025-03-28T19:53:31.190+0530][gc,heap     ] GC(434) Humongous regions: 144->142
[2025-03-28T19:53:31.190+0530][gc,metaspace] GC(434) Metaspace: 53107K(53760K)->53107K(53760K) NonClass: 47090K(47424K)->47090K(47424K) Class: 6017K(6336K)->6017K(6336K)
[2025-03-28T19:53:31.191+0530][gc          ] GC(434) Pause Young (Normal) (G1 Evacuation Pause) 395M->344M(1024M) 29.015ms
[2025-03-28T19:53:31.191+0530][gc,cpu      ] GC(434) User=0.02s Sys=0.00s Real=0.04s
[2025-03-28T19:53:31.339+0530][gc,start    ] GC(435) Pause Young (Normal) (G1 Evacuation Pause)
[2025-03-28T19:53:31.339+0530][gc,task     ] GC(435) Using 2 workers of 2 for evacuation
[2025-03-28T19:53:31.370+0530][gc,mmu      ] GC(435) MMU target violated: 21.0ms (20.0ms/21.0ms)
[2025-03-28T19:53:31.370+0530][gc,phases   ] GC(435)   Pre Evacuate Collection Set: 15.1ms
[2025-03-28T19:53:31.370+0530][gc,phases   ] GC(435)   Merge Heap Roots: 0.1ms
[2025-03-28T19:53:31.370+0530][gc,phases   ] GC(435)   Evacuate Collection Set: 12.0ms
[2025-03-28T19:53:31.370+0530][gc,phases   ] GC(435)   Post Evacuate Collection Set: 3.8ms
[2025-03-28T19:53:31.370+0530][gc,phases   ] GC(435)   Other: 0.2ms
[2025-03-28T19:53:31.370+0530][gc,heap     ] GC(435) Eden regions: 84->0(48)
[2025-03-28T19:53:31.370+0530][gc,heap     ] GC(435) Survivor regions: 2->3(11)
[2025-03-28T19:53:31.370+0530][gc,heap     ] GC(435) Old regions: 201->201
[2025-03-28T19:53:31.370+0530][gc,heap     ] GC(435) Archive regions: 2->2
[2025-03-28T19:53:31.370+0530][gc,heap     ] GC(435) Humongous regions: 144->144
[2025-03-28T19:53:31.370+0530][gc,metaspace] GC(435) Metaspace: 53107K(53760K)->53107K(53760K) NonClass: 47090K(47424K)->47090K(47424K) Class: 6017K(6336K)->6017K(6336K)
[2025-03-28T19:53:31.370+0530][gc          ] GC(435) Pause Young (Normal) (G1 Evacuation Pause) 430M->347M(1024M) 31.374ms
[2025-03-28T19:53:31.370+0530][gc,cpu      ] GC(435) User=0.01s Sys=0.01s Real=0.03s
[2025-03-28T19:53:32.442+0530][gc,start    ] GC(436) Pause Young (Normal) (G1 Evacuation Pause)
[2025-03-28T19:53:32.887+0530][gc,task     ] GC(436) Using 2 workers of 2 for evacuation
[2025-03-28T19:53:32.931+0530][gc,mmu      ] GC(436) MMU target violated: 21.0ms (20.0ms/21.0ms)
[2025-03-28T19:53:32.931+0530][gc,phases   ] GC(436)   Pre Evacuate Collection Set: 1.1ms
[2025-03-28T19:53:32.931+0530][gc,phases   ] GC(436)   Merge Heap Roots: 0.4ms
[2025-03-28T19:53:32.931+0530][gc,phases   ] GC(436)   Evacuate Collection Set: 40.7ms
[2025-03-28T19:53:32.931+0530][gc,phases   ] GC(436)   Post Evacuate Collection Set: 1.5ms
[2025-03-28T19:53:32.931+0530][gc,phases   ] GC(436)   Other: 445.7ms
[2025-03-28T19:53:32.931+0530][gc,heap     ] GC(436) Eden regions: 48->0(46)
[2025-03-28T19:53:32.932+0530][gc,heap     ] GC(436) Survivor regions: 3->5(7)
[2025-03-28T19:53:32.932+0530][gc,heap     ] GC(436) Old regions: 201->201
[2025-03-28T19:53:32.932+0530][gc,heap     ] GC(436) Archive regions: 2->2
[2025-03-28T19:53:32.932+0530][gc,heap     ] GC(436) Humongous regions: 144->142
[2025-03-28T19:53:32.932+0530][gc,metaspace] GC(436) Metaspace: 53110K(53760K)->53110K(53760K) NonClass: 47092K(47424K)->47092K(47424K) Class: 6017K(6336K)->6017K(6336K)
[2025-03-28T19:53:32.932+0530][gc          ] GC(436) Pause Young (Normal) (G1 Evacuation Pause) 395M->347M(1024M) 489.966ms
[2025-03-28T19:53:32.932+0530][gc,cpu      ] GC(436) User=0.05s Sys=0.00s Real=0.49s
[2025-03-28T19:53:33.184+0530][gc,start    ] GC(437) Pause Young (Normal) (G1 Evacuation Pause)
[2025-03-28T19:53:33.185+0530][gc,task     ] GC(437) Using 2 workers of 2 for evacuation
[2025-03-28T19:53:33.191+0530][gc,phases   ] GC(437)   Pre Evacuate Collection Set: 0.3ms
[2025-03-28T19:53:33.191+0530][gc,phases   ] GC(437)   Merge Heap Roots: 0.1ms
[2025-03-28T19:53:33.191+0530][gc,phases   ] GC(437)   Evacuate Collection Set: 4.9ms
[2025-03-28T19:53:33.191+0530][gc,phases   ] GC(437)   Post Evacuate Collection Set: 1.2ms
[2025-03-28T19:53:33.191+0530][gc,phases   ] GC(437)   Other: 0.1ms
[2025-03-28T19:53:33.191+0530][gc,heap     ] GC(437) Eden regions: 46->0(49)
[2025-03-28T19:53:33.191+0530][gc,heap     ] GC(437) Survivor regions: 5->2(7)
[2025-03-28T19:53:33.191+0530][gc,heap     ] GC(437) Old regions: 201->202
[2025-03-28T19:53:33.191+0530][gc,heap     ] GC(437) Archive regions: 2->2
[2025-03-28T19:53:33.191+0530][gc,heap     ] GC(437) Humongous regions: 144->144
[2025-03-28T19:53:33.191+0530][gc,metaspace] GC(437) Metaspace: 53110K(53760K)->53110K(53760K) NonClass: 47092K(47424K)->47092K(47424K) Class: 6017K(6336K)->6017K(6336K)
[2025-03-28T19:53:33.191+0530][gc          ] GC(437) Pause Young (Normal) (G1 Evacuation Pause) 395M->348M(1024M) 6.704ms
[2025-03-28T19:53:33.191+0530][gc,cpu      ] GC(437) User=0.01s Sys=0.00s Real=0.01s
[2025-03-28T19:53:38.453+0530][gc,start    ] GC(438) Pause Young (Normal) (G1 Evacuation Pause)
[2025-03-28T19:53:38.453+0530][gc,task     ] GC(438) Using 2 workers of 2 for evacuation
[2025-03-28T19:53:38.470+0530][gc,phases   ] GC(438)   Pre Evacuate Collection Set: 0.2ms
[2025-03-28T19:53:38.470+0530][gc,phases   ] GC(438)   Merge Heap Roots: 0.1ms
[2025-03-28T19:53:38.470+0530][gc,phases   ] GC(438)   Evacuate Collection Set: 15.4ms
[2025-03-28T19:53:38.470+0530][gc,phases   ] GC(438)   Post Evacuate Collection Set: 1.7ms
[2025-03-28T19:53:38.470+0530][gc,phases   ] GC(438)   Other: 0.1ms
[2025-03-28T19:53:38.470+0530][gc,heap     ] GC(438) Eden regions: 49->0(48)
[2025-03-28T19:53:38.470+0530][gc,heap     ] GC(438) Survivor regions: 2->3(7)
[2025-03-28T19:53:38.470+0530][gc,heap     ] GC(438) Old regions: 202->202
[2025-03-28T19:53:38.470+0530][gc,heap     ] GC(438) Archive regions: 2->2
[2025-03-28T19:53:38.470+0530][gc,heap     ] GC(438) Humongous regions: 144->142
[2025-03-28T19:53:38.470+0530][gc,metaspace] GC(438) Metaspace: 53135K(53824K)->53135K(53824K) NonClass: 47118K(47488K)->47118K(47488K) Class: 6017K(6336K)->6017K(6336K)
[2025-03-28T19:53:38.470+0530][gc          ] GC(438) Pause Young (Normal) (G1 Evacuation Pause) 397M->346M(1024M) 17.642ms
[2025-03-28T19:53:38.470+0530][gc,cpu      ] GC(438) User=0.00s Sys=0.00s Real=0.02s
[2025-03-28T19:53:38.689+0530][gc,start    ] GC(439) Pause Young (Normal) (G1 Evacuation Pause)
[2025-03-28T19:53:38.689+0530][gc,task     ] GC(439) Using 2 workers of 2 for evacuation
[2025-03-28T19:53:38.721+0530][gc,mmu      ] GC(439) MMU target violated: 21.0ms (20.0ms/21.0ms)
[2025-03-28T19:53:38.721+0530][gc,phases   ] GC(439)   Pre Evacuate Collection Set: 0.2ms
[2025-03-28T19:53:38.721+0530][gc,phases   ] GC(439)   Merge Heap Roots: 0.1ms
[2025-03-28T19:53:38.721+0530][gc,phases   ] GC(439)   Evacuate Collection Set: 28.6ms
[2025-03-28T19:53:38.721+0530][gc,phases   ] GC(439)   Post Evacuate Collection Set: 2.9ms
[2025-03-28T19:53:38.721+0530][gc,phases   ] GC(439)   Other: 0.2ms
[2025-03-28T19:53:38.721+0530][gc,heap     ] GC(439) Eden regions: 48->0(91)
[2025-03-28T19:53:38.721+0530][gc,heap     ] GC(439) Survivor regions: 3->3(7)
[2025-03-28T19:53:38.721+0530][gc,heap     ] GC(439) Old regions: 202->202
[2025-03-28T19:53:38.721+0530][gc,heap     ] GC(439) Archive regions: 2->2
[2025-03-28T19:53:38.721+0530][gc,heap     ] GC(439) Humongous regions: 144->144
[2025-03-28T19:53:38.721+0530][gc,metaspace] GC(439) Metaspace: 53135K(53824K)->53135K(53824K) NonClass: 47118K(47488K)->47118K(47488K) Class: 6017K(6336K)->6017K(6336K)
[2025-03-28T19:53:38.721+0530][gc          ] GC(439) Pause Young (Normal) (G1 Evacuation Pause) 396M->348M(1024M) 32.087ms
[2025-03-28T19:53:38.721+0530][gc,cpu      ] GC(439) User=0.00s Sys=0.00s Real=0.04s
[2025-03-28T19:53:42.476+0530][gc,start    ] GC(440) Pause Young (Normal) (G1 Evacuation Pause)
[2025-03-28T19:53:42.476+0530][gc,task     ] GC(440) Using 2 workers of 2 for evacuation
[2025-03-28T19:53:42.497+0530][gc,mmu      ] GC(440) MMU target violated: 20.8ms (20.0ms/21.0ms)
[2025-03-28T19:53:42.497+0530][gc,phases   ] GC(440)   Pre Evacuate Collection Set: 0.2ms
[2025-03-28T19:53:42.497+0530][gc,phases   ] GC(440)   Merge Heap Roots: 0.1ms
[2025-03-28T19:53:42.497+0530][gc,phases   ] GC(440)   Evacuate Collection Set: 8.6ms
[2025-03-28T19:53:42.497+0530][gc,phases   ] GC(440)   Post Evacuate Collection Set: 0.5ms
[2025-03-28T19:53:42.497+0530][gc,phases   ] GC(440)   Other: 11.9ms
[2025-03-28T19:53:42.497+0530][gc,heap     ] GC(440) Eden regions: 91->0(44)
[2025-03-28T19:53:42.497+0530][gc,heap     ] GC(440) Survivor regions: 3->7(12)
[2025-03-28T19:53:42.497+0530][gc,heap     ] GC(440) Old regions: 202->202
[2025-03-28T19:53:42.497+0530][gc,heap     ] GC(440) Archive regions: 2->2
[2025-03-28T19:53:42.497+0530][gc,heap     ] GC(440) Humongous regions: 144->142
[2025-03-28T19:53:42.497+0530][gc,metaspace] GC(440) Metaspace: 53135K(53824K)->53135K(53824K) NonClass: 47118K(47488K)->47118K(47488K) Class: 6017K(6336K)->6017K(6336K)
[2025-03-28T19:53:42.497+0530][gc          ] GC(440) Pause Young (Normal) (G1 Evacuation Pause) 439M->350M(1024M) 21.415ms
[2025-03-28T19:53:42.497+0530][gc,cpu      ] GC(440) User=0.02s Sys=0.00s Real=0.02s
[2025-03-28T19:53:42.583+0530][gc,start    ] GC(441) Pause Young (Normal) (G1 Evacuation Pause)
[2025-03-28T19:53:42.583+0530][gc,task     ] GC(441) Using 2 workers of 2 for evacuation
[2025-03-28T19:53:42.599+0530][gc,phases   ] GC(441)   Pre Evacuate Collection Set: 0.2ms
[2025-03-28T19:53:42.599+0530][gc,phases   ] GC(441)   Merge Heap Roots: 0.1ms
[2025-03-28T19:53:42.599+0530][gc,phases   ] GC(441)   Evacuate Collection Set: 15.0ms
[2025-03-28T19:53:42.599+0530][gc,phases   ] GC(441)   Post Evacuate Collection Set: 0.5ms
[2025-03-28T19:53:42.599+0530][gc,phases   ] GC(441)   Other: 0.1ms
[2025-03-28T19:53:42.599+0530][gc,heap     ] GC(441) Eden regions: 44->0(49)
[2025-03-28T19:53:42.599+0530][gc,heap     ] GC(441) Survivor regions: 7->2(7)
[2025-03-28T19:53:42.599+0530][gc,heap     ] GC(441) Old regions: 202->203
[2025-03-28T19:53:42.599+0530][gc,heap     ] GC(441) Archive regions: 2->2
[2025-03-28T19:53:42.599+0530][gc,heap     ] GC(441) Humongous regions: 144->144
[2025-03-28T19:53:42.599+0530][gc,metaspace] GC(441) Metaspace: 53135K(53824K)->53135K(53824K) NonClass: 47118K(47488K)->47118K(47488K) Class: 6017K(6336K)->6017K(6336K)
[2025-03-28T19:53:42.599+0530][gc          ] GC(441) Pause Young (Normal) (G1 Evacuation Pause) 396M->349M(1024M) 15.938ms
[2025-03-28T19:53:42.599+0530][gc,cpu      ] GC(441) User=0.01s Sys=0.00s Real=0.02s
[2025-03-28T19:53:48.590+0530][gc,start    ] GC(442) Pause Young (Normal) (G1 Evacuation Pause)
[2025-03-28T19:53:48.590+0530][gc,task     ] GC(442) Using 2 workers of 2 for evacuation
[2025-03-28T19:53:48.605+0530][gc,phases   ] GC(442)   Pre Evacuate Collection Set: 0.2ms
[2025-03-28T19:53:48.605+0530][gc,phases   ] GC(442)   Merge Heap Roots: 0.1ms
[2025-03-28T19:53:48.605+0530][gc,phases   ] GC(442)   Evacuate Collection Set: 13.2ms
[2025-03-28T19:53:48.605+0530][gc,phases   ] GC(442)   Post Evacuate Collection Set: 0.6ms
[2025-03-28T19:53:48.605+0530][gc,phases   ] GC(442)   Other: 0.1ms
[2025-03-28T19:53:48.605+0530][gc,heap     ] GC(442) Eden regions: 49->0(46)
[2025-03-28T19:53:48.605+0530][gc,heap     ] GC(442) Survivor regions: 2->5(7)
[2025-03-28T19:53:48.605+0530][gc,heap     ] GC(442) Old regions: 203->203
[2025-03-28T19:53:48.605+0530][gc,heap     ] GC(442) Archive regions: 2->2
[2025-03-28T19:53:48.605+0530][gc,heap     ] GC(442) Humongous regions: 144->142
[2025-03-28T19:53:48.605+0530][gc,metaspace] GC(442) Metaspace: 53135K(53824K)->53135K(53824K) NonClass: 47118K(47488K)->47118K(47488K) Class: 6017K(6336K)->6017K(6336K)
[2025-03-28T19:53:48.605+0530][gc          ] GC(442) Pause Young (Normal) (G1 Evacuation Pause) 398M->350M(1024M) 14.285ms
[2025-03-28T19:53:48.605+0530][gc,cpu      ] GC(442) User=0.02s Sys=0.00s Real=0.01s
[2025-03-28T19:53:48.763+0530][gc,start    ] GC(443) Pause Young (Normal) (G1 Evacuation Pause)
[2025-03-28T19:53:48.763+0530][gc,task     ] GC(443) Using 2 workers of 2 for evacuation
[2025-03-28T19:53:48.768+0530][gc,phases   ] GC(443)   Pre Evacuate Collection Set: 0.2ms
[2025-03-28T19:53:48.768+0530][gc,phases   ] GC(443)   Merge Heap Roots: 0.1ms
[2025-03-28T19:53:48.768+0530][gc,phases   ] GC(443)   Evacuate Collection Set: 4.1ms
[2025-03-28T19:53:48.768+0530][gc,phases   ] GC(443)   Post Evacuate Collection Set: 0.5ms
[2025-03-28T19:53:48.768+0530][gc,phases   ] GC(443)   Other: 0.2ms
[2025-03-28T19:53:48.768+0530][gc,heap     ] GC(443) Eden regions: 46->0(113)
[2025-03-28T19:53:48.768+0530][gc,heap     ] GC(443) Survivor regions: 5->2(7)
[2025-03-28T19:53:48.768+0530][gc,heap     ] GC(443) Old regions: 203->204
[2025-03-28T19:53:48.768+0530][gc,heap     ] GC(443) Archive regions: 2->2
[2025-03-28T19:53:48.768+0530][gc,heap     ] GC(443) Humongous regions: 144->144
[2025-03-28T19:53:48.768+0530][gc,metaspace] GC(443) Metaspace: 53135K(53824K)->53135K(53824K) NonClass: 47118K(47488K)->47118K(47488K) Class: 6017K(6336K)->6017K(6336K)
[2025-03-28T19:53:48.768+0530][gc          ] GC(443) Pause Young (Normal) (G1 Evacuation Pause) 398M->350M(1024M) 5.116ms
[2025-03-28T19:53:48.768+0530][gc,cpu      ] GC(443) User=0.01s Sys=0.00s Real=0.01s
[2025-03-28T19:53:52.538+0530][gc,start    ] GC(444) Pause Young (Normal) (G1 Evacuation Pause)
[2025-03-28T19:53:52.538+0530][gc,task     ] GC(444) Using 2 workers of 2 for evacuation
[2025-03-28T19:53:52.544+0530][gc,phases   ] GC(444)   Pre Evacuate Collection Set: 0.2ms
[2025-03-28T19:53:52.544+0530][gc,phases   ] GC(444)   Merge Heap Roots: 0.1ms
[2025-03-28T19:53:52.544+0530][gc,phases   ] GC(444)   Evacuate Collection Set: 4.7ms
[2025-03-28T19:53:52.544+0530][gc,phases   ] GC(444)   Post Evacuate Collection Set: 1.5ms
[2025-03-28T19:53:52.545+0530][gc,phases   ] GC(444)   Other: 0.1ms
[2025-03-28T19:53:52.545+0530][gc,heap     ] GC(444) Eden regions: 113->0(175)
[2025-03-28T19:53:52.545+0530][gc,heap     ] GC(444) Survivor regions: 2->3(15)
[2025-03-28T19:53:52.545+0530][gc,heap     ] GC(444) Old regions: 204->204
[2025-03-28T19:53:52.545+0530][gc,heap     ] GC(444) Archive regions: 2->2
[2025-03-28T19:53:52.545+0530][gc,heap     ] GC(444) Humongous regions: 146->144
[2025-03-28T19:53:52.545+0530][gc,metaspace] GC(444) Metaspace: 53141K(53824K)->53141K(53824K) NonClass: 47123K(47488K)->47123K(47488K) Class: 6017K(6336K)->6017K(6336K)
[2025-03-28T19:53:52.545+0530][gc          ] GC(444) Pause Young (Normal) (G1 Evacuation Pause) 465M->350M(1024M) 6.714ms
[2025-03-28T19:53:52.545+0530][gc,cpu      ] GC(444) User=0.01s Sys=0.00s Real=0.00s
[2025-03-28T19:54:02.445+0530][gc,start    ] GC(445) Pause Young (Normal) (G1 Evacuation Pause)
[2025-03-28T19:54:02.445+0530][gc,task     ] GC(445) Using 2 workers of 2 for evacuation
[2025-03-28T19:54:02.458+0530][gc,phases   ] GC(445)   Pre Evacuate Collection Set: 0.2ms
[2025-03-28T19:54:02.458+0530][gc,phases   ] GC(445)   Merge Heap Roots: 0.1ms
[2025-03-28T19:54:02.458+0530][gc,phases   ] GC(445)   Evacuate Collection Set: 6.2ms
[2025-03-28T19:54:02.458+0530][gc,phases   ] GC(445)   Post Evacuate Collection Set: 6.2ms
[2025-03-28T19:54:02.458+0530][gc,phases   ] GC(445)   Other: 0.2ms
[2025-03-28T19:54:02.458+0530][gc,heap     ] GC(445) Eden regions: 175->0(145)
[2025-03-28T19:54:02.458+0530][gc,heap     ] GC(445) Survivor regions: 3->7(23)
[2025-03-28T19:54:02.458+0530][gc,heap     ] GC(445) Old regions: 204->204
[2025-03-28T19:54:02.458+0530][gc,heap     ] GC(445) Archive regions: 2->2
[2025-03-28T19:54:02.458+0530][gc,heap     ] GC(445) Humongous regions: 146->142
[2025-03-28T19:54:02.458+0530][gc,metaspace] GC(445) Metaspace: 53141K(53824K)->53141K(53824K) NonClass: 47123K(47488K)->47123K(47488K) Class: 6017K(6336K)->6017K(6336K)
[2025-03-28T19:54:02.458+0530][gc          ] GC(445) Pause Young (Normal) (G1 Evacuation Pause) 527M->352M(1024M) 12.962ms
[2025-03-28T19:54:02.458+0530][gc,cpu      ] GC(445) User=0.01s Sys=0.00s Real=0.01s
[2025-03-28T19:54:08.734+0530][gc,start    ] GC(446) Pause Young (Normal) (G1 Evacuation Pause)
[2025-03-28T19:54:08.734+0530][gc,task     ] GC(446) Using 2 workers of 2 for evacuation
[2025-03-28T19:54:08.759+0530][gc,mmu      ] GC(446) MMU target violated: 21.0ms (20.0ms/21.0ms)
[2025-03-28T19:54:08.759+0530][gc,phases   ] GC(446)   Pre Evacuate Collection Set: 0.2ms
[2025-03-28T19:54:08.759+0530][gc,phases   ] GC(446)   Merge Heap Roots: 0.1ms
[2025-03-28T19:54:08.759+0530][gc,phases   ] GC(446)   Evacuate Collection Set: 15.7ms
[2025-03-28T19:54:08.759+0530][gc,phases   ] GC(446)   Post Evacuate Collection Set: 8.9ms
[2025-03-28T19:54:08.759+0530][gc,phases   ] GC(446)   Other: 0.4ms
[2025-03-28T19:54:08.759+0530][gc,heap     ] GC(446) Eden regions: 145->0(167)
[2025-03-28T19:54:08.759+0530][gc,heap     ] GC(446) Survivor regions: 7->3(19)
[2025-03-28T19:54:08.759+0530][gc,heap     ] GC(446) Old regions: 204->204
[2025-03-28T19:54:08.759+0530][gc,heap     ] GC(446) Archive regions: 2->2
[2025-03-28T19:54:08.759+0530][gc,heap     ] GC(446) Humongous regions: 146->144
[2025-03-28T19:54:08.759+0530][gc,metaspace] GC(446) Metaspace: 53154K(53824K)->53154K(53824K) NonClass: 47137K(47488K)->47137K(47488K) Class: 6017K(6336K)->6017K(6336K)
[2025-03-28T19:54:08.759+0530][gc          ] GC(446) Pause Young (Normal) (G1 Evacuation Pause) 501M->351M(1024M) 25.272ms
[2025-03-28T19:54:08.759+0530][gc,cpu      ] GC(446) User=0.02s Sys=0.00s Real=0.03s
[2025-03-28T19:54:18.648+0530][gc,start    ] GC(447) Pause Young (Normal) (G1 Evacuation Pause)
[2025-03-28T19:54:18.648+0530][gc,task     ] GC(447) Using 2 workers of 2 for evacuation
[2025-03-28T19:54:18.660+0530][gc,phases   ] GC(447)   Pre Evacuate Collection Set: 0.2ms
[2025-03-28T19:54:18.660+0530][gc,phases   ] GC(447)   Merge Heap Roots: 0.2ms
[2025-03-28T19:54:18.660+0530][gc,phases   ] GC(447)   Evacuate Collection Set: 11.5ms
[2025-03-28T19:54:18.660+0530][gc,phases   ] GC(447)   Post Evacuate Collection Set: 0.7ms
[2025-03-28T19:54:18.660+0530][gc,phases   ] GC(447)   Other: 0.2ms
[2025-03-28T19:54:18.660+0530][gc,heap     ] GC(447) Eden regions: 167->0(248)
[2025-03-28T19:54:18.660+0530][gc,heap     ] GC(447) Survivor regions: 3->5(22)
[2025-03-28T19:54:18.660+0530][gc,heap     ] GC(447) Old regions: 204->204
[2025-03-28T19:54:18.660+0530][gc,heap     ] GC(447) Archive regions: 2->2
[2025-03-28T19:54:18.660+0530][gc,heap     ] GC(447) Humongous regions: 146->142
[2025-03-28T19:54:18.660+0530][gc,metaspace] GC(447) Metaspace: 53161K(53824K)->53161K(53824K) NonClass: 47143K(47488K)->47143K(47488K) Class: 6017K(6336K)->6017K(6336K)
[2025-03-28T19:54:18.660+0530][gc          ] GC(447) Pause Young (Normal) (G1 Evacuation Pause) 520M->351M(1024M) 12.800ms
[2025-03-28T19:54:18.660+0530][gc,cpu      ] GC(447) User=0.01s Sys=0.00s Real=0.02s
[2025-03-28T19:54:30.812+0530][gc,start    ] GC(448) Pause Young (Normal) (G1 Evacuation Pause)
[2025-03-28T19:54:30.812+0530][gc,task     ] GC(448) Using 2 workers of 2 for evacuation
[2025-03-28T19:54:30.853+0530][gc,mmu      ] GC(448) MMU target violated: 21.0ms (20.0ms/21.0ms)
[2025-03-28T19:54:30.853+0530][gc,phases   ] GC(448)   Pre Evacuate Collection Set: 0.2ms
[2025-03-28T19:54:30.853+0530][gc,phases   ] GC(448)   Merge Heap Roots: 0.1ms
[2025-03-28T19:54:30.853+0530][gc,phases   ] GC(448)   Evacuate Collection Set: 36.3ms
[2025-03-28T19:54:30.853+0530][gc,phases   ] GC(448)   Post Evacuate Collection Set: 4.3ms
[2025-03-28T19:54:30.853+0530][gc,phases   ] GC(448)   Other: 0.2ms
[2025-03-28T19:54:30.853+0530][gc,heap     ] GC(448) Eden regions: 248->0(48)
[2025-03-28T19:54:30.853+0530][gc,heap     ] GC(448) Survivor regions: 5->3(32)
[2025-03-28T19:54:30.853+0530][gc,heap     ] GC(448) Old regions: 204->204
[2025-03-28T19:54:30.853+0530][gc,heap     ] GC(448) Archive regions: 2->2
[2025-03-28T19:54:30.853+0530][gc,heap     ] GC(448) Humongous regions: 148->144
[2025-03-28T19:54:30.853+0530][gc,metaspace] GC(448) Metaspace: 53161K(53824K)->53161K(53824K) NonClass: 47143K(47488K)->47143K(47488K) Class: 6017K(6336K)->6017K(6336K)
[2025-03-28T19:54:30.853+0530][gc          ] GC(448) Pause Young (Normal) (G1 Evacuation Pause) 605M->351M(1024M) 41.193ms
[2025-03-28T19:54:30.853+0530][gc,cpu      ] GC(448) User=0.02s Sys=0.00s Real=0.04s
[2025-03-28T19:54:32.434+0530][gc,start    ] GC(449) Pause Young (Normal) (G1 Evacuation Pause)
[2025-03-28T19:54:32.434+0530][gc,task     ] GC(449) Using 2 workers of 2 for evacuation
[2025-03-28T19:54:32.447+0530][gc,phases   ] GC(449)   Pre Evacuate Collection Set: 0.2ms
[2025-03-28T19:54:32.448+0530][gc,phases   ] GC(449)   Merge Heap Roots: 0.1ms
[2025-03-28T19:54:32.448+0530][gc,phases   ] GC(449)   Evacuate Collection Set: 3.8ms
[2025-03-28T19:54:32.448+0530][gc,phases   ] GC(449)   Post Evacuate Collection Set: 9.2ms
[2025-03-28T19:54:32.448+0530][gc,phases   ] GC(449)   Other: 0.2ms
[2025-03-28T19:54:32.448+0530][gc,heap     ] GC(449) Eden regions: 48->0(49)
[2025-03-28T19:54:32.448+0530][gc,heap     ] GC(449) Survivor regions: 3->2(7)
[2025-03-28T19:54:32.448+0530][gc,heap     ] GC(449) Old regions: 204->204
[2025-03-28T19:54:32.448+0530][gc,heap     ] GC(449) Archive regions: 2->2
[2025-03-28T19:54:32.448+0530][gc,heap     ] GC(449) Humongous regions: 144->142
[2025-03-28T19:54:32.448+0530][gc,metaspace] GC(449) Metaspace: 53161K(53824K)->53161K(53824K) NonClass: 47143K(47488K)->47143K(47488K) Class: 6017K(6336K)->6017K(6336K)
[2025-03-28T19:54:32.448+0530][gc          ] GC(449) Pause Young (Normal) (G1 Evacuation Pause) 399M->348M(1024M) 13.598ms
[2025-03-28T19:54:32.448+0530][gc,cpu      ] GC(449) User=0.00s Sys=0.00s Real=0.02s
[2025-03-28T19:54:32.507+0530][gc,start    ] GC(450) Pause Young (Normal) (G1 Evacuation Pause)
[2025-03-28T19:54:32.507+0530][gc,task     ] GC(450) Using 2 workers of 2 for evacuation
[2025-03-28T19:54:32.516+0530][gc,phases   ] GC(450)   Pre Evacuate Collection Set: 0.2ms
[2025-03-28T19:54:32.516+0530][gc,phases   ] GC(450)   Merge Heap Roots: 0.1ms
[2025-03-28T19:54:32.516+0530][gc,phases   ] GC(450)   Evacuate Collection Set: 7.7ms
[2025-03-28T19:54:32.516+0530][gc,phases   ] GC(450)   Post Evacuate Collection Set: 0.5ms
[2025-03-28T19:54:32.516+0530][gc,phases   ] GC(450)   Other: 0.2ms
[2025-03-28T19:54:32.516+0530][gc,heap     ] GC(450) Eden regions: 49->0(44)
[2025-03-28T19:54:32.516+0530][gc,heap     ] GC(450) Survivor regions: 2->7(7)
[2025-03-28T19:54:32.516+0530][gc,heap     ] GC(450) Old regions: 204->204
[2025-03-28T19:54:32.516+0530][gc,heap     ] GC(450) Archive regions: 2->2
[2025-03-28T19:54:32.516+0530][gc,heap     ] GC(450) Humongous regions: 142->142
[2025-03-28T19:54:32.516+0530][gc,metaspace] GC(450) Metaspace: 53161K(53824K)->53161K(53824K) NonClass: 47143K(47488K)->47143K(47488K) Class: 6017K(6336K)->6017K(6336K)
[2025-03-28T19:54:32.516+0530][gc          ] GC(450) Pause Young (Normal) (G1 Evacuation Pause) 397M->353M(1024M) 8.663ms
[2025-03-28T19:54:32.516+0530][gc,cpu      ] GC(450) User=0.02s Sys=0.00s Real=0.00s
[2025-03-28T19:54:32.574+0530][gc,start    ] GC(451) Pause Young (Normal) (G1 Evacuation Pause)
[2025-03-28T19:54:32.574+0530][gc,task     ] GC(451) Using 2 workers of 2 for evacuation
[2025-03-28T19:54:32.923+0530][gc,mmu      ] GC(451) MMU target violated: 21.0ms (20.0ms/21.0ms)
[2025-03-28T19:54:32.923+0530][gc,phases   ] GC(451)   Pre Evacuate Collection Set: 0.1ms
[2025-03-28T19:54:32.923+0530][gc,phases   ] GC(451)   Merge Heap Roots: 0.1ms
[2025-03-28T19:54:32.923+0530][gc,phases   ] GC(451)   Evacuate Collection Set: 347.0ms
[2025-03-28T19:54:32.923+0530][gc,phases   ] GC(451)   Post Evacuate Collection Set: 1.6ms
[2025-03-28T19:54:32.923+0530][gc,phases   ] GC(451)   Other: 0.3ms
[2025-03-28T19:54:32.923+0530][gc,heap     ] GC(451) Eden regions: 44->0(49)
[2025-03-28T19:54:32.923+0530][gc,heap     ] GC(451) Survivor regions: 7->2(7)
[2025-03-28T19:54:32.924+0530][gc,heap     ] GC(451) Old regions: 204->211
[2025-03-28T19:54:32.924+0530][gc,heap     ] GC(451) Archive regions: 2->2
[2025-03-28T19:54:32.924+0530][gc,heap     ] GC(451) Humongous regions: 144->144
[2025-03-28T19:54:32.924+0530][gc,metaspace] GC(451) Metaspace: 53161K(53824K)->53161K(53824K) NonClass: 47143K(47488K)->47143K(47488K) Class: 6017K(6336K)->6017K(6336K)
[2025-03-28T19:54:32.924+0530][gc          ] GC(451) Pause Young (Normal) (G1 Evacuation Pause) 399M->357M(1024M) 349.449ms
[2025-03-28T19:54:32.924+0530][gc,cpu      ] GC(451) User=0.04s Sys=0.04s Real=0.35s
[2025-03-28T19:54:38.588+0530][gc,start    ] GC(452) Pause Young (Normal) (G1 Evacuation Pause)
[2025-03-28T19:54:38.588+0530][gc,task     ] GC(452) Using 2 workers of 2 for evacuation
[2025-03-28T19:54:38.617+0530][gc,mmu      ] GC(452) MMU target violated: 21.0ms (20.0ms/21.0ms)
[2025-03-28T19:54:38.617+0530][gc,phases   ] GC(452)   Pre Evacuate Collection Set: 0.6ms
[2025-03-28T19:54:38.617+0530][gc,phases   ] GC(452)   Merge Heap Roots: 0.1ms
[2025-03-28T19:54:38.617+0530][gc,phases   ] GC(452)   Evacuate Collection Set: 27.3ms
[2025-03-28T19:54:38.617+0530][gc,phases   ] GC(452)   Post Evacuate Collection Set: 0.6ms
[2025-03-28T19:54:38.617+0530][gc,phases   ] GC(452)   Other: 0.2ms
[2025-03-28T19:54:38.617+0530][gc,heap     ] GC(452) Eden regions: 49->0(44)
[2025-03-28T19:54:38.617+0530][gc,heap     ] GC(452) Survivor regions: 2->7(7)
[2025-03-28T19:54:38.617+0530][gc,heap     ] GC(452) Old regions: 211->211
[2025-03-28T19:54:38.617+0530][gc,heap     ] GC(452) Archive regions: 2->2
[2025-03-28T19:54:38.617+0530][gc,heap     ] GC(452) Humongous regions: 144->142
[2025-03-28T19:54:38.617+0530][gc,metaspace] GC(452) Metaspace: 53164K(53824K)->53164K(53824K) NonClass: 47146K(47488K)->47146K(47488K) Class: 6017K(6336K)->6017K(6336K)
[2025-03-28T19:54:38.617+0530][gc          ] GC(452) Pause Young (Normal) (G1 Evacuation Pause) 406M->360M(1024M) 28.853ms
[2025-03-28T19:54:38.617+0530][gc,cpu      ] GC(452) User=0.01s Sys=0.01s Real=0.04s
[2025-03-28T19:54:38.786+0530][gc,start    ] GC(453) Pause Young (Normal) (G1 Evacuation Pause)
[2025-03-28T19:54:38.786+0530][gc,task     ] GC(453) Using 2 workers of 2 for evacuation
[2025-03-28T19:54:39.022+0530][gc,mmu      ] GC(453) MMU target violated: 21.0ms (20.0ms/21.0ms)
[2025-03-28T19:54:39.023+0530][gc,phases   ] GC(453)   Pre Evacuate Collection Set: 0.3ms
[2025-03-28T19:54:39.023+0530][gc,phases   ] GC(453)   Merge Heap Roots: 0.1ms
[2025-03-28T19:54:39.023+0530][gc,phases   ] GC(453)   Evacuate Collection Set: 230.6ms
[2025-03-28T19:54:39.023+0530][gc,phases   ] GC(453)   Post Evacuate Collection Set: 0.5ms
[2025-03-28T19:54:39.023+0530][gc,phases   ] GC(453)   Other: 4.7ms
[2025-03-28T19:54:39.023+0530][gc,heap     ] GC(453) Eden regions: 44->0(49)
[2025-03-28T19:54:39.023+0530][gc,heap     ] GC(453) Survivor regions: 7->2(7)
[2025-03-28T19:54:39.023+0530][gc,heap     ] GC(453) Old regions: 211->213
[2025-03-28T19:54:39.023+0530][gc,heap     ] GC(453) Archive regions: 2->2
[2025-03-28T19:54:39.023+0530][gc,heap     ] GC(453) Humongous regions: 144->144
[2025-03-28T19:54:39.023+0530][gc,metaspace] GC(453) Metaspace: 53164K(53824K)->53164K(53824K) NonClass: 47146K(47488K)->47146K(47488K) Class: 6017K(6336K)->6017K(6336K)
[2025-03-28T19:54:39.023+0530][gc          ] GC(453) Pause Young (Normal) (G1 Evacuation Pause) 406M->359M(1024M) 236.447ms
[2025-03-28T19:54:39.023+0530][gc,cpu      ] GC(453) User=0.04s Sys=0.03s Real=0.24s
[2025-03-28T19:54:42.488+0530][gc,start    ] GC(454) Pause Young (Concurrent Start) (G1 Evacuation Pause)
[2025-03-28T19:54:42.488+0530][gc,task     ] GC(454) Using 2 workers of 2 for evacuation
[2025-03-28T19:54:42.513+0530][gc,mmu      ] GC(454) MMU target violated: 21.0ms (20.0ms/21.0ms)
[2025-03-28T19:54:42.513+0530][gc,phases   ] GC(454)   Pre Evacuate Collection Set: 0.4ms
[2025-03-28T19:54:42.513+0530][gc,phases   ] GC(454)   Merge Heap Roots: 0.2ms
[2025-03-28T19:54:42.513+0530][gc,phases   ] GC(454)   Evacuate Collection Set: 14.4ms
[2025-03-28T19:54:42.513+0530][gc,phases   ] GC(454)   Post Evacuate Collection Set: 0.6ms
[2025-03-28T19:54:42.513+0530][gc,phases   ] GC(454)   Other: 10.1ms
[2025-03-28T19:54:42.513+0530][gc,heap     ] GC(454) Eden regions: 49->0(47)
[2025-03-28T19:54:42.513+0530][gc,heap     ] GC(454) Survivor regions: 2->4(7)
[2025-03-28T19:54:42.513+0530][gc,heap     ] GC(454) Old regions: 213->213
[2025-03-28T19:54:42.513+0530][gc,heap     ] GC(454) Archive regions: 2->2
[2025-03-28T19:54:42.513+0530][gc,heap     ] GC(454) Humongous regions: 144->142
[2025-03-28T19:54:42.513+0530][gc,metaspace] GC(454) Metaspace: 53164K(53824K)->53164K(53824K) NonClass: 47146K(47488K)->47146K(47488K) Class: 6017K(6336K)->6017K(6336K)
[2025-03-28T19:54:42.513+0530][gc          ] GC(454) Pause Young (Concurrent Start) (G1 Evacuation Pause) 408M->359M(1024M) 25.898ms
[2025-03-28T19:54:42.513+0530][gc,cpu      ] GC(454) User=0.01s Sys=0.00s Real=0.02s
[2025-03-28T19:54:42.515+0530][gc          ] GC(455) Concurrent Mark Cycle
[2025-03-28T19:54:42.515+0530][gc,marking  ] GC(455) Concurrent Clear Claimed Marks
[2025-03-28T19:54:42.516+0530][gc,marking  ] GC(455) Concurrent Clear Claimed Marks 0.224ms
[2025-03-28T19:54:42.516+0530][gc,marking  ] GC(455) Concurrent Scan Root Regions
[2025-03-28T19:54:42.526+0530][gc,marking  ] GC(455) Concurrent Scan Root Regions 10.106ms
[2025-03-28T19:54:42.526+0530][gc,marking  ] GC(455) Concurrent Mark
[2025-03-28T19:54:42.526+0530][gc,marking  ] GC(455) Concurrent Mark From Roots
[2025-03-28T19:54:42.526+0530][gc,task     ] GC(455) Using 1 workers of 1 for marking
[2025-03-28T19:54:42.749+0530][gc,start    ] GC(456) Pause Young (Normal) (G1 Evacuation Pause)
[2025-03-28T19:54:42.749+0530][gc,task     ] GC(456) Using 2 workers of 2 for evacuation
[2025-03-28T19:54:42.757+0530][gc,phases   ] GC(456)   Pre Evacuate Collection Set: 0.2ms
[2025-03-28T19:54:42.757+0530][gc,phases   ] GC(456)   Merge Heap Roots: 0.1ms
[2025-03-28T19:54:42.757+0530][gc,phases   ] GC(456)   Evacuate Collection Set: 6.9ms
[2025-03-28T19:54:42.757+0530][gc,phases   ] GC(456)   Post Evacuate Collection Set: 0.6ms
[2025-03-28T19:54:42.757+0530][gc,phases   ] GC(456)   Other: 0.2ms
[2025-03-28T19:54:42.757+0530][gc,heap     ] GC(456) Eden regions: 47->0(49)
[2025-03-28T19:54:42.757+0530][gc,heap     ] GC(456) Survivor regions: 4->3(7)
[2025-03-28T19:54:42.757+0530][gc,heap     ] GC(456) Old regions: 213->213
[2025-03-28T19:54:42.757+0530][gc,heap     ] GC(456) Archive regions: 2->2
[2025-03-28T19:54:42.757+0530][gc,heap     ] GC(456) Humongous regions: 144->144
[2025-03-28T19:54:42.757+0530][gc,metaspace] GC(456) Metaspace: 53164K(53824K)->53164K(53824K) NonClass: 47146K(47488K)->47146K(47488K) Class: 6017K(6336K)->6017K(6336K)
[2025-03-28T19:54:42.757+0530][gc          ] GC(456) Pause Young (Normal) (G1 Evacuation Pause) 408M->360M(1024M) 8.119ms
[2025-03-28T19:54:42.757+0530][gc,cpu      ] GC(456) User=0.02s Sys=0.00s Real=0.01s
[2025-03-28T19:54:42.778+0530][gc,marking  ] GC(455) Concurrent Mark From Roots 252.349ms
[2025-03-28T19:54:42.778+0530][gc,marking  ] GC(455) Concurrent Preclean
[2025-03-28T19:54:42.778+0530][gc,marking  ] GC(455) Concurrent Preclean 0.218ms
[2025-03-28T19:54:42.779+0530][gc,start    ] GC(455) Pause Remark
[2025-03-28T19:54:42.805+0530][gc,mmu      ] GC(455) MMU target violated: 21.0ms (20.0ms/21.0ms)
[2025-03-28T19:54:42.805+0530][gc          ] GC(455) Pause Remark 390M->342M(1024M) 26.614ms
[2025-03-28T19:54:42.805+0530][gc,cpu      ] GC(455) User=0.05s Sys=0.00s Real=0.03s
[2025-03-28T19:54:42.805+0530][gc,marking  ] GC(455) Concurrent Mark 279.531ms
[2025-03-28T19:54:42.805+0530][gc,marking  ] GC(455) Concurrent Rebuild Remembered Sets
[2025-03-28T19:54:42.855+0530][gc,marking  ] GC(455) Concurrent Rebuild Remembered Sets 49.620ms
[2025-03-28T19:54:42.855+0530][gc,start    ] GC(455) Pause Cleanup
[2025-03-28T19:54:42.855+0530][gc          ] GC(455) Pause Cleanup 343M->343M(1024M) 0.207ms
[2025-03-28T19:54:42.855+0530][gc,cpu      ] GC(455) User=0.00s Sys=0.00s Real=0.00s
[2025-03-28T19:54:42.855+0530][gc,marking  ] GC(455) Concurrent Cleanup for Next Mark
[2025-03-28T19:54:44.151+0530][gc,marking  ] GC(455) Concurrent Cleanup for Next Mark 1295.853ms
[2025-03-28T19:54:44.151+0530][gc          ] GC(455) Concurrent Mark Cycle 1636.139ms
[2025-03-28T19:54:48.507+0530][gc,start    ] GC(457) Pause Young (Prepare Mixed) (G1 Evacuation Pause)
[2025-03-28T19:54:48.507+0530][gc,task     ] GC(457) Using 2 workers of 2 for evacuation
[2025-03-28T19:54:48.511+0530][gc,phases   ] GC(457)   Pre Evacuate Collection Set: 0.2ms
[2025-03-28T19:54:48.511+0530][gc,phases   ] GC(457)   Merge Heap Roots: 0.2ms
[2025-03-28T19:54:48.511+0530][gc,phases   ] GC(457)   Evacuate Collection Set: 3.0ms
[2025-03-28T19:54:48.511+0530][gc,phases   ] GC(457)   Post Evacuate Collection Set: 0.7ms
[2025-03-28T19:54:48.511+0530][gc,phases   ] GC(457)   Other: 0.1ms
[2025-03-28T19:54:48.511+0530][gc,heap     ] GC(457) Eden regions: 48->0(49)
[2025-03-28T19:54:48.511+0530][gc,heap     ] GC(457) Survivor regions: 3->2(7)
[2025-03-28T19:54:48.511+0530][gc,heap     ] GC(457) Old regions: 169->169
[2025-03-28T19:54:48.511+0530][gc,heap     ] GC(457) Archive regions: 2->2
[2025-03-28T19:54:48.511+0530][gc,heap     ] GC(457) Humongous regions: 140->138
[2025-03-28T19:54:48.511+0530][gc,metaspace] GC(457) Metaspace: 53164K(53824K)->53164K(53824K) NonClass: 47146K(47488K)->47146K(47488K) Class: 6017K(6336K)->6017K(6336K)
[2025-03-28T19:54:48.511+0530][gc          ] GC(457) Pause Young (Prepare Mixed) (G1 Evacuation Pause) 360M->309M(1024M) 4.269ms
[2025-03-28T19:54:48.511+0530][gc,cpu      ] GC(457) User=0.01s Sys=0.00s Real=0.00s
[2025-03-28T19:54:48.631+0530][gc,start    ] GC(458) Pause Young (Mixed) (G1 Evacuation Pause)
[2025-03-28T19:54:48.631+0530][gc,task     ] GC(458) Using 2 workers of 2 for evacuation
[2025-03-28T19:54:48.648+0530][gc,phases   ] GC(458)   Pre Evacuate Collection Set: 0.8ms
[2025-03-28T19:54:48.648+0530][gc,phases   ] GC(458)   Merge Heap Roots: 0.1ms
[2025-03-28T19:54:48.648+0530][gc,phases   ] GC(458)   Evacuate Collection Set: 16.0ms
[2025-03-28T19:54:48.648+0530][gc,phases   ] GC(458)   Post Evacuate Collection Set: 0.7ms
[2025-03-28T19:54:48.648+0530][gc,phases   ] GC(458)   Other: 0.1ms
[2025-03-28T19:54:48.648+0530][gc,heap     ] GC(458) Eden regions: 49->0(44)
[2025-03-28T19:54:48.648+0530][gc,heap     ] GC(458) Survivor regions: 2->7(7)
[2025-03-28T19:54:48.648+0530][gc,heap     ] GC(458) Old regions: 169->158
[2025-03-28T19:54:48.649+0530][gc,heap     ] GC(458) Archive regions: 2->2
[2025-03-28T19:54:48.649+0530][gc,heap     ] GC(458) Humongous regions: 138->138
[2025-03-28T19:54:48.649+0530][gc,metaspace] GC(458) Metaspace: 53165K(53824K)->53165K(53824K) NonClass: 47148K(47488K)->47148K(47488K) Class: 6017K(6336K)->6017K(6336K)
[2025-03-28T19:54:48.649+0530][gc          ] GC(458) Pause Young (Mixed) (G1 Evacuation Pause) 358M->303M(1024M) 17.924ms
[2025-03-28T19:54:48.649+0530][gc,cpu      ] GC(458) User=0.02s Sys=0.00s Real=0.03s
[2025-03-28T19:54:52.400+0530][gc,start    ] GC(459) Pause Young (Mixed) (G1 Evacuation Pause)
[2025-03-28T19:54:52.400+0530][gc,task     ] GC(459) Using 2 workers of 2 for evacuation
[2025-03-28T19:54:52.433+0530][gc,mmu      ] GC(459) MMU target violated: 21.0ms (20.0ms/21.0ms)
[2025-03-28T19:54:52.433+0530][gc,phases   ] GC(459)   Pre Evacuate Collection Set: 2.2ms
[2025-03-28T19:54:52.433+0530][gc,phases   ] GC(459)   Merge Heap Roots: 0.3ms
[2025-03-28T19:54:52.433+0530][gc,phases   ] GC(459)   Evacuate Collection Set: 29.4ms
[2025-03-28T19:54:52.433+0530][gc,phases   ] GC(459)   Post Evacuate Collection Set: 0.6ms
[2025-03-28T19:54:52.433+0530][gc,phases   ] GC(459)   Other: 0.3ms
[2025-03-28T19:54:52.433+0530][gc,heap     ] GC(459) Eden regions: 44->0(50)
[2025-03-28T19:54:52.433+0530][gc,heap     ] GC(459) Survivor regions: 7->1(7)
[2025-03-28T19:54:52.433+0530][gc,heap     ] GC(459) Old regions: 158->153
[2025-03-28T19:54:52.433+0530][gc,heap     ] GC(459) Archive regions: 2->2
[2025-03-28T19:54:52.433+0530][gc,heap     ] GC(459) Humongous regions: 140->138
[2025-03-28T19:54:52.433+0530][gc,metaspace] GC(459) Metaspace: 53167K(53824K)->53167K(53824K) NonClass: 47150K(47488K)->47150K(47488K) Class: 6017K(6336K)->6017K(6336K)
[2025-03-28T19:54:52.433+0530][gc          ] GC(459) Pause Young (Mixed) (G1 Evacuation Pause) 349M->292M(1024M) 32.859ms
[2025-03-28T19:54:52.433+0530][gc,cpu      ] GC(459) User=0.03s Sys=0.00s Real=0.04s
[2025-03-28T19:54:52.488+0530][gc,start    ] GC(460) Pause Young (Mixed) (G1 Evacuation Pause)
[2025-03-28T19:54:52.488+0530][gc,task     ] GC(460) Using 2 workers of 2 for evacuation
[2025-03-28T19:54:52.496+0530][gc,phases   ] GC(460)   Pre Evacuate Collection Set: 0.2ms
[2025-03-28T19:54:52.496+0530][gc,phases   ] GC(460)   Merge Heap Roots: 0.1ms
[2025-03-28T19:54:52.496+0530][gc,phases   ] GC(460)   Evacuate Collection Set: 7.2ms
[2025-03-28T19:54:52.496+0530][gc,phases   ] GC(460)   Post Evacuate Collection Set: 0.4ms
[2025-03-28T19:54:52.496+0530][gc,phases   ] GC(460)   Other: 0.1ms
[2025-03-28T19:54:52.496+0530][gc,heap     ] GC(460) Eden regions: 50->0(44)
[2025-03-28T19:54:52.496+0530][gc,heap     ] GC(460) Survivor regions: 1->7(7)
[2025-03-28T19:54:52.496+0530][gc,heap     ] GC(460) Old regions: 153->141
[2025-03-28T19:54:52.496+0530][gc,heap     ] GC(460) Archive regions: 2->2
[2025-03-28T19:54:52.496+0530][gc,heap     ] GC(460) Humongous regions: 138->138
[2025-03-28T19:54:52.496+0530][gc,metaspace] GC(460) Metaspace: 53167K(53824K)->53167K(53824K) NonClass: 47150K(47488K)->47150K(47488K) Class: 6017K(6336K)->6017K(6336K)
[2025-03-28T19:54:52.496+0530][gc          ] GC(460) Pause Young (Mixed) (G1 Evacuation Pause) 342M->286M(1024M) 8.117ms
[2025-03-28T19:54:52.496+0530][gc,cpu      ] GC(460) User=0.02s Sys=0.00s Real=0.00s
[2025-03-28T19:54:52.576+0530][gc,start    ] GC(461) Pause Young (Mixed) (G1 Evacuation Pause)
[2025-03-28T19:54:52.576+0530][gc,task     ] GC(461) Using 2 workers of 2 for evacuation
[2025-03-28T19:54:52.581+0530][gc,phases   ] GC(461)   Pre Evacuate Collection Set: 0.1ms
[2025-03-28T19:54:52.581+0530][gc,phases   ] GC(461)   Merge Heap Roots: 0.1ms
[2025-03-28T19:54:52.581+0530][gc,phases   ] GC(461)   Evacuate Collection Set: 5.1ms
[2025-03-28T19:54:52.581+0530][gc,phases   ] GC(461)   Post Evacuate Collection Set: 0.5ms
[2025-03-28T19:54:52.581+0530][gc,phases   ] GC(461)   Other: 0.2ms
[2025-03-28T19:54:52.581+0530][gc,heap     ] GC(461) Eden regions: 44->0(49)
[2025-03-28T19:54:52.581+0530][gc,heap     ] GC(461) Survivor regions: 7->2(7)
[2025-03-28T19:54:52.581+0530][gc,heap     ] GC(461) Old regions: 141->131
[2025-03-28T19:54:52.581+0530][gc,heap     ] GC(461) Archive regions: 2->2
[2025-03-28T19:54:52.581+0530][gc,heap     ] GC(461) Humongous regions: 140->140
[2025-03-28T19:54:52.581+0530][gc,metaspace] GC(461) Metaspace: 53167K(53824K)->53167K(53824K) NonClass: 47150K(47488K)->47150K(47488K) Class: 6017K(6336K)->6017K(6336K)
[2025-03-28T19:54:52.582+0530][gc          ] GC(461) Pause Young (Mixed) (G1 Evacuation Pause) 332M->273M(1024M) 6.019ms
[2025-03-28T19:54:52.582+0530][gc,cpu      ] GC(461) User=0.01s Sys=0.00s Real=0.01s
[2025-03-28T19:54:58.788+0530][gc,start    ] GC(462) Pause Young (Mixed) (G1 Evacuation Pause)
[2025-03-28T19:54:58.788+0530][gc,task     ] GC(462) Using 2 workers of 2 for evacuation
[2025-03-28T19:54:58.821+0530][gc,mmu      ] GC(462) MMU target violated: 21.0ms (20.0ms/21.0ms)
[2025-03-28T19:54:58.821+0530][gc,phases   ] GC(462)   Pre Evacuate Collection Set: 0.2ms
[2025-03-28T19:54:58.821+0530][gc,phases   ] GC(462)   Merge Heap Roots: 0.3ms
[2025-03-28T19:54:58.821+0530][gc,phases   ] GC(462)   Evacuate Collection Set: 24.5ms
[2025-03-28T19:54:58.821+0530][gc,phases   ] GC(462)   Post Evacuate Collection Set: 7.9ms
[2025-03-28T19:54:58.821+0530][gc,phases   ] GC(462)   Other: 0.3ms
[2025-03-28T19:54:58.821+0530][gc,heap     ] GC(462) Eden regions: 49->0(46)
[2025-03-28T19:54:58.821+0530][gc,heap     ] GC(462) Survivor regions: 2->5(7)
[2025-03-28T19:54:58.821+0530][gc,heap     ] GC(462) Old regions: 131->119
[2025-03-28T19:54:58.821+0530][gc,heap     ] GC(462) Archive regions: 2->2
[2025-03-28T19:54:58.821+0530][gc,heap     ] GC(462) Humongous regions: 140->138
[2025-03-28T19:54:58.822+0530][gc,metaspace] GC(462) Metaspace: 53168K(53824K)->53168K(53824K) NonClass: 47151K(47488K)->47151K(47488K) Class: 6017K(6336K)->6017K(6336K)
[2025-03-28T19:54:58.822+0530][gc          ] GC(462) Pause Young (Mixed) (G1 Evacuation Pause) 322M->261M(1024M) 33.301ms
[2025-03-28T19:54:58.822+0530][gc,cpu      ] GC(462) User=0.03s Sys=0.00s Real=0.03s
[2025-03-28T19:54:59.017+0530][gc,start    ] GC(463) Pause Young (Mixed) (G1 Evacuation Pause)
[2025-03-28T19:54:59.017+0530][gc,task     ] GC(463) Using 2 workers of 2 for evacuation
[2025-03-28T19:54:59.036+0530][gc,phases   ] GC(463)   Pre Evacuate Collection Set: 0.3ms
[2025-03-28T19:54:59.036+0530][gc,phases   ] GC(463)   Merge Heap Roots: 0.2ms
[2025-03-28T19:54:59.036+0530][gc,phases   ] GC(463)   Evacuate Collection Set: 17.7ms
[2025-03-28T19:54:59.036+0530][gc,phases   ] GC(463)   Post Evacuate Collection Set: 0.4ms
[2025-03-28T19:54:59.036+0530][gc,phases   ] GC(463)   Other: 0.1ms
[2025-03-28T19:54:59.036+0530][gc,heap     ] GC(463) Eden regions: 46->0(49)
[2025-03-28T19:54:59.036+0530][gc,heap     ] GC(463) Survivor regions: 5->2(7)
[2025-03-28T19:54:59.036+0530][gc,heap     ] GC(463) Old regions: 119->108
[2025-03-28T19:54:59.036+0530][gc,heap     ] GC(463) Archive regions: 2->2
[2025-03-28T19:54:59.036+0530][gc,heap     ] GC(463) Humongous regions: 140->140
[2025-03-28T19:54:59.036+0530][gc,metaspace] GC(463) Metaspace: 53168K(53824K)->53168K(53824K) NonClass: 47151K(47488K)->47151K(47488K) Class: 6017K(6336K)->6017K(6336K)
[2025-03-28T19:54:59.036+0530][gc          ] GC(463) Pause Young (Mixed) (G1 Evacuation Pause) 309M->250M(1024M) 18.931ms
[2025-03-28T19:54:59.036+0530][gc,cpu      ] GC(463) User=0.02s Sys=0.00s Real=0.02s
[2025-03-28T19:55:02.438+0530][gc,start    ] GC(464) Pause Young (Mixed) (G1 Evacuation Pause)
[2025-03-28T19:55:02.438+0530][gc,task     ] GC(464) Using 2 workers of 2 for evacuation
[2025-03-28T19:55:02.443+0530][gc,phases   ] GC(464)   Pre Evacuate Collection Set: 0.2ms
[2025-03-28T19:55:02.443+0530][gc,phases   ] GC(464)   Merge Heap Roots: 0.1ms
[2025-03-28T19:55:02.443+0530][gc,phases   ] GC(464)   Evacuate Collection Set: 4.3ms
[2025-03-28T19:55:02.443+0530][gc,phases   ] GC(464)   Post Evacuate Collection Set: 0.7ms
[2025-03-28T19:55:02.443+0530][gc,phases   ] GC(464)   Other: 0.1ms
[2025-03-28T19:55:02.443+0530][gc,heap     ] GC(464) Eden regions: 49->0(48)
[2025-03-28T19:55:02.443+0530][gc,heap     ] GC(464) Survivor regions: 2->3(7)
[2025-03-28T19:55:02.443+0530][gc,heap     ] GC(464) Old regions: 108->96
[2025-03-28T19:55:02.443+0530][gc,heap     ] GC(464) Archive regions: 2->2
[2025-03-28T19:55:02.443+0530][gc,heap     ] GC(464) Humongous regions: 140->138
[2025-03-28T19:55:02.443+0530][gc,metaspace] GC(464) Metaspace: 53169K(53824K)->53169K(53824K) NonClass: 47152K(47488K)->47152K(47488K) Class: 6017K(6336K)->6017K(6336K)
[2025-03-28T19:55:02.443+0530][gc          ] GC(464) Pause Young (Mixed) (G1 Evacuation Pause) 299M->237M(1024M) 5.503ms
[2025-03-28T19:55:02.443+0530][gc,cpu      ] GC(464) User=0.01s Sys=0.01s Real=0.01s
[2025-03-28T19:55:02.574+0530][gc,start    ] GC(465) Pause Young (Mixed) (G1 Evacuation Pause)
[2025-03-28T19:55:02.574+0530][gc,task     ] GC(465) Using 2 workers of 2 for evacuation
[2025-03-28T19:55:02.581+0530][gc,phases   ] GC(465)   Pre Evacuate Collection Set: 0.2ms
[2025-03-28T19:55:02.581+0530][gc,phases   ] GC(465)   Merge Heap Roots: 0.1ms
[2025-03-28T19:55:02.581+0530][gc,phases   ] GC(465)   Evacuate Collection Set: 6.0ms
[2025-03-28T19:55:02.581+0530][gc,phases   ] GC(465)   Post Evacuate Collection Set: 0.8ms
[2025-03-28T19:55:02.581+0530][gc,phases   ] GC(465)   Other: 0.2ms
[2025-03-28T19:55:02.581+0530][gc,heap     ] GC(465) Eden regions: 48->0(48)
[2025-03-28T19:55:02.581+0530][gc,heap     ] GC(465) Survivor regions: 3->3(7)
[2025-03-28T19:55:02.581+0530][gc,heap     ] GC(465) Old regions: 96->89
[2025-03-28T19:55:02.581+0530][gc,heap     ] GC(465) Archive regions: 2->2
[2025-03-28T19:55:02.581+0530][gc,heap     ] GC(465) Humongous regions: 140->140
[2025-03-28T19:55:02.581+0530][gc,metaspace] GC(465) Metaspace: 53169K(53824K)->53169K(53824K) NonClass: 47152K(47488K)->47152K(47488K) Class: 6017K(6336K)->6017K(6336K)
[2025-03-28T19:55:02.582+0530][gc          ] GC(465) Pause Young (Mixed) (G1 Evacuation Pause) 287M->231M(1024M) 7.395ms
[2025-03-28T19:55:02.582+0530][gc,cpu      ] GC(465) User=0.01s Sys=0.00s Real=0.01s
[2025-03-28T19:55:08.407+0530][gc,start    ] GC(466) Pause Young (Normal) (G1 Evacuation Pause)
[2025-03-28T19:55:08.407+0530][gc,task     ] GC(466) Using 2 workers of 2 for evacuation
[2025-03-28T19:55:08.412+0530][gc,phases   ] GC(466)   Pre Evacuate Collection Set: 0.3ms
[2025-03-28T19:55:08.412+0530][gc,phases   ] GC(466)   Merge Heap Roots: 0.1ms
[2025-03-28T19:55:08.412+0530][gc,phases   ] GC(466)   Evacuate Collection Set: 4.1ms
[2025-03-28T19:55:08.412+0530][gc,phases   ] GC(466)   Post Evacuate Collection Set: 0.7ms
[2025-03-28T19:55:08.412+0530][gc,phases   ] GC(466)   Other: 0.3ms
[2025-03-28T19:55:08.412+0530][gc,heap     ] GC(466) Eden regions: 48->0(49)
[2025-03-28T19:55:08.412+0530][gc,heap     ] GC(466) Survivor regions: 3->2(7)
[2025-03-28T19:55:08.412+0530][gc,heap     ] GC(466) Old regions: 89->89
[2025-03-28T19:55:08.412+0530][gc,heap     ] GC(466) Archive regions: 2->2
[2025-03-28T19:55:08.412+0530][gc,heap     ] GC(466) Humongous regions: 140->138
[2025-03-28T19:55:08.412+0530][gc,metaspace] GC(466) Metaspace: 53169K(53824K)->53169K(53824K) NonClass: 47152K(47488K)->47152K(47488K) Class: 6017K(6336K)->6017K(6336K)
[2025-03-28T19:55:08.412+0530][gc          ] GC(466) Pause Young (Normal) (G1 Evacuation Pause) 279M->228M(1024M) 5.608ms
[2025-03-28T19:55:08.412+0530][gc,cpu      ] GC(466) User=0.01s Sys=0.00s Real=0.00s
[2025-03-28T19:55:08.541+0530][gc,start    ] GC(467) Pause Young (Normal) (G1 Evacuation Pause)
[2025-03-28T19:55:08.541+0530][gc,task     ] GC(467) Using 2 workers of 2 for evacuation
[2025-03-28T19:55:08.548+0530][gc,phases   ] GC(467)   Pre Evacuate Collection Set: 0.2ms
[2025-03-28T19:55:08.548+0530][gc,phases   ] GC(467)   Merge Heap Roots: 0.1ms
[2025-03-28T19:55:08.548+0530][gc,phases   ] GC(467)   Evacuate Collection Set: 6.5ms
[2025-03-28T19:55:08.548+0530][gc,phases   ] GC(467)   Post Evacuate Collection Set: 0.5ms
[2025-03-28T19:55:08.548+0530][gc,phases   ] GC(467)   Other: 0.1ms
[2025-03-28T19:55:08.548+0530][gc,heap     ] GC(467) Eden regions: 49->0(44)
[2025-03-28T19:55:08.548+0530][gc,heap     ] GC(467) Survivor regions: 2->7(7)
[2025-03-28T19:55:08.548+0530][gc,heap     ] GC(467) Old regions: 89->89
[2025-03-28T19:55:08.548+0530][gc,heap     ] GC(467) Archive regions: 2->2
[2025-03-28T19:55:08.548+0530][gc,heap     ] GC(467) Humongous regions: 138->138
[2025-03-28T19:55:08.548+0530][gc,metaspace] GC(467) Metaspace: 53169K(53824K)->53169K(53824K) NonClass: 47152K(47488K)->47152K(47488K) Class: 6017K(6336K)->6017K(6336K)
[2025-03-28T19:55:08.548+0530][gc          ] GC(467) Pause Young (Normal) (G1 Evacuation Pause) 277M->234M(1024M) 7.424ms
[2025-03-28T19:55:08.548+0530][gc,cpu      ] GC(467) User=0.01s Sys=0.00s Real=0.00s
[2025-03-28T19:55:08.665+0530][gc,start    ] GC(468) Pause Young (Normal) (G1 Evacuation Pause)
[2025-03-28T19:55:08.665+0530][gc,task     ] GC(468) Using 2 workers of 2 for evacuation
[2025-03-28T19:55:08.670+0530][gc,phases   ] GC(468)   Pre Evacuate Collection Set: 0.2ms
[2025-03-28T19:55:08.670+0530][gc,phases   ] GC(468)   Merge Heap Roots: 0.1ms
[2025-03-28T19:55:08.670+0530][gc,phases   ] GC(468)   Evacuate Collection Set: 4.0ms
[2025-03-28T19:55:08.670+0530][gc,phases   ] GC(468)   Post Evacuate Collection Set: 0.5ms
[2025-03-28T19:55:08.670+0530][gc,phases   ] GC(468)   Other: 0.2ms
[2025-03-28T19:55:08.670+0530][gc,heap     ] GC(468) Eden regions: 44->0(56)
[2025-03-28T19:55:08.670+0530][gc,heap     ] GC(468) Survivor regions: 7->1(7)
[2025-03-28T19:55:08.670+0530][gc,heap     ] GC(468) Old regions: 89->90
[2025-03-28T19:55:08.670+0530][gc,heap     ] GC(468) Archive regions: 2->2
[2025-03-28T19:55:08.670+0530][gc,heap     ] GC(468) Humongous regions: 140->140
[2025-03-28T19:55:08.670+0530][gc,metaspace] GC(468) Metaspace: 53169K(53824K)->53169K(53824K) NonClass: 47152K(47488K)->47152K(47488K) Class: 6017K(6336K)->6017K(6336K)
[2025-03-28T19:55:08.670+0530][gc          ] GC(468) Pause Young (Normal) (G1 Evacuation Pause) 280M->231M(1024M) 5.032ms
[2025-03-28T19:55:08.670+0530][gc,cpu      ] GC(468) User=0.01s Sys=0.00s Real=0.01s
[2025-03-28T19:55:12.450+0530][gc,start    ] GC(469) Pause Young (Normal) (G1 Evacuation Pause)
[2025-03-28T19:55:12.450+0530][gc,task     ] GC(469) Using 2 workers of 2 for evacuation
[2025-03-28T19:55:12.468+0530][gc,phases   ] GC(469)   Pre Evacuate Collection Set: 0.2ms
[2025-03-28T19:55:12.468+0530][gc,phases   ] GC(469)   Merge Heap Roots: 0.1ms
[2025-03-28T19:55:12.468+0530][gc,phases   ] GC(469)   Evacuate Collection Set: 16.4ms
[2025-03-28T19:55:12.468+0530][gc,phases   ] GC(469)   Post Evacuate Collection Set: 0.8ms
[2025-03-28T19:55:12.468+0530][gc,phases   ] GC(469)   Other: 0.2ms
[2025-03-28T19:55:12.468+0530][gc,heap     ] GC(469) Eden regions: 56->0(44)
[2025-03-28T19:55:12.468+0530][gc,heap     ] GC(469) Survivor regions: 1->7(8)
[2025-03-28T19:55:12.468+0530][gc,heap     ] GC(469) Old regions: 90->90
[2025-03-28T19:55:12.468+0530][gc,heap     ] GC(469) Archive regions: 2->2
[2025-03-28T19:55:12.468+0530][gc,heap     ] GC(469) Humongous regions: 140->138
[2025-03-28T19:55:12.468+0530][gc,metaspace] GC(469) Metaspace: 53169K(53824K)->53169K(53824K) NonClass: 47152K(47488K)->47152K(47488K) Class: 6017K(6336K)->6017K(6336K)
[2025-03-28T19:55:12.468+0530][gc          ] GC(469) Pause Young (Normal) (G1 Evacuation Pause) 287M->234M(1024M) 17.730ms
[2025-03-28T19:55:12.468+0530][gc,cpu      ] GC(469) User=0.01s Sys=0.00s Real=0.02s
[2025-03-28T19:55:12.585+0530][gc,start    ] GC(470) Pause Young (Normal) (G1 Evacuation Pause)
[2025-03-28T19:55:12.585+0530][gc,task     ] GC(470) Using 2 workers of 2 for evacuation
[2025-03-28T19:55:12.600+0530][gc,phases   ] GC(470)   Pre Evacuate Collection Set: 0.3ms
[2025-03-28T19:55:12.600+0530][gc,phases   ] GC(470)   Merge Heap Roots: 0.2ms
[2025-03-28T19:55:12.600+0530][gc,phases   ] GC(470)   Evacuate Collection Set: 14.3ms
[2025-03-28T19:55:12.600+0530][gc,phases   ] GC(470)   Post Evacuate Collection Set: 0.4ms
[2025-03-28T19:55:12.600+0530][gc,phases   ] GC(470)   Other: 0.1ms
[2025-03-28T19:55:12.600+0530][gc,heap     ] GC(470) Eden regions: 44->0(49)
[2025-03-28T19:55:12.600+0530][gc,heap     ] GC(470) Survivor regions: 7->2(7)
[2025-03-28T19:55:12.600+0530][gc,heap     ] GC(470) Old regions: 90->91
[2025-03-28T19:55:12.600+0530][gc,heap     ] GC(470) Archive regions: 2->2
[2025-03-28T19:55:12.600+0530][gc,heap     ] GC(470) Humongous regions: 140->140
[2025-03-28T19:55:12.600+0530][gc,metaspace] GC(470) Metaspace: 53169K(53824K)->53169K(53824K) NonClass: 47152K(47488K)->47152K(47488K) Class: 6017K(6336K)->6017K(6336K)
[2025-03-28T19:55:12.600+0530][gc          ] GC(470) Pause Young (Normal) (G1 Evacuation Pause) 280M->233M(1024M) 15.394ms
[2025-03-28T19:55:12.600+0530][gc,cpu      ] GC(470) User=0.01s Sys=0.00s Real=0.02s
[2025-03-28T19:55:18.652+0530][gc,start    ] GC(471) Pause Young (Normal) (G1 Evacuation Pause)
[2025-03-28T19:55:18.652+0530][gc,task     ] GC(471) Using 2 workers of 2 for evacuation
[2025-03-28T19:55:18.664+0530][gc,phases   ] GC(471)   Pre Evacuate Collection Set: 0.1ms
[2025-03-28T19:55:18.664+0530][gc,phases   ] GC(471)   Merge Heap Roots: 0.1ms
[2025-03-28T19:55:18.664+0530][gc,phases   ] GC(471)   Evacuate Collection Set: 11.1ms
[2025-03-28T19:55:18.664+0530][gc,phases   ] GC(471)   Post Evacuate Collection Set: 0.5ms
[2025-03-28T19:55:18.664+0530][gc,phases   ] GC(471)   Other: 0.2ms
[2025-03-28T19:55:18.664+0530][gc,heap     ] GC(471) Eden regions: 49->0(49)
[2025-03-28T19:55:18.664+0530][gc,heap     ] GC(471) Survivor regions: 2->5(7)
[2025-03-28T19:55:18.664+0530][gc,heap     ] GC(471) Old regions: 91->91
[2025-03-28T19:55:18.664+0530][gc,heap     ] GC(471) Archive regions: 2->2
[2025-03-28T19:55:18.664+0530][gc,heap     ] GC(471) Humongous regions: 140->138
[2025-03-28T19:55:18.664+0530][gc,metaspace] GC(471) Metaspace: 53187K(53824K)->53187K(53824K) NonClass: 47170K(47488K)->47170K(47488K) Class: 6017K(6336K)->6017K(6336K)
[2025-03-28T19:55:18.664+0530][gc          ] GC(471) Pause Young (Normal) (G1 Evacuation Pause) 282M->234M(1024M) 12.027ms
[2025-03-28T19:55:18.664+0530][gc,cpu      ] GC(471) User=0.01s Sys=0.00s Real=0.01s
[2025-03-28T19:55:18.756+0530][gc,start    ] GC(472) Pause Young (Normal) (G1 Evacuation Pause)
[2025-03-28T19:55:18.756+0530][gc,task     ] GC(472) Using 2 workers of 2 for evacuation
[2025-03-28T19:55:18.781+0530][gc,mmu      ] GC(472) MMU target violated: 21.0ms (20.0ms/21.0ms)
[2025-03-28T19:55:18.781+0530][gc,phases   ] GC(472)   Pre Evacuate Collection Set: 0.1ms
[2025-03-28T19:55:18.781+0530][gc,phases   ] GC(472)   Merge Heap Roots: 0.1ms
[2025-03-28T19:55:18.781+0530][gc,phases   ] GC(472)   Evacuate Collection Set: 23.4ms
[2025-03-28T19:55:18.781+0530][gc,phases   ] GC(472)   Post Evacuate Collection Set: 0.3ms
[2025-03-28T19:55:18.781+0530][gc,phases   ] GC(472)   Other: 0.7ms
[2025-03-28T19:55:18.781+0530][gc,heap     ] GC(472) Eden regions: 49->0(49)
[2025-03-28T19:55:18.781+0530][gc,heap     ] GC(472) Survivor regions: 5->2(7)
[2025-03-28T19:55:18.781+0530][gc,heap     ] GC(472) Old regions: 91->92
[2025-03-28T19:55:18.781+0530][gc,heap     ] GC(472) Archive regions: 2->2
[2025-03-28T19:55:18.781+0530][gc,heap     ] GC(472) Humongous regions: 140->140
[2025-03-28T19:55:18.781+0530][gc,metaspace] GC(472) Metaspace: 53187K(53824K)->53187K(53824K) NonClass: 47170K(47488K)->47170K(47488K) Class: 6017K(6336K)->6017K(6336K)
[2025-03-28T19:55:18.781+0530][gc          ] GC(472) Pause Young (Normal) (G1 Evacuation Pause) 285M->234M(1024M) 24.786ms
[2025-03-28T19:55:18.781+0530][gc,cpu      ] GC(472) User=0.01s Sys=0.00s Real=0.03s
[2025-03-28T19:55:22.431+0530][gc,start    ] GC(473) Pause Young (Normal) (G1 Evacuation Pause)
[2025-03-28T19:55:22.431+0530][gc,task     ] GC(473) Using 2 workers of 2 for evacuation
[2025-03-28T19:55:22.437+0530][gc,phases   ] GC(473)   Pre Evacuate Collection Set: 0.2ms
[2025-03-28T19:55:22.437+0530][gc,phases   ] GC(473)   Merge Heap Roots: 0.1ms
[2025-03-28T19:55:22.437+0530][gc,phases   ] GC(473)   Evacuate Collection Set: 4.8ms
[2025-03-28T19:55:22.437+0530][gc,phases   ] GC(473)   Post Evacuate Collection Set: 0.7ms
[2025-03-28T19:55:22.437+0530][gc,phases   ] GC(473)   Other: 0.2ms
[2025-03-28T19:55:22.437+0530][gc,heap     ] GC(473) Eden regions: 49->0(47)
[2025-03-28T19:55:22.437+0530][gc,heap     ] GC(473) Survivor regions: 2->4(7)
[2025-03-28T19:55:22.437+0530][gc,heap     ] GC(473) Old regions: 92->92
[2025-03-28T19:55:22.437+0530][gc,heap     ] GC(473) Archive regions: 2->2
[2025-03-28T19:55:22.437+0530][gc,heap     ] GC(473) Humongous regions: 140->138
[2025-03-28T19:55:22.437+0530][gc,metaspace] GC(473) Metaspace: 53188K(53824K)->53188K(53824K) NonClass: 47170K(47488K)->47170K(47488K) Class: 6017K(6336K)->6017K(6336K)
[2025-03-28T19:55:22.437+0530][gc          ] GC(473) Pause Young (Normal) (G1 Evacuation Pause) 283M->233M(1024M) 6.109ms
[2025-03-28T19:55:22.437+0530][gc,cpu      ] GC(473) User=0.01s Sys=0.00s Real=0.01s
[2025-03-28T19:55:22.536+0530][gc,start    ] GC(474) Pause Young (Normal) (G1 Evacuation Pause)
[2025-03-28T19:55:22.536+0530][gc,task     ] GC(474) Using 2 workers of 2 for evacuation
[2025-03-28T19:55:22.561+0530][gc,mmu      ] GC(474) MMU target violated: 21.0ms (20.0ms/21.0ms)
[2025-03-28T19:55:22.561+0530][gc,phases   ] GC(474)   Pre Evacuate Collection Set: 0.1ms
[2025-03-28T19:55:22.561+0530][gc,phases   ] GC(474)   Merge Heap Roots: 0.1ms
[2025-03-28T19:55:22.561+0530][gc,phases   ] GC(474)   Evacuate Collection Set: 24.4ms
[2025-03-28T19:55:22.561+0530][gc,phases   ] GC(474)   Post Evacuate Collection Set: 0.7ms
[2025-03-28T19:55:22.561+0530][gc,phases   ] GC(474)   Other: 0.3ms
[2025-03-28T19:55:22.561+0530][gc,heap     ] GC(474) Eden regions: 47->0(48)
[2025-03-28T19:55:22.561+0530][gc,heap     ] GC(474) Survivor regions: 4->3(7)
[2025-03-28T19:55:22.561+0530][gc,heap     ] GC(474) Old regions: 92->92
[2025-03-28T19:55:22.561+0530][gc,heap     ] GC(474) Archive regions: 2->2
[2025-03-28T19:55:22.561+0530][gc,heap     ] GC(474) Humongous regions: 140->140
[2025-03-28T19:55:22.561+0530][gc,metaspace] GC(474) Metaspace: 53188K(53824K)->53188K(53824K) NonClass: 47170K(47488K)->47170K(47488K) Class: 6017K(6336K)->6017K(6336K)
[2025-03-28T19:55:22.561+0530][gc          ] GC(474) Pause Young (Normal) (G1 Evacuation Pause) 282M->235M(1024M) 25.708ms
[2025-03-28T19:55:22.561+0530][gc,cpu      ] GC(474) User=0.03s Sys=0.01s Real=0.04s
[2025-03-28T19:55:28.563+0530][gc,start    ] GC(475) Pause Young (Normal) (G1 Evacuation Pause)
[2025-03-28T19:55:28.563+0530][gc,task     ] GC(475) Using 2 workers of 2 for evacuation
[2025-03-28T19:55:28.573+0530][gc,phases   ] GC(475)   Pre Evacuate Collection Set: 0.4ms
[2025-03-28T19:55:28.573+0530][gc,phases   ] GC(475)   Merge Heap Roots: 0.3ms
[2025-03-28T19:55:28.573+0530][gc,phases   ] GC(475)   Evacuate Collection Set: 8.2ms
[2025-03-28T19:55:28.573+0530][gc,phases   ] GC(475)   Post Evacuate Collection Set: 1.1ms
[2025-03-28T19:55:28.573+0530][gc,phases   ] GC(475)   Other: 0.5ms
[2025-03-28T19:55:28.573+0530][gc,heap     ] GC(475) Eden regions: 48->0(49)
[2025-03-28T19:55:28.573+0530][gc,heap     ] GC(475) Survivor regions: 3->2(7)
[2025-03-28T19:55:28.573+0530][gc,heap     ] GC(475) Old regions: 92->92
[2025-03-28T19:55:28.573+0530][gc,heap     ] GC(475) Archive regions: 2->2
[2025-03-28T19:55:28.573+0530][gc,heap     ] GC(475) Humongous regions: 140->138
[2025-03-28T19:55:28.573+0530][gc,metaspace] GC(475) Metaspace: 53189K(53824K)->53189K(53824K) NonClass: 47171K(47488K)->47171K(47488K) Class: 6017K(6336K)->6017K(6336K)
[2025-03-28T19:55:28.573+0530][gc          ] GC(475) Pause Young (Normal) (G1 Evacuation Pause) 283M->232M(1024M) 10.632ms
[2025-03-28T19:55:28.573+0530][gc,cpu      ] GC(475) User=0.01s Sys=0.00s Real=0.01s
[2025-03-28T19:55:28.700+0530][gc,start    ] GC(476) Pause Young (Normal) (G1 Evacuation Pause)
[2025-03-28T19:55:28.700+0530][gc,task     ] GC(476) Using 2 workers of 2 for evacuation
[2025-03-28T19:55:28.723+0530][gc,mmu      ] GC(476) MMU target violated: 21.0ms (20.0ms/21.0ms)
[2025-03-28T19:55:28.723+0530][gc,phases   ] GC(476)   Pre Evacuate Collection Set: 0.2ms
[2025-03-28T19:55:28.723+0530][gc,phases   ] GC(476)   Merge Heap Roots: 0.1ms
[2025-03-28T19:55:28.723+0530][gc,phases   ] GC(476)   Evacuate Collection Set: 21.4ms
[2025-03-28T19:55:28.723+0530][gc,phases   ] GC(476)   Post Evacuate Collection Set: 0.5ms
[2025-03-28T19:55:28.723+0530][gc,phases   ] GC(476)   Other: 0.2ms
[2025-03-28T19:55:28.723+0530][gc,heap     ] GC(476) Eden regions: 49->0(44)
[2025-03-28T19:55:28.723+0530][gc,heap     ] GC(476) Survivor regions: 2->7(7)
[2025-03-28T19:55:28.723+0530][gc,heap     ] GC(476) Old regions: 92->92
[2025-03-28T19:55:28.723+0530][gc,heap     ] GC(476) Archive regions: 2->2
[2025-03-28T19:55:28.723+0530][gc,heap     ] GC(476) Humongous regions: 138->138
[2025-03-28T19:55:28.723+0530][gc,metaspace] GC(476) Metaspace: 53189K(53824K)->53189K(53824K) NonClass: 47171K(47488K)->47171K(47488K) Class: 6017K(6336K)->6017K(6336K)
[2025-03-28T19:55:28.723+0530][gc          ] GC(476) Pause Young (Normal) (G1 Evacuation Pause) 281M->237M(1024M) 22.401ms
[2025-03-28T19:55:28.723+0530][gc,cpu      ] GC(476) User=0.02s Sys=0.00s Real=0.03s
[2025-03-28T19:55:28.801+0530][gc,start    ] GC(477) Pause Young (Normal) (G1 Evacuation Pause)
[2025-03-28T19:55:28.801+0530][gc,task     ] GC(477) Using 2 workers of 2 for evacuation
[2025-03-28T19:55:28.840+0530][gc,mmu      ] GC(477) MMU target violated: 21.0ms (20.0ms/21.0ms)
[2025-03-28T19:55:28.840+0530][gc,phases   ] GC(477)   Pre Evacuate Collection Set: 0.2ms
[2025-03-28T19:55:28.840+0530][gc,phases   ] GC(477)   Merge Heap Roots: 0.2ms
[2025-03-28T19:55:28.840+0530][gc,phases   ] GC(477)   Evacuate Collection Set: 37.8ms
[2025-03-28T19:55:28.840+0530][gc,phases   ] GC(477)   Post Evacuate Collection Set: 0.4ms
[2025-03-28T19:55:28.840+0530][gc,phases   ] GC(477)   Other: 0.2ms
[2025-03-28T19:55:28.840+0530][gc,heap     ] GC(477) Eden regions: 44->0(49)
[2025-03-28T19:55:28.840+0530][gc,heap     ] GC(477) Survivor regions: 7->2(7)
[2025-03-28T19:55:28.840+0530][gc,heap     ] GC(477) Old regions: 92->99
[2025-03-28T19:55:28.840+0530][gc,heap     ] GC(477) Archive regions: 2->2
[2025-03-28T19:55:28.840+0530][gc,heap     ] GC(477) Humongous regions: 140->140
[2025-03-28T19:55:28.840+0530][gc,metaspace] GC(477) Metaspace: 53189K(53824K)->53189K(53824K) NonClass: 47171K(47488K)->47171K(47488K) Class: 6017K(6336K)->6017K(6336K)
[2025-03-28T19:55:28.840+0530][gc          ] GC(477) Pause Young (Normal) (G1 Evacuation Pause) 283M->241M(1024M) 38.856ms
[2025-03-28T19:55:28.840+0530][gc,cpu      ] GC(477) User=0.02s Sys=0.00s Real=0.04s
[2025-03-28T19:55:32.531+0530][gc,start    ] GC(478) Pause Young (Normal) (G1 Evacuation Pause)
[2025-03-28T19:55:32.531+0530][gc,task     ] GC(478) Using 2 workers of 2 for evacuation
[2025-03-28T19:55:32.571+0530][gc,mmu      ] GC(478) MMU target violated: 21.0ms (20.0ms/21.0ms)
[2025-03-28T19:55:32.572+0530][gc,phases   ] GC(478)   Pre Evacuate Collection Set: 0.4ms
[2025-03-28T19:55:32.572+0530][gc,phases   ] GC(478)   Merge Heap Roots: 0.1ms
[2025-03-28T19:55:32.572+0530][gc,phases   ] GC(478)   Evacuate Collection Set: 39.6ms
[2025-03-28T19:55:32.572+0530][gc,phases   ] GC(478)   Post Evacuate Collection Set: 0.5ms
[2025-03-28T19:55:32.572+0530][gc,phases   ] GC(478)   Other: 0.3ms
[2025-03-28T19:55:32.572+0530][gc,heap     ] GC(478) Eden regions: 49->0(45)
[2025-03-28T19:55:32.572+0530][gc,heap     ] GC(478) Survivor regions: 2->6(7)
[2025-03-28T19:55:32.572+0530][gc,heap     ] GC(478) Old regions: 99->99
[2025-03-28T19:55:32.572+0530][gc,heap     ] GC(478) Archive regions: 2->2
[2025-03-28T19:55:32.572+0530][gc,heap     ] GC(478) Humongous regions: 140->138
[2025-03-28T19:55:32.572+0530][gc,metaspace] GC(478) Metaspace: 53189K(53824K)->53189K(53824K) NonClass: 47172K(47488K)->47172K(47488K) Class: 6017K(6336K)->6017K(6336K)
[2025-03-28T19:55:32.572+0530][gc          ] GC(478) Pause Young (Normal) (G1 Evacuation Pause) 290M->243M(1024M) 40.933ms
[2025-03-28T19:55:32.572+0530][gc,cpu      ] GC(478) User=0.01s Sys=0.00s Real=0.04s
[2025-03-28T19:55:32.715+0530][gc,start    ] GC(479) Pause Young (Normal) (G1 Evacuation Pause)
[2025-03-28T19:55:32.715+0530][gc,task     ] GC(479) Using 2 workers of 2 for evacuation
[2025-03-28T19:55:32.723+0530][gc,phases   ] GC(479)   Pre Evacuate Collection Set: 0.3ms
[2025-03-28T19:55:32.723+0530][gc,phases   ] GC(479)   Merge Heap Roots: 0.2ms
[2025-03-28T19:55:32.723+0530][gc,phases   ] GC(479)   Evacuate Collection Set: 6.6ms
[2025-03-28T19:55:32.723+0530][gc,phases   ] GC(479)   Post Evacuate Collection Set: 0.3ms
[2025-03-28T19:55:32.723+0530][gc,phases   ] GC(479)   Other: 0.1ms
[2025-03-28T19:55:32.723+0530][gc,heap     ] GC(479) Eden regions: 45->0(49)
[2025-03-28T19:55:32.723+0530][gc,heap     ] GC(479) Survivor regions: 6->2(7)
[2025-03-28T19:55:32.723+0530][gc,heap     ] GC(479) Old regions: 99->100
[2025-03-28T19:55:32.723+0530][gc,heap     ] GC(479) Archive regions: 2->2
[2025-03-28T19:55:32.723+0530][gc,heap     ] GC(479) Humongous regions: 140->140
[2025-03-28T19:55:32.723+0530][gc,metaspace] GC(479) Metaspace: 53189K(53824K)->53189K(53824K) NonClass: 47172K(47488K)->47172K(47488K) Class: 6017K(6336K)->6017K(6336K)
[2025-03-28T19:55:32.723+0530][gc          ] GC(479) Pause Young (Normal) (G1 Evacuation Pause) 290M->242M(1024M) 7.635ms
[2025-03-28T19:55:32.723+0530][gc,cpu      ] GC(479) User=0.01s Sys=0.00s Real=0.00s
[2025-03-28T19:55:38.551+0530][gc,start    ] GC(480) Pause Young (Normal) (G1 Evacuation Pause)
[2025-03-28T19:55:38.551+0530][gc,task     ] GC(480) Using 2 workers of 2 for evacuation
[2025-03-28T19:55:38.567+0530][gc,phases   ] GC(480)   Pre Evacuate Collection Set: 0.2ms
[2025-03-28T19:55:38.567+0530][gc,phases   ] GC(480)   Merge Heap Roots: 0.1ms
[2025-03-28T19:55:38.567+0530][gc,phases   ] GC(480)   Evacuate Collection Set: 15.3ms
[2025-03-28T19:55:38.567+0530][gc,phases   ] GC(480)   Post Evacuate Collection Set: 0.5ms
[2025-03-28T19:55:38.567+0530][gc,phases   ] GC(480)   Other: 0.1ms
[2025-03-28T19:55:38.567+0530][gc,heap     ] GC(480) Eden regions: 49->0(47)
[2025-03-28T19:55:38.567+0530][gc,heap     ] GC(480) Survivor regions: 2->4(7)
[2025-03-28T19:55:38.567+0530][gc,heap     ] GC(480) Old regions: 100->100
[2025-03-28T19:55:38.567+0530][gc,heap     ] GC(480) Archive regions: 2->2
[2025-03-28T19:55:38.567+0530][gc,heap     ] GC(480) Humongous regions: 140->138
[2025-03-28T19:55:38.567+0530][gc,metaspace] GC(480) Metaspace: 53196K(53888K)->53196K(53888K) NonClass: 47179K(47552K)->47179K(47552K) Class: 6017K(6336K)->6017K(6336K)
[2025-03-28T19:55:38.567+0530][gc          ] GC(480) Pause Young (Normal) (G1 Evacuation Pause) 291M->242M(1024M) 16.408ms
[2025-03-28T19:55:38.567+0530][gc,cpu      ] GC(480) User=0.01s Sys=0.00s Real=0.02s
[2025-03-28T19:55:38.748+0530][gc,start    ] GC(481) Pause Young (Normal) (G1 Evacuation Pause)
[2025-03-28T19:55:38.748+0530][gc,task     ] GC(481) Using 2 workers of 2 for evacuation
[2025-03-28T19:55:38.757+0530][gc,phases   ] GC(481)   Pre Evacuate Collection Set: 0.2ms
[2025-03-28T19:55:38.757+0530][gc,phases   ] GC(481)   Merge Heap Roots: 0.1ms
[2025-03-28T19:55:38.757+0530][gc,phases   ] GC(481)   Evacuate Collection Set: 6.0ms
[2025-03-28T19:55:38.757+0530][gc,phases   ] GC(481)   Post Evacuate Collection Set: 2.7ms
[2025-03-28T19:55:38.757+0530][gc,phases   ] GC(481)   Other: 0.1ms
[2025-03-28T19:55:38.757+0530][gc,heap     ] GC(481) Eden regions: 47->0(81)
[2025-03-28T19:55:38.757+0530][gc,heap     ] GC(481) Survivor regions: 4->2(7)
[2025-03-28T19:55:38.757+0530][gc,heap     ] GC(481) Old regions: 100->101
[2025-03-28T19:55:38.757+0530][gc,heap     ] GC(481) Archive regions: 2->2
[2025-03-28T19:55:38.757+0530][gc,heap     ] GC(481) Humongous regions: 140->140
[2025-03-28T19:55:38.757+0530][gc,metaspace] GC(481) Metaspace: 53196K(53888K)->53196K(53888K) NonClass: 47179K(47552K)->47179K(47552K) Class: 6017K(6336K)->6017K(6336K)
[2025-03-28T19:55:38.757+0530][gc          ] GC(481) Pause Young (Normal) (G1 Evacuation Pause) 291M->243M(1024M) 9.150ms
[2025-03-28T19:55:38.757+0530][gc,cpu      ] GC(481) User=0.01s Sys=0.00s Real=0.02s
[2025-03-28T19:55:42.455+0530][gc,start    ] GC(482) Pause Young (Normal) (G1 Evacuation Pause)
[2025-03-28T19:55:42.455+0530][gc,task     ] GC(482) Using 2 workers of 2 for evacuation
[2025-03-28T19:55:42.468+0530][gc,phases   ] GC(482)   Pre Evacuate Collection Set: 0.1ms
[2025-03-28T19:55:42.468+0530][gc,phases   ] GC(482)   Merge Heap Roots: 0.1ms
[2025-03-28T19:55:42.468+0530][gc,phases   ] GC(482)   Evacuate Collection Set: 12.2ms
[2025-03-28T19:55:42.468+0530][gc,phases   ] GC(482)   Post Evacuate Collection Set: 0.5ms
[2025-03-28T19:55:42.468+0530][gc,phases   ] GC(482)   Other: 0.1ms
[2025-03-28T19:55:42.468+0530][gc,heap     ] GC(482) Eden regions: 81->0(46)
[2025-03-28T19:55:42.468+0530][gc,heap     ] GC(482) Survivor regions: 2->7(11)
[2025-03-28T19:55:42.468+0530][gc,heap     ] GC(482) Old regions: 101->101
[2025-03-28T19:55:42.468+0530][gc,heap     ] GC(482) Archive regions: 2->2
[2025-03-28T19:55:42.468+0530][gc,heap     ] GC(482) Humongous regions: 140->138
[2025-03-28T19:55:42.468+0530][gc,metaspace] GC(482) Metaspace: 53199K(53888K)->53199K(53888K) NonClass: 47181K(47552K)->47181K(47552K) Class: 6017K(6336K)->6017K(6336K)
[2025-03-28T19:55:42.468+0530][gc          ] GC(482) Pause Young (Normal) (G1 Evacuation Pause) 324M->245M(1024M) 13.147ms
[2025-03-28T19:55:42.468+0530][gc,cpu      ] GC(482) User=0.02s Sys=0.00s Real=0.02s
[2025-03-28T19:55:42.555+0530][gc,start    ] GC(483) Pause Young (Normal) (G1 Evacuation Pause)
[2025-03-28T19:55:42.555+0530][gc,task     ] GC(483) Using 2 workers of 2 for evacuation
[2025-03-28T19:55:42.559+0530][gc,phases   ] GC(483)   Pre Evacuate Collection Set: 0.2ms
[2025-03-28T19:55:42.559+0530][gc,phases   ] GC(483)   Merge Heap Roots: 0.1ms
[2025-03-28T19:55:42.559+0530][gc,phases   ] GC(483)   Evacuate Collection Set: 3.9ms
[2025-03-28T19:55:42.559+0530][gc,phases   ] GC(483)   Post Evacuate Collection Set: 0.4ms
[2025-03-28T19:55:42.559+0530][gc,phases   ] GC(483)   Other: 0.2ms
[2025-03-28T19:55:42.559+0530][gc,heap     ] GC(483) Eden regions: 46->0(153)
[2025-03-28T19:55:42.559+0530][gc,heap     ] GC(483) Survivor regions: 7->2(7)
[2025-03-28T19:55:42.559+0530][gc,heap     ] GC(483) Old regions: 101->102
[2025-03-28T19:55:42.559+0530][gc,heap     ] GC(483) Archive regions: 2->2
[2025-03-28T19:55:42.559+0530][gc,heap     ] GC(483) Humongous regions: 140->140
[2025-03-28T19:55:42.559+0530][gc,metaspace] GC(483) Metaspace: 53199K(53888K)->53199K(53888K) NonClass: 47181K(47552K)->47181K(47552K) Class: 6017K(6336K)->6017K(6336K)
[2025-03-28T19:55:42.559+0530][gc          ] GC(483) Pause Young (Normal) (G1 Evacuation Pause) 293M->244M(1024M) 4.773ms
[2025-03-28T19:55:42.559+0530][gc,cpu      ] GC(483) User=0.01s Sys=0.01s Real=0.00s
[2025-03-28T19:55:52.457+0530][gc,start    ] GC(484) Pause Young (Normal) (G1 Evacuation Pause)
[2025-03-28T19:55:52.457+0530][gc,task     ] GC(484) Using 2 workers of 2 for evacuation
[2025-03-28T19:55:52.474+0530][gc,phases   ] GC(484)   Pre Evacuate Collection Set: 0.3ms
[2025-03-28T19:55:52.474+0530][gc,phases   ] GC(484)   Merge Heap Roots: 0.1ms
[2025-03-28T19:55:52.474+0530][gc,phases   ] GC(484)   Evacuate Collection Set: 15.9ms
[2025-03-28T19:55:52.474+0530][gc,phases   ] GC(484)   Post Evacuate Collection Set: 0.6ms
[2025-03-28T19:55:52.474+0530][gc,phases   ] GC(484)   Other: 0.2ms
[2025-03-28T19:55:52.474+0530][gc,heap     ] GC(484) Eden regions: 153->0(215)
[2025-03-28T19:55:52.474+0530][gc,heap     ] GC(484) Survivor regions: 2->4(20)
[2025-03-28T19:55:52.474+0530][gc,heap     ] GC(484) Old regions: 102->102
[2025-03-28T19:55:52.474+0530][gc,heap     ] GC(484) Archive regions: 2->2
[2025-03-28T19:55:52.474+0530][gc,heap     ] GC(484) Humongous regions: 142->138
[2025-03-28T19:55:52.474+0530][gc,metaspace] GC(484) Metaspace: 53203K(53888K)->53203K(53888K) NonClass: 47185K(47552K)->47185K(47552K) Class: 6017K(6336K)->6017K(6336K)
[2025-03-28T19:55:52.474+0530][gc          ] GC(484) Pause Young (Normal) (G1 Evacuation Pause) 399M->244M(1024M) 17.311ms
[2025-03-28T19:55:52.474+0530][gc,cpu      ] GC(484) User=0.01s Sys=0.00s Real=0.01s
[2025-03-28T19:56:02.442+0530][gc,start    ] GC(485) Pause Young (Normal) (G1 Evacuation Pause)
[2025-03-28T19:56:02.442+0530][gc,task     ] GC(485) Using 2 workers of 2 for evacuation
[2025-03-28T19:56:02.451+0530][gc,phases   ] GC(485)   Pre Evacuate Collection Set: 0.2ms
[2025-03-28T19:56:02.451+0530][gc,phases   ] GC(485)   Merge Heap Roots: 0.1ms
[2025-03-28T19:56:02.451+0530][gc,phases   ] GC(485)   Evacuate Collection Set: 4.5ms
[2025-03-28T19:56:02.451+0530][gc,phases   ] GC(485)   Post Evacuate Collection Set: 4.0ms
[2025-03-28T19:56:02.451+0530][gc,phases   ] GC(485)   Other: 0.1ms
[2025-03-28T19:56:02.451+0530][gc,heap     ] GC(485) Eden regions: 214->0(305)
[2025-03-28T19:56:02.451+0530][gc,heap     ] GC(485) Survivor regions: 4->4(28)
[2025-03-28T19:56:02.451+0530][gc,heap     ] GC(485) Old regions: 102->102
[2025-03-28T19:56:02.451+0530][gc,heap     ] GC(485) Archive regions: 2->2
[2025-03-28T19:56:02.451+0530][gc,heap     ] GC(485) Humongous regions: 142->138
[2025-03-28T19:56:02.451+0530][gc,metaspace] GC(485) Metaspace: 53218K(53888K)->53218K(53888K) NonClass: 47200K(47552K)->47200K(47552K) Class: 6017K(6336K)->6017K(6336K)
[2025-03-28T19:56:02.451+0530][gc          ] GC(485) Pause Young (Normal) (G1 Evacuation Pause) 462M->244M(1024M) 8.985ms
[2025-03-28T19:56:02.451+0530][gc,cpu      ] GC(485) User=0.01s Sys=0.00s Real=0.01s
[2025-03-28T19:56:14.819+0530][gc,start    ] GC(486) Pause Young (Normal) (G1 Evacuation Pause)
[2025-03-28T19:56:14.819+0530][gc,task     ] GC(486) Using 2 workers of 2 for evacuation
[2025-03-28T19:56:14.862+0530][gc,mmu      ] GC(486) MMU target violated: 21.0ms (20.0ms/21.0ms)
[2025-03-28T19:56:14.862+0530][gc,phases   ] GC(486)   Pre Evacuate Collection Set: 0.3ms
[2025-03-28T19:56:14.862+0530][gc,phases   ] GC(486)   Merge Heap Roots: 0.2ms
[2025-03-28T19:56:14.862+0530][gc,phases   ] GC(486)   Evacuate Collection Set: 38.0ms
[2025-03-28T19:56:14.862+0530][gc,phases   ] GC(486)   Post Evacuate Collection Set: 4.6ms
[2025-03-28T19:56:14.862+0530][gc,phases   ] GC(486)   Other: 0.5ms
[2025-03-28T19:56:14.862+0530][gc,heap     ] GC(486) Eden regions: 293->0(48)
[2025-03-28T19:56:14.862+0530][gc,heap     ] GC(486) Survivor regions: 4->3(38)
[2025-03-28T19:56:14.862+0530][gc,heap     ] GC(486) Old regions: 102->102
[2025-03-28T19:56:14.862+0530][gc,heap     ] GC(486) Archive regions: 2->2
[2025-03-28T19:56:14.862+0530][gc,heap     ] GC(486) Humongous regions: 144->140
[2025-03-28T19:56:14.862+0530][gc,metaspace] GC(486) Metaspace: 53219K(53888K)->53219K(53888K) NonClass: 47201K(47552K)->47201K(47552K) Class: 6017K(6336K)->6017K(6336K)
[2025-03-28T19:56:14.862+0530][gc          ] GC(486) Pause Young (Normal) (G1 Evacuation Pause) 543M->245M(1024M) 43.691ms
[2025-03-28T19:56:14.862+0530][gc,cpu      ] GC(486) User=0.01s Sys=0.01s Real=0.04s
[2025-03-28T19:56:18.569+0530][gc,start    ] GC(487) Pause Young (Normal) (G1 Evacuation Pause)
[2025-03-28T19:56:18.569+0530][gc,task     ] GC(487) Using 2 workers of 2 for evacuation
[2025-03-28T19:56:18.586+0530][gc,phases   ] GC(487)   Pre Evacuate Collection Set: 0.3ms
[2025-03-28T19:56:18.586+0530][gc,phases   ] GC(487)   Merge Heap Roots: 0.2ms
[2025-03-28T19:56:18.586+0530][gc,phases   ] GC(487)   Evacuate Collection Set: 15.2ms
[2025-03-28T19:56:18.586+0530][gc,phases   ] GC(487)   Post Evacuate Collection Set: 0.4ms
[2025-03-28T19:56:18.586+0530][gc,phases   ] GC(487)   Other: 0.1ms
[2025-03-28T19:56:18.586+0530][gc,heap     ] GC(487) Eden regions: 48->0(45)
[2025-03-28T19:56:18.586+0530][gc,heap     ] GC(487) Survivor regions: 3->6(7)
[2025-03-28T19:56:18.586+0530][gc,heap     ] GC(487) Old regions: 102->102
[2025-03-28T19:56:18.586+0530][gc,heap     ] GC(487) Archive regions: 2->2
[2025-03-28T19:56:18.586+0530][gc,heap     ] GC(487) Humongous regions: 140->138
[2025-03-28T19:56:18.586+0530][gc,metaspace] GC(487) Metaspace: 53219K(53888K)->53219K(53888K) NonClass: 47201K(47552K)->47201K(47552K) Class: 6017K(6336K)->6017K(6336K)
[2025-03-28T19:56:18.586+0530][gc          ] GC(487) Pause Young (Normal) (G1 Evacuation Pause) 293M->246M(1024M) 16.445ms
[2025-03-28T19:56:18.586+0530][gc,cpu      ] GC(487) User=0.01s Sys=0.00s Real=0.01s
[2025-03-28T19:56:18.668+0530][gc,start    ] GC(488) Pause Young (Normal) (G1 Evacuation Pause)
[2025-03-28T19:56:18.668+0530][gc,task     ] GC(488) Using 2 workers of 2 for evacuation
[2025-03-28T19:56:18.688+0530][gc,mmu      ] GC(488) MMU target violated: 20.3ms (20.0ms/21.0ms)
[2025-03-28T19:56:18.689+0530][gc,phases   ] GC(488)   Pre Evacuate Collection Set: 0.1ms
[2025-03-28T19:56:18.689+0530][gc,phases   ] GC(488)   Merge Heap Roots: 0.1ms
[2025-03-28T19:56:18.689+0530][gc,phases   ] GC(488)   Evacuate Collection Set: 19.7ms
[2025-03-28T19:56:18.689+0530][gc,phases   ] GC(488)   Post Evacuate Collection Set: 0.4ms
[2025-03-28T19:56:18.689+0530][gc,phases   ] GC(488)   Other: 0.2ms
[2025-03-28T19:56:18.689+0530][gc,heap     ] GC(488) Eden regions: 45->0(49)
[2025-03-28T19:56:18.689+0530][gc,heap     ] GC(488) Survivor regions: 6->2(7)
[2025-03-28T19:56:18.689+0530][gc,heap     ] GC(488) Old regions: 102->104
[2025-03-28T19:56:18.689+0530][gc,heap     ] GC(488) Archive regions: 2->2
[2025-03-28T19:56:18.689+0530][gc,heap     ] GC(488) Humongous regions: 140->140
[2025-03-28T19:56:18.689+0530][gc,metaspace] GC(488) Metaspace: 53219K(53888K)->53219K(53888K) NonClass: 47201K(47552K)->47201K(47552K) Class: 6017K(6336K)->6017K(6336K)
[2025-03-28T19:56:18.689+0530][gc          ] GC(488) Pause Young (Normal) (G1 Evacuation Pause) 293M->246M(1024M) 20.574ms
[2025-03-28T19:56:18.689+0530][gc,cpu      ] GC(488) User=0.02s Sys=0.01s Real=0.02s
[2025-03-28T19:56:22.442+0530][gc,start    ] GC(489) Pause Young (Normal) (G1 Evacuation Pause)
[2025-03-28T19:56:22.442+0530][gc,task     ] GC(489) Using 2 workers of 2 for evacuation
[2025-03-28T19:56:22.447+0530][gc,phases   ] GC(489)   Pre Evacuate Collection Set: 0.1ms
[2025-03-28T19:56:22.447+0530][gc,phases   ] GC(489)   Merge Heap Roots: 0.2ms
[2025-03-28T19:56:22.447+0530][gc,phases   ] GC(489)   Evacuate Collection Set: 3.4ms
[2025-03-28T19:56:22.447+0530][gc,phases   ] GC(489)   Post Evacuate Collection Set: 0.4ms
[2025-03-28T19:56:22.447+0530][gc,phases   ] GC(489)   Other: 0.1ms
[2025-03-28T19:56:22.447+0530][gc,heap     ] GC(489) Eden regions: 49->0(47)
[2025-03-28T19:56:22.447+0530][gc,heap     ] GC(489) Survivor regions: 2->4(7)
[2025-03-28T19:56:22.447+0530][gc,heap     ] GC(489) Old regions: 104->104
[2025-03-28T19:56:22.447+0530][gc,heap     ] GC(489) Archive regions: 2->2
[2025-03-28T19:56:22.447+0530][gc,heap     ] GC(489) Humongous regions: 140->138
[2025-03-28T19:56:22.447+0530][gc,metaspace] GC(489) Metaspace: 53219K(53888K)->53219K(53888K) NonClass: 47201K(47552K)->47201K(47552K) Class: 6017K(6336K)->6017K(6336K)
[2025-03-28T19:56:22.447+0530][gc          ] GC(489) Pause Young (Normal) (G1 Evacuation Pause) 295M->245M(1024M) 4.389ms
[2025-03-28T19:56:22.447+0530][gc,cpu      ] GC(489) User=0.01s Sys=0.00s Real=0.00s
[2025-03-28T19:56:22.530+0530][gc,start    ] GC(490) Pause Young (Normal) (G1 Evacuation Pause)
[2025-03-28T19:56:22.530+0530][gc,task     ] GC(490) Using 2 workers of 2 for evacuation
[2025-03-28T19:56:22.541+0530][gc,phases   ] GC(490)   Pre Evacuate Collection Set: 0.1ms
[2025-03-28T19:56:22.541+0530][gc,phases   ] GC(490)   Merge Heap Roots: 0.0ms
[2025-03-28T19:56:22.541+0530][gc,phases   ] GC(490)   Evacuate Collection Set: 10.1ms
[2025-03-28T19:56:22.541+0530][gc,phases   ] GC(490)   Post Evacuate Collection Set: 0.4ms
[2025-03-28T19:56:22.541+0530][gc,phases   ] GC(490)   Other: 0.1ms
[2025-03-28T19:56:22.541+0530][gc,heap     ] GC(490) Eden regions: 47->0(48)
[2025-03-28T19:56:22.541+0530][gc,heap     ] GC(490) Survivor regions: 4->3(7)
[2025-03-28T19:56:22.541+0530][gc,heap     ] GC(490) Old regions: 104->104
[2025-03-28T19:56:22.541+0530][gc,heap     ] GC(490) Archive regions: 2->2
[2025-03-28T19:56:22.541+0530][gc,heap     ] GC(490) Humongous regions: 140->140
[2025-03-28T19:56:22.541+0530][gc,metaspace] GC(490) Metaspace: 53219K(53888K)->53219K(53888K) NonClass: 47201K(47552K)->47201K(47552K) Class: 6017K(6336K)->6017K(6336K)
[2025-03-28T19:56:22.541+0530][gc          ] GC(490) Pause Young (Normal) (G1 Evacuation Pause) 294M->247M(1024M) 10.964ms
[2025-03-28T19:56:22.541+0530][gc,cpu      ] GC(490) User=0.01s Sys=0.00s Real=0.00s
[2025-03-28T19:56:28.453+0530][gc,start    ] GC(491) Pause Young (Normal) (G1 Evacuation Pause)
[2025-03-28T19:56:28.453+0530][gc,task     ] GC(491) Using 2 workers of 2 for evacuation
[2025-03-28T19:56:28.498+0530][gc,mmu      ] GC(491) MMU target violated: 21.0ms (20.0ms/21.0ms)
[2025-03-28T19:56:28.498+0530][gc,phases   ] GC(491)   Pre Evacuate Collection Set: 0.5ms
[2025-03-28T19:56:28.498+0530][gc,phases   ] GC(491)   Merge Heap Roots: 0.4ms
[2025-03-28T19:56:28.498+0530][gc,phases   ] GC(491)   Evacuate Collection Set: 40.9ms
[2025-03-28T19:56:28.498+0530][gc,phases   ] GC(491)   Post Evacuate Collection Set: 3.3ms
[2025-03-28T19:56:28.498+0530][gc,phases   ] GC(491)   Other: 0.4ms
[2025-03-28T19:56:28.498+0530][gc,heap     ] GC(491) Eden regions: 48->0(49)
[2025-03-28T19:56:28.498+0530][gc,heap     ] GC(491) Survivor regions: 3->2(7)
[2025-03-28T19:56:28.498+0530][gc,heap     ] GC(491) Old regions: 104->104
[2025-03-28T19:56:28.498+0530][gc,heap     ] GC(491) Archive regions: 2->2
[2025-03-28T19:56:28.498+0530][gc,heap     ] GC(491) Humongous regions: 140->138
[2025-03-28T19:56:28.498+0530][gc,metaspace] GC(491) Metaspace: 53381K(54080K)->53381K(54080K) NonClass: 47328K(47680K)->47328K(47680K) Class: 6053K(6400K)->6053K(6400K)
[2025-03-28T19:56:28.498+0530][gc          ] GC(491) Pause Young (Normal) (G1 Evacuation Pause) 295M->244M(1024M) 45.571ms
[2025-03-28T19:56:28.498+0530][gc,cpu      ] GC(491) User=0.02s Sys=0.01s Real=0.06s
[2025-03-28T19:56:28.615+0530][gc,start    ] GC(492) Pause Young (Normal) (G1 Evacuation Pause)
[2025-03-28T19:56:28.615+0530][gc,task     ] GC(492) Using 2 workers of 2 for evacuation
[2025-03-28T19:56:28.664+0530][gc,mmu      ] GC(492) MMU target violated: 21.0ms (20.0ms/21.0ms)
[2025-03-28T19:56:28.664+0530][gc,phases   ] GC(492)   Pre Evacuate Collection Set: 4.0ms
[2025-03-28T19:56:28.664+0530][gc,phases   ] GC(492)   Merge Heap Roots: 0.1ms
[2025-03-28T19:56:28.664+0530][gc,phases   ] GC(492)   Evacuate Collection Set: 43.6ms
[2025-03-28T19:56:28.664+0530][gc,phases   ] GC(492)   Post Evacuate Collection Set: 0.4ms
[2025-03-28T19:56:28.664+0530][gc,phases   ] GC(492)   Other: 0.2ms
[2025-03-28T19:56:28.664+0530][gc,heap     ] GC(492) Eden regions: 49->0(44)
[2025-03-28T19:56:28.664+0530][gc,heap     ] GC(492) Survivor regions: 2->7(7)
[2025-03-28T19:56:28.664+0530][gc,heap     ] GC(492) Old regions: 104->104
[2025-03-28T19:56:28.664+0530][gc,heap     ] GC(492) Archive regions: 2->2
[2025-03-28T19:56:28.664+0530][gc,heap     ] GC(492) Humongous regions: 138->138
[2025-03-28T19:56:28.664+0530][gc,metaspace] GC(492) Metaspace: 53381K(54080K)->53381K(54080K) NonClass: 47328K(47680K)->47328K(47680K) Class: 6053K(6400K)->6053K(6400K)
[2025-03-28T19:56:28.664+0530][gc          ] GC(492) Pause Young (Normal) (G1 Evacuation Pause) 293M->249M(1024M) 48.331ms
[2025-03-28T19:56:28.664+0530][gc,cpu      ] GC(492) User=0.02s Sys=0.00s Real=0.05s
[2025-03-28T19:56:28.743+0530][gc,start    ] GC(493) Pause Young (Normal) (G1 Evacuation Pause)
[2025-03-28T19:56:28.743+0530][gc,task     ] GC(493) Using 2 workers of 2 for evacuation
[2025-03-28T19:56:28.758+0530][gc,phases   ] GC(493)   Pre Evacuate Collection Set: 0.2ms
[2025-03-28T19:56:28.758+0530][gc,phases   ] GC(493)   Merge Heap Roots: 0.1ms
[2025-03-28T19:56:28.758+0530][gc,phases   ] GC(493)   Evacuate Collection Set: 9.7ms
[2025-03-28T19:56:28.758+0530][gc,phases   ] GC(493)   Post Evacuate Collection Set: 5.1ms
[2025-03-28T19:56:28.758+0530][gc,phases   ] GC(493)   Other: 0.1ms
[2025-03-28T19:56:28.758+0530][gc,heap     ] GC(493) Eden regions: 44->0(49)
[2025-03-28T19:56:28.758+0530][gc,heap     ] GC(493) Survivor regions: 7->2(7)
[2025-03-28T19:56:28.758+0530][gc,heap     ] GC(493) Old regions: 104->111
[2025-03-28T19:56:28.758+0530][gc,heap     ] GC(493) Archive regions: 2->2
[2025-03-28T19:56:28.758+0530][gc,heap     ] GC(493) Humongous regions: 140->140
[2025-03-28T19:56:28.758+0530][gc,metaspace] GC(493) Metaspace: 53381K(54080K)->53381K(54080K) NonClass: 47328K(47680K)->47328K(47680K) Class: 6053K(6400K)->6053K(6400K)
[2025-03-28T19:56:28.758+0530][gc          ] GC(493) Pause Young (Normal) (G1 Evacuation Pause) 295M->253M(1024M) 15.352ms
[2025-03-28T19:56:28.758+0530][gc,cpu      ] GC(493) User=0.01s Sys=0.01s Real=0.02s
[2025-03-28T19:56:32.500+0530][gc,start    ] GC(494) Pause Young (Normal) (G1 Evacuation Pause)
[2025-03-28T19:56:32.500+0530][gc,task     ] GC(494) Using 2 workers of 2 for evacuation
[2025-03-28T19:56:32.506+0530][gc,phases   ] GC(494)   Pre Evacuate Collection Set: 0.2ms
[2025-03-28T19:56:32.506+0530][gc,phases   ] GC(494)   Merge Heap Roots: 0.1ms
[2025-03-28T19:56:32.506+0530][gc,phases   ] GC(494)   Evacuate Collection Set: 6.1ms
[2025-03-28T19:56:32.506+0530][gc,phases   ] GC(494)   Post Evacuate Collection Set: 0.4ms
[2025-03-28T19:56:32.506+0530][gc,phases   ] GC(494)   Other: 0.1ms
[2025-03-28T19:56:32.506+0530][gc,heap     ] GC(494) Eden regions: 49->0(44)
[2025-03-28T19:56:32.507+0530][gc,heap     ] GC(494) Survivor regions: 2->7(7)
[2025-03-28T19:56:32.507+0530][gc,heap     ] GC(494) Old regions: 111->111
[2025-03-28T19:56:32.507+0530][gc,heap     ] GC(494) Archive regions: 2->2
[2025-03-28T19:56:32.507+0530][gc,heap     ] GC(494) Humongous regions: 143->138
[2025-03-28T19:56:32.507+0530][gc,metaspace] GC(494) Metaspace: 53382K(54080K)->53382K(54080K) NonClass: 47328K(47680K)->47328K(47680K) Class: 6053K(6400K)->6053K(6400K)
[2025-03-28T19:56:32.507+0530][gc          ] GC(494) Pause Young (Normal) (G1 Evacuation Pause) 305M->256M(1024M) 6.939ms
[2025-03-28T19:56:32.507+0530][gc,cpu      ] GC(494) User=0.01s Sys=0.00s Real=0.00s
[2025-03-28T19:56:32.595+0530][gc,start    ] GC(495) Pause Young (Normal) (G1 Evacuation Pause)
[2025-03-28T19:56:32.595+0530][gc,task     ] GC(495) Using 2 workers of 2 for evacuation
[2025-03-28T19:56:32.600+0530][gc,phases   ] GC(495)   Pre Evacuate Collection Set: 0.2ms
[2025-03-28T19:56:32.600+0530][gc,phases   ] GC(495)   Merge Heap Roots: 0.1ms
[2025-03-28T19:56:32.600+0530][gc,phases   ] GC(495)   Evacuate Collection Set: 4.7ms
[2025-03-28T19:56:32.600+0530][gc,phases   ] GC(495)   Post Evacuate Collection Set: 0.5ms
[2025-03-28T19:56:32.600+0530][gc,phases   ] GC(495)   Other: 0.1ms
[2025-03-28T19:56:32.600+0530][gc,heap     ] GC(495) Eden regions: 44->0(49)
[2025-03-28T19:56:32.600+0530][gc,heap     ] GC(495) Survivor regions: 7->2(7)
[2025-03-28T19:56:32.600+0530][gc,heap     ] GC(495) Old regions: 111->113
[2025-03-28T19:56:32.601+0530][gc,heap     ] GC(495) Archive regions: 2->2
[2025-03-28T19:56:32.601+0530][gc,heap     ] GC(495) Humongous regions: 140->140
[2025-03-28T19:56:32.601+0530][gc,metaspace] GC(495) Metaspace: 53382K(54080K)->53382K(54080K) NonClass: 47328K(47680K)->47328K(47680K) Class: 6053K(6400K)->6053K(6400K)
[2025-03-28T19:56:32.601+0530][gc          ] GC(495) Pause Young (Normal) (G1 Evacuation Pause) 302M->255M(1024M) 5.611ms
[2025-03-28T19:56:32.601+0530][gc,cpu      ] GC(495) User=0.01s Sys=0.00s Real=0.00s
[2025-03-28T19:56:38.640+0530][gc,start    ] GC(496) Pause Young (Normal) (G1 Evacuation Pause)
[2025-03-28T19:56:38.640+0530][gc,task     ] GC(496) Using 2 workers of 2 for evacuation
[2025-03-28T19:56:38.670+0530][gc,mmu      ] GC(496) MMU target violated: 21.0ms (20.0ms/21.0ms)
[2025-03-28T19:56:38.670+0530][gc,phases   ] GC(496)   Pre Evacuate Collection Set: 1.1ms
[2025-03-28T19:56:38.670+0530][gc,phases   ] GC(496)   Merge Heap Roots: 0.1ms
[2025-03-28T19:56:38.670+0530][gc,phases   ] GC(496)   Evacuate Collection Set: 21.5ms
[2025-03-28T19:56:38.670+0530][gc,phases   ] GC(496)   Post Evacuate Collection Set: 7.1ms
[2025-03-28T19:56:38.670+0530][gc,phases   ] GC(496)   Other: 0.2ms
[2025-03-28T19:56:38.670+0530][gc,heap     ] GC(496) Eden regions: 49->0(47)
[2025-03-28T19:56:38.670+0530][gc,heap     ] GC(496) Survivor regions: 2->4(7)
[2025-03-28T19:56:38.670+0530][gc,heap     ] GC(496) Old regions: 113->113
[2025-03-28T19:56:38.670+0530][gc,heap     ] GC(496) Archive regions: 2->2
[2025-03-28T19:56:38.670+0530][gc,heap     ] GC(496) Humongous regions: 140->138
[2025-03-28T19:56:38.670+0530][gc,metaspace] GC(496) Metaspace: 53387K(54080K)->53387K(54080K) NonClass: 47334K(47680K)->47334K(47680K) Class: 6053K(6400K)->6053K(6400K)
[2025-03-28T19:56:38.670+0530][gc          ] GC(496) Pause Young (Normal) (G1 Evacuation Pause) 304M->255M(1024M) 30.188ms
[2025-03-28T19:56:38.670+0530][gc,cpu      ] GC(496) User=0.01s Sys=0.00s Real=0.02s
[2025-03-28T19:56:38.798+0530][gc,start    ] GC(497) Pause Young (Normal) (G1 Evacuation Pause)
[2025-03-28T19:56:38.798+0530][gc,task     ] GC(497) Using 2 workers of 2 for evacuation
[2025-03-28T19:56:38.827+0530][gc,mmu      ] GC(497) MMU target violated: 21.0ms (20.0ms/21.0ms)
[2025-03-28T19:56:38.828+0530][gc,phases   ] GC(497)   Pre Evacuate Collection Set: 0.2ms
[2025-03-28T19:56:38.828+0530][gc,phases   ] GC(497)   Merge Heap Roots: 0.1ms
[2025-03-28T19:56:38.828+0530][gc,phases   ] GC(497)   Evacuate Collection Set: 22.6ms
[2025-03-28T19:56:38.828+0530][gc,phases   ] GC(497)   Post Evacuate Collection Set: 6.6ms
[2025-03-28T19:56:38.828+0530][gc,phases   ] GC(497)   Other: 0.2ms
[2025-03-28T19:56:38.828+0530][gc,heap     ] GC(497) Eden regions: 47->0(48)
[2025-03-28T19:56:38.828+0530][gc,heap     ] GC(497) Survivor regions: 4->3(7)
[2025-03-28T19:56:38.828+0530][gc,heap     ] GC(497) Old regions: 113->113
[2025-03-28T19:56:38.828+0530][gc,heap     ] GC(497) Archive regions: 2->2
[2025-03-28T19:56:38.828+0530][gc,heap     ] GC(497) Humongous regions: 140->140
[2025-03-28T19:56:38.828+0530][gc,metaspace] GC(497) Metaspace: 53387K(54080K)->53387K(54080K) NonClass: 47334K(47680K)->47334K(47680K) Class: 6053K(6400K)->6053K(6400K)
[2025-03-28T19:56:38.828+0530][gc          ] GC(497) Pause Young (Normal) (G1 Evacuation Pause) 304M->256M(1024M) 29.674ms
[2025-03-28T19:56:38.828+0530][gc,cpu      ] GC(497) User=0.02s Sys=0.00s Real=0.05s
[2025-03-28T19:56:42.423+0530][gc,start    ] GC(498) Pause Young (Normal) (G1 Evacuation Pause)
[2025-03-28T19:56:42.423+0530][gc,task     ] GC(498) Using 2 workers of 2 for evacuation
[2025-03-28T19:56:42.428+0530][gc,phases   ] GC(498)   Pre Evacuate Collection Set: 0.2ms
[2025-03-28T19:56:42.428+0530][gc,phases   ] GC(498)   Merge Heap Roots: 0.1ms
[2025-03-28T19:56:42.428+0530][gc,phases   ] GC(498)   Evacuate Collection Set: 3.7ms
[2025-03-28T19:56:42.428+0530][gc,phases   ] GC(498)   Post Evacuate Collection Set: 0.5ms
[2025-03-28T19:56:42.428+0530][gc,phases   ] GC(498)   Other: 0.2ms
[2025-03-28T19:56:42.428+0530][gc,heap     ] GC(498) Eden regions: 48->0(57)
[2025-03-28T19:56:42.428+0530][gc,heap     ] GC(498) Survivor regions: 3->2(7)
[2025-03-28T19:56:42.428+0530][gc,heap     ] GC(498) Old regions: 113->113
[2025-03-28T19:56:42.428+0530][gc,heap     ] GC(498) Archive regions: 2->2
[2025-03-28T19:56:42.428+0530][gc,heap     ] GC(498) Humongous regions: 140->138
[2025-03-28T19:56:42.428+0530][gc,metaspace] GC(498) Metaspace: 53399K(54080K)->53399K(54080K) NonClass: 47346K(47680K)->47346K(47680K) Class: 6053K(6400K)->6053K(6400K)
[2025-03-28T19:56:42.428+0530][gc          ] GC(498) Pause Young (Normal) (G1 Evacuation Pause) 304M->253M(1024M) 4.657ms
[2025-03-28T19:56:42.428+0530][gc,cpu      ] GC(498) User=0.01s Sys=0.00s Real=0.01s
[2025-03-28T19:56:42.535+0530][gc,start    ] GC(499) Pause Young (Normal) (G1 Evacuation Pause)
[2025-03-28T19:56:42.535+0530][gc,task     ] GC(499) Using 2 workers of 2 for evacuation
[2025-03-28T19:56:42.541+0530][gc,phases   ] GC(499)   Pre Evacuate Collection Set: 0.2ms
[2025-03-28T19:56:42.541+0530][gc,phases   ] GC(499)   Merge Heap Roots: 0.1ms
[2025-03-28T19:56:42.541+0530][gc,phases   ] GC(499)   Evacuate Collection Set: 5.5ms
[2025-03-28T19:56:42.541+0530][gc,phases   ] GC(499)   Post Evacuate Collection Set: 0.5ms
[2025-03-28T19:56:42.541+0530][gc,phases   ] GC(499)   Other: 0.1ms
[2025-03-28T19:56:42.541+0530][gc,heap     ] GC(499) Eden regions: 57->0(87)
[2025-03-28T19:56:42.541+0530][gc,heap     ] GC(499) Survivor regions: 2->3(8)
[2025-03-28T19:56:42.541+0530][gc,heap     ] GC(499) Old regions: 113->113
[2025-03-28T19:56:42.541+0530][gc,heap     ] GC(499) Archive regions: 2->2
[2025-03-28T19:56:42.541+0530][gc,heap     ] GC(499) Humongous regions: 140->140
[2025-03-28T19:56:42.541+0530][gc,metaspace] GC(499) Metaspace: 53399K(54080K)->53399K(54080K) NonClass: 47346K(47680K)->47346K(47680K) Class: 6053K(6400K)->6053K(6400K)
[2025-03-28T19:56:42.541+0530][gc          ] GC(499) Pause Young (Normal) (G1 Evacuation Pause) 312M->256M(1024M) 6.447ms
[2025-03-28T19:56:42.541+0530][gc,cpu      ] GC(499) User=0.01s Sys=0.00s Real=0.02s
[2025-03-28T19:56:48.636+0530][gc,start    ] GC(500) Pause Young (Normal) (G1 Evacuation Pause)
[2025-03-28T19:56:48.636+0530][gc,task     ] GC(500) Using 2 workers of 2 for evacuation
[2025-03-28T19:56:48.651+0530][gc,phases   ] GC(500)   Pre Evacuate Collection Set: 0.2ms
[2025-03-28T19:56:48.651+0530][gc,phases   ] GC(500)   Merge Heap Roots: 0.2ms
[2025-03-28T19:56:48.651+0530][gc,phases   ] GC(500)   Evacuate Collection Set: 13.9ms
[2025-03-28T19:56:48.651+0530][gc,phases   ] GC(500)   Post Evacuate Collection Set: 0.6ms
[2025-03-28T19:56:48.651+0530][gc,phases   ] GC(500)   Other: 0.1ms
[2025-03-28T19:56:48.651+0530][gc,heap     ] GC(500) Eden regions: 87->0(49)
[2025-03-28T19:56:48.651+0530][gc,heap     ] GC(500) Survivor regions: 3->7(12)
[2025-03-28T19:56:48.651+0530][gc,heap     ] GC(500) Old regions: 113->113
[2025-03-28T19:56:48.651+0530][gc,heap     ] GC(500) Archive regions: 2->2
[2025-03-28T19:56:48.651+0530][gc,heap     ] GC(500) Humongous regions: 140->138
[2025-03-28T19:56:48.651+0530][gc,metaspace] GC(500) Metaspace: 53413K(54080K)->53413K(54080K) NonClass: 47357K(47680K)->47357K(47680K) Class: 6055K(6400K)->6055K(6400K)
[2025-03-28T19:56:48.652+0530][gc          ] GC(500) Pause Young (Normal) (G1 Evacuation Pause) 343M->257M(1024M) 15.165ms
[2025-03-28T19:56:48.652+0530][gc,cpu      ] GC(500) User=0.02s Sys=0.00s Real=0.01s
[2025-03-28T19:56:48.733+0530][gc,start    ] GC(501) Pause Young (Normal) (G1 Evacuation Pause)
[2025-03-28T19:56:48.733+0530][gc,task     ] GC(501) Using 2 workers of 2 for evacuation
[2025-03-28T19:56:48.748+0530][gc,phases   ] GC(501)   Pre Evacuate Collection Set: 0.2ms
[2025-03-28T19:56:48.748+0530][gc,phases   ] GC(501)   Merge Heap Roots: 0.1ms
[2025-03-28T19:56:48.748+0530][gc,phases   ] GC(501)   Evacuate Collection Set: 14.2ms
[2025-03-28T19:56:48.748+0530][gc,phases   ] GC(501)   Post Evacuate Collection Set: 0.5ms
[2025-03-28T19:56:48.748+0530][gc,phases   ] GC(501)   Other: 0.2ms
[2025-03-28T19:56:48.748+0530][gc,heap     ] GC(501) Eden regions: 49->0(87)
[2025-03-28T19:56:48.748+0530][gc,heap     ] GC(501) Survivor regions: 7->2(7)
[2025-03-28T19:56:48.748+0530][gc,heap     ] GC(501) Old regions: 113->114
[2025-03-28T19:56:48.748+0530][gc,heap     ] GC(501) Archive regions: 2->2
[2025-03-28T19:56:48.748+0530][gc,heap     ] GC(501) Humongous regions: 140->140
[2025-03-28T19:56:48.748+0530][gc,metaspace] GC(501) Metaspace: 53413K(54080K)->53413K(54080K) NonClass: 47357K(47680K)->47357K(47680K) Class: 6055K(6400K)->6055K(6400K)
[2025-03-28T19:56:48.748+0530][gc          ] GC(501) Pause Young (Normal) (G1 Evacuation Pause) 308M->256M(1024M) 15.331ms
[2025-03-28T19:56:48.748+0530][gc,cpu      ] GC(501) User=0.01s Sys=0.00s Real=0.01s
[2025-03-28T19:56:52.571+0530][gc,start    ] GC(502) Pause Young (Normal) (G1 Evacuation Pause)
[2025-03-28T19:56:52.571+0530][gc,task     ] GC(502) Using 2 workers of 2 for evacuation
[2025-03-28T19:56:52.589+0530][gc,phases   ] GC(502)   Pre Evacuate Collection Set: 0.3ms
[2025-03-28T19:56:52.589+0530][gc,phases   ] GC(502)   Merge Heap Roots: 0.1ms
[2025-03-28T19:56:52.589+0530][gc,phases   ] GC(502)   Evacuate Collection Set: 16.0ms
[2025-03-28T19:56:52.589+0530][gc,phases   ] GC(502)   Post Evacuate Collection Set: 0.7ms
[2025-03-28T19:56:52.589+0530][gc,phases   ] GC(502)   Other: 0.2ms
[2025-03-28T19:56:52.589+0530][gc,heap     ] GC(502) Eden regions: 87->0(65)
[2025-03-28T19:56:52.589+0530][gc,heap     ] GC(502) Survivor regions: 2->3(12)
[2025-03-28T19:56:52.589+0530][gc,heap     ] GC(502) Old regions: 114->114
[2025-03-28T19:56:52.589+0530][gc,heap     ] GC(502) Archive regions: 2->2
[2025-03-28T19:56:52.589+0530][gc,heap     ] GC(502) Humongous regions: 142->140
[2025-03-28T19:56:52.589+0530][gc,metaspace] GC(502) Metaspace: 53413K(54080K)->53413K(54080K) NonClass: 47357K(47680K)->47357K(47680K) Class: 6055K(6400K)->6055K(6400K)
[2025-03-28T19:56:52.589+0530][gc          ] GC(502) Pause Young (Normal) (G1 Evacuation Pause) 345M->257M(1024M) 17.517ms
[2025-03-28T19:56:52.589+0530][gc,cpu      ] GC(502) User=0.01s Sys=0.01s Real=0.02s
[2025-03-28T19:56:58.563+0530][gc,start    ] GC(503) Pause Young (Normal) (G1 Evacuation Pause)
[2025-03-28T19:56:58.563+0530][gc,task     ] GC(503) Using 2 workers of 2 for evacuation
[2025-03-28T19:56:58.580+0530][gc,phases   ] GC(503)   Pre Evacuate Collection Set: 0.1ms
[2025-03-28T19:56:58.580+0530][gc,phases   ] GC(503)   Merge Heap Roots: 0.1ms
[2025-03-28T19:56:58.580+0530][gc,phases   ] GC(503)   Evacuate Collection Set: 15.9ms
[2025-03-28T19:56:58.580+0530][gc,phases   ] GC(503)   Post Evacuate Collection Set: 0.5ms
[2025-03-28T19:56:58.580+0530][gc,phases   ] GC(503)   Other: 0.3ms
[2025-03-28T19:56:58.580+0530][gc,heap     ] GC(503) Eden regions: 65->0(85)
[2025-03-28T19:56:58.580+0530][gc,heap     ] GC(503) Survivor regions: 3->4(9)
[2025-03-28T19:56:58.580+0530][gc,heap     ] GC(503) Old regions: 114->114
[2025-03-28T19:56:58.580+0530][gc,heap     ] GC(503) Archive regions: 2->2
[2025-03-28T19:56:58.580+0530][gc,heap     ] GC(503) Humongous regions: 140->138
[2025-03-28T19:56:58.580+0530][gc,metaspace] GC(503) Metaspace: 53414K(54080K)->53414K(54080K) NonClass: 47358K(47680K)->47358K(47680K) Class: 6055K(6400K)->6055K(6400K)
[2025-03-28T19:56:58.580+0530][gc          ] GC(503) Pause Young (Normal) (G1 Evacuation Pause) 322M->256M(1024M) 16.906ms
[2025-03-28T19:56:58.580+0530][gc,cpu      ] GC(503) User=0.01s Sys=0.01s Real=0.02s
[2025-03-28T19:57:02.410+0530][gc,start    ] GC(504) Pause Young (Normal) (G1 Evacuation Pause)
[2025-03-28T19:57:02.410+0530][gc,task     ] GC(504) Using 2 workers of 2 for evacuation
[2025-03-28T19:57:02.420+0530][gc,phases   ] GC(504)   Pre Evacuate Collection Set: 1.3ms
[2025-03-28T19:57:02.420+0530][gc,phases   ] GC(504)   Merge Heap Roots: 0.4ms
[2025-03-28T19:57:02.420+0530][gc,phases   ] GC(504)   Evacuate Collection Set: 7.4ms
[2025-03-28T19:57:02.420+0530][gc,phases   ] GC(504)   Post Evacuate Collection Set: 0.9ms
[2025-03-28T19:57:02.420+0530][gc,phases   ] GC(504)   Other: 0.2ms
[2025-03-28T19:57:02.420+0530][gc,heap     ] GC(504) Eden regions: 85->0(199)
[2025-03-28T19:57:02.420+0530][gc,heap     ] GC(504) Survivor regions: 4->2(12)
[2025-03-28T19:57:02.420+0530][gc,heap     ] GC(504) Old regions: 114->114
[2025-03-28T19:57:02.420+0530][gc,heap     ] GC(504) Archive regions: 2->2
[2025-03-28T19:57:02.420+0530][gc,heap     ] GC(504) Humongous regions: 140->138
[2025-03-28T19:57:02.420+0530][gc,metaspace] GC(504) Metaspace: 53416K(54080K)->53416K(54080K) NonClass: 47360K(47680K)->47360K(47680K) Class: 6055K(6400K)->6055K(6400K)
[2025-03-28T19:57:02.420+0530][gc          ] GC(504) Pause Young (Normal) (G1 Evacuation Pause) 343M->254M(1024M) 10.729ms
[2025-03-28T19:57:02.420+0530][gc,cpu      ] GC(504) User=0.01s Sys=0.00s Real=0.02s
[2025-03-28T19:57:08.775+0530][gc,start    ] GC(505) Pause Young (Normal) (G1 Evacuation Pause)
[2025-03-28T19:57:08.775+0530][gc,task     ] GC(505) Using 2 workers of 2 for evacuation
[2025-03-28T19:57:08.790+0530][gc,phases   ] GC(505)   Pre Evacuate Collection Set: 0.2ms
[2025-03-28T19:57:08.790+0530][gc,phases   ] GC(505)   Merge Heap Roots: 0.1ms
[2025-03-28T19:57:08.790+0530][gc,phases   ] GC(505)   Evacuate Collection Set: 13.3ms
[2025-03-28T19:57:08.790+0530][gc,phases   ] GC(505)   Post Evacuate Collection Set: 1.2ms
[2025-03-28T19:57:08.790+0530][gc,phases   ] GC(505)   Other: 0.3ms
[2025-03-28T19:57:08.790+0530][gc,heap     ] GC(505) Eden regions: 196->0(160)
[2025-03-28T19:57:08.790+0530][gc,heap     ] GC(505) Survivor regions: 2->3(25)
[2025-03-28T19:57:08.790+0530][gc,heap     ] GC(505) Old regions: 114->114
[2025-03-28T19:57:08.790+0530][gc,heap     ] GC(505) Archive regions: 2->2
[2025-03-28T19:57:08.790+0530][gc,heap     ] GC(505) Humongous regions: 142->140
[2025-03-28T19:57:08.790+0530][gc,metaspace] GC(505) Metaspace: 53418K(54080K)->53418K(54080K) NonClass: 47362K(47680K)->47362K(47680K) Class: 6055K(6400K)->6055K(6400K)
[2025-03-28T19:57:08.790+0530][gc          ] GC(505) Pause Young (Normal) (G1 Evacuation Pause) 454M->257M(1024M) 15.150ms
[2025-03-28T19:57:08.790+0530][gc,cpu      ] GC(505) User=0.02s Sys=0.00s Real=0.01s
[2025-03-28T19:57:18.494+0530][gc,start    ] GC(506) Pause Young (Normal) (G1 Evacuation Pause)
[2025-03-28T19:57:18.494+0530][gc,task     ] GC(506) Using 2 workers of 2 for evacuation
[2025-03-28T19:57:18.505+0530][gc,phases   ] GC(506)   Pre Evacuate Collection Set: 0.2ms
[2025-03-28T19:57:18.505+0530][gc,phases   ] GC(506)   Merge Heap Roots: 0.2ms
[2025-03-28T19:57:18.505+0530][gc,phases   ] GC(506)   Evacuate Collection Set: 5.4ms
[2025-03-28T19:57:18.505+0530][gc,phases   ] GC(506)   Post Evacuate Collection Set: 4.9ms
[2025-03-28T19:57:18.505+0530][gc,phases   ] GC(506)   Other: 0.2ms
[2025-03-28T19:57:18.505+0530][gc,heap     ] GC(506) Eden regions: 142->0(243)
[2025-03-28T19:57:18.505+0530][gc,heap     ] GC(506) Survivor regions: 3->3(19)
[2025-03-28T19:57:18.505+0530][gc,heap     ] GC(506) Old regions: 114->114
[2025-03-28T19:57:18.505+0530][gc,heap     ] GC(506) Archive regions: 2->2
[2025-03-28T19:57:18.505+0530][gc,heap     ] GC(506) Humongous regions: 142->138
[2025-03-28T19:57:18.505+0530][gc,metaspace] GC(506) Metaspace: 53424K(54080K)->53424K(54080K) NonClass: 47368K(47680K)->47368K(47680K) Class: 6055K(6400K)->6055K(6400K)
[2025-03-28T19:57:18.505+0530][gc          ] GC(506) Pause Young (Normal) (G1 Evacuation Pause) 401M->255M(1024M) 10.970ms
[2025-03-28T19:57:18.505+0530][gc,cpu      ] GC(506) User=0.01s Sys=0.00s Real=0.02s
[2025-03-28T19:57:27.543+0530][gc,start    ] GC(507) Pause Young (Normal) (G1 Evacuation Pause)
[2025-03-28T19:57:27.543+0530][gc,task     ] GC(507) Using 2 workers of 2 for evacuation
[2025-03-28T19:57:27.554+0530][gc,phases   ] GC(507)   Pre Evacuate Collection Set: 0.2ms
[2025-03-28T19:57:27.554+0530][gc,phases   ] GC(507)   Merge Heap Roots: 0.2ms
[2025-03-28T19:57:27.554+0530][gc,phases   ] GC(507)   Evacuate Collection Set: 9.7ms
[2025-03-28T19:57:27.554+0530][gc,phases   ] GC(507)   Post Evacuate Collection Set: 1.2ms
[2025-03-28T19:57:27.554+0530][gc,phases   ] GC(507)   Other: 0.3ms
[2025-03-28T19:57:27.554+0530][gc,heap     ] GC(507) Eden regions: 211->0(400)
[2025-03-28T19:57:27.554+0530][gc,heap     ] GC(507) Survivor regions: 3->2(27)
[2025-03-28T19:57:27.554+0530][gc,heap     ] GC(507) Old regions: 114->114
[2025-03-28T19:57:27.554+0530][gc,heap     ] GC(507) Archive regions: 2->2
[2025-03-28T19:57:27.554+0530][gc,heap     ] GC(507) Humongous regions: 142->138
[2025-03-28T19:57:27.554+0530][gc,metaspace] GC(507) Metaspace: 53428K(54144K)->53428K(54144K) NonClass: 47372K(47744K)->47372K(47744K) Class: 6055K(6400K)->6055K(6400K)
[2025-03-28T19:57:27.554+0530][gc          ] GC(507) Pause Young (Normal) (G1 Evacuation Pause) 470M->254M(1024M) 11.883ms
[2025-03-28T19:57:27.554+0530][gc,cpu      ] GC(507) User=0.02s Sys=0.00s Real=0.01s
[2025-03-28T19:57:42.531+0530][gc,start    ] GC(508) Pause Young (Normal) (G1 Evacuation Pause)
[2025-03-28T19:57:42.532+0530][gc,task     ] GC(508) Using 2 workers of 2 for evacuation
[2025-03-28T19:57:42.566+0530][gc,mmu      ] GC(508) MMU target violated: 21.0ms (20.0ms/21.0ms)
[2025-03-28T19:57:42.566+0530][gc,phases   ] GC(508)   Pre Evacuate Collection Set: 0.3ms
[2025-03-28T19:57:42.566+0530][gc,phases   ] GC(508)   Merge Heap Roots: 0.2ms
[2025-03-28T19:57:42.566+0530][gc,phases   ] GC(508)   Evacuate Collection Set: 33.0ms
[2025-03-28T19:57:42.566+0530][gc,phases   ] GC(508)   Post Evacuate Collection Set: 1.0ms
[2025-03-28T19:57:42.566+0530][gc,phases   ] GC(508)   Other: 0.2ms
[2025-03-28T19:57:42.566+0530][gc,heap     ] GC(508) Eden regions: 326->0(49)
[2025-03-28T19:57:42.566+0530][gc,heap     ] GC(508) Survivor regions: 2->2(41)
[2025-03-28T19:57:42.566+0530][gc,heap     ] GC(508) Old regions: 114->114
[2025-03-28T19:57:42.566+0530][gc,heap     ] GC(508) Archive regions: 2->2
[2025-03-28T19:57:42.566+0530][gc,heap     ] GC(508) Humongous regions: 144->138
[2025-03-28T19:57:42.566+0530][gc,metaspace] GC(508) Metaspace: 53443K(54144K)->53443K(54144K) NonClass: 47387K(47744K)->47387K(47744K) Class: 6055K(6400K)->6055K(6400K)
[2025-03-28T19:57:42.566+0530][gc          ] GC(508) Pause Young (Normal) (G1 Evacuation Pause) 586M->254M(1024M) 34.832ms
[2025-03-28T19:57:42.566+0530][gc,cpu      ] GC(508) User=0.02s Sys=0.00s Real=0.04s
[2025-03-28T19:57:42.628+0530][gc,start    ] GC(509) Pause Young (Normal) (G1 Evacuation Pause)
[2025-03-28T19:57:42.628+0530][gc,task     ] GC(509) Using 2 workers of 2 for evacuation
[2025-03-28T19:57:42.655+0530][gc,mmu      ] GC(509) MMU target violated: 21.0ms (20.0ms/21.0ms)
[2025-03-28T19:57:42.655+0530][gc,phases   ] GC(509)   Pre Evacuate Collection Set: 0.2ms
[2025-03-28T19:57:42.655+0530][gc,phases   ] GC(509)   Merge Heap Roots: 0.1ms
[2025-03-28T19:57:42.655+0530][gc,phases   ] GC(509)   Evacuate Collection Set: 25.9ms
[2025-03-28T19:57:42.655+0530][gc,phases   ] GC(509)   Post Evacuate Collection Set: 0.8ms
[2025-03-28T19:57:42.655+0530][gc,phases   ] GC(509)   Other: 0.2ms
[2025-03-28T19:57:42.655+0530][gc,heap     ] GC(509) Eden regions: 49->0(44)
[2025-03-28T19:57:42.655+0530][gc,heap     ] GC(509) Survivor regions: 2->7(7)
[2025-03-28T19:57:42.655+0530][gc,heap     ] GC(509) Old regions: 114->115
[2025-03-28T19:57:42.655+0530][gc,heap     ] GC(509) Archive regions: 2->2
[2025-03-28T19:57:42.655+0530][gc,heap     ] GC(509) Humongous regions: 138->138
[2025-03-28T19:57:42.655+0530][gc,metaspace] GC(509) Metaspace: 53443K(54144K)->53443K(54144K) NonClass: 47387K(47744K)->47387K(47744K) Class: 6055K(6400K)->6055K(6400K)
[2025-03-28T19:57:42.655+0530][gc          ] GC(509) Pause Young (Normal) (G1 Evacuation Pause) 303M->260M(1024M) 27.277ms
[2025-03-28T19:57:42.655+0530][gc,cpu      ] GC(509) User=0.03s Sys=0.00s Real=0.03s
[2025-03-28T19:57:42.751+0530][gc,start    ] GC(510) Pause Young (Normal) (G1 Evacuation Pause)
[2025-03-28T19:57:42.751+0530][gc,task     ] GC(510) Using 2 workers of 2 for evacuation
[2025-03-28T19:57:42.763+0530][gc,phases   ] GC(510)   Pre Evacuate Collection Set: 0.2ms
[2025-03-28T19:57:42.763+0530][gc,phases   ] GC(510)   Merge Heap Roots: 0.1ms
[2025-03-28T19:57:42.763+0530][gc,phases   ] GC(510)   Evacuate Collection Set: 11.4ms
[2025-03-28T19:57:42.763+0530][gc,phases   ] GC(510)   Post Evacuate Collection Set: 0.4ms
[2025-03-28T19:57:42.763+0530][gc,phases   ] GC(510)   Other: 0.1ms
[2025-03-28T19:57:42.763+0530][gc,heap     ] GC(510) Eden regions: 44->0(49)
[2025-03-28T19:57:42.763+0530][gc,heap     ] GC(510) Survivor regions: 7->2(7)
[2025-03-28T19:57:42.763+0530][gc,heap     ] GC(510) Old regions: 115->117
[2025-03-28T19:57:42.763+0530][gc,heap     ] GC(510) Archive regions: 2->2
[2025-03-28T19:57:42.763+0530][gc,heap     ] GC(510) Humongous regions: 140->140
[2025-03-28T19:57:42.763+0530][gc,metaspace] GC(510) Metaspace: 53443K(54144K)->53443K(54144K) NonClass: 47387K(47744K)->47387K(47744K) Class: 6055K(6400K)->6055K(6400K)
[2025-03-28T19:57:42.763+0530][gc          ] GC(510) Pause Young (Normal) (G1 Evacuation Pause) 306M->259M(1024M) 12.295ms
[2025-03-28T19:57:42.763+0530][gc,cpu      ] GC(510) User=0.02s Sys=0.00s Real=0.01s
[2025-03-28T19:57:48.649+0530][gc,start    ] GC(511) Pause Young (Normal) (G1 Evacuation Pause)
[2025-03-28T19:57:48.649+0530][gc,task     ] GC(511) Using 2 workers of 2 for evacuation
[2025-03-28T19:57:48.660+0530][gc,phases   ] GC(511)   Pre Evacuate Collection Set: 0.2ms
[2025-03-28T19:57:48.660+0530][gc,phases   ] GC(511)   Merge Heap Roots: 0.3ms
[2025-03-28T19:57:48.660+0530][gc,phases   ] GC(511)   Evacuate Collection Set: 9.6ms
[2025-03-28T19:57:48.660+0530][gc,phases   ] GC(511)   Post Evacuate Collection Set: 0.8ms
[2025-03-28T19:57:48.660+0530][gc,phases   ] GC(511)   Other: 0.2ms
[2025-03-28T19:57:48.660+0530][gc,heap     ] GC(511) Eden regions: 49->0(46)
[2025-03-28T19:57:48.660+0530][gc,heap     ] GC(511) Survivor regions: 2->5(7)
[2025-03-28T19:57:48.660+0530][gc,heap     ] GC(511) Old regions: 117->117
[2025-03-28T19:57:48.660+0530][gc,heap     ] GC(511) Archive regions: 2->2
[2025-03-28T19:57:48.660+0530][gc,heap     ] GC(511) Humongous regions: 140->138
[2025-03-28T19:57:48.660+0530][gc,metaspace] GC(511) Metaspace: 53444K(54144K)->53444K(54144K) NonClass: 47388K(47744K)->47388K(47744K) Class: 6055K(6400K)->6055K(6400K)
[2025-03-28T19:57:48.660+0530][gc          ] GC(511) Pause Young (Normal) (G1 Evacuation Pause) 308M->259M(1024M) 11.319ms
[2025-03-28T19:57:48.660+0530][gc,cpu      ] GC(511) User=0.01s Sys=0.00s Real=0.01s
[2025-03-28T19:57:48.749+0530][gc,start    ] GC(512) Pause Young (Normal) (G1 Evacuation Pause)
[2025-03-28T19:57:48.749+0530][gc,task     ] GC(512) Using 2 workers of 2 for evacuation
[2025-03-28T19:57:48.759+0530][gc,phases   ] GC(512)   Pre Evacuate Collection Set: 0.2ms
[2025-03-28T19:57:48.759+0530][gc,phases   ] GC(512)   Merge Heap Roots: 0.1ms
[2025-03-28T19:57:48.759+0530][gc,phases   ] GC(512)   Evacuate Collection Set: 9.3ms
[2025-03-28T19:57:48.759+0530][gc,phases   ] GC(512)   Post Evacuate Collection Set: 0.3ms
[2025-03-28T19:57:48.759+0530][gc,phases   ] GC(512)   Other: 0.2ms
[2025-03-28T19:57:48.759+0530][gc,heap     ] GC(512) Eden regions: 46->0(49)
[2025-03-28T19:57:48.759+0530][gc,heap     ] GC(512) Survivor regions: 5->2(7)
[2025-03-28T19:57:48.759+0530][gc,heap     ] GC(512) Old regions: 117->118
[2025-03-28T19:57:48.759+0530][gc,heap     ] GC(512) Archive regions: 2->2
[2025-03-28T19:57:48.759+0530][gc,heap     ] GC(512) Humongous regions: 140->140
[2025-03-28T19:57:48.759+0530][gc,metaspace] GC(512) Metaspace: 53444K(54144K)->53444K(54144K) NonClass: 47388K(47744K)->47388K(47744K) Class: 6055K(6400K)->6055K(6400K)
[2025-03-28T19:57:48.759+0530][gc          ] GC(512) Pause Young (Normal) (G1 Evacuation Pause) 307M->260M(1024M) 10.293ms
[2025-03-28T19:57:48.759+0530][gc,cpu      ] GC(512) User=0.01s Sys=0.00s Real=0.01s
[2025-03-28T19:57:52.425+0530][gc,start    ] GC(513) Pause Young (Normal) (G1 Evacuation Pause)
[2025-03-28T19:57:52.425+0530][gc,task     ] GC(513) Using 2 workers of 2 for evacuation
[2025-03-28T19:57:52.430+0530][gc,phases   ] GC(513)   Pre Evacuate Collection Set: 0.1ms
[2025-03-28T19:57:52.430+0530][gc,phases   ] GC(513)   Merge Heap Roots: 0.1ms
[2025-03-28T19:57:52.430+0530][gc,phases   ] GC(513)   Evacuate Collection Set: 3.4ms
[2025-03-28T19:57:52.430+0530][gc,phases   ] GC(513)   Post Evacuate Collection Set: 0.7ms
[2025-03-28T19:57:52.430+0530][gc,phases   ] GC(513)   Other: 0.2ms
[2025-03-28T19:57:52.430+0530][gc,heap     ] GC(513) Eden regions: 49->0(52)
[2025-03-28T19:57:52.430+0530][gc,heap     ] GC(513) Survivor regions: 2->3(7)
[2025-03-28T19:57:52.430+0530][gc,heap     ] GC(513) Old regions: 118->118
[2025-03-28T19:57:52.430+0530][gc,heap     ] GC(513) Archive regions: 2->2
[2025-03-28T19:57:52.430+0530][gc,heap     ] GC(513) Humongous regions: 140->138
[2025-03-28T19:57:52.430+0530][gc,metaspace] GC(513) Metaspace: 53444K(54144K)->53444K(54144K) NonClass: 47389K(47744K)->47389K(47744K) Class: 6055K(6400K)->6055K(6400K)
[2025-03-28T19:57:52.430+0530][gc          ] GC(513) Pause Young (Normal) (G1 Evacuation Pause) 309M->259M(1024M) 4.603ms
[2025-03-28T19:57:52.430+0530][gc,cpu      ] GC(513) User=0.01s Sys=0.00s Real=0.00s
[2025-03-28T19:57:52.558+0530][gc,start    ] GC(514) Pause Young (Normal) (G1 Evacuation Pause)
[2025-03-28T19:57:52.558+0530][gc,task     ] GC(514) Using 2 workers of 2 for evacuation
[2025-03-28T19:57:52.565+0530][gc,phases   ] GC(514)   Pre Evacuate Collection Set: 0.1ms
[2025-03-28T19:57:52.565+0530][gc,phases   ] GC(514)   Merge Heap Roots: 0.1ms
[2025-03-28T19:57:52.565+0530][gc,phases   ] GC(514)   Evacuate Collection Set: 6.6ms
[2025-03-28T19:57:52.565+0530][gc,phases   ] GC(514)   Post Evacuate Collection Set: 0.4ms
[2025-03-28T19:57:52.565+0530][gc,phases   ] GC(514)   Other: 0.3ms
[2025-03-28T19:57:52.565+0530][gc,heap     ] GC(514) Eden regions: 52->0(79)
[2025-03-28T19:57:52.565+0530][gc,heap     ] GC(514) Survivor regions: 3->3(7)
[2025-03-28T19:57:52.565+0530][gc,heap     ] GC(514) Old regions: 118->118
[2025-03-28T19:57:52.565+0530][gc,heap     ] GC(514) Archive regions: 2->2
[2025-03-28T19:57:52.565+0530][gc,heap     ] GC(514) Humongous regions: 140->140
[2025-03-28T19:57:52.565+0530][gc,metaspace] GC(514) Metaspace: 53444K(54144K)->53444K(54144K) NonClass: 47389K(47744K)->47389K(47744K) Class: 6055K(6400K)->6055K(6400K)
[2025-03-28T19:57:52.565+0530][gc          ] GC(514) Pause Young (Normal) (G1 Evacuation Pause) 313M->261M(1024M) 7.571ms
[2025-03-28T19:57:52.565+0530][gc,cpu      ] GC(514) User=0.02s Sys=0.00s Real=0.01s
[2025-03-28T19:57:58.226+0530][gc,start    ] GC(515) Pause Young (Normal) (G1 Evacuation Pause)
[2025-03-28T19:57:58.226+0530][gc,task     ] GC(515) Using 2 workers of 2 for evacuation
[2025-03-28T19:57:58.251+0530][gc,mmu      ] GC(515) MMU target violated: 21.0ms (20.0ms/21.0ms)
[2025-03-28T19:57:58.251+0530][gc,phases   ] GC(515)   Pre Evacuate Collection Set: 0.3ms
[2025-03-28T19:57:58.251+0530][gc,phases   ] GC(515)   Merge Heap Roots: 0.1ms
[2025-03-28T19:57:58.251+0530][gc,phases   ] GC(515)   Evacuate Collection Set: 23.9ms
[2025-03-28T19:57:58.251+0530][gc,phases   ] GC(515)   Post Evacuate Collection Set: 0.7ms
[2025-03-28T19:57:58.251+0530][gc,phases   ] GC(515)   Other: 0.2ms
[2025-03-28T19:57:58.251+0530][gc,heap     ] GC(515) Eden regions: 79->0(45)
[2025-03-28T19:57:58.251+0530][gc,heap     ] GC(515) Survivor regions: 3->6(11)
[2025-03-28T19:57:58.251+0530][gc,heap     ] GC(515) Old regions: 118->118
[2025-03-28T19:57:58.251+0530][gc,heap     ] GC(515) Archive regions: 2->2
[2025-03-28T19:57:58.251+0530][gc,heap     ] GC(515) Humongous regions: 140->138
[2025-03-28T19:57:58.251+0530][gc,metaspace] GC(515) Metaspace: 53444K(54144K)->53444K(54144K) NonClass: 47389K(47744K)->47389K(47744K) Class: 6055K(6400K)->6055K(6400K)
[2025-03-28T19:57:58.251+0530][gc          ] GC(515) Pause Young (Normal) (G1 Evacuation Pause) 340M->261M(1024M) 25.288ms
[2025-03-28T19:57:58.251+0530][gc,cpu      ] GC(515) User=0.02s Sys=0.00s Real=0.03s
[2025-03-28T19:57:58.392+0530][gc,start    ] GC(516) Pause Young (Normal) (G1 Evacuation Pause)
[2025-03-28T19:57:58.392+0530][gc,task     ] GC(516) Using 2 workers of 2 for evacuation
[2025-03-28T19:57:58.407+0530][gc,phases   ] GC(516)   Pre Evacuate Collection Set: 0.2ms
[2025-03-28T19:57:58.407+0530][gc,phases   ] GC(516)   Merge Heap Roots: 0.1ms
[2025-03-28T19:57:58.407+0530][gc,phases   ] GC(516)   Evacuate Collection Set: 13.3ms
[2025-03-28T19:57:58.407+0530][gc,phases   ] GC(516)   Post Evacuate Collection Set: 0.6ms
[2025-03-28T19:57:58.407+0530][gc,phases   ] GC(516)   Other: 0.2ms
[2025-03-28T19:57:58.407+0530][gc,heap     ] GC(516) Eden regions: 45->0(82)
[2025-03-28T19:57:58.407+0530][gc,heap     ] GC(516) Survivor regions: 6->2(7)
[2025-03-28T19:57:58.407+0530][gc,heap     ] GC(516) Old regions: 118->119
[2025-03-28T19:57:58.407+0530][gc,heap     ] GC(516) Archive regions: 2->2
[2025-03-28T19:57:58.407+0530][gc,heap     ] GC(516) Humongous regions: 140->140
[2025-03-28T19:57:58.407+0530][gc,metaspace] GC(516) Metaspace: 53446K(54144K)->53446K(54144K) NonClass: 47390K(47744K)->47390K(47744K) Class: 6055K(6400K)->6055K(6400K)
[2025-03-28T19:57:58.407+0530][gc          ] GC(516) Pause Young (Normal) (G1 Evacuation Pause) 308M->261M(1024M) 14.566ms
[2025-03-28T19:57:58.407+0530][gc,cpu      ] GC(516) User=0.02s Sys=0.00s Real=0.02s
[2025-03-28T19:58:02.482+0530][gc,start    ] GC(517) Pause Young (Normal) (G1 Evacuation Pause)
[2025-03-28T19:58:02.482+0530][gc,task     ] GC(517) Using 2 workers of 2 for evacuation
[2025-03-28T19:58:02.491+0530][gc,phases   ] GC(517)   Pre Evacuate Collection Set: 0.2ms
[2025-03-28T19:58:02.491+0530][gc,phases   ] GC(517)   Merge Heap Roots: 0.1ms
[2025-03-28T19:58:02.491+0530][gc,phases   ] GC(517)   Evacuate Collection Set: 7.8ms
[2025-03-28T19:58:02.491+0530][gc,phases   ] GC(517)   Post Evacuate Collection Set: 0.9ms
[2025-03-28T19:58:02.491+0530][gc,phases   ] GC(517)   Other: 0.2ms
[2025-03-28T19:58:02.491+0530][gc,heap     ] GC(517) Eden regions: 82->0(44)
[2025-03-28T19:58:02.491+0530][gc,heap     ] GC(517) Survivor regions: 2->7(11)
[2025-03-28T19:58:02.491+0530][gc,heap     ] GC(517) Old regions: 119->119
[2025-03-28T19:58:02.491+0530][gc,heap     ] GC(517) Archive regions: 2->2
[2025-03-28T19:58:02.491+0530][gc,heap     ] GC(517) Humongous regions: 140->138
[2025-03-28T19:58:02.491+0530][gc,metaspace] GC(517) Metaspace: 53455K(54208K)->53455K(54208K) NonClass: 47400K(47808K)->47400K(47808K) Class: 6055K(6400K)->6055K(6400K)
[2025-03-28T19:58:02.491+0530][gc          ] GC(517) Pause Young (Normal) (G1 Evacuation Pause) 343M->264M(1024M) 9.256ms
[2025-03-28T19:58:02.491+0530][gc,cpu      ] GC(517) User=0.01s Sys=0.00s Real=0.01s
[2025-03-28T19:58:02.581+0530][gc,start    ] GC(518) Pause Young (Normal) (G1 Evacuation Pause)
[2025-03-28T19:58:02.581+0530][gc,task     ] GC(518) Using 2 workers of 2 for evacuation
[2025-03-28T19:58:02.589+0530][gc,phases   ] GC(518)   Pre Evacuate Collection Set: 0.2ms
[2025-03-28T19:58:02.589+0530][gc,phases   ] GC(518)   Merge Heap Roots: 0.1ms
[2025-03-28T19:58:02.589+0530][gc,phases   ] GC(518)   Evacuate Collection Set: 6.1ms
[2025-03-28T19:58:02.589+0530][gc,phases   ] GC(518)   Post Evacuate Collection Set: 1.5ms
[2025-03-28T19:58:02.590+0530][gc,phases   ] GC(518)   Other: 0.4ms
[2025-03-28T19:58:02.590+0530][gc,heap     ] GC(518) Eden regions: 44->0(77)
[2025-03-28T19:58:02.590+0530][gc,heap     ] GC(518) Survivor regions: 7->2(7)
[2025-03-28T19:58:02.590+0530][gc,heap     ] GC(518) Old regions: 119->120
[2025-03-28T19:58:02.590+0530][gc,heap     ] GC(518) Archive regions: 2->2
[2025-03-28T19:58:02.590+0530][gc,heap     ] GC(518) Humongous regions: 140->140
[2025-03-28T19:58:02.590+0530][gc,metaspace] GC(518) Metaspace: 53455K(54208K)->53455K(54208K) NonClass: 47400K(47808K)->47400K(47808K) Class: 6055K(6400K)->6055K(6400K)
[2025-03-28T19:58:02.590+0530][gc          ] GC(518) Pause Young (Normal) (G1 Evacuation Pause) 310M->262M(1024M) 8.884ms
[2025-03-28T19:58:02.590+0530][gc,cpu      ] GC(518) User=0.01s Sys=0.00s Real=0.01s
[2025-03-28T19:58:08.764+0530][gc,start    ] GC(519) Pause Young (Normal) (G1 Evacuation Pause)
[2025-03-28T19:58:08.764+0530][gc,task     ] GC(519) Using 2 workers of 2 for evacuation
[2025-03-28T19:58:08.813+0530][gc,mmu      ] GC(519) MMU target violated: 21.0ms (20.0ms/21.0ms)
[2025-03-28T19:58:08.814+0530][gc,phases   ] GC(519)   Pre Evacuate Collection Set: 16.9ms
[2025-03-28T19:58:08.814+0530][gc,phases   ] GC(519)   Merge Heap Roots: 0.2ms
[2025-03-28T19:58:08.814+0530][gc,phases   ] GC(519)   Evacuate Collection Set: 30.2ms
[2025-03-28T19:58:08.814+0530][gc,phases   ] GC(519)   Post Evacuate Collection Set: 2.0ms
[2025-03-28T19:58:08.814+0530][gc,phases   ] GC(519)   Other: 0.2ms
[2025-03-28T19:58:08.814+0530][gc,heap     ] GC(519) Eden regions: 77->0(42)
[2025-03-28T19:58:08.814+0530][gc,heap     ] GC(519) Survivor regions: 2->9(10)
[2025-03-28T19:58:08.814+0530][gc,heap     ] GC(519) Old regions: 120->120
[2025-03-28T19:58:08.814+0530][gc,heap     ] GC(519) Archive regions: 2->2
[2025-03-28T19:58:08.814+0530][gc,heap     ] GC(519) Humongous regions: 140->138
[2025-03-28T19:58:08.814+0530][gc,metaspace] GC(519) Metaspace: 53469K(54208K)->53469K(54208K) NonClass: 47413K(47808K)->47413K(47808K) Class: 6055K(6400K)->6055K(6400K)
[2025-03-28T19:58:08.814+0530][gc          ] GC(519) Pause Young (Normal) (G1 Evacuation Pause) 339M->267M(1024M) 49.493ms
[2025-03-28T19:58:08.814+0530][gc,cpu      ] GC(519) User=0.03s Sys=0.01s Real=0.05s
[2025-03-28T19:58:12.394+0530][gc,start    ] GC(520) Pause Young (Normal) (G1 Evacuation Pause)
[2025-03-28T19:58:12.394+0530][gc,task     ] GC(520) Using 2 workers of 2 for evacuation
[2025-03-28T19:58:12.399+0530][gc,phases   ] GC(520)   Pre Evacuate Collection Set: 0.3ms
[2025-03-28T19:58:12.399+0530][gc,phases   ] GC(520)   Merge Heap Roots: 0.1ms
[2025-03-28T19:58:12.399+0530][gc,phases   ] GC(520)   Evacuate Collection Set: 3.8ms
[2025-03-28T19:58:12.399+0530][gc,phases   ] GC(520)   Post Evacuate Collection Set: 0.6ms
[2025-03-28T19:58:12.399+0530][gc,phases   ] GC(520)   Other: 0.1ms
[2025-03-28T19:58:12.399+0530][gc,heap     ] GC(520) Eden regions: 42->0(55)
[2025-03-28T19:58:12.399+0530][gc,heap     ] GC(520) Survivor regions: 9->1(7)
[2025-03-28T19:58:12.399+0530][gc,heap     ] GC(520) Old regions: 120->121
[2025-03-28T19:58:12.399+0530][gc,heap     ] GC(520) Archive regions: 2->2
[2025-03-28T19:58:12.399+0530][gc,heap     ] GC(520) Humongous regions: 140->138
[2025-03-28T19:58:12.399+0530][gc,metaspace] GC(520) Metaspace: 53469K(54208K)->53469K(54208K) NonClass: 47413K(47808K)->47413K(47808K) Class: 6055K(6400K)->6055K(6400K)
[2025-03-28T19:58:12.399+0530][gc          ] GC(520) Pause Young (Normal) (G1 Evacuation Pause) 311M->260M(1024M) 5.165ms
[2025-03-28T19:58:12.399+0530][gc,cpu      ] GC(520) User=0.00s Sys=0.00s Real=0.01s
[2025-03-28T19:58:12.486+0530][gc,start    ] GC(521) Pause Young (Normal) (G1 Evacuation Pause)
[2025-03-28T19:58:12.486+0530][gc,task     ] GC(521) Using 2 workers of 2 for evacuation
[2025-03-28T19:58:12.497+0530][gc,phases   ] GC(521)   Pre Evacuate Collection Set: 0.1ms
[2025-03-28T19:58:12.498+0530][gc,phases   ] GC(521)   Merge Heap Roots: 0.1ms
[2025-03-28T19:58:12.498+0530][gc,phases   ] GC(521)   Evacuate Collection Set: 9.1ms
[2025-03-28T19:58:12.498+0530][gc,phases   ] GC(521)   Post Evacuate Collection Set: 1.7ms
[2025-03-28T19:58:12.498+0530][gc,phases   ] GC(521)   Other: 0.2ms
[2025-03-28T19:58:12.498+0530][gc,heap     ] GC(521) Eden regions: 55->0(48)
[2025-03-28T19:58:12.498+0530][gc,heap     ] GC(521) Survivor regions: 1->7(7)
[2025-03-28T19:58:12.498+0530][gc,heap     ] GC(521) Old regions: 121->121
[2025-03-28T19:58:12.498+0530][gc,heap     ] GC(521) Archive regions: 2->2
[2025-03-28T19:58:12.498+0530][gc,heap     ] GC(521) Humongous regions: 138->138
[2025-03-28T19:58:12.498+0530][gc,metaspace] GC(521) Metaspace: 53469K(54208K)->53469K(54208K) NonClass: 47413K(47808K)->47413K(47808K) Class: 6055K(6400K)->6055K(6400K)
[2025-03-28T19:58:12.498+0530][gc          ] GC(521) Pause Young (Normal) (G1 Evacuation Pause) 315M->265M(1024M) 11.420ms
[2025-03-28T19:58:12.498+0530][gc,cpu      ] GC(521) User=0.02s Sys=0.00s Real=0.01s
[2025-03-28T19:58:12.621+0530][gc,start    ] GC(522) Pause Young (Normal) (G1 Evacuation Pause)
[2025-03-28T19:58:12.621+0530][gc,task     ] GC(522) Using 2 workers of 2 for evacuation
[2025-03-28T19:58:12.626+0530][gc,phases   ] GC(522)   Pre Evacuate Collection Set: 0.2ms
[2025-03-28T19:58:12.626+0530][gc,phases   ] GC(522)   Merge Heap Roots: 0.1ms
[2025-03-28T19:58:12.626+0530][gc,phases   ] GC(522)   Evacuate Collection Set: 4.7ms
[2025-03-28T19:58:12.626+0530][gc,phases   ] GC(522)   Post Evacuate Collection Set: 0.6ms
[2025-03-28T19:58:12.626+0530][gc,phases   ] GC(522)   Other: 0.2ms
[2025-03-28T19:58:12.626+0530][gc,heap     ] GC(522) Eden regions: 48->0(80)
[2025-03-28T19:58:12.626+0530][gc,heap     ] GC(522) Survivor regions: 7->2(7)
[2025-03-28T19:58:12.626+0530][gc,heap     ] GC(522) Old regions: 121->122
[2025-03-28T19:58:12.627+0530][gc,heap     ] GC(522) Archive regions: 2->2
[2025-03-28T19:58:12.627+0530][gc,heap     ] GC(522) Humongous regions: 140->140
[2025-03-28T19:58:12.627+0530][gc,metaspace] GC(522) Metaspace: 53469K(54208K)->53469K(54208K) NonClass: 47413K(47808K)->47413K(47808K) Class: 6055K(6400K)->6055K(6400K)
[2025-03-28T19:58:12.627+0530][gc          ] GC(522) Pause Young (Normal) (G1 Evacuation Pause) 315M->264M(1024M) 6.002ms
[2025-03-28T19:58:12.627+0530][gc,cpu      ] GC(522) User=0.01s Sys=0.00s Real=0.01s
[2025-03-28T19:58:18.833+0530][gc,start    ] GC(523) Pause Young (Normal) (G1 Evacuation Pause)
[2025-03-28T19:58:18.833+0530][gc,task     ] GC(523) Using 2 workers of 2 for evacuation
[2025-03-28T19:58:18.839+0530][gc,phases   ] GC(523)   Pre Evacuate Collection Set: 0.2ms
[2025-03-28T19:58:18.840+0530][gc,phases   ] GC(523)   Merge Heap Roots: 0.1ms
[2025-03-28T19:58:18.840+0530][gc,phases   ] GC(523)   Evacuate Collection Set: 5.3ms
[2025-03-28T19:58:18.840+0530][gc,phases   ] GC(523)   Post Evacuate Collection Set: 0.5ms
[2025-03-28T19:58:18.840+0530][gc,phases   ] GC(523)   Other: 0.2ms
[2025-03-28T19:58:18.840+0530][gc,heap     ] GC(523) Eden regions: 80->0(113)
[2025-03-28T19:58:18.840+0530][gc,heap     ] GC(523) Survivor regions: 2->3(11)
[2025-03-28T19:58:18.840+0530][gc,heap     ] GC(523) Old regions: 122->122
[2025-03-28T19:58:18.840+0530][gc,heap     ] GC(523) Archive regions: 2->2
[2025-03-28T19:58:18.840+0530][gc,heap     ] GC(523) Humongous regions: 142->140
[2025-03-28T19:58:18.840+0530][gc,metaspace] GC(523) Metaspace: 53474K(54208K)->53474K(54208K) NonClass: 47418K(47808K)->47418K(47808K) Class: 6055K(6400K)->6055K(6400K)
[2025-03-28T19:58:18.840+0530][gc          ] GC(523) Pause Young (Normal) (G1 Evacuation Pause) 346M->265M(1024M) 6.273ms
[2025-03-28T19:58:18.840+0530][gc,cpu      ] GC(523) User=0.02s Sys=0.00s Real=0.00s
[2025-03-28T19:58:22.535+0530][gc,start    ] GC(524) Pause Young (Normal) (G1 Evacuation Pause)
[2025-03-28T19:58:22.535+0530][gc,task     ] GC(524) Using 2 workers of 2 for evacuation
[2025-03-28T19:58:22.541+0530][gc,phases   ] GC(524)   Pre Evacuate Collection Set: 0.2ms
[2025-03-28T19:58:22.541+0530][gc,phases   ] GC(524)   Merge Heap Roots: 0.1ms
[2025-03-28T19:58:22.541+0530][gc,phases   ] GC(524)   Evacuate Collection Set: 5.7ms
[2025-03-28T19:58:22.541+0530][gc,phases   ] GC(524)   Post Evacuate Collection Set: 0.5ms
[2025-03-28T19:58:22.541+0530][gc,phases   ] GC(524)   Other: 0.2ms
[2025-03-28T19:58:22.541+0530][gc,heap     ] GC(524) Eden regions: 113->0(158)
[2025-03-28T19:58:22.541+0530][gc,heap     ] GC(524) Survivor regions: 3->3(15)
[2025-03-28T19:58:22.541+0530][gc,heap     ] GC(524) Old regions: 122->122
[2025-03-28T19:58:22.541+0530][gc,heap     ] GC(524) Archive regions: 2->2
[2025-03-28T19:58:22.541+0530][gc,heap     ] GC(524) Humongous regions: 142->140
[2025-03-28T19:58:22.541+0530][gc,metaspace] GC(524) Metaspace: 53474K(54208K)->53474K(54208K) NonClass: 47418K(47808K)->47418K(47808K) Class: 6055K(6400K)->6055K(6400K)
[2025-03-28T19:58:22.541+0530][gc          ] GC(524) Pause Young (Normal) (G1 Evacuation Pause) 380M->265M(1024M) 6.710ms
[2025-03-28T19:58:22.541+0530][gc,cpu      ] GC(524) User=0.01s Sys=0.00s Real=0.01s
[2025-03-28T19:58:32.444+0530][gc,start    ] GC(525) Pause Young (Normal) (G1 Evacuation Pause)
[2025-03-28T19:58:32.444+0530][gc,task     ] GC(525) Using 2 workers of 2 for evacuation
[2025-03-28T19:58:32.450+0530][gc,phases   ] GC(525)   Pre Evacuate Collection Set: 0.3ms
[2025-03-28T19:58:32.450+0530][gc,phases   ] GC(525)   Merge Heap Roots: 0.1ms
[2025-03-28T19:58:32.450+0530][gc,phases   ] GC(525)   Evacuate Collection Set: 5.1ms
[2025-03-28T19:58:32.450+0530][gc,phases   ] GC(525)   Post Evacuate Collection Set: 0.6ms
[2025-03-28T19:58:32.450+0530][gc,phases   ] GC(525)   Other: 0.1ms
[2025-03-28T19:58:32.450+0530][gc,heap     ] GC(525) Eden regions: 158->0(236)
[2025-03-28T19:58:32.450+0530][gc,heap     ] GC(525) Survivor regions: 3->3(21)
[2025-03-28T19:58:32.450+0530][gc,heap     ] GC(525) Old regions: 122->122
[2025-03-28T19:58:32.450+0530][gc,heap     ] GC(525) Archive regions: 2->2
[2025-03-28T19:58:32.450+0530][gc,heap     ] GC(525) Humongous regions: 142->138
[2025-03-28T19:58:32.450+0530][gc,metaspace] GC(525) Metaspace: 53477K(54208K)->53477K(54208K) NonClass: 47422K(47808K)->47422K(47808K) Class: 6055K(6400K)->6055K(6400K)
[2025-03-28T19:58:32.450+0530][gc          ] GC(525) Pause Young (Normal) (G1 Evacuation Pause) 425M->262M(1024M) 6.386ms
[2025-03-28T19:58:32.450+0530][gc,cpu      ] GC(525) User=0.01s Sys=0.00s Real=0.01s
[2025-03-28T19:58:42.435+0530][gc,start    ] GC(526) Pause Young (Normal) (G1 Evacuation Pause)
[2025-03-28T19:58:42.435+0530][gc,task     ] GC(526) Using 2 workers of 2 for evacuation
[2025-03-28T19:58:42.443+0530][gc,phases   ] GC(526)   Pre Evacuate Collection Set: 0.2ms
[2025-03-28T19:58:42.443+0530][gc,phases   ] GC(526)   Merge Heap Roots: 0.1ms
[2025-03-28T19:58:42.443+0530][gc,phases   ] GC(526)   Evacuate Collection Set: 6.6ms
[2025-03-28T19:58:42.443+0530][gc,phases   ] GC(526)   Post Evacuate Collection Set: 0.6ms
[2025-03-28T19:58:42.443+0530][gc,phases   ] GC(526)   Other: 0.1ms
[2025-03-28T19:58:42.443+0530][gc,heap     ] GC(526) Eden regions: 234->0(301)
[2025-03-28T19:58:42.443+0530][gc,heap     ] GC(526) Survivor regions: 3->5(30)
[2025-03-28T19:58:42.443+0530][gc,heap     ] GC(526) Old regions: 122->122
[2025-03-28T19:58:42.443+0530][gc,heap     ] GC(526) Archive regions: 2->2
[2025-03-28T19:58:42.443+0530][gc,heap     ] GC(526) Humongous regions: 142->138
[2025-03-28T19:58:42.443+0530][gc,metaspace] GC(526) Metaspace: 53489K(54208K)->53489K(54208K) NonClass: 47433K(47808K)->47433K(47808K) Class: 6055K(6400K)->6055K(6400K)
[2025-03-28T19:58:42.443+0530][gc          ] GC(526) Pause Young (Normal) (G1 Evacuation Pause) 500M->264M(1024M) 7.739ms
[2025-03-28T19:58:42.443+0530][gc,cpu      ] GC(526) User=0.01s Sys=0.00s Real=0.02s
[2025-03-28T19:58:52.538+0530][gc,start    ] GC(527) Pause Young (Normal) (G1 Evacuation Pause)
[2025-03-28T19:58:52.538+0530][gc,task     ] GC(527) Using 2 workers of 2 for evacuation
[2025-03-28T19:58:52.547+0530][gc,phases   ] GC(527)   Pre Evacuate Collection Set: 0.2ms
[2025-03-28T19:58:52.547+0530][gc,phases   ] GC(527)   Merge Heap Roots: 0.1ms
[2025-03-28T19:58:52.547+0530][gc,phases   ] GC(527)   Evacuate Collection Set: 7.6ms
[2025-03-28T19:58:52.547+0530][gc,phases   ] GC(527)   Post Evacuate Collection Set: 0.8ms
[2025-03-28T19:58:52.547+0530][gc,phases   ] GC(527)   Other: 0.2ms
[2025-03-28T19:58:52.547+0530][gc,heap     ] GC(527) Eden regions: 291->0(391)
[2025-03-28T19:58:52.547+0530][gc,heap     ] GC(527) Survivor regions: 5->4(37)
[2025-03-28T19:58:52.547+0530][gc,heap     ] GC(527) Old regions: 122->122
[2025-03-28T19:58:52.547+0530][gc,heap     ] GC(527) Archive regions: 2->2
[2025-03-28T19:58:52.547+0530][gc,heap     ] GC(527) Humongous regions: 144->140
[2025-03-28T19:58:52.547+0530][gc,metaspace] GC(527) Metaspace: 53491K(54208K)->53491K(54208K) NonClass: 47435K(47808K)->47435K(47808K) Class: 6055K(6400K)->6055K(6400K)
[2025-03-28T19:58:52.547+0530][gc          ] GC(527) Pause Young (Normal) (G1 Evacuation Pause) 561M->266M(1024M) 9.025ms
[2025-03-28T19:58:52.547+0530][gc,cpu      ] GC(527) User=0.01s Sys=0.01s Real=0.01s
[2025-03-28T19:59:14.566+0530][gc,start    ] GC(528) Pause Young (Normal) (G1 Evacuation Pause)
[2025-03-28T19:59:14.566+0530][gc,task     ] GC(528) Using 2 workers of 2 for evacuation
[2025-03-28T19:59:14.683+0530][gc,mmu      ] GC(528) MMU target violated: 21.0ms (20.0ms/21.0ms)
[2025-03-28T19:59:14.683+0530][gc,phases   ] GC(528)   Pre Evacuate Collection Set: 1.2ms
[2025-03-28T19:59:14.683+0530][gc,phases   ] GC(528)   Merge Heap Roots: 0.4ms
[2025-03-28T19:59:14.683+0530][gc,phases   ] GC(528)   Evacuate Collection Set: 111.0ms
[2025-03-28T19:59:14.683+0530][gc,phases   ] GC(528)   Post Evacuate Collection Set: 4.2ms
[2025-03-28T19:59:14.683+0530][gc,phases   ] GC(528)   Other: 0.3ms
[2025-03-28T19:59:14.683+0530][gc,heap     ] GC(528) Eden regions: 363->0(46)
[2025-03-28T19:59:14.683+0530][gc,heap     ] GC(528) Survivor regions: 4->5(46)
[2025-03-28T19:59:14.683+0530][gc,heap     ] GC(528) Old regions: 122->122
[2025-03-28T19:59:14.683+0530][gc,heap     ] GC(528) Archive regions: 2->2
[2025-03-28T19:59:14.683+0530][gc,heap     ] GC(528) Humongous regions: 146->138
[2025-03-28T19:59:14.683+0530][gc,metaspace] GC(528) Metaspace: 53495K(54208K)->53495K(54208K) NonClass: 47439K(47808K)->47439K(47808K) Class: 6055K(6400K)->6055K(6400K)
[2025-03-28T19:59:14.683+0530][gc          ] GC(528) Pause Young (Normal) (G1 Evacuation Pause) 635M->264M(1024M) 117.396ms
[2025-03-28T19:59:14.683+0530][gc,cpu      ] GC(528) User=0.03s Sys=0.05s Real=0.11s
[2025-03-28T19:59:14.807+0530][gc,start    ] GC(529) Pause Young (Normal) (G1 Evacuation Pause)
[2025-03-28T19:59:14.807+0530][gc,task     ] GC(529) Using 2 workers of 2 for evacuation
[2025-03-28T19:59:14.821+0530][gc,phases   ] GC(529)   Pre Evacuate Collection Set: 0.3ms
[2025-03-28T19:59:14.821+0530][gc,phases   ] GC(529)   Merge Heap Roots: 0.2ms
[2025-03-28T19:59:14.821+0530][gc,phases   ] GC(529)   Evacuate Collection Set: 12.9ms
[2025-03-28T19:59:14.821+0530][gc,phases   ] GC(529)   Post Evacuate Collection Set: 0.7ms
[2025-03-28T19:59:14.821+0530][gc,phases   ] GC(529)   Other: 0.2ms
[2025-03-28T19:59:14.821+0530][gc,heap     ] GC(529) Eden regions: 46->0(47)
[2025-03-28T19:59:14.821+0530][gc,heap     ] GC(529) Survivor regions: 5->4(7)
[2025-03-28T19:59:14.821+0530][gc,heap     ] GC(529) Old regions: 122->123
[2025-03-28T19:59:14.821+0530][gc,heap     ] GC(529) Archive regions: 2->2
[2025-03-28T19:59:14.821+0530][gc,heap     ] GC(529) Humongous regions: 140->140
[2025-03-28T19:59:14.821+0530][gc,metaspace] GC(529) Metaspace: 53495K(54208K)->53495K(54208K) NonClass: 47439K(47808K)->47439K(47808K) Class: 6055K(6400K)->6055K(6400K)
[2025-03-28T19:59:14.821+0530][gc          ] GC(529) Pause Young (Normal) (G1 Evacuation Pause) 312M->266M(1024M) 14.353ms
[2025-03-28T19:59:14.821+0530][gc,cpu      ] GC(529) User=0.02s Sys=0.00s Real=0.01s
[2025-03-28T19:59:18.498+0530][gc,start    ] GC(530) Pause Young (Normal) (G1 Evacuation Pause)
[2025-03-28T19:59:18.498+0530][gc,task     ] GC(530) Using 2 workers of 2 for evacuation
[2025-03-28T19:59:18.510+0530][gc,phases   ] GC(530)   Pre Evacuate Collection Set: 0.3ms
[2025-03-28T19:59:18.510+0530][gc,phases   ] GC(530)   Merge Heap Roots: 0.2ms
[2025-03-28T19:59:18.510+0530][gc,phases   ] GC(530)   Evacuate Collection Set: 10.5ms
[2025-03-28T19:59:18.511+0530][gc,phases   ] GC(530)   Post Evacuate Collection Set: 1.5ms
[2025-03-28T19:59:18.511+0530][gc,phases   ] GC(530)   Other: 0.1ms
[2025-03-28T19:59:18.511+0530][gc,heap     ] GC(530) Eden regions: 47->0(49)
[2025-03-28T19:59:18.511+0530][gc,heap     ] GC(530) Survivor regions: 4->2(7)
[2025-03-28T19:59:18.511+0530][gc,heap     ] GC(530) Old regions: 123->123
[2025-03-28T19:59:18.511+0530][gc,heap     ] GC(530) Archive regions: 2->2
[2025-03-28T19:59:18.511+0530][gc,heap     ] GC(530) Humongous regions: 140->138
[2025-03-28T19:59:18.511+0530][gc,metaspace] GC(530) Metaspace: 53495K(54208K)->53495K(54208K) NonClass: 47439K(47808K)->47439K(47808K) Class: 6055K(6400K)->6055K(6400K)
[2025-03-28T19:59:18.511+0530][gc          ] GC(530) Pause Young (Normal) (G1 Evacuation Pause) 313M->262M(1024M) 12.681ms
[2025-03-28T19:59:18.511+0530][gc,cpu      ] GC(530) User=0.01s Sys=0.01s Real=0.01s
[2025-03-28T19:59:18.592+0530][gc,start    ] GC(531) Pause Young (Normal) (G1 Evacuation Pause)
[2025-03-28T19:59:18.592+0530][gc,task     ] GC(531) Using 2 workers of 2 for evacuation
[2025-03-28T19:59:18.619+0530][gc,mmu      ] GC(531) MMU target violated: 21.0ms (20.0ms/21.0ms)
[2025-03-28T19:59:18.619+0530][gc,phases   ] GC(531)   Pre Evacuate Collection Set: 0.5ms
[2025-03-28T19:59:18.619+0530][gc,phases   ] GC(531)   Merge Heap Roots: 0.2ms
[2025-03-28T19:59:18.619+0530][gc,phases   ] GC(531)   Evacuate Collection Set: 25.9ms
[2025-03-28T19:59:18.619+0530][gc,phases   ] GC(531)   Post Evacuate Collection Set: 0.4ms
[2025-03-28T19:59:18.619+0530][gc,phases   ] GC(531)   Other: 0.2ms
[2025-03-28T19:59:18.619+0530][gc,heap     ] GC(531) Eden regions: 49->0(44)
[2025-03-28T19:59:18.620+0530][gc,heap     ] GC(531) Survivor regions: 2->7(7)
[2025-03-28T19:59:18.620+0530][gc,heap     ] GC(531) Old regions: 123->123
[2025-03-28T19:59:18.620+0530][gc,heap     ] GC(531) Archive regions: 2->2
[2025-03-28T19:59:18.620+0530][gc,heap     ] GC(531) Humongous regions: 138->138
[2025-03-28T19:59:18.620+0530][gc,metaspace] GC(531) Metaspace: 53495K(54208K)->53495K(54208K) NonClass: 47439K(47808K)->47439K(47808K) Class: 6055K(6400K)->6055K(6400K)
[2025-03-28T19:59:18.620+0530][gc          ] GC(531) Pause Young (Normal) (G1 Evacuation Pause) 311M->268M(1024M) 27.357ms
[2025-03-28T19:59:18.620+0530][gc,cpu      ] GC(531) User=0.03s Sys=0.00s Real=0.03s
[2025-03-28T19:59:18.702+0530][gc,start    ] GC(532) Pause Young (Normal) (G1 Evacuation Pause)
[2025-03-28T19:59:18.702+0530][gc,task     ] GC(532) Using 2 workers of 2 for evacuation
[2025-03-28T19:59:18.710+0530][gc,phases   ] GC(532)   Pre Evacuate Collection Set: 0.2ms
[2025-03-28T19:59:18.710+0530][gc,phases   ] GC(532)   Merge Heap Roots: 0.1ms
[2025-03-28T19:59:18.710+0530][gc,phases   ] GC(532)   Evacuate Collection Set: 6.6ms
[2025-03-28T19:59:18.710+0530][gc,phases   ] GC(532)   Post Evacuate Collection Set: 1.1ms
[2025-03-28T19:59:18.710+0530][gc,phases   ] GC(532)   Other: 0.1ms
[2025-03-28T19:59:18.710+0530][gc,heap     ] GC(532) Eden regions: 44->0(49)
[2025-03-28T19:59:18.710+0530][gc,heap     ] GC(532) Survivor regions: 7->2(7)
[2025-03-28T19:59:18.710+0530][gc,heap     ] GC(532) Old regions: 123->125
[2025-03-28T19:59:18.710+0530][gc,heap     ] GC(532) Archive regions: 2->2
[2025-03-28T19:59:18.710+0530][gc,heap     ] GC(532) Humongous regions: 140->140
[2025-03-28T19:59:18.710+0530][gc,metaspace] GC(532) Metaspace: 53495K(54208K)->53495K(54208K) NonClass: 47439K(47808K)->47439K(47808K) Class: 6055K(6400K)->6055K(6400K)
[2025-03-28T19:59:18.710+0530][gc          ] GC(532) Pause Young (Normal) (G1 Evacuation Pause) 314M->267M(1024M) 8.256ms
[2025-03-28T19:59:18.710+0530][gc,cpu      ] GC(532) User=0.02s Sys=0.00s Real=0.01s
[2025-03-28T19:59:22.461+0530][gc,start    ] GC(533) Pause Young (Normal) (G1 Evacuation Pause)
[2025-03-28T19:59:22.461+0530][gc,task     ] GC(533) Using 2 workers of 2 for evacuation
[2025-03-28T19:59:22.467+0530][gc,phases   ] GC(533)   Pre Evacuate Collection Set: 0.3ms
[2025-03-28T19:59:22.467+0530][gc,phases   ] GC(533)   Merge Heap Roots: 0.1ms
[2025-03-28T19:59:22.467+0530][gc,phases   ] GC(533)   Evacuate Collection Set: 4.8ms
[2025-03-28T19:59:22.467+0530][gc,phases   ] GC(533)   Post Evacuate Collection Set: 0.5ms
[2025-03-28T19:59:22.467+0530][gc,phases   ] GC(533)   Other: 0.1ms
[2025-03-28T19:59:22.467+0530][gc,heap     ] GC(533) Eden regions: 49->0(46)
[2025-03-28T19:59:22.467+0530][gc,heap     ] GC(533) Survivor regions: 2->5(7)
[2025-03-28T19:59:22.467+0530][gc,heap     ] GC(533) Old regions: 125->125
[2025-03-28T19:59:22.467+0530][gc,heap     ] GC(533) Archive regions: 2->2
[2025-03-28T19:59:22.467+0530][gc,heap     ] GC(533) Humongous regions: 140->138
[2025-03-28T19:59:22.467+0530][gc,metaspace] GC(533) Metaspace: 53495K(54208K)->53495K(54208K) NonClass: 47439K(47808K)->47439K(47808K) Class: 6055K(6400K)->6055K(6400K)
[2025-03-28T19:59:22.467+0530][gc          ] GC(533) Pause Young (Normal) (G1 Evacuation Pause) 316M->267M(1024M) 5.912ms
[2025-03-28T19:59:22.467+0530][gc,cpu      ] GC(533) User=0.01s Sys=0.00s Real=0.01s
[2025-03-28T19:59:22.555+0530][gc,start    ] GC(534) Pause Young (Normal) (G1 Evacuation Pause)
[2025-03-28T19:59:22.555+0530][gc,task     ] GC(534) Using 2 workers of 2 for evacuation
[2025-03-28T19:59:22.563+0530][gc,phases   ] GC(534)   Pre Evacuate Collection Set: 1.9ms
[2025-03-28T19:59:22.563+0530][gc,phases   ] GC(534)   Merge Heap Roots: 0.1ms
[2025-03-28T19:59:22.563+0530][gc,phases   ] GC(534)   Evacuate Collection Set: 5.5ms
[2025-03-28T19:59:22.563+0530][gc,phases   ] GC(534)   Post Evacuate Collection Set: 0.4ms
[2025-03-28T19:59:22.563+0530][gc,phases   ] GC(534)   Other: 0.1ms
[2025-03-28T19:59:22.563+0530][gc,heap     ] GC(534) Eden regions: 46->0(49)
[2025-03-28T19:59:22.563+0530][gc,heap     ] GC(534) Survivor regions: 5->2(7)
[2025-03-28T19:59:22.563+0530][gc,heap     ] GC(534) Old regions: 125->126
[2025-03-28T19:59:22.563+0530][gc,heap     ] GC(534) Archive regions: 2->2
[2025-03-28T19:59:22.563+0530][gc,heap     ] GC(534) Humongous regions: 140->140
[2025-03-28T19:59:22.563+0530][gc,metaspace] GC(534) Metaspace: 53495K(54208K)->53495K(54208K) NonClass: 47439K(47808K)->47439K(47808K) Class: 6055K(6400K)->6055K(6400K)
[2025-03-28T19:59:22.563+0530][gc          ] GC(534) Pause Young (Normal) (G1 Evacuation Pause) 315M->268M(1024M) 8.120ms
[2025-03-28T19:59:22.563+0530][gc,cpu      ] GC(534) User=0.01s Sys=0.01s Real=0.01s
[2025-03-28T19:59:28.559+0530][gc,start    ] GC(535) Pause Young (Normal) (G1 Evacuation Pause)
[2025-03-28T19:59:28.559+0530][gc,task     ] GC(535) Using 2 workers of 2 for evacuation
[2025-03-28T19:59:28.571+0530][gc,phases   ] GC(535)   Pre Evacuate Collection Set: 0.4ms
[2025-03-28T19:59:28.571+0530][gc,phases   ] GC(535)   Merge Heap Roots: 0.1ms
[2025-03-28T19:59:28.571+0530][gc,phases   ] GC(535)   Evacuate Collection Set: 11.1ms
[2025-03-28T19:59:28.571+0530][gc,phases   ] GC(535)   Post Evacuate Collection Set: 0.5ms
[2025-03-28T19:59:28.571+0530][gc,phases   ] GC(535)   Other: 0.3ms
[2025-03-28T19:59:28.571+0530][gc,heap     ] GC(535) Eden regions: 49->0(48)
[2025-03-28T19:59:28.571+0530][gc,heap     ] GC(535) Survivor regions: 2->3(7)
[2025-03-28T19:59:28.571+0530][gc,heap     ] GC(535) Old regions: 126->126
[2025-03-28T19:59:28.571+0530][gc,heap     ] GC(535) Archive regions: 2->2
[2025-03-28T19:59:28.571+0530][gc,heap     ] GC(535) Humongous regions: 140->138
[2025-03-28T19:59:28.571+0530][gc,metaspace] GC(535) Metaspace: 53506K(54272K)->53506K(54272K) NonClass: 47450K(47872K)->47450K(47872K) Class: 6055K(6400K)->6055K(6400K)
[2025-03-28T19:59:28.571+0530][gc          ] GC(535) Pause Young (Normal) (G1 Evacuation Pause) 317M->267M(1024M) 12.480ms
[2025-03-28T19:59:28.571+0530][gc,cpu      ] GC(535) User=0.01s Sys=0.00s Real=0.01s
[2025-03-28T19:59:28.702+0530][gc,start    ] GC(536) Pause Young (Normal) (G1 Evacuation Pause)
[2025-03-28T19:59:28.702+0530][gc,task     ] GC(536) Using 2 workers of 2 for evacuation
[2025-03-28T19:59:28.720+0530][gc,phases   ] GC(536)   Pre Evacuate Collection Set: 0.2ms
[2025-03-28T19:59:28.720+0530][gc,phases   ] GC(536)   Merge Heap Roots: 0.1ms
[2025-03-28T19:59:28.720+0530][gc,phases   ] GC(536)   Evacuate Collection Set: 17.2ms
[2025-03-28T19:59:28.720+0530][gc,phases   ] GC(536)   Post Evacuate Collection Set: 0.5ms
[2025-03-28T19:59:28.720+0530][gc,phases   ] GC(536)   Other: 0.1ms
[2025-03-28T19:59:28.720+0530][gc,heap     ] GC(536) Eden regions: 48->0(54)
[2025-03-28T19:59:28.720+0530][gc,heap     ] GC(536) Survivor regions: 3->3(7)
[2025-03-28T19:59:28.720+0530][gc,heap     ] GC(536) Old regions: 126->126
[2025-03-28T19:59:28.720+0530][gc,heap     ] GC(536) Archive regions: 2->2
[2025-03-28T19:59:28.720+0530][gc,heap     ] GC(536) Humongous regions: 140->140
[2025-03-28T19:59:28.720+0530][gc,metaspace] GC(536) Metaspace: 53506K(54272K)->53506K(54272K) NonClass: 47450K(47872K)->47450K(47872K) Class: 6055K(6400K)->6055K(6400K)
[2025-03-28T19:59:28.720+0530][gc          ] GC(536) Pause Young (Normal) (G1 Evacuation Pause) 317M->269M(1024M) 18.234ms
[2025-03-28T19:59:28.720+0530][gc,cpu      ] GC(536) User=0.00s Sys=0.00s Real=0.02s
[2025-03-28T19:59:32.427+0530][gc,start    ] GC(537) Pause Young (Normal) (G1 Evacuation Pause)
[2025-03-28T19:59:32.428+0530][gc,task     ] GC(537) Using 2 workers of 2 for evacuation
[2025-03-28T19:59:32.448+0530][gc,mmu      ] GC(537) MMU target violated: 20.7ms (20.0ms/21.0ms)
[2025-03-28T19:59:32.449+0530][gc,phases   ] GC(537)   Pre Evacuate Collection Set: 0.5ms
[2025-03-28T19:59:32.449+0530][gc,phases   ] GC(537)   Merge Heap Roots: 0.2ms
[2025-03-28T19:59:32.449+0530][gc,phases   ] GC(537)   Evacuate Collection Set: 18.6ms
[2025-03-28T19:59:32.449+0530][gc,phases   ] GC(537)   Post Evacuate Collection Set: 1.4ms
[2025-03-28T19:59:32.449+0530][gc,phases   ] GC(537)   Other: 0.3ms
[2025-03-28T19:59:32.449+0530][gc,heap     ] GC(537) Eden regions: 54->0(83)
[2025-03-28T19:59:32.449+0530][gc,heap     ] GC(537) Survivor regions: 3->3(8)
[2025-03-28T19:59:32.449+0530][gc,heap     ] GC(537) Old regions: 126->126
[2025-03-28T19:59:32.449+0530][gc,heap     ] GC(537) Archive regions: 2->2
[2025-03-28T19:59:32.449+0530][gc,heap     ] GC(537) Humongous regions: 140->138
[2025-03-28T19:59:32.449+0530][gc,metaspace] GC(537) Metaspace: 53508K(54272K)->53508K(54272K) NonClass: 47452K(47872K)->47452K(47872K) Class: 6055K(6400K)->6055K(6400K)
[2025-03-28T19:59:32.449+0530][gc          ] GC(537) Pause Young (Normal) (G1 Evacuation Pause) 323M->266M(1024M) 21.212ms
[2025-03-28T19:59:32.449+0530][gc,cpu      ] GC(537) User=0.01s Sys=0.00s Real=0.02s
[2025-03-28T19:59:32.780+0530][gc,start    ] GC(538) Pause Young (Normal) (G1 Evacuation Pause)
[2025-03-28T19:59:32.780+0530][gc,task     ] GC(538) Using 2 workers of 2 for evacuation
[2025-03-28T19:59:32.794+0530][gc,phases   ] GC(538)   Pre Evacuate Collection Set: 0.2ms
[2025-03-28T19:59:32.794+0530][gc,phases   ] GC(538)   Merge Heap Roots: 0.1ms
[2025-03-28T19:59:32.794+0530][gc,phases   ] GC(538)   Evacuate Collection Set: 11.9ms
[2025-03-28T19:59:32.794+0530][gc,phases   ] GC(538)   Post Evacuate Collection Set: 0.7ms
[2025-03-28T19:59:32.794+0530][gc,phases   ] GC(538)   Other: 0.2ms
[2025-03-28T19:59:32.794+0530][gc,heap     ] GC(538) Eden regions: 83->0(108)
[2025-03-28T19:59:32.794+0530][gc,heap     ] GC(538) Survivor regions: 3->3(11)
[2025-03-28T19:59:32.794+0530][gc,heap     ] GC(538) Old regions: 126->126
[2025-03-28T19:59:32.794+0530][gc,heap     ] GC(538) Archive regions: 2->2
[2025-03-28T19:59:32.794+0530][gc,heap     ] GC(538) Humongous regions: 140->140
[2025-03-28T19:59:32.794+0530][gc,metaspace] GC(538) Metaspace: 53511K(54272K)->53511K(54272K) NonClass: 47455K(47872K)->47455K(47872K) Class: 6055K(6400K)->6055K(6400K)
[2025-03-28T19:59:32.794+0530][gc          ] GC(538) Pause Young (Normal) (G1 Evacuation Pause) 351M->269M(1024M) 13.267ms
[2025-03-28T19:59:32.794+0530][gc,cpu      ] GC(538) User=0.02s Sys=0.00s Real=0.01s
[2025-03-28T19:59:38.727+0530][gc,start    ] GC(539) Pause Young (Normal) (G1 Evacuation Pause)
[2025-03-28T19:59:38.727+0530][gc,task     ] GC(539) Using 2 workers of 2 for evacuation
[2025-03-28T19:59:38.740+0530][gc,phases   ] GC(539)   Pre Evacuate Collection Set: 0.2ms
[2025-03-28T19:59:38.740+0530][gc,phases   ] GC(539)   Merge Heap Roots: 0.1ms
[2025-03-28T19:59:38.740+0530][gc,phases   ] GC(539)   Evacuate Collection Set: 11.4ms
[2025-03-28T19:59:38.740+0530][gc,phases   ] GC(539)   Post Evacuate Collection Set: 0.5ms
[2025-03-28T19:59:38.740+0530][gc,phases   ] GC(539)   Other: 0.1ms
[2025-03-28T19:59:38.740+0530][gc,heap     ] GC(539) Eden regions: 108->0(132)
[2025-03-28T19:59:38.740+0530][gc,heap     ] GC(539) Survivor regions: 3->3(14)
[2025-03-28T19:59:38.740+0530][gc,heap     ] GC(539) Old regions: 126->126
[2025-03-28T19:59:38.740+0530][gc,heap     ] GC(539) Archive regions: 2->2
[2025-03-28T19:59:38.740+0530][gc,heap     ] GC(539) Humongous regions: 142->140
[2025-03-28T19:59:38.740+0530][gc,metaspace] GC(539) Metaspace: 53512K(54272K)->53512K(54272K) NonClass: 47456K(47872K)->47456K(47872K) Class: 6055K(6400K)->6055K(6400K)
[2025-03-28T19:59:38.740+0530][gc          ] GC(539) Pause Young (Normal) (G1 Evacuation Pause) 379M->269M(1024M) 12.481ms
[2025-03-28T19:59:38.740+0530][gc,cpu      ] GC(539) User=0.02s Sys=0.00s Real=0.01s
[2025-03-28T19:59:48.520+0530][gc,start    ] GC(540) Pause Young (Normal) (G1 Evacuation Pause)
[2025-03-28T19:59:48.520+0530][gc,task     ] GC(540) Using 2 workers of 2 for evacuation
[2025-03-28T19:59:48.538+0530][gc,phases   ] GC(540)   Pre Evacuate Collection Set: 0.3ms
[2025-03-28T19:59:48.538+0530][gc,phases   ] GC(540)   Merge Heap Roots: 0.4ms
[2025-03-28T19:59:48.538+0530][gc,phases   ] GC(540)   Evacuate Collection Set: 16.1ms
[2025-03-28T19:59:48.538+0530][gc,phases   ] GC(540)   Post Evacuate Collection Set: 0.6ms
[2025-03-28T19:59:48.538+0530][gc,phases   ] GC(540)   Other: 0.2ms
[2025-03-28T19:59:48.538+0530][gc,heap     ] GC(540) Eden regions: 130->0(237)
[2025-03-28T19:59:48.538+0530][gc,heap     ] GC(540) Survivor regions: 3->2(17)
[2025-03-28T19:59:48.538+0530][gc,heap     ] GC(540) Old regions: 126->126
[2025-03-28T19:59:48.538+0530][gc,heap     ] GC(540) Archive regions: 2->2
[2025-03-28T19:59:48.538+0530][gc,heap     ] GC(540) Humongous regions: 142->138
[2025-03-28T19:59:48.538+0530][gc,metaspace] GC(540) Metaspace: 53512K(54272K)->53512K(54272K) NonClass: 47456K(47872K)->47456K(47872K) Class: 6055K(6400K)->6055K(6400K)
[2025-03-28T19:59:48.538+0530][gc          ] GC(540) Pause Young (Normal) (G1 Evacuation Pause) 401M->265M(1024M) 17.663ms
[2025-03-28T19:59:48.538+0530][gc,cpu      ] GC(540) User=0.01s Sys=0.00s Real=0.01s
[2025-03-28T19:59:57.443+0530][gc,start    ] GC(541) Pause Young (Normal) (G1 Evacuation Pause)
[2025-03-28T19:59:57.443+0530][gc,task     ] GC(541) Using 2 workers of 2 for evacuation
[2025-03-28T19:59:57.452+0530][gc,phases   ] GC(541)   Pre Evacuate Collection Set: 0.2ms
[2025-03-28T19:59:57.452+0530][gc,phases   ] GC(541)   Merge Heap Roots: 0.3ms
[2025-03-28T19:59:57.452+0530][gc,phases   ] GC(541)   Evacuate Collection Set: 8.1ms
[2025-03-28T19:59:57.452+0530][gc,phases   ] GC(541)   Post Evacuate Collection Set: 0.6ms
[2025-03-28T19:59:57.452+0530][gc,phases   ] GC(541)   Other: 0.2ms
[2025-03-28T19:59:57.452+0530][gc,heap     ] GC(541) Eden regions: 219->0(364)
[2025-03-28T19:59:57.452+0530][gc,heap     ] GC(541) Survivor regions: 2->2(28)
[2025-03-28T19:59:57.452+0530][gc,heap     ] GC(541) Old regions: 126->126
[2025-03-28T19:59:57.452+0530][gc,heap     ] GC(541) Archive regions: 2->2
[2025-03-28T19:59:57.452+0530][gc,heap     ] GC(541) Humongous regions: 142->138
[2025-03-28T19:59:57.452+0530][gc,metaspace] GC(541) Metaspace: 53512K(54272K)->53512K(54272K) NonClass: 47456K(47872K)->47456K(47872K) Class: 6055K(6400K)->6055K(6400K)
[2025-03-28T19:59:57.452+0530][gc          ] GC(541) Pause Young (Normal) (G1 Evacuation Pause) 488M->265M(1024M) 9.488ms
[2025-03-28T19:59:57.452+0530][gc,cpu      ] GC(541) User=0.01s Sys=0.00s Real=0.01s
[2025-03-28T20:00:08.717+0530][gc,start    ] GC(542) Pause Young (Normal) (G1 Evacuation Pause)
[2025-03-28T20:00:08.717+0530][gc,task     ] GC(542) Using 2 workers of 2 for evacuation
[2025-03-28T20:00:08.738+0530][gc,mmu      ] GC(542) MMU target violated: 21.0ms (20.0ms/21.0ms)
[2025-03-28T20:00:08.738+0530][gc,phases   ] GC(542)   Pre Evacuate Collection Set: 0.5ms
[2025-03-28T20:00:08.738+0530][gc,phases   ] GC(542)   Merge Heap Roots: 0.3ms
[2025-03-28T20:00:08.738+0530][gc,phases   ] GC(542)   Evacuate Collection Set: 19.0ms
[2025-03-28T20:00:08.738+0530][gc,phases   ] GC(542)   Post Evacuate Collection Set: 1.2ms
[2025-03-28T20:00:08.738+0530][gc,phases   ] GC(542)   Other: 0.2ms
[2025-03-28T20:00:08.738+0530][gc,heap     ] GC(542) Eden regions: 323->0(180)
[2025-03-28T20:00:08.738+0530][gc,heap     ] GC(542) Survivor regions: 2->4(41)
[2025-03-28T20:00:08.738+0530][gc,heap     ] GC(542) Old regions: 126->126
[2025-03-28T20:00:08.738+0530][gc,heap     ] GC(542) Archive regions: 2->2
[2025-03-28T20:00:08.738+0530][gc,heap     ] GC(542) Humongous regions: 144->140
[2025-03-28T20:00:08.738+0530][gc,metaspace] GC(542) Metaspace: 53512K(54272K)->53512K(54272K) NonClass: 47456K(47872K)->47456K(47872K) Class: 6055K(6400K)->6055K(6400K)
[2025-03-28T20:00:08.738+0530][gc          ] GC(542) Pause Young (Normal) (G1 Evacuation Pause) 594M->269M(1024M) 21.292ms
[2025-03-28T20:00:08.738+0530][gc,cpu      ] GC(542) User=0.02s Sys=0.00s Real=0.02s
[2025-03-28T20:00:18.503+0530][gc,start    ] GC(543) Pause Young (Normal) (G1 Evacuation Pause)
[2025-03-28T20:00:18.504+0530][gc,task     ] GC(543) Using 2 workers of 2 for evacuation
[2025-03-28T20:00:18.529+0530][gc,mmu      ] GC(543) MMU target violated: 21.0ms (20.0ms/21.0ms)
[2025-03-28T20:00:18.529+0530][gc,phases   ] GC(543)   Pre Evacuate Collection Set: 0.3ms
[2025-03-28T20:00:18.529+0530][gc,phases   ] GC(543)   Merge Heap Roots: 0.5ms
[2025-03-28T20:00:18.529+0530][gc,phases   ] GC(543)   Evacuate Collection Set: 23.2ms
[2025-03-28T20:00:18.529+0530][gc,phases   ] GC(543)   Post Evacuate Collection Set: 1.7ms
[2025-03-28T20:00:18.530+0530][gc,phases   ] GC(543)   Other: 2.7ms
[2025-03-28T20:00:18.530+0530][gc,heap     ] GC(543) Eden regions: 117->0(211)
[2025-03-28T20:00:18.530+0530][gc,heap     ] GC(543) Survivor regions: 4->2(16)
[2025-03-28T20:00:18.530+0530][gc,heap     ] GC(543) Old regions: 126->126
[2025-03-28T20:00:18.530+0530][gc,heap     ] GC(543) Archive regions: 2->2
[2025-03-28T20:00:18.530+0530][gc,heap     ] GC(543) Humongous regions: 142->138
[2025-03-28T20:00:18.530+0530][gc,metaspace] GC(543) Metaspace: 53512K(54272K)->53512K(54272K) NonClass: 47456K(47872K)->47456K(47872K) Class: 6055K(6400K)->6055K(6400K)
[2025-03-28T20:00:18.530+0530][gc          ] GC(543) Pause Young (Normal) (G1 Evacuation Pause) 388M->266M(1024M) 26.087ms
[2025-03-28T20:00:18.530+0530][gc,cpu      ] GC(543) User=0.02s Sys=0.00s Real=0.03s
[2025-03-28T20:00:22.517+0530][gc,start    ] GC(544) Pause Young (Normal) (G1 Evacuation Pause)
[2025-03-28T20:00:22.518+0530][gc,task     ] GC(544) Using 2 workers of 2 for evacuation
[2025-03-28T20:00:22.548+0530][gc,mmu      ] GC(544) MMU target violated: 21.0ms (20.0ms/21.0ms)
[2025-03-28T20:00:22.548+0530][gc,phases   ] GC(544)   Pre Evacuate Collection Set: 0.5ms
[2025-03-28T20:00:22.548+0530][gc,phases   ] GC(544)   Merge Heap Roots: 0.2ms
[2025-03-28T20:00:22.548+0530][gc,phases   ] GC(544)   Evacuate Collection Set: 28.9ms
[2025-03-28T20:00:22.548+0530][gc,phases   ] GC(544)   Post Evacuate Collection Set: 0.9ms
[2025-03-28T20:00:22.548+0530][gc,phases   ] GC(544)   Other: 0.2ms
[2025-03-28T20:00:22.548+0530][gc,heap     ] GC(544) Eden regions: 167->0(42)
[2025-03-28T20:00:22.548+0530][gc,heap     ] GC(544) Survivor regions: 2->9(22)
[2025-03-28T20:00:22.548+0530][gc,heap     ] GC(544) Old regions: 126->126
[2025-03-28T20:00:22.548+0530][gc,heap     ] GC(544) Archive regions: 2->2
[2025-03-28T20:00:22.548+0530][gc,heap     ] GC(544) Humongous regions: 140->138
[2025-03-28T20:00:22.548+0530][gc,metaspace] GC(544) Metaspace: 53512K(54272K)->53512K(54272K) NonClass: 47456K(47872K)->47456K(47872K) Class: 6055K(6400K)->6055K(6400K)
[2025-03-28T20:00:22.548+0530][gc          ] GC(544) Pause Young (Normal) (G1 Evacuation Pause) 435M->273M(1024M) 30.861ms
[2025-03-28T20:00:22.548+0530][gc,cpu      ] GC(544) User=0.03s Sys=0.00s Real=0.03s
[2025-03-28T20:00:22.654+0530][gc,start    ] GC(545) Pause Young (Normal) (G1 Evacuation Pause)
[2025-03-28T20:00:22.654+0530][gc,task     ] GC(545) Using 2 workers of 2 for evacuation
[2025-03-28T20:00:22.668+0530][gc,phases   ] GC(545)   Pre Evacuate Collection Set: 0.3ms
[2025-03-28T20:00:22.668+0530][gc,phases   ] GC(545)   Merge Heap Roots: 0.2ms
[2025-03-28T20:00:22.668+0530][gc,phases   ] GC(545)   Evacuate Collection Set: 13.2ms
[2025-03-28T20:00:22.668+0530][gc,phases   ] GC(545)   Post Evacuate Collection Set: 0.4ms
[2025-03-28T20:00:22.668+0530][gc,phases   ] GC(545)   Other: 0.2ms
[2025-03-28T20:00:22.668+0530][gc,heap     ] GC(545) Eden regions: 42->0(77)
[2025-03-28T20:00:22.668+0530][gc,heap     ] GC(545) Survivor regions: 9->1(7)
[2025-03-28T20:00:22.668+0530][gc,heap     ] GC(545) Old regions: 126->129
[2025-03-28T20:00:22.668+0530][gc,heap     ] GC(545) Archive regions: 2->2
[2025-03-28T20:00:22.668+0530][gc,heap     ] GC(545) Humongous regions: 140->140
[2025-03-28T20:00:22.668+0530][gc,metaspace] GC(545) Metaspace: 53512K(54272K)->53512K(54272K) NonClass: 47456K(47872K)->47456K(47872K) Class: 6055K(6400K)->6055K(6400K)
[2025-03-28T20:00:22.668+0530][gc          ] GC(545) Pause Young (Normal) (G1 Evacuation Pause) 317M->270M(1024M) 14.282ms
[2025-03-28T20:00:22.668+0530][gc,cpu      ] GC(545) User=0.02s Sys=0.00s Real=0.02s
[2025-03-28T20:00:28.832+0530][gc,start    ] GC(546) Pause Young (Normal) (G1 Evacuation Pause)
[2025-03-28T20:00:28.833+0530][gc,task     ] GC(546) Using 2 workers of 2 for evacuation
[2025-03-28T20:00:28.839+0530][gc,phases   ] GC(546)   Pre Evacuate Collection Set: 0.3ms
[2025-03-28T20:00:28.840+0530][gc,phases   ] GC(546)   Merge Heap Roots: 0.1ms
[2025-03-28T20:00:28.840+0530][gc,phases   ] GC(546)   Evacuate Collection Set: 6.0ms
[2025-03-28T20:00:28.840+0530][gc,phases   ] GC(546)   Post Evacuate Collection Set: 0.6ms
[2025-03-28T20:00:28.840+0530][gc,phases   ] GC(546)   Other: 0.1ms
[2025-03-28T20:00:28.840+0530][gc,heap     ] GC(546) Eden regions: 77->0(99)
[2025-03-28T20:00:28.840+0530][gc,heap     ] GC(546) Survivor regions: 1->3(10)
[2025-03-28T20:00:28.840+0530][gc,heap     ] GC(546) Old regions: 129->129
[2025-03-28T20:00:28.840+0530][gc,heap     ] GC(546) Archive regions: 2->2
[2025-03-28T20:00:28.840+0530][gc,heap     ] GC(546) Humongous regions: 142->140
[2025-03-28T20:00:28.840+0530][gc,metaspace] GC(546) Metaspace: 53514K(54272K)->53514K(54272K) NonClass: 47458K(47872K)->47458K(47872K) Class: 6055K(6400K)->6055K(6400K)
[2025-03-28T20:00:28.840+0530][gc          ] GC(546) Pause Young (Normal) (G1 Evacuation Pause) 349M->272M(1024M) 7.103ms
[2025-03-28T20:00:28.840+0530][gc,cpu      ] GC(546) User=0.01s Sys=0.00s Real=0.01s
[2025-03-28T20:00:32.525+0530][gc,start    ] GC(547) Pause Young (Normal) (G1 Evacuation Pause)
[2025-03-28T20:00:32.525+0530][gc,task     ] GC(547) Using 2 workers of 2 for evacuation
[2025-03-28T20:00:32.537+0530][gc,phases   ] GC(547)   Pre Evacuate Collection Set: 0.2ms
[2025-03-28T20:00:32.538+0530][gc,phases   ] GC(547)   Merge Heap Roots: 0.1ms
[2025-03-28T20:00:32.538+0530][gc,phases   ] GC(547)   Evacuate Collection Set: 10.8ms
[2025-03-28T20:00:32.538+0530][gc,phases   ] GC(547)   Post Evacuate Collection Set: 0.9ms
[2025-03-28T20:00:32.538+0530][gc,phases   ] GC(547)   Other: 0.2ms
[2025-03-28T20:00:32.538+0530][gc,heap     ] GC(547) Eden regions: 99->0(51)
[2025-03-28T20:00:32.538+0530][gc,heap     ] GC(547) Survivor regions: 3->8(13)
[2025-03-28T20:00:32.538+0530][gc,heap     ] GC(547) Old regions: 129->129
[2025-03-28T20:00:32.538+0530][gc,heap     ] GC(547) Archive regions: 2->2
[2025-03-28T20:00:32.538+0530][gc,heap     ] GC(547) Humongous regions: 140->138
[2025-03-28T20:00:32.538+0530][gc,metaspace] GC(547) Metaspace: 53514K(54272K)->53514K(54272K) NonClass: 47458K(47872K)->47458K(47872K) Class: 6055K(6400K)->6055K(6400K)
[2025-03-28T20:00:32.538+0530][gc          ] GC(547) Pause Young (Normal) (G1 Evacuation Pause) 371M->274M(1024M) 12.383ms
[2025-03-28T20:00:32.538+0530][gc,cpu      ] GC(547) User=0.02s Sys=0.00s Real=0.01s
[2025-03-28T20:00:37.414+0530][gc,start    ] GC(548) Pause Young (Normal) (G1 Evacuation Pause)
[2025-03-28T20:00:37.414+0530][gc,task     ] GC(548) Using 2 workers of 2 for evacuation
[2025-03-28T20:00:37.432+0530][gc,phases   ] GC(548)   Pre Evacuate Collection Set: 1.1ms
[2025-03-28T20:00:37.433+0530][gc,phases   ] GC(548)   Merge Heap Roots: 0.7ms
[2025-03-28T20:00:37.433+0530][gc,phases   ] GC(548)   Evacuate Collection Set: 14.0ms
[2025-03-28T20:00:37.433+0530][gc,phases   ] GC(548)   Post Evacuate Collection Set: 1.9ms
[2025-03-28T20:00:37.433+0530][gc,phases   ] GC(548)   Other: 0.4ms
[2025-03-28T20:00:37.433+0530][gc,heap     ] GC(548) Eden regions: 51->0(55)
[2025-03-28T20:00:37.433+0530][gc,heap     ] GC(548) Survivor regions: 8->1(8)
[2025-03-28T20:00:37.433+0530][gc,heap     ] GC(548) Old regions: 129->129
[2025-03-28T20:00:37.433+0530][gc,heap     ] GC(548) Archive regions: 2->2
[2025-03-28T20:00:37.433+0530][gc,heap     ] GC(548) Humongous regions: 140->138
[2025-03-28T20:00:37.433+0530][gc,metaspace] GC(548) Metaspace: 53515K(54272K)->53515K(54272K) NonClass: 47459K(47872K)->47459K(47872K) Class: 6055K(6400K)->6055K(6400K)
[2025-03-28T20:00:37.433+0530][gc          ] GC(548) Pause Young (Normal) (G1 Evacuation Pause) 327M->268M(1024M) 18.745ms
[2025-03-28T20:00:37.433+0530][gc,cpu      ] GC(548) User=0.03s Sys=0.00s Real=0.02s
[2025-03-28T20:00:38.643+0530][gc,start    ] GC(549) Pause Young (Normal) (G1 Evacuation Pause)
[2025-03-28T20:00:38.643+0530][gc,task     ] GC(549) Using 2 workers of 2 for evacuation
[2025-03-28T20:00:38.652+0530][gc,phases   ] GC(549)   Pre Evacuate Collection Set: 1.6ms
[2025-03-28T20:00:38.652+0530][gc,phases   ] GC(549)   Merge Heap Roots: 0.1ms
[2025-03-28T20:00:38.652+0530][gc,phases   ] GC(549)   Evacuate Collection Set: 7.0ms
[2025-03-28T20:00:38.652+0530][gc,phases   ] GC(549)   Post Evacuate Collection Set: 0.5ms
[2025-03-28T20:00:38.652+0530][gc,phases   ] GC(549)   Other: 0.1ms
[2025-03-28T20:00:38.652+0530][gc,heap     ] GC(549) Eden regions: 55->0(44)
[2025-03-28T20:00:38.652+0530][gc,heap     ] GC(549) Survivor regions: 1->7(7)
[2025-03-28T20:00:38.652+0530][gc,heap     ] GC(549) Old regions: 129->129
[2025-03-28T20:00:38.652+0530][gc,heap     ] GC(549) Archive regions: 2->2
[2025-03-28T20:00:38.652+0530][gc,heap     ] GC(549) Humongous regions: 138->138
[2025-03-28T20:00:38.652+0530][gc,metaspace] GC(549) Metaspace: 53515K(54272K)->53515K(54272K) NonClass: 47459K(47872K)->47459K(47872K) Class: 6055K(6400K)->6055K(6400K)
[2025-03-28T20:00:38.652+0530][gc          ] GC(549) Pause Young (Normal) (G1 Evacuation Pause) 323M->274M(1024M) 9.465ms
[2025-03-28T20:00:38.652+0530][gc,cpu      ] GC(549) User=0.01s Sys=0.00s Real=0.01s
[2025-03-28T20:00:38.724+0530][gc,start    ] GC(550) Pause Young (Normal) (G1 Evacuation Pause)
[2025-03-28T20:00:38.724+0530][gc,task     ] GC(550) Using 2 workers of 2 for evacuation
[2025-03-28T20:00:38.729+0530][gc,phases   ] GC(550)   Pre Evacuate Collection Set: 0.2ms
[2025-03-28T20:00:38.729+0530][gc,phases   ] GC(550)   Merge Heap Roots: 0.1ms
[2025-03-28T20:00:38.729+0530][gc,phases   ] GC(550)   Evacuate Collection Set: 4.5ms
[2025-03-28T20:00:38.729+0530][gc,phases   ] GC(550)   Post Evacuate Collection Set: 0.4ms
[2025-03-28T20:00:38.729+0530][gc,phases   ] GC(550)   Other: 0.1ms
[2025-03-28T20:00:38.729+0530][gc,heap     ] GC(550) Eden regions: 44->0(81)
[2025-03-28T20:00:38.729+0530][gc,heap     ] GC(550) Survivor regions: 7->2(7)
[2025-03-28T20:00:38.729+0530][gc,heap     ] GC(550) Old regions: 129->131
[2025-03-28T20:00:38.729+0530][gc,heap     ] GC(550) Archive regions: 2->2
[2025-03-28T20:00:38.729+0530][gc,heap     ] GC(550) Humongous regions: 140->140
[2025-03-28T20:00:38.729+0530][gc,metaspace] GC(550) Metaspace: 53515K(54272K)->53515K(54272K) NonClass: 47459K(47872K)->47459K(47872K) Class: 6055K(6400K)->6055K(6400K)
[2025-03-28T20:00:38.729+0530][gc          ] GC(550) Pause Young (Normal) (G1 Evacuation Pause) 320M->273M(1024M) 5.383ms
[2025-03-28T20:00:38.729+0530][gc,cpu      ] GC(550) User=0.01s Sys=0.00s Real=0.00s
[2025-03-28T20:00:42.515+0530][gc,start    ] GC(551) Pause Young (Normal) (G1 Evacuation Pause)
[2025-03-28T20:00:42.515+0530][gc,task     ] GC(551) Using 2 workers of 2 for evacuation
[2025-03-28T20:00:42.521+0530][gc,phases   ] GC(551)   Pre Evacuate Collection Set: 0.2ms
[2025-03-28T20:00:42.521+0530][gc,phases   ] GC(551)   Merge Heap Roots: 0.1ms
[2025-03-28T20:00:42.521+0530][gc,phases   ] GC(551)   Evacuate Collection Set: 4.8ms
[2025-03-28T20:00:42.521+0530][gc,phases   ] GC(551)   Post Evacuate Collection Set: 0.6ms
[2025-03-28T20:00:42.521+0530][gc,phases   ] GC(551)   Other: 0.1ms
[2025-03-28T20:00:42.521+0530][gc,heap     ] GC(551) Eden regions: 81->0(118)
[2025-03-28T20:00:42.521+0530][gc,heap     ] GC(551) Survivor regions: 2->3(11)
[2025-03-28T20:00:42.521+0530][gc,heap     ] GC(551) Old regions: 131->131
[2025-03-28T20:00:42.521+0530][gc,heap     ] GC(551) Archive regions: 2->2
[2025-03-28T20:00:42.521+0530][gc,heap     ] GC(551) Humongous regions: 142->140
[2025-03-28T20:00:42.521+0530][gc,metaspace] GC(551) Metaspace: 53517K(54272K)->53517K(54272K) NonClass: 47461K(47872K)->47461K(47872K) Class: 6055K(6400K)->6055K(6400K)
[2025-03-28T20:00:42.521+0530][gc          ] GC(551) Pause Young (Normal) (G1 Evacuation Pause) 356M->273M(1024M) 5.872ms
[2025-03-28T20:00:42.521+0530][gc,cpu      ] GC(551) User=0.01s Sys=0.00s Real=0.00s
[2025-03-28T20:00:48.724+0530][gc,start    ] GC(552) Pause Young (Normal) (G1 Evacuation Pause)
[2025-03-28T20:00:48.725+0530][gc,task     ] GC(552) Using 2 workers of 2 for evacuation
[2025-03-28T20:00:48.731+0530][gc,phases   ] GC(552)   Pre Evacuate Collection Set: 0.2ms
[2025-03-28T20:00:48.731+0530][gc,phases   ] GC(552)   Merge Heap Roots: 0.1ms
[2025-03-28T20:00:48.731+0530][gc,phases   ] GC(552)   Evacuate Collection Set: 6.0ms
[2025-03-28T20:00:48.731+0530][gc,phases   ] GC(552)   Post Evacuate Collection Set: 0.5ms
[2025-03-28T20:00:48.731+0530][gc,phases   ] GC(552)   Other: 0.2ms
[2025-03-28T20:00:48.732+0530][gc,heap     ] GC(552) Eden regions: 118->0(172)
[2025-03-28T20:00:48.732+0530][gc,heap     ] GC(552) Survivor regions: 3->3(16)
[2025-03-28T20:00:48.732+0530][gc,heap     ] GC(552) Old regions: 131->131
[2025-03-28T20:00:48.732+0530][gc,heap     ] GC(552) Archive regions: 2->2
[2025-03-28T20:00:48.732+0530][gc,heap     ] GC(552) Humongous regions: 142->140
[2025-03-28T20:00:48.732+0530][gc,metaspace] GC(552) Metaspace: 53526K(54272K)->53526K(54272K) NonClass: 47470K(47872K)->47470K(47872K) Class: 6055K(6400K)->6055K(6400K)
[2025-03-28T20:00:48.732+0530][gc          ] GC(552) Pause Young (Normal) (G1 Evacuation Pause) 393M->274M(1024M) 7.135ms
[2025-03-28T20:00:48.732+0530][gc,cpu      ] GC(552) User=0.01s Sys=0.00s Real=0.01s
[2025-03-28T20:00:58.685+0530][gc,start    ] GC(553) Pause Young (Normal) (G1 Evacuation Pause)
[2025-03-28T20:00:58.685+0530][gc,task     ] GC(553) Using 2 workers of 2 for evacuation
[2025-03-28T20:00:58.710+0530][gc,mmu      ] GC(553) MMU target violated: 21.0ms (20.0ms/21.0ms)
[2025-03-28T20:00:58.711+0530][gc,phases   ] GC(553)   Pre Evacuate Collection Set: 0.3ms
[2025-03-28T20:00:58.711+0530][gc,phases   ] GC(553)   Merge Heap Roots: 0.2ms
[2025-03-28T20:00:58.711+0530][gc,phases   ] GC(553)   Evacuate Collection Set: 24.0ms
[2025-03-28T20:00:58.711+0530][gc,phases   ] GC(553)   Post Evacuate Collection Set: 0.7ms
[2025-03-28T20:00:58.711+0530][gc,phases   ] GC(553)   Other: 0.3ms
[2025-03-28T20:00:58.711+0530][gc,heap     ] GC(553) Eden regions: 172->0(122)
[2025-03-28T20:00:58.711+0530][gc,heap     ] GC(553) Survivor regions: 3->4(22)
[2025-03-28T20:00:58.711+0530][gc,heap     ] GC(553) Old regions: 131->131
[2025-03-28T20:00:58.711+0530][gc,heap     ] GC(553) Archive regions: 2->2
[2025-03-28T20:00:58.711+0530][gc,heap     ] GC(553) Humongous regions: 142->138
[2025-03-28T20:00:58.711+0530][gc,metaspace] GC(553) Metaspace: 53539K(54272K)->53539K(54272K) NonClass: 47483K(47872K)->47483K(47872K) Class: 6055K(6400K)->6055K(6400K)
[2025-03-28T20:00:58.711+0530][gc          ] GC(553) Pause Young (Normal) (G1 Evacuation Pause) 448M->273M(1024M) 25.784ms
[2025-03-28T20:00:58.711+0530][gc,cpu      ] GC(553) User=0.03s Sys=0.00s Real=0.02s
[2025-03-28T20:01:02.509+0530][gc,start    ] GC(554) Pause Young (Normal) (G1 Evacuation Pause)
[2025-03-28T20:01:02.509+0530][gc,task     ] GC(554) Using 2 workers of 2 for evacuation
[2025-03-28T20:01:02.517+0530][gc,phases   ] GC(554)   Pre Evacuate Collection Set: 0.2ms
[2025-03-28T20:01:02.517+0530][gc,phases   ] GC(554)   Merge Heap Roots: 0.1ms
[2025-03-28T20:01:02.517+0530][gc,phases   ] GC(554)   Evacuate Collection Set: 6.7ms
[2025-03-28T20:01:02.517+0530][gc,phases   ] GC(554)   Post Evacuate Collection Set: 0.6ms
[2025-03-28T20:01:02.517+0530][gc,phases   ] GC(554)   Other: 0.1ms
[2025-03-28T20:01:02.517+0530][gc,heap     ] GC(554) Eden regions: 122->0(137)
[2025-03-28T20:01:02.517+0530][gc,heap     ] GC(554) Survivor regions: 4->6(16)
[2025-03-28T20:01:02.517+0530][gc,heap     ] GC(554) Old regions: 131->131
[2025-03-28T20:01:02.517+0530][gc,heap     ] GC(554) Archive regions: 2->2
[2025-03-28T20:01:02.517+0530][gc,heap     ] GC(554) Humongous regions: 140->138
[2025-03-28T20:01:02.517+0530][gc,metaspace] GC(554) Metaspace: 53572K(54272K)->53572K(54272K) NonClass: 47516K(47872K)->47516K(47872K) Class: 6055K(6400K)->6055K(6400K)
[2025-03-28T20:01:02.517+0530][gc          ] GC(554) Pause Young (Normal) (G1 Evacuation Pause) 397M->274M(1024M) 7.702ms
[2025-03-28T20:01:02.517+0530][gc,cpu      ] GC(554) User=0.02s Sys=0.00s Real=0.00s
[2025-03-28T20:01:08.909+0530][gc,start    ] GC(555) Pause Young (Normal) (G1 Evacuation Pause)
[2025-03-28T20:01:08.909+0530][gc,task     ] GC(555) Using 2 workers of 2 for evacuation
[2025-03-28T20:01:08.966+0530][gc,mmu      ] GC(555) MMU target violated: 21.0ms (20.0ms/21.0ms)
[2025-03-28T20:01:08.966+0530][gc,phases   ] GC(555)   Pre Evacuate Collection Set: 1.6ms
[2025-03-28T20:01:08.966+0530][gc,phases   ] GC(555)   Merge Heap Roots: 1.6ms
[2025-03-28T20:01:08.966+0530][gc,phases   ] GC(555)   Evacuate Collection Set: 51.4ms
[2025-03-28T20:01:08.966+0530][gc,phases   ] GC(555)   Post Evacuate Collection Set: 2.1ms
[2025-03-28T20:01:08.966+0530][gc,phases   ] GC(555)   Other: 0.3ms
[2025-03-28T20:01:08.966+0530][gc,heap     ] GC(555) Eden regions: 137->0(42)
[2025-03-28T20:01:08.966+0530][gc,heap     ] GC(555) Survivor regions: 6->9(18)
[2025-03-28T20:01:08.966+0530][gc,heap     ] GC(555) Old regions: 131->131
[2025-03-28T20:01:08.966+0530][gc,heap     ] GC(555) Archive regions: 2->2
[2025-03-28T20:01:08.966+0530][gc,heap     ] GC(555) Humongous regions: 140->138
[2025-03-28T20:01:08.966+0530][gc,metaspace] GC(555) Metaspace: 53579K(54272K)->53579K(54272K) NonClass: 47523K(47872K)->47523K(47872K) Class: 6055K(6400K)->6055K(6400K)
[2025-03-28T20:01:08.966+0530][gc          ] GC(555) Pause Young (Normal) (G1 Evacuation Pause) 413M->278M(1024M) 57.189ms
[2025-03-28T20:01:08.966+0530][gc,cpu      ] GC(555) User=0.04s Sys=0.00s Real=0.07s
[2025-03-28T20:01:12.394+0530][gc,start    ] GC(556) Pause Young (Normal) (G1 Evacuation Pause)
[2025-03-28T20:01:12.394+0530][gc,task     ] GC(556) Using 2 workers of 2 for evacuation
[2025-03-28T20:01:12.404+0530][gc,phases   ] GC(556)   Pre Evacuate Collection Set: 0.2ms
[2025-03-28T20:01:12.404+0530][gc,phases   ] GC(556)   Merge Heap Roots: 0.2ms
[2025-03-28T20:01:12.404+0530][gc,phases   ] GC(556)   Evacuate Collection Set: 8.7ms
[2025-03-28T20:01:12.404+0530][gc,phases   ] GC(556)   Post Evacuate Collection Set: 0.6ms
[2025-03-28T20:01:12.404+0530][gc,phases   ] GC(556)   Other: 0.2ms
[2025-03-28T20:01:12.404+0530][gc,heap     ] GC(556) Eden regions: 42->0(70)
[2025-03-28T20:01:12.404+0530][gc,heap     ] GC(556) Survivor regions: 9->1(7)
[2025-03-28T20:01:12.404+0530][gc,heap     ] GC(556) Old regions: 131->131
[2025-03-28T20:01:12.404+0530][gc,heap     ] GC(556) Archive regions: 2->2
[2025-03-28T20:01:12.404+0530][gc,heap     ] GC(556) Humongous regions: 140->138
[2025-03-28T20:01:12.404+0530][gc,metaspace] GC(556) Metaspace: 53579K(54272K)->53579K(54272K) NonClass: 47523K(47872K)->47523K(47872K) Class: 6055K(6400K)->6055K(6400K)
[2025-03-28T20:01:12.404+0530][gc          ] GC(556) Pause Young (Normal) (G1 Evacuation Pause) 322M->270M(1024M) 10.130ms
[2025-03-28T20:01:12.404+0530][gc,cpu      ] GC(556) User=0.02s Sys=0.00s Real=0.01s
[2025-03-28T20:01:12.582+0530][gc,start    ] GC(557) Pause Young (Normal) (G1 Evacuation Pause)
[2025-03-28T20:01:12.582+0530][gc,task     ] GC(557) Using 2 workers of 2 for evacuation
[2025-03-28T20:01:12.594+0530][gc,phases   ] GC(557)   Pre Evacuate Collection Set: 0.2ms
[2025-03-28T20:01:12.594+0530][gc,phases   ] GC(557)   Merge Heap Roots: 0.1ms
[2025-03-28T20:01:12.594+0530][gc,phases   ] GC(557)   Evacuate Collection Set: 11.4ms
[2025-03-28T20:01:12.594+0530][gc,phases   ] GC(557)   Post Evacuate Collection Set: 0.4ms
[2025-03-28T20:01:12.594+0530][gc,phases   ] GC(557)   Other: 0.2ms
[2025-03-28T20:01:12.594+0530][gc,heap     ] GC(557) Eden regions: 70->0(149)
[2025-03-28T20:01:12.594+0530][gc,heap     ] GC(557) Survivor regions: 1->3(9)
[2025-03-28T20:01:12.594+0530][gc,heap     ] GC(557) Old regions: 131->131
[2025-03-28T20:01:12.594+0530][gc,heap     ] GC(557) Archive regions: 2->2
[2025-03-28T20:01:12.594+0530][gc,heap     ] GC(557) Humongous regions: 140->140
[2025-03-28T20:01:12.595+0530][gc,metaspace] GC(557) Metaspace: 53579K(54272K)->53579K(54272K) NonClass: 47523K(47872K)->47523K(47872K) Class: 6055K(6400K)->6055K(6400K)
[2025-03-28T20:01:12.595+0530][gc          ] GC(557) Pause Young (Normal) (G1 Evacuation Pause) 342M->274M(1024M) 12.410ms
[2025-03-28T20:01:12.595+0530][gc,cpu      ] GC(557) User=0.02s Sys=0.00s Real=0.01s
[2025-03-28T20:01:18.725+0530][gc,start    ] GC(558) Pause Young (Normal) (G1 Evacuation Pause)
[2025-03-28T20:01:18.725+0530][gc,task     ] GC(558) Using 2 workers of 2 for evacuation
[2025-03-28T20:01:18.750+0530][gc,mmu      ] GC(558) MMU target violated: 21.0ms (20.0ms/21.0ms)
[2025-03-28T20:01:18.750+0530][gc,phases   ] GC(558)   Pre Evacuate Collection Set: 0.2ms
[2025-03-28T20:01:18.750+0530][gc,phases   ] GC(558)   Merge Heap Roots: 0.1ms
[2025-03-28T20:01:18.750+0530][gc,phases   ] GC(558)   Evacuate Collection Set: 21.4ms
[2025-03-28T20:01:18.750+0530][gc,phases   ] GC(558)   Post Evacuate Collection Set: 3.6ms
[2025-03-28T20:01:18.750+0530][gc,phases   ] GC(558)   Other: 0.3ms
[2025-03-28T20:01:18.751+0530][gc,heap     ] GC(558) Eden regions: 149->0(58)
[2025-03-28T20:01:18.751+0530][gc,heap     ] GC(558) Survivor regions: 3->3(19)
[2025-03-28T20:01:18.751+0530][gc,heap     ] GC(558) Old regions: 131->131
[2025-03-28T20:01:18.751+0530][gc,heap     ] GC(558) Archive regions: 2->2
[2025-03-28T20:01:18.751+0530][gc,heap     ] GC(558) Humongous regions: 142->140
[2025-03-28T20:01:18.751+0530][gc,metaspace] GC(558) Metaspace: 53593K(54272K)->53593K(54272K) NonClass: 47537K(47872K)->47537K(47872K) Class: 6055K(6400K)->6055K(6400K)
[2025-03-28T20:01:18.751+0530][gc          ] GC(558) Pause Young (Normal) (G1 Evacuation Pause) 425M->274M(1024M) 25.896ms
[2025-03-28T20:01:18.751+0530][gc,cpu      ] GC(558) User=0.03s Sys=0.00s Real=0.02s
[2025-03-28T20:01:22.512+0530][gc,start    ] GC(559) Pause Young (Normal) (G1 Evacuation Pause)
[2025-03-28T20:01:22.512+0530][gc,task     ] GC(559) Using 2 workers of 2 for evacuation
[2025-03-28T20:01:22.520+0530][gc,phases   ] GC(559)   Pre Evacuate Collection Set: 0.2ms
[2025-03-28T20:01:22.520+0530][gc,phases   ] GC(559)   Merge Heap Roots: 0.1ms
[2025-03-28T20:01:22.520+0530][gc,phases   ] GC(559)   Evacuate Collection Set: 7.1ms
[2025-03-28T20:01:22.520+0530][gc,phases   ] GC(559)   Post Evacuate Collection Set: 0.4ms
[2025-03-28T20:01:22.520+0530][gc,phases   ] GC(559)   Other: 0.2ms
[2025-03-28T20:01:22.520+0530][gc,heap     ] GC(559) Eden regions: 58->0(44)
[2025-03-28T20:01:22.520+0530][gc,heap     ] GC(559) Survivor regions: 3->7(8)
[2025-03-28T20:01:22.520+0530][gc,heap     ] GC(559) Old regions: 131->131
[2025-03-28T20:01:22.520+0530][gc,heap     ] GC(559) Archive regions: 2->2
[2025-03-28T20:01:22.520+0530][gc,heap     ] GC(559) Humongous regions: 140->138
[2025-03-28T20:01:22.520+0530][gc,metaspace] GC(559) Metaspace: 53594K(54272K)->53594K(54272K) NonClass: 47538K(47872K)->47538K(47872K) Class: 6055K(6400K)->6055K(6400K)
[2025-03-28T20:01:22.520+0530][gc          ] GC(559) Pause Young (Normal) (G1 Evacuation Pause) 332M->276M(1024M) 8.089ms
[2025-03-28T20:01:22.520+0530][gc,cpu      ] GC(559) User=0.02s Sys=0.00s Real=0.01s
[2025-03-28T20:01:22.604+0530][gc,start    ] GC(560) Pause Young (Normal) (G1 Evacuation Pause)
[2025-03-28T20:01:22.605+0530][gc,task     ] GC(560) Using 2 workers of 2 for evacuation
[2025-03-28T20:01:22.620+0530][gc,phases   ] GC(560)   Pre Evacuate Collection Set: 0.2ms
[2025-03-28T20:01:22.620+0530][gc,phases   ] GC(560)   Merge Heap Roots: 0.1ms
[2025-03-28T20:01:22.620+0530][gc,phases   ] GC(560)   Evacuate Collection Set: 14.4ms
[2025-03-28T20:01:22.620+0530][gc,phases   ] GC(560)   Post Evacuate Collection Set: 0.5ms
[2025-03-28T20:01:22.620+0530][gc,phases   ] GC(560)   Other: 0.2ms
[2025-03-28T20:01:22.620+0530][gc,heap     ] GC(560) Eden regions: 44->0(74)
[2025-03-28T20:01:22.620+0530][gc,heap     ] GC(560) Survivor regions: 7->2(7)
[2025-03-28T20:01:22.620+0530][gc,heap     ] GC(560) Old regions: 131->133
[2025-03-28T20:01:22.620+0530][gc,heap     ] GC(560) Archive regions: 2->2
[2025-03-28T20:01:22.620+0530][gc,heap     ] GC(560) Humongous regions: 140->140
[2025-03-28T20:01:22.620+0530][gc,metaspace] GC(560) Metaspace: 53594K(54272K)->53594K(54272K) NonClass: 47538K(47872K)->47538K(47872K) Class: 6055K(6400K)->6055K(6400K)
[2025-03-28T20:01:22.620+0530][gc          ] GC(560) Pause Young (Normal) (G1 Evacuation Pause) 322M->275M(1024M) 15.480ms
[2025-03-28T20:01:22.620+0530][gc,cpu      ] GC(560) User=0.02s Sys=0.00s Real=0.02s
[2025-03-28T20:01:28.595+0530][gc,start    ] GC(561) Pause Young (Normal) (G1 Evacuation Pause)
[2025-03-28T20:01:28.595+0530][gc,task     ] GC(561) Using 2 workers of 2 for evacuation
[2025-03-28T20:01:28.618+0530][gc,mmu      ] GC(561) MMU target violated: 21.0ms (20.0ms/21.0ms)
[2025-03-28T20:01:28.618+0530][gc,phases   ] GC(561)   Pre Evacuate Collection Set: 0.2ms
[2025-03-28T20:01:28.618+0530][gc,phases   ] GC(561)   Merge Heap Roots: 0.1ms
[2025-03-28T20:01:28.618+0530][gc,phases   ] GC(561)   Evacuate Collection Set: 22.4ms
[2025-03-28T20:01:28.618+0530][gc,phases   ] GC(561)   Post Evacuate Collection Set: 0.4ms
[2025-03-28T20:01:28.618+0530][gc,phases   ] GC(561)   Other: 0.2ms
[2025-03-28T20:01:28.618+0530][gc,heap     ] GC(561) Eden regions: 74->0(43)
[2025-03-28T20:01:28.618+0530][gc,heap     ] GC(561) Survivor regions: 2->8(10)
[2025-03-28T20:01:28.618+0530][gc,heap     ] GC(561) Old regions: 133->133
[2025-03-28T20:01:28.618+0530][gc,heap     ] GC(561) Archive regions: 2->2
[2025-03-28T20:01:28.618+0530][gc,heap     ] GC(561) Humongous regions: 140->138
[2025-03-28T20:01:28.618+0530][gc,metaspace] GC(561) Metaspace: 53597K(54272K)->53597K(54272K) NonClass: 47541K(47872K)->47541K(47872K) Class: 6055K(6400K)->6055K(6400K)
[2025-03-28T20:01:28.618+0530][gc          ] GC(561) Pause Young (Normal) (G1 Evacuation Pause) 349M->279M(1024M) 23.378ms
[2025-03-28T20:01:28.618+0530][gc,cpu      ] GC(561) User=0.02s Sys=0.00s Real=0.03s
[2025-03-28T20:01:28.677+0530][gc,start    ] GC(562) Pause Young (Normal) (G1 Evacuation Pause)
[2025-03-28T20:01:28.677+0530][gc,task     ] GC(562) Using 2 workers of 2 for evacuation
[2025-03-28T20:01:28.700+0530][gc,mmu      ] GC(562) MMU target violated: 21.0ms (20.0ms/21.0ms)
[2025-03-28T20:01:28.700+0530][gc,phases   ] GC(562)   Pre Evacuate Collection Set: 0.4ms
[2025-03-28T20:01:28.700+0530][gc,phases   ] GC(562)   Merge Heap Roots: 0.6ms
[2025-03-28T20:01:28.700+0530][gc,phases   ] GC(562)   Evacuate Collection Set: 21.9ms
[2025-03-28T20:01:28.700+0530][gc,phases   ] GC(562)   Post Evacuate Collection Set: 0.4ms
[2025-03-28T20:01:28.700+0530][gc,phases   ] GC(562)   Other: 0.2ms
[2025-03-28T20:01:28.700+0530][gc,heap     ] GC(562) Eden regions: 43->0(89)
[2025-03-28T20:01:28.700+0530][gc,heap     ] GC(562) Survivor regions: 8->1(7)
[2025-03-28T20:01:28.700+0530][gc,heap     ] GC(562) Old regions: 133->135
[2025-03-28T20:01:28.700+0530][gc,heap     ] GC(562) Archive regions: 2->2
[2025-03-28T20:01:28.700+0530][gc,heap     ] GC(562) Humongous regions: 140->140
[2025-03-28T20:01:28.700+0530][gc,metaspace] GC(562) Metaspace: 53597K(54272K)->53597K(54272K) NonClass: 47541K(47872K)->47541K(47872K) Class: 6055K(6400K)->6055K(6400K)
[2025-03-28T20:01:28.701+0530][gc          ] GC(562) Pause Young (Normal) (G1 Evacuation Pause) 324M->276M(1024M) 23.579ms
[2025-03-28T20:01:28.701+0530][gc,cpu      ] GC(562) User=0.03s Sys=0.01s Real=0.03s
[2025-03-28T20:01:32.574+0530][gc,start    ] GC(563) Pause Young (Normal) (G1 Evacuation Pause)
[2025-03-28T20:01:32.574+0530][gc,task     ] GC(563) Using 2 workers of 2 for evacuation
[2025-03-28T20:01:32.579+0530][gc,phases   ] GC(563)   Pre Evacuate Collection Set: 0.2ms
[2025-03-28T20:01:32.580+0530][gc,phases   ] GC(563)   Merge Heap Roots: 0.1ms
[2025-03-28T20:01:32.580+0530][gc,phases   ] GC(563)   Evacuate Collection Set: 4.7ms
[2025-03-28T20:01:32.580+0530][gc,phases   ] GC(563)   Post Evacuate Collection Set: 0.6ms
[2025-03-28T20:01:32.580+0530][gc,phases   ] GC(563)   Other: 0.1ms
[2025-03-28T20:01:32.580+0530][gc,heap     ] GC(563) Eden regions: 89->0(132)
[2025-03-28T20:01:32.580+0530][gc,heap     ] GC(563) Survivor regions: 1->3(12)
[2025-03-28T20:01:32.580+0530][gc,heap     ] GC(563) Old regions: 135->135
[2025-03-28T20:01:32.580+0530][gc,heap     ] GC(563) Archive regions: 2->2
[2025-03-28T20:01:32.580+0530][gc,heap     ] GC(563) Humongous regions: 142->140
[2025-03-28T20:01:32.580+0530][gc,metaspace] GC(563) Metaspace: 53605K(54336K)->53605K(54336K) NonClass: 47549K(47936K)->47549K(47936K) Class: 6055K(6400K)->6055K(6400K)
[2025-03-28T20:01:32.580+0530][gc          ] GC(563) Pause Young (Normal) (G1 Evacuation Pause) 367M->277M(1024M) 5.898ms
[2025-03-28T20:01:32.580+0530][gc,cpu      ] GC(563) User=0.01s Sys=0.00s Real=0.01s
[2025-03-28T20:01:38.708+0530][gc,start    ] GC(564) Pause Young (Normal) (G1 Evacuation Pause)
[2025-03-28T20:01:38.708+0530][gc,task     ] GC(564) Using 2 workers of 2 for evacuation
[2025-03-28T20:01:38.717+0530][gc,phases   ] GC(564)   Pre Evacuate Collection Set: 0.2ms
[2025-03-28T20:01:38.717+0530][gc,phases   ] GC(564)   Merge Heap Roots: 0.1ms
[2025-03-28T20:01:38.717+0530][gc,phases   ] GC(564)   Evacuate Collection Set: 7.0ms
[2025-03-28T20:01:38.717+0530][gc,phases   ] GC(564)   Post Evacuate Collection Set: 1.2ms
[2025-03-28T20:01:38.717+0530][gc,phases   ] GC(564)   Other: 0.1ms
[2025-03-28T20:01:38.717+0530][gc,heap     ] GC(564) Eden regions: 132->0(174)
[2025-03-28T20:01:38.717+0530][gc,heap     ] GC(564) Survivor regions: 3->3(17)
[2025-03-28T20:01:38.717+0530][gc,heap     ] GC(564) Old regions: 135->135
[2025-03-28T20:01:38.717+0530][gc,heap     ] GC(564) Archive regions: 2->2
[2025-03-28T20:01:38.717+0530][gc,heap     ] GC(564) Humongous regions: 142->140
[2025-03-28T20:01:38.717+0530][gc,metaspace] GC(564) Metaspace: 53606K(54336K)->53606K(54336K) NonClass: 47551K(47936K)->47551K(47936K) Class: 6055K(6400K)->6055K(6400K)
[2025-03-28T20:01:38.717+0530][gc          ] GC(564) Pause Young (Normal) (G1 Evacuation Pause) 411M->278M(1024M) 8.700ms
[2025-03-28T20:01:38.717+0530][gc,cpu      ] GC(564) User=0.01s Sys=0.00s Real=0.02s
[2025-03-28T20:01:48.586+0530][gc,start    ] GC(565) Pause Young (Normal) (G1 Evacuation Pause)
[2025-03-28T20:01:48.586+0530][gc,task     ] GC(565) Using 2 workers of 2 for evacuation
[2025-03-28T20:01:48.603+0530][gc,phases   ] GC(565)   Pre Evacuate Collection Set: 0.4ms
[2025-03-28T20:01:48.603+0530][gc,phases   ] GC(565)   Merge Heap Roots: 0.2ms
[2025-03-28T20:01:48.603+0530][gc,phases   ] GC(565)   Evacuate Collection Set: 15.7ms
[2025-03-28T20:01:48.603+0530][gc,phases   ] GC(565)   Post Evacuate Collection Set: 0.6ms
[2025-03-28T20:01:48.603+0530][gc,phases   ] GC(565)   Other: 0.2ms
[2025-03-28T20:01:48.603+0530][gc,heap     ] GC(565) Eden regions: 172->0(131)
[2025-03-28T20:01:48.603+0530][gc,heap     ] GC(565) Survivor regions: 3->8(22)
[2025-03-28T20:01:48.603+0530][gc,heap     ] GC(565) Old regions: 135->135
[2025-03-28T20:01:48.603+0530][gc,heap     ] GC(565) Archive regions: 2->2
[2025-03-28T20:01:48.603+0530][gc,heap     ] GC(565) Humongous regions: 142->138
[2025-03-28T20:01:48.603+0530][gc,metaspace] GC(565) Metaspace: 53611K(54336K)->53611K(54336K) NonClass: 47555K(47936K)->47555K(47936K) Class: 6055K(6400K)->6055K(6400K)
[2025-03-28T20:01:48.604+0530][gc          ] GC(565) Pause Young (Normal) (G1 Evacuation Pause) 452M->280M(1024M) 17.288ms
[2025-03-28T20:01:48.604+0530][gc,cpu      ] GC(565) User=0.02s Sys=0.00s Real=0.01s
[2025-03-28T20:01:52.569+0530][gc,start    ] GC(566) Pause Young (Normal) (G1 Evacuation Pause)
[2025-03-28T20:01:52.569+0530][gc,task     ] GC(566) Using 2 workers of 2 for evacuation
[2025-03-28T20:01:52.591+0530][gc,mmu      ] GC(566) MMU target violated: 21.0ms (20.0ms/21.0ms)
[2025-03-28T20:01:52.591+0530][gc,phases   ] GC(566)   Pre Evacuate Collection Set: 0.5ms
[2025-03-28T20:01:52.591+0530][gc,phases   ] GC(566)   Merge Heap Roots: 0.1ms
[2025-03-28T20:01:52.591+0530][gc,phases   ] GC(566)   Evacuate Collection Set: 21.6ms
[2025-03-28T20:01:52.591+0530][gc,phases   ] GC(566)   Post Evacuate Collection Set: 0.5ms
[2025-03-28T20:01:52.591+0530][gc,phases   ] GC(566)   Other: 0.2ms
[2025-03-28T20:01:52.591+0530][gc,heap     ] GC(566) Eden regions: 126->0(68)
[2025-03-28T20:01:52.591+0530][gc,heap     ] GC(566) Survivor regions: 8->4(17)
[2025-03-28T20:01:52.591+0530][gc,heap     ] GC(566) Old regions: 135->135
[2025-03-28T20:01:52.591+0530][gc,heap     ] GC(566) Archive regions: 2->2
[2025-03-28T20:01:52.591+0530][gc,heap     ] GC(566) Humongous regions: 142->140
[2025-03-28T20:01:52.591+0530][gc,metaspace] GC(566) Metaspace: 53611K(54336K)->53611K(54336K) NonClass: 47555K(47936K)->47555K(47936K) Class: 6055K(6400K)->6055K(6400K)
[2025-03-28T20:01:52.591+0530][gc          ] GC(566) Pause Young (Normal) (G1 Evacuation Pause) 410M->278M(1024M) 22.929ms
[2025-03-28T20:01:52.591+0530][gc,cpu      ] GC(566) User=0.02s Sys=0.00s Real=0.04s
[2025-03-28T20:01:58.717+0530][gc,start    ] GC(567) Pause Young (Normal) (G1 Evacuation Pause)
[2025-03-28T20:01:58.717+0530][gc,task     ] GC(567) Using 2 workers of 2 for evacuation
[2025-03-28T20:01:58.731+0530][gc,phases   ] GC(567)   Pre Evacuate Collection Set: 0.3ms
[2025-03-28T20:01:58.731+0530][gc,phases   ] GC(567)   Merge Heap Roots: 0.2ms
[2025-03-28T20:01:58.731+0530][gc,phases   ] GC(567)   Evacuate Collection Set: 13.1ms
[2025-03-28T20:01:58.731+0530][gc,phases   ] GC(567)   Post Evacuate Collection Set: 0.7ms
[2025-03-28T20:01:58.731+0530][gc,phases   ] GC(567)   Other: 0.1ms
[2025-03-28T20:01:58.731+0530][gc,heap     ] GC(567) Eden regions: 65->0(82)
[2025-03-28T20:01:58.731+0530][gc,heap     ] GC(567) Survivor regions: 4->5(9)
[2025-03-28T20:01:58.731+0530][gc,heap     ] GC(567) Old regions: 135->135
[2025-03-28T20:01:58.731+0530][gc,heap     ] GC(567) Archive regions: 2->2
[2025-03-28T20:01:58.732+0530][gc,heap     ] GC(567) Humongous regions: 140->138
[2025-03-28T20:01:58.732+0530][gc,metaspace] GC(567) Metaspace: 53613K(54336K)->53613K(54336K) NonClass: 47557K(47936K)->47557K(47936K) Class: 6055K(6400K)->6055K(6400K)
[2025-03-28T20:01:58.732+0530][gc          ] GC(567) Pause Young (Normal) (G1 Evacuation Pause) 343M->277M(1024M) 14.502ms
[2025-03-28T20:01:58.732+0530][gc,cpu      ] GC(567) User=0.01s Sys=0.01s Real=0.02s
[2025-03-28T20:02:02.409+0530][gc,start    ] GC(568) Pause Young (Normal) (G1 Evacuation Pause)
[2025-03-28T20:02:02.409+0530][gc,task     ] GC(568) Using 2 workers of 2 for evacuation
[2025-03-28T20:02:02.425+0530][gc,phases   ] GC(568)   Pre Evacuate Collection Set: 0.3ms
[2025-03-28T20:02:02.425+0530][gc,phases   ] GC(568)   Merge Heap Roots: 0.5ms
[2025-03-28T20:02:02.425+0530][gc,phases   ] GC(568)   Evacuate Collection Set: 13.8ms
[2025-03-28T20:02:02.425+0530][gc,phases   ] GC(568)   Post Evacuate Collection Set: 1.1ms
[2025-03-28T20:02:02.425+0530][gc,phases   ] GC(568)   Other: 0.3ms
[2025-03-28T20:02:02.425+0530][gc,heap     ] GC(568) Eden regions: 82->0(185)
[2025-03-28T20:02:02.425+0530][gc,heap     ] GC(568) Survivor regions: 5->2(11)
[2025-03-28T20:02:02.425+0530][gc,heap     ] GC(568) Old regions: 135->135
[2025-03-28T20:02:02.425+0530][gc,heap     ] GC(568) Archive regions: 2->2
[2025-03-28T20:02:02.425+0530][gc,heap     ] GC(568) Humongous regions: 140->138
[2025-03-28T20:02:02.425+0530][gc,metaspace] GC(568) Metaspace: 53613K(54336K)->53613K(54336K) NonClass: 47557K(47936K)->47557K(47936K) Class: 6055K(6400K)->6055K(6400K)
[2025-03-28T20:02:02.425+0530][gc          ] GC(568) Pause Young (Normal) (G1 Evacuation Pause) 361M->274M(1024M) 16.206ms
[2025-03-28T20:02:02.425+0530][gc,cpu      ] GC(568) User=0.02s Sys=0.01s Real=0.01s
[2025-03-28T20:02:08.533+0530][gc,start    ] GC(569) Pause Young (Normal) (G1 Evacuation Pause)
[2025-03-28T20:02:08.533+0530][gc,task     ] GC(569) Using 2 workers of 2 for evacuation
[2025-03-28T20:02:08.563+0530][gc,mmu      ] GC(569) MMU target violated: 21.0ms (20.0ms/21.0ms)
[2025-03-28T20:02:08.563+0530][gc,phases   ] GC(569)   Pre Evacuate Collection Set: 0.2ms
[2025-03-28T20:02:08.563+0530][gc,phases   ] GC(569)   Merge Heap Roots: 0.1ms
[2025-03-28T20:02:08.563+0530][gc,phases   ] GC(569)   Evacuate Collection Set: 21.3ms
[2025-03-28T20:02:08.563+0530][gc,phases   ] GC(569)   Post Evacuate Collection Set: 8.7ms
[2025-03-28T20:02:08.563+0530][gc,phases   ] GC(569)   Other: 0.2ms
[2025-03-28T20:02:08.563+0530][gc,heap     ] GC(569) Eden regions: 154->0(44)
[2025-03-28T20:02:08.563+0530][gc,heap     ] GC(569) Survivor regions: 2->7(20)
[2025-03-28T20:02:08.563+0530][gc,heap     ] GC(569) Old regions: 135->135
[2025-03-28T20:02:08.563+0530][gc,heap     ] GC(569) Archive regions: 2->2
[2025-03-28T20:02:08.563+0530][gc,heap     ] GC(569) Humongous regions: 140->138
[2025-03-28T20:02:08.563+0530][gc,metaspace] GC(569) Metaspace: 53621K(54336K)->53621K(54336K) NonClass: 47565K(47936K)->47565K(47936K) Class: 6055K(6400K)->6055K(6400K)
[2025-03-28T20:02:08.564+0530][gc          ] GC(569) Pause Young (Normal) (G1 Evacuation Pause) 430M->279M(1024M) 30.693ms
[2025-03-28T20:02:08.564+0530][gc,cpu      ] GC(569) User=0.02s Sys=0.00s Real=0.04s
[2025-03-28T20:02:08.770+0530][gc,start    ] GC(570) Pause Young (Normal) (G1 Evacuation Pause)
[2025-03-28T20:02:08.770+0530][gc,task     ] GC(570) Using 2 workers of 2 for evacuation
[2025-03-28T20:02:08.806+0530][gc,mmu      ] GC(570) MMU target violated: 21.0ms (20.0ms/21.0ms)
[2025-03-28T20:02:08.806+0530][gc,phases   ] GC(570)   Pre Evacuate Collection Set: 4.0ms
[2025-03-28T20:02:08.806+0530][gc,phases   ] GC(570)   Merge Heap Roots: 0.8ms
[2025-03-28T20:02:08.806+0530][gc,phases   ] GC(570)   Evacuate Collection Set: 29.8ms
[2025-03-28T20:02:08.806+0530][gc,phases   ] GC(570)   Post Evacuate Collection Set: 0.8ms
[2025-03-28T20:02:08.806+0530][gc,phases   ] GC(570)   Other: 0.2ms
[2025-03-28T20:02:08.806+0530][gc,heap     ] GC(570) Eden regions: 44->0(49)
[2025-03-28T20:02:08.806+0530][gc,heap     ] GC(570) Survivor regions: 7->2(7)
[2025-03-28T20:02:08.806+0530][gc,heap     ] GC(570) Old regions: 135->137
[2025-03-28T20:02:08.806+0530][gc,heap     ] GC(570) Archive regions: 2->2
[2025-03-28T20:02:08.806+0530][gc,heap     ] GC(570) Humongous regions: 140->140
[2025-03-28T20:02:08.806+0530][gc,metaspace] GC(570) Metaspace: 53621K(54336K)->53621K(54336K) NonClass: 47565K(47936K)->47565K(47936K) Class: 6055K(6400K)->6055K(6400K)
[2025-03-28T20:02:08.806+0530][gc          ] GC(570) Pause Young (Normal) (G1 Evacuation Pause) 325M->279M(1024M) 35.810ms
[2025-03-28T20:02:08.806+0530][gc,cpu      ] GC(570) User=0.03s Sys=0.01s Real=0.05s
[2025-03-28T20:02:12.448+0530][gc,start    ] GC(571) Pause Young (Normal) (G1 Evacuation Pause)
[2025-03-28T20:02:12.448+0530][gc,task     ] GC(571) Using 2 workers of 2 for evacuation
[2025-03-28T20:02:12.457+0530][gc,phases   ] GC(571)   Pre Evacuate Collection Set: 0.3ms
[2025-03-28T20:02:12.457+0530][gc,phases   ] GC(571)   Merge Heap Roots: 0.2ms
[2025-03-28T20:02:12.457+0530][gc,phases   ] GC(571)   Evacuate Collection Set: 7.8ms
[2025-03-28T20:02:12.457+0530][gc,phases   ] GC(571)   Post Evacuate Collection Set: 0.8ms
[2025-03-28T20:02:12.457+0530][gc,phases   ] GC(571)   Other: 0.2ms
[2025-03-28T20:02:12.458+0530][gc,heap     ] GC(571) Eden regions: 49->0(71)
[2025-03-28T20:02:12.458+0530][gc,heap     ] GC(571) Survivor regions: 2->4(7)
[2025-03-28T20:02:12.458+0530][gc,heap     ] GC(571) Old regions: 137->137
[2025-03-28T20:02:12.458+0530][gc,heap     ] GC(571) Archive regions: 2->2
[2025-03-28T20:02:12.458+0530][gc,heap     ] GC(571) Humongous regions: 140->138
[2025-03-28T20:02:12.458+0530][gc,metaspace] GC(571) Metaspace: 53621K(54336K)->53621K(54336K) NonClass: 47565K(47936K)->47565K(47936K) Class: 6055K(6400K)->6055K(6400K)
[2025-03-28T20:02:12.458+0530][gc          ] GC(571) Pause Young (Normal) (G1 Evacuation Pause) 328M->278M(1024M) 9.349ms
[2025-03-28T20:02:12.458+0530][gc,cpu      ] GC(571) User=0.02s Sys=0.00s Real=0.01s
[2025-03-28T20:02:12.629+0530][gc,start    ] GC(572) Pause Young (Normal) (G1 Evacuation Pause)
[2025-03-28T20:02:12.629+0530][gc,task     ] GC(572) Using 2 workers of 2 for evacuation
[2025-03-28T20:02:12.637+0530][gc,phases   ] GC(572)   Pre Evacuate Collection Set: 0.2ms
[2025-03-28T20:02:12.637+0530][gc,phases   ] GC(572)   Merge Heap Roots: 0.1ms
[2025-03-28T20:02:12.637+0530][gc,phases   ] GC(572)   Evacuate Collection Set: 6.3ms
[2025-03-28T20:02:12.637+0530][gc,phases   ] GC(572)   Post Evacuate Collection Set: 0.9ms
[2025-03-28T20:02:12.637+0530][gc,phases   ] GC(572)   Other: 0.2ms
[2025-03-28T20:02:12.637+0530][gc,heap     ] GC(572) Eden regions: 71->0(166)
[2025-03-28T20:02:12.637+0530][gc,heap     ] GC(572) Survivor regions: 4->3(10)
[2025-03-28T20:02:12.637+0530][gc,heap     ] GC(572) Old regions: 137->137
[2025-03-28T20:02:12.637+0530][gc,heap     ] GC(572) Archive regions: 2->2
[2025-03-28T20:02:12.637+0530][gc,heap     ] GC(572) Humongous regions: 140->140
[2025-03-28T20:02:12.637+0530][gc,metaspace] GC(572) Metaspace: 53622K(54336K)->53622K(54336K) NonClass: 47567K(47936K)->47567K(47936K) Class: 6055K(6400K)->6055K(6400K)
[2025-03-28T20:02:12.637+0530][gc          ] GC(572) Pause Young (Normal) (G1 Evacuation Pause) 351M->279M(1024M) 7.873ms
[2025-03-28T20:02:12.637+0530][gc,cpu      ] GC(572) User=0.01s Sys=0.00s Real=0.01s
[2025-03-28T20:02:22.487+0530][gc,start    ] GC(573) Pause Young (Normal) (G1 Evacuation Pause)
[2025-03-28T20:02:22.487+0530][gc,task     ] GC(573) Using 2 workers of 2 for evacuation
[2025-03-28T20:02:22.494+0530][gc,phases   ] GC(573)   Pre Evacuate Collection Set: 0.2ms
[2025-03-28T20:02:22.494+0530][gc,phases   ] GC(573)   Merge Heap Roots: 0.1ms
[2025-03-28T20:02:22.494+0530][gc,phases   ] GC(573)   Evacuate Collection Set: 6.4ms
[2025-03-28T20:02:22.494+0530][gc,phases   ] GC(573)   Post Evacuate Collection Set: 0.6ms
[2025-03-28T20:02:22.494+0530][gc,phases   ] GC(573)   Other: 0.1ms
[2025-03-28T20:02:22.494+0530][gc,heap     ] GC(573) Eden regions: 166->0(170)
[2025-03-28T20:02:22.494+0530][gc,heap     ] GC(573) Survivor regions: 3->6(22)
[2025-03-28T20:02:22.494+0530][gc,heap     ] GC(573) Old regions: 137->137
[2025-03-28T20:02:22.494+0530][gc,heap     ] GC(573) Archive regions: 2->2
[2025-03-28T20:02:22.494+0530][gc,heap     ] GC(573) Humongous regions: 142->138
[2025-03-28T20:02:22.494+0530][gc,metaspace] GC(573) Metaspace: 53647K(54336K)->53647K(54336K) NonClass: 47591K(47936K)->47591K(47936K) Class: 6055K(6400K)->6055K(6400K)
[2025-03-28T20:02:22.494+0530][gc          ] GC(573) Pause Young (Normal) (G1 Evacuation Pause) 447M->280M(1024M) 7.467ms
[2025-03-28T20:02:22.494+0530][gc,cpu      ] GC(573) User=0.01s Sys=0.00s Real=0.00s
[2025-03-28T20:02:28.690+0530][gc,start    ] GC(574) Pause Young (Normal) (G1 Evacuation Pause)
[2025-03-28T20:02:28.690+0530][gc,task     ] GC(574) Using 2 workers of 2 for evacuation
[2025-03-28T20:02:28.706+0530][gc,phases   ] GC(574)   Pre Evacuate Collection Set: 0.2ms
[2025-03-28T20:02:28.706+0530][gc,phases   ] GC(574)   Merge Heap Roots: 0.1ms
[2025-03-28T20:02:28.706+0530][gc,phases   ] GC(574)   Evacuate Collection Set: 15.2ms
[2025-03-28T20:02:28.706+0530][gc,phases   ] GC(574)   Post Evacuate Collection Set: 0.6ms
[2025-03-28T20:02:28.706+0530][gc,phases   ] GC(574)   Other: 0.2ms
[2025-03-28T20:02:28.706+0530][gc,heap     ] GC(574) Eden regions: 170->0(425)
[2025-03-28T20:02:28.706+0530][gc,heap     ] GC(574) Survivor regions: 6->3(22)
[2025-03-28T20:02:28.706+0530][gc,heap     ] GC(574) Old regions: 137->137
[2025-03-28T20:02:28.706+0530][gc,heap     ] GC(574) Archive regions: 2->2
[2025-03-28T20:02:28.706+0530][gc,heap     ] GC(574) Humongous regions: 142->140
[2025-03-28T20:02:28.706+0530][gc,metaspace] GC(574) Metaspace: 53652K(54336K)->53652K(54336K) NonClass: 47596K(47936K)->47596K(47936K) Class: 6055K(6400K)->6055K(6400K)
[2025-03-28T20:02:28.707+0530][gc          ] GC(574) Pause Young (Normal) (G1 Evacuation Pause) 454M->280M(1024M) 16.324ms
[2025-03-28T20:02:28.707+0530][gc,cpu      ] GC(574) User=0.01s Sys=0.00s Real=0.02s
[2025-03-28T20:02:48.703+0530][gc,start    ] GC(575) Pause Young (Normal) (G1 Evacuation Pause)
[2025-03-28T20:02:48.703+0530][gc,task     ] GC(575) Using 2 workers of 2 for evacuation
[2025-03-28T20:02:48.787+0530][gc,mmu      ] GC(575) MMU target violated: 21.0ms (20.0ms/21.0ms)
[2025-03-28T20:02:48.787+0530][gc,phases   ] GC(575)   Pre Evacuate Collection Set: 0.2ms
[2025-03-28T20:02:48.787+0530][gc,phases   ] GC(575)   Merge Heap Roots: 0.2ms
[2025-03-28T20:02:48.787+0530][gc,phases   ] GC(575)   Evacuate Collection Set: 82.2ms
[2025-03-28T20:02:48.787+0530][gc,phases   ] GC(575)   Post Evacuate Collection Set: 1.7ms
[2025-03-28T20:02:48.787+0530][gc,phases   ] GC(575)   Other: 0.3ms
[2025-03-28T20:02:48.787+0530][gc,heap     ] GC(575) Eden regions: 374->0(45)
[2025-03-28T20:02:48.787+0530][gc,heap     ] GC(575) Survivor regions: 3->6(48)
[2025-03-28T20:02:48.787+0530][gc,heap     ] GC(575) Old regions: 137->137
[2025-03-28T20:02:48.787+0530][gc,heap     ] GC(575) Archive regions: 2->2
[2025-03-28T20:02:48.787+0530][gc,heap     ] GC(575) Humongous regions: 146->138
[2025-03-28T20:02:48.787+0530][gc,metaspace] GC(575) Metaspace: 53655K(54336K)->53655K(54336K) NonClass: 47599K(47936K)->47599K(47936K) Class: 6055K(6400K)->6055K(6400K)
[2025-03-28T20:02:48.787+0530][gc          ] GC(575) Pause Young (Normal) (G1 Evacuation Pause) 660M->280M(1024M) 84.631ms
[2025-03-28T20:02:48.787+0530][gc,cpu      ] GC(575) User=0.01s Sys=0.02s Real=0.09s
[2025-03-28T20:02:48.870+0530][gc,start    ] GC(576) Pause Young (Normal) (G1 Evacuation Pause)
[2025-03-28T20:02:48.870+0530][gc,task     ] GC(576) Using 2 workers of 2 for evacuation
[2025-03-28T20:02:48.884+0530][gc,phases   ] GC(576)   Pre Evacuate Collection Set: 0.4ms
[2025-03-28T20:02:48.884+0530][gc,phases   ] GC(576)   Merge Heap Roots: 0.3ms
[2025-03-28T20:02:48.884+0530][gc,phases   ] GC(576)   Evacuate Collection Set: 7.5ms
[2025-03-28T20:02:48.884+0530][gc,phases   ] GC(576)   Post Evacuate Collection Set: 6.1ms
[2025-03-28T20:02:48.884+0530][gc,phases   ] GC(576)   Other: 0.2ms
[2025-03-28T20:02:48.884+0530][gc,heap     ] GC(576) Eden regions: 45->0(49)
[2025-03-28T20:02:48.884+0530][gc,heap     ] GC(576) Survivor regions: 6->2(7)
[2025-03-28T20:02:48.884+0530][gc,heap     ] GC(576) Old regions: 137->138
[2025-03-28T20:02:48.884+0530][gc,heap     ] GC(576) Archive regions: 2->2
[2025-03-28T20:02:48.884+0530][gc,heap     ] GC(576) Humongous regions: 140->140
[2025-03-28T20:02:48.884+0530][gc,metaspace] GC(576) Metaspace: 53655K(54336K)->53655K(54336K) NonClass: 47599K(47936K)->47599K(47936K) Class: 6055K(6400K)->6055K(6400K)
[2025-03-28T20:02:48.884+0530][gc          ] GC(576) Pause Young (Normal) (G1 Evacuation Pause) 327M->280M(1024M) 14.644ms
[2025-03-28T20:02:48.884+0530][gc,cpu      ] GC(576) User=0.02s Sys=0.00s Real=0.01s
[2025-03-28T20:02:52.425+0530][gc,start    ] GC(577) Pause Young (Normal) (G1 Evacuation Pause)
[2025-03-28T20:02:52.425+0530][gc,task     ] GC(577) Using 2 workers of 2 for evacuation
[2025-03-28T20:02:52.428+0530][gc,phases   ] GC(577)   Pre Evacuate Collection Set: 0.2ms
[2025-03-28T20:02:52.429+0530][gc,phases   ] GC(577)   Merge Heap Roots: 0.1ms
[2025-03-28T20:02:52.429+0530][gc,phases   ] GC(577)   Evacuate Collection Set: 2.9ms
[2025-03-28T20:02:52.429+0530][gc,phases   ] GC(577)   Post Evacuate Collection Set: 0.4ms
[2025-03-28T20:02:52.429+0530][gc,phases   ] GC(577)   Other: 0.1ms
[2025-03-28T20:02:52.429+0530][gc,heap     ] GC(577) Eden regions: 49->0(48)
[2025-03-28T20:02:52.429+0530][gc,heap     ] GC(577) Survivor regions: 2->3(7)
[2025-03-28T20:02:52.429+0530][gc,heap     ] GC(577) Old regions: 138->138
[2025-03-28T20:02:52.429+0530][gc,heap     ] GC(577) Archive regions: 2->2
[2025-03-28T20:02:52.429+0530][gc,heap     ] GC(577) Humongous regions: 140->138
[2025-03-28T20:02:52.429+0530][gc,metaspace] GC(577) Metaspace: 53655K(54336K)->53655K(54336K) NonClass: 47599K(47936K)->47599K(47936K) Class: 6055K(6400K)->6055K(6400K)
[2025-03-28T20:02:52.429+0530][gc          ] GC(577) Pause Young (Normal) (G1 Evacuation Pause) 329M->279M(1024M) 3.810ms
[2025-03-28T20:02:52.429+0530][gc,cpu      ] GC(577) User=0.01s Sys=0.00s Real=0.00s
[2025-03-28T20:02:52.504+0530][gc,start    ] GC(578) Pause Young (Normal) (G1 Evacuation Pause)
[2025-03-28T20:02:52.504+0530][gc,task     ] GC(578) Using 2 workers of 2 for evacuation
[2025-03-28T20:02:52.522+0530][gc,phases   ] GC(578)   Pre Evacuate Collection Set: 0.2ms
[2025-03-28T20:02:52.522+0530][gc,phases   ] GC(578)   Merge Heap Roots: 0.1ms
[2025-03-28T20:02:52.522+0530][gc,phases   ] GC(578)   Evacuate Collection Set: 17.0ms
[2025-03-28T20:02:52.522+0530][gc,phases   ] GC(578)   Post Evacuate Collection Set: 0.5ms
[2025-03-28T20:02:52.522+0530][gc,phases   ] GC(578)   Other: 0.1ms
[2025-03-28T20:02:52.522+0530][gc,heap     ] GC(578) Eden regions: 48->0(44)
[2025-03-28T20:02:52.522+0530][gc,heap     ] GC(578) Survivor regions: 3->7(7)
[2025-03-28T20:02:52.522+0530][gc,heap     ] GC(578) Old regions: 138->139
[2025-03-28T20:02:52.522+0530][gc,heap     ] GC(578) Archive regions: 2->2
[2025-03-28T20:02:52.522+0530][gc,heap     ] GC(578) Humongous regions: 138->138
[2025-03-28T20:02:52.522+0530][gc,metaspace] GC(578) Metaspace: 53655K(54336K)->53655K(54336K) NonClass: 47599K(47936K)->47599K(47936K) Class: 6055K(6400K)->6055K(6400K)
[2025-03-28T20:02:52.522+0530][gc          ] GC(578) Pause Young (Normal) (G1 Evacuation Pause) 327M->284M(1024M) 18.026ms
[2025-03-28T20:02:52.522+0530][gc,cpu      ] GC(578) User=0.02s Sys=0.00s Real=0.02s
[2025-03-28T20:02:57.414+0530][gc,start    ] GC(579) Pause Young (Normal) (G1 Evacuation Pause)
[2025-03-28T20:02:57.414+0530][gc,task     ] GC(579) Using 2 workers of 2 for evacuation
[2025-03-28T20:02:57.443+0530][gc,mmu      ] GC(579) MMU target violated: 21.0ms (20.0ms/21.0ms)
[2025-03-28T20:02:57.443+0530][gc,phases   ] GC(579)   Pre Evacuate Collection Set: 0.8ms
[2025-03-28T20:02:57.443+0530][gc,phases   ] GC(579)   Merge Heap Roots: 0.4ms
[2025-03-28T20:02:57.443+0530][gc,phases   ] GC(579)   Evacuate Collection Set: 24.3ms
[2025-03-28T20:02:57.443+0530][gc,phases   ] GC(579)   Post Evacuate Collection Set: 2.6ms
[2025-03-28T20:02:57.443+0530][gc,phases   ] GC(579)   Other: 0.5ms
[2025-03-28T20:02:57.443+0530][gc,heap     ] GC(579) Eden regions: 44->0(50)
[2025-03-28T20:02:57.443+0530][gc,heap     ] GC(579) Survivor regions: 7->1(7)
[2025-03-28T20:02:57.443+0530][gc,heap     ] GC(579) Old regions: 139->145
[2025-03-28T20:02:57.443+0530][gc,heap     ] GC(579) Archive regions: 2->2
[2025-03-28T20:02:57.443+0530][gc,heap     ] GC(579) Humongous regions: 140->138
[2025-03-28T20:02:57.443+0530][gc,metaspace] GC(579) Metaspace: 53656K(54336K)->53656K(54336K) NonClass: 47600K(47936K)->47600K(47936K) Class: 6055K(6400K)->6055K(6400K)
[2025-03-28T20:02:57.443+0530][gc          ] GC(579) Pause Young (Normal) (G1 Evacuation Pause) 330M->284M(1024M) 29.300ms
[2025-03-28T20:02:57.444+0530][gc,cpu      ] GC(579) User=0.04s Sys=0.01s Real=0.03s
[2025-03-28T20:02:58.451+0530][gc,start    ] GC(580) Pause Young (Normal) (G1 Evacuation Pause)
[2025-03-28T20:02:58.451+0530][gc,task     ] GC(580) Using 2 workers of 2 for evacuation
[2025-03-28T20:02:58.458+0530][gc,phases   ] GC(580)   Pre Evacuate Collection Set: 0.6ms
[2025-03-28T20:02:58.458+0530][gc,phases   ] GC(580)   Merge Heap Roots: 0.1ms
[2025-03-28T20:02:58.458+0530][gc,phases   ] GC(580)   Evacuate Collection Set: 5.9ms
[2025-03-28T20:02:58.458+0530][gc,phases   ] GC(580)   Post Evacuate Collection Set: 0.4ms
[2025-03-28T20:02:58.458+0530][gc,phases   ] GC(580)   Other: 0.1ms
[2025-03-28T20:02:58.458+0530][gc,heap     ] GC(580) Eden regions: 50->0(44)
[2025-03-28T20:02:58.458+0530][gc,heap     ] GC(580) Survivor regions: 1->7(7)
[2025-03-28T20:02:58.458+0530][gc,heap     ] GC(580) Old regions: 145->145
[2025-03-28T20:02:58.458+0530][gc,heap     ] GC(580) Archive regions: 2->2
[2025-03-28T20:02:58.458+0530][gc,heap     ] GC(580) Humongous regions: 138->138
[2025-03-28T20:02:58.458+0530][gc,metaspace] GC(580) Metaspace: 53656K(54336K)->53656K(54336K) NonClass: 47600K(47936K)->47600K(47936K) Class: 6055K(6400K)->6055K(6400K)
[2025-03-28T20:02:58.459+0530][gc          ] GC(580) Pause Young (Normal) (G1 Evacuation Pause) 334M->290M(1024M) 7.189ms
[2025-03-28T20:02:58.459+0530][gc,cpu      ] GC(580) User=0.00s Sys=0.00s Real=0.01s
[2025-03-28T20:02:58.611+0530][gc,start    ] GC(581) Pause Young (Normal) (G1 Evacuation Pause)
[2025-03-28T20:02:58.611+0530][gc,task     ] GC(581) Using 2 workers of 2 for evacuation
[2025-03-28T20:02:58.623+0530][gc,phases   ] GC(581)   Pre Evacuate Collection Set: 0.1ms
[2025-03-28T20:02:58.623+0530][gc,phases   ] GC(581)   Merge Heap Roots: 2.2ms
[2025-03-28T20:02:58.623+0530][gc,phases   ] GC(581)   Evacuate Collection Set: 8.0ms
[2025-03-28T20:02:58.623+0530][gc,phases   ] GC(581)   Post Evacuate Collection Set: 0.7ms
[2025-03-28T20:02:58.623+0530][gc,phases   ] GC(581)   Other: 1.5ms
[2025-03-28T20:02:58.623+0530][gc,heap     ] GC(581) Eden regions: 44->0(49)
[2025-03-28T20:02:58.623+0530][gc,heap     ] GC(581) Survivor regions: 7->2(7)
[2025-03-28T20:02:58.623+0530][gc,heap     ] GC(581) Old regions: 145->146
[2025-03-28T20:02:58.623+0530][gc,heap     ] GC(581) Archive regions: 2->2
[2025-03-28T20:02:58.623+0530][gc,heap     ] GC(581) Humongous regions: 140->140
[2025-03-28T20:02:58.623+0530][gc,metaspace] GC(581) Metaspace: 53656K(54336K)->53656K(54336K) NonClass: 47600K(47936K)->47600K(47936K) Class: 6055K(6400K)->6055K(6400K)
[2025-03-28T20:02:58.623+0530][gc          ] GC(581) Pause Young (Normal) (G1 Evacuation Pause) 336M->288M(1024M) 12.624ms
[2025-03-28T20:02:58.623+0530][gc,cpu      ] GC(581) User=0.01s Sys=0.00s Real=0.01s
[2025-03-28T20:03:02.452+0530][gc,start    ] GC(582) Pause Young (Normal) (G1 Evacuation Pause)
[2025-03-28T20:03:02.452+0530][gc,task     ] GC(582) Using 2 workers of 2 for evacuation
[2025-03-28T20:03:02.462+0530][gc,phases   ] GC(582)   Pre Evacuate Collection Set: 0.2ms
[2025-03-28T20:03:02.462+0530][gc,phases   ] GC(582)   Merge Heap Roots: 0.1ms
[2025-03-28T20:03:02.462+0530][gc,phases   ] GC(582)   Evacuate Collection Set: 8.8ms
[2025-03-28T20:03:02.462+0530][gc,phases   ] GC(582)   Post Evacuate Collection Set: 0.5ms
[2025-03-28T20:03:02.462+0530][gc,phases   ] GC(582)   Other: 0.2ms
[2025-03-28T20:03:02.462+0530][gc,heap     ] GC(582) Eden regions: 49->0(46)
[2025-03-28T20:03:02.462+0530][gc,heap     ] GC(582) Survivor regions: 2->5(7)
[2025-03-28T20:03:02.462+0530][gc,heap     ] GC(582) Old regions: 146->146
[2025-03-28T20:03:02.462+0530][gc,heap     ] GC(582) Archive regions: 2->2
[2025-03-28T20:03:02.462+0530][gc,heap     ] GC(582) Humongous regions: 140->138
[2025-03-28T20:03:02.462+0530][gc,metaspace] GC(582) Metaspace: 53689K(54400K)->53689K(54400K) NonClass: 47633K(48000K)->47633K(48000K) Class: 6055K(6400K)->6055K(6400K)
[2025-03-28T20:03:02.462+0530][gc          ] GC(582) Pause Young (Normal) (G1 Evacuation Pause) 337M->289M(1024M) 9.862ms
[2025-03-28T20:03:02.462+0530][gc,cpu      ] GC(582) User=0.01s Sys=0.00s Real=0.01s
[2025-03-28T20:03:02.540+0530][gc,start    ] GC(583) Pause Young (Normal) (G1 Evacuation Pause)
[2025-03-28T20:03:02.540+0530][gc,task     ] GC(583) Using 2 workers of 2 for evacuation
[2025-03-28T20:03:02.548+0530][gc,phases   ] GC(583)   Pre Evacuate Collection Set: 0.2ms
[2025-03-28T20:03:02.548+0530][gc,phases   ] GC(583)   Merge Heap Roots: 0.1ms
[2025-03-28T20:03:02.548+0530][gc,phases   ] GC(583)   Evacuate Collection Set: 7.2ms
[2025-03-28T20:03:02.548+0530][gc,phases   ] GC(583)   Post Evacuate Collection Set: 0.6ms
[2025-03-28T20:03:02.548+0530][gc,phases   ] GC(583)   Other: 0.1ms
[2025-03-28T20:03:02.548+0530][gc,heap     ] GC(583) Eden regions: 46->0(85)
[2025-03-28T20:03:02.548+0530][gc,heap     ] GC(583) Survivor regions: 5->2(7)
[2025-03-28T20:03:02.548+0530][gc,heap     ] GC(583) Old regions: 146->147
[2025-03-28T20:03:02.548+0530][gc,heap     ] GC(583) Archive regions: 2->2
[2025-03-28T20:03:02.548+0530][gc,heap     ] GC(583) Humongous regions: 140->140
[2025-03-28T20:03:02.548+0530][gc,metaspace] GC(583) Metaspace: 53689K(54400K)->53689K(54400K) NonClass: 47633K(48000K)->47633K(48000K) Class: 6055K(6400K)->6055K(6400K)
[2025-03-28T20:03:02.548+0530][gc          ] GC(583) Pause Young (Normal) (G1 Evacuation Pause) 337M->289M(1024M) 8.345ms
[2025-03-28T20:03:02.548+0530][gc,cpu      ] GC(583) User=0.01s Sys=0.00s Real=0.02s
[2025-03-28T20:03:08.565+0530][gc,start    ] GC(584) Pause Young (Normal) (G1 Evacuation Pause)
[2025-03-28T20:03:08.565+0530][gc,task     ] GC(584) Using 2 workers of 2 for evacuation
[2025-03-28T20:03:08.575+0530][gc,phases   ] GC(584)   Pre Evacuate Collection Set: 0.2ms
[2025-03-28T20:03:08.575+0530][gc,phases   ] GC(584)   Merge Heap Roots: 0.1ms
[2025-03-28T20:03:08.575+0530][gc,phases   ] GC(584)   Evacuate Collection Set: 9.4ms
[2025-03-28T20:03:08.575+0530][gc,phases   ] GC(584)   Post Evacuate Collection Set: 0.5ms
[2025-03-28T20:03:08.575+0530][gc,phases   ] GC(584)   Other: 0.1ms
[2025-03-28T20:03:08.575+0530][gc,heap     ] GC(584) Eden regions: 85->0(58)
[2025-03-28T20:03:08.575+0530][gc,heap     ] GC(584) Survivor regions: 2->7(11)
[2025-03-28T20:03:08.575+0530][gc,heap     ] GC(584) Old regions: 147->147
[2025-03-28T20:03:08.575+0530][gc,heap     ] GC(584) Archive regions: 2->2
[2025-03-28T20:03:08.575+0530][gc,heap     ] GC(584) Humongous regions: 140->138
[2025-03-28T20:03:08.575+0530][gc,metaspace] GC(584) Metaspace: 53689K(54400K)->53689K(54400K) NonClass: 47633K(48000K)->47633K(48000K) Class: 6055K(6400K)->6055K(6400K)
[2025-03-28T20:03:08.575+0530][gc          ] GC(584) Pause Young (Normal) (G1 Evacuation Pause) 374M->292M(1024M) 10.342ms
[2025-03-28T20:03:08.575+0530][gc,cpu      ] GC(584) User=0.01s Sys=0.01s Real=0.02s
[2025-03-28T20:03:12.398+0530][gc,start    ] GC(585) Pause Young (Normal) (G1 Evacuation Pause)
[2025-03-28T20:03:12.398+0530][gc,task     ] GC(585) Using 2 workers of 2 for evacuation
[2025-03-28T20:03:12.402+0530][gc,phases   ] GC(585)   Pre Evacuate Collection Set: 0.3ms
[2025-03-28T20:03:12.402+0530][gc,phases   ] GC(585)   Merge Heap Roots: 0.1ms
[2025-03-28T20:03:12.402+0530][gc,phases   ] GC(585)   Evacuate Collection Set: 3.5ms
[2025-03-28T20:03:12.402+0530][gc,phases   ] GC(585)   Post Evacuate Collection Set: 0.6ms
[2025-03-28T20:03:12.402+0530][gc,phases   ] GC(585)   Other: 0.2ms
[2025-03-28T20:03:12.402+0530][gc,heap     ] GC(585) Eden regions: 58->0(170)
[2025-03-28T20:03:12.402+0530][gc,heap     ] GC(585) Survivor regions: 7->1(9)
[2025-03-28T20:03:12.402+0530][gc,heap     ] GC(585) Old regions: 147->148
[2025-03-28T20:03:12.402+0530][gc,heap     ] GC(585) Archive regions: 2->2
[2025-03-28T20:03:12.402+0530][gc,heap     ] GC(585) Humongous regions: 140->138
[2025-03-28T20:03:12.402+0530][gc,metaspace] GC(585) Metaspace: 53689K(54400K)->53689K(54400K) NonClass: 47633K(48000K)->47633K(48000K) Class: 6055K(6400K)->6055K(6400K)
[2025-03-28T20:03:12.402+0530][gc          ] GC(585) Pause Young (Normal) (G1 Evacuation Pause) 352M->286M(1024M) 4.898ms
[2025-03-28T20:03:12.402+0530][gc,cpu      ] GC(585) User=0.01s Sys=0.00s Real=0.00s
[2025-03-28T20:03:18.612+0530][gc,start    ] GC(586) Pause Young (Normal) (G1 Evacuation Pause)
[2025-03-28T20:03:18.612+0530][gc,task     ] GC(586) Using 2 workers of 2 for evacuation
[2025-03-28T20:03:18.620+0530][gc,phases   ] GC(586)   Pre Evacuate Collection Set: 0.2ms
[2025-03-28T20:03:18.620+0530][gc,phases   ] GC(586)   Merge Heap Roots: 0.1ms
[2025-03-28T20:03:18.620+0530][gc,phases   ] GC(586)   Evacuate Collection Set: 7.4ms
[2025-03-28T20:03:18.620+0530][gc,phases   ] GC(586)   Post Evacuate Collection Set: 0.7ms
[2025-03-28T20:03:18.620+0530][gc,phases   ] GC(586)   Other: 0.1ms
[2025-03-28T20:03:18.620+0530][gc,heap     ] GC(586) Eden regions: 170->0(138)
[2025-03-28T20:03:18.620+0530][gc,heap     ] GC(586) Survivor regions: 1->8(22)
[2025-03-28T20:03:18.620+0530][gc,heap     ] GC(586) Old regions: 148->148
[2025-03-28T20:03:18.620+0530][gc,heap     ] GC(586) Archive regions: 2->2
[2025-03-28T20:03:18.620+0530][gc,heap     ] GC(586) Humongous regions: 140->138
[2025-03-28T20:03:18.620+0530][gc,metaspace] GC(586) Metaspace: 53689K(54400K)->53689K(54400K) NonClass: 47633K(48000K)->47633K(48000K) Class: 6055K(6400K)->6055K(6400K)
[2025-03-28T20:03:18.620+0530][gc          ] GC(586) Pause Young (Normal) (G1 Evacuation Pause) 458M->293M(1024M) 8.566ms
[2025-03-28T20:03:18.620+0530][gc,cpu      ] GC(586) User=0.01s Sys=0.00s Real=0.00s
[2025-03-28T20:03:22.564+0530][gc,start    ] GC(587) Pause Young (Normal) (G1 Evacuation Pause)
[2025-03-28T20:03:22.564+0530][gc,task     ] GC(587) Using 2 workers of 2 for evacuation
[2025-03-28T20:03:22.571+0530][gc,phases   ] GC(587)   Pre Evacuate Collection Set: 0.2ms
[2025-03-28T20:03:22.571+0530][gc,phases   ] GC(587)   Merge Heap Roots: 0.1ms
[2025-03-28T20:03:22.571+0530][gc,phases   ] GC(587)   Evacuate Collection Set: 5.6ms
[2025-03-28T20:03:22.571+0530][gc,phases   ] GC(587)   Post Evacuate Collection Set: 1.3ms
[2025-03-28T20:03:22.571+0530][gc,phases   ] GC(587)   Other: 0.3ms
[2025-03-28T20:03:22.571+0530][gc,heap     ] GC(587) Eden regions: 138->0(277)
[2025-03-28T20:03:22.571+0530][gc,heap     ] GC(587) Survivor regions: 8->3(19)
[2025-03-28T20:03:22.571+0530][gc,heap     ] GC(587) Old regions: 148->148
[2025-03-28T20:03:22.571+0530][gc,heap     ] GC(587) Archive regions: 2->2
[2025-03-28T20:03:22.571+0530][gc,heap     ] GC(587) Humongous regions: 142->140
[2025-03-28T20:03:22.571+0530][gc,metaspace] GC(587) Metaspace: 53692K(54400K)->53692K(54400K) NonClass: 47636K(48000K)->47636K(48000K) Class: 6055K(6400K)->6055K(6400K)
[2025-03-28T20:03:22.571+0530][gc          ] GC(587) Pause Young (Normal) (G1 Evacuation Pause) 435M->290M(1024M) 7.560ms
[2025-03-28T20:03:22.571+0530][gc,cpu      ] GC(587) User=0.01s Sys=0.00s Real=0.01s
[2025-03-28T20:03:38.264+0530][gc,start    ] GC(588) Pause Young (Normal) (G1 Evacuation Pause)
[2025-03-28T20:03:38.264+0530][gc,task     ] GC(588) Using 2 workers of 2 for evacuation
[2025-03-28T20:03:38.283+0530][gc,phases   ] GC(588)   Pre Evacuate Collection Set: 0.2ms
[2025-03-28T20:03:38.283+0530][gc,phases   ] GC(588)   Merge Heap Roots: 0.2ms
[2025-03-28T20:03:38.283+0530][gc,phases   ] GC(588)   Evacuate Collection Set: 17.7ms
[2025-03-28T20:03:38.283+0530][gc,phases   ] GC(588)   Post Evacuate Collection Set: 1.0ms
[2025-03-28T20:03:38.283+0530][gc,phases   ] GC(588)   Other: 0.2ms
[2025-03-28T20:03:38.283+0530][gc,heap     ] GC(588) Eden regions: 270->0(185)
[2025-03-28T20:03:38.283+0530][gc,heap     ] GC(588) Survivor regions: 3->5(35)
[2025-03-28T20:03:38.283+0530][gc,heap     ] GC(588) Old regions: 148->148
[2025-03-28T20:03:38.283+0530][gc,heap     ] GC(588) Archive regions: 2->2
[2025-03-28T20:03:38.283+0530][gc,heap     ] GC(588) Humongous regions: 144->138
[2025-03-28T20:03:38.283+0530][gc,metaspace] GC(588) Metaspace: 53695K(54400K)->53695K(54400K) NonClass: 47639K(48000K)->47639K(48000K) Class: 6055K(6400K)->6055K(6400K)
[2025-03-28T20:03:38.283+0530][gc          ] GC(588) Pause Young (Normal) (G1 Evacuation Pause) 564M->290M(1024M) 19.466ms
[2025-03-28T20:03:38.283+0530][gc,cpu      ] GC(588) User=0.02s Sys=0.00s Real=0.02s
[2025-03-28T20:03:42.553+0530][gc,start    ] GC(589) Pause Young (Normal) (G1 Evacuation Pause)
[2025-03-28T20:03:42.553+0530][gc,task     ] GC(589) Using 2 workers of 2 for evacuation
[2025-03-28T20:03:42.565+0530][gc,phases   ] GC(589)   Pre Evacuate Collection Set: 3.3ms
[2025-03-28T20:03:42.565+0530][gc,phases   ] GC(589)   Merge Heap Roots: 0.4ms
[2025-03-28T20:03:42.565+0530][gc,phases   ] GC(589)   Evacuate Collection Set: 7.8ms
[2025-03-28T20:03:42.565+0530][gc,phases   ] GC(589)   Post Evacuate Collection Set: 0.6ms
[2025-03-28T20:03:42.565+0530][gc,phases   ] GC(589)   Other: 0.2ms
[2025-03-28T20:03:42.565+0530][gc,heap     ] GC(589) Eden regions: 175->0(283)
[2025-03-28T20:03:42.565+0530][gc,heap     ] GC(589) Survivor regions: 5->4(23)
[2025-03-28T20:03:42.565+0530][gc,heap     ] GC(589) Old regions: 148->148
[2025-03-28T20:03:42.565+0530][gc,heap     ] GC(589) Archive regions: 2->2
[2025-03-28T20:03:42.565+0530][gc,heap     ] GC(589) Humongous regions: 142->140
[2025-03-28T20:03:42.565+0530][gc,metaspace] GC(589) Metaspace: 53695K(54400K)->53695K(54400K) NonClass: 47639K(48000K)->47639K(48000K) Class: 6055K(6400K)->6055K(6400K)
[2025-03-28T20:03:42.565+0530][gc          ] GC(589) Pause Young (Normal) (G1 Evacuation Pause) 469M->291M(1024M) 12.294ms
[2025-03-28T20:03:42.565+0530][gc,cpu      ] GC(589) User=0.02s Sys=0.00s Real=0.02s
[2025-03-28T20:03:58.151+0530][gc,start    ] GC(590) Pause Young (Normal) (G1 Evacuation Pause)
[2025-03-28T20:03:58.152+0530][gc,task     ] GC(590) Using 2 workers of 2 for evacuation
[2025-03-28T20:03:58.198+0530][gc,mmu      ] GC(590) MMU target violated: 21.0ms (20.0ms/21.0ms)
[2025-03-28T20:03:58.198+0530][gc,phases   ] GC(590)   Pre Evacuate Collection Set: 1.0ms
[2025-03-28T20:03:58.198+0530][gc,phases   ] GC(590)   Merge Heap Roots: 1.1ms
[2025-03-28T20:03:58.198+0530][gc,phases   ] GC(590)   Evacuate Collection Set: 41.1ms
[2025-03-28T20:03:58.198+0530][gc,phases   ] GC(590)   Post Evacuate Collection Set: 2.3ms
[2025-03-28T20:03:58.198+0530][gc,phases   ] GC(590)   Other: 1.1ms
[2025-03-28T20:03:58.198+0530][gc,heap     ] GC(590) Eden regions: 245->0(49)
[2025-03-28T20:03:58.198+0530][gc,heap     ] GC(590) Survivor regions: 4->2(32)
[2025-03-28T20:03:58.198+0530][gc,heap     ] GC(590) Old regions: 148->148
[2025-03-28T20:03:58.198+0530][gc,heap     ] GC(590) Archive regions: 2->2
[2025-03-28T20:03:58.198+0530][gc,heap     ] GC(590) Humongous regions: 144->138
[2025-03-28T20:03:58.198+0530][gc,metaspace] GC(590) Metaspace: 53696K(54400K)->53696K(54400K) NonClass: 47640K(48000K)->47640K(48000K) Class: 6055K(6400K)->6055K(6400K)
[2025-03-28T20:03:58.198+0530][gc          ] GC(590) Pause Young (Normal) (G1 Evacuation Pause) 540M->287M(1024M) 46.875ms
[2025-03-28T20:03:58.198+0530][gc,cpu      ] GC(590) User=0.04s Sys=0.02s Real=0.05s
[2025-03-28T20:03:58.305+0530][gc,start    ] GC(591) Pause Young (Normal) (G1 Evacuation Pause)
[2025-03-28T20:03:58.305+0530][gc,task     ] GC(591) Using 2 workers of 2 for evacuation
[2025-03-28T20:03:58.337+0530][gc,mmu      ] GC(591) MMU target violated: 21.0ms (20.0ms/21.0ms)
[2025-03-28T20:03:58.337+0530][gc,phases   ] GC(591)   Pre Evacuate Collection Set: 0.3ms
[2025-03-28T20:03:58.337+0530][gc,phases   ] GC(591)   Merge Heap Roots: 0.2ms
[2025-03-28T20:03:58.337+0530][gc,phases   ] GC(591)   Evacuate Collection Set: 30.6ms
[2025-03-28T20:03:58.337+0530][gc,phases   ] GC(591)   Post Evacuate Collection Set: 0.6ms
[2025-03-28T20:03:58.337+0530][gc,phases   ] GC(591)   Other: 0.2ms
[2025-03-28T20:03:58.337+0530][gc,heap     ] GC(591) Eden regions: 49->0(44)
[2025-03-28T20:03:58.337+0530][gc,heap     ] GC(591) Survivor regions: 2->7(7)
[2025-03-28T20:03:58.337+0530][gc,heap     ] GC(591) Old regions: 148->148
[2025-03-28T20:03:58.337+0530][gc,heap     ] GC(591) Archive regions: 2->2
[2025-03-28T20:03:58.337+0530][gc,heap     ] GC(591) Humongous regions: 138->138
[2025-03-28T20:03:58.337+0530][gc,metaspace] GC(591) Metaspace: 53696K(54400K)->53696K(54400K) NonClass: 47640K(48000K)->47640K(48000K) Class: 6055K(6400K)->6055K(6400K)
[2025-03-28T20:03:58.337+0530][gc          ] GC(591) Pause Young (Normal) (G1 Evacuation Pause) 336M->293M(1024M) 32.010ms
[2025-03-28T20:03:58.337+0530][gc,cpu      ] GC(591) User=0.03s Sys=0.01s Real=0.04s
[2025-03-28T20:03:58.425+0530][gc,start    ] GC(592) Pause Young (Normal) (G1 Evacuation Pause)
[2025-03-28T20:03:58.425+0530][gc,task     ] GC(592) Using 2 workers of 2 for evacuation
[2025-03-28T20:03:58.441+0530][gc,phases   ] GC(592)   Pre Evacuate Collection Set: 0.4ms
[2025-03-28T20:03:58.441+0530][gc,phases   ] GC(592)   Merge Heap Roots: 0.2ms
[2025-03-28T20:03:58.441+0530][gc,phases   ] GC(592)   Evacuate Collection Set: 14.8ms
[2025-03-28T20:03:58.441+0530][gc,phases   ] GC(592)   Post Evacuate Collection Set: 0.4ms
[2025-03-28T20:03:58.441+0530][gc,phases   ] GC(592)   Other: 0.2ms
[2025-03-28T20:03:58.441+0530][gc,heap     ] GC(592) Eden regions: 44->0(49)
[2025-03-28T20:03:58.441+0530][gc,heap     ] GC(592) Survivor regions: 7->2(7)
[2025-03-28T20:03:58.441+0530][gc,heap     ] GC(592) Old regions: 148->150
[2025-03-28T20:03:58.441+0530][gc,heap     ] GC(592) Archive regions: 2->2
[2025-03-28T20:03:58.441+0530][gc,heap     ] GC(592) Humongous regions: 140->140
[2025-03-28T20:03:58.442+0530][gc,metaspace] GC(592) Metaspace: 53696K(54400K)->53696K(54400K) NonClass: 47640K(48000K)->47640K(48000K) Class: 6055K(6400K)->6055K(6400K)
[2025-03-28T20:03:58.442+0530][gc          ] GC(592) Pause Young (Normal) (G1 Evacuation Pause) 339M->292M(1024M) 16.149ms
[2025-03-28T20:03:58.442+0530][gc,cpu      ] GC(592) User=0.01s Sys=0.00s Real=0.02s
[2025-03-28T20:04:02.465+0530][gc,start    ] GC(593) Pause Young (Normal) (G1 Evacuation Pause)
[2025-03-28T20:04:02.465+0530][gc,task     ] GC(593) Using 2 workers of 2 for evacuation
[2025-03-28T20:04:02.474+0530][gc,phases   ] GC(593)   Pre Evacuate Collection Set: 0.3ms
[2025-03-28T20:04:02.474+0530][gc,phases   ] GC(593)   Merge Heap Roots: 0.1ms
[2025-03-28T20:04:02.474+0530][gc,phases   ] GC(593)   Evacuate Collection Set: 6.5ms
[2025-03-28T20:04:02.474+0530][gc,phases   ] GC(593)   Post Evacuate Collection Set: 1.6ms
[2025-03-28T20:04:02.474+0530][gc,phases   ] GC(593)   Other: 0.7ms
[2025-03-28T20:04:02.474+0530][gc,heap     ] GC(593) Eden regions: 49->0(46)
[2025-03-28T20:04:02.474+0530][gc,heap     ] GC(593) Survivor regions: 2->5(7)
[2025-03-28T20:04:02.474+0530][gc,heap     ] GC(593) Old regions: 150->150
[2025-03-28T20:04:02.474+0530][gc,heap     ] GC(593) Archive regions: 2->2
[2025-03-28T20:04:02.474+0530][gc,heap     ] GC(593) Humongous regions: 140->138
[2025-03-28T20:04:02.474+0530][gc,metaspace] GC(593) Metaspace: 53696K(54400K)->53696K(54400K) NonClass: 47640K(48000K)->47640K(48000K) Class: 6055K(6400K)->6055K(6400K)
[2025-03-28T20:04:02.474+0530][gc          ] GC(593) Pause Young (Normal) (G1 Evacuation Pause) 341M->293M(1024M) 9.302ms
[2025-03-28T20:04:02.474+0530][gc,cpu      ] GC(593) User=0.01s Sys=0.01s Real=0.00s
[2025-03-28T20:04:02.597+0530][gc,start    ] GC(594) Pause Young (Normal) (G1 Evacuation Pause)
[2025-03-28T20:04:02.597+0530][gc,task     ] GC(594) Using 2 workers of 2 for evacuation
[2025-03-28T20:04:02.604+0530][gc,phases   ] GC(594)   Pre Evacuate Collection Set: 0.5ms
[2025-03-28T20:04:02.604+0530][gc,phases   ] GC(594)   Merge Heap Roots: 0.2ms
[2025-03-28T20:04:02.604+0530][gc,phases   ] GC(594)   Evacuate Collection Set: 5.5ms
[2025-03-28T20:04:02.604+0530][gc,phases   ] GC(594)   Post Evacuate Collection Set: 0.4ms
[2025-03-28T20:04:02.604+0530][gc,phases   ] GC(594)   Other: 0.2ms
[2025-03-28T20:04:02.604+0530][gc,heap     ] GC(594) Eden regions: 46->0(66)
[2025-03-28T20:04:02.604+0530][gc,heap     ] GC(594) Survivor regions: 5->2(7)
[2025-03-28T20:04:02.604+0530][gc,heap     ] GC(594) Old regions: 150->151
[2025-03-28T20:04:02.604+0530][gc,heap     ] GC(594) Archive regions: 2->2
[2025-03-28T20:04:02.604+0530][gc,heap     ] GC(594) Humongous regions: 140->140
[2025-03-28T20:04:02.604+0530][gc,metaspace] GC(594) Metaspace: 53696K(54400K)->53696K(54400K) NonClass: 47640K(48000K)->47640K(48000K) Class: 6055K(6400K)->6055K(6400K)
[2025-03-28T20:04:02.604+0530][gc          ] GC(594) Pause Young (Normal) (G1 Evacuation Pause) 341M->293M(1024M) 6.882ms
[2025-03-28T20:04:02.604+0530][gc,cpu      ] GC(594) User=0.01s Sys=0.00s Real=0.00s
[2025-03-28T20:04:08.595+0530][gc,start    ] GC(595) Pause Young (Normal) (G1 Evacuation Pause)
[2025-03-28T20:04:08.595+0530][gc,task     ] GC(595) Using 2 workers of 2 for evacuation
[2025-03-28T20:04:08.601+0530][gc,phases   ] GC(595)   Pre Evacuate Collection Set: 0.2ms
[2025-03-28T20:04:08.601+0530][gc,phases   ] GC(595)   Merge Heap Roots: 0.1ms
[2025-03-28T20:04:08.601+0530][gc,phases   ] GC(595)   Evacuate Collection Set: 5.2ms
[2025-03-28T20:04:08.601+0530][gc,phases   ] GC(595)   Post Evacuate Collection Set: 0.6ms
[2025-03-28T20:04:08.601+0530][gc,phases   ] GC(595)   Other: 0.2ms
[2025-03-28T20:04:08.601+0530][gc,heap     ] GC(595) Eden regions: 66->0(75)
[2025-03-28T20:04:08.601+0530][gc,heap     ] GC(595) Survivor regions: 2->5(9)
[2025-03-28T20:04:08.601+0530][gc,heap     ] GC(595) Old regions: 151->151
[2025-03-28T20:04:08.601+0530][gc,heap     ] GC(595) Archive regions: 2->2
[2025-03-28T20:04:08.601+0530][gc,heap     ] GC(595) Humongous regions: 140->138
[2025-03-28T20:04:08.601+0530][gc,metaspace] GC(595) Metaspace: 53696K(54400K)->53696K(54400K) NonClass: 47640K(48000K)->47640K(48000K) Class: 6055K(6400K)->6055K(6400K)
[2025-03-28T20:04:08.601+0530][gc          ] GC(595) Pause Young (Normal) (G1 Evacuation Pause) 359M->294M(1024M) 6.317ms
[2025-03-28T20:04:08.601+0530][gc,cpu      ] GC(595) User=0.01s Sys=0.01s Real=0.01s
[2025-03-28T20:04:12.401+0530][gc,start    ] GC(596) Pause Young (Normal) (G1 Evacuation Pause)
[2025-03-28T20:04:12.401+0530][gc,task     ] GC(596) Using 2 workers of 2 for evacuation
[2025-03-28T20:04:12.405+0530][gc,phases   ] GC(596)   Pre Evacuate Collection Set: 0.2ms
[2025-03-28T20:04:12.405+0530][gc,phases   ] GC(596)   Merge Heap Roots: 0.1ms
[2025-03-28T20:04:12.405+0530][gc,phases   ] GC(596)   Evacuate Collection Set: 3.3ms
[2025-03-28T20:04:12.405+0530][gc,phases   ] GC(596)   Post Evacuate Collection Set: 0.5ms
[2025-03-28T20:04:12.405+0530][gc,phases   ] GC(596)   Other: 0.2ms
[2025-03-28T20:04:12.405+0530][gc,heap     ] GC(596) Eden regions: 75->0(185)
[2025-03-28T20:04:12.405+0530][gc,heap     ] GC(596) Survivor regions: 5->1(10)
[2025-03-28T20:04:12.405+0530][gc,heap     ] GC(596) Old regions: 151->151
[2025-03-28T20:04:12.405+0530][gc,heap     ] GC(596) Archive regions: 2->2
[2025-03-28T20:04:12.405+0530][gc,heap     ] GC(596) Humongous regions: 140->138
[2025-03-28T20:04:12.405+0530][gc,metaspace] GC(596) Metaspace: 53696K(54400K)->53696K(54400K) NonClass: 47640K(48000K)->47640K(48000K) Class: 6055K(6400K)->6055K(6400K)
[2025-03-28T20:04:12.405+0530][gc          ] GC(596) Pause Young (Normal) (G1 Evacuation Pause) 371M->290M(1024M) 4.454ms
[2025-03-28T20:04:12.405+0530][gc,cpu      ] GC(596) User=0.01s Sys=0.00s Real=0.01s
[2025-03-28T20:04:18.733+0530][gc,start    ] GC(597) Pause Young (Normal) (G1 Evacuation Pause)
[2025-03-28T20:04:18.733+0530][gc,task     ] GC(597) Using 2 workers of 2 for evacuation
[2025-03-28T20:04:18.740+0530][gc,phases   ] GC(597)   Pre Evacuate Collection Set: 0.2ms
[2025-03-28T20:04:18.740+0530][gc,phases   ] GC(597)   Merge Heap Roots: 0.1ms
[2025-03-28T20:04:18.740+0530][gc,phases   ] GC(597)   Evacuate Collection Set: 6.1ms
[2025-03-28T20:04:18.740+0530][gc,phases   ] GC(597)   Post Evacuate Collection Set: 0.6ms
[2025-03-28T20:04:18.740+0530][gc,phases   ] GC(597)   Other: 0.1ms
[2025-03-28T20:04:18.740+0530][gc,heap     ] GC(597) Eden regions: 185->0(237)
[2025-03-28T20:04:18.740+0530][gc,heap     ] GC(597) Survivor regions: 1->3(24)
[2025-03-28T20:04:18.740+0530][gc,heap     ] GC(597) Old regions: 151->151
[2025-03-28T20:04:18.740+0530][gc,heap     ] GC(597) Archive regions: 2->2
[2025-03-28T20:04:18.740+0530][gc,heap     ] GC(597) Humongous regions: 142->140
[2025-03-28T20:04:18.740+0530][gc,metaspace] GC(597) Metaspace: 53696K(54400K)->53696K(54400K) NonClass: 47640K(48000K)->47640K(48000K) Class: 6055K(6400K)->6055K(6400K)
[2025-03-28T20:04:18.740+0530][gc          ] GC(597) Pause Young (Normal) (G1 Evacuation Pause) 479M->294M(1024M) 7.185ms
[2025-03-28T20:04:18.740+0530][gc,cpu      ] GC(597) User=0.01s Sys=0.00s Real=0.00s
[2025-03-28T20:04:28.752+0530][gc,start    ] GC(598) Pause Young (Normal) (G1 Evacuation Pause)
[2025-03-28T20:04:28.752+0530][gc,task     ] GC(598) Using 2 workers of 2 for evacuation
[2025-03-28T20:04:28.790+0530][gc,mmu      ] GC(598) MMU target violated: 21.0ms (20.0ms/21.0ms)
[2025-03-28T20:04:28.790+0530][gc,phases   ] GC(598)   Pre Evacuate Collection Set: 0.3ms
[2025-03-28T20:04:28.790+0530][gc,phases   ] GC(598)   Merge Heap Roots: 0.1ms
[2025-03-28T20:04:28.790+0530][gc,phases   ] GC(598)   Evacuate Collection Set: 14.7ms
[2025-03-28T20:04:28.790+0530][gc,phases   ] GC(598)   Post Evacuate Collection Set: 22.3ms
[2025-03-28T20:04:28.790+0530][gc,phases   ] GC(598)   Other: 0.7ms
[2025-03-28T20:04:28.790+0530][gc,heap     ] GC(598) Eden regions: 237->0(47)
[2025-03-28T20:04:28.790+0530][gc,heap     ] GC(598) Survivor regions: 3->4(30)
[2025-03-28T20:04:28.790+0530][gc,heap     ] GC(598) Old regions: 151->151
[2025-03-28T20:04:28.790+0530][gc,heap     ] GC(598) Archive regions: 2->2
[2025-03-28T20:04:28.790+0530][gc,heap     ] GC(598) Humongous regions: 144->140
[2025-03-28T20:04:28.790+0530][gc,metaspace] GC(598) Metaspace: 53696K(54400K)->53696K(54400K) NonClass: 47640K(48000K)->47640K(48000K) Class: 6055K(6400K)->6055K(6400K)
[2025-03-28T20:04:28.790+0530][gc          ] GC(598) Pause Young (Normal) (G1 Evacuation Pause) 535M->294M(1024M) 37.760ms
[2025-03-28T20:04:28.790+0530][gc,cpu      ] GC(598) User=0.02s Sys=0.00s Real=0.04s
[2025-03-28T20:04:32.432+0530][gc,start    ] GC(599) Pause Young (Normal) (G1 Evacuation Pause)
[2025-03-28T20:04:32.432+0530][gc,task     ] GC(599) Using 2 workers of 2 for evacuation
[2025-03-28T20:04:32.446+0530][gc,phases   ] GC(599)   Pre Evacuate Collection Set: 0.1ms
[2025-03-28T20:04:32.447+0530][gc,phases   ] GC(599)   Merge Heap Roots: 0.1ms
[2025-03-28T20:04:32.447+0530][gc,phases   ] GC(599)   Evacuate Collection Set: 13.9ms
[2025-03-28T20:04:32.447+0530][gc,phases   ] GC(599)   Post Evacuate Collection Set: 0.6ms
[2025-03-28T20:04:32.447+0530][gc,phases   ] GC(599)   Other: 0.1ms
[2025-03-28T20:04:32.447+0530][gc,heap     ] GC(599) Eden regions: 47->0(46)
[2025-03-28T20:04:32.447+0530][gc,heap     ] GC(599) Survivor regions: 4->5(7)
[2025-03-28T20:04:32.447+0530][gc,heap     ] GC(599) Old regions: 151->151
[2025-03-28T20:04:32.447+0530][gc,heap     ] GC(599) Archive regions: 2->2
[2025-03-28T20:04:32.447+0530][gc,heap     ] GC(599) Humongous regions: 140->138
[2025-03-28T20:04:32.447+0530][gc,metaspace] GC(599) Metaspace: 53700K(54400K)->53700K(54400K) NonClass: 47644K(48000K)->47644K(48000K) Class: 6055K(6400K)->6055K(6400K)
[2025-03-28T20:04:32.447+0530][gc          ] GC(599) Pause Young (Normal) (G1 Evacuation Pause) 341M->294M(1024M) 15.057ms
[2025-03-28T20:04:32.447+0530][gc,cpu      ] GC(599) User=0.01s Sys=0.00s Real=0.02s
[2025-03-28T20:04:32.538+0530][gc,start    ] GC(600) Pause Young (Normal) (G1 Evacuation Pause)
[2025-03-28T20:04:32.538+0530][gc,task     ] GC(600) Using 2 workers of 2 for evacuation
[2025-03-28T20:04:32.566+0530][gc,mmu      ] GC(600) MMU target violated: 21.0ms (20.0ms/21.0ms)
[2025-03-28T20:04:32.566+0530][gc,phases   ] GC(600)   Pre Evacuate Collection Set: 0.3ms
[2025-03-28T20:04:32.566+0530][gc,phases   ] GC(600)   Merge Heap Roots: 0.3ms
[2025-03-28T20:04:32.566+0530][gc,phases   ] GC(600)   Evacuate Collection Set: 26.7ms
[2025-03-28T20:04:32.566+0530][gc,phases   ] GC(600)   Post Evacuate Collection Set: 0.3ms
[2025-03-28T20:04:32.566+0530][gc,phases   ] GC(600)   Other: 0.2ms
[2025-03-28T20:04:32.566+0530][gc,heap     ] GC(600) Eden regions: 46->0(49)
[2025-03-28T20:04:32.566+0530][gc,heap     ] GC(600) Survivor regions: 5->2(7)
[2025-03-28T20:04:32.566+0530][gc,heap     ] GC(600) Old regions: 151->153
[2025-03-28T20:04:32.566+0530][gc,heap     ] GC(600) Archive regions: 2->2
[2025-03-28T20:04:32.566+0530][gc,heap     ] GC(600) Humongous regions: 140->140
[2025-03-28T20:04:32.566+0530][gc,metaspace] GC(600) Metaspace: 53700K(54400K)->53700K(54400K) NonClass: 47644K(48000K)->47644K(48000K) Class: 6055K(6400K)->6055K(6400K)
[2025-03-28T20:04:32.566+0530][gc          ] GC(600) Pause Young (Normal) (G1 Evacuation Pause) 342M->295M(1024M) 27.856ms
[2025-03-28T20:04:32.566+0530][gc,cpu      ] GC(600) User=0.01s Sys=0.00s Real=0.03s
[2025-03-28T20:04:38.513+0530][gc,start    ] GC(601) Pause Young (Normal) (G1 Evacuation Pause)
[2025-03-28T20:04:38.514+0530][gc,task     ] GC(601) Using 2 workers of 2 for evacuation
[2025-03-28T20:04:38.528+0530][gc,phases   ] GC(601)   Pre Evacuate Collection Set: 1.2ms
[2025-03-28T20:04:38.528+0530][gc,phases   ] GC(601)   Merge Heap Roots: 0.1ms
[2025-03-28T20:04:38.528+0530][gc,phases   ] GC(601)   Evacuate Collection Set: 3.5ms
[2025-03-28T20:04:38.528+0530][gc,phases   ] GC(601)   Post Evacuate Collection Set: 8.9ms
[2025-03-28T20:04:38.528+0530][gc,phases   ] GC(601)   Other: 0.6ms
[2025-03-28T20:04:38.528+0530][gc,heap     ] GC(601) Eden regions: 49->0(49)
[2025-03-28T20:04:38.528+0530][gc,heap     ] GC(601) Survivor regions: 2->2(7)
[2025-03-28T20:04:38.528+0530][gc,heap     ] GC(601) Old regions: 153->153
[2025-03-28T20:04:38.528+0530][gc,heap     ] GC(601) Archive regions: 2->2
[2025-03-28T20:04:38.528+0530][gc,heap     ] GC(601) Humongous regions: 140->138
[2025-03-28T20:04:38.528+0530][gc,metaspace] GC(601) Metaspace: 53704K(54400K)->53704K(54400K) NonClass: 47648K(48000K)->47648K(48000K) Class: 6055K(6400K)->6055K(6400K)
[2025-03-28T20:04:38.528+0530][gc          ] GC(601) Pause Young (Normal) (G1 Evacuation Pause) 344M->293M(1024M) 14.449ms
[2025-03-28T20:04:38.528+0530][gc,cpu      ] GC(601) User=0.01s Sys=0.00s Real=0.03s
[2025-03-28T20:04:38.654+0530][gc,start    ] GC(602) Pause Young (Normal) (G1 Evacuation Pause)
[2025-03-28T20:04:38.654+0530][gc,task     ] GC(602) Using 2 workers of 2 for evacuation
[2025-03-28T20:04:38.687+0530][gc,mmu      ] GC(602) MMU target violated: 21.0ms (20.0ms/21.0ms)
[2025-03-28T20:04:38.687+0530][gc,phases   ] GC(602)   Pre Evacuate Collection Set: 0.2ms
[2025-03-28T20:04:38.687+0530][gc,phases   ] GC(602)   Merge Heap Roots: 0.1ms
[2025-03-28T20:04:38.687+0530][gc,phases   ] GC(602)   Evacuate Collection Set: 32.8ms
[2025-03-28T20:04:38.687+0530][gc,phases   ] GC(602)   Post Evacuate Collection Set: 0.5ms
[2025-03-28T20:04:38.687+0530][gc,phases   ] GC(602)   Other: 0.2ms
[2025-03-28T20:04:38.688+0530][gc,heap     ] GC(602) Eden regions: 49->0(44)
[2025-03-28T20:04:38.688+0530][gc,heap     ] GC(602) Survivor regions: 2->7(7)
[2025-03-28T20:04:38.688+0530][gc,heap     ] GC(602) Old regions: 153->153
[2025-03-28T20:04:38.688+0530][gc,heap     ] GC(602) Archive regions: 2->2
[2025-03-28T20:04:38.688+0530][gc,heap     ] GC(602) Humongous regions: 138->138
[2025-03-28T20:04:38.688+0530][gc,metaspace] GC(602) Metaspace: 53704K(54400K)->53704K(54400K) NonClass: 47648K(48000K)->47648K(48000K) Class: 6055K(6400K)->6055K(6400K)
[2025-03-28T20:04:38.688+0530][gc          ] GC(602) Pause Young (Normal) (G1 Evacuation Pause) 342M->298M(1024M) 33.868ms
[2025-03-28T20:04:38.688+0530][gc,cpu      ] GC(602) User=0.01s Sys=0.01s Real=0.04s
[2025-03-28T20:04:38.743+0530][gc,start    ] GC(603) Pause Young (Normal) (G1 Evacuation Pause)
[2025-03-28T20:04:38.743+0530][gc,task     ] GC(603) Using 2 workers of 2 for evacuation
[2025-03-28T20:04:38.760+0530][gc,phases   ] GC(603)   Pre Evacuate Collection Set: 0.2ms
[2025-03-28T20:04:38.761+0530][gc,phases   ] GC(603)   Merge Heap Roots: 0.1ms
[2025-03-28T20:04:38.761+0530][gc,phases   ] GC(603)   Evacuate Collection Set: 16.4ms
[2025-03-28T20:04:38.761+0530][gc,phases   ] GC(603)   Post Evacuate Collection Set: 0.4ms
[2025-03-28T20:04:38.761+0530][gc,phases   ] GC(603)   Other: 0.1ms
[2025-03-28T20:04:38.761+0530][gc,heap     ] GC(603) Eden regions: 44->0(49)
[2025-03-28T20:04:38.761+0530][gc,heap     ] GC(603) Survivor regions: 7->2(7)
[2025-03-28T20:04:38.761+0530][gc,heap     ] GC(603) Old regions: 153->155
[2025-03-28T20:04:38.761+0530][gc,heap     ] GC(603) Archive regions: 2->2
[2025-03-28T20:04:38.761+0530][gc,heap     ] GC(603) Humongous regions: 140->140
[2025-03-28T20:04:38.761+0530][gc,metaspace] GC(603) Metaspace: 53704K(54400K)->53704K(54400K) NonClass: 47648K(48000K)->47648K(48000K) Class: 6055K(6400K)->6055K(6400K)
[2025-03-28T20:04:38.761+0530][gc          ] GC(603) Pause Young (Normal) (G1 Evacuation Pause) 344M->296M(1024M) 17.339ms
[2025-03-28T20:04:38.761+0530][gc,cpu      ] GC(603) User=0.01s Sys=0.00s Real=0.03s
[2025-03-28T20:04:42.452+0530][gc,start    ] GC(604) Pause Young (Normal) (G1 Evacuation Pause)
[2025-03-28T20:04:42.452+0530][gc,task     ] GC(604) Using 2 workers of 2 for evacuation
[2025-03-28T20:04:42.464+0530][gc,phases   ] GC(604)   Pre Evacuate Collection Set: 0.2ms
[2025-03-28T20:04:42.464+0530][gc,phases   ] GC(604)   Merge Heap Roots: 0.1ms
[2025-03-28T20:04:42.464+0530][gc,phases   ] GC(604)   Evacuate Collection Set: 10.8ms
[2025-03-28T20:04:42.464+0530][gc,phases   ] GC(604)   Post Evacuate Collection Set: 0.4ms
[2025-03-28T20:04:42.464+0530][gc,phases   ] GC(604)   Other: 0.1ms
[2025-03-28T20:04:42.464+0530][gc,heap     ] GC(604) Eden regions: 49->0(45)
[2025-03-28T20:04:42.464+0530][gc,heap     ] GC(604) Survivor regions: 2->6(7)
[2025-03-28T20:04:42.464+0530][gc,heap     ] GC(604) Old regions: 155->155
[2025-03-28T20:04:42.464+0530][gc,heap     ] GC(604) Archive regions: 2->2
[2025-03-28T20:04:42.464+0530][gc,heap     ] GC(604) Humongous regions: 140->138
[2025-03-28T20:04:42.464+0530][gc,metaspace] GC(604) Metaspace: 53704K(54400K)->53704K(54400K) NonClass: 47648K(48000K)->47648K(48000K) Class: 6055K(6400K)->6055K(6400K)
[2025-03-28T20:04:42.464+0530][gc          ] GC(604) Pause Young (Normal) (G1 Evacuation Pause) 345M->299M(1024M) 11.756ms
[2025-03-28T20:04:42.464+0530][gc,cpu      ] GC(604) User=0.01s Sys=0.00s Real=0.02s
[2025-03-28T20:04:42.546+0530][gc,start    ] GC(605) Pause Young (Normal) (G1 Evacuation Pause)
[2025-03-28T20:04:42.546+0530][gc,task     ] GC(605) Using 2 workers of 2 for evacuation
[2025-03-28T20:04:42.565+0530][gc,phases   ] GC(605)   Pre Evacuate Collection Set: 0.2ms
[2025-03-28T20:04:42.565+0530][gc,phases   ] GC(605)   Merge Heap Roots: 0.1ms
[2025-03-28T20:04:42.565+0530][gc,phases   ] GC(605)   Evacuate Collection Set: 18.8ms
[2025-03-28T20:04:42.565+0530][gc,phases   ] GC(605)   Post Evacuate Collection Set: 0.4ms
[2025-03-28T20:04:42.565+0530][gc,phases   ] GC(605)   Other: 0.1ms
[2025-03-28T20:04:42.565+0530][gc,heap     ] GC(605) Eden regions: 45->0(49)
[2025-03-28T20:04:42.565+0530][gc,heap     ] GC(605) Survivor regions: 6->2(7)
[2025-03-28T20:04:42.565+0530][gc,heap     ] GC(605) Old regions: 155->156
[2025-03-28T20:04:42.565+0530][gc,heap     ] GC(605) Archive regions: 2->2
[2025-03-28T20:04:42.565+0530][gc,heap     ] GC(605) Humongous regions: 140->140
[2025-03-28T20:04:42.565+0530][gc,metaspace] GC(605) Metaspace: 53704K(54400K)->53704K(54400K) NonClass: 47648K(48000K)->47648K(48000K) Class: 6055K(6400K)->6055K(6400K)
[2025-03-28T20:04:42.565+0530][gc          ] GC(605) Pause Young (Normal) (G1 Evacuation Pause) 346M->298M(1024M) 19.698ms
[2025-03-28T20:04:42.565+0530][gc,cpu      ] GC(605) User=0.02s Sys=0.00s Real=0.03s
[2025-03-28T20:04:48.563+0530][gc,start    ] GC(606) Pause Young (Normal) (G1 Evacuation Pause)
[2025-03-28T20:04:48.563+0530][gc,task     ] GC(606) Using 2 workers of 2 for evacuation
[2025-03-28T20:04:48.573+0530][gc,phases   ] GC(606)   Pre Evacuate Collection Set: 1.1ms
[2025-03-28T20:04:48.573+0530][gc,phases   ] GC(606)   Merge Heap Roots: 0.1ms
[2025-03-28T20:04:48.573+0530][gc,phases   ] GC(606)   Evacuate Collection Set: 8.9ms
[2025-03-28T20:04:48.573+0530][gc,phases   ] GC(606)   Post Evacuate Collection Set: 0.5ms
[2025-03-28T20:04:48.573+0530][gc,phases   ] GC(606)   Other: 0.1ms
[2025-03-28T20:04:48.573+0530][gc,heap     ] GC(606) Eden regions: 49->0(47)
[2025-03-28T20:04:48.573+0530][gc,heap     ] GC(606) Survivor regions: 2->4(7)
[2025-03-28T20:04:48.574+0530][gc,heap     ] GC(606) Old regions: 156->156
[2025-03-28T20:04:48.574+0530][gc,heap     ] GC(606) Archive regions: 2->2
[2025-03-28T20:04:48.574+0530][gc,heap     ] GC(606) Humongous regions: 140->138
[2025-03-28T20:04:48.574+0530][gc,metaspace] GC(606) Metaspace: 53704K(54400K)->53704K(54400K) NonClass: 47649K(48000K)->47649K(48000K) Class: 6055K(6400K)->6055K(6400K)
[2025-03-28T20:04:48.574+0530][gc          ] GC(606) Pause Young (Normal) (G1 Evacuation Pause) 347M->298M(1024M) 10.817ms
[2025-03-28T20:04:48.574+0530][gc,cpu      ] GC(606) User=0.01s Sys=0.00s Real=0.02s
[2025-03-28T20:04:48.765+0530][gc,start    ] GC(607) Pause Young (Normal) (G1 Evacuation Pause)
[2025-03-28T20:04:48.765+0530][gc,task     ] GC(607) Using 2 workers of 2 for evacuation
[2025-03-28T20:04:48.776+0530][gc,phases   ] GC(607)   Pre Evacuate Collection Set: 0.2ms
[2025-03-28T20:04:48.777+0530][gc,phases   ] GC(607)   Merge Heap Roots: 0.1ms
[2025-03-28T20:04:48.777+0530][gc,phases   ] GC(607)   Evacuate Collection Set: 10.0ms
[2025-03-28T20:04:48.777+0530][gc,phases   ] GC(607)   Post Evacuate Collection Set: 0.4ms
[2025-03-28T20:04:48.777+0530][gc,phases   ] GC(607)   Other: 0.4ms
[2025-03-28T20:04:48.777+0530][gc,heap     ] GC(607) Eden regions: 47->0(84)
[2025-03-28T20:04:48.777+0530][gc,heap     ] GC(607) Survivor regions: 4->3(7)
[2025-03-28T20:04:48.777+0530][gc,heap     ] GC(607) Old regions: 156->156
[2025-03-28T20:04:48.777+0530][gc,heap     ] GC(607) Archive regions: 2->2
[2025-03-28T20:04:48.777+0530][gc,heap     ] GC(607) Humongous regions: 140->140
[2025-03-28T20:04:48.777+0530][gc,metaspace] GC(607) Metaspace: 53704K(54400K)->53704K(54400K) NonClass: 47649K(48000K)->47649K(48000K) Class: 6055K(6400K)->6055K(6400K)
[2025-03-28T20:04:48.777+0530][gc          ] GC(607) Pause Young (Normal) (G1 Evacuation Pause) 347M->299M(1024M) 11.358ms
[2025-03-28T20:04:48.777+0530][gc,cpu      ] GC(607) User=0.01s Sys=0.00s Real=0.01s
[2025-03-28T20:04:52.479+0530][gc,start    ] GC(608) Pause Young (Normal) (G1 Evacuation Pause)
[2025-03-28T20:04:52.479+0530][gc,task     ] GC(608) Using 2 workers of 2 for evacuation
[2025-03-28T20:04:52.497+0530][gc,phases   ] GC(608)   Pre Evacuate Collection Set: 0.2ms
[2025-03-28T20:04:52.497+0530][gc,phases   ] GC(608)   Merge Heap Roots: 0.2ms
[2025-03-28T20:04:52.497+0530][gc,phases   ] GC(608)   Evacuate Collection Set: 16.3ms
[2025-03-28T20:04:52.497+0530][gc,phases   ] GC(608)   Post Evacuate Collection Set: 0.7ms
[2025-03-28T20:04:52.497+0530][gc,phases   ] GC(608)   Other: 0.2ms
[2025-03-28T20:04:52.497+0530][gc,heap     ] GC(608) Eden regions: 84->0(71)
[2025-03-28T20:04:52.497+0530][gc,heap     ] GC(608) Survivor regions: 3->7(11)
[2025-03-28T20:04:52.497+0530][gc,heap     ] GC(608) Old regions: 156->156
[2025-03-28T20:04:52.497+0530][gc,heap     ] GC(608) Archive regions: 2->2
[2025-03-28T20:04:52.497+0530][gc,heap     ] GC(608) Humongous regions: 140->138
[2025-03-28T20:04:52.497+0530][gc,metaspace] GC(608) Metaspace: 53704K(54400K)->53704K(54400K) NonClass: 47649K(48000K)->47649K(48000K) Class: 6055K(6400K)->6055K(6400K)
[2025-03-28T20:04:52.497+0530][gc          ] GC(608) Pause Young (Normal) (G1 Evacuation Pause) 383M->300M(1024M) 17.699ms
[2025-03-28T20:04:52.497+0530][gc,cpu      ] GC(608) User=0.01s Sys=0.00s Real=0.02s
[2025-03-28T20:04:58.548+0530][gc,start    ] GC(609) Pause Young (Normal) (G1 Evacuation Pause)
[2025-03-28T20:04:58.548+0530][gc,task     ] GC(609) Using 2 workers of 2 for evacuation
[2025-03-28T20:04:58.571+0530][gc,mmu      ] GC(609) MMU target violated: 21.0ms (20.0ms/21.0ms)
[2025-03-28T20:04:58.571+0530][gc,phases   ] GC(609)   Pre Evacuate Collection Set: 0.2ms
[2025-03-28T20:04:58.571+0530][gc,phases   ] GC(609)   Merge Heap Roots: 0.1ms
[2025-03-28T20:04:58.571+0530][gc,phases   ] GC(609)   Evacuate Collection Set: 19.9ms
[2025-03-28T20:04:58.571+0530][gc,phases   ] GC(609)   Post Evacuate Collection Set: 2.5ms
[2025-03-28T20:04:58.571+0530][gc,phases   ] GC(609)   Other: 0.3ms
[2025-03-28T20:04:58.571+0530][gc,heap     ] GC(609) Eden regions: 71->0(135)
[2025-03-28T20:04:58.571+0530][gc,heap     ] GC(609) Survivor regions: 7->2(10)
[2025-03-28T20:04:58.571+0530][gc,heap     ] GC(609) Old regions: 156->156
[2025-03-28T20:04:58.571+0530][gc,heap     ] GC(609) Archive regions: 2->2
[2025-03-28T20:04:58.571+0530][gc,heap     ] GC(609) Humongous regions: 140->138
[2025-03-28T20:04:58.571+0530][gc,metaspace] GC(609) Metaspace: 53704K(54400K)->53704K(54400K) NonClass: 47649K(48000K)->47649K(48000K) Class: 6055K(6400K)->6055K(6400K)
[2025-03-28T20:04:58.571+0530][gc          ] GC(609) Pause Young (Normal) (G1 Evacuation Pause) 373M->296M(1024M) 23.181ms
[2025-03-28T20:04:58.571+0530][gc,cpu      ] GC(609) User=0.02s Sys=0.01s Real=0.02s
[2025-03-28T20:05:02.597+0530][gc,start    ] GC(610) Pause Young (Normal) (G1 Evacuation Pause)
[2025-03-28T20:05:02.597+0530][gc,task     ] GC(610) Using 2 workers of 2 for evacuation
[2025-03-28T20:05:02.621+0530][gc,mmu      ] GC(610) MMU target violated: 21.0ms (20.0ms/21.0ms)
[2025-03-28T20:05:02.621+0530][gc,phases   ] GC(610)   Pre Evacuate Collection Set: 0.2ms
[2025-03-28T20:05:02.621+0530][gc,phases   ] GC(610)   Merge Heap Roots: 0.2ms
[2025-03-28T20:05:02.622+0530][gc,phases   ] GC(610)   Evacuate Collection Set: 22.7ms
[2025-03-28T20:05:02.622+0530][gc,phases   ] GC(610)   Post Evacuate Collection Set: 0.7ms
[2025-03-28T20:05:02.622+0530][gc,phases   ] GC(610)   Other: 0.3ms
[2025-03-28T20:05:02.622+0530][gc,heap     ] GC(610) Eden regions: 135->0(119)
[2025-03-28T20:05:02.622+0530][gc,heap     ] GC(610) Survivor regions: 2->5(18)
[2025-03-28T20:05:02.622+0530][gc,heap     ] GC(610) Old regions: 156->156
[2025-03-28T20:05:02.622+0530][gc,heap     ] GC(610) Archive regions: 2->2
[2025-03-28T20:05:02.622+0530][gc,heap     ] GC(610) Humongous regions: 140->138
[2025-03-28T20:05:02.622+0530][gc,metaspace] GC(610) Metaspace: 53704K(54400K)->53704K(54400K) NonClass: 47649K(48000K)->47649K(48000K) Class: 6055K(6400K)->6055K(6400K)
[2025-03-28T20:05:02.622+0530][gc          ] GC(610) Pause Young (Normal) (G1 Evacuation Pause) 433M->299M(1024M) 24.341ms
[2025-03-28T20:05:02.622+0530][gc,cpu      ] GC(610) User=0.02s Sys=0.00s Real=0.02s
[2025-03-28T20:05:08.559+0530][gc,start    ] GC(611) Pause Young (Normal) (G1 Evacuation Pause)
[2025-03-28T20:05:08.559+0530][gc,task     ] GC(611) Using 2 workers of 2 for evacuation
[2025-03-28T20:05:08.566+0530][gc,phases   ] GC(611)   Pre Evacuate Collection Set: 0.2ms
[2025-03-28T20:05:08.566+0530][gc,phases   ] GC(611)   Merge Heap Roots: 0.1ms
[2025-03-28T20:05:08.566+0530][gc,phases   ] GC(611)   Evacuate Collection Set: 6.3ms
[2025-03-28T20:05:08.566+0530][gc,phases   ] GC(611)   Post Evacuate Collection Set: 0.5ms
[2025-03-28T20:05:08.566+0530][gc,phases   ] GC(611)   Other: 0.1ms
[2025-03-28T20:05:08.566+0530][gc,heap     ] GC(611) Eden regions: 119->0(175)
[2025-03-28T20:05:08.566+0530][gc,heap     ] GC(611) Survivor regions: 5->6(16)
[2025-03-28T20:05:08.566+0530][gc,heap     ] GC(611) Old regions: 156->156
[2025-03-28T20:05:08.566+0530][gc,heap     ] GC(611) Archive regions: 2->2
[2025-03-28T20:05:08.566+0530][gc,heap     ] GC(611) Humongous regions: 140->138
[2025-03-28T20:05:08.566+0530][gc,metaspace] GC(611) Metaspace: 53710K(54400K)->53710K(54400K) NonClass: 47654K(48000K)->47654K(48000K) Class: 6055K(6400K)->6055K(6400K)
[2025-03-28T20:05:08.566+0530][gc          ] GC(611) Pause Young (Normal) (G1 Evacuation Pause) 420M->300M(1024M) 7.459ms
[2025-03-28T20:05:08.566+0530][gc,cpu      ] GC(611) User=0.01s Sys=0.00s Real=0.00s
[2025-03-28T20:05:12.592+0530][gc,start    ] GC(612) Pause Young (Normal) (G1 Evacuation Pause)
[2025-03-28T20:05:12.592+0530][gc,task     ] GC(612) Using 2 workers of 2 for evacuation
[2025-03-28T20:05:12.603+0530][gc,phases   ] GC(612)   Pre Evacuate Collection Set: 0.2ms
[2025-03-28T20:05:12.603+0530][gc,phases   ] GC(612)   Merge Heap Roots: 0.1ms
[2025-03-28T20:05:12.603+0530][gc,phases   ] GC(612)   Evacuate Collection Set: 10.1ms
[2025-03-28T20:05:12.603+0530][gc,phases   ] GC(612)   Post Evacuate Collection Set: 0.7ms
[2025-03-28T20:05:12.603+0530][gc,phases   ] GC(612)   Other: 0.1ms
[2025-03-28T20:05:12.603+0530][gc,heap     ] GC(612) Eden regions: 175->0(323)
[2025-03-28T20:05:12.603+0530][gc,heap     ] GC(612) Survivor regions: 6->3(23)
[2025-03-28T20:05:12.603+0530][gc,heap     ] GC(612) Old regions: 156->156
[2025-03-28T20:05:12.603+0530][gc,heap     ] GC(612) Archive regions: 2->2
[2025-03-28T20:05:12.603+0530][gc,heap     ] GC(612) Humongous regions: 142->140
[2025-03-28T20:05:12.603+0530][gc,metaspace] GC(612) Metaspace: 53710K(54400K)->53710K(54400K) NonClass: 47654K(48000K)->47654K(48000K) Class: 6055K(6400K)->6055K(6400K)
[2025-03-28T20:05:12.603+0530][gc          ] GC(612) Pause Young (Normal) (G1 Evacuation Pause) 479M->299M(1024M) 11.431ms
[2025-03-28T20:05:12.603+0530][gc,cpu      ] GC(612) User=0.01s Sys=0.00s Real=0.01s
[2025-03-28T20:05:28.756+0530][gc,start    ] GC(613) Pause Young (Normal) (G1 Evacuation Pause)
[2025-03-28T20:05:28.756+0530][gc,task     ] GC(613) Using 2 workers of 2 for evacuation
[2025-03-28T20:05:28.780+0530][gc,mmu      ] GC(613) MMU target violated: 21.0ms (20.0ms/21.0ms)
[2025-03-28T20:05:28.780+0530][gc,phases   ] GC(613)   Pre Evacuate Collection Set: 0.3ms
[2025-03-28T20:05:28.780+0530][gc,phases   ] GC(613)   Merge Heap Roots: 0.3ms
[2025-03-28T20:05:28.780+0530][gc,phases   ] GC(613)   Evacuate Collection Set: 16.5ms
[2025-03-28T20:05:28.780+0530][gc,phases   ] GC(613)   Post Evacuate Collection Set: 5.9ms
[2025-03-28T20:05:28.780+0530][gc,phases   ] GC(613)   Other: 0.6ms
[2025-03-28T20:05:28.780+0530][gc,heap     ] GC(613) Eden regions: 315->0(226)
[2025-03-28T20:05:28.780+0530][gc,heap     ] GC(613) Survivor regions: 3->4(40)
[2025-03-28T20:05:28.780+0530][gc,heap     ] GC(613) Old regions: 156->156
[2025-03-28T20:05:28.780+0530][gc,heap     ] GC(613) Archive regions: 2->2
[2025-03-28T20:05:28.780+0530][gc,heap     ] GC(613) Humongous regions: 146->140
[2025-03-28T20:05:28.780+0530][gc,metaspace] GC(613) Metaspace: 53710K(54400K)->53710K(54400K) NonClass: 47654K(48000K)->47654K(48000K) Class: 6055K(6400K)->6055K(6400K)
[2025-03-28T20:05:28.780+0530][gc          ] GC(613) Pause Young (Normal) (G1 Evacuation Pause) 620M->300M(1024M) 23.710ms
[2025-03-28T20:05:28.780+0530][gc,cpu      ] GC(613) User=0.02s Sys=0.00s Real=0.02s
[2025-03-28T20:05:38.632+0530][gc,start    ] GC(614) Pause Young (Normal) (G1 Evacuation Pause)
[2025-03-28T20:05:38.632+0530][gc,task     ] GC(614) Using 2 workers of 2 for evacuation
[2025-03-28T20:05:38.644+0530][gc,phases   ] GC(614)   Pre Evacuate Collection Set: 0.2ms
[2025-03-28T20:05:38.644+0530][gc,phases   ] GC(614)   Merge Heap Roots: 0.1ms
[2025-03-28T20:05:38.644+0530][gc,phases   ] GC(614)   Evacuate Collection Set: 11.0ms
[2025-03-28T20:05:38.644+0530][gc,phases   ] GC(614)   Post Evacuate Collection Set: 0.9ms
[2025-03-28T20:05:38.644+0530][gc,phases   ] GC(614)   Other: 0.3ms
[2025-03-28T20:05:38.644+0530][gc,heap     ] GC(614) Eden regions: 201->0(335)
[2025-03-28T20:05:38.644+0530][gc,heap     ] GC(614) Survivor regions: 4->4(26)
[2025-03-28T20:05:38.645+0530][gc,heap     ] GC(614) Old regions: 156->156
[2025-03-28T20:05:38.645+0530][gc,heap     ] GC(614) Archive regions: 2->2
[2025-03-28T20:05:38.645+0530][gc,heap     ] GC(614) Humongous regions: 144->140
[2025-03-28T20:05:38.645+0530][gc,metaspace] GC(614) Metaspace: 53710K(54400K)->53710K(54400K) NonClass: 47654K(48000K)->47654K(48000K) Class: 6055K(6400K)->6055K(6400K)
[2025-03-28T20:05:38.645+0530][gc          ] GC(614) Pause Young (Normal) (G1 Evacuation Pause) 505M->300M(1024M) 12.690ms
[2025-03-28T20:05:38.645+0530][gc,cpu      ] GC(614) User=0.02s Sys=0.00s Real=0.01s
[2025-03-28T20:05:52.425+0530][gc,start    ] GC(615) Pause Young (Normal) (G1 Evacuation Pause)
[2025-03-28T20:05:52.425+0530][gc,task     ] GC(615) Using 2 workers of 2 for evacuation
[2025-03-28T20:05:52.452+0530][gc,mmu      ] GC(615) MMU target violated: 21.0ms (20.0ms/21.0ms)
[2025-03-28T20:05:52.452+0530][gc,phases   ] GC(615)   Pre Evacuate Collection Set: 0.2ms
[2025-03-28T20:05:52.452+0530][gc,phases   ] GC(615)   Merge Heap Roots: 0.1ms
[2025-03-28T20:05:52.452+0530][gc,phases   ] GC(615)   Evacuate Collection Set: 25.9ms
[2025-03-28T20:05:52.452+0530][gc,phases   ] GC(615)   Post Evacuate Collection Set: 0.7ms
[2025-03-28T20:05:52.452+0530][gc,phases   ] GC(615)   Other: 0.2ms
[2025-03-28T20:05:52.452+0530][gc,heap     ] GC(615) Eden regions: 280->0(152)
[2025-03-28T20:05:52.452+0530][gc,heap     ] GC(615) Survivor regions: 4->4(36)
[2025-03-28T20:05:52.452+0530][gc,heap     ] GC(615) Old regions: 156->156
[2025-03-28T20:05:52.452+0530][gc,heap     ] GC(615) Archive regions: 2->2
[2025-03-28T20:05:52.452+0530][gc,heap     ] GC(615) Humongous regions: 144->138
[2025-03-28T20:05:52.452+0530][gc,metaspace] GC(615) Metaspace: 53710K(54400K)->53710K(54400K) NonClass: 47654K(48000K)->47654K(48000K) Class: 6055K(6400K)->6055K(6400K)
[2025-03-28T20:05:52.452+0530][gc          ] GC(615) Pause Young (Normal) (G1 Evacuation Pause) 584M->298M(1024M) 27.247ms
[2025-03-28T20:05:52.452+0530][gc,cpu      ] GC(615) User=0.03s Sys=0.00s Real=0.03s
[2025-03-28T20:05:57.402+0530][gc,start    ] GC(616) Pause Young (Normal) (G1 Evacuation Pause)
[2025-03-28T20:05:57.402+0530][gc,task     ] GC(616) Using 2 workers of 2 for evacuation
[2025-03-28T20:05:57.411+0530][gc,phases   ] GC(616)   Pre Evacuate Collection Set: 0.2ms
[2025-03-28T20:05:57.411+0530][gc,phases   ] GC(616)   Merge Heap Roots: 0.1ms
[2025-03-28T20:05:57.411+0530][gc,phases   ] GC(616)   Evacuate Collection Set: 7.5ms
[2025-03-28T20:05:57.411+0530][gc,phases   ] GC(616)   Post Evacuate Collection Set: 0.7ms
[2025-03-28T20:05:57.411+0530][gc,phases   ] GC(616)   Other: 0.2ms
[2025-03-28T20:05:57.411+0530][gc,heap     ] GC(616) Eden regions: 95->0(435)
[2025-03-28T20:05:57.411+0530][gc,heap     ] GC(616) Survivor regions: 4->3(13)
[2025-03-28T20:05:57.411+0530][gc,heap     ] GC(616) Old regions: 156->156
[2025-03-28T20:05:57.411+0530][gc,heap     ] GC(616) Archive regions: 2->2
[2025-03-28T20:05:57.411+0530][gc,heap     ] GC(616) Humongous regions: 140->138
[2025-03-28T20:05:57.411+0530][gc,metaspace] GC(616) Metaspace: 53720K(54400K)->53720K(54400K) NonClass: 47664K(48000K)->47664K(48000K) Class: 6055K(6400K)->6055K(6400K)
[2025-03-28T20:05:57.411+0530][gc          ] GC(616) Pause Young (Normal) (G1 Evacuation Pause) 395M->297M(1024M) 8.749ms
[2025-03-28T20:05:57.411+0530][gc,cpu      ] GC(616) User=0.02s Sys=0.00s Real=0.00s
[2025-03-28T20:06:12.419+0530][gc,start    ] GC(617) Pause Young (Normal) (G1 Evacuation Pause)
[2025-03-28T20:06:12.419+0530][gc,task     ] GC(617) Using 2 workers of 2 for evacuation
[2025-03-28T20:06:12.439+0530][gc,phases   ] GC(617)   Pre Evacuate Collection Set: 0.3ms
[2025-03-28T20:06:12.439+0530][gc,phases   ] GC(617)   Merge Heap Roots: 0.3ms
[2025-03-28T20:06:12.439+0530][gc,phases   ] GC(617)   Evacuate Collection Set: 18.1ms
[2025-03-28T20:06:12.439+0530][gc,phases   ] GC(617)   Post Evacuate Collection Set: 1.0ms
[2025-03-28T20:06:12.439+0530][gc,phases   ] GC(617)   Other: 0.2ms
[2025-03-28T20:06:12.439+0530][gc,heap     ] GC(617) Eden regions: 337->0(337)
[2025-03-28T20:06:12.439+0530][gc,heap     ] GC(617) Survivor regions: 3->4(43)
[2025-03-28T20:06:12.439+0530][gc,heap     ] GC(617) Old regions: 156->156
[2025-03-28T20:06:12.439+0530][gc,heap     ] GC(617) Archive regions: 2->2
[2025-03-28T20:06:12.439+0530][gc,heap     ] GC(617) Humongous regions: 144->138
[2025-03-28T20:06:12.439+0530][gc,metaspace] GC(617) Metaspace: 53721K(54400K)->53721K(54400K) NonClass: 47665K(48000K)->47665K(48000K) Class: 6055K(6400K)->6055K(6400K)
[2025-03-28T20:06:12.439+0530][gc          ] GC(617) Pause Young (Normal) (G1 Evacuation Pause) 640M->298M(1024M) 20.100ms
[2025-03-28T20:06:12.439+0530][gc,cpu      ] GC(617) User=0.02s Sys=0.00s Real=0.03s
[2025-03-28T20:06:18.563+0530][gc,start    ] GC(618) Pause Young (Normal) (G1 Evacuation Pause)
[2025-03-28T20:06:18.563+0530][gc,task     ] GC(618) Using 2 workers of 2 for evacuation
[2025-03-28T20:06:18.585+0530][gc,mmu      ] GC(618) MMU target violated: 21.0ms (20.0ms/21.0ms)
[2025-03-28T20:06:18.585+0530][gc,phases   ] GC(618)   Pre Evacuate Collection Set: 0.2ms
[2025-03-28T20:06:18.585+0530][gc,phases   ] GC(618)   Merge Heap Roots: 0.1ms
[2025-03-28T20:06:18.585+0530][gc,phases   ] GC(618)   Evacuate Collection Set: 21.2ms
[2025-03-28T20:06:18.585+0530][gc,phases   ] GC(618)   Post Evacuate Collection Set: 0.6ms
[2025-03-28T20:06:18.585+0530][gc,phases   ] GC(618)   Other: 0.2ms
[2025-03-28T20:06:18.585+0530][gc,heap     ] GC(618) Eden regions: 147->0(43)
[2025-03-28T20:06:18.585+0530][gc,heap     ] GC(618) Survivor regions: 4->8(19)
[2025-03-28T20:06:18.585+0530][gc,heap     ] GC(618) Old regions: 156->156
[2025-03-28T20:06:18.585+0530][gc,heap     ] GC(618) Archive regions: 2->2
[2025-03-28T20:06:18.585+0530][gc,heap     ] GC(618) Humongous regions: 140->138
[2025-03-28T20:06:18.585+0530][gc,metaspace] GC(618) Metaspace: 53722K(54400K)->53722K(54400K) NonClass: 47666K(48000K)->47666K(48000K) Class: 6055K(6400K)->6055K(6400K)
[2025-03-28T20:06:18.585+0530][gc          ] GC(618) Pause Young (Normal) (G1 Evacuation Pause) 447M->302M(1024M) 22.318ms
[2025-03-28T20:06:18.585+0530][gc,cpu      ] GC(618) User=0.03s Sys=0.00s Real=0.03s
[2025-03-28T20:06:18.662+0530][gc,start    ] GC(619) Pause Young (Normal) (G1 Evacuation Pause)
[2025-03-28T20:06:18.662+0530][gc,task     ] GC(619) Using 2 workers of 2 for evacuation
[2025-03-28T20:06:18.694+0530][gc,mmu      ] GC(619) MMU target violated: 21.0ms (20.0ms/21.0ms)
[2025-03-28T20:06:18.694+0530][gc,phases   ] GC(619)   Pre Evacuate Collection Set: 0.2ms
[2025-03-28T20:06:18.694+0530][gc,phases   ] GC(619)   Merge Heap Roots: 0.1ms
[2025-03-28T20:06:18.694+0530][gc,phases   ] GC(619)   Evacuate Collection Set: 31.5ms
[2025-03-28T20:06:18.694+0530][gc,phases   ] GC(619)   Post Evacuate Collection Set: 0.5ms
[2025-03-28T20:06:18.694+0530][gc,phases   ] GC(619)   Other: 0.2ms
[2025-03-28T20:06:18.694+0530][gc,heap     ] GC(619) Eden regions: 43->0(93)
[2025-03-28T20:06:18.694+0530][gc,heap     ] GC(619) Survivor regions: 8->2(7)
[2025-03-28T20:06:18.694+0530][gc,heap     ] GC(619) Old regions: 156->159
[2025-03-28T20:06:18.694+0530][gc,heap     ] GC(619) Archive regions: 2->2
[2025-03-28T20:06:18.694+0530][gc,heap     ] GC(619) Humongous regions: 140->140
[2025-03-28T20:06:18.694+0530][gc,metaspace] GC(619) Metaspace: 53722K(54400K)->53722K(54400K) NonClass: 47666K(48000K)->47666K(48000K) Class: 6055K(6400K)->6055K(6400K)
[2025-03-28T20:06:18.694+0530][gc          ] GC(619) Pause Young (Normal) (G1 Evacuation Pause) 347M->301M(1024M) 32.597ms
[2025-03-28T20:06:18.694+0530][gc,cpu      ] GC(619) User=0.02s Sys=0.01s Real=0.04s
[2025-03-28T20:06:22.535+0530][gc,start    ] GC(620) Pause Young (Normal) (G1 Evacuation Pause)
[2025-03-28T20:06:22.535+0530][gc,task     ] GC(620) Using 2 workers of 2 for evacuation
[2025-03-28T20:06:22.542+0530][gc,phases   ] GC(620)   Pre Evacuate Collection Set: 0.3ms
[2025-03-28T20:06:22.542+0530][gc,phases   ] GC(620)   Merge Heap Roots: 0.1ms
[2025-03-28T20:06:22.542+0530][gc,phases   ] GC(620)   Evacuate Collection Set: 5.2ms
[2025-03-28T20:06:22.542+0530][gc,phases   ] GC(620)   Post Evacuate Collection Set: 0.7ms
[2025-03-28T20:06:22.542+0530][gc,phases   ] GC(620)   Other: 0.1ms
[2025-03-28T20:06:22.542+0530][gc,heap     ] GC(620) Eden regions: 93->0(186)
[2025-03-28T20:06:22.542+0530][gc,heap     ] GC(620) Survivor regions: 2->3(12)
[2025-03-28T20:06:22.542+0530][gc,heap     ] GC(620) Old regions: 159->159
[2025-03-28T20:06:22.542+0530][gc,heap     ] GC(620) Archive regions: 2->2
[2025-03-28T20:06:22.542+0530][gc,heap     ] GC(620) Humongous regions: 142->140
[2025-03-28T20:06:22.542+0530][gc,metaspace] GC(620) Metaspace: 53722K(54400K)->53722K(54400K) NonClass: 47666K(48000K)->47666K(48000K) Class: 6055K(6400K)->6055K(6400K)
[2025-03-28T20:06:22.542+0530][gc          ] GC(620) Pause Young (Normal) (G1 Evacuation Pause) 396M->302M(1024M) 6.576ms
[2025-03-28T20:06:22.542+0530][gc,cpu      ] GC(620) User=0.01s Sys=0.00s Real=0.02s
[2025-03-28T20:06:32.451+0530][gc,start    ] GC(621) Pause Young (Normal) (G1 Evacuation Pause)
[2025-03-28T20:06:32.451+0530][gc,task     ] GC(621) Using 2 workers of 2 for evacuation
[2025-03-28T20:06:32.457+0530][gc,phases   ] GC(621)   Pre Evacuate Collection Set: 0.2ms
[2025-03-28T20:06:32.457+0530][gc,phases   ] GC(621)   Merge Heap Roots: 0.1ms
[2025-03-28T20:06:32.457+0530][gc,phases   ] GC(621)   Evacuate Collection Set: 5.5ms
[2025-03-28T20:06:32.457+0530][gc,phases   ] GC(621)   Post Evacuate Collection Set: 0.6ms
[2025-03-28T20:06:32.457+0530][gc,phases   ] GC(621)   Other: 0.2ms
[2025-03-28T20:06:32.457+0530][gc,heap     ] GC(621) Eden regions: 186->0(208)
[2025-03-28T20:06:32.457+0530][gc,heap     ] GC(621) Survivor regions: 3->5(24)
[2025-03-28T20:06:32.457+0530][gc,heap     ] GC(621) Old regions: 159->159
[2025-03-28T20:06:32.457+0530][gc,heap     ] GC(621) Archive regions: 2->2
[2025-03-28T20:06:32.457+0530][gc,heap     ] GC(621) Humongous regions: 142->138
[2025-03-28T20:06:32.457+0530][gc,metaspace] GC(621) Metaspace: 53728K(54400K)->53728K(54400K) NonClass: 47672K(48000K)->47672K(48000K) Class: 6055K(6400K)->6055K(6400K)
[2025-03-28T20:06:32.457+0530][gc          ] GC(621) Pause Young (Normal) (G1 Evacuation Pause) 490M->302M(1024M) 6.535ms
[2025-03-28T20:06:32.457+0530][gc,cpu      ] GC(621) User=0.01s Sys=0.00s Real=0.00s
[2025-03-28T20:06:42.435+0530][gc,start    ] GC(622) Pause Young (Normal) (G1 Evacuation Pause)
[2025-03-28T20:06:42.435+0530][gc,task     ] GC(622) Using 2 workers of 2 for evacuation
[2025-03-28T20:06:42.445+0530][gc,phases   ] GC(622)   Pre Evacuate Collection Set: 0.2ms
[2025-03-28T20:06:42.446+0530][gc,phases   ] GC(622)   Merge Heap Roots: 0.2ms
[2025-03-28T20:06:42.446+0530][gc,phases   ] GC(622)   Evacuate Collection Set: 9.6ms
[2025-03-28T20:06:42.446+0530][gc,phases   ] GC(622)   Post Evacuate Collection Set: 0.5ms
[2025-03-28T20:06:42.446+0530][gc,phases   ] GC(622)   Other: 0.1ms
[2025-03-28T20:06:42.446+0530][gc,heap     ] GC(622) Eden regions: 208->0(549)
[2025-03-28T20:06:42.446+0530][gc,heap     ] GC(622) Survivor regions: 5->4(27)
[2025-03-28T20:06:42.446+0530][gc,heap     ] GC(622) Old regions: 159->159
[2025-03-28T20:06:42.446+0530][gc,heap     ] GC(622) Archive regions: 2->2
[2025-03-28T20:06:42.446+0530][gc,heap     ] GC(622) Humongous regions: 142->138
[2025-03-28T20:06:42.446+0530][gc,metaspace] GC(622) Metaspace: 53732K(54400K)->53732K(54400K) NonClass: 47676K(48000K)->47676K(48000K) Class: 6055K(6400K)->6055K(6400K)
[2025-03-28T20:06:42.446+0530][gc          ] GC(622) Pause Young (Normal) (G1 Evacuation Pause) 514M->301M(1024M) 10.755ms
[2025-03-28T20:06:42.446+0530][gc,cpu      ] GC(622) User=0.01s Sys=0.01s Real=0.01s
[2025-03-28T20:06:42.543+0530][gc,start    ] GC(623) Pause Young (Concurrent Start) (G1 Humongous Allocation)
[2025-03-28T20:06:42.543+0530][gc,task     ] GC(623) Using 2 workers of 2 for evacuation
[2025-03-28T20:06:42.560+0530][gc,phases   ] GC(623)   Pre Evacuate Collection Set: 0.3ms
[2025-03-28T20:06:42.560+0530][gc,phases   ] GC(623)   Merge Heap Roots: 0.1ms
[2025-03-28T20:06:42.560+0530][gc,phases   ] GC(623)   Evacuate Collection Set: 15.9ms
[2025-03-28T20:06:42.560+0530][gc,phases   ] GC(623)   Post Evacuate Collection Set: 0.4ms
[2025-03-28T20:06:42.560+0530][gc,phases   ] GC(623)   Other: 0.2ms
[2025-03-28T20:06:42.560+0530][gc,heap     ] GC(623) Eden regions: 46->0(211)
[2025-03-28T20:06:42.560+0530][gc,heap     ] GC(623) Survivor regions: 4->4(70)
[2025-03-28T20:06:42.560+0530][gc,heap     ] GC(623) Old regions: 159->159
[2025-03-28T20:06:42.560+0530][gc,heap     ] GC(623) Archive regions: 2->2
[2025-03-28T20:06:42.560+0530][gc,heap     ] GC(623) Humongous regions: 138->138
[2025-03-28T20:06:42.560+0530][gc,metaspace] GC(623) Metaspace: 53732K(54400K)->53732K(54400K) NonClass: 47676K(48000K)->47676K(48000K) Class: 6055K(6400K)->6055K(6400K)
[2025-03-28T20:06:42.560+0530][gc          ] GC(623) Pause Young (Concurrent Start) (G1 Humongous Allocation) 346M->301M(1024M) 16.977ms
[2025-03-28T20:06:42.560+0530][gc,cpu      ] GC(623) User=0.02s Sys=0.00s Real=0.02s
[2025-03-28T20:06:42.560+0530][gc          ] GC(624) Concurrent Mark Cycle
[2025-03-28T20:06:42.560+0530][gc,marking  ] GC(624) Concurrent Clear Claimed Marks
[2025-03-28T20:06:42.561+0530][gc,marking  ] GC(624) Concurrent Clear Claimed Marks 0.761ms
[2025-03-28T20:06:42.561+0530][gc,marking  ] GC(624) Concurrent Scan Root Regions
[2025-03-28T20:06:42.577+0530][gc,marking  ] GC(624) Concurrent Scan Root Regions 15.355ms
[2025-03-28T20:06:42.577+0530][gc,marking  ] GC(624) Concurrent Mark
[2025-03-28T20:06:42.577+0530][gc,marking  ] GC(624) Concurrent Mark From Roots
[2025-03-28T20:06:42.577+0530][gc,task     ] GC(624) Using 1 workers of 1 for marking
[2025-03-28T20:06:42.728+0530][gc,marking  ] GC(624) Concurrent Mark From Roots 150.938ms
[2025-03-28T20:06:42.728+0530][gc,marking  ] GC(624) Concurrent Preclean
[2025-03-28T20:06:42.728+0530][gc,marking  ] GC(624) Concurrent Preclean 0.203ms
[2025-03-28T20:06:42.728+0530][gc,start    ] GC(624) Pause Remark
[2025-03-28T20:06:42.751+0530][gc,mmu      ] GC(624) MMU target violated: 21.0ms (20.0ms/21.0ms)
[2025-03-28T20:06:42.751+0530][gc          ] GC(624) Pause Remark 343M->324M(1024M) 22.895ms
[2025-03-28T20:06:42.751+0530][gc,cpu      ] GC(624) User=0.04s Sys=0.00s Real=0.02s
[2025-03-28T20:06:42.751+0530][gc,marking  ] GC(624) Concurrent Mark 174.253ms
[2025-03-28T20:06:42.751+0530][gc,marking  ] GC(624) Concurrent Rebuild Remembered Sets
[2025-03-28T20:06:42.789+0530][gc,marking  ] GC(624) Concurrent Rebuild Remembered Sets 38.492ms
[2025-03-28T20:06:42.789+0530][gc,start    ] GC(624) Pause Cleanup
[2025-03-28T20:06:42.790+0530][gc          ] GC(624) Pause Cleanup 324M->324M(1024M) 0.211ms
[2025-03-28T20:06:42.790+0530][gc,cpu      ] GC(624) User=0.00s Sys=0.00s Real=0.00s
[2025-03-28T20:06:42.790+0530][gc,marking  ] GC(624) Concurrent Cleanup for Next Mark
[2025-03-28T20:06:42.951+0530][gc,marking  ] GC(624) Concurrent Cleanup for Next Mark 160.843ms
[2025-03-28T20:06:42.951+0530][gc          ] GC(624) Concurrent Mark Cycle 390.254ms
[2025-03-28T20:06:58.610+0530][gc,start    ] GC(625) Pause Young (Prepare Mixed) (G1 Evacuation Pause)
[2025-03-28T20:06:58.610+0530][gc,task     ] GC(625) Using 2 workers of 2 for evacuation
[2025-03-28T20:06:58.625+0530][gc,phases   ] GC(625)   Pre Evacuate Collection Set: 0.6ms
[2025-03-28T20:06:58.625+0530][gc,phases   ] GC(625)   Merge Heap Roots: 0.2ms
[2025-03-28T20:06:58.625+0530][gc,phases   ] GC(625)   Evacuate Collection Set: 13.0ms
[2025-03-28T20:06:58.625+0530][gc,phases   ] GC(625)   Post Evacuate Collection Set: 1.0ms
[2025-03-28T20:06:58.625+0530][gc,phases   ] GC(625)   Other: 0.3ms
[2025-03-28T20:06:58.625+0530][gc,heap     ] GC(625) Eden regions: 287->0(47)
[2025-03-28T20:06:58.625+0530][gc,heap     ] GC(625) Survivor regions: 4->4(37)
[2025-03-28T20:06:58.625+0530][gc,heap     ] GC(625) Old regions: 140->140
[2025-03-28T20:06:58.625+0530][gc,heap     ] GC(625) Archive regions: 2->2
[2025-03-28T20:06:58.625+0530][gc,heap     ] GC(625) Humongous regions: 144->138
[2025-03-28T20:06:58.625+0530][gc,metaspace] GC(625) Metaspace: 53732K(54400K)->53732K(54400K) NonClass: 47676K(48000K)->47676K(48000K) Class: 6055K(6400K)->6055K(6400K)
[2025-03-28T20:06:58.625+0530][gc          ] GC(625) Pause Young (Prepare Mixed) (G1 Evacuation Pause) 575M->282M(1024M) 15.113ms
[2025-03-28T20:06:58.625+0530][gc,cpu      ] GC(625) User=0.01s Sys=0.00s Real=0.02s
[2025-03-28T20:06:58.823+0530][gc,start    ] GC(626) Pause Young (Mixed) (G1 Evacuation Pause)
[2025-03-28T20:06:58.823+0530][gc,task     ] GC(626) Using 2 workers of 2 for evacuation
[2025-03-28T20:06:58.837+0530][gc,phases   ] GC(626)   Pre Evacuate Collection Set: 0.2ms
[2025-03-28T20:06:58.837+0530][gc,phases   ] GC(626)   Merge Heap Roots: 0.2ms
[2025-03-28T20:06:58.837+0530][gc,phases   ] GC(626)   Evacuate Collection Set: 11.4ms
[2025-03-28T20:06:58.837+0530][gc,phases   ] GC(626)   Merge Optional Heap Roots: 0.1ms
[2025-03-28T20:06:58.837+0530][gc,phases   ] GC(626)   Evacuate Optional Collection Set: 0.8ms
[2025-03-28T20:06:58.837+0530][gc,phases   ] GC(626)   Post Evacuate Collection Set: 0.6ms
[2025-03-28T20:06:58.837+0530][gc,phases   ] GC(626)   Other: 0.1ms
[2025-03-28T20:06:58.837+0530][gc,heap     ] GC(626) Eden regions: 47->0(47)
[2025-03-28T20:06:58.837+0530][gc,heap     ] GC(626) Survivor regions: 4->4(7)
[2025-03-28T20:06:58.837+0530][gc,heap     ] GC(626) Old regions: 140->80
[2025-03-28T20:06:58.837+0530][gc,heap     ] GC(626) Archive regions: 2->2
[2025-03-28T20:06:58.837+0530][gc,heap     ] GC(626) Humongous regions: 140->140
[2025-03-28T20:06:58.837+0530][gc,metaspace] GC(626) Metaspace: 53732K(54400K)->53732K(54400K) NonClass: 47676K(48000K)->47676K(48000K) Class: 6055K(6400K)->6055K(6400K)
[2025-03-28T20:06:58.837+0530][gc          ] GC(626) Pause Young (Mixed) (G1 Evacuation Pause) 331M->223M(1024M) 13.453ms
[2025-03-28T20:06:58.837+0530][gc,cpu      ] GC(626) User=0.02s Sys=0.00s Real=0.02s
[2025-03-28T20:07:02.405+0530][gc,start    ] GC(627) Pause Young (Mixed) (G1 Evacuation Pause)
[2025-03-28T20:07:02.405+0530][gc,task     ] GC(627) Using 2 workers of 2 for evacuation
[2025-03-28T20:07:02.414+0530][gc,phases   ] GC(627)   Pre Evacuate Collection Set: 0.3ms
[2025-03-28T20:07:02.414+0530][gc,phases   ] GC(627)   Merge Heap Roots: 0.2ms
[2025-03-28T20:07:02.414+0530][gc,phases   ] GC(627)   Evacuate Collection Set: 7.9ms
[2025-03-28T20:07:02.414+0530][gc,phases   ] GC(627)   Post Evacuate Collection Set: 0.9ms
[2025-03-28T20:07:02.414+0530][gc,phases   ] GC(627)   Other: 0.3ms
[2025-03-28T20:07:02.414+0530][gc,heap     ] GC(627) Eden regions: 47->0(515)
[2025-03-28T20:07:02.414+0530][gc,heap     ] GC(627) Survivor regions: 4->2(7)
[2025-03-28T20:07:02.414+0530][gc,heap     ] GC(627) Old regions: 80->79
[2025-03-28T20:07:02.414+0530][gc,heap     ] GC(627) Archive regions: 2->2
[2025-03-28T20:07:02.414+0530][gc,heap     ] GC(627) Humongous regions: 140->138
[2025-03-28T20:07:02.414+0530][gc,metaspace] GC(627) Metaspace: 53732K(54400K)->53732K(54400K) NonClass: 47676K(48000K)->47676K(48000K) Class: 6055K(6400K)->6055K(6400K)
[2025-03-28T20:07:02.414+0530][gc          ] GC(627) Pause Young (Mixed) (G1 Evacuation Pause) 270M->219M(1024M) 9.789ms
[2025-03-28T20:07:02.414+0530][gc,cpu      ] GC(627) User=0.02s Sys=0.00s Real=0.01s
[2025-03-28T20:07:25.335+0530][gc,start    ] GC(628) Pause Young (Normal) (G1 Evacuation Pause)
[2025-03-28T20:07:25.336+0530][gc,task     ] GC(628) Using 2 workers of 2 for evacuation
[2025-03-28T20:07:25.640+0530][gc,mmu      ] GC(628) MMU target violated: 21.0ms (20.0ms/21.0ms)
[2025-03-28T20:07:25.640+0530][gc,phases   ] GC(628)   Pre Evacuate Collection Set: 0.2ms
[2025-03-28T20:07:25.640+0530][gc,phases   ] GC(628)   Merge Heap Roots: 0.2ms
[2025-03-28T20:07:25.640+0530][gc,phases   ] GC(628)   Evacuate Collection Set: 164.9ms
[2025-03-28T20:07:25.640+0530][gc,phases   ] GC(628)   Post Evacuate Collection Set: 138.5ms
[2025-03-28T20:07:25.640+0530][gc,phases   ] GC(628)   Other: 1.3ms
[2025-03-28T20:07:25.640+0530][gc,heap     ] GC(628) Eden regions: 515->0(47)
[2025-03-28T20:07:25.640+0530][gc,heap     ] GC(628) Survivor regions: 2->4(65)
[2025-03-28T20:07:25.640+0530][gc,heap     ] GC(628) Old regions: 79->79
[2025-03-28T20:07:25.640+0530][gc,heap     ] GC(628) Archive regions: 2->2
[2025-03-28T20:07:25.640+0530][gc,heap     ] GC(628) Humongous regions: 148->140
[2025-03-28T20:07:25.640+0530][gc,metaspace] GC(628) Metaspace: 53755K(54400K)->53755K(54400K) NonClass: 47700K(48000K)->47700K(48000K) Class: 6055K(6400K)->6055K(6400K)
[2025-03-28T20:07:25.640+0530][gc          ] GC(628) Pause Young (Normal) (G1 Evacuation Pause) 744M->223M(1024M) 305.256ms
[2025-03-28T20:07:25.640+0530][gc,cpu      ] GC(628) User=0.03s Sys=0.01s Real=0.30s
[2025-03-28T20:07:28.417+0530][gc,start    ] GC(629) Pause Young (Normal) (G1 Evacuation Pause)
[2025-03-28T20:07:28.417+0530][gc,task     ] GC(629) Using 2 workers of 2 for evacuation
[2025-03-28T20:07:28.446+0530][gc,mmu      ] GC(629) MMU target violated: 21.0ms (20.0ms/21.0ms)
[2025-03-28T20:07:28.446+0530][gc,phases   ] GC(629)   Pre Evacuate Collection Set: 0.5ms
[2025-03-28T20:07:28.446+0530][gc,phases   ] GC(629)   Merge Heap Roots: 0.5ms
[2025-03-28T20:07:28.446+0530][gc,phases   ] GC(629)   Evacuate Collection Set: 26.2ms
[2025-03-28T20:07:28.446+0530][gc,phases   ] GC(629)   Post Evacuate Collection Set: 1.0ms
[2025-03-28T20:07:28.446+0530][gc,phases   ] GC(629)   Other: 0.4ms
[2025-03-28T20:07:28.446+0530][gc,heap     ] GC(629) Eden regions: 47->0(47)
[2025-03-28T20:07:28.446+0530][gc,heap     ] GC(629) Survivor regions: 4->4(7)
[2025-03-28T20:07:28.446+0530][gc,heap     ] GC(629) Old regions: 79->80
[2025-03-28T20:07:28.446+0530][gc,heap     ] GC(629) Archive regions: 2->2
[2025-03-28T20:07:28.446+0530][gc,heap     ] GC(629) Humongous regions: 140->138
[2025-03-28T20:07:28.446+0530][gc,metaspace] GC(629) Metaspace: 53755K(54400K)->53755K(54400K) NonClass: 47700K(48000K)->47700K(48000K) Class: 6055K(6400K)->6055K(6400K)
[2025-03-28T20:07:28.446+0530][gc          ] GC(629) Pause Young (Normal) (G1 Evacuation Pause) 270M->221M(1024M) 28.775ms
[2025-03-28T20:07:28.446+0530][gc,cpu      ] GC(629) User=0.03s Sys=0.01s Real=0.04s
[2025-03-28T20:07:28.570+0530][gc,start    ] GC(630) Pause Young (Normal) (G1 Evacuation Pause)
[2025-03-28T20:07:28.570+0530][gc,task     ] GC(630) Using 2 workers of 2 for evacuation
[2025-03-28T20:07:28.605+0530][gc,mmu      ] GC(630) MMU target violated: 21.0ms (20.0ms/21.0ms)
[2025-03-28T20:07:28.605+0530][gc,phases   ] GC(630)   Pre Evacuate Collection Set: 0.3ms
[2025-03-28T20:07:28.605+0530][gc,phases   ] GC(630)   Merge Heap Roots: 0.2ms
[2025-03-28T20:07:28.605+0530][gc,phases   ] GC(630)   Evacuate Collection Set: 34.1ms
[2025-03-28T20:07:28.605+0530][gc,phases   ] GC(630)   Post Evacuate Collection Set: 0.4ms
[2025-03-28T20:07:28.605+0530][gc,phases   ] GC(630)   Other: 0.2ms
[2025-03-28T20:07:28.605+0530][gc,heap     ] GC(630) Eden regions: 47->0(44)
[2025-03-28T20:07:28.605+0530][gc,heap     ] GC(630) Survivor regions: 4->7(7)
[2025-03-28T20:07:28.605+0530][gc,heap     ] GC(630) Old regions: 80->81
[2025-03-28T20:07:28.605+0530][gc,heap     ] GC(630) Archive regions: 2->2
[2025-03-28T20:07:28.605+0530][gc,heap     ] GC(630) Humongous regions: 138->138
[2025-03-28T20:07:28.605+0530][gc,metaspace] GC(630) Metaspace: 53755K(54400K)->53755K(54400K) NonClass: 47700K(48000K)->47700K(48000K) Class: 6055K(6400K)->6055K(6400K)
[2025-03-28T20:07:28.605+0530][gc          ] GC(630) Pause Young (Normal) (G1 Evacuation Pause) 268M->226M(1024M) 35.266ms
[2025-03-28T20:07:28.605+0530][gc,cpu      ] GC(630) User=0.02s Sys=0.01s Real=0.03s
[2025-03-28T20:07:28.680+0530][gc,start    ] GC(631) Pause Young (Normal) (G1 Evacuation Pause)
[2025-03-28T20:07:28.680+0530][gc,task     ] GC(631) Using 2 workers of 2 for evacuation
[2025-03-28T20:07:28.688+0530][gc,phases   ] GC(631)   Pre Evacuate Collection Set: 0.2ms
[2025-03-28T20:07:28.688+0530][gc,phases   ] GC(631)   Merge Heap Roots: 0.1ms
[2025-03-28T20:07:28.688+0530][gc,phases   ] GC(631)   Evacuate Collection Set: 7.2ms
[2025-03-28T20:07:28.688+0530][gc,phases   ] GC(631)   Post Evacuate Collection Set: 0.6ms
[2025-03-28T20:07:28.688+0530][gc,phases   ] GC(631)   Other: 0.1ms
[2025-03-28T20:07:28.688+0530][gc,heap     ] GC(631) Eden regions: 44->0(50)
[2025-03-28T20:07:28.688+0530][gc,heap     ] GC(631) Survivor regions: 7->1(7)
[2025-03-28T20:07:28.688+0530][gc,heap     ] GC(631) Old regions: 81->83
[2025-03-28T20:07:28.688+0530][gc,heap     ] GC(631) Archive regions: 2->2
[2025-03-28T20:07:28.688+0530][gc,heap     ] GC(631) Humongous regions: 140->140
[2025-03-28T20:07:28.688+0530][gc,metaspace] GC(631) Metaspace: 53755K(54400K)->53755K(54400K) NonClass: 47700K(48000K)->47700K(48000K) Class: 6055K(6400K)->6055K(6400K)
[2025-03-28T20:07:28.688+0530][gc          ] GC(631) Pause Young (Normal) (G1 Evacuation Pause) 272M->224M(1024M) 8.373ms
[2025-03-28T20:07:28.688+0530][gc,cpu      ] GC(631) User=0.01s Sys=0.00s Real=0.01s
[2025-03-28T20:07:32.535+0530][gc,start    ] GC(632) Pause Young (Normal) (G1 Evacuation Pause)
[2025-03-28T20:07:32.535+0530][gc,task     ] GC(632) Using 2 workers of 2 for evacuation
[2025-03-28T20:07:32.558+0530][gc,mmu      ] GC(632) MMU target violated: 21.0ms (20.0ms/21.0ms)
[2025-03-28T20:07:32.558+0530][gc,phases   ] GC(632)   Pre Evacuate Collection Set: 0.7ms
[2025-03-28T20:07:32.558+0530][gc,phases   ] GC(632)   Merge Heap Roots: 0.2ms
[2025-03-28T20:07:32.558+0530][gc,phases   ] GC(632)   Evacuate Collection Set: 21.9ms
[2025-03-28T20:07:32.558+0530][gc,phases   ] GC(632)   Post Evacuate Collection Set: 0.8ms
[2025-03-28T20:07:32.558+0530][gc,phases   ] GC(632)   Other: 0.2ms
[2025-03-28T20:07:32.558+0530][gc,heap     ] GC(632) Eden regions: 50->0(45)
[2025-03-28T20:07:32.559+0530][gc,heap     ] GC(632) Survivor regions: 1->6(7)
[2025-03-28T20:07:32.559+0530][gc,heap     ] GC(632) Old regions: 83->83
[2025-03-28T20:07:32.559+0530][gc,heap     ] GC(632) Archive regions: 2->2
[2025-03-28T20:07:32.559+0530][gc,heap     ] GC(632) Humongous regions: 140->138
[2025-03-28T20:07:32.559+0530][gc,metaspace] GC(632) Metaspace: 53757K(54400K)->53757K(54400K) NonClass: 47701K(48000K)->47701K(48000K) Class: 6055K(6400K)->6055K(6400K)
[2025-03-28T20:07:32.559+0530][gc          ] GC(632) Pause Young (Normal) (G1 Evacuation Pause) 274M->227M(1024M) 23.947ms
[2025-03-28T20:07:32.559+0530][gc,cpu      ] GC(632) User=0.02s Sys=0.00s Real=0.03s
[2025-03-28T20:07:32.721+0530][gc,start    ] GC(633) Pause Young (Normal) (G1 Evacuation Pause)
[2025-03-28T20:07:32.721+0530][gc,task     ] GC(633) Using 2 workers of 2 for evacuation
[2025-03-28T20:07:32.731+0530][gc,phases   ] GC(633)   Pre Evacuate Collection Set: 0.2ms
[2025-03-28T20:07:32.731+0530][gc,phases   ] GC(633)   Merge Heap Roots: 0.1ms
[2025-03-28T20:07:32.731+0530][gc,phases   ] GC(633)   Evacuate Collection Set: 8.9ms
[2025-03-28T20:07:32.731+0530][gc,phases   ] GC(633)   Post Evacuate Collection Set: 0.6ms
[2025-03-28T20:07:32.731+0530][gc,phases   ] GC(633)   Other: 0.2ms
[2025-03-28T20:07:32.731+0530][gc,heap     ] GC(633) Eden regions: 45->0(49)
[2025-03-28T20:07:32.731+0530][gc,heap     ] GC(633) Survivor regions: 6->2(7)
[2025-03-28T20:07:32.731+0530][gc,heap     ] GC(633) Old regions: 83->84
[2025-03-28T20:07:32.731+0530][gc,heap     ] GC(633) Archive regions: 2->2
[2025-03-28T20:07:32.731+0530][gc,heap     ] GC(633) Humongous regions: 140->140
[2025-03-28T20:07:32.731+0530][gc,metaspace] GC(633) Metaspace: 53757K(54400K)->53757K(54400K) NonClass: 47701K(48000K)->47701K(48000K) Class: 6055K(6400K)->6055K(6400K)
[2025-03-28T20:07:32.731+0530][gc          ] GC(633) Pause Young (Normal) (G1 Evacuation Pause) 274M->226M(1024M) 10.088ms
[2025-03-28T20:07:32.731+0530][gc,cpu      ] GC(633) User=0.01s Sys=0.00s Real=0.01s
[2025-03-28T20:07:38.575+0530][gc,start    ] GC(634) Pause Young (Normal) (G1 Evacuation Pause)
[2025-03-28T20:07:38.575+0530][gc,task     ] GC(634) Using 2 workers of 2 for evacuation
[2025-03-28T20:07:38.586+0530][gc,phases   ] GC(634)   Pre Evacuate Collection Set: 0.2ms
[2025-03-28T20:07:38.586+0530][gc,phases   ] GC(634)   Merge Heap Roots: 0.3ms
[2025-03-28T20:07:38.586+0530][gc,phases   ] GC(634)   Evacuate Collection Set: 10.3ms
[2025-03-28T20:07:38.586+0530][gc,phases   ] GC(634)   Post Evacuate Collection Set: 0.5ms
[2025-03-28T20:07:38.586+0530][gc,phases   ] GC(634)   Other: 0.1ms
[2025-03-28T20:07:38.586+0530][gc,heap     ] GC(634) Eden regions: 49->0(47)
[2025-03-28T20:07:38.586+0530][gc,heap     ] GC(634) Survivor regions: 2->4(7)
[2025-03-28T20:07:38.586+0530][gc,heap     ] GC(634) Old regions: 84->84
[2025-03-28T20:07:38.586+0530][gc,heap     ] GC(634) Archive regions: 2->2
[2025-03-28T20:07:38.586+0530][gc,heap     ] GC(634) Humongous regions: 140->138
[2025-03-28T20:07:38.586+0530][gc,metaspace] GC(634) Metaspace: 53762K(54528K)->53762K(54528K) NonClass: 47706K(48128K)->47706K(48128K) Class: 6055K(6400K)->6055K(6400K)
[2025-03-28T20:07:38.586+0530][gc          ] GC(634) Pause Young (Normal) (G1 Evacuation Pause) 275M->226M(1024M) 11.550ms
[2025-03-28T20:07:38.586+0530][gc,cpu      ] GC(634) User=0.01s Sys=0.00s Real=0.01s
[2025-03-28T20:07:38.783+0530][gc,start    ] GC(635) Pause Young (Normal) (G1 Evacuation Pause)
[2025-03-28T20:07:38.783+0530][gc,task     ] GC(635) Using 2 workers of 2 for evacuation
[2025-03-28T20:07:38.811+0530][gc,mmu      ] GC(635) MMU target violated: 21.0ms (20.0ms/21.0ms)
[2025-03-28T20:07:38.811+0530][gc,phases   ] GC(635)   Pre Evacuate Collection Set: 0.2ms
[2025-03-28T20:07:38.811+0530][gc,phases   ] GC(635)   Merge Heap Roots: 0.1ms
[2025-03-28T20:07:38.811+0530][gc,phases   ] GC(635)   Evacuate Collection Set: 26.1ms
[2025-03-28T20:07:38.811+0530][gc,phases   ] GC(635)   Post Evacuate Collection Set: 1.3ms
[2025-03-28T20:07:38.811+0530][gc,phases   ] GC(635)   Other: 0.2ms
[2025-03-28T20:07:38.811+0530][gc,heap     ] GC(635) Eden regions: 47->0(48)
[2025-03-28T20:07:38.811+0530][gc,heap     ] GC(635) Survivor regions: 4->3(7)
[2025-03-28T20:07:38.811+0530][gc,heap     ] GC(635) Old regions: 84->84
[2025-03-28T20:07:38.811+0530][gc,heap     ] GC(635) Archive regions: 2->2
[2025-03-28T20:07:38.811+0530][gc,heap     ] GC(635) Humongous regions: 140->140
[2025-03-28T20:07:38.811+0530][gc,metaspace] GC(635) Metaspace: 53762K(54528K)->53762K(54528K) NonClass: 47707K(48128K)->47707K(48128K) Class: 6055K(6400K)->6055K(6400K)
[2025-03-28T20:07:38.811+0530][gc          ] GC(635) Pause Young (Normal) (G1 Evacuation Pause) 275M->227M(1024M) 28.069ms
[2025-03-28T20:07:38.811+0530][gc,cpu      ] GC(635) User=0.02s Sys=0.00s Real=0.03s
[2025-03-28T20:07:42.450+0530][gc,start    ] GC(636) Pause Young (Normal) (G1 Evacuation Pause)
[2025-03-28T20:07:42.450+0530][gc,task     ] GC(636) Using 2 workers of 2 for evacuation
[2025-03-28T20:07:42.462+0530][gc,phases   ] GC(636)   Pre Evacuate Collection Set: 0.3ms
[2025-03-28T20:07:42.462+0530][gc,phases   ] GC(636)   Merge Heap Roots: 0.1ms
[2025-03-28T20:07:42.462+0530][gc,phases   ] GC(636)   Evacuate Collection Set: 10.8ms
[2025-03-28T20:07:42.462+0530][gc,phases   ] GC(636)   Post Evacuate Collection Set: 0.6ms
[2025-03-28T20:07:42.462+0530][gc,phases   ] GC(636)   Other: 0.2ms
[2025-03-28T20:07:42.462+0530][gc,heap     ] GC(636) Eden regions: 48->0(49)
[2025-03-28T20:07:42.462+0530][gc,heap     ] GC(636) Survivor regions: 3->2(7)
[2025-03-28T20:07:42.462+0530][gc,heap     ] GC(636) Old regions: 84->84
[2025-03-28T20:07:42.462+0530][gc,heap     ] GC(636) Archive regions: 2->2
[2025-03-28T20:07:42.462+0530][gc,heap     ] GC(636) Humongous regions: 140->138
[2025-03-28T20:07:42.462+0530][gc,metaspace] GC(636) Metaspace: 53762K(54528K)->53762K(54528K) NonClass: 47707K(48128K)->47707K(48128K) Class: 6055K(6400K)->6055K(6400K)
[2025-03-28T20:07:42.462+0530][gc          ] GC(636) Pause Young (Normal) (G1 Evacuation Pause) 275M->224M(1024M) 12.209ms
[2025-03-28T20:07:42.462+0530][gc,cpu      ] GC(636) User=0.01s Sys=0.00s Real=0.01s
[2025-03-28T20:07:42.536+0530][gc,start    ] GC(637) Pause Young (Normal) (G1 Evacuation Pause)
[2025-03-28T20:07:42.536+0530][gc,task     ] GC(637) Using 2 workers of 2 for evacuation
[2025-03-28T20:07:42.553+0530][gc,phases   ] GC(637)   Pre Evacuate Collection Set: 0.2ms
[2025-03-28T20:07:42.553+0530][gc,phases   ] GC(637)   Merge Heap Roots: 0.1ms
[2025-03-28T20:07:42.553+0530][gc,phases   ] GC(637)   Evacuate Collection Set: 15.5ms
[2025-03-28T20:07:42.553+0530][gc,phases   ] GC(637)   Post Evacuate Collection Set: 0.5ms
[2025-03-28T20:07:42.553+0530][gc,phases   ] GC(637)   Other: 0.1ms
[2025-03-28T20:07:42.553+0530][gc,heap     ] GC(637) Eden regions: 49->0(44)
[2025-03-28T20:07:42.553+0530][gc,heap     ] GC(637) Survivor regions: 2->7(7)
[2025-03-28T20:07:42.553+0530][gc,heap     ] GC(637) Old regions: 84->85
[2025-03-28T20:07:42.553+0530][gc,heap     ] GC(637) Archive regions: 2->2
[2025-03-28T20:07:42.553+0530][gc,heap     ] GC(637) Humongous regions: 138->138
[2025-03-28T20:07:42.553+0530][gc,metaspace] GC(637) Metaspace: 53762K(54528K)->53762K(54528K) NonClass: 47707K(48128K)->47707K(48128K) Class: 6055K(6400K)->6055K(6400K)
[2025-03-28T20:07:42.553+0530][gc          ] GC(637) Pause Young (Normal) (G1 Evacuation Pause) 273M->230M(1024M) 16.587ms
[2025-03-28T20:07:42.553+0530][gc,cpu      ] GC(637) User=0.02s Sys=0.00s Real=0.02s
[2025-03-28T20:07:42.633+0530][gc,start    ] GC(638) Pause Young (Normal) (G1 Evacuation Pause)
[2025-03-28T20:07:42.633+0530][gc,task     ] GC(638) Using 2 workers of 2 for evacuation
[2025-03-28T20:07:42.641+0530][gc,phases   ] GC(638)   Pre Evacuate Collection Set: 0.2ms
[2025-03-28T20:07:42.641+0530][gc,phases   ] GC(638)   Merge Heap Roots: 0.1ms
[2025-03-28T20:07:42.641+0530][gc,phases   ] GC(638)   Evacuate Collection Set: 7.6ms
[2025-03-28T20:07:42.641+0530][gc,phases   ] GC(638)   Post Evacuate Collection Set: 0.6ms
[2025-03-28T20:07:42.641+0530][gc,phases   ] GC(638)   Other: 0.1ms
[2025-03-28T20:07:42.641+0530][gc,heap     ] GC(638) Eden regions: 44->0(50)
[2025-03-28T20:07:42.641+0530][gc,heap     ] GC(638) Survivor regions: 7->1(7)
[2025-03-28T20:07:42.641+0530][gc,heap     ] GC(638) Old regions: 85->86
[2025-03-28T20:07:42.641+0530][gc,heap     ] GC(638) Archive regions: 2->2
[2025-03-28T20:07:42.641+0530][gc,heap     ] GC(638) Humongous regions: 140->140
[2025-03-28T20:07:42.641+0530][gc,metaspace] GC(638) Metaspace: 53762K(54528K)->53762K(54528K) NonClass: 47707K(48128K)->47707K(48128K) Class: 6055K(6400K)->6055K(6400K)
[2025-03-28T20:07:42.642+0530][gc          ] GC(638) Pause Young (Normal) (G1 Evacuation Pause) 276M->227M(1024M) 8.655ms
[2025-03-28T20:07:42.642+0530][gc,cpu      ] GC(638) User=0.01s Sys=0.01s Real=0.01s
[2025-03-28T20:07:48.580+0530][gc,start    ] GC(639) Pause Young (Normal) (G1 Evacuation Pause)
[2025-03-28T20:07:48.580+0530][gc,task     ] GC(639) Using 2 workers of 2 for evacuation
[2025-03-28T20:07:48.591+0530][gc,phases   ] GC(639)   Pre Evacuate Collection Set: 0.2ms
[2025-03-28T20:07:48.591+0530][gc,phases   ] GC(639)   Merge Heap Roots: 0.2ms
[2025-03-28T20:07:48.591+0530][gc,phases   ] GC(639)   Evacuate Collection Set: 9.8ms
[2025-03-28T20:07:48.591+0530][gc,phases   ] GC(639)   Post Evacuate Collection Set: 0.7ms
[2025-03-28T20:07:48.591+0530][gc,phases   ] GC(639)   Other: 0.2ms
[2025-03-28T20:07:48.591+0530][gc,heap     ] GC(639) Eden regions: 50->0(45)
[2025-03-28T20:07:48.592+0530][gc,heap     ] GC(639) Survivor regions: 1->6(7)
[2025-03-28T20:07:48.592+0530][gc,heap     ] GC(639) Old regions: 86->86
[2025-03-28T20:07:48.592+0530][gc,heap     ] GC(639) Archive regions: 2->2
[2025-03-28T20:07:48.592+0530][gc,heap     ] GC(639) Humongous regions: 140->138
[2025-03-28T20:07:48.592+0530][gc,metaspace] GC(639) Metaspace: 53773K(54528K)->53773K(54528K) NonClass: 47717K(48128K)->47717K(48128K) Class: 6055K(6400K)->6055K(6400K)
[2025-03-28T20:07:48.592+0530][gc          ] GC(639) Pause Young (Normal) (G1 Evacuation Pause) 277M->230M(1024M) 11.143ms
[2025-03-28T20:07:48.592+0530][gc,cpu      ] GC(639) User=0.02s Sys=0.01s Real=0.00s
[2025-03-28T20:07:48.727+0530][gc,start    ] GC(640) Pause Young (Normal) (G1 Evacuation Pause)
[2025-03-28T20:07:48.727+0530][gc,task     ] GC(640) Using 2 workers of 2 for evacuation
[2025-03-28T20:07:48.735+0530][gc,phases   ] GC(640)   Pre Evacuate Collection Set: 0.2ms
[2025-03-28T20:07:48.735+0530][gc,phases   ] GC(640)   Merge Heap Roots: 0.1ms
[2025-03-28T20:07:48.735+0530][gc,phases   ] GC(640)   Evacuate Collection Set: 6.4ms
[2025-03-28T20:07:48.735+0530][gc,phases   ] GC(640)   Post Evacuate Collection Set: 0.6ms
[2025-03-28T20:07:48.735+0530][gc,phases   ] GC(640)   Other: 0.2ms
[2025-03-28T20:07:48.735+0530][gc,heap     ] GC(640) Eden regions: 45->0(49)
[2025-03-28T20:07:48.735+0530][gc,heap     ] GC(640) Survivor regions: 6->2(7)
[2025-03-28T20:07:48.735+0530][gc,heap     ] GC(640) Old regions: 86->87
[2025-03-28T20:07:48.735+0530][gc,heap     ] GC(640) Archive regions: 2->2
[2025-03-28T20:07:48.735+0530][gc,heap     ] GC(640) Humongous regions: 140->140
[2025-03-28T20:07:48.735+0530][gc,metaspace] GC(640) Metaspace: 53773K(54528K)->53773K(54528K) NonClass: 47717K(48128K)->47717K(48128K) Class: 6055K(6400K)->6055K(6400K)
[2025-03-28T20:07:48.735+0530][gc          ] GC(640) Pause Young (Normal) (G1 Evacuation Pause) 277M->229M(1024M) 7.611ms
[2025-03-28T20:07:48.735+0530][gc,cpu      ] GC(640) User=0.01s Sys=0.00s Real=0.02s
[2025-03-28T20:07:52.467+0530][gc,start    ] GC(641) Pause Young (Normal) (G1 Evacuation Pause)
[2025-03-28T20:07:52.468+0530][gc,task     ] GC(641) Using 2 workers of 2 for evacuation
[2025-03-28T20:07:52.473+0530][gc,phases   ] GC(641)   Pre Evacuate Collection Set: 0.2ms
[2025-03-28T20:07:52.473+0530][gc,phases   ] GC(641)   Merge Heap Roots: 0.1ms
[2025-03-28T20:07:52.473+0530][gc,phases   ] GC(641)   Evacuate Collection Set: 4.1ms
[2025-03-28T20:07:52.473+0530][gc,phases   ] GC(641)   Post Evacuate Collection Set: 0.5ms
[2025-03-28T20:07:52.473+0530][gc,phases   ] GC(641)   Other: 0.3ms
[2025-03-28T20:07:52.473+0530][gc,heap     ] GC(641) Eden regions: 49->0(52)
[2025-03-28T20:07:52.473+0530][gc,heap     ] GC(641) Survivor regions: 2->4(7)
[2025-03-28T20:07:52.473+0530][gc,heap     ] GC(641) Old regions: 87->87
[2025-03-28T20:07:52.473+0530][gc,heap     ] GC(641) Archive regions: 2->2
[2025-03-28T20:07:52.473+0530][gc,heap     ] GC(641) Humongous regions: 140->138
[2025-03-28T20:07:52.473+0530][gc,metaspace] GC(641) Metaspace: 53773K(54528K)->53773K(54528K) NonClass: 47717K(48128K)->47717K(48128K) Class: 6055K(6400K)->6055K(6400K)
[2025-03-28T20:07:52.473+0530][gc          ] GC(641) Pause Young (Normal) (G1 Evacuation Pause) 278M->229M(1024M) 5.332ms
[2025-03-28T20:07:52.473+0530][gc,cpu      ] GC(641) User=0.01s Sys=0.00s Real=0.00s
[2025-03-28T20:07:52.575+0530][gc,start    ] GC(642) Pause Young (Normal) (G1 Evacuation Pause)
[2025-03-28T20:07:52.575+0530][gc,task     ] GC(642) Using 2 workers of 2 for evacuation
[2025-03-28T20:07:52.580+0530][gc,phases   ] GC(642)   Pre Evacuate Collection Set: 0.2ms
[2025-03-28T20:07:52.580+0530][gc,phases   ] GC(642)   Merge Heap Roots: 0.1ms
[2025-03-28T20:07:52.580+0530][gc,phases   ] GC(642)   Evacuate Collection Set: 4.0ms
[2025-03-28T20:07:52.580+0530][gc,phases   ] GC(642)   Post Evacuate Collection Set: 0.5ms
[2025-03-28T20:07:52.580+0530][gc,phases   ] GC(642)   Other: 0.1ms
[2025-03-28T20:07:52.580+0530][gc,heap     ] GC(642) Eden regions: 52->0(93)
[2025-03-28T20:07:52.580+0530][gc,heap     ] GC(642) Survivor regions: 4->3(7)
[2025-03-28T20:07:52.580+0530][gc,heap     ] GC(642) Old regions: 87->87
[2025-03-28T20:07:52.580+0530][gc,heap     ] GC(642) Archive regions: 2->2
[2025-03-28T20:07:52.580+0530][gc,heap     ] GC(642) Humongous regions: 140->140
[2025-03-28T20:07:52.580+0530][gc,metaspace] GC(642) Metaspace: 53773K(54528K)->53773K(54528K) NonClass: 47717K(48128K)->47717K(48128K) Class: 6055K(6400K)->6055K(6400K)
[2025-03-28T20:07:52.580+0530][gc          ] GC(642) Pause Young (Normal) (G1 Evacuation Pause) 283M->230M(1024M) 4.915ms
[2025-03-28T20:07:52.580+0530][gc,cpu      ] GC(642) User=0.01s Sys=0.00s Real=0.00s
[2025-03-28T20:07:58.715+0530][gc,start    ] GC(643) Pause Young (Normal) (G1 Evacuation Pause)
[2025-03-28T20:07:58.715+0530][gc,task     ] GC(643) Using 2 workers of 2 for evacuation
[2025-03-28T20:07:58.747+0530][gc,mmu      ] GC(643) MMU target violated: 21.0ms (20.0ms/21.0ms)
[2025-03-28T20:07:58.747+0530][gc,phases   ] GC(643)   Pre Evacuate Collection Set: 0.3ms
[2025-03-28T20:07:58.747+0530][gc,phases   ] GC(643)   Merge Heap Roots: 0.2ms
[2025-03-28T20:07:58.747+0530][gc,phases   ] GC(643)   Evacuate Collection Set: 30.4ms
[2025-03-28T20:07:58.747+0530][gc,phases   ] GC(643)   Post Evacuate Collection Set: 1.0ms
[2025-03-28T20:07:58.747+0530][gc,phases   ] GC(643)   Other: 0.2ms
[2025-03-28T20:07:58.747+0530][gc,heap     ] GC(643) Eden regions: 93->0(43)
[2025-03-28T20:07:58.747+0530][gc,heap     ] GC(643) Survivor regions: 3->8(12)
[2025-03-28T20:07:58.747+0530][gc,heap     ] GC(643) Old regions: 87->87
[2025-03-28T20:07:58.747+0530][gc,heap     ] GC(643) Archive regions: 2->2
[2025-03-28T20:07:58.747+0530][gc,heap     ] GC(643) Humongous regions: 140->138
[2025-03-28T20:07:58.747+0530][gc,metaspace] GC(643) Metaspace: 53773K(54528K)->53773K(54528K) NonClass: 47718K(48128K)->47718K(48128K) Class: 6055K(6400K)->6055K(6400K)
[2025-03-28T20:07:58.747+0530][gc          ] GC(643) Pause Young (Normal) (G1 Evacuation Pause) 323M->233M(1024M) 32.243ms
[2025-03-28T20:07:58.747+0530][gc,cpu      ] GC(643) User=0.04s Sys=0.00s Real=0.04s
[2025-03-28T20:07:58.829+0530][gc,start    ] GC(644) Pause Young (Normal) (G1 Evacuation Pause)
[2025-03-28T20:07:58.829+0530][gc,task     ] GC(644) Using 2 workers of 2 for evacuation
[2025-03-28T20:07:58.843+0530][gc,phases   ] GC(644)   Pre Evacuate Collection Set: 0.4ms
[2025-03-28T20:07:58.843+0530][gc,phases   ] GC(644)   Merge Heap Roots: 0.2ms
[2025-03-28T20:07:58.843+0530][gc,phases   ] GC(644)   Evacuate Collection Set: 12.6ms
[2025-03-28T20:07:58.843+0530][gc,phases   ] GC(644)   Post Evacuate Collection Set: 0.8ms
[2025-03-28T20:07:58.843+0530][gc,phases   ] GC(644)   Other: 0.2ms
[2025-03-28T20:07:58.843+0530][gc,heap     ] GC(644) Eden regions: 43->0(58)
[2025-03-28T20:07:58.843+0530][gc,heap     ] GC(644) Survivor regions: 8->2(7)
[2025-03-28T20:07:58.843+0530][gc,heap     ] GC(644) Old regions: 87->89
[2025-03-28T20:07:58.843+0530][gc,heap     ] GC(644) Archive regions: 2->2
[2025-03-28T20:07:58.843+0530][gc,heap     ] GC(644) Humongous regions: 140->140
[2025-03-28T20:07:58.843+0530][gc,metaspace] GC(644) Metaspace: 53773K(54528K)->53773K(54528K) NonClass: 47718K(48128K)->47718K(48128K) Class: 6055K(6400K)->6055K(6400K)
[2025-03-28T20:07:58.843+0530][gc          ] GC(644) Pause Young (Normal) (G1 Evacuation Pause) 278M->231M(1024M) 14.206ms
[2025-03-28T20:07:58.843+0530][gc,cpu      ] GC(644) User=0.02s Sys=0.00s Real=0.01s
[2025-03-28T20:08:02.526+0530][gc,start    ] GC(645) Pause Young (Normal) (G1 Evacuation Pause)
[2025-03-28T20:08:02.526+0530][gc,task     ] GC(645) Using 2 workers of 2 for evacuation
[2025-03-28T20:08:02.546+0530][gc,mmu      ] GC(645) MMU target violated: 20.2ms (20.0ms/21.0ms)
[2025-03-28T20:08:02.546+0530][gc,phases   ] GC(645)   Pre Evacuate Collection Set: 0.8ms
[2025-03-28T20:08:02.546+0530][gc,phases   ] GC(645)   Merge Heap Roots: 0.6ms
[2025-03-28T20:08:02.546+0530][gc,phases   ] GC(645)   Evacuate Collection Set: 18.4ms
[2025-03-28T20:08:02.546+0530][gc,phases   ] GC(645)   Post Evacuate Collection Set: 0.5ms
[2025-03-28T20:08:02.546+0530][gc,phases   ] GC(645)   Other: 0.2ms
[2025-03-28T20:08:02.546+0530][gc,heap     ] GC(645) Eden regions: 58->0(47)
[2025-03-28T20:08:02.546+0530][gc,heap     ] GC(645) Survivor regions: 2->6(8)
[2025-03-28T20:08:02.546+0530][gc,heap     ] GC(645) Old regions: 89->89
[2025-03-28T20:08:02.546+0530][gc,heap     ] GC(645) Archive regions: 2->2
[2025-03-28T20:08:02.546+0530][gc,heap     ] GC(645) Humongous regions: 140->138
[2025-03-28T20:08:02.546+0530][gc,metaspace] GC(645) Metaspace: 53773K(54528K)->53773K(54528K) NonClass: 47718K(48128K)->47718K(48128K) Class: 6055K(6400K)->6055K(6400K)
[2025-03-28T20:08:02.546+0530][gc          ] GC(645) Pause Young (Normal) (G1 Evacuation Pause) 289M->233M(1024M) 20.488ms
[2025-03-28T20:08:02.546+0530][gc,cpu      ] GC(645) User=0.02s Sys=0.00s Real=0.04s
[2025-03-28T20:08:02.634+0530][gc,start    ] GC(646) Pause Young (Normal) (G1 Evacuation Pause)
[2025-03-28T20:08:02.634+0530][gc,task     ] GC(646) Using 2 workers of 2 for evacuation
[2025-03-28T20:08:02.651+0530][gc,phases   ] GC(646)   Pre Evacuate Collection Set: 0.2ms
[2025-03-28T20:08:02.651+0530][gc,phases   ] GC(646)   Merge Heap Roots: 0.1ms
[2025-03-28T20:08:02.651+0530][gc,phases   ] GC(646)   Evacuate Collection Set: 16.2ms
[2025-03-28T20:08:02.651+0530][gc,phases   ] GC(646)   Post Evacuate Collection Set: 0.5ms
[2025-03-28T20:08:02.651+0530][gc,phases   ] GC(646)   Other: 0.2ms
[2025-03-28T20:08:02.651+0530][gc,heap     ] GC(646) Eden regions: 47->0(49)
[2025-03-28T20:08:02.651+0530][gc,heap     ] GC(646) Survivor regions: 6->2(7)
[2025-03-28T20:08:02.651+0530][gc,heap     ] GC(646) Old regions: 89->90
[2025-03-28T20:08:02.651+0530][gc,heap     ] GC(646) Archive regions: 2->2
[2025-03-28T20:08:02.651+0530][gc,heap     ] GC(646) Humongous regions: 140->140
[2025-03-28T20:08:02.651+0530][gc,metaspace] GC(646) Metaspace: 53773K(54528K)->53773K(54528K) NonClass: 47718K(48128K)->47718K(48128K) Class: 6055K(6400K)->6055K(6400K)
[2025-03-28T20:08:02.651+0530][gc          ] GC(646) Pause Young (Normal) (G1 Evacuation Pause) 282M->232M(1024M) 17.450ms
[2025-03-28T20:08:02.651+0530][gc,cpu      ] GC(646) User=0.02s Sys=0.00s Real=0.02s
[2025-03-28T20:08:08.580+0530][gc,start    ] GC(647) Pause Young (Normal) (G1 Evacuation Pause)
[2025-03-28T20:08:08.580+0530][gc,task     ] GC(647) Using 2 workers of 2 for evacuation
[2025-03-28T20:08:08.609+0530][gc,mmu      ] GC(647) MMU target violated: 21.0ms (20.0ms/21.0ms)
[2025-03-28T20:08:08.610+0530][gc,phases   ] GC(647)   Pre Evacuate Collection Set: 4.0ms
[2025-03-28T20:08:08.610+0530][gc,phases   ] GC(647)   Merge Heap Roots: 0.2ms
[2025-03-28T20:08:08.610+0530][gc,phases   ] GC(647)   Evacuate Collection Set: 20.9ms
[2025-03-28T20:08:08.610+0530][gc,phases   ] GC(647)   Post Evacuate Collection Set: 4.5ms
[2025-03-28T20:08:08.610+0530][gc,phases   ] GC(647)   Other: 0.3ms
[2025-03-28T20:08:08.610+0530][gc,heap     ] GC(647) Eden regions: 49->0(46)
[2025-03-28T20:08:08.610+0530][gc,heap     ] GC(647) Survivor regions: 2->5(7)
[2025-03-28T20:08:08.610+0530][gc,heap     ] GC(647) Old regions: 90->90
[2025-03-28T20:08:08.610+0530][gc,heap     ] GC(647) Archive regions: 2->2
[2025-03-28T20:08:08.610+0530][gc,heap     ] GC(647) Humongous regions: 140->138
[2025-03-28T20:08:08.610+0530][gc,metaspace] GC(647) Metaspace: 53773K(54528K)->53773K(54528K) NonClass: 47718K(48128K)->47718K(48128K) Class: 6055K(6400K)->6055K(6400K)
[2025-03-28T20:08:08.610+0530][gc          ] GC(647) Pause Young (Normal) (G1 Evacuation Pause) 281M->232M(1024M) 29.998ms
[2025-03-28T20:08:08.610+0530][gc,cpu      ] GC(647) User=0.02s Sys=0.00s Real=0.03s
[2025-03-28T20:08:08.764+0530][gc,start    ] GC(648) Pause Young (Normal) (G1 Evacuation Pause)
[2025-03-28T20:08:08.764+0530][gc,task     ] GC(648) Using 2 workers of 2 for evacuation
[2025-03-28T20:08:08.778+0530][gc,phases   ] GC(648)   Pre Evacuate Collection Set: 0.2ms
[2025-03-28T20:08:08.778+0530][gc,phases   ] GC(648)   Merge Heap Roots: 0.1ms
[2025-03-28T20:08:08.778+0530][gc,phases   ] GC(648)   Evacuate Collection Set: 12.2ms
[2025-03-28T20:08:08.778+0530][gc,phases   ] GC(648)   Post Evacuate Collection Set: 1.8ms
[2025-03-28T20:08:08.778+0530][gc,phases   ] GC(648)   Other: 0.3ms
[2025-03-28T20:08:08.778+0530][gc,heap     ] GC(648) Eden regions: 46->0(49)
[2025-03-28T20:08:08.778+0530][gc,heap     ] GC(648) Survivor regions: 5->2(7)
[2025-03-28T20:08:08.778+0530][gc,heap     ] GC(648) Old regions: 90->91
[2025-03-28T20:08:08.778+0530][gc,heap     ] GC(648) Archive regions: 2->2
[2025-03-28T20:08:08.778+0530][gc,heap     ] GC(648) Humongous regions: 140->140
[2025-03-28T20:08:08.778+0530][gc,metaspace] GC(648) Metaspace: 53773K(54528K)->53773K(54528K) NonClass: 47718K(48128K)->47718K(48128K) Class: 6055K(6400K)->6055K(6400K)
[2025-03-28T20:08:08.778+0530][gc          ] GC(648) Pause Young (Normal) (G1 Evacuation Pause) 280M->233M(1024M) 14.601ms
[2025-03-28T20:08:08.778+0530][gc,cpu      ] GC(648) User=0.02s Sys=0.00s Real=0.02s
[2025-03-28T20:08:12.421+0530][gc,start    ] GC(649) Pause Young (Normal) (G1 Evacuation Pause)
[2025-03-28T20:08:12.421+0530][gc,task     ] GC(649) Using 2 workers of 2 for evacuation
[2025-03-28T20:08:12.426+0530][gc,phases   ] GC(649)   Pre Evacuate Collection Set: 0.2ms
[2025-03-28T20:08:12.426+0530][gc,phases   ] GC(649)   Merge Heap Roots: 0.1ms
[2025-03-28T20:08:12.426+0530][gc,phases   ] GC(649)   Evacuate Collection Set: 3.9ms
[2025-03-28T20:08:12.426+0530][gc,phases   ] GC(649)   Post Evacuate Collection Set: 0.5ms
[2025-03-28T20:08:12.426+0530][gc,phases   ] GC(649)   Other: 0.1ms
[2025-03-28T20:08:12.426+0530][gc,heap     ] GC(649) Eden regions: 49->0(82)
[2025-03-28T20:08:12.426+0530][gc,heap     ] GC(649) Survivor regions: 2->3(7)
[2025-03-28T20:08:12.426+0530][gc,heap     ] GC(649) Old regions: 91->91
[2025-03-28T20:08:12.426+0530][gc,heap     ] GC(649) Archive regions: 2->2
[2025-03-28T20:08:12.426+0530][gc,heap     ] GC(649) Humongous regions: 140->138
[2025-03-28T20:08:12.426+0530][gc,metaspace] GC(649) Metaspace: 53777K(54528K)->53777K(54528K) NonClass: 47721K(48128K)->47721K(48128K) Class: 6055K(6400K)->6055K(6400K)
[2025-03-28T20:08:12.426+0530][gc          ] GC(649) Pause Young (Normal) (G1 Evacuation Pause) 282M->231M(1024M) 4.949ms
[2025-03-28T20:08:12.426+0530][gc,cpu      ] GC(649) User=0.01s Sys=0.00s Real=0.01s
[2025-03-28T20:08:12.586+0530][gc,start    ] GC(650) Pause Young (Normal) (G1 Evacuation Pause)
[2025-03-28T20:08:12.586+0530][gc,task     ] GC(650) Using 2 workers of 2 for evacuation
[2025-03-28T20:08:12.599+0530][gc,phases   ] GC(650)   Pre Evacuate Collection Set: 0.2ms
[2025-03-28T20:08:12.599+0530][gc,phases   ] GC(650)   Merge Heap Roots: 0.1ms
[2025-03-28T20:08:12.599+0530][gc,phases   ] GC(650)   Evacuate Collection Set: 12.0ms
[2025-03-28T20:08:12.599+0530][gc,phases   ] GC(650)   Post Evacuate Collection Set: 0.7ms
[2025-03-28T20:08:12.599+0530][gc,phases   ] GC(650)   Other: 0.2ms
[2025-03-28T20:08:12.599+0530][gc,heap     ] GC(650) Eden regions: 82->0(100)
[2025-03-28T20:08:12.599+0530][gc,heap     ] GC(650) Survivor regions: 3->3(11)
[2025-03-28T20:08:12.599+0530][gc,heap     ] GC(650) Old regions: 91->91
[2025-03-28T20:08:12.599+0530][gc,heap     ] GC(650) Archive regions: 2->2
[2025-03-28T20:08:12.599+0530][gc,heap     ] GC(650) Humongous regions: 140->140
[2025-03-28T20:08:12.599+0530][gc,metaspace] GC(650) Metaspace: 53777K(54528K)->53777K(54528K) NonClass: 47721K(48128K)->47721K(48128K) Class: 6055K(6400K)->6055K(6400K)
[2025-03-28T20:08:12.599+0530][gc          ] GC(650) Pause Young (Normal) (G1 Evacuation Pause) 315M->234M(1024M) 13.335ms
[2025-03-28T20:08:12.599+0530][gc,cpu      ] GC(650) User=0.02s Sys=0.00s Real=0.01s
[2025-03-28T20:08:18.728+0530][gc,start    ] GC(651) Pause Young (Normal) (G1 Evacuation Pause)
[2025-03-28T20:08:18.728+0530][gc,task     ] GC(651) Using 2 workers of 2 for evacuation
[2025-03-28T20:08:18.734+0530][gc,phases   ] GC(651)   Pre Evacuate Collection Set: 0.2ms
[2025-03-28T20:08:18.734+0530][gc,phases   ] GC(651)   Merge Heap Roots: 0.1ms
[2025-03-28T20:08:18.734+0530][gc,phases   ] GC(651)   Evacuate Collection Set: 5.1ms
[2025-03-28T20:08:18.734+0530][gc,phases   ] GC(651)   Post Evacuate Collection Set: 0.7ms
[2025-03-28T20:08:18.734+0530][gc,phases   ] GC(651)   Other: 0.2ms
[2025-03-28T20:08:18.734+0530][gc,heap     ] GC(651) Eden regions: 100->0(161)
[2025-03-28T20:08:18.734+0530][gc,heap     ] GC(651) Survivor regions: 3->3(13)
[2025-03-28T20:08:18.734+0530][gc,heap     ] GC(651) Old regions: 91->91
[2025-03-28T20:08:18.734+0530][gc,heap     ] GC(651) Archive regions: 2->2
[2025-03-28T20:08:18.734+0530][gc,heap     ] GC(651) Humongous regions: 142->140
[2025-03-28T20:08:18.734+0530][gc,metaspace] GC(651) Metaspace: 53786K(54528K)->53786K(54528K) NonClass: 47730K(48128K)->47730K(48128K) Class: 6055K(6400K)->6055K(6400K)
[2025-03-28T20:08:18.734+0530][gc          ] GC(651) Pause Young (Normal) (G1 Evacuation Pause) 336M->234M(1024M) 6.313ms
[2025-03-28T20:08:18.734+0530][gc,cpu      ] GC(651) User=0.01s Sys=0.00s Real=0.00s
[2025-03-28T20:08:28.615+0530][gc,start    ] GC(652) Pause Young (Normal) (G1 Evacuation Pause)
[2025-03-28T20:08:28.615+0530][gc,task     ] GC(652) Using 2 workers of 2 for evacuation
[2025-03-28T20:08:28.636+0530][gc,mmu      ] GC(652) MMU target violated: 20.2ms (20.0ms/21.0ms)
[2025-03-28T20:08:28.636+0530][gc,phases   ] GC(652)   Pre Evacuate Collection Set: 0.4ms
[2025-03-28T20:08:28.636+0530][gc,phases   ] GC(652)   Merge Heap Roots: 0.1ms
[2025-03-28T20:08:28.636+0530][gc,phases   ] GC(652)   Evacuate Collection Set: 18.9ms
[2025-03-28T20:08:28.636+0530][gc,phases   ] GC(652)   Post Evacuate Collection Set: 0.8ms
[2025-03-28T20:08:28.636+0530][gc,phases   ] GC(652)   Other: 0.2ms
[2025-03-28T20:08:28.636+0530][gc,heap     ] GC(652) Eden regions: 159->0(139)
[2025-03-28T20:08:28.636+0530][gc,heap     ] GC(652) Survivor regions: 3->4(21)
[2025-03-28T20:08:28.636+0530][gc,heap     ] GC(652) Old regions: 91->91
[2025-03-28T20:08:28.636+0530][gc,heap     ] GC(652) Archive regions: 2->2
[2025-03-28T20:08:28.636+0530][gc,heap     ] GC(652) Humongous regions: 142->138
[2025-03-28T20:08:28.636+0530][gc,metaspace] GC(652) Metaspace: 53786K(54528K)->53786K(54528K) NonClass: 47730K(48128K)->47730K(48128K) Class: 6055K(6400K)->6055K(6400K)
[2025-03-28T20:08:28.636+0530][gc          ] GC(652) Pause Young (Normal) (G1 Evacuation Pause) 395M->232M(1024M) 20.551ms
[2025-03-28T20:08:28.636+0530][gc,cpu      ] GC(652) User=0.02s Sys=0.00s Real=0.03s
[2025-03-28T20:08:32.501+0530][gc,start    ] GC(653) Pause Young (Normal) (G1 Evacuation Pause)
[2025-03-28T20:08:32.502+0530][gc,task     ] GC(653) Using 2 workers of 2 for evacuation
[2025-03-28T20:08:32.536+0530][gc,mmu      ] GC(653) MMU target violated: 21.0ms (20.0ms/21.0ms)
[2025-03-28T20:08:32.536+0530][gc,phases   ] GC(653)   Pre Evacuate Collection Set: 0.2ms
[2025-03-28T20:08:32.536+0530][gc,phases   ] GC(653)   Merge Heap Roots: 0.1ms
[2025-03-28T20:08:32.536+0530][gc,phases   ] GC(653)   Evacuate Collection Set: 33.9ms
[2025-03-28T20:08:32.536+0530][gc,phases   ] GC(653)   Post Evacuate Collection Set: 0.6ms
[2025-03-28T20:08:32.537+0530][gc,phases   ] GC(653)   Other: 0.2ms
[2025-03-28T20:08:32.537+0530][gc,heap     ] GC(653) Eden regions: 139->0(53)
[2025-03-28T20:08:32.537+0530][gc,heap     ] GC(653) Survivor regions: 4->8(18)
[2025-03-28T20:08:32.537+0530][gc,heap     ] GC(653) Old regions: 91->91
[2025-03-28T20:08:32.537+0530][gc,heap     ] GC(653) Archive regions: 2->2
[2025-03-28T20:08:32.537+0530][gc,heap     ] GC(653) Humongous regions: 140->138
[2025-03-28T20:08:32.537+0530][gc,metaspace] GC(653) Metaspace: 53786K(54528K)->53786K(54528K) NonClass: 47730K(48128K)->47730K(48128K) Class: 6055K(6400K)->6055K(6400K)
[2025-03-28T20:08:32.537+0530][gc          ] GC(653) Pause Young (Normal) (G1 Evacuation Pause) 373M->236M(1024M) 35.072ms
[2025-03-28T20:08:32.537+0530][gc,cpu      ] GC(653) User=0.01s Sys=0.00s Real=0.04s
[2025-03-28T20:08:32.648+0530][gc,start    ] GC(654) Pause Young (Normal) (G1 Evacuation Pause)
[2025-03-28T20:08:32.648+0530][gc,task     ] GC(654) Using 2 workers of 2 for evacuation
[2025-03-28T20:08:32.659+0530][gc,phases   ] GC(654)   Pre Evacuate Collection Set: 0.2ms
[2025-03-28T20:08:32.659+0530][gc,phases   ] GC(654)   Merge Heap Roots: 0.1ms
[2025-03-28T20:08:32.659+0530][gc,phases   ] GC(654)   Evacuate Collection Set: 10.1ms
[2025-03-28T20:08:32.659+0530][gc,phases   ] GC(654)   Post Evacuate Collection Set: 0.5ms
[2025-03-28T20:08:32.659+0530][gc,phases   ] GC(654)   Other: 0.1ms
[2025-03-28T20:08:32.659+0530][gc,heap     ] GC(654) Eden regions: 53->0(229)
[2025-03-28T20:08:32.659+0530][gc,heap     ] GC(654) Survivor regions: 8->2(8)
[2025-03-28T20:08:32.659+0530][gc,heap     ] GC(654) Old regions: 91->93
[2025-03-28T20:08:32.659+0530][gc,heap     ] GC(654) Archive regions: 2->2
[2025-03-28T20:08:32.659+0530][gc,heap     ] GC(654) Humongous regions: 140->140
[2025-03-28T20:08:32.659+0530][gc,metaspace] GC(654) Metaspace: 53786K(54528K)->53786K(54528K) NonClass: 47730K(48128K)->47730K(48128K) Class: 6055K(6400K)->6055K(6400K)
[2025-03-28T20:08:32.659+0530][gc          ] GC(654) Pause Young (Normal) (G1 Evacuation Pause) 291M->235M(1024M) 11.180ms
[2025-03-28T20:08:32.659+0530][gc,cpu      ] GC(654) User=0.02s Sys=0.00s Real=0.01s
[2025-03-28T20:08:47.468+0530][gc,start    ] GC(655) Pause Young (Normal) (G1 Evacuation Pause)
[2025-03-28T20:08:47.468+0530][gc,task     ] GC(655) Using 2 workers of 2 for evacuation
[2025-03-28T20:08:47.522+0530][gc,mmu      ] GC(655) MMU target violated: 21.0ms (20.0ms/21.0ms)
[2025-03-28T20:08:47.522+0530][gc,phases   ] GC(655)   Pre Evacuate Collection Set: 0.7ms
[2025-03-28T20:08:47.522+0530][gc,phases   ] GC(655)   Merge Heap Roots: 0.6ms
[2025-03-28T20:08:47.522+0530][gc,phases   ] GC(655)   Evacuate Collection Set: 50.3ms
[2025-03-28T20:08:47.522+0530][gc,phases   ] GC(655)   Post Evacuate Collection Set: 1.9ms
[2025-03-28T20:08:47.522+0530][gc,phases   ] GC(655)   Other: 0.6ms
[2025-03-28T20:08:47.522+0530][gc,heap     ] GC(655) Eden regions: 229->0(49)
[2025-03-28T20:08:47.522+0530][gc,heap     ] GC(655) Survivor regions: 2->2(29)
[2025-03-28T20:08:47.522+0530][gc,heap     ] GC(655) Old regions: 93->93
[2025-03-28T20:08:47.522+0530][gc,heap     ] GC(655) Archive regions: 2->2
[2025-03-28T20:08:47.522+0530][gc,heap     ] GC(655) Humongous regions: 144->138
[2025-03-28T20:08:47.522+0530][gc,metaspace] GC(655) Metaspace: 53788K(54528K)->53788K(54528K) NonClass: 47732K(48128K)->47732K(48128K) Class: 6055K(6400K)->6055K(6400K)
[2025-03-28T20:08:47.522+0530][gc          ] GC(655) Pause Young (Normal) (G1 Evacuation Pause) 468M->232M(1024M) 54.292ms
[2025-03-28T20:08:47.522+0530][gc,cpu      ] GC(655) User=0.08s Sys=0.01s Real=0.05s
[2025-03-28T20:08:48.619+0530][gc,start    ] GC(656) Pause Young (Normal) (G1 Evacuation Pause)
[2025-03-28T20:08:48.619+0530][gc,task     ] GC(656) Using 2 workers of 2 for evacuation
[2025-03-28T20:08:48.628+0530][gc,phases   ] GC(656)   Pre Evacuate Collection Set: 0.2ms
[2025-03-28T20:08:48.628+0530][gc,phases   ] GC(656)   Merge Heap Roots: 0.1ms
[2025-03-28T20:08:48.628+0530][gc,phases   ] GC(656)   Evacuate Collection Set: 8.8ms
[2025-03-28T20:08:48.628+0530][gc,phases   ] GC(656)   Post Evacuate Collection Set: 0.4ms
[2025-03-28T20:08:48.628+0530][gc,phases   ] GC(656)   Other: 0.1ms
[2025-03-28T20:08:48.628+0530][gc,heap     ] GC(656) Eden regions: 49->0(44)
[2025-03-28T20:08:48.628+0530][gc,heap     ] GC(656) Survivor regions: 2->7(7)
[2025-03-28T20:08:48.628+0530][gc,heap     ] GC(656) Old regions: 93->93
[2025-03-28T20:08:48.628+0530][gc,heap     ] GC(656) Archive regions: 2->2
[2025-03-28T20:08:48.628+0530][gc,heap     ] GC(656) Humongous regions: 138->138
[2025-03-28T20:08:48.628+0530][gc,metaspace] GC(656) Metaspace: 53788K(54528K)->53788K(54528K) NonClass: 47732K(48128K)->47732K(48128K) Class: 6055K(6400K)->6055K(6400K)
[2025-03-28T20:08:48.628+0530][gc          ] GC(656) Pause Young (Normal) (G1 Evacuation Pause) 281M->237M(1024M) 9.715ms
[2025-03-28T20:08:48.628+0530][gc,cpu      ] GC(656) User=0.01s Sys=0.00s Real=0.01s
[2025-03-28T20:08:48.714+0530][gc,start    ] GC(657) Pause Young (Normal) (G1 Evacuation Pause)
[2025-03-28T20:08:48.714+0530][gc,task     ] GC(657) Using 2 workers of 2 for evacuation
[2025-03-28T20:08:48.725+0530][gc,phases   ] GC(657)   Pre Evacuate Collection Set: 0.2ms
[2025-03-28T20:08:48.725+0530][gc,phases   ] GC(657)   Merge Heap Roots: 0.1ms
[2025-03-28T20:08:48.725+0530][gc,phases   ] GC(657)   Evacuate Collection Set: 10.5ms
[2025-03-28T20:08:48.725+0530][gc,phases   ] GC(657)   Post Evacuate Collection Set: 0.4ms
[2025-03-28T20:08:48.725+0530][gc,phases   ] GC(657)   Other: 0.1ms
[2025-03-28T20:08:48.725+0530][gc,heap     ] GC(657) Eden regions: 44->0(49)
[2025-03-28T20:08:48.725+0530][gc,heap     ] GC(657) Survivor regions: 7->2(7)
[2025-03-28T20:08:48.725+0530][gc,heap     ] GC(657) Old regions: 93->94
[2025-03-28T20:08:48.725+0530][gc,heap     ] GC(657) Archive regions: 2->2
[2025-03-28T20:08:48.725+0530][gc,heap     ] GC(657) Humongous regions: 140->140
[2025-03-28T20:08:48.725+0530][gc,metaspace] GC(657) Metaspace: 53788K(54528K)->53788K(54528K) NonClass: 47732K(48128K)->47732K(48128K) Class: 6055K(6400K)->6055K(6400K)
[2025-03-28T20:08:48.725+0530][gc          ] GC(657) Pause Young (Normal) (G1 Evacuation Pause) 283M->236M(1024M) 11.453ms
[2025-03-28T20:08:48.725+0530][gc,cpu      ] GC(657) User=0.01s Sys=0.00s Real=0.00s
[2025-03-28T20:08:52.504+0530][gc,start    ] GC(658) Pause Young (Normal) (G1 Evacuation Pause)
[2025-03-28T20:08:52.504+0530][gc,task     ] GC(658) Using 2 workers of 2 for evacuation
[2025-03-28T20:08:52.524+0530][gc,mmu      ] GC(658) MMU target violated: 20.0ms (20.0ms/21.0ms)
[2025-03-28T20:08:52.524+0530][gc,phases   ] GC(658)   Pre Evacuate Collection Set: 0.2ms
[2025-03-28T20:08:52.524+0530][gc,phases   ] GC(658)   Merge Heap Roots: 0.1ms
[2025-03-28T20:08:52.524+0530][gc,phases   ] GC(658)   Evacuate Collection Set: 19.3ms
[2025-03-28T20:08:52.524+0530][gc,phases   ] GC(658)   Post Evacuate Collection Set: 0.5ms
[2025-03-28T20:08:52.524+0530][gc,phases   ] GC(658)   Other: 0.2ms
[2025-03-28T20:08:52.524+0530][gc,heap     ] GC(658) Eden regions: 49->0(46)
[2025-03-28T20:08:52.524+0530][gc,heap     ] GC(658) Survivor regions: 2->5(7)
[2025-03-28T20:08:52.524+0530][gc,heap     ] GC(658) Old regions: 94->94
[2025-03-28T20:08:52.524+0530][gc,heap     ] GC(658) Archive regions: 2->2
[2025-03-28T20:08:52.525+0530][gc,heap     ] GC(658) Humongous regions: 140->138
[2025-03-28T20:08:52.525+0530][gc,metaspace] GC(658) Metaspace: 53788K(54528K)->53788K(54528K) NonClass: 47732K(48128K)->47732K(48128K) Class: 6055K(6400K)->6055K(6400K)
[2025-03-28T20:08:52.525+0530][gc          ] GC(658) Pause Young (Normal) (G1 Evacuation Pause) 285M->236M(1024M) 20.634ms
[2025-03-28T20:08:52.525+0530][gc,cpu      ] GC(658) User=0.01s Sys=0.01s Real=0.02s
[2025-03-28T20:08:52.609+0530][gc,start    ] GC(659) Pause Young (Normal) (G1 Evacuation Pause)
[2025-03-28T20:08:52.609+0530][gc,task     ] GC(659) Using 2 workers of 2 for evacuation
[2025-03-28T20:08:52.620+0530][gc,phases   ] GC(659)   Pre Evacuate Collection Set: 0.2ms
[2025-03-28T20:08:52.620+0530][gc,phases   ] GC(659)   Merge Heap Roots: 0.1ms
[2025-03-28T20:08:52.620+0530][gc,phases   ] GC(659)   Evacuate Collection Set: 9.9ms
[2025-03-28T20:08:52.620+0530][gc,phases   ] GC(659)   Post Evacuate Collection Set: 0.4ms
[2025-03-28T20:08:52.620+0530][gc,phases   ] GC(659)   Other: 0.1ms
[2025-03-28T20:08:52.620+0530][gc,heap     ] GC(659) Eden regions: 46->0(49)
[2025-03-28T20:08:52.620+0530][gc,heap     ] GC(659) Survivor regions: 5->2(7)
[2025-03-28T20:08:52.620+0530][gc,heap     ] GC(659) Old regions: 94->95
[2025-03-28T20:08:52.620+0530][gc,heap     ] GC(659) Archive regions: 2->2
[2025-03-28T20:08:52.620+0530][gc,heap     ] GC(659) Humongous regions: 140->140
[2025-03-28T20:08:52.620+0530][gc,metaspace] GC(659) Metaspace: 53788K(54528K)->53788K(54528K) NonClass: 47732K(48128K)->47732K(48128K) Class: 6055K(6400K)->6055K(6400K)
[2025-03-28T20:08:52.620+0530][gc          ] GC(659) Pause Young (Normal) (G1 Evacuation Pause) 284M->237M(1024M) 10.849ms
[2025-03-28T20:08:52.620+0530][gc,cpu      ] GC(659) User=0.01s Sys=0.00s Real=0.02s
[2025-03-28T20:08:58.450+0530][gc,start    ] GC(660) Pause Young (Normal) (G1 Evacuation Pause)
[2025-03-28T20:08:58.450+0530][gc,task     ] GC(660) Using 2 workers of 2 for evacuation
[2025-03-28T20:08:58.472+0530][gc,mmu      ] GC(660) MMU target violated: 21.0ms (20.0ms/21.0ms)
[2025-03-28T20:08:58.472+0530][gc,phases   ] GC(660)   Pre Evacuate Collection Set: 0.5ms
[2025-03-28T20:08:58.472+0530][gc,phases   ] GC(660)   Merge Heap Roots: 0.2ms
[2025-03-28T20:08:58.472+0530][gc,phases   ] GC(660)   Evacuate Collection Set: 21.0ms
[2025-03-28T20:08:58.472+0530][gc,phases   ] GC(660)   Post Evacuate Collection Set: 0.7ms
[2025-03-28T20:08:58.472+0530][gc,phases   ] GC(660)   Other: 0.3ms
[2025-03-28T20:08:58.472+0530][gc,heap     ] GC(660) Eden regions: 49->0(48)
[2025-03-28T20:08:58.472+0530][gc,heap     ] GC(660) Survivor regions: 2->3(7)
[2025-03-28T20:08:58.472+0530][gc,heap     ] GC(660) Old regions: 95->95
[2025-03-28T20:08:58.472+0530][gc,heap     ] GC(660) Archive regions: 2->2
[2025-03-28T20:08:58.472+0530][gc,heap     ] GC(660) Humongous regions: 140->138
[2025-03-28T20:08:58.472+0530][gc,metaspace] GC(660) Metaspace: 53788K(54528K)->53788K(54528K) NonClass: 47732K(48128K)->47732K(48128K) Class: 6055K(6400K)->6055K(6400K)
[2025-03-28T20:08:58.472+0530][gc          ] GC(660) Pause Young (Normal) (G1 Evacuation Pause) 286M->235M(1024M) 22.848ms
[2025-03-28T20:08:58.473+0530][gc,cpu      ] GC(660) User=0.01s Sys=0.00s Real=0.03s
[2025-03-28T20:08:58.699+0530][gc,start    ] GC(661) Pause Young (Normal) (G1 Evacuation Pause)
[2025-03-28T20:08:58.699+0530][gc,task     ] GC(661) Using 2 workers of 2 for evacuation
[2025-03-28T20:08:58.726+0530][gc,mmu      ] GC(661) MMU target violated: 21.0ms (20.0ms/21.0ms)
[2025-03-28T20:08:58.726+0530][gc,phases   ] GC(661)   Pre Evacuate Collection Set: 0.2ms
[2025-03-28T20:08:58.726+0530][gc,phases   ] GC(661)   Merge Heap Roots: 0.1ms
[2025-03-28T20:08:58.726+0530][gc,phases   ] GC(661)   Evacuate Collection Set: 25.8ms
[2025-03-28T20:08:58.726+0530][gc,phases   ] GC(661)   Post Evacuate Collection Set: 0.6ms
[2025-03-28T20:08:58.726+0530][gc,phases   ] GC(661)   Other: 0.2ms
[2025-03-28T20:08:58.726+0530][gc,heap     ] GC(661) Eden regions: 48->0(44)
[2025-03-28T20:08:58.726+0530][gc,heap     ] GC(661) Survivor regions: 3->7(7)
[2025-03-28T20:08:58.726+0530][gc,heap     ] GC(661) Old regions: 95->96
[2025-03-28T20:08:58.726+0530][gc,heap     ] GC(661) Archive regions: 2->2
[2025-03-28T20:08:58.726+0530][gc,heap     ] GC(661) Humongous regions: 138->138
[2025-03-28T20:08:58.726+0530][gc,metaspace] GC(661) Metaspace: 53788K(54528K)->53788K(54528K) NonClass: 47732K(48128K)->47732K(48128K) Class: 6055K(6400K)->6055K(6400K)
[2025-03-28T20:08:58.726+0530][gc          ] GC(661) Pause Young (Normal) (G1 Evacuation Pause) 283M->241M(1024M) 27.048ms
[2025-03-28T20:08:58.726+0530][gc,cpu      ] GC(661) User=0.02s Sys=0.01s Real=0.02s
[2025-03-28T20:09:02.311+0530][gc,start    ] GC(662) Pause Young (Normal) (G1 Evacuation Pause)
[2025-03-28T20:09:02.311+0530][gc,task     ] GC(662) Using 2 workers of 2 for evacuation
[2025-03-28T20:09:02.318+0530][gc,phases   ] GC(662)   Pre Evacuate Collection Set: 0.2ms
[2025-03-28T20:09:02.318+0530][gc,phases   ] GC(662)   Merge Heap Roots: 0.2ms
[2025-03-28T20:09:02.318+0530][gc,phases   ] GC(662)   Evacuate Collection Set: 5.8ms
[2025-03-28T20:09:02.318+0530][gc,phases   ] GC(662)   Post Evacuate Collection Set: 0.5ms
[2025-03-28T20:09:02.318+0530][gc,phases   ] GC(662)   Other: 0.1ms
[2025-03-28T20:09:02.318+0530][gc,heap     ] GC(662) Eden regions: 44->0(60)
[2025-03-28T20:09:02.318+0530][gc,heap     ] GC(662) Survivor regions: 7->1(7)
[2025-03-28T20:09:02.318+0530][gc,heap     ] GC(662) Old regions: 96->96
[2025-03-28T20:09:02.318+0530][gc,heap     ] GC(662) Archive regions: 2->2
[2025-03-28T20:09:02.318+0530][gc,heap     ] GC(662) Humongous regions: 140->138
[2025-03-28T20:09:02.318+0530][gc,metaspace] GC(662) Metaspace: 53788K(54528K)->53788K(54528K) NonClass: 47732K(48128K)->47732K(48128K) Class: 6055K(6400K)->6055K(6400K)
[2025-03-28T20:09:02.318+0530][gc          ] GC(662) Pause Young (Normal) (G1 Evacuation Pause) 287M->235M(1024M) 6.935ms
[2025-03-28T20:09:02.318+0530][gc,cpu      ] GC(662) User=0.01s Sys=0.00s Real=0.00s
[2025-03-28T20:09:02.458+0530][gc,start    ] GC(663) Pause Young (Normal) (G1 Evacuation Pause)
[2025-03-28T20:09:02.458+0530][gc,task     ] GC(663) Using 2 workers of 2 for evacuation
[2025-03-28T20:09:02.476+0530][gc,phases   ] GC(663)   Pre Evacuate Collection Set: 0.2ms
[2025-03-28T20:09:02.477+0530][gc,phases   ] GC(663)   Merge Heap Roots: 0.1ms
[2025-03-28T20:09:02.477+0530][gc,phases   ] GC(663)   Evacuate Collection Set: 12.1ms
[2025-03-28T20:09:02.477+0530][gc,phases   ] GC(663)   Post Evacuate Collection Set: 6.0ms
[2025-03-28T20:09:02.477+0530][gc,phases   ] GC(663)   Other: 0.2ms
[2025-03-28T20:09:02.477+0530][gc,heap     ] GC(663) Eden regions: 60->0(44)
[2025-03-28T20:09:02.477+0530][gc,heap     ] GC(663) Survivor regions: 1->7(8)
[2025-03-28T20:09:02.477+0530][gc,heap     ] GC(663) Old regions: 96->96
[2025-03-28T20:09:02.477+0530][gc,heap     ] GC(663) Archive regions: 2->2
[2025-03-28T20:09:02.477+0530][gc,heap     ] GC(663) Humongous regions: 138->138
[2025-03-28T20:09:02.477+0530][gc,metaspace] GC(663) Metaspace: 53788K(54528K)->53788K(54528K) NonClass: 47732K(48128K)->47732K(48128K) Class: 6055K(6400K)->6055K(6400K)
[2025-03-28T20:09:02.477+0530][gc          ] GC(663) Pause Young (Normal) (G1 Evacuation Pause) 295M->241M(1024M) 18.943ms
[2025-03-28T20:09:02.477+0530][gc,cpu      ] GC(663) User=0.01s Sys=0.01s Real=0.02s
[2025-03-28T20:09:02.538+0530][gc,start    ] GC(664) Pause Young (Normal) (G1 Evacuation Pause)
[2025-03-28T20:09:02.539+0530][gc,task     ] GC(664) Using 2 workers of 2 for evacuation
[2025-03-28T20:09:02.544+0530][gc,phases   ] GC(664)   Pre Evacuate Collection Set: 0.2ms
[2025-03-28T20:09:02.545+0530][gc,phases   ] GC(664)   Merge Heap Roots: 0.1ms
[2025-03-28T20:09:02.545+0530][gc,phases   ] GC(664)   Evacuate Collection Set: 5.2ms
[2025-03-28T20:09:02.545+0530][gc,phases   ] GC(664)   Post Evacuate Collection Set: 0.5ms
[2025-03-28T20:09:02.545+0530][gc,phases   ] GC(664)   Other: 0.1ms
[2025-03-28T20:09:02.545+0530][gc,heap     ] GC(664) Eden regions: 44->0(58)
[2025-03-28T20:09:02.545+0530][gc,heap     ] GC(664) Survivor regions: 7->2(7)
[2025-03-28T20:09:02.545+0530][gc,heap     ] GC(664) Old regions: 96->98
[2025-03-28T20:09:02.545+0530][gc,heap     ] GC(664) Archive regions: 2->2
[2025-03-28T20:09:02.545+0530][gc,heap     ] GC(664) Humongous regions: 140->140
[2025-03-28T20:09:02.545+0530][gc,metaspace] GC(664) Metaspace: 53788K(54528K)->53788K(54528K) NonClass: 47732K(48128K)->47732K(48128K) Class: 6055K(6400K)->6055K(6400K)
[2025-03-28T20:09:02.545+0530][gc          ] GC(664) Pause Young (Normal) (G1 Evacuation Pause) 287M->239M(1024M) 6.144ms
[2025-03-28T20:09:02.545+0530][gc,cpu      ] GC(664) User=0.01s Sys=0.00s Real=0.00s
[2025-03-28T20:09:08.569+0530][gc,start    ] GC(665) Pause Young (Normal) (G1 Evacuation Pause)
[2025-03-28T20:09:08.569+0530][gc,task     ] GC(665) Using 2 workers of 2 for evacuation
[2025-03-28T20:09:08.582+0530][gc,phases   ] GC(665)   Pre Evacuate Collection Set: 0.2ms
[2025-03-28T20:09:08.582+0530][gc,phases   ] GC(665)   Merge Heap Roots: 0.1ms
[2025-03-28T20:09:08.582+0530][gc,phases   ] GC(665)   Evacuate Collection Set: 12.7ms
[2025-03-28T20:09:08.582+0530][gc,phases   ] GC(665)   Post Evacuate Collection Set: 0.5ms
[2025-03-28T20:09:08.582+0530][gc,phases   ] GC(665)   Other: 0.1ms
[2025-03-28T20:09:08.583+0530][gc,heap     ] GC(665) Eden regions: 58->0(46)
[2025-03-28T20:09:08.583+0530][gc,heap     ] GC(665) Survivor regions: 2->7(8)
[2025-03-28T20:09:08.583+0530][gc,heap     ] GC(665) Old regions: 98->98
[2025-03-28T20:09:08.583+0530][gc,heap     ] GC(665) Archive regions: 2->2
[2025-03-28T20:09:08.583+0530][gc,heap     ] GC(665) Humongous regions: 140->138
[2025-03-28T20:09:08.583+0530][gc,metaspace] GC(665) Metaspace: 53793K(54528K)->53793K(54528K) NonClass: 47737K(48128K)->47737K(48128K) Class: 6055K(6400K)->6055K(6400K)
[2025-03-28T20:09:08.583+0530][gc          ] GC(665) Pause Young (Normal) (G1 Evacuation Pause) 297M->242M(1024M) 13.739ms
[2025-03-28T20:09:08.583+0530][gc,cpu      ] GC(665) User=0.02s Sys=0.00s Real=0.01s
[2025-03-28T20:09:08.688+0530][gc,start    ] GC(666) Pause Young (Normal) (G1 Evacuation Pause)
[2025-03-28T20:09:08.688+0530][gc,task     ] GC(666) Using 2 workers of 2 for evacuation
[2025-03-28T20:09:08.698+0530][gc,phases   ] GC(666)   Pre Evacuate Collection Set: 0.4ms
[2025-03-28T20:09:08.698+0530][gc,phases   ] GC(666)   Merge Heap Roots: 0.1ms
[2025-03-28T20:09:08.698+0530][gc,phases   ] GC(666)   Evacuate Collection Set: 8.2ms
[2025-03-28T20:09:08.698+0530][gc,phases   ] GC(666)   Post Evacuate Collection Set: 1.0ms
[2025-03-28T20:09:08.698+0530][gc,phases   ] GC(666)   Other: 0.1ms
[2025-03-28T20:09:08.698+0530][gc,heap     ] GC(666) Eden regions: 46->0(82)
[2025-03-28T20:09:08.698+0530][gc,heap     ] GC(666) Survivor regions: 7->2(7)
[2025-03-28T20:09:08.698+0530][gc,heap     ] GC(666) Old regions: 98->99
[2025-03-28T20:09:08.698+0530][gc,heap     ] GC(666) Archive regions: 2->2
[2025-03-28T20:09:08.698+0530][gc,heap     ] GC(666) Humongous regions: 140->140
[2025-03-28T20:09:08.698+0530][gc,metaspace] GC(666) Metaspace: 53793K(54528K)->53793K(54528K) NonClass: 47737K(48128K)->47737K(48128K) Class: 6055K(6400K)->6055K(6400K)
[2025-03-28T20:09:08.698+0530][gc          ] GC(666) Pause Young (Normal) (G1 Evacuation Pause) 290M->240M(1024M) 9.958ms
[2025-03-28T20:09:08.698+0530][gc,cpu      ] GC(666) User=0.01s Sys=0.00s Real=0.02s
[2025-03-28T20:09:12.565+0530][gc,start    ] GC(667) Pause Young (Normal) (G1 Evacuation Pause)
[2025-03-28T20:09:12.565+0530][gc,task     ] GC(667) Using 2 workers of 2 for evacuation
[2025-03-28T20:09:12.578+0530][gc,phases   ] GC(667)   Pre Evacuate Collection Set: 0.2ms
[2025-03-28T20:09:12.578+0530][gc,phases   ] GC(667)   Merge Heap Roots: 0.1ms
[2025-03-28T20:09:12.578+0530][gc,phases   ] GC(667)   Evacuate Collection Set: 12.3ms
[2025-03-28T20:09:12.578+0530][gc,phases   ] GC(667)   Post Evacuate Collection Set: 0.6ms
[2025-03-28T20:09:12.578+0530][gc,phases   ] GC(667)   Other: 0.1ms
[2025-03-28T20:09:12.578+0530][gc,heap     ] GC(667) Eden regions: 82->0(59)
[2025-03-28T20:09:12.578+0530][gc,heap     ] GC(667) Survivor regions: 2->8(11)
[2025-03-28T20:09:12.578+0530][gc,heap     ] GC(667) Old regions: 99->99
[2025-03-28T20:09:12.578+0530][gc,heap     ] GC(667) Archive regions: 2->2
[2025-03-28T20:09:12.578+0530][gc,heap     ] GC(667) Humongous regions: 140->138
[2025-03-28T20:09:12.578+0530][gc,metaspace] GC(667) Metaspace: 53804K(54528K)->53804K(54528K) NonClass: 47748K(48128K)->47748K(48128K) Class: 6055K(6400K)->6055K(6400K)
[2025-03-28T20:09:12.578+0530][gc          ] GC(667) Pause Young (Normal) (G1 Evacuation Pause) 322M->245M(1024M) 13.409ms
[2025-03-28T20:09:12.578+0530][gc,cpu      ] GC(667) User=0.01s Sys=0.00s Real=0.02s
[2025-03-28T20:09:18.552+0530][gc,start    ] GC(668) Pause Young (Normal) (G1 Evacuation Pause)
[2025-03-28T20:09:18.552+0530][gc,task     ] GC(668) Using 2 workers of 2 for evacuation
[2025-03-28T20:09:18.564+0530][gc,phases   ] GC(668)   Pre Evacuate Collection Set: 0.7ms
[2025-03-28T20:09:18.565+0530][gc,phases   ] GC(668)   Merge Heap Roots: 0.3ms
[2025-03-28T20:09:18.565+0530][gc,phases   ] GC(668)   Evacuate Collection Set: 10.4ms
[2025-03-28T20:09:18.565+0530][gc,phases   ] GC(668)   Post Evacuate Collection Set: 0.9ms
[2025-03-28T20:09:18.565+0530][gc,phases   ] GC(668)   Other: 0.1ms
[2025-03-28T20:09:18.565+0530][gc,heap     ] GC(668) Eden regions: 59->0(136)
[2025-03-28T20:09:18.565+0530][gc,heap     ] GC(668) Survivor regions: 8->2(9)
[2025-03-28T20:09:18.565+0530][gc,heap     ] GC(668) Old regions: 99->99
[2025-03-28T20:09:18.565+0530][gc,heap     ] GC(668) Archive regions: 2->2
[2025-03-28T20:09:18.565+0530][gc,heap     ] GC(668) Humongous regions: 140->138
[2025-03-28T20:09:18.565+0530][gc,metaspace] GC(668) Metaspace: 53805K(54528K)->53805K(54528K) NonClass: 47749K(48128K)->47749K(48128K) Class: 6055K(6400K)->6055K(6400K)
[2025-03-28T20:09:18.565+0530][gc          ] GC(668) Pause Young (Normal) (G1 Evacuation Pause) 306M->239M(1024M) 12.612ms
[2025-03-28T20:09:18.565+0530][gc,cpu      ] GC(668) User=0.01s Sys=0.01s Real=0.01s
[2025-03-28T20:09:22.449+0530][gc,start    ] GC(669) Pause Young (Normal) (G1 Evacuation Pause)
[2025-03-28T20:09:22.449+0530][gc,task     ] GC(669) Using 2 workers of 2 for evacuation
[2025-03-28T20:09:22.456+0530][gc,phases   ] GC(669)   Pre Evacuate Collection Set: 0.2ms
[2025-03-28T20:09:22.456+0530][gc,phases   ] GC(669)   Merge Heap Roots: 0.1ms
[2025-03-28T20:09:22.456+0530][gc,phases   ] GC(669)   Evacuate Collection Set: 5.2ms
[2025-03-28T20:09:22.456+0530][gc,phases   ] GC(669)   Post Evacuate Collection Set: 0.9ms
[2025-03-28T20:09:22.456+0530][gc,phases   ] GC(669)   Other: 0.1ms
[2025-03-28T20:09:22.456+0530][gc,heap     ] GC(669) Eden regions: 134->0(193)
[2025-03-28T20:09:22.456+0530][gc,heap     ] GC(669) Survivor regions: 2->5(17)
[2025-03-28T20:09:22.456+0530][gc,heap     ] GC(669) Old regions: 99->99
[2025-03-28T20:09:22.456+0530][gc,heap     ] GC(669) Archive regions: 2->2
[2025-03-28T20:09:22.456+0530][gc,heap     ] GC(669) Humongous regions: 140->138
[2025-03-28T20:09:22.456+0530][gc,metaspace] GC(669) Metaspace: 53807K(54528K)->53807K(54528K) NonClass: 47751K(48128K)->47751K(48128K) Class: 6055K(6400K)->6055K(6400K)
[2025-03-28T20:09:22.456+0530][gc          ] GC(669) Pause Young (Normal) (G1 Evacuation Pause) 375M->242M(1024M) 6.576ms
[2025-03-28T20:09:22.456+0530][gc,cpu      ] GC(669) User=0.01s Sys=0.00s Real=0.00s
[2025-03-28T20:09:30.475+0530][gc,start    ] GC(670) Pause Young (Normal) (G1 Evacuation Pause)
[2025-03-28T20:09:30.475+0530][gc,task     ] GC(670) Using 2 workers of 2 for evacuation
[2025-03-28T20:09:30.500+0530][gc,mmu      ] GC(670) MMU target violated: 21.0ms (20.0ms/21.0ms)
[2025-03-28T20:09:30.500+0530][gc,phases   ] GC(670)   Pre Evacuate Collection Set: 0.7ms
[2025-03-28T20:09:30.500+0530][gc,phases   ] GC(670)   Merge Heap Roots: 0.9ms
[2025-03-28T20:09:30.500+0530][gc,phases   ] GC(670)   Evacuate Collection Set: 21.1ms
[2025-03-28T20:09:30.500+0530][gc,phases   ] GC(670)   Post Evacuate Collection Set: 2.4ms
[2025-03-28T20:09:30.500+0530][gc,phases   ] GC(670)   Other: 0.8ms
[2025-03-28T20:09:30.501+0530][gc,heap     ] GC(670) Eden regions: 183->0(50)
[2025-03-28T20:09:30.501+0530][gc,heap     ] GC(670) Survivor regions: 5->1(24)
[2025-03-28T20:09:30.501+0530][gc,heap     ] GC(670) Old regions: 99->99
[2025-03-28T20:09:30.501+0530][gc,heap     ] GC(670) Archive regions: 2->2
[2025-03-28T20:09:30.501+0530][gc,heap     ] GC(670) Humongous regions: 142->138
[2025-03-28T20:09:30.501+0530][gc,metaspace] GC(670) Metaspace: 53808K(54528K)->53808K(54528K) NonClass: 47752K(48128K)->47752K(48128K) Class: 6055K(6400K)->6055K(6400K)
[2025-03-28T20:09:30.501+0530][gc          ] GC(670) Pause Young (Normal) (G1 Evacuation Pause) 429M->238M(1024M) 26.302ms
[2025-03-28T20:09:30.501+0530][gc,cpu      ] GC(670) User=0.04s Sys=0.01s Real=0.03s
[2025-03-28T20:09:32.499+0530][gc,start    ] GC(671) Pause Young (Normal) (G1 Evacuation Pause)
[2025-03-28T20:09:32.499+0530][gc,task     ] GC(671) Using 2 workers of 2 for evacuation
[2025-03-28T20:09:32.514+0530][gc,phases   ] GC(671)   Pre Evacuate Collection Set: 0.3ms
[2025-03-28T20:09:32.514+0530][gc,phases   ] GC(671)   Merge Heap Roots: 0.1ms
[2025-03-28T20:09:32.514+0530][gc,phases   ] GC(671)   Evacuate Collection Set: 13.6ms
[2025-03-28T20:09:32.514+0530][gc,phases   ] GC(671)   Post Evacuate Collection Set: 0.7ms
[2025-03-28T20:09:32.514+0530][gc,phases   ] GC(671)   Other: 0.1ms
[2025-03-28T20:09:32.514+0530][gc,heap     ] GC(671) Eden regions: 50->0(44)
[2025-03-28T20:09:32.514+0530][gc,heap     ] GC(671) Survivor regions: 1->7(7)
[2025-03-28T20:09:32.514+0530][gc,heap     ] GC(671) Old regions: 99->99
[2025-03-28T20:09:32.514+0530][gc,heap     ] GC(671) Archive regions: 2->2
[2025-03-28T20:09:32.514+0530][gc,heap     ] GC(671) Humongous regions: 138->138
[2025-03-28T20:09:32.514+0530][gc,metaspace] GC(671) Metaspace: 53808K(54528K)->53808K(54528K) NonClass: 47752K(48128K)->47752K(48128K) Class: 6055K(6400K)->6055K(6400K)
[2025-03-28T20:09:32.514+0530][gc          ] GC(671) Pause Young (Normal) (G1 Evacuation Pause) 288M->243M(1024M) 15.071ms
[2025-03-28T20:09:32.514+0530][gc,cpu      ] GC(671) User=0.02s Sys=0.00s Real=0.01s
[2025-03-28T20:09:32.665+0530][gc,start    ] GC(672) Pause Young (Normal) (G1 Evacuation Pause)
[2025-03-28T20:09:32.665+0530][gc,task     ] GC(672) Using 2 workers of 2 for evacuation
[2025-03-28T20:09:32.720+0530][gc,mmu      ] GC(672) MMU target violated: 21.0ms (20.0ms/21.0ms)
[2025-03-28T20:09:32.720+0530][gc,phases   ] GC(672)   Pre Evacuate Collection Set: 0.3ms
[2025-03-28T20:09:32.720+0530][gc,phases   ] GC(672)   Merge Heap Roots: 0.2ms
[2025-03-28T20:09:32.720+0530][gc,phases   ] GC(672)   Evacuate Collection Set: 50.5ms
[2025-03-28T20:09:32.720+0530][gc,phases   ] GC(672)   Post Evacuate Collection Set: 2.9ms
[2025-03-28T20:09:32.720+0530][gc,phases   ] GC(672)   Other: 0.4ms
[2025-03-28T20:09:32.720+0530][gc,heap     ] GC(672) Eden regions: 44->0(49)
[2025-03-28T20:09:32.720+0530][gc,heap     ] GC(672) Survivor regions: 7->2(7)
[2025-03-28T20:09:32.720+0530][gc,heap     ] GC(672) Old regions: 99->100
[2025-03-28T20:09:32.720+0530][gc,heap     ] GC(672) Archive regions: 2->2
[2025-03-28T20:09:32.720+0530][gc,heap     ] GC(672) Humongous regions: 140->140
[2025-03-28T20:09:32.720+0530][gc,metaspace] GC(672) Metaspace: 53808K(54528K)->53808K(54528K) NonClass: 47752K(48128K)->47752K(48128K) Class: 6055K(6400K)->6055K(6400K)
[2025-03-28T20:09:32.721+0530][gc          ] GC(672) Pause Young (Normal) (G1 Evacuation Pause) 289M->242M(1024M) 55.108ms
[2025-03-28T20:09:32.721+0530][gc,cpu      ] GC(672) User=0.03s Sys=0.01s Real=0.05s
[2025-03-28T20:09:38.558+0530][gc,start    ] GC(673) Pause Young (Normal) (G1 Evacuation Pause)
[2025-03-28T20:09:38.558+0530][gc,task     ] GC(673) Using 2 workers of 2 for evacuation
[2025-03-28T20:09:38.569+0530][gc,phases   ] GC(673)   Pre Evacuate Collection Set: 0.3ms
[2025-03-28T20:09:38.569+0530][gc,phases   ] GC(673)   Merge Heap Roots: 0.1ms
[2025-03-28T20:09:38.569+0530][gc,phases   ] GC(673)   Evacuate Collection Set: 9.0ms
[2025-03-28T20:09:38.569+0530][gc,phases   ] GC(673)   Post Evacuate Collection Set: 0.8ms
[2025-03-28T20:09:38.569+0530][gc,phases   ] GC(673)   Other: 0.6ms
[2025-03-28T20:09:38.569+0530][gc,heap     ] GC(673) Eden regions: 49->0(47)
[2025-03-28T20:09:38.569+0530][gc,heap     ] GC(673) Survivor regions: 2->4(7)
[2025-03-28T20:09:38.569+0530][gc,heap     ] GC(673) Old regions: 100->100
[2025-03-28T20:09:38.569+0530][gc,heap     ] GC(673) Archive regions: 2->2
[2025-03-28T20:09:38.569+0530][gc,heap     ] GC(673) Humongous regions: 140->138
[2025-03-28T20:09:38.569+0530][gc,metaspace] GC(673) Metaspace: 53808K(54528K)->53808K(54528K) NonClass: 47752K(48128K)->47752K(48128K) Class: 6055K(6400K)->6055K(6400K)
[2025-03-28T20:09:38.569+0530][gc          ] GC(673) Pause Young (Normal) (G1 Evacuation Pause) 291M->242M(1024M) 10.962ms
[2025-03-28T20:09:38.569+0530][gc,cpu      ] GC(673) User=0.00s Sys=0.00s Real=0.03s
[2025-03-28T20:09:38.688+0530][gc,start    ] GC(674) Pause Young (Normal) (G1 Evacuation Pause)
[2025-03-28T20:09:38.688+0530][gc,task     ] GC(674) Using 2 workers of 2 for evacuation
[2025-03-28T20:09:38.699+0530][gc,phases   ] GC(674)   Pre Evacuate Collection Set: 0.6ms
[2025-03-28T20:09:38.699+0530][gc,phases   ] GC(674)   Merge Heap Roots: 0.3ms
[2025-03-28T20:09:38.699+0530][gc,phases   ] GC(674)   Evacuate Collection Set: 9.5ms
[2025-03-28T20:09:38.699+0530][gc,phases   ] GC(674)   Post Evacuate Collection Set: 0.9ms
[2025-03-28T20:09:38.699+0530][gc,phases   ] GC(674)   Other: 0.1ms
[2025-03-28T20:09:38.699+0530][gc,heap     ] GC(674) Eden regions: 47->0(49)
[2025-03-28T20:09:38.699+0530][gc,heap     ] GC(674) Survivor regions: 4->2(7)
[2025-03-28T20:09:38.699+0530][gc,heap     ] GC(674) Old regions: 100->101
[2025-03-28T20:09:38.699+0530][gc,heap     ] GC(674) Archive regions: 2->2
[2025-03-28T20:09:38.699+0530][gc,heap     ] GC(674) Humongous regions: 140->140
[2025-03-28T20:09:38.699+0530][gc,metaspace] GC(674) Metaspace: 53808K(54528K)->53808K(54528K) NonClass: 47752K(48128K)->47752K(48128K) Class: 6055K(6400K)->6055K(6400K)
[2025-03-28T20:09:38.699+0530][gc          ] GC(674) Pause Young (Normal) (G1 Evacuation Pause) 291M->243M(1024M) 11.453ms
[2025-03-28T20:09:38.699+0530][gc,cpu      ] GC(674) User=0.01s Sys=0.01s Real=0.03s
[2025-03-28T20:09:42.408+0530][gc,start    ] GC(675) Pause Young (Normal) (G1 Evacuation Pause)
[2025-03-28T20:09:42.408+0530][gc,task     ] GC(675) Using 2 workers of 2 for evacuation
[2025-03-28T20:09:42.418+0530][gc,phases   ] GC(675)   Pre Evacuate Collection Set: 4.9ms
[2025-03-28T20:09:42.418+0530][gc,phases   ] GC(675)   Merge Heap Roots: 0.1ms
[2025-03-28T20:09:42.418+0530][gc,phases   ] GC(675)   Evacuate Collection Set: 3.9ms
[2025-03-28T20:09:42.418+0530][gc,phases   ] GC(675)   Post Evacuate Collection Set: 0.7ms
[2025-03-28T20:09:42.418+0530][gc,phases   ] GC(675)   Other: 0.1ms
[2025-03-28T20:09:42.418+0530][gc,heap     ] GC(675) Eden regions: 49->0(49)
[2025-03-28T20:09:42.418+0530][gc,heap     ] GC(675) Survivor regions: 2->2(7)
[2025-03-28T20:09:42.418+0530][gc,heap     ] GC(675) Old regions: 101->101
[2025-03-28T20:09:42.418+0530][gc,heap     ] GC(675) Archive regions: 2->2
[2025-03-28T20:09:42.418+0530][gc,heap     ] GC(675) Humongous regions: 140->138
[2025-03-28T20:09:42.418+0530][gc,metaspace] GC(675) Metaspace: 53811K(54528K)->53811K(54528K) NonClass: 47755K(48128K)->47755K(48128K) Class: 6055K(6400K)->6055K(6400K)
[2025-03-28T20:09:42.418+0530][gc          ] GC(675) Pause Young (Normal) (G1 Evacuation Pause) 292M->241M(1024M) 9.848ms
[2025-03-28T20:09:42.418+0530][gc,cpu      ] GC(675) User=0.01s Sys=0.00s Real=0.03s
[2025-03-28T20:09:42.513+0530][gc,start    ] GC(676) Pause Young (Normal) (G1 Evacuation Pause)
[2025-03-28T20:09:42.513+0530][gc,task     ] GC(676) Using 2 workers of 2 for evacuation
[2025-03-28T20:09:42.527+0530][gc,phases   ] GC(676)   Pre Evacuate Collection Set: 0.2ms
[2025-03-28T20:09:42.527+0530][gc,phases   ] GC(676)   Merge Heap Roots: 0.1ms
[2025-03-28T20:09:42.527+0530][gc,phases   ] GC(676)   Evacuate Collection Set: 13.3ms
[2025-03-28T20:09:42.527+0530][gc,phases   ] GC(676)   Post Evacuate Collection Set: 0.5ms
[2025-03-28T20:09:42.527+0530][gc,phases   ] GC(676)   Other: 0.1ms
[2025-03-28T20:09:42.527+0530][gc,heap     ] GC(676) Eden regions: 49->0(44)
[2025-03-28T20:09:42.527+0530][gc,heap     ] GC(676) Survivor regions: 2->7(7)
[2025-03-28T20:09:42.527+0530][gc,heap     ] GC(676) Old regions: 101->102
[2025-03-28T20:09:42.527+0530][gc,heap     ] GC(676) Archive regions: 2->2
[2025-03-28T20:09:42.527+0530][gc,heap     ] GC(676) Humongous regions: 138->138
[2025-03-28T20:09:42.527+0530][gc,metaspace] GC(676) Metaspace: 53811K(54528K)->53811K(54528K) NonClass: 47755K(48128K)->47755K(48128K) Class: 6055K(6400K)->6055K(6400K)
[2025-03-28T20:09:42.527+0530][gc          ] GC(676) Pause Young (Normal) (G1 Evacuation Pause) 290M->247M(1024M) 14.242ms
[2025-03-28T20:09:42.527+0530][gc,cpu      ] GC(676) User=0.02s Sys=0.00s Real=0.01s
[2025-03-28T20:09:42.592+0530][gc,start    ] GC(677) Pause Young (Normal) (G1 Evacuation Pause)
[2025-03-28T20:09:42.592+0530][gc,task     ] GC(677) Using 2 workers of 2 for evacuation
[2025-03-28T20:09:42.598+0530][gc,phases   ] GC(677)   Pre Evacuate Collection Set: 1.0ms
[2025-03-28T20:09:42.598+0530][gc,phases   ] GC(677)   Merge Heap Roots: 0.1ms
[2025-03-28T20:09:42.598+0530][gc,phases   ] GC(677)   Evacuate Collection Set: 3.7ms
[2025-03-28T20:09:42.598+0530][gc,phases   ] GC(677)   Post Evacuate Collection Set: 0.4ms
[2025-03-28T20:09:42.598+0530][gc,phases   ] GC(677)   Other: 0.1ms
[2025-03-28T20:09:42.598+0530][gc,heap     ] GC(677) Eden regions: 44->0(50)
[2025-03-28T20:09:42.598+0530][gc,heap     ] GC(677) Survivor regions: 7->1(7)
[2025-03-28T20:09:42.598+0530][gc,heap     ] GC(677) Old regions: 102->104
[2025-03-28T20:09:42.598+0530][gc,heap     ] GC(677) Archive regions: 2->2
[2025-03-28T20:09:42.598+0530][gc,heap     ] GC(677) Humongous regions: 140->140
[2025-03-28T20:09:42.598+0530][gc,metaspace] GC(677) Metaspace: 53811K(54528K)->53811K(54528K) NonClass: 47755K(48128K)->47755K(48128K) Class: 6055K(6400K)->6055K(6400K)
[2025-03-28T20:09:42.598+0530][gc          ] GC(677) Pause Young (Normal) (G1 Evacuation Pause) 293M->245M(1024M) 5.496ms
[2025-03-28T20:09:42.598+0530][gc,cpu      ] GC(677) User=0.00s Sys=0.00s Real=0.02s
[2025-03-28T20:09:48.547+0530][gc,start    ] GC(678) Pause Young (Normal) (G1 Evacuation Pause)
[2025-03-28T20:09:48.547+0530][gc,task     ] GC(678) Using 2 workers of 2 for evacuation
[2025-03-28T20:09:48.572+0530][gc,mmu      ] GC(678) MMU target violated: 21.0ms (20.0ms/21.0ms)
[2025-03-28T20:09:48.572+0530][gc,phases   ] GC(678)   Pre Evacuate Collection Set: 0.4ms
[2025-03-28T20:09:48.572+0530][gc,phases   ] GC(678)   Merge Heap Roots: 0.2ms
[2025-03-28T20:09:48.572+0530][gc,phases   ] GC(678)   Evacuate Collection Set: 24.0ms
[2025-03-28T20:09:48.572+0530][gc,phases   ] GC(678)   Post Evacuate Collection Set: 0.4ms
[2025-03-28T20:09:48.572+0530][gc,phases   ] GC(678)   Other: 0.2ms
[2025-03-28T20:09:48.572+0530][gc,heap     ] GC(678) Eden regions: 50->0(45)
[2025-03-28T20:09:48.572+0530][gc,heap     ] GC(678) Survivor regions: 1->6(7)
[2025-03-28T20:09:48.572+0530][gc,heap     ] GC(678) Old regions: 104->104
[2025-03-28T20:09:48.572+0530][gc,heap     ] GC(678) Archive regions: 2->2
[2025-03-28T20:09:48.572+0530][gc,heap     ] GC(678) Humongous regions: 140->138
[2025-03-28T20:09:48.572+0530][gc,metaspace] GC(678) Metaspace: 53812K(54528K)->53812K(54528K) NonClass: 47756K(48128K)->47756K(48128K) Class: 6055K(6400K)->6055K(6400K)
[2025-03-28T20:09:48.572+0530][gc          ] GC(678) Pause Young (Normal) (G1 Evacuation Pause) 295M->247M(1024M) 25.278ms
[2025-03-28T20:09:48.572+0530][gc,cpu      ] GC(678) User=0.02s Sys=0.01s Real=0.04s
[2025-03-28T20:09:48.653+0530][gc,start    ] GC(679) Pause Young (Normal) (G1 Evacuation Pause)
[2025-03-28T20:09:48.653+0530][gc,task     ] GC(679) Using 2 workers of 2 for evacuation
[2025-03-28T20:09:48.658+0530][gc,phases   ] GC(679)   Pre Evacuate Collection Set: 0.3ms
[2025-03-28T20:09:48.659+0530][gc,phases   ] GC(679)   Merge Heap Roots: 0.1ms
[2025-03-28T20:09:48.659+0530][gc,phases   ] GC(679)   Evacuate Collection Set: 4.5ms
[2025-03-28T20:09:48.659+0530][gc,phases   ] GC(679)   Post Evacuate Collection Set: 0.4ms
[2025-03-28T20:09:48.659+0530][gc,phases   ] GC(679)   Other: 0.1ms
[2025-03-28T20:09:48.659+0530][gc,heap     ] GC(679) Eden regions: 45->0(76)
[2025-03-28T20:09:48.659+0530][gc,heap     ] GC(679) Survivor regions: 6->2(7)
[2025-03-28T20:09:48.659+0530][gc,heap     ] GC(679) Old regions: 104->105
[2025-03-28T20:09:48.659+0530][gc,heap     ] GC(679) Archive regions: 2->2
[2025-03-28T20:09:48.659+0530][gc,heap     ] GC(679) Humongous regions: 140->140
[2025-03-28T20:09:48.659+0530][gc,metaspace] GC(679) Metaspace: 53812K(54528K)->53812K(54528K) NonClass: 47756K(48128K)->47756K(48128K) Class: 6055K(6400K)->6055K(6400K)
[2025-03-28T20:09:48.659+0530][gc          ] GC(679) Pause Young (Normal) (G1 Evacuation Pause) 294M->247M(1024M) 5.491ms
[2025-03-28T20:09:48.659+0530][gc,cpu      ] GC(679) User=0.01s Sys=0.00s Real=0.00s
[2025-03-28T20:09:52.474+0530][gc,start    ] GC(680) Pause Young (Normal) (G1 Evacuation Pause)
[2025-03-28T20:09:52.474+0530][gc,task     ] GC(680) Using 2 workers of 2 for evacuation
[2025-03-28T20:09:52.482+0530][gc,phases   ] GC(680)   Pre Evacuate Collection Set: 0.2ms
[2025-03-28T20:09:52.483+0530][gc,phases   ] GC(680)   Merge Heap Roots: 0.1ms
[2025-03-28T20:09:52.483+0530][gc,phases   ] GC(680)   Evacuate Collection Set: 7.3ms
[2025-03-28T20:09:52.483+0530][gc,phases   ] GC(680)   Post Evacuate Collection Set: 0.5ms
[2025-03-28T20:09:52.483+0530][gc,phases   ] GC(680)   Other: 0.2ms
[2025-03-28T20:09:52.483+0530][gc,heap     ] GC(680) Eden regions: 76->0(56)
[2025-03-28T20:09:52.483+0530][gc,heap     ] GC(680) Survivor regions: 2->7(10)
[2025-03-28T20:09:52.483+0530][gc,heap     ] GC(680) Old regions: 105->105
[2025-03-28T20:09:52.483+0530][gc,heap     ] GC(680) Archive regions: 2->2
[2025-03-28T20:09:52.483+0530][gc,heap     ] GC(680) Humongous regions: 140->138
[2025-03-28T20:09:52.483+0530][gc,metaspace] GC(680) Metaspace: 53812K(54528K)->53812K(54528K) NonClass: 47756K(48128K)->47756K(48128K) Class: 6055K(6400K)->6055K(6400K)
[2025-03-28T20:09:52.483+0530][gc          ] GC(680) Pause Young (Normal) (G1 Evacuation Pause) 323M->250M(1024M) 8.317ms
[2025-03-28T20:09:52.483+0530][gc,cpu      ] GC(680) User=0.01s Sys=0.00s Real=0.01s
[2025-03-28T20:09:57.416+0530][gc,start    ] GC(681) Pause Young (Normal) (G1 Evacuation Pause)
[2025-03-28T20:09:57.416+0530][gc,task     ] GC(681) Using 2 workers of 2 for evacuation
[2025-03-28T20:09:57.425+0530][gc,phases   ] GC(681)   Pre Evacuate Collection Set: 0.9ms
[2025-03-28T20:09:57.425+0530][gc,phases   ] GC(681)   Merge Heap Roots: 0.3ms
[2025-03-28T20:09:57.425+0530][gc,phases   ] GC(681)   Evacuate Collection Set: 5.8ms
[2025-03-28T20:09:57.426+0530][gc,phases   ] GC(681)   Post Evacuate Collection Set: 1.1ms
[2025-03-28T20:09:57.426+0530][gc,phases   ] GC(681)   Other: 0.9ms
[2025-03-28T20:09:57.426+0530][gc,heap     ] GC(681) Eden regions: 56->0(94)
[2025-03-28T20:09:57.426+0530][gc,heap     ] GC(681) Survivor regions: 7->1(8)
[2025-03-28T20:09:57.426+0530][gc,heap     ] GC(681) Old regions: 105->105
[2025-03-28T20:09:57.426+0530][gc,heap     ] GC(681) Archive regions: 2->2
[2025-03-28T20:09:57.426+0530][gc,heap     ] GC(681) Humongous regions: 140->138
[2025-03-28T20:09:57.426+0530][gc,metaspace] GC(681) Metaspace: 53813K(54528K)->53813K(54528K) NonClass: 47757K(48128K)->47757K(48128K) Class: 6055K(6400K)->6055K(6400K)
[2025-03-28T20:09:57.426+0530][gc          ] GC(681) Pause Young (Normal) (G1 Evacuation Pause) 308M->244M(1024M) 9.466ms
[2025-03-28T20:09:57.426+0530][gc,cpu      ] GC(681) User=0.00s Sys=0.00s Real=0.00s
[2025-03-28T20:09:58.774+0530][gc,start    ] GC(682) Pause Young (Normal) (G1 Evacuation Pause)
[2025-03-28T20:09:58.774+0530][gc,task     ] GC(682) Using 2 workers of 2 for evacuation
[2025-03-28T20:09:58.790+0530][gc,phases   ] GC(682)   Pre Evacuate Collection Set: 0.2ms
[2025-03-28T20:09:58.790+0530][gc,phases   ] GC(682)   Merge Heap Roots: 0.1ms
[2025-03-28T20:09:58.790+0530][gc,phases   ] GC(682)   Evacuate Collection Set: 14.5ms
[2025-03-28T20:09:58.790+0530][gc,phases   ] GC(682)   Post Evacuate Collection Set: 0.7ms
[2025-03-28T20:09:58.790+0530][gc,phases   ] GC(682)   Other: 0.1ms
[2025-03-28T20:09:58.790+0530][gc,heap     ] GC(682) Eden regions: 94->0(86)
[2025-03-28T20:09:58.790+0530][gc,heap     ] GC(682) Survivor regions: 1->3(12)
[2025-03-28T20:09:58.790+0530][gc,heap     ] GC(682) Old regions: 105->105
[2025-03-28T20:09:58.790+0530][gc,heap     ] GC(682) Archive regions: 2->2
[2025-03-28T20:09:58.790+0530][gc,heap     ] GC(682) Humongous regions: 140->140
[2025-03-28T20:09:58.790+0530][gc,metaspace] GC(682) Metaspace: 53814K(54528K)->53814K(54528K) NonClass: 47759K(48128K)->47759K(48128K) Class: 6055K(6400K)->6055K(6400K)
[2025-03-28T20:09:58.790+0530][gc          ] GC(682) Pause Young (Normal) (G1 Evacuation Pause) 340M->248M(1024M) 15.732ms
[2025-03-28T20:09:58.790+0530][gc,cpu      ] GC(682) User=0.02s Sys=0.00s Real=0.02s
[2025-03-28T20:10:02.556+0530][gc,start    ] GC(683) Pause Young (Normal) (G1 Evacuation Pause)
[2025-03-28T20:10:02.556+0530][gc,task     ] GC(683) Using 2 workers of 2 for evacuation
[2025-03-28T20:10:02.571+0530][gc,phases   ] GC(683)   Pre Evacuate Collection Set: 3.4ms
[2025-03-28T20:10:02.571+0530][gc,phases   ] GC(683)   Merge Heap Roots: 0.1ms
[2025-03-28T20:10:02.571+0530][gc,phases   ] GC(683)   Evacuate Collection Set: 10.8ms
[2025-03-28T20:10:02.571+0530][gc,phases   ] GC(683)   Post Evacuate Collection Set: 0.5ms
[2025-03-28T20:10:02.571+0530][gc,phases   ] GC(683)   Other: 0.1ms
[2025-03-28T20:10:02.571+0530][gc,heap     ] GC(683) Eden regions: 86->0(138)
[2025-03-28T20:10:02.571+0530][gc,heap     ] GC(683) Survivor regions: 3->3(12)
[2025-03-28T20:10:02.571+0530][gc,heap     ] GC(683) Old regions: 105->105
[2025-03-28T20:10:02.571+0530][gc,heap     ] GC(683) Archive regions: 2->2
[2025-03-28T20:10:02.571+0530][gc,heap     ] GC(683) Humongous regions: 142->140
[2025-03-28T20:10:02.571+0530][gc,metaspace] GC(683) Metaspace: 53817K(54528K)->53817K(54528K) NonClass: 47761K(48128K)->47761K(48128K) Class: 6055K(6400K)->6055K(6400K)
[2025-03-28T20:10:02.571+0530][gc          ] GC(683) Pause Young (Normal) (G1 Evacuation Pause) 336M->248M(1024M) 15.075ms
[2025-03-28T20:10:02.571+0530][gc,cpu      ] GC(683) User=0.01s Sys=0.00s Real=0.00s
[2025-03-28T20:10:08.665+0530][gc,start    ] GC(684) Pause Young (Normal) (G1 Evacuation Pause)
[2025-03-28T20:10:08.665+0530][gc,task     ] GC(684) Using 2 workers of 2 for evacuation
[2025-03-28T20:10:08.677+0530][gc,phases   ] GC(684)   Pre Evacuate Collection Set: 0.2ms
[2025-03-28T20:10:08.677+0530][gc,phases   ] GC(684)   Merge Heap Roots: 0.1ms
[2025-03-28T20:10:08.677+0530][gc,phases   ] GC(684)   Evacuate Collection Set: 11.8ms
[2025-03-28T20:10:08.677+0530][gc,phases   ] GC(684)   Post Evacuate Collection Set: 0.5ms
[2025-03-28T20:10:08.677+0530][gc,phases   ] GC(684)   Other: 0.1ms
[2025-03-28T20:10:08.677+0530][gc,heap     ] GC(684) Eden regions: 134->0(214)
[2025-03-28T20:10:08.677+0530][gc,heap     ] GC(684) Survivor regions: 3->3(18)
[2025-03-28T20:10:08.677+0530][gc,heap     ] GC(684) Old regions: 105->105
[2025-03-28T20:10:08.677+0530][gc,heap     ] GC(684) Archive regions: 2->2
[2025-03-28T20:10:08.677+0530][gc,heap     ] GC(684) Humongous regions: 142->140
[2025-03-28T20:10:08.677+0530][gc,metaspace] GC(684) Metaspace: 53824K(54528K)->53824K(54528K) NonClass: 47768K(48128K)->47768K(48128K) Class: 6055K(6400K)->6055K(6400K)
[2025-03-28T20:10:08.677+0530][gc          ] GC(684) Pause Young (Normal) (G1 Evacuation Pause) 384M->248M(1024M) 12.947ms
[2025-03-28T20:10:08.677+0530][gc,cpu      ] GC(684) User=0.01s Sys=0.00s Real=0.02s
[2025-03-28T20:10:18.578+0530][gc,start    ] GC(685) Pause Young (Normal) (G1 Evacuation Pause)
[2025-03-28T20:10:18.578+0530][gc,task     ] GC(685) Using 2 workers of 2 for evacuation
[2025-03-28T20:10:18.597+0530][gc,phases   ] GC(685)   Pre Evacuate Collection Set: 0.2ms
[2025-03-28T20:10:18.597+0530][gc,phases   ] GC(685)   Merge Heap Roots: 0.2ms
[2025-03-28T20:10:18.597+0530][gc,phases   ] GC(685)   Evacuate Collection Set: 17.2ms
[2025-03-28T20:10:18.597+0530][gc,phases   ] GC(685)   Post Evacuate Collection Set: 0.9ms
[2025-03-28T20:10:18.597+0530][gc,phases   ] GC(685)   Other: 0.2ms
[2025-03-28T20:10:18.597+0530][gc,heap     ] GC(685) Eden regions: 196->0(78)
[2025-03-28T20:10:18.597+0530][gc,heap     ] GC(685) Survivor regions: 3->9(25)
[2025-03-28T20:10:18.597+0530][gc,heap     ] GC(685) Old regions: 105->105
[2025-03-28T20:10:18.597+0530][gc,heap     ] GC(685) Archive regions: 2->2
[2025-03-28T20:10:18.597+0530][gc,heap     ] GC(685) Humongous regions: 142->138
[2025-03-28T20:10:18.597+0530][gc,metaspace] GC(685) Metaspace: 53828K(54528K)->53828K(54528K) NonClass: 47773K(48128K)->47773K(48128K) Class: 6055K(6400K)->6055K(6400K)
[2025-03-28T20:10:18.597+0530][gc          ] GC(685) Pause Young (Normal) (G1 Evacuation Pause) 446M->251M(1024M) 18.933ms
[2025-03-28T20:10:18.597+0530][gc,cpu      ] GC(685) User=0.02s Sys=0.00s Real=0.02s
[2025-03-28T20:10:22.444+0530][gc,start    ] GC(686) Pause Young (Normal) (G1 Evacuation Pause)
[2025-03-28T20:10:22.444+0530][gc,task     ] GC(686) Using 2 workers of 2 for evacuation
[2025-03-28T20:10:22.451+0530][gc,phases   ] GC(686)   Pre Evacuate Collection Set: 0.2ms
[2025-03-28T20:10:22.451+0530][gc,phases   ] GC(686)   Merge Heap Roots: 0.1ms
[2025-03-28T20:10:22.451+0530][gc,phases   ] GC(686)   Evacuate Collection Set: 6.0ms
[2025-03-28T20:10:22.451+0530][gc,phases   ] GC(686)   Post Evacuate Collection Set: 0.5ms
[2025-03-28T20:10:22.451+0530][gc,phases   ] GC(686)   Other: 0.1ms
[2025-03-28T20:10:22.451+0530][gc,heap     ] GC(686) Eden regions: 78->0(333)
[2025-03-28T20:10:22.451+0530][gc,heap     ] GC(686) Survivor regions: 9->4(11)
[2025-03-28T20:10:22.451+0530][gc,heap     ] GC(686) Old regions: 105->106
[2025-03-28T20:10:22.451+0530][gc,heap     ] GC(686) Archive regions: 2->2
[2025-03-28T20:10:22.451+0530][gc,heap     ] GC(686) Humongous regions: 140->138
[2025-03-28T20:10:22.451+0530][gc,metaspace] GC(686) Metaspace: 53828K(54528K)->53828K(54528K) NonClass: 47773K(48128K)->47773K(48128K) Class: 6055K(6400K)->6055K(6400K)
[2025-03-28T20:10:22.451+0530][gc          ] GC(686) Pause Young (Normal) (G1 Evacuation Pause) 331M->248M(1024M) 6.961ms
[2025-03-28T20:10:22.451+0530][gc,cpu      ] GC(686) User=0.01s Sys=0.00s Real=0.00s
[2025-03-28T20:10:38.561+0530][gc,start    ] GC(687) Pause Young (Normal) (G1 Evacuation Pause)
[2025-03-28T20:10:38.561+0530][gc,task     ] GC(687) Using 2 workers of 2 for evacuation
[2025-03-28T20:10:38.578+0530][gc,phases   ] GC(687)   Pre Evacuate Collection Set: 0.2ms
[2025-03-28T20:10:38.578+0530][gc,phases   ] GC(687)   Merge Heap Roots: 0.2ms
[2025-03-28T20:10:38.578+0530][gc,phases   ] GC(687)   Evacuate Collection Set: 15.1ms
[2025-03-28T20:10:38.578+0530][gc,phases   ] GC(687)   Post Evacuate Collection Set: 0.8ms
[2025-03-28T20:10:38.578+0530][gc,phases   ] GC(687)   Other: 0.2ms
[2025-03-28T20:10:38.578+0530][gc,heap     ] GC(687) Eden regions: 333->0(256)
[2025-03-28T20:10:38.578+0530][gc,heap     ] GC(687) Survivor regions: 4->5(43)
[2025-03-28T20:10:38.578+0530][gc,heap     ] GC(687) Old regions: 106->106
[2025-03-28T20:10:38.578+0530][gc,heap     ] GC(687) Archive regions: 2->2
[2025-03-28T20:10:38.578+0530][gc,heap     ] GC(687) Humongous regions: 144->138
[2025-03-28T20:10:38.578+0530][gc,metaspace] GC(687) Metaspace: 53830K(54528K)->53830K(54528K) NonClass: 47774K(48128K)->47774K(48128K) Class: 6055K(6400K)->6055K(6400K)
[2025-03-28T20:10:38.578+0530][gc          ] GC(687) Pause Young (Normal) (G1 Evacuation Pause) 587M->248M(1024M) 16.590ms
[2025-03-28T20:10:38.578+0530][gc,cpu      ] GC(687) User=0.02s Sys=0.00s Real=0.02s
[2025-03-28T20:10:48.544+0530][gc,start    ] GC(688) Pause Young (Normal) (G1 Evacuation Pause)
[2025-03-28T20:10:48.544+0530][gc,task     ] GC(688) Using 2 workers of 2 for evacuation
[2025-03-28T20:10:48.558+0530][gc,phases   ] GC(688)   Pre Evacuate Collection Set: 0.2ms
[2025-03-28T20:10:48.558+0530][gc,phases   ] GC(688)   Merge Heap Roots: 0.2ms
[2025-03-28T20:10:48.558+0530][gc,phases   ] GC(688)   Evacuate Collection Set: 12.7ms
[2025-03-28T20:10:48.558+0530][gc,phases   ] GC(688)   Post Evacuate Collection Set: 0.5ms
[2025-03-28T20:10:48.558+0530][gc,phases   ] GC(688)   Other: 0.1ms
[2025-03-28T20:10:48.558+0530][gc,heap     ] GC(688) Eden regions: 216->0(469)
[2025-03-28T20:10:48.558+0530][gc,heap     ] GC(688) Survivor regions: 5->4(28)
[2025-03-28T20:10:48.558+0530][gc,heap     ] GC(688) Old regions: 106->106
[2025-03-28T20:10:48.558+0530][gc,heap     ] GC(688) Archive regions: 2->2
[2025-03-28T20:10:48.558+0530][gc,heap     ] GC(688) Humongous regions: 142->138
[2025-03-28T20:10:48.558+0530][gc,metaspace] GC(688) Metaspace: 53830K(54528K)->53830K(54528K) NonClass: 47774K(48128K)->47774K(48128K) Class: 6055K(6400K)->6055K(6400K)
[2025-03-28T20:10:48.558+0530][gc          ] GC(688) Pause Young (Normal) (G1 Evacuation Pause) 468M->248M(1024M) 13.875ms
[2025-03-28T20:10:48.558+0530][gc,cpu      ] GC(688) User=0.01s Sys=0.00s Real=0.02s
[2025-03-28T20:11:02.562+0530][gc,start    ] GC(689) Pause Young (Normal) (G1 Evacuation Pause)
[2025-03-28T20:11:02.562+0530][gc,task     ] GC(689) Using 2 workers of 2 for evacuation
[2025-03-28T20:11:02.571+0530][gc,phases   ] GC(689)   Pre Evacuate Collection Set: 0.2ms
[2025-03-28T20:11:02.571+0530][gc,phases   ] GC(689)   Merge Heap Roots: 0.1ms
[2025-03-28T20:11:02.571+0530][gc,phases   ] GC(689)   Evacuate Collection Set: 7.9ms
[2025-03-28T20:11:02.571+0530][gc,phases   ] GC(689)   Post Evacuate Collection Set: 0.8ms
[2025-03-28T20:11:02.571+0530][gc,phases   ] GC(689)   Other: 0.2ms
[2025-03-28T20:11:02.571+0530][gc,heap     ] GC(689) Eden regions: 400->0(610)
[2025-03-28T20:11:02.571+0530][gc,heap     ] GC(689) Survivor regions: 4->4(51)
[2025-03-28T20:11:02.572+0530][gc,heap     ] GC(689) Old regions: 106->106
[2025-03-28T20:11:02.572+0530][gc,heap     ] GC(689) Archive regions: 2->2
[2025-03-28T20:11:02.572+0530][gc,heap     ] GC(689) Humongous regions: 146->140
[2025-03-28T20:11:02.572+0530][gc,metaspace] GC(689) Metaspace: 53830K(54528K)->53830K(54528K) NonClass: 47774K(48128K)->47774K(48128K) Class: 6055K(6400K)->6055K(6400K)
[2025-03-28T20:11:02.572+0530][gc          ] GC(689) Pause Young (Normal) (G1 Evacuation Pause) 656M->249M(1024M) 9.334ms
[2025-03-28T20:11:02.572+0530][gc,cpu      ] GC(689) User=0.02s Sys=0.00s Real=0.01s
[2025-03-28T20:11:08.597+0530][gc,start    ] GC(690) Pause Young (Concurrent Start) (G1 Humongous Allocation)
[2025-03-28T20:11:08.597+0530][gc,task     ] GC(690) Using 2 workers of 2 for evacuation
[2025-03-28T20:11:08.621+0530][gc,mmu      ] GC(690) MMU target violated: 21.0ms (20.0ms/21.0ms)
[2025-03-28T20:11:08.621+0530][gc,phases   ] GC(690)   Pre Evacuate Collection Set: 0.3ms
[2025-03-28T20:11:08.621+0530][gc,phases   ] GC(690)   Merge Heap Roots: 0.2ms
[2025-03-28T20:11:08.621+0530][gc,phases   ] GC(690)   Evacuate Collection Set: 22.6ms
[2025-03-28T20:11:08.621+0530][gc,phases   ] GC(690)   Post Evacuate Collection Set: 0.7ms
[2025-03-28T20:11:08.621+0530][gc,phases   ] GC(690)   Other: 0.2ms
[2025-03-28T20:11:08.621+0530][gc,heap     ] GC(690) Eden regions: 87->0(265)
[2025-03-28T20:11:08.621+0530][gc,heap     ] GC(690) Survivor regions: 4->4(77)
[2025-03-28T20:11:08.621+0530][gc,heap     ] GC(690) Old regions: 106->106
[2025-03-28T20:11:08.621+0530][gc,heap     ] GC(690) Archive regions: 2->2
[2025-03-28T20:11:08.621+0530][gc,heap     ] GC(690) Humongous regions: 140->138
[2025-03-28T20:11:08.621+0530][gc,metaspace] GC(690) Metaspace: 53837K(54592K)->53837K(54592K) NonClass: 47781K(48192K)->47781K(48192K) Class: 6055K(6400K)->6055K(6400K)
[2025-03-28T20:11:08.621+0530][gc          ] GC(690) Pause Young (Concurrent Start) (G1 Humongous Allocation) 336M->247M(1024M) 23.993ms
[2025-03-28T20:11:08.621+0530][gc,cpu      ] GC(690) User=0.02s Sys=0.00s Real=0.02s
[2025-03-28T20:11:08.621+0530][gc          ] GC(691) Concurrent Mark Cycle
[2025-03-28T20:11:08.621+0530][gc,marking  ] GC(691) Concurrent Clear Claimed Marks
[2025-03-28T20:11:08.621+0530][gc,marking  ] GC(691) Concurrent Clear Claimed Marks 0.078ms
[2025-03-28T20:11:08.621+0530][gc,marking  ] GC(691) Concurrent Scan Root Regions
[2025-03-28T20:11:08.647+0530][gc,marking  ] GC(691) Concurrent Scan Root Regions 26.184ms
[2025-03-28T20:11:08.647+0530][gc,marking  ] GC(691) Concurrent Mark
[2025-03-28T20:11:08.647+0530][gc,marking  ] GC(691) Concurrent Mark From Roots
[2025-03-28T20:11:08.647+0530][gc,task     ] GC(691) Using 1 workers of 1 for marking
[2025-03-28T20:11:08.729+0530][gc,marking  ] GC(691) Concurrent Mark From Roots 81.359ms
[2025-03-28T20:11:08.729+0530][gc,marking  ] GC(691) Concurrent Preclean
[2025-03-28T20:11:08.729+0530][gc,marking  ] GC(691) Concurrent Preclean 0.133ms
[2025-03-28T20:11:08.729+0530][gc,start    ] GC(691) Pause Remark
[2025-03-28T20:11:08.749+0530][gc          ] GC(691) Pause Remark 289M->285M(1024M) 19.698ms
[2025-03-28T20:11:08.749+0530][gc,cpu      ] GC(691) User=0.03s Sys=0.00s Real=0.02s
[2025-03-28T20:11:08.749+0530][gc,marking  ] GC(691) Concurrent Mark 101.485ms
[2025-03-28T20:11:08.749+0530][gc,marking  ] GC(691) Concurrent Rebuild Remembered Sets
[2025-03-28T20:11:08.782+0530][gc,marking  ] GC(691) Concurrent Rebuild Remembered Sets 33.500ms
[2025-03-28T20:11:08.782+0530][gc,start    ] GC(691) Pause Cleanup
[2025-03-28T20:11:08.783+0530][gc          ] GC(691) Pause Cleanup 285M->285M(1024M) 0.180ms
[2025-03-28T20:11:08.783+0530][gc,cpu      ] GC(691) User=0.00s Sys=0.00s Real=0.00s
[2025-03-28T20:11:08.783+0530][gc,marking  ] GC(691) Concurrent Cleanup for Next Mark
[2025-03-28T20:11:08.842+0530][gc,marking  ] GC(691) Concurrent Cleanup for Next Mark 59.484ms
[2025-03-28T20:11:08.842+0530][gc          ] GC(691) Concurrent Mark Cycle 221.249ms
[2025-03-28T20:11:28.552+0530][gc,start    ] GC(692) Pause Young (Prepare Mixed) (G1 Evacuation Pause)
[2025-03-28T20:11:28.552+0530][gc,task     ] GC(692) Using 2 workers of 2 for evacuation
[2025-03-28T20:11:28.567+0530][gc,phases   ] GC(692)   Pre Evacuate Collection Set: 0.3ms
[2025-03-28T20:11:28.567+0530][gc,phases   ] GC(692)   Merge Heap Roots: 0.6ms
[2025-03-28T20:11:28.567+0530][gc,phases   ] GC(692)   Evacuate Collection Set: 12.8ms
[2025-03-28T20:11:28.567+0530][gc,phases   ] GC(692)   Post Evacuate Collection Set: 0.9ms
[2025-03-28T20:11:28.567+0530][gc,phases   ] GC(692)   Other: 0.2ms
[2025-03-28T20:11:28.567+0530][gc,heap     ] GC(692) Eden regions: 385->0(47)
[2025-03-28T20:11:28.567+0530][gc,heap     ] GC(692) Survivor regions: 4->4(49)
[2025-03-28T20:11:28.567+0530][gc,heap     ] GC(692) Old regions: 102->102
[2025-03-28T20:11:28.567+0530][gc,heap     ] GC(692) Archive regions: 2->2
[2025-03-28T20:11:28.567+0530][gc,heap     ] GC(692) Humongous regions: 146->138
[2025-03-28T20:11:28.567+0530][gc,metaspace] GC(692) Metaspace: 53838K(54592K)->53838K(54592K) NonClass: 47782K(48192K)->47782K(48192K) Class: 6055K(6400K)->6055K(6400K)
[2025-03-28T20:11:28.567+0530][gc          ] GC(692) Pause Young (Prepare Mixed) (G1 Evacuation Pause) 636M->243M(1024M) 14.813ms
[2025-03-28T20:11:28.567+0530][gc,cpu      ] GC(692) User=0.02s Sys=0.01s Real=0.03s
[2025-03-28T20:11:28.675+0530][gc,start    ] GC(693) Pause Young (Mixed) (G1 Evacuation Pause)
[2025-03-28T20:11:28.675+0530][gc,task     ] GC(693) Using 2 workers of 2 for evacuation
[2025-03-28T20:11:28.695+0530][gc,phases   ] GC(693)   Pre Evacuate Collection Set: 0.3ms
[2025-03-28T20:11:28.695+0530][gc,phases   ] GC(693)   Merge Heap Roots: 0.3ms
[2025-03-28T20:11:28.695+0530][gc,phases   ] GC(693)   Evacuate Collection Set: 18.7ms
[2025-03-28T20:11:28.695+0530][gc,phases   ] GC(693)   Post Evacuate Collection Set: 0.6ms
[2025-03-28T20:11:28.695+0530][gc,phases   ] GC(693)   Other: 0.2ms
[2025-03-28T20:11:28.695+0530][gc,heap     ] GC(693) Eden regions: 47->0(84)
[2025-03-28T20:11:28.695+0530][gc,heap     ] GC(693) Survivor regions: 4->7(7)
[2025-03-28T20:11:28.695+0530][gc,heap     ] GC(693) Old regions: 102->78
[2025-03-28T20:11:28.695+0530][gc,heap     ] GC(693) Archive regions: 2->2
[2025-03-28T20:11:28.695+0530][gc,heap     ] GC(693) Humongous regions: 138->138
[2025-03-28T20:11:28.695+0530][gc,metaspace] GC(693) Metaspace: 53838K(54592K)->53838K(54592K) NonClass: 47782K(48192K)->47782K(48192K) Class: 6055K(6400K)->6055K(6400K)
[2025-03-28T20:11:28.695+0530][gc          ] GC(693) Pause Young (Mixed) (G1 Evacuation Pause) 290M->223M(1024M) 20.429ms
[2025-03-28T20:11:28.695+0530][gc,cpu      ] GC(693) User=0.03s Sys=0.00s Real=0.03s
[2025-03-28T20:11:32.441+0530][gc,start    ] GC(694) Pause Young (Normal) (G1 Evacuation Pause)
[2025-03-28T20:11:32.441+0530][gc,task     ] GC(694) Using 2 workers of 2 for evacuation
[2025-03-28T20:11:32.458+0530][gc,phases   ] GC(694)   Pre Evacuate Collection Set: 0.2ms
[2025-03-28T20:11:32.458+0530][gc,phases   ] GC(694)   Merge Heap Roots: 0.2ms
[2025-03-28T20:11:32.458+0530][gc,phases   ] GC(694)   Evacuate Collection Set: 16.2ms
[2025-03-28T20:11:32.458+0530][gc,phases   ] GC(694)   Post Evacuate Collection Set: 0.5ms
[2025-03-28T20:11:32.458+0530][gc,phases   ] GC(694)   Other: 0.1ms
[2025-03-28T20:11:32.458+0530][gc,heap     ] GC(694) Eden regions: 84->0(610)
[2025-03-28T20:11:32.458+0530][gc,heap     ] GC(694) Survivor regions: 7->4(12)
[2025-03-28T20:11:32.459+0530][gc,heap     ] GC(694) Old regions: 78->80
[2025-03-28T20:11:32.459+0530][gc,heap     ] GC(694) Archive regions: 2->2
[2025-03-28T20:11:32.459+0530][gc,heap     ] GC(694) Humongous regions: 140->138
[2025-03-28T20:11:32.459+0530][gc,metaspace] GC(694) Metaspace: 53838K(54592K)->53838K(54592K) NonClass: 47782K(48192K)->47782K(48192K) Class: 6055K(6400K)->6055K(6400K)
[2025-03-28T20:11:32.459+0530][gc          ] GC(694) Pause Young (Normal) (G1 Evacuation Pause) 309M->222M(1024M) 17.275ms
[2025-03-28T20:11:32.459+0530][gc,cpu      ] GC(694) User=0.02s Sys=0.00s Real=0.02s
[2025-03-28T20:11:32.543+0530][gc,start    ] GC(695) Pause Young (Concurrent Start) (G1 Humongous Allocation)
[2025-03-28T20:11:32.543+0530][gc,task     ] GC(695) Using 2 workers of 2 for evacuation
[2025-03-28T20:11:32.557+0530][gc,phases   ] GC(695)   Pre Evacuate Collection Set: 0.3ms
[2025-03-28T20:11:32.557+0530][gc,phases   ] GC(695)   Merge Heap Roots: 0.1ms
[2025-03-28T20:11:32.557+0530][gc,phases   ] GC(695)   Evacuate Collection Set: 13.0ms
[2025-03-28T20:11:32.557+0530][gc,phases   ] GC(695)   Post Evacuate Collection Set: 0.5ms
[2025-03-28T20:11:32.557+0530][gc,phases   ] GC(695)   Other: 0.2ms
[2025-03-28T20:11:32.557+0530][gc,heap     ] GC(695) Eden regions: 39->0(143)
[2025-03-28T20:11:32.557+0530][gc,heap     ] GC(695) Survivor regions: 4->3(77)
[2025-03-28T20:11:32.557+0530][gc,heap     ] GC(695) Old regions: 80->80
[2025-03-28T20:11:32.557+0530][gc,heap     ] GC(695) Archive regions: 2->2
[2025-03-28T20:11:32.557+0530][gc,heap     ] GC(695) Humongous regions: 138->138
[2025-03-28T20:11:32.557+0530][gc,metaspace] GC(695) Metaspace: 53838K(54592K)->53838K(54592K) NonClass: 47782K(48192K)->47782K(48192K) Class: 6055K(6400K)->6055K(6400K)
[2025-03-28T20:11:32.557+0530][gc          ] GC(695) Pause Young (Concurrent Start) (G1 Humongous Allocation) 261M->220M(1024M) 14.105ms
[2025-03-28T20:11:32.557+0530][gc,cpu      ] GC(695) User=0.02s Sys=0.00s Real=0.02s
[2025-03-28T20:11:32.557+0530][gc          ] GC(696) Concurrent Mark Cycle
[2025-03-28T20:11:32.557+0530][gc,marking  ] GC(696) Concurrent Clear Claimed Marks
[2025-03-28T20:11:32.558+0530][gc,marking  ] GC(696) Concurrent Clear Claimed Marks 0.075ms
[2025-03-28T20:11:32.558+0530][gc,marking  ] GC(696) Concurrent Scan Root Regions
[2025-03-28T20:11:32.563+0530][gc,marking  ] GC(696) Concurrent Scan Root Regions 5.860ms
[2025-03-28T20:11:32.563+0530][gc,marking  ] GC(696) Concurrent Mark
[2025-03-28T20:11:32.563+0530][gc,marking  ] GC(696) Concurrent Mark From Roots
[2025-03-28T20:11:32.563+0530][gc,task     ] GC(696) Using 1 workers of 1 for marking
[2025-03-28T20:11:32.629+0530][gc,marking  ] GC(696) Concurrent Mark From Roots 65.583ms
[2025-03-28T20:11:32.629+0530][gc,marking  ] GC(696) Concurrent Preclean
[2025-03-28T20:11:32.629+0530][gc,marking  ] GC(696) Concurrent Preclean 0.117ms
[2025-03-28T20:11:32.629+0530][gc,start    ] GC(696) Pause Remark
[2025-03-28T20:11:32.643+0530][gc          ] GC(696) Pause Remark 263M->263M(1024M) 13.975ms
[2025-03-28T20:11:32.643+0530][gc,cpu      ] GC(696) User=0.02s Sys=0.00s Real=0.01s
[2025-03-28T20:11:32.643+0530][gc,marking  ] GC(696) Concurrent Mark 79.919ms
[2025-03-28T20:11:32.643+0530][gc,marking  ] GC(696) Concurrent Rebuild Remembered Sets
[2025-03-28T20:11:32.677+0530][gc,marking  ] GC(696) Concurrent Rebuild Remembered Sets 33.952ms
[2025-03-28T20:11:32.677+0530][gc,start    ] GC(696) Pause Cleanup
[2025-03-28T20:11:32.678+0530][gc          ] GC(696) Pause Cleanup 263M->263M(1024M) 0.214ms
[2025-03-28T20:11:32.678+0530][gc,cpu      ] GC(696) User=0.00s Sys=0.00s Real=0.00s
[2025-03-28T20:11:32.678+0530][gc,marking  ] GC(696) Concurrent Cleanup for Next Mark
[2025-03-28T20:11:32.680+0530][gc,marking  ] GC(696) Concurrent Cleanup for Next Mark 2.036ms
[2025-03-28T20:11:32.680+0530][gc          ] GC(696) Concurrent Mark Cycle 122.321ms
[2025-03-28T20:11:38.711+0530][gc,start    ] GC(697) Pause Young (Prepare Mixed) (G1 Evacuation Pause)
[2025-03-28T20:11:38.711+0530][gc,task     ] GC(697) Using 2 workers of 2 for evacuation
[2025-03-28T20:11:38.718+0530][gc,phases   ] GC(697)   Pre Evacuate Collection Set: 0.3ms
[2025-03-28T20:11:38.718+0530][gc,phases   ] GC(697)   Merge Heap Roots: 0.2ms
[2025-03-28T20:11:38.718+0530][gc,phases   ] GC(697)   Evacuate Collection Set: 5.4ms
[2025-03-28T20:11:38.718+0530][gc,phases   ] GC(697)   Post Evacuate Collection Set: 0.6ms
[2025-03-28T20:11:38.718+0530][gc,phases   ] GC(697)   Other: 0.1ms
[2025-03-28T20:11:38.718+0530][gc,heap     ] GC(697) Eden regions: 143->0(48)
[2025-03-28T20:11:38.718+0530][gc,heap     ] GC(697) Survivor regions: 3->3(19)
[2025-03-28T20:11:38.718+0530][gc,heap     ] GC(697) Old regions: 80->80
[2025-03-28T20:11:38.718+0530][gc,heap     ] GC(697) Archive regions: 2->2
[2025-03-28T20:11:38.718+0530][gc,heap     ] GC(697) Humongous regions: 142->140
[2025-03-28T20:11:38.718+0530][gc,metaspace] GC(697) Metaspace: 53895K(54592K)->53895K(54592K) NonClass: 47839K(48192K)->47839K(48192K) Class: 6055K(6400K)->6055K(6400K)
[2025-03-28T20:11:38.718+0530][gc          ] GC(697) Pause Young (Prepare Mixed) (G1 Evacuation Pause) 367M->223M(1024M) 6.628ms
[2025-03-28T20:11:38.718+0530][gc,cpu      ] GC(697) User=0.01s Sys=0.00s Real=0.00s
[2025-03-28T20:11:42.460+0530][gc,start    ] GC(698) Pause Young (Mixed) (G1 Evacuation Pause)
[2025-03-28T20:11:42.460+0530][gc,task     ] GC(698) Using 2 workers of 2 for evacuation
[2025-03-28T20:11:42.496+0530][gc,mmu      ] GC(698) MMU target violated: 21.0ms (20.0ms/21.0ms)
[2025-03-28T20:11:42.496+0530][gc,phases   ] GC(698)   Pre Evacuate Collection Set: 0.2ms
[2025-03-28T20:11:42.496+0530][gc,phases   ] GC(698)   Merge Heap Roots: 0.2ms
[2025-03-28T20:11:42.496+0530][gc,phases   ] GC(698)   Evacuate Collection Set: 35.1ms
[2025-03-28T20:11:42.496+0530][gc,phases   ] GC(698)   Post Evacuate Collection Set: 0.5ms
[2025-03-28T20:11:42.496+0530][gc,phases   ] GC(698)   Other: 0.2ms
[2025-03-28T20:11:42.496+0530][gc,heap     ] GC(698) Eden regions: 48->0(580)
[2025-03-28T20:11:42.496+0530][gc,heap     ] GC(698) Survivor regions: 3->5(7)
[2025-03-28T20:11:42.496+0530][gc,heap     ] GC(698) Old regions: 80->73
[2025-03-28T20:11:42.496+0530][gc,heap     ] GC(698) Archive regions: 2->2
[2025-03-28T20:11:42.496+0530][gc,heap     ] GC(698) Humongous regions: 140->138
[2025-03-28T20:11:42.496+0530][gc,metaspace] GC(698) Metaspace: 53901K(54592K)->53901K(54592K) NonClass: 47845K(48192K)->47845K(48192K) Class: 6055K(6400K)->6055K(6400K)
[2025-03-28T20:11:42.497+0530][gc          ] GC(698) Pause Young (Mixed) (G1 Evacuation Pause) 271M->216M(1024M) 36.247ms
[2025-03-28T20:11:42.497+0530][gc,cpu      ] GC(698) User=0.01s Sys=0.00s Real=0.05s
[2025-03-28T20:12:12.184+0530][gc,start    ] GC(699) Pause Young (Normal) (G1 Evacuation Pause)
[2025-03-28T20:12:12.185+0530][gc,task     ] GC(699) Using 2 workers of 2 for evacuation
[2025-03-28T20:12:12.255+0530][gc,mmu      ] GC(699) MMU target violated: 21.0ms (20.0ms/21.0ms)
[2025-03-28T20:12:12.255+0530][gc,phases   ] GC(699)   Pre Evacuate Collection Set: 0.6ms
[2025-03-28T20:12:12.255+0530][gc,phases   ] GC(699)   Merge Heap Roots: 1.0ms
[2025-03-28T20:12:12.255+0530][gc,phases   ] GC(699)   Evacuate Collection Set: 65.6ms
[2025-03-28T20:12:12.255+0530][gc,phases   ] GC(699)   Post Evacuate Collection Set: 2.4ms
[2025-03-28T20:12:12.255+0530][gc,phases   ] GC(699)   Other: 1.1ms
[2025-03-28T20:12:12.255+0530][gc,heap     ] GC(699) Eden regions: 524->0(49)
[2025-03-28T20:12:12.255+0530][gc,heap     ] GC(699) Survivor regions: 5->2(67)
[2025-03-28T20:12:12.255+0530][gc,heap     ] GC(699) Old regions: 73->73
[2025-03-28T20:12:12.255+0530][gc,heap     ] GC(699) Archive regions: 2->2
[2025-03-28T20:12:12.255+0530][gc,heap     ] GC(699) Humongous regions: 148->138
[2025-03-28T20:12:12.255+0530][gc,metaspace] GC(699) Metaspace: 53940K(54656K)->53940K(54656K) NonClass: 47885K(48256K)->47885K(48256K) Class: 6055K(6400K)->6055K(6400K)
[2025-03-28T20:12:12.255+0530][gc          ] GC(699) Pause Young (Normal) (G1 Evacuation Pause) 750M->213M(1024M) 70.910ms
[2025-03-28T20:12:12.255+0530][gc,cpu      ] GC(699) User=0.01s Sys=0.01s Real=0.07s
[2025-03-28T20:12:12.304+0530][gc,start    ] GC(700) Pause Young (Normal) (G1 Evacuation Pause)
[2025-03-28T20:12:12.304+0530][gc,task     ] GC(700) Using 2 workers of 2 for evacuation
[2025-03-28T20:12:12.329+0530][gc,mmu      ] GC(700) MMU target violated: 21.0ms (20.0ms/21.0ms)
[2025-03-28T20:12:12.329+0530][gc,phases   ] GC(700)   Pre Evacuate Collection Set: 0.1ms
[2025-03-28T20:12:12.329+0530][gc,phases   ] GC(700)   Merge Heap Roots: 0.1ms
[2025-03-28T20:12:12.329+0530][gc,phases   ] GC(700)   Evacuate Collection Set: 23.8ms
[2025-03-28T20:12:12.329+0530][gc,phases   ] GC(700)   Post Evacuate Collection Set: 0.5ms
[2025-03-28T20:12:12.329+0530][gc,phases   ] GC(700)   Other: 0.2ms
[2025-03-28T20:12:12.329+0530][gc,heap     ] GC(700) Eden regions: 49->0(44)
[2025-03-28T20:12:12.329+0530][gc,heap     ] GC(700) Survivor regions: 2->7(7)
[2025-03-28T20:12:12.329+0530][gc,heap     ] GC(700) Old regions: 73->73
[2025-03-28T20:12:12.329+0530][gc,heap     ] GC(700) Archive regions: 2->2
[2025-03-28T20:12:12.329+0530][gc,heap     ] GC(700) Humongous regions: 138->138
[2025-03-28T20:12:12.329+0530][gc,metaspace] GC(700) Metaspace: 53940K(54656K)->53940K(54656K) NonClass: 47885K(48256K)->47885K(48256K) Class: 6055K(6400K)->6055K(6400K)
[2025-03-28T20:12:12.329+0530][gc          ] GC(700) Pause Young (Normal) (G1 Evacuation Pause) 262M->218M(1024M) 24.762ms
[2025-03-28T20:12:12.329+0530][gc,cpu      ] GC(700) User=0.02s Sys=0.01s Real=0.03s
[2025-03-28T20:12:12.414+0530][gc,start    ] GC(701) Pause Young (Normal) (G1 Evacuation Pause)
[2025-03-28T20:12:12.415+0530][gc,task     ] GC(701) Using 2 workers of 2 for evacuation
[2025-03-28T20:12:12.435+0530][gc,mmu      ] GC(701) MMU target violated: 20.3ms (20.0ms/21.0ms)
[2025-03-28T20:12:12.435+0530][gc,phases   ] GC(701)   Pre Evacuate Collection Set: 0.2ms
[2025-03-28T20:12:12.435+0530][gc,phases   ] GC(701)   Merge Heap Roots: 0.3ms
[2025-03-28T20:12:12.435+0530][gc,phases   ] GC(701)   Evacuate Collection Set: 19.3ms
[2025-03-28T20:12:12.435+0530][gc,phases   ] GC(701)   Post Evacuate Collection Set: 0.6ms
[2025-03-28T20:12:12.435+0530][gc,phases   ] GC(701)   Other: 0.3ms
[2025-03-28T20:12:12.435+0530][gc,heap     ] GC(701) Eden regions: 44->0(49)
[2025-03-28T20:12:12.435+0530][gc,heap     ] GC(701) Survivor regions: 7->2(7)
[2025-03-28T20:12:12.435+0530][gc,heap     ] GC(701) Old regions: 73->75
[2025-03-28T20:12:12.435+0530][gc,heap     ] GC(701) Archive regions: 2->2
[2025-03-28T20:12:12.435+0530][gc,heap     ] GC(701) Humongous regions: 140->140
[2025-03-28T20:12:12.435+0530][gc,metaspace] GC(701) Metaspace: 53940K(54656K)->53940K(54656K) NonClass: 47885K(48256K)->47885K(48256K) Class: 6055K(6400K)->6055K(6400K)
[2025-03-28T20:12:12.435+0530][gc          ] GC(701) Pause Young (Normal) (G1 Evacuation Pause) 264M->217M(1024M) 20.737ms
[2025-03-28T20:12:12.435+0530][gc,cpu      ] GC(701) User=0.02s Sys=0.00s Real=0.03s
[2025-03-28T20:12:12.608+0530][gc,start    ] GC(702) Pause Young (Normal) (G1 Evacuation Pause)
[2025-03-28T20:12:12.608+0530][gc,task     ] GC(702) Using 2 workers of 2 for evacuation
[2025-03-28T20:12:12.616+0530][gc,phases   ] GC(702)   Pre Evacuate Collection Set: 0.2ms
[2025-03-28T20:12:12.616+0530][gc,phases   ] GC(702)   Merge Heap Roots: 0.1ms
[2025-03-28T20:12:12.616+0530][gc,phases   ] GC(702)   Evacuate Collection Set: 7.4ms
[2025-03-28T20:12:12.616+0530][gc,phases   ] GC(702)   Post Evacuate Collection Set: 0.5ms
[2025-03-28T20:12:12.616+0530][gc,phases   ] GC(702)   Other: 0.1ms
[2025-03-28T20:12:12.616+0530][gc,heap     ] GC(702) Eden regions: 49->0(46)
[2025-03-28T20:12:12.616+0530][gc,heap     ] GC(702) Survivor regions: 2->5(7)
[2025-03-28T20:12:12.616+0530][gc,heap     ] GC(702) Old regions: 75->75
[2025-03-28T20:12:12.616+0530][gc,heap     ] GC(702) Archive regions: 2->2
[2025-03-28T20:12:12.616+0530][gc,heap     ] GC(702) Humongous regions: 140->138
[2025-03-28T20:12:12.616+0530][gc,metaspace] GC(702) Metaspace: 53940K(54656K)->53940K(54656K) NonClass: 47885K(48256K)->47885K(48256K) Class: 6055K(6400K)->6055K(6400K)
[2025-03-28T20:12:12.616+0530][gc          ] GC(702) Pause Young (Normal) (G1 Evacuation Pause) 266M->217M(1024M) 8.414ms
[2025-03-28T20:12:12.616+0530][gc,cpu      ] GC(702) User=0.00s Sys=0.00s Real=0.00s
[2025-03-28T20:12:12.708+0530][gc,start    ] GC(703) Pause Young (Normal) (G1 Evacuation Pause)
[2025-03-28T20:12:12.708+0530][gc,task     ] GC(703) Using 2 workers of 2 for evacuation
[2025-03-28T20:12:12.712+0530][gc,phases   ] GC(703)   Pre Evacuate Collection Set: 0.2ms
[2025-03-28T20:12:12.713+0530][gc,phases   ] GC(703)   Merge Heap Roots: 0.1ms
[2025-03-28T20:12:12.713+0530][gc,phases   ] GC(703)   Evacuate Collection Set: 4.1ms
[2025-03-28T20:12:12.713+0530][gc,phases   ] GC(703)   Post Evacuate Collection Set: 0.5ms
[2025-03-28T20:12:12.713+0530][gc,phases   ] GC(703)   Other: 0.1ms
[2025-03-28T20:12:12.713+0530][gc,heap     ] GC(703) Eden regions: 46->0(49)
[2025-03-28T20:12:12.713+0530][gc,heap     ] GC(703) Survivor regions: 5->2(7)
[2025-03-28T20:12:12.713+0530][gc,heap     ] GC(703) Old regions: 75->76
[2025-03-28T20:12:12.713+0530][gc,heap     ] GC(703) Archive regions: 2->2
[2025-03-28T20:12:12.713+0530][gc,heap     ] GC(703) Humongous regions: 140->140
[2025-03-28T20:12:12.713+0530][gc,metaspace] GC(703) Metaspace: 53940K(54656K)->53940K(54656K) NonClass: 47885K(48256K)->47885K(48256K) Class: 6055K(6400K)->6055K(6400K)
[2025-03-28T20:12:12.713+0530][gc          ] GC(703) Pause Young (Normal) (G1 Evacuation Pause) 265M->218M(1024M) 5.113ms
[2025-03-28T20:12:12.713+0530][gc,cpu      ] GC(703) User=0.01s Sys=0.00s Real=0.00s
[2025-03-28T20:12:18.189+0530][gc,start    ] GC(704) Pause Young (Normal) (G1 Evacuation Pause)
[2025-03-28T20:12:18.189+0530][gc,task     ] GC(704) Using 2 workers of 2 for evacuation
[2025-03-28T20:12:18.201+0530][gc,phases   ] GC(704)   Pre Evacuate Collection Set: 0.3ms
[2025-03-28T20:12:18.201+0530][gc,phases   ] GC(704)   Merge Heap Roots: 0.1ms
[2025-03-28T20:12:18.201+0530][gc,phases   ] GC(704)   Evacuate Collection Set: 11.0ms
[2025-03-28T20:12:18.201+0530][gc,phases   ] GC(704)   Post Evacuate Collection Set: 0.7ms
[2025-03-28T20:12:18.201+0530][gc,phases   ] GC(704)   Other: 0.2ms
[2025-03-28T20:12:18.201+0530][gc,heap     ] GC(704) Eden regions: 49->0(48)
[2025-03-28T20:12:18.201+0530][gc,heap     ] GC(704) Survivor regions: 2->3(7)
[2025-03-28T20:12:18.201+0530][gc,heap     ] GC(704) Old regions: 76->76
[2025-03-28T20:12:18.201+0530][gc,heap     ] GC(704) Archive regions: 2->2
[2025-03-28T20:12:18.201+0530][gc,heap     ] GC(704) Humongous regions: 140->138
[2025-03-28T20:12:18.201+0530][gc,metaspace] GC(704) Metaspace: 53942K(54656K)->53942K(54656K) NonClass: 47886K(48256K)->47886K(48256K) Class: 6055K(6400K)->6055K(6400K)
[2025-03-28T20:12:18.201+0530][gc          ] GC(704) Pause Young (Normal) (G1 Evacuation Pause) 267M->217M(1024M) 12.429ms
[2025-03-28T20:12:18.201+0530][gc,cpu      ] GC(704) User=0.02s Sys=0.00s Real=0.01s
[2025-03-28T20:12:18.360+0530][gc,start    ] GC(705) Pause Young (Normal) (G1 Evacuation Pause)
[2025-03-28T20:12:18.360+0530][gc,task     ] GC(705) Using 2 workers of 2 for evacuation
[2025-03-28T20:12:18.370+0530][gc,phases   ] GC(705)   Pre Evacuate Collection Set: 0.2ms
[2025-03-28T20:12:18.370+0530][gc,phases   ] GC(705)   Merge Heap Roots: 0.1ms
[2025-03-28T20:12:18.370+0530][gc,phases   ] GC(705)   Evacuate Collection Set: 9.2ms
[2025-03-28T20:12:18.370+0530][gc,phases   ] GC(705)   Post Evacuate Collection Set: 0.5ms
[2025-03-28T20:12:18.370+0530][gc,phases   ] GC(705)   Other: 0.1ms
[2025-03-28T20:12:18.370+0530][gc,heap     ] GC(705) Eden regions: 48->0(44)
[2025-03-28T20:12:18.370+0530][gc,heap     ] GC(705) Survivor regions: 3->7(7)
[2025-03-28T20:12:18.370+0530][gc,heap     ] GC(705) Old regions: 76->77
[2025-03-28T20:12:18.371+0530][gc,heap     ] GC(705) Archive regions: 2->2
[2025-03-28T20:12:18.371+0530][gc,heap     ] GC(705) Humongous regions: 138->138
[2025-03-28T20:12:18.371+0530][gc,metaspace] GC(705) Metaspace: 53942K(54656K)->53942K(54656K) NonClass: 47886K(48256K)->47886K(48256K) Class: 6055K(6400K)->6055K(6400K)
[2025-03-28T20:12:18.371+0530][gc          ] GC(705) Pause Young (Normal) (G1 Evacuation Pause) 265M->222M(1024M) 10.128ms
[2025-03-28T20:12:18.371+0530][gc,cpu      ] GC(705) User=0.02s Sys=0.01s Real=0.01s
[2025-03-28T20:12:22.411+0530][gc,start    ] GC(706) Pause Young (Normal) (G1 Evacuation Pause)
[2025-03-28T20:12:22.411+0530][gc,task     ] GC(706) Using 2 workers of 2 for evacuation
[2025-03-28T20:12:22.450+0530][gc,mmu      ] GC(706) MMU target violated: 21.0ms (20.0ms/21.0ms)
[2025-03-28T20:12:22.451+0530][gc,phases   ] GC(706)   Pre Evacuate Collection Set: 0.6ms
[2025-03-28T20:12:22.451+0530][gc,phases   ] GC(706)   Merge Heap Roots: 0.5ms
[2025-03-28T20:12:22.451+0530][gc,phases   ] GC(706)   Evacuate Collection Set: 36.1ms
[2025-03-28T20:12:22.451+0530][gc,phases   ] GC(706)   Post Evacuate Collection Set: 1.7ms
[2025-03-28T20:12:22.451+0530][gc,phases   ] GC(706)   Other: 0.6ms
[2025-03-28T20:12:22.451+0530][gc,heap     ] GC(706) Eden regions: 44->0(50)
[2025-03-28T20:12:22.451+0530][gc,heap     ] GC(706) Survivor regions: 7->1(7)
[2025-03-28T20:12:22.451+0530][gc,heap     ] GC(706) Old regions: 77->77
[2025-03-28T20:12:22.451+0530][gc,heap     ] GC(706) Archive regions: 2->2
[2025-03-28T20:12:22.451+0530][gc,heap     ] GC(706) Humongous regions: 140->138
[2025-03-28T20:12:22.451+0530][gc,metaspace] GC(706) Metaspace: 53942K(54656K)->53942K(54656K) NonClass: 47886K(48256K)->47886K(48256K) Class: 6056K(6400K)->6056K(6400K)
[2025-03-28T20:12:22.451+0530][gc          ] GC(706) Pause Young (Normal) (G1 Evacuation Pause) 268M->216M(1024M) 39.914ms
[2025-03-28T20:12:22.451+0530][gc,cpu      ] GC(706) User=0.03s Sys=0.00s Real=0.05s
[2025-03-28T20:12:22.518+0530][gc,start    ] GC(707) Pause Young (Normal) (G1 Evacuation Pause)
[2025-03-28T20:12:22.518+0530][gc,task     ] GC(707) Using 2 workers of 2 for evacuation
[2025-03-28T20:12:22.531+0530][gc,phases   ] GC(707)   Pre Evacuate Collection Set: 0.2ms
[2025-03-28T20:12:22.531+0530][gc,phases   ] GC(707)   Merge Heap Roots: 0.1ms
[2025-03-28T20:12:22.531+0530][gc,phases   ] GC(707)   Evacuate Collection Set: 11.5ms
[2025-03-28T20:12:22.531+0530][gc,phases   ] GC(707)   Post Evacuate Collection Set: 0.4ms
[2025-03-28T20:12:22.531+0530][gc,phases   ] GC(707)   Other: 0.1ms
[2025-03-28T20:12:22.531+0530][gc,heap     ] GC(707) Eden regions: 50->0(45)
[2025-03-28T20:12:22.531+0530][gc,heap     ] GC(707) Survivor regions: 1->6(7)
[2025-03-28T20:12:22.531+0530][gc,heap     ] GC(707) Old regions: 77->77
[2025-03-28T20:12:22.531+0530][gc,heap     ] GC(707) Archive regions: 2->2
[2025-03-28T20:12:22.531+0530][gc,heap     ] GC(707) Humongous regions: 138->138
[2025-03-28T20:12:22.531+0530][gc,metaspace] GC(707) Metaspace: 53942K(54656K)->53942K(54656K) NonClass: 47886K(48256K)->47886K(48256K) Class: 6056K(6400K)->6056K(6400K)
[2025-03-28T20:12:22.531+0530][gc          ] GC(707) Pause Young (Normal) (G1 Evacuation Pause) 266M->221M(1024M) 12.445ms
[2025-03-28T20:12:22.531+0530][gc,cpu      ] GC(707) User=0.01s Sys=0.00s Real=0.01s
[2025-03-28T20:12:22.640+0530][gc,start    ] GC(708) Pause Young (Normal) (G1 Evacuation Pause)
[2025-03-28T20:12:22.640+0530][gc,task     ] GC(708) Using 2 workers of 2 for evacuation
[2025-03-28T20:12:22.653+0530][gc,phases   ] GC(708)   Pre Evacuate Collection Set: 0.2ms
[2025-03-28T20:12:22.653+0530][gc,phases   ] GC(708)   Merge Heap Roots: 0.1ms
[2025-03-28T20:12:22.653+0530][gc,phases   ] GC(708)   Evacuate Collection Set: 12.3ms
[2025-03-28T20:12:22.653+0530][gc,phases   ] GC(708)   Post Evacuate Collection Set: 0.6ms
[2025-03-28T20:12:22.653+0530][gc,phases   ] GC(708)   Other: 0.2ms
[2025-03-28T20:12:22.653+0530][gc,heap     ] GC(708) Eden regions: 45->0(49)
[2025-03-28T20:12:22.653+0530][gc,heap     ] GC(708) Survivor regions: 6->2(7)
[2025-03-28T20:12:22.653+0530][gc,heap     ] GC(708) Old regions: 77->78
[2025-03-28T20:12:22.653+0530][gc,heap     ] GC(708) Archive regions: 2->2
[2025-03-28T20:12:22.653+0530][gc,heap     ] GC(708) Humongous regions: 140->140
[2025-03-28T20:12:22.653+0530][gc,metaspace] GC(708) Metaspace: 53942K(54656K)->53942K(54656K) NonClass: 47886K(48256K)->47886K(48256K) Class: 6056K(6400K)->6056K(6400K)
[2025-03-28T20:12:22.653+0530][gc          ] GC(708) Pause Young (Normal) (G1 Evacuation Pause) 268M->220M(1024M) 13.570ms
[2025-03-28T20:12:22.653+0530][gc,cpu      ] GC(708) User=0.02s Sys=0.00s Real=0.01s
[2025-03-28T20:12:28.525+0530][gc,start    ] GC(709) Pause Young (Normal) (G1 Evacuation Pause)
[2025-03-28T20:12:28.525+0530][gc,task     ] GC(709) Using 2 workers of 2 for evacuation
[2025-03-28T20:12:28.538+0530][gc,phases   ] GC(709)   Pre Evacuate Collection Set: 0.8ms
[2025-03-28T20:12:28.538+0530][gc,phases   ] GC(709)   Merge Heap Roots: 0.3ms
[2025-03-28T20:12:28.538+0530][gc,phases   ] GC(709)   Evacuate Collection Set: 11.1ms
[2025-03-28T20:12:28.538+0530][gc,phases   ] GC(709)   Post Evacuate Collection Set: 1.0ms
[2025-03-28T20:12:28.538+0530][gc,phases   ] GC(709)   Other: 0.2ms
[2025-03-28T20:12:28.538+0530][gc,heap     ] GC(709) Eden regions: 49->0(47)
[2025-03-28T20:12:28.538+0530][gc,heap     ] GC(709) Survivor regions: 2->4(7)
[2025-03-28T20:12:28.538+0530][gc,heap     ] GC(709) Old regions: 78->78
[2025-03-28T20:12:28.538+0530][gc,heap     ] GC(709) Archive regions: 2->2
[2025-03-28T20:12:28.538+0530][gc,heap     ] GC(709) Humongous regions: 140->138
[2025-03-28T20:12:28.538+0530][gc,metaspace] GC(709) Metaspace: 53943K(54656K)->53943K(54656K) NonClass: 47887K(48256K)->47887K(48256K) Class: 6056K(6400K)->6056K(6400K)
[2025-03-28T20:12:28.538+0530][gc          ] GC(709) Pause Young (Normal) (G1 Evacuation Pause) 269M->220M(1024M) 13.489ms
[2025-03-28T20:12:28.538+0530][gc,cpu      ] GC(709) User=0.02s Sys=0.00s Real=0.02s
[2025-03-28T20:12:28.750+0530][gc,start    ] GC(710) Pause Young (Normal) (G1 Evacuation Pause)
[2025-03-28T20:12:28.750+0530][gc,task     ] GC(710) Using 2 workers of 2 for evacuation
[2025-03-28T20:12:28.764+0530][gc,phases   ] GC(710)   Pre Evacuate Collection Set: 0.2ms
[2025-03-28T20:12:28.764+0530][gc,phases   ] GC(710)   Merge Heap Roots: 0.1ms
[2025-03-28T20:12:28.764+0530][gc,phases   ] GC(710)   Evacuate Collection Set: 12.7ms
[2025-03-28T20:12:28.764+0530][gc,phases   ] GC(710)   Post Evacuate Collection Set: 0.8ms
[2025-03-28T20:12:28.764+0530][gc,phases   ] GC(710)   Other: 0.3ms
[2025-03-28T20:12:28.764+0530][gc,heap     ] GC(710) Eden regions: 47->0(58)
[2025-03-28T20:12:28.764+0530][gc,heap     ] GC(710) Survivor regions: 4->2(7)
[2025-03-28T20:12:28.764+0530][gc,heap     ] GC(710) Old regions: 78->79
[2025-03-28T20:12:28.764+0530][gc,heap     ] GC(710) Archive regions: 2->2
[2025-03-28T20:12:28.764+0530][gc,heap     ] GC(710) Humongous regions: 140->140
[2025-03-28T20:12:28.764+0530][gc,metaspace] GC(710) Metaspace: 53944K(54656K)->53944K(54656K) NonClass: 47888K(48256K)->47888K(48256K) Class: 6056K(6400K)->6056K(6400K)
[2025-03-28T20:12:28.764+0530][gc          ] GC(710) Pause Young (Normal) (G1 Evacuation Pause) 269M->221M(1024M) 14.091ms
[2025-03-28T20:12:28.764+0530][gc,cpu      ] GC(710) User=0.01s Sys=0.00s Real=0.01s
[2025-03-28T20:12:32.444+0530][gc,start    ] GC(711) Pause Young (Normal) (G1 Evacuation Pause)
[2025-03-28T20:12:32.444+0530][gc,task     ] GC(711) Using 2 workers of 2 for evacuation
[2025-03-28T20:12:32.449+0530][gc,phases   ] GC(711)   Pre Evacuate Collection Set: 0.2ms
[2025-03-28T20:12:32.449+0530][gc,phases   ] GC(711)   Merge Heap Roots: 0.1ms
[2025-03-28T20:12:32.449+0530][gc,phases   ] GC(711)   Evacuate Collection Set: 3.8ms
[2025-03-28T20:12:32.449+0530][gc,phases   ] GC(711)   Post Evacuate Collection Set: 0.6ms
[2025-03-28T20:12:32.449+0530][gc,phases   ] GC(711)   Other: 0.2ms
[2025-03-28T20:12:32.449+0530][gc,heap     ] GC(711) Eden regions: 58->0(78)
[2025-03-28T20:12:32.449+0530][gc,heap     ] GC(711) Survivor regions: 2->4(8)
[2025-03-28T20:12:32.449+0530][gc,heap     ] GC(711) Old regions: 79->79
[2025-03-28T20:12:32.449+0530][gc,heap     ] GC(711) Archive regions: 2->2
[2025-03-28T20:12:32.449+0530][gc,heap     ] GC(711) Humongous regions: 140->138
[2025-03-28T20:12:32.449+0530][gc,metaspace] GC(711) Metaspace: 53944K(54656K)->53944K(54656K) NonClass: 47888K(48256K)->47888K(48256K) Class: 6056K(6400K)->6056K(6400K)
[2025-03-28T20:12:32.449+0530][gc          ] GC(711) Pause Young (Normal) (G1 Evacuation Pause) 279M->221M(1024M) 4.989ms
[2025-03-28T20:12:32.449+0530][gc,cpu      ] GC(711) User=0.01s Sys=0.00s Real=0.00s
[2025-03-28T20:12:32.577+0530][gc,start    ] GC(712) Pause Young (Normal) (G1 Evacuation Pause)
[2025-03-28T20:12:32.577+0530][gc,task     ] GC(712) Using 2 workers of 2 for evacuation
[2025-03-28T20:12:32.582+0530][gc,phases   ] GC(712)   Pre Evacuate Collection Set: 0.1ms
[2025-03-28T20:12:32.582+0530][gc,phases   ] GC(712)   Merge Heap Roots: 0.1ms
[2025-03-28T20:12:32.582+0530][gc,phases   ] GC(712)   Evacuate Collection Set: 4.5ms
[2025-03-28T20:12:32.582+0530][gc,phases   ] GC(712)   Post Evacuate Collection Set: 0.5ms
[2025-03-28T20:12:32.582+0530][gc,phases   ] GC(712)   Other: 0.1ms
[2025-03-28T20:12:32.582+0530][gc,heap     ] GC(712) Eden regions: 78->0(131)
[2025-03-28T20:12:32.582+0530][gc,heap     ] GC(712) Survivor regions: 4->3(11)
[2025-03-28T20:12:32.582+0530][gc,heap     ] GC(712) Old regions: 79->79
[2025-03-28T20:12:32.582+0530][gc,heap     ] GC(712) Archive regions: 2->2
[2025-03-28T20:12:32.582+0530][gc,heap     ] GC(712) Humongous regions: 140->140
[2025-03-28T20:12:32.582+0530][gc,metaspace] GC(712) Metaspace: 53944K(54656K)->53944K(54656K) NonClass: 47888K(48256K)->47888K(48256K) Class: 6056K(6400K)->6056K(6400K)
[2025-03-28T20:12:32.582+0530][gc          ] GC(712) Pause Young (Normal) (G1 Evacuation Pause) 301M->222M(1024M) 5.450ms
[2025-03-28T20:12:32.582+0530][gc,cpu      ] GC(712) User=0.01s Sys=0.00s Real=0.00s
[2025-03-28T20:12:42.415+0530][gc,start    ] GC(713) Pause Young (Normal) (G1 Evacuation Pause)
[2025-03-28T20:12:42.415+0530][gc,task     ] GC(713) Using 2 workers of 2 for evacuation
[2025-03-28T20:12:42.421+0530][gc,phases   ] GC(713)   Pre Evacuate Collection Set: 0.2ms
[2025-03-28T20:12:42.421+0530][gc,phases   ] GC(713)   Merge Heap Roots: 0.1ms
[2025-03-28T20:12:42.421+0530][gc,phases   ] GC(713)   Evacuate Collection Set: 4.2ms
[2025-03-28T20:12:42.421+0530][gc,phases   ] GC(713)   Post Evacuate Collection Set: 1.1ms
[2025-03-28T20:12:42.421+0530][gc,phases   ] GC(713)   Other: 0.2ms
[2025-03-28T20:12:42.421+0530][gc,heap     ] GC(713) Eden regions: 131->0(225)
[2025-03-28T20:12:42.421+0530][gc,heap     ] GC(713) Survivor regions: 3->2(17)
[2025-03-28T20:12:42.421+0530][gc,heap     ] GC(713) Old regions: 79->79
[2025-03-28T20:12:42.421+0530][gc,heap     ] GC(713) Archive regions: 2->2
[2025-03-28T20:12:42.421+0530][gc,heap     ] GC(713) Humongous regions: 142->138
[2025-03-28T20:12:42.421+0530][gc,metaspace] GC(713) Metaspace: 53944K(54656K)->53944K(54656K) NonClass: 47888K(48256K)->47888K(48256K) Class: 6056K(6400K)->6056K(6400K)
[2025-03-28T20:12:42.421+0530][gc          ] GC(713) Pause Young (Normal) (G1 Evacuation Pause) 355M->219M(1024M) 6.083ms
[2025-03-28T20:12:42.421+0530][gc,cpu      ] GC(713) User=0.01s Sys=0.00s Real=0.00s
[2025-03-28T20:12:52.419+0530][gc,start    ] GC(714) Pause Young (Normal) (G1 Evacuation Pause)
[2025-03-28T20:12:52.420+0530][gc,task     ] GC(714) Using 2 workers of 2 for evacuation
[2025-03-28T20:12:52.427+0530][gc,phases   ] GC(714)   Pre Evacuate Collection Set: 0.2ms
[2025-03-28T20:12:52.427+0530][gc,phases   ] GC(714)   Merge Heap Roots: 0.1ms
[2025-03-28T20:12:52.428+0530][gc,phases   ] GC(714)   Evacuate Collection Set: 6.8ms
[2025-03-28T20:12:52.428+0530][gc,phases   ] GC(714)   Post Evacuate Collection Set: 0.7ms
[2025-03-28T20:12:52.428+0530][gc,phases   ] GC(714)   Other: 0.2ms
[2025-03-28T20:12:52.428+0530][gc,heap     ] GC(714) Eden regions: 223->0(289)
[2025-03-28T20:12:52.428+0530][gc,heap     ] GC(714) Survivor regions: 2->3(29)
[2025-03-28T20:12:52.428+0530][gc,heap     ] GC(714) Old regions: 79->79
[2025-03-28T20:12:52.428+0530][gc,heap     ] GC(714) Archive regions: 2->2
[2025-03-28T20:12:52.428+0530][gc,heap     ] GC(714) Humongous regions: 142->138
[2025-03-28T20:12:52.428+0530][gc,metaspace] GC(714) Metaspace: 53957K(54656K)->53957K(54656K) NonClass: 47900K(48256K)->47900K(48256K) Class: 6056K(6400K)->6056K(6400K)
[2025-03-28T20:12:52.428+0530][gc          ] GC(714) Pause Young (Normal) (G1 Evacuation Pause) 446M->219M(1024M) 8.107ms
[2025-03-28T20:12:52.428+0530][gc,cpu      ] GC(714) User=0.01s Sys=0.00s Real=0.02s
[2025-03-28T20:13:02.515+0530][gc,start    ] GC(715) Pause Young (Normal) (G1 Evacuation Pause)
[2025-03-28T20:13:02.515+0530][gc,task     ] GC(715) Using 2 workers of 2 for evacuation
[2025-03-28T20:13:02.526+0530][gc,phases   ] GC(715)   Pre Evacuate Collection Set: 0.2ms
[2025-03-28T20:13:02.526+0530][gc,phases   ] GC(715)   Merge Heap Roots: 0.2ms
[2025-03-28T20:13:02.526+0530][gc,phases   ] GC(715)   Evacuate Collection Set: 9.8ms
[2025-03-28T20:13:02.526+0530][gc,phases   ] GC(715)   Post Evacuate Collection Set: 0.9ms
[2025-03-28T20:13:02.526+0530][gc,phases   ] GC(715)   Other: 0.2ms
[2025-03-28T20:13:02.526+0530][gc,heap     ] GC(715) Eden regions: 276->0(110)
[2025-03-28T20:13:02.526+0530][gc,heap     ] GC(715) Survivor regions: 3->9(35)
[2025-03-28T20:13:02.526+0530][gc,heap     ] GC(715) Old regions: 79->79
[2025-03-28T20:13:02.526+0530][gc,heap     ] GC(715) Archive regions: 2->2
[2025-03-28T20:13:02.526+0530][gc,heap     ] GC(715) Humongous regions: 142->138
[2025-03-28T20:13:02.526+0530][gc,metaspace] GC(715) Metaspace: 53997K(54720K)->53997K(54720K) NonClass: 47941K(48320K)->47941K(48320K) Class: 6056K(6400K)->6056K(6400K)
[2025-03-28T20:13:02.526+0530][gc          ] GC(715) Pause Young (Normal) (G1 Evacuation Pause) 499M->226M(1024M) 11.556ms
[2025-03-28T20:13:02.526+0530][gc,cpu      ] GC(715) User=0.02s Sys=0.00s Real=0.02s
[2025-03-28T20:13:08.574+0530][gc,start    ] GC(716) Pause Young (Normal) (G1 Evacuation Pause)
[2025-03-28T20:13:08.574+0530][gc,task     ] GC(716) Using 2 workers of 2 for evacuation
[2025-03-28T20:13:08.590+0530][gc,phases   ] GC(716)   Pre Evacuate Collection Set: 0.4ms
[2025-03-28T20:13:08.590+0530][gc,phases   ] GC(716)   Merge Heap Roots: 0.2ms
[2025-03-28T20:13:08.590+0530][gc,phases   ] GC(716)   Evacuate Collection Set: 15.1ms
[2025-03-28T20:13:08.590+0530][gc,phases   ] GC(716)   Post Evacuate Collection Set: 0.8ms
[2025-03-28T20:13:08.590+0530][gc,phases   ] GC(716)   Other: 0.1ms
[2025-03-28T20:13:08.590+0530][gc,heap     ] GC(716) Eden regions: 90->0(339)
[2025-03-28T20:13:08.590+0530][gc,heap     ] GC(716) Survivor regions: 9->6(13)
[2025-03-28T20:13:08.590+0530][gc,heap     ] GC(716) Old regions: 79->80
[2025-03-28T20:13:08.590+0530][gc,heap     ] GC(716) Archive regions: 2->2
[2025-03-28T20:13:08.590+0530][gc,heap     ] GC(716) Humongous regions: 140->138
[2025-03-28T20:13:08.590+0530][gc,metaspace] GC(716) Metaspace: 54022K(54720K)->54022K(54720K) NonClass: 47966K(48320K)->47966K(48320K) Class: 6056K(6400K)->6056K(6400K)
[2025-03-28T20:13:08.590+0530][gc          ] GC(716) Pause Young (Normal) (G1 Evacuation Pause) 318M->224M(1024M) 16.759ms
[2025-03-28T20:13:08.590+0530][gc,cpu      ] GC(716) User=0.02s Sys=0.01s Real=0.03s
[2025-03-28T20:13:22.492+0530][gc,start    ] GC(717) Pause Young (Normal) (G1 Evacuation Pause)
[2025-03-28T20:13:22.492+0530][gc,task     ] GC(717) Using 2 workers of 2 for evacuation
[2025-03-28T20:13:22.521+0530][gc,mmu      ] GC(717) MMU target violated: 21.0ms (20.0ms/21.0ms)
[2025-03-28T20:13:22.521+0530][gc,phases   ] GC(717)   Pre Evacuate Collection Set: 0.2ms
[2025-03-28T20:13:22.521+0530][gc,phases   ] GC(717)   Merge Heap Roots: 0.2ms
[2025-03-28T20:13:22.521+0530][gc,phases   ] GC(717)   Evacuate Collection Set: 27.9ms
[2025-03-28T20:13:22.521+0530][gc,phases   ] GC(717)   Post Evacuate Collection Set: 1.0ms
[2025-03-28T20:13:22.521+0530][gc,phases   ] GC(717)   Other: 0.2ms
[2025-03-28T20:13:22.521+0530][gc,heap     ] GC(717) Eden regions: 339->0(160)
[2025-03-28T20:13:22.521+0530][gc,heap     ] GC(717) Survivor regions: 6->7(44)
[2025-03-28T20:13:22.521+0530][gc,heap     ] GC(717) Old regions: 80->80
[2025-03-28T20:13:22.521+0530][gc,heap     ] GC(717) Archive regions: 2->2
[2025-03-28T20:13:22.521+0530][gc,heap     ] GC(717) Humongous regions: 144->138
[2025-03-28T20:13:22.521+0530][gc,metaspace] GC(717) Metaspace: 54022K(54720K)->54022K(54720K) NonClass: 47966K(48320K)->47966K(48320K) Class: 6056K(6400K)->6056K(6400K)
[2025-03-28T20:13:22.521+0530][gc          ] GC(717) Pause Young (Normal) (G1 Evacuation Pause) 569M->225M(1024M) 29.679ms
[2025-03-28T20:13:22.521+0530][gc,cpu      ] GC(717) User=0.02s Sys=0.00s Real=0.04s
[2025-03-28T20:13:28.728+0530][gc,start    ] GC(718) Pause Young (Normal) (G1 Evacuation Pause)
[2025-03-28T20:13:28.728+0530][gc,task     ] GC(718) Using 2 workers of 2 for evacuation
[2025-03-28T20:13:28.735+0530][gc,phases   ] GC(718)   Pre Evacuate Collection Set: 0.2ms
[2025-03-28T20:13:28.735+0530][gc,phases   ] GC(718)   Merge Heap Roots: 0.1ms
[2025-03-28T20:13:28.735+0530][gc,phases   ] GC(718)   Evacuate Collection Set: 6.6ms
[2025-03-28T20:13:28.735+0530][gc,phases   ] GC(718)   Post Evacuate Collection Set: 0.6ms
[2025-03-28T20:13:28.735+0530][gc,phases   ] GC(718)   Other: 0.2ms
[2025-03-28T20:13:28.735+0530][gc,heap     ] GC(718) Eden regions: 160->0(432)
[2025-03-28T20:13:28.736+0530][gc,heap     ] GC(718) Survivor regions: 7->4(21)
[2025-03-28T20:13:28.736+0530][gc,heap     ] GC(718) Old regions: 80->80
[2025-03-28T20:13:28.736+0530][gc,heap     ] GC(718) Archive regions: 2->2
[2025-03-28T20:13:28.736+0530][gc,heap     ] GC(718) Humongous regions: 142->140
[2025-03-28T20:13:28.736+0530][gc,metaspace] GC(718) Metaspace: 54022K(54720K)->54022K(54720K) NonClass: 47966K(48320K)->47966K(48320K) Class: 6056K(6400K)->6056K(6400K)
[2025-03-28T20:13:28.736+0530][gc          ] GC(718) Pause Young (Normal) (G1 Evacuation Pause) 389M->224M(1024M) 7.676ms
[2025-03-28T20:13:28.736+0530][gc,cpu      ] GC(718) User=0.02s Sys=0.00s Real=0.01s
[2025-03-28T20:13:48.624+0530][gc,start    ] GC(719) Pause Young (Normal) (G1 Evacuation Pause)
[2025-03-28T20:13:48.624+0530][gc,task     ] GC(719) Using 2 workers of 2 for evacuation
[2025-03-28T20:13:48.647+0530][gc,mmu      ] GC(719) MMU target violated: 21.0ms (20.0ms/21.0ms)
[2025-03-28T20:13:48.648+0530][gc,phases   ] GC(719)   Pre Evacuate Collection Set: 0.2ms
[2025-03-28T20:13:48.648+0530][gc,phases   ] GC(719)   Merge Heap Roots: 0.1ms
[2025-03-28T20:13:48.648+0530][gc,phases   ] GC(719)   Evacuate Collection Set: 21.7ms
[2025-03-28T20:13:48.648+0530][gc,phases   ] GC(719)   Post Evacuate Collection Set: 0.9ms
[2025-03-28T20:13:48.648+0530][gc,phases   ] GC(719)   Other: 0.2ms
[2025-03-28T20:13:48.648+0530][gc,heap     ] GC(719) Eden regions: 408->0(84)
[2025-03-28T20:13:48.648+0530][gc,heap     ] GC(719) Survivor regions: 4->9(52)
[2025-03-28T20:13:48.648+0530][gc,heap     ] GC(719) Old regions: 80->80
[2025-03-28T20:13:48.648+0530][gc,heap     ] GC(719) Archive regions: 2->2
[2025-03-28T20:13:48.648+0530][gc,heap     ] GC(719) Humongous regions: 146->138
[2025-03-28T20:13:48.648+0530][gc,metaspace] GC(719) Metaspace: 54023K(54720K)->54023K(54720K) NonClass: 47967K(48320K)->47967K(48320K) Class: 6056K(6400K)->6056K(6400K)
[2025-03-28T20:13:48.648+0530][gc          ] GC(719) Pause Young (Normal) (G1 Evacuation Pause) 638M->226M(1024M) 23.233ms
[2025-03-28T20:13:48.648+0530][gc,cpu      ] GC(719) User=0.03s Sys=0.00s Real=0.03s
[2025-03-28T20:13:52.519+0530][gc,start    ] GC(720) Pause Young (Normal) (G1 Evacuation Pause)
[2025-03-28T20:13:52.519+0530][gc,task     ] GC(720) Using 2 workers of 2 for evacuation
[2025-03-28T20:13:52.543+0530][gc,mmu      ] GC(720) MMU target violated: 21.0ms (20.0ms/21.0ms)
[2025-03-28T20:13:52.543+0530][gc,phases   ] GC(720)   Pre Evacuate Collection Set: 0.3ms
[2025-03-28T20:13:52.543+0530][gc,phases   ] GC(720)   Merge Heap Roots: 0.2ms
[2025-03-28T20:13:52.543+0530][gc,phases   ] GC(720)   Evacuate Collection Set: 21.1ms
[2025-03-28T20:13:52.543+0530][gc,phases   ] GC(720)   Post Evacuate Collection Set: 1.5ms
[2025-03-28T20:13:52.543+0530][gc,phases   ] GC(720)   Other: 0.3ms
[2025-03-28T20:13:52.543+0530][gc,heap     ] GC(720) Eden regions: 84->0(114)
[2025-03-28T20:13:52.544+0530][gc,heap     ] GC(720) Survivor regions: 9->5(12)
[2025-03-28T20:13:52.544+0530][gc,heap     ] GC(720) Old regions: 80->81
[2025-03-28T20:13:52.544+0530][gc,heap     ] GC(720) Archive regions: 2->2
[2025-03-28T20:13:52.544+0530][gc,heap     ] GC(720) Humongous regions: 140->138
[2025-03-28T20:13:52.544+0530][gc,metaspace] GC(720) Metaspace: 54023K(54720K)->54023K(54720K) NonClass: 47967K(48320K)->47967K(48320K) Class: 6056K(6400K)->6056K(6400K)
[2025-03-28T20:13:52.544+0530][gc          ] GC(720) Pause Young (Normal) (G1 Evacuation Pause) 312M->223M(1024M) 24.277ms
[2025-03-28T20:13:52.544+0530][gc,cpu      ] GC(720) User=0.03s Sys=0.00s Real=0.02s
[2025-03-28T20:13:58.641+0530][gc,start    ] GC(721) Pause Young (Normal) (G1 Evacuation Pause)
[2025-03-28T20:13:58.641+0530][gc,task     ] GC(721) Using 2 workers of 2 for evacuation
[2025-03-28T20:13:58.656+0530][gc,phases   ] GC(721)   Pre Evacuate Collection Set: 0.3ms
[2025-03-28T20:13:58.656+0530][gc,phases   ] GC(721)   Merge Heap Roots: 0.1ms
[2025-03-28T20:13:58.656+0530][gc,phases   ] GC(721)   Evacuate Collection Set: 13.7ms
[2025-03-28T20:13:58.656+0530][gc,phases   ] GC(721)   Post Evacuate Collection Set: 0.5ms
[2025-03-28T20:13:58.656+0530][gc,phases   ] GC(721)   Other: 0.2ms
[2025-03-28T20:13:58.656+0530][gc,heap     ] GC(721) Eden regions: 114->0(383)
[2025-03-28T20:13:58.656+0530][gc,heap     ] GC(721) Survivor regions: 5->5(15)
[2025-03-28T20:13:58.656+0530][gc,heap     ] GC(721) Old regions: 81->81
[2025-03-28T20:13:58.656+0530][gc,heap     ] GC(721) Archive regions: 2->2
[2025-03-28T20:13:58.656+0530][gc,heap     ] GC(721) Humongous regions: 140->138
[2025-03-28T20:13:58.656+0530][gc,metaspace] GC(721) Metaspace: 54023K(54720K)->54023K(54720K) NonClass: 47967K(48320K)->47967K(48320K) Class: 6056K(6400K)->6056K(6400K)
[2025-03-28T20:13:58.656+0530][gc          ] GC(721) Pause Young (Normal) (G1 Evacuation Pause) 339M->224M(1024M) 14.878ms
[2025-03-28T20:13:58.656+0530][gc,cpu      ] GC(721) User=0.02s Sys=0.00s Real=0.00s
[2025-03-28T20:14:12.629+0530][gc,start    ] GC(722) Pause Young (Normal) (G1 Evacuation Pause)
[2025-03-28T20:14:12.629+0530][gc,task     ] GC(722) Using 2 workers of 2 for evacuation
[2025-03-28T20:14:12.662+0530][gc,mmu      ] GC(722) MMU target violated: 21.0ms (20.0ms/21.0ms)
[2025-03-28T20:14:12.662+0530][gc,phases   ] GC(722)   Pre Evacuate Collection Set: 0.3ms
[2025-03-28T20:14:12.662+0530][gc,phases   ] GC(722)   Merge Heap Roots: 0.3ms
[2025-03-28T20:14:12.662+0530][gc,phases   ] GC(722)   Evacuate Collection Set: 28.6ms
[2025-03-28T20:14:12.662+0530][gc,phases   ] GC(722)   Post Evacuate Collection Set: 3.8ms
[2025-03-28T20:14:12.662+0530][gc,phases   ] GC(722)   Other: 0.4ms
[2025-03-28T20:14:12.662+0530][gc,heap     ] GC(722) Eden regions: 383->0(50)
[2025-03-28T20:14:12.662+0530][gc,heap     ] GC(722) Survivor regions: 5->4(49)
[2025-03-28T20:14:12.662+0530][gc,heap     ] GC(722) Old regions: 81->81
[2025-03-28T20:14:12.662+0530][gc,heap     ] GC(722) Archive regions: 2->2
[2025-03-28T20:14:12.662+0530][gc,heap     ] GC(722) Humongous regions: 146->140
[2025-03-28T20:14:12.662+0530][gc,metaspace] GC(722) Metaspace: 54023K(54720K)->54023K(54720K) NonClass: 47967K(48320K)->47967K(48320K) Class: 6056K(6400K)->6056K(6400K)
[2025-03-28T20:14:12.662+0530][gc          ] GC(722) Pause Young (Normal) (G1 Evacuation Pause) 615M->224M(1024M) 33.405ms
[2025-03-28T20:14:12.662+0530][gc,cpu      ] GC(722) User=0.03s Sys=0.00s Real=0.03s
[2025-03-28T20:14:18.564+0530][gc,start    ] GC(723) Pause Young (Normal) (G1 Evacuation Pause)
[2025-03-28T20:14:18.564+0530][gc,task     ] GC(723) Using 2 workers of 2 for evacuation
[2025-03-28T20:14:18.582+0530][gc,phases   ] GC(723)   Pre Evacuate Collection Set: 6.5ms
[2025-03-28T20:14:18.582+0530][gc,phases   ] GC(723)   Merge Heap Roots: 0.2ms
[2025-03-28T20:14:18.582+0530][gc,phases   ] GC(723)   Evacuate Collection Set: 10.7ms
[2025-03-28T20:14:18.582+0530][gc,phases   ] GC(723)   Post Evacuate Collection Set: 0.5ms
[2025-03-28T20:14:18.582+0530][gc,phases   ] GC(723)   Other: 0.1ms
[2025-03-28T20:14:18.582+0530][gc,heap     ] GC(723) Eden regions: 50->0(60)
[2025-03-28T20:14:18.582+0530][gc,heap     ] GC(723) Survivor regions: 4->4(7)
[2025-03-28T20:14:18.582+0530][gc,heap     ] GC(723) Old regions: 81->81
[2025-03-28T20:14:18.582+0530][gc,heap     ] GC(723) Archive regions: 2->2
[2025-03-28T20:14:18.582+0530][gc,heap     ] GC(723) Humongous regions: 140->138
[2025-03-28T20:14:18.582+0530][gc,metaspace] GC(723) Metaspace: 54036K(54720K)->54036K(54720K) NonClass: 47980K(48320K)->47980K(48320K) Class: 6056K(6400K)->6056K(6400K)
[2025-03-28T20:14:18.582+0530][gc          ] GC(723) Pause Young (Normal) (G1 Evacuation Pause) 274M->223M(1024M) 18.071ms
[2025-03-28T20:14:18.582+0530][gc,cpu      ] GC(723) User=0.01s Sys=0.00s Real=0.02s
[2025-03-28T20:14:18.750+0530][gc,start    ] GC(724) Pause Young (Normal) (G1 Evacuation Pause)
[2025-03-28T20:14:18.750+0530][gc,task     ] GC(724) Using 2 workers of 2 for evacuation
[2025-03-28T20:14:18.767+0530][gc,phases   ] GC(724)   Pre Evacuate Collection Set: 0.2ms
[2025-03-28T20:14:18.767+0530][gc,phases   ] GC(724)   Merge Heap Roots: 0.1ms
[2025-03-28T20:14:18.767+0530][gc,phases   ] GC(724)   Evacuate Collection Set: 16.3ms
[2025-03-28T20:14:18.767+0530][gc,phases   ] GC(724)   Post Evacuate Collection Set: 0.7ms
[2025-03-28T20:14:18.767+0530][gc,phases   ] GC(724)   Other: 0.2ms
[2025-03-28T20:14:18.767+0530][gc,heap     ] GC(724) Eden regions: 60->0(47)
[2025-03-28T20:14:18.767+0530][gc,heap     ] GC(724) Survivor regions: 4->4(8)
[2025-03-28T20:14:18.767+0530][gc,heap     ] GC(724) Old regions: 81->81
[2025-03-28T20:14:18.767+0530][gc,heap     ] GC(724) Archive regions: 2->2
[2025-03-28T20:14:18.767+0530][gc,heap     ] GC(724) Humongous regions: 140->140
[2025-03-28T20:14:18.767+0530][gc,metaspace] GC(724) Metaspace: 54036K(54720K)->54036K(54720K) NonClass: 47980K(48320K)->47980K(48320K) Class: 6056K(6400K)->6056K(6400K)
[2025-03-28T20:14:18.767+0530][gc          ] GC(724) Pause Young (Normal) (G1 Evacuation Pause) 285M->224M(1024M) 17.606ms
[2025-03-28T20:14:18.767+0530][gc,cpu      ] GC(724) User=0.02s Sys=0.00s Real=0.02s
[2025-03-28T20:14:22.451+0530][gc,start    ] GC(725) Pause Young (Normal) (G1 Evacuation Pause)
[2025-03-28T20:14:22.451+0530][gc,task     ] GC(725) Using 2 workers of 2 for evacuation
[2025-03-28T20:14:22.483+0530][gc,mmu      ] GC(725) MMU target violated: 21.0ms (20.0ms/21.0ms)
[2025-03-28T20:14:22.483+0530][gc,phases   ] GC(725)   Pre Evacuate Collection Set: 1.9ms
[2025-03-28T20:14:22.483+0530][gc,phases   ] GC(725)   Merge Heap Roots: 0.2ms
[2025-03-28T20:14:22.483+0530][gc,phases   ] GC(725)   Evacuate Collection Set: 28.0ms
[2025-03-28T20:14:22.483+0530][gc,phases   ] GC(725)   Post Evacuate Collection Set: 1.0ms
[2025-03-28T20:14:22.483+0530][gc,phases   ] GC(725)   Other: 0.9ms
[2025-03-28T20:14:22.483+0530][gc,heap     ] GC(725) Eden regions: 47->0(47)
[2025-03-28T20:14:22.483+0530][gc,heap     ] GC(725) Survivor regions: 4->4(7)
[2025-03-28T20:14:22.483+0530][gc,heap     ] GC(725) Old regions: 81->81
[2025-03-28T20:14:22.483+0530][gc,heap     ] GC(725) Archive regions: 2->2
[2025-03-28T20:14:22.483+0530][gc,heap     ] GC(725) Humongous regions: 140->138
[2025-03-28T20:14:22.483+0530][gc,metaspace] GC(725) Metaspace: 54036K(54720K)->54036K(54720K) NonClass: 47980K(48320K)->47980K(48320K) Class: 6056K(6400K)->6056K(6400K)
[2025-03-28T20:14:22.483+0530][gc          ] GC(725) Pause Young (Normal) (G1 Evacuation Pause) 271M->222M(1024M) 32.046ms
[2025-03-28T20:14:22.483+0530][gc,cpu      ] GC(725) User=0.03s Sys=0.00s Real=0.03s
[2025-03-28T20:14:22.692+0530][gc,start    ] GC(726) Pause Young (Normal) (G1 Evacuation Pause)
[2025-03-28T20:14:22.692+0530][gc,task     ] GC(726) Using 2 workers of 2 for evacuation
[2025-03-28T20:14:22.742+0530][gc,mmu      ] GC(726) MMU target violated: 21.0ms (20.0ms/21.0ms)
[2025-03-28T20:14:22.742+0530][gc,phases   ] GC(726)   Pre Evacuate Collection Set: 0.2ms
[2025-03-28T20:14:22.742+0530][gc,phases   ] GC(726)   Merge Heap Roots: 0.2ms
[2025-03-28T20:14:22.742+0530][gc,phases   ] GC(726)   Evacuate Collection Set: 48.0ms
[2025-03-28T20:14:22.742+0530][gc,phases   ] GC(726)   Post Evacuate Collection Set: 0.8ms
[2025-03-28T20:14:22.742+0530][gc,phases   ] GC(726)   Other: 0.5ms
[2025-03-28T20:14:22.742+0530][gc,heap     ] GC(726) Eden regions: 47->0(44)
[2025-03-28T20:14:22.742+0530][gc,heap     ] GC(726) Survivor regions: 4->7(7)
[2025-03-28T20:14:22.742+0530][gc,heap     ] GC(726) Old regions: 81->82
[2025-03-28T20:14:22.742+0530][gc,heap     ] GC(726) Archive regions: 2->2
[2025-03-28T20:14:22.742+0530][gc,heap     ] GC(726) Humongous regions: 138->138
[2025-03-28T20:14:22.742+0530][gc,metaspace] GC(726) Metaspace: 54036K(54720K)->54036K(54720K) NonClass: 47980K(48320K)->47980K(48320K) Class: 6056K(6400K)->6056K(6400K)
[2025-03-28T20:14:22.742+0530][gc          ] GC(726) Pause Young (Normal) (G1 Evacuation Pause) 269M->227M(1024M) 49.801ms
[2025-03-28T20:14:22.742+0530][gc,cpu      ] GC(726) User=0.03s Sys=0.00s Real=0.05s
[2025-03-28T20:14:23.565+0530][gc,start    ] GC(727) Pause Young (Normal) (G1 Evacuation Pause)
[2025-03-28T20:14:23.572+0530][gc,task     ] GC(727) Using 2 workers of 2 for evacuation
[2025-03-28T20:14:23.584+0530][gc,phases   ] GC(727)   Pre Evacuate Collection Set: 0.8ms
[2025-03-28T20:14:23.584+0530][gc,phases   ] GC(727)   Merge Heap Roots: 0.5ms
[2025-03-28T20:14:23.584+0530][gc,phases   ] GC(727)   Evacuate Collection Set: 9.7ms
[2025-03-28T20:14:23.584+0530][gc,phases   ] GC(727)   Post Evacuate Collection Set: 0.9ms
[2025-03-28T20:14:23.584+0530][gc,phases   ] GC(727)   Other: 6.8ms
[2025-03-28T20:14:23.584+0530][gc,heap     ] GC(727) Eden regions: 44->0(56)
[2025-03-28T20:14:23.584+0530][gc,heap     ] GC(727) Survivor regions: 7->1(7)
[2025-03-28T20:14:23.584+0530][gc,heap     ] GC(727) Old regions: 82->83
[2025-03-28T20:14:23.584+0530][gc,heap     ] GC(727) Archive regions: 2->2
[2025-03-28T20:14:23.584+0530][gc,heap     ] GC(727) Humongous regions: 140->138
[2025-03-28T20:14:23.584+0530][gc,metaspace] GC(727) Metaspace: 54036K(54720K)->54036K(54720K) NonClass: 47980K(48320K)->47980K(48320K) Class: 6056K(6400K)->6056K(6400K)
[2025-03-28T20:14:23.584+0530][gc          ] GC(727) Pause Young (Normal) (G1 Evacuation Pause) 273M->222M(1024M) 18.969ms
[2025-03-28T20:14:23.584+0530][gc,cpu      ] GC(727) User=0.01s Sys=0.01s Real=0.01s
[2025-03-28T20:14:28.670+0530][gc,start    ] GC(728) Pause Young (Normal) (G1 Evacuation Pause)
[2025-03-28T20:14:28.670+0530][gc,task     ] GC(728) Using 2 workers of 2 for evacuation
[2025-03-28T20:14:28.686+0530][gc,phases   ] GC(728)   Pre Evacuate Collection Set: 0.2ms
[2025-03-28T20:14:28.686+0530][gc,phases   ] GC(728)   Merge Heap Roots: 0.1ms
[2025-03-28T20:14:28.686+0530][gc,phases   ] GC(728)   Evacuate Collection Set: 14.8ms
[2025-03-28T20:14:28.686+0530][gc,phases   ] GC(728)   Post Evacuate Collection Set: 0.6ms
[2025-03-28T20:14:28.686+0530][gc,phases   ] GC(728)   Other: 0.1ms
[2025-03-28T20:14:28.686+0530][gc,heap     ] GC(728) Eden regions: 56->0(44)
[2025-03-28T20:14:28.686+0530][gc,heap     ] GC(728) Survivor regions: 1->7(8)
[2025-03-28T20:14:28.686+0530][gc,heap     ] GC(728) Old regions: 83->83
[2025-03-28T20:14:28.686+0530][gc,heap     ] GC(728) Archive regions: 2->2
[2025-03-28T20:14:28.686+0530][gc,heap     ] GC(728) Humongous regions: 138->138
[2025-03-28T20:14:28.686+0530][gc,metaspace] GC(728) Metaspace: 54036K(54720K)->54036K(54720K) NonClass: 47980K(48320K)->47980K(48320K) Class: 6056K(6400K)->6056K(6400K)
[2025-03-28T20:14:28.686+0530][gc          ] GC(728) Pause Young (Normal) (G1 Evacuation Pause) 278M->228M(1024M) 15.983ms
[2025-03-28T20:14:28.686+0530][gc,cpu      ] GC(728) User=0.02s Sys=0.00s Real=0.02s
[2025-03-28T20:14:28.770+0530][gc,start    ] GC(729) Pause Young (Normal) (G1 Evacuation Pause)
[2025-03-28T20:14:28.770+0530][gc,task     ] GC(729) Using 2 workers of 2 for evacuation
[2025-03-28T20:14:28.780+0530][gc,phases   ] GC(729)   Pre Evacuate Collection Set: 0.2ms
[2025-03-28T20:14:28.780+0530][gc,phases   ] GC(729)   Merge Heap Roots: 0.1ms
[2025-03-28T20:14:28.780+0530][gc,phases   ] GC(729)   Evacuate Collection Set: 9.1ms
[2025-03-28T20:14:28.780+0530][gc,phases   ] GC(729)   Post Evacuate Collection Set: 0.4ms
[2025-03-28T20:14:28.780+0530][gc,phases   ] GC(729)   Other: 0.1ms
[2025-03-28T20:14:28.780+0530][gc,heap     ] GC(729) Eden regions: 44->0(81)
[2025-03-28T20:14:28.780+0530][gc,heap     ] GC(729) Survivor regions: 7->2(7)
[2025-03-28T20:14:28.780+0530][gc,heap     ] GC(729) Old regions: 83->85
[2025-03-28T20:14:28.780+0530][gc,heap     ] GC(729) Archive regions: 2->2
[2025-03-28T20:14:28.780+0530][gc,heap     ] GC(729) Humongous regions: 140->140
[2025-03-28T20:14:28.780+0530][gc,metaspace] GC(729) Metaspace: 54036K(54720K)->54036K(54720K) NonClass: 47980K(48320K)->47980K(48320K) Class: 6056K(6400K)->6056K(6400K)
[2025-03-28T20:14:28.780+0530][gc          ] GC(729) Pause Young (Normal) (G1 Evacuation Pause) 274M->226M(1024M) 10.031ms
[2025-03-28T20:14:28.780+0530][gc,cpu      ] GC(729) User=0.00s Sys=0.00s Real=0.00s
[2025-03-28T20:14:32.533+0530][gc,start    ] GC(730) Pause Young (Normal) (G1 Evacuation Pause)
[2025-03-28T20:14:32.533+0530][gc,task     ] GC(730) Using 2 workers of 2 for evacuation
[2025-03-28T20:14:32.553+0530][gc,phases   ] GC(730)   Pre Evacuate Collection Set: 0.2ms
[2025-03-28T20:14:32.553+0530][gc,phases   ] GC(730)   Merge Heap Roots: 0.1ms
[2025-03-28T20:14:32.553+0530][gc,phases   ] GC(730)   Evacuate Collection Set: 18.7ms
[2025-03-28T20:14:32.553+0530][gc,phases   ] GC(730)   Post Evacuate Collection Set: 0.6ms
[2025-03-28T20:14:32.553+0530][gc,phases   ] GC(730)   Other: 0.2ms
[2025-03-28T20:14:32.553+0530][gc,heap     ] GC(730) Eden regions: 81->0(44)
[2025-03-28T20:14:32.553+0530][gc,heap     ] GC(730) Survivor regions: 2->8(11)
[2025-03-28T20:14:32.553+0530][gc,heap     ] GC(730) Old regions: 85->85
[2025-03-28T20:14:32.553+0530][gc,heap     ] GC(730) Archive regions: 2->2
[2025-03-28T20:14:32.553+0530][gc,heap     ] GC(730) Humongous regions: 140->138
[2025-03-28T20:14:32.553+0530][gc,metaspace] GC(730) Metaspace: 54036K(54720K)->54036K(54720K) NonClass: 47980K(48320K)->47980K(48320K) Class: 6056K(6400K)->6056K(6400K)
[2025-03-28T20:14:32.553+0530][gc          ] GC(730) Pause Young (Normal) (G1 Evacuation Pause) 307M->231M(1024M) 19.947ms
[2025-03-28T20:14:32.553+0530][gc,cpu      ] GC(730) User=0.02s Sys=0.00s Real=0.02s
[2025-03-28T20:14:37.329+0530][gc,start    ] GC(731) Pause Young (Normal) (G1 Evacuation Pause)
[2025-03-28T20:14:37.330+0530][gc,task     ] GC(731) Using 2 workers of 2 for evacuation
[2025-03-28T20:14:37.336+0530][gc,phases   ] GC(731)   Pre Evacuate Collection Set: 0.3ms
[2025-03-28T20:14:37.336+0530][gc,phases   ] GC(731)   Merge Heap Roots: 0.1ms
[2025-03-28T20:14:37.336+0530][gc,phases   ] GC(731)   Evacuate Collection Set: 5.7ms
[2025-03-28T20:14:37.336+0530][gc,phases   ] GC(731)   Post Evacuate Collection Set: 0.5ms
[2025-03-28T20:14:37.336+0530][gc,phases   ] GC(731)   Other: 0.7ms
[2025-03-28T20:14:37.336+0530][gc,heap     ] GC(731) Eden regions: 44->0(81)
[2025-03-28T20:14:37.336+0530][gc,heap     ] GC(731) Survivor regions: 8->1(7)
[2025-03-28T20:14:37.336+0530][gc,heap     ] GC(731) Old regions: 85->85
[2025-03-28T20:14:37.336+0530][gc,heap     ] GC(731) Archive regions: 2->2
[2025-03-28T20:14:37.336+0530][gc,heap     ] GC(731) Humongous regions: 140->138
[2025-03-28T20:14:37.336+0530][gc,metaspace] GC(731) Metaspace: 54036K(54720K)->54036K(54720K) NonClass: 47980K(48320K)->47980K(48320K) Class: 6056K(6400K)->6056K(6400K)
[2025-03-28T20:14:37.336+0530][gc          ] GC(731) Pause Young (Normal) (G1 Evacuation Pause) 277M->224M(1024M) 7.421ms
[2025-03-28T20:14:37.337+0530][gc,cpu      ] GC(731) User=0.01s Sys=0.00s Real=0.01s
[2025-03-28T20:14:38.643+0530][gc,start    ] GC(732) Pause Young (Normal) (G1 Evacuation Pause)
[2025-03-28T20:14:38.643+0530][gc,task     ] GC(732) Using 2 workers of 2 for evacuation
[2025-03-28T20:14:38.658+0530][gc,phases   ] GC(732)   Pre Evacuate Collection Set: 0.2ms
[2025-03-28T20:14:38.658+0530][gc,phases   ] GC(732)   Merge Heap Roots: 0.1ms
[2025-03-28T20:14:38.658+0530][gc,phases   ] GC(732)   Evacuate Collection Set: 12.7ms
[2025-03-28T20:14:38.658+0530][gc,phases   ] GC(732)   Post Evacuate Collection Set: 2.3ms
[2025-03-28T20:14:38.659+0530][gc,phases   ] GC(732)   Other: 0.2ms
[2025-03-28T20:14:38.659+0530][gc,heap     ] GC(732) Eden regions: 81->0(84)
[2025-03-28T20:14:38.659+0530][gc,heap     ] GC(732) Survivor regions: 1->3(11)
[2025-03-28T20:14:38.659+0530][gc,heap     ] GC(732) Old regions: 85->85
[2025-03-28T20:14:38.659+0530][gc,heap     ] GC(732) Archive regions: 2->2
[2025-03-28T20:14:38.659+0530][gc,heap     ] GC(732) Humongous regions: 140->140
[2025-03-28T20:14:38.659+0530][gc,metaspace] GC(732) Metaspace: 54036K(54720K)->54036K(54720K) NonClass: 47980K(48320K)->47980K(48320K) Class: 6056K(6400K)->6056K(6400K)
[2025-03-28T20:14:38.659+0530][gc          ] GC(732) Pause Young (Normal) (G1 Evacuation Pause) 307M->228M(1024M) 15.818ms
[2025-03-28T20:14:38.659+0530][gc,cpu      ] GC(732) User=0.02s Sys=0.00s Real=0.02s
[2025-03-28T20:14:42.472+0530][gc,start    ] GC(733) Pause Young (Normal) (G1 Evacuation Pause)
[2025-03-28T20:14:42.472+0530][gc,task     ] GC(733) Using 2 workers of 2 for evacuation
[2025-03-28T20:14:42.491+0530][gc,phases   ] GC(733)   Pre Evacuate Collection Set: 0.2ms
[2025-03-28T20:14:42.491+0530][gc,phases   ] GC(733)   Merge Heap Roots: 0.1ms
[2025-03-28T20:14:42.491+0530][gc,phases   ] GC(733)   Evacuate Collection Set: 18.2ms
[2025-03-28T20:14:42.491+0530][gc,phases   ] GC(733)   Post Evacuate Collection Set: 1.0ms
[2025-03-28T20:14:42.491+0530][gc,phases   ] GC(733)   Other: 0.1ms
[2025-03-28T20:14:42.491+0530][gc,heap     ] GC(733) Eden regions: 84->0(49)
[2025-03-28T20:14:42.491+0530][gc,heap     ] GC(733) Survivor regions: 3->7(11)
[2025-03-28T20:14:42.491+0530][gc,heap     ] GC(733) Old regions: 85->85
[2025-03-28T20:14:42.491+0530][gc,heap     ] GC(733) Archive regions: 2->2
[2025-03-28T20:14:42.491+0530][gc,heap     ] GC(733) Humongous regions: 140->138
[2025-03-28T20:14:42.491+0530][gc,metaspace] GC(733) Metaspace: 54036K(54720K)->54036K(54720K) NonClass: 47980K(48320K)->47980K(48320K) Class: 6056K(6400K)->6056K(6400K)
[2025-03-28T20:14:42.491+0530][gc          ] GC(733) Pause Young (Normal) (G1 Evacuation Pause) 312M->229M(1024M) 19.763ms
[2025-03-28T20:14:42.491+0530][gc,cpu      ] GC(733) User=0.02s Sys=0.00s Real=0.02s
[2025-03-28T20:14:42.696+0530][gc,start    ] GC(734) Pause Young (Normal) (G1 Evacuation Pause)
[2025-03-28T20:14:42.696+0530][gc,task     ] GC(734) Using 2 workers of 2 for evacuation
[2025-03-28T20:14:42.714+0530][gc,phases   ] GC(734)   Pre Evacuate Collection Set: 0.2ms
[2025-03-28T20:14:42.714+0530][gc,phases   ] GC(734)   Merge Heap Roots: 0.1ms
[2025-03-28T20:14:42.714+0530][gc,phases   ] GC(734)   Evacuate Collection Set: 16.5ms
[2025-03-28T20:14:42.714+0530][gc,phases   ] GC(734)   Post Evacuate Collection Set: 1.0ms
[2025-03-28T20:14:42.714+0530][gc,phases   ] GC(734)   Other: 0.1ms
[2025-03-28T20:14:42.714+0530][gc,heap     ] GC(734) Eden regions: 49->0(115)
[2025-03-28T20:14:42.714+0530][gc,heap     ] GC(734) Survivor regions: 7->2(7)
[2025-03-28T20:14:42.714+0530][gc,heap     ] GC(734) Old regions: 85->86
[2025-03-28T20:14:42.714+0530][gc,heap     ] GC(734) Archive regions: 2->2
[2025-03-28T20:14:42.714+0530][gc,heap     ] GC(734) Humongous regions: 140->140
[2025-03-28T20:14:42.714+0530][gc,metaspace] GC(734) Metaspace: 54036K(54720K)->54036K(54720K) NonClass: 47980K(48320K)->47980K(48320K) Class: 6056K(6400K)->6056K(6400K)
[2025-03-28T20:14:42.715+0530][gc          ] GC(734) Pause Young (Normal) (G1 Evacuation Pause) 280M->228M(1024M) 18.152ms
[2025-03-28T20:14:42.715+0530][gc,cpu      ] GC(734) User=0.02s Sys=0.00s Real=0.01s
[2025-03-28T20:14:48.707+0530][gc,start    ] GC(735) Pause Young (Normal) (G1 Evacuation Pause)
[2025-03-28T20:14:48.707+0530][gc,task     ] GC(735) Using 2 workers of 2 for evacuation
[2025-03-28T20:14:48.731+0530][gc,mmu      ] GC(735) MMU target violated: 21.0ms (20.0ms/21.0ms)
[2025-03-28T20:14:48.731+0530][gc,phases   ] GC(735)   Pre Evacuate Collection Set: 0.3ms
[2025-03-28T20:14:48.731+0530][gc,phases   ] GC(735)   Merge Heap Roots: 0.1ms
[2025-03-28T20:14:48.731+0530][gc,phases   ] GC(735)   Evacuate Collection Set: 23.0ms
[2025-03-28T20:14:48.731+0530][gc,phases   ] GC(735)   Post Evacuate Collection Set: 0.8ms
[2025-03-28T20:14:48.731+0530][gc,phases   ] GC(735)   Other: 0.2ms
[2025-03-28T20:14:48.731+0530][gc,heap     ] GC(735) Eden regions: 115->0(48)
[2025-03-28T20:14:48.731+0530][gc,heap     ] GC(735) Survivor regions: 2->3(15)
[2025-03-28T20:14:48.731+0530][gc,heap     ] GC(735) Old regions: 86->86
[2025-03-28T20:14:48.731+0530][gc,heap     ] GC(735) Archive regions: 2->2
[2025-03-28T20:14:48.731+0530][gc,heap     ] GC(735) Humongous regions: 142->140
[2025-03-28T20:14:48.731+0530][gc,metaspace] GC(735) Metaspace: 54036K(54720K)->54036K(54720K) NonClass: 47980K(48320K)->47980K(48320K) Class: 6056K(6400K)->6056K(6400K)
[2025-03-28T20:14:48.731+0530][gc          ] GC(735) Pause Young (Normal) (G1 Evacuation Pause) 345M->229M(1024M) 24.451ms
[2025-03-28T20:14:48.731+0530][gc,cpu      ] GC(735) User=0.01s Sys=0.00s Real=0.02s
[2025-03-28T20:14:52.511+0530][gc,start    ] GC(736) Pause Young (Normal) (G1 Evacuation Pause)
[2025-03-28T20:14:52.512+0530][gc,task     ] GC(736) Using 2 workers of 2 for evacuation
[2025-03-28T20:14:52.530+0530][gc,phases   ] GC(736)   Pre Evacuate Collection Set: 0.2ms
[2025-03-28T20:14:52.531+0530][gc,phases   ] GC(736)   Merge Heap Roots: 0.2ms
[2025-03-28T20:14:52.531+0530][gc,phases   ] GC(736)   Evacuate Collection Set: 17.8ms
[2025-03-28T20:14:52.531+0530][gc,phases   ] GC(736)   Post Evacuate Collection Set: 0.7ms
[2025-03-28T20:14:52.531+0530][gc,phases   ] GC(736)   Other: 0.2ms
[2025-03-28T20:14:52.531+0530][gc,heap     ] GC(736) Eden regions: 48->0(46)
[2025-03-28T20:14:52.531+0530][gc,heap     ] GC(736) Survivor regions: 3->5(7)
[2025-03-28T20:14:52.531+0530][gc,heap     ] GC(736) Old regions: 86->86
[2025-03-28T20:14:52.531+0530][gc,heap     ] GC(736) Archive regions: 2->2
[2025-03-28T20:14:52.531+0530][gc,heap     ] GC(736) Humongous regions: 140->138
[2025-03-28T20:14:52.531+0530][gc,metaspace] GC(736) Metaspace: 54040K(54720K)->54040K(54720K) NonClass: 47983K(48320K)->47983K(48320K) Class: 6056K(6400K)->6056K(6400K)
[2025-03-28T20:14:52.531+0530][gc          ] GC(736) Pause Young (Normal) (G1 Evacuation Pause) 277M->229M(1024M) 19.185ms
[2025-03-28T20:14:52.531+0530][gc,cpu      ] GC(736) User=0.02s Sys=0.00s Real=0.03s
[2025-03-28T20:14:52.748+0530][gc,start    ] GC(737) Pause Young (Normal) (G1 Evacuation Pause)
[2025-03-28T20:14:52.748+0530][gc,task     ] GC(737) Using 2 workers of 2 for evacuation
[2025-03-28T20:14:52.759+0530][gc,phases   ] GC(737)   Pre Evacuate Collection Set: 0.2ms
[2025-03-28T20:14:52.759+0530][gc,phases   ] GC(737)   Merge Heap Roots: 0.1ms
[2025-03-28T20:14:52.759+0530][gc,phases   ] GC(737)   Evacuate Collection Set: 10.2ms
[2025-03-28T20:14:52.759+0530][gc,phases   ] GC(737)   Post Evacuate Collection Set: 0.6ms
[2025-03-28T20:14:52.759+0530][gc,phases   ] GC(737)   Other: 0.1ms
[2025-03-28T20:14:52.759+0530][gc,heap     ] GC(737) Eden regions: 46->0(84)
[2025-03-28T20:14:52.759+0530][gc,heap     ] GC(737) Survivor regions: 5->2(7)
[2025-03-28T20:14:52.759+0530][gc,heap     ] GC(737) Old regions: 86->87
[2025-03-28T20:14:52.759+0530][gc,heap     ] GC(737) Archive regions: 2->2
[2025-03-28T20:14:52.759+0530][gc,heap     ] GC(737) Humongous regions: 140->140
[2025-03-28T20:14:52.759+0530][gc,metaspace] GC(737) Metaspace: 54040K(54720K)->54040K(54720K) NonClass: 47983K(48320K)->47983K(48320K) Class: 6056K(6400K)->6056K(6400K)
[2025-03-28T20:14:52.759+0530][gc          ] GC(737) Pause Young (Normal) (G1 Evacuation Pause) 277M->229M(1024M) 11.252ms
[2025-03-28T20:14:52.759+0530][gc,cpu      ] GC(737) User=0.01s Sys=0.00s Real=0.02s
[2025-03-28T20:14:58.398+0530][gc,start    ] GC(738) Pause Young (Normal) (G1 Evacuation Pause)
[2025-03-28T20:14:58.442+0530][gc,task     ] GC(738) Using 2 workers of 2 for evacuation
[2025-03-28T20:14:58.463+0530][gc,mmu      ] GC(738) MMU target violated: 21.0ms (20.0ms/21.0ms)
[2025-03-28T20:14:58.463+0530][gc,phases   ] GC(738)   Pre Evacuate Collection Set: 0.2ms
[2025-03-28T20:14:58.463+0530][gc,phases   ] GC(738)   Merge Heap Roots: 0.1ms
[2025-03-28T20:14:58.463+0530][gc,phases   ] GC(738)   Evacuate Collection Set: 20.1ms
[2025-03-28T20:14:58.463+0530][gc,phases   ] GC(738)   Post Evacuate Collection Set: 0.7ms
[2025-03-28T20:14:58.463+0530][gc,phases   ] GC(738)   Other: 43.9ms
[2025-03-28T20:14:58.463+0530][gc,heap     ] GC(738) Eden regions: 84->0(44)
[2025-03-28T20:14:58.463+0530][gc,heap     ] GC(738) Survivor regions: 2->7(11)
[2025-03-28T20:14:58.463+0530][gc,heap     ] GC(738) Old regions: 87->87
[2025-03-28T20:14:58.463+0530][gc,heap     ] GC(738) Archive regions: 2->2
[2025-03-28T20:14:58.463+0530][gc,heap     ] GC(738) Humongous regions: 140->138
[2025-03-28T20:14:58.463+0530][gc,metaspace] GC(738) Metaspace: 54050K(54720K)->54050K(54720K) NonClass: 47993K(48320K)->47993K(48320K) Class: 6056K(6400K)->6056K(6400K)
[2025-03-28T20:14:58.463+0530][gc          ] GC(738) Pause Young (Normal) (G1 Evacuation Pause) 313M->232M(1024M) 65.082ms
[2025-03-28T20:14:58.463+0530][gc,cpu      ] GC(738) User=0.02s Sys=0.00s Real=0.07s
[2025-03-28T20:14:58.738+0530][gc,start    ] GC(739) Pause Young (Normal) (G1 Evacuation Pause)
[2025-03-28T20:14:58.738+0530][gc,task     ] GC(739) Using 2 workers of 2 for evacuation
[2025-03-28T20:14:58.748+0530][gc,phases   ] GC(739)   Pre Evacuate Collection Set: 0.2ms
[2025-03-28T20:14:58.748+0530][gc,phases   ] GC(739)   Merge Heap Roots: 0.1ms
[2025-03-28T20:14:58.748+0530][gc,phases   ] GC(739)   Evacuate Collection Set: 7.1ms
[2025-03-28T20:14:58.748+0530][gc,phases   ] GC(739)   Post Evacuate Collection Set: 2.7ms
[2025-03-28T20:14:58.748+0530][gc,phases   ] GC(739)   Other: 0.2ms
[2025-03-28T20:14:58.748+0530][gc,heap     ] GC(739) Eden regions: 44->0(73)
[2025-03-28T20:14:58.748+0530][gc,heap     ] GC(739) Survivor regions: 7->2(7)
[2025-03-28T20:14:58.748+0530][gc,heap     ] GC(739) Old regions: 87->89
[2025-03-28T20:14:58.748+0530][gc,heap     ] GC(739) Archive regions: 2->2
[2025-03-28T20:14:58.748+0530][gc,heap     ] GC(739) Humongous regions: 140->140
[2025-03-28T20:14:58.748+0530][gc,metaspace] GC(739) Metaspace: 54050K(54720K)->54050K(54720K) NonClass: 47993K(48320K)->47993K(48320K) Class: 6056K(6400K)->6056K(6400K)
[2025-03-28T20:14:58.748+0530][gc          ] GC(739) Pause Young (Normal) (G1 Evacuation Pause) 278M->231M(1024M) 10.332ms
[2025-03-28T20:14:58.748+0530][gc,cpu      ] GC(739) User=0.01s Sys=0.00s Real=0.01s
[2025-03-28T20:15:02.548+0530][gc,start    ] GC(740) Pause Young (Normal) (G1 Evacuation Pause)
[2025-03-28T20:15:02.548+0530][gc,task     ] GC(740) Using 2 workers of 2 for evacuation
[2025-03-28T20:15:02.570+0530][gc,mmu      ] GC(740) MMU target violated: 21.0ms (20.0ms/21.0ms)
[2025-03-28T20:15:02.570+0530][gc,phases   ] GC(740)   Pre Evacuate Collection Set: 0.4ms
[2025-03-28T20:15:02.570+0530][gc,phases   ] GC(740)   Merge Heap Roots: 0.2ms
[2025-03-28T20:15:02.570+0530][gc,phases   ] GC(740)   Evacuate Collection Set: 20.1ms
[2025-03-28T20:15:02.570+0530][gc,phases   ] GC(740)   Post Evacuate Collection Set: 0.7ms
[2025-03-28T20:15:02.570+0530][gc,phases   ] GC(740)   Other: 0.3ms
[2025-03-28T20:15:02.570+0530][gc,heap     ] GC(740) Eden regions: 73->0(50)
[2025-03-28T20:15:02.570+0530][gc,heap     ] GC(740) Survivor regions: 2->8(10)
[2025-03-28T20:15:02.570+0530][gc,heap     ] GC(740) Old regions: 89->89
[2025-03-28T20:15:02.570+0530][gc,heap     ] GC(740) Archive regions: 2->2
[2025-03-28T20:15:02.570+0530][gc,heap     ] GC(740) Humongous regions: 140->138
[2025-03-28T20:15:02.570+0530][gc,metaspace] GC(740) Metaspace: 54050K(54720K)->54050K(54720K) NonClass: 47993K(48320K)->47993K(48320K) Class: 6056K(6400K)->6056K(6400K)
[2025-03-28T20:15:02.570+0530][gc          ] GC(740) Pause Young (Normal) (G1 Evacuation Pause) 304M->234M(1024M) 21.691ms
[2025-03-28T20:15:02.570+0530][gc,cpu      ] GC(740) User=0.01s Sys=0.00s Real=0.02s
[2025-03-28T20:15:07.430+0530][gc,start    ] GC(741) Pause Young (Normal) (G1 Evacuation Pause)
[2025-03-28T20:15:07.430+0530][gc,task     ] GC(741) Using 2 workers of 2 for evacuation
[2025-03-28T20:15:07.452+0530][gc,mmu      ] GC(741) MMU target violated: 21.0ms (20.0ms/21.0ms)
[2025-03-28T20:15:07.452+0530][gc,phases   ] GC(741)   Pre Evacuate Collection Set: 0.8ms
[2025-03-28T20:15:07.452+0530][gc,phases   ] GC(741)   Merge Heap Roots: 0.5ms
[2025-03-28T20:15:07.452+0530][gc,phases   ] GC(741)   Evacuate Collection Set: 14.8ms
[2025-03-28T20:15:07.452+0530][gc,phases   ] GC(741)   Post Evacuate Collection Set: 5.5ms
[2025-03-28T20:15:07.452+0530][gc,phases   ] GC(741)   Other: 0.4ms
[2025-03-28T20:15:07.452+0530][gc,heap     ] GC(741) Eden regions: 50->0(50)
[2025-03-28T20:15:07.452+0530][gc,heap     ] GC(741) Survivor regions: 8->1(8)
[2025-03-28T20:15:07.452+0530][gc,heap     ] GC(741) Old regions: 89->89
[2025-03-28T20:15:07.452+0530][gc,heap     ] GC(741) Archive regions: 2->2
[2025-03-28T20:15:07.452+0530][gc,heap     ] GC(741) Humongous regions: 140->138
[2025-03-28T20:15:07.452+0530][gc,metaspace] GC(741) Metaspace: 54050K(54720K)->54050K(54720K) NonClass: 47993K(48320K)->47993K(48320K) Class: 6056K(6400K)->6056K(6400K)
[2025-03-28T20:15:07.453+0530][gc          ] GC(741) Pause Young (Normal) (G1 Evacuation Pause) 286M->228M(1024M) 22.177ms
[2025-03-28T20:15:07.453+0530][gc,cpu      ] GC(741) User=0.02s Sys=0.00s Real=0.02s
[2025-03-28T20:15:08.481+0530][gc,start    ] GC(742) Pause Young (Normal) (G1 Evacuation Pause)
[2025-03-28T20:15:08.481+0530][gc,task     ] GC(742) Using 2 workers of 2 for evacuation
[2025-03-28T20:15:08.510+0530][gc,mmu      ] GC(742) MMU target violated: 21.0ms (20.0ms/21.0ms)
[2025-03-28T20:15:08.510+0530][gc,phases   ] GC(742)   Pre Evacuate Collection Set: 3.3ms
[2025-03-28T20:15:08.510+0530][gc,phases   ] GC(742)   Merge Heap Roots: 0.4ms
[2025-03-28T20:15:08.510+0530][gc,phases   ] GC(742)   Evacuate Collection Set: 24.0ms
[2025-03-28T20:15:08.510+0530][gc,phases   ] GC(742)   Post Evacuate Collection Set: 0.8ms
[2025-03-28T20:15:08.510+0530][gc,phases   ] GC(742)   Other: 0.2ms
[2025-03-28T20:15:08.510+0530][gc,heap     ] GC(742) Eden regions: 50->0(44)
[2025-03-28T20:15:08.510+0530][gc,heap     ] GC(742) Survivor regions: 1->7(7)
[2025-03-28T20:15:08.510+0530][gc,heap     ] GC(742) Old regions: 89->89
[2025-03-28T20:15:08.510+0530][gc,heap     ] GC(742) Archive regions: 2->2
[2025-03-28T20:15:08.510+0530][gc,heap     ] GC(742) Humongous regions: 138->138
[2025-03-28T20:15:08.510+0530][gc,metaspace] GC(742) Metaspace: 54050K(54720K)->54050K(54720K) NonClass: 47993K(48320K)->47993K(48320K) Class: 6056K(6400K)->6056K(6400K)
[2025-03-28T20:15:08.510+0530][gc          ] GC(742) Pause Young (Normal) (G1 Evacuation Pause) 278M->233M(1024M) 28.901ms
[2025-03-28T20:15:08.510+0530][gc,cpu      ] GC(742) User=0.02s Sys=0.00s Real=0.03s
[2025-03-28T20:15:08.667+0530][gc,start    ] GC(743) Pause Young (Normal) (G1 Evacuation Pause)
[2025-03-28T20:15:08.667+0530][gc,task     ] GC(743) Using 2 workers of 2 for evacuation
[2025-03-28T20:15:08.680+0530][gc,phases   ] GC(743)   Pre Evacuate Collection Set: 0.4ms
[2025-03-28T20:15:08.680+0530][gc,phases   ] GC(743)   Merge Heap Roots: 0.5ms
[2025-03-28T20:15:08.680+0530][gc,phases   ] GC(743)   Evacuate Collection Set: 11.3ms
[2025-03-28T20:15:08.680+0530][gc,phases   ] GC(743)   Post Evacuate Collection Set: 0.5ms
[2025-03-28T20:15:08.680+0530][gc,phases   ] GC(743)   Other: 0.1ms
[2025-03-28T20:15:08.680+0530][gc,heap     ] GC(743) Eden regions: 44->0(49)
[2025-03-28T20:15:08.680+0530][gc,heap     ] GC(743) Survivor regions: 7->2(7)
[2025-03-28T20:15:08.680+0530][gc,heap     ] GC(743) Old regions: 89->90
[2025-03-28T20:15:08.680+0530][gc,heap     ] GC(743) Archive regions: 2->2
[2025-03-28T20:15:08.680+0530][gc,heap     ] GC(743) Humongous regions: 140->140
[2025-03-28T20:15:08.680+0530][gc,metaspace] GC(743) Metaspace: 54050K(54720K)->54050K(54720K) NonClass: 47993K(48320K)->47993K(48320K) Class: 6056K(6400K)->6056K(6400K)
[2025-03-28T20:15:08.680+0530][gc          ] GC(743) Pause Young (Normal) (G1 Evacuation Pause) 279M->231M(1024M) 13.012ms
[2025-03-28T20:15:08.680+0530][gc,cpu      ] GC(743) User=0.01s Sys=0.00s Real=0.01s
[2025-03-28T20:15:12.470+0530][gc,start    ] GC(744) Pause Young (Normal) (G1 Evacuation Pause)
[2025-03-28T20:15:12.470+0530][gc,task     ] GC(744) Using 2 workers of 2 for evacuation
[2025-03-28T20:15:12.485+0530][gc,phases   ] GC(744)   Pre Evacuate Collection Set: 0.2ms
[2025-03-28T20:15:12.485+0530][gc,phases   ] GC(744)   Merge Heap Roots: 0.1ms
[2025-03-28T20:15:12.485+0530][gc,phases   ] GC(744)   Evacuate Collection Set: 12.9ms
[2025-03-28T20:15:12.485+0530][gc,phases   ] GC(744)   Post Evacuate Collection Set: 1.7ms
[2025-03-28T20:15:12.485+0530][gc,phases   ] GC(744)   Other: 0.2ms
[2025-03-28T20:15:12.485+0530][gc,heap     ] GC(744) Eden regions: 49->0(48)
[2025-03-28T20:15:12.485+0530][gc,heap     ] GC(744) Survivor regions: 2->4(7)
[2025-03-28T20:15:12.485+0530][gc,heap     ] GC(744) Old regions: 90->90
[2025-03-28T20:15:12.485+0530][gc,heap     ] GC(744) Archive regions: 2->2
[2025-03-28T20:15:12.485+0530][gc,heap     ] GC(744) Humongous regions: 140->138
[2025-03-28T20:15:12.485+0530][gc,metaspace] GC(744) Metaspace: 54050K(54720K)->54050K(54720K) NonClass: 47993K(48320K)->47993K(48320K) Class: 6056K(6400K)->6056K(6400K)
[2025-03-28T20:15:12.485+0530][gc          ] GC(744) Pause Young (Normal) (G1 Evacuation Pause) 280M->232M(1024M) 15.173ms
[2025-03-28T20:15:12.485+0530][gc,cpu      ] GC(744) User=0.01s Sys=0.01s Real=0.03s
[2025-03-28T20:15:12.614+0530][gc,start    ] GC(745) Pause Young (Normal) (G1 Evacuation Pause)
[2025-03-28T20:15:12.615+0530][gc,task     ] GC(745) Using 2 workers of 2 for evacuation
[2025-03-28T20:15:12.623+0530][gc,phases   ] GC(745)   Pre Evacuate Collection Set: 0.2ms
[2025-03-28T20:15:12.623+0530][gc,phases   ] GC(745)   Merge Heap Roots: 0.1ms
[2025-03-28T20:15:12.623+0530][gc,phases   ] GC(745)   Evacuate Collection Set: 6.2ms
[2025-03-28T20:15:12.623+0530][gc,phases   ] GC(745)   Post Evacuate Collection Set: 1.6ms
[2025-03-28T20:15:12.623+0530][gc,phases   ] GC(745)   Other: 0.2ms
[2025-03-28T20:15:12.623+0530][gc,heap     ] GC(745) Eden regions: 48->0(87)
[2025-03-28T20:15:12.623+0530][gc,heap     ] GC(745) Survivor regions: 4->2(7)
[2025-03-28T20:15:12.623+0530][gc,heap     ] GC(745) Old regions: 90->91
[2025-03-28T20:15:12.623+0530][gc,heap     ] GC(745) Archive regions: 2->2
[2025-03-28T20:15:12.623+0530][gc,heap     ] GC(745) Humongous regions: 140->140
[2025-03-28T20:15:12.623+0530][gc,metaspace] GC(745) Metaspace: 54050K(54720K)->54050K(54720K) NonClass: 47993K(48320K)->47993K(48320K) Class: 6056K(6400K)->6056K(6400K)
[2025-03-28T20:15:12.623+0530][gc          ] GC(745) Pause Young (Normal) (G1 Evacuation Pause) 282M->233M(1024M) 8.436ms
[2025-03-28T20:15:12.623+0530][gc,cpu      ] GC(745) User=0.00s Sys=0.00s Real=0.02s
[2025-03-28T20:15:18.729+0530][gc,start    ] GC(746) Pause Young (Normal) (G1 Evacuation Pause)
[2025-03-28T20:15:18.729+0530][gc,task     ] GC(746) Using 2 workers of 2 for evacuation
[2025-03-28T20:15:18.757+0530][gc,mmu      ] GC(746) MMU target violated: 21.0ms (20.0ms/21.0ms)
[2025-03-28T20:15:18.757+0530][gc,phases   ] GC(746)   Pre Evacuate Collection Set: 0.2ms
[2025-03-28T20:15:18.758+0530][gc,phases   ] GC(746)   Merge Heap Roots: 0.1ms
[2025-03-28T20:15:18.758+0530][gc,phases   ] GC(746)   Evacuate Collection Set: 26.5ms
[2025-03-28T20:15:18.758+0530][gc,phases   ] GC(746)   Post Evacuate Collection Set: 1.6ms
[2025-03-28T20:15:18.758+0530][gc,phases   ] GC(746)   Other: 0.2ms
[2025-03-28T20:15:18.758+0530][gc,heap     ] GC(746) Eden regions: 87->0(45)
[2025-03-28T20:15:18.758+0530][gc,heap     ] GC(746) Survivor regions: 2->7(12)
[2025-03-28T20:15:18.758+0530][gc,heap     ] GC(746) Old regions: 91->91
[2025-03-28T20:15:18.758+0530][gc,heap     ] GC(746) Archive regions: 2->2
[2025-03-28T20:15:18.758+0530][gc,heap     ] GC(746) Humongous regions: 140->138
[2025-03-28T20:15:18.758+0530][gc,metaspace] GC(746) Metaspace: 54050K(54720K)->54050K(54720K) NonClass: 47993K(48320K)->47993K(48320K) Class: 6056K(6400K)->6056K(6400K)
[2025-03-28T20:15:18.758+0530][gc          ] GC(746) Pause Young (Normal) (G1 Evacuation Pause) 320M->235M(1024M) 28.658ms
[2025-03-28T20:15:18.758+0530][gc,cpu      ] GC(746) User=0.02s Sys=0.00s Real=0.03s
[2025-03-28T20:15:18.926+0530][gc,start    ] GC(747) Pause Young (Normal) (G1 Evacuation Pause)
[2025-03-28T20:15:18.926+0530][gc,task     ] GC(747) Using 2 workers of 2 for evacuation
[2025-03-28T20:15:18.947+0530][gc,mmu      ] GC(747) MMU target violated: 20.2ms (20.0ms/21.0ms)
[2025-03-28T20:15:18.947+0530][gc,phases   ] GC(747)   Pre Evacuate Collection Set: 0.2ms
[2025-03-28T20:15:18.947+0530][gc,phases   ] GC(747)   Merge Heap Roots: 0.2ms
[2025-03-28T20:15:18.947+0530][gc,phases   ] GC(747)   Evacuate Collection Set: 16.2ms
[2025-03-28T20:15:18.947+0530][gc,phases   ] GC(747)   Post Evacuate Collection Set: 3.7ms
[2025-03-28T20:15:18.947+0530][gc,phases   ] GC(747)   Other: 0.2ms
[2025-03-28T20:15:18.947+0530][gc,heap     ] GC(747) Eden regions: 45->0(65)
[2025-03-28T20:15:18.947+0530][gc,heap     ] GC(747) Survivor regions: 7->2(7)
[2025-03-28T20:15:18.947+0530][gc,heap     ] GC(747) Old regions: 91->92
[2025-03-28T20:15:18.947+0530][gc,heap     ] GC(747) Archive regions: 2->2
[2025-03-28T20:15:18.947+0530][gc,heap     ] GC(747) Humongous regions: 140->140
[2025-03-28T20:15:18.947+0530][gc,metaspace] GC(747) Metaspace: 54050K(54720K)->54050K(54720K) NonClass: 47993K(48320K)->47993K(48320K) Class: 6056K(6400K)->6056K(6400K)
[2025-03-28T20:15:18.947+0530][gc          ] GC(747) Pause Young (Normal) (G1 Evacuation Pause) 282M->234M(1024M) 20.489ms
[2025-03-28T20:15:18.947+0530][gc,cpu      ] GC(747) User=0.02s Sys=0.00s Real=0.03s
[2025-03-28T20:15:22.461+0530][gc,start    ] GC(748) Pause Young (Normal) (G1 Evacuation Pause)
[2025-03-28T20:15:22.461+0530][gc,task     ] GC(748) Using 2 workers of 2 for evacuation
[2025-03-28T20:15:22.470+0530][gc,phases   ] GC(748)   Pre Evacuate Collection Set: 0.3ms
[2025-03-28T20:15:22.470+0530][gc,phases   ] GC(748)   Merge Heap Roots: 0.3ms
[2025-03-28T20:15:22.470+0530][gc,phases   ] GC(748)   Evacuate Collection Set: 6.9ms
[2025-03-28T20:15:22.470+0530][gc,phases   ] GC(748)   Post Evacuate Collection Set: 1.8ms
[2025-03-28T20:15:22.470+0530][gc,phases   ] GC(748)   Other: 0.1ms
[2025-03-28T20:15:22.470+0530][gc,heap     ] GC(748) Eden regions: 65->0(50)
[2025-03-28T20:15:22.470+0530][gc,heap     ] GC(748) Survivor regions: 2->7(9)
[2025-03-28T20:15:22.470+0530][gc,heap     ] GC(748) Old regions: 92->92
[2025-03-28T20:15:22.470+0530][gc,heap     ] GC(748) Archive regions: 2->2
[2025-03-28T20:15:22.470+0530][gc,heap     ] GC(748) Humongous regions: 140->138
[2025-03-28T20:15:22.470+0530][gc,metaspace] GC(748) Metaspace: 54050K(54720K)->54050K(54720K) NonClass: 47993K(48320K)->47993K(48320K) Class: 6056K(6400K)->6056K(6400K)
[2025-03-28T20:15:22.470+0530][gc          ] GC(748) Pause Young (Normal) (G1 Evacuation Pause) 299M->236M(1024M) 9.588ms
[2025-03-28T20:15:22.470+0530][gc,cpu      ] GC(748) User=0.01s Sys=0.00s Real=0.02s
[2025-03-28T20:15:22.606+0530][gc,start    ] GC(749) Pause Young (Normal) (G1 Evacuation Pause)
[2025-03-28T20:15:22.606+0530][gc,task     ] GC(749) Using 2 workers of 2 for evacuation
[2025-03-28T20:15:22.618+0530][gc,phases   ] GC(749)   Pre Evacuate Collection Set: 0.2ms
[2025-03-28T20:15:22.618+0530][gc,phases   ] GC(749)   Merge Heap Roots: 0.1ms
[2025-03-28T20:15:22.618+0530][gc,phases   ] GC(749)   Evacuate Collection Set: 9.5ms
[2025-03-28T20:15:22.618+0530][gc,phases   ] GC(749)   Post Evacuate Collection Set: 1.5ms
[2025-03-28T20:15:22.618+0530][gc,phases   ] GC(749)   Other: 0.2ms
[2025-03-28T20:15:22.618+0530][gc,heap     ] GC(749) Eden regions: 50->0(114)
[2025-03-28T20:15:22.618+0530][gc,heap     ] GC(749) Survivor regions: 7->2(8)
[2025-03-28T20:15:22.618+0530][gc,heap     ] GC(749) Old regions: 92->93
[2025-03-28T20:15:22.618+0530][gc,heap     ] GC(749) Archive regions: 2->2
[2025-03-28T20:15:22.618+0530][gc,heap     ] GC(749) Humongous regions: 140->140
[2025-03-28T20:15:22.618+0530][gc,metaspace] GC(749) Metaspace: 54050K(54720K)->54050K(54720K) NonClass: 47993K(48320K)->47993K(48320K) Class: 6056K(6400K)->6056K(6400K)
[2025-03-28T20:15:22.618+0530][gc          ] GC(749) Pause Young (Normal) (G1 Evacuation Pause) 288M->235M(1024M) 11.670ms
[2025-03-28T20:15:22.618+0530][gc,cpu      ] GC(749) User=0.01s Sys=0.00s Real=0.01s
[2025-03-28T20:15:28.789+0530][gc,start    ] GC(750) Pause Young (Normal) (G1 Evacuation Pause)
[2025-03-28T20:15:28.789+0530][gc,task     ] GC(750) Using 2 workers of 2 for evacuation
[2025-03-28T20:15:28.808+0530][gc,phases   ] GC(750)   Pre Evacuate Collection Set: 0.2ms
[2025-03-28T20:15:28.808+0530][gc,phases   ] GC(750)   Merge Heap Roots: 0.1ms
[2025-03-28T20:15:28.808+0530][gc,phases   ] GC(750)   Evacuate Collection Set: 18.1ms
[2025-03-28T20:15:28.808+0530][gc,phases   ] GC(750)   Post Evacuate Collection Set: 0.8ms
[2025-03-28T20:15:28.808+0530][gc,phases   ] GC(750)   Other: 0.2ms
[2025-03-28T20:15:28.808+0530][gc,heap     ] GC(750) Eden regions: 114->0(98)
[2025-03-28T20:15:28.808+0530][gc,heap     ] GC(750) Survivor regions: 2->3(15)
[2025-03-28T20:15:28.808+0530][gc,heap     ] GC(750) Old regions: 93->93
[2025-03-28T20:15:28.808+0530][gc,heap     ] GC(750) Archive regions: 2->2
[2025-03-28T20:15:28.808+0530][gc,heap     ] GC(750) Humongous regions: 142->140
[2025-03-28T20:15:28.808+0530][gc,metaspace] GC(750) Metaspace: 54050K(54720K)->54050K(54720K) NonClass: 47993K(48320K)->47993K(48320K) Class: 6056K(6400K)->6056K(6400K)
[2025-03-28T20:15:28.808+0530][gc          ] GC(750) Pause Young (Normal) (G1 Evacuation Pause) 351M->236M(1024M) 19.534ms
[2025-03-28T20:15:28.808+0530][gc,cpu      ] GC(750) User=0.01s Sys=0.00s Real=0.03s
[2025-03-28T20:15:32.579+0530][gc,start    ] GC(751) Pause Young (Normal) (G1 Evacuation Pause)
[2025-03-28T20:15:32.580+0530][gc,task     ] GC(751) Using 2 workers of 2 for evacuation
[2025-03-28T20:15:32.594+0530][gc,phases   ] GC(751)   Pre Evacuate Collection Set: 0.3ms
[2025-03-28T20:15:32.594+0530][gc,phases   ] GC(751)   Merge Heap Roots: 0.1ms
[2025-03-28T20:15:32.594+0530][gc,phases   ] GC(751)   Evacuate Collection Set: 10.5ms
[2025-03-28T20:15:32.594+0530][gc,phases   ] GC(751)   Post Evacuate Collection Set: 3.8ms
[2025-03-28T20:15:32.594+0530][gc,phases   ] GC(751)   Other: 0.1ms
[2025-03-28T20:15:32.594+0530][gc,heap     ] GC(751) Eden regions: 98->0(134)
[2025-03-28T20:15:32.594+0530][gc,heap     ] GC(751) Survivor regions: 3->3(13)
[2025-03-28T20:15:32.594+0530][gc,heap     ] GC(751) Old regions: 93->93
[2025-03-28T20:15:32.594+0530][gc,heap     ] GC(751) Archive regions: 2->2
[2025-03-28T20:15:32.594+0530][gc,heap     ] GC(751) Humongous regions: 142->140
[2025-03-28T20:15:32.594+0530][gc,metaspace] GC(751) Metaspace: 54050K(54720K)->54050K(54720K) NonClass: 47993K(48320K)->47993K(48320K) Class: 6056K(6400K)->6056K(6400K)
[2025-03-28T20:15:32.594+0530][gc          ] GC(751) Pause Young (Normal) (G1 Evacuation Pause) 336M->236M(1024M) 14.853ms
[2025-03-28T20:15:32.594+0530][gc,cpu      ] GC(751) User=0.01s Sys=0.00s Real=0.01s
[2025-03-28T20:15:38.706+0530][gc,start    ] GC(752) Pause Young (Normal) (G1 Evacuation Pause)
[2025-03-28T20:15:38.706+0530][gc,task     ] GC(752) Using 2 workers of 2 for evacuation
[2025-03-28T20:15:38.714+0530][gc,phases   ] GC(752)   Pre Evacuate Collection Set: 0.4ms
[2025-03-28T20:15:38.714+0530][gc,phases   ] GC(752)   Merge Heap Roots: 0.1ms
[2025-03-28T20:15:38.714+0530][gc,phases   ] GC(752)   Evacuate Collection Set: 6.4ms
[2025-03-28T20:15:38.714+0530][gc,phases   ] GC(752)   Post Evacuate Collection Set: 0.5ms
[2025-03-28T20:15:38.714+0530][gc,phases   ] GC(752)   Other: 0.1ms
[2025-03-28T20:15:38.714+0530][gc,heap     ] GC(752) Eden regions: 128->0(246)
[2025-03-28T20:15:38.714+0530][gc,heap     ] GC(752) Survivor regions: 3->3(17)
[2025-03-28T20:15:38.714+0530][gc,heap     ] GC(752) Old regions: 93->93
[2025-03-28T20:15:38.714+0530][gc,heap     ] GC(752) Archive regions: 2->2
[2025-03-28T20:15:38.714+0530][gc,heap     ] GC(752) Humongous regions: 142->140
[2025-03-28T20:15:38.714+0530][gc,metaspace] GC(752) Metaspace: 54052K(54720K)->54052K(54720K) NonClass: 47996K(48320K)->47996K(48320K) Class: 6056K(6400K)->6056K(6400K)
[2025-03-28T20:15:38.714+0530][gc          ] GC(752) Pause Young (Normal) (G1 Evacuation Pause) 366M->236M(1024M) 7.632ms
[2025-03-28T20:15:38.714+0530][gc,cpu      ] GC(752) User=0.01s Sys=0.00s Real=0.00s
[2025-03-28T20:15:48.782+0530][gc,start    ] GC(753) Pause Young (Normal) (G1 Evacuation Pause)
[2025-03-28T20:15:48.782+0530][gc,task     ] GC(753) Using 2 workers of 2 for evacuation
[2025-03-28T20:15:48.790+0530][gc,phases   ] GC(753)   Pre Evacuate Collection Set: 0.2ms
[2025-03-28T20:15:48.790+0530][gc,phases   ] GC(753)   Merge Heap Roots: 0.1ms
[2025-03-28T20:15:48.790+0530][gc,phases   ] GC(753)   Evacuate Collection Set: 7.2ms
[2025-03-28T20:15:48.790+0530][gc,phases   ] GC(753)   Post Evacuate Collection Set: 0.7ms
[2025-03-28T20:15:48.790+0530][gc,phases   ] GC(753)   Other: 0.1ms
[2025-03-28T20:15:48.790+0530][gc,heap     ] GC(753) Eden regions: 219->0(338)
[2025-03-28T20:15:48.790+0530][gc,heap     ] GC(753) Survivor regions: 3->4(28)
[2025-03-28T20:15:48.790+0530][gc,heap     ] GC(753) Old regions: 93->93
[2025-03-28T20:15:48.790+0530][gc,heap     ] GC(753) Archive regions: 2->2
[2025-03-28T20:15:48.790+0530][gc,heap     ] GC(753) Humongous regions: 144->140
[2025-03-28T20:15:48.790+0530][gc,metaspace] GC(753) Metaspace: 54053K(54720K)->54053K(54720K) NonClass: 47996K(48320K)->47996K(48320K) Class: 6056K(6400K)->6056K(6400K)
[2025-03-28T20:15:48.790+0530][gc          ] GC(753) Pause Young (Normal) (G1 Evacuation Pause) 459M->237M(1024M) 8.447ms
[2025-03-28T20:15:48.790+0530][gc,cpu      ] GC(753) User=0.02s Sys=0.00s Real=0.01s
[2025-03-28T20:16:02.466+0530][gc,start    ] GC(754) Pause Young (Normal) (G1 Evacuation Pause)
[2025-03-28T20:16:02.466+0530][gc,task     ] GC(754) Using 2 workers of 2 for evacuation
[2025-03-28T20:16:02.475+0530][gc,phases   ] GC(754)   Pre Evacuate Collection Set: 0.2ms
[2025-03-28T20:16:02.475+0530][gc,phases   ] GC(754)   Merge Heap Roots: 0.2ms
[2025-03-28T20:16:02.475+0530][gc,phases   ] GC(754)   Evacuate Collection Set: 8.0ms
[2025-03-28T20:16:02.475+0530][gc,phases   ] GC(754)   Post Evacuate Collection Set: 0.7ms
[2025-03-28T20:16:02.475+0530][gc,phases   ] GC(754)   Other: 0.1ms
[2025-03-28T20:16:02.475+0530][gc,heap     ] GC(754) Eden regions: 266->0(343)
[2025-03-28T20:16:02.475+0530][gc,heap     ] GC(754) Survivor regions: 4->5(34)
[2025-03-28T20:16:02.475+0530][gc,heap     ] GC(754) Old regions: 93->93
[2025-03-28T20:16:02.475+0530][gc,heap     ] GC(754) Archive regions: 2->2
[2025-03-28T20:16:02.475+0530][gc,heap     ] GC(754) Humongous regions: 144->138
[2025-03-28T20:16:02.475+0530][gc,metaspace] GC(754) Metaspace: 54053K(54720K)->54053K(54720K) NonClass: 47997K(48320K)->47997K(48320K) Class: 6056K(6400K)->6056K(6400K)
[2025-03-28T20:16:02.475+0530][gc          ] GC(754) Pause Young (Normal) (G1 Evacuation Pause) 507M->236M(1024M) 9.286ms
[2025-03-28T20:16:02.475+0530][gc,cpu      ] GC(754) User=0.02s Sys=0.00s Real=0.01s
[2025-03-28T20:16:12.552+0530][gc,start    ] GC(755) Pause Young (Normal) (G1 Evacuation Pause)
[2025-03-28T20:16:12.553+0530][gc,task     ] GC(755) Using 2 workers of 2 for evacuation
[2025-03-28T20:16:12.572+0530][gc,phases   ] GC(755)   Pre Evacuate Collection Set: 0.4ms
[2025-03-28T20:16:12.572+0530][gc,phases   ] GC(755)   Merge Heap Roots: 1.8ms
[2025-03-28T20:16:12.572+0530][gc,phases   ] GC(755)   Evacuate Collection Set: 14.4ms
[2025-03-28T20:16:12.572+0530][gc,phases   ] GC(755)   Post Evacuate Collection Set: 3.1ms
[2025-03-28T20:16:12.572+0530][gc,phases   ] GC(755)   Other: 0.2ms
[2025-03-28T20:16:12.572+0530][gc,heap     ] GC(755) Eden regions: 272->0(265)
[2025-03-28T20:16:12.572+0530][gc,heap     ] GC(755) Survivor regions: 5->5(35)
[2025-03-28T20:16:12.572+0530][gc,heap     ] GC(755) Old regions: 93->93
[2025-03-28T20:16:12.572+0530][gc,heap     ] GC(755) Archive regions: 2->2
[2025-03-28T20:16:12.572+0530][gc,heap     ] GC(755) Humongous regions: 144->140
[2025-03-28T20:16:12.572+0530][gc,metaspace] GC(755) Metaspace: 54053K(54720K)->54053K(54720K) NonClass: 47997K(48320K)->47997K(48320K) Class: 6056K(6400K)->6056K(6400K)
[2025-03-28T20:16:12.573+0530][gc          ] GC(755) Pause Young (Normal) (G1 Evacuation Pause) 514M->238M(1024M) 20.052ms
[2025-03-28T20:16:12.573+0530][gc,cpu      ] GC(755) User=0.02s Sys=0.01s Real=0.03s
[2025-03-28T20:16:20.591+0530][gc,start    ] GC(756) Pause Young (Normal) (G1 Evacuation Pause)
[2025-03-28T20:16:20.591+0530][gc,task     ] GC(756) Using 2 workers of 2 for evacuation
[2025-03-28T20:16:20.630+0530][gc,mmu      ] GC(756) MMU target violated: 21.0ms (20.0ms/21.0ms)
[2025-03-28T20:16:20.631+0530][gc,phases   ] GC(756)   Pre Evacuate Collection Set: 0.9ms
[2025-03-28T20:16:20.631+0530][gc,phases   ] GC(756)   Merge Heap Roots: 1.1ms
[2025-03-28T20:16:20.631+0530][gc,phases   ] GC(756)   Evacuate Collection Set: 34.4ms
[2025-03-28T20:16:20.631+0530][gc,phases   ] GC(756)   Post Evacuate Collection Set: 2.4ms
[2025-03-28T20:16:20.632+0530][gc,phases   ] GC(756)   Other: 0.6ms
[2025-03-28T20:16:20.633+0530][gc,heap     ] GC(756) Eden regions: 142->0(48)
[2025-03-28T20:16:20.633+0530][gc,heap     ] GC(756) Survivor regions: 5->3(19)
[2025-03-28T20:16:20.633+0530][gc,heap     ] GC(756) Old regions: 93->93
[2025-03-28T20:16:20.633+0530][gc,heap     ] GC(756) Archive regions: 2->2
[2025-03-28T20:16:20.633+0530][gc,heap     ] GC(756) Humongous regions: 142->138
[2025-03-28T20:16:20.633+0530][gc,metaspace] GC(756) Metaspace: 54054K(54720K)->54054K(54720K) NonClass: 47998K(48320K)->47998K(48320K) Class: 6056K(6400K)->6056K(6400K)
[2025-03-28T20:16:20.634+0530][gc          ] GC(756) Pause Young (Normal) (G1 Evacuation Pause) 382M->234M(1024M) 42.319ms
[2025-03-28T20:16:20.634+0530][gc,cpu      ] GC(756) User=0.07s Sys=0.01s Real=0.04s
[2025-03-28T20:16:22.469+0530][gc,start    ] GC(757) Pause Young (Normal) (G1 Evacuation Pause)
[2025-03-28T20:16:22.469+0530][gc,task     ] GC(757) Using 2 workers of 2 for evacuation
[2025-03-28T20:16:22.483+0530][gc,phases   ] GC(757)   Pre Evacuate Collection Set: 0.4ms
[2025-03-28T20:16:22.483+0530][gc,phases   ] GC(757)   Merge Heap Roots: 0.3ms
[2025-03-28T20:16:22.483+0530][gc,phases   ] GC(757)   Evacuate Collection Set: 12.3ms
[2025-03-28T20:16:22.483+0530][gc,phases   ] GC(757)   Post Evacuate Collection Set: 0.5ms
[2025-03-28T20:16:22.483+0530][gc,phases   ] GC(757)   Other: 0.3ms
[2025-03-28T20:16:22.483+0530][gc,heap     ] GC(757) Eden regions: 48->0(44)
[2025-03-28T20:16:22.483+0530][gc,heap     ] GC(757) Survivor regions: 3->7(7)
[2025-03-28T20:16:22.483+0530][gc,heap     ] GC(757) Old regions: 93->93
[2025-03-28T20:16:22.483+0530][gc,heap     ] GC(757) Archive regions: 2->2
[2025-03-28T20:16:22.483+0530][gc,heap     ] GC(757) Humongous regions: 138->138
[2025-03-28T20:16:22.483+0530][gc,metaspace] GC(757) Metaspace: 54054K(54720K)->54054K(54720K) NonClass: 47998K(48320K)->47998K(48320K) Class: 6056K(6400K)->6056K(6400K)
[2025-03-28T20:16:22.483+0530][gc          ] GC(757) Pause Young (Normal) (G1 Evacuation Pause) 282M->238M(1024M) 13.852ms
[2025-03-28T20:16:22.483+0530][gc,cpu      ] GC(757) User=0.02s Sys=0.00s Real=0.01s
[2025-03-28T20:16:22.557+0530][gc,start    ] GC(758) Pause Young (Normal) (G1 Evacuation Pause)
[2025-03-28T20:16:22.557+0530][gc,task     ] GC(758) Using 2 workers of 2 for evacuation
[2025-03-28T20:16:22.568+0530][gc,phases   ] GC(758)   Pre Evacuate Collection Set: 0.6ms
[2025-03-28T20:16:22.568+0530][gc,phases   ] GC(758)   Merge Heap Roots: 0.8ms
[2025-03-28T20:16:22.568+0530][gc,phases   ] GC(758)   Evacuate Collection Set: 9.2ms
[2025-03-28T20:16:22.568+0530][gc,phases   ] GC(758)   Post Evacuate Collection Set: 0.6ms
[2025-03-28T20:16:22.568+0530][gc,phases   ] GC(758)   Other: 0.1ms
[2025-03-28T20:16:22.568+0530][gc,heap     ] GC(758) Eden regions: 44->0(49)
[2025-03-28T20:16:22.568+0530][gc,heap     ] GC(758) Survivor regions: 7->2(7)
[2025-03-28T20:16:22.568+0530][gc,heap     ] GC(758) Old regions: 93->96
[2025-03-28T20:16:22.568+0530][gc,heap     ] GC(758) Archive regions: 2->2
[2025-03-28T20:16:22.568+0530][gc,heap     ] GC(758) Humongous regions: 140->140
[2025-03-28T20:16:22.568+0530][gc,metaspace] GC(758) Metaspace: 54054K(54720K)->54054K(54720K) NonClass: 47998K(48320K)->47998K(48320K) Class: 6056K(6400K)->6056K(6400K)
[2025-03-28T20:16:22.568+0530][gc          ] GC(758) Pause Young (Normal) (G1 Evacuation Pause) 284M->238M(1024M) 11.346ms
[2025-03-28T20:16:22.568+0530][gc,cpu      ] GC(758) User=0.02s Sys=0.00s Real=0.03s
[2025-03-28T20:16:28.535+0530][gc,start    ] GC(759) Pause Young (Normal) (G1 Evacuation Pause)
[2025-03-28T20:16:28.535+0530][gc,task     ] GC(759) Using 2 workers of 2 for evacuation
[2025-03-28T20:16:28.568+0530][gc,mmu      ] GC(759) MMU target violated: 21.0ms (20.0ms/21.0ms)
[2025-03-28T20:16:28.568+0530][gc,phases   ] GC(759)   Pre Evacuate Collection Set: 0.3ms
[2025-03-28T20:16:28.568+0530][gc,phases   ] GC(759)   Merge Heap Roots: 0.2ms
[2025-03-28T20:16:28.568+0530][gc,phases   ] GC(759)   Evacuate Collection Set: 27.5ms
[2025-03-28T20:16:28.568+0530][gc,phases   ] GC(759)   Post Evacuate Collection Set: 0.4ms
[2025-03-28T20:16:28.568+0530][gc,phases   ] GC(759)   Other: 5.5ms
[2025-03-28T20:16:28.568+0530][gc,heap     ] GC(759) Eden regions: 49->0(47)
[2025-03-28T20:16:28.568+0530][gc,heap     ] GC(759) Survivor regions: 2->4(7)
[2025-03-28T20:16:28.568+0530][gc,heap     ] GC(759) Old regions: 96->96
[2025-03-28T20:16:28.568+0530][gc,heap     ] GC(759) Archive regions: 2->2
[2025-03-28T20:16:28.568+0530][gc,heap     ] GC(759) Humongous regions: 140->138
[2025-03-28T20:16:28.568+0530][gc,metaspace] GC(759) Metaspace: 54054K(54720K)->54054K(54720K) NonClass: 47998K(48320K)->47998K(48320K) Class: 6056K(6400K)->6056K(6400K)
[2025-03-28T20:16:28.568+0530][gc          ] GC(759) Pause Young (Normal) (G1 Evacuation Pause) 287M->238M(1024M) 33.989ms
[2025-03-28T20:16:28.569+0530][gc,cpu      ] GC(759) User=0.03s Sys=0.00s Real=0.04s
[2025-03-28T20:16:28.677+0530][gc,start    ] GC(760) Pause Young (Normal) (G1 Evacuation Pause)
[2025-03-28T20:16:28.677+0530][gc,task     ] GC(760) Using 2 workers of 2 for evacuation
[2025-03-28T20:16:28.684+0530][gc,phases   ] GC(760)   Pre Evacuate Collection Set: 0.2ms
[2025-03-28T20:16:28.684+0530][gc,phases   ] GC(760)   Merge Heap Roots: 0.1ms
[2025-03-28T20:16:28.684+0530][gc,phases   ] GC(760)   Evacuate Collection Set: 5.9ms
[2025-03-28T20:16:28.684+0530][gc,phases   ] GC(760)   Post Evacuate Collection Set: 0.5ms
[2025-03-28T20:16:28.684+0530][gc,phases   ] GC(760)   Other: 0.1ms
[2025-03-28T20:16:28.684+0530][gc,heap     ] GC(760) Eden regions: 47->0(69)
[2025-03-28T20:16:28.684+0530][gc,heap     ] GC(760) Survivor regions: 4->3(7)
[2025-03-28T20:16:28.684+0530][gc,heap     ] GC(760) Old regions: 96->96
[2025-03-28T20:16:28.684+0530][gc,heap     ] GC(760) Archive regions: 2->2
[2025-03-28T20:16:28.684+0530][gc,heap     ] GC(760) Humongous regions: 140->140
[2025-03-28T20:16:28.684+0530][gc,metaspace] GC(760) Metaspace: 54054K(54720K)->54054K(54720K) NonClass: 47998K(48320K)->47998K(48320K) Class: 6056K(6400K)->6056K(6400K)
[2025-03-28T20:16:28.684+0530][gc          ] GC(760) Pause Young (Normal) (G1 Evacuation Pause) 287M->239M(1024M) 6.908ms
[2025-03-28T20:16:28.684+0530][gc,cpu      ] GC(760) User=0.01s Sys=0.00s Real=0.02s
[2025-03-28T20:16:32.442+0530][gc,start    ] GC(761) Pause Young (Normal) (G1 Evacuation Pause)
[2025-03-28T20:16:32.442+0530][gc,task     ] GC(761) Using 2 workers of 2 for evacuation
[2025-03-28T20:16:32.448+0530][gc,phases   ] GC(761)   Pre Evacuate Collection Set: 0.2ms
[2025-03-28T20:16:32.448+0530][gc,phases   ] GC(761)   Merge Heap Roots: 0.1ms
[2025-03-28T20:16:32.448+0530][gc,phases   ] GC(761)   Evacuate Collection Set: 5.2ms
[2025-03-28T20:16:32.448+0530][gc,phases   ] GC(761)   Post Evacuate Collection Set: 0.5ms
[2025-03-28T20:16:32.448+0530][gc,phases   ] GC(761)   Other: 0.1ms
[2025-03-28T20:16:32.448+0530][gc,heap     ] GC(761) Eden regions: 69->0(126)
[2025-03-28T20:16:32.448+0530][gc,heap     ] GC(761) Survivor regions: 3->4(9)
[2025-03-28T20:16:32.448+0530][gc,heap     ] GC(761) Old regions: 96->96
[2025-03-28T20:16:32.448+0530][gc,heap     ] GC(761) Archive regions: 2->2
[2025-03-28T20:16:32.448+0530][gc,heap     ] GC(761) Humongous regions: 140->138
[2025-03-28T20:16:32.448+0530][gc,metaspace] GC(761) Metaspace: 54054K(54720K)->54054K(54720K) NonClass: 47998K(48320K)->47998K(48320K) Class: 6056K(6400K)->6056K(6400K)
[2025-03-28T20:16:32.448+0530][gc          ] GC(761) Pause Young (Normal) (G1 Evacuation Pause) 308M->238M(1024M) 6.229ms
[2025-03-28T20:16:32.448+0530][gc,cpu      ] GC(761) User=0.01s Sys=0.00s Real=0.01s
[2025-03-28T20:16:38.619+0530][gc,start    ] GC(762) Pause Young (Normal) (G1 Evacuation Pause)
[2025-03-28T20:16:38.620+0530][gc,task     ] GC(762) Using 2 workers of 2 for evacuation
[2025-03-28T20:16:38.631+0530][gc,phases   ] GC(762)   Pre Evacuate Collection Set: 0.2ms
[2025-03-28T20:16:38.631+0530][gc,phases   ] GC(762)   Merge Heap Roots: 0.1ms
[2025-03-28T20:16:38.631+0530][gc,phases   ] GC(762)   Evacuate Collection Set: 9.8ms
[2025-03-28T20:16:38.631+0530][gc,phases   ] GC(762)   Post Evacuate Collection Set: 0.8ms
[2025-03-28T20:16:38.631+0530][gc,phases   ] GC(762)   Other: 0.2ms
[2025-03-28T20:16:38.631+0530][gc,heap     ] GC(762) Eden regions: 126->0(129)
[2025-03-28T20:16:38.631+0530][gc,heap     ] GC(762) Survivor regions: 4->6(17)
[2025-03-28T20:16:38.631+0530][gc,heap     ] GC(762) Old regions: 96->96
[2025-03-28T20:16:38.631+0530][gc,heap     ] GC(762) Archive regions: 2->2
[2025-03-28T20:16:38.631+0530][gc,heap     ] GC(762) Humongous regions: 140->138
[2025-03-28T20:16:38.631+0530][gc,metaspace] GC(762) Metaspace: 54054K(54720K)->54054K(54720K) NonClass: 47998K(48320K)->47998K(48320K) Class: 6056K(6400K)->6056K(6400K)
[2025-03-28T20:16:38.631+0530][gc          ] GC(762) Pause Young (Normal) (G1 Evacuation Pause) 366M->240M(1024M) 11.281ms
[2025-03-28T20:16:38.631+0530][gc,cpu      ] GC(762) User=0.01s Sys=0.00s Real=0.01s
[2025-03-28T20:16:42.482+0530][gc,start    ] GC(763) Pause Young (Normal) (G1 Evacuation Pause)
[2025-03-28T20:16:42.483+0530][gc,task     ] GC(763) Using 2 workers of 2 for evacuation
[2025-03-28T20:16:42.492+0530][gc,phases   ] GC(763)   Pre Evacuate Collection Set: 0.2ms
[2025-03-28T20:16:42.492+0530][gc,phases   ] GC(763)   Merge Heap Roots: 0.1ms
[2025-03-28T20:16:42.492+0530][gc,phases   ] GC(763)   Evacuate Collection Set: 8.5ms
[2025-03-28T20:16:42.492+0530][gc,phases   ] GC(763)   Post Evacuate Collection Set: 0.5ms
[2025-03-28T20:16:42.492+0530][gc,phases   ] GC(763)   Other: 0.1ms
[2025-03-28T20:16:42.492+0530][gc,heap     ] GC(763) Eden regions: 129->0(121)
[2025-03-28T20:16:42.492+0530][gc,heap     ] GC(763) Survivor regions: 6->8(17)
[2025-03-28T20:16:42.492+0530][gc,heap     ] GC(763) Old regions: 96->96
[2025-03-28T20:16:42.492+0530][gc,heap     ] GC(763) Archive regions: 2->2
[2025-03-28T20:16:42.492+0530][gc,heap     ] GC(763) Humongous regions: 140->138
[2025-03-28T20:16:42.492+0530][gc,metaspace] GC(763) Metaspace: 54054K(54720K)->54054K(54720K) NonClass: 47998K(48320K)->47998K(48320K) Class: 6056K(6400K)->6056K(6400K)
[2025-03-28T20:16:42.492+0530][gc          ] GC(763) Pause Young (Normal) (G1 Evacuation Pause) 371M->242M(1024M) 9.597ms
[2025-03-28T20:16:42.492+0530][gc,cpu      ] GC(763) User=0.01s Sys=0.01s Real=0.00s
[2025-03-28T20:16:48.601+0530][gc,start    ] GC(764) Pause Young (Normal) (G1 Evacuation Pause)
[2025-03-28T20:16:48.601+0530][gc,task     ] GC(764) Using 2 workers of 2 for evacuation
[2025-03-28T20:16:48.617+0530][gc,phases   ] GC(764)   Pre Evacuate Collection Set: 0.1ms
[2025-03-28T20:16:48.617+0530][gc,phases   ] GC(764)   Merge Heap Roots: 0.1ms
[2025-03-28T20:16:48.617+0530][gc,phases   ] GC(764)   Evacuate Collection Set: 15.5ms
[2025-03-28T20:16:48.617+0530][gc,phases   ] GC(764)   Post Evacuate Collection Set: 0.6ms
[2025-03-28T20:16:48.617+0530][gc,phases   ] GC(764)   Other: 0.1ms
[2025-03-28T20:16:48.617+0530][gc,heap     ] GC(764) Eden regions: 121->0(128)
[2025-03-28T20:16:48.617+0530][gc,heap     ] GC(764) Survivor regions: 8->9(17)
[2025-03-28T20:16:48.617+0530][gc,heap     ] GC(764) Old regions: 96->96
[2025-03-28T20:16:48.617+0530][gc,heap     ] GC(764) Archive regions: 2->2
[2025-03-28T20:16:48.617+0530][gc,heap     ] GC(764) Humongous regions: 140->138
[2025-03-28T20:16:48.617+0530][gc,metaspace] GC(764) Metaspace: 54054K(54720K)->54054K(54720K) NonClass: 47998K(48320K)->47998K(48320K) Class: 6056K(6400K)->6056K(6400K)
[2025-03-28T20:16:48.617+0530][gc          ] GC(764) Pause Young (Normal) (G1 Evacuation Pause) 365M->243M(1024M) 16.520ms
[2025-03-28T20:16:48.617+0530][gc,cpu      ] GC(764) User=0.02s Sys=0.00s Real=0.03s
[2025-03-28T20:16:52.552+0530][gc,start    ] GC(765) Pause Young (Normal) (G1 Evacuation Pause)
[2025-03-28T20:16:52.552+0530][gc,task     ] GC(765) Using 2 workers of 2 for evacuation
[2025-03-28T20:16:52.562+0530][gc,phases   ] GC(765)   Pre Evacuate Collection Set: 0.2ms
[2025-03-28T20:16:52.562+0530][gc,phases   ] GC(765)   Merge Heap Roots: 0.1ms
[2025-03-28T20:16:52.562+0530][gc,phases   ] GC(765)   Evacuate Collection Set: 9.3ms
[2025-03-28T20:16:52.562+0530][gc,phases   ] GC(765)   Post Evacuate Collection Set: 0.7ms
[2025-03-28T20:16:52.562+0530][gc,phases   ] GC(765)   Other: 0.2ms
[2025-03-28T20:16:52.562+0530][gc,heap     ] GC(765) Eden regions: 128->0(537)
[2025-03-28T20:16:52.562+0530][gc,heap     ] GC(765) Survivor regions: 9->4(18)
[2025-03-28T20:16:52.562+0530][gc,heap     ] GC(765) Old regions: 96->96
[2025-03-28T20:16:52.562+0530][gc,heap     ] GC(765) Archive regions: 2->2
[2025-03-28T20:16:52.562+0530][gc,heap     ] GC(765) Humongous regions: 142->140
[2025-03-28T20:16:52.562+0530][gc,metaspace] GC(765) Metaspace: 54054K(54720K)->54054K(54720K) NonClass: 47998K(48320K)->47998K(48320K) Class: 6056K(6400K)->6056K(6400K)
[2025-03-28T20:16:52.563+0530][gc          ] GC(765) Pause Young (Normal) (G1 Evacuation Pause) 375M->240M(1024M) 10.635ms
[2025-03-28T20:16:52.563+0530][gc,cpu      ] GC(765) User=0.01s Sys=0.00s Real=0.01s
[2025-03-28T20:16:58.804+0530][gc,start    ] GC(766) Pause Young (Concurrent Start) (G1 Humongous Allocation)
[2025-03-28T20:16:58.804+0530][gc,task     ] GC(766) Using 2 workers of 2 for evacuation
[2025-03-28T20:16:58.823+0530][gc,phases   ] GC(766)   Pre Evacuate Collection Set: 0.6ms
[2025-03-28T20:16:58.823+0530][gc,phases   ] GC(766)   Merge Heap Roots: 0.4ms
[2025-03-28T20:16:58.823+0530][gc,phases   ] GC(766)   Evacuate Collection Set: 17.6ms
[2025-03-28T20:16:58.823+0530][gc,phases   ] GC(766)   Post Evacuate Collection Set: 0.7ms
[2025-03-28T20:16:58.823+0530][gc,phases   ] GC(766)   Other: 0.2ms
[2025-03-28T20:16:58.823+0530][gc,heap     ] GC(766) Eden regions: 98->0(84)
[2025-03-28T20:16:58.823+0530][gc,heap     ] GC(766) Survivor regions: 4->4(68)
[2025-03-28T20:16:58.823+0530][gc,heap     ] GC(766) Old regions: 96->96
[2025-03-28T20:16:58.823+0530][gc,heap     ] GC(766) Archive regions: 2->2
[2025-03-28T20:16:58.823+0530][gc,heap     ] GC(766) Humongous regions: 140->138
[2025-03-28T20:16:58.823+0530][gc,metaspace] GC(766) Metaspace: 54054K(54720K)->54054K(54720K) NonClass: 47998K(48320K)->47998K(48320K) Class: 6056K(6400K)->6056K(6400K)
[2025-03-28T20:16:58.823+0530][gc          ] GC(766) Pause Young (Concurrent Start) (G1 Humongous Allocation) 338M->238M(1024M) 19.630ms
[2025-03-28T20:16:58.823+0530][gc,cpu      ] GC(766) User=0.01s Sys=0.00s Real=0.02s
[2025-03-28T20:16:58.824+0530][gc          ] GC(767) Concurrent Mark Cycle
[2025-03-28T20:16:58.824+0530][gc,marking  ] GC(767) Concurrent Clear Claimed Marks
[2025-03-28T20:16:58.824+0530][gc,marking  ] GC(767) Concurrent Clear Claimed Marks 0.080ms
[2025-03-28T20:16:58.824+0530][gc,marking  ] GC(767) Concurrent Scan Root Regions
[2025-03-28T20:16:58.850+0530][gc,marking  ] GC(767) Concurrent Scan Root Regions 26.170ms
[2025-03-28T20:16:58.850+0530][gc,marking  ] GC(767) Concurrent Mark
[2025-03-28T20:16:58.850+0530][gc,marking  ] GC(767) Concurrent Mark From Roots
[2025-03-28T20:16:58.850+0530][gc,task     ] GC(767) Using 1 workers of 1 for marking
[2025-03-28T20:16:58.933+0530][gc,marking  ] GC(767) Concurrent Mark From Roots 83.514ms
[2025-03-28T20:16:58.933+0530][gc,marking  ] GC(767) Concurrent Preclean
[2025-03-28T20:16:58.934+0530][gc,marking  ] GC(767) Concurrent Preclean 0.191ms
[2025-03-28T20:16:58.934+0530][gc,start    ] GC(767) Pause Remark
[2025-03-28T20:16:59.027+0530][gc,mmu      ] GC(767) MMU target violated: 21.0ms (20.0ms/21.0ms)
[2025-03-28T20:16:59.027+0530][gc          ] GC(767) Pause Remark 280M->278M(1024M) 92.924ms
[2025-03-28T20:16:59.027+0530][gc,cpu      ] GC(767) User=0.03s Sys=0.01s Real=0.10s
[2025-03-28T20:16:59.027+0530][gc,marking  ] GC(767) Concurrent Mark 177.547ms
[2025-03-28T20:16:59.027+0530][gc,marking  ] GC(767) Concurrent Rebuild Remembered Sets
[2025-03-28T20:16:59.061+0530][gc,marking  ] GC(767) Concurrent Rebuild Remembered Sets 33.399ms
[2025-03-28T20:16:59.061+0530][gc,start    ] GC(767) Pause Cleanup
[2025-03-28T20:16:59.061+0530][gc          ] GC(767) Pause Cleanup 278M->278M(1024M) 0.307ms
[2025-03-28T20:16:59.061+0530][gc,cpu      ] GC(767) User=0.00s Sys=0.00s Real=0.00s
[2025-03-28T20:16:59.061+0530][gc,marking  ] GC(767) Concurrent Cleanup for Next Mark
[2025-03-28T20:16:59.123+0530][gc,marking  ] GC(767) Concurrent Cleanup for Next Mark 61.676ms
[2025-03-28T20:16:59.123+0530][gc          ] GC(767) Concurrent Mark Cycle 299.498ms
[2025-03-28T20:17:18.685+0530][gc,start    ] GC(768) Pause Young (Prepare Mixed) (G1 Evacuation Pause)
[2025-03-28T20:17:18.685+0530][gc,task     ] GC(768) Using 2 workers of 2 for evacuation
[2025-03-28T20:17:18.713+0530][gc,mmu      ] GC(768) MMU target violated: 21.0ms (20.0ms/21.0ms)
[2025-03-28T20:17:18.713+0530][gc,phases   ] GC(768)   Pre Evacuate Collection Set: 0.2ms
[2025-03-28T20:17:18.713+0530][gc,phases   ] GC(768)   Merge Heap Roots: 0.2ms
[2025-03-28T20:17:18.713+0530][gc,phases   ] GC(768)   Evacuate Collection Set: 26.8ms
[2025-03-28T20:17:18.713+0530][gc,phases   ] GC(768)   Post Evacuate Collection Set: 0.8ms
[2025-03-28T20:17:18.713+0530][gc,phases   ] GC(768)   Other: 0.6ms
[2025-03-28T20:17:18.713+0530][gc,heap     ] GC(768) Eden regions: 443->0(41)
[2025-03-28T20:17:18.713+0530][gc,heap     ] GC(768) Survivor regions: 4->10(56)
[2025-03-28T20:17:18.713+0530][gc,heap     ] GC(768) Old regions: 93->93
[2025-03-28T20:17:18.713+0530][gc,heap     ] GC(768) Archive regions: 2->2
[2025-03-28T20:17:18.713+0530][gc,heap     ] GC(768) Humongous regions: 146->138
[2025-03-28T20:17:18.713+0530][gc,metaspace] GC(768) Metaspace: 54067K(54784K)->54067K(54784K) NonClass: 48010K(48384K)->48010K(48384K) Class: 6056K(6400K)->6056K(6400K)
[2025-03-28T20:17:18.713+0530][gc          ] GC(768) Pause Young (Prepare Mixed) (G1 Evacuation Pause) 686M->241M(1024M) 28.564ms
[2025-03-28T20:17:18.713+0530][gc,cpu      ] GC(768) User=0.03s Sys=0.00s Real=0.03s
[2025-03-28T20:17:18.764+0530][gc,start    ] GC(769) Pause Young (Mixed) (G1 Evacuation Pause)
[2025-03-28T20:17:18.764+0530][gc,task     ] GC(769) Using 2 workers of 2 for evacuation
[2025-03-28T20:17:18.775+0530][gc,phases   ] GC(769)   Pre Evacuate Collection Set: 0.2ms
[2025-03-28T20:17:18.775+0530][gc,phases   ] GC(769)   Merge Heap Roots: 0.2ms
[2025-03-28T20:17:18.775+0530][gc,phases   ] GC(769)   Evacuate Collection Set: 9.7ms
[2025-03-28T20:17:18.775+0530][gc,phases   ] GC(769)   Merge Optional Heap Roots: 0.1ms
[2025-03-28T20:17:18.775+0530][gc,phases   ] GC(769)   Evacuate Optional Collection Set: 0.3ms
[2025-03-28T20:17:18.775+0530][gc,phases   ] GC(769)   Post Evacuate Collection Set: 0.5ms
[2025-03-28T20:17:18.775+0530][gc,phases   ] GC(769)   Other: 0.1ms
[2025-03-28T20:17:18.775+0530][gc,heap     ] GC(769) Eden regions: 41->0(50)
[2025-03-28T20:17:18.775+0530][gc,heap     ] GC(769) Survivor regions: 10->1(7)
[2025-03-28T20:17:18.775+0530][gc,heap     ] GC(769) Old regions: 93->83
[2025-03-28T20:17:18.775+0530][gc,heap     ] GC(769) Archive regions: 2->2
[2025-03-28T20:17:18.775+0530][gc,heap     ] GC(769) Humongous regions: 140->140
[2025-03-28T20:17:18.775+0530][gc,metaspace] GC(769) Metaspace: 54067K(54784K)->54067K(54784K) NonClass: 48010K(48384K)->48010K(48384K) Class: 6056K(6400K)->6056K(6400K)
[2025-03-28T20:17:18.775+0530][gc          ] GC(769) Pause Young (Mixed) (G1 Evacuation Pause) 284M->224M(1024M) 11.219ms
[2025-03-28T20:17:18.775+0530][gc,cpu      ] GC(769) User=0.01s Sys=0.00s Real=0.02s
[2025-03-28T20:17:22.470+0530][gc,start    ] GC(770) Pause Young (Mixed) (G1 Evacuation Pause)
[2025-03-28T20:17:22.471+0530][gc,task     ] GC(770) Using 2 workers of 2 for evacuation
[2025-03-28T20:17:22.484+0530][gc,phases   ] GC(770)   Pre Evacuate Collection Set: 0.3ms
[2025-03-28T20:17:22.484+0530][gc,phases   ] GC(770)   Merge Heap Roots: 0.2ms
[2025-03-28T20:17:22.484+0530][gc,phases   ] GC(770)   Evacuate Collection Set: 12.3ms
[2025-03-28T20:17:22.484+0530][gc,phases   ] GC(770)   Post Evacuate Collection Set: 0.8ms
[2025-03-28T20:17:22.484+0530][gc,phases   ] GC(770)   Other: 0.4ms
[2025-03-28T20:17:22.484+0530][gc,heap     ] GC(770) Eden regions: 50->0(424)
[2025-03-28T20:17:22.484+0530][gc,heap     ] GC(770) Survivor regions: 1->5(7)
[2025-03-28T20:17:22.484+0530][gc,heap     ] GC(770) Old regions: 83->81
[2025-03-28T20:17:22.484+0530][gc,heap     ] GC(770) Archive regions: 2->2
[2025-03-28T20:17:22.484+0530][gc,heap     ] GC(770) Humongous regions: 140->138
[2025-03-28T20:17:22.485+0530][gc,metaspace] GC(770) Metaspace: 54067K(54784K)->54067K(54784K) NonClass: 48010K(48384K)->48010K(48384K) Class: 6056K(6400K)->6056K(6400K)
[2025-03-28T20:17:22.485+0530][gc          ] GC(770) Pause Young (Mixed) (G1 Evacuation Pause) 274M->224M(1024M) 14.032ms
[2025-03-28T20:17:22.485+0530][gc,cpu      ] GC(770) User=0.01s Sys=0.00s Real=0.02s
[2025-03-28T20:17:42.482+0530][gc,start    ] GC(771) Pause Young (Normal) (G1 Evacuation Pause)
[2025-03-28T20:17:42.482+0530][gc,task     ] GC(771) Using 2 workers of 2 for evacuation
[2025-03-28T20:17:42.500+0530][gc,phases   ] GC(771)   Pre Evacuate Collection Set: 0.4ms
[2025-03-28T20:17:42.500+0530][gc,phases   ] GC(771)   Merge Heap Roots: 0.5ms
[2025-03-28T20:17:42.500+0530][gc,phases   ] GC(771)   Evacuate Collection Set: 16.3ms
[2025-03-28T20:17:42.500+0530][gc,phases   ] GC(771)   Post Evacuate Collection Set: 1.0ms
[2025-03-28T20:17:42.500+0530][gc,phases   ] GC(771)   Other: 0.2ms
[2025-03-28T20:17:42.500+0530][gc,heap     ] GC(771) Eden regions: 424->0(611)
[2025-03-28T20:17:42.500+0530][gc,heap     ] GC(771) Survivor regions: 5->3(54)
[2025-03-28T20:17:42.500+0530][gc,heap     ] GC(771) Old regions: 81->81
[2025-03-28T20:17:42.500+0530][gc,heap     ] GC(771) Archive regions: 2->2
[2025-03-28T20:17:42.500+0530][gc,heap     ] GC(771) Humongous regions: 146->138
[2025-03-28T20:17:42.500+0530][gc,metaspace] GC(771) Metaspace: 54067K(54784K)->54067K(54784K) NonClass: 48011K(48384K)->48011K(48384K) Class: 6056K(6400K)->6056K(6400K)
[2025-03-28T20:17:42.500+0530][gc          ] GC(771) Pause Young (Normal) (G1 Evacuation Pause) 656M->222M(1024M) 18.580ms
[2025-03-28T20:17:42.500+0530][gc,cpu      ] GC(771) User=0.01s Sys=0.00s Real=0.02s
[2025-03-28T20:17:42.601+0530][gc,start    ] GC(772) Pause Young (Concurrent Start) (G1 Humongous Allocation)
[2025-03-28T20:17:42.601+0530][gc,task     ] GC(772) Using 2 workers of 2 for evacuation
[2025-03-28T20:17:42.616+0530][gc,phases   ] GC(772)   Pre Evacuate Collection Set: 0.3ms
[2025-03-28T20:17:42.616+0530][gc,phases   ] GC(772)   Merge Heap Roots: 0.1ms
[2025-03-28T20:17:42.616+0530][gc,phases   ] GC(772)   Evacuate Collection Set: 13.2ms
[2025-03-28T20:17:42.616+0530][gc,phases   ] GC(772)   Post Evacuate Collection Set: 1.8ms
[2025-03-28T20:17:42.616+0530][gc,phases   ] GC(772)   Other: 0.2ms
[2025-03-28T20:17:42.616+0530][gc,heap     ] GC(772) Eden regions: 53->0(72)
[2025-03-28T20:17:42.616+0530][gc,heap     ] GC(772) Survivor regions: 3->4(77)
[2025-03-28T20:17:42.616+0530][gc,heap     ] GC(772) Old regions: 81->81
[2025-03-28T20:17:42.616+0530][gc,heap     ] GC(772) Archive regions: 2->2
[2025-03-28T20:17:42.616+0530][gc,heap     ] GC(772) Humongous regions: 138->138
[2025-03-28T20:17:42.616+0530][gc,metaspace] GC(772) Metaspace: 54067K(54784K)->54067K(54784K) NonClass: 48011K(48384K)->48011K(48384K) Class: 6056K(6400K)->6056K(6400K)
[2025-03-28T20:17:42.616+0530][gc          ] GC(772) Pause Young (Concurrent Start) (G1 Humongous Allocation) 275M->223M(1024M) 15.656ms
[2025-03-28T20:17:42.616+0530][gc,cpu      ] GC(772) User=0.01s Sys=0.00s Real=0.02s
[2025-03-28T20:17:42.617+0530][gc          ] GC(773) Concurrent Mark Cycle
[2025-03-28T20:17:42.617+0530][gc,marking  ] GC(773) Concurrent Clear Claimed Marks
[2025-03-28T20:17:42.617+0530][gc,marking  ] GC(773) Concurrent Clear Claimed Marks 0.089ms
[2025-03-28T20:17:42.617+0530][gc,marking  ] GC(773) Concurrent Scan Root Regions
[2025-03-28T20:17:42.621+0530][gc,marking  ] GC(773) Concurrent Scan Root Regions 4.706ms
[2025-03-28T20:17:42.621+0530][gc,marking  ] GC(773) Concurrent Mark
[2025-03-28T20:17:42.621+0530][gc,marking  ] GC(773) Concurrent Mark From Roots
[2025-03-28T20:17:42.621+0530][gc,task     ] GC(773) Using 1 workers of 1 for marking
[2025-03-28T20:17:42.714+0530][gc,marking  ] GC(773) Concurrent Mark From Roots 92.356ms
[2025-03-28T20:17:42.714+0530][gc,marking  ] GC(773) Concurrent Preclean
[2025-03-28T20:17:42.714+0530][gc,marking  ] GC(773) Concurrent Preclean 0.162ms
[2025-03-28T20:17:42.714+0530][gc,start    ] GC(773) Pause Remark
[2025-03-28T20:17:42.728+0530][gc          ] GC(773) Pause Remark 265M->265M(1024M) 14.357ms
[2025-03-28T20:17:42.728+0530][gc,cpu      ] GC(773) User=0.03s Sys=0.00s Real=0.02s
[2025-03-28T20:17:42.729+0530][gc,marking  ] GC(773) Concurrent Mark 107.252ms
[2025-03-28T20:17:42.729+0530][gc,marking  ] GC(773) Concurrent Rebuild Remembered Sets
[2025-03-28T20:17:42.761+0530][gc,marking  ] GC(773) Concurrent Rebuild Remembered Sets 32.233ms
[2025-03-28T20:17:42.761+0530][gc,start    ] GC(773) Pause Cleanup
[2025-03-28T20:17:42.761+0530][gc          ] GC(773) Pause Cleanup 265M->265M(1024M) 0.291ms
[2025-03-28T20:17:42.761+0530][gc,cpu      ] GC(773) User=0.00s Sys=0.00s Real=0.00s
[2025-03-28T20:17:42.761+0530][gc,marking  ] GC(773) Concurrent Cleanup for Next Mark
[2025-03-28T20:17:42.778+0530][gc,marking  ] GC(773) Concurrent Cleanup for Next Mark 16.741ms
[2025-03-28T20:17:42.778+0530][gc          ] GC(773) Concurrent Mark Cycle 161.771ms
[2025-03-28T20:17:52.464+0530][gc,start    ] GC(774) Pause Young (Prepare Mixed) (G1 Evacuation Pause)
[2025-03-28T20:17:52.464+0530][gc,task     ] GC(774) Using 2 workers of 2 for evacuation
[2025-03-28T20:17:52.476+0530][gc,phases   ] GC(774)   Pre Evacuate Collection Set: 0.3ms
[2025-03-28T20:17:52.476+0530][gc,phases   ] GC(774)   Merge Heap Roots: 0.2ms
[2025-03-28T20:17:52.476+0530][gc,phases   ] GC(774)   Evacuate Collection Set: 10.5ms
[2025-03-28T20:17:52.476+0530][gc,phases   ] GC(774)   Post Evacuate Collection Set: 0.8ms
[2025-03-28T20:17:52.476+0530][gc,phases   ] GC(774)   Other: 0.2ms
[2025-03-28T20:17:52.476+0530][gc,heap     ] GC(774) Eden regions: 207->0(43)
[2025-03-28T20:17:52.476+0530][gc,heap     ] GC(774) Survivor regions: 4->8(27)
[2025-03-28T20:17:52.476+0530][gc,heap     ] GC(774) Old regions: 81->81
[2025-03-28T20:17:52.476+0530][gc,heap     ] GC(774) Archive regions: 2->2
[2025-03-28T20:17:52.476+0530][gc,heap     ] GC(774) Humongous regions: 142->138
[2025-03-28T20:17:52.476+0530][gc,metaspace] GC(774) Metaspace: 54067K(54784K)->54067K(54784K) NonClass: 48011K(48384K)->48011K(48384K) Class: 6056K(6400K)->6056K(6400K)
[2025-03-28T20:17:52.476+0530][gc          ] GC(774) Pause Young (Prepare Mixed) (G1 Evacuation Pause) 434M->227M(1024M) 12.098ms
[2025-03-28T20:17:52.476+0530][gc,cpu      ] GC(774) User=0.01s Sys=0.01s Real=0.02s
[2025-03-28T20:17:52.549+0530][gc,start    ] GC(775) Pause Young (Mixed) (G1 Evacuation Pause)
[2025-03-28T20:17:52.549+0530][gc,task     ] GC(775) Using 2 workers of 2 for evacuation
[2025-03-28T20:17:52.557+0530][gc,phases   ] GC(775)   Pre Evacuate Collection Set: 0.1ms
[2025-03-28T20:17:52.557+0530][gc,phases   ] GC(775)   Merge Heap Roots: 0.1ms
[2025-03-28T20:17:52.557+0530][gc,phases   ] GC(775)   Evacuate Collection Set: 7.0ms
[2025-03-28T20:17:52.557+0530][gc,phases   ] GC(775)   Post Evacuate Collection Set: 0.4ms
[2025-03-28T20:17:52.557+0530][gc,phases   ] GC(775)   Other: 0.1ms
[2025-03-28T20:17:52.557+0530][gc,heap     ] GC(775) Eden regions: 43->0(355)
[2025-03-28T20:17:52.557+0530][gc,heap     ] GC(775) Survivor regions: 8->2(7)
[2025-03-28T20:17:52.557+0530][gc,heap     ] GC(775) Old regions: 81->77
[2025-03-28T20:17:52.557+0530][gc,heap     ] GC(775) Archive regions: 2->2
[2025-03-28T20:17:52.557+0530][gc,heap     ] GC(775) Humongous regions: 140->140
[2025-03-28T20:17:52.557+0530][gc,metaspace] GC(775) Metaspace: 54067K(54784K)->54067K(54784K) NonClass: 48011K(48384K)->48011K(48384K) Class: 6056K(6400K)->6056K(6400K)
[2025-03-28T20:17:52.557+0530][gc          ] GC(775) Pause Young (Mixed) (G1 Evacuation Pause) 272M->219M(1024M) 7.870ms
[2025-03-28T20:17:52.557+0530][gc,cpu      ] GC(775) User=0.01s Sys=0.01s Real=0.00s
[2025-03-28T20:18:12.402+0530][gc,start    ] GC(776) Pause Young (Normal) (G1 Evacuation Pause)
[2025-03-28T20:18:12.402+0530][gc,task     ] GC(776) Using 2 workers of 2 for evacuation
[2025-03-28T20:18:12.421+0530][gc,phases   ] GC(776)   Pre Evacuate Collection Set: 0.5ms
[2025-03-28T20:18:12.421+0530][gc,phases   ] GC(776)   Merge Heap Roots: 0.2ms
[2025-03-28T20:18:12.421+0530][gc,phases   ] GC(776)   Evacuate Collection Set: 17.0ms
[2025-03-28T20:18:12.421+0530][gc,phases   ] GC(776)   Post Evacuate Collection Set: 1.0ms
[2025-03-28T20:18:12.421+0530][gc,phases   ] GC(776)   Other: 0.2ms
[2025-03-28T20:18:12.421+0530][gc,heap     ] GC(776) Eden regions: 355->0(380)
[2025-03-28T20:18:12.421+0530][gc,heap     ] GC(776) Survivor regions: 2->1(45)
[2025-03-28T20:18:12.421+0530][gc,heap     ] GC(776) Old regions: 77->77
[2025-03-28T20:18:12.421+0530][gc,heap     ] GC(776) Archive regions: 2->2
[2025-03-28T20:18:12.421+0530][gc,heap     ] GC(776) Humongous regions: 146->138
[2025-03-28T20:18:12.421+0530][gc,metaspace] GC(776) Metaspace: 54073K(54784K)->54073K(54784K) NonClass: 48016K(48384K)->48016K(48384K) Class: 6056K(6400K)->6056K(6400K)
[2025-03-28T20:18:12.421+0530][gc          ] GC(776) Pause Young (Normal) (G1 Evacuation Pause) 580M->216M(1024M) 19.133ms
[2025-03-28T20:18:12.421+0530][gc,cpu      ] GC(776) User=0.01s Sys=0.01s Real=0.03s
[2025-03-28T20:18:28.565+0530][gc,start    ] GC(777) Pause Young (Normal) (G1 Evacuation Pause)
[2025-03-28T20:18:28.566+0530][gc,task     ] GC(777) Using 2 workers of 2 for evacuation
[2025-03-28T20:18:28.587+0530][gc,mmu      ] GC(777) MMU target violated: 21.0ms (20.0ms/21.0ms)
[2025-03-28T20:18:28.587+0530][gc,phases   ] GC(777)   Pre Evacuate Collection Set: 1.1ms
[2025-03-28T20:18:28.587+0530][gc,phases   ] GC(777)   Merge Heap Roots: 1.1ms
[2025-03-28T20:18:28.587+0530][gc,phases   ] GC(777)   Evacuate Collection Set: 18.8ms
[2025-03-28T20:18:28.587+0530][gc,phases   ] GC(777)   Post Evacuate Collection Set: 0.7ms
[2025-03-28T20:18:28.587+0530][gc,phases   ] GC(777)   Other: 0.2ms
[2025-03-28T20:18:28.587+0530][gc,heap     ] GC(777) Eden regions: 380->0(243)
[2025-03-28T20:18:28.587+0530][gc,heap     ] GC(777) Survivor regions: 1->7(48)
[2025-03-28T20:18:28.587+0530][gc,heap     ] GC(777) Old regions: 77->77
[2025-03-28T20:18:28.587+0530][gc,heap     ] GC(777) Archive regions: 2->2
[2025-03-28T20:18:28.587+0530][gc,heap     ] GC(777) Humongous regions: 144->138
[2025-03-28T20:18:28.587+0530][gc,metaspace] GC(777) Metaspace: 54073K(54784K)->54073K(54784K) NonClass: 48017K(48384K)->48017K(48384K) Class: 6056K(6400K)->6056K(6400K)
[2025-03-28T20:18:28.587+0530][gc          ] GC(777) Pause Young (Normal) (G1 Evacuation Pause) 602M->221M(1024M) 21.962ms
[2025-03-28T20:18:28.587+0530][gc,cpu      ] GC(777) User=0.01s Sys=0.01s Real=0.03s
[2025-03-28T20:18:38.638+0530][gc,start    ] GC(778) Pause Young (Normal) (G1 Evacuation Pause)
[2025-03-28T20:18:38.638+0530][gc,task     ] GC(778) Using 2 workers of 2 for evacuation
[2025-03-28T20:18:38.678+0530][gc,mmu      ] GC(778) MMU target violated: 21.0ms (20.0ms/21.0ms)
[2025-03-28T20:18:38.678+0530][gc,phases   ] GC(778)   Pre Evacuate Collection Set: 0.3ms
[2025-03-28T20:18:38.678+0530][gc,phases   ] GC(778)   Merge Heap Roots: 0.3ms
[2025-03-28T20:18:38.678+0530][gc,phases   ] GC(778)   Evacuate Collection Set: 38.1ms
[2025-03-28T20:18:38.678+0530][gc,phases   ] GC(778)   Post Evacuate Collection Set: 1.7ms
[2025-03-28T20:18:38.678+0530][gc,phases   ] GC(778)   Other: 0.2ms
[2025-03-28T20:18:38.678+0530][gc,heap     ] GC(778) Eden regions: 243->0(42)
[2025-03-28T20:18:38.678+0530][gc,heap     ] GC(778) Survivor regions: 7->9(32)
[2025-03-28T20:18:38.678+0530][gc,heap     ] GC(778) Old regions: 77->77
[2025-03-28T20:18:38.678+0530][gc,heap     ] GC(778) Archive regions: 2->2
[2025-03-28T20:18:38.678+0530][gc,heap     ] GC(778) Humongous regions: 142->138
[2025-03-28T20:18:38.678+0530][gc,metaspace] GC(778) Metaspace: 54073K(54784K)->54073K(54784K) NonClass: 48017K(48384K)->48017K(48384K) Class: 6056K(6400K)->6056K(6400K)
[2025-03-28T20:18:38.678+0530][gc          ] GC(778) Pause Young (Normal) (G1 Evacuation Pause) 468M->224M(1024M) 40.670ms
[2025-03-28T20:18:38.678+0530][gc,cpu      ] GC(778) User=0.02s Sys=0.00s Real=0.04s
[2025-03-28T20:18:38.772+0530][gc,start    ] GC(779) Pause Young (Normal) (G1 Evacuation Pause)
[2025-03-28T20:18:38.772+0530][gc,task     ] GC(779) Using 2 workers of 2 for evacuation
[2025-03-28T20:18:38.812+0530][gc,mmu      ] GC(779) MMU target violated: 21.0ms (20.0ms/21.0ms)
[2025-03-28T20:18:38.812+0530][gc,phases   ] GC(779)   Pre Evacuate Collection Set: 0.3ms
[2025-03-28T20:18:38.812+0530][gc,phases   ] GC(779)   Merge Heap Roots: 0.2ms
[2025-03-28T20:18:38.812+0530][gc,phases   ] GC(779)   Evacuate Collection Set: 38.8ms
[2025-03-28T20:18:38.812+0530][gc,phases   ] GC(779)   Post Evacuate Collection Set: 0.5ms
[2025-03-28T20:18:38.812+0530][gc,phases   ] GC(779)   Other: 0.2ms
[2025-03-28T20:18:38.812+0530][gc,heap     ] GC(779) Eden regions: 42->0(49)
[2025-03-28T20:18:38.812+0530][gc,heap     ] GC(779) Survivor regions: 9->2(7)
[2025-03-28T20:18:38.812+0530][gc,heap     ] GC(779) Old regions: 77->79
[2025-03-28T20:18:38.812+0530][gc,heap     ] GC(779) Archive regions: 2->2
[2025-03-28T20:18:38.812+0530][gc,heap     ] GC(779) Humongous regions: 140->140
[2025-03-28T20:18:38.812+0530][gc,metaspace] GC(779) Metaspace: 54073K(54784K)->54073K(54784K) NonClass: 48017K(48384K)->48017K(48384K) Class: 6056K(6400K)->6056K(6400K)
[2025-03-28T20:18:38.813+0530][gc          ] GC(779) Pause Young (Normal) (G1 Evacuation Pause) 268M->221M(1024M) 40.211ms
[2025-03-28T20:18:38.813+0530][gc,cpu      ] GC(779) User=0.02s Sys=0.00s Real=0.04s
[2025-03-28T20:18:42.447+0530][gc,start    ] GC(780) Pause Young (Normal) (G1 Evacuation Pause)
[2025-03-28T20:18:42.447+0530][gc,task     ] GC(780) Using 2 workers of 2 for evacuation
[2025-03-28T20:18:42.458+0530][gc,phases   ] GC(780)   Pre Evacuate Collection Set: 0.3ms
[2025-03-28T20:18:42.458+0530][gc,phases   ] GC(780)   Merge Heap Roots: 0.1ms
[2025-03-28T20:18:42.458+0530][gc,phases   ] GC(780)   Evacuate Collection Set: 10.2ms
[2025-03-28T20:18:42.458+0530][gc,phases   ] GC(780)   Post Evacuate Collection Set: 0.8ms
[2025-03-28T20:18:42.458+0530][gc,phases   ] GC(780)   Other: 0.1ms
[2025-03-28T20:18:42.458+0530][gc,heap     ] GC(780) Eden regions: 49->0(46)
[2025-03-28T20:18:42.458+0530][gc,heap     ] GC(780) Survivor regions: 2->5(7)
[2025-03-28T20:18:42.458+0530][gc,heap     ] GC(780) Old regions: 79->79
[2025-03-28T20:18:42.458+0530][gc,heap     ] GC(780) Archive regions: 2->2
[2025-03-28T20:18:42.458+0530][gc,heap     ] GC(780) Humongous regions: 140->138
[2025-03-28T20:18:42.458+0530][gc,metaspace] GC(780) Metaspace: 54073K(54784K)->54073K(54784K) NonClass: 48017K(48384K)->48017K(48384K) Class: 6056K(6400K)->6056K(6400K)
[2025-03-28T20:18:42.459+0530][gc          ] GC(780) Pause Young (Normal) (G1 Evacuation Pause) 270M->222M(1024M) 11.682ms
[2025-03-28T20:18:42.459+0530][gc,cpu      ] GC(780) User=0.01s Sys=0.00s Real=0.01s
[2025-03-28T20:18:42.542+0530][gc,start    ] GC(781) Pause Young (Normal) (G1 Evacuation Pause)
[2025-03-28T20:18:42.542+0530][gc,task     ] GC(781) Using 2 workers of 2 for evacuation
[2025-03-28T20:18:42.559+0530][gc,phases   ] GC(781)   Pre Evacuate Collection Set: 0.5ms
[2025-03-28T20:18:42.559+0530][gc,phases   ] GC(781)   Merge Heap Roots: 0.1ms
[2025-03-28T20:18:42.559+0530][gc,phases   ] GC(781)   Evacuate Collection Set: 12.8ms
[2025-03-28T20:18:42.559+0530][gc,phases   ] GC(781)   Post Evacuate Collection Set: 3.6ms
[2025-03-28T20:18:42.559+0530][gc,phases   ] GC(781)   Other: 0.3ms
[2025-03-28T20:18:42.559+0530][gc,heap     ] GC(781) Eden regions: 46->0(50)
[2025-03-28T20:18:42.559+0530][gc,heap     ] GC(781) Survivor regions: 5->2(7)
[2025-03-28T20:18:42.559+0530][gc,heap     ] GC(781) Old regions: 79->80
[2025-03-28T20:18:42.559+0530][gc,heap     ] GC(781) Archive regions: 2->2
[2025-03-28T20:18:42.559+0530][gc,heap     ] GC(781) Humongous regions: 140->140
[2025-03-28T20:18:42.559+0530][gc,metaspace] GC(781) Metaspace: 54073K(54784K)->54073K(54784K) NonClass: 48017K(48384K)->48017K(48384K) Class: 6056K(6400K)->6056K(6400K)
[2025-03-28T20:18:42.559+0530][gc          ] GC(781) Pause Young (Normal) (G1 Evacuation Pause) 270M->222M(1024M) 17.367ms
[2025-03-28T20:18:42.559+0530][gc,cpu      ] GC(781) User=0.01s Sys=0.00s Real=0.02s
[2025-03-28T20:18:48.533+0530][gc,start    ] GC(782) Pause Young (Normal) (G1 Evacuation Pause)
[2025-03-28T20:18:48.533+0530][gc,task     ] GC(782) Using 2 workers of 2 for evacuation
[2025-03-28T20:18:48.541+0530][gc,phases   ] GC(782)   Pre Evacuate Collection Set: 0.2ms
[2025-03-28T20:18:48.541+0530][gc,phases   ] GC(782)   Merge Heap Roots: 0.1ms
[2025-03-28T20:18:48.541+0530][gc,phases   ] GC(782)   Evacuate Collection Set: 6.9ms
[2025-03-28T20:18:48.541+0530][gc,phases   ] GC(782)   Post Evacuate Collection Set: 0.5ms
[2025-03-28T20:18:48.541+0530][gc,phases   ] GC(782)   Other: 0.1ms
[2025-03-28T20:18:48.541+0530][gc,heap     ] GC(782) Eden regions: 50->0(75)
[2025-03-28T20:18:48.541+0530][gc,heap     ] GC(782) Survivor regions: 2->3(7)
[2025-03-28T20:18:48.541+0530][gc,heap     ] GC(782) Old regions: 80->80
[2025-03-28T20:18:48.541+0530][gc,heap     ] GC(782) Archive regions: 2->2
[2025-03-28T20:18:48.541+0530][gc,heap     ] GC(782) Humongous regions: 140->138
[2025-03-28T20:18:48.541+0530][gc,metaspace] GC(782) Metaspace: 54074K(54784K)->54074K(54784K) NonClass: 48018K(48384K)->48018K(48384K) Class: 6056K(6400K)->6056K(6400K)
[2025-03-28T20:18:48.541+0530][gc          ] GC(782) Pause Young (Normal) (G1 Evacuation Pause) 272M->221M(1024M) 7.950ms
[2025-03-28T20:18:48.541+0530][gc,cpu      ] GC(782) User=0.01s Sys=0.00s Real=0.01s
[2025-03-28T20:18:48.667+0530][gc,start    ] GC(783) Pause Young (Normal) (G1 Evacuation Pause)
[2025-03-28T20:18:48.667+0530][gc,task     ] GC(783) Using 2 workers of 2 for evacuation
[2025-03-28T20:18:48.679+0530][gc,phases   ] GC(783)   Pre Evacuate Collection Set: 0.2ms
[2025-03-28T20:18:48.679+0530][gc,phases   ] GC(783)   Merge Heap Roots: 0.1ms
[2025-03-28T20:18:48.679+0530][gc,phases   ] GC(783)   Evacuate Collection Set: 11.6ms
[2025-03-28T20:18:48.679+0530][gc,phases   ] GC(783)   Post Evacuate Collection Set: 0.5ms
[2025-03-28T20:18:48.679+0530][gc,phases   ] GC(783)   Other: 0.2ms
[2025-03-28T20:18:48.679+0530][gc,heap     ] GC(783) Eden regions: 75->0(92)
[2025-03-28T20:18:48.679+0530][gc,heap     ] GC(783) Survivor regions: 3->3(10)
[2025-03-28T20:18:48.679+0530][gc,heap     ] GC(783) Old regions: 80->80
[2025-03-28T20:18:48.679+0530][gc,heap     ] GC(783) Archive regions: 2->2
[2025-03-28T20:18:48.679+0530][gc,heap     ] GC(783) Humongous regions: 140->140
[2025-03-28T20:18:48.679+0530][gc,metaspace] GC(783) Metaspace: 54074K(54784K)->54074K(54784K) NonClass: 48018K(48384K)->48018K(48384K) Class: 6056K(6400K)->6056K(6400K)
[2025-03-28T20:18:48.679+0530][gc          ] GC(783) Pause Young (Normal) (G1 Evacuation Pause) 298M->223M(1024M) 12.737ms
[2025-03-28T20:18:48.679+0530][gc,cpu      ] GC(783) User=0.02s Sys=0.00s Real=0.01s
[2025-03-28T20:18:52.579+0530][gc,start    ] GC(784) Pause Young (Normal) (G1 Evacuation Pause)
[2025-03-28T20:18:52.579+0530][gc,task     ] GC(784) Using 2 workers of 2 for evacuation
[2025-03-28T20:18:52.586+0530][gc,phases   ] GC(784)   Pre Evacuate Collection Set: 0.2ms
[2025-03-28T20:18:52.587+0530][gc,phases   ] GC(784)   Merge Heap Roots: 0.1ms
[2025-03-28T20:18:52.587+0530][gc,phases   ] GC(784)   Evacuate Collection Set: 6.3ms
[2025-03-28T20:18:52.587+0530][gc,phases   ] GC(784)   Post Evacuate Collection Set: 0.5ms
[2025-03-28T20:18:52.587+0530][gc,phases   ] GC(784)   Other: 0.1ms
[2025-03-28T20:18:52.587+0530][gc,heap     ] GC(784) Eden regions: 92->0(153)
[2025-03-28T20:18:52.587+0530][gc,heap     ] GC(784) Survivor regions: 3->3(12)
[2025-03-28T20:18:52.587+0530][gc,heap     ] GC(784) Old regions: 80->80
[2025-03-28T20:18:52.587+0530][gc,heap     ] GC(784) Archive regions: 2->2
[2025-03-28T20:18:52.587+0530][gc,heap     ] GC(784) Humongous regions: 142->140
[2025-03-28T20:18:52.587+0530][gc,metaspace] GC(784) Metaspace: 54074K(54784K)->54074K(54784K) NonClass: 48018K(48384K)->48018K(48384K) Class: 6056K(6400K)->6056K(6400K)
[2025-03-28T20:18:52.587+0530][gc          ] GC(784) Pause Young (Normal) (G1 Evacuation Pause) 317M->223M(1024M) 7.369ms
[2025-03-28T20:18:52.587+0530][gc,cpu      ] GC(784) User=0.01s Sys=0.01s Real=0.01s
[2025-03-28T20:19:02.426+0530][gc,start    ] GC(785) Pause Young (Normal) (G1 Evacuation Pause)
[2025-03-28T20:19:02.427+0530][gc,task     ] GC(785) Using 2 workers of 2 for evacuation
[2025-03-28T20:19:02.441+0530][gc,phases   ] GC(785)   Pre Evacuate Collection Set: 0.4ms
[2025-03-28T20:19:02.441+0530][gc,phases   ] GC(785)   Merge Heap Roots: 0.3ms
[2025-03-28T20:19:02.441+0530][gc,phases   ] GC(785)   Evacuate Collection Set: 11.4ms
[2025-03-28T20:19:02.441+0530][gc,phases   ] GC(785)   Post Evacuate Collection Set: 1.8ms
[2025-03-28T20:19:02.441+0530][gc,phases   ] GC(785)   Other: 0.3ms
[2025-03-28T20:19:02.441+0530][gc,heap     ] GC(785) Eden regions: 153->0(183)
[2025-03-28T20:19:02.441+0530][gc,heap     ] GC(785) Survivor regions: 3->2(20)
[2025-03-28T20:19:02.441+0530][gc,heap     ] GC(785) Old regions: 80->80
[2025-03-28T20:19:02.441+0530][gc,heap     ] GC(785) Archive regions: 2->2
[2025-03-28T20:19:02.441+0530][gc,heap     ] GC(785) Humongous regions: 142->138
[2025-03-28T20:19:02.441+0530][gc,metaspace] GC(785) Metaspace: 54082K(54784K)->54082K(54784K) NonClass: 48026K(48384K)->48026K(48384K) Class: 6056K(6400K)->6056K(6400K)
[2025-03-28T20:19:02.441+0530][gc          ] GC(785) Pause Young (Normal) (G1 Evacuation Pause) 378M->220M(1024M) 14.467ms
[2025-03-28T20:19:02.441+0530][gc,cpu      ] GC(785) User=0.02s Sys=0.01s Real=0.01s
[2025-03-28T20:19:08.586+0530][gc,start    ] GC(786) Pause Young (Normal) (G1 Evacuation Pause)
[2025-03-28T20:19:08.586+0530][gc,task     ] GC(786) Using 2 workers of 2 for evacuation
[2025-03-28T20:19:08.597+0530][gc,phases   ] GC(786)   Pre Evacuate Collection Set: 0.3ms
[2025-03-28T20:19:08.598+0530][gc,phases   ] GC(786)   Merge Heap Roots: 0.2ms
[2025-03-28T20:19:08.598+0530][gc,phases   ] GC(786)   Evacuate Collection Set: 10.2ms
[2025-03-28T20:19:08.598+0530][gc,phases   ] GC(786)   Post Evacuate Collection Set: 0.6ms
[2025-03-28T20:19:08.598+0530][gc,phases   ] GC(786)   Other: 0.2ms
[2025-03-28T20:19:08.598+0530][gc,heap     ] GC(786) Eden regions: 176->0(42)
[2025-03-28T20:19:08.598+0530][gc,heap     ] GC(786) Survivor regions: 2->9(23)
[2025-03-28T20:19:08.598+0530][gc,heap     ] GC(786) Old regions: 80->80
[2025-03-28T20:19:08.598+0530][gc,heap     ] GC(786) Archive regions: 2->2
[2025-03-28T20:19:08.598+0530][gc,heap     ] GC(786) Humongous regions: 140->138
[2025-03-28T20:19:08.598+0530][gc,metaspace] GC(786) Metaspace: 54082K(54784K)->54082K(54784K) NonClass: 48026K(48384K)->48026K(48384K) Class: 6056K(6400K)->6056K(6400K)
[2025-03-28T20:19:08.598+0530][gc          ] GC(786) Pause Young (Normal) (G1 Evacuation Pause) 398M->227M(1024M) 11.520ms
[2025-03-28T20:19:08.598+0530][gc,cpu      ] GC(786) User=0.02s Sys=0.01s Real=0.00s
[2025-03-28T20:19:08.644+0530][gc,start    ] GC(787) Pause Young (Normal) (G1 Evacuation Pause)
[2025-03-28T20:19:08.644+0530][gc,task     ] GC(787) Using 2 workers of 2 for evacuation
[2025-03-28T20:19:08.659+0530][gc,phases   ] GC(787)   Pre Evacuate Collection Set: 0.2ms
[2025-03-28T20:19:08.659+0530][gc,phases   ] GC(787)   Merge Heap Roots: 0.2ms
[2025-03-28T20:19:08.659+0530][gc,phases   ] GC(787)   Evacuate Collection Set: 14.2ms
[2025-03-28T20:19:08.659+0530][gc,phases   ] GC(787)   Post Evacuate Collection Set: 0.4ms
[2025-03-28T20:19:08.659+0530][gc,phases   ] GC(787)   Other: 0.1ms
[2025-03-28T20:19:08.659+0530][gc,heap     ] GC(787) Eden regions: 42->0(76)
[2025-03-28T20:19:08.659+0530][gc,heap     ] GC(787) Survivor regions: 9->1(7)
[2025-03-28T20:19:08.659+0530][gc,heap     ] GC(787) Old regions: 80->83
[2025-03-28T20:19:08.659+0530][gc,heap     ] GC(787) Archive regions: 2->2
[2025-03-28T20:19:08.659+0530][gc,heap     ] GC(787) Humongous regions: 140->140
[2025-03-28T20:19:08.659+0530][gc,metaspace] GC(787) Metaspace: 54082K(54784K)->54082K(54784K) NonClass: 48026K(48384K)->48026K(48384K) Class: 6056K(6400K)->6056K(6400K)
[2025-03-28T20:19:08.659+0530][gc          ] GC(787) Pause Young (Normal) (G1 Evacuation Pause) 271M->224M(1024M) 15.251ms
[2025-03-28T20:19:08.659+0530][gc,cpu      ] GC(787) User=0.01s Sys=0.00s Real=0.02s
[2025-03-28T20:19:12.547+0530][gc,start    ] GC(788) Pause Young (Normal) (G1 Evacuation Pause)
[2025-03-28T20:19:12.547+0530][gc,task     ] GC(788) Using 2 workers of 2 for evacuation
[2025-03-28T20:19:12.574+0530][gc,mmu      ] GC(788) MMU target violated: 21.0ms (20.0ms/21.0ms)
[2025-03-28T20:19:12.574+0530][gc,phases   ] GC(788)   Pre Evacuate Collection Set: 0.4ms
[2025-03-28T20:19:12.574+0530][gc,phases   ] GC(788)   Merge Heap Roots: 0.3ms
[2025-03-28T20:19:12.574+0530][gc,phases   ] GC(788)   Evacuate Collection Set: 24.2ms
[2025-03-28T20:19:12.574+0530][gc,phases   ] GC(788)   Post Evacuate Collection Set: 1.1ms
[2025-03-28T20:19:12.574+0530][gc,phases   ] GC(788)   Other: 0.2ms
[2025-03-28T20:19:12.574+0530][gc,heap     ] GC(788) Eden regions: 76->0(56)
[2025-03-28T20:19:12.574+0530][gc,heap     ] GC(788) Survivor regions: 1->3(10)
[2025-03-28T20:19:12.574+0530][gc,heap     ] GC(788) Old regions: 83->83
[2025-03-28T20:19:12.574+0530][gc,heap     ] GC(788) Archive regions: 2->2
[2025-03-28T20:19:12.574+0530][gc,heap     ] GC(788) Humongous regions: 142->140
[2025-03-28T20:19:12.574+0530][gc,metaspace] GC(788) Metaspace: 54082K(54784K)->54082K(54784K) NonClass: 48026K(48384K)->48026K(48384K) Class: 6056K(6400K)->6056K(6400K)
[2025-03-28T20:19:12.574+0530][gc          ] GC(788) Pause Young (Normal) (G1 Evacuation Pause) 302M->226M(1024M) 26.436ms
[2025-03-28T20:19:12.574+0530][gc,cpu      ] GC(788) User=0.03s Sys=0.00s Real=0.03s
[2025-03-28T20:19:18.510+0530][gc,start    ] GC(789) Pause Young (Normal) (G1 Evacuation Pause)
[2025-03-28T20:19:18.510+0530][gc,task     ] GC(789) Using 2 workers of 2 for evacuation
[2025-03-28T20:19:18.516+0530][gc,phases   ] GC(789)   Pre Evacuate Collection Set: 0.3ms
[2025-03-28T20:19:18.516+0530][gc,phases   ] GC(789)   Merge Heap Roots: 0.1ms
[2025-03-28T20:19:18.516+0530][gc,phases   ] GC(789)   Evacuate Collection Set: 4.9ms
[2025-03-28T20:19:18.516+0530][gc,phases   ] GC(789)   Post Evacuate Collection Set: 1.1ms
[2025-03-28T20:19:18.516+0530][gc,phases   ] GC(789)   Other: 0.1ms
[2025-03-28T20:19:18.516+0530][gc,heap     ] GC(789) Eden regions: 56->0(85)
[2025-03-28T20:19:18.516+0530][gc,heap     ] GC(789) Survivor regions: 3->2(8)
[2025-03-28T20:19:18.516+0530][gc,heap     ] GC(789) Old regions: 83->83
[2025-03-28T20:19:18.516+0530][gc,heap     ] GC(789) Archive regions: 2->2
[2025-03-28T20:19:18.516+0530][gc,heap     ] GC(789) Humongous regions: 140->138
[2025-03-28T20:19:18.516+0530][gc,metaspace] GC(789) Metaspace: 54082K(54784K)->54082K(54784K) NonClass: 48026K(48384K)->48026K(48384K) Class: 6056K(6400K)->6056K(6400K)
[2025-03-28T20:19:18.516+0530][gc          ] GC(789) Pause Young (Normal) (G1 Evacuation Pause) 282M->223M(1024M) 6.601ms
[2025-03-28T20:19:18.516+0530][gc,cpu      ] GC(789) User=0.00s Sys=0.00s Real=0.01s
[2025-03-28T20:19:18.674+0530][gc,start    ] GC(790) Pause Young (Normal) (G1 Evacuation Pause)
[2025-03-28T20:19:18.674+0530][gc,task     ] GC(790) Using 2 workers of 2 for evacuation
[2025-03-28T20:19:18.687+0530][gc,phases   ] GC(790)   Pre Evacuate Collection Set: 0.2ms
[2025-03-28T20:19:18.687+0530][gc,phases   ] GC(790)   Merge Heap Roots: 0.1ms
[2025-03-28T20:19:18.687+0530][gc,phases   ] GC(790)   Evacuate Collection Set: 11.8ms
[2025-03-28T20:19:18.687+0530][gc,phases   ] GC(790)   Post Evacuate Collection Set: 0.5ms
[2025-03-28T20:19:18.687+0530][gc,phases   ] GC(790)   Other: 0.1ms
[2025-03-28T20:19:18.687+0530][gc,heap     ] GC(790) Eden regions: 85->0(94)
[2025-03-28T20:19:18.687+0530][gc,heap     ] GC(790) Survivor regions: 2->3(11)
[2025-03-28T20:19:18.687+0530][gc,heap     ] GC(790) Old regions: 83->83
[2025-03-28T20:19:18.687+0530][gc,heap     ] GC(790) Archive regions: 2->2
[2025-03-28T20:19:18.687+0530][gc,heap     ] GC(790) Humongous regions: 140->140
[2025-03-28T20:19:18.687+0530][gc,metaspace] GC(790) Metaspace: 54082K(54784K)->54082K(54784K) NonClass: 48026K(48384K)->48026K(48384K) Class: 6056K(6400K)->6056K(6400K)
[2025-03-28T20:19:18.687+0530][gc          ] GC(790) Pause Young (Normal) (G1 Evacuation Pause) 310M->226M(1024M) 12.993ms
[2025-03-28T20:19:18.687+0530][gc,cpu      ] GC(790) User=0.01s Sys=0.00s Real=0.02s
[2025-03-28T20:19:22.553+0530][gc,start    ] GC(791) Pause Young (Normal) (G1 Evacuation Pause)
[2025-03-28T20:19:22.553+0530][gc,task     ] GC(791) Using 2 workers of 2 for evacuation
[2025-03-28T20:19:22.559+0530][gc,phases   ] GC(791)   Pre Evacuate Collection Set: 0.2ms
[2025-03-28T20:19:22.559+0530][gc,phases   ] GC(791)   Merge Heap Roots: 0.1ms
[2025-03-28T20:19:22.559+0530][gc,phases   ] GC(791)   Evacuate Collection Set: 5.6ms
[2025-03-28T20:19:22.559+0530][gc,phases   ] GC(791)   Post Evacuate Collection Set: 0.6ms
[2025-03-28T20:19:22.559+0530][gc,phases   ] GC(791)   Other: 0.1ms
[2025-03-28T20:19:22.559+0530][gc,heap     ] GC(791) Eden regions: 94->0(137)
[2025-03-28T20:19:22.560+0530][gc,heap     ] GC(791) Survivor regions: 3->3(13)
[2025-03-28T20:19:22.560+0530][gc,heap     ] GC(791) Old regions: 83->83
[2025-03-28T20:19:22.560+0530][gc,heap     ] GC(791) Archive regions: 2->2
[2025-03-28T20:19:22.560+0530][gc,heap     ] GC(791) Humongous regions: 142->140
[2025-03-28T20:19:22.560+0530][gc,metaspace] GC(791) Metaspace: 54082K(54784K)->54082K(54784K) NonClass: 48026K(48384K)->48026K(48384K) Class: 6056K(6400K)->6056K(6400K)
[2025-03-28T20:19:22.560+0530][gc          ] GC(791) Pause Young (Normal) (G1 Evacuation Pause) 322M->226M(1024M) 6.701ms
[2025-03-28T20:19:22.560+0530][gc,cpu      ] GC(791) User=0.01s Sys=0.00s Real=0.00s
[2025-03-28T20:19:28.713+0530][gc,start    ] GC(792) Pause Young (Normal) (G1 Evacuation Pause)
[2025-03-28T20:19:28.713+0530][gc,task     ] GC(792) Using 2 workers of 2 for evacuation
[2025-03-28T20:19:28.721+0530][gc,phases   ] GC(792)   Pre Evacuate Collection Set: 0.2ms
[2025-03-28T20:19:28.721+0530][gc,phases   ] GC(792)   Merge Heap Roots: 0.1ms
[2025-03-28T20:19:28.721+0530][gc,phases   ] GC(792)   Evacuate Collection Set: 7.6ms
[2025-03-28T20:19:28.721+0530][gc,phases   ] GC(792)   Post Evacuate Collection Set: 0.6ms
[2025-03-28T20:19:28.721+0530][gc,phases   ] GC(792)   Other: 0.2ms
[2025-03-28T20:19:28.721+0530][gc,heap     ] GC(792) Eden regions: 137->0(184)
[2025-03-28T20:19:28.721+0530][gc,heap     ] GC(792) Survivor regions: 3->4(18)
[2025-03-28T20:19:28.721+0530][gc,heap     ] GC(792) Old regions: 83->83
[2025-03-28T20:19:28.721+0530][gc,heap     ] GC(792) Archive regions: 2->2
[2025-03-28T20:19:28.722+0530][gc,heap     ] GC(792) Humongous regions: 142->140
[2025-03-28T20:19:28.722+0530][gc,metaspace] GC(792) Metaspace: 54082K(54784K)->54082K(54784K) NonClass: 48026K(48384K)->48026K(48384K) Class: 6056K(6400K)->6056K(6400K)
[2025-03-28T20:19:28.722+0530][gc          ] GC(792) Pause Young (Normal) (G1 Evacuation Pause) 365M->227M(1024M) 8.804ms
[2025-03-28T20:19:28.722+0530][gc,cpu      ] GC(792) User=0.01s Sys=0.00s Real=0.01s
[2025-03-28T20:19:38.537+0530][gc,start    ] GC(793) Pause Young (Normal) (G1 Evacuation Pause)
[2025-03-28T20:19:38.537+0530][gc,task     ] GC(793) Using 2 workers of 2 for evacuation
[2025-03-28T20:19:38.569+0530][gc,mmu      ] GC(793) MMU target violated: 21.0ms (20.0ms/21.0ms)
[2025-03-28T20:19:38.569+0530][gc,phases   ] GC(793)   Pre Evacuate Collection Set: 0.2ms
[2025-03-28T20:19:38.569+0530][gc,phases   ] GC(793)   Merge Heap Roots: 0.2ms
[2025-03-28T20:19:38.569+0530][gc,phases   ] GC(793)   Evacuate Collection Set: 30.1ms
[2025-03-28T20:19:38.569+0530][gc,phases   ] GC(793)   Post Evacuate Collection Set: 0.6ms
[2025-03-28T20:19:38.569+0530][gc,phases   ] GC(793)   Other: 0.2ms
[2025-03-28T20:19:38.569+0530][gc,heap     ] GC(793) Eden regions: 168->0(55)
[2025-03-28T20:19:38.569+0530][gc,heap     ] GC(793) Survivor regions: 4->9(22)
[2025-03-28T20:19:38.569+0530][gc,heap     ] GC(793) Old regions: 83->83
[2025-03-28T20:19:38.569+0530][gc,heap     ] GC(793) Archive regions: 2->2
[2025-03-28T20:19:38.569+0530][gc,heap     ] GC(793) Humongous regions: 142->138
[2025-03-28T20:19:38.569+0530][gc,metaspace] GC(793) Metaspace: 54082K(54784K)->54082K(54784K) NonClass: 48026K(48384K)->48026K(48384K) Class: 6056K(6400K)->6056K(6400K)
[2025-03-28T20:19:38.569+0530][gc          ] GC(793) Pause Young (Normal) (G1 Evacuation Pause) 397M->230M(1024M) 31.329ms
[2025-03-28T20:19:38.569+0530][gc,cpu      ] GC(793) User=0.03s Sys=0.01s Real=0.03s
[2025-03-28T20:19:38.674+0530][gc,start    ] GC(794) Pause Young (Normal) (G1 Evacuation Pause)
[2025-03-28T20:19:38.674+0530][gc,task     ] GC(794) Using 2 workers of 2 for evacuation
[2025-03-28T20:19:38.689+0530][gc,phases   ] GC(794)   Pre Evacuate Collection Set: 0.2ms
[2025-03-28T20:19:38.689+0530][gc,phases   ] GC(794)   Merge Heap Roots: 0.1ms
[2025-03-28T20:19:38.689+0530][gc,phases   ] GC(794)   Evacuate Collection Set: 14.1ms
[2025-03-28T20:19:38.689+0530][gc,phases   ] GC(794)   Post Evacuate Collection Set: 0.4ms
[2025-03-28T20:19:38.689+0530][gc,phases   ] GC(794)   Other: 0.1ms
[2025-03-28T20:19:38.689+0530][gc,heap     ] GC(794) Eden regions: 55->0(172)
[2025-03-28T20:19:38.689+0530][gc,heap     ] GC(794) Survivor regions: 9->2(8)
[2025-03-28T20:19:38.689+0530][gc,heap     ] GC(794) Old regions: 83->88
[2025-03-28T20:19:38.689+0530][gc,heap     ] GC(794) Archive regions: 2->2
[2025-03-28T20:19:38.689+0530][gc,heap     ] GC(794) Humongous regions: 140->140
[2025-03-28T20:19:38.689+0530][gc,metaspace] GC(794) Metaspace: 54082K(54784K)->54082K(54784K) NonClass: 48026K(48384K)->48026K(48384K) Class: 6056K(6400K)->6056K(6400K)
[2025-03-28T20:19:38.689+0530][gc          ] GC(794) Pause Young (Normal) (G1 Evacuation Pause) 287M->230M(1024M) 15.078ms
[2025-03-28T20:19:38.689+0530][gc,cpu      ] GC(794) User=0.02s Sys=0.00s Real=0.02s
[2025-03-28T20:19:48.556+0530][gc,start    ] GC(795) Pause Young (Normal) (G1 Evacuation Pause)
[2025-03-28T20:19:48.556+0530][gc,task     ] GC(795) Using 2 workers of 2 for evacuation
[2025-03-28T20:19:48.567+0530][gc,phases   ] GC(795)   Pre Evacuate Collection Set: 0.2ms
[2025-03-28T20:19:48.567+0530][gc,phases   ] GC(795)   Merge Heap Roots: 0.2ms
[2025-03-28T20:19:48.567+0530][gc,phases   ] GC(795)   Evacuate Collection Set: 10.6ms
[2025-03-28T20:19:48.567+0530][gc,phases   ] GC(795)   Post Evacuate Collection Set: 0.6ms
[2025-03-28T20:19:48.567+0530][gc,phases   ] GC(795)   Other: 0.1ms
[2025-03-28T20:19:48.567+0530][gc,heap     ] GC(795) Eden regions: 172->0(93)
[2025-03-28T20:19:48.567+0530][gc,heap     ] GC(795) Survivor regions: 2->8(22)
[2025-03-28T20:19:48.567+0530][gc,heap     ] GC(795) Old regions: 88->88
[2025-03-28T20:19:48.567+0530][gc,heap     ] GC(795) Archive regions: 2->2
[2025-03-28T20:19:48.567+0530][gc,heap     ] GC(795) Humongous regions: 151->147
[2025-03-28T20:19:48.567+0530][gc,metaspace] GC(795) Metaspace: 54172K(54912K)->54172K(54912K) NonClass: 48099K(48512K)->48099K(48512K) Class: 6073K(6400K)->6073K(6400K)
[2025-03-28T20:19:48.567+0530][gc          ] GC(795) Pause Young (Normal) (G1 Evacuation Pause) 413M->243M(1024M) 11.863ms
[2025-03-28T20:19:48.567+0530][gc,cpu      ] GC(795) User=0.02s Sys=0.01s Real=0.00s
[2025-03-28T20:19:52.453+0530][gc,start    ] GC(796) Pause Young (Normal) (G1 Evacuation Pause)
[2025-03-28T20:19:52.453+0530][gc,task     ] GC(796) Using 2 workers of 2 for evacuation
[2025-03-28T20:19:52.464+0530][gc,phases   ] GC(796)   Pre Evacuate Collection Set: 0.2ms
[2025-03-28T20:19:52.464+0530][gc,phases   ] GC(796)   Merge Heap Roots: 0.2ms
[2025-03-28T20:19:52.464+0530][gc,phases   ] GC(796)   Evacuate Collection Set: 9.4ms
[2025-03-28T20:19:52.464+0530][gc,phases   ] GC(796)   Post Evacuate Collection Set: 0.6ms
[2025-03-28T20:19:52.464+0530][gc,phases   ] GC(796)   Other: 0.1ms
[2025-03-28T20:19:52.464+0530][gc,heap     ] GC(796) Eden regions: 93->0(323)
[2025-03-28T20:19:52.464+0530][gc,heap     ] GC(796) Survivor regions: 8->3(13)
[2025-03-28T20:19:52.464+0530][gc,heap     ] GC(796) Old regions: 88->91
[2025-03-28T20:19:52.464+0530][gc,heap     ] GC(796) Archive regions: 2->2
[2025-03-28T20:19:52.464+0530][gc,heap     ] GC(796) Humongous regions: 149->147
[2025-03-28T20:19:52.464+0530][gc,metaspace] GC(796) Metaspace: 54173K(54912K)->54173K(54912K) NonClass: 48100K(48512K)->48100K(48512K) Class: 6073K(6400K)->6073K(6400K)
[2025-03-28T20:19:52.464+0530][gc          ] GC(796) Pause Young (Normal) (G1 Evacuation Pause) 338M->241M(1024M) 10.526ms
[2025-03-28T20:19:52.464+0530][gc,cpu      ] GC(796) User=0.02s Sys=0.00s Real=0.01s
[2025-03-28T20:20:08.497+0530][gc,start    ] GC(797) Pause Young (Normal) (G1 Evacuation Pause)
[2025-03-28T20:20:08.497+0530][gc,task     ] GC(797) Using 2 workers of 2 for evacuation
[2025-03-28T20:20:08.503+0530][gc,phases   ] GC(797)   Pre Evacuate Collection Set: 0.2ms
[2025-03-28T20:20:08.503+0530][gc,phases   ] GC(797)   Merge Heap Roots: 0.2ms
[2025-03-28T20:20:08.503+0530][gc,phases   ] GC(797)   Evacuate Collection Set: 4.3ms
[2025-03-28T20:20:08.503+0530][gc,phases   ] GC(797)   Post Evacuate Collection Set: 0.9ms
[2025-03-28T20:20:08.503+0530][gc,phases   ] GC(797)   Other: 0.2ms
[2025-03-28T20:20:08.503+0530][gc,heap     ] GC(797) Eden regions: 323->0(559)
[2025-03-28T20:20:08.503+0530][gc,heap     ] GC(797) Survivor regions: 3->2(41)
[2025-03-28T20:20:08.503+0530][gc,heap     ] GC(797) Old regions: 91->91
[2025-03-28T20:20:08.503+0530][gc,heap     ] GC(797) Archive regions: 2->2
[2025-03-28T20:20:08.503+0530][gc,heap     ] GC(797) Humongous regions: 153->147
[2025-03-28T20:20:08.503+0530][gc,metaspace] GC(797) Metaspace: 54177K(54912K)->54177K(54912K) NonClass: 48103K(48512K)->48103K(48512K) Class: 6073K(6400K)->6073K(6400K)
[2025-03-28T20:20:08.503+0530][gc          ] GC(797) Pause Young (Normal) (G1 Evacuation Pause) 570M->239M(1024M) 5.866ms
[2025-03-28T20:20:08.503+0530][gc,cpu      ] GC(797) User=0.01s Sys=0.00s Real=0.00s
[2025-03-28T20:20:08.657+0530][gc,start    ] GC(798) Pause Young (Concurrent Start) (G1 Humongous Allocation)
[2025-03-28T20:20:08.657+0530][gc,task     ] GC(798) Using 2 workers of 2 for evacuation
[2025-03-28T20:20:08.664+0530][gc,phases   ] GC(798)   Pre Evacuate Collection Set: 0.3ms
[2025-03-28T20:20:08.664+0530][gc,phases   ] GC(798)   Merge Heap Roots: 0.1ms
[2025-03-28T20:20:08.664+0530][gc,phases   ] GC(798)   Evacuate Collection Set: 6.2ms
[2025-03-28T20:20:08.664+0530][gc,phases   ] GC(798)   Post Evacuate Collection Set: 0.5ms
[2025-03-28T20:20:08.664+0530][gc,phases   ] GC(798)   Other: 0.2ms
[2025-03-28T20:20:08.664+0530][gc,heap     ] GC(798) Eden regions: 65->0(138)
[2025-03-28T20:20:08.664+0530][gc,heap     ] GC(798) Survivor regions: 2->4(71)
[2025-03-28T20:20:08.664+0530][gc,heap     ] GC(798) Old regions: 91->91
[2025-03-28T20:20:08.664+0530][gc,heap     ] GC(798) Archive regions: 2->2
[2025-03-28T20:20:08.664+0530][gc,heap     ] GC(798) Humongous regions: 147->147
[2025-03-28T20:20:08.664+0530][gc,metaspace] GC(798) Metaspace: 54177K(54912K)->54177K(54912K) NonClass: 48103K(48512K)->48103K(48512K) Class: 6073K(6400K)->6073K(6400K)
[2025-03-28T20:20:08.664+0530][gc          ] GC(798) Pause Young (Concurrent Start) (G1 Humongous Allocation) 304M->241M(1024M) 7.408ms
[2025-03-28T20:20:08.664+0530][gc,cpu      ] GC(798) User=0.01s Sys=0.00s Real=0.00s
[2025-03-28T20:20:08.672+0530][gc          ] GC(799) Concurrent Mark Cycle
[2025-03-28T20:20:08.672+0530][gc,marking  ] GC(799) Concurrent Clear Claimed Marks
[2025-03-28T20:20:08.673+0530][gc,marking  ] GC(799) Concurrent Clear Claimed Marks 0.090ms
[2025-03-28T20:20:08.673+0530][gc,marking  ] GC(799) Concurrent Scan Root Regions
[2025-03-28T20:20:08.677+0530][gc,marking  ] GC(799) Concurrent Scan Root Regions 3.986ms
[2025-03-28T20:20:08.677+0530][gc,marking  ] GC(799) Concurrent Mark
[2025-03-28T20:20:08.677+0530][gc,marking  ] GC(799) Concurrent Mark From Roots
[2025-03-28T20:20:08.677+0530][gc,task     ] GC(799) Using 1 workers of 1 for marking
[2025-03-28T20:20:08.758+0530][gc,marking  ] GC(799) Concurrent Mark From Roots 81.603ms
[2025-03-28T20:20:08.758+0530][gc,marking  ] GC(799) Concurrent Preclean
[2025-03-28T20:20:08.758+0530][gc,marking  ] GC(799) Concurrent Preclean 0.122ms
[2025-03-28T20:20:08.758+0530][gc,start    ] GC(799) Pause Remark
[2025-03-28T20:20:08.776+0530][gc          ] GC(799) Pause Remark 283M->281M(1024M) 17.408ms
[2025-03-28T20:20:08.776+0530][gc,cpu      ] GC(799) User=0.02s Sys=0.00s Real=0.02s
[2025-03-28T20:20:08.776+0530][gc,marking  ] GC(799) Concurrent Mark 99.469ms
[2025-03-28T20:20:08.776+0530][gc,marking  ] GC(799) Concurrent Rebuild Remembered Sets
[2025-03-28T20:20:08.807+0530][gc,marking  ] GC(799) Concurrent Rebuild Remembered Sets 30.707ms
[2025-03-28T20:20:08.807+0530][gc,start    ] GC(799) Pause Cleanup
[2025-03-28T20:20:08.807+0530][gc          ] GC(799) Pause Cleanup 281M->281M(1024M) 0.194ms
[2025-03-28T20:20:08.807+0530][gc,cpu      ] GC(799) User=0.00s Sys=0.00s Real=0.00s
[2025-03-28T20:20:08.807+0530][gc,marking  ] GC(799) Concurrent Cleanup for Next Mark
[2025-03-28T20:20:08.809+0530][gc,marking  ] GC(799) Concurrent Cleanup for Next Mark 1.606ms
[2025-03-28T20:20:08.809+0530][gc          ] GC(799) Concurrent Mark Cycle 136.595ms
[2025-03-28T20:20:12.579+0530][gc,start    ] GC(800) Pause Young (Prepare Mixed) (G1 Evacuation Pause)
[2025-03-28T20:20:12.579+0530][gc,task     ] GC(800) Using 2 workers of 2 for evacuation
[2025-03-28T20:20:12.590+0530][gc,phases   ] GC(800)   Pre Evacuate Collection Set: 0.2ms
[2025-03-28T20:20:12.590+0530][gc,phases   ] GC(800)   Merge Heap Roots: 0.2ms
[2025-03-28T20:20:12.590+0530][gc,phases   ] GC(800)   Evacuate Collection Set: 9.3ms
[2025-03-28T20:20:12.590+0530][gc,phases   ] GC(800)   Post Evacuate Collection Set: 0.6ms
[2025-03-28T20:20:12.590+0530][gc,phases   ] GC(800)   Other: 0.2ms
[2025-03-28T20:20:12.590+0530][gc,heap     ] GC(800) Eden regions: 138->0(47)
[2025-03-28T20:20:12.590+0530][gc,heap     ] GC(800) Survivor regions: 4->4(18)
[2025-03-28T20:20:12.590+0530][gc,heap     ] GC(800) Old regions: 89->89
[2025-03-28T20:20:12.590+0530][gc,heap     ] GC(800) Archive regions: 2->2
[2025-03-28T20:20:12.590+0530][gc,heap     ] GC(800) Humongous regions: 151->149
[2025-03-28T20:20:12.590+0530][gc,metaspace] GC(800) Metaspace: 54177K(54912K)->54177K(54912K) NonClass: 48103K(48512K)->48103K(48512K) Class: 6073K(6400K)->6073K(6400K)
[2025-03-28T20:20:12.590+0530][gc          ] GC(800) Pause Young (Prepare Mixed) (G1 Evacuation Pause) 381M->241M(1024M) 10.541ms
[2025-03-28T20:20:12.590+0530][gc,cpu      ] GC(800) User=0.02s Sys=0.00s Real=0.01s
[2025-03-28T20:20:18.574+0530][gc,start    ] GC(801) Pause Young (Mixed) (G1 Evacuation Pause)
[2025-03-28T20:20:18.574+0530][gc,task     ] GC(801) Using 2 workers of 2 for evacuation
[2025-03-28T20:20:18.581+0530][gc,phases   ] GC(801)   Pre Evacuate Collection Set: 0.2ms
[2025-03-28T20:20:18.581+0530][gc,phases   ] GC(801)   Merge Heap Roots: 0.1ms
[2025-03-28T20:20:18.581+0530][gc,phases   ] GC(801)   Evacuate Collection Set: 5.8ms
[2025-03-28T20:20:18.581+0530][gc,phases   ] GC(801)   Post Evacuate Collection Set: 0.6ms
[2025-03-28T20:20:18.581+0530][gc,phases   ] GC(801)   Other: 0.1ms
[2025-03-28T20:20:18.581+0530][gc,heap     ] GC(801) Eden regions: 47->0(374)
[2025-03-28T20:20:18.581+0530][gc,heap     ] GC(801) Survivor regions: 4->5(7)
[2025-03-28T20:20:18.581+0530][gc,heap     ] GC(801) Old regions: 89->79
[2025-03-28T20:20:18.581+0530][gc,heap     ] GC(801) Archive regions: 2->2
[2025-03-28T20:20:18.581+0530][gc,heap     ] GC(801) Humongous regions: 149->147
[2025-03-28T20:20:18.581+0530][gc,metaspace] GC(801) Metaspace: 54179K(54912K)->54179K(54912K) NonClass: 48106K(48512K)->48106K(48512K) Class: 6073K(6400K)->6073K(6400K)
[2025-03-28T20:20:18.581+0530][gc          ] GC(801) Pause Young (Mixed) (G1 Evacuation Pause) 288M->230M(1024M) 6.824ms
[2025-03-28T20:20:18.581+0530][gc,cpu      ] GC(801) User=0.01s Sys=0.00s Real=0.00s
[2025-03-28T20:20:32.495+0530][gc,start    ] GC(802) Pause Young (Normal) (G1 Evacuation Pause)
[2025-03-28T20:20:32.495+0530][gc,task     ] GC(802) Using 2 workers of 2 for evacuation
[2025-03-28T20:20:32.507+0530][gc,phases   ] GC(802)   Pre Evacuate Collection Set: 0.2ms
[2025-03-28T20:20:32.507+0530][gc,phases   ] GC(802)   Merge Heap Roots: 0.1ms
[2025-03-28T20:20:32.507+0530][gc,phases   ] GC(802)   Evacuate Collection Set: 10.8ms
[2025-03-28T20:20:32.507+0530][gc,phases   ] GC(802)   Post Evacuate Collection Set: 0.7ms
[2025-03-28T20:20:32.507+0530][gc,phases   ] GC(802)   Other: 0.3ms
[2025-03-28T20:20:32.507+0530][gc,heap     ] GC(802) Eden regions: 374->0(207)
[2025-03-28T20:20:32.507+0530][gc,heap     ] GC(802) Survivor regions: 5->9(48)
[2025-03-28T20:20:32.507+0530][gc,heap     ] GC(802) Old regions: 79->79
[2025-03-28T20:20:32.507+0530][gc,heap     ] GC(802) Archive regions: 2->2
[2025-03-28T20:20:32.507+0530][gc,heap     ] GC(802) Humongous regions: 153->147
[2025-03-28T20:20:32.507+0530][gc,metaspace] GC(802) Metaspace: 54179K(54912K)->54179K(54912K) NonClass: 48106K(48512K)->48106K(48512K) Class: 6073K(6400K)->6073K(6400K)
[2025-03-28T20:20:32.507+0530][gc          ] GC(802) Pause Young (Normal) (G1 Evacuation Pause) 610M->235M(1024M) 12.147ms
[2025-03-28T20:20:32.507+0530][gc,cpu      ] GC(802) User=0.01s Sys=0.00s Real=0.00s
[2025-03-28T20:20:42.471+0530][gc,start    ] GC(803) Pause Young (Normal) (G1 Evacuation Pause)
[2025-03-28T20:20:42.471+0530][gc,task     ] GC(803) Using 2 workers of 2 for evacuation
[2025-03-28T20:20:42.483+0530][gc,phases   ] GC(803)   Pre Evacuate Collection Set: 0.2ms
[2025-03-28T20:20:42.483+0530][gc,phases   ] GC(803)   Merge Heap Roots: 0.1ms
[2025-03-28T20:20:42.483+0530][gc,phases   ] GC(803)   Evacuate Collection Set: 11.0ms
[2025-03-28T20:20:42.483+0530][gc,phases   ] GC(803)   Post Evacuate Collection Set: 0.6ms
[2025-03-28T20:20:42.483+0530][gc,phases   ] GC(803)   Other: 0.2ms
[2025-03-28T20:20:42.483+0530][gc,heap     ] GC(803) Eden regions: 207->0(406)
[2025-03-28T20:20:42.483+0530][gc,heap     ] GC(803) Survivor regions: 9->8(27)
[2025-03-28T20:20:42.483+0530][gc,heap     ] GC(803) Old regions: 79->79
[2025-03-28T20:20:42.483+0530][gc,heap     ] GC(803) Archive regions: 2->2
[2025-03-28T20:20:42.483+0530][gc,heap     ] GC(803) Humongous regions: 151->147
[2025-03-28T20:20:42.483+0530][gc,metaspace] GC(803) Metaspace: 54282K(55040K)->54282K(55040K) NonClass: 48185K(48576K)->48185K(48576K) Class: 6096K(6464K)->6096K(6464K)
[2025-03-28T20:20:42.483+0530][gc          ] GC(803) Pause Young (Normal) (G1 Evacuation Pause) 446M->234M(1024M) 12.160ms
[2025-03-28T20:20:42.483+0530][gc,cpu      ] GC(803) User=0.02s Sys=0.00s Real=0.01s
[2025-03-28T20:21:02.400+0530][gc,start    ] GC(804) Pause Young (Normal) (G1 Evacuation Pause)
[2025-03-28T20:21:02.400+0530][gc,task     ] GC(804) Using 2 workers of 2 for evacuation
[2025-03-28T20:21:02.419+0530][gc,phases   ] GC(804)   Pre Evacuate Collection Set: 0.8ms
[2025-03-28T20:21:02.419+0530][gc,phases   ] GC(804)   Merge Heap Roots: 0.8ms
[2025-03-28T20:21:02.419+0530][gc,phases   ] GC(804)   Evacuate Collection Set: 15.8ms
[2025-03-28T20:21:02.419+0530][gc,phases   ] GC(804)   Post Evacuate Collection Set: 1.4ms
[2025-03-28T20:21:02.419+0530][gc,phases   ] GC(804)   Other: 0.2ms
[2025-03-28T20:21:02.419+0530][gc,heap     ] GC(804) Eden regions: 406->0(297)
[2025-03-28T20:21:02.419+0530][gc,heap     ] GC(804) Survivor regions: 8->4(52)
[2025-03-28T20:21:02.419+0530][gc,heap     ] GC(804) Old regions: 79->79
[2025-03-28T20:21:02.419+0530][gc,heap     ] GC(804) Archive regions: 2->2
[2025-03-28T20:21:02.419+0530][gc,heap     ] GC(804) Humongous regions: 155->147
[2025-03-28T20:21:02.419+0530][gc,metaspace] GC(804) Metaspace: 54286K(55040K)->54286K(55040K) NonClass: 48189K(48576K)->48189K(48576K) Class: 6096K(6464K)->6096K(6464K)
[2025-03-28T20:21:02.419+0530][gc          ] GC(804) Pause Young (Normal) (G1 Evacuation Pause) 648M->229M(1024M) 19.173ms
[2025-03-28T20:21:02.419+0530][gc,cpu      ] GC(804) User=0.03s Sys=0.01s Real=0.02s
[2025-03-28T20:21:12.530+0530][gc,start    ] GC(805) Pause Young (Normal) (G1 Evacuation Pause)
[2025-03-28T20:21:12.530+0530][gc,task     ] GC(805) Using 2 workers of 2 for evacuation
[2025-03-28T20:21:12.547+0530][gc,phases   ] GC(805)   Pre Evacuate Collection Set: 0.2ms
[2025-03-28T20:21:12.547+0530][gc,phases   ] GC(805)   Merge Heap Roots: 0.1ms
[2025-03-28T20:21:12.547+0530][gc,phases   ] GC(805)   Evacuate Collection Set: 15.7ms
[2025-03-28T20:21:12.547+0530][gc,phases   ] GC(805)   Post Evacuate Collection Set: 1.1ms
[2025-03-28T20:21:12.547+0530][gc,phases   ] GC(805)   Other: 0.2ms
[2025-03-28T20:21:12.547+0530][gc,heap     ] GC(805) Eden regions: 297->0(158)
[2025-03-28T20:21:12.547+0530][gc,heap     ] GC(805) Survivor regions: 4->6(38)
[2025-03-28T20:21:12.547+0530][gc,heap     ] GC(805) Old regions: 79->79
[2025-03-28T20:21:12.547+0530][gc,heap     ] GC(805) Archive regions: 2->2
[2025-03-28T20:21:12.547+0530][gc,heap     ] GC(805) Humongous regions: 153->149
[2025-03-28T20:21:12.547+0530][gc,metaspace] GC(805) Metaspace: 54286K(55040K)->54286K(55040K) NonClass: 48189K(48576K)->48189K(48576K) Class: 6096K(6464K)->6096K(6464K)
[2025-03-28T20:21:12.548+0530][gc          ] GC(805) Pause Young (Normal) (G1 Evacuation Pause) 532M->234M(1024M) 17.544ms
[2025-03-28T20:21:12.548+0530][gc,cpu      ] GC(805) User=0.02s Sys=0.00s Real=0.02s
[2025-03-28T20:21:22.414+0530][gc,start    ] GC(806) Pause Young (Normal) (G1 Evacuation Pause)
[2025-03-28T20:21:22.414+0530][gc,task     ] GC(806) Using 2 workers of 2 for evacuation
[2025-03-28T20:21:22.425+0530][gc,phases   ] GC(806)   Pre Evacuate Collection Set: 0.2ms
[2025-03-28T20:21:22.426+0530][gc,phases   ] GC(806)   Merge Heap Roots: 0.2ms
[2025-03-28T20:21:22.426+0530][gc,phases   ] GC(806)   Evacuate Collection Set: 10.4ms
[2025-03-28T20:21:22.426+0530][gc,phases   ] GC(806)   Post Evacuate Collection Set: 0.7ms
[2025-03-28T20:21:22.426+0530][gc,phases   ] GC(806)   Other: 0.2ms
[2025-03-28T20:21:22.426+0530][gc,heap     ] GC(806) Eden regions: 158->0(448)
[2025-03-28T20:21:22.426+0530][gc,heap     ] GC(806) Survivor regions: 6->5(21)
[2025-03-28T20:21:22.426+0530][gc,heap     ] GC(806) Old regions: 79->79
[2025-03-28T20:21:22.426+0530][gc,heap     ] GC(806) Archive regions: 2->2
[2025-03-28T20:21:22.426+0530][gc,heap     ] GC(806) Humongous regions: 151->147
[2025-03-28T20:21:22.426+0530][gc,metaspace] GC(806) Metaspace: 54286K(55040K)->54286K(55040K) NonClass: 48189K(48576K)->48189K(48576K) Class: 6096K(6464K)->6096K(6464K)
[2025-03-28T20:21:22.426+0530][gc          ] GC(806) Pause Young (Normal) (G1 Evacuation Pause) 394M->231M(1024M) 11.793ms
[2025-03-28T20:21:22.426+0530][gc,cpu      ] GC(806) User=0.02s Sys=0.01s Real=0.00s
[2025-03-28T20:21:42.407+0530][gc,start    ] GC(807) Pause Young (Normal) (G1 Evacuation Pause)
[2025-03-28T20:21:42.407+0530][gc,task     ] GC(807) Using 2 workers of 2 for evacuation
[2025-03-28T20:21:42.421+0530][gc,phases   ] GC(807)   Pre Evacuate Collection Set: 0.2ms
[2025-03-28T20:21:42.421+0530][gc,phases   ] GC(807)   Merge Heap Roots: 0.2ms
[2025-03-28T20:21:42.421+0530][gc,phases   ] GC(807)   Evacuate Collection Set: 13.2ms
[2025-03-28T20:21:42.421+0530][gc,phases   ] GC(807)   Post Evacuate Collection Set: 0.7ms
[2025-03-28T20:21:42.421+0530][gc,phases   ] GC(807)   Other: 0.2ms
[2025-03-28T20:21:42.421+0530][gc,heap     ] GC(807) Eden regions: 448->0(269)
[2025-03-28T20:21:42.421+0530][gc,heap     ] GC(807) Survivor regions: 5->6(57)
[2025-03-28T20:21:42.421+0530][gc,heap     ] GC(807) Old regions: 79->79
[2025-03-28T20:21:42.421+0530][gc,heap     ] GC(807) Archive regions: 2->2
[2025-03-28T20:21:42.421+0530][gc,heap     ] GC(807) Humongous regions: 155->147
[2025-03-28T20:21:42.421+0530][gc,metaspace] GC(807) Metaspace: 54357K(55040K)->54357K(55040K) NonClass: 48249K(48576K)->48249K(48576K) Class: 6108K(6464K)->6108K(6464K)
[2025-03-28T20:21:42.421+0530][gc          ] GC(807) Pause Young (Normal) (G1 Evacuation Pause) 687M->231M(1024M) 14.595ms
[2025-03-28T20:21:42.421+0530][gc,cpu      ] GC(807) User=0.02s Sys=0.00s Real=0.00s
[2025-03-28T20:21:57.497+0530][gc,start    ] GC(808) Pause Young (Normal) (G1 Evacuation Pause)
[2025-03-28T20:21:57.497+0530][gc,task     ] GC(808) Using 2 workers of 2 for evacuation
[2025-03-28T20:21:57.510+0530][gc,phases   ] GC(808)   Pre Evacuate Collection Set: 0.2ms
[2025-03-28T20:21:57.510+0530][gc,phases   ] GC(808)   Merge Heap Roots: 0.1ms
[2025-03-28T20:21:57.510+0530][gc,phases   ] GC(808)   Evacuate Collection Set: 11.3ms
[2025-03-28T20:21:57.510+0530][gc,phases   ] GC(808)   Post Evacuate Collection Set: 0.7ms
[2025-03-28T20:21:57.510+0530][gc,phases   ] GC(808)   Other: 0.1ms
[2025-03-28T20:21:57.510+0530][gc,heap     ] GC(808) Eden regions: 269->0(41)
[2025-03-28T20:21:57.510+0530][gc,heap     ] GC(808) Survivor regions: 6->10(35)
[2025-03-28T20:21:57.510+0530][gc,heap     ] GC(808) Old regions: 79->79
[2025-03-28T20:21:57.510+0530][gc,heap     ] GC(808) Archive regions: 2->2
[2025-03-28T20:21:57.510+0530][gc,heap     ] GC(808) Humongous regions: 151->147
[2025-03-28T20:21:57.510+0530][gc,metaspace] GC(808) Metaspace: 54361K(55040K)->54361K(55040K) NonClass: 48253K(48576K)->48253K(48576K) Class: 6108K(6464K)->6108K(6464K)
[2025-03-28T20:21:57.510+0530][gc          ] GC(808) Pause Young (Normal) (G1 Evacuation Pause) 504M->236M(1024M) 12.466ms
[2025-03-28T20:21:57.510+0530][gc,cpu      ] GC(808) User=0.02s Sys=0.00s Real=0.01s
[2025-03-28T20:21:57.583+0530][gc,start    ] GC(809) Pause Young (Normal) (G1 Evacuation Pause)
[2025-03-28T20:21:57.583+0530][gc,task     ] GC(809) Using 2 workers of 2 for evacuation
[2025-03-28T20:21:57.594+0530][gc,phases   ] GC(809)   Pre Evacuate Collection Set: 0.1ms
[2025-03-28T20:21:57.594+0530][gc,phases   ] GC(809)   Merge Heap Roots: 0.1ms
[2025-03-28T20:21:57.594+0530][gc,phases   ] GC(809)   Evacuate Collection Set: 10.7ms
[2025-03-28T20:21:57.594+0530][gc,phases   ] GC(809)   Post Evacuate Collection Set: 0.6ms
[2025-03-28T20:21:57.594+0530][gc,phases   ] GC(809)   Other: 0.2ms
[2025-03-28T20:21:57.594+0530][gc,heap     ] GC(809) Eden regions: 41->0(570)
[2025-03-28T20:21:57.594+0530][gc,heap     ] GC(809) Survivor regions: 10->2(7)
[2025-03-28T20:21:57.594+0530][gc,heap     ] GC(809) Old regions: 79->85
[2025-03-28T20:21:57.595+0530][gc,heap     ] GC(809) Archive regions: 2->2
[2025-03-28T20:21:57.595+0530][gc,heap     ] GC(809) Humongous regions: 149->149
[2025-03-28T20:21:57.595+0530][gc,metaspace] GC(809) Metaspace: 54361K(55040K)->54361K(55040K) NonClass: 48253K(48576K)->48253K(48576K) Class: 6108K(6464K)->6108K(6464K)
[2025-03-28T20:21:57.595+0530][gc          ] GC(809) Pause Young (Normal) (G1 Evacuation Pause) 279M->236M(1024M) 11.769ms
[2025-03-28T20:21:57.595+0530][gc,cpu      ] GC(809) User=0.02s Sys=0.00s Real=0.01s
[2025-03-28T20:22:03.417+0530][gc,start    ] GC(810) Pause Young (Concurrent Start) (G1 Humongous Allocation)
[2025-03-28T20:22:03.417+0530][gc,task     ] GC(810) Using 2 workers of 2 for evacuation
[2025-03-28T20:22:03.430+0530][gc,phases   ] GC(810)   Pre Evacuate Collection Set: 0.2ms
[2025-03-28T20:22:03.430+0530][gc,phases   ] GC(810)   Merge Heap Roots: 0.1ms
[2025-03-28T20:22:03.430+0530][gc,phases   ] GC(810)   Evacuate Collection Set: 12.4ms
[2025-03-28T20:22:03.430+0530][gc,phases   ] GC(810)   Post Evacuate Collection Set: 0.6ms
[2025-03-28T20:22:03.430+0530][gc,phases   ] GC(810)   Other: 0.3ms
[2025-03-28T20:22:03.430+0530][gc,heap     ] GC(810) Eden regions: 104->0(42)
[2025-03-28T20:22:03.430+0530][gc,heap     ] GC(810) Survivor regions: 2->9(72)
[2025-03-28T20:22:03.430+0530][gc,heap     ] GC(810) Old regions: 85->85
[2025-03-28T20:22:03.431+0530][gc,heap     ] GC(810) Archive regions: 2->2
[2025-03-28T20:22:03.431+0530][gc,heap     ] GC(810) Humongous regions: 149->147
[2025-03-28T20:22:03.431+0530][gc,metaspace] GC(810) Metaspace: 54361K(55040K)->54361K(55040K) NonClass: 48253K(48576K)->48253K(48576K) Class: 6108K(6464K)->6108K(6464K)
[2025-03-28T20:22:03.431+0530][gc          ] GC(810) Pause Young (Concurrent Start) (G1 Humongous Allocation) 340M->240M(1024M) 13.816ms
[2025-03-28T20:22:03.431+0530][gc,cpu      ] GC(810) User=0.02s Sys=0.00s Real=0.01s
[2025-03-28T20:22:03.431+0530][gc          ] GC(811) Concurrent Mark Cycle
[2025-03-28T20:22:03.431+0530][gc,marking  ] GC(811) Concurrent Clear Claimed Marks
[2025-03-28T20:22:03.431+0530][gc,marking  ] GC(811) Concurrent Clear Claimed Marks 0.112ms
[2025-03-28T20:22:03.431+0530][gc,marking  ] GC(811) Concurrent Scan Root Regions
[2025-03-28T20:22:03.438+0530][gc,marking  ] GC(811) Concurrent Scan Root Regions 7.611ms
[2025-03-28T20:22:03.438+0530][gc,marking  ] GC(811) Concurrent Mark
[2025-03-28T20:22:03.438+0530][gc,marking  ] GC(811) Concurrent Mark From Roots
[2025-03-28T20:22:03.438+0530][gc,task     ] GC(811) Using 1 workers of 1 for marking
[2025-03-28T20:22:03.548+0530][gc,start    ] GC(812) Pause Young (Normal) (G1 Evacuation Pause)
[2025-03-28T20:22:03.548+0530][gc,task     ] GC(812) Using 2 workers of 2 for evacuation
[2025-03-28T20:22:03.573+0530][gc,mmu      ] GC(812) MMU target violated: 21.0ms (20.0ms/21.0ms)
[2025-03-28T20:22:03.573+0530][gc,phases   ] GC(812)   Pre Evacuate Collection Set: 0.2ms
[2025-03-28T20:22:03.573+0530][gc,phases   ] GC(812)   Merge Heap Roots: 0.1ms
[2025-03-28T20:22:03.573+0530][gc,phases   ] GC(812)   Evacuate Collection Set: 23.8ms
[2025-03-28T20:22:03.573+0530][gc,phases   ] GC(812)   Post Evacuate Collection Set: 0.7ms
[2025-03-28T20:22:03.573+0530][gc,phases   ] GC(812)   Other: 0.5ms
[2025-03-28T20:22:03.573+0530][gc,heap     ] GC(812) Eden regions: 42->0(358)
[2025-03-28T20:22:03.573+0530][gc,heap     ] GC(812) Survivor regions: 9->1(7)
[2025-03-28T20:22:03.573+0530][gc,heap     ] GC(812) Old regions: 85->93
[2025-03-28T20:22:03.573+0530][gc,heap     ] GC(812) Archive regions: 2->2
[2025-03-28T20:22:03.573+0530][gc,heap     ] GC(812) Humongous regions: 149->147
[2025-03-28T20:22:03.573+0530][gc,metaspace] GC(812) Metaspace: 54361K(55040K)->54361K(55040K) NonClass: 48253K(48576K)->48253K(48576K) Class: 6108K(6464K)->6108K(6464K)
[2025-03-28T20:22:03.574+0530][gc          ] GC(812) Pause Young (Normal) (G1 Evacuation Pause) 284M->241M(1024M) 25.439ms
[2025-03-28T20:22:03.574+0530][gc,cpu      ] GC(812) User=0.03s Sys=0.00s Real=0.02s
[2025-03-28T20:22:03.743+0530][gc,marking  ] GC(811) Concurrent Mark From Roots 304.692ms
[2025-03-28T20:22:03.743+0530][gc,marking  ] GC(811) Concurrent Preclean
[2025-03-28T20:22:03.743+0530][gc,marking  ] GC(811) Concurrent Preclean 0.134ms
[2025-03-28T20:22:03.744+0530][gc,start    ] GC(811) Pause Remark
[2025-03-28T20:22:03.770+0530][gc,mmu      ] GC(811) MMU target violated: 21.0ms (20.0ms/21.0ms)
[2025-03-28T20:22:03.770+0530][gc          ] GC(811) Pause Remark 299M->299M(1024M) 26.509ms
[2025-03-28T20:22:03.770+0530][gc,cpu      ] GC(811) User=0.02s Sys=0.01s Real=0.02s
[2025-03-28T20:22:03.770+0530][gc,marking  ] GC(811) Concurrent Mark 332.023ms
[2025-03-28T20:22:03.770+0530][gc,marking  ] GC(811) Concurrent Rebuild Remembered Sets
[2025-03-28T20:22:03.837+0530][gc,marking  ] GC(811) Concurrent Rebuild Remembered Sets 66.816ms
[2025-03-28T20:22:03.859+0530][gc,start    ] GC(811) Pause Cleanup
[2025-03-28T20:22:03.859+0530][gc          ] GC(811) Pause Cleanup 306M->306M(1024M) 0.225ms
[2025-03-28T20:22:03.859+0530][gc,cpu      ] GC(811) User=0.00s Sys=0.00s Real=0.00s
[2025-03-28T20:22:03.859+0530][gc,marking  ] GC(811) Concurrent Cleanup for Next Mark
[2025-03-28T20:22:03.861+0530][gc,marking  ] GC(811) Concurrent Cleanup for Next Mark 1.449ms
[2025-03-28T20:22:03.861+0530][gc          ] GC(811) Concurrent Mark Cycle 430.230ms
[2025-03-28T20:22:17.428+0530][gc,start    ] GC(813) Pause Young (Prepare Mixed) (G1 Evacuation Pause)
[2025-03-28T20:22:17.428+0530][gc,task     ] GC(813) Using 2 workers of 2 for evacuation
[2025-03-28T20:22:17.454+0530][gc,mmu      ] GC(813) MMU target violated: 21.0ms (20.0ms/21.0ms)
[2025-03-28T20:22:17.454+0530][gc,phases   ] GC(813)   Pre Evacuate Collection Set: 0.2ms
[2025-03-28T20:22:17.454+0530][gc,phases   ] GC(813)   Merge Heap Roots: 0.1ms
[2025-03-28T20:22:17.454+0530][gc,phases   ] GC(813)   Evacuate Collection Set: 24.4ms
[2025-03-28T20:22:17.454+0530][gc,phases   ] GC(813)   Post Evacuate Collection Set: 0.7ms
[2025-03-28T20:22:17.454+0530][gc,phases   ] GC(813)   Other: 0.2ms
[2025-03-28T20:22:17.454+0530][gc,heap     ] GC(813) Eden regions: 358->0(40)
[2025-03-28T20:22:17.454+0530][gc,heap     ] GC(813) Survivor regions: 1->11(45)
[2025-03-28T20:22:17.454+0530][gc,heap     ] GC(813) Old regions: 93->93
[2025-03-28T20:22:17.454+0530][gc,heap     ] GC(813) Archive regions: 2->2
[2025-03-28T20:22:17.454+0530][gc,heap     ] GC(813) Humongous regions: 153->147
[2025-03-28T20:22:17.454+0530][gc,metaspace] GC(813) Metaspace: 54361K(55040K)->54361K(55040K) NonClass: 48253K(48576K)->48253K(48576K) Class: 6108K(6464K)->6108K(6464K)
[2025-03-28T20:22:17.454+0530][gc          ] GC(813) Pause Young (Prepare Mixed) (G1 Evacuation Pause) 605M->251M(1024M) 25.653ms
[2025-03-28T20:22:17.454+0530][gc,cpu      ] GC(813) User=0.02s Sys=0.00s Real=0.02s
[2025-03-28T20:22:17.510+0530][gc,start    ] GC(814) Pause Young (Mixed) (G1 Evacuation Pause)
[2025-03-28T20:22:17.510+0530][gc,task     ] GC(814) Using 2 workers of 2 for evacuation
[2025-03-28T20:22:17.529+0530][gc,phases   ] GC(814)   Pre Evacuate Collection Set: 0.2ms
[2025-03-28T20:22:17.529+0530][gc,phases   ] GC(814)   Merge Heap Roots: 0.1ms
[2025-03-28T20:22:17.529+0530][gc,phases   ] GC(814)   Evacuate Collection Set: 17.9ms
[2025-03-28T20:22:17.529+0530][gc,phases   ] GC(814)   Post Evacuate Collection Set: 0.9ms
[2025-03-28T20:22:17.529+0530][gc,phases   ] GC(814)   Other: 0.2ms
[2025-03-28T20:22:17.530+0530][gc,heap     ] GC(814) Eden regions: 40->0(251)
[2025-03-28T20:22:17.530+0530][gc,heap     ] GC(814) Survivor regions: 11->6(7)
[2025-03-28T20:22:17.530+0530][gc,heap     ] GC(814) Old regions: 93->96
[2025-03-28T20:22:17.530+0530][gc,heap     ] GC(814) Archive regions: 2->2
[2025-03-28T20:22:17.530+0530][gc,heap     ] GC(814) Humongous regions: 147->147
[2025-03-28T20:22:17.530+0530][gc,metaspace] GC(814) Metaspace: 54361K(55040K)->54361K(55040K) NonClass: 48253K(48576K)->48253K(48576K) Class: 6108K(6464K)->6108K(6464K)
[2025-03-28T20:22:17.530+0530][gc          ] GC(814) Pause Young (Mixed) (G1 Evacuation Pause) 291M->248M(1024M) 19.440ms
[2025-03-28T20:22:17.530+0530][gc,cpu      ] GC(814) User=0.02s Sys=0.00s Real=0.02s
[2025-03-28T20:22:42.560+0530][gc,start    ] GC(815) Pause Young (Normal) (G1 Evacuation Pause)
[2025-03-28T20:22:42.560+0530][gc,task     ] GC(815) Using 2 workers of 2 for evacuation
[2025-03-28T20:22:42.574+0530][gc,phases   ] GC(815)   Pre Evacuate Collection Set: 0.2ms
[2025-03-28T20:22:42.574+0530][gc,phases   ] GC(815)   Merge Heap Roots: 0.1ms
[2025-03-28T20:22:42.574+0530][gc,phases   ] GC(815)   Evacuate Collection Set: 12.9ms
[2025-03-28T20:22:42.574+0530][gc,phases   ] GC(815)   Post Evacuate Collection Set: 0.7ms
[2025-03-28T20:22:42.574+0530][gc,phases   ] GC(815)   Other: 0.2ms
[2025-03-28T20:22:42.574+0530][gc,heap     ] GC(815) Eden regions: 251->0(43)
[2025-03-28T20:22:42.574+0530][gc,heap     ] GC(815) Survivor regions: 6->13(33)
[2025-03-28T20:22:42.574+0530][gc,heap     ] GC(815) Old regions: 96->96
[2025-03-28T20:22:42.574+0530][gc,heap     ] GC(815) Archive regions: 2->2
[2025-03-28T20:22:42.574+0530][gc,heap     ] GC(815) Humongous regions: 151->147
[2025-03-28T20:22:42.574+0530][gc,metaspace] GC(815) Metaspace: 54364K(55040K)->54364K(55040K) NonClass: 48256K(48576K)->48256K(48576K) Class: 6108K(6464K)->6108K(6464K)
[2025-03-28T20:22:42.574+0530][gc          ] GC(815) Pause Young (Normal) (G1 Evacuation Pause) 503M->255M(1024M) 14.247ms
[2025-03-28T20:22:42.574+0530][gc,cpu      ] GC(815) User=0.02s Sys=0.00s Real=0.01s
[2025-03-28T20:22:42.593+0530][gc,start    ] GC(816) Pause Young (Normal) (G1 Evacuation Pause)
[2025-03-28T20:22:42.593+0530][gc,task     ] GC(816) Using 2 workers of 2 for evacuation
[2025-03-28T20:22:42.644+0530][gc,mmu      ] GC(816) MMU target violated: 21.0ms (20.0ms/21.0ms)
[2025-03-28T20:22:42.644+0530][gc,phases   ] GC(816)   Pre Evacuate Collection Set: 0.3ms
[2025-03-28T20:22:42.644+0530][gc,phases   ] GC(816)   Merge Heap Roots: 0.2ms
[2025-03-28T20:22:42.644+0530][gc,phases   ] GC(816)   Evacuate Collection Set: 49.6ms
[2025-03-28T20:22:42.644+0530][gc,phases   ] GC(816)   Post Evacuate Collection Set: 0.5ms
[2025-03-28T20:22:42.644+0530][gc,phases   ] GC(816)   Other: 0.2ms
[2025-03-28T20:22:42.644+0530][gc,heap     ] GC(816) Eden regions: 43->0(45)
[2025-03-28T20:22:42.644+0530][gc,heap     ] GC(816) Survivor regions: 13->6(7)
[2025-03-28T20:22:42.644+0530][gc,heap     ] GC(816) Old regions: 96->108
[2025-03-28T20:22:42.644+0530][gc,heap     ] GC(816) Archive regions: 2->2
[2025-03-28T20:22:42.644+0530][gc,heap     ] GC(816) Humongous regions: 147->147
[2025-03-28T20:22:42.644+0530][gc,metaspace] GC(816) Metaspace: 54364K(55040K)->54364K(55040K) NonClass: 48256K(48576K)->48256K(48576K) Class: 6108K(6464K)->6108K(6464K)
[2025-03-28T20:22:42.644+0530][gc          ] GC(816) Pause Young (Normal) (G1 Evacuation Pause) 298M->260M(1024M) 50.875ms
[2025-03-28T20:22:42.644+0530][gc,cpu      ] GC(816) User=0.02s Sys=0.01s Real=0.05s
[2025-03-28T20:22:42.721+0530][gc,start    ] GC(817) Pause Young (Normal) (G1 Evacuation Pause)
[2025-03-28T20:22:42.721+0530][gc,task     ] GC(817) Using 2 workers of 2 for evacuation
[2025-03-28T20:22:42.777+0530][gc,mmu      ] GC(817) MMU target violated: 21.0ms (20.0ms/21.0ms)
[2025-03-28T20:22:42.777+0530][gc,phases   ] GC(817)   Pre Evacuate Collection Set: 0.2ms
[2025-03-28T20:22:42.777+0530][gc,phases   ] GC(817)   Merge Heap Roots: 0.1ms
[2025-03-28T20:22:42.777+0530][gc,phases   ] GC(817)   Evacuate Collection Set: 54.9ms
[2025-03-28T20:22:42.777+0530][gc,phases   ] GC(817)   Post Evacuate Collection Set: 0.4ms
[2025-03-28T20:22:42.777+0530][gc,phases   ] GC(817)   Other: 0.2ms
[2025-03-28T20:22:42.777+0530][gc,heap     ] GC(817) Eden regions: 45->0(45)
[2025-03-28T20:22:42.777+0530][gc,heap     ] GC(817) Survivor regions: 6->6(7)
[2025-03-28T20:22:42.777+0530][gc,heap     ] GC(817) Old regions: 108->111
[2025-03-28T20:22:42.777+0530][gc,heap     ] GC(817) Archive regions: 2->2
[2025-03-28T20:22:42.777+0530][gc,heap     ] GC(817) Humongous regions: 147->147
[2025-03-28T20:22:42.777+0530][gc,metaspace] GC(817) Metaspace: 54364K(55040K)->54364K(55040K) NonClass: 48256K(48576K)->48256K(48576K) Class: 6108K(6464K)->6108K(6464K)
[2025-03-28T20:22:42.777+0530][gc          ] GC(817) Pause Young (Normal) (G1 Evacuation Pause) 305M->264M(1024M) 55.848ms
[2025-03-28T20:22:42.777+0530][gc,cpu      ] GC(817) User=0.03s Sys=0.00s Real=0.06s
[2025-03-28T20:22:42.782+0530][gc,start    ] GC(818) Pause Young (Concurrent Start) (G1 Humongous Allocation)
[2025-03-28T20:22:42.782+0530][gc,task     ] GC(818) Using 2 workers of 2 for evacuation
[2025-03-28T20:22:42.818+0530][gc,mmu      ] GC(818) MMU target violated: 21.0ms (20.0ms/21.0ms)
[2025-03-28T20:22:42.818+0530][gc,phases   ] GC(818)   Pre Evacuate Collection Set: 0.3ms
[2025-03-28T20:22:42.818+0530][gc,phases   ] GC(818)   Merge Heap Roots: 0.1ms
[2025-03-28T20:22:42.818+0530][gc,phases   ] GC(818)   Evacuate Collection Set: 35.1ms
[2025-03-28T20:22:42.818+0530][gc,phases   ] GC(818)   Post Evacuate Collection Set: 0.4ms
[2025-03-28T20:22:42.818+0530][gc,phases   ] GC(818)   Other: 0.3ms
[2025-03-28T20:22:42.818+0530][gc,heap     ] GC(818) Eden regions: 2->0(62)
[2025-03-28T20:22:42.818+0530][gc,heap     ] GC(818) Survivor regions: 6->1(7)
[2025-03-28T20:22:42.818+0530][gc,heap     ] GC(818) Old regions: 111->116
[2025-03-28T20:22:42.818+0530][gc,heap     ] GC(818) Archive regions: 2->2
[2025-03-28T20:22:42.818+0530][gc,heap     ] GC(818) Humongous regions: 147->147
[2025-03-28T20:22:42.818+0530][gc,metaspace] GC(818) Metaspace: 54364K(55040K)->54364K(55040K) NonClass: 48256K(48576K)->48256K(48576K) Class: 6108K(6464K)->6108K(6464K)
[2025-03-28T20:22:42.818+0530][gc          ] GC(818) Pause Young (Concurrent Start) (G1 Humongous Allocation) 266M->264M(1024M) 36.227ms
[2025-03-28T20:22:42.818+0530][gc,cpu      ] GC(818) User=0.01s Sys=0.00s Real=0.04s
[2025-03-28T20:22:42.818+0530][gc          ] GC(819) Concurrent Mark Cycle
[2025-03-28T20:22:42.818+0530][gc,marking  ] GC(819) Concurrent Clear Claimed Marks
[2025-03-28T20:22:42.818+0530][gc,marking  ] GC(819) Concurrent Clear Claimed Marks 0.088ms
[2025-03-28T20:22:42.818+0530][gc,marking  ] GC(819) Concurrent Scan Root Regions
[2025-03-28T20:22:42.836+0530][gc,marking  ] GC(819) Concurrent Scan Root Regions 17.847ms
[2025-03-28T20:22:42.836+0530][gc,marking  ] GC(819) Concurrent Mark
[2025-03-28T20:22:42.836+0530][gc,marking  ] GC(819) Concurrent Mark From Roots
[2025-03-28T20:22:42.836+0530][gc,task     ] GC(819) Using 1 workers of 1 for marking
[2025-03-28T20:22:42.968+0530][gc,marking  ] GC(819) Concurrent Mark From Roots 131.742ms
[2025-03-28T20:22:42.968+0530][gc,marking  ] GC(819) Concurrent Preclean
[2025-03-28T20:22:42.968+0530][gc,marking  ] GC(819) Concurrent Preclean 0.161ms
[2025-03-28T20:22:42.990+0530][gc,start    ] GC(819) Pause Remark
[2025-03-28T20:22:43.006+0530][gc          ] GC(819) Pause Remark 323M->309M(1024M) 15.650ms
[2025-03-28T20:22:43.006+0530][gc,cpu      ] GC(819) User=0.03s Sys=0.00s Real=0.02s
[2025-03-28T20:22:43.006+0530][gc,marking  ] GC(819) Concurrent Mark 170.152ms
[2025-03-28T20:22:43.006+0530][gc,marking  ] GC(819) Concurrent Rebuild Remembered Sets
[2025-03-28T20:22:43.016+0530][gc,start    ] GC(820) Pause Young (Normal) (G1 Evacuation Pause)
[2025-03-28T20:22:43.016+0530][gc,task     ] GC(820) Using 2 workers of 2 for evacuation
[2025-03-28T20:22:43.022+0530][gc,phases   ] GC(820)   Pre Evacuate Collection Set: 0.3ms
[2025-03-28T20:22:43.022+0530][gc,phases   ] GC(820)   Merge Heap Roots: 0.1ms
[2025-03-28T20:22:43.022+0530][gc,phases   ] GC(820)   Evacuate Collection Set: 4.9ms
[2025-03-28T20:22:43.022+0530][gc,phases   ] GC(820)   Post Evacuate Collection Set: 0.8ms
[2025-03-28T20:22:43.022+0530][gc,phases   ] GC(820)   Other: 0.1ms
[2025-03-28T20:22:43.022+0530][gc,heap     ] GC(820) Eden regions: 62->0(74)
[2025-03-28T20:22:43.022+0530][gc,heap     ] GC(820) Survivor regions: 1->2(8)
[2025-03-28T20:22:43.022+0530][gc,heap     ] GC(820) Old regions: 102->102
[2025-03-28T20:22:43.022+0530][gc,heap     ] GC(820) Archive regions: 2->2
[2025-03-28T20:22:43.022+0530][gc,heap     ] GC(820) Humongous regions: 151->151
[2025-03-28T20:22:43.022+0530][gc,metaspace] GC(820) Metaspace: 54364K(55040K)->54364K(55040K) NonClass: 48256K(48576K)->48256K(48576K) Class: 6108K(6464K)->6108K(6464K)
[2025-03-28T20:22:43.022+0530][gc          ] GC(820) Pause Young (Normal) (G1 Evacuation Pause) 316M->255M(1024M) 6.462ms
[2025-03-28T20:22:43.022+0530][gc,cpu      ] GC(820) User=0.01s Sys=0.00s Real=0.00s
[2025-03-28T20:22:43.114+0530][gc,marking  ] GC(819) Concurrent Rebuild Remembered Sets 108.005ms
[2025-03-28T20:22:43.115+0530][gc,start    ] GC(819) Pause Cleanup
[2025-03-28T20:22:43.115+0530][gc          ] GC(819) Pause Cleanup 318M->318M(1024M) 0.235ms
[2025-03-28T20:22:43.115+0530][gc,cpu      ] GC(819) User=0.01s Sys=0.00s Real=0.00s
[2025-03-28T20:22:43.115+0530][gc,marking  ] GC(819) Concurrent Cleanup for Next Mark
[2025-03-28T20:22:43.117+0530][gc,marking  ] GC(819) Concurrent Cleanup for Next Mark 1.489ms
[2025-03-28T20:22:43.117+0530][gc          ] GC(819) Concurrent Mark Cycle 298.637ms
[2025-03-28T20:22:43.127+0530][gc,start    ] GC(821) Pause Young (Prepare Mixed) (G1 Evacuation Pause)
[2025-03-28T20:22:43.127+0530][gc,task     ] GC(821) Using 2 workers of 2 for evacuation
[2025-03-28T20:22:43.142+0530][gc,phases   ] GC(821)   Pre Evacuate Collection Set: 0.3ms
[2025-03-28T20:22:43.142+0530][gc,phases   ] GC(821)   Merge Heap Roots: 0.2ms
[2025-03-28T20:22:43.142+0530][gc,phases   ] GC(821)   Evacuate Collection Set: 12.6ms
[2025-03-28T20:22:43.142+0530][gc,phases   ] GC(821)   Post Evacuate Collection Set: 1.3ms
[2025-03-28T20:22:43.142+0530][gc,phases   ] GC(821)   Other: 0.1ms
[2025-03-28T20:22:43.142+0530][gc,heap     ] GC(821) Eden regions: 74->0(45)
[2025-03-28T20:22:43.142+0530][gc,heap     ] GC(821) Survivor regions: 2->6(10)
[2025-03-28T20:22:43.142+0530][gc,heap     ] GC(821) Old regions: 102->102
[2025-03-28T20:22:43.142+0530][gc,heap     ] GC(821) Archive regions: 2->2
[2025-03-28T20:22:43.142+0530][gc,heap     ] GC(821) Humongous regions: 153->149
[2025-03-28T20:22:43.142+0530][gc,metaspace] GC(821) Metaspace: 54364K(55040K)->54364K(55040K) NonClass: 48256K(48576K)->48256K(48576K) Class: 6108K(6464K)->6108K(6464K)
[2025-03-28T20:22:43.142+0530][gc          ] GC(821) Pause Young (Prepare Mixed) (G1 Evacuation Pause) 331M->257M(1024M) 14.581ms
[2025-03-28T20:22:43.142+0530][gc,cpu      ] GC(821) User=0.01s Sys=0.00s Real=0.01s
[2025-03-28T20:22:45.844+0530][gc,start    ] GC(822) Pause Young (Mixed) (G1 Evacuation Pause)
[2025-03-28T20:22:45.844+0530][gc,task     ] GC(822) Using 2 workers of 2 for evacuation
[2025-03-28T20:22:45.901+0530][gc,mmu      ] GC(822) MMU target violated: 21.0ms (20.0ms/21.0ms)
[2025-03-28T20:22:45.901+0530][gc,phases   ] GC(822)   Pre Evacuate Collection Set: 0.4ms
[2025-03-28T20:22:45.901+0530][gc,phases   ] GC(822)   Merge Heap Roots: 0.2ms
[2025-03-28T20:22:45.901+0530][gc,phases   ] GC(822)   Evacuate Collection Set: 44.5ms
[2025-03-28T20:22:45.901+0530][gc,phases   ] GC(822)   Post Evacuate Collection Set: 12.3ms
[2025-03-28T20:22:45.901+0530][gc,phases   ] GC(822)   Other: 0.2ms
[2025-03-28T20:22:45.901+0530][gc,heap     ] GC(822) Eden regions: 45->0(45)
[2025-03-28T20:22:45.901+0530][gc,heap     ] GC(822) Survivor regions: 6->6(7)
[2025-03-28T20:22:45.901+0530][gc,heap     ] GC(822) Old regions: 102->102
[2025-03-28T20:22:45.901+0530][gc,heap     ] GC(822) Archive regions: 2->2
[2025-03-28T20:22:45.901+0530][gc,heap     ] GC(822) Humongous regions: 149->147
[2025-03-28T20:22:45.901+0530][gc,metaspace] GC(822) Metaspace: 54366K(55040K)->54366K(55040K) NonClass: 48258K(48576K)->48258K(48576K) Class: 6108K(6464K)->6108K(6464K)
[2025-03-28T20:22:45.901+0530][gc          ] GC(822) Pause Young (Mixed) (G1 Evacuation Pause) 302M->255M(1024M) 57.636ms
[2025-03-28T20:22:45.901+0530][gc,cpu      ] GC(822) User=0.02s Sys=0.01s Real=0.06s
[2025-03-28T20:22:45.972+0530][gc,start    ] GC(823) Pause Young (Mixed) (G1 Evacuation Pause)
[2025-03-28T20:22:45.972+0530][gc,task     ] GC(823) Using 2 workers of 2 for evacuation
[2025-03-28T20:22:46.027+0530][gc,mmu      ] GC(823) MMU target violated: 21.0ms (20.0ms/21.0ms)
[2025-03-28T20:22:46.027+0530][gc,phases   ] GC(823)   Pre Evacuate Collection Set: 0.4ms
[2025-03-28T20:22:46.027+0530][gc,phases   ] GC(823)   Merge Heap Roots: 0.2ms
[2025-03-28T20:22:46.027+0530][gc,phases   ] GC(823)   Evacuate Collection Set: 53.5ms
[2025-03-28T20:22:46.027+0530][gc,phases   ] GC(823)   Post Evacuate Collection Set: 0.5ms
[2025-03-28T20:22:46.027+0530][gc,phases   ] GC(823)   Other: 0.2ms
[2025-03-28T20:22:46.027+0530][gc,heap     ] GC(823) Eden regions: 45->0(44)
[2025-03-28T20:22:46.027+0530][gc,heap     ] GC(823) Survivor regions: 6->7(7)
[2025-03-28T20:22:46.027+0530][gc,heap     ] GC(823) Old regions: 102->104
[2025-03-28T20:22:46.027+0530][gc,heap     ] GC(823) Archive regions: 2->2
[2025-03-28T20:22:46.027+0530][gc,heap     ] GC(823) Humongous regions: 147->147
[2025-03-28T20:22:46.027+0530][gc,metaspace] GC(823) Metaspace: 54366K(55040K)->54366K(55040K) NonClass: 48258K(48576K)->48258K(48576K) Class: 6108K(6464K)->6108K(6464K)
[2025-03-28T20:22:46.027+0530][gc          ] GC(823) Pause Young (Mixed) (G1 Evacuation Pause) 300M->258M(1024M) 54.817ms
[2025-03-28T20:22:46.027+0530][gc,cpu      ] GC(823) User=0.02s Sys=0.01s Real=0.06s
[2025-03-28T20:22:46.131+0530][gc,start    ] GC(824) Pause Young (Mixed) (G1 Evacuation Pause)
[2025-03-28T20:22:46.131+0530][gc,task     ] GC(824) Using 2 workers of 2 for evacuation
[2025-03-28T20:22:46.152+0530][gc,mmu      ] GC(824) MMU target violated: 21.0ms (20.0ms/21.0ms)
[2025-03-28T20:22:46.152+0530][gc,phases   ] GC(824)   Pre Evacuate Collection Set: 0.3ms
[2025-03-28T20:22:46.152+0530][gc,phases   ] GC(824)   Merge Heap Roots: 0.1ms
[2025-03-28T20:22:46.152+0530][gc,phases   ] GC(824)   Evacuate Collection Set: 20.2ms
[2025-03-28T20:22:46.152+0530][gc,phases   ] GC(824)   Post Evacuate Collection Set: 0.5ms
[2025-03-28T20:22:46.152+0530][gc,phases   ] GC(824)   Other: 0.2ms
[2025-03-28T20:22:46.153+0530][gc,heap     ] GC(824) Eden regions: 44->0(49)
[2025-03-28T20:22:46.153+0530][gc,heap     ] GC(824) Survivor regions: 7->2(7)
[2025-03-28T20:22:46.153+0530][gc,heap     ] GC(824) Old regions: 104->109
[2025-03-28T20:22:46.153+0530][gc,heap     ] GC(824) Archive regions: 2->2
[2025-03-28T20:22:46.153+0530][gc,heap     ] GC(824) Humongous regions: 149->149
[2025-03-28T20:22:46.153+0530][gc,metaspace] GC(824) Metaspace: 54366K(55040K)->54366K(55040K) NonClass: 48258K(48576K)->48258K(48576K) Class: 6108K(6464K)->6108K(6464K)
[2025-03-28T20:22:46.153+0530][gc          ] GC(824) Pause Young (Mixed) (G1 Evacuation Pause) 304M->259M(1024M) 21.338ms
[2025-03-28T20:22:46.153+0530][gc,cpu      ] GC(824) User=0.01s Sys=0.00s Real=0.03s
[2025-03-28T20:22:47.481+0530][gc,start    ] GC(825) Pause Young (Mixed) (G1 Evacuation Pause)
[2025-03-28T20:22:47.481+0530][gc,task     ] GC(825) Using 2 workers of 2 for evacuation
[2025-03-28T20:22:47.492+0530][gc,phases   ] GC(825)   Pre Evacuate Collection Set: 0.2ms
[2025-03-28T20:22:47.492+0530][gc,phases   ] GC(825)   Merge Heap Roots: 0.2ms
[2025-03-28T20:22:47.492+0530][gc,phases   ] GC(825)   Evacuate Collection Set: 9.6ms
[2025-03-28T20:22:47.492+0530][gc,phases   ] GC(825)   Post Evacuate Collection Set: 0.5ms
[2025-03-28T20:22:47.492+0530][gc,phases   ] GC(825)   Other: 0.2ms
[2025-03-28T20:22:47.492+0530][gc,heap     ] GC(825) Eden regions: 49->0(45)
[2025-03-28T20:22:47.492+0530][gc,heap     ] GC(825) Survivor regions: 2->6(7)
[2025-03-28T20:22:47.492+0530][gc,heap     ] GC(825) Old regions: 109->107
[2025-03-28T20:22:47.492+0530][gc,heap     ] GC(825) Archive regions: 2->2
[2025-03-28T20:22:47.492+0530][gc,heap     ] GC(825) Humongous regions: 149->147
[2025-03-28T20:22:47.492+0530][gc,metaspace] GC(825) Metaspace: 54366K(55040K)->54366K(55040K) NonClass: 48258K(48576K)->48258K(48576K) Class: 6108K(6464K)->6108K(6464K)
[2025-03-28T20:22:47.492+0530][gc          ] GC(825) Pause Young (Mixed) (G1 Evacuation Pause) 308M->260M(1024M) 10.924ms
[2025-03-28T20:22:47.492+0530][gc,cpu      ] GC(825) User=0.02s Sys=0.00s Real=0.01s
[2025-03-28T20:22:47.569+0530][gc,start    ] GC(826) Pause Young (Mixed) (G1 Evacuation Pause)
[2025-03-28T20:22:47.569+0530][gc,task     ] GC(826) Using 2 workers of 2 for evacuation
[2025-03-28T20:22:47.576+0530][gc,phases   ] GC(826)   Pre Evacuate Collection Set: 0.1ms
[2025-03-28T20:22:47.576+0530][gc,phases   ] GC(826)   Merge Heap Roots: 0.1ms
[2025-03-28T20:22:47.576+0530][gc,phases   ] GC(826)   Evacuate Collection Set: 6.6ms
[2025-03-28T20:22:47.576+0530][gc,phases   ] GC(826)   Post Evacuate Collection Set: 0.6ms
[2025-03-28T20:22:47.576+0530][gc,phases   ] GC(826)   Other: 0.1ms
[2025-03-28T20:22:47.576+0530][gc,heap     ] GC(826) Eden regions: 45->0(49)
[2025-03-28T20:22:47.576+0530][gc,heap     ] GC(826) Survivor regions: 6->2(7)
[2025-03-28T20:22:47.576+0530][gc,heap     ] GC(826) Old regions: 107->107
[2025-03-28T20:22:47.576+0530][gc,heap     ] GC(826) Archive regions: 2->2
[2025-03-28T20:22:47.576+0530][gc,heap     ] GC(826) Humongous regions: 149->149
[2025-03-28T20:22:47.576+0530][gc,metaspace] GC(826) Metaspace: 54366K(55040K)->54366K(55040K) NonClass: 48258K(48576K)->48258K(48576K) Class: 6108K(6464K)->6108K(6464K)
[2025-03-28T20:22:47.576+0530][gc          ] GC(826) Pause Young (Mixed) (G1 Evacuation Pause) 307M->258M(1024M) 7.719ms
[2025-03-28T20:22:47.576+0530][gc,cpu      ] GC(826) User=0.01s Sys=0.00s Real=0.01s
[2025-03-28T20:23:03.539+0530][gc,start    ] GC(827) Pause Young (Mixed) (G1 Evacuation Pause)
[2025-03-28T20:23:03.539+0530][gc,task     ] GC(827) Using 2 workers of 2 for evacuation
[2025-03-28T20:23:03.549+0530][gc,phases   ] GC(827)   Pre Evacuate Collection Set: 0.1ms
[2025-03-28T20:23:03.549+0530][gc,phases   ] GC(827)   Merge Heap Roots: 0.1ms
[2025-03-28T20:23:03.549+0530][gc,phases   ] GC(827)   Evacuate Collection Set: 8.0ms
[2025-03-28T20:23:03.549+0530][gc,phases   ] GC(827)   Post Evacuate Collection Set: 0.6ms
[2025-03-28T20:23:03.549+0530][gc,phases   ] GC(827)   Other: 0.1ms
[2025-03-28T20:23:03.549+0530][gc,heap     ] GC(827) Eden regions: 49->0(53)
[2025-03-28T20:23:03.549+0530][gc,heap     ] GC(827) Survivor regions: 2->3(7)
[2025-03-28T20:23:03.549+0530][gc,heap     ] GC(827) Old regions: 107->103
[2025-03-28T20:23:03.549+0530][gc,heap     ] GC(827) Archive regions: 2->2
[2025-03-28T20:23:03.549+0530][gc,heap     ] GC(827) Humongous regions: 149->147
[2025-03-28T20:23:03.549+0530][gc,metaspace] GC(827) Metaspace: 54366K(55040K)->54366K(55040K) NonClass: 48258K(48576K)->48258K(48576K) Class: 6108K(6464K)->6108K(6464K)
[2025-03-28T20:23:03.549+0530][gc          ] GC(827) Pause Young (Mixed) (G1 Evacuation Pause) 307M->253M(1024M) 9.195ms
[2025-03-28T20:23:03.549+0530][gc,cpu      ] GC(827) User=0.01s Sys=0.00s Real=0.01s
[2025-03-28T20:23:03.605+0530][gc,start    ] GC(828) Pause Young (Concurrent Start) (G1 Evacuation Pause)
[2025-03-28T20:23:03.605+0530][gc,task     ] GC(828) Using 2 workers of 2 for evacuation
[2025-03-28T20:23:03.615+0530][gc,phases   ] GC(828)   Pre Evacuate Collection Set: 0.2ms
[2025-03-28T20:23:03.615+0530][gc,phases   ] GC(828)   Merge Heap Roots: 0.2ms
[2025-03-28T20:23:03.615+0530][gc,phases   ] GC(828)   Evacuate Collection Set: 8.7ms
[2025-03-28T20:23:03.615+0530][gc,phases   ] GC(828)   Post Evacuate Collection Set: 0.7ms
[2025-03-28T20:23:03.615+0530][gc,phases   ] GC(828)   Other: 0.2ms
[2025-03-28T20:23:03.615+0530][gc,heap     ] GC(828) Eden regions: 53->0(44)
[2025-03-28T20:23:03.615+0530][gc,heap     ] GC(828) Survivor regions: 3->7(7)
[2025-03-28T20:23:03.615+0530][gc,heap     ] GC(828) Old regions: 103->104
[2025-03-28T20:23:03.615+0530][gc,heap     ] GC(828) Archive regions: 2->2
[2025-03-28T20:23:03.615+0530][gc,heap     ] GC(828) Humongous regions: 147->147
[2025-03-28T20:23:03.615+0530][gc,metaspace] GC(828) Metaspace: 54366K(55040K)->54366K(55040K) NonClass: 48258K(48576K)->48258K(48576K) Class: 6108K(6464K)->6108K(6464K)
[2025-03-28T20:23:03.615+0530][gc          ] GC(828) Pause Young (Concurrent Start) (G1 Evacuation Pause) 306M->258M(1024M) 10.064ms
[2025-03-28T20:23:03.615+0530][gc,cpu      ] GC(828) User=0.01s Sys=0.00s Real=0.01s
[2025-03-28T20:23:03.615+0530][gc          ] GC(829) Concurrent Mark Cycle
[2025-03-28T20:23:03.615+0530][gc,marking  ] GC(829) Concurrent Clear Claimed Marks
[2025-03-28T20:23:03.615+0530][gc,marking  ] GC(829) Concurrent Clear Claimed Marks 0.084ms
[2025-03-28T20:23:03.615+0530][gc,marking  ] GC(829) Concurrent Scan Root Regions
[2025-03-28T20:23:03.626+0530][gc,marking  ] GC(829) Concurrent Scan Root Regions 10.876ms
[2025-03-28T20:23:03.626+0530][gc,marking  ] GC(829) Concurrent Mark
[2025-03-28T20:23:03.626+0530][gc,marking  ] GC(829) Concurrent Mark From Roots
[2025-03-28T20:23:03.626+0530][gc,task     ] GC(829) Using 1 workers of 1 for marking
[2025-03-28T20:23:03.689+0530][gc,marking  ] GC(829) Concurrent Mark From Roots 62.563ms
[2025-03-28T20:23:03.689+0530][gc,marking  ] GC(829) Concurrent Preclean
[2025-03-28T20:23:03.689+0530][gc,marking  ] GC(829) Concurrent Preclean 0.141ms
[2025-03-28T20:23:03.689+0530][gc,start    ] GC(829) Pause Remark
[2025-03-28T20:23:03.705+0530][gc          ] GC(829) Pause Remark 303M->284M(1024M) 15.808ms
[2025-03-28T20:23:03.705+0530][gc,cpu      ] GC(829) User=0.03s Sys=0.00s Real=0.02s
[2025-03-28T20:23:03.705+0530][gc,marking  ] GC(829) Concurrent Mark 79.103ms
[2025-03-28T20:23:03.705+0530][gc,marking  ] GC(829) Concurrent Rebuild Remembered Sets
[2025-03-28T20:23:03.706+0530][gc,start    ] GC(830) Pause Young (Normal) (G1 Evacuation Pause)
[2025-03-28T20:23:03.706+0530][gc,task     ] GC(830) Using 2 workers of 2 for evacuation
[2025-03-28T20:23:03.714+0530][gc,phases   ] GC(830)   Pre Evacuate Collection Set: 0.2ms
[2025-03-28T20:23:03.714+0530][gc,phases   ] GC(830)   Merge Heap Roots: 0.1ms
[2025-03-28T20:23:03.714+0530][gc,phases   ] GC(830)   Evacuate Collection Set: 7.1ms
[2025-03-28T20:23:03.714+0530][gc,phases   ] GC(830)   Post Evacuate Collection Set: 0.6ms
[2025-03-28T20:23:03.714+0530][gc,phases   ] GC(830)   Other: 0.1ms
[2025-03-28T20:23:03.714+0530][gc,heap     ] GC(830) Eden regions: 44->0(90)
[2025-03-28T20:23:03.714+0530][gc,heap     ] GC(830) Survivor regions: 7->2(7)
[2025-03-28T20:23:03.714+0530][gc,heap     ] GC(830) Old regions: 85->88
[2025-03-28T20:23:03.714+0530][gc,heap     ] GC(830) Archive regions: 2->2
[2025-03-28T20:23:03.714+0530][gc,heap     ] GC(830) Humongous regions: 149->149
[2025-03-28T20:23:03.714+0530][gc,metaspace] GC(830) Metaspace: 54366K(55040K)->54366K(55040K) NonClass: 48258K(48576K)->48258K(48576K) Class: 6108K(6464K)->6108K(6464K)
[2025-03-28T20:23:03.714+0530][gc          ] GC(830) Pause Young (Normal) (G1 Evacuation Pause) 285M->239M(1024M) 8.126ms
[2025-03-28T20:23:03.715+0530][gc,cpu      ] GC(830) User=0.02s Sys=0.00s Real=0.00s
[2025-03-28T20:23:03.770+0530][gc,marking  ] GC(829) Concurrent Rebuild Remembered Sets 64.906ms
[2025-03-28T20:23:03.770+0530][gc,start    ] GC(829) Pause Cleanup
[2025-03-28T20:23:03.771+0530][gc          ] GC(829) Pause Cleanup 243M->243M(1024M) 0.189ms
[2025-03-28T20:23:03.771+0530][gc,cpu      ] GC(829) User=0.00s Sys=0.00s Real=0.00s
[2025-03-28T20:23:03.771+0530][gc,marking  ] GC(829) Concurrent Cleanup for Next Mark
[2025-03-28T20:23:03.773+0530][gc,marking  ] GC(829) Concurrent Cleanup for Next Mark 2.361ms
[2025-03-28T20:23:03.773+0530][gc          ] GC(829) Concurrent Mark Cycle 157.802ms
[2025-03-28T20:23:07.580+0530][gc,start    ] GC(831) Pause Young (Prepare Mixed) (G1 Evacuation Pause)
[2025-03-28T20:23:07.580+0530][gc,task     ] GC(831) Using 2 workers of 2 for evacuation
[2025-03-28T20:23:07.586+0530][gc,phases   ] GC(831)   Pre Evacuate Collection Set: 0.2ms
[2025-03-28T20:23:07.587+0530][gc,phases   ] GC(831)   Merge Heap Roots: 0.1ms
[2025-03-28T20:23:07.587+0530][gc,phases   ] GC(831)   Evacuate Collection Set: 5.2ms
[2025-03-28T20:23:07.587+0530][gc,phases   ] GC(831)   Post Evacuate Collection Set: 0.6ms
[2025-03-28T20:23:07.587+0530][gc,phases   ] GC(831)   Other: 0.2ms
[2025-03-28T20:23:07.587+0530][gc,heap     ] GC(831) Eden regions: 90->0(48)
[2025-03-28T20:23:07.587+0530][gc,heap     ] GC(831) Survivor regions: 2->3(12)
[2025-03-28T20:23:07.587+0530][gc,heap     ] GC(831) Old regions: 88->88
[2025-03-28T20:23:07.587+0530][gc,heap     ] GC(831) Archive regions: 2->2
[2025-03-28T20:23:07.587+0530][gc,heap     ] GC(831) Humongous regions: 151->149
[2025-03-28T20:23:07.587+0530][gc,metaspace] GC(831) Metaspace: 54366K(55040K)->54366K(55040K) NonClass: 48258K(48576K)->48258K(48576K) Class: 6108K(6464K)->6108K(6464K)
[2025-03-28T20:23:07.587+0530][gc          ] GC(831) Pause Young (Prepare Mixed) (G1 Evacuation Pause) 331M->240M(1024M) 6.376ms
[2025-03-28T20:23:07.587+0530][gc,cpu      ] GC(831) User=0.01s Sys=0.00s Real=0.01s
[2025-03-28T20:23:08.565+0530][gc,start    ] GC(832) Pause Young (Mixed) (G1 Evacuation Pause)
[2025-03-28T20:23:08.566+0530][gc,task     ] GC(832) Using 2 workers of 2 for evacuation
[2025-03-28T20:23:08.598+0530][gc,mmu      ] GC(832) MMU target violated: 21.0ms (20.0ms/21.0ms)
[2025-03-28T20:23:08.598+0530][gc,phases   ] GC(832)   Pre Evacuate Collection Set: 0.2ms
[2025-03-28T20:23:08.598+0530][gc,phases   ] GC(832)   Merge Heap Roots: 0.1ms
[2025-03-28T20:23:08.598+0530][gc,phases   ] GC(832)   Evacuate Collection Set: 31.5ms
[2025-03-28T20:23:08.598+0530][gc,phases   ] GC(832)   Post Evacuate Collection Set: 0.4ms
[2025-03-28T20:23:08.598+0530][gc,phases   ] GC(832)   Other: 0.4ms
[2025-03-28T20:23:08.598+0530][gc,heap     ] GC(832) Eden regions: 48->0(48)
[2025-03-28T20:23:08.598+0530][gc,heap     ] GC(832) Survivor regions: 3->3(7)
[2025-03-28T20:23:08.598+0530][gc,heap     ] GC(832) Old regions: 88->81
[2025-03-28T20:23:08.598+0530][gc,heap     ] GC(832) Archive regions: 2->2
[2025-03-28T20:23:08.598+0530][gc,heap     ] GC(832) Humongous regions: 149->147
[2025-03-28T20:23:08.598+0530][gc,metaspace] GC(832) Metaspace: 54366K(55040K)->54366K(55040K) NonClass: 48258K(48576K)->48258K(48576K) Class: 6108K(6464K)->6108K(6464K)
[2025-03-28T20:23:08.598+0530][gc          ] GC(832) Pause Young (Mixed) (G1 Evacuation Pause) 288M->230M(1024M) 32.731ms
[2025-03-28T20:23:08.598+0530][gc,cpu      ] GC(832) User=0.01s Sys=0.00s Real=0.04s
[2025-03-28T20:23:08.711+0530][gc,start    ] GC(833) Pause Young (Concurrent Start) (G1 Humongous Allocation)
[2025-03-28T20:23:08.711+0530][gc,task     ] GC(833) Using 2 workers of 2 for evacuation
[2025-03-28T20:23:08.728+0530][gc,phases   ] GC(833)   Pre Evacuate Collection Set: 0.2ms
[2025-03-28T20:23:08.728+0530][gc,phases   ] GC(833)   Merge Heap Roots: 0.1ms
[2025-03-28T20:23:08.728+0530][gc,phases   ] GC(833)   Evacuate Collection Set: 16.2ms
[2025-03-28T20:23:08.728+0530][gc,phases   ] GC(833)   Post Evacuate Collection Set: 0.5ms
[2025-03-28T20:23:08.728+0530][gc,phases   ] GC(833)   Other: 0.2ms
[2025-03-28T20:23:08.728+0530][gc,heap     ] GC(833) Eden regions: 46->0(58)
[2025-03-28T20:23:08.728+0530][gc,heap     ] GC(833) Survivor regions: 3->7(7)
[2025-03-28T20:23:08.728+0530][gc,heap     ] GC(833) Old regions: 81->81
[2025-03-28T20:23:08.728+0530][gc,heap     ] GC(833) Archive regions: 2->2
[2025-03-28T20:23:08.728+0530][gc,heap     ] GC(833) Humongous regions: 147->147
[2025-03-28T20:23:08.728+0530][gc,metaspace] GC(833) Metaspace: 54366K(55040K)->54366K(55040K) NonClass: 48258K(48576K)->48258K(48576K) Class: 6108K(6464K)->6108K(6464K)
[2025-03-28T20:23:08.728+0530][gc          ] GC(833) Pause Young (Concurrent Start) (G1 Humongous Allocation) 276M->235M(1024M) 17.343ms
[2025-03-28T20:23:08.729+0530][gc,cpu      ] GC(833) User=0.02s Sys=0.00s Real=0.01s
[2025-03-28T20:23:08.729+0530][gc          ] GC(834) Concurrent Mark Cycle
[2025-03-28T20:23:08.729+0530][gc,marking  ] GC(834) Concurrent Clear Claimed Marks
[2025-03-28T20:23:08.729+0530][gc,marking  ] GC(834) Concurrent Clear Claimed Marks 0.080ms
[2025-03-28T20:23:08.729+0530][gc,marking  ] GC(834) Concurrent Scan Root Regions
[2025-03-28T20:23:08.749+0530][gc,marking  ] GC(834) Concurrent Scan Root Regions 19.967ms
[2025-03-28T20:23:08.749+0530][gc,marking  ] GC(834) Concurrent Mark
[2025-03-28T20:23:08.749+0530][gc,marking  ] GC(834) Concurrent Mark From Roots
[2025-03-28T20:23:08.749+0530][gc,task     ] GC(834) Using 1 workers of 1 for marking
[2025-03-28T20:23:08.896+0530][gc,marking  ] GC(834) Concurrent Mark From Roots 147.242ms
[2025-03-28T20:23:08.896+0530][gc,marking  ] GC(834) Concurrent Preclean
[2025-03-28T20:23:08.896+0530][gc,marking  ] GC(834) Concurrent Preclean 0.153ms
[2025-03-28T20:23:08.896+0530][gc,start    ] GC(834) Pause Remark
[2025-03-28T20:23:08.915+0530][gc          ] GC(834) Pause Remark 277M->277M(1024M) 19.174ms
[2025-03-28T20:23:08.915+0530][gc,cpu      ] GC(834) User=0.02s Sys=0.01s Real=0.02s
[2025-03-28T20:23:08.919+0530][gc,marking  ] GC(834) Concurrent Mark 170.195ms
[2025-03-28T20:23:08.919+0530][gc,marking  ] GC(834) Concurrent Rebuild Remembered Sets
[2025-03-28T20:23:08.983+0530][gc,marking  ] GC(834) Concurrent Rebuild Remembered Sets 64.205ms
[2025-03-28T20:23:08.983+0530][gc,start    ] GC(834) Pause Cleanup
[2025-03-28T20:23:08.983+0530][gc          ] GC(834) Pause Cleanup 277M->277M(1024M) 0.180ms
[2025-03-28T20:23:08.983+0530][gc,cpu      ] GC(834) User=0.00s Sys=0.00s Real=0.00s
[2025-03-28T20:23:08.984+0530][gc,marking  ] GC(834) Concurrent Cleanup for Next Mark
[2025-03-28T20:23:08.986+0530][gc,marking  ] GC(834) Concurrent Cleanup for Next Mark 2.942ms
[2025-03-28T20:23:08.987+0530][gc          ] GC(834) Concurrent Mark Cycle 257.996ms
[2025-03-28T20:23:12.408+0530][gc,start    ] GC(835) Pause Young (Prepare Mixed) (G1 Evacuation Pause)
[2025-03-28T20:23:12.408+0530][gc,task     ] GC(835) Using 2 workers of 2 for evacuation
[2025-03-28T20:23:12.416+0530][gc,phases   ] GC(835)   Pre Evacuate Collection Set: 0.4ms
[2025-03-28T20:23:12.416+0530][gc,phases   ] GC(835)   Merge Heap Roots: 0.4ms
[2025-03-28T20:23:12.416+0530][gc,phases   ] GC(835)   Evacuate Collection Set: 6.4ms
[2025-03-28T20:23:12.416+0530][gc,phases   ] GC(835)   Post Evacuate Collection Set: 1.2ms
[2025-03-28T20:23:12.416+0530][gc,phases   ] GC(835)   Other: 0.2ms
[2025-03-28T20:23:12.416+0530][gc,heap     ] GC(835) Eden regions: 44->0(50)
[2025-03-28T20:23:12.417+0530][gc,heap     ] GC(835) Survivor regions: 7->1(7)
[2025-03-28T20:23:12.417+0530][gc,heap     ] GC(835) Old regions: 81->81
[2025-03-28T20:23:12.417+0530][gc,heap     ] GC(835) Archive regions: 2->2
[2025-03-28T20:23:12.417+0530][gc,heap     ] GC(835) Humongous regions: 149->147
[2025-03-28T20:23:12.417+0530][gc,metaspace] GC(835) Metaspace: 54390K(55104K)->54390K(55104K) NonClass: 48282K(48640K)->48282K(48640K) Class: 6108K(6464K)->6108K(6464K)
[2025-03-28T20:23:12.417+0530][gc          ] GC(835) Pause Young (Prepare Mixed) (G1 Evacuation Pause) 281M->229M(1024M) 8.791ms
[2025-03-28T20:23:12.417+0530][gc,cpu      ] GC(835) User=0.01s Sys=0.00s Real=0.01s
[2025-03-28T20:23:12.462+0530][gc,start    ] GC(836) Pause Young (Mixed) (G1 Evacuation Pause)
[2025-03-28T20:23:12.462+0530][gc,task     ] GC(836) Using 2 workers of 2 for evacuation
[2025-03-28T20:23:12.472+0530][gc,phases   ] GC(836)   Pre Evacuate Collection Set: 0.3ms
[2025-03-28T20:23:12.472+0530][gc,phases   ] GC(836)   Merge Heap Roots: 0.7ms
[2025-03-28T20:23:12.472+0530][gc,phases   ] GC(836)   Evacuate Collection Set: 8.5ms
[2025-03-28T20:23:12.472+0530][gc,phases   ] GC(836)   Post Evacuate Collection Set: 1.0ms
[2025-03-28T20:23:12.472+0530][gc,phases   ] GC(836)   Other: 0.2ms
[2025-03-28T20:23:12.473+0530][gc,heap     ] GC(836) Eden regions: 50->0(44)
[2025-03-28T20:23:12.473+0530][gc,heap     ] GC(836) Survivor regions: 1->7(7)
[2025-03-28T20:23:12.473+0530][gc,heap     ] GC(836) Old regions: 81->75
[2025-03-28T20:23:12.473+0530][gc,heap     ] GC(836) Archive regions: 2->2
[2025-03-28T20:23:12.473+0530][gc,heap     ] GC(836) Humongous regions: 147->147
[2025-03-28T20:23:12.473+0530][gc,metaspace] GC(836) Metaspace: 54390K(55104K)->54390K(55104K) NonClass: 48282K(48640K)->48282K(48640K) Class: 6108K(6464K)->6108K(6464K)
[2025-03-28T20:23:12.473+0530][gc          ] GC(836) Pause Young (Mixed) (G1 Evacuation Pause) 279M->228M(1024M) 10.671ms
[2025-03-28T20:23:12.473+0530][gc,cpu      ] GC(836) User=0.01s Sys=0.00s Real=0.01s
[2025-03-28T20:23:12.538+0530][gc,start    ] GC(837) Pause Young (Concurrent Start) (G1 Humongous Allocation)
[2025-03-28T20:23:12.538+0530][gc,task     ] GC(837) Using 2 workers of 2 for evacuation
[2025-03-28T20:23:12.545+0530][gc,phases   ] GC(837)   Pre Evacuate Collection Set: 0.3ms
[2025-03-28T20:23:12.545+0530][gc,phases   ] GC(837)   Merge Heap Roots: 0.1ms
[2025-03-28T20:23:12.545+0530][gc,phases   ] GC(837)   Evacuate Collection Set: 5.8ms
[2025-03-28T20:23:12.545+0530][gc,phases   ] GC(837)   Post Evacuate Collection Set: 0.5ms
[2025-03-28T20:23:12.545+0530][gc,phases   ] GC(837)   Other: 0.3ms
[2025-03-28T20:23:12.545+0530][gc,heap     ] GC(837) Eden regions: 19->0(153)
[2025-03-28T20:23:12.545+0530][gc,heap     ] GC(837) Survivor regions: 7->2(7)
[2025-03-28T20:23:12.545+0530][gc,heap     ] GC(837) Old regions: 75->76
[2025-03-28T20:23:12.545+0530][gc,heap     ] GC(837) Archive regions: 2->2
[2025-03-28T20:23:12.545+0530][gc,heap     ] GC(837) Humongous regions: 147->147
[2025-03-28T20:23:12.545+0530][gc,metaspace] GC(837) Metaspace: 54390K(55104K)->54390K(55104K) NonClass: 48282K(48640K)->48282K(48640K) Class: 6108K(6464K)->6108K(6464K)
[2025-03-28T20:23:12.545+0530][gc          ] GC(837) Pause Young (Concurrent Start) (G1 Humongous Allocation) 247M->225M(1024M) 7.033ms
[2025-03-28T20:23:12.545+0530][gc,cpu      ] GC(837) User=0.01s Sys=0.01s Real=0.00s
[2025-03-28T20:23:12.545+0530][gc          ] GC(838) Concurrent Mark Cycle
[2025-03-28T20:23:12.545+0530][gc,marking  ] GC(838) Concurrent Clear Claimed Marks
[2025-03-28T20:23:12.545+0530][gc,marking  ] GC(838) Concurrent Clear Claimed Marks 0.073ms
[2025-03-28T20:23:12.545+0530][gc,marking  ] GC(838) Concurrent Scan Root Regions
[2025-03-28T20:23:12.550+0530][gc,marking  ] GC(838) Concurrent Scan Root Regions 4.779ms
[2025-03-28T20:23:12.550+0530][gc,marking  ] GC(838) Concurrent Mark
[2025-03-28T20:23:12.550+0530][gc,marking  ] GC(838) Concurrent Mark From Roots
[2025-03-28T20:23:12.550+0530][gc,task     ] GC(838) Using 1 workers of 1 for marking
[2025-03-28T20:23:12.610+0530][gc,marking  ] GC(838) Concurrent Mark From Roots 60.337ms
[2025-03-28T20:23:12.610+0530][gc,marking  ] GC(838) Concurrent Preclean
[2025-03-28T20:23:12.610+0530][gc,marking  ] GC(838) Concurrent Preclean 0.136ms
[2025-03-28T20:23:12.610+0530][gc,start    ] GC(838) Pause Remark
[2025-03-28T20:23:12.623+0530][gc          ] GC(838) Pause Remark 267M->267M(1024M) 12.433ms
[2025-03-28T20:23:12.623+0530][gc,cpu      ] GC(838) User=0.02s Sys=0.00s Real=0.01s
[2025-03-28T20:23:12.623+0530][gc,marking  ] GC(838) Concurrent Mark 73.138ms
[2025-03-28T20:23:12.623+0530][gc,marking  ] GC(838) Concurrent Rebuild Remembered Sets
[2025-03-28T20:23:12.664+0530][gc,marking  ] GC(838) Concurrent Rebuild Remembered Sets 40.833ms
[2025-03-28T20:23:12.664+0530][gc,start    ] GC(838) Pause Cleanup
[2025-03-28T20:23:12.664+0530][gc          ] GC(838) Pause Cleanup 267M->267M(1024M) 0.221ms
[2025-03-28T20:23:12.664+0530][gc,cpu      ] GC(838) User=0.00s Sys=0.00s Real=0.00s
[2025-03-28T20:23:12.664+0530][gc,marking  ] GC(838) Concurrent Cleanup for Next Mark
[2025-03-28T20:23:12.667+0530][gc,marking  ] GC(838) Concurrent Cleanup for Next Mark 2.542ms
[2025-03-28T20:23:12.667+0530][gc          ] GC(838) Concurrent Mark Cycle 122.169ms
[2025-03-28T20:23:17.418+0530][gc,start    ] GC(839) Pause Young (Prepare Mixed) (G1 Evacuation Pause)
[2025-03-28T20:23:17.418+0530][gc,task     ] GC(839) Using 2 workers of 2 for evacuation
[2025-03-28T20:23:17.439+0530][gc,mmu      ] GC(839) MMU target violated: 20.3ms (20.0ms/21.0ms)
[2025-03-28T20:23:17.439+0530][gc,phases   ] GC(839)   Pre Evacuate Collection Set: 1.2ms
[2025-03-28T20:23:17.439+0530][gc,phases   ] GC(839)   Merge Heap Roots: 0.5ms
[2025-03-28T20:23:17.439+0530][gc,phases   ] GC(839)   Evacuate Collection Set: 17.9ms
[2025-03-28T20:23:17.439+0530][gc,phases   ] GC(839)   Post Evacuate Collection Set: 0.6ms
[2025-03-28T20:23:17.439+0530][gc,phases   ] GC(839)   Other: 0.2ms
[2025-03-28T20:23:17.439+0530][gc,heap     ] GC(839) Eden regions: 153->0(42)
[2025-03-28T20:23:17.439+0530][gc,heap     ] GC(839) Survivor regions: 2->9(20)
[2025-03-28T20:23:17.439+0530][gc,heap     ] GC(839) Old regions: 76->76
[2025-03-28T20:23:17.439+0530][gc,heap     ] GC(839) Archive regions: 2->2
[2025-03-28T20:23:17.439+0530][gc,heap     ] GC(839) Humongous regions: 151->147
[2025-03-28T20:23:17.439+0530][gc,metaspace] GC(839) Metaspace: 54391K(55104K)->54391K(55104K) NonClass: 48282K(48640K)->48282K(48640K) Class: 6108K(6464K)->6108K(6464K)
[2025-03-28T20:23:17.439+0530][gc          ] GC(839) Pause Young (Prepare Mixed) (G1 Evacuation Pause) 382M->231M(1024M) 20.610ms
[2025-03-28T20:23:17.439+0530][gc,cpu      ] GC(839) User=0.03s Sys=0.00s Real=0.03s
[2025-03-28T20:23:17.474+0530][gc,start    ] GC(840) Pause Young (Mixed) (G1 Evacuation Pause)
[2025-03-28T20:23:17.474+0530][gc,task     ] GC(840) Using 2 workers of 2 for evacuation
[2025-03-28T20:23:17.494+0530][gc,phases   ] GC(840)   Pre Evacuate Collection Set: 1.4ms
[2025-03-28T20:23:17.494+0530][gc,phases   ] GC(840)   Merge Heap Roots: 0.2ms
[2025-03-28T20:23:17.494+0530][gc,phases   ] GC(840)   Evacuate Collection Set: 16.0ms
[2025-03-28T20:23:17.494+0530][gc,phases   ] GC(840)   Post Evacuate Collection Set: 1.7ms
[2025-03-28T20:23:17.494+0530][gc,phases   ] GC(840)   Other: 0.1ms
[2025-03-28T20:23:17.494+0530][gc,heap     ] GC(840) Eden regions: 42->0(45)
[2025-03-28T20:23:17.494+0530][gc,heap     ] GC(840) Survivor regions: 9->6(7)
[2025-03-28T20:23:17.494+0530][gc,heap     ] GC(840) Old regions: 76->77
[2025-03-28T20:23:17.494+0530][gc,heap     ] GC(840) Archive regions: 2->2
[2025-03-28T20:23:17.494+0530][gc,heap     ] GC(840) Humongous regions: 147->147
[2025-03-28T20:23:17.494+0530][gc,metaspace] GC(840) Metaspace: 54391K(55104K)->54391K(55104K) NonClass: 48282K(48640K)->48282K(48640K) Class: 6108K(6464K)->6108K(6464K)
[2025-03-28T20:23:17.494+0530][gc          ] GC(840) Pause Young (Mixed) (G1 Evacuation Pause) 273M->230M(1024M) 19.576ms
[2025-03-28T20:23:17.494+0530][gc,cpu      ] GC(840) User=0.03s Sys=0.00s Real=0.03s
[2025-03-28T20:23:17.556+0530][gc,start    ] GC(841) Pause Young (Concurrent Start) (G1 Humongous Allocation)
[2025-03-28T20:23:17.556+0530][gc,task     ] GC(841) Using 2 workers of 2 for evacuation
[2025-03-28T20:23:17.568+0530][gc,phases   ] GC(841)   Pre Evacuate Collection Set: 0.4ms
[2025-03-28T20:23:17.568+0530][gc,phases   ] GC(841)   Merge Heap Roots: 0.1ms
[2025-03-28T20:23:17.568+0530][gc,phases   ] GC(841)   Evacuate Collection Set: 10.9ms
[2025-03-28T20:23:17.568+0530][gc,phases   ] GC(841)   Post Evacuate Collection Set: 0.7ms
[2025-03-28T20:23:17.568+0530][gc,phases   ] GC(841)   Other: 0.3ms
[2025-03-28T20:23:17.568+0530][gc,heap     ] GC(841) Eden regions: 26->0(74)
[2025-03-28T20:23:17.568+0530][gc,heap     ] GC(841) Survivor regions: 6->4(7)
[2025-03-28T20:23:17.568+0530][gc,heap     ] GC(841) Old regions: 77->82
[2025-03-28T20:23:17.568+0530][gc,heap     ] GC(841) Archive regions: 2->2
[2025-03-28T20:23:17.568+0530][gc,heap     ] GC(841) Humongous regions: 147->147
[2025-03-28T20:23:17.568+0530][gc,metaspace] GC(841) Metaspace: 54391K(55104K)->54391K(55104K) NonClass: 48282K(48640K)->48282K(48640K) Class: 6108K(6464K)->6108K(6464K)
[2025-03-28T20:23:17.568+0530][gc          ] GC(841) Pause Young (Concurrent Start) (G1 Humongous Allocation) 255M->233M(1024M) 12.441ms
[2025-03-28T20:23:17.568+0530][gc,cpu      ] GC(841) User=0.02s Sys=0.00s Real=0.01s
[2025-03-28T20:23:17.568+0530][gc          ] GC(842) Concurrent Mark Cycle
[2025-03-28T20:23:17.568+0530][gc,marking  ] GC(842) Concurrent Clear Claimed Marks
[2025-03-28T20:23:17.568+0530][gc,marking  ] GC(842) Concurrent Clear Claimed Marks 0.080ms
[2025-03-28T20:23:17.568+0530][gc,marking  ] GC(842) Concurrent Scan Root Regions
[2025-03-28T20:23:17.575+0530][gc,marking  ] GC(842) Concurrent Scan Root Regions 6.842ms
[2025-03-28T20:23:17.575+0530][gc,marking  ] GC(842) Concurrent Mark
[2025-03-28T20:23:17.575+0530][gc,marking  ] GC(842) Concurrent Mark From Roots
[2025-03-28T20:23:17.575+0530][gc,task     ] GC(842) Using 1 workers of 1 for marking
[2025-03-28T20:23:17.631+0530][gc,marking  ] GC(842) Concurrent Mark From Roots 55.236ms
[2025-03-28T20:23:17.631+0530][gc,marking  ] GC(842) Concurrent Preclean
[2025-03-28T20:23:17.631+0530][gc,marking  ] GC(842) Concurrent Preclean 0.122ms
[2025-03-28T20:23:17.631+0530][gc,start    ] GC(842) Pause Remark
[2025-03-28T20:23:17.648+0530][gc          ] GC(842) Pause Remark 275M->269M(1024M) 16.635ms
[2025-03-28T20:23:17.648+0530][gc,cpu      ] GC(842) User=0.03s Sys=0.00s Real=0.02s
[2025-03-28T20:23:17.648+0530][gc,marking  ] GC(842) Concurrent Mark 72.303ms
[2025-03-28T20:23:17.648+0530][gc,marking  ] GC(842) Concurrent Rebuild Remembered Sets
[2025-03-28T20:23:17.685+0530][gc,marking  ] GC(842) Concurrent Rebuild Remembered Sets 37.494ms
[2025-03-28T20:23:17.685+0530][gc,start    ] GC(842) Pause Cleanup
[2025-03-28T20:23:17.686+0530][gc          ] GC(842) Pause Cleanup 269M->269M(1024M) 0.223ms
[2025-03-28T20:23:17.686+0530][gc,cpu      ] GC(842) User=0.00s Sys=0.00s Real=0.00s
[2025-03-28T20:23:17.686+0530][gc,marking  ] GC(842) Concurrent Cleanup for Next Mark
[2025-03-28T20:23:17.687+0530][gc,marking  ] GC(842) Concurrent Cleanup for Next Mark 1.614ms
[2025-03-28T20:23:17.687+0530][gc          ] GC(842) Concurrent Mark Cycle 118.922ms
[2025-03-28T20:23:29.668+0530][gc,start    ] GC(843) Pause Young (Prepare Mixed) (G1 Evacuation Pause)
[2025-03-28T20:23:29.668+0530][gc,task     ] GC(843) Using 2 workers of 2 for evacuation
[2025-03-28T20:23:29.693+0530][gc,mmu      ] GC(843) MMU target violated: 21.0ms (20.0ms/21.0ms)
[2025-03-28T20:23:29.693+0530][gc,phases   ] GC(843)   Pre Evacuate Collection Set: 0.7ms
[2025-03-28T20:23:29.693+0530][gc,phases   ] GC(843)   Merge Heap Roots: 0.2ms
[2025-03-28T20:23:29.693+0530][gc,phases   ] GC(843)   Evacuate Collection Set: 12.7ms
[2025-03-28T20:23:29.693+0530][gc,phases   ] GC(843)   Post Evacuate Collection Set: 11.2ms
[2025-03-28T20:23:29.693+0530][gc,phases   ] GC(843)   Other: 0.4ms
[2025-03-28T20:23:29.693+0530][gc,heap     ] GC(843) Eden regions: 74->0(47)
[2025-03-28T20:23:29.693+0530][gc,heap     ] GC(843) Survivor regions: 4->4(10)
[2025-03-28T20:23:29.693+0530][gc,heap     ] GC(843) Old regions: 76->76
[2025-03-28T20:23:29.693+0530][gc,heap     ] GC(843) Archive regions: 2->2
[2025-03-28T20:23:29.693+0530][gc,heap     ] GC(843) Humongous regions: 149->147
[2025-03-28T20:23:29.693+0530][gc,metaspace] GC(843) Metaspace: 54392K(55104K)->54392K(55104K) NonClass: 48283K(48640K)->48283K(48640K) Class: 6108K(6464K)->6108K(6464K)
[2025-03-28T20:23:29.693+0530][gc          ] GC(843) Pause Young (Prepare Mixed) (G1 Evacuation Pause) 303M->227M(1024M) 25.433ms
[2025-03-28T20:23:29.693+0530][gc,cpu      ] GC(843) User=0.02s Sys=0.00s Real=0.02s
[2025-03-28T20:23:29.780+0530][gc,start    ] GC(844) Pause Young (Mixed) (G1 Evacuation Pause)
[2025-03-28T20:23:29.780+0530][gc,task     ] GC(844) Using 2 workers of 2 for evacuation
[2025-03-28T20:23:29.798+0530][gc,phases   ] GC(844)   Pre Evacuate Collection Set: 0.1ms
[2025-03-28T20:23:29.798+0530][gc,phases   ] GC(844)   Merge Heap Roots: 0.1ms
[2025-03-28T20:23:29.798+0530][gc,phases   ] GC(844)   Evacuate Collection Set: 17.1ms
[2025-03-28T20:23:29.798+0530][gc,phases   ] GC(844)   Post Evacuate Collection Set: 0.6ms
[2025-03-28T20:23:29.798+0530][gc,phases   ] GC(844)   Other: 0.1ms
[2025-03-28T20:23:29.798+0530][gc,heap     ] GC(844) Eden regions: 47->0(45)
[2025-03-28T20:23:29.798+0530][gc,heap     ] GC(844) Survivor regions: 4->6(7)
[2025-03-28T20:23:29.798+0530][gc,heap     ] GC(844) Old regions: 76->74
[2025-03-28T20:23:29.798+0530][gc,heap     ] GC(844) Archive regions: 2->2
[2025-03-28T20:23:29.798+0530][gc,heap     ] GC(844) Humongous regions: 147->147
[2025-03-28T20:23:29.799+0530][gc,metaspace] GC(844) Metaspace: 54392K(55104K)->54392K(55104K) NonClass: 48283K(48640K)->48283K(48640K) Class: 6108K(6464K)->6108K(6464K)
[2025-03-28T20:23:29.799+0530][gc          ] GC(844) Pause Young (Mixed) (G1 Evacuation Pause) 274M->227M(1024M) 18.203ms
[2025-03-28T20:23:29.799+0530][gc,cpu      ] GC(844) User=0.02s Sys=0.00s Real=0.02s
[2025-03-28T20:23:29.816+0530][gc,start    ] GC(845) Pause Young (Concurrent Start) (G1 Humongous Allocation)
[2025-03-28T20:23:29.816+0530][gc,task     ] GC(845) Using 2 workers of 2 for evacuation
[2025-03-28T20:23:29.822+0530][gc,phases   ] GC(845)   Pre Evacuate Collection Set: 0.3ms
[2025-03-28T20:23:29.822+0530][gc,phases   ] GC(845)   Merge Heap Roots: 0.1ms
[2025-03-28T20:23:29.822+0530][gc,phases   ] GC(845)   Evacuate Collection Set: 4.9ms
[2025-03-28T20:23:29.822+0530][gc,phases   ] GC(845)   Post Evacuate Collection Set: 0.6ms
[2025-03-28T20:23:29.822+0530][gc,phases   ] GC(845)   Other: 0.3ms
[2025-03-28T20:23:29.822+0530][gc,heap     ] GC(845) Eden regions: 2->0(77)
[2025-03-28T20:23:29.822+0530][gc,heap     ] GC(845) Survivor regions: 6->1(7)
[2025-03-28T20:23:29.822+0530][gc,heap     ] GC(845) Old regions: 74->76
[2025-03-28T20:23:29.822+0530][gc,heap     ] GC(845) Archive regions: 2->2
[2025-03-28T20:23:29.822+0530][gc,heap     ] GC(845) Humongous regions: 147->147
[2025-03-28T20:23:29.822+0530][gc,metaspace] GC(845) Metaspace: 54392K(55104K)->54392K(55104K) NonClass: 48283K(48640K)->48283K(48640K) Class: 6108K(6464K)->6108K(6464K)
[2025-03-28T20:23:29.822+0530][gc          ] GC(845) Pause Young (Concurrent Start) (G1 Humongous Allocation) 229M->224M(1024M) 6.371ms
[2025-03-28T20:23:29.822+0530][gc,cpu      ] GC(845) User=0.00s Sys=0.00s Real=0.00s
[2025-03-28T20:23:29.822+0530][gc          ] GC(846) Concurrent Mark Cycle
[2025-03-28T20:23:29.822+0530][gc,marking  ] GC(846) Concurrent Clear Claimed Marks
[2025-03-28T20:23:29.822+0530][gc,marking  ] GC(846) Concurrent Clear Claimed Marks 0.080ms
[2025-03-28T20:23:29.822+0530][gc,marking  ] GC(846) Concurrent Scan Root Regions
[2025-03-28T20:23:29.826+0530][gc,marking  ] GC(846) Concurrent Scan Root Regions 3.458ms
[2025-03-28T20:23:29.826+0530][gc,marking  ] GC(846) Concurrent Mark
[2025-03-28T20:23:29.826+0530][gc,marking  ] GC(846) Concurrent Mark From Roots
[2025-03-28T20:23:29.826+0530][gc,task     ] GC(846) Using 1 workers of 1 for marking
[2025-03-28T20:23:29.942+0530][gc,marking  ] GC(846) Concurrent Mark From Roots 116.028ms
[2025-03-28T20:23:29.942+0530][gc,marking  ] GC(846) Concurrent Preclean
[2025-03-28T20:23:29.942+0530][gc,marking  ] GC(846) Concurrent Preclean 0.141ms
[2025-03-28T20:23:29.942+0530][gc,start    ] GC(846) Pause Remark
[2025-03-28T20:23:29.964+0530][gc,mmu      ] GC(846) MMU target violated: 21.0ms (20.0ms/21.0ms)
[2025-03-28T20:23:29.964+0530][gc          ] GC(846) Pause Remark 266M->260M(1024M) 21.675ms
[2025-03-28T20:23:29.964+0530][gc,cpu      ] GC(846) User=0.02s Sys=0.01s Real=0.03s
[2025-03-28T20:23:29.964+0530][gc,marking  ] GC(846) Concurrent Mark 138.129ms
[2025-03-28T20:23:29.964+0530][gc,marking  ] GC(846) Concurrent Rebuild Remembered Sets
[2025-03-28T20:23:30.016+0530][gc,marking  ] GC(846) Concurrent Rebuild Remembered Sets 51.555ms
[2025-03-28T20:23:30.016+0530][gc,start    ] GC(846) Pause Cleanup
[2025-03-28T20:23:30.016+0530][gc          ] GC(846) Pause Cleanup 260M->260M(1024M) 0.158ms
[2025-03-28T20:23:30.016+0530][gc,cpu      ] GC(846) User=0.00s Sys=0.00s Real=0.00s
[2025-03-28T20:23:30.016+0530][gc,marking  ] GC(846) Concurrent Cleanup for Next Mark
[2025-03-28T20:23:30.018+0530][gc,marking  ] GC(846) Concurrent Cleanup for Next Mark 1.658ms
[2025-03-28T20:23:30.018+0530][gc          ] GC(846) Concurrent Mark Cycle 195.420ms
[2025-03-28T20:23:32.510+0530][gc,start    ] GC(847) Pause Young (Prepare Mixed) (G1 Evacuation Pause)
[2025-03-28T20:23:32.510+0530][gc,task     ] GC(847) Using 2 workers of 2 for evacuation
[2025-03-28T20:23:32.516+0530][gc,phases   ] GC(847)   Pre Evacuate Collection Set: 0.2ms
[2025-03-28T20:23:32.516+0530][gc,phases   ] GC(847)   Merge Heap Roots: 0.1ms
[2025-03-28T20:23:32.516+0530][gc,phases   ] GC(847)   Evacuate Collection Set: 5.0ms
[2025-03-28T20:23:32.516+0530][gc,phases   ] GC(847)   Post Evacuate Collection Set: 0.6ms
[2025-03-28T20:23:32.516+0530][gc,phases   ] GC(847)   Other: 0.1ms
[2025-03-28T20:23:32.516+0530][gc,heap     ] GC(847) Eden regions: 77->0(46)
[2025-03-28T20:23:32.516+0530][gc,heap     ] GC(847) Survivor regions: 1->5(10)
[2025-03-28T20:23:32.516+0530][gc,heap     ] GC(847) Old regions: 70->70
[2025-03-28T20:23:32.516+0530][gc,heap     ] GC(847) Archive regions: 2->2
[2025-03-28T20:23:32.516+0530][gc,heap     ] GC(847) Humongous regions: 149->147
[2025-03-28T20:23:32.516+0530][gc,metaspace] GC(847) Metaspace: 54403K(55168K)->54403K(55168K) NonClass: 48295K(48704K)->48295K(48704K) Class: 6108K(6464K)->6108K(6464K)
[2025-03-28T20:23:32.517+0530][gc          ] GC(847) Pause Young (Prepare Mixed) (G1 Evacuation Pause) 297M->222M(1024M) 6.192ms
[2025-03-28T20:23:32.517+0530][gc,cpu      ] GC(847) User=0.01s Sys=0.00s Real=0.01s
[2025-03-28T20:23:32.596+0530][gc,start    ] GC(848) Pause Young (Mixed) (G1 Evacuation Pause)
[2025-03-28T20:23:32.596+0530][gc,task     ] GC(848) Using 2 workers of 2 for evacuation
[2025-03-28T20:23:32.603+0530][gc,phases   ] GC(848)   Pre Evacuate Collection Set: 0.2ms
[2025-03-28T20:23:32.603+0530][gc,phases   ] GC(848)   Merge Heap Roots: 0.1ms
[2025-03-28T20:23:32.603+0530][gc,phases   ] GC(848)   Evacuate Collection Set: 5.2ms
[2025-03-28T20:23:32.603+0530][gc,phases   ] GC(848)   Post Evacuate Collection Set: 0.6ms
[2025-03-28T20:23:32.603+0530][gc,phases   ] GC(848)   Other: 0.1ms
[2025-03-28T20:23:32.603+0530][gc,heap     ] GC(848) Eden regions: 46->0(129)
[2025-03-28T20:23:32.603+0530][gc,heap     ] GC(848) Survivor regions: 5->2(7)
[2025-03-28T20:23:32.603+0530][gc,heap     ] GC(848) Old regions: 70->66
[2025-03-28T20:23:32.603+0530][gc,heap     ] GC(848) Archive regions: 2->2
[2025-03-28T20:23:32.603+0530][gc,heap     ] GC(848) Humongous regions: 149->149
[2025-03-28T20:23:32.603+0530][gc,metaspace] GC(848) Metaspace: 54403K(55168K)->54403K(55168K) NonClass: 48295K(48704K)->48295K(48704K) Class: 6108K(6464K)->6108K(6464K)
[2025-03-28T20:23:32.603+0530][gc          ] GC(848) Pause Young (Mixed) (G1 Evacuation Pause) 270M->217M(1024M) 6.373ms
[2025-03-28T20:23:32.603+0530][gc,cpu      ] GC(848) User=0.01s Sys=0.00s Real=0.00s
[2025-03-28T20:23:39.783+0530][gc,start    ] GC(849) Pause Young (Concurrent Start) (G1 Humongous Allocation)
[2025-03-28T20:23:39.783+0530][gc,task     ] GC(849) Using 2 workers of 2 for evacuation
[2025-03-28T20:23:39.796+0530][gc,phases   ] GC(849)   Pre Evacuate Collection Set: 0.3ms
[2025-03-28T20:23:39.797+0530][gc,phases   ] GC(849)   Merge Heap Roots: 0.1ms
[2025-03-28T20:23:39.797+0530][gc,phases   ] GC(849)   Evacuate Collection Set: 12.0ms
[2025-03-28T20:23:39.797+0530][gc,phases   ] GC(849)   Post Evacuate Collection Set: 0.7ms
[2025-03-28T20:23:39.797+0530][gc,phases   ] GC(849)   Other: 0.2ms
[2025-03-28T20:23:39.797+0530][gc,heap     ] GC(849) Eden regions: 105->0(64)
[2025-03-28T20:23:39.797+0530][gc,heap     ] GC(849) Survivor regions: 2->9(17)
[2025-03-28T20:23:39.797+0530][gc,heap     ] GC(849) Old regions: 66->66
[2025-03-28T20:23:39.797+0530][gc,heap     ] GC(849) Archive regions: 2->2
[2025-03-28T20:23:39.797+0530][gc,heap     ] GC(849) Humongous regions: 149->147
[2025-03-28T20:23:39.797+0530][gc,metaspace] GC(849) Metaspace: 54410K(55168K)->54410K(55168K) NonClass: 48301K(48704K)->48301K(48704K) Class: 6108K(6464K)->6108K(6464K)
[2025-03-28T20:23:39.797+0530][gc          ] GC(849) Pause Young (Concurrent Start) (G1 Humongous Allocation) 321M->221M(1024M) 13.404ms
[2025-03-28T20:23:39.797+0530][gc,cpu      ] GC(849) User=0.01s Sys=0.00s Real=0.02s
[2025-03-28T20:23:39.797+0530][gc          ] GC(850) Concurrent Mark Cycle
[2025-03-28T20:23:39.797+0530][gc,marking  ] GC(850) Concurrent Clear Claimed Marks
[2025-03-28T20:23:39.797+0530][gc,marking  ] GC(850) Concurrent Clear Claimed Marks 0.079ms
[2025-03-28T20:23:39.797+0530][gc,marking  ] GC(850) Concurrent Scan Root Regions
[2025-03-28T20:23:39.822+0530][gc,marking  ] GC(850) Concurrent Scan Root Regions 25.190ms
[2025-03-28T20:23:39.822+0530][gc,marking  ] GC(850) Concurrent Mark
[2025-03-28T20:23:39.822+0530][gc,marking  ] GC(850) Concurrent Mark From Roots
[2025-03-28T20:23:39.822+0530][gc,task     ] GC(850) Using 1 workers of 1 for marking
[2025-03-28T20:23:39.912+0530][gc,marking  ] GC(850) Concurrent Mark From Roots 89.662ms
[2025-03-28T20:23:39.912+0530][gc,marking  ] GC(850) Concurrent Preclean
[2025-03-28T20:23:39.912+0530][gc,marking  ] GC(850) Concurrent Preclean 0.127ms
[2025-03-28T20:23:39.912+0530][gc,start    ] GC(850) Pause Remark
[2025-03-28T20:23:39.926+0530][gc          ] GC(850) Pause Remark 263M->261M(1024M) 14.105ms
[2025-03-28T20:23:39.926+0530][gc,cpu      ] GC(850) User=0.02s Sys=0.01s Real=0.02s
[2025-03-28T20:23:39.926+0530][gc,marking  ] GC(850) Concurrent Mark 104.164ms
[2025-03-28T20:23:39.926+0530][gc,marking  ] GC(850) Concurrent Rebuild Remembered Sets
[2025-03-28T20:23:39.958+0530][gc,marking  ] GC(850) Concurrent Rebuild Remembered Sets 31.951ms
[2025-03-28T20:23:39.958+0530][gc,start    ] GC(850) Pause Cleanup
[2025-03-28T20:23:39.958+0530][gc          ] GC(850) Pause Cleanup 261M->261M(1024M) 0.182ms
[2025-03-28T20:23:39.958+0530][gc,cpu      ] GC(850) User=0.00s Sys=0.00s Real=0.01s
[2025-03-28T20:23:39.959+0530][gc,marking  ] GC(850) Concurrent Cleanup for Next Mark
[2025-03-28T20:23:39.960+0530][gc,marking  ] GC(850) Concurrent Cleanup for Next Mark 1.936ms
[2025-03-28T20:23:39.960+0530][gc          ] GC(850) Concurrent Mark Cycle 163.791ms
[2025-03-28T20:23:42.477+0530][gc,start    ] GC(851) Pause Young (Prepare Mixed) (G1 Evacuation Pause)
[2025-03-28T20:23:42.477+0530][gc,task     ] GC(851) Using 2 workers of 2 for evacuation
[2025-03-28T20:23:42.493+0530][gc,phases   ] GC(851)   Pre Evacuate Collection Set: 0.3ms
[2025-03-28T20:23:42.493+0530][gc,phases   ] GC(851)   Merge Heap Roots: 2.3ms
[2025-03-28T20:23:42.493+0530][gc,phases   ] GC(851)   Evacuate Collection Set: 13.4ms
[2025-03-28T20:23:42.493+0530][gc,phases   ] GC(851)   Post Evacuate Collection Set: 0.6ms
[2025-03-28T20:23:42.493+0530][gc,phases   ] GC(851)   Other: 0.2ms
[2025-03-28T20:23:42.494+0530][gc,heap     ] GC(851) Eden regions: 96->0(44)
[2025-03-28T20:23:42.494+0530][gc,heap     ] GC(851) Survivor regions: 9->7(14)
[2025-03-28T20:23:42.494+0530][gc,heap     ] GC(851) Old regions: 63->64
[2025-03-28T20:23:42.494+0530][gc,heap     ] GC(851) Archive regions: 2->2
[2025-03-28T20:23:42.494+0530][gc,heap     ] GC(851) Humongous regions: 149->147
[2025-03-28T20:23:42.494+0530][gc,metaspace] GC(851) Metaspace: 54410K(55168K)->54410K(55168K) NonClass: 48301K(48704K)->48301K(48704K) Class: 6108K(6464K)->6108K(6464K)
[2025-03-28T20:23:42.494+0530][gc          ] GC(851) Pause Young (Prepare Mixed) (G1 Evacuation Pause) 317M->218M(1024M) 16.966ms
[2025-03-28T20:23:42.494+0530][gc,cpu      ] GC(851) User=0.03s Sys=0.00s Real=0.01s
[2025-03-28T20:23:42.567+0530][gc,start    ] GC(852) Pause Young (Mixed) (G1 Evacuation Pause)
[2025-03-28T20:23:42.567+0530][gc,task     ] GC(852) Using 2 workers of 2 for evacuation
[2025-03-28T20:23:42.574+0530][gc,phases   ] GC(852)   Pre Evacuate Collection Set: 0.1ms
[2025-03-28T20:23:42.574+0530][gc,phases   ] GC(852)   Merge Heap Roots: 0.2ms
[2025-03-28T20:23:42.574+0530][gc,phases   ] GC(852)   Evacuate Collection Set: 6.5ms
[2025-03-28T20:23:42.574+0530][gc,phases   ] GC(852)   Post Evacuate Collection Set: 0.5ms
[2025-03-28T20:23:42.574+0530][gc,phases   ] GC(852)   Other: 0.2ms
[2025-03-28T20:23:42.574+0530][gc,heap     ] GC(852) Eden regions: 44->0(159)
[2025-03-28T20:23:42.574+0530][gc,heap     ] GC(852) Survivor regions: 7->2(7)
[2025-03-28T20:23:42.574+0530][gc,heap     ] GC(852) Old regions: 64->61
[2025-03-28T20:23:42.574+0530][gc,heap     ] GC(852) Archive regions: 2->2
[2025-03-28T20:23:42.574+0530][gc,heap     ] GC(852) Humongous regions: 149->149
[2025-03-28T20:23:42.574+0530][gc,metaspace] GC(852) Metaspace: 54410K(55168K)->54410K(55168K) NonClass: 48301K(48704K)->48301K(48704K) Class: 6108K(6464K)->6108K(6464K)
[2025-03-28T20:23:42.574+0530][gc          ] GC(852) Pause Young (Mixed) (G1 Evacuation Pause) 264M->212M(1024M) 7.553ms
[2025-03-28T20:23:42.574+0530][gc,cpu      ] GC(852) User=0.02s Sys=0.00s Real=0.00s
[2025-03-28T20:23:49.756+0530][gc,start    ] GC(853) Pause Young (Concurrent Start) (G1 Humongous Allocation)
[2025-03-28T20:23:49.756+0530][gc,task     ] GC(853) Using 2 workers of 2 for evacuation
[2025-03-28T20:23:49.767+0530][gc,phases   ] GC(853)   Pre Evacuate Collection Set: 0.5ms
[2025-03-28T20:23:49.767+0530][gc,phases   ] GC(853)   Merge Heap Roots: 0.5ms
[2025-03-28T20:23:49.767+0530][gc,phases   ] GC(853)   Evacuate Collection Set: 9.2ms
[2025-03-28T20:23:49.767+0530][gc,phases   ] GC(853)   Post Evacuate Collection Set: 0.5ms
[2025-03-28T20:23:49.767+0530][gc,phases   ] GC(853)   Other: 0.2ms
[2025-03-28T20:23:49.767+0530][gc,heap     ] GC(853) Eden regions: 88->0(75)
[2025-03-28T20:23:49.767+0530][gc,heap     ] GC(853) Survivor regions: 2->9(21)
[2025-03-28T20:23:49.767+0530][gc,heap     ] GC(853) Old regions: 61->61
[2025-03-28T20:23:49.767+0530][gc,heap     ] GC(853) Archive regions: 2->2
[2025-03-28T20:23:49.767+0530][gc,heap     ] GC(853) Humongous regions: 149->147
[2025-03-28T20:23:49.767+0530][gc,metaspace] GC(853) Metaspace: 54416K(55168K)->54416K(55168K) NonClass: 48307K(48704K)->48307K(48704K) Class: 6108K(6464K)->6108K(6464K)
[2025-03-28T20:23:49.767+0530][gc          ] GC(853) Pause Young (Concurrent Start) (G1 Humongous Allocation) 299M->216M(1024M) 11.014ms
[2025-03-28T20:23:49.767+0530][gc,cpu      ] GC(853) User=0.01s Sys=0.01s Real=0.01s
[2025-03-28T20:23:49.767+0530][gc          ] GC(854) Concurrent Mark Cycle
[2025-03-28T20:23:49.767+0530][gc,marking  ] GC(854) Concurrent Clear Claimed Marks
[2025-03-28T20:23:49.767+0530][gc,marking  ] GC(854) Concurrent Clear Claimed Marks 0.079ms
[2025-03-28T20:23:49.767+0530][gc,marking  ] GC(854) Concurrent Scan Root Regions
[2025-03-28T20:23:49.773+0530][gc,marking  ] GC(854) Concurrent Scan Root Regions 6.194ms
[2025-03-28T20:23:49.773+0530][gc,marking  ] GC(854) Concurrent Mark
[2025-03-28T20:23:49.773+0530][gc,marking  ] GC(854) Concurrent Mark From Roots
[2025-03-28T20:23:49.773+0530][gc,task     ] GC(854) Using 1 workers of 1 for marking
[2025-03-28T20:23:49.876+0530][gc,marking  ] GC(854) Concurrent Mark From Roots 103.056ms
[2025-03-28T20:23:49.876+0530][gc,marking  ] GC(854) Concurrent Preclean
[2025-03-28T20:23:49.876+0530][gc,marking  ] GC(854) Concurrent Preclean 0.148ms
[2025-03-28T20:23:49.876+0530][gc,start    ] GC(854) Pause Remark
[2025-03-28T20:23:49.901+0530][gc,mmu      ] GC(854) MMU target violated: 21.0ms (20.0ms/21.0ms)
[2025-03-28T20:23:49.901+0530][gc          ] GC(854) Pause Remark 258M->258M(1024M) 24.655ms
[2025-03-28T20:23:49.901+0530][gc,cpu      ] GC(854) User=0.03s Sys=0.00s Real=0.02s
[2025-03-28T20:23:49.901+0530][gc,marking  ] GC(854) Concurrent Mark 128.204ms
[2025-03-28T20:23:49.901+0530][gc,marking  ] GC(854) Concurrent Rebuild Remembered Sets
[2025-03-28T20:23:49.946+0530][gc,marking  ] GC(854) Concurrent Rebuild Remembered Sets 44.264ms
[2025-03-28T20:23:49.946+0530][gc,start    ] GC(854) Pause Cleanup
[2025-03-28T20:23:49.946+0530][gc          ] GC(854) Pause Cleanup 258M->258M(1024M) 0.239ms
[2025-03-28T20:23:49.946+0530][gc,cpu      ] GC(854) User=0.00s Sys=0.00s Real=0.00s
[2025-03-28T20:23:49.946+0530][gc,marking  ] GC(854) Concurrent Cleanup for Next Mark
[2025-03-28T20:23:49.948+0530][gc,marking  ] GC(854) Concurrent Cleanup for Next Mark 2.018ms
[2025-03-28T20:23:49.948+0530][gc          ] GC(854) Concurrent Mark Cycle 181.304ms
[2025-03-28T20:23:52.555+0530][gc,start    ] GC(855) Pause Young (Prepare Mixed) (G1 Evacuation Pause)
[2025-03-28T20:23:52.556+0530][gc,task     ] GC(855) Using 2 workers of 2 for evacuation
[2025-03-28T20:23:52.567+0530][gc,phases   ] GC(855)   Pre Evacuate Collection Set: 0.3ms
[2025-03-28T20:23:52.567+0530][gc,phases   ] GC(855)   Merge Heap Roots: 0.1ms
[2025-03-28T20:23:52.567+0530][gc,phases   ] GC(855)   Evacuate Collection Set: 9.7ms
[2025-03-28T20:23:52.567+0530][gc,phases   ] GC(855)   Post Evacuate Collection Set: 0.8ms
[2025-03-28T20:23:52.567+0530][gc,phases   ] GC(855)   Other: 0.1ms
[2025-03-28T20:23:52.567+0530][gc,heap     ] GC(855) Eden regions: 139->0(47)
[2025-03-28T20:23:52.567+0530][gc,heap     ] GC(855) Survivor regions: 9->4(19)
[2025-03-28T20:23:52.567+0530][gc,heap     ] GC(855) Old regions: 60->60
[2025-03-28T20:23:52.567+0530][gc,heap     ] GC(855) Archive regions: 2->2
[2025-03-28T20:23:52.567+0530][gc,heap     ] GC(855) Humongous regions: 151->149
[2025-03-28T20:23:52.567+0530][gc,metaspace] GC(855) Metaspace: 54416K(55168K)->54416K(55168K) NonClass: 48307K(48704K)->48307K(48704K) Class: 6108K(6464K)->6108K(6464K)
[2025-03-28T20:23:52.567+0530][gc          ] GC(855) Pause Young (Prepare Mixed) (G1 Evacuation Pause) 359M->213M(1024M) 11.205ms
[2025-03-28T20:23:52.567+0530][gc,cpu      ] GC(855) User=0.01s Sys=0.01s Real=0.02s
[2025-03-28T20:23:59.684+0530][gc,start    ] GC(856) Pause Young (Mixed) (G1 Evacuation Pause)
[2025-03-28T20:23:59.684+0530][gc,task     ] GC(856) Using 2 workers of 2 for evacuation
[2025-03-28T20:23:59.693+0530][gc,phases   ] GC(856)   Pre Evacuate Collection Set: 0.4ms
[2025-03-28T20:23:59.693+0530][gc,phases   ] GC(856)   Merge Heap Roots: 0.2ms
[2025-03-28T20:23:59.693+0530][gc,phases   ] GC(856)   Evacuate Collection Set: 7.3ms
[2025-03-28T20:23:59.693+0530][gc,phases   ] GC(856)   Post Evacuate Collection Set: 0.6ms
[2025-03-28T20:23:59.693+0530][gc,phases   ] GC(856)   Other: 0.2ms
[2025-03-28T20:23:59.693+0530][gc,heap     ] GC(856) Eden regions: 47->0(275)
[2025-03-28T20:23:59.693+0530][gc,heap     ] GC(856) Survivor regions: 4->5(7)
[2025-03-28T20:23:59.693+0530][gc,heap     ] GC(856) Old regions: 60->56
[2025-03-28T20:23:59.693+0530][gc,heap     ] GC(856) Archive regions: 2->2
[2025-03-28T20:23:59.693+0530][gc,heap     ] GC(856) Humongous regions: 149->147
[2025-03-28T20:23:59.693+0530][gc,metaspace] GC(856) Metaspace: 54416K(55168K)->54416K(55168K) NonClass: 48307K(48704K)->48307K(48704K) Class: 6108K(6464K)->6108K(6464K)
[2025-03-28T20:23:59.693+0530][gc          ] GC(856) Pause Young (Mixed) (G1 Evacuation Pause) 260M->208M(1024M) 8.797ms
[2025-03-28T20:23:59.693+0530][gc,cpu      ] GC(856) User=0.02s Sys=0.01s Real=0.01s
[2025-03-28T20:23:59.765+0530][gc,start    ] GC(857) Pause Young (Concurrent Start) (G1 Humongous Allocation)
[2025-03-28T20:23:59.765+0530][gc,task     ] GC(857) Using 2 workers of 2 for evacuation
[2025-03-28T20:23:59.774+0530][gc,phases   ] GC(857)   Pre Evacuate Collection Set: 0.2ms
[2025-03-28T20:23:59.774+0530][gc,phases   ] GC(857)   Merge Heap Roots: 0.2ms
[2025-03-28T20:23:59.774+0530][gc,phases   ] GC(857)   Evacuate Collection Set: 8.3ms
[2025-03-28T20:23:59.774+0530][gc,phases   ] GC(857)   Post Evacuate Collection Set: 0.7ms
[2025-03-28T20:23:59.774+0530][gc,phases   ] GC(857)   Other: 0.2ms
[2025-03-28T20:23:59.774+0530][gc,heap     ] GC(857) Eden regions: 41->0(199)
[2025-03-28T20:23:59.774+0530][gc,heap     ] GC(857) Survivor regions: 5->4(35)
[2025-03-28T20:23:59.774+0530][gc,heap     ] GC(857) Old regions: 56->56
[2025-03-28T20:23:59.774+0530][gc,heap     ] GC(857) Archive regions: 2->2
[2025-03-28T20:23:59.774+0530][gc,heap     ] GC(857) Humongous regions: 147->147
[2025-03-28T20:23:59.774+0530][gc,metaspace] GC(857) Metaspace: 54416K(55168K)->54416K(55168K) NonClass: 48307K(48704K)->48307K(48704K) Class: 6108K(6464K)->6108K(6464K)
[2025-03-28T20:23:59.774+0530][gc          ] GC(857) Pause Young (Concurrent Start) (G1 Humongous Allocation) 249M->207M(1024M) 9.659ms
[2025-03-28T20:23:59.774+0530][gc,cpu      ] GC(857) User=0.01s Sys=0.00s Real=0.01s
[2025-03-28T20:23:59.775+0530][gc          ] GC(858) Concurrent Mark Cycle
[2025-03-28T20:23:59.775+0530][gc,marking  ] GC(858) Concurrent Clear Claimed Marks
[2025-03-28T20:23:59.775+0530][gc,marking  ] GC(858) Concurrent Clear Claimed Marks 0.107ms
[2025-03-28T20:23:59.775+0530][gc,marking  ] GC(858) Concurrent Scan Root Regions
[2025-03-28T20:23:59.780+0530][gc,marking  ] GC(858) Concurrent Scan Root Regions 5.218ms
[2025-03-28T20:23:59.780+0530][gc,marking  ] GC(858) Concurrent Mark
[2025-03-28T20:23:59.780+0530][gc,marking  ] GC(858) Concurrent Mark From Roots
[2025-03-28T20:23:59.780+0530][gc,task     ] GC(858) Using 1 workers of 1 for marking
[2025-03-28T20:23:59.852+0530][gc,marking  ] GC(858) Concurrent Mark From Roots 71.326ms
[2025-03-28T20:23:59.852+0530][gc,marking  ] GC(858) Concurrent Preclean
[2025-03-28T20:23:59.852+0530][gc,marking  ] GC(858) Concurrent Preclean 0.121ms
[2025-03-28T20:23:59.852+0530][gc,start    ] GC(858) Pause Remark
[2025-03-28T20:23:59.868+0530][gc          ] GC(858) Pause Remark 249M->249M(1024M) 16.136ms
[2025-03-28T20:23:59.868+0530][gc,cpu      ] GC(858) User=0.03s Sys=0.00s Real=0.02s
[2025-03-28T20:23:59.869+0530][gc,marking  ] GC(858) Concurrent Mark 88.120ms
[2025-03-28T20:23:59.869+0530][gc,marking  ] GC(858) Concurrent Rebuild Remembered Sets
[2025-03-28T20:23:59.905+0530][gc,marking  ] GC(858) Concurrent Rebuild Remembered Sets 36.208ms
[2025-03-28T20:23:59.905+0530][gc,start    ] GC(858) Pause Cleanup
[2025-03-28T20:23:59.905+0530][gc          ] GC(858) Pause Cleanup 249M->249M(1024M) 0.166ms
[2025-03-28T20:23:59.905+0530][gc,cpu      ] GC(858) User=0.00s Sys=0.00s Real=0.00s
[2025-03-28T20:23:59.905+0530][gc,marking  ] GC(858) Concurrent Cleanup for Next Mark
[2025-03-28T20:23:59.907+0530][gc,marking  ] GC(858) Concurrent Cleanup for Next Mark 1.698ms
[2025-03-28T20:23:59.907+0530][gc          ] GC(858) Concurrent Mark Cycle 131.827ms
[2025-03-28T20:24:09.819+0530][gc,start    ] GC(859) Pause Young (Prepare Mixed) (G1 Evacuation Pause)
[2025-03-28T20:24:09.819+0530][gc,task     ] GC(859) Using 2 workers of 2 for evacuation
[2025-03-28T20:24:09.831+0530][gc,phases   ] GC(859)   Pre Evacuate Collection Set: 0.2ms
[2025-03-28T20:24:09.831+0530][gc,phases   ] GC(859)   Merge Heap Roots: 0.1ms
[2025-03-28T20:24:09.831+0530][gc,phases   ] GC(859)   Evacuate Collection Set: 10.5ms
[2025-03-28T20:24:09.831+0530][gc,phases   ] GC(859)   Post Evacuate Collection Set: 1.0ms
[2025-03-28T20:24:09.831+0530][gc,phases   ] GC(859)   Other: 0.2ms
[2025-03-28T20:24:09.831+0530][gc,heap     ] GC(859) Eden regions: 254->0(46)
[2025-03-28T20:24:09.831+0530][gc,heap     ] GC(859) Survivor regions: 4->5(33)
[2025-03-28T20:24:09.831+0530][gc,heap     ] GC(859) Old regions: 56->56
[2025-03-28T20:24:09.831+0530][gc,heap     ] GC(859) Archive regions: 2->2
[2025-03-28T20:24:09.831+0530][gc,heap     ] GC(859) Humongous regions: 153->149
[2025-03-28T20:24:09.831+0530][gc,metaspace] GC(859) Metaspace: 54416K(55168K)->54416K(55168K) NonClass: 48307K(48704K)->48307K(48704K) Class: 6108K(6464K)->6108K(6464K)
[2025-03-28T20:24:09.831+0530][gc          ] GC(859) Pause Young (Prepare Mixed) (G1 Evacuation Pause) 467M->209M(1024M) 12.051ms
[2025-03-28T20:24:09.831+0530][gc,cpu      ] GC(859) User=0.01s Sys=0.01s Real=0.01s
[2025-03-28T20:24:12.539+0530][gc,start    ] GC(860) Pause Young (Mixed) (G1 Evacuation Pause)
[2025-03-28T20:24:12.539+0530][gc,task     ] GC(860) Using 2 workers of 2 for evacuation
[2025-03-28T20:24:12.553+0530][gc,phases   ] GC(860)   Pre Evacuate Collection Set: 0.2ms
[2025-03-28T20:24:12.553+0530][gc,phases   ] GC(860)   Merge Heap Roots: 0.2ms
[2025-03-28T20:24:12.553+0530][gc,phases   ] GC(860)   Evacuate Collection Set: 12.6ms
[2025-03-28T20:24:12.553+0530][gc,phases   ] GC(860)   Post Evacuate Collection Set: 1.0ms
[2025-03-28T20:24:12.553+0530][gc,phases   ] GC(860)   Other: 0.1ms
[2025-03-28T20:24:12.553+0530][gc,heap     ] GC(860) Eden regions: 46->0(311)
[2025-03-28T20:24:12.553+0530][gc,heap     ] GC(860) Survivor regions: 5->5(7)
[2025-03-28T20:24:12.553+0530][gc,heap     ] GC(860) Old regions: 56->53
[2025-03-28T20:24:12.553+0530][gc,heap     ] GC(860) Archive regions: 2->2
[2025-03-28T20:24:12.553+0530][gc,heap     ] GC(860) Humongous regions: 149->147
[2025-03-28T20:24:12.553+0530][gc,metaspace] GC(860) Metaspace: 54416K(55168K)->54416K(55168K) NonClass: 48307K(48704K)->48307K(48704K) Class: 6108K(6464K)->6108K(6464K)
[2025-03-28T20:24:12.553+0530][gc          ] GC(860) Pause Young (Mixed) (G1 Evacuation Pause) 255M->204M(1024M) 14.599ms
[2025-03-28T20:24:12.553+0530][gc,cpu      ] GC(860) User=0.02s Sys=0.00s Real=0.01s
[2025-03-28T20:24:12.656+0530][gc,start    ] GC(861) Pause Young (Concurrent Start) (G1 Humongous Allocation)
[2025-03-28T20:24:12.656+0530][gc,task     ] GC(861) Using 2 workers of 2 for evacuation
[2025-03-28T20:24:12.669+0530][gc,phases   ] GC(861)   Pre Evacuate Collection Set: 0.3ms
[2025-03-28T20:24:12.669+0530][gc,phases   ] GC(861)   Merge Heap Roots: 0.1ms
[2025-03-28T20:24:12.669+0530][gc,phases   ] GC(861)   Evacuate Collection Set: 11.8ms
[2025-03-28T20:24:12.669+0530][gc,phases   ] GC(861)   Post Evacuate Collection Set: 0.6ms
[2025-03-28T20:24:12.669+0530][gc,phases   ] GC(861)   Other: 0.2ms
[2025-03-28T20:24:12.669+0530][gc,heap     ] GC(861) Eden regions: 40->0(283)
[2025-03-28T20:24:12.669+0530][gc,heap     ] GC(861) Survivor regions: 5->4(40)
[2025-03-28T20:24:12.669+0530][gc,heap     ] GC(861) Old regions: 53->53
[2025-03-28T20:24:12.669+0530][gc,heap     ] GC(861) Archive regions: 2->2
[2025-03-28T20:24:12.669+0530][gc,heap     ] GC(861) Humongous regions: 147->147
[2025-03-28T20:24:12.669+0530][gc,metaspace] GC(861) Metaspace: 54417K(55168K)->54417K(55168K) NonClass: 48308K(48704K)->48308K(48704K) Class: 6108K(6464K)->6108K(6464K)
[2025-03-28T20:24:12.669+0530][gc          ] GC(861) Pause Young (Concurrent Start) (G1 Humongous Allocation) 243M->203M(1024M) 13.046ms
[2025-03-28T20:24:12.669+0530][gc,cpu      ] GC(861) User=0.02s Sys=0.00s Real=0.01s
[2025-03-28T20:24:12.669+0530][gc          ] GC(862) Concurrent Mark Cycle
[2025-03-28T20:24:12.669+0530][gc,marking  ] GC(862) Concurrent Clear Claimed Marks
[2025-03-28T20:24:12.669+0530][gc,marking  ] GC(862) Concurrent Clear Claimed Marks 0.082ms
[2025-03-28T20:24:12.669+0530][gc,marking  ] GC(862) Concurrent Scan Root Regions
[2025-03-28T20:24:12.676+0530][gc,marking  ] GC(862) Concurrent Scan Root Regions 6.314ms
[2025-03-28T20:24:12.676+0530][gc,marking  ] GC(862) Concurrent Mark
[2025-03-28T20:24:12.676+0530][gc,marking  ] GC(862) Concurrent Mark From Roots
[2025-03-28T20:24:12.676+0530][gc,task     ] GC(862) Using 1 workers of 1 for marking
[2025-03-28T20:24:12.734+0530][gc,marking  ] GC(862) Concurrent Mark From Roots 57.848ms
[2025-03-28T20:24:12.734+0530][gc,marking  ] GC(862) Concurrent Preclean
[2025-03-28T20:24:12.734+0530][gc,marking  ] GC(862) Concurrent Preclean 0.342ms
[2025-03-28T20:24:12.734+0530][gc,start    ] GC(862) Pause Remark
[2025-03-28T20:24:12.750+0530][gc          ] GC(862) Pause Remark 245M->245M(1024M) 16.222ms
[2025-03-28T20:24:12.750+0530][gc,cpu      ] GC(862) User=0.02s Sys=0.00s Real=0.02s
[2025-03-28T20:24:12.751+0530][gc,marking  ] GC(862) Concurrent Mark 74.955ms
[2025-03-28T20:24:12.751+0530][gc,marking  ] GC(862) Concurrent Rebuild Remembered Sets
[2025-03-28T20:24:12.783+0530][gc,marking  ] GC(862) Concurrent Rebuild Remembered Sets 32.895ms
[2025-03-28T20:24:12.784+0530][gc,start    ] GC(862) Pause Cleanup
[2025-03-28T20:24:12.784+0530][gc          ] GC(862) Pause Cleanup 245M->245M(1024M) 0.315ms
[2025-03-28T20:24:12.784+0530][gc,cpu      ] GC(862) User=0.00s Sys=0.00s Real=0.00s
[2025-03-28T20:24:12.784+0530][gc,marking  ] GC(862) Concurrent Cleanup for Next Mark
[2025-03-28T20:24:12.786+0530][gc,marking  ] GC(862) Concurrent Cleanup for Next Mark 1.607ms
[2025-03-28T20:24:12.786+0530][gc          ] GC(862) Concurrent Mark Cycle 116.509ms
[2025-03-28T20:24:29.807+0530][gc,start    ] GC(863) Pause Young (Prepare Mixed) (G1 Evacuation Pause)
[2025-03-28T20:24:29.808+0530][gc,task     ] GC(863) Using 2 workers of 2 for evacuation
[2025-03-28T20:24:29.880+0530][gc,mmu      ] GC(863) MMU target violated: 21.0ms (20.0ms/21.0ms)
[2025-03-28T20:24:29.880+0530][gc,phases   ] GC(863)   Pre Evacuate Collection Set: 0.4ms
[2025-03-28T20:24:29.880+0530][gc,phases   ] GC(863)   Merge Heap Roots: 0.6ms
[2025-03-28T20:24:29.880+0530][gc,phases   ] GC(863)   Evacuate Collection Set: 66.9ms
[2025-03-28T20:24:29.880+0530][gc,phases   ] GC(863)   Post Evacuate Collection Set: 4.2ms
[2025-03-28T20:24:29.880+0530][gc,phases   ] GC(863)   Other: 0.6ms
[2025-03-28T20:24:29.880+0530][gc,heap     ] GC(863) Eden regions: 345->0(46)
[2025-03-28T20:24:29.880+0530][gc,heap     ] GC(863) Survivor regions: 4->5(44)
[2025-03-28T20:24:29.880+0530][gc,heap     ] GC(863) Old regions: 53->53
[2025-03-28T20:24:29.880+0530][gc,heap     ] GC(863) Archive regions: 2->2
[2025-03-28T20:24:29.880+0530][gc,heap     ] GC(863) Humongous regions: 155->149
[2025-03-28T20:24:29.880+0530][gc,metaspace] GC(863) Metaspace: 54421K(55168K)->54421K(55168K) NonClass: 48313K(48704K)->48313K(48704K) Class: 6108K(6464K)->6108K(6464K)
[2025-03-28T20:24:29.880+0530][gc          ] GC(863) Pause Young (Prepare Mixed) (G1 Evacuation Pause) 556M->207M(1024M) 72.872ms
[2025-03-28T20:24:29.880+0530][gc,cpu      ] GC(863) User=0.02s Sys=0.00s Real=0.07s
[2025-03-28T20:24:32.474+0530][gc,start    ] GC(864) Pause Young (Mixed) (G1 Evacuation Pause)
[2025-03-28T20:24:32.474+0530][gc,task     ] GC(864) Using 2 workers of 2 for evacuation
[2025-03-28T20:24:32.495+0530][gc,mmu      ] GC(864) MMU target violated: 20.6ms (20.0ms/21.0ms)
[2025-03-28T20:24:32.495+0530][gc,phases   ] GC(864)   Pre Evacuate Collection Set: 0.4ms
[2025-03-28T20:24:32.495+0530][gc,phases   ] GC(864)   Merge Heap Roots: 0.3ms
[2025-03-28T20:24:32.495+0530][gc,phases   ] GC(864)   Evacuate Collection Set: 19.2ms
[2025-03-28T20:24:32.495+0530][gc,phases   ] GC(864)   Post Evacuate Collection Set: 0.6ms
[2025-03-28T20:24:32.495+0530][gc,phases   ] GC(864)   Other: 0.2ms
[2025-03-28T20:24:32.495+0530][gc,heap     ] GC(864) Eden regions: 46->0(49)
[2025-03-28T20:24:32.495+0530][gc,heap     ] GC(864) Survivor regions: 5->2(7)
[2025-03-28T20:24:32.495+0530][gc,heap     ] GC(864) Old regions: 53->54
[2025-03-28T20:24:32.495+0530][gc,heap     ] GC(864) Archive regions: 2->2
[2025-03-28T20:24:32.495+0530][gc,heap     ] GC(864) Humongous regions: 149->147
[2025-03-28T20:24:32.495+0530][gc,metaspace] GC(864) Metaspace: 54421K(55168K)->54421K(55168K) NonClass: 48313K(48704K)->48313K(48704K) Class: 6108K(6464K)->6108K(6464K)
[2025-03-28T20:24:32.495+0530][gc          ] GC(864) Pause Young (Mixed) (G1 Evacuation Pause) 253M->203M(1024M) 20.940ms
[2025-03-28T20:24:32.495+0530][gc,cpu      ] GC(864) User=0.04s Sys=0.00s Real=0.02s
[2025-03-28T20:24:32.546+0530][gc,start    ] GC(865) Pause Young (Mixed) (G1 Evacuation Pause)
[2025-03-28T20:24:32.546+0530][gc,task     ] GC(865) Using 2 workers of 2 for evacuation
[2025-03-28T20:24:32.554+0530][gc,phases   ] GC(865)   Pre Evacuate Collection Set: 0.2ms
[2025-03-28T20:24:32.554+0530][gc,phases   ] GC(865)   Merge Heap Roots: 0.1ms
[2025-03-28T20:24:32.554+0530][gc,phases   ] GC(865)   Evacuate Collection Set: 6.7ms
[2025-03-28T20:24:32.554+0530][gc,phases   ] GC(865)   Post Evacuate Collection Set: 0.4ms
[2025-03-28T20:24:32.554+0530][gc,phases   ] GC(865)   Other: 0.1ms
[2025-03-28T20:24:32.554+0530][gc,heap     ] GC(865) Eden regions: 49->0(44)
[2025-03-28T20:24:32.554+0530][gc,heap     ] GC(865) Survivor regions: 2->7(7)
[2025-03-28T20:24:32.554+0530][gc,heap     ] GC(865) Old regions: 54->51
[2025-03-28T20:24:32.554+0530][gc,heap     ] GC(865) Archive regions: 2->2
[2025-03-28T20:24:32.554+0530][gc,heap     ] GC(865) Humongous regions: 147->147
[2025-03-28T20:24:32.554+0530][gc,metaspace] GC(865) Metaspace: 54421K(55168K)->54421K(55168K) NonClass: 48313K(48704K)->48313K(48704K) Class: 6108K(6464K)->6108K(6464K)
[2025-03-28T20:24:32.554+0530][gc          ] GC(865) Pause Young (Mixed) (G1 Evacuation Pause) 252M->205M(1024M) 7.631ms
[2025-03-28T20:24:32.554+0530][gc,cpu      ] GC(865) User=0.01s Sys=0.00s Real=0.00s
[2025-03-28T20:24:32.605+0530][gc,start    ] GC(866) Pause Young (Concurrent Start) (G1 Humongous Allocation)
[2025-03-28T20:24:32.605+0530][gc,task     ] GC(866) Using 2 workers of 2 for evacuation
[2025-03-28T20:24:32.614+0530][gc,phases   ] GC(866)   Pre Evacuate Collection Set: 0.3ms
[2025-03-28T20:24:32.614+0530][gc,phases   ] GC(866)   Merge Heap Roots: 0.1ms
[2025-03-28T20:24:32.614+0530][gc,phases   ] GC(866)   Evacuate Collection Set: 4.2ms
[2025-03-28T20:24:32.614+0530][gc,phases   ] GC(866)   Post Evacuate Collection Set: 4.9ms
[2025-03-28T20:24:32.614+0530][gc,phases   ] GC(866)   Other: 0.2ms
[2025-03-28T20:24:32.614+0530][gc,heap     ] GC(866) Eden regions: 15->0(235)
[2025-03-28T20:24:32.614+0530][gc,heap     ] GC(866) Survivor regions: 7->2(7)
[2025-03-28T20:24:32.614+0530][gc,heap     ] GC(866) Old regions: 51->53
[2025-03-28T20:24:32.614+0530][gc,heap     ] GC(866) Archive regions: 2->2
[2025-03-28T20:24:32.614+0530][gc,heap     ] GC(866) Humongous regions: 147->147
[2025-03-28T20:24:32.614+0530][gc,metaspace] GC(866) Metaspace: 54421K(55168K)->54421K(55168K) NonClass: 48313K(48704K)->48313K(48704K) Class: 6108K(6464K)->6108K(6464K)
[2025-03-28T20:24:32.614+0530][gc          ] GC(866) Pause Young (Concurrent Start) (G1 Humongous Allocation) 220M->202M(1024M) 9.707ms
[2025-03-28T20:24:32.614+0530][gc,cpu      ] GC(866) User=0.01s Sys=0.00s Real=0.01s
[2025-03-28T20:24:32.614+0530][gc          ] GC(867) Concurrent Mark Cycle
[2025-03-28T20:24:32.614+0530][gc,marking  ] GC(867) Concurrent Clear Claimed Marks
[2025-03-28T20:24:32.615+0530][gc,marking  ] GC(867) Concurrent Clear Claimed Marks 0.083ms
[2025-03-28T20:24:32.615+0530][gc,marking  ] GC(867) Concurrent Scan Root Regions
[2025-03-28T20:24:32.618+0530][gc,marking  ] GC(867) Concurrent Scan Root Regions 3.329ms
[2025-03-28T20:24:32.618+0530][gc,marking  ] GC(867) Concurrent Mark
[2025-03-28T20:24:32.618+0530][gc,marking  ] GC(867) Concurrent Mark From Roots
[2025-03-28T20:24:32.618+0530][gc,task     ] GC(867) Using 1 workers of 1 for marking
[2025-03-28T20:24:32.679+0530][gc,marking  ] GC(867) Concurrent Mark From Roots 61.488ms
[2025-03-28T20:24:32.679+0530][gc,marking  ] GC(867) Concurrent Preclean
[2025-03-28T20:24:32.680+0530][gc,marking  ] GC(867) Concurrent Preclean 0.121ms
[2025-03-28T20:24:32.680+0530][gc,start    ] GC(867) Pause Remark
[2025-03-28T20:24:32.695+0530][gc          ] GC(867) Pause Remark 244M->244M(1024M) 15.764ms
[2025-03-28T20:24:32.696+0530][gc,cpu      ] GC(867) User=0.02s Sys=0.00s Real=0.03s
[2025-03-28T20:24:32.696+0530][gc,marking  ] GC(867) Concurrent Mark 77.753ms
[2025-03-28T20:24:32.696+0530][gc,marking  ] GC(867) Concurrent Rebuild Remembered Sets
[2025-03-28T20:24:32.738+0530][gc,marking  ] GC(867) Concurrent Rebuild Remembered Sets 42.445ms
[2025-03-28T20:24:32.741+0530][gc,start    ] GC(867) Pause Cleanup
[2025-03-28T20:24:32.741+0530][gc          ] GC(867) Pause Cleanup 244M->244M(1024M) 0.317ms
[2025-03-28T20:24:32.741+0530][gc,cpu      ] GC(867) User=0.00s Sys=0.00s Real=0.00s
[2025-03-28T20:24:32.742+0530][gc,marking  ] GC(867) Concurrent Cleanup for Next Mark
[2025-03-28T20:24:32.744+0530][gc,marking  ] GC(867) Concurrent Cleanup for Next Mark 1.965ms
[2025-03-28T20:24:32.744+0530][gc          ] GC(867) Concurrent Mark Cycle 129.752ms
[2025-03-28T20:24:42.556+0530][gc,start    ] GC(868) Pause Young (Prepare Mixed) (G1 Evacuation Pause)
[2025-03-28T20:24:42.556+0530][gc,task     ] GC(868) Using 2 workers of 2 for evacuation
[2025-03-28T20:24:42.572+0530][gc,phases   ] GC(868)   Pre Evacuate Collection Set: 0.2ms
[2025-03-28T20:24:42.572+0530][gc,phases   ] GC(868)   Merge Heap Roots: 0.1ms
[2025-03-28T20:24:42.572+0530][gc,phases   ] GC(868)   Evacuate Collection Set: 13.5ms
[2025-03-28T20:24:42.572+0530][gc,phases   ] GC(868)   Post Evacuate Collection Set: 2.0ms
[2025-03-28T20:24:42.572+0530][gc,phases   ] GC(868)   Other: 0.1ms
[2025-03-28T20:24:42.572+0530][gc,heap     ] GC(868) Eden regions: 235->0(40)
[2025-03-28T20:24:42.572+0530][gc,heap     ] GC(868) Survivor regions: 2->11(30)
[2025-03-28T20:24:42.572+0530][gc,heap     ] GC(868) Old regions: 53->53
[2025-03-28T20:24:42.572+0530][gc,heap     ] GC(868) Archive regions: 2->2
[2025-03-28T20:24:42.572+0530][gc,heap     ] GC(868) Humongous regions: 153->149
[2025-03-28T20:24:42.572+0530][gc,metaspace] GC(868) Metaspace: 54421K(55168K)->54421K(55168K) NonClass: 48313K(48704K)->48313K(48704K) Class: 6108K(6464K)->6108K(6464K)
[2025-03-28T20:24:42.572+0530][gc          ] GC(868) Pause Young (Prepare Mixed) (G1 Evacuation Pause) 443M->213M(1024M) 16.100ms
[2025-03-28T20:24:42.572+0530][gc,cpu      ] GC(868) User=0.02s Sys=0.01s Real=0.01s
[2025-03-28T20:24:48.459+0530][gc,start    ] GC(869) Pause Young (Mixed) (G1 Evacuation Pause)
[2025-03-28T20:24:48.459+0530][gc,task     ] GC(869) Using 2 workers of 2 for evacuation
[2025-03-28T20:24:48.483+0530][gc,mmu      ] GC(869) MMU target violated: 21.0ms (20.0ms/21.0ms)
[2025-03-28T20:24:48.483+0530][gc,phases   ] GC(869)   Pre Evacuate Collection Set: 0.3ms
[2025-03-28T20:24:48.483+0530][gc,phases   ] GC(869)   Merge Heap Roots: 0.2ms
[2025-03-28T20:24:48.483+0530][gc,phases   ] GC(869)   Evacuate Collection Set: 22.9ms
[2025-03-28T20:24:48.483+0530][gc,phases   ] GC(869)   Post Evacuate Collection Set: 0.8ms
[2025-03-28T20:24:48.483+0530][gc,phases   ] GC(869)   Other: 0.2ms
[2025-03-28T20:24:48.484+0530][gc,heap     ] GC(869) Eden regions: 40->0(138)
[2025-03-28T20:24:48.484+0530][gc,heap     ] GC(869) Survivor regions: 11->2(7)
[2025-03-28T20:24:48.484+0530][gc,heap     ] GC(869) Old regions: 53->57
[2025-03-28T20:24:48.484+0530][gc,heap     ] GC(869) Archive regions: 2->2
[2025-03-28T20:24:48.484+0530][gc,heap     ] GC(869) Humongous regions: 149->147
[2025-03-28T20:24:48.484+0530][gc,metaspace] GC(869) Metaspace: 54422K(55168K)->54422K(55168K) NonClass: 48313K(48704K)->48313K(48704K) Class: 6108K(6464K)->6108K(6464K)
[2025-03-28T20:24:48.484+0530][gc          ] GC(869) Pause Young (Mixed) (G1 Evacuation Pause) 253M->206M(1024M) 24.514ms
[2025-03-28T20:24:48.484+0530][gc,cpu      ] GC(869) User=0.02s Sys=0.00s Real=0.02s
[2025-03-28T20:24:49.766+0530][gc,start    ] GC(870) Pause Young (Concurrent Start) (G1 Humongous Allocation)
[2025-03-28T20:24:49.766+0530][gc,task     ] GC(870) Using 2 workers of 2 for evacuation
[2025-03-28T20:24:49.809+0530][gc,mmu      ] GC(870) MMU target violated: 21.0ms (20.0ms/21.0ms)
[2025-03-28T20:24:49.809+0530][gc,phases   ] GC(870)   Pre Evacuate Collection Set: 0.4ms
[2025-03-28T20:24:49.809+0530][gc,phases   ] GC(870)   Merge Heap Roots: 0.1ms
[2025-03-28T20:24:49.809+0530][gc,phases   ] GC(870)   Evacuate Collection Set: 40.2ms
[2025-03-28T20:24:49.809+0530][gc,phases   ] GC(870)   Post Evacuate Collection Set: 2.0ms
[2025-03-28T20:24:49.809+0530][gc,phases   ] GC(870)   Other: 0.2ms
[2025-03-28T20:24:49.809+0530][gc,heap     ] GC(870) Eden regions: 68->0(49)
[2025-03-28T20:24:49.809+0530][gc,heap     ] GC(870) Survivor regions: 2->9(18)
[2025-03-28T20:24:49.809+0530][gc,heap     ] GC(870) Old regions: 57->57
[2025-03-28T20:24:49.809+0530][gc,heap     ] GC(870) Archive regions: 2->2
[2025-03-28T20:24:49.809+0530][gc,heap     ] GC(870) Humongous regions: 147->147
[2025-03-28T20:24:49.809+0530][gc,metaspace] GC(870) Metaspace: 54422K(55168K)->54422K(55168K) NonClass: 48313K(48704K)->48313K(48704K) Class: 6108K(6464K)->6108K(6464K)
[2025-03-28T20:24:49.809+0530][gc          ] GC(870) Pause Young (Concurrent Start) (G1 Humongous Allocation) 273M->213M(1024M) 43.015ms
[2025-03-28T20:24:49.809+0530][gc,cpu      ] GC(870) User=0.02s Sys=0.01s Real=0.04s
[2025-03-28T20:24:49.809+0530][gc          ] GC(871) Concurrent Mark Cycle
[2025-03-28T20:24:49.809+0530][gc,marking  ] GC(871) Concurrent Clear Claimed Marks
[2025-03-28T20:24:49.810+0530][gc,marking  ] GC(871) Concurrent Clear Claimed Marks 0.232ms
[2025-03-28T20:24:49.810+0530][gc,marking  ] GC(871) Concurrent Scan Root Regions
[2025-03-28T20:24:49.823+0530][gc,marking  ] GC(871) Concurrent Scan Root Regions 12.880ms
[2025-03-28T20:24:49.823+0530][gc,marking  ] GC(871) Concurrent Mark
[2025-03-28T20:24:49.823+0530][gc,marking  ] GC(871) Concurrent Mark From Roots
[2025-03-28T20:24:49.823+0530][gc,task     ] GC(871) Using 1 workers of 1 for marking
[2025-03-28T20:24:49.925+0530][gc,marking  ] GC(871) Concurrent Mark From Roots 102.334ms
[2025-03-28T20:24:49.925+0530][gc,marking  ] GC(871) Concurrent Preclean
[2025-03-28T20:24:49.925+0530][gc,marking  ] GC(871) Concurrent Preclean 0.124ms
[2025-03-28T20:24:49.925+0530][gc,start    ] GC(871) Pause Remark
[2025-03-28T20:24:49.959+0530][gc,mmu      ] GC(871) MMU target violated: 21.0ms (20.0ms/21.0ms)
[2025-03-28T20:24:49.959+0530][gc          ] GC(871) Pause Remark 254M->252M(1024M) 34.219ms
[2025-03-28T20:24:49.959+0530][gc,cpu      ] GC(871) User=0.02s Sys=0.00s Real=0.05s
[2025-03-28T20:24:49.960+0530][gc,marking  ] GC(871) Concurrent Mark 137.035ms
[2025-03-28T20:24:49.960+0530][gc,marking  ] GC(871) Concurrent Rebuild Remembered Sets
[2025-03-28T20:24:50.005+0530][gc,marking  ] GC(871) Concurrent Rebuild Remembered Sets 45.851ms
[2025-03-28T20:24:50.006+0530][gc,start    ] GC(871) Pause Cleanup
[2025-03-28T20:24:50.006+0530][gc          ] GC(871) Pause Cleanup 252M->252M(1024M) 0.200ms
[2025-03-28T20:24:50.006+0530][gc,cpu      ] GC(871) User=0.00s Sys=0.00s Real=0.00s
[2025-03-28T20:24:50.006+0530][gc,marking  ] GC(871) Concurrent Cleanup for Next Mark
[2025-03-28T20:24:50.012+0530][gc,marking  ] GC(871) Concurrent Cleanup for Next Mark 5.297ms
[2025-03-28T20:24:50.012+0530][gc          ] GC(871) Concurrent Mark Cycle 202.397ms
[2025-03-28T20:24:52.439+0530][gc,start    ] GC(872) Pause Young (Prepare Mixed) (G1 Evacuation Pause)
[2025-03-28T20:24:52.439+0530][gc,task     ] GC(872) Using 2 workers of 2 for evacuation
[2025-03-28T20:24:52.445+0530][gc,phases   ] GC(872)   Pre Evacuate Collection Set: 0.2ms
[2025-03-28T20:24:52.445+0530][gc,phases   ] GC(872)   Merge Heap Roots: 0.3ms
[2025-03-28T20:24:52.445+0530][gc,phases   ] GC(872)   Evacuate Collection Set: 4.3ms
[2025-03-28T20:24:52.445+0530][gc,phases   ] GC(872)   Post Evacuate Collection Set: 0.8ms
[2025-03-28T20:24:52.445+0530][gc,phases   ] GC(872)   Other: 0.2ms
[2025-03-28T20:24:52.445+0530][gc,heap     ] GC(872) Eden regions: 42->0(50)
[2025-03-28T20:24:52.445+0530][gc,heap     ] GC(872) Survivor regions: 9->1(7)
[2025-03-28T20:24:52.445+0530][gc,heap     ] GC(872) Old regions: 54->55
[2025-03-28T20:24:52.445+0530][gc,heap     ] GC(872) Archive regions: 2->2
[2025-03-28T20:24:52.445+0530][gc,heap     ] GC(872) Humongous regions: 149->147
[2025-03-28T20:24:52.445+0530][gc,metaspace] GC(872) Metaspace: 54422K(55168K)->54422K(55168K) NonClass: 48313K(48704K)->48313K(48704K) Class: 6108K(6464K)->6108K(6464K)
[2025-03-28T20:24:52.445+0530][gc          ] GC(872) Pause Young (Prepare Mixed) (G1 Evacuation Pause) 254M->203M(1024M) 5.736ms
[2025-03-28T20:24:52.445+0530][gc,cpu      ] GC(872) User=0.01s Sys=0.00s Real=0.00s
[2025-03-28T20:24:52.491+0530][gc,start    ] GC(873) Pause Young (Mixed) (G1 Evacuation Pause)
[2025-03-28T20:24:52.491+0530][gc,task     ] GC(873) Using 2 workers of 2 for evacuation
[2025-03-28T20:24:52.499+0530][gc,phases   ] GC(873)   Pre Evacuate Collection Set: 0.2ms
[2025-03-28T20:24:52.499+0530][gc,phases   ] GC(873)   Merge Heap Roots: 0.1ms
[2025-03-28T20:24:52.499+0530][gc,phases   ] GC(873)   Evacuate Collection Set: 7.0ms
[2025-03-28T20:24:52.499+0530][gc,phases   ] GC(873)   Post Evacuate Collection Set: 0.5ms
[2025-03-28T20:24:52.499+0530][gc,phases   ] GC(873)   Other: 0.1ms
[2025-03-28T20:24:52.499+0530][gc,heap     ] GC(873) Eden regions: 50->0(73)
[2025-03-28T20:24:52.499+0530][gc,heap     ] GC(873) Survivor regions: 1->6(7)
[2025-03-28T20:24:52.499+0530][gc,heap     ] GC(873) Old regions: 55->51
[2025-03-28T20:24:52.499+0530][gc,heap     ] GC(873) Archive regions: 2->2
[2025-03-28T20:24:52.499+0530][gc,heap     ] GC(873) Humongous regions: 147->147
[2025-03-28T20:24:52.499+0530][gc,metaspace] GC(873) Metaspace: 54422K(55168K)->54422K(55168K) NonClass: 48313K(48704K)->48313K(48704K) Class: 6108K(6464K)->6108K(6464K)
[2025-03-28T20:24:52.499+0530][gc          ] GC(873) Pause Young (Mixed) (G1 Evacuation Pause) 253M->204M(1024M) 8.012ms
[2025-03-28T20:24:52.499+0530][gc,cpu      ] GC(873) User=0.02s Sys=0.00s Real=0.01s
[2025-03-28T20:24:52.559+0530][gc,start    ] GC(874) Pause Young (Concurrent Start) (G1 Humongous Allocation)
[2025-03-28T20:24:52.559+0530][gc,task     ] GC(874) Using 2 workers of 2 for evacuation
[2025-03-28T20:24:52.566+0530][gc,phases   ] GC(874)   Pre Evacuate Collection Set: 0.2ms
[2025-03-28T20:24:52.566+0530][gc,phases   ] GC(874)   Merge Heap Roots: 0.1ms
[2025-03-28T20:24:52.566+0530][gc,phases   ] GC(874)   Evacuate Collection Set: 5.4ms
[2025-03-28T20:24:52.566+0530][gc,phases   ] GC(874)   Post Evacuate Collection Set: 0.8ms
[2025-03-28T20:24:52.566+0530][gc,phases   ] GC(874)   Other: 0.2ms
[2025-03-28T20:24:52.566+0530][gc,heap     ] GC(874) Eden regions: 21->0(168)
[2025-03-28T20:24:52.566+0530][gc,heap     ] GC(874) Survivor regions: 6->2(10)
[2025-03-28T20:24:52.566+0530][gc,heap     ] GC(874) Old regions: 51->53
[2025-03-28T20:24:52.566+0530][gc,heap     ] GC(874) Archive regions: 2->2
[2025-03-28T20:24:52.566+0530][gc,heap     ] GC(874) Humongous regions: 147->147
[2025-03-28T20:24:52.566+0530][gc,metaspace] GC(874) Metaspace: 54422K(55168K)->54422K(55168K) NonClass: 48313K(48704K)->48313K(48704K) Class: 6108K(6464K)->6108K(6464K)
[2025-03-28T20:24:52.566+0530][gc          ] GC(874) Pause Young (Concurrent Start) (G1 Humongous Allocation) 225M->201M(1024M) 6.795ms
[2025-03-28T20:24:52.566+0530][gc,cpu      ] GC(874) User=0.01s Sys=0.00s Real=0.01s
[2025-03-28T20:24:52.566+0530][gc          ] GC(875) Concurrent Mark Cycle
[2025-03-28T20:24:52.566+0530][gc,marking  ] GC(875) Concurrent Clear Claimed Marks
[2025-03-28T20:24:52.566+0530][gc,marking  ] GC(875) Concurrent Clear Claimed Marks 0.079ms
[2025-03-28T20:24:52.566+0530][gc,marking  ] GC(875) Concurrent Scan Root Regions
[2025-03-28T20:24:52.569+0530][gc,marking  ] GC(875) Concurrent Scan Root Regions 2.907ms
[2025-03-28T20:24:52.569+0530][gc,marking  ] GC(875) Concurrent Mark
[2025-03-28T20:24:52.569+0530][gc,marking  ] GC(875) Concurrent Mark From Roots
[2025-03-28T20:24:52.569+0530][gc,task     ] GC(875) Using 1 workers of 1 for marking
[2025-03-28T20:24:52.634+0530][gc,marking  ] GC(875) Concurrent Mark From Roots 64.460ms
[2025-03-28T20:24:52.634+0530][gc,marking  ] GC(875) Concurrent Preclean
[2025-03-28T20:24:52.634+0530][gc,marking  ] GC(875) Concurrent Preclean 0.248ms
[2025-03-28T20:24:52.635+0530][gc,start    ] GC(875) Pause Remark
[2025-03-28T20:24:52.653+0530][gc          ] GC(875) Pause Remark 243M->243M(1024M) 18.136ms
[2025-03-28T20:24:52.653+0530][gc,cpu      ] GC(875) User=0.03s Sys=0.00s Real=0.02s
[2025-03-28T20:24:52.653+0530][gc,marking  ] GC(875) Concurrent Mark 83.752ms
[2025-03-28T20:24:52.653+0530][gc,marking  ] GC(875) Concurrent Rebuild Remembered Sets
[2025-03-28T20:24:52.695+0530][gc,marking  ] GC(875) Concurrent Rebuild Remembered Sets 41.473ms
[2025-03-28T20:24:52.695+0530][gc,start    ] GC(875) Pause Cleanup
[2025-03-28T20:24:52.695+0530][gc          ] GC(875) Pause Cleanup 244M->244M(1024M) 0.217ms
[2025-03-28T20:24:52.695+0530][gc,cpu      ] GC(875) User=0.00s Sys=0.00s Real=0.00s
[2025-03-28T20:24:52.695+0530][gc,marking  ] GC(875) Concurrent Cleanup for Next Mark
[2025-03-28T20:24:52.697+0530][gc,marking  ] GC(875) Concurrent Cleanup for Next Mark 1.797ms
[2025-03-28T20:24:52.697+0530][gc          ] GC(875) Concurrent Mark Cycle 130.796ms
[2025-03-28T20:25:02.440+0530][gc,start    ] GC(876) Pause Young (Prepare Mixed) (G1 Evacuation Pause)
[2025-03-28T20:25:02.440+0530][gc,task     ] GC(876) Using 2 workers of 2 for evacuation
[2025-03-28T20:25:02.455+0530][gc,phases   ] GC(876)   Pre Evacuate Collection Set: 0.2ms
[2025-03-28T20:25:02.455+0530][gc,phases   ] GC(876)   Merge Heap Roots: 0.2ms
[2025-03-28T20:25:02.455+0530][gc,phases   ] GC(876)   Evacuate Collection Set: 13.4ms
[2025-03-28T20:25:02.455+0530][gc,phases   ] GC(876)   Post Evacuate Collection Set: 0.8ms
[2025-03-28T20:25:02.455+0530][gc,phases   ] GC(876)   Other: 0.1ms
[2025-03-28T20:25:02.455+0530][gc,heap     ] GC(876) Eden regions: 168->0(41)
[2025-03-28T20:25:02.455+0530][gc,heap     ] GC(876) Survivor regions: 2->10(22)
[2025-03-28T20:25:02.455+0530][gc,heap     ] GC(876) Old regions: 53->53
[2025-03-28T20:25:02.455+0530][gc,heap     ] GC(876) Archive regions: 2->2
[2025-03-28T20:25:02.455+0530][gc,heap     ] GC(876) Humongous regions: 151->147
[2025-03-28T20:25:02.455+0530][gc,metaspace] GC(876) Metaspace: 54426K(55168K)->54426K(55168K) NonClass: 48317K(48704K)->48317K(48704K) Class: 6108K(6464K)->6108K(6464K)
[2025-03-28T20:25:02.455+0530][gc          ] GC(876) Pause Young (Prepare Mixed) (G1 Evacuation Pause) 373M->209M(1024M) 14.832ms
[2025-03-28T20:25:02.455+0530][gc,cpu      ] GC(876) User=0.02s Sys=0.01s Real=0.02s
[2025-03-28T20:25:02.499+0530][gc,start    ] GC(877) Pause Young (Mixed) (G1 Evacuation Pause)
[2025-03-28T20:25:02.499+0530][gc,task     ] GC(877) Using 2 workers of 2 for evacuation
[2025-03-28T20:25:02.513+0530][gc,phases   ] GC(877)   Pre Evacuate Collection Set: 0.1ms
[2025-03-28T20:25:02.513+0530][gc,phases   ] GC(877)   Merge Heap Roots: 0.1ms
[2025-03-28T20:25:02.513+0530][gc,phases   ] GC(877)   Evacuate Collection Set: 12.1ms
[2025-03-28T20:25:02.513+0530][gc,phases   ] GC(877)   Post Evacuate Collection Set: 0.6ms
[2025-03-28T20:25:02.513+0530][gc,phases   ] GC(877)   Other: 0.2ms
[2025-03-28T20:25:02.513+0530][gc,heap     ] GC(877) Eden regions: 41->0(114)
[2025-03-28T20:25:02.513+0530][gc,heap     ] GC(877) Survivor regions: 10->5(7)
[2025-03-28T20:25:02.513+0530][gc,heap     ] GC(877) Old regions: 53->58
[2025-03-28T20:25:02.513+0530][gc,heap     ] GC(877) Archive regions: 2->2
[2025-03-28T20:25:02.513+0530][gc,heap     ] GC(877) Humongous regions: 147->147
[2025-03-28T20:25:02.513+0530][gc,metaspace] GC(877) Metaspace: 54426K(55168K)->54426K(55168K) NonClass: 48317K(48704K)->48317K(48704K) Class: 6108K(6464K)->6108K(6464K)
[2025-03-28T20:25:02.513+0530][gc          ] GC(877) Pause Young (Mixed) (G1 Evacuation Pause) 250M->210M(1024M) 13.255ms
[2025-03-28T20:25:02.513+0530][gc,cpu      ] GC(877) User=0.02s Sys=0.00s Real=0.01s
[2025-03-28T20:25:02.567+0530][gc,start    ] GC(878) Pause Young (Concurrent Start) (G1 Humongous Allocation)
[2025-03-28T20:25:02.567+0530][gc,task     ] GC(878) Using 2 workers of 2 for evacuation
[2025-03-28T20:25:02.573+0530][gc,phases   ] GC(878)   Pre Evacuate Collection Set: 0.2ms
[2025-03-28T20:25:02.573+0530][gc,phases   ] GC(878)   Merge Heap Roots: 0.1ms
[2025-03-28T20:25:02.573+0530][gc,phases   ] GC(878)   Evacuate Collection Set: 5.8ms
[2025-03-28T20:25:02.573+0530][gc,phases   ] GC(878)   Post Evacuate Collection Set: 0.5ms
[2025-03-28T20:25:02.574+0530][gc,phases   ] GC(878)   Other: 0.2ms
[2025-03-28T20:25:02.574+0530][gc,heap     ] GC(878) Eden regions: 18->0(51)
[2025-03-28T20:25:02.574+0530][gc,heap     ] GC(878) Survivor regions: 5->7(15)
[2025-03-28T20:25:02.574+0530][gc,heap     ] GC(878) Old regions: 58->58
[2025-03-28T20:25:02.574+0530][gc,heap     ] GC(878) Archive regions: 2->2
[2025-03-28T20:25:02.574+0530][gc,heap     ] GC(878) Humongous regions: 147->147
[2025-03-28T20:25:02.574+0530][gc,metaspace] GC(878) Metaspace: 54426K(55168K)->54426K(55168K) NonClass: 48317K(48704K)->48317K(48704K) Class: 6108K(6464K)->6108K(6464K)
[2025-03-28T20:25:02.574+0530][gc          ] GC(878) Pause Young (Concurrent Start) (G1 Humongous Allocation) 228M->212M(1024M) 6.887ms
[2025-03-28T20:25:02.574+0530][gc,cpu      ] GC(878) User=0.01s Sys=0.00s Real=0.00s
[2025-03-28T20:25:02.574+0530][gc          ] GC(879) Concurrent Mark Cycle
[2025-03-28T20:25:02.574+0530][gc,marking  ] GC(879) Concurrent Clear Claimed Marks
[2025-03-28T20:25:02.574+0530][gc,marking  ] GC(879) Concurrent Clear Claimed Marks 0.100ms
[2025-03-28T20:25:02.574+0530][gc,marking  ] GC(879) Concurrent Scan Root Regions
[2025-03-28T20:25:02.579+0530][gc,marking  ] GC(879) Concurrent Scan Root Regions 5.004ms
[2025-03-28T20:25:02.579+0530][gc,marking  ] GC(879) Concurrent Mark
[2025-03-28T20:25:02.579+0530][gc,marking  ] GC(879) Concurrent Mark From Roots
[2025-03-28T20:25:02.579+0530][gc,task     ] GC(879) Using 1 workers of 1 for marking
[2025-03-28T20:25:02.681+0530][gc,marking  ] GC(879) Concurrent Mark From Roots 101.842ms
[2025-03-28T20:25:02.681+0530][gc,marking  ] GC(879) Concurrent Preclean
[2025-03-28T20:25:02.681+0530][gc,marking  ] GC(879) Concurrent Preclean 0.120ms
[2025-03-28T20:25:02.681+0530][gc,start    ] GC(879) Pause Remark
[2025-03-28T20:25:02.694+0530][gc          ] GC(879) Pause Remark 254M->254M(1024M) 13.025ms
[2025-03-28T20:25:02.694+0530][gc,cpu      ] GC(879) User=0.03s Sys=0.00s Real=0.01s
[2025-03-28T20:25:02.694+0530][gc,marking  ] GC(879) Concurrent Mark 115.257ms
[2025-03-28T20:25:02.694+0530][gc,marking  ] GC(879) Concurrent Rebuild Remembered Sets
[2025-03-28T20:25:02.727+0530][gc,marking  ] GC(879) Concurrent Rebuild Remembered Sets 32.615ms
[2025-03-28T20:25:02.727+0530][gc,start    ] GC(879) Pause Cleanup
[2025-03-28T20:25:02.727+0530][gc          ] GC(879) Pause Cleanup 254M->254M(1024M) 0.273ms
[2025-03-28T20:25:02.727+0530][gc,cpu      ] GC(879) User=0.00s Sys=0.00s Real=0.00s
[2025-03-28T20:25:02.727+0530][gc,marking  ] GC(879) Concurrent Cleanup for Next Mark
[2025-03-28T20:25:02.729+0530][gc,marking  ] GC(879) Concurrent Cleanup for Next Mark 1.567ms
[2025-03-28T20:25:02.729+0530][gc          ] GC(879) Concurrent Mark Cycle 155.375ms
[2025-03-28T20:25:09.566+0530][gc,start    ] GC(880) Pause Young (Prepare Mixed) (G1 Evacuation Pause)
[2025-03-28T20:25:09.566+0530][gc,task     ] GC(880) Using 2 workers of 2 for evacuation
[2025-03-28T20:25:09.571+0530][gc,phases   ] GC(880)   Pre Evacuate Collection Set: 0.4ms
[2025-03-28T20:25:09.571+0530][gc,phases   ] GC(880)   Merge Heap Roots: 0.2ms
[2025-03-28T20:25:09.571+0530][gc,phases   ] GC(880)   Evacuate Collection Set: 3.8ms
[2025-03-28T20:25:09.571+0530][gc,phases   ] GC(880)   Post Evacuate Collection Set: 0.6ms
[2025-03-28T20:25:09.571+0530][gc,phases   ] GC(880)   Other: 0.3ms
[2025-03-28T20:25:09.571+0530][gc,heap     ] GC(880) Eden regions: 51->0(49)
[2025-03-28T20:25:09.571+0530][gc,heap     ] GC(880) Survivor regions: 7->2(8)
[2025-03-28T20:25:09.571+0530][gc,heap     ] GC(880) Old regions: 58->59
[2025-03-28T20:25:09.571+0530][gc,heap     ] GC(880) Archive regions: 2->2
[2025-03-28T20:25:09.571+0530][gc,heap     ] GC(880) Humongous regions: 149->147
[2025-03-28T20:25:09.571+0530][gc,metaspace] GC(880) Metaspace: 54427K(55168K)->54427K(55168K) NonClass: 48318K(48704K)->48318K(48704K) Class: 6108K(6464K)->6108K(6464K)
[2025-03-28T20:25:09.571+0530][gc          ] GC(880) Pause Young (Prepare Mixed) (G1 Evacuation Pause) 265M->207M(1024M) 5.296ms
[2025-03-28T20:25:09.571+0530][gc,cpu      ] GC(880) User=0.01s Sys=0.00s Real=0.00s
[2025-03-28T20:25:09.685+0530][gc,start    ] GC(881) Pause Young (Mixed) (G1 Evacuation Pause)
[2025-03-28T20:25:09.685+0530][gc,task     ] GC(881) Using 2 workers of 2 for evacuation
[2025-03-28T20:25:09.696+0530][gc,phases   ] GC(881)   Pre Evacuate Collection Set: 0.2ms
[2025-03-28T20:25:09.696+0530][gc,phases   ] GC(881)   Merge Heap Roots: 0.1ms
[2025-03-28T20:25:09.696+0530][gc,phases   ] GC(881)   Evacuate Collection Set: 9.4ms
[2025-03-28T20:25:09.696+0530][gc,phases   ] GC(881)   Post Evacuate Collection Set: 0.8ms
[2025-03-28T20:25:09.696+0530][gc,phases   ] GC(881)   Other: 0.2ms
[2025-03-28T20:25:09.696+0530][gc,heap     ] GC(881) Eden regions: 49->0(149)
[2025-03-28T20:25:09.696+0530][gc,heap     ] GC(881) Survivor regions: 2->7(7)
[2025-03-28T20:25:09.696+0530][gc,heap     ] GC(881) Old regions: 59->55
[2025-03-28T20:25:09.696+0530][gc,heap     ] GC(881) Archive regions: 2->2
[2025-03-28T20:25:09.696+0530][gc,heap     ] GC(881) Humongous regions: 147->147
[2025-03-28T20:25:09.696+0530][gc,metaspace] GC(881) Metaspace: 54427K(55168K)->54427K(55168K) NonClass: 48318K(48704K)->48318K(48704K) Class: 6108K(6464K)->6108K(6464K)
[2025-03-28T20:25:09.696+0530][gc          ] GC(881) Pause Young (Mixed) (G1 Evacuation Pause) 256M->209M(1024M) 10.808ms
[2025-03-28T20:25:09.696+0530][gc,cpu      ] GC(881) User=0.02s Sys=0.00s Real=0.00s
[2025-03-28T20:25:09.782+0530][gc,start    ] GC(882) Pause Young (Concurrent Start) (G1 Humongous Allocation)
[2025-03-28T20:25:09.782+0530][gc,task     ] GC(882) Using 2 workers of 2 for evacuation
[2025-03-28T20:25:09.809+0530][gc,mmu      ] GC(882) MMU target violated: 21.0ms (20.0ms/21.0ms)
[2025-03-28T20:25:09.810+0530][gc,phases   ] GC(882)   Pre Evacuate Collection Set: 0.3ms
[2025-03-28T20:25:09.810+0530][gc,phases   ] GC(882)   Merge Heap Roots: 0.1ms
[2025-03-28T20:25:09.810+0530][gc,phases   ] GC(882)   Evacuate Collection Set: 26.6ms
[2025-03-28T20:25:09.810+0530][gc,phases   ] GC(882)   Post Evacuate Collection Set: 0.7ms
[2025-03-28T20:25:09.810+0530][gc,phases   ] GC(882)   Other: 0.2ms
[2025-03-28T20:25:09.810+0530][gc,heap     ] GC(882) Eden regions: 15->0(42)
[2025-03-28T20:25:09.810+0530][gc,heap     ] GC(882) Survivor regions: 7->9(20)
[2025-03-28T20:25:09.810+0530][gc,heap     ] GC(882) Old regions: 55->55
[2025-03-28T20:25:09.810+0530][gc,heap     ] GC(882) Archive regions: 2->2
[2025-03-28T20:25:09.810+0530][gc,heap     ] GC(882) Humongous regions: 147->147
[2025-03-28T20:25:09.810+0530][gc,metaspace] GC(882) Metaspace: 54427K(55168K)->54427K(55168K) NonClass: 48318K(48704K)->48318K(48704K) Class: 6108K(6464K)->6108K(6464K)
[2025-03-28T20:25:09.810+0530][gc          ] GC(882) Pause Young (Concurrent Start) (G1 Humongous Allocation) 224M->210M(1024M) 27.940ms
[2025-03-28T20:25:09.810+0530][gc,cpu      ] GC(882) User=0.02s Sys=0.00s Real=0.03s
[2025-03-28T20:25:09.810+0530][gc          ] GC(883) Concurrent Mark Cycle
[2025-03-28T20:25:09.810+0530][gc,marking  ] GC(883) Concurrent Clear Claimed Marks
[2025-03-28T20:25:09.810+0530][gc,marking  ] GC(883) Concurrent Clear Claimed Marks 0.084ms
[2025-03-28T20:25:09.810+0530][gc,marking  ] GC(883) Concurrent Scan Root Regions
[2025-03-28T20:25:09.816+0530][gc,marking  ] GC(883) Concurrent Scan Root Regions 6.119ms
[2025-03-28T20:25:09.816+0530][gc,marking  ] GC(883) Concurrent Mark
[2025-03-28T20:25:09.816+0530][gc,marking  ] GC(883) Concurrent Mark From Roots
[2025-03-28T20:25:09.816+0530][gc,task     ] GC(883) Using 1 workers of 1 for marking
[2025-03-28T20:25:09.912+0530][gc,marking  ] GC(883) Concurrent Mark From Roots 95.645ms
[2025-03-28T20:25:09.912+0530][gc,marking  ] GC(883) Concurrent Preclean
[2025-03-28T20:25:09.912+0530][gc,marking  ] GC(883) Concurrent Preclean 0.122ms
[2025-03-28T20:25:09.912+0530][gc,start    ] GC(883) Pause Remark
[2025-03-28T20:25:09.952+0530][gc,mmu      ] GC(883) MMU target violated: 21.0ms (20.0ms/21.0ms)
[2025-03-28T20:25:09.952+0530][gc          ] GC(883) Pause Remark 252M->250M(1024M) 40.242ms
[2025-03-28T20:25:09.952+0530][gc,cpu      ] GC(883) User=0.02s Sys=0.01s Real=0.04s
[2025-03-28T20:25:09.952+0530][gc,marking  ] GC(883) Concurrent Mark 136.236ms
[2025-03-28T20:25:09.952+0530][gc,marking  ] GC(883) Concurrent Rebuild Remembered Sets
[2025-03-28T20:25:09.986+0530][gc,marking  ] GC(883) Concurrent Rebuild Remembered Sets 33.963ms
[2025-03-28T20:25:09.986+0530][gc,start    ] GC(883) Pause Cleanup
[2025-03-28T20:25:09.987+0530][gc          ] GC(883) Pause Cleanup 250M->250M(1024M) 0.148ms
[2025-03-28T20:25:09.987+0530][gc,cpu      ] GC(883) User=0.00s Sys=0.00s Real=0.00s
[2025-03-28T20:25:09.987+0530][gc,marking  ] GC(883) Concurrent Cleanup for Next Mark
[2025-03-28T20:25:09.988+0530][gc,marking  ] GC(883) Concurrent Cleanup for Next Mark 1.502ms
[2025-03-28T20:25:09.988+0530][gc          ] GC(883) Concurrent Mark Cycle 178.302ms
[2025-03-28T20:25:12.432+0530][gc,start    ] GC(884) Pause Young (Prepare Mixed) (G1 Evacuation Pause)
[2025-03-28T20:25:12.432+0530][gc,task     ] GC(884) Using 2 workers of 2 for evacuation
[2025-03-28T20:25:12.439+0530][gc,phases   ] GC(884)   Pre Evacuate Collection Set: 0.2ms
[2025-03-28T20:25:12.440+0530][gc,phases   ] GC(884)   Merge Heap Roots: 0.2ms
[2025-03-28T20:25:12.440+0530][gc,phases   ] GC(884)   Evacuate Collection Set: 6.6ms
[2025-03-28T20:25:12.440+0530][gc,phases   ] GC(884)   Post Evacuate Collection Set: 0.5ms
[2025-03-28T20:25:12.440+0530][gc,phases   ] GC(884)   Other: 0.1ms
[2025-03-28T20:25:12.440+0530][gc,heap     ] GC(884) Eden regions: 42->0(50)
[2025-03-28T20:25:12.440+0530][gc,heap     ] GC(884) Survivor regions: 9->1(7)
[2025-03-28T20:25:12.440+0530][gc,heap     ] GC(884) Old regions: 53->54
[2025-03-28T20:25:12.440+0530][gc,heap     ] GC(884) Archive regions: 2->2
[2025-03-28T20:25:12.440+0530][gc,heap     ] GC(884) Humongous regions: 149->147
[2025-03-28T20:25:12.440+0530][gc,metaspace] GC(884) Metaspace: 54427K(55168K)->54427K(55168K) NonClass: 48319K(48704K)->48319K(48704K) Class: 6108K(6464K)->6108K(6464K)
[2025-03-28T20:25:12.440+0530][gc          ] GC(884) Pause Young (Prepare Mixed) (G1 Evacuation Pause) 252M->202M(1024M) 7.767ms
[2025-03-28T20:25:12.440+0530][gc,cpu      ] GC(884) User=0.01s Sys=0.00s Real=0.01s
[2025-03-28T20:25:12.491+0530][gc,start    ] GC(885) Pause Young (Mixed) (G1 Evacuation Pause)
[2025-03-28T20:25:12.491+0530][gc,task     ] GC(885) Using 2 workers of 2 for evacuation
[2025-03-28T20:25:12.501+0530][gc,phases   ] GC(885)   Pre Evacuate Collection Set: 0.2ms
[2025-03-28T20:25:12.501+0530][gc,phases   ] GC(885)   Merge Heap Roots: 0.1ms
[2025-03-28T20:25:12.501+0530][gc,phases   ] GC(885)   Evacuate Collection Set: 9.3ms
[2025-03-28T20:25:12.501+0530][gc,phases   ] GC(885)   Post Evacuate Collection Set: 0.6ms
[2025-03-28T20:25:12.501+0530][gc,phases   ] GC(885)   Other: 0.2ms
[2025-03-28T20:25:12.501+0530][gc,heap     ] GC(885) Eden regions: 50->0(58)
[2025-03-28T20:25:12.501+0530][gc,heap     ] GC(885) Survivor regions: 1->6(7)
[2025-03-28T20:25:12.501+0530][gc,heap     ] GC(885) Old regions: 54->50
[2025-03-28T20:25:12.501+0530][gc,heap     ] GC(885) Archive regions: 2->2
[2025-03-28T20:25:12.501+0530][gc,heap     ] GC(885) Humongous regions: 147->147
[2025-03-28T20:25:12.501+0530][gc,metaspace] GC(885) Metaspace: 54427K(55168K)->54427K(55168K) NonClass: 48319K(48704K)->48319K(48704K) Class: 6108K(6464K)->6108K(6464K)
[2025-03-28T20:25:12.501+0530][gc          ] GC(885) Pause Young (Mixed) (G1 Evacuation Pause) 252M->203M(1024M) 10.546ms
[2025-03-28T20:25:12.501+0530][gc,cpu      ] GC(885) User=0.02s Sys=0.00s Real=0.01s
[2025-03-28T20:25:12.561+0530][gc,start    ] GC(886) Pause Young (Concurrent Start) (G1 Humongous Allocation)
[2025-03-28T20:25:12.561+0530][gc,task     ] GC(886) Using 2 workers of 2 for evacuation
[2025-03-28T20:25:12.568+0530][gc,phases   ] GC(886)   Pre Evacuate Collection Set: 0.3ms
[2025-03-28T20:25:12.568+0530][gc,phases   ] GC(886)   Merge Heap Roots: 0.1ms
[2025-03-28T20:25:12.568+0530][gc,phases   ] GC(886)   Evacuate Collection Set: 5.7ms
[2025-03-28T20:25:12.568+0530][gc,phases   ] GC(886)   Post Evacuate Collection Set: 0.6ms
[2025-03-28T20:25:12.568+0530][gc,phases   ] GC(886)   Other: 0.2ms
[2025-03-28T20:25:12.568+0530][gc,heap     ] GC(886) Eden regions: 21->0(132)
[2025-03-28T20:25:12.568+0530][gc,heap     ] GC(886) Survivor regions: 6->2(8)
[2025-03-28T20:25:12.568+0530][gc,heap     ] GC(886) Old regions: 50->51
[2025-03-28T20:25:12.568+0530][gc,heap     ] GC(886) Archive regions: 2->2
[2025-03-28T20:25:12.568+0530][gc,heap     ] GC(886) Humongous regions: 147->147
[2025-03-28T20:25:12.568+0530][gc,metaspace] GC(886) Metaspace: 54427K(55168K)->54427K(55168K) NonClass: 48319K(48704K)->48319K(48704K) Class: 6108K(6464K)->6108K(6464K)
[2025-03-28T20:25:12.568+0530][gc          ] GC(886) Pause Young (Concurrent Start) (G1 Humongous Allocation) 223M->200M(1024M) 7.005ms
[2025-03-28T20:25:12.568+0530][gc,cpu      ] GC(886) User=0.01s Sys=0.00s Real=0.01s
[2025-03-28T20:25:12.568+0530][gc          ] GC(887) Concurrent Mark Cycle
[2025-03-28T20:25:12.568+0530][gc,marking  ] GC(887) Concurrent Clear Claimed Marks
[2025-03-28T20:25:12.569+0530][gc,marking  ] GC(887) Concurrent Clear Claimed Marks 0.140ms
[2025-03-28T20:25:12.569+0530][gc,marking  ] GC(887) Concurrent Scan Root Regions
[2025-03-28T20:25:12.574+0530][gc,marking  ] GC(887) Concurrent Scan Root Regions 4.889ms
[2025-03-28T20:25:12.574+0530][gc,marking  ] GC(887) Concurrent Mark
[2025-03-28T20:25:12.574+0530][gc,marking  ] GC(887) Concurrent Mark From Roots
[2025-03-28T20:25:12.574+0530][gc,task     ] GC(887) Using 1 workers of 1 for marking
[2025-03-28T20:25:12.635+0530][gc,marking  ] GC(887) Concurrent Mark From Roots 60.945ms
[2025-03-28T20:25:12.635+0530][gc,marking  ] GC(887) Concurrent Preclean
[2025-03-28T20:25:12.635+0530][gc,marking  ] GC(887) Concurrent Preclean 0.131ms
[2025-03-28T20:25:12.635+0530][gc,start    ] GC(887) Pause Remark
[2025-03-28T20:25:12.649+0530][gc          ] GC(887) Pause Remark 242M->241M(1024M) 14.270ms
[2025-03-28T20:25:12.649+0530][gc,cpu      ] GC(887) User=0.03s Sys=0.01s Real=0.02s
[2025-03-28T20:25:12.650+0530][gc,marking  ] GC(887) Concurrent Mark 76.167ms
[2025-03-28T20:25:12.650+0530][gc,marking  ] GC(887) Concurrent Rebuild Remembered Sets
[2025-03-28T20:25:12.685+0530][gc,marking  ] GC(887) Concurrent Rebuild Remembered Sets 35.636ms
[2025-03-28T20:25:12.685+0530][gc,start    ] GC(887) Pause Cleanup
[2025-03-28T20:25:12.686+0530][gc          ] GC(887) Pause Cleanup 241M->241M(1024M) 0.215ms
[2025-03-28T20:25:12.686+0530][gc,cpu      ] GC(887) User=0.00s Sys=0.00s Real=0.01s
[2025-03-28T20:25:12.686+0530][gc,marking  ] GC(887) Concurrent Cleanup for Next Mark
[2025-03-28T20:25:12.687+0530][gc,marking  ] GC(887) Concurrent Cleanup for Next Mark 1.616ms
[2025-03-28T20:25:12.687+0530][gc          ] GC(887) Concurrent Mark Cycle 118.930ms
[2025-03-28T20:25:19.860+0530][gc,start    ] GC(888) Pause Young (Prepare Mixed) (G1 Evacuation Pause)
[2025-03-28T20:25:19.860+0530][gc,task     ] GC(888) Using 2 workers of 2 for evacuation
[2025-03-28T20:25:19.870+0530][gc,phases   ] GC(888)   Pre Evacuate Collection Set: 0.2ms
[2025-03-28T20:25:19.870+0530][gc,phases   ] GC(888)   Merge Heap Roots: 0.1ms
[2025-03-28T20:25:19.870+0530][gc,phases   ] GC(888)   Evacuate Collection Set: 9.4ms
[2025-03-28T20:25:19.870+0530][gc,phases   ] GC(888)   Post Evacuate Collection Set: 0.7ms
[2025-03-28T20:25:19.870+0530][gc,phases   ] GC(888)   Other: 0.1ms
[2025-03-28T20:25:19.870+0530][gc,heap     ] GC(888) Eden regions: 132->0(42)
[2025-03-28T20:25:19.870+0530][gc,heap     ] GC(888) Survivor regions: 2->9(17)
[2025-03-28T20:25:19.870+0530][gc,heap     ] GC(888) Old regions: 50->50
[2025-03-28T20:25:19.870+0530][gc,heap     ] GC(888) Archive regions: 2->2
[2025-03-28T20:25:19.870+0530][gc,heap     ] GC(888) Humongous regions: 151->149
[2025-03-28T20:25:19.870+0530][gc,metaspace] GC(888) Metaspace: 54427K(55168K)->54427K(55168K) NonClass: 48319K(48704K)->48319K(48704K) Class: 6108K(6464K)->6108K(6464K)
[2025-03-28T20:25:19.870+0530][gc          ] GC(888) Pause Young (Prepare Mixed) (G1 Evacuation Pause) 335M->208M(1024M) 10.709ms
[2025-03-28T20:25:19.870+0530][gc,cpu      ] GC(888) User=0.02s Sys=0.00s Real=0.01s
[2025-03-28T20:25:22.468+0530][gc,start    ] GC(889) Pause Young (Mixed) (G1 Evacuation Pause)
[2025-03-28T20:25:22.468+0530][gc,task     ] GC(889) Using 2 workers of 2 for evacuation
[2025-03-28T20:25:22.488+0530][gc,mmu      ] GC(889) MMU target violated: 20.2ms (20.0ms/21.0ms)
[2025-03-28T20:25:22.488+0530][gc,phases   ] GC(889)   Pre Evacuate Collection Set: 0.2ms
[2025-03-28T20:25:22.488+0530][gc,phases   ] GC(889)   Merge Heap Roots: 0.1ms
[2025-03-28T20:25:22.488+0530][gc,phases   ] GC(889)   Evacuate Collection Set: 19.2ms
[2025-03-28T20:25:22.488+0530][gc,phases   ] GC(889)   Post Evacuate Collection Set: 0.7ms
[2025-03-28T20:25:22.488+0530][gc,phases   ] GC(889)   Other: 0.3ms
[2025-03-28T20:25:22.488+0530][gc,heap     ] GC(889) Eden regions: 42->0(125)
[2025-03-28T20:25:22.488+0530][gc,heap     ] GC(889) Survivor regions: 9->3(7)
[2025-03-28T20:25:22.488+0530][gc,heap     ] GC(889) Old regions: 50->56
[2025-03-28T20:25:22.488+0530][gc,heap     ] GC(889) Archive regions: 2->2
[2025-03-28T20:25:22.488+0530][gc,heap     ] GC(889) Humongous regions: 149->147
[2025-03-28T20:25:22.488+0530][gc,metaspace] GC(889) Metaspace: 54428K(55168K)->54428K(55168K) NonClass: 48320K(48704K)->48320K(48704K) Class: 6108K(6464K)->6108K(6464K)
[2025-03-28T20:25:22.488+0530][gc          ] GC(889) Pause Young (Mixed) (G1 Evacuation Pause) 250M->206M(1024M) 20.600ms
[2025-03-28T20:25:22.488+0530][gc,cpu      ] GC(889) User=0.03s Sys=0.01s Real=0.03s
[2025-03-28T20:25:22.585+0530][gc,start    ] GC(890) Pause Young (Concurrent Start) (G1 Humongous Allocation)
[2025-03-28T20:25:22.585+0530][gc,task     ] GC(890) Using 2 workers of 2 for evacuation
[2025-03-28T20:25:22.592+0530][gc,phases   ] GC(890)   Pre Evacuate Collection Set: 0.4ms
[2025-03-28T20:25:22.592+0530][gc,phases   ] GC(890)   Merge Heap Roots: 0.1ms
[2025-03-28T20:25:22.592+0530][gc,phases   ] GC(890)   Evacuate Collection Set: 5.6ms
[2025-03-28T20:25:22.592+0530][gc,phases   ] GC(890)   Post Evacuate Collection Set: 0.8ms
[2025-03-28T20:25:22.592+0530][gc,phases   ] GC(890)   Other: 0.2ms
[2025-03-28T20:25:22.592+0530][gc,heap     ] GC(890) Eden regions: 54->0(147)
[2025-03-28T20:25:22.592+0530][gc,heap     ] GC(890) Survivor regions: 3->3(16)
[2025-03-28T20:25:22.592+0530][gc,heap     ] GC(890) Old regions: 56->56
[2025-03-28T20:25:22.592+0530][gc,heap     ] GC(890) Archive regions: 2->2
[2025-03-28T20:25:22.592+0530][gc,heap     ] GC(890) Humongous regions: 147->147
[2025-03-28T20:25:22.592+0530][gc,metaspace] GC(890) Metaspace: 54428K(55168K)->54428K(55168K) NonClass: 48320K(48704K)->48320K(48704K) Class: 6108K(6464K)->6108K(6464K)
[2025-03-28T20:25:22.592+0530][gc          ] GC(890) Pause Young (Concurrent Start) (G1 Humongous Allocation) 259M->205M(1024M) 7.262ms
[2025-03-28T20:25:22.592+0530][gc,cpu      ] GC(890) User=0.01s Sys=0.00s Real=0.01s
[2025-03-28T20:25:22.592+0530][gc          ] GC(891) Concurrent Mark Cycle
[2025-03-28T20:25:22.592+0530][gc,marking  ] GC(891) Concurrent Clear Claimed Marks
[2025-03-28T20:25:22.592+0530][gc,marking  ] GC(891) Concurrent Clear Claimed Marks 0.122ms
[2025-03-28T20:25:22.592+0530][gc,marking  ] GC(891) Concurrent Scan Root Regions
[2025-03-28T20:25:22.596+0530][gc,marking  ] GC(891) Concurrent Scan Root Regions 3.887ms
[2025-03-28T20:25:22.596+0530][gc,marking  ] GC(891) Concurrent Mark
[2025-03-28T20:25:22.596+0530][gc,marking  ] GC(891) Concurrent Mark From Roots
[2025-03-28T20:25:22.596+0530][gc,task     ] GC(891) Using 1 workers of 1 for marking
[2025-03-28T20:25:22.658+0530][gc,marking  ] GC(891) Concurrent Mark From Roots 61.420ms
[2025-03-28T20:25:22.658+0530][gc,marking  ] GC(891) Concurrent Preclean
[2025-03-28T20:25:22.658+0530][gc,marking  ] GC(891) Concurrent Preclean 0.120ms
[2025-03-28T20:25:22.658+0530][gc,start    ] GC(891) Pause Remark
[2025-03-28T20:25:22.673+0530][gc          ] GC(891) Pause Remark 247M->246M(1024M) 15.138ms
[2025-03-28T20:25:22.673+0530][gc,cpu      ] GC(891) User=0.03s Sys=0.01s Real=0.01s
[2025-03-28T20:25:22.673+0530][gc,marking  ] GC(891) Concurrent Mark 76.997ms
[2025-03-28T20:25:22.673+0530][gc,marking  ] GC(891) Concurrent Rebuild Remembered Sets
[2025-03-28T20:25:22.705+0530][gc,marking  ] GC(891) Concurrent Rebuild Remembered Sets 32.268ms
[2025-03-28T20:25:22.706+0530][gc,start    ] GC(891) Pause Cleanup
[2025-03-28T20:25:22.706+0530][gc          ] GC(891) Pause Cleanup 246M->246M(1024M) 0.286ms
[2025-03-28T20:25:22.706+0530][gc,cpu      ] GC(891) User=0.00s Sys=0.00s Real=0.00s
[2025-03-28T20:25:22.706+0530][gc,marking  ] GC(891) Concurrent Cleanup for Next Mark
[2025-03-28T20:25:22.708+0530][gc,marking  ] GC(891) Concurrent Cleanup for Next Mark 1.688ms
[2025-03-28T20:25:22.708+0530][gc          ] GC(891) Concurrent Mark Cycle 115.586ms
[2025-03-28T20:25:29.849+0530][gc,start    ] GC(892) Pause Young (Prepare Mixed) (G1 Evacuation Pause)
[2025-03-28T20:25:29.849+0530][gc,task     ] GC(892) Using 2 workers of 2 for evacuation
[2025-03-28T20:25:29.871+0530][gc,mmu      ] GC(892) MMU target violated: 21.0ms (20.0ms/21.0ms)
[2025-03-28T20:25:29.871+0530][gc,phases   ] GC(892)   Pre Evacuate Collection Set: 0.2ms
[2025-03-28T20:25:29.871+0530][gc,phases   ] GC(892)   Merge Heap Roots: 0.1ms
[2025-03-28T20:25:29.871+0530][gc,phases   ] GC(892)   Evacuate Collection Set: 20.9ms
[2025-03-28T20:25:29.871+0530][gc,phases   ] GC(892)   Post Evacuate Collection Set: 0.6ms
[2025-03-28T20:25:29.871+0530][gc,phases   ] GC(892)   Other: 0.2ms
[2025-03-28T20:25:29.871+0530][gc,heap     ] GC(892) Eden regions: 147->0(42)
[2025-03-28T20:25:29.871+0530][gc,heap     ] GC(892) Survivor regions: 3->9(19)
[2025-03-28T20:25:29.871+0530][gc,heap     ] GC(892) Old regions: 55->55
[2025-03-28T20:25:29.871+0530][gc,heap     ] GC(892) Archive regions: 2->2
[2025-03-28T20:25:29.871+0530][gc,heap     ] GC(892) Humongous regions: 151->149
[2025-03-28T20:25:29.871+0530][gc,metaspace] GC(892) Metaspace: 54428K(55168K)->54428K(55168K) NonClass: 48320K(48704K)->48320K(48704K) Class: 6108K(6464K)->6108K(6464K)
[2025-03-28T20:25:29.871+0530][gc          ] GC(892) Pause Young (Prepare Mixed) (G1 Evacuation Pause) 355M->212M(1024M) 21.983ms
[2025-03-28T20:25:29.871+0530][gc,cpu      ] GC(892) User=0.02s Sys=0.00s Real=0.02s
[2025-03-28T20:25:32.478+0530][gc,start    ] GC(893) Pause Young (Mixed) (G1 Evacuation Pause)
[2025-03-28T20:25:32.478+0530][gc,task     ] GC(893) Using 2 workers of 2 for evacuation
[2025-03-28T20:25:32.500+0530][gc,mmu      ] GC(893) MMU target violated: 21.0ms (20.0ms/21.0ms)
[2025-03-28T20:25:32.500+0530][gc,phases   ] GC(893)   Pre Evacuate Collection Set: 0.2ms
[2025-03-28T20:25:32.500+0530][gc,phases   ] GC(893)   Merge Heap Roots: 0.2ms
[2025-03-28T20:25:32.500+0530][gc,phases   ] GC(893)   Evacuate Collection Set: 20.8ms
[2025-03-28T20:25:32.500+0530][gc,phases   ] GC(893)   Post Evacuate Collection Set: 0.9ms
[2025-03-28T20:25:32.500+0530][gc,phases   ] GC(893)   Other: 0.3ms
[2025-03-28T20:25:32.500+0530][gc,heap     ] GC(893) Eden regions: 42->0(95)
[2025-03-28T20:25:32.500+0530][gc,heap     ] GC(893) Survivor regions: 9->4(7)
[2025-03-28T20:25:32.500+0530][gc,heap     ] GC(893) Old regions: 55->59
[2025-03-28T20:25:32.500+0530][gc,heap     ] GC(893) Archive regions: 2->2
[2025-03-28T20:25:32.500+0530][gc,heap     ] GC(893) Humongous regions: 149->147
[2025-03-28T20:25:32.500+0530][gc,metaspace] GC(893) Metaspace: 54428K(55168K)->54428K(55168K) NonClass: 48320K(48704K)->48320K(48704K) Class: 6108K(6464K)->6108K(6464K)
[2025-03-28T20:25:32.500+0530][gc          ] GC(893) Pause Young (Mixed) (G1 Evacuation Pause) 254M->210M(1024M) 22.467ms
[2025-03-28T20:25:32.500+0530][gc,cpu      ] GC(893) User=0.03s Sys=0.00s Real=0.03s
[2025-03-28T20:25:32.581+0530][gc,start    ] GC(894) Pause Young (Concurrent Start) (G1 Humongous Allocation)
[2025-03-28T20:25:32.581+0530][gc,task     ] GC(894) Using 2 workers of 2 for evacuation
[2025-03-28T20:25:32.589+0530][gc,phases   ] GC(894)   Pre Evacuate Collection Set: 0.4ms
[2025-03-28T20:25:32.589+0530][gc,phases   ] GC(894)   Merge Heap Roots: 0.2ms
[2025-03-28T20:25:32.589+0530][gc,phases   ] GC(894)   Evacuate Collection Set: 6.6ms
[2025-03-28T20:25:32.589+0530][gc,phases   ] GC(894)   Post Evacuate Collection Set: 0.4ms
[2025-03-28T20:25:32.589+0530][gc,phases   ] GC(894)   Other: 0.2ms
[2025-03-28T20:25:32.589+0530][gc,heap     ] GC(894) Eden regions: 39->0(156)
[2025-03-28T20:25:32.589+0530][gc,heap     ] GC(894) Survivor regions: 4->3(13)
[2025-03-28T20:25:32.589+0530][gc,heap     ] GC(894) Old regions: 59->59
[2025-03-28T20:25:32.589+0530][gc,heap     ] GC(894) Archive regions: 2->2
[2025-03-28T20:25:32.589+0530][gc,heap     ] GC(894) Humongous regions: 147->147
[2025-03-28T20:25:32.589+0530][gc,metaspace] GC(894) Metaspace: 54428K(55168K)->54428K(55168K) NonClass: 48320K(48704K)->48320K(48704K) Class: 6108K(6464K)->6108K(6464K)
[2025-03-28T20:25:32.589+0530][gc          ] GC(894) Pause Young (Concurrent Start) (G1 Humongous Allocation) 248M->209M(1024M) 7.925ms
[2025-03-28T20:25:32.589+0530][gc,cpu      ] GC(894) User=0.01s Sys=0.00s Real=0.01s
[2025-03-28T20:25:32.589+0530][gc          ] GC(895) Concurrent Mark Cycle
[2025-03-28T20:25:32.589+0530][gc,marking  ] GC(895) Concurrent Clear Claimed Marks
[2025-03-28T20:25:32.589+0530][gc,marking  ] GC(895) Concurrent Clear Claimed Marks 0.100ms
[2025-03-28T20:25:32.589+0530][gc,marking  ] GC(895) Concurrent Scan Root Regions
[2025-03-28T20:25:32.592+0530][gc,marking  ] GC(895) Concurrent Scan Root Regions 3.543ms
[2025-03-28T20:25:32.593+0530][gc,marking  ] GC(895) Concurrent Mark
[2025-03-28T20:25:32.593+0530][gc,marking  ] GC(895) Concurrent Mark From Roots
[2025-03-28T20:25:32.593+0530][gc,task     ] GC(895) Using 1 workers of 1 for marking
[2025-03-28T20:25:32.657+0530][gc,marking  ] GC(895) Concurrent Mark From Roots 64.827ms
[2025-03-28T20:25:32.657+0530][gc,marking  ] GC(895) Concurrent Preclean
[2025-03-28T20:25:32.658+0530][gc,marking  ] GC(895) Concurrent Preclean 0.120ms
[2025-03-28T20:25:32.658+0530][gc,start    ] GC(895) Pause Remark
[2025-03-28T20:25:32.674+0530][gc          ] GC(895) Pause Remark 251M->248M(1024M) 16.073ms
[2025-03-28T20:25:32.674+0530][gc,cpu      ] GC(895) User=0.03s Sys=0.01s Real=0.01s
[2025-03-28T20:25:32.674+0530][gc,marking  ] GC(895) Concurrent Mark 81.369ms
[2025-03-28T20:25:32.674+0530][gc,marking  ] GC(895) Concurrent Rebuild Remembered Sets
[2025-03-28T20:25:32.706+0530][gc,marking  ] GC(895) Concurrent Rebuild Remembered Sets 31.826ms
[2025-03-28T20:25:32.706+0530][gc,start    ] GC(895) Pause Cleanup
[2025-03-28T20:25:32.706+0530][gc          ] GC(895) Pause Cleanup 248M->248M(1024M) 0.178ms
[2025-03-28T20:25:32.706+0530][gc,cpu      ] GC(895) User=0.00s Sys=0.00s Real=0.00s
[2025-03-28T20:25:32.706+0530][gc,marking  ] GC(895) Concurrent Cleanup for Next Mark
[2025-03-28T20:25:32.708+0530][gc,marking  ] GC(895) Concurrent Cleanup for Next Mark 1.748ms
[2025-03-28T20:25:32.708+0530][gc          ] GC(895) Concurrent Mark Cycle 119.100ms
[2025-03-28T20:25:42.457+0530][gc,start    ] GC(896) Pause Young (Prepare Mixed) (G1 Evacuation Pause)
[2025-03-28T20:25:42.457+0530][gc,task     ] GC(896) Using 2 workers of 2 for evacuation
[2025-03-28T20:25:42.469+0530][gc,phases   ] GC(896)   Pre Evacuate Collection Set: 0.2ms
[2025-03-28T20:25:42.469+0530][gc,phases   ] GC(896)   Merge Heap Roots: 0.1ms
[2025-03-28T20:25:42.469+0530][gc,phases   ] GC(896)   Evacuate Collection Set: 10.9ms
[2025-03-28T20:25:42.469+0530][gc,phases   ] GC(896)   Post Evacuate Collection Set: 0.9ms
[2025-03-28T20:25:42.469+0530][gc,phases   ] GC(896)   Other: 0.4ms
[2025-03-28T20:25:42.469+0530][gc,heap     ] GC(896) Eden regions: 180->0(39)
[2025-03-28T20:25:42.469+0530][gc,heap     ] GC(896) Survivor regions: 3->12(23)
[2025-03-28T20:25:42.469+0530][gc,heap     ] GC(896) Old regions: 56->56
[2025-03-28T20:25:42.469+0530][gc,heap     ] GC(896) Archive regions: 2->2
[2025-03-28T20:25:42.469+0530][gc,heap     ] GC(896) Humongous regions: 151->147
[2025-03-28T20:25:42.469+0530][gc,metaspace] GC(896) Metaspace: 54431K(55168K)->54431K(55168K) NonClass: 48322K(48704K)->48322K(48704K) Class: 6108K(6464K)->6108K(6464K)
[2025-03-28T20:25:42.469+0530][gc          ] GC(896) Pause Young (Prepare Mixed) (G1 Evacuation Pause) 390M->214M(1024M) 12.597ms
[2025-03-28T20:25:42.470+0530][gc,cpu      ] GC(896) User=0.02s Sys=0.01s Real=0.01s
[2025-03-28T20:25:42.530+0530][gc,start    ] GC(897) Pause Young (Mixed) (G1 Evacuation Pause)
[2025-03-28T20:25:42.530+0530][gc,task     ] GC(897) Using 2 workers of 2 for evacuation
[2025-03-28T20:25:42.548+0530][gc,phases   ] GC(897)   Pre Evacuate Collection Set: 0.5ms
[2025-03-28T20:25:42.548+0530][gc,phases   ] GC(897)   Merge Heap Roots: 0.3ms
[2025-03-28T20:25:42.548+0530][gc,phases   ] GC(897)   Evacuate Collection Set: 16.4ms
[2025-03-28T20:25:42.548+0530][gc,phases   ] GC(897)   Post Evacuate Collection Set: 0.6ms
[2025-03-28T20:25:42.548+0530][gc,phases   ] GC(897)   Other: 0.2ms
[2025-03-28T20:25:42.548+0530][gc,heap     ] GC(897) Eden regions: 39->0(134)
[2025-03-28T20:25:42.548+0530][gc,heap     ] GC(897) Survivor regions: 12->5(7)
[2025-03-28T20:25:42.548+0530][gc,heap     ] GC(897) Old regions: 56->63
[2025-03-28T20:25:42.548+0530][gc,heap     ] GC(897) Archive regions: 2->2
[2025-03-28T20:25:42.548+0530][gc,heap     ] GC(897) Humongous regions: 147->147
[2025-03-28T20:25:42.548+0530][gc,metaspace] GC(897) Metaspace: 54431K(55168K)->54431K(55168K) NonClass: 48322K(48704K)->48322K(48704K) Class: 6108K(6464K)->6108K(6464K)
[2025-03-28T20:25:42.548+0530][gc          ] GC(897) Pause Young (Mixed) (G1 Evacuation Pause) 253M->215M(1024M) 18.047ms
[2025-03-28T20:25:42.548+0530][gc,cpu      ] GC(897) User=0.03s Sys=0.00s Real=0.02s
[2025-03-28T20:25:42.583+0530][gc,start    ] GC(898) Pause Young (Concurrent Start) (G1 Humongous Allocation)
[2025-03-28T20:25:42.583+0530][gc,task     ] GC(898) Using 2 workers of 2 for evacuation
[2025-03-28T20:25:42.589+0530][gc,phases   ] GC(898)   Pre Evacuate Collection Set: 0.4ms
[2025-03-28T20:25:42.589+0530][gc,phases   ] GC(898)   Merge Heap Roots: 0.2ms
[2025-03-28T20:25:42.589+0530][gc,phases   ] GC(898)   Evacuate Collection Set: 4.3ms
[2025-03-28T20:25:42.589+0530][gc,phases   ] GC(898)   Post Evacuate Collection Set: 0.5ms
[2025-03-28T20:25:42.589+0530][gc,phases   ] GC(898)   Other: 0.2ms
[2025-03-28T20:25:42.589+0530][gc,heap     ] GC(898) Eden regions: 9->0(99)
[2025-03-28T20:25:42.589+0530][gc,heap     ] GC(898) Survivor regions: 5->3(18)
[2025-03-28T20:25:42.589+0530][gc,heap     ] GC(898) Old regions: 63->63
[2025-03-28T20:25:42.589+0530][gc,heap     ] GC(898) Archive regions: 2->2
[2025-03-28T20:25:42.589+0530][gc,heap     ] GC(898) Humongous regions: 147->147
[2025-03-28T20:25:42.589+0530][gc,metaspace] GC(898) Metaspace: 54431K(55168K)->54431K(55168K) NonClass: 48322K(48704K)->48322K(48704K) Class: 6108K(6464K)->6108K(6464K)
[2025-03-28T20:25:42.589+0530][gc          ] GC(898) Pause Young (Concurrent Start) (G1 Humongous Allocation) 223M->212M(1024M) 5.698ms
[2025-03-28T20:25:42.589+0530][gc,cpu      ] GC(898) User=0.01s Sys=0.00s Real=0.01s
[2025-03-28T20:25:42.589+0530][gc          ] GC(899) Concurrent Mark Cycle
[2025-03-28T20:25:42.589+0530][gc,marking  ] GC(899) Concurrent Clear Claimed Marks
[2025-03-28T20:25:42.589+0530][gc,marking  ] GC(899) Concurrent Clear Claimed Marks 0.075ms
[2025-03-28T20:25:42.589+0530][gc,marking  ] GC(899) Concurrent Scan Root Regions
[2025-03-28T20:25:42.592+0530][gc,marking  ] GC(899) Concurrent Scan Root Regions 3.320ms
[2025-03-28T20:25:42.592+0530][gc,marking  ] GC(899) Concurrent Mark
[2025-03-28T20:25:42.592+0530][gc,marking  ] GC(899) Concurrent Mark From Roots
[2025-03-28T20:25:42.592+0530][gc,task     ] GC(899) Using 1 workers of 1 for marking
[2025-03-28T20:25:42.655+0530][gc,marking  ] GC(899) Concurrent Mark From Roots 62.055ms
[2025-03-28T20:25:42.655+0530][gc,marking  ] GC(899) Concurrent Preclean
[2025-03-28T20:25:42.655+0530][gc,marking  ] GC(899) Concurrent Preclean 0.127ms
[2025-03-28T20:25:42.655+0530][gc,start    ] GC(899) Pause Remark
[2025-03-28T20:25:42.669+0530][gc          ] GC(899) Pause Remark 254M->249M(1024M) 14.202ms
[2025-03-28T20:25:42.669+0530][gc,cpu      ] GC(899) User=0.02s Sys=0.01s Real=0.02s
[2025-03-28T20:25:42.669+0530][gc,marking  ] GC(899) Concurrent Mark 76.894ms
[2025-03-28T20:25:42.669+0530][gc,marking  ] GC(899) Concurrent Rebuild Remembered Sets
[2025-03-28T20:25:42.708+0530][gc,marking  ] GC(899) Concurrent Rebuild Remembered Sets 38.424ms
[2025-03-28T20:25:42.708+0530][gc,start    ] GC(899) Pause Cleanup
[2025-03-28T20:25:42.708+0530][gc          ] GC(899) Pause Cleanup 249M->249M(1024M) 0.147ms
[2025-03-28T20:25:42.708+0530][gc,cpu      ] GC(899) User=0.00s Sys=0.00s Real=0.00s
[2025-03-28T20:25:42.708+0530][gc,marking  ] GC(899) Concurrent Cleanup for Next Mark
[2025-03-28T20:25:42.710+0530][gc,marking  ] GC(899) Concurrent Cleanup for Next Mark 1.504ms
[2025-03-28T20:25:42.710+0530][gc          ] GC(899) Concurrent Mark Cycle 120.779ms
[2025-03-28T20:25:49.790+0530][gc,start    ] GC(900) Pause Young (Prepare Mixed) (G1 Evacuation Pause)
[2025-03-28T20:25:49.790+0530][gc,task     ] GC(900) Using 2 workers of 2 for evacuation
[2025-03-28T20:25:49.823+0530][gc,mmu      ] GC(900) MMU target violated: 21.0ms (20.0ms/21.0ms)
[2025-03-28T20:25:49.823+0530][gc,phases   ] GC(900)   Pre Evacuate Collection Set: 0.2ms
[2025-03-28T20:25:49.823+0530][gc,phases   ] GC(900)   Merge Heap Roots: 0.1ms
[2025-03-28T20:25:49.823+0530][gc,phases   ] GC(900)   Evacuate Collection Set: 32.0ms
[2025-03-28T20:25:49.823+0530][gc,phases   ] GC(900)   Post Evacuate Collection Set: 0.8ms
[2025-03-28T20:25:49.823+0530][gc,phases   ] GC(900)   Other: 0.2ms
[2025-03-28T20:25:49.823+0530][gc,heap     ] GC(900) Eden regions: 99->0(44)
[2025-03-28T20:25:49.823+0530][gc,heap     ] GC(900) Survivor regions: 3->7(13)
[2025-03-28T20:25:49.823+0530][gc,heap     ] GC(900) Old regions: 58->58
[2025-03-28T20:25:49.824+0530][gc,heap     ] GC(900) Archive regions: 2->2
[2025-03-28T20:25:49.824+0530][gc,heap     ] GC(900) Humongous regions: 149->147
[2025-03-28T20:25:49.824+0530][gc,metaspace] GC(900) Metaspace: 54431K(55168K)->54431K(55168K) NonClass: 48322K(48704K)->48322K(48704K) Class: 6108K(6464K)->6108K(6464K)
[2025-03-28T20:25:49.824+0530][gc          ] GC(900) Pause Young (Prepare Mixed) (G1 Evacuation Pause) 308M->212M(1024M) 33.478ms
[2025-03-28T20:25:49.824+0530][gc,cpu      ] GC(900) User=0.02s Sys=0.01s Real=0.03s
[2025-03-28T20:25:49.909+0530][gc,start    ] GC(901) Pause Young (Mixed) (G1 Evacuation Pause)
[2025-03-28T20:25:49.909+0530][gc,task     ] GC(901) Using 2 workers of 2 for evacuation
[2025-03-28T20:25:49.938+0530][gc,mmu      ] GC(901) MMU target violated: 21.0ms (20.0ms/21.0ms)
[2025-03-28T20:25:49.939+0530][gc,phases   ] GC(901)   Pre Evacuate Collection Set: 0.8ms
[2025-03-28T20:25:49.939+0530][gc,phases   ] GC(901)   Merge Heap Roots: 0.4ms
[2025-03-28T20:25:49.939+0530][gc,phases   ] GC(901)   Evacuate Collection Set: 28.0ms
[2025-03-28T20:25:49.939+0530][gc,phases   ] GC(901)   Post Evacuate Collection Set: 0.4ms
[2025-03-28T20:25:49.939+0530][gc,phases   ] GC(901)   Other: 0.2ms
[2025-03-28T20:25:49.939+0530][gc,heap     ] GC(901) Eden regions: 44->0(114)
[2025-03-28T20:25:49.939+0530][gc,heap     ] GC(901) Survivor regions: 7->3(7)
[2025-03-28T20:25:49.939+0530][gc,heap     ] GC(901) Old regions: 58->60
[2025-03-28T20:25:49.939+0530][gc,heap     ] GC(901) Archive regions: 2->2
[2025-03-28T20:25:49.939+0530][gc,heap     ] GC(901) Humongous regions: 149->149
[2025-03-28T20:25:49.939+0530][gc,metaspace] GC(901) Metaspace: 54431K(55168K)->54431K(55168K) NonClass: 48322K(48704K)->48322K(48704K) Class: 6108K(6464K)->6108K(6464K)
[2025-03-28T20:25:49.939+0530][gc          ] GC(901) Pause Young (Mixed) (G1 Evacuation Pause) 258M->212M(1024M) 29.825ms
[2025-03-28T20:25:49.939+0530][gc,cpu      ] GC(901) User=0.02s Sys=0.00s Real=0.03s
[2025-03-28T20:25:52.576+0530][gc,start    ] GC(902) Pause Young (Concurrent Start) (G1 Evacuation Pause)
[2025-03-28T20:25:52.576+0530][gc,task     ] GC(902) Using 2 workers of 2 for evacuation
[2025-03-28T20:25:52.585+0530][gc,phases   ] GC(902)   Pre Evacuate Collection Set: 0.2ms
[2025-03-28T20:25:52.585+0530][gc,phases   ] GC(902)   Merge Heap Roots: 0.1ms
[2025-03-28T20:25:52.585+0530][gc,phases   ] GC(902)   Evacuate Collection Set: 8.1ms
[2025-03-28T20:25:52.585+0530][gc,phases   ] GC(902)   Post Evacuate Collection Set: 0.6ms
[2025-03-28T20:25:52.585+0530][gc,phases   ] GC(902)   Other: 0.2ms
[2025-03-28T20:25:52.585+0530][gc,heap     ] GC(902) Eden regions: 114->0(93)
[2025-03-28T20:25:52.585+0530][gc,heap     ] GC(902) Survivor regions: 3->5(15)
[2025-03-28T20:25:52.585+0530][gc,heap     ] GC(902) Old regions: 60->60
[2025-03-28T20:25:52.585+0530][gc,heap     ] GC(902) Archive regions: 2->2
[2025-03-28T20:25:52.585+0530][gc,heap     ] GC(902) Humongous regions: 151->149
[2025-03-28T20:25:52.585+0530][gc,metaspace] GC(902) Metaspace: 54431K(55168K)->54431K(55168K) NonClass: 48322K(48704K)->48322K(48704K) Class: 6108K(6464K)->6108K(6464K)
[2025-03-28T20:25:52.585+0530][gc          ] GC(902) Pause Young (Concurrent Start) (G1 Evacuation Pause) 328M->214M(1024M) 9.343ms
[2025-03-28T20:25:52.586+0530][gc,cpu      ] GC(902) User=0.01s Sys=0.00s Real=0.01s
[2025-03-28T20:25:52.586+0530][gc          ] GC(903) Concurrent Mark Cycle
[2025-03-28T20:25:52.586+0530][gc,marking  ] GC(903) Concurrent Clear Claimed Marks
[2025-03-28T20:25:52.586+0530][gc,marking  ] GC(903) Concurrent Clear Claimed Marks 0.083ms
[2025-03-28T20:25:52.586+0530][gc,marking  ] GC(903) Concurrent Scan Root Regions
[2025-03-28T20:25:52.593+0530][gc,marking  ] GC(903) Concurrent Scan Root Regions 6.854ms
[2025-03-28T20:25:52.593+0530][gc,marking  ] GC(903) Concurrent Mark
[2025-03-28T20:25:52.593+0530][gc,marking  ] GC(903) Concurrent Mark From Roots
[2025-03-28T20:25:52.593+0530][gc,task     ] GC(903) Using 1 workers of 1 for marking
[2025-03-28T20:25:52.678+0530][gc,marking  ] GC(903) Concurrent Mark From Roots 85.466ms
[2025-03-28T20:25:52.678+0530][gc,marking  ] GC(903) Concurrent Preclean
[2025-03-28T20:25:52.678+0530][gc,marking  ] GC(903) Concurrent Preclean 0.120ms
[2025-03-28T20:25:52.678+0530][gc,start    ] GC(903) Pause Remark
[2025-03-28T20:25:52.691+0530][gc          ] GC(903) Pause Remark 223M->223M(1024M) 13.106ms
[2025-03-28T20:25:52.691+0530][gc,cpu      ] GC(903) User=0.02s Sys=0.01s Real=0.02s
[2025-03-28T20:25:52.692+0530][gc,marking  ] GC(903) Concurrent Mark 98.956ms
[2025-03-28T20:25:52.692+0530][gc,marking  ] GC(903) Concurrent Rebuild Remembered Sets
[2025-03-28T20:25:52.733+0530][gc,marking  ] GC(903) Concurrent Rebuild Remembered Sets 41.013ms
[2025-03-28T20:25:52.733+0530][gc,start    ] GC(903) Pause Cleanup
[2025-03-28T20:25:52.733+0530][gc          ] GC(903) Pause Cleanup 224M->224M(1024M) 0.226ms
[2025-03-28T20:25:52.733+0530][gc,cpu      ] GC(903) User=0.00s Sys=0.00s Real=0.00s
[2025-03-28T20:25:52.733+0530][gc,marking  ] GC(903) Concurrent Cleanup for Next Mark
[2025-03-28T20:25:52.735+0530][gc,marking  ] GC(903) Concurrent Cleanup for Next Mark 1.642ms
[2025-03-28T20:25:52.735+0530][gc          ] GC(903) Concurrent Mark Cycle 149.225ms
[2025-03-28T20:25:59.769+0530][gc,start    ] GC(904) Pause Young (Prepare Mixed) (G1 Evacuation Pause)
[2025-03-28T20:25:59.769+0530][gc,task     ] GC(904) Using 2 workers of 2 for evacuation
[2025-03-28T20:25:59.790+0530][gc,mmu      ] GC(904) MMU target violated: 20.4ms (20.0ms/21.0ms)
[2025-03-28T20:25:59.790+0530][gc,phases   ] GC(904)   Pre Evacuate Collection Set: 0.2ms
[2025-03-28T20:25:59.790+0530][gc,phases   ] GC(904)   Merge Heap Roots: 0.2ms
[2025-03-28T20:25:59.790+0530][gc,phases   ] GC(904)   Evacuate Collection Set: 18.7ms
[2025-03-28T20:25:59.790+0530][gc,phases   ] GC(904)   Post Evacuate Collection Set: 1.4ms
[2025-03-28T20:25:59.790+0530][gc,phases   ] GC(904)   Other: 0.2ms
[2025-03-28T20:25:59.790+0530][gc,heap     ] GC(904) Eden regions: 106->0(42)
[2025-03-28T20:25:59.790+0530][gc,heap     ] GC(904) Survivor regions: 5->9(14)
[2025-03-28T20:25:59.790+0530][gc,heap     ] GC(904) Old regions: 60->60
[2025-03-28T20:25:59.790+0530][gc,heap     ] GC(904) Archive regions: 2->2
[2025-03-28T20:25:59.790+0530][gc,heap     ] GC(904) Humongous regions: 151->149
[2025-03-28T20:25:59.790+0530][gc,metaspace] GC(904) Metaspace: 54431K(55168K)->54431K(55168K) NonClass: 48322K(48704K)->48322K(48704K) Class: 6108K(6464K)->6108K(6464K)
[2025-03-28T20:25:59.790+0530][gc          ] GC(904) Pause Young (Prepare Mixed) (G1 Evacuation Pause) 322M->218M(1024M) 20.811ms
[2025-03-28T20:25:59.790+0530][gc,cpu      ] GC(904) User=0.02s Sys=0.00s Real=0.02s
[2025-03-28T20:26:02.460+0530][gc,start    ] GC(905) Pause Young (Mixed) (G1 Evacuation Pause)
[2025-03-28T20:26:02.460+0530][gc,task     ] GC(905) Using 2 workers of 2 for evacuation
[2025-03-28T20:26:02.477+0530][gc,phases   ] GC(905)   Pre Evacuate Collection Set: 0.1ms
[2025-03-28T20:26:02.477+0530][gc,phases   ] GC(905)   Merge Heap Roots: 0.2ms
[2025-03-28T20:26:02.477+0530][gc,phases   ] GC(905)   Evacuate Collection Set: 14.9ms
[2025-03-28T20:26:02.477+0530][gc,phases   ] GC(905)   Post Evacuate Collection Set: 1.4ms
[2025-03-28T20:26:02.477+0530][gc,phases   ] GC(905)   Other: 0.4ms
[2025-03-28T20:26:02.477+0530][gc,heap     ] GC(905) Eden regions: 42->0(114)
[2025-03-28T20:26:02.477+0530][gc,heap     ] GC(905) Survivor regions: 9->3(7)
[2025-03-28T20:26:02.477+0530][gc,heap     ] GC(905) Old regions: 60->65
[2025-03-28T20:26:02.477+0530][gc,heap     ] GC(905) Archive regions: 2->2
[2025-03-28T20:26:02.477+0530][gc,heap     ] GC(905) Humongous regions: 149->147
[2025-03-28T20:26:02.477+0530][gc,metaspace] GC(905) Metaspace: 54431K(55168K)->54431K(55168K) NonClass: 48322K(48704K)->48322K(48704K) Class: 6108K(6464K)->6108K(6464K)
[2025-03-28T20:26:02.477+0530][gc          ] GC(905) Pause Young (Mixed) (G1 Evacuation Pause) 260M->215M(1024M) 17.182ms
[2025-03-28T20:26:02.477+0530][gc,cpu      ] GC(905) User=0.03s Sys=0.00s Real=0.03s
[2025-03-28T20:26:09.662+0530][gc,start    ] GC(906) Pause Young (Normal) (G1 Evacuation Pause)
[2025-03-28T20:26:09.662+0530][gc,task     ] GC(906) Using 2 workers of 2 for evacuation
[2025-03-28T20:26:09.699+0530][gc,mmu      ] GC(906) MMU target violated: 21.0ms (20.0ms/21.0ms)
[2025-03-28T20:26:09.699+0530][gc,phases   ] GC(906)   Pre Evacuate Collection Set: 0.6ms
[2025-03-28T20:26:09.699+0530][gc,phases   ] GC(906)   Merge Heap Roots: 0.2ms
[2025-03-28T20:26:09.699+0530][gc,phases   ] GC(906)   Evacuate Collection Set: 35.4ms
[2025-03-28T20:26:09.699+0530][gc,phases   ] GC(906)   Post Evacuate Collection Set: 0.8ms
[2025-03-28T20:26:09.699+0530][gc,phases   ] GC(906)   Other: 0.2ms
[2025-03-28T20:26:09.699+0530][gc,heap     ] GC(906) Eden regions: 114->0(48)
[2025-03-28T20:26:09.699+0530][gc,heap     ] GC(906) Survivor regions: 3->3(15)
[2025-03-28T20:26:09.699+0530][gc,heap     ] GC(906) Old regions: 65->65
[2025-03-28T20:26:09.699+0530][gc,heap     ] GC(906) Archive regions: 2->2
[2025-03-28T20:26:09.699+0530][gc,heap     ] GC(906) Humongous regions: 149->147
[2025-03-28T20:26:09.699+0530][gc,metaspace] GC(906) Metaspace: 54431K(55168K)->54431K(55168K) NonClass: 48322K(48704K)->48322K(48704K) Class: 6108K(6464K)->6108K(6464K)
[2025-03-28T20:26:09.699+0530][gc          ] GC(906) Pause Young (Normal) (G1 Evacuation Pause) 331M->215M(1024M) 37.297ms
[2025-03-28T20:26:09.699+0530][gc,cpu      ] GC(906) User=0.01s Sys=0.00s Real=0.05s
[2025-03-28T20:26:09.844+0530][gc,start    ] GC(907) Pause Young (Normal) (G1 Evacuation Pause)
[2025-03-28T20:26:09.844+0530][gc,task     ] GC(907) Using 2 workers of 2 for evacuation
[2025-03-28T20:26:09.896+0530][gc,mmu      ] GC(907) MMU target violated: 21.0ms (20.0ms/21.0ms)
[2025-03-28T20:26:09.896+0530][gc,phases   ] GC(907)   Pre Evacuate Collection Set: 0.2ms
[2025-03-28T20:26:09.896+0530][gc,phases   ] GC(907)   Merge Heap Roots: 0.1ms
[2025-03-28T20:26:09.896+0530][gc,phases   ] GC(907)   Evacuate Collection Set: 51.2ms
[2025-03-28T20:26:09.896+0530][gc,phases   ] GC(907)   Post Evacuate Collection Set: 0.8ms
[2025-03-28T20:26:09.896+0530][gc,phases   ] GC(907)   Other: 0.2ms
[2025-03-28T20:26:09.896+0530][gc,heap     ] GC(907) Eden regions: 48->0(44)
[2025-03-28T20:26:09.896+0530][gc,heap     ] GC(907) Survivor regions: 3->7(7)
[2025-03-28T20:26:09.896+0530][gc,heap     ] GC(907) Old regions: 65->66
[2025-03-28T20:26:09.896+0530][gc,heap     ] GC(907) Archive regions: 2->2
[2025-03-28T20:26:09.897+0530][gc,heap     ] GC(907) Humongous regions: 147->147
[2025-03-28T20:26:09.897+0530][gc,metaspace] GC(907) Metaspace: 54431K(55168K)->54431K(55168K) NonClass: 48322K(48704K)->48322K(48704K) Class: 6108K(6464K)->6108K(6464K)
[2025-03-28T20:26:09.897+0530][gc          ] GC(907) Pause Young (Normal) (G1 Evacuation Pause) 263M->220M(1024M) 52.554ms
[2025-03-28T20:26:09.897+0530][gc,cpu      ] GC(907) User=0.02s Sys=0.00s Real=0.07s
[2025-03-28T20:26:12.439+0530][gc,start    ] GC(908) Pause Young (Normal) (G1 Evacuation Pause)
[2025-03-28T20:26:12.439+0530][gc,task     ] GC(908) Using 2 workers of 2 for evacuation
[2025-03-28T20:26:12.450+0530][gc,phases   ] GC(908)   Pre Evacuate Collection Set: 0.3ms
[2025-03-28T20:26:12.450+0530][gc,phases   ] GC(908)   Merge Heap Roots: 0.2ms
[2025-03-28T20:26:12.450+0530][gc,phases   ] GC(908)   Evacuate Collection Set: 9.1ms
[2025-03-28T20:26:12.450+0530][gc,phases   ] GC(908)   Post Evacuate Collection Set: 0.5ms
[2025-03-28T20:26:12.450+0530][gc,phases   ] GC(908)   Other: 0.2ms
[2025-03-28T20:26:12.450+0530][gc,heap     ] GC(908) Eden regions: 44->0(50)
[2025-03-28T20:26:12.450+0530][gc,heap     ] GC(908) Survivor regions: 7->1(7)
[2025-03-28T20:26:12.450+0530][gc,heap     ] GC(908) Old regions: 66->73
[2025-03-28T20:26:12.450+0530][gc,heap     ] GC(908) Archive regions: 2->2
[2025-03-28T20:26:12.450+0530][gc,heap     ] GC(908) Humongous regions: 149->147
[2025-03-28T20:26:12.450+0530][gc,metaspace] GC(908) Metaspace: 54431K(55168K)->54431K(55168K) NonClass: 48322K(48704K)->48322K(48704K) Class: 6108K(6464K)->6108K(6464K)
[2025-03-28T20:26:12.450+0530][gc          ] GC(908) Pause Young (Normal) (G1 Evacuation Pause) 266M->221M(1024M) 10.394ms
[2025-03-28T20:26:12.450+0530][gc,cpu      ] GC(908) User=0.02s Sys=0.01s Real=0.01s
[2025-03-28T20:26:12.495+0530][gc,start    ] GC(909) Pause Young (Normal) (G1 Evacuation Pause)
[2025-03-28T20:26:12.495+0530][gc,task     ] GC(909) Using 2 workers of 2 for evacuation
[2025-03-28T20:26:12.501+0530][gc,phases   ] GC(909)   Pre Evacuate Collection Set: 0.2ms
[2025-03-28T20:26:12.501+0530][gc,phases   ] GC(909)   Merge Heap Roots: 0.1ms
[2025-03-28T20:26:12.501+0530][gc,phases   ] GC(909)   Evacuate Collection Set: 5.2ms
[2025-03-28T20:26:12.501+0530][gc,phases   ] GC(909)   Post Evacuate Collection Set: 0.5ms
[2025-03-28T20:26:12.501+0530][gc,phases   ] GC(909)   Other: 0.1ms
[2025-03-28T20:26:12.501+0530][gc,heap     ] GC(909) Eden regions: 50->0(44)
[2025-03-28T20:26:12.501+0530][gc,heap     ] GC(909) Survivor regions: 1->7(7)
[2025-03-28T20:26:12.501+0530][gc,heap     ] GC(909) Old regions: 73->73
[2025-03-28T20:26:12.501+0530][gc,heap     ] GC(909) Archive regions: 2->2
[2025-03-28T20:26:12.501+0530][gc,heap     ] GC(909) Humongous regions: 147->147
[2025-03-28T20:26:12.501+0530][gc,metaspace] GC(909) Metaspace: 54431K(55168K)->54431K(55168K) NonClass: 48322K(48704K)->48322K(48704K) Class: 6108K(6464K)->6108K(6464K)
[2025-03-28T20:26:12.501+0530][gc          ] GC(909) Pause Young (Normal) (G1 Evacuation Pause) 271M->226M(1024M) 6.195ms
[2025-03-28T20:26:12.501+0530][gc,cpu      ] GC(909) User=0.01s Sys=0.00s Real=0.00s
[2025-03-28T20:26:12.575+0530][gc,start    ] GC(910) Pause Young (Normal) (G1 Evacuation Pause)
[2025-03-28T20:26:12.575+0530][gc,task     ] GC(910) Using 2 workers of 2 for evacuation
[2025-03-28T20:26:12.592+0530][gc,phases   ] GC(910)   Pre Evacuate Collection Set: 0.2ms
[2025-03-28T20:26:12.592+0530][gc,phases   ] GC(910)   Merge Heap Roots: 0.1ms
[2025-03-28T20:26:12.592+0530][gc,phases   ] GC(910)   Evacuate Collection Set: 16.3ms
[2025-03-28T20:26:12.592+0530][gc,phases   ] GC(910)   Post Evacuate Collection Set: 0.6ms
[2025-03-28T20:26:12.592+0530][gc,phases   ] GC(910)   Other: 0.2ms
[2025-03-28T20:26:12.592+0530][gc,heap     ] GC(910) Eden regions: 44->0(49)
[2025-03-28T20:26:12.592+0530][gc,heap     ] GC(910) Survivor regions: 7->2(7)
[2025-03-28T20:26:12.592+0530][gc,heap     ] GC(910) Old regions: 73->74
[2025-03-28T20:26:12.592+0530][gc,heap     ] GC(910) Archive regions: 2->2
[2025-03-28T20:26:12.592+0530][gc,heap     ] GC(910) Humongous regions: 149->149
[2025-03-28T20:26:12.592+0530][gc,metaspace] GC(910) Metaspace: 54431K(55168K)->54431K(55168K) NonClass: 48322K(48704K)->48322K(48704K) Class: 6108K(6464K)->6108K(6464K)
[2025-03-28T20:26:12.592+0530][gc          ] GC(910) Pause Young (Normal) (G1 Evacuation Pause) 272M->225M(1024M) 17.581ms
[2025-03-28T20:26:12.592+0530][gc,cpu      ] GC(910) User=0.01s Sys=0.00s Real=0.00s
[2025-03-28T20:26:19.673+0530][gc,start    ] GC(911) Pause Young (Normal) (G1 Evacuation Pause)
[2025-03-28T20:26:19.673+0530][gc,task     ] GC(911) Using 2 workers of 2 for evacuation
[2025-03-28T20:26:19.683+0530][gc,phases   ] GC(911)   Pre Evacuate Collection Set: 0.2ms
[2025-03-28T20:26:19.683+0530][gc,phases   ] GC(911)   Merge Heap Roots: 0.1ms
[2025-03-28T20:26:19.683+0530][gc,phases   ] GC(911)   Evacuate Collection Set: 8.9ms
[2025-03-28T20:26:19.683+0530][gc,phases   ] GC(911)   Post Evacuate Collection Set: 0.4ms
[2025-03-28T20:26:19.683+0530][gc,phases   ] GC(911)   Other: 0.1ms
[2025-03-28T20:26:19.683+0530][gc,heap     ] GC(911) Eden regions: 49->0(52)
[2025-03-28T20:26:19.683+0530][gc,heap     ] GC(911) Survivor regions: 2->4(7)
[2025-03-28T20:26:19.683+0530][gc,heap     ] GC(911) Old regions: 74->74
[2025-03-28T20:26:19.683+0530][gc,heap     ] GC(911) Archive regions: 2->2
[2025-03-28T20:26:19.683+0530][gc,heap     ] GC(911) Humongous regions: 149->147
[2025-03-28T20:26:19.683+0530][gc,metaspace] GC(911) Metaspace: 54431K(55168K)->54431K(55168K) NonClass: 48322K(48704K)->48322K(48704K) Class: 6108K(6464K)->6108K(6464K)
[2025-03-28T20:26:19.683+0530][gc          ] GC(911) Pause Young (Normal) (G1 Evacuation Pause) 274M->225M(1024M) 9.918ms
[2025-03-28T20:26:19.683+0530][gc,cpu      ] GC(911) User=0.01s Sys=0.00s Real=0.01s
[2025-03-28T20:26:19.762+0530][gc,start    ] GC(912) Pause Young (Normal) (G1 Evacuation Pause)
[2025-03-28T20:26:19.762+0530][gc,task     ] GC(912) Using 2 workers of 2 for evacuation
[2025-03-28T20:26:19.772+0530][gc,phases   ] GC(912)   Pre Evacuate Collection Set: 0.2ms
[2025-03-28T20:26:19.772+0530][gc,phases   ] GC(912)   Merge Heap Roots: 0.1ms
[2025-03-28T20:26:19.772+0530][gc,phases   ] GC(912)   Evacuate Collection Set: 8.9ms
[2025-03-28T20:26:19.772+0530][gc,phases   ] GC(912)   Post Evacuate Collection Set: 0.7ms
[2025-03-28T20:26:19.772+0530][gc,phases   ] GC(912)   Other: 0.1ms
[2025-03-28T20:26:19.772+0530][gc,heap     ] GC(912) Eden regions: 52->0(44)
[2025-03-28T20:26:19.772+0530][gc,heap     ] GC(912) Survivor regions: 4->7(7)
[2025-03-28T20:26:19.772+0530][gc,heap     ] GC(912) Old regions: 74->76
[2025-03-28T20:26:19.772+0530][gc,heap     ] GC(912) Archive regions: 2->2
[2025-03-28T20:26:19.772+0530][gc,heap     ] GC(912) Humongous regions: 149->149
[2025-03-28T20:26:19.772+0530][gc,metaspace] GC(912) Metaspace: 54431K(55168K)->54431K(55168K) NonClass: 48322K(48704K)->48322K(48704K) Class: 6108K(6464K)->6108K(6464K)
[2025-03-28T20:26:19.772+0530][gc          ] GC(912) Pause Young (Normal) (G1 Evacuation Pause) 279M->231M(1024M) 10.213ms
[2025-03-28T20:26:19.772+0530][gc,cpu      ] GC(912) User=0.01s Sys=0.00s Real=0.01s
[2025-03-28T20:26:22.440+0530][gc,start    ] GC(913) Pause Young (Normal) (G1 Evacuation Pause)
[2025-03-28T20:26:22.440+0530][gc,task     ] GC(913) Using 2 workers of 2 for evacuation
[2025-03-28T20:26:22.452+0530][gc,phases   ] GC(913)   Pre Evacuate Collection Set: 0.2ms
[2025-03-28T20:26:22.452+0530][gc,phases   ] GC(913)   Merge Heap Roots: 0.1ms
[2025-03-28T20:26:22.452+0530][gc,phases   ] GC(913)   Evacuate Collection Set: 11.3ms
[2025-03-28T20:26:22.452+0530][gc,phases   ] GC(913)   Post Evacuate Collection Set: 0.9ms
[2025-03-28T20:26:22.452+0530][gc,phases   ] GC(913)   Other: 0.1ms
[2025-03-28T20:26:22.452+0530][gc,heap     ] GC(913) Eden regions: 44->0(83)
[2025-03-28T20:26:22.452+0530][gc,heap     ] GC(913) Survivor regions: 7->3(7)
[2025-03-28T20:26:22.452+0530][gc,heap     ] GC(913) Old regions: 76->83
[2025-03-28T20:26:22.452+0530][gc,heap     ] GC(913) Archive regions: 2->2
[2025-03-28T20:26:22.452+0530][gc,heap     ] GC(913) Humongous regions: 149->147
[2025-03-28T20:26:22.452+0530][gc,metaspace] GC(913) Metaspace: 54431K(55168K)->54431K(55168K) NonClass: 48322K(48704K)->48322K(48704K) Class: 6108K(6464K)->6108K(6464K)
[2025-03-28T20:26:22.452+0530][gc          ] GC(913) Pause Young (Normal) (G1 Evacuation Pause) 275M->232M(1024M) 12.719ms
[2025-03-28T20:26:22.452+0530][gc,cpu      ] GC(913) User=0.02s Sys=0.01s Real=0.01s
[2025-03-28T20:26:22.574+0530][gc,start    ] GC(914) Pause Young (Normal) (G1 Evacuation Pause)
[2025-03-28T20:26:22.574+0530][gc,task     ] GC(914) Using 2 workers of 2 for evacuation
[2025-03-28T20:26:22.580+0530][gc,phases   ] GC(914)   Pre Evacuate Collection Set: 0.5ms
[2025-03-28T20:26:22.580+0530][gc,phases   ] GC(914)   Merge Heap Roots: 0.1ms
[2025-03-28T20:26:22.580+0530][gc,phases   ] GC(914)   Evacuate Collection Set: 4.2ms
[2025-03-28T20:26:22.580+0530][gc,phases   ] GC(914)   Post Evacuate Collection Set: 0.5ms
[2025-03-28T20:26:22.580+0530][gc,phases   ] GC(914)   Other: 0.2ms
[2025-03-28T20:26:22.580+0530][gc,heap     ] GC(914) Eden regions: 83->0(120)
[2025-03-28T20:26:22.580+0530][gc,heap     ] GC(914) Survivor regions: 3->3(11)
[2025-03-28T20:26:22.580+0530][gc,heap     ] GC(914) Old regions: 83->83
[2025-03-28T20:26:22.580+0530][gc,heap     ] GC(914) Archive regions: 2->2
[2025-03-28T20:26:22.580+0530][gc,heap     ] GC(914) Humongous regions: 149->149
[2025-03-28T20:26:22.580+0530][gc,metaspace] GC(914) Metaspace: 54431K(55168K)->54431K(55168K) NonClass: 48322K(48704K)->48322K(48704K) Class: 6108K(6464K)->6108K(6464K)
[2025-03-28T20:26:22.580+0530][gc          ] GC(914) Pause Young (Normal) (G1 Evacuation Pause) 317M->234M(1024M) 5.462ms
[2025-03-28T20:26:22.580+0530][gc,cpu      ] GC(914) User=0.01s Sys=0.00s Real=0.01s
[2025-03-28T20:26:29.807+0530][gc,start    ] GC(915) Pause Young (Concurrent Start) (G1 Humongous Allocation)
[2025-03-28T20:26:29.807+0530][gc,task     ] GC(915) Using 2 workers of 2 for evacuation
[2025-03-28T20:26:29.828+0530][gc,mmu      ] GC(915) MMU target violated: 21.0ms (20.0ms/21.0ms)
[2025-03-28T20:26:29.828+0530][gc,phases   ] GC(915)   Pre Evacuate Collection Set: 0.2ms
[2025-03-28T20:26:29.828+0530][gc,phases   ] GC(915)   Merge Heap Roots: 0.1ms
[2025-03-28T20:26:29.828+0530][gc,phases   ] GC(915)   Evacuate Collection Set: 20.6ms
[2025-03-28T20:26:29.828+0530][gc,phases   ] GC(915)   Post Evacuate Collection Set: 0.6ms
[2025-03-28T20:26:29.828+0530][gc,phases   ] GC(915)   Other: 0.2ms
[2025-03-28T20:26:29.828+0530][gc,heap     ] GC(915) Eden regions: 90->0(64)
[2025-03-28T20:26:29.828+0530][gc,heap     ] GC(915) Survivor regions: 3->9(16)
[2025-03-28T20:26:29.828+0530][gc,heap     ] GC(915) Old regions: 83->83
[2025-03-28T20:26:29.828+0530][gc,heap     ] GC(915) Archive regions: 2->2
[2025-03-28T20:26:29.828+0530][gc,heap     ] GC(915) Humongous regions: 149->147
[2025-03-28T20:26:29.828+0530][gc,metaspace] GC(915) Metaspace: 54431K(55168K)->54431K(55168K) NonClass: 48322K(48704K)->48322K(48704K) Class: 6108K(6464K)->6108K(6464K)
[2025-03-28T20:26:29.828+0530][gc          ] GC(915) Pause Young (Concurrent Start) (G1 Humongous Allocation) 324M->238M(1024M) 21.726ms
[2025-03-28T20:26:29.828+0530][gc,cpu      ] GC(915) User=0.02s Sys=0.01s Real=0.03s
[2025-03-28T20:26:29.829+0530][gc          ] GC(916) Concurrent Mark Cycle
[2025-03-28T20:26:29.829+0530][gc,marking  ] GC(916) Concurrent Clear Claimed Marks
[2025-03-28T20:26:29.829+0530][gc,marking  ] GC(916) Concurrent Clear Claimed Marks 0.080ms
[2025-03-28T20:26:29.829+0530][gc,marking  ] GC(916) Concurrent Scan Root Regions
[2025-03-28T20:26:29.867+0530][gc,marking  ] GC(916) Concurrent Scan Root Regions 38.174ms
[2025-03-28T20:26:29.867+0530][gc,marking  ] GC(916) Concurrent Mark
[2025-03-28T20:26:29.867+0530][gc,marking  ] GC(916) Concurrent Mark From Roots
[2025-03-28T20:26:29.867+0530][gc,task     ] GC(916) Using 1 workers of 1 for marking
[2025-03-28T20:26:29.981+0530][gc,marking  ] GC(916) Concurrent Mark From Roots 113.789ms
[2025-03-28T20:26:29.981+0530][gc,marking  ] GC(916) Concurrent Preclean
[2025-03-28T20:26:29.981+0530][gc,marking  ] GC(916) Concurrent Preclean 0.132ms
[2025-03-28T20:26:29.981+0530][gc,start    ] GC(916) Pause Remark
[2025-03-28T20:26:30.021+0530][gc,mmu      ] GC(916) MMU target violated: 21.0ms (20.0ms/21.0ms)
[2025-03-28T20:26:30.021+0530][gc          ] GC(916) Pause Remark 280M->268M(1024M) 39.891ms
[2025-03-28T20:26:30.021+0530][gc,cpu      ] GC(916) User=0.04s Sys=0.01s Real=0.03s
[2025-03-28T20:26:30.021+0530][gc,marking  ] GC(916) Concurrent Mark 154.012ms
[2025-03-28T20:26:30.021+0530][gc,marking  ] GC(916) Concurrent Rebuild Remembered Sets
[2025-03-28T20:26:30.109+0530][gc,marking  ] GC(916) Concurrent Rebuild Remembered Sets 88.493ms
[2025-03-28T20:26:30.109+0530][gc,start    ] GC(916) Pause Cleanup
[2025-03-28T20:26:30.110+0530][gc          ] GC(916) Pause Cleanup 268M->268M(1024M) 0.167ms
[2025-03-28T20:26:30.110+0530][gc,cpu      ] GC(916) User=0.00s Sys=0.00s Real=0.00s
[2025-03-28T20:26:30.110+0530][gc,marking  ] GC(916) Concurrent Cleanup for Next Mark
[2025-03-28T20:26:30.125+0530][gc,marking  ] GC(916) Concurrent Cleanup for Next Mark 15.104ms
[2025-03-28T20:26:30.125+0530][gc          ] GC(916) Concurrent Mark Cycle 296.319ms
[2025-03-28T20:26:32.470+0530][gc,start    ] GC(917) Pause Young (Prepare Mixed) (G1 Evacuation Pause)
[2025-03-28T20:26:32.470+0530][gc,task     ] GC(917) Using 2 workers of 2 for evacuation
[2025-03-28T20:26:32.478+0530][gc,phases   ] GC(917)   Pre Evacuate Collection Set: 0.3ms
[2025-03-28T20:26:32.478+0530][gc,phases   ] GC(917)   Merge Heap Roots: 0.2ms
[2025-03-28T20:26:32.478+0530][gc,phases   ] GC(917)   Evacuate Collection Set: 6.2ms
[2025-03-28T20:26:32.478+0530][gc,phases   ] GC(917)   Post Evacuate Collection Set: 0.9ms
[2025-03-28T20:26:32.478+0530][gc,phases   ] GC(917)   Other: 0.2ms
[2025-03-28T20:26:32.478+0530][gc,heap     ] GC(917) Eden regions: 44->0(50)
[2025-03-28T20:26:32.478+0530][gc,heap     ] GC(917) Survivor regions: 9->1(7)
[2025-03-28T20:26:32.478+0530][gc,heap     ] GC(917) Old regions: 70->71
[2025-03-28T20:26:32.478+0530][gc,heap     ] GC(917) Archive regions: 2->2
[2025-03-28T20:26:32.478+0530][gc,heap     ] GC(917) Humongous regions: 149->147
[2025-03-28T20:26:32.478+0530][gc,metaspace] GC(917) Metaspace: 54431K(55168K)->54431K(55168K) NonClass: 48322K(48704K)->48322K(48704K) Class: 6108K(6464K)->6108K(6464K)
[2025-03-28T20:26:32.478+0530][gc          ] GC(917) Pause Young (Prepare Mixed) (G1 Evacuation Pause) 272M->219M(1024M) 7.973ms
[2025-03-28T20:26:32.478+0530][gc,cpu      ] GC(917) User=0.01s Sys=0.00s Real=0.01s
[2025-03-28T20:26:32.523+0530][gc,start    ] GC(918) Pause Young (Mixed) (G1 Evacuation Pause)
[2025-03-28T20:26:32.523+0530][gc,task     ] GC(918) Using 2 workers of 2 for evacuation
[2025-03-28T20:26:32.530+0530][gc,phases   ] GC(918)   Pre Evacuate Collection Set: 0.2ms
[2025-03-28T20:26:32.530+0530][gc,phases   ] GC(918)   Merge Heap Roots: 0.1ms
[2025-03-28T20:26:32.530+0530][gc,phases   ] GC(918)   Evacuate Collection Set: 5.5ms
[2025-03-28T20:26:32.530+0530][gc,phases   ] GC(918)   Post Evacuate Collection Set: 0.4ms
[2025-03-28T20:26:32.530+0530][gc,phases   ] GC(918)   Other: 0.1ms
[2025-03-28T20:26:32.530+0530][gc,heap     ] GC(918) Eden regions: 50->0(150)
[2025-03-28T20:26:32.530+0530][gc,heap     ] GC(918) Survivor regions: 1->6(7)
[2025-03-28T20:26:32.530+0530][gc,heap     ] GC(918) Old regions: 71->65
[2025-03-28T20:26:32.530+0530][gc,heap     ] GC(918) Archive regions: 2->2
[2025-03-28T20:26:32.530+0530][gc,heap     ] GC(918) Humongous regions: 147->147
[2025-03-28T20:26:32.530+0530][gc,metaspace] GC(918) Metaspace: 54431K(55168K)->54431K(55168K) NonClass: 48322K(48704K)->48322K(48704K) Class: 6108K(6464K)->6108K(6464K)
[2025-03-28T20:26:32.530+0530][gc          ] GC(918) Pause Young (Mixed) (G1 Evacuation Pause) 269M->218M(1024M) 6.445ms
[2025-03-28T20:26:32.530+0530][gc,cpu      ] GC(918) User=0.01s Sys=0.00s Real=0.01s
[2025-03-28T20:26:39.753+0530][gc,start    ] GC(919) Pause Young (Normal) (G1 Evacuation Pause)
[2025-03-28T20:26:39.753+0530][gc,task     ] GC(919) Using 2 workers of 2 for evacuation
[2025-03-28T20:26:39.765+0530][gc,phases   ] GC(919)   Pre Evacuate Collection Set: 0.2ms
[2025-03-28T20:26:39.765+0530][gc,phases   ] GC(919)   Merge Heap Roots: 0.1ms
[2025-03-28T20:26:39.765+0530][gc,phases   ] GC(919)   Evacuate Collection Set: 10.3ms
[2025-03-28T20:26:39.765+0530][gc,phases   ] GC(919)   Post Evacuate Collection Set: 0.6ms
[2025-03-28T20:26:39.765+0530][gc,phases   ] GC(919)   Other: 0.1ms
[2025-03-28T20:26:39.765+0530][gc,heap     ] GC(919) Eden regions: 150->0(142)
[2025-03-28T20:26:39.765+0530][gc,heap     ] GC(919) Survivor regions: 6->9(20)
[2025-03-28T20:26:39.765+0530][gc,heap     ] GC(919) Old regions: 65->65
[2025-03-28T20:26:39.765+0530][gc,heap     ] GC(919) Archive regions: 2->2
[2025-03-28T20:26:39.765+0530][gc,heap     ] GC(919) Humongous regions: 151->149
[2025-03-28T20:26:39.765+0530][gc,metaspace] GC(919) Metaspace: 54431K(55168K)->54431K(55168K) NonClass: 48322K(48704K)->48322K(48704K) Class: 6108K(6464K)->6108K(6464K)
[2025-03-28T20:26:39.765+0530][gc          ] GC(919) Pause Young (Normal) (G1 Evacuation Pause) 372M->223M(1024M) 11.356ms
[2025-03-28T20:26:39.765+0530][gc,cpu      ] GC(919) User=0.02s Sys=0.00s Real=0.01s
[2025-03-28T20:26:47.421+0530][gc,start    ] GC(920) Pause Young (Normal) (G1 Evacuation Pause)
[2025-03-28T20:26:47.421+0530][gc,task     ] GC(920) Using 2 workers of 2 for evacuation
[2025-03-28T20:26:47.437+0530][gc,phases   ] GC(920)   Pre Evacuate Collection Set: 0.4ms
[2025-03-28T20:26:47.437+0530][gc,phases   ] GC(920)   Merge Heap Roots: 0.2ms
[2025-03-28T20:26:47.437+0530][gc,phases   ] GC(920)   Evacuate Collection Set: 14.5ms
[2025-03-28T20:26:47.437+0530][gc,phases   ] GC(920)   Post Evacuate Collection Set: 0.7ms
[2025-03-28T20:26:47.437+0530][gc,phases   ] GC(920)   Other: 0.2ms
[2025-03-28T20:26:47.437+0530][gc,heap     ] GC(920) Eden regions: 142->0(103)
[2025-03-28T20:26:47.437+0530][gc,heap     ] GC(920) Survivor regions: 9->10(19)
[2025-03-28T20:26:47.437+0530][gc,heap     ] GC(920) Old regions: 65->65
[2025-03-28T20:26:47.437+0530][gc,heap     ] GC(920) Archive regions: 2->2
[2025-03-28T20:26:47.437+0530][gc,heap     ] GC(920) Humongous regions: 151->147
[2025-03-28T20:26:47.437+0530][gc,metaspace] GC(920) Metaspace: 54431K(55168K)->54431K(55168K) NonClass: 48322K(48704K)->48322K(48704K) Class: 6108K(6464K)->6108K(6464K)
[2025-03-28T20:26:47.437+0530][gc          ] GC(920) Pause Young (Normal) (G1 Evacuation Pause) 367M->222M(1024M) 16.197ms
[2025-03-28T20:26:47.437+0530][gc,cpu      ] GC(920) User=0.03s Sys=0.00s Real=0.02s
[2025-03-28T20:26:49.827+0530][gc,start    ] GC(921) Pause Young (Normal) (G1 Evacuation Pause)
[2025-03-28T20:26:49.827+0530][gc,task     ] GC(921) Using 2 workers of 2 for evacuation
[2025-03-28T20:26:49.886+0530][gc,mmu      ] GC(921) MMU target violated: 21.0ms (20.0ms/21.0ms)
[2025-03-28T20:26:49.886+0530][gc,phases   ] GC(921)   Pre Evacuate Collection Set: 0.2ms
[2025-03-28T20:26:49.886+0530][gc,phases   ] GC(921)   Merge Heap Roots: 0.1ms
[2025-03-28T20:26:49.886+0530][gc,phases   ] GC(921)   Evacuate Collection Set: 57.5ms
[2025-03-28T20:26:49.886+0530][gc,phases   ] GC(921)   Post Evacuate Collection Set: 0.8ms
[2025-03-28T20:26:49.886+0530][gc,phases   ] GC(921)   Other: 0.2ms
[2025-03-28T20:26:49.886+0530][gc,heap     ] GC(921) Eden regions: 103->0(128)
[2025-03-28T20:26:49.886+0530][gc,heap     ] GC(921) Survivor regions: 10->4(15)
[2025-03-28T20:26:49.886+0530][gc,heap     ] GC(921) Old regions: 65->73
[2025-03-28T20:26:49.886+0530][gc,heap     ] GC(921) Archive regions: 2->2
[2025-03-28T20:26:49.886+0530][gc,heap     ] GC(921) Humongous regions: 149->149
[2025-03-28T20:26:49.886+0530][gc,metaspace] GC(921) Metaspace: 54431K(55168K)->54431K(55168K) NonClass: 48322K(48704K)->48322K(48704K) Class: 6108K(6464K)->6108K(6464K)
[2025-03-28T20:26:49.886+0530][gc          ] GC(921) Pause Young (Normal) (G1 Evacuation Pause) 327M->226M(1024M) 58.969ms
[2025-03-28T20:26:49.886+0530][gc,cpu      ] GC(921) User=0.03s Sys=0.01s Real=0.07s
[2025-03-28T20:26:59.637+0530][gc,start    ] GC(922) Pause Young (Normal) (G1 Evacuation Pause)
[2025-03-28T20:26:59.637+0530][gc,task     ] GC(922) Using 2 workers of 2 for evacuation
[2025-03-28T20:26:59.649+0530][gc,phases   ] GC(922)   Pre Evacuate Collection Set: 0.2ms
[2025-03-28T20:26:59.649+0530][gc,phases   ] GC(922)   Merge Heap Roots: 0.2ms
[2025-03-28T20:26:59.649+0530][gc,phases   ] GC(922)   Evacuate Collection Set: 9.7ms
[2025-03-28T20:26:59.649+0530][gc,phases   ] GC(922)   Post Evacuate Collection Set: 1.7ms
[2025-03-28T20:26:59.649+0530][gc,phases   ] GC(922)   Other: 0.2ms
[2025-03-28T20:26:59.649+0530][gc,heap     ] GC(922) Eden regions: 128->0(173)
[2025-03-28T20:26:59.649+0530][gc,heap     ] GC(922) Survivor regions: 4->3(17)
[2025-03-28T20:26:59.649+0530][gc,heap     ] GC(922) Old regions: 73->73
[2025-03-28T20:26:59.649+0530][gc,heap     ] GC(922) Archive regions: 2->2
[2025-03-28T20:26:59.649+0530][gc,heap     ] GC(922) Humongous regions: 151->147
[2025-03-28T20:26:59.649+0530][gc,metaspace] GC(922) Metaspace: 54431K(55168K)->54431K(55168K) NonClass: 48322K(48704K)->48322K(48704K) Class: 6108K(6464K)->6108K(6464K)
[2025-03-28T20:26:59.649+0530][gc          ] GC(922) Pause Young (Normal) (G1 Evacuation Pause) 356M->223M(1024M) 12.410ms
[2025-03-28T20:26:59.649+0530][gc,cpu      ] GC(922) User=0.02s Sys=0.00s Real=0.01s
[2025-03-28T20:27:02.576+0530][gc,start    ] GC(923) Pause Young (Normal) (G1 Evacuation Pause)
[2025-03-28T20:27:02.576+0530][gc,task     ] GC(923) Using 2 workers of 2 for evacuation
[2025-03-28T20:27:02.594+0530][gc,phases   ] GC(923)   Pre Evacuate Collection Set: 0.2ms
[2025-03-28T20:27:02.594+0530][gc,phases   ] GC(923)   Merge Heap Roots: 0.3ms
[2025-03-28T20:27:02.594+0530][gc,phases   ] GC(923)   Evacuate Collection Set: 17.0ms
[2025-03-28T20:27:02.594+0530][gc,phases   ] GC(923)   Post Evacuate Collection Set: 0.9ms
[2025-03-28T20:27:02.594+0530][gc,phases   ] GC(923)   Other: 0.2ms
[2025-03-28T20:27:02.594+0530][gc,heap     ] GC(923) Eden regions: 173->0(42)
[2025-03-28T20:27:02.594+0530][gc,heap     ] GC(923) Survivor regions: 3->9(22)
[2025-03-28T20:27:02.594+0530][gc,heap     ] GC(923) Old regions: 73->73
[2025-03-28T20:27:02.594+0530][gc,heap     ] GC(923) Archive regions: 2->2
[2025-03-28T20:27:02.594+0530][gc,heap     ] GC(923) Humongous regions: 149->147
[2025-03-28T20:27:02.594+0530][gc,metaspace] GC(923) Metaspace: 54431K(55168K)->54431K(55168K) NonClass: 48322K(48704K)->48322K(48704K) Class: 6108K(6464K)->6108K(6464K)
[2025-03-28T20:27:02.594+0530][gc          ] GC(923) Pause Young (Normal) (G1 Evacuation Pause) 398M->229M(1024M) 18.677ms
[2025-03-28T20:27:02.594+0530][gc,cpu      ] GC(923) User=0.02s Sys=0.00s Real=0.01s
[2025-03-28T20:27:02.638+0530][gc,start    ] GC(924) Pause Young (Normal) (G1 Evacuation Pause)
[2025-03-28T20:27:02.638+0530][gc,task     ] GC(924) Using 2 workers of 2 for evacuation
[2025-03-28T20:27:02.647+0530][gc,phases   ] GC(924)   Pre Evacuate Collection Set: 0.2ms
[2025-03-28T20:27:02.647+0530][gc,phases   ] GC(924)   Merge Heap Roots: 0.1ms
[2025-03-28T20:27:02.647+0530][gc,phases   ] GC(924)   Evacuate Collection Set: 7.6ms
[2025-03-28T20:27:02.647+0530][gc,phases   ] GC(924)   Post Evacuate Collection Set: 0.8ms
[2025-03-28T20:27:02.647+0530][gc,phases   ] GC(924)   Other: 0.2ms
[2025-03-28T20:27:02.647+0530][gc,heap     ] GC(924) Eden regions: 42->0(121)
[2025-03-28T20:27:02.647+0530][gc,heap     ] GC(924) Survivor regions: 9->1(7)
[2025-03-28T20:27:02.647+0530][gc,heap     ] GC(924) Old regions: 73->77
[2025-03-28T20:27:02.647+0530][gc,heap     ] GC(924) Archive regions: 2->2
[2025-03-28T20:27:02.647+0530][gc,heap     ] GC(924) Humongous regions: 149->149
[2025-03-28T20:27:02.647+0530][gc,metaspace] GC(924) Metaspace: 54431K(55168K)->54431K(55168K) NonClass: 48322K(48704K)->48322K(48704K) Class: 6108K(6464K)->6108K(6464K)
[2025-03-28T20:27:02.647+0530][gc          ] GC(924) Pause Young (Normal) (G1 Evacuation Pause) 273M->226M(1024M) 8.972ms
[2025-03-28T20:27:02.647+0530][gc,cpu      ] GC(924) User=0.01s Sys=0.00s Real=0.01s
[2025-03-28T20:27:12.459+0530][gc,start    ] GC(925) Pause Young (Normal) (G1 Evacuation Pause)
[2025-03-28T20:27:12.459+0530][gc,task     ] GC(925) Using 2 workers of 2 for evacuation
[2025-03-28T20:27:12.477+0530][gc,phases   ] GC(925)   Pre Evacuate Collection Set: 0.2ms
[2025-03-28T20:27:12.477+0530][gc,phases   ] GC(925)   Merge Heap Roots: 0.1ms
[2025-03-28T20:27:12.477+0530][gc,phases   ] GC(925)   Evacuate Collection Set: 9.7ms
[2025-03-28T20:27:12.477+0530][gc,phases   ] GC(925)   Post Evacuate Collection Set: 1.6ms
[2025-03-28T20:27:12.477+0530][gc,phases   ] GC(925)   Other: 5.7ms
[2025-03-28T20:27:12.477+0530][gc,heap     ] GC(925) Eden regions: 121->0(64)
[2025-03-28T20:27:12.477+0530][gc,heap     ] GC(925) Survivor regions: 1->9(16)
[2025-03-28T20:27:12.477+0530][gc,heap     ] GC(925) Old regions: 77->77
[2025-03-28T20:27:12.477+0530][gc,heap     ] GC(925) Archive regions: 2->2
[2025-03-28T20:27:12.477+0530][gc,heap     ] GC(925) Humongous regions: 151->147
[2025-03-28T20:27:12.477+0530][gc,metaspace] GC(925) Metaspace: 54431K(55168K)->54431K(55168K) NonClass: 48323K(48704K)->48323K(48704K) Class: 6108K(6464K)->6108K(6464K)
[2025-03-28T20:27:12.477+0530][gc          ] GC(925) Pause Young (Normal) (G1 Evacuation Pause) 349M->232M(1024M) 17.486ms
[2025-03-28T20:27:12.477+0530][gc,cpu      ] GC(925) User=0.02s Sys=0.00s Real=0.02s
[2025-03-28T20:27:12.555+0530][gc,start    ] GC(926) Pause Young (Normal) (G1 Evacuation Pause)
[2025-03-28T20:27:12.555+0530][gc,task     ] GC(926) Using 2 workers of 2 for evacuation
[2025-03-28T20:27:12.576+0530][gc,mmu      ] GC(926) MMU target violated: 20.7ms (20.0ms/21.0ms)
[2025-03-28T20:27:12.576+0530][gc,phases   ] GC(926)   Pre Evacuate Collection Set: 2.6ms
[2025-03-28T20:27:12.576+0530][gc,phases   ] GC(926)   Merge Heap Roots: 0.2ms
[2025-03-28T20:27:12.576+0530][gc,phases   ] GC(926)   Evacuate Collection Set: 17.5ms
[2025-03-28T20:27:12.576+0530][gc,phases   ] GC(926)   Post Evacuate Collection Set: 0.4ms
[2025-03-28T20:27:12.576+0530][gc,phases   ] GC(926)   Other: 0.2ms
[2025-03-28T20:27:12.576+0530][gc,heap     ] GC(926) Eden regions: 64->0(55)
[2025-03-28T20:27:12.576+0530][gc,heap     ] GC(926) Survivor regions: 9->8(10)
[2025-03-28T20:27:12.576+0530][gc,heap     ] GC(926) Old regions: 77->85
[2025-03-28T20:27:12.576+0530][gc,heap     ] GC(926) Archive regions: 2->2
[2025-03-28T20:27:12.576+0530][gc,heap     ] GC(926) Humongous regions: 147->147
[2025-03-28T20:27:12.576+0530][gc,metaspace] GC(926) Metaspace: 54431K(55168K)->54431K(55168K) NonClass: 48323K(48704K)->48323K(48704K) Class: 6108K(6464K)->6108K(6464K)
[2025-03-28T20:27:12.576+0530][gc          ] GC(926) Pause Young (Normal) (G1 Evacuation Pause) 296M->240M(1024M) 20.964ms
[2025-03-28T20:27:12.576+0530][gc,cpu      ] GC(926) User=0.03s Sys=0.00s Real=0.03s
[2025-03-28T20:27:19.633+0530][gc,start    ] GC(927) Pause Young (Normal) (G1 Evacuation Pause)
[2025-03-28T20:27:19.633+0530][gc,task     ] GC(927) Using 2 workers of 2 for evacuation
[2025-03-28T20:27:19.659+0530][gc,mmu      ] GC(927) MMU target violated: 21.0ms (20.0ms/21.0ms)
[2025-03-28T20:27:19.659+0530][gc,phases   ] GC(927)   Pre Evacuate Collection Set: 1.6ms
[2025-03-28T20:27:19.659+0530][gc,phases   ] GC(927)   Merge Heap Roots: 0.2ms
[2025-03-28T20:27:19.659+0530][gc,phases   ] GC(927)   Evacuate Collection Set: 24.0ms
[2025-03-28T20:27:19.659+0530][gc,phases   ] GC(927)   Post Evacuate Collection Set: 0.6ms
[2025-03-28T20:27:19.659+0530][gc,phases   ] GC(927)   Other: 0.4ms
[2025-03-28T20:27:19.659+0530][gc,heap     ] GC(927) Eden regions: 55->0(49)
[2025-03-28T20:27:19.659+0530][gc,heap     ] GC(927) Survivor regions: 8->2(8)
[2025-03-28T20:27:19.660+0530][gc,heap     ] GC(927) Old regions: 85->87
[2025-03-28T20:27:19.660+0530][gc,heap     ] GC(927) Archive regions: 2->2
[2025-03-28T20:27:19.660+0530][gc,heap     ] GC(927) Humongous regions: 149->147
[2025-03-28T20:27:19.660+0530][gc,metaspace] GC(927) Metaspace: 54431K(55168K)->54431K(55168K) NonClass: 48323K(48704K)->48323K(48704K) Class: 6108K(6464K)->6108K(6464K)
[2025-03-28T20:27:19.660+0530][gc          ] GC(927) Pause Young (Normal) (G1 Evacuation Pause) 297M->236M(1024M) 26.747ms
[2025-03-28T20:27:19.660+0530][gc,cpu      ] GC(927) User=0.02s Sys=0.00s Real=0.03s
[2025-03-28T20:27:19.724+0530][gc,start    ] GC(928) Pause Young (Normal) (G1 Evacuation Pause)
[2025-03-28T20:27:19.724+0530][gc,task     ] GC(928) Using 2 workers of 2 for evacuation
[2025-03-28T20:27:19.749+0530][gc,mmu      ] GC(928) MMU target violated: 21.0ms (20.0ms/21.0ms)
[2025-03-28T20:27:19.749+0530][gc,phases   ] GC(928)   Pre Evacuate Collection Set: 0.2ms
[2025-03-28T20:27:19.749+0530][gc,phases   ] GC(928)   Merge Heap Roots: 0.1ms
[2025-03-28T20:27:19.749+0530][gc,phases   ] GC(928)   Evacuate Collection Set: 24.7ms
[2025-03-28T20:27:19.749+0530][gc,phases   ] GC(928)   Post Evacuate Collection Set: 0.4ms
[2025-03-28T20:27:19.749+0530][gc,phases   ] GC(928)   Other: 0.2ms
[2025-03-28T20:27:19.749+0530][gc,heap     ] GC(928) Eden regions: 49->0(44)
[2025-03-28T20:27:19.749+0530][gc,heap     ] GC(928) Survivor regions: 2->7(7)
[2025-03-28T20:27:19.749+0530][gc,heap     ] GC(928) Old regions: 87->88
[2025-03-28T20:27:19.749+0530][gc,heap     ] GC(928) Archive regions: 2->2
[2025-03-28T20:27:19.749+0530][gc,heap     ] GC(928) Humongous regions: 147->147
[2025-03-28T20:27:19.749+0530][gc,metaspace] GC(928) Metaspace: 54431K(55168K)->54431K(55168K) NonClass: 48323K(48704K)->48323K(48704K) Class: 6108K(6464K)->6108K(6464K)
[2025-03-28T20:27:19.749+0530][gc          ] GC(928) Pause Young (Normal) (G1 Evacuation Pause) 285M->242M(1024M) 25.630ms
[2025-03-28T20:27:19.750+0530][gc,cpu      ] GC(928) User=0.01s Sys=0.00s Real=0.03s
[2025-03-28T20:27:19.849+0530][gc,start    ] GC(929) Pause Young (Normal) (G1 Evacuation Pause)
[2025-03-28T20:27:19.850+0530][gc,task     ] GC(929) Using 2 workers of 2 for evacuation
[2025-03-28T20:27:19.868+0530][gc,phases   ] GC(929)   Pre Evacuate Collection Set: 0.2ms
[2025-03-28T20:27:19.868+0530][gc,phases   ] GC(929)   Merge Heap Roots: 0.1ms
[2025-03-28T20:27:19.868+0530][gc,phases   ] GC(929)   Evacuate Collection Set: 8.7ms
[2025-03-28T20:27:19.868+0530][gc,phases   ] GC(929)   Post Evacuate Collection Set: 9.3ms
[2025-03-28T20:27:19.868+0530][gc,phases   ] GC(929)   Other: 0.5ms
[2025-03-28T20:27:19.868+0530][gc,heap     ] GC(929) Eden regions: 44->0(49)
[2025-03-28T20:27:19.868+0530][gc,heap     ] GC(929) Survivor regions: 7->2(7)
[2025-03-28T20:27:19.868+0530][gc,heap     ] GC(929) Old regions: 88->95
[2025-03-28T20:27:19.868+0530][gc,heap     ] GC(929) Archive regions: 2->2
[2025-03-28T20:27:19.868+0530][gc,heap     ] GC(929) Humongous regions: 149->149
[2025-03-28T20:27:19.868+0530][gc,metaspace] GC(929) Metaspace: 54431K(55168K)->54431K(55168K) NonClass: 48323K(48704K)->48323K(48704K) Class: 6108K(6464K)->6108K(6464K)
[2025-03-28T20:27:19.868+0530][gc          ] GC(929) Pause Young (Normal) (G1 Evacuation Pause) 288M->246M(1024M) 18.917ms
[2025-03-28T20:27:19.868+0530][gc,cpu      ] GC(929) User=0.01s Sys=0.00s Real=0.02s
[2025-03-28T20:27:22.476+0530][gc,start    ] GC(930) Pause Young (Normal) (G1 Evacuation Pause)
[2025-03-28T20:27:22.477+0530][gc,task     ] GC(930) Using 2 workers of 2 for evacuation
[2025-03-28T20:27:22.489+0530][gc,phases   ] GC(930)   Pre Evacuate Collection Set: 0.3ms
[2025-03-28T20:27:22.489+0530][gc,phases   ] GC(930)   Merge Heap Roots: 0.1ms
[2025-03-28T20:27:22.489+0530][gc,phases   ] GC(930)   Evacuate Collection Set: 11.5ms
[2025-03-28T20:27:22.489+0530][gc,phases   ] GC(930)   Post Evacuate Collection Set: 0.8ms
[2025-03-28T20:27:22.489+0530][gc,phases   ] GC(930)   Other: 0.2ms
[2025-03-28T20:27:22.489+0530][gc,heap     ] GC(930) Eden regions: 49->0(45)
[2025-03-28T20:27:22.489+0530][gc,heap     ] GC(930) Survivor regions: 2->6(7)
[2025-03-28T20:27:22.489+0530][gc,heap     ] GC(930) Old regions: 95->95
[2025-03-28T20:27:22.489+0530][gc,heap     ] GC(930) Archive regions: 2->2
[2025-03-28T20:27:22.489+0530][gc,heap     ] GC(930) Humongous regions: 149->147
[2025-03-28T20:27:22.489+0530][gc,metaspace] GC(930) Metaspace: 54431K(55168K)->54431K(55168K) NonClass: 48323K(48704K)->48323K(48704K) Class: 6108K(6464K)->6108K(6464K)
[2025-03-28T20:27:22.490+0530][gc          ] GC(930) Pause Young (Normal) (G1 Evacuation Pause) 295M->248M(1024M) 13.047ms
[2025-03-28T20:27:22.490+0530][gc,cpu      ] GC(930) User=0.02s Sys=0.01s Real=0.01s
[2025-03-28T20:27:22.568+0530][gc,start    ] GC(931) Pause Young (Normal) (G1 Evacuation Pause)
[2025-03-28T20:27:22.568+0530][gc,task     ] GC(931) Using 2 workers of 2 for evacuation
[2025-03-28T20:27:22.580+0530][gc,phases   ] GC(931)   Pre Evacuate Collection Set: 0.2ms
[2025-03-28T20:27:22.580+0530][gc,phases   ] GC(931)   Merge Heap Roots: 0.1ms
[2025-03-28T20:27:22.580+0530][gc,phases   ] GC(931)   Evacuate Collection Set: 10.5ms
[2025-03-28T20:27:22.580+0530][gc,phases   ] GC(931)   Post Evacuate Collection Set: 0.6ms
[2025-03-28T20:27:22.580+0530][gc,phases   ] GC(931)   Other: 0.1ms
[2025-03-28T20:27:22.580+0530][gc,heap     ] GC(931) Eden regions: 45->0(62)
[2025-03-28T20:27:22.580+0530][gc,heap     ] GC(931) Survivor regions: 6->2(7)
[2025-03-28T20:27:22.580+0530][gc,heap     ] GC(931) Old regions: 95->97
[2025-03-28T20:27:22.580+0530][gc,heap     ] GC(931) Archive regions: 2->2
[2025-03-28T20:27:22.580+0530][gc,heap     ] GC(931) Humongous regions: 149->149
[2025-03-28T20:27:22.580+0530][gc,metaspace] GC(931) Metaspace: 54431K(55168K)->54431K(55168K) NonClass: 48323K(48704K)->48323K(48704K) Class: 6108K(6464K)->6108K(6464K)
[2025-03-28T20:27:22.580+0530][gc          ] GC(931) Pause Young (Normal) (G1 Evacuation Pause) 295M->248M(1024M) 11.662ms
[2025-03-28T20:27:22.580+0530][gc,cpu      ] GC(931) User=0.02s Sys=0.00s Real=0.01s
[2025-03-28T20:27:29.658+0530][gc,start    ] GC(932) Pause Young (Normal) (G1 Evacuation Pause)
[2025-03-28T20:27:29.658+0530][gc,task     ] GC(932) Using 2 workers of 2 for evacuation
[2025-03-28T20:27:29.663+0530][gc,phases   ] GC(932)   Pre Evacuate Collection Set: 0.2ms
[2025-03-28T20:27:29.663+0530][gc,phases   ] GC(932)   Merge Heap Roots: 0.1ms
[2025-03-28T20:27:29.663+0530][gc,phases   ] GC(932)   Evacuate Collection Set: 4.5ms
[2025-03-28T20:27:29.663+0530][gc,phases   ] GC(932)   Post Evacuate Collection Set: 0.5ms
[2025-03-28T20:27:29.663+0530][gc,phases   ] GC(932)   Other: 0.1ms
[2025-03-28T20:27:29.663+0530][gc,heap     ] GC(932) Eden regions: 62->0(74)
[2025-03-28T20:27:29.663+0530][gc,heap     ] GC(932) Survivor regions: 2->4(8)
[2025-03-28T20:27:29.663+0530][gc,heap     ] GC(932) Old regions: 97->97
[2025-03-28T20:27:29.663+0530][gc,heap     ] GC(932) Archive regions: 2->2
[2025-03-28T20:27:29.663+0530][gc,heap     ] GC(932) Humongous regions: 149->147
[2025-03-28T20:27:29.663+0530][gc,metaspace] GC(932) Metaspace: 54433K(55168K)->54433K(55168K) NonClass: 48324K(48704K)->48324K(48704K) Class: 6108K(6464K)->6108K(6464K)
[2025-03-28T20:27:29.663+0530][gc          ] GC(932) Pause Young (Normal) (G1 Evacuation Pause) 310M->248M(1024M) 5.466ms
[2025-03-28T20:27:29.663+0530][gc,cpu      ] GC(932) User=0.01s Sys=0.01s Real=0.00s
[2025-03-28T20:27:29.803+0530][gc,start    ] GC(933) Pause Young (Normal) (G1 Evacuation Pause)
[2025-03-28T20:27:29.803+0530][gc,task     ] GC(933) Using 2 workers of 2 for evacuation
[2025-03-28T20:27:29.812+0530][gc,phases   ] GC(933)   Pre Evacuate Collection Set: 0.1ms
[2025-03-28T20:27:29.812+0530][gc,phases   ] GC(933)   Merge Heap Roots: 0.1ms
[2025-03-28T20:27:29.812+0530][gc,phases   ] GC(933)   Evacuate Collection Set: 8.0ms
[2025-03-28T20:27:29.812+0530][gc,phases   ] GC(933)   Post Evacuate Collection Set: 0.5ms
[2025-03-28T20:27:29.812+0530][gc,phases   ] GC(933)   Other: 0.1ms
[2025-03-28T20:27:29.812+0530][gc,heap     ] GC(933) Eden regions: 74->0(42)
[2025-03-28T20:27:29.812+0530][gc,heap     ] GC(933) Survivor regions: 4->9(10)
[2025-03-28T20:27:29.812+0530][gc,heap     ] GC(933) Old regions: 97->97
[2025-03-28T20:27:29.812+0530][gc,heap     ] GC(933) Archive regions: 2->2
[2025-03-28T20:27:29.812+0530][gc,heap     ] GC(933) Humongous regions: 149->149
[2025-03-28T20:27:29.812+0530][gc,metaspace] GC(933) Metaspace: 54433K(55168K)->54433K(55168K) NonClass: 48324K(48704K)->48324K(48704K) Class: 6108K(6464K)->6108K(6464K)
[2025-03-28T20:27:29.812+0530][gc          ] GC(933) Pause Young (Normal) (G1 Evacuation Pause) 324M->255M(1024M) 9.013ms
[2025-03-28T20:27:29.812+0530][gc,cpu      ] GC(933) User=0.02s Sys=0.00s Real=0.00s
[2025-03-28T20:27:32.475+0530][gc,start    ] GC(934) Pause Young (Normal) (G1 Evacuation Pause)
[2025-03-28T20:27:32.475+0530][gc,task     ] GC(934) Using 2 workers of 2 for evacuation
[2025-03-28T20:27:32.501+0530][gc,mmu      ] GC(934) MMU target violated: 21.0ms (20.0ms/21.0ms)
[2025-03-28T20:27:32.501+0530][gc,phases   ] GC(934)   Pre Evacuate Collection Set: 0.3ms
[2025-03-28T20:27:32.501+0530][gc,phases   ] GC(934)   Merge Heap Roots: 0.2ms
[2025-03-28T20:27:32.501+0530][gc,phases   ] GC(934)   Evacuate Collection Set: 25.0ms
[2025-03-28T20:27:32.501+0530][gc,phases   ] GC(934)   Post Evacuate Collection Set: 0.5ms
[2025-03-28T20:27:32.501+0530][gc,phases   ] GC(934)   Other: 0.2ms
[2025-03-28T20:27:32.501+0530][gc,heap     ] GC(934) Eden regions: 42->0(75)
[2025-03-28T20:27:32.501+0530][gc,heap     ] GC(934) Survivor regions: 9->4(7)
[2025-03-28T20:27:32.501+0530][gc,heap     ] GC(934) Old regions: 97->105
[2025-03-28T20:27:32.501+0530][gc,heap     ] GC(934) Archive regions: 2->2
[2025-03-28T20:27:32.501+0530][gc,heap     ] GC(934) Humongous regions: 149->147
[2025-03-28T20:27:32.501+0530][gc,metaspace] GC(934) Metaspace: 54433K(55168K)->54433K(55168K) NonClass: 48325K(48704K)->48325K(48704K) Class: 6108K(6464K)->6108K(6464K)
[2025-03-28T20:27:32.501+0530][gc          ] GC(934) Pause Young (Normal) (G1 Evacuation Pause) 297M->256M(1024M) 26.265ms
[2025-03-28T20:27:32.501+0530][gc,cpu      ] GC(934) User=0.02s Sys=0.00s Real=0.03s
[2025-03-28T20:27:32.606+0530][gc,start    ] GC(935) Pause Young (Normal) (G1 Evacuation Pause)
[2025-03-28T20:27:32.606+0530][gc,task     ] GC(935) Using 2 workers of 2 for evacuation
[2025-03-28T20:27:32.612+0530][gc,phases   ] GC(935)   Pre Evacuate Collection Set: 0.3ms
[2025-03-28T20:27:32.612+0530][gc,phases   ] GC(935)   Merge Heap Roots: 0.1ms
[2025-03-28T20:27:32.612+0530][gc,phases   ] GC(935)   Evacuate Collection Set: 4.6ms
[2025-03-28T20:27:32.612+0530][gc,phases   ] GC(935)   Post Evacuate Collection Set: 0.6ms
[2025-03-28T20:27:32.612+0530][gc,phases   ] GC(935)   Other: 0.1ms
[2025-03-28T20:27:32.612+0530][gc,heap     ] GC(935) Eden regions: 75->0(129)
[2025-03-28T20:27:32.612+0530][gc,heap     ] GC(935) Survivor regions: 4->3(10)
[2025-03-28T20:27:32.612+0530][gc,heap     ] GC(935) Old regions: 105->105
[2025-03-28T20:27:32.612+0530][gc,heap     ] GC(935) Archive regions: 2->2
[2025-03-28T20:27:32.612+0530][gc,heap     ] GC(935) Humongous regions: 149->149
[2025-03-28T20:27:32.612+0530][gc,metaspace] GC(935) Metaspace: 54433K(55168K)->54433K(55168K) NonClass: 48325K(48704K)->48325K(48704K) Class: 6108K(6464K)->6108K(6464K)
[2025-03-28T20:27:32.612+0530][gc          ] GC(935) Pause Young (Normal) (G1 Evacuation Pause) 333M->257M(1024M) 5.817ms
[2025-03-28T20:27:32.612+0530][gc,cpu      ] GC(935) User=0.00s Sys=0.00s Real=0.01s
[2025-03-28T20:27:42.526+0530][gc,start    ] GC(936) Pause Young (Normal) (G1 Evacuation Pause)
[2025-03-28T20:27:42.526+0530][gc,task     ] GC(936) Using 2 workers of 2 for evacuation
[2025-03-28T20:27:42.540+0530][gc,phases   ] GC(936)   Pre Evacuate Collection Set: 0.2ms
[2025-03-28T20:27:42.540+0530][gc,phases   ] GC(936)   Merge Heap Roots: 0.1ms
[2025-03-28T20:27:42.540+0530][gc,phases   ] GC(936)   Evacuate Collection Set: 13.1ms
[2025-03-28T20:27:42.540+0530][gc,phases   ] GC(936)   Post Evacuate Collection Set: 1.1ms
[2025-03-28T20:27:42.540+0530][gc,phases   ] GC(936)   Other: 0.3ms
[2025-03-28T20:27:42.540+0530][gc,heap     ] GC(936) Eden regions: 129->0(72)
[2025-03-28T20:27:42.540+0530][gc,heap     ] GC(936) Survivor regions: 3->10(17)
[2025-03-28T20:27:42.540+0530][gc,heap     ] GC(936) Old regions: 105->105
[2025-03-28T20:27:42.540+0530][gc,heap     ] GC(936) Archive regions: 2->2
[2025-03-28T20:27:42.540+0530][gc,heap     ] GC(936) Humongous regions: 151->147
[2025-03-28T20:27:42.540+0530][gc,metaspace] GC(936) Metaspace: 54437K(55168K)->54437K(55168K) NonClass: 48328K(48704K)->48328K(48704K) Class: 6108K(6464K)->6108K(6464K)
[2025-03-28T20:27:42.540+0530][gc          ] GC(936) Pause Young (Normal) (G1 Evacuation Pause) 388M->262M(1024M) 14.949ms
[2025-03-28T20:27:42.540+0530][gc,cpu      ] GC(936) User=0.03s Sys=0.00s Real=0.01s
[2025-03-28T20:27:42.647+0530][gc,start    ] GC(937) Pause Young (Normal) (G1 Evacuation Pause)
[2025-03-28T20:27:42.647+0530][gc,task     ] GC(937) Using 2 workers of 2 for evacuation
[2025-03-28T20:27:43.015+0530][gc,mmu      ] GC(937) MMU target violated: 21.0ms (20.0ms/21.0ms)
[2025-03-28T20:27:43.015+0530][gc,phases   ] GC(937)   Pre Evacuate Collection Set: 0.3ms
[2025-03-28T20:27:43.015+0530][gc,phases   ] GC(937)   Merge Heap Roots: 0.2ms
[2025-03-28T20:27:43.016+0530][gc,phases   ] GC(937)   Evacuate Collection Set: 365.8ms
[2025-03-28T20:27:43.016+0530][gc,phases   ] GC(937)   Post Evacuate Collection Set: 1.5ms
[2025-03-28T20:27:43.016+0530][gc,phases   ] GC(937)   Other: 0.9ms
[2025-03-28T20:27:43.016+0530][gc,heap     ] GC(937) Eden regions: 72->0(48)
[2025-03-28T20:27:43.016+0530][gc,heap     ] GC(937) Survivor regions: 10->3(11)
[2025-03-28T20:27:43.016+0530][gc,heap     ] GC(937) Old regions: 105->113
[2025-03-28T20:27:43.016+0530][gc,heap     ] GC(937) Archive regions: 2->2
[2025-03-28T20:27:43.016+0530][gc,heap     ] GC(937) Humongous regions: 149->149
[2025-03-28T20:27:43.016+0530][gc,metaspace] GC(937) Metaspace: 54437K(55168K)->54437K(55168K) NonClass: 48328K(48704K)->48328K(48704K) Class: 6108K(6464K)->6108K(6464K)
[2025-03-28T20:27:43.016+0530][gc          ] GC(937) Pause Young (Normal) (G1 Evacuation Pause) 336M->265M(1024M) 369.177ms
[2025-03-28T20:27:43.016+0530][gc,cpu      ] GC(937) User=0.08s Sys=0.07s Real=0.36s
[2025-03-28T20:27:49.676+0530][gc,start    ] GC(938) Pause Young (Normal) (G1 Evacuation Pause)
[2025-03-28T20:27:49.676+0530][gc,task     ] GC(938) Using 2 workers of 2 for evacuation
[2025-03-28T20:27:49.684+0530][gc,phases   ] GC(938)   Pre Evacuate Collection Set: 0.3ms
[2025-03-28T20:27:49.684+0530][gc,phases   ] GC(938)   Merge Heap Roots: 0.1ms
[2025-03-28T20:27:49.684+0530][gc,phases   ] GC(938)   Evacuate Collection Set: 7.0ms
[2025-03-28T20:27:49.684+0530][gc,phases   ] GC(938)   Post Evacuate Collection Set: 0.5ms
[2025-03-28T20:27:49.684+0530][gc,phases   ] GC(938)   Other: 0.1ms
[2025-03-28T20:27:49.684+0530][gc,heap     ] GC(938) Eden regions: 48->0(49)
[2025-03-28T20:27:49.684+0530][gc,heap     ] GC(938) Survivor regions: 3->2(7)
[2025-03-28T20:27:49.684+0530][gc,heap     ] GC(938) Old regions: 113->113
[2025-03-28T20:27:49.684+0530][gc,heap     ] GC(938) Archive regions: 2->2
[2025-03-28T20:27:49.684+0530][gc,heap     ] GC(938) Humongous regions: 149->147
[2025-03-28T20:27:49.684+0530][gc,metaspace] GC(938) Metaspace: 54437K(55168K)->54437K(55168K) NonClass: 48328K(48704K)->48328K(48704K) Class: 6108K(6464K)->6108K(6464K)
[2025-03-28T20:27:49.684+0530][gc          ] GC(938) Pause Young (Normal) (G1 Evacuation Pause) 313M->262M(1024M) 8.131ms
[2025-03-28T20:27:49.684+0530][gc,cpu      ] GC(938) User=0.00s Sys=0.01s Real=0.00s
[2025-03-28T20:27:49.802+0530][gc,start    ] GC(939) Pause Young (Normal) (G1 Evacuation Pause)
[2025-03-28T20:27:49.802+0530][gc,task     ] GC(939) Using 2 workers of 2 for evacuation
[2025-03-28T20:27:49.834+0530][gc,mmu      ] GC(939) MMU target violated: 21.0ms (20.0ms/21.0ms)
[2025-03-28T20:27:49.834+0530][gc,phases   ] GC(939)   Pre Evacuate Collection Set: 0.2ms
[2025-03-28T20:27:49.834+0530][gc,phases   ] GC(939)   Merge Heap Roots: 0.1ms
[2025-03-28T20:27:49.834+0530][gc,phases   ] GC(939)   Evacuate Collection Set: 32.0ms
[2025-03-28T20:27:49.834+0530][gc,phases   ] GC(939)   Post Evacuate Collection Set: 0.5ms
[2025-03-28T20:27:49.834+0530][gc,phases   ] GC(939)   Other: 0.2ms
[2025-03-28T20:27:49.834+0530][gc,heap     ] GC(939) Eden regions: 49->0(44)
[2025-03-28T20:27:49.834+0530][gc,heap     ] GC(939) Survivor regions: 2->7(7)
[2025-03-28T20:27:49.834+0530][gc,heap     ] GC(939) Old regions: 113->114
[2025-03-28T20:27:49.834+0530][gc,heap     ] GC(939) Archive regions: 2->2
[2025-03-28T20:27:49.834+0530][gc,heap     ] GC(939) Humongous regions: 147->147
[2025-03-28T20:27:49.834+0530][gc,metaspace] GC(939) Metaspace: 54437K(55168K)->54437K(55168K) NonClass: 48328K(48704K)->48328K(48704K) Class: 6108K(6464K)->6108K(6464K)
[2025-03-28T20:27:49.835+0530][gc          ] GC(939) Pause Young (Normal) (G1 Evacuation Pause) 311M->268M(1024M) 33.008ms
[2025-03-28T20:27:49.835+0530][gc,cpu      ] GC(939) User=0.01s Sys=0.01s Real=0.04s
[2025-03-28T20:27:49.965+0530][gc,start    ] GC(940) Pause Young (Normal) (G1 Evacuation Pause)
[2025-03-28T20:27:49.965+0530][gc,task     ] GC(940) Using 2 workers of 2 for evacuation
[2025-03-28T20:27:50.038+0530][gc,mmu      ] GC(940) MMU target violated: 21.0ms (20.0ms/21.0ms)
[2025-03-28T20:27:50.038+0530][gc,phases   ] GC(940)   Pre Evacuate Collection Set: 2.6ms
[2025-03-28T20:27:50.038+0530][gc,phases   ] GC(940)   Merge Heap Roots: 0.2ms
[2025-03-28T20:27:50.038+0530][gc,phases   ] GC(940)   Evacuate Collection Set: 69.0ms
[2025-03-28T20:27:50.038+0530][gc,phases   ] GC(940)   Post Evacuate Collection Set: 0.5ms
[2025-03-28T20:27:50.038+0530][gc,phases   ] GC(940)   Other: 0.7ms
[2025-03-28T20:27:50.038+0530][gc,heap     ] GC(940) Eden regions: 44->0(49)
[2025-03-28T20:27:50.038+0530][gc,heap     ] GC(940) Survivor regions: 7->2(7)
[2025-03-28T20:27:50.038+0530][gc,heap     ] GC(940) Old regions: 114->121
[2025-03-28T20:27:50.038+0530][gc,heap     ] GC(940) Archive regions: 2->2
[2025-03-28T20:27:50.038+0530][gc,heap     ] GC(940) Humongous regions: 149->149
[2025-03-28T20:27:50.038+0530][gc,metaspace] GC(940) Metaspace: 54437K(55168K)->54437K(55168K) NonClass: 48328K(48704K)->48328K(48704K) Class: 6108K(6464K)->6108K(6464K)
[2025-03-28T20:27:50.038+0530][gc          ] GC(940) Pause Young (Normal) (G1 Evacuation Pause) 314M->272M(1024M) 73.112ms
[2025-03-28T20:27:50.038+0530][gc,cpu      ] GC(940) User=0.02s Sys=0.00s Real=0.07s
[2025-03-28T20:27:52.481+0530][gc,start    ] GC(941) Pause Young (Normal) (G1 Evacuation Pause)
[2025-03-28T20:27:52.481+0530][gc,task     ] GC(941) Using 2 workers of 2 for evacuation
[2025-03-28T20:27:52.499+0530][gc,phases   ] GC(941)   Pre Evacuate Collection Set: 0.4ms
[2025-03-28T20:27:52.499+0530][gc,phases   ] GC(941)   Merge Heap Roots: 0.3ms
[2025-03-28T20:27:52.499+0530][gc,phases   ] GC(941)   Evacuate Collection Set: 15.9ms
[2025-03-28T20:27:52.499+0530][gc,phases   ] GC(941)   Post Evacuate Collection Set: 0.8ms
[2025-03-28T20:27:52.499+0530][gc,phases   ] GC(941)   Other: 0.2ms
[2025-03-28T20:27:52.499+0530][gc,heap     ] GC(941) Eden regions: 49->0(45)
[2025-03-28T20:27:52.499+0530][gc,heap     ] GC(941) Survivor regions: 2->6(7)
[2025-03-28T20:27:52.499+0530][gc,heap     ] GC(941) Old regions: 121->121
[2025-03-28T20:27:52.499+0530][gc,heap     ] GC(941) Archive regions: 2->2
[2025-03-28T20:27:52.499+0530][gc,heap     ] GC(941) Humongous regions: 149->147
[2025-03-28T20:27:52.499+0530][gc,metaspace] GC(941) Metaspace: 54441K(55168K)->54441K(55168K) NonClass: 48332K(48704K)->48332K(48704K) Class: 6108K(6464K)->6108K(6464K)
[2025-03-28T20:27:52.499+0530][gc          ] GC(941) Pause Young (Normal) (G1 Evacuation Pause) 321M->274M(1024M) 17.676ms
[2025-03-28T20:27:52.499+0530][gc,cpu      ] GC(941) User=0.02s Sys=0.01s Real=0.02s
[2025-03-28T20:27:52.570+0530][gc,start    ] GC(942) Pause Young (Normal) (G1 Evacuation Pause)
[2025-03-28T20:27:52.570+0530][gc,task     ] GC(942) Using 2 workers of 2 for evacuation
[2025-03-28T20:27:52.604+0530][gc,mmu      ] GC(942) MMU target violated: 21.0ms (20.0ms/21.0ms)
[2025-03-28T20:27:52.605+0530][gc,phases   ] GC(942)   Pre Evacuate Collection Set: 0.2ms
[2025-03-28T20:27:52.605+0530][gc,phases   ] GC(942)   Merge Heap Roots: 0.1ms
[2025-03-28T20:27:52.605+0530][gc,phases   ] GC(942)   Evacuate Collection Set: 33.5ms
[2025-03-28T20:27:52.605+0530][gc,phases   ] GC(942)   Post Evacuate Collection Set: 0.3ms
[2025-03-28T20:27:52.605+0530][gc,phases   ] GC(942)   Other: 0.7ms
[2025-03-28T20:27:52.605+0530][gc,heap     ] GC(942) Eden regions: 45->0(49)
[2025-03-28T20:27:52.605+0530][gc,heap     ] GC(942) Survivor regions: 6->2(7)
[2025-03-28T20:27:52.605+0530][gc,heap     ] GC(942) Old regions: 121->123
[2025-03-28T20:27:52.605+0530][gc,heap     ] GC(942) Archive regions: 2->2
[2025-03-28T20:27:52.605+0530][gc,heap     ] GC(942) Humongous regions: 149->149
[2025-03-28T20:27:52.605+0530][gc,metaspace] GC(942) Metaspace: 54441K(55168K)->54441K(55168K) NonClass: 48332K(48704K)->48332K(48704K) Class: 6108K(6464K)->6108K(6464K)
[2025-03-28T20:27:52.605+0530][gc          ] GC(942) Pause Young (Normal) (G1 Evacuation Pause) 321M->274M(1024M) 34.905ms
[2025-03-28T20:27:52.605+0530][gc,cpu      ] GC(942) User=0.02s Sys=0.00s Real=0.03s
[2025-03-28T20:27:59.666+0530][gc,start    ] GC(943) Pause Young (Normal) (G1 Evacuation Pause)
[2025-03-28T20:27:59.666+0530][gc,task     ] GC(943) Using 2 workers of 2 for evacuation
[2025-03-28T20:27:59.672+0530][gc,phases   ] GC(943)   Pre Evacuate Collection Set: 0.6ms
[2025-03-28T20:27:59.672+0530][gc,phases   ] GC(943)   Merge Heap Roots: 0.1ms
[2025-03-28T20:27:59.672+0530][gc,phases   ] GC(943)   Evacuate Collection Set: 4.1ms
[2025-03-28T20:27:59.672+0530][gc,phases   ] GC(943)   Post Evacuate Collection Set: 1.0ms
[2025-03-28T20:27:59.672+0530][gc,phases   ] GC(943)   Other: 0.9ms
[2025-03-28T20:27:59.672+0530][gc,heap     ] GC(943) Eden regions: 49->0(48)
[2025-03-28T20:27:59.672+0530][gc,heap     ] GC(943) Survivor regions: 2->3(7)
[2025-03-28T20:27:59.672+0530][gc,heap     ] GC(943) Old regions: 123->123
[2025-03-28T20:27:59.672+0530][gc,heap     ] GC(943) Archive regions: 2->2
[2025-03-28T20:27:59.672+0530][gc,heap     ] GC(943) Humongous regions: 149->147
[2025-03-28T20:27:59.672+0530][gc,metaspace] GC(943) Metaspace: 54441K(55168K)->54441K(55168K) NonClass: 48332K(48704K)->48332K(48704K) Class: 6108K(6464K)->6108K(6464K)
[2025-03-28T20:27:59.672+0530][gc          ] GC(943) Pause Young (Normal) (G1 Evacuation Pause) 323M->273M(1024M) 6.756ms
[2025-03-28T20:27:59.672+0530][gc,cpu      ] GC(943) User=0.01s Sys=0.00s Real=0.02s
[2025-03-28T20:27:59.768+0530][gc,start    ] GC(944) Pause Young (Normal) (G1 Evacuation Pause)
[2025-03-28T20:27:59.768+0530][gc,task     ] GC(944) Using 2 workers of 2 for evacuation
[2025-03-28T20:27:59.799+0530][gc,mmu      ] GC(944) MMU target violated: 21.0ms (20.0ms/21.0ms)
[2025-03-28T20:27:59.799+0530][gc,phases   ] GC(944)   Pre Evacuate Collection Set: 0.2ms
[2025-03-28T20:27:59.799+0530][gc,phases   ] GC(944)   Merge Heap Roots: 0.1ms
[2025-03-28T20:27:59.799+0530][gc,phases   ] GC(944)   Evacuate Collection Set: 30.5ms
[2025-03-28T20:27:59.799+0530][gc,phases   ] GC(944)   Post Evacuate Collection Set: 0.5ms
[2025-03-28T20:27:59.799+0530][gc,phases   ] GC(944)   Other: 0.2ms
[2025-03-28T20:27:59.799+0530][gc,heap     ] GC(944) Eden regions: 48->0(44)
[2025-03-28T20:27:59.799+0530][gc,heap     ] GC(944) Survivor regions: 3->7(7)
[2025-03-28T20:27:59.799+0530][gc,heap     ] GC(944) Old regions: 123->124
[2025-03-28T20:27:59.799+0530][gc,heap     ] GC(944) Archive regions: 2->2
[2025-03-28T20:27:59.799+0530][gc,heap     ] GC(944) Humongous regions: 147->147
[2025-03-28T20:27:59.799+0530][gc,metaspace] GC(944) Metaspace: 54441K(55168K)->54441K(55168K) NonClass: 48332K(48704K)->48332K(48704K) Class: 6108K(6464K)->6108K(6464K)
[2025-03-28T20:27:59.799+0530][gc          ] GC(944) Pause Young (Normal) (G1 Evacuation Pause) 321M->278M(1024M) 31.446ms
[2025-03-28T20:27:59.799+0530][gc,cpu      ] GC(944) User=0.02s Sys=0.00s Real=0.03s
[2025-03-28T20:28:02.438+0530][gc,start    ] GC(945) Pause Young (Normal) (G1 Evacuation Pause)
[2025-03-28T20:28:02.438+0530][gc,task     ] GC(945) Using 2 workers of 2 for evacuation
[2025-03-28T20:28:02.591+0530][gc,mmu      ] GC(945) MMU target violated: 21.0ms (20.0ms/21.0ms)
[2025-03-28T20:28:02.591+0530][gc,phases   ] GC(945)   Pre Evacuate Collection Set: 0.2ms
[2025-03-28T20:28:02.591+0530][gc,phases   ] GC(945)   Merge Heap Roots: 0.1ms
[2025-03-28T20:28:02.591+0530][gc,phases   ] GC(945)   Evacuate Collection Set: 151.6ms
[2025-03-28T20:28:02.591+0530][gc,phases   ] GC(945)   Post Evacuate Collection Set: 0.5ms
[2025-03-28T20:28:02.591+0530][gc,phases   ] GC(945)   Other: 0.7ms
[2025-03-28T20:28:02.591+0530][gc,heap     ] GC(945) Eden regions: 44->0(50)
[2025-03-28T20:28:02.591+0530][gc,heap     ] GC(945) Survivor regions: 7->1(7)
[2025-03-28T20:28:02.591+0530][gc,heap     ] GC(945) Old regions: 124->131
[2025-03-28T20:28:02.591+0530][gc,heap     ] GC(945) Archive regions: 2->2
[2025-03-28T20:28:02.591+0530][gc,heap     ] GC(945) Humongous regions: 149->147
[2025-03-28T20:28:02.591+0530][gc,metaspace] GC(945) Metaspace: 54441K(55168K)->54441K(55168K) NonClass: 48332K(48704K)->48332K(48704K) Class: 6108K(6464K)->6108K(6464K)
[2025-03-28T20:28:02.591+0530][gc          ] GC(945) Pause Young (Normal) (G1 Evacuation Pause) 324M->279M(1024M) 153.307ms
[2025-03-28T20:28:02.591+0530][gc,cpu      ] GC(945) User=0.01s Sys=0.03s Real=0.15s
[2025-03-28T20:28:02.642+0530][gc,start    ] GC(946) Pause Young (Normal) (G1 Evacuation Pause)
[2025-03-28T20:28:02.642+0530][gc,task     ] GC(946) Using 2 workers of 2 for evacuation
[2025-03-28T20:28:02.651+0530][gc,phases   ] GC(946)   Pre Evacuate Collection Set: 0.5ms
[2025-03-28T20:28:02.651+0530][gc,phases   ] GC(946)   Merge Heap Roots: 0.1ms
[2025-03-28T20:28:02.651+0530][gc,phases   ] GC(946)   Evacuate Collection Set: 7.2ms
[2025-03-28T20:28:02.651+0530][gc,phases   ] GC(946)   Post Evacuate Collection Set: 0.6ms
[2025-03-28T20:28:02.651+0530][gc,phases   ] GC(946)   Other: 0.3ms
[2025-03-28T20:28:02.651+0530][gc,heap     ] GC(946) Eden regions: 50->0(45)
[2025-03-28T20:28:02.651+0530][gc,heap     ] GC(946) Survivor regions: 1->6(7)
[2025-03-28T20:28:02.651+0530][gc,heap     ] GC(946) Old regions: 131->131
[2025-03-28T20:28:02.651+0530][gc,heap     ] GC(946) Archive regions: 2->2
[2025-03-28T20:28:02.651+0530][gc,heap     ] GC(946) Humongous regions: 147->147
[2025-03-28T20:28:02.651+0530][gc,metaspace] GC(946) Metaspace: 54441K(55168K)->54441K(55168K) NonClass: 48332K(48704K)->48332K(48704K) Class: 6108K(6464K)->6108K(6464K)
[2025-03-28T20:28:02.651+0530][gc          ] GC(946) Pause Young (Normal) (G1 Evacuation Pause) 329M->284M(1024M) 8.790ms
[2025-03-28T20:28:02.651+0530][gc,cpu      ] GC(946) User=0.02s Sys=0.00s Real=0.01s
[2025-03-28T20:28:02.754+0530][gc,start    ] GC(947) Pause Young (Normal) (G1 Evacuation Pause)
[2025-03-28T20:28:02.754+0530][gc,task     ] GC(947) Using 2 workers of 2 for evacuation
[2025-03-28T20:28:02.825+0530][gc,mmu      ] GC(947) MMU target violated: 21.0ms (20.0ms/21.0ms)
[2025-03-28T20:28:02.825+0530][gc,phases   ] GC(947)   Pre Evacuate Collection Set: 0.2ms
[2025-03-28T20:28:02.825+0530][gc,phases   ] GC(947)   Merge Heap Roots: 0.1ms
[2025-03-28T20:28:02.825+0530][gc,phases   ] GC(947)   Evacuate Collection Set: 68.6ms
[2025-03-28T20:28:02.825+0530][gc,phases   ] GC(947)   Post Evacuate Collection Set: 0.7ms
[2025-03-28T20:28:02.825+0530][gc,phases   ] GC(947)   Other: 1.1ms
[2025-03-28T20:28:02.825+0530][gc,heap     ] GC(947) Eden regions: 45->0(49)
[2025-03-28T20:28:02.825+0530][gc,heap     ] GC(947) Survivor regions: 6->2(7)
[2025-03-28T20:28:02.825+0530][gc,heap     ] GC(947) Old regions: 131->132
[2025-03-28T20:28:02.825+0530][gc,heap     ] GC(947) Archive regions: 2->2
[2025-03-28T20:28:02.825+0530][gc,heap     ] GC(947) Humongous regions: 149->149
[2025-03-28T20:28:02.825+0530][gc,metaspace] GC(947) Metaspace: 54441K(55168K)->54441K(55168K) NonClass: 48332K(48704K)->48332K(48704K) Class: 6108K(6464K)->6108K(6464K)
[2025-03-28T20:28:02.825+0530][gc          ] GC(947) Pause Young (Normal) (G1 Evacuation Pause) 331M->283M(1024M) 70.905ms
[2025-03-28T20:28:02.825+0530][gc,cpu      ] GC(947) User=0.03s Sys=0.01s Real=0.08s
[2025-03-28T20:28:09.640+0530][gc,start    ] GC(948) Pause Young (Normal) (G1 Evacuation Pause)
[2025-03-28T20:28:09.640+0530][gc,task     ] GC(948) Using 2 workers of 2 for evacuation
[2025-03-28T20:28:09.651+0530][gc,phases   ] GC(948)   Pre Evacuate Collection Set: 0.2ms
[2025-03-28T20:28:09.651+0530][gc,phases   ] GC(948)   Merge Heap Roots: 0.1ms
[2025-03-28T20:28:09.651+0530][gc,phases   ] GC(948)   Evacuate Collection Set: 9.9ms
[2025-03-28T20:28:09.651+0530][gc,phases   ] GC(948)   Post Evacuate Collection Set: 0.8ms
[2025-03-28T20:28:09.651+0530][gc,phases   ] GC(948)   Other: 0.2ms
[2025-03-28T20:28:09.651+0530][gc,heap     ] GC(948) Eden regions: 49->0(47)
[2025-03-28T20:28:09.651+0530][gc,heap     ] GC(948) Survivor regions: 2->4(7)
[2025-03-28T20:28:09.651+0530][gc,heap     ] GC(948) Old regions: 132->132
[2025-03-28T20:28:09.651+0530][gc,heap     ] GC(948) Archive regions: 2->2
[2025-03-28T20:28:09.651+0530][gc,heap     ] GC(948) Humongous regions: 149->147
[2025-03-28T20:28:09.651+0530][gc,metaspace] GC(948) Metaspace: 54441K(55168K)->54441K(55168K) NonClass: 48332K(48704K)->48332K(48704K) Class: 6108K(6464K)->6108K(6464K)
[2025-03-28T20:28:09.651+0530][gc          ] GC(948) Pause Young (Normal) (G1 Evacuation Pause) 332M->283M(1024M) 11.328ms
[2025-03-28T20:28:09.651+0530][gc,cpu      ] GC(948) User=0.01s Sys=0.00s Real=0.01s
[2025-03-28T20:28:09.815+0530][gc,start    ] GC(949) Pause Young (Normal) (G1 Evacuation Pause)
[2025-03-28T20:28:09.815+0530][gc,task     ] GC(949) Using 2 workers of 2 for evacuation
[2025-03-28T20:28:09.896+0530][gc,mmu      ] GC(949) MMU target violated: 21.0ms (20.0ms/21.0ms)
[2025-03-28T20:28:09.896+0530][gc,phases   ] GC(949)   Pre Evacuate Collection Set: 0.2ms
[2025-03-28T20:28:09.896+0530][gc,phases   ] GC(949)   Merge Heap Roots: 0.1ms
[2025-03-28T20:28:09.896+0530][gc,phases   ] GC(949)   Evacuate Collection Set: 80.0ms
[2025-03-28T20:28:09.896+0530][gc,phases   ] GC(949)   Post Evacuate Collection Set: 0.8ms
[2025-03-28T20:28:09.896+0530][gc,phases   ] GC(949)   Other: 0.2ms
[2025-03-28T20:28:09.896+0530][gc,heap     ] GC(949) Eden regions: 47->0(46)
[2025-03-28T20:28:09.896+0530][gc,heap     ] GC(949) Survivor regions: 4->5(7)
[2025-03-28T20:28:09.896+0530][gc,heap     ] GC(949) Old regions: 132->136
[2025-03-28T20:28:09.896+0530][gc,heap     ] GC(949) Archive regions: 2->2
[2025-03-28T20:28:09.896+0530][gc,heap     ] GC(949) Humongous regions: 149->149
[2025-03-28T20:28:09.896+0530][gc,metaspace] GC(949) Metaspace: 54441K(55168K)->54441K(55168K) NonClass: 48332K(48704K)->48332K(48704K) Class: 6108K(6464K)->6108K(6464K)
[2025-03-28T20:28:09.896+0530][gc          ] GC(949) Pause Young (Normal) (G1 Evacuation Pause) 332M->290M(1024M) 81.342ms
[2025-03-28T20:28:09.896+0530][gc,cpu      ] GC(949) User=0.03s Sys=0.00s Real=0.09s
[2025-03-28T20:28:12.437+0530][gc,start    ] GC(950) Pause Young (Normal) (G1 Evacuation Pause)
[2025-03-28T20:28:12.437+0530][gc,task     ] GC(950) Using 2 workers of 2 for evacuation
[2025-03-28T20:28:12.508+0530][gc,mmu      ] GC(950) MMU target violated: 21.0ms (20.0ms/21.0ms)
[2025-03-28T20:28:12.508+0530][gc,phases   ] GC(950)   Pre Evacuate Collection Set: 1.0ms
[2025-03-28T20:28:12.508+0530][gc,phases   ] GC(950)   Merge Heap Roots: 0.3ms
[2025-03-28T20:28:12.508+0530][gc,phases   ] GC(950)   Evacuate Collection Set: 68.5ms
[2025-03-28T20:28:12.508+0530][gc,phases   ] GC(950)   Post Evacuate Collection Set: 0.6ms
[2025-03-28T20:28:12.508+0530][gc,phases   ] GC(950)   Other: 0.8ms
[2025-03-28T20:28:12.508+0530][gc,heap     ] GC(950) Eden regions: 46->0(49)
[2025-03-28T20:28:12.508+0530][gc,heap     ] GC(950) Survivor regions: 5->2(7)
[2025-03-28T20:28:12.508+0530][gc,heap     ] GC(950) Old regions: 136->141
[2025-03-28T20:28:12.508+0530][gc,heap     ] GC(950) Archive regions: 2->2
[2025-03-28T20:28:12.508+0530][gc,heap     ] GC(950) Humongous regions: 149->147
[2025-03-28T20:28:12.508+0530][gc,metaspace] GC(950) Metaspace: 54441K(55168K)->54441K(55168K) NonClass: 48332K(48704K)->48332K(48704K) Class: 6108K(6464K)->6108K(6464K)
[2025-03-28T20:28:12.508+0530][gc          ] GC(950) Pause Young (Normal) (G1 Evacuation Pause) 336M->290M(1024M) 71.185ms
[2025-03-28T20:28:12.508+0530][gc,cpu      ] GC(950) User=0.01s Sys=0.01s Real=0.09s
[2025-03-28T20:28:12.555+0530][gc,start    ] GC(951) Pause Young (Normal) (G1 Evacuation Pause)
[2025-03-28T20:28:12.555+0530][gc,task     ] GC(951) Using 2 workers of 2 for evacuation
[2025-03-28T20:28:12.563+0530][gc,phases   ] GC(951)   Pre Evacuate Collection Set: 0.2ms
[2025-03-28T20:28:12.563+0530][gc,phases   ] GC(951)   Merge Heap Roots: 0.1ms
[2025-03-28T20:28:12.563+0530][gc,phases   ] GC(951)   Evacuate Collection Set: 6.7ms
[2025-03-28T20:28:12.563+0530][gc,phases   ] GC(951)   Post Evacuate Collection Set: 0.7ms
[2025-03-28T20:28:12.563+0530][gc,phases   ] GC(951)   Other: 0.2ms
[2025-03-28T20:28:12.563+0530][gc,heap     ] GC(951) Eden regions: 49->0(44)
[2025-03-28T20:28:12.563+0530][gc,heap     ] GC(951) Survivor regions: 2->7(7)
[2025-03-28T20:28:12.563+0530][gc,heap     ] GC(951) Old regions: 141->141
[2025-03-28T20:28:12.563+0530][gc,heap     ] GC(951) Archive regions: 2->2
[2025-03-28T20:28:12.563+0530][gc,heap     ] GC(951) Humongous regions: 147->147
[2025-03-28T20:28:12.563+0530][gc,metaspace] GC(951) Metaspace: 54441K(55168K)->54441K(55168K) NonClass: 48332K(48704K)->48332K(48704K) Class: 6108K(6464K)->6108K(6464K)
[2025-03-28T20:28:12.563+0530][gc          ] GC(951) Pause Young (Normal) (G1 Evacuation Pause) 339M->295M(1024M) 7.866ms
[2025-03-28T20:28:12.563+0530][gc,cpu      ] GC(951) User=0.01s Sys=0.00s Real=0.01s
[2025-03-28T20:28:12.621+0530][gc,start    ] GC(952) Pause Young (Normal) (G1 Evacuation Pause)
[2025-03-28T20:28:12.621+0530][gc,task     ] GC(952) Using 2 workers of 2 for evacuation
[2025-03-28T20:28:12.645+0530][gc,mmu      ] GC(952) MMU target violated: 21.0ms (20.0ms/21.0ms)
[2025-03-28T20:28:12.645+0530][gc,phases   ] GC(952)   Pre Evacuate Collection Set: 0.2ms
[2025-03-28T20:28:12.645+0530][gc,phases   ] GC(952)   Merge Heap Roots: 0.1ms
[2025-03-28T20:28:12.645+0530][gc,phases   ] GC(952)   Evacuate Collection Set: 23.2ms
[2025-03-28T20:28:12.645+0530][gc,phases   ] GC(952)   Post Evacuate Collection Set: 0.5ms
[2025-03-28T20:28:12.645+0530][gc,phases   ] GC(952)   Other: 0.2ms
[2025-03-28T20:28:12.645+0530][gc,heap     ] GC(952) Eden regions: 44->0(49)
[2025-03-28T20:28:12.645+0530][gc,heap     ] GC(952) Survivor regions: 7->2(7)
[2025-03-28T20:28:12.645+0530][gc,heap     ] GC(952) Old regions: 141->142
[2025-03-28T20:28:12.645+0530][gc,heap     ] GC(952) Archive regions: 2->2
[2025-03-28T20:28:12.645+0530][gc,heap     ] GC(952) Humongous regions: 149->149
[2025-03-28T20:28:12.645+0530][gc,metaspace] GC(952) Metaspace: 54441K(55168K)->54441K(55168K) NonClass: 48332K(48704K)->48332K(48704K) Class: 6108K(6464K)->6108K(6464K)
[2025-03-28T20:28:12.645+0530][gc          ] GC(952) Pause Young (Normal) (G1 Evacuation Pause) 341M->293M(1024M) 24.350ms
[2025-03-28T20:28:12.645+0530][gc,cpu      ] GC(952) User=0.01s Sys=0.01s Real=0.04s
[2025-03-28T20:28:19.657+0530][gc,start    ] GC(953) Pause Young (Normal) (G1 Evacuation Pause)
[2025-03-28T20:28:19.657+0530][gc,task     ] GC(953) Using 2 workers of 2 for evacuation
[2025-03-28T20:28:19.663+0530][gc,phases   ] GC(953)   Pre Evacuate Collection Set: 0.2ms
[2025-03-28T20:28:19.663+0530][gc,phases   ] GC(953)   Merge Heap Roots: 0.1ms
[2025-03-28T20:28:19.663+0530][gc,phases   ] GC(953)   Evacuate Collection Set: 5.2ms
[2025-03-28T20:28:19.663+0530][gc,phases   ] GC(953)   Post Evacuate Collection Set: 0.5ms
[2025-03-28T20:28:19.663+0530][gc,phases   ] GC(953)   Other: 0.1ms
[2025-03-28T20:28:19.663+0530][gc,heap     ] GC(953) Eden regions: 49->0(46)
[2025-03-28T20:28:19.663+0530][gc,heap     ] GC(953) Survivor regions: 2->5(7)
[2025-03-28T20:28:19.663+0530][gc,heap     ] GC(953) Old regions: 142->142
[2025-03-28T20:28:19.663+0530][gc,heap     ] GC(953) Archive regions: 2->2
[2025-03-28T20:28:19.663+0530][gc,heap     ] GC(953) Humongous regions: 149->147
[2025-03-28T20:28:19.663+0530][gc,metaspace] GC(953) Metaspace: 54442K(55168K)->54442K(55168K) NonClass: 48333K(48704K)->48333K(48704K) Class: 6108K(6464K)->6108K(6464K)
[2025-03-28T20:28:19.663+0530][gc          ] GC(953) Pause Young (Normal) (G1 Evacuation Pause) 342M->294M(1024M) 6.149ms
[2025-03-28T20:28:19.663+0530][gc,cpu      ] GC(953) User=0.01s Sys=0.00s Real=0.00s
[2025-03-28T20:28:19.750+0530][gc,start    ] GC(954) Pause Young (Normal) (G1 Evacuation Pause)
[2025-03-28T20:28:19.750+0530][gc,task     ] GC(954) Using 2 workers of 2 for evacuation
[2025-03-28T20:28:19.862+0530][gc,mmu      ] GC(954) MMU target violated: 21.0ms (20.0ms/21.0ms)
[2025-03-28T20:28:19.862+0530][gc,phases   ] GC(954)   Pre Evacuate Collection Set: 0.2ms
[2025-03-28T20:28:19.862+0530][gc,phases   ] GC(954)   Merge Heap Roots: 0.1ms
[2025-03-28T20:28:19.862+0530][gc,phases   ] GC(954)   Evacuate Collection Set: 110.9ms
[2025-03-28T20:28:19.862+0530][gc,phases   ] GC(954)   Post Evacuate Collection Set: 0.5ms
[2025-03-28T20:28:19.862+0530][gc,phases   ] GC(954)   Other: 0.5ms
[2025-03-28T20:28:19.862+0530][gc,heap     ] GC(954) Eden regions: 46->0(47)
[2025-03-28T20:28:19.862+0530][gc,heap     ] GC(954) Survivor regions: 5->4(7)
[2025-03-28T20:28:19.862+0530][gc,heap     ] GC(954) Old regions: 142->147
[2025-03-28T20:28:19.862+0530][gc,heap     ] GC(954) Archive regions: 2->2
[2025-03-28T20:28:19.862+0530][gc,heap     ] GC(954) Humongous regions: 149->149
[2025-03-28T20:28:19.862+0530][gc,metaspace] GC(954) Metaspace: 54442K(55168K)->54442K(55168K) NonClass: 48333K(48704K)->48333K(48704K) Class: 6108K(6464K)->6108K(6464K)
[2025-03-28T20:28:19.862+0530][gc          ] GC(954) Pause Young (Normal) (G1 Evacuation Pause) 342M->300M(1024M) 112.174ms
[2025-03-28T20:28:19.862+0530][gc,cpu      ] GC(954) User=0.02s Sys=0.01s Real=0.11s
[2025-03-28T20:28:22.450+0530][gc,start    ] GC(955) Pause Young (Normal) (G1 Evacuation Pause)
[2025-03-28T20:28:22.450+0530][gc,task     ] GC(955) Using 2 workers of 2 for evacuation
[2025-03-28T20:28:22.526+0530][gc,mmu      ] GC(955) MMU target violated: 21.0ms (20.0ms/21.0ms)
[2025-03-28T20:28:22.526+0530][gc,phases   ] GC(955)   Pre Evacuate Collection Set: 0.4ms
[2025-03-28T20:28:22.526+0530][gc,phases   ] GC(955)   Merge Heap Roots: 0.2ms
[2025-03-28T20:28:22.526+0530][gc,phases   ] GC(955)   Evacuate Collection Set: 74.0ms
[2025-03-28T20:28:22.526+0530][gc,phases   ] GC(955)   Post Evacuate Collection Set: 0.4ms
[2025-03-28T20:28:22.526+0530][gc,phases   ] GC(955)   Other: 0.8ms
[2025-03-28T20:28:22.526+0530][gc,heap     ] GC(955) Eden regions: 47->0(48)
[2025-03-28T20:28:22.526+0530][gc,heap     ] GC(955) Survivor regions: 4->3(7)
[2025-03-28T20:28:22.526+0530][gc,heap     ] GC(955) Old regions: 147->151
[2025-03-28T20:28:22.526+0530][gc,heap     ] GC(955) Archive regions: 2->2
[2025-03-28T20:28:22.526+0530][gc,heap     ] GC(955) Humongous regions: 149->147
[2025-03-28T20:28:22.526+0530][gc,metaspace] GC(955) Metaspace: 54442K(55168K)->54442K(55168K) NonClass: 48333K(48704K)->48333K(48704K) Class: 6108K(6464K)->6108K(6464K)
[2025-03-28T20:28:22.526+0530][gc          ] GC(955) Pause Young (Normal) (G1 Evacuation Pause) 347M->301M(1024M) 75.834ms
[2025-03-28T20:28:22.526+0530][gc,cpu      ] GC(955) User=0.01s Sys=0.01s Real=0.08s
[2025-03-28T20:28:22.588+0530][gc,start    ] GC(956) Pause Young (Normal) (G1 Evacuation Pause)
[2025-03-28T20:28:22.588+0530][gc,task     ] GC(956) Using 2 workers of 2 for evacuation
[2025-03-28T20:28:22.601+0530][gc,phases   ] GC(956)   Pre Evacuate Collection Set: 0.2ms
[2025-03-28T20:28:22.601+0530][gc,phases   ] GC(956)   Merge Heap Roots: 0.1ms
[2025-03-28T20:28:22.601+0530][gc,phases   ] GC(956)   Evacuate Collection Set: 12.5ms
[2025-03-28T20:28:22.601+0530][gc,phases   ] GC(956)   Post Evacuate Collection Set: 0.6ms
[2025-03-28T20:28:22.601+0530][gc,phases   ] GC(956)   Other: 0.1ms
[2025-03-28T20:28:22.601+0530][gc,heap     ] GC(956) Eden regions: 48->0(44)
[2025-03-28T20:28:22.601+0530][gc,heap     ] GC(956) Survivor regions: 3->7(7)
[2025-03-28T20:28:22.601+0530][gc,heap     ] GC(956) Old regions: 151->152
[2025-03-28T20:28:22.601+0530][gc,heap     ] GC(956) Archive regions: 2->2
[2025-03-28T20:28:22.601+0530][gc,heap     ] GC(956) Humongous regions: 147->147
[2025-03-28T20:28:22.601+0530][gc,metaspace] GC(956) Metaspace: 54442K(55168K)->54442K(55168K) NonClass: 48333K(48704K)->48333K(48704K) Class: 6108K(6464K)->6108K(6464K)
[2025-03-28T20:28:22.601+0530][gc          ] GC(956) Pause Young (Normal) (G1 Evacuation Pause) 349M->306M(1024M) 13.535ms
[2025-03-28T20:28:22.601+0530][gc,cpu      ] GC(956) User=0.02s Sys=0.00s Real=0.02s
[2025-03-28T20:28:22.671+0530][gc,start    ] GC(957) Pause Young (Normal) (GCLocker Initiated GC)
[2025-03-28T20:28:22.671+0530][gc,task     ] GC(957) Using 2 workers of 2 for evacuation
[2025-03-28T20:28:22.675+0530][gc,phases   ] GC(957)   Pre Evacuate Collection Set: 0.3ms
[2025-03-28T20:28:22.675+0530][gc,phases   ] GC(957)   Merge Heap Roots: 0.2ms
[2025-03-28T20:28:22.675+0530][gc,phases   ] GC(957)   Evacuate Collection Set: 2.6ms
[2025-03-28T20:28:22.675+0530][gc,phases   ] GC(957)   Post Evacuate Collection Set: 0.8ms
[2025-03-28T20:28:22.675+0530][gc,phases   ] GC(957)   Other: 0.2ms
[2025-03-28T20:28:22.675+0530][gc,heap     ] GC(957) Eden regions: 45->0(50)
[2025-03-28T20:28:22.675+0530][gc,heap     ] GC(957) Survivor regions: 7->1(7)
[2025-03-28T20:28:22.675+0530][gc,heap     ] GC(957) Old regions: 152->152
[2025-03-28T20:28:22.675+0530][gc,heap     ] GC(957) Archive regions: 2->2
[2025-03-28T20:28:22.675+0530][gc,heap     ] GC(957) Humongous regions: 149->149
[2025-03-28T20:28:22.675+0530][gc,metaspace] GC(957) Metaspace: 54442K(55168K)->54442K(55168K) NonClass: 48333K(48704K)->48333K(48704K) Class: 6108K(6464K)->6108K(6464K)
[2025-03-28T20:28:22.675+0530][gc          ] GC(957) Pause Young (Normal) (GCLocker Initiated GC) 352M->302M(1024M) 4.170ms
[2025-03-28T20:28:22.675+0530][gc,cpu      ] GC(957) User=0.00s Sys=0.00s Real=0.01s
[2025-03-28T20:28:29.713+0530][gc,start    ] GC(958) Pause Young (Normal) (G1 Evacuation Pause)
[2025-03-28T20:28:29.713+0530][gc,task     ] GC(958) Using 2 workers of 2 for evacuation
[2025-03-28T20:28:29.755+0530][gc,mmu      ] GC(958) MMU target violated: 21.0ms (20.0ms/21.0ms)
[2025-03-28T20:28:29.755+0530][gc,phases   ] GC(958)   Pre Evacuate Collection Set: 0.2ms
[2025-03-28T20:28:29.755+0530][gc,phases   ] GC(958)   Merge Heap Roots: 0.1ms
[2025-03-28T20:28:29.755+0530][gc,phases   ] GC(958)   Evacuate Collection Set: 35.2ms
[2025-03-28T20:28:29.755+0530][gc,phases   ] GC(958)   Post Evacuate Collection Set: 5.8ms
[2025-03-28T20:28:29.755+0530][gc,phases   ] GC(958)   Other: 0.2ms
[2025-03-28T20:28:29.755+0530][gc,heap     ] GC(958) Eden regions: 50->0(45)
[2025-03-28T20:28:29.755+0530][gc,heap     ] GC(958) Survivor regions: 1->6(7)
[2025-03-28T20:28:29.755+0530][gc,heap     ] GC(958) Old regions: 152->152
[2025-03-28T20:28:29.755+0530][gc,heap     ] GC(958) Archive regions: 2->2
[2025-03-28T20:28:29.755+0530][gc,heap     ] GC(958) Humongous regions: 149->147
[2025-03-28T20:28:29.755+0530][gc,metaspace] GC(958) Metaspace: 54442K(55168K)->54442K(55168K) NonClass: 48333K(48704K)->48333K(48704K) Class: 6108K(6464K)->6108K(6464K)
[2025-03-28T20:28:29.755+0530][gc          ] GC(958) Pause Young (Normal) (G1 Evacuation Pause) 352M->305M(1024M) 41.636ms
[2025-03-28T20:28:29.755+0530][gc,cpu      ] GC(958) User=0.01s Sys=0.00s Real=0.04s
[2025-03-28T20:28:29.867+0530][gc,start    ] GC(959) Pause Young (Normal) (G1 Evacuation Pause)
[2025-03-28T20:28:29.867+0530][gc,task     ] GC(959) Using 2 workers of 2 for evacuation
[2025-03-28T20:28:29.965+0530][gc,mmu      ] GC(959) MMU target violated: 21.0ms (20.0ms/21.0ms)
[2025-03-28T20:28:29.965+0530][gc,phases   ] GC(959)   Pre Evacuate Collection Set: 0.2ms
[2025-03-28T20:28:29.965+0530][gc,phases   ] GC(959)   Merge Heap Roots: 0.1ms
[2025-03-28T20:28:29.965+0530][gc,phases   ] GC(959)   Evacuate Collection Set: 96.5ms
[2025-03-28T20:28:29.965+0530][gc,phases   ] GC(959)   Post Evacuate Collection Set: 0.4ms
[2025-03-28T20:28:29.965+0530][gc,phases   ] GC(959)   Other: 0.2ms
[2025-03-28T20:28:29.965+0530][gc,heap     ] GC(959) Eden regions: 45->0(47)
[2025-03-28T20:28:29.965+0530][gc,heap     ] GC(959) Survivor regions: 6->4(7)
[2025-03-28T20:28:29.965+0530][gc,heap     ] GC(959) Old regions: 152->158
[2025-03-28T20:28:29.965+0530][gc,heap     ] GC(959) Archive regions: 2->2
[2025-03-28T20:28:29.965+0530][gc,heap     ] GC(959) Humongous regions: 149->149
[2025-03-28T20:28:29.965+0530][gc,metaspace] GC(959) Metaspace: 54442K(55168K)->54442K(55168K) NonClass: 48333K(48704K)->48333K(48704K) Class: 6108K(6464K)->6108K(6464K)
[2025-03-28T20:28:29.965+0530][gc          ] GC(959) Pause Young (Normal) (G1 Evacuation Pause) 352M->310M(1024M) 97.521ms
[2025-03-28T20:28:29.965+0530][gc,cpu      ] GC(959) User=0.02s Sys=0.01s Real=0.12s
[2025-03-28T20:28:32.469+0530][gc,start    ] GC(960) Pause Young (Normal) (G1 Evacuation Pause)
[2025-03-28T20:28:32.469+0530][gc,task     ] GC(960) Using 2 workers of 2 for evacuation
[2025-03-28T20:28:32.476+0530][gc,phases   ] GC(960)   Pre Evacuate Collection Set: 0.2ms
[2025-03-28T20:28:32.476+0530][gc,phases   ] GC(960)   Merge Heap Roots: 0.1ms
[2025-03-28T20:28:32.476+0530][gc,phases   ] GC(960)   Evacuate Collection Set: 5.6ms
[2025-03-28T20:28:32.476+0530][gc,phases   ] GC(960)   Post Evacuate Collection Set: 1.1ms
[2025-03-28T20:28:32.476+0530][gc,phases   ] GC(960)   Other: 0.1ms
[2025-03-28T20:28:32.476+0530][gc,heap     ] GC(960) Eden regions: 47->0(45)
[2025-03-28T20:28:32.476+0530][gc,heap     ] GC(960) Survivor regions: 4->6(7)
[2025-03-28T20:28:32.476+0530][gc,heap     ] GC(960) Old regions: 158->158
[2025-03-28T20:28:32.476+0530][gc,heap     ] GC(960) Archive regions: 2->2
[2025-03-28T20:28:32.476+0530][gc,heap     ] GC(960) Humongous regions: 149->147
[2025-03-28T20:28:32.476+0530][gc,metaspace] GC(960) Metaspace: 54442K(55168K)->54442K(55168K) NonClass: 48333K(48704K)->48333K(48704K) Class: 6108K(6464K)->6108K(6464K)
[2025-03-28T20:28:32.476+0530][gc          ] GC(960) Pause Young (Normal) (G1 Evacuation Pause) 357M->311M(1024M) 7.280ms
[2025-03-28T20:28:32.476+0530][gc,cpu      ] GC(960) User=0.01s Sys=0.00s Real=0.01s
[2025-03-28T20:28:32.543+0530][gc,start    ] GC(961) Pause Young (Normal) (G1 Evacuation Pause)
[2025-03-28T20:28:32.543+0530][gc,task     ] GC(961) Using 2 workers of 2 for evacuation
[2025-03-28T20:28:32.593+0530][gc,mmu      ] GC(961) MMU target violated: 21.0ms (20.0ms/21.0ms)
[2025-03-28T20:28:32.593+0530][gc,phases   ] GC(961)   Pre Evacuate Collection Set: 0.2ms
[2025-03-28T20:28:32.593+0530][gc,phases   ] GC(961)   Merge Heap Roots: 0.1ms
[2025-03-28T20:28:32.593+0530][gc,phases   ] GC(961)   Evacuate Collection Set: 49.4ms
[2025-03-28T20:28:32.593+0530][gc,phases   ] GC(961)   Post Evacuate Collection Set: 0.4ms
[2025-03-28T20:28:32.593+0530][gc,phases   ] GC(961)   Other: 0.7ms
[2025-03-28T20:28:32.593+0530][gc,heap     ] GC(961) Eden regions: 45->0(44)
[2025-03-28T20:28:32.593+0530][gc,heap     ] GC(961) Survivor regions: 6->7(7)
[2025-03-28T20:28:32.593+0530][gc,heap     ] GC(961) Old regions: 158->162
[2025-03-28T20:28:32.593+0530][gc,heap     ] GC(961) Archive regions: 2->2
[2025-03-28T20:28:32.593+0530][gc,heap     ] GC(961) Humongous regions: 147->147
[2025-03-28T20:28:32.593+0530][gc,metaspace] GC(961) Metaspace: 54442K(55168K)->54442K(55168K) NonClass: 48333K(48704K)->48333K(48704K) Class: 6108K(6464K)->6108K(6464K)
[2025-03-28T20:28:32.593+0530][gc          ] GC(961) Pause Young (Normal) (G1 Evacuation Pause) 356M->316M(1024M) 50.901ms
[2025-03-28T20:28:32.593+0530][gc,cpu      ] GC(961) User=0.03s Sys=0.00s Real=0.05s
[2025-03-28T20:28:37.404+0530][gc,start    ] GC(962) Pause Young (Normal) (G1 Evacuation Pause)
[2025-03-28T20:28:37.404+0530][gc,task     ] GC(962) Using 2 workers of 2 for evacuation
[2025-03-28T20:28:37.447+0530][gc,mmu      ] GC(962) MMU target violated: 21.0ms (20.0ms/21.0ms)
[2025-03-28T20:28:37.447+0530][gc,phases   ] GC(962)   Pre Evacuate Collection Set: 2.5ms
[2025-03-28T20:28:37.447+0530][gc,phases   ] GC(962)   Merge Heap Roots: 0.5ms
[2025-03-28T20:28:37.447+0530][gc,phases   ] GC(962)   Evacuate Collection Set: 36.6ms
[2025-03-28T20:28:37.447+0530][gc,phases   ] GC(962)   Post Evacuate Collection Set: 2.1ms
[2025-03-28T20:28:37.447+0530][gc,phases   ] GC(962)   Other: 1.6ms
[2025-03-28T20:28:37.447+0530][gc,heap     ] GC(962) Eden regions: 44->0(50)
[2025-03-28T20:28:37.447+0530][gc,heap     ] GC(962) Survivor regions: 7->1(7)
[2025-03-28T20:28:37.447+0530][gc,heap     ] GC(962) Old regions: 162->162
[2025-03-28T20:28:37.447+0530][gc,heap     ] GC(962) Archive regions: 2->2
[2025-03-28T20:28:37.447+0530][gc,heap     ] GC(962) Humongous regions: 149->147
[2025-03-28T20:28:37.448+0530][gc,metaspace] GC(962) Metaspace: 54444K(55168K)->54444K(55168K) NonClass: 48335K(48704K)->48335K(48704K) Class: 6108K(6464K)->6108K(6464K)
[2025-03-28T20:28:37.448+0530][gc          ] GC(962) Pause Young (Normal) (G1 Evacuation Pause) 362M->310M(1024M) 43.428ms
[2025-03-28T20:28:37.448+0530][gc,cpu      ] GC(962) User=0.02s Sys=0.00s Real=0.06s
[2025-03-28T20:28:39.762+0530][gc,start    ] GC(963) Pause Young (Normal) (G1 Evacuation Pause)
[2025-03-28T20:28:39.762+0530][gc,task     ] GC(963) Using 2 workers of 2 for evacuation
[2025-03-28T20:28:39.770+0530][gc,phases   ] GC(963)   Pre Evacuate Collection Set: 0.6ms
[2025-03-28T20:28:39.770+0530][gc,phases   ] GC(963)   Merge Heap Roots: 0.8ms
[2025-03-28T20:28:39.770+0530][gc,phases   ] GC(963)   Evacuate Collection Set: 5.9ms
[2025-03-28T20:28:39.770+0530][gc,phases   ] GC(963)   Post Evacuate Collection Set: 0.5ms
[2025-03-28T20:28:39.770+0530][gc,phases   ] GC(963)   Other: 0.1ms
[2025-03-28T20:28:39.770+0530][gc,heap     ] GC(963) Eden regions: 50->0(45)
[2025-03-28T20:28:39.770+0530][gc,heap     ] GC(963) Survivor regions: 1->6(7)
[2025-03-28T20:28:39.770+0530][gc,heap     ] GC(963) Old regions: 162->162
[2025-03-28T20:28:39.770+0530][gc,heap     ] GC(963) Archive regions: 2->2
[2025-03-28T20:28:39.770+0530][gc,heap     ] GC(963) Humongous regions: 147->147
[2025-03-28T20:28:39.770+0530][gc,metaspace] GC(963) Metaspace: 54444K(55168K)->54444K(55168K) NonClass: 48335K(48704K)->48335K(48704K) Class: 6108K(6464K)->6108K(6464K)
[2025-03-28T20:28:39.770+0530][gc          ] GC(963) Pause Young (Normal) (G1 Evacuation Pause) 360M->315M(1024M) 8.070ms
[2025-03-28T20:28:39.770+0530][gc,cpu      ] GC(963) User=0.01s Sys=0.01s Real=0.01s
[2025-03-28T20:28:39.850+0530][gc,start    ] GC(964) Pause Young (Normal) (G1 Evacuation Pause)
[2025-03-28T20:28:39.850+0530][gc,task     ] GC(964) Using 2 workers of 2 for evacuation
[2025-03-28T20:28:39.994+0530][gc,mmu      ] GC(964) MMU target violated: 21.0ms (20.0ms/21.0ms)
[2025-03-28T20:28:39.994+0530][gc,phases   ] GC(964)   Pre Evacuate Collection Set: 0.1ms
[2025-03-28T20:28:39.994+0530][gc,phases   ] GC(964)   Merge Heap Roots: 0.1ms
[2025-03-28T20:28:39.994+0530][gc,phases   ] GC(964)   Evacuate Collection Set: 143.2ms
[2025-03-28T20:28:39.994+0530][gc,phases   ] GC(964)   Post Evacuate Collection Set: 0.3ms
[2025-03-28T20:28:39.994+0530][gc,phases   ] GC(964)   Other: 0.2ms
[2025-03-28T20:28:39.994+0530][gc,heap     ] GC(964) Eden regions: 45->0(48)
[2025-03-28T20:28:39.994+0530][gc,heap     ] GC(964) Survivor regions: 6->3(7)
[2025-03-28T20:28:39.994+0530][gc,heap     ] GC(964) Old regions: 162->168
[2025-03-28T20:28:39.994+0530][gc,heap     ] GC(964) Archive regions: 2->2
[2025-03-28T20:28:39.994+0530][gc,heap     ] GC(964) Humongous regions: 149->149
[2025-03-28T20:28:39.994+0530][gc,metaspace] GC(964) Metaspace: 54444K(55168K)->54444K(55168K) NonClass: 48335K(48704K)->48335K(48704K) Class: 6108K(6464K)->6108K(6464K)
[2025-03-28T20:28:39.995+0530][gc          ] GC(964) Pause Young (Normal) (G1 Evacuation Pause) 362M->320M(1024M) 144.052ms
[2025-03-28T20:28:39.995+0530][gc,cpu      ] GC(964) User=0.01s Sys=0.03s Real=0.15s
[2025-03-28T20:28:42.482+0530][gc,start    ] GC(965) Pause Young (Normal) (G1 Evacuation Pause)
[2025-03-28T20:28:42.482+0530][gc,task     ] GC(965) Using 2 workers of 2 for evacuation
[2025-03-28T20:28:42.494+0530][gc,phases   ] GC(965)   Pre Evacuate Collection Set: 0.2ms
[2025-03-28T20:28:42.494+0530][gc,phases   ] GC(965)   Merge Heap Roots: 0.1ms
[2025-03-28T20:28:42.494+0530][gc,phases   ] GC(965)   Evacuate Collection Set: 10.0ms
[2025-03-28T20:28:42.494+0530][gc,phases   ] GC(965)   Post Evacuate Collection Set: 0.9ms
[2025-03-28T20:28:42.494+0530][gc,phases   ] GC(965)   Other: 0.2ms
[2025-03-28T20:28:42.494+0530][gc,heap     ] GC(965) Eden regions: 48->0(45)
[2025-03-28T20:28:42.494+0530][gc,heap     ] GC(965) Survivor regions: 3->6(7)
[2025-03-28T20:28:42.494+0530][gc,heap     ] GC(965) Old regions: 168->168
[2025-03-28T20:28:42.494+0530][gc,heap     ] GC(965) Archive regions: 2->2
[2025-03-28T20:28:42.494+0530][gc,heap     ] GC(965) Humongous regions: 149->147
[2025-03-28T20:28:42.494+0530][gc,metaspace] GC(965) Metaspace: 54444K(55168K)->54444K(55168K) NonClass: 48335K(48704K)->48335K(48704K) Class: 6108K(6464K)->6108K(6464K)
[2025-03-28T20:28:42.494+0530][gc          ] GC(965) Pause Young (Normal) (G1 Evacuation Pause) 368M->321M(1024M) 11.605ms
[2025-03-28T20:28:42.494+0530][gc,cpu      ] GC(965) User=0.02s Sys=0.00s Real=0.01s
[2025-03-28T20:28:42.577+0530][gc,start    ] GC(966) Pause Young (Normal) (G1 Evacuation Pause)
[2025-03-28T20:28:42.577+0530][gc,task     ] GC(966) Using 2 workers of 2 for evacuation
[2025-03-28T20:28:42.609+0530][gc,mmu      ] GC(966) MMU target violated: 21.0ms (20.0ms/21.0ms)
[2025-03-28T20:28:42.609+0530][gc,phases   ] GC(966)   Pre Evacuate Collection Set: 0.2ms
[2025-03-28T20:28:42.609+0530][gc,phases   ] GC(966)   Merge Heap Roots: 0.1ms
[2025-03-28T20:28:42.609+0530][gc,phases   ] GC(966)   Evacuate Collection Set: 31.3ms
[2025-03-28T20:28:42.609+0530][gc,phases   ] GC(966)   Post Evacuate Collection Set: 0.4ms
[2025-03-28T20:28:42.610+0530][gc,phases   ] GC(966)   Other: 0.2ms
[2025-03-28T20:28:42.610+0530][gc,heap     ] GC(966) Eden regions: 45->0(48)
[2025-03-28T20:28:42.610+0530][gc,heap     ] GC(966) Survivor regions: 6->3(7)
[2025-03-28T20:28:42.610+0530][gc,heap     ] GC(966) Old regions: 168->170
[2025-03-28T20:28:42.610+0530][gc,heap     ] GC(966) Archive regions: 2->2
[2025-03-28T20:28:42.610+0530][gc,heap     ] GC(966) Humongous regions: 149->149
[2025-03-28T20:28:42.610+0530][gc,metaspace] GC(966) Metaspace: 54444K(55168K)->54444K(55168K) NonClass: 48335K(48704K)->48335K(48704K) Class: 6108K(6464K)->6108K(6464K)
[2025-03-28T20:28:42.610+0530][gc          ] GC(966) Pause Young (Normal) (G1 Evacuation Pause) 368M->322M(1024M) 32.149ms
[2025-03-28T20:28:42.610+0530][gc,cpu      ] GC(966) User=0.02s Sys=0.00s Real=0.03s
[2025-03-28T20:28:46.871+0530][gc,start    ] GC(967) Pause Young (Normal) (G1 Evacuation Pause)
[2025-03-28T20:28:46.871+0530][gc,task     ] GC(967) Using 2 workers of 2 for evacuation
[2025-03-28T20:28:46.896+0530][gc,mmu      ] GC(967) MMU target violated: 21.0ms (20.0ms/21.0ms)
[2025-03-28T20:28:46.897+0530][gc,phases   ] GC(967)   Pre Evacuate Collection Set: 3.5ms
[2025-03-28T20:28:46.897+0530][gc,phases   ] GC(967)   Merge Heap Roots: 0.9ms
[2025-03-28T20:28:46.897+0530][gc,phases   ] GC(967)   Evacuate Collection Set: 20.1ms
[2025-03-28T20:28:46.897+0530][gc,phases   ] GC(967)   Post Evacuate Collection Set: 0.9ms
[2025-03-28T20:28:46.897+0530][gc,phases   ] GC(967)   Other: 0.4ms
[2025-03-28T20:28:46.897+0530][gc,heap     ] GC(967) Eden regions: 48->0(49)
[2025-03-28T20:28:46.897+0530][gc,heap     ] GC(967) Survivor regions: 3->2(7)
[2025-03-28T20:28:46.897+0530][gc,heap     ] GC(967) Old regions: 170->170
[2025-03-28T20:28:46.897+0530][gc,heap     ] GC(967) Archive regions: 2->2
[2025-03-28T20:28:46.897+0530][gc,heap     ] GC(967) Humongous regions: 149->147
[2025-03-28T20:28:46.897+0530][gc,metaspace] GC(967) Metaspace: 54444K(55168K)->54444K(55168K) NonClass: 48335K(48704K)->48335K(48704K) Class: 6108K(6464K)->6108K(6464K)
[2025-03-28T20:28:46.897+0530][gc          ] GC(967) Pause Young (Normal) (G1 Evacuation Pause) 370M->319M(1024M) 25.957ms
[2025-03-28T20:28:46.897+0530][gc,cpu      ] GC(967) User=0.02s Sys=0.00s Real=0.04s
[2025-03-28T20:28:46.987+0530][gc,start    ] GC(968) Pause Young (Normal) (G1 Evacuation Pause)
[2025-03-28T20:28:46.987+0530][gc,task     ] GC(968) Using 2 workers of 2 for evacuation
[2025-03-28T20:28:47.027+0530][gc,mmu      ] GC(968) MMU target violated: 21.0ms (20.0ms/21.0ms)
[2025-03-28T20:28:47.027+0530][gc,phases   ] GC(968)   Pre Evacuate Collection Set: 0.3ms
[2025-03-28T20:28:47.028+0530][gc,phases   ] GC(968)   Merge Heap Roots: 0.1ms
[2025-03-28T20:28:47.028+0530][gc,phases   ] GC(968)   Evacuate Collection Set: 38.5ms
[2025-03-28T20:28:47.028+0530][gc,phases   ] GC(968)   Post Evacuate Collection Set: 1.5ms
[2025-03-28T20:28:47.028+0530][gc,phases   ] GC(968)   Other: 0.2ms
[2025-03-28T20:28:47.028+0530][gc,heap     ] GC(968) Eden regions: 49->0(44)
[2025-03-28T20:28:47.028+0530][gc,heap     ] GC(968) Survivor regions: 2->7(7)
[2025-03-28T20:28:47.028+0530][gc,heap     ] GC(968) Old regions: 170->170
[2025-03-28T20:28:47.028+0530][gc,heap     ] GC(968) Archive regions: 2->2
[2025-03-28T20:28:47.028+0530][gc,heap     ] GC(968) Humongous regions: 147->147
[2025-03-28T20:28:47.028+0530][gc,metaspace] GC(968) Metaspace: 54444K(55168K)->54444K(55168K) NonClass: 48335K(48704K)->48335K(48704K) Class: 6108K(6464K)->6108K(6464K)
[2025-03-28T20:28:47.028+0530][gc          ] GC(968) Pause Young (Normal) (G1 Evacuation Pause) 368M->324M(1024M) 40.548ms
[2025-03-28T20:28:47.028+0530][gc,cpu      ] GC(968) User=0.02s Sys=0.01s Real=0.04s
[2025-03-28T20:28:47.097+0530][gc,start    ] GC(969) Pause Young (Normal) (G1 Evacuation Pause)
[2025-03-28T20:28:47.097+0530][gc,task     ] GC(969) Using 2 workers of 2 for evacuation
[2025-03-28T20:28:47.220+0530][gc,mmu      ] GC(969) MMU target violated: 21.0ms (20.0ms/21.0ms)
[2025-03-28T20:28:47.221+0530][gc,phases   ] GC(969)   Pre Evacuate Collection Set: 0.2ms
[2025-03-28T20:28:47.221+0530][gc,phases   ] GC(969)   Merge Heap Roots: 0.1ms
[2025-03-28T20:28:47.221+0530][gc,phases   ] GC(969)   Evacuate Collection Set: 122.2ms
[2025-03-28T20:28:47.221+0530][gc,phases   ] GC(969)   Post Evacuate Collection Set: 0.4ms
[2025-03-28T20:28:47.221+0530][gc,phases   ] GC(969)   Other: 0.2ms
[2025-03-28T20:28:47.221+0530][gc,heap     ] GC(969) Eden regions: 44->0(49)
[2025-03-28T20:28:47.221+0530][gc,heap     ] GC(969) Survivor regions: 7->2(7)
[2025-03-28T20:28:47.221+0530][gc,heap     ] GC(969) Old regions: 170->177
[2025-03-28T20:28:47.221+0530][gc,heap     ] GC(969) Archive regions: 2->2
[2025-03-28T20:28:47.221+0530][gc,heap     ] GC(969) Humongous regions: 149->149
[2025-03-28T20:28:47.221+0530][gc,metaspace] GC(969) Metaspace: 54444K(55168K)->54444K(55168K) NonClass: 48335K(48704K)->48335K(48704K) Class: 6108K(6464K)->6108K(6464K)
[2025-03-28T20:28:47.221+0530][gc          ] GC(969) Pause Young (Normal) (G1 Evacuation Pause) 370M->328M(1024M) 123.212ms
[2025-03-28T20:28:47.221+0530][gc,cpu      ] GC(969) User=0.01s Sys=0.01s Real=0.12s
[2025-03-28T20:28:47.506+0530][gc,start    ] GC(970) Pause Young (Normal) (G1 Evacuation Pause)
[2025-03-28T20:28:47.506+0530][gc,task     ] GC(970) Using 2 workers of 2 for evacuation
[2025-03-28T20:28:47.512+0530][gc,phases   ] GC(970)   Pre Evacuate Collection Set: 0.2ms
[2025-03-28T20:28:47.512+0530][gc,phases   ] GC(970)   Merge Heap Roots: 0.1ms
[2025-03-28T20:28:47.512+0530][gc,phases   ] GC(970)   Evacuate Collection Set: 5.4ms
[2025-03-28T20:28:47.512+0530][gc,phases   ] GC(970)   Post Evacuate Collection Set: 0.5ms
[2025-03-28T20:28:47.512+0530][gc,phases   ] GC(970)   Other: 0.1ms
[2025-03-28T20:28:47.512+0530][gc,heap     ] GC(970) Eden regions: 49->0(45)
[2025-03-28T20:28:47.512+0530][gc,heap     ] GC(970) Survivor regions: 2->6(7)
[2025-03-28T20:28:47.512+0530][gc,heap     ] GC(970) Old regions: 177->177
[2025-03-28T20:28:47.512+0530][gc,heap     ] GC(970) Archive regions: 2->2
[2025-03-28T20:28:47.512+0530][gc,heap     ] GC(970) Humongous regions: 149->147
[2025-03-28T20:28:47.512+0530][gc,metaspace] GC(970) Metaspace: 54444K(55168K)->54444K(55168K) NonClass: 48335K(48704K)->48335K(48704K) Class: 6108K(6464K)->6108K(6464K)
[2025-03-28T20:28:47.512+0530][gc          ] GC(970) Pause Young (Normal) (G1 Evacuation Pause) 377M->330M(1024M) 6.409ms
[2025-03-28T20:28:47.512+0530][gc,cpu      ] GC(970) User=0.01s Sys=0.00s Real=0.00s
[2025-03-28T20:28:47.591+0530][gc,start    ] GC(971) Pause Young (Normal) (G1 Evacuation Pause)
[2025-03-28T20:28:47.591+0530][gc,task     ] GC(971) Using 2 workers of 2 for evacuation
[2025-03-28T20:28:47.625+0530][gc,mmu      ] GC(971) MMU target violated: 21.0ms (20.0ms/21.0ms)
[2025-03-28T20:28:47.625+0530][gc,phases   ] GC(971)   Pre Evacuate Collection Set: 0.1ms
[2025-03-28T20:28:47.625+0530][gc,phases   ] GC(971)   Merge Heap Roots: 0.1ms
[2025-03-28T20:28:47.625+0530][gc,phases   ] GC(971)   Evacuate Collection Set: 32.1ms
[2025-03-28T20:28:47.625+0530][gc,phases   ] GC(971)   Post Evacuate Collection Set: 0.4ms
[2025-03-28T20:28:47.625+0530][gc,phases   ] GC(971)   Other: 0.5ms
[2025-03-28T20:28:47.625+0530][gc,heap     ] GC(971) Eden regions: 45->0(49)
[2025-03-28T20:28:47.625+0530][gc,heap     ] GC(971) Survivor regions: 6->2(7)
[2025-03-28T20:28:47.625+0530][gc,heap     ] GC(971) Old regions: 177->179
[2025-03-28T20:28:47.625+0530][gc,heap     ] GC(971) Archive regions: 2->2
[2025-03-28T20:28:47.625+0530][gc,heap     ] GC(971) Humongous regions: 149->149
[2025-03-28T20:28:47.625+0530][gc,metaspace] GC(971) Metaspace: 54444K(55168K)->54444K(55168K) NonClass: 48335K(48704K)->48335K(48704K) Class: 6108K(6464K)->6108K(6464K)
[2025-03-28T20:28:47.625+0530][gc          ] GC(971) Pause Young (Normal) (G1 Evacuation Pause) 377M->330M(1024M) 33.303ms
[2025-03-28T20:28:47.625+0530][gc,cpu      ] GC(971) User=0.01s Sys=0.00s Real=0.03s
[2025-03-28T20:29:03.574+0530][gc,start    ] GC(972) Pause Young (Normal) (G1 Evacuation Pause)
[2025-03-28T20:29:03.577+0530][gc,task     ] GC(972) Using 2 workers of 2 for evacuation
[2025-03-28T20:29:03.586+0530][gc,phases   ] GC(972)   Pre Evacuate Collection Set: 0.2ms
[2025-03-28T20:29:03.586+0530][gc,phases   ] GC(972)   Merge Heap Roots: 0.1ms
[2025-03-28T20:29:03.586+0530][gc,phases   ] GC(972)   Evacuate Collection Set: 5.2ms
[2025-03-28T20:29:03.586+0530][gc,phases   ] GC(972)   Post Evacuate Collection Set: 3.1ms
[2025-03-28T20:29:03.586+0530][gc,phases   ] GC(972)   Other: 3.4ms
[2025-03-28T20:29:03.586+0530][gc,heap     ] GC(972) Eden regions: 49->0(48)
[2025-03-28T20:29:03.586+0530][gc,heap     ] GC(972) Survivor regions: 2->3(7)
[2025-03-28T20:29:03.586+0530][gc,heap     ] GC(972) Old regions: 179->179
[2025-03-28T20:29:03.586+0530][gc,heap     ] GC(972) Archive regions: 2->2
[2025-03-28T20:29:03.586+0530][gc,heap     ] GC(972) Humongous regions: 149->147
[2025-03-28T20:29:03.586+0530][gc,metaspace] GC(972) Metaspace: 54444K(55168K)->54444K(55168K) NonClass: 48336K(48704K)->48336K(48704K) Class: 6108K(6464K)->6108K(6464K)
[2025-03-28T20:29:03.586+0530][gc          ] GC(972) Pause Young (Normal) (G1 Evacuation Pause) 379M->329M(1024M) 12.229ms
[2025-03-28T20:29:03.586+0530][gc,cpu      ] GC(972) User=0.01s Sys=0.00s Real=0.02s
[2025-03-28T20:29:03.647+0530][gc,start    ] GC(973) Pause Young (Normal) (G1 Evacuation Pause)
[2025-03-28T20:29:03.647+0530][gc,task     ] GC(973) Using 2 workers of 2 for evacuation
[2025-03-28T20:29:03.679+0530][gc,mmu      ] GC(973) MMU target violated: 21.0ms (20.0ms/21.0ms)
[2025-03-28T20:29:03.679+0530][gc,phases   ] GC(973)   Pre Evacuate Collection Set: 0.2ms
[2025-03-28T20:29:03.679+0530][gc,phases   ] GC(973)   Merge Heap Roots: 0.1ms
[2025-03-28T20:29:03.679+0530][gc,phases   ] GC(973)   Evacuate Collection Set: 30.9ms
[2025-03-28T20:29:03.679+0530][gc,phases   ] GC(973)   Post Evacuate Collection Set: 0.5ms
[2025-03-28T20:29:03.679+0530][gc,phases   ] GC(973)   Other: 0.2ms
[2025-03-28T20:29:03.679+0530][gc,heap     ] GC(973) Eden regions: 48->0(44)
[2025-03-28T20:29:03.679+0530][gc,heap     ] GC(973) Survivor regions: 3->7(7)
[2025-03-28T20:29:03.679+0530][gc,heap     ] GC(973) Old regions: 179->180
[2025-03-28T20:29:03.679+0530][gc,heap     ] GC(973) Archive regions: 2->2
[2025-03-28T20:29:03.679+0530][gc,heap     ] GC(973) Humongous regions: 147->147
[2025-03-28T20:29:03.679+0530][gc,metaspace] GC(973) Metaspace: 54444K(55168K)->54444K(55168K) NonClass: 48336K(48704K)->48336K(48704K) Class: 6108K(6464K)->6108K(6464K)
[2025-03-28T20:29:03.679+0530][gc          ] GC(973) Pause Young (Normal) (G1 Evacuation Pause) 377M->334M(1024M) 31.846ms
[2025-03-28T20:29:03.679+0530][gc,cpu      ] GC(973) User=0.02s Sys=0.00s Real=0.04s
[2025-03-28T20:29:03.768+0530][gc,start    ] GC(974) Pause Young (Normal) (G1 Evacuation Pause)
[2025-03-28T20:29:03.768+0530][gc,task     ] GC(974) Using 2 workers of 2 for evacuation
[2025-03-28T20:29:03.792+0530][gc,mmu      ] GC(974) MMU target violated: 21.0ms (20.0ms/21.0ms)
[2025-03-28T20:29:03.792+0530][gc,phases   ] GC(974)   Pre Evacuate Collection Set: 0.2ms
[2025-03-28T20:29:03.792+0530][gc,phases   ] GC(974)   Merge Heap Roots: 0.1ms
[2025-03-28T20:29:03.792+0530][gc,phases   ] GC(974)   Evacuate Collection Set: 22.6ms
[2025-03-28T20:29:03.792+0530][gc,phases   ] GC(974)   Post Evacuate Collection Set: 0.4ms
[2025-03-28T20:29:03.792+0530][gc,phases   ] GC(974)   Other: 0.5ms
[2025-03-28T20:29:03.792+0530][gc,heap     ] GC(974) Eden regions: 44->0(49)
[2025-03-28T20:29:03.792+0530][gc,heap     ] GC(974) Survivor regions: 7->2(7)
[2025-03-28T20:29:03.792+0530][gc,heap     ] GC(974) Old regions: 180->182
[2025-03-28T20:29:03.792+0530][gc,heap     ] GC(974) Archive regions: 2->2
[2025-03-28T20:29:03.792+0530][gc,heap     ] GC(974) Humongous regions: 149->149
[2025-03-28T20:29:03.792+0530][gc,metaspace] GC(974) Metaspace: 54444K(55168K)->54444K(55168K) NonClass: 48336K(48704K)->48336K(48704K) Class: 6108K(6464K)->6108K(6464K)
[2025-03-28T20:29:03.792+0530][gc          ] GC(974) Pause Young (Normal) (G1 Evacuation Pause) 380M->333M(1024M) 23.881ms
[2025-03-28T20:29:03.792+0530][gc,cpu      ] GC(974) User=0.02s Sys=0.01s Real=0.04s
[2025-03-28T20:29:07.526+0530][gc,start    ] GC(975) Pause Young (Normal) (G1 Evacuation Pause)
[2025-03-28T20:29:07.526+0530][gc,task     ] GC(975) Using 2 workers of 2 for evacuation
[2025-03-28T20:29:07.532+0530][gc,phases   ] GC(975)   Pre Evacuate Collection Set: 0.2ms
[2025-03-28T20:29:07.532+0530][gc,phases   ] GC(975)   Merge Heap Roots: 0.1ms
[2025-03-28T20:29:07.532+0530][gc,phases   ] GC(975)   Evacuate Collection Set: 5.1ms
[2025-03-28T20:29:07.532+0530][gc,phases   ] GC(975)   Post Evacuate Collection Set: 0.8ms
[2025-03-28T20:29:07.532+0530][gc,phases   ] GC(975)   Other: 0.2ms
[2025-03-28T20:29:07.532+0530][gc,heap     ] GC(975) Eden regions: 49->0(46)
[2025-03-28T20:29:07.532+0530][gc,heap     ] GC(975) Survivor regions: 2->5(7)
[2025-03-28T20:29:07.532+0530][gc,heap     ] GC(975) Old regions: 182->182
[2025-03-28T20:29:07.532+0530][gc,heap     ] GC(975) Archive regions: 2->2
[2025-03-28T20:29:07.532+0530][gc,heap     ] GC(975) Humongous regions: 149->147
[2025-03-28T20:29:07.532+0530][gc,metaspace] GC(975) Metaspace: 54444K(55168K)->54444K(55168K) NonClass: 48336K(48704K)->48336K(48704K) Class: 6108K(6464K)->6108K(6464K)
[2025-03-28T20:29:07.532+0530][gc          ] GC(975) Pause Young (Normal) (G1 Evacuation Pause) 382M->333M(1024M) 6.507ms
[2025-03-28T20:29:07.532+0530][gc,cpu      ] GC(975) User=0.01s Sys=0.00s Real=0.00s
[2025-03-28T20:29:07.607+0530][gc,start    ] GC(976) Pause Young (Normal) (G1 Evacuation Pause)
[2025-03-28T20:29:07.607+0530][gc,task     ] GC(976) Using 2 workers of 2 for evacuation
[2025-03-28T20:29:07.627+0530][gc,phases   ] GC(976)   Pre Evacuate Collection Set: 0.3ms
[2025-03-28T20:29:07.627+0530][gc,phases   ] GC(976)   Merge Heap Roots: 0.1ms
[2025-03-28T20:29:07.627+0530][gc,phases   ] GC(976)   Evacuate Collection Set: 18.1ms
[2025-03-28T20:29:07.627+0530][gc,phases   ] GC(976)   Post Evacuate Collection Set: 0.6ms
[2025-03-28T20:29:07.627+0530][gc,phases   ] GC(976)   Other: 0.9ms
[2025-03-28T20:29:07.627+0530][gc,heap     ] GC(976) Eden regions: 46->0(49)
[2025-03-28T20:29:07.627+0530][gc,heap     ] GC(976) Survivor regions: 5->2(7)
[2025-03-28T20:29:07.627+0530][gc,heap     ] GC(976) Old regions: 182->183
[2025-03-28T20:29:07.627+0530][gc,heap     ] GC(976) Archive regions: 2->2
[2025-03-28T20:29:07.627+0530][gc,heap     ] GC(976) Humongous regions: 149->149
[2025-03-28T20:29:07.627+0530][gc,metaspace] GC(976) Metaspace: 54444K(55168K)->54444K(55168K) NonClass: 48336K(48704K)->48336K(48704K) Class: 6108K(6464K)->6108K(6464K)
[2025-03-28T20:29:07.627+0530][gc          ] GC(976) Pause Young (Normal) (G1 Evacuation Pause) 381M->334M(1024M) 20.106ms
[2025-03-28T20:29:07.627+0530][gc,cpu      ] GC(976) User=0.01s Sys=0.00s Real=0.02s
[2025-03-28T20:29:08.608+0530][gc,start    ] GC(977) Pause Young (Normal) (G1 Evacuation Pause)
[2025-03-28T20:29:08.608+0530][gc,task     ] GC(977) Using 2 workers of 2 for evacuation
[2025-03-28T20:29:08.616+0530][gc,phases   ] GC(977)   Pre Evacuate Collection Set: 0.3ms
[2025-03-28T20:29:08.616+0530][gc,phases   ] GC(977)   Merge Heap Roots: 0.1ms
[2025-03-28T20:29:08.616+0530][gc,phases   ] GC(977)   Evacuate Collection Set: 6.4ms
[2025-03-28T20:29:08.616+0530][gc,phases   ] GC(977)   Post Evacuate Collection Set: 0.8ms
[2025-03-28T20:29:08.616+0530][gc,phases   ] GC(977)   Other: 0.1ms
[2025-03-28T20:29:08.616+0530][gc,heap     ] GC(977) Eden regions: 49->0(48)
[2025-03-28T20:29:08.616+0530][gc,heap     ] GC(977) Survivor regions: 2->3(7)
[2025-03-28T20:29:08.616+0530][gc,heap     ] GC(977) Old regions: 183->183
[2025-03-28T20:29:08.616+0530][gc,heap     ] GC(977) Archive regions: 2->2
[2025-03-28T20:29:08.616+0530][gc,heap     ] GC(977) Humongous regions: 149->147
[2025-03-28T20:29:08.616+0530][gc,metaspace] GC(977) Metaspace: 54444K(55168K)->54444K(55168K) NonClass: 48336K(48704K)->48336K(48704K) Class: 6108K(6464K)->6108K(6464K)
[2025-03-28T20:29:08.616+0530][gc          ] GC(977) Pause Young (Normal) (G1 Evacuation Pause) 383M->332M(1024M) 7.965ms
[2025-03-28T20:29:08.616+0530][gc,cpu      ] GC(977) User=0.01s Sys=0.01s Real=0.01s
[2025-03-28T20:29:08.715+0530][gc,start    ] GC(978) Pause Young (Normal) (G1 Evacuation Pause)
[2025-03-28T20:29:08.715+0530][gc,task     ] GC(978) Using 2 workers of 2 for evacuation
[2025-03-28T20:29:08.744+0530][gc,mmu      ] GC(978) MMU target violated: 21.0ms (20.0ms/21.0ms)
[2025-03-28T20:29:08.744+0530][gc,phases   ] GC(978)   Pre Evacuate Collection Set: 0.3ms
[2025-03-28T20:29:08.744+0530][gc,phases   ] GC(978)   Merge Heap Roots: 0.1ms
[2025-03-28T20:29:08.744+0530][gc,phases   ] GC(978)   Evacuate Collection Set: 28.3ms
[2025-03-28T20:29:08.744+0530][gc,phases   ] GC(978)   Post Evacuate Collection Set: 0.6ms
[2025-03-28T20:29:08.744+0530][gc,phases   ] GC(978)   Other: 0.2ms
[2025-03-28T20:29:08.744+0530][gc,heap     ] GC(978) Eden regions: 48->0(44)
[2025-03-28T20:29:08.744+0530][gc,heap     ] GC(978) Survivor regions: 3->7(7)
[2025-03-28T20:29:08.744+0530][gc,heap     ] GC(978) Old regions: 183->183
[2025-03-28T20:29:08.744+0530][gc,heap     ] GC(978) Archive regions: 2->2
[2025-03-28T20:29:08.744+0530][gc,heap     ] GC(978) Humongous regions: 149->149
[2025-03-28T20:29:08.744+0530][gc,metaspace] GC(978) Metaspace: 54444K(55168K)->54444K(55168K) NonClass: 48336K(48704K)->48336K(48704K) Class: 6108K(6464K)->6108K(6464K)
[2025-03-28T20:29:08.744+0530][gc          ] GC(978) Pause Young (Normal) (G1 Evacuation Pause) 382M->339M(1024M) 29.574ms
[2025-03-28T20:29:08.744+0530][gc,cpu      ] GC(978) User=0.02s Sys=0.00s Real=0.03s
[2025-03-28T20:29:12.418+0530][gc,start    ] GC(979) Pause Young (Normal) (G1 Evacuation Pause)
[2025-03-28T20:29:12.418+0530][gc,task     ] GC(979) Using 2 workers of 2 for evacuation
[2025-03-28T20:29:12.597+0530][gc,mmu      ] GC(979) MMU target violated: 21.0ms (20.0ms/21.0ms)
[2025-03-28T20:29:12.597+0530][gc,phases   ] GC(979)   Pre Evacuate Collection Set: 1.5ms
[2025-03-28T20:29:12.597+0530][gc,phases   ] GC(979)   Merge Heap Roots: 0.4ms
[2025-03-28T20:29:12.597+0530][gc,phases   ] GC(979)   Evacuate Collection Set: 175.0ms
[2025-03-28T20:29:12.597+0530][gc,phases   ] GC(979)   Post Evacuate Collection Set: 0.8ms
[2025-03-28T20:29:12.597+0530][gc,phases   ] GC(979)   Other: 1.2ms
[2025-03-28T20:29:12.597+0530][gc,heap     ] GC(979) Eden regions: 44->0(49)
[2025-03-28T20:29:12.597+0530][gc,heap     ] GC(979) Survivor regions: 7->2(7)
[2025-03-28T20:29:12.597+0530][gc,heap     ] GC(979) Old regions: 183->190
[2025-03-28T20:29:12.597+0530][gc,heap     ] GC(979) Archive regions: 2->2
[2025-03-28T20:29:12.597+0530][gc,heap     ] GC(979) Humongous regions: 149->147
[2025-03-28T20:29:12.597+0530][gc,metaspace] GC(979) Metaspace: 54444K(55168K)->54444K(55168K) NonClass: 48336K(48704K)->48336K(48704K) Class: 6108K(6464K)->6108K(6464K)
[2025-03-28T20:29:12.597+0530][gc          ] GC(979) Pause Young (Normal) (G1 Evacuation Pause) 383M->339M(1024M) 178.998ms
[2025-03-28T20:29:12.597+0530][gc,cpu      ] GC(979) User=0.03s Sys=0.03s Real=0.18s
[2025-03-28T20:29:12.660+0530][gc,start    ] GC(980) Pause Young (Normal) (G1 Evacuation Pause)
[2025-03-28T20:29:12.660+0530][gc,task     ] GC(980) Using 2 workers of 2 for evacuation
[2025-03-28T20:29:12.672+0530][gc,phases   ] GC(980)   Pre Evacuate Collection Set: 0.3ms
[2025-03-28T20:29:12.672+0530][gc,phases   ] GC(980)   Merge Heap Roots: 0.1ms
[2025-03-28T20:29:12.672+0530][gc,phases   ] GC(980)   Evacuate Collection Set: 10.7ms
[2025-03-28T20:29:12.672+0530][gc,phases   ] GC(980)   Post Evacuate Collection Set: 0.4ms
[2025-03-28T20:29:12.672+0530][gc,phases   ] GC(980)   Other: 0.1ms
[2025-03-28T20:29:12.672+0530][gc,heap     ] GC(980) Eden regions: 49->0(45)
[2025-03-28T20:29:12.672+0530][gc,heap     ] GC(980) Survivor regions: 2->6(7)
[2025-03-28T20:29:12.672+0530][gc,heap     ] GC(980) Old regions: 190->190
[2025-03-28T20:29:12.672+0530][gc,heap     ] GC(980) Archive regions: 2->2
[2025-03-28T20:29:12.672+0530][gc,heap     ] GC(980) Humongous regions: 147->147
[2025-03-28T20:29:12.672+0530][gc,metaspace] GC(980) Metaspace: 54444K(55168K)->54444K(55168K) NonClass: 48336K(48704K)->48336K(48704K) Class: 6108K(6464K)->6108K(6464K)
[2025-03-28T20:29:12.672+0530][gc          ] GC(980) Pause Young (Normal) (G1 Evacuation Pause) 388M->343M(1024M) 11.837ms
[2025-03-28T20:29:12.672+0530][gc,cpu      ] GC(980) User=0.01s Sys=0.00s Real=0.01s
[2025-03-28T20:29:12.741+0530][gc,start    ] GC(981) Pause Young (Normal) (G1 Evacuation Pause)
[2025-03-28T20:29:12.741+0530][gc,task     ] GC(981) Using 2 workers of 2 for evacuation
[2025-03-28T20:29:12.760+0530][gc,phases   ] GC(981)   Pre Evacuate Collection Set: 0.2ms
[2025-03-28T20:29:12.760+0530][gc,phases   ] GC(981)   Merge Heap Roots: 0.8ms
[2025-03-28T20:29:12.760+0530][gc,phases   ] GC(981)   Evacuate Collection Set: 17.2ms
[2025-03-28T20:29:12.760+0530][gc,phases   ] GC(981)   Post Evacuate Collection Set: 0.4ms
[2025-03-28T20:29:12.760+0530][gc,phases   ] GC(981)   Other: 0.7ms
[2025-03-28T20:29:12.760+0530][gc,heap     ] GC(981) Eden regions: 45->0(49)
[2025-03-28T20:29:12.760+0530][gc,heap     ] GC(981) Survivor regions: 6->2(7)
[2025-03-28T20:29:12.760+0530][gc,heap     ] GC(981) Old regions: 190->191
[2025-03-28T20:29:12.760+0530][gc,heap     ] GC(981) Archive regions: 2->2
[2025-03-28T20:29:12.760+0530][gc,heap     ] GC(981) Humongous regions: 149->149
[2025-03-28T20:29:12.760+0530][gc,metaspace] GC(981) Metaspace: 54444K(55168K)->54444K(55168K) NonClass: 48336K(48704K)->48336K(48704K) Class: 6108K(6464K)->6108K(6464K)
[2025-03-28T20:29:12.760+0530][gc          ] GC(981) Pause Young (Normal) (G1 Evacuation Pause) 390M->342M(1024M) 19.445ms
[2025-03-28T20:29:12.760+0530][gc,cpu      ] GC(981) User=0.01s Sys=0.00s Real=0.02s
[2025-03-28T20:29:14.742+0530][gc,start    ] GC(982) Pause Young (Normal) (G1 Evacuation Pause)
[2025-03-28T20:29:14.742+0530][gc,task     ] GC(982) Using 2 workers of 2 for evacuation
[2025-03-28T20:29:14.755+0530][gc,phases   ] GC(982)   Pre Evacuate Collection Set: 0.2ms
[2025-03-28T20:29:14.755+0530][gc,phases   ] GC(982)   Merge Heap Roots: 0.1ms
[2025-03-28T20:29:14.755+0530][gc,phases   ] GC(982)   Evacuate Collection Set: 11.4ms
[2025-03-28T20:29:14.755+0530][gc,phases   ] GC(982)   Post Evacuate Collection Set: 0.8ms
[2025-03-28T20:29:14.755+0530][gc,phases   ] GC(982)   Other: 0.1ms
[2025-03-28T20:29:14.755+0530][gc,heap     ] GC(982) Eden regions: 49->0(47)
[2025-03-28T20:29:14.755+0530][gc,heap     ] GC(982) Survivor regions: 2->4(7)
[2025-03-28T20:29:14.755+0530][gc,heap     ] GC(982) Old regions: 191->191
[2025-03-28T20:29:14.755+0530][gc,heap     ] GC(982) Archive regions: 2->2
[2025-03-28T20:29:14.755+0530][gc,heap     ] GC(982) Humongous regions: 149->147
[2025-03-28T20:29:14.755+0530][gc,metaspace] GC(982) Metaspace: 54444K(55168K)->54444K(55168K) NonClass: 48336K(48704K)->48336K(48704K) Class: 6108K(6464K)->6108K(6464K)
[2025-03-28T20:29:14.755+0530][gc          ] GC(982) Pause Young (Normal) (G1 Evacuation Pause) 391M->342M(1024M) 12.847ms
[2025-03-28T20:29:14.755+0530][gc,cpu      ] GC(982) User=0.02s Sys=0.00s Real=0.02s
[2025-03-28T20:29:14.851+0530][gc,start    ] GC(983) Pause Young (Normal) (G1 Evacuation Pause)
[2025-03-28T20:29:14.851+0530][gc,task     ] GC(983) Using 2 workers of 2 for evacuation
[2025-03-28T20:29:14.894+0530][gc,mmu      ] GC(983) MMU target violated: 21.0ms (20.0ms/21.0ms)
[2025-03-28T20:29:14.894+0530][gc,phases   ] GC(983)   Pre Evacuate Collection Set: 0.1ms
[2025-03-28T20:29:14.894+0530][gc,phases   ] GC(983)   Merge Heap Roots: 0.1ms
[2025-03-28T20:29:14.894+0530][gc,phases   ] GC(983)   Evacuate Collection Set: 42.4ms
[2025-03-28T20:29:14.894+0530][gc,phases   ] GC(983)   Post Evacuate Collection Set: 0.5ms
[2025-03-28T20:29:14.894+0530][gc,phases   ] GC(983)   Other: 0.2ms
[2025-03-28T20:29:14.894+0530][gc,heap     ] GC(983) Eden regions: 47->0(47)
[2025-03-28T20:29:14.894+0530][gc,heap     ] GC(983) Survivor regions: 4->4(7)
[2025-03-28T20:29:14.894+0530][gc,heap     ] GC(983) Old regions: 191->195
[2025-03-28T20:29:14.894+0530][gc,heap     ] GC(983) Archive regions: 2->2
[2025-03-28T20:29:14.894+0530][gc,heap     ] GC(983) Humongous regions: 149->149
[2025-03-28T20:29:14.894+0530][gc,metaspace] GC(983) Metaspace: 54444K(55168K)->54444K(55168K) NonClass: 48336K(48704K)->48336K(48704K) Class: 6108K(6464K)->6108K(6464K)
[2025-03-28T20:29:14.894+0530][gc          ] GC(983) Pause Young (Normal) (G1 Evacuation Pause) 391M->348M(1024M) 43.284ms
[2025-03-28T20:29:14.894+0530][gc,cpu      ] GC(983) User=0.02s Sys=0.01s Real=0.05s
[2025-03-28T20:29:17.441+0530][gc,start    ] GC(984) Pause Young (Normal) (G1 Evacuation Pause)
[2025-03-28T20:29:17.442+0530][gc,task     ] GC(984) Using 2 workers of 2 for evacuation
[2025-03-28T20:29:17.480+0530][gc,mmu      ] GC(984) MMU target violated: 21.0ms (20.0ms/21.0ms)
[2025-03-28T20:29:17.480+0530][gc,phases   ] GC(984)   Pre Evacuate Collection Set: 0.3ms
[2025-03-28T20:29:17.480+0530][gc,phases   ] GC(984)   Merge Heap Roots: 0.1ms
[2025-03-28T20:29:17.480+0530][gc,phases   ] GC(984)   Evacuate Collection Set: 36.6ms
[2025-03-28T20:29:17.480+0530][gc,phases   ] GC(984)   Post Evacuate Collection Set: 1.8ms
[2025-03-28T20:29:17.480+0530][gc,phases   ] GC(984)   Other: 0.2ms
[2025-03-28T20:29:17.481+0530][gc,heap     ] GC(984) Eden regions: 47->0(48)
[2025-03-28T20:29:17.481+0530][gc,heap     ] GC(984) Survivor regions: 4->3(7)
[2025-03-28T20:29:17.481+0530][gc,heap     ] GC(984) Old regions: 195->199
[2025-03-28T20:29:17.481+0530][gc,heap     ] GC(984) Archive regions: 2->2
[2025-03-28T20:29:17.481+0530][gc,heap     ] GC(984) Humongous regions: 149->147
[2025-03-28T20:29:17.481+0530][gc,metaspace] GC(984) Metaspace: 54444K(55168K)->54444K(55168K) NonClass: 48336K(48704K)->48336K(48704K) Class: 6108K(6464K)->6108K(6464K)
[2025-03-28T20:29:17.481+0530][gc          ] GC(984) Pause Young (Normal) (G1 Evacuation Pause) 395M->349M(1024M) 39.113ms
[2025-03-28T20:29:17.481+0530][gc,cpu      ] GC(984) User=0.01s Sys=0.00s Real=0.04s
[2025-03-28T20:29:17.540+0530][gc,start    ] GC(985) Pause Young (Normal) (G1 Evacuation Pause)
[2025-03-28T20:29:17.540+0530][gc,task     ] GC(985) Using 2 workers of 2 for evacuation
[2025-03-28T20:29:17.557+0530][gc,phases   ] GC(985)   Pre Evacuate Collection Set: 1.4ms
[2025-03-28T20:29:17.557+0530][gc,phases   ] GC(985)   Merge Heap Roots: 0.1ms
[2025-03-28T20:29:17.557+0530][gc,phases   ] GC(985)   Evacuate Collection Set: 11.2ms
[2025-03-28T20:29:17.557+0530][gc,phases   ] GC(985)   Post Evacuate Collection Set: 4.3ms
[2025-03-28T20:29:17.557+0530][gc,phases   ] GC(985)   Other: 0.1ms
[2025-03-28T20:29:17.557+0530][gc,heap     ] GC(985) Eden regions: 48->0(44)
[2025-03-28T20:29:17.557+0530][gc,heap     ] GC(985) Survivor regions: 3->7(7)
[2025-03-28T20:29:17.557+0530][gc,heap     ] GC(985) Old regions: 199->200
[2025-03-28T20:29:17.557+0530][gc,heap     ] GC(985) Archive regions: 2->2
[2025-03-28T20:29:17.557+0530][gc,heap     ] GC(985) Humongous regions: 147->147
[2025-03-28T20:29:17.557+0530][gc,metaspace] GC(985) Metaspace: 54444K(55168K)->54444K(55168K) NonClass: 48336K(48704K)->48336K(48704K) Class: 6108K(6464K)->6108K(6464K)
[2025-03-28T20:29:17.557+0530][gc          ] GC(985) Pause Young (Normal) (G1 Evacuation Pause) 397M->354M(1024M) 17.297ms
[2025-03-28T20:29:17.557+0530][gc,cpu      ] GC(985) User=0.02s Sys=0.00s Real=0.03s
[2025-03-28T20:29:18.542+0530][gc,start    ] GC(986) Pause Young (Normal) (G1 Evacuation Pause)
[2025-03-28T20:29:18.542+0530][gc,task     ] GC(986) Using 2 workers of 2 for evacuation
[2025-03-28T20:29:18.546+0530][gc,phases   ] GC(986)   Pre Evacuate Collection Set: 0.3ms
[2025-03-28T20:29:18.546+0530][gc,phases   ] GC(986)   Merge Heap Roots: 0.1ms
[2025-03-28T20:29:18.546+0530][gc,phases   ] GC(986)   Evacuate Collection Set: 2.4ms
[2025-03-28T20:29:18.546+0530][gc,phases   ] GC(986)   Post Evacuate Collection Set: 0.5ms
[2025-03-28T20:29:18.546+0530][gc,phases   ] GC(986)   Other: 0.1ms
[2025-03-28T20:29:18.546+0530][gc,heap     ] GC(986) Eden regions: 44->0(50)
[2025-03-28T20:29:18.546+0530][gc,heap     ] GC(986) Survivor regions: 7->1(7)
[2025-03-28T20:29:18.546+0530][gc,heap     ] GC(986) Old regions: 200->200
[2025-03-28T20:29:18.546+0530][gc,heap     ] GC(986) Archive regions: 2->2
[2025-03-28T20:29:18.546+0530][gc,heap     ] GC(986) Humongous regions: 149->147
[2025-03-28T20:29:18.546+0530][gc,metaspace] GC(986) Metaspace: 54444K(55168K)->54444K(55168K) NonClass: 48336K(48704K)->48336K(48704K) Class: 6108K(6464K)->6108K(6464K)
[2025-03-28T20:29:18.546+0530][gc          ] GC(986) Pause Young (Normal) (G1 Evacuation Pause) 400M->348M(1024M) 3.583ms
[2025-03-28T20:29:18.546+0530][gc,cpu      ] GC(986) User=0.00s Sys=0.00s Real=0.01s
[2025-03-28T20:29:33.614+0530][gc,start    ] GC(987) Pause Young (Normal) (G1 Evacuation Pause)
[2025-03-28T20:29:33.614+0530][gc,task     ] GC(987) Using 2 workers of 2 for evacuation
[2025-03-28T20:29:33.659+0530][gc,mmu      ] GC(987) MMU target violated: 21.0ms (20.0ms/21.0ms)
[2025-03-28T20:29:33.659+0530][gc,phases   ] GC(987)   Pre Evacuate Collection Set: 0.2ms
[2025-03-28T20:29:33.659+0530][gc,phases   ] GC(987)   Merge Heap Roots: 0.2ms
[2025-03-28T20:29:33.659+0530][gc,phases   ] GC(987)   Evacuate Collection Set: 43.8ms
[2025-03-28T20:29:33.659+0530][gc,phases   ] GC(987)   Post Evacuate Collection Set: 0.4ms
[2025-03-28T20:29:33.659+0530][gc,phases   ] GC(987)   Other: 0.2ms
[2025-03-28T20:29:33.659+0530][gc,heap     ] GC(987) Eden regions: 50->0(45)
[2025-03-28T20:29:33.659+0530][gc,heap     ] GC(987) Survivor regions: 1->6(7)
[2025-03-28T20:29:33.659+0530][gc,heap     ] GC(987) Old regions: 200->200
[2025-03-28T20:29:33.659+0530][gc,heap     ] GC(987) Archive regions: 2->2
[2025-03-28T20:29:33.659+0530][gc,heap     ] GC(987) Humongous regions: 147->147
[2025-03-28T20:29:33.659+0530][gc,metaspace] GC(987) Metaspace: 54444K(55168K)->54444K(55168K) NonClass: 48336K(48704K)->48336K(48704K) Class: 6108K(6464K)->6108K(6464K)
[2025-03-28T20:29:33.659+0530][gc          ] GC(987) Pause Young (Normal) (G1 Evacuation Pause) 398M->352M(1024M) 45.000ms
[2025-03-28T20:29:33.659+0530][gc,cpu      ] GC(987) User=0.05s Sys=0.01s Real=0.05s
[2025-03-28T20:29:33.738+0530][gc,start    ] GC(988) Pause Young (Normal) (G1 Evacuation Pause)
[2025-03-28T20:29:33.738+0530][gc,task     ] GC(988) Using 2 workers of 2 for evacuation
[2025-03-28T20:29:33.778+0530][gc,mmu      ] GC(988) MMU target violated: 21.0ms (20.0ms/21.0ms)
[2025-03-28T20:29:33.778+0530][gc,phases   ] GC(988)   Pre Evacuate Collection Set: 0.1ms
[2025-03-28T20:29:33.778+0530][gc,phases   ] GC(988)   Merge Heap Roots: 0.1ms
[2025-03-28T20:29:33.778+0530][gc,phases   ] GC(988)   Evacuate Collection Set: 39.1ms
[2025-03-28T20:29:33.778+0530][gc,phases   ] GC(988)   Post Evacuate Collection Set: 0.6ms
[2025-03-28T20:29:33.778+0530][gc,phases   ] GC(988)   Other: 0.2ms
[2025-03-28T20:29:33.778+0530][gc,heap     ] GC(988) Eden regions: 45->0(49)
[2025-03-28T20:29:33.778+0530][gc,heap     ] GC(988) Survivor regions: 6->2(7)
[2025-03-28T20:29:33.778+0530][gc,heap     ] GC(988) Old regions: 200->202
[2025-03-28T20:29:33.778+0530][gc,heap     ] GC(988) Archive regions: 2->2
[2025-03-28T20:29:33.778+0530][gc,heap     ] GC(988) Humongous regions: 149->149
[2025-03-28T20:29:33.778+0530][gc,metaspace] GC(988) Metaspace: 54444K(55168K)->54444K(55168K) NonClass: 48336K(48704K)->48336K(48704K) Class: 6108K(6464K)->6108K(6464K)
[2025-03-28T20:29:33.778+0530][gc          ] GC(988) Pause Young (Normal) (G1 Evacuation Pause) 399M->353M(1024M) 40.236ms
[2025-03-28T20:29:33.778+0530][gc,cpu      ] GC(988) User=0.02s Sys=0.01s Real=0.04s
[2025-03-28T20:29:37.475+0530][gc,start    ] GC(989) Pause Young (Normal) (G1 Evacuation Pause)
[2025-03-28T20:29:37.475+0530][gc,task     ] GC(989) Using 2 workers of 2 for evacuation
[2025-03-28T20:29:37.486+0530][gc,phases   ] GC(989)   Pre Evacuate Collection Set: 0.6ms
[2025-03-28T20:29:37.486+0530][gc,phases   ] GC(989)   Merge Heap Roots: 0.2ms
[2025-03-28T20:29:37.486+0530][gc,phases   ] GC(989)   Evacuate Collection Set: 8.9ms
[2025-03-28T20:29:37.486+0530][gc,phases   ] GC(989)   Post Evacuate Collection Set: 0.9ms
[2025-03-28T20:29:37.486+0530][gc,phases   ] GC(989)   Other: 0.2ms
[2025-03-28T20:29:37.486+0530][gc,heap     ] GC(989) Eden regions: 49->0(49)
[2025-03-28T20:29:37.486+0530][gc,heap     ] GC(989) Survivor regions: 2->2(7)
[2025-03-28T20:29:37.486+0530][gc,heap     ] GC(989) Old regions: 202->202
[2025-03-28T20:29:37.486+0530][gc,heap     ] GC(989) Archive regions: 2->2
[2025-03-28T20:29:37.486+0530][gc,heap     ] GC(989) Humongous regions: 149->147
[2025-03-28T20:29:37.486+0530][gc,metaspace] GC(989) Metaspace: 54481K(55232K)->54481K(55232K) NonClass: 48373K(48768K)->48373K(48768K) Class: 6108K(6464K)->6108K(6464K)
[2025-03-28T20:29:37.486+0530][gc          ] GC(989) Pause Young (Normal) (G1 Evacuation Pause) 402M->351M(1024M) 10.933ms
[2025-03-28T20:29:37.486+0530][gc,cpu      ] GC(989) User=0.01s Sys=0.00s Real=0.01s
[2025-03-28T20:29:37.549+0530][gc,start    ] GC(990) Pause Young (Normal) (G1 Evacuation Pause)
[2025-03-28T20:29:37.549+0530][gc,task     ] GC(990) Using 2 workers of 2 for evacuation
[2025-03-28T20:29:37.560+0530][gc,phases   ] GC(990)   Pre Evacuate Collection Set: 0.3ms
[2025-03-28T20:29:37.560+0530][gc,phases   ] GC(990)   Merge Heap Roots: 0.1ms
[2025-03-28T20:29:37.560+0530][gc,phases   ] GC(990)   Evacuate Collection Set: 8.8ms
[2025-03-28T20:29:37.560+0530][gc,phases   ] GC(990)   Post Evacuate Collection Set: 0.7ms
[2025-03-28T20:29:37.560+0530][gc,phases   ] GC(990)   Other: 1.5ms
[2025-03-28T20:29:37.560+0530][gc,heap     ] GC(990) Eden regions: 49->0(44)
[2025-03-28T20:29:37.560+0530][gc,heap     ] GC(990) Survivor regions: 2->7(7)
[2025-03-28T20:29:37.560+0530][gc,heap     ] GC(990) Old regions: 202->202
[2025-03-28T20:29:37.560+0530][gc,heap     ] GC(990) Archive regions: 2->2
[2025-03-28T20:29:37.560+0530][gc,heap     ] GC(990) Humongous regions: 147->147
[2025-03-28T20:29:37.560+0530][gc,metaspace] GC(990) Metaspace: 54481K(55232K)->54481K(55232K) NonClass: 48373K(48768K)->48373K(48768K) Class: 6108K(6464K)->6108K(6464K)
[2025-03-28T20:29:37.560+0530][gc          ] GC(990) Pause Young (Normal) (G1 Evacuation Pause) 400M->356M(1024M) 11.478ms
[2025-03-28T20:29:37.560+0530][gc,cpu      ] GC(990) User=0.02s Sys=0.00s Real=0.01s
[2025-03-28T20:29:37.626+0530][gc,start    ] GC(991) Pause Young (Normal) (G1 Evacuation Pause)
[2025-03-28T20:29:37.626+0530][gc,task     ] GC(991) Using 2 workers of 2 for evacuation
[2025-03-28T20:29:37.648+0530][gc,mmu      ] GC(991) MMU target violated: 21.0ms (20.0ms/21.0ms)
[2025-03-28T20:29:37.648+0530][gc,phases   ] GC(991)   Pre Evacuate Collection Set: 0.2ms
[2025-03-28T20:29:37.648+0530][gc,phases   ] GC(991)   Merge Heap Roots: 0.1ms
[2025-03-28T20:29:37.648+0530][gc,phases   ] GC(991)   Evacuate Collection Set: 21.6ms
[2025-03-28T20:29:37.648+0530][gc,phases   ] GC(991)   Post Evacuate Collection Set: 0.3ms
[2025-03-28T20:29:37.648+0530][gc,phases   ] GC(991)   Other: 0.2ms
[2025-03-28T20:29:37.648+0530][gc,heap     ] GC(991) Eden regions: 44->0(49)
[2025-03-28T20:29:37.648+0530][gc,heap     ] GC(991) Survivor regions: 7->2(7)
[2025-03-28T20:29:37.648+0530][gc,heap     ] GC(991) Old regions: 202->204
[2025-03-28T20:29:37.648+0530][gc,heap     ] GC(991) Archive regions: 2->2
[2025-03-28T20:29:37.648+0530][gc,heap     ] GC(991) Humongous regions: 149->149
[2025-03-28T20:29:37.648+0530][gc,metaspace] GC(991) Metaspace: 54481K(55232K)->54481K(55232K) NonClass: 48373K(48768K)->48373K(48768K) Class: 6108K(6464K)->6108K(6464K)
[2025-03-28T20:29:37.648+0530][gc          ] GC(991) Pause Young (Normal) (G1 Evacuation Pause) 402M->354M(1024M) 22.387ms
[2025-03-28T20:29:37.648+0530][gc,cpu      ] GC(991) User=0.01s Sys=0.00s Real=0.02s
[2025-03-28T20:29:38.598+0530][gc,start    ] GC(992) Pause Young (Normal) (G1 Evacuation Pause)
[2025-03-28T20:29:38.598+0530][gc,task     ] GC(992) Using 2 workers of 2 for evacuation
[2025-03-28T20:29:38.604+0530][gc,phases   ] GC(992)   Pre Evacuate Collection Set: 0.2ms
[2025-03-28T20:29:38.604+0530][gc,phases   ] GC(992)   Merge Heap Roots: 0.1ms
[2025-03-28T20:29:38.604+0530][gc,phases   ] GC(992)   Evacuate Collection Set: 4.9ms
[2025-03-28T20:29:38.604+0530][gc,phases   ] GC(992)   Post Evacuate Collection Set: 0.4ms
[2025-03-28T20:29:38.604+0530][gc,phases   ] GC(992)   Other: 0.2ms
[2025-03-28T20:29:38.604+0530][gc,heap     ] GC(992) Eden regions: 49->0(46)
[2025-03-28T20:29:38.604+0530][gc,heap     ] GC(992) Survivor regions: 2->5(7)
[2025-03-28T20:29:38.604+0530][gc,heap     ] GC(992) Old regions: 204->204
[2025-03-28T20:29:38.604+0530][gc,heap     ] GC(992) Archive regions: 2->2
[2025-03-28T20:29:38.604+0530][gc,heap     ] GC(992) Humongous regions: 149->147
[2025-03-28T20:29:38.604+0530][gc,metaspace] GC(992) Metaspace: 54481K(55232K)->54481K(55232K) NonClass: 48373K(48768K)->48373K(48768K) Class: 6108K(6464K)->6108K(6464K)
[2025-03-28T20:29:38.604+0530][gc          ] GC(992) Pause Young (Normal) (G1 Evacuation Pause) 403M->356M(1024M) 5.802ms
[2025-03-28T20:29:38.604+0530][gc,cpu      ] GC(992) User=0.01s Sys=0.00s Real=0.00s
[2025-03-28T20:29:38.684+0530][gc,start    ] GC(993) Pause Young (Normal) (G1 Evacuation Pause)
[2025-03-28T20:29:38.684+0530][gc,task     ] GC(993) Using 2 workers of 2 for evacuation
[2025-03-28T20:29:38.791+0530][gc,mmu      ] GC(993) MMU target violated: 21.0ms (20.0ms/21.0ms)
[2025-03-28T20:29:38.791+0530][gc,phases   ] GC(993)   Pre Evacuate Collection Set: 0.1ms
[2025-03-28T20:29:38.791+0530][gc,phases   ] GC(993)   Merge Heap Roots: 0.1ms
[2025-03-28T20:29:38.791+0530][gc,phases   ] GC(993)   Evacuate Collection Set: 106.6ms
[2025-03-28T20:29:38.791+0530][gc,phases   ] GC(993)   Post Evacuate Collection Set: 0.4ms
[2025-03-28T20:29:38.791+0530][gc,phases   ] GC(993)   Other: 0.2ms
[2025-03-28T20:29:38.791+0530][gc,heap     ] GC(993) Eden regions: 46->0(48)
[2025-03-28T20:29:38.791+0530][gc,heap     ] GC(993) Survivor regions: 5->3(7)
[2025-03-28T20:29:38.791+0530][gc,heap     ] GC(993) Old regions: 204->209
[2025-03-28T20:29:38.791+0530][gc,heap     ] GC(993) Archive regions: 2->2
[2025-03-28T20:29:38.791+0530][gc,heap     ] GC(993) Humongous regions: 149->149
[2025-03-28T20:29:38.791+0530][gc,metaspace] GC(993) Metaspace: 54481K(55232K)->54481K(55232K) NonClass: 48373K(48768K)->48373K(48768K) Class: 6108K(6464K)->6108K(6464K)
[2025-03-28T20:29:38.791+0530][gc          ] GC(993) Pause Young (Normal) (G1 Evacuation Pause) 404M->361M(1024M) 107.580ms
[2025-03-28T20:29:38.791+0530][gc,cpu      ] GC(993) User=0.02s Sys=0.00s Real=0.11s
[2025-03-28T20:29:42.451+0530][gc,start    ] GC(994) Pause Young (Normal) (G1 Evacuation Pause)
[2025-03-28T20:29:42.451+0530][gc,task     ] GC(994) Using 2 workers of 2 for evacuation
[2025-03-28T20:29:42.457+0530][gc,phases   ] GC(994)   Pre Evacuate Collection Set: 0.2ms
[2025-03-28T20:29:42.457+0530][gc,phases   ] GC(994)   Merge Heap Roots: 0.1ms
[2025-03-28T20:29:42.457+0530][gc,phases   ] GC(994)   Evacuate Collection Set: 5.6ms
[2025-03-28T20:29:42.457+0530][gc,phases   ] GC(994)   Post Evacuate Collection Set: 0.5ms
[2025-03-28T20:29:42.457+0530][gc,phases   ] GC(994)   Other: 0.1ms
[2025-03-28T20:29:42.457+0530][gc,heap     ] GC(994) Eden regions: 48->0(44)
[2025-03-28T20:29:42.457+0530][gc,heap     ] GC(994) Survivor regions: 3->7(7)
[2025-03-28T20:29:42.457+0530][gc,heap     ] GC(994) Old regions: 209->209
[2025-03-28T20:29:42.457+0530][gc,heap     ] GC(994) Archive regions: 2->2
[2025-03-28T20:29:42.457+0530][gc,heap     ] GC(994) Humongous regions: 149->147
[2025-03-28T20:29:42.457+0530][gc,metaspace] GC(994) Metaspace: 54481K(55232K)->54481K(55232K) NonClass: 48373K(48768K)->48373K(48768K) Class: 6108K(6464K)->6108K(6464K)
[2025-03-28T20:29:42.457+0530][gc          ] GC(994) Pause Young (Normal) (G1 Evacuation Pause) 409M->362M(1024M) 6.598ms
[2025-03-28T20:29:42.457+0530][gc,cpu      ] GC(994) User=0.01s Sys=0.00s Real=0.02s
[2025-03-28T20:29:42.544+0530][gc,start    ] GC(995) Pause Young (Normal) (G1 Evacuation Pause)
[2025-03-28T20:29:42.544+0530][gc,task     ] GC(995) Using 2 workers of 2 for evacuation
[2025-03-28T20:29:42.594+0530][gc,mmu      ] GC(995) MMU target violated: 21.0ms (20.0ms/21.0ms)
[2025-03-28T20:29:42.594+0530][gc,phases   ] GC(995)   Pre Evacuate Collection Set: 0.1ms
[2025-03-28T20:29:42.594+0530][gc,phases   ] GC(995)   Merge Heap Roots: 0.1ms
[2025-03-28T20:29:42.594+0530][gc,phases   ] GC(995)   Evacuate Collection Set: 49.1ms
[2025-03-28T20:29:42.594+0530][gc,phases   ] GC(995)   Post Evacuate Collection Set: 0.4ms
[2025-03-28T20:29:42.594+0530][gc,phases   ] GC(995)   Other: 0.2ms
[2025-03-28T20:29:42.594+0530][gc,heap     ] GC(995) Eden regions: 44->0(48)
[2025-03-28T20:29:42.594+0530][gc,heap     ] GC(995) Survivor regions: 7->3(7)
[2025-03-28T20:29:42.594+0530][gc,heap     ] GC(995) Old regions: 209->211
[2025-03-28T20:29:42.594+0530][gc,heap     ] GC(995) Archive regions: 2->2
[2025-03-28T20:29:42.594+0530][gc,heap     ] GC(995) Humongous regions: 149->149
[2025-03-28T20:29:42.594+0530][gc,metaspace] GC(995) Metaspace: 54481K(55232K)->54481K(55232K) NonClass: 48373K(48768K)->48373K(48768K) Class: 6108K(6464K)->6108K(6464K)
[2025-03-28T20:29:42.594+0530][gc          ] GC(995) Pause Young (Normal) (G1 Evacuation Pause) 408M->363M(1024M) 50.006ms
[2025-03-28T20:29:42.594+0530][gc,cpu      ] GC(995) User=0.01s Sys=0.00s Real=0.05s
[2025-03-28T20:29:44.640+0530][gc,start    ] GC(996) Pause Young (Normal) (G1 Evacuation Pause)
[2025-03-28T20:29:44.640+0530][gc,task     ] GC(996) Using 2 workers of 2 for evacuation
[2025-03-28T20:29:44.652+0530][gc,phases   ] GC(996)   Pre Evacuate Collection Set: 0.3ms
[2025-03-28T20:29:44.652+0530][gc,phases   ] GC(996)   Merge Heap Roots: 0.2ms
[2025-03-28T20:29:44.652+0530][gc,phases   ] GC(996)   Evacuate Collection Set: 10.4ms
[2025-03-28T20:29:44.652+0530][gc,phases   ] GC(996)   Post Evacuate Collection Set: 0.9ms
[2025-03-28T20:29:44.652+0530][gc,phases   ] GC(996)   Other: 0.3ms
[2025-03-28T20:29:44.652+0530][gc,heap     ] GC(996) Eden regions: 48->0(49)
[2025-03-28T20:29:44.652+0530][gc,heap     ] GC(996) Survivor regions: 3->2(7)
[2025-03-28T20:29:44.652+0530][gc,heap     ] GC(996) Old regions: 211->211
[2025-03-28T20:29:44.652+0530][gc,heap     ] GC(996) Archive regions: 2->2
[2025-03-28T20:29:44.652+0530][gc,heap     ] GC(996) Humongous regions: 149->147
[2025-03-28T20:29:44.652+0530][gc,metaspace] GC(996) Metaspace: 54483K(55232K)->54483K(55232K) NonClass: 48375K(48768K)->48375K(48768K) Class: 6108K(6464K)->6108K(6464K)
[2025-03-28T20:29:44.652+0530][gc          ] GC(996) Pause Young (Normal) (G1 Evacuation Pause) 411M->360M(1024M) 12.161ms
[2025-03-28T20:29:44.652+0530][gc,cpu      ] GC(996) User=0.01s Sys=0.00s Real=0.01s
[2025-03-28T20:29:44.710+0530][gc,start    ] GC(997) Pause Young (Normal) (G1 Evacuation Pause)
[2025-03-28T20:29:44.710+0530][gc,task     ] GC(997) Using 2 workers of 2 for evacuation
[2025-03-28T20:29:44.721+0530][gc,phases   ] GC(997)   Pre Evacuate Collection Set: 0.2ms
[2025-03-28T20:29:44.721+0530][gc,phases   ] GC(997)   Merge Heap Roots: 0.1ms
[2025-03-28T20:29:44.721+0530][gc,phases   ] GC(997)   Evacuate Collection Set: 9.6ms
[2025-03-28T20:29:44.721+0530][gc,phases   ] GC(997)   Post Evacuate Collection Set: 1.0ms
[2025-03-28T20:29:44.721+0530][gc,phases   ] GC(997)   Other: 0.2ms
[2025-03-28T20:29:44.721+0530][gc,heap     ] GC(997) Eden regions: 49->0(44)
[2025-03-28T20:29:44.721+0530][gc,heap     ] GC(997) Survivor regions: 2->7(7)
[2025-03-28T20:29:44.721+0530][gc,heap     ] GC(997) Old regions: 211->211
[2025-03-28T20:29:44.721+0530][gc,heap     ] GC(997) Archive regions: 2->2
[2025-03-28T20:29:44.721+0530][gc,heap     ] GC(997) Humongous regions: 147->147
[2025-03-28T20:29:44.721+0530][gc,metaspace] GC(997) Metaspace: 54483K(55232K)->54483K(55232K) NonClass: 48375K(48768K)->48375K(48768K) Class: 6108K(6464K)->6108K(6464K)
[2025-03-28T20:29:44.721+0530][gc          ] GC(997) Pause Young (Normal) (G1 Evacuation Pause) 409M->365M(1024M) 11.138ms
[2025-03-28T20:29:44.721+0530][gc,cpu      ] GC(997) User=0.01s Sys=0.00s Real=0.01s
[2025-03-28T20:29:44.777+0530][gc,start    ] GC(998) Pause Young (Normal) (G1 Evacuation Pause)
[2025-03-28T20:29:44.777+0530][gc,task     ] GC(998) Using 2 workers of 2 for evacuation
[2025-03-28T20:29:44.957+0530][gc,mmu      ] GC(998) MMU target violated: 21.0ms (20.0ms/21.0ms)
[2025-03-28T20:29:44.957+0530][gc,phases   ] GC(998)   Pre Evacuate Collection Set: 0.2ms
[2025-03-28T20:29:44.957+0530][gc,phases   ] GC(998)   Merge Heap Roots: 0.1ms
[2025-03-28T20:29:44.957+0530][gc,phases   ] GC(998)   Evacuate Collection Set: 179.0ms
[2025-03-28T20:29:44.957+0530][gc,phases   ] GC(998)   Post Evacuate Collection Set: 0.4ms
[2025-03-28T20:29:44.957+0530][gc,phases   ] GC(998)   Other: 0.2ms
[2025-03-28T20:29:44.957+0530][gc,heap     ] GC(998) Eden regions: 44->0(49)
[2025-03-28T20:29:44.957+0530][gc,heap     ] GC(998) Survivor regions: 7->2(7)
[2025-03-28T20:29:44.957+0530][gc,heap     ] GC(998) Old regions: 211->218
[2025-03-28T20:29:44.957+0530][gc,heap     ] GC(998) Archive regions: 2->2
[2025-03-28T20:29:44.957+0530][gc,heap     ] GC(998) Humongous regions: 149->149
[2025-03-28T20:29:44.957+0530][gc,metaspace] GC(998) Metaspace: 54483K(55232K)->54483K(55232K) NonClass: 48375K(48768K)->48375K(48768K) Class: 6108K(6464K)->6108K(6464K)
[2025-03-28T20:29:44.957+0530][gc          ] GC(998) Pause Young (Normal) (G1 Evacuation Pause) 411M->369M(1024M) 180.052ms
[2025-03-28T20:29:44.957+0530][gc,cpu      ] GC(998) User=0.01s Sys=0.03s Real=0.18s
[2025-03-28T20:29:47.459+0530][gc,start    ] GC(999) Pause Young (Normal) (G1 Evacuation Pause)
[2025-03-28T20:29:47.459+0530][gc,task     ] GC(999) Using 2 workers of 2 for evacuation
[2025-03-28T20:29:47.465+0530][gc,phases   ] GC(999)   Pre Evacuate Collection Set: 0.2ms
[2025-03-28T20:29:47.465+0530][gc,phases   ] GC(999)   Merge Heap Roots: 0.1ms
[2025-03-28T20:29:47.465+0530][gc,phases   ] GC(999)   Evacuate Collection Set: 5.4ms
[2025-03-28T20:29:47.465+0530][gc,phases   ] GC(999)   Post Evacuate Collection Set: 0.4ms
[2025-03-28T20:29:47.465+0530][gc,phases   ] GC(999)   Other: 0.1ms
[2025-03-28T20:29:47.465+0530][gc,heap     ] GC(999) Eden regions: 49->0(45)
[2025-03-28T20:29:47.465+0530][gc,heap     ] GC(999) Survivor regions: 2->6(7)
[2025-03-28T20:29:47.465+0530][gc,heap     ] GC(999) Old regions: 218->218
[2025-03-28T20:29:47.465+0530][gc,heap     ] GC(999) Archive regions: 2->2
[2025-03-28T20:29:47.465+0530][gc,heap     ] GC(999) Humongous regions: 149->147
[2025-03-28T20:29:47.465+0530][gc,metaspace] GC(999) Metaspace: 54483K(55232K)->54483K(55232K) NonClass: 48375K(48768K)->48375K(48768K) Class: 6108K(6464K)->6108K(6464K)
[2025-03-28T20:29:47.465+0530][gc          ] GC(999) Pause Young (Normal) (G1 Evacuation Pause) 418M->371M(1024M) 6.321ms
[2025-03-28T20:29:47.465+0530][gc,cpu      ] GC(999) User=0.01s Sys=0.00s Real=0.01s
[2025-03-28T20:29:47.535+0530][gc,start    ] GC(1000) Pause Young (Concurrent Start) (G1 Humongous Allocation)
[2025-03-28T20:29:47.535+0530][gc,task     ] GC(1000) Using 2 workers of 2 for evacuation
[2025-03-28T20:29:47.556+0530][gc,mmu      ] GC(1000) MMU target violated: 21.0ms (20.0ms/21.0ms)
[2025-03-28T20:29:47.557+0530][gc,phases   ] GC(1000)   Pre Evacuate Collection Set: 0.3ms
[2025-03-28T20:29:47.557+0530][gc,phases   ] GC(1000)   Merge Heap Roots: 0.1ms
[2025-03-28T20:29:47.557+0530][gc,phases   ] GC(1000)   Evacuate Collection Set: 17.1ms
[2025-03-28T20:29:47.557+0530][gc,phases   ] GC(1000)   Post Evacuate Collection Set: 3.2ms
[2025-03-28T20:29:47.557+0530][gc,phases   ] GC(1000)   Other: 1.4ms
[2025-03-28T20:29:47.557+0530][gc,heap     ] GC(1000) Eden regions: 30->0(129)
[2025-03-28T20:29:47.557+0530][gc,heap     ] GC(1000) Survivor regions: 6->2(7)
[2025-03-28T20:29:47.557+0530][gc,heap     ] GC(1000) Old regions: 218->220
[2025-03-28T20:29:47.557+0530][gc,heap     ] GC(1000) Archive regions: 2->2
[2025-03-28T20:29:47.557+0530][gc,heap     ] GC(1000) Humongous regions: 147->147
[2025-03-28T20:29:47.557+0530][gc,metaspace] GC(1000) Metaspace: 54483K(55232K)->54483K(55232K) NonClass: 48375K(48768K)->48375K(48768K) Class: 6108K(6464K)->6108K(6464K)
[2025-03-28T20:29:47.557+0530][gc          ] GC(1000) Pause Young (Concurrent Start) (G1 Humongous Allocation) 400M->369M(1024M) 22.102ms
[2025-03-28T20:29:47.557+0530][gc,cpu      ] GC(1000) User=0.02s Sys=0.00s Real=0.03s
[2025-03-28T20:29:47.557+0530][gc          ] GC(1001) Concurrent Mark Cycle
[2025-03-28T20:29:47.557+0530][gc,marking  ] GC(1001) Concurrent Clear Claimed Marks
[2025-03-28T20:29:47.557+0530][gc,marking  ] GC(1001) Concurrent Clear Claimed Marks 0.186ms
[2025-03-28T20:29:47.557+0530][gc,marking  ] GC(1001) Concurrent Scan Root Regions
[2025-03-28T20:29:47.561+0530][gc,marking  ] GC(1001) Concurrent Scan Root Regions 4.476ms
[2025-03-28T20:29:47.561+0530][gc,marking  ] GC(1001) Concurrent Mark
[2025-03-28T20:29:47.561+0530][gc,marking  ] GC(1001) Concurrent Mark From Roots
[2025-03-28T20:29:47.561+0530][gc,task     ] GC(1001) Using 1 workers of 1 for marking
[2025-03-28T20:29:47.627+0530][gc,marking  ] GC(1001) Concurrent Mark From Roots 65.531ms
[2025-03-28T20:29:47.627+0530][gc,marking  ] GC(1001) Concurrent Preclean
[2025-03-28T20:29:47.627+0530][gc,marking  ] GC(1001) Concurrent Preclean 0.144ms
[2025-03-28T20:29:47.627+0530][gc,start    ] GC(1001) Pause Remark
[2025-03-28T20:29:47.654+0530][gc,mmu      ] GC(1001) MMU target violated: 21.0ms (20.0ms/21.0ms)
[2025-03-28T20:29:47.654+0530][gc          ] GC(1001) Pause Remark 411M->327M(1024M) 26.177ms
[2025-03-28T20:29:47.654+0530][gc,cpu      ] GC(1001) User=0.03s Sys=0.00s Real=0.02s
[2025-03-28T20:29:47.654+0530][gc,marking  ] GC(1001) Concurrent Mark 92.308ms
[2025-03-28T20:29:47.654+0530][gc,marking  ] GC(1001) Concurrent Rebuild Remembered Sets
[2025-03-28T20:29:47.735+0530][gc,marking  ] GC(1001) Concurrent Rebuild Remembered Sets 81.276ms
[2025-03-28T20:29:47.735+0530][gc,start    ] GC(1001) Pause Cleanup
[2025-03-28T20:29:47.736+0530][gc          ] GC(1001) Pause Cleanup 327M->327M(1024M) 0.397ms
[2025-03-28T20:29:47.736+0530][gc,cpu      ] GC(1001) User=0.00s Sys=0.00s Real=0.01s
[2025-03-28T20:29:47.736+0530][gc,marking  ] GC(1001) Concurrent Cleanup for Next Mark
[2025-03-28T20:29:47.738+0530][gc,marking  ] GC(1001) Concurrent Cleanup for Next Mark 2.680ms
[2025-03-28T20:29:47.738+0530][gc          ] GC(1001) Concurrent Mark Cycle 181.650ms
[2025-03-28T20:29:57.412+0530][gc,start    ] GC(1002) Pause Young (Prepare Mixed) (G1 Evacuation Pause)
[2025-03-28T20:29:57.412+0530][gc,task     ] GC(1002) Using 2 workers of 2 for evacuation
[2025-03-28T20:29:57.417+0530][gc,phases   ] GC(1002)   Pre Evacuate Collection Set: 0.3ms
[2025-03-28T20:29:57.417+0530][gc,phases   ] GC(1002)   Merge Heap Roots: 0.2ms
[2025-03-28T20:29:57.417+0530][gc,phases   ] GC(1002)   Evacuate Collection Set: 4.5ms
[2025-03-28T20:29:57.417+0530][gc,phases   ] GC(1002)   Post Evacuate Collection Set: 0.7ms
[2025-03-28T20:29:57.417+0530][gc,phases   ] GC(1002)   Other: 0.2ms
[2025-03-28T20:29:57.417+0530][gc,heap     ] GC(1002) Eden regions: 49->0(50)
[2025-03-28T20:29:57.417+0530][gc,heap     ] GC(1002) Survivor regions: 2->1(7)
[2025-03-28T20:29:57.417+0530][gc,heap     ] GC(1002) Old regions: 136->136
[2025-03-28T20:29:57.417+0530][gc,heap     ] GC(1002) Archive regions: 2->2
[2025-03-28T20:29:57.418+0530][gc,heap     ] GC(1002) Humongous regions: 149->147
[2025-03-28T20:29:57.418+0530][gc,metaspace] GC(1002) Metaspace: 54483K(55232K)->54483K(55232K) NonClass: 48375K(48768K)->48375K(48768K) Class: 6108K(6464K)->6108K(6464K)
[2025-03-28T20:29:57.418+0530][gc          ] GC(1002) Pause Young (Prepare Mixed) (G1 Evacuation Pause) 336M->284M(1024M) 5.982ms
[2025-03-28T20:29:57.418+0530][gc,cpu      ] GC(1002) User=0.01s Sys=0.00s Real=0.01s
[2025-03-28T20:30:03.631+0530][gc,start    ] GC(1003) Pause Young (Mixed) (G1 Evacuation Pause)
[2025-03-28T20:30:03.631+0530][gc,task     ] GC(1003) Using 2 workers of 2 for evacuation
[2025-03-28T20:30:03.648+0530][gc,phases   ] GC(1003)   Pre Evacuate Collection Set: 0.3ms
[2025-03-28T20:30:03.648+0530][gc,phases   ] GC(1003)   Merge Heap Roots: 0.2ms
[2025-03-28T20:30:03.648+0530][gc,phases   ] GC(1003)   Evacuate Collection Set: 13.9ms
[2025-03-28T20:30:03.648+0530][gc,phases   ] GC(1003)   Post Evacuate Collection Set: 1.6ms
[2025-03-28T20:30:03.648+0530][gc,phases   ] GC(1003)   Other: 1.0ms
[2025-03-28T20:30:03.648+0530][gc,heap     ] GC(1003) Eden regions: 50->0(44)
[2025-03-28T20:30:03.648+0530][gc,heap     ] GC(1003) Survivor regions: 1->7(7)
[2025-03-28T20:30:03.648+0530][gc,heap     ] GC(1003) Old regions: 136->129
[2025-03-28T20:30:03.648+0530][gc,heap     ] GC(1003) Archive regions: 2->2
[2025-03-28T20:30:03.648+0530][gc,heap     ] GC(1003) Humongous regions: 147->147
[2025-03-28T20:30:03.648+0530][gc,metaspace] GC(1003) Metaspace: 54483K(55232K)->54483K(55232K) NonClass: 48375K(48768K)->48375K(48768K) Class: 6108K(6464K)->6108K(6464K)
[2025-03-28T20:30:03.648+0530][gc          ] GC(1003) Pause Young (Mixed) (G1 Evacuation Pause) 334M->282M(1024M) 17.039ms
[2025-03-28T20:30:03.648+0530][gc,cpu      ] GC(1003) User=0.02s Sys=0.00s Real=0.02s
[2025-03-28T20:30:03.743+0530][gc,start    ] GC(1004) Pause Young (Mixed) (G1 Evacuation Pause)
[2025-03-28T20:30:03.743+0530][gc,task     ] GC(1004) Using 2 workers of 2 for evacuation
[2025-03-28T20:30:03.801+0530][gc,mmu      ] GC(1004) MMU target violated: 21.0ms (20.0ms/21.0ms)
[2025-03-28T20:30:03.801+0530][gc,phases   ] GC(1004)   Pre Evacuate Collection Set: 1.4ms
[2025-03-28T20:30:03.801+0530][gc,phases   ] GC(1004)   Merge Heap Roots: 0.4ms
[2025-03-28T20:30:03.801+0530][gc,phases   ] GC(1004)   Evacuate Collection Set: 56.2ms
[2025-03-28T20:30:03.801+0530][gc,phases   ] GC(1004)   Post Evacuate Collection Set: 0.6ms
[2025-03-28T20:30:03.801+0530][gc,phases   ] GC(1004)   Other: 0.2ms
[2025-03-28T20:30:03.801+0530][gc,heap     ] GC(1004) Eden regions: 44->0(49)
[2025-03-28T20:30:03.801+0530][gc,heap     ] GC(1004) Survivor regions: 7->2(7)
[2025-03-28T20:30:03.801+0530][gc,heap     ] GC(1004) Old regions: 129->125
[2025-03-28T20:30:03.801+0530][gc,heap     ] GC(1004) Archive regions: 2->2
[2025-03-28T20:30:03.801+0530][gc,heap     ] GC(1004) Humongous regions: 149->149
[2025-03-28T20:30:03.801+0530][gc,metaspace] GC(1004) Metaspace: 54483K(55232K)->54483K(55232K) NonClass: 48375K(48768K)->48375K(48768K) Class: 6108K(6464K)->6108K(6464K)
[2025-03-28T20:30:03.802+0530][gc          ] GC(1004) Pause Young (Mixed) (G1 Evacuation Pause) 328M->275M(1024M) 58.826ms
[2025-03-28T20:30:03.802+0530][gc,cpu      ] GC(1004) User=0.02s Sys=0.01s Real=0.07s
[2025-03-28T20:30:07.473+0530][gc,start    ] GC(1005) Pause Young (Mixed) (G1 Evacuation Pause)
[2025-03-28T20:30:07.473+0530][gc,task     ] GC(1005) Using 2 workers of 2 for evacuation
[2025-03-28T20:30:07.480+0530][gc,phases   ] GC(1005)   Pre Evacuate Collection Set: 0.4ms
[2025-03-28T20:30:07.480+0530][gc,phases   ] GC(1005)   Merge Heap Roots: 0.1ms
[2025-03-28T20:30:07.480+0530][gc,phases   ] GC(1005)   Evacuate Collection Set: 5.4ms
[2025-03-28T20:30:07.480+0530][gc,phases   ] GC(1005)   Post Evacuate Collection Set: 0.5ms
[2025-03-28T20:30:07.480+0530][gc,phases   ] GC(1005)   Other: 0.2ms
[2025-03-28T20:30:07.480+0530][gc,heap     ] GC(1005) Eden regions: 49->0(48)
[2025-03-28T20:30:07.480+0530][gc,heap     ] GC(1005) Survivor regions: 2->3(7)
[2025-03-28T20:30:07.480+0530][gc,heap     ] GC(1005) Old regions: 125->118
[2025-03-28T20:30:07.480+0530][gc,heap     ] GC(1005) Archive regions: 2->2
[2025-03-28T20:30:07.480+0530][gc,heap     ] GC(1005) Humongous regions: 149->147
[2025-03-28T20:30:07.480+0530][gc,metaspace] GC(1005) Metaspace: 54484K(55232K)->54484K(55232K) NonClass: 48375K(48768K)->48375K(48768K) Class: 6108K(6464K)->6108K(6464K)
[2025-03-28T20:30:07.480+0530][gc          ] GC(1005) Pause Young (Mixed) (G1 Evacuation Pause) 324M->267M(1024M) 6.630ms
[2025-03-28T20:30:07.480+0530][gc,cpu      ] GC(1005) User=0.02s Sys=0.00s Real=0.01s
[2025-03-28T20:30:07.543+0530][gc,start    ] GC(1006) Pause Young (Mixed) (G1 Evacuation Pause)
[2025-03-28T20:30:07.543+0530][gc,task     ] GC(1006) Using 2 workers of 2 for evacuation
[2025-03-28T20:30:07.560+0530][gc,phases   ] GC(1006)   Pre Evacuate Collection Set: 0.2ms
[2025-03-28T20:30:07.560+0530][gc,phases   ] GC(1006)   Merge Heap Roots: 0.2ms
[2025-03-28T20:30:07.560+0530][gc,phases   ] GC(1006)   Evacuate Collection Set: 15.8ms
[2025-03-28T20:30:07.560+0530][gc,phases   ] GC(1006)   Post Evacuate Collection Set: 0.9ms
[2025-03-28T20:30:07.560+0530][gc,phases   ] GC(1006)   Other: 0.1ms
[2025-03-28T20:30:07.560+0530][gc,heap     ] GC(1006) Eden regions: 48->0(44)
[2025-03-28T20:30:07.560+0530][gc,heap     ] GC(1006) Survivor regions: 3->7(7)
[2025-03-28T20:30:07.560+0530][gc,heap     ] GC(1006) Old regions: 118->112
[2025-03-28T20:30:07.560+0530][gc,heap     ] GC(1006) Archive regions: 2->2
[2025-03-28T20:30:07.560+0530][gc,heap     ] GC(1006) Humongous regions: 147->147
[2025-03-28T20:30:07.560+0530][gc,metaspace] GC(1006) Metaspace: 54484K(55232K)->54484K(55232K) NonClass: 48375K(48768K)->48375K(48768K) Class: 6108K(6464K)->6108K(6464K)
[2025-03-28T20:30:07.560+0530][gc          ] GC(1006) Pause Young (Mixed) (G1 Evacuation Pause) 315M->266M(1024M) 17.332ms
[2025-03-28T20:30:07.560+0530][gc,cpu      ] GC(1006) User=0.01s Sys=0.00s Real=0.02s
[2025-03-28T20:30:08.559+0530][gc,start    ] GC(1007) Pause Young (Mixed) (G1 Evacuation Pause)
[2025-03-28T20:30:08.559+0530][gc,task     ] GC(1007) Using 2 workers of 2 for evacuation
[2025-03-28T20:30:08.567+0530][gc,phases   ] GC(1007)   Pre Evacuate Collection Set: 1.6ms
[2025-03-28T20:30:08.567+0530][gc,phases   ] GC(1007)   Merge Heap Roots: 0.2ms
[2025-03-28T20:30:08.567+0530][gc,phases   ] GC(1007)   Evacuate Collection Set: 5.9ms
[2025-03-28T20:30:08.567+0530][gc,phases   ] GC(1007)   Post Evacuate Collection Set: 0.9ms
[2025-03-28T20:30:08.567+0530][gc,phases   ] GC(1007)   Other: 0.1ms
[2025-03-28T20:30:08.567+0530][gc,heap     ] GC(1007) Eden regions: 44->0(50)
[2025-03-28T20:30:08.568+0530][gc,heap     ] GC(1007) Survivor regions: 7->1(7)
[2025-03-28T20:30:08.568+0530][gc,heap     ] GC(1007) Old regions: 112->105
[2025-03-28T20:30:08.568+0530][gc,heap     ] GC(1007) Archive regions: 2->2
[2025-03-28T20:30:08.568+0530][gc,heap     ] GC(1007) Humongous regions: 149->147
[2025-03-28T20:30:08.568+0530][gc,metaspace] GC(1007) Metaspace: 54484K(55232K)->54484K(55232K) NonClass: 48375K(48768K)->48375K(48768K) Class: 6108K(6464K)->6108K(6464K)
[2025-03-28T20:30:08.568+0530][gc          ] GC(1007) Pause Young (Mixed) (G1 Evacuation Pause) 312M->252M(1024M) 8.835ms
[2025-03-28T20:30:08.568+0530][gc,cpu      ] GC(1007) User=0.01s Sys=0.00s Real=0.01s
[2025-03-28T20:30:08.612+0530][gc,start    ] GC(1008) Pause Young (Mixed) (G1 Evacuation Pause)
[2025-03-28T20:30:08.612+0530][gc,task     ] GC(1008) Using 2 workers of 2 for evacuation
[2025-03-28T20:30:08.627+0530][gc,phases   ] GC(1008)   Pre Evacuate Collection Set: 0.3ms
[2025-03-28T20:30:08.627+0530][gc,phases   ] GC(1008)   Merge Heap Roots: 0.2ms
[2025-03-28T20:30:08.628+0530][gc,phases   ] GC(1008)   Evacuate Collection Set: 13.8ms
[2025-03-28T20:30:08.628+0530][gc,phases   ] GC(1008)   Post Evacuate Collection Set: 0.9ms
[2025-03-28T20:30:08.628+0530][gc,phases   ] GC(1008)   Other: 0.2ms
[2025-03-28T20:30:08.628+0530][gc,heap     ] GC(1008) Eden regions: 50->0(45)
[2025-03-28T20:30:08.628+0530][gc,heap     ] GC(1008) Survivor regions: 1->6(7)
[2025-03-28T20:30:08.628+0530][gc,heap     ] GC(1008) Old regions: 105->98
[2025-03-28T20:30:08.628+0530][gc,heap     ] GC(1008) Archive regions: 2->2
[2025-03-28T20:30:08.628+0530][gc,heap     ] GC(1008) Humongous regions: 147->147
[2025-03-28T20:30:08.628+0530][gc,metaspace] GC(1008) Metaspace: 54484K(55232K)->54484K(55232K) NonClass: 48375K(48768K)->48375K(48768K) Class: 6108K(6464K)->6108K(6464K)
[2025-03-28T20:30:08.628+0530][gc          ] GC(1008) Pause Young (Mixed) (G1 Evacuation Pause) 302M->251M(1024M) 15.445ms
[2025-03-28T20:30:08.628+0530][gc,cpu      ] GC(1008) User=0.02s Sys=0.00s Real=0.02s
[2025-03-28T20:30:08.701+0530][gc,start    ] GC(1009) Pause Young (Mixed) (G1 Evacuation Pause)
[2025-03-28T20:30:08.701+0530][gc,task     ] GC(1009) Using 2 workers of 2 for evacuation
[2025-03-28T20:30:08.719+0530][gc,phases   ] GC(1009)   Pre Evacuate Collection Set: 0.3ms
[2025-03-28T20:30:08.719+0530][gc,phases   ] GC(1009)   Merge Heap Roots: 0.3ms
[2025-03-28T20:30:08.719+0530][gc,phases   ] GC(1009)   Evacuate Collection Set: 16.7ms
[2025-03-28T20:30:08.719+0530][gc,phases   ] GC(1009)   Post Evacuate Collection Set: 0.9ms
[2025-03-28T20:30:08.719+0530][gc,phases   ] GC(1009)   Other: 0.2ms
[2025-03-28T20:30:08.719+0530][gc,heap     ] GC(1009) Eden regions: 45->0(48)
[2025-03-28T20:30:08.719+0530][gc,heap     ] GC(1009) Survivor regions: 6->3(7)
[2025-03-28T20:30:08.719+0530][gc,heap     ] GC(1009) Old regions: 98->97
[2025-03-28T20:30:08.719+0530][gc,heap     ] GC(1009) Archive regions: 2->2
[2025-03-28T20:30:08.719+0530][gc,heap     ] GC(1009) Humongous regions: 149->149
[2025-03-28T20:30:08.719+0530][gc,metaspace] GC(1009) Metaspace: 54484K(55232K)->54484K(55232K) NonClass: 48375K(48768K)->48375K(48768K) Class: 6108K(6464K)->6108K(6464K)
[2025-03-28T20:30:08.719+0530][gc          ] GC(1009) Pause Young (Mixed) (G1 Evacuation Pause) 298M->248M(1024M) 18.403ms
[2025-03-28T20:30:08.719+0530][gc,cpu      ] GC(1009) User=0.01s Sys=0.01s Real=0.02s
[2025-03-28T20:30:12.461+0530][gc,start    ] GC(1010) Pause Young (Mixed) (G1 Evacuation Pause)
[2025-03-28T20:30:12.461+0530][gc,task     ] GC(1010) Using 2 workers of 2 for evacuation
[2025-03-28T20:30:12.472+0530][gc,phases   ] GC(1010)   Pre Evacuate Collection Set: 0.4ms
[2025-03-28T20:30:12.472+0530][gc,phases   ] GC(1010)   Merge Heap Roots: 0.5ms
[2025-03-28T20:30:12.472+0530][gc,phases   ] GC(1010)   Evacuate Collection Set: 10.1ms
[2025-03-28T20:30:12.472+0530][gc,phases   ] GC(1010)   Post Evacuate Collection Set: 0.5ms
[2025-03-28T20:30:12.472+0530][gc,phases   ] GC(1010)   Other: 0.1ms
[2025-03-28T20:30:12.472+0530][gc,heap     ] GC(1010) Eden regions: 48->0(45)
[2025-03-28T20:30:12.472+0530][gc,heap     ] GC(1010) Survivor regions: 3->6(7)
[2025-03-28T20:30:12.472+0530][gc,heap     ] GC(1010) Old regions: 97->94
[2025-03-28T20:30:12.472+0530][gc,heap     ] GC(1010) Archive regions: 2->2
[2025-03-28T20:30:12.472+0530][gc,heap     ] GC(1010) Humongous regions: 149->147
[2025-03-28T20:30:12.472+0530][gc,metaspace] GC(1010) Metaspace: 54484K(55232K)->54484K(55232K) NonClass: 48375K(48768K)->48375K(48768K) Class: 6108K(6464K)->6108K(6464K)
[2025-03-28T20:30:12.472+0530][gc          ] GC(1010) Pause Young (Mixed) (G1 Evacuation Pause) 296M->247M(1024M) 11.692ms
[2025-03-28T20:30:12.472+0530][gc,cpu      ] GC(1010) User=0.01s Sys=0.00s Real=0.01s
[2025-03-28T20:30:12.560+0530][gc,start    ] GC(1011) Pause Young (Normal) (G1 Evacuation Pause)
[2025-03-28T20:30:12.560+0530][gc,task     ] GC(1011) Using 2 workers of 2 for evacuation
[2025-03-28T20:30:12.569+0530][gc,phases   ] GC(1011)   Pre Evacuate Collection Set: 0.2ms
[2025-03-28T20:30:12.569+0530][gc,phases   ] GC(1011)   Merge Heap Roots: 0.1ms
[2025-03-28T20:30:12.569+0530][gc,phases   ] GC(1011)   Evacuate Collection Set: 7.7ms
[2025-03-28T20:30:12.569+0530][gc,phases   ] GC(1011)   Post Evacuate Collection Set: 1.0ms
[2025-03-28T20:30:12.569+0530][gc,phases   ] GC(1011)   Other: 0.1ms
[2025-03-28T20:30:12.569+0530][gc,heap     ] GC(1011) Eden regions: 45->0(79)
[2025-03-28T20:30:12.569+0530][gc,heap     ] GC(1011) Survivor regions: 6->2(7)
[2025-03-28T20:30:12.569+0530][gc,heap     ] GC(1011) Old regions: 94->97
[2025-03-28T20:30:12.569+0530][gc,heap     ] GC(1011) Archive regions: 2->2
[2025-03-28T20:30:12.569+0530][gc,heap     ] GC(1011) Humongous regions: 149->149
[2025-03-28T20:30:12.569+0530][gc,metaspace] GC(1011) Metaspace: 54484K(55232K)->54484K(55232K) NonClass: 48375K(48768K)->48375K(48768K) Class: 6108K(6464K)->6108K(6464K)
[2025-03-28T20:30:12.569+0530][gc          ] GC(1011) Pause Young (Normal) (G1 Evacuation Pause) 294M->248M(1024M) 9.218ms
[2025-03-28T20:30:12.569+0530][gc,cpu      ] GC(1011) User=0.01s Sys=0.00s Real=0.01s
[2025-03-28T20:30:14.780+0530][gc,start    ] GC(1012) Pause Young (Normal) (G1 Evacuation Pause)
[2025-03-28T20:30:14.780+0530][gc,task     ] GC(1012) Using 2 workers of 2 for evacuation
[2025-03-28T20:30:14.789+0530][gc,phases   ] GC(1012)   Pre Evacuate Collection Set: 0.2ms
[2025-03-28T20:30:14.789+0530][gc,phases   ] GC(1012)   Merge Heap Roots: 0.1ms
[2025-03-28T20:30:14.789+0530][gc,phases   ] GC(1012)   Evacuate Collection Set: 8.2ms
[2025-03-28T20:30:14.789+0530][gc,phases   ] GC(1012)   Post Evacuate Collection Set: 0.5ms
[2025-03-28T20:30:14.789+0530][gc,phases   ] GC(1012)   Other: 0.2ms
[2025-03-28T20:30:14.789+0530][gc,heap     ] GC(1012) Eden regions: 79->0(45)
[2025-03-28T20:30:14.789+0530][gc,heap     ] GC(1012) Survivor regions: 2->6(11)
[2025-03-28T20:30:14.789+0530][gc,heap     ] GC(1012) Old regions: 97->97
[2025-03-28T20:30:14.789+0530][gc,heap     ] GC(1012) Archive regions: 2->2
[2025-03-28T20:30:14.789+0530][gc,heap     ] GC(1012) Humongous regions: 149->147
[2025-03-28T20:30:14.789+0530][gc,metaspace] GC(1012) Metaspace: 54484K(55232K)->54484K(55232K) NonClass: 48375K(48768K)->48375K(48768K) Class: 6108K(6464K)->6108K(6464K)
[2025-03-28T20:30:14.789+0530][gc          ] GC(1012) Pause Young (Normal) (G1 Evacuation Pause) 327M->249M(1024M) 9.222ms
[2025-03-28T20:30:14.789+0530][gc,cpu      ] GC(1012) User=0.01s Sys=0.00s Real=0.01s
[2025-03-28T20:30:14.884+0530][gc,start    ] GC(1013) Pause Young (Normal) (G1 Evacuation Pause)
[2025-03-28T20:30:14.884+0530][gc,task     ] GC(1013) Using 2 workers of 2 for evacuation
[2025-03-28T20:30:14.892+0530][gc,phases   ] GC(1013)   Pre Evacuate Collection Set: 0.4ms
[2025-03-28T20:30:14.892+0530][gc,phases   ] GC(1013)   Merge Heap Roots: 0.1ms
[2025-03-28T20:30:14.892+0530][gc,phases   ] GC(1013)   Evacuate Collection Set: 6.9ms
[2025-03-28T20:30:14.892+0530][gc,phases   ] GC(1013)   Post Evacuate Collection Set: 0.8ms
[2025-03-28T20:30:14.892+0530][gc,phases   ] GC(1013)   Other: 0.1ms
[2025-03-28T20:30:14.892+0530][gc,heap     ] GC(1013) Eden regions: 45->0(82)
[2025-03-28T20:30:14.892+0530][gc,heap     ] GC(1013) Survivor regions: 6->3(7)
[2025-03-28T20:30:14.892+0530][gc,heap     ] GC(1013) Old regions: 97->102
[2025-03-28T20:30:14.892+0530][gc,heap     ] GC(1013) Archive regions: 2->2
[2025-03-28T20:30:14.892+0530][gc,heap     ] GC(1013) Humongous regions: 149->149
[2025-03-28T20:30:14.892+0530][gc,metaspace] GC(1013) Metaspace: 54484K(55232K)->54484K(55232K) NonClass: 48375K(48768K)->48375K(48768K) Class: 6108K(6464K)->6108K(6464K)
[2025-03-28T20:30:14.892+0530][gc          ] GC(1013) Pause Young (Normal) (G1 Evacuation Pause) 296M->254M(1024M) 8.331ms
[2025-03-28T20:30:14.892+0530][gc,cpu      ] GC(1013) User=0.01s Sys=0.01s Real=0.01s
[2025-03-28T20:30:17.491+0530][gc,start    ] GC(1014) Pause Young (Normal) (G1 Evacuation Pause)
[2025-03-28T20:30:17.491+0530][gc,task     ] GC(1014) Using 2 workers of 2 for evacuation
[2025-03-28T20:30:17.512+0530][gc,mmu      ] GC(1014) MMU target violated: 20.7ms (20.0ms/21.0ms)
[2025-03-28T20:30:17.512+0530][gc,phases   ] GC(1014)   Pre Evacuate Collection Set: 0.2ms
[2025-03-28T20:30:17.512+0530][gc,phases   ] GC(1014)   Merge Heap Roots: 0.1ms
[2025-03-28T20:30:17.512+0530][gc,phases   ] GC(1014)   Evacuate Collection Set: 19.8ms
[2025-03-28T20:30:17.512+0530][gc,phases   ] GC(1014)   Post Evacuate Collection Set: 0.6ms
[2025-03-28T20:30:17.512+0530][gc,phases   ] GC(1014)   Other: 0.2ms
[2025-03-28T20:30:17.512+0530][gc,heap     ] GC(1014) Eden regions: 82->0(41)
[2025-03-28T20:30:17.512+0530][gc,heap     ] GC(1014) Survivor regions: 3->10(11)
[2025-03-28T20:30:17.512+0530][gc,heap     ] GC(1014) Old regions: 102->102
[2025-03-28T20:30:17.512+0530][gc,heap     ] GC(1014) Archive regions: 2->2
[2025-03-28T20:30:17.512+0530][gc,heap     ] GC(1014) Humongous regions: 149->147
[2025-03-28T20:30:17.512+0530][gc,metaspace] GC(1014) Metaspace: 54484K(55232K)->54484K(55232K) NonClass: 48375K(48768K)->48375K(48768K) Class: 6108K(6464K)->6108K(6464K)
[2025-03-28T20:30:17.512+0530][gc          ] GC(1014) Pause Young (Normal) (G1 Evacuation Pause) 336M->258M(1024M) 20.952ms
[2025-03-28T20:30:17.512+0530][gc,cpu      ] GC(1014) User=0.02s Sys=0.01s Real=0.02s
[2025-03-28T20:30:17.562+0530][gc,start    ] GC(1015) Pause Young (Normal) (G1 Evacuation Pause)
[2025-03-28T20:30:17.562+0530][gc,task     ] GC(1015) Using 2 workers of 2 for evacuation
[2025-03-28T20:30:17.570+0530][gc,phases   ] GC(1015)   Pre Evacuate Collection Set: 0.3ms
[2025-03-28T20:30:17.570+0530][gc,phases   ] GC(1015)   Merge Heap Roots: 0.1ms
[2025-03-28T20:30:17.570+0530][gc,phases   ] GC(1015)   Evacuate Collection Set: 6.9ms
[2025-03-28T20:30:17.570+0530][gc,phases   ] GC(1015)   Post Evacuate Collection Set: 0.7ms
[2025-03-28T20:30:17.570+0530][gc,phases   ] GC(1015)   Other: 0.2ms
[2025-03-28T20:30:17.571+0530][gc,heap     ] GC(1015) Eden regions: 41->0(102)
[2025-03-28T20:30:17.571+0530][gc,heap     ] GC(1015) Survivor regions: 10->2(7)
[2025-03-28T20:30:17.571+0530][gc,heap     ] GC(1015) Old regions: 102->106
[2025-03-28T20:30:17.571+0530][gc,heap     ] GC(1015) Archive regions: 2->2
[2025-03-28T20:30:17.571+0530][gc,heap     ] GC(1015) Humongous regions: 149->149
[2025-03-28T20:30:17.571+0530][gc,metaspace] GC(1015) Metaspace: 54484K(55232K)->54484K(55232K) NonClass: 48375K(48768K)->48375K(48768K) Class: 6108K(6464K)->6108K(6464K)
[2025-03-28T20:30:17.571+0530][gc          ] GC(1015) Pause Young (Normal) (G1 Evacuation Pause) 301M->256M(1024M) 8.215ms
[2025-03-28T20:30:17.571+0530][gc,cpu      ] GC(1015) User=0.01s Sys=0.00s Real=0.01s
[2025-03-28T20:30:33.705+0530][gc,start    ] GC(1016) Pause Young (Concurrent Start) (G1 Humongous Allocation)
[2025-03-28T20:30:33.705+0530][gc,task     ] GC(1016) Using 2 workers of 2 for evacuation
[2025-03-28T20:30:33.714+0530][gc,phases   ] GC(1016)   Pre Evacuate Collection Set: 0.2ms
[2025-03-28T20:30:33.714+0530][gc,phases   ] GC(1016)   Merge Heap Roots: 0.1ms
[2025-03-28T20:30:33.714+0530][gc,phases   ] GC(1016)   Evacuate Collection Set: 7.5ms
[2025-03-28T20:30:33.714+0530][gc,phases   ] GC(1016)   Post Evacuate Collection Set: 0.5ms
[2025-03-28T20:30:33.714+0530][gc,phases   ] GC(1016)   Other: 0.2ms
[2025-03-28T20:30:33.714+0530][gc,heap     ] GC(1016) Eden regions: 97->0(96)
[2025-03-28T20:30:33.714+0530][gc,heap     ] GC(1016) Survivor regions: 2->4(13)
[2025-03-28T20:30:33.714+0530][gc,heap     ] GC(1016) Old regions: 106->106
[2025-03-28T20:30:33.714+0530][gc,heap     ] GC(1016) Archive regions: 2->2
[2025-03-28T20:30:33.714+0530][gc,heap     ] GC(1016) Humongous regions: 149->147
[2025-03-28T20:30:33.714+0530][gc,metaspace] GC(1016) Metaspace: 54485K(55232K)->54485K(55232K) NonClass: 48377K(48768K)->48377K(48768K) Class: 6108K(6464K)->6108K(6464K)
[2025-03-28T20:30:33.714+0530][gc          ] GC(1016) Pause Young (Concurrent Start) (G1 Humongous Allocation) 353M->257M(1024M) 8.659ms
[2025-03-28T20:30:33.714+0530][gc,cpu      ] GC(1016) User=0.01s Sys=0.00s Real=0.02s
[2025-03-28T20:30:33.724+0530][gc          ] GC(1017) Concurrent Mark Cycle
[2025-03-28T20:30:33.724+0530][gc,marking  ] GC(1017) Concurrent Clear Claimed Marks
[2025-03-28T20:30:33.724+0530][gc,marking  ] GC(1017) Concurrent Clear Claimed Marks 0.090ms
[2025-03-28T20:30:33.724+0530][gc,marking  ] GC(1017) Concurrent Scan Root Regions
[2025-03-28T20:30:33.736+0530][gc,marking  ] GC(1017) Concurrent Scan Root Regions 11.880ms
[2025-03-28T20:30:33.736+0530][gc,marking  ] GC(1017) Concurrent Mark
[2025-03-28T20:30:33.736+0530][gc,marking  ] GC(1017) Concurrent Mark From Roots
[2025-03-28T20:30:33.736+0530][gc,task     ] GC(1017) Using 1 workers of 1 for marking
[2025-03-28T20:30:33.849+0530][gc,marking  ] GC(1017) Concurrent Mark From Roots 113.190ms
[2025-03-28T20:30:33.849+0530][gc,marking  ] GC(1017) Concurrent Preclean
[2025-03-28T20:30:33.849+0530][gc,marking  ] GC(1017) Concurrent Preclean 0.127ms
[2025-03-28T20:30:33.849+0530][gc,start    ] GC(1017) Pause Remark
[2025-03-28T20:30:33.876+0530][gc,mmu      ] GC(1017) MMU target violated: 21.0ms (20.0ms/21.0ms)
[2025-03-28T20:30:33.876+0530][gc          ] GC(1017) Pause Remark 299M->290M(1024M) 26.861ms
[2025-03-28T20:30:33.876+0530][gc,cpu      ] GC(1017) User=0.02s Sys=0.00s Real=0.02s
[2025-03-28T20:30:33.876+0530][gc,marking  ] GC(1017) Concurrent Mark 140.421ms
[2025-03-28T20:30:33.876+0530][gc,marking  ] GC(1017) Concurrent Rebuild Remembered Sets
[2025-03-28T20:30:33.957+0530][gc,marking  ] GC(1017) Concurrent Rebuild Remembered Sets 80.494ms
[2025-03-28T20:30:33.957+0530][gc,start    ] GC(1017) Pause Cleanup
[2025-03-28T20:30:33.957+0530][gc          ] GC(1017) Pause Cleanup 291M->291M(1024M) 0.161ms
[2025-03-28T20:30:33.957+0530][gc,cpu      ] GC(1017) User=0.00s Sys=0.00s Real=0.00s
[2025-03-28T20:30:33.957+0530][gc,marking  ] GC(1017) Concurrent Cleanup for Next Mark
[2025-03-28T20:30:33.959+0530][gc,marking  ] GC(1017) Concurrent Cleanup for Next Mark 1.638ms
[2025-03-28T20:30:33.959+0530][gc          ] GC(1017) Concurrent Mark Cycle 235.084ms
[2025-03-28T20:30:37.574+0530][gc,start    ] GC(1018) Pause Young (Prepare Mixed) (G1 Evacuation Pause)
[2025-03-28T20:30:37.574+0530][gc,task     ] GC(1018) Using 2 workers of 2 for evacuation
[2025-03-28T20:30:37.582+0530][gc,phases   ] GC(1018)   Pre Evacuate Collection Set: 0.2ms
[2025-03-28T20:30:37.582+0530][gc,phases   ] GC(1018)   Merge Heap Roots: 0.2ms
[2025-03-28T20:30:37.582+0530][gc,phases   ] GC(1018)   Evacuate Collection Set: 7.3ms
[2025-03-28T20:30:37.582+0530][gc,phases   ] GC(1018)   Post Evacuate Collection Set: 0.8ms
[2025-03-28T20:30:37.582+0530][gc,phases   ] GC(1018)   Other: 0.2ms
[2025-03-28T20:30:37.582+0530][gc,heap     ] GC(1018) Eden regions: 86->0(44)
[2025-03-28T20:30:37.582+0530][gc,heap     ] GC(1018) Survivor regions: 4->7(12)
[2025-03-28T20:30:37.582+0530][gc,heap     ] GC(1018) Old regions: 97->97
[2025-03-28T20:30:37.582+0530][gc,heap     ] GC(1018) Archive regions: 2->2
[2025-03-28T20:30:37.582+0530][gc,heap     ] GC(1018) Humongous regions: 149->147
[2025-03-28T20:30:37.582+0530][gc,metaspace] GC(1018) Metaspace: 54485K(55232K)->54485K(55232K) NonClass: 48377K(48768K)->48377K(48768K) Class: 6108K(6464K)->6108K(6464K)
[2025-03-28T20:30:37.582+0530][gc          ] GC(1018) Pause Young (Prepare Mixed) (G1 Evacuation Pause) 336M->251M(1024M) 8.828ms
[2025-03-28T20:30:37.582+0530][gc,cpu      ] GC(1018) User=0.02s Sys=0.00s Real=0.01s
[2025-03-28T20:30:37.654+0530][gc,start    ] GC(1019) Pause Young (Mixed) (G1 Evacuation Pause)
[2025-03-28T20:30:37.654+0530][gc,task     ] GC(1019) Using 2 workers of 2 for evacuation
[2025-03-28T20:30:37.665+0530][gc,phases   ] GC(1019)   Pre Evacuate Collection Set: 0.1ms
[2025-03-28T20:30:37.665+0530][gc,phases   ] GC(1019)   Merge Heap Roots: 0.2ms
[2025-03-28T20:30:37.665+0530][gc,phases   ] GC(1019)   Evacuate Collection Set: 9.7ms
[2025-03-28T20:30:37.665+0530][gc,phases   ] GC(1019)   Post Evacuate Collection Set: 0.6ms
[2025-03-28T20:30:37.665+0530][gc,phases   ] GC(1019)   Other: 0.1ms
[2025-03-28T20:30:37.665+0530][gc,heap     ] GC(1019) Eden regions: 44->0(163)
[2025-03-28T20:30:37.665+0530][gc,heap     ] GC(1019) Survivor regions: 7->2(7)
[2025-03-28T20:30:37.665+0530][gc,heap     ] GC(1019) Old regions: 97->82
[2025-03-28T20:30:37.665+0530][gc,heap     ] GC(1019) Archive regions: 2->2
[2025-03-28T20:30:37.665+0530][gc,heap     ] GC(1019) Humongous regions: 149->149
[2025-03-28T20:30:37.665+0530][gc,metaspace] GC(1019) Metaspace: 54485K(55232K)->54485K(55232K) NonClass: 48377K(48768K)->48377K(48768K) Class: 6108K(6464K)->6108K(6464K)
[2025-03-28T20:30:37.665+0530][gc          ] GC(1019) Pause Young (Mixed) (G1 Evacuation Pause) 297M->233M(1024M) 10.814ms
[2025-03-28T20:30:37.665+0530][gc,cpu      ] GC(1019) User=0.02s Sys=0.00s Real=0.02s
[2025-03-28T20:30:42.471+0530][gc,start    ] GC(1020) Pause Young (Normal) (G1 Evacuation Pause)
[2025-03-28T20:30:42.471+0530][gc,task     ] GC(1020) Using 2 workers of 2 for evacuation
[2025-03-28T20:30:42.491+0530][gc,phases   ] GC(1020)   Pre Evacuate Collection Set: 0.2ms
[2025-03-28T20:30:42.491+0530][gc,phases   ] GC(1020)   Merge Heap Roots: 0.1ms
[2025-03-28T20:30:42.491+0530][gc,phases   ] GC(1020)   Evacuate Collection Set: 18.1ms
[2025-03-28T20:30:42.491+0530][gc,phases   ] GC(1020)   Post Evacuate Collection Set: 0.9ms
[2025-03-28T20:30:42.491+0530][gc,phases   ] GC(1020)   Other: 0.4ms
[2025-03-28T20:30:42.491+0530][gc,heap     ] GC(1020) Eden regions: 163->0(78)
[2025-03-28T20:30:42.491+0530][gc,heap     ] GC(1020) Survivor regions: 2->11(21)
[2025-03-28T20:30:42.491+0530][gc,heap     ] GC(1020) Old regions: 82->82
[2025-03-28T20:30:42.491+0530][gc,heap     ] GC(1020) Archive regions: 2->2
[2025-03-28T20:30:42.491+0530][gc,heap     ] GC(1020) Humongous regions: 151->147
[2025-03-28T20:30:42.491+0530][gc,metaspace] GC(1020) Metaspace: 54485K(55232K)->54485K(55232K) NonClass: 48377K(48768K)->48377K(48768K) Class: 6108K(6464K)->6108K(6464K)
[2025-03-28T20:30:42.491+0530][gc          ] GC(1020) Pause Young (Normal) (G1 Evacuation Pause) 398M->240M(1024M) 19.877ms
[2025-03-28T20:30:42.491+0530][gc,cpu      ] GC(1020) User=0.03s Sys=0.01s Real=0.03s
[2025-03-28T20:30:42.587+0530][gc,start    ] GC(1021) Pause Young (Normal) (G1 Evacuation Pause)
[2025-03-28T20:30:42.587+0530][gc,task     ] GC(1021) Using 2 workers of 2 for evacuation
[2025-03-28T20:30:42.603+0530][gc,phases   ] GC(1021)   Pre Evacuate Collection Set: 0.5ms
[2025-03-28T20:30:42.603+0530][gc,phases   ] GC(1021)   Merge Heap Roots: 0.1ms
[2025-03-28T20:30:42.603+0530][gc,phases   ] GC(1021)   Evacuate Collection Set: 13.1ms
[2025-03-28T20:30:42.603+0530][gc,phases   ] GC(1021)   Post Evacuate Collection Set: 1.4ms
[2025-03-28T20:30:42.603+0530][gc,phases   ] GC(1021)   Other: 0.4ms
[2025-03-28T20:30:42.603+0530][gc,heap     ] GC(1021) Eden regions: 78->0(177)
[2025-03-28T20:30:42.603+0530][gc,heap     ] GC(1021) Survivor regions: 11->3(12)
[2025-03-28T20:30:42.603+0530][gc,heap     ] GC(1021) Old regions: 82->90
[2025-03-28T20:30:42.603+0530][gc,heap     ] GC(1021) Archive regions: 2->2
[2025-03-28T20:30:42.603+0530][gc,heap     ] GC(1021) Humongous regions: 149->149
[2025-03-28T20:30:42.603+0530][gc,metaspace] GC(1021) Metaspace: 54485K(55232K)->54485K(55232K) NonClass: 48377K(48768K)->48377K(48768K) Class: 6108K(6464K)->6108K(6464K)
[2025-03-28T20:30:42.603+0530][gc          ] GC(1021) Pause Young (Normal) (G1 Evacuation Pause) 320M->242M(1024M) 15.660ms
[2025-03-28T20:30:42.603+0530][gc,cpu      ] GC(1021) User=0.03s Sys=0.00s Real=0.03s
[2025-03-28T20:30:44.786+0530][gc,start    ] GC(1022) Pause Young (Concurrent Start) (G1 Humongous Allocation)
[2025-03-28T20:30:44.786+0530][gc,task     ] GC(1022) Using 2 workers of 2 for evacuation
[2025-03-28T20:30:44.806+0530][gc,phases   ] GC(1022)   Pre Evacuate Collection Set: 0.2ms
[2025-03-28T20:30:44.806+0530][gc,phases   ] GC(1022)   Merge Heap Roots: 0.1ms
[2025-03-28T20:30:44.806+0530][gc,phases   ] GC(1022)   Evacuate Collection Set: 14.7ms
[2025-03-28T20:30:44.806+0530][gc,phases   ] GC(1022)   Post Evacuate Collection Set: 4.7ms
[2025-03-28T20:30:44.806+0530][gc,phases   ] GC(1022)   Other: 0.1ms
[2025-03-28T20:30:44.806+0530][gc,heap     ] GC(1022) Eden regions: 72->0(65)
[2025-03-28T20:30:44.806+0530][gc,heap     ] GC(1022) Survivor regions: 3->8(23)
[2025-03-28T20:30:44.806+0530][gc,heap     ] GC(1022) Old regions: 90->90
[2025-03-28T20:30:44.806+0530][gc,heap     ] GC(1022) Archive regions: 2->2
[2025-03-28T20:30:44.806+0530][gc,heap     ] GC(1022) Humongous regions: 149->147
[2025-03-28T20:30:44.806+0530][gc,metaspace] GC(1022) Metaspace: 54485K(55232K)->54485K(55232K) NonClass: 48377K(48768K)->48377K(48768K) Class: 6108K(6464K)->6108K(6464K)
[2025-03-28T20:30:44.806+0530][gc          ] GC(1022) Pause Young (Concurrent Start) (G1 Humongous Allocation) 313M->245M(1024M) 19.951ms
[2025-03-28T20:30:44.806+0530][gc,cpu      ] GC(1022) User=0.01s Sys=0.00s Real=0.03s
[2025-03-28T20:30:44.806+0530][gc          ] GC(1023) Concurrent Mark Cycle
[2025-03-28T20:30:44.806+0530][gc,marking  ] GC(1023) Concurrent Clear Claimed Marks
[2025-03-28T20:30:44.806+0530][gc,marking  ] GC(1023) Concurrent Clear Claimed Marks 0.081ms
[2025-03-28T20:30:44.806+0530][gc,marking  ] GC(1023) Concurrent Scan Root Regions
[2025-03-28T20:30:44.812+0530][gc,marking  ] GC(1023) Concurrent Scan Root Regions 6.101ms
[2025-03-28T20:30:44.812+0530][gc,marking  ] GC(1023) Concurrent Mark
[2025-03-28T20:30:44.812+0530][gc,marking  ] GC(1023) Concurrent Mark From Roots
[2025-03-28T20:30:44.812+0530][gc,task     ] GC(1023) Using 1 workers of 1 for marking
[2025-03-28T20:30:44.879+0530][gc,marking  ] GC(1023) Concurrent Mark From Roots 66.930ms
[2025-03-28T20:30:44.879+0530][gc,marking  ] GC(1023) Concurrent Preclean
[2025-03-28T20:30:44.879+0530][gc,marking  ] GC(1023) Concurrent Preclean 0.124ms
[2025-03-28T20:30:44.879+0530][gc,start    ] GC(1023) Pause Remark
[2025-03-28T20:30:44.891+0530][gc          ] GC(1023) Pause Remark 287M->282M(1024M) 12.204ms
[2025-03-28T20:30:44.891+0530][gc,cpu      ] GC(1023) User=0.02s Sys=0.00s Real=0.00s
[2025-03-28T20:30:44.892+0530][gc,marking  ] GC(1023) Concurrent Mark 79.456ms
[2025-03-28T20:30:44.892+0530][gc,marking  ] GC(1023) Concurrent Rebuild Remembered Sets
[2025-03-28T20:30:44.945+0530][gc,marking  ] GC(1023) Concurrent Rebuild Remembered Sets 53.804ms
[2025-03-28T20:30:44.945+0530][gc,start    ] GC(1023) Pause Cleanup
[2025-03-28T20:30:44.946+0530][gc          ] GC(1023) Pause Cleanup 282M->282M(1024M) 0.152ms
[2025-03-28T20:30:44.946+0530][gc,cpu      ] GC(1023) User=0.00s Sys=0.00s Real=0.00s
[2025-03-28T20:30:44.946+0530][gc,marking  ] GC(1023) Concurrent Cleanup for Next Mark
[2025-03-28T20:30:44.947+0530][gc,marking  ] GC(1023) Concurrent Cleanup for Next Mark 1.499ms
[2025-03-28T20:30:44.947+0530][gc          ] GC(1023) Concurrent Mark Cycle 141.320ms
[2025-03-28T20:30:47.451+0530][gc,start    ] GC(1024) Pause Young (Prepare Mixed) (G1 Evacuation Pause)
[2025-03-28T20:30:47.451+0530][gc,task     ] GC(1024) Using 2 workers of 2 for evacuation
[2025-03-28T20:30:47.457+0530][gc,phases   ] GC(1024)   Pre Evacuate Collection Set: 0.3ms
[2025-03-28T20:30:47.457+0530][gc,phases   ] GC(1024)   Merge Heap Roots: 0.2ms
[2025-03-28T20:30:47.457+0530][gc,phases   ] GC(1024)   Evacuate Collection Set: 4.1ms
[2025-03-28T20:30:47.457+0530][gc,phases   ] GC(1024)   Post Evacuate Collection Set: 0.6ms
[2025-03-28T20:30:47.457+0530][gc,phases   ] GC(1024)   Other: 0.2ms
[2025-03-28T20:30:47.457+0530][gc,heap     ] GC(1024) Eden regions: 65->0(48)
[2025-03-28T20:30:47.457+0530][gc,heap     ] GC(1024) Survivor regions: 8->3(10)
[2025-03-28T20:30:47.457+0530][gc,heap     ] GC(1024) Old regions: 85->86
[2025-03-28T20:30:47.457+0530][gc,heap     ] GC(1024) Archive regions: 2->2
[2025-03-28T20:30:47.457+0530][gc,heap     ] GC(1024) Humongous regions: 149->147
[2025-03-28T20:30:47.457+0530][gc,metaspace] GC(1024) Metaspace: 54485K(55232K)->54485K(55232K) NonClass: 48377K(48768K)->48377K(48768K) Class: 6108K(6464K)->6108K(6464K)
[2025-03-28T20:30:47.457+0530][gc          ] GC(1024) Pause Young (Prepare Mixed) (G1 Evacuation Pause) 307M->236M(1024M) 5.459ms
[2025-03-28T20:30:47.457+0530][gc,cpu      ] GC(1024) User=0.00s Sys=0.00s Real=0.01s
[2025-03-28T20:30:47.542+0530][gc,start    ] GC(1025) Pause Young (Mixed) (G1 Evacuation Pause)
[2025-03-28T20:30:47.542+0530][gc,task     ] GC(1025) Using 2 workers of 2 for evacuation
[2025-03-28T20:30:47.549+0530][gc,phases   ] GC(1025)   Pre Evacuate Collection Set: 0.2ms
[2025-03-28T20:30:47.549+0530][gc,phases   ] GC(1025)   Merge Heap Roots: 0.2ms
[2025-03-28T20:30:47.549+0530][gc,phases   ] GC(1025)   Evacuate Collection Set: 5.5ms
[2025-03-28T20:30:47.549+0530][gc,phases   ] GC(1025)   Post Evacuate Collection Set: 0.6ms
[2025-03-28T20:30:47.549+0530][gc,phases   ] GC(1025)   Other: 0.1ms
[2025-03-28T20:30:47.549+0530][gc,heap     ] GC(1025) Eden regions: 48->0(357)
[2025-03-28T20:30:47.549+0530][gc,heap     ] GC(1025) Survivor regions: 3->3(7)
[2025-03-28T20:30:47.549+0530][gc,heap     ] GC(1025) Old regions: 86->78
[2025-03-28T20:30:47.549+0530][gc,heap     ] GC(1025) Archive regions: 2->2
[2025-03-28T20:30:47.549+0530][gc,heap     ] GC(1025) Humongous regions: 147->147
[2025-03-28T20:30:47.549+0530][gc,metaspace] GC(1025) Metaspace: 54485K(55232K)->54485K(55232K) NonClass: 48377K(48768K)->48377K(48768K) Class: 6108K(6464K)->6108K(6464K)
[2025-03-28T20:30:47.549+0530][gc          ] GC(1025) Pause Young (Mixed) (G1 Evacuation Pause) 284M->228M(1024M) 6.625ms
[2025-03-28T20:30:47.549+0530][gc,cpu      ] GC(1025) User=0.01s Sys=0.00s Real=0.01s
[2025-03-28T20:31:08.672+0530][gc,start    ] GC(1026) Pause Young (Normal) (G1 Evacuation Pause)
[2025-03-28T20:31:08.672+0530][gc,task     ] GC(1026) Using 2 workers of 2 for evacuation
[2025-03-28T20:31:08.680+0530][gc,phases   ] GC(1026)   Pre Evacuate Collection Set: 0.2ms
[2025-03-28T20:31:08.680+0530][gc,phases   ] GC(1026)   Merge Heap Roots: 0.1ms
[2025-03-28T20:31:08.680+0530][gc,phases   ] GC(1026)   Evacuate Collection Set: 7.1ms
[2025-03-28T20:31:08.680+0530][gc,phases   ] GC(1026)   Post Evacuate Collection Set: 0.7ms
[2025-03-28T20:31:08.680+0530][gc,phases   ] GC(1026)   Other: 0.1ms
[2025-03-28T20:31:08.680+0530][gc,heap     ] GC(1026) Eden regions: 349->0(436)
[2025-03-28T20:31:08.680+0530][gc,heap     ] GC(1026) Survivor regions: 3->4(44)
[2025-03-28T20:31:08.680+0530][gc,heap     ] GC(1026) Old regions: 78->78
[2025-03-28T20:31:08.680+0530][gc,heap     ] GC(1026) Archive regions: 2->2
[2025-03-28T20:31:08.680+0530][gc,heap     ] GC(1026) Humongous regions: 153->147
[2025-03-28T20:31:08.680+0530][gc,metaspace] GC(1026) Metaspace: 54485K(55232K)->54485K(55232K) NonClass: 48377K(48768K)->48377K(48768K) Class: 6108K(6464K)->6108K(6464K)
[2025-03-28T20:31:08.680+0530][gc          ] GC(1026) Pause Young (Normal) (G1 Evacuation Pause) 583M->229M(1024M) 8.458ms
[2025-03-28T20:31:08.680+0530][gc,cpu      ] GC(1026) User=0.02s Sys=0.00s Real=0.01s
[2025-03-28T20:31:08.690+0530][gc,start    ] GC(1027) Pause Young (Concurrent Start) (G1 Humongous Allocation)
[2025-03-28T20:31:08.690+0530][gc,task     ] GC(1027) Using 2 workers of 2 for evacuation
[2025-03-28T20:31:08.697+0530][gc,phases   ] GC(1027)   Pre Evacuate Collection Set: 0.2ms
[2025-03-28T20:31:08.697+0530][gc,phases   ] GC(1027)   Merge Heap Roots: 0.1ms
[2025-03-28T20:31:08.697+0530][gc,phases   ] GC(1027)   Evacuate Collection Set: 5.8ms
[2025-03-28T20:31:08.697+0530][gc,phases   ] GC(1027)   Post Evacuate Collection Set: 0.4ms
[2025-03-28T20:31:08.697+0530][gc,phases   ] GC(1027)   Other: 0.2ms
[2025-03-28T20:31:08.697+0530][gc,heap     ] GC(1027) Eden regions: 1->0(267)
[2025-03-28T20:31:08.697+0530][gc,heap     ] GC(1027) Survivor regions: 4->4(55)
[2025-03-28T20:31:08.697+0530][gc,heap     ] GC(1027) Old regions: 78->78
[2025-03-28T20:31:08.697+0530][gc,heap     ] GC(1027) Archive regions: 2->2
[2025-03-28T20:31:08.697+0530][gc,heap     ] GC(1027) Humongous regions: 147->147
[2025-03-28T20:31:08.697+0530][gc,metaspace] GC(1027) Metaspace: 54485K(55232K)->54485K(55232K) NonClass: 48377K(48768K)->48377K(48768K) Class: 6108K(6464K)->6108K(6464K)
[2025-03-28T20:31:08.697+0530][gc          ] GC(1027) Pause Young (Concurrent Start) (G1 Humongous Allocation) 229M->229M(1024M) 6.803ms
[2025-03-28T20:31:08.697+0530][gc,cpu      ] GC(1027) User=0.01s Sys=0.00s Real=0.01s
[2025-03-28T20:31:08.697+0530][gc          ] GC(1028) Concurrent Mark Cycle
[2025-03-28T20:31:08.697+0530][gc,marking  ] GC(1028) Concurrent Clear Claimed Marks
[2025-03-28T20:31:08.697+0530][gc,marking  ] GC(1028) Concurrent Clear Claimed Marks 0.087ms
[2025-03-28T20:31:08.697+0530][gc,marking  ] GC(1028) Concurrent Scan Root Regions
[2025-03-28T20:31:08.701+0530][gc,marking  ] GC(1028) Concurrent Scan Root Regions 4.174ms
[2025-03-28T20:31:08.701+0530][gc,marking  ] GC(1028) Concurrent Mark
[2025-03-28T20:31:08.701+0530][gc,marking  ] GC(1028) Concurrent Mark From Roots
[2025-03-28T20:31:08.701+0530][gc,task     ] GC(1028) Using 1 workers of 1 for marking
[2025-03-28T20:31:08.761+0530][gc,marking  ] GC(1028) Concurrent Mark From Roots 59.334ms
[2025-03-28T20:31:08.761+0530][gc,marking  ] GC(1028) Concurrent Preclean
[2025-03-28T20:31:08.761+0530][gc,marking  ] GC(1028) Concurrent Preclean 0.111ms
[2025-03-28T20:31:08.761+0530][gc,start    ] GC(1028) Pause Remark
[2025-03-28T20:31:08.777+0530][gc          ] GC(1028) Pause Remark 271M->271M(1024M) 15.653ms
[2025-03-28T20:31:08.777+0530][gc,cpu      ] GC(1028) User=0.02s Sys=0.01s Real=0.02s
[2025-03-28T20:31:08.777+0530][gc,marking  ] GC(1028) Concurrent Mark 75.429ms
[2025-03-28T20:31:08.777+0530][gc,marking  ] GC(1028) Concurrent Rebuild Remembered Sets
[2025-03-28T20:31:08.810+0530][gc,marking  ] GC(1028) Concurrent Rebuild Remembered Sets 33.223ms
[2025-03-28T20:31:08.810+0530][gc,start    ] GC(1028) Pause Cleanup
[2025-03-28T20:31:08.811+0530][gc          ] GC(1028) Pause Cleanup 271M->271M(1024M) 0.264ms
[2025-03-28T20:31:08.811+0530][gc,cpu      ] GC(1028) User=0.00s Sys=0.00s Real=0.00s
[2025-03-28T20:31:08.811+0530][gc,marking  ] GC(1028) Concurrent Cleanup for Next Mark
[2025-03-28T20:31:08.812+0530][gc,marking  ] GC(1028) Concurrent Cleanup for Next Mark 1.577ms
[2025-03-28T20:31:08.812+0530][gc          ] GC(1028) Concurrent Mark Cycle 115.076ms
[2025-03-28T20:31:33.700+0530][gc,start    ] GC(1029) Pause Young (Prepare Mixed) (G1 Evacuation Pause)
[2025-03-28T20:31:33.700+0530][gc,task     ] GC(1029) Using 2 workers of 2 for evacuation
[2025-03-28T20:31:33.719+0530][gc,phases   ] GC(1029)   Pre Evacuate Collection Set: 0.2ms
[2025-03-28T20:31:33.719+0530][gc,phases   ] GC(1029)   Merge Heap Roots: 0.2ms
[2025-03-28T20:31:33.719+0530][gc,phases   ] GC(1029)   Evacuate Collection Set: 14.7ms
[2025-03-28T20:31:33.719+0530][gc,phases   ] GC(1029)   Post Evacuate Collection Set: 4.2ms
[2025-03-28T20:31:33.719+0530][gc,phases   ] GC(1029)   Other: 0.1ms
[2025-03-28T20:31:33.719+0530][gc,heap     ] GC(1029) Eden regions: 434->0(43)
[2025-03-28T20:31:33.719+0530][gc,heap     ] GC(1029) Survivor regions: 4->8(55)
[2025-03-28T20:31:33.719+0530][gc,heap     ] GC(1029) Old regions: 78->78
[2025-03-28T20:31:33.719+0530][gc,heap     ] GC(1029) Archive regions: 2->2
[2025-03-28T20:31:33.719+0530][gc,heap     ] GC(1029) Humongous regions: 155->147
[2025-03-28T20:31:33.719+0530][gc,metaspace] GC(1029) Metaspace: 54549K(55232K)->54549K(55232K) NonClass: 48441K(48768K)->48441K(48768K) Class: 6108K(6464K)->6108K(6464K)
[2025-03-28T20:31:33.719+0530][gc          ] GC(1029) Pause Young (Prepare Mixed) (G1 Evacuation Pause) 671M->233M(1024M) 19.476ms
[2025-03-28T20:31:33.719+0530][gc,cpu      ] GC(1029) User=0.02s Sys=0.00s Real=0.02s
[2025-03-28T20:31:33.844+0530][gc,start    ] GC(1030) Pause Young (Mixed) (G1 Evacuation Pause)
[2025-03-28T20:31:33.844+0530][gc,task     ] GC(1030) Using 2 workers of 2 for evacuation
[2025-03-28T20:31:33.858+0530][gc,phases   ] GC(1030)   Pre Evacuate Collection Set: 0.1ms
[2025-03-28T20:31:33.858+0530][gc,phases   ] GC(1030)   Merge Heap Roots: 0.2ms
[2025-03-28T20:31:33.858+0530][gc,phases   ] GC(1030)   Evacuate Collection Set: 12.7ms
[2025-03-28T20:31:33.858+0530][gc,phases   ] GC(1030)   Post Evacuate Collection Set: 0.6ms
[2025-03-28T20:31:33.858+0530][gc,phases   ] GC(1030)   Other: 0.1ms
[2025-03-28T20:31:33.858+0530][gc,heap     ] GC(1030) Eden regions: 43->0(499)
[2025-03-28T20:31:33.858+0530][gc,heap     ] GC(1030) Survivor regions: 8->2(7)
[2025-03-28T20:31:33.858+0530][gc,heap     ] GC(1030) Old regions: 78->75
[2025-03-28T20:31:33.858+0530][gc,heap     ] GC(1030) Archive regions: 2->2
[2025-03-28T20:31:33.858+0530][gc,heap     ] GC(1030) Humongous regions: 149->149
[2025-03-28T20:31:33.858+0530][gc,metaspace] GC(1030) Metaspace: 54549K(55232K)->54549K(55232K) NonClass: 48441K(48768K)->48441K(48768K) Class: 6108K(6464K)->6108K(6464K)
[2025-03-28T20:31:33.858+0530][gc          ] GC(1030) Pause Young (Mixed) (G1 Evacuation Pause) 278M->226M(1024M) 13.915ms
[2025-03-28T20:31:33.858+0530][gc,cpu      ] GC(1030) User=0.02s Sys=0.00s Real=0.02s
[2025-03-28T20:31:49.786+0530][gc,start    ] GC(1031) Pause Young (Normal) (G1 Evacuation Pause)
[2025-03-28T20:31:49.787+0530][gc,task     ] GC(1031) Using 2 workers of 2 for evacuation
[2025-03-28T20:31:50.084+0530][gc,mmu      ] GC(1031) MMU target violated: 21.0ms (20.0ms/21.0ms)
[2025-03-28T20:31:50.084+0530][gc,phases   ] GC(1031)   Pre Evacuate Collection Set: 0.2ms
[2025-03-28T20:31:50.084+0530][gc,phases   ] GC(1031)   Merge Heap Roots: 0.2ms
[2025-03-28T20:31:50.084+0530][gc,phases   ] GC(1031)   Evacuate Collection Set: 287.5ms
[2025-03-28T20:31:50.084+0530][gc,phases   ] GC(1031)   Post Evacuate Collection Set: 9.0ms
[2025-03-28T20:31:50.084+0530][gc,phases   ] GC(1031)   Other: 0.8ms
[2025-03-28T20:31:50.084+0530][gc,heap     ] GC(1031) Eden regions: 499->0(32)
[2025-03-28T20:31:50.084+0530][gc,heap     ] GC(1031) Survivor regions: 2->19(63)
[2025-03-28T20:31:50.084+0530][gc,heap     ] GC(1031) Old regions: 75->75
[2025-03-28T20:31:50.084+0530][gc,heap     ] GC(1031) Archive regions: 2->2
[2025-03-28T20:31:50.084+0530][gc,heap     ] GC(1031) Humongous regions: 157->147
[2025-03-28T20:31:50.084+0530][gc,metaspace] GC(1031) Metaspace: 54549K(55232K)->54549K(55232K) NonClass: 48441K(48768K)->48441K(48768K) Class: 6108K(6464K)->6108K(6464K)
[2025-03-28T20:31:50.084+0530][gc          ] GC(1031) Pause Young (Normal) (G1 Evacuation Pause) 733M->240M(1024M) 298.224ms
[2025-03-28T20:31:50.084+0530][gc,cpu      ] GC(1031) User=0.06s Sys=0.05s Real=0.30s
[2025-03-28T20:31:50.172+0530][gc,start    ] GC(1032) Pause Young (Normal) (G1 Evacuation Pause)
[2025-03-28T20:31:50.172+0530][gc,task     ] GC(1032) Using 2 workers of 2 for evacuation
[2025-03-28T20:31:50.215+0530][gc,mmu      ] GC(1032) MMU target violated: 21.0ms (20.0ms/21.0ms)
[2025-03-28T20:31:50.215+0530][gc,phases   ] GC(1032)   Pre Evacuate Collection Set: 0.2ms
[2025-03-28T20:31:50.215+0530][gc,phases   ] GC(1032)   Merge Heap Roots: 0.1ms
[2025-03-28T20:31:50.215+0530][gc,phases   ] GC(1032)   Evacuate Collection Set: 17.3ms
[2025-03-28T20:31:50.215+0530][gc,phases   ] GC(1032)   Post Evacuate Collection Set: 25.0ms
[2025-03-28T20:31:50.215+0530][gc,phases   ] GC(1032)   Other: 0.2ms
[2025-03-28T20:31:50.215+0530][gc,heap     ] GC(1032) Eden regions: 32->0(47)
[2025-03-28T20:31:50.215+0530][gc,heap     ] GC(1032) Survivor regions: 19->4(7)
[2025-03-28T20:31:50.215+0530][gc,heap     ] GC(1032) Old regions: 75->93
[2025-03-28T20:31:50.215+0530][gc,heap     ] GC(1032) Archive regions: 2->2
[2025-03-28T20:31:50.215+0530][gc,heap     ] GC(1032) Humongous regions: 147->147
[2025-03-28T20:31:50.215+0530][gc,metaspace] GC(1032) Metaspace: 54549K(55232K)->54549K(55232K) NonClass: 48441K(48768K)->48441K(48768K) Class: 6108K(6464K)->6108K(6464K)
[2025-03-28T20:31:50.215+0530][gc          ] GC(1032) Pause Young (Normal) (G1 Evacuation Pause) 272M->244M(1024M) 42.938ms
[2025-03-28T20:31:50.215+0530][gc,cpu      ] GC(1032) User=0.02s Sys=0.01s Real=0.05s
[2025-03-28T20:31:50.251+0530][gc,start    ] GC(1033) Pause Young (Concurrent Start) (G1 Humongous Allocation)
[2025-03-28T20:31:50.251+0530][gc,task     ] GC(1033) Using 2 workers of 2 for evacuation
[2025-03-28T20:31:50.255+0530][gc,phases   ] GC(1033)   Pre Evacuate Collection Set: 0.6ms
[2025-03-28T20:31:50.255+0530][gc,phases   ] GC(1033)   Merge Heap Roots: 0.1ms
[2025-03-28T20:31:50.255+0530][gc,phases   ] GC(1033)   Evacuate Collection Set: 3.2ms
[2025-03-28T20:31:50.255+0530][gc,phases   ] GC(1033)   Post Evacuate Collection Set: 0.4ms
[2025-03-28T20:31:50.255+0530][gc,phases   ] GC(1033)   Other: 0.2ms
[2025-03-28T20:31:50.255+0530][gc,heap     ] GC(1033) Eden regions: 8->0(50)
[2025-03-28T20:31:50.255+0530][gc,heap     ] GC(1033) Survivor regions: 4->1(7)
[2025-03-28T20:31:50.255+0530][gc,heap     ] GC(1033) Old regions: 93->94
[2025-03-28T20:31:50.255+0530][gc,heap     ] GC(1033) Archive regions: 2->2
[2025-03-28T20:31:50.255+0530][gc,heap     ] GC(1033) Humongous regions: 147->147
[2025-03-28T20:31:50.255+0530][gc,metaspace] GC(1033) Metaspace: 54549K(55232K)->54549K(55232K) NonClass: 48441K(48768K)->48441K(48768K) Class: 6108K(6464K)->6108K(6464K)
[2025-03-28T20:31:50.255+0530][gc          ] GC(1033) Pause Young (Concurrent Start) (G1 Humongous Allocation) 252M->242M(1024M) 4.602ms
[2025-03-28T20:31:50.255+0530][gc,cpu      ] GC(1033) User=0.00s Sys=0.00s Real=0.01s
[2025-03-28T20:31:50.255+0530][gc          ] GC(1034) Concurrent Mark Cycle
[2025-03-28T20:31:50.255+0530][gc,marking  ] GC(1034) Concurrent Clear Claimed Marks
[2025-03-28T20:31:50.255+0530][gc,marking  ] GC(1034) Concurrent Clear Claimed Marks 0.116ms
[2025-03-28T20:31:50.255+0530][gc,marking  ] GC(1034) Concurrent Scan Root Regions
[2025-03-28T20:31:50.258+0530][gc,marking  ] GC(1034) Concurrent Scan Root Regions 2.760ms
[2025-03-28T20:31:50.258+0530][gc,marking  ] GC(1034) Concurrent Mark
[2025-03-28T20:31:50.258+0530][gc,marking  ] GC(1034) Concurrent Mark From Roots
[2025-03-28T20:31:50.258+0530][gc,task     ] GC(1034) Using 1 workers of 1 for marking
[2025-03-28T20:31:50.333+0530][gc,marking  ] GC(1034) Concurrent Mark From Roots 75.213ms
[2025-03-28T20:31:50.333+0530][gc,marking  ] GC(1034) Concurrent Preclean
[2025-03-28T20:31:50.334+0530][gc,marking  ] GC(1034) Concurrent Preclean 0.134ms
[2025-03-28T20:31:50.334+0530][gc,start    ] GC(1034) Pause Remark
[2025-03-28T20:31:50.351+0530][gc          ] GC(1034) Pause Remark 284M->277M(1024M) 17.057ms
[2025-03-28T20:31:50.351+0530][gc,cpu      ] GC(1034) User=0.03s Sys=0.00s Real=0.02s
[2025-03-28T20:31:50.351+0530][gc,marking  ] GC(1034) Concurrent Mark 92.702ms
[2025-03-28T20:31:50.351+0530][gc,marking  ] GC(1034) Concurrent Rebuild Remembered Sets
[2025-03-28T20:31:50.387+0530][gc,marking  ] GC(1034) Concurrent Rebuild Remembered Sets 36.467ms
[2025-03-28T20:31:50.388+0530][gc,start    ] GC(1034) Pause Cleanup
[2025-03-28T20:31:50.388+0530][gc          ] GC(1034) Pause Cleanup 277M->277M(1024M) 0.223ms
[2025-03-28T20:31:50.388+0530][gc,cpu      ] GC(1034) User=0.00s Sys=0.00s Real=0.00s
[2025-03-28T20:31:50.388+0530][gc,marking  ] GC(1034) Concurrent Cleanup for Next Mark
[2025-03-28T20:31:50.390+0530][gc,marking  ] GC(1034) Concurrent Cleanup for Next Mark 1.864ms
[2025-03-28T20:31:50.390+0530][gc          ] GC(1034) Concurrent Mark Cycle 134.521ms
[2025-03-28T20:31:57.445+0530][gc,start    ] GC(1035) Pause Young (Prepare Mixed) (G1 Evacuation Pause)
[2025-03-28T20:31:57.445+0530][gc,task     ] GC(1035) Using 2 workers of 2 for evacuation
[2025-03-28T20:31:57.448+0530][gc,phases   ] GC(1035)   Pre Evacuate Collection Set: 0.3ms
[2025-03-28T20:31:57.448+0530][gc,phases   ] GC(1035)   Merge Heap Roots: 0.1ms
[2025-03-28T20:31:57.448+0530][gc,phases   ] GC(1035)   Evacuate Collection Set: 2.9ms
[2025-03-28T20:31:57.448+0530][gc,phases   ] GC(1035)   Post Evacuate Collection Set: 0.4ms
[2025-03-28T20:31:57.448+0530][gc,phases   ] GC(1035)   Other: 0.1ms
[2025-03-28T20:31:57.448+0530][gc,heap     ] GC(1035) Eden regions: 50->0(49)
[2025-03-28T20:31:57.448+0530][gc,heap     ] GC(1035) Survivor regions: 1->2(7)
[2025-03-28T20:31:57.448+0530][gc,heap     ] GC(1035) Old regions: 87->87
[2025-03-28T20:31:57.448+0530][gc,heap     ] GC(1035) Archive regions: 2->2
[2025-03-28T20:31:57.448+0530][gc,heap     ] GC(1035) Humongous regions: 149->147
[2025-03-28T20:31:57.448+0530][gc,metaspace] GC(1035) Metaspace: 54549K(55232K)->54549K(55232K) NonClass: 48441K(48768K)->48441K(48768K) Class: 6108K(6464K)->6108K(6464K)
[2025-03-28T20:31:57.448+0530][gc          ] GC(1035) Pause Young (Prepare Mixed) (G1 Evacuation Pause) 287M->236M(1024M) 3.972ms
[2025-03-28T20:31:57.449+0530][gc,cpu      ] GC(1035) User=0.01s Sys=0.00s Real=0.01s
[2025-03-28T20:32:03.642+0530][gc,start    ] GC(1036) Pause Young (Mixed) (G1 Evacuation Pause)
[2025-03-28T20:32:03.642+0530][gc,task     ] GC(1036) Using 2 workers of 2 for evacuation
[2025-03-28T20:32:03.658+0530][gc,phases   ] GC(1036)   Pre Evacuate Collection Set: 0.2ms
[2025-03-28T20:32:03.658+0530][gc,phases   ] GC(1036)   Merge Heap Roots: 0.1ms
[2025-03-28T20:32:03.658+0530][gc,phases   ] GC(1036)   Evacuate Collection Set: 14.5ms
[2025-03-28T20:32:03.658+0530][gc,phases   ] GC(1036)   Post Evacuate Collection Set: 0.6ms
[2025-03-28T20:32:03.658+0530][gc,phases   ] GC(1036)   Other: 0.2ms
[2025-03-28T20:32:03.658+0530][gc,heap     ] GC(1036) Eden regions: 49->0(44)
[2025-03-28T20:32:03.658+0530][gc,heap     ] GC(1036) Survivor regions: 2->7(7)
[2025-03-28T20:32:03.658+0530][gc,heap     ] GC(1036) Old regions: 87->87
[2025-03-28T20:32:03.658+0530][gc,heap     ] GC(1036) Archive regions: 2->2
[2025-03-28T20:32:03.658+0530][gc,heap     ] GC(1036) Humongous regions: 147->147
[2025-03-28T20:32:03.658+0530][gc,metaspace] GC(1036) Metaspace: 54549K(55232K)->54549K(55232K) NonClass: 48441K(48768K)->48441K(48768K) Class: 6108K(6464K)->6108K(6464K)
[2025-03-28T20:32:03.658+0530][gc          ] GC(1036) Pause Young (Mixed) (G1 Evacuation Pause) 285M->240M(1024M) 15.607ms
[2025-03-28T20:32:03.658+0530][gc,cpu      ] GC(1036) User=0.02s Sys=0.00s Real=0.02s
[2025-03-28T20:32:03.769+0530][gc,start    ] GC(1037) Pause Young (Mixed) (G1 Evacuation Pause)
[2025-03-28T20:32:03.769+0530][gc,task     ] GC(1037) Using 2 workers of 2 for evacuation
[2025-03-28T20:32:03.777+0530][gc,phases   ] GC(1037)   Pre Evacuate Collection Set: 0.2ms
[2025-03-28T20:32:03.777+0530][gc,phases   ] GC(1037)   Merge Heap Roots: 0.1ms
[2025-03-28T20:32:03.777+0530][gc,phases   ] GC(1037)   Evacuate Collection Set: 6.5ms
[2025-03-28T20:32:03.777+0530][gc,phases   ] GC(1037)   Post Evacuate Collection Set: 0.5ms
[2025-03-28T20:32:03.777+0530][gc,phases   ] GC(1037)   Other: 0.1ms
[2025-03-28T20:32:03.777+0530][gc,heap     ] GC(1037) Eden regions: 44->0(49)
[2025-03-28T20:32:03.777+0530][gc,heap     ] GC(1037) Survivor regions: 7->2(7)
[2025-03-28T20:32:03.777+0530][gc,heap     ] GC(1037) Old regions: 87->88
[2025-03-28T20:32:03.777+0530][gc,heap     ] GC(1037) Archive regions: 2->2
[2025-03-28T20:32:03.777+0530][gc,heap     ] GC(1037) Humongous regions: 149->149
[2025-03-28T20:32:03.777+0530][gc,metaspace] GC(1037) Metaspace: 54549K(55232K)->54549K(55232K) NonClass: 48441K(48768K)->48441K(48768K) Class: 6108K(6464K)->6108K(6464K)
[2025-03-28T20:32:03.777+0530][gc          ] GC(1037) Pause Young (Mixed) (G1 Evacuation Pause) 286M->239M(1024M) 7.368ms
[2025-03-28T20:32:03.777+0530][gc,cpu      ] GC(1037) User=0.02s Sys=0.01s Real=0.01s
[2025-03-28T20:32:07.507+0530][gc,start    ] GC(1038) Pause Young (Mixed) (G1 Evacuation Pause)
[2025-03-28T20:32:07.507+0530][gc,task     ] GC(1038) Using 2 workers of 2 for evacuation
[2025-03-28T20:32:07.511+0530][gc,phases   ] GC(1038)   Pre Evacuate Collection Set: 0.1ms
[2025-03-28T20:32:07.511+0530][gc,phases   ] GC(1038)   Merge Heap Roots: 0.1ms
[2025-03-28T20:32:07.511+0530][gc,phases   ] GC(1038)   Evacuate Collection Set: 3.5ms
[2025-03-28T20:32:07.511+0530][gc,phases   ] GC(1038)   Post Evacuate Collection Set: 0.6ms
[2025-03-28T20:32:07.511+0530][gc,phases   ] GC(1038)   Other: 0.1ms
[2025-03-28T20:32:07.511+0530][gc,heap     ] GC(1038) Eden regions: 49->0(48)
[2025-03-28T20:32:07.511+0530][gc,heap     ] GC(1038) Survivor regions: 2->3(7)
[2025-03-28T20:32:07.511+0530][gc,heap     ] GC(1038) Old regions: 88->87
[2025-03-28T20:32:07.511+0530][gc,heap     ] GC(1038) Archive regions: 2->2
[2025-03-28T20:32:07.511+0530][gc,heap     ] GC(1038) Humongous regions: 149->147
[2025-03-28T20:32:07.511+0530][gc,metaspace] GC(1038) Metaspace: 54549K(55232K)->54549K(55232K) NonClass: 48441K(48768K)->48441K(48768K) Class: 6108K(6464K)->6108K(6464K)
[2025-03-28T20:32:07.511+0530][gc          ] GC(1038) Pause Young (Mixed) (G1 Evacuation Pause) 288M->237M(1024M) 4.620ms
[2025-03-28T20:32:07.512+0530][gc,cpu      ] GC(1038) User=0.01s Sys=0.00s Real=0.00s
[2025-03-28T20:32:07.577+0530][gc,start    ] GC(1039) Pause Young (Mixed) (G1 Evacuation Pause)
[2025-03-28T20:32:07.577+0530][gc,task     ] GC(1039) Using 2 workers of 2 for evacuation
[2025-03-28T20:32:07.586+0530][gc,phases   ] GC(1039)   Pre Evacuate Collection Set: 0.2ms
[2025-03-28T20:32:07.586+0530][gc,phases   ] GC(1039)   Merge Heap Roots: 0.1ms
[2025-03-28T20:32:07.586+0530][gc,phases   ] GC(1039)   Evacuate Collection Set: 7.6ms
[2025-03-28T20:32:07.586+0530][gc,phases   ] GC(1039)   Post Evacuate Collection Set: 0.5ms
[2025-03-28T20:32:07.586+0530][gc,phases   ] GC(1039)   Other: 0.2ms
[2025-03-28T20:32:07.586+0530][gc,heap     ] GC(1039) Eden regions: 48->0(44)
[2025-03-28T20:32:07.586+0530][gc,heap     ] GC(1039) Survivor regions: 3->7(7)
[2025-03-28T20:32:07.586+0530][gc,heap     ] GC(1039) Old regions: 87->87
[2025-03-28T20:32:07.586+0530][gc,heap     ] GC(1039) Archive regions: 2->2
[2025-03-28T20:32:07.586+0530][gc,heap     ] GC(1039) Humongous regions: 147->147
[2025-03-28T20:32:07.586+0530][gc,metaspace] GC(1039) Metaspace: 54549K(55232K)->54549K(55232K) NonClass: 48441K(48768K)->48441K(48768K) Class: 6108K(6464K)->6108K(6464K)
[2025-03-28T20:32:07.586+0530][gc          ] GC(1039) Pause Young (Mixed) (G1 Evacuation Pause) 285M->241M(1024M) 8.619ms
[2025-03-28T20:32:07.586+0530][gc,cpu      ] GC(1039) User=0.02s Sys=0.01s Real=0.01s
[2025-03-28T20:32:08.567+0530][gc,start    ] GC(1040) Pause Young (Mixed) (G1 Evacuation Pause)
[2025-03-28T20:32:08.567+0530][gc,task     ] GC(1040) Using 2 workers of 2 for evacuation
[2025-03-28T20:32:08.601+0530][gc,mmu      ] GC(1040) MMU target violated: 21.0ms (20.0ms/21.0ms)
[2025-03-28T20:32:08.601+0530][gc,phases   ] GC(1040)   Pre Evacuate Collection Set: 0.2ms
[2025-03-28T20:32:08.601+0530][gc,phases   ] GC(1040)   Merge Heap Roots: 0.1ms
[2025-03-28T20:32:08.601+0530][gc,phases   ] GC(1040)   Evacuate Collection Set: 27.8ms
[2025-03-28T20:32:08.601+0530][gc,phases   ] GC(1040)   Post Evacuate Collection Set: 6.4ms
[2025-03-28T20:32:08.601+0530][gc,phases   ] GC(1040)   Other: 0.2ms
[2025-03-28T20:32:08.601+0530][gc,heap     ] GC(1040) Eden regions: 44->0(57)
[2025-03-28T20:32:08.601+0530][gc,heap     ] GC(1040) Survivor regions: 7->1(7)
[2025-03-28T20:32:08.601+0530][gc,heap     ] GC(1040) Old regions: 87->83
[2025-03-28T20:32:08.601+0530][gc,heap     ] GC(1040) Archive regions: 2->2
[2025-03-28T20:32:08.601+0530][gc,heap     ] GC(1040) Humongous regions: 149->147
[2025-03-28T20:32:08.601+0530][gc,metaspace] GC(1040) Metaspace: 54549K(55232K)->54549K(55232K) NonClass: 48441K(48768K)->48441K(48768K) Class: 6108K(6464K)->6108K(6464K)
[2025-03-28T20:32:08.601+0530][gc          ] GC(1040) Pause Young (Mixed) (G1 Evacuation Pause) 287M->231M(1024M) 34.876ms
[2025-03-28T20:32:08.602+0530][gc,cpu      ] GC(1040) User=0.01s Sys=0.00s Real=0.03s
[2025-03-28T20:32:08.743+0530][gc,start    ] GC(1041) Pause Young (Concurrent Start) (G1 Evacuation Pause)
[2025-03-28T20:32:08.743+0530][gc,task     ] GC(1041) Using 2 workers of 2 for evacuation
[2025-03-28T20:32:08.772+0530][gc,mmu      ] GC(1041) MMU target violated: 21.0ms (20.0ms/21.0ms)
[2025-03-28T20:32:08.772+0530][gc,phases   ] GC(1041)   Pre Evacuate Collection Set: 0.2ms
[2025-03-28T20:32:08.772+0530][gc,phases   ] GC(1041)   Merge Heap Roots: 0.1ms
[2025-03-28T20:32:08.772+0530][gc,phases   ] GC(1041)   Evacuate Collection Set: 22.7ms
[2025-03-28T20:32:08.772+0530][gc,phases   ] GC(1041)   Post Evacuate Collection Set: 6.2ms
[2025-03-28T20:32:08.772+0530][gc,phases   ] GC(1041)   Other: 0.2ms
[2025-03-28T20:32:08.772+0530][gc,heap     ] GC(1041) Eden regions: 57->0(44)
[2025-03-28T20:32:08.772+0530][gc,heap     ] GC(1041) Survivor regions: 1->7(8)
[2025-03-28T20:32:08.772+0530][gc,heap     ] GC(1041) Old regions: 83->83
[2025-03-28T20:32:08.772+0530][gc,heap     ] GC(1041) Archive regions: 2->2
[2025-03-28T20:32:08.772+0530][gc,heap     ] GC(1041) Humongous regions: 147->147
[2025-03-28T20:32:08.772+0530][gc,metaspace] GC(1041) Metaspace: 54549K(55232K)->54549K(55232K) NonClass: 48441K(48768K)->48441K(48768K) Class: 6108K(6464K)->6108K(6464K)
[2025-03-28T20:32:08.772+0530][gc          ] GC(1041) Pause Young (Concurrent Start) (G1 Evacuation Pause) 288M->237M(1024M) 29.524ms
[2025-03-28T20:32:08.772+0530][gc,cpu      ] GC(1041) User=0.01s Sys=0.00s Real=0.03s
[2025-03-28T20:32:08.772+0530][gc          ] GC(1042) Concurrent Mark Cycle
[2025-03-28T20:32:08.772+0530][gc,marking  ] GC(1042) Concurrent Clear Claimed Marks
[2025-03-28T20:32:08.772+0530][gc,marking  ] GC(1042) Concurrent Clear Claimed Marks 0.084ms
[2025-03-28T20:32:08.772+0530][gc,marking  ] GC(1042) Concurrent Scan Root Regions
[2025-03-28T20:32:08.787+0530][gc,marking  ] GC(1042) Concurrent Scan Root Regions 15.017ms
[2025-03-28T20:32:08.787+0530][gc,marking  ] GC(1042) Concurrent Mark
[2025-03-28T20:32:08.787+0530][gc,marking  ] GC(1042) Concurrent Mark From Roots
[2025-03-28T20:32:08.787+0530][gc,task     ] GC(1042) Using 1 workers of 1 for marking
[2025-03-28T20:32:08.862+0530][gc,start    ] GC(1043) Pause Young (Normal) (G1 Evacuation Pause)
[2025-03-28T20:32:08.862+0530][gc,task     ] GC(1043) Using 2 workers of 2 for evacuation
[2025-03-28T20:32:08.876+0530][gc,phases   ] GC(1043)   Pre Evacuate Collection Set: 0.2ms
[2025-03-28T20:32:08.876+0530][gc,phases   ] GC(1043)   Merge Heap Roots: 0.1ms
[2025-03-28T20:32:08.876+0530][gc,phases   ] GC(1043)   Evacuate Collection Set: 13.4ms
[2025-03-28T20:32:08.876+0530][gc,phases   ] GC(1043)   Post Evacuate Collection Set: 0.5ms
[2025-03-28T20:32:08.876+0530][gc,phases   ] GC(1043)   Other: 0.1ms
[2025-03-28T20:32:08.876+0530][gc,heap     ] GC(1043) Eden regions: 44->0(82)
[2025-03-28T20:32:08.876+0530][gc,heap     ] GC(1043) Survivor regions: 7->1(7)
[2025-03-28T20:32:08.876+0530][gc,heap     ] GC(1043) Old regions: 83->90
[2025-03-28T20:32:08.876+0530][gc,heap     ] GC(1043) Archive regions: 2->2
[2025-03-28T20:32:08.876+0530][gc,heap     ] GC(1043) Humongous regions: 149->149
[2025-03-28T20:32:08.876+0530][gc,metaspace] GC(1043) Metaspace: 54549K(55232K)->54549K(55232K) NonClass: 48441K(48768K)->48441K(48768K) Class: 6108K(6464K)->6108K(6464K)
[2025-03-28T20:32:08.876+0530][gc          ] GC(1043) Pause Young (Normal) (G1 Evacuation Pause) 283M->240M(1024M) 14.366ms
[2025-03-28T20:32:08.876+0530][gc,cpu      ] GC(1043) User=0.01s Sys=0.00s Real=0.00s
[2025-03-28T20:32:08.942+0530][gc,marking  ] GC(1042) Concurrent Mark From Roots 154.985ms
[2025-03-28T20:32:08.942+0530][gc,marking  ] GC(1042) Concurrent Preclean
[2025-03-28T20:32:08.943+0530][gc,marking  ] GC(1042) Concurrent Preclean 0.153ms
[2025-03-28T20:32:08.961+0530][gc,start    ] GC(1042) Pause Remark
[2025-03-28T20:32:09.013+0530][gc,mmu      ] GC(1042) MMU target violated: 21.0ms (20.0ms/21.0ms)
[2025-03-28T20:32:09.013+0530][gc          ] GC(1042) Pause Remark 244M->243M(1024M) 52.295ms
[2025-03-28T20:32:09.013+0530][gc,cpu      ] GC(1042) User=0.03s Sys=0.00s Real=0.05s
[2025-03-28T20:32:09.013+0530][gc,marking  ] GC(1042) Concurrent Mark 225.914ms
[2025-03-28T20:32:09.013+0530][gc,marking  ] GC(1042) Concurrent Rebuild Remembered Sets
[2025-03-28T20:32:09.146+0530][gc,marking  ] GC(1042) Concurrent Rebuild Remembered Sets 133.033ms
[2025-03-28T20:32:09.146+0530][gc,start    ] GC(1042) Pause Cleanup
[2025-03-28T20:32:09.147+0530][gc          ] GC(1042) Pause Cleanup 243M->243M(1024M) 0.216ms
[2025-03-28T20:32:09.147+0530][gc,cpu      ] GC(1042) User=0.00s Sys=0.00s Real=0.00s
[2025-03-28T20:32:09.147+0530][gc,marking  ] GC(1042) Concurrent Cleanup for Next Mark
[2025-03-28T20:32:09.148+0530][gc,marking  ] GC(1042) Concurrent Cleanup for Next Mark 1.567ms
[2025-03-28T20:32:09.148+0530][gc          ] GC(1042) Concurrent Mark Cycle 376.247ms
[2025-03-28T20:32:12.531+0530][gc,start    ] GC(1044) Pause Young (Prepare Mixed) (G1 Evacuation Pause)
[2025-03-28T20:32:12.531+0530][gc,task     ] GC(1044) Using 2 workers of 2 for evacuation
[2025-03-28T20:32:12.538+0530][gc,phases   ] GC(1044)   Pre Evacuate Collection Set: 0.2ms
[2025-03-28T20:32:12.538+0530][gc,phases   ] GC(1044)   Merge Heap Roots: 0.1ms
[2025-03-28T20:32:12.538+0530][gc,phases   ] GC(1044)   Evacuate Collection Set: 5.3ms
[2025-03-28T20:32:12.538+0530][gc,phases   ] GC(1044)   Post Evacuate Collection Set: 0.5ms
[2025-03-28T20:32:12.538+0530][gc,phases   ] GC(1044)   Other: 0.2ms
[2025-03-28T20:32:12.538+0530][gc,heap     ] GC(1044) Eden regions: 82->0(47)
[2025-03-28T20:32:12.538+0530][gc,heap     ] GC(1044) Survivor regions: 1->4(11)
[2025-03-28T20:32:12.538+0530][gc,heap     ] GC(1044) Old regions: 89->89
[2025-03-28T20:32:12.538+0530][gc,heap     ] GC(1044) Archive regions: 2->2
[2025-03-28T20:32:12.538+0530][gc,heap     ] GC(1044) Humongous regions: 151->149
[2025-03-28T20:32:12.538+0530][gc,metaspace] GC(1044) Metaspace: 54549K(55232K)->54549K(55232K) NonClass: 48441K(48768K)->48441K(48768K) Class: 6108K(6464K)->6108K(6464K)
[2025-03-28T20:32:12.538+0530][gc          ] GC(1044) Pause Young (Prepare Mixed) (G1 Evacuation Pause) 323M->241M(1024M) 6.381ms
[2025-03-28T20:32:12.538+0530][gc,cpu      ] GC(1044) User=0.00s Sys=0.01s Real=0.01s
[2025-03-28T20:32:14.661+0530][gc,start    ] GC(1045) Pause Young (Mixed) (G1 Evacuation Pause)
[2025-03-28T20:32:14.661+0530][gc,task     ] GC(1045) Using 2 workers of 2 for evacuation
[2025-03-28T20:32:14.666+0530][gc,phases   ] GC(1045)   Pre Evacuate Collection Set: 0.2ms
[2025-03-28T20:32:14.666+0530][gc,phases   ] GC(1045)   Merge Heap Roots: 0.1ms
[2025-03-28T20:32:14.666+0530][gc,phases   ] GC(1045)   Evacuate Collection Set: 4.9ms
[2025-03-28T20:32:14.666+0530][gc,phases   ] GC(1045)   Post Evacuate Collection Set: 0.5ms
[2025-03-28T20:32:14.666+0530][gc,phases   ] GC(1045)   Other: 0.2ms
[2025-03-28T20:32:14.666+0530][gc,heap     ] GC(1045) Eden regions: 47->0(96)
[2025-03-28T20:32:14.666+0530][gc,heap     ] GC(1045) Survivor regions: 4->3(7)
[2025-03-28T20:32:14.666+0530][gc,heap     ] GC(1045) Old regions: 89->81
[2025-03-28T20:32:14.666+0530][gc,heap     ] GC(1045) Archive regions: 2->2
[2025-03-28T20:32:14.666+0530][gc,heap     ] GC(1045) Humongous regions: 149->147
[2025-03-28T20:32:14.667+0530][gc,metaspace] GC(1045) Metaspace: 54549K(55232K)->54549K(55232K) NonClass: 48441K(48768K)->48441K(48768K) Class: 6108K(6464K)->6108K(6464K)
[2025-03-28T20:32:14.667+0530][gc          ] GC(1045) Pause Young (Mixed) (G1 Evacuation Pause) 288M->231M(1024M) 5.967ms
[2025-03-28T20:32:14.667+0530][gc,cpu      ] GC(1045) User=0.01s Sys=0.00s Real=0.01s
[2025-03-28T20:32:14.769+0530][gc,start    ] GC(1046) Pause Young (Concurrent Start) (G1 Humongous Allocation)
[2025-03-28T20:32:14.769+0530][gc,task     ] GC(1046) Using 2 workers of 2 for evacuation
[2025-03-28T20:32:14.787+0530][gc,phases   ] GC(1046)   Pre Evacuate Collection Set: 0.3ms
[2025-03-28T20:32:14.787+0530][gc,phases   ] GC(1046)   Merge Heap Roots: 0.1ms
[2025-03-28T20:32:14.787+0530][gc,phases   ] GC(1046)   Evacuate Collection Set: 16.4ms
[2025-03-28T20:32:14.787+0530][gc,phases   ] GC(1046)   Post Evacuate Collection Set: 0.7ms
[2025-03-28T20:32:14.787+0530][gc,phases   ] GC(1046)   Other: 0.3ms
[2025-03-28T20:32:14.787+0530][gc,heap     ] GC(1046) Eden regions: 57->0(42)
[2025-03-28T20:32:14.787+0530][gc,heap     ] GC(1046) Survivor regions: 3->9(13)
[2025-03-28T20:32:14.787+0530][gc,heap     ] GC(1046) Old regions: 81->81
[2025-03-28T20:32:14.787+0530][gc,heap     ] GC(1046) Archive regions: 2->2
[2025-03-28T20:32:14.787+0530][gc,heap     ] GC(1046) Humongous regions: 147->147
[2025-03-28T20:32:14.787+0530][gc,metaspace] GC(1046) Metaspace: 54549K(55232K)->54549K(55232K) NonClass: 48441K(48768K)->48441K(48768K) Class: 6108K(6464K)->6108K(6464K)
[2025-03-28T20:32:14.787+0530][gc          ] GC(1046) Pause Young (Concurrent Start) (G1 Humongous Allocation) 287M->236M(1024M) 17.916ms
[2025-03-28T20:32:14.787+0530][gc,cpu      ] GC(1046) User=0.03s Sys=0.00s Real=0.02s
[2025-03-28T20:32:14.787+0530][gc          ] GC(1047) Concurrent Mark Cycle
[2025-03-28T20:32:14.787+0530][gc,marking  ] GC(1047) Concurrent Clear Claimed Marks
[2025-03-28T20:32:14.787+0530][gc,marking  ] GC(1047) Concurrent Clear Claimed Marks 0.082ms
[2025-03-28T20:32:14.787+0530][gc,marking  ] GC(1047) Concurrent Scan Root Regions
[2025-03-28T20:32:14.797+0530][gc,marking  ] GC(1047) Concurrent Scan Root Regions 9.593ms
[2025-03-28T20:32:14.797+0530][gc,marking  ] GC(1047) Concurrent Mark
[2025-03-28T20:32:14.797+0530][gc,marking  ] GC(1047) Concurrent Mark From Roots
[2025-03-28T20:32:14.797+0530][gc,task     ] GC(1047) Using 1 workers of 1 for marking
[2025-03-28T20:32:14.873+0530][gc,marking  ] GC(1047) Concurrent Mark From Roots 75.881ms
[2025-03-28T20:32:14.873+0530][gc,marking  ] GC(1047) Concurrent Preclean
[2025-03-28T20:32:14.873+0530][gc,marking  ] GC(1047) Concurrent Preclean 0.119ms
[2025-03-28T20:32:14.873+0530][gc,start    ] GC(1047) Pause Remark
[2025-03-28T20:32:14.887+0530][gc          ] GC(1047) Pause Remark 278M->278M(1024M) 14.330ms
[2025-03-28T20:32:14.887+0530][gc,cpu      ] GC(1047) User=0.03s Sys=0.01s Real=0.02s
[2025-03-28T20:32:14.887+0530][gc,marking  ] GC(1047) Concurrent Mark 90.708ms
[2025-03-28T20:32:14.887+0530][gc,marking  ] GC(1047) Concurrent Rebuild Remembered Sets
[2025-03-28T20:32:14.926+0530][gc,marking  ] GC(1047) Concurrent Rebuild Remembered Sets 38.651ms
[2025-03-28T20:32:14.926+0530][gc,start    ] GC(1047) Pause Cleanup
[2025-03-28T20:32:14.927+0530][gc          ] GC(1047) Pause Cleanup 278M->278M(1024M) 0.281ms
[2025-03-28T20:32:14.927+0530][gc,cpu      ] GC(1047) User=0.00s Sys=0.00s Real=0.00s
[2025-03-28T20:32:14.927+0530][gc,marking  ] GC(1047) Concurrent Cleanup for Next Mark
[2025-03-28T20:32:14.929+0530][gc,marking  ] GC(1047) Concurrent Cleanup for Next Mark 1.760ms
[2025-03-28T20:32:14.929+0530][gc          ] GC(1047) Concurrent Mark Cycle 141.794ms
[2025-03-28T20:32:17.404+0530][gc,start    ] GC(1048) Pause Young (Prepare Mixed) (G1 Evacuation Pause)
[2025-03-28T20:32:17.405+0530][gc,task     ] GC(1048) Using 2 workers of 2 for evacuation
[2025-03-28T20:32:17.413+0530][gc,phases   ] GC(1048)   Pre Evacuate Collection Set: 0.3ms
[2025-03-28T20:32:17.413+0530][gc,phases   ] GC(1048)   Merge Heap Roots: 0.3ms
[2025-03-28T20:32:17.413+0530][gc,phases   ] GC(1048)   Evacuate Collection Set: 6.3ms
[2025-03-28T20:32:17.413+0530][gc,phases   ] GC(1048)   Post Evacuate Collection Set: 1.1ms
[2025-03-28T20:32:17.413+0530][gc,phases   ] GC(1048)   Other: 0.4ms
[2025-03-28T20:32:17.413+0530][gc,heap     ] GC(1048) Eden regions: 42->0(50)
[2025-03-28T20:32:17.413+0530][gc,heap     ] GC(1048) Survivor regions: 9->1(7)
[2025-03-28T20:32:17.413+0530][gc,heap     ] GC(1048) Old regions: 81->81
[2025-03-28T20:32:17.413+0530][gc,heap     ] GC(1048) Archive regions: 2->2
[2025-03-28T20:32:17.413+0530][gc,heap     ] GC(1048) Humongous regions: 149->147
[2025-03-28T20:32:17.413+0530][gc,metaspace] GC(1048) Metaspace: 54551K(55232K)->54551K(55232K) NonClass: 48443K(48768K)->48443K(48768K) Class: 6108K(6464K)->6108K(6464K)
[2025-03-28T20:32:17.413+0530][gc          ] GC(1048) Pause Young (Prepare Mixed) (G1 Evacuation Pause) 280M->229M(1024M) 8.666ms
[2025-03-28T20:32:17.413+0530][gc,cpu      ] GC(1048) User=0.01s Sys=0.00s Real=0.01s
[2025-03-28T20:32:17.469+0530][gc,start    ] GC(1049) Pause Young (Mixed) (G1 Evacuation Pause)
[2025-03-28T20:32:17.469+0530][gc,task     ] GC(1049) Using 2 workers of 2 for evacuation
[2025-03-28T20:32:17.481+0530][gc,phases   ] GC(1049)   Pre Evacuate Collection Set: 0.2ms
[2025-03-28T20:32:17.481+0530][gc,phases   ] GC(1049)   Merge Heap Roots: 0.1ms
[2025-03-28T20:32:17.481+0530][gc,phases   ] GC(1049)   Evacuate Collection Set: 11.0ms
[2025-03-28T20:32:17.481+0530][gc,phases   ] GC(1049)   Post Evacuate Collection Set: 0.6ms
[2025-03-28T20:32:17.481+0530][gc,phases   ] GC(1049)   Other: 0.1ms
[2025-03-28T20:32:17.481+0530][gc,heap     ] GC(1049) Eden regions: 50->0(45)
[2025-03-28T20:32:17.481+0530][gc,heap     ] GC(1049) Survivor regions: 1->6(7)
[2025-03-28T20:32:17.481+0530][gc,heap     ] GC(1049) Old regions: 81->74
[2025-03-28T20:32:17.481+0530][gc,heap     ] GC(1049) Archive regions: 2->2
[2025-03-28T20:32:17.481+0530][gc,heap     ] GC(1049) Humongous regions: 147->147
[2025-03-28T20:32:17.481+0530][gc,metaspace] GC(1049) Metaspace: 54551K(55232K)->54551K(55232K) NonClass: 48443K(48768K)->48443K(48768K) Class: 6108K(6464K)->6108K(6464K)
[2025-03-28T20:32:17.481+0530][gc          ] GC(1049) Pause Young (Mixed) (G1 Evacuation Pause) 279M->227M(1024M) 12.259ms
[2025-03-28T20:32:17.481+0530][gc,cpu      ] GC(1049) User=0.02s Sys=0.00s Real=0.01s
[2025-03-28T20:32:17.561+0530][gc,start    ] GC(1050) Pause Young (Normal) (G1 Evacuation Pause)
[2025-03-28T20:32:17.561+0530][gc,task     ] GC(1050) Using 2 workers of 2 for evacuation
[2025-03-28T20:32:17.567+0530][gc,phases   ] GC(1050)   Pre Evacuate Collection Set: 0.2ms
[2025-03-28T20:32:17.567+0530][gc,phases   ] GC(1050)   Merge Heap Roots: 0.1ms
[2025-03-28T20:32:17.567+0530][gc,phases   ] GC(1050)   Evacuate Collection Set: 4.9ms
[2025-03-28T20:32:17.567+0530][gc,phases   ] GC(1050)   Post Evacuate Collection Set: 1.0ms
[2025-03-28T20:32:17.567+0530][gc,phases   ] GC(1050)   Other: 0.1ms
[2025-03-28T20:32:17.567+0530][gc,heap     ] GC(1050) Eden regions: 45->0(98)
[2025-03-28T20:32:17.567+0530][gc,heap     ] GC(1050) Survivor regions: 6->2(7)
[2025-03-28T20:32:17.567+0530][gc,heap     ] GC(1050) Old regions: 74->75
[2025-03-28T20:32:17.567+0530][gc,heap     ] GC(1050) Archive regions: 2->2
[2025-03-28T20:32:17.567+0530][gc,heap     ] GC(1050) Humongous regions: 149->149
[2025-03-28T20:32:17.567+0530][gc,metaspace] GC(1050) Metaspace: 54551K(55232K)->54551K(55232K) NonClass: 48443K(48768K)->48443K(48768K) Class: 6108K(6464K)->6108K(6464K)
[2025-03-28T20:32:17.567+0530][gc          ] GC(1050) Pause Young (Normal) (G1 Evacuation Pause) 274M->226M(1024M) 6.390ms
[2025-03-28T20:32:17.567+0530][gc,cpu      ] GC(1050) User=0.01s Sys=0.00s Real=0.01s
[2025-03-28T20:32:33.663+0530][gc,start    ] GC(1051) Pause Young (Normal) (G1 Evacuation Pause)
[2025-03-28T20:32:33.663+0530][gc,task     ] GC(1051) Using 2 workers of 2 for evacuation
[2025-03-28T20:32:33.700+0530][gc,mmu      ] GC(1051) MMU target violated: 21.0ms (20.0ms/21.0ms)
[2025-03-28T20:32:33.700+0530][gc,phases   ] GC(1051)   Pre Evacuate Collection Set: 0.2ms
[2025-03-28T20:32:33.700+0530][gc,phases   ] GC(1051)   Merge Heap Roots: 0.1ms
[2025-03-28T20:32:33.700+0530][gc,phases   ] GC(1051)   Evacuate Collection Set: 35.5ms
[2025-03-28T20:32:33.700+0530][gc,phases   ] GC(1051)   Post Evacuate Collection Set: 0.6ms
[2025-03-28T20:32:33.700+0530][gc,phases   ] GC(1051)   Other: 0.2ms
[2025-03-28T20:32:33.700+0530][gc,heap     ] GC(1051) Eden regions: 98->0(42)
[2025-03-28T20:32:33.700+0530][gc,heap     ] GC(1051) Survivor regions: 2->9(13)
[2025-03-28T20:32:33.700+0530][gc,heap     ] GC(1051) Old regions: 75->75
[2025-03-28T20:32:33.700+0530][gc,heap     ] GC(1051) Archive regions: 2->2
[2025-03-28T20:32:33.700+0530][gc,heap     ] GC(1051) Humongous regions: 149->147
[2025-03-28T20:32:33.700+0530][gc,metaspace] GC(1051) Metaspace: 54551K(55232K)->54551K(55232K) NonClass: 48443K(48768K)->48443K(48768K) Class: 6108K(6464K)->6108K(6464K)
[2025-03-28T20:32:33.700+0530][gc          ] GC(1051) Pause Young (Normal) (G1 Evacuation Pause) 324M->231M(1024M) 36.571ms
[2025-03-28T20:32:33.700+0530][gc,cpu      ] GC(1051) User=0.04s Sys=0.00s Real=0.05s
[2025-03-28T20:32:33.757+0530][gc,start    ] GC(1052) Pause Young (Concurrent Start) (G1 Evacuation Pause)
[2025-03-28T20:32:33.758+0530][gc,task     ] GC(1052) Using 2 workers of 2 for evacuation
[2025-03-28T20:32:33.771+0530][gc,phases   ] GC(1052)   Pre Evacuate Collection Set: 0.3ms
[2025-03-28T20:32:33.771+0530][gc,phases   ] GC(1052)   Merge Heap Roots: 0.1ms
[2025-03-28T20:32:33.771+0530][gc,phases   ] GC(1052)   Evacuate Collection Set: 12.4ms
[2025-03-28T20:32:33.771+0530][gc,phases   ] GC(1052)   Post Evacuate Collection Set: 0.4ms
[2025-03-28T20:32:33.771+0530][gc,phases   ] GC(1052)   Other: 0.2ms
[2025-03-28T20:32:33.771+0530][gc,heap     ] GC(1052) Eden regions: 42->0(138)
[2025-03-28T20:32:33.771+0530][gc,heap     ] GC(1052) Survivor regions: 9->2(7)
[2025-03-28T20:32:33.771+0530][gc,heap     ] GC(1052) Old regions: 75->79
[2025-03-28T20:32:33.771+0530][gc,heap     ] GC(1052) Archive regions: 2->2
[2025-03-28T20:32:33.771+0530][gc,heap     ] GC(1052) Humongous regions: 149->149
[2025-03-28T20:32:33.771+0530][gc,metaspace] GC(1052) Metaspace: 54551K(55232K)->54551K(55232K) NonClass: 48443K(48768K)->48443K(48768K) Class: 6108K(6464K)->6108K(6464K)
[2025-03-28T20:32:33.771+0530][gc          ] GC(1052) Pause Young (Concurrent Start) (G1 Evacuation Pause) 275M->229M(1024M) 13.484ms
[2025-03-28T20:32:33.771+0530][gc,cpu      ] GC(1052) User=0.01s Sys=0.00s Real=0.01s
[2025-03-28T20:32:33.775+0530][gc          ] GC(1053) Concurrent Mark Cycle
[2025-03-28T20:32:33.775+0530][gc,marking  ] GC(1053) Concurrent Clear Claimed Marks
[2025-03-28T20:32:33.775+0530][gc,marking  ] GC(1053) Concurrent Clear Claimed Marks 0.085ms
[2025-03-28T20:32:33.775+0530][gc,marking  ] GC(1053) Concurrent Scan Root Regions
[2025-03-28T20:32:33.792+0530][gc,marking  ] GC(1053) Concurrent Scan Root Regions 17.173ms
[2025-03-28T20:32:33.793+0530][gc,marking  ] GC(1053) Concurrent Mark
[2025-03-28T20:32:33.793+0530][gc,marking  ] GC(1053) Concurrent Mark From Roots
[2025-03-28T20:32:33.793+0530][gc,task     ] GC(1053) Using 1 workers of 1 for marking
[2025-03-28T20:32:33.882+0530][gc,marking  ] GC(1053) Concurrent Mark From Roots 89.433ms
[2025-03-28T20:32:33.882+0530][gc,marking  ] GC(1053) Concurrent Preclean
[2025-03-28T20:32:33.882+0530][gc,marking  ] GC(1053) Concurrent Preclean 0.180ms
[2025-03-28T20:32:33.882+0530][gc,start    ] GC(1053) Pause Remark
[2025-03-28T20:32:33.919+0530][gc,mmu      ] GC(1053) MMU target violated: 21.0ms (20.0ms/21.0ms)
[2025-03-28T20:32:33.919+0530][gc          ] GC(1053) Pause Remark 234M->227M(1024M) 36.501ms
[2025-03-28T20:32:33.919+0530][gc,cpu      ] GC(1053) User=0.03s Sys=0.00s Real=0.04s
[2025-03-28T20:32:33.919+0530][gc,marking  ] GC(1053) Concurrent Mark 126.437ms
[2025-03-28T20:32:33.919+0530][gc,marking  ] GC(1053) Concurrent Rebuild Remembered Sets
[2025-03-28T20:32:33.973+0530][gc,marking  ] GC(1053) Concurrent Rebuild Remembered Sets 54.182ms
[2025-03-28T20:32:33.973+0530][gc,start    ] GC(1053) Pause Cleanup
[2025-03-28T20:32:33.973+0530][gc          ] GC(1053) Pause Cleanup 227M->227M(1024M) 0.180ms
[2025-03-28T20:32:33.974+0530][gc,cpu      ] GC(1053) User=0.00s Sys=0.00s Real=0.00s
[2025-03-28T20:32:33.974+0530][gc,marking  ] GC(1053) Concurrent Cleanup for Next Mark
[2025-03-28T20:32:33.975+0530][gc,marking  ] GC(1053) Concurrent Cleanup for Next Mark 1.538ms
[2025-03-28T20:32:33.975+0530][gc          ] GC(1053) Concurrent Mark Cycle 200.017ms
[2025-03-28T20:32:38.596+0530][gc,start    ] GC(1054) Pause Young (Prepare Mixed) (G1 Evacuation Pause)
[2025-03-28T20:32:38.596+0530][gc,task     ] GC(1054) Using 2 workers of 2 for evacuation
[2025-03-28T20:32:38.604+0530][gc,phases   ] GC(1054)   Pre Evacuate Collection Set: 0.2ms
[2025-03-28T20:32:38.604+0530][gc,phases   ] GC(1054)   Merge Heap Roots: 0.1ms
[2025-03-28T20:32:38.604+0530][gc,phases   ] GC(1054)   Evacuate Collection Set: 7.4ms
[2025-03-28T20:32:38.604+0530][gc,phases   ] GC(1054)   Post Evacuate Collection Set: 0.5ms
[2025-03-28T20:32:38.604+0530][gc,phases   ] GC(1054)   Other: 0.1ms
[2025-03-28T20:32:38.604+0530][gc,heap     ] GC(1054) Eden regions: 138->0(48)
[2025-03-28T20:32:38.604+0530][gc,heap     ] GC(1054) Survivor regions: 2->3(18)
[2025-03-28T20:32:38.604+0530][gc,heap     ] GC(1054) Old regions: 72->72
[2025-03-28T20:32:38.604+0530][gc,heap     ] GC(1054) Archive regions: 2->2
[2025-03-28T20:32:38.604+0530][gc,heap     ] GC(1054) Humongous regions: 151->147
[2025-03-28T20:32:38.604+0530][gc,metaspace] GC(1054) Metaspace: 54551K(55232K)->54551K(55232K) NonClass: 48443K(48768K)->48443K(48768K) Class: 6108K(6464K)->6108K(6464K)
[2025-03-28T20:32:38.605+0530][gc          ] GC(1054) Pause Young (Prepare Mixed) (G1 Evacuation Pause) 362M->221M(1024M) 8.521ms
[2025-03-28T20:32:38.605+0530][gc,cpu      ] GC(1054) User=0.00s Sys=0.00s Real=0.01s
[2025-03-28T20:32:38.700+0530][gc,start    ] GC(1055) Pause Young (Mixed) (G1 Evacuation Pause)
[2025-03-28T20:32:38.700+0530][gc,task     ] GC(1055) Using 2 workers of 2 for evacuation
[2025-03-28T20:32:38.715+0530][gc,phases   ] GC(1055)   Pre Evacuate Collection Set: 0.2ms
[2025-03-28T20:32:38.715+0530][gc,phases   ] GC(1055)   Merge Heap Roots: 0.2ms
[2025-03-28T20:32:38.715+0530][gc,phases   ] GC(1055)   Evacuate Collection Set: 13.9ms
[2025-03-28T20:32:38.715+0530][gc,phases   ] GC(1055)   Post Evacuate Collection Set: 0.6ms
[2025-03-28T20:32:38.716+0530][gc,phases   ] GC(1055)   Other: 0.1ms
[2025-03-28T20:32:38.716+0530][gc,heap     ] GC(1055) Eden regions: 48->0(80)
[2025-03-28T20:32:38.716+0530][gc,heap     ] GC(1055) Survivor regions: 3->7(7)
[2025-03-28T20:32:38.716+0530][gc,heap     ] GC(1055) Old regions: 72->67
[2025-03-28T20:32:38.716+0530][gc,heap     ] GC(1055) Archive regions: 2->2
[2025-03-28T20:32:38.716+0530][gc,heap     ] GC(1055) Humongous regions: 147->147
[2025-03-28T20:32:38.716+0530][gc,metaspace] GC(1055) Metaspace: 54551K(55232K)->54551K(55232K) NonClass: 48443K(48768K)->48443K(48768K) Class: 6108K(6464K)->6108K(6464K)
[2025-03-28T20:32:38.716+0530][gc          ] GC(1055) Pause Young (Mixed) (G1 Evacuation Pause) 269M->220M(1024M) 15.458ms
[2025-03-28T20:32:38.716+0530][gc,cpu      ] GC(1055) User=0.02s Sys=0.00s Real=0.02s
[2025-03-28T20:32:42.517+0530][gc,start    ] GC(1056) Pause Young (Normal) (G1 Evacuation Pause)
[2025-03-28T20:32:42.517+0530][gc,task     ] GC(1056) Using 2 workers of 2 for evacuation
[2025-03-28T20:32:42.529+0530][gc,phases   ] GC(1056)   Pre Evacuate Collection Set: 0.2ms
[2025-03-28T20:32:42.529+0530][gc,phases   ] GC(1056)   Merge Heap Roots: 0.1ms
[2025-03-28T20:32:42.529+0530][gc,phases   ] GC(1056)   Evacuate Collection Set: 10.6ms
[2025-03-28T20:32:42.529+0530][gc,phases   ] GC(1056)   Post Evacuate Collection Set: 0.6ms
[2025-03-28T20:32:42.529+0530][gc,phases   ] GC(1056)   Other: 0.2ms
[2025-03-28T20:32:42.529+0530][gc,heap     ] GC(1056) Eden regions: 80->0(45)
[2025-03-28T20:32:42.529+0530][gc,heap     ] GC(1056) Survivor regions: 7->10(11)
[2025-03-28T20:32:42.529+0530][gc,heap     ] GC(1056) Old regions: 67->69
[2025-03-28T20:32:42.529+0530][gc,heap     ] GC(1056) Archive regions: 2->2
[2025-03-28T20:32:42.529+0530][gc,heap     ] GC(1056) Humongous regions: 149->147
[2025-03-28T20:32:42.529+0530][gc,metaspace] GC(1056) Metaspace: 54551K(55232K)->54551K(55232K) NonClass: 48443K(48768K)->48443K(48768K) Class: 6108K(6464K)->6108K(6464K)
[2025-03-28T20:32:42.529+0530][gc          ] GC(1056) Pause Young (Normal) (G1 Evacuation Pause) 302M->225M(1024M) 11.741ms
[2025-03-28T20:32:42.529+0530][gc,cpu      ] GC(1056) User=0.02s Sys=0.00s Real=0.00s
[2025-03-28T20:32:42.604+0530][gc,start    ] GC(1057) Pause Young (Normal) (G1 Evacuation Pause)
[2025-03-28T20:32:42.604+0530][gc,task     ] GC(1057) Using 2 workers of 2 for evacuation
[2025-03-28T20:32:42.614+0530][gc,phases   ] GC(1057)   Pre Evacuate Collection Set: 0.3ms
[2025-03-28T20:32:42.614+0530][gc,phases   ] GC(1057)   Merge Heap Roots: 0.2ms
[2025-03-28T20:32:42.614+0530][gc,phases   ] GC(1057)   Evacuate Collection Set: 9.0ms
[2025-03-28T20:32:42.614+0530][gc,phases   ] GC(1057)   Post Evacuate Collection Set: 0.5ms
[2025-03-28T20:32:42.614+0530][gc,phases   ] GC(1057)   Other: 0.2ms
[2025-03-28T20:32:42.614+0530][gc,heap     ] GC(1057) Eden regions: 45->0(216)
[2025-03-28T20:32:42.614+0530][gc,heap     ] GC(1057) Survivor regions: 10->2(7)
[2025-03-28T20:32:42.614+0530][gc,heap     ] GC(1057) Old regions: 69->74
[2025-03-28T20:32:42.614+0530][gc,heap     ] GC(1057) Archive regions: 2->2
[2025-03-28T20:32:42.614+0530][gc,heap     ] GC(1057) Humongous regions: 149->149
[2025-03-28T20:32:42.614+0530][gc,metaspace] GC(1057) Metaspace: 54551K(55232K)->54551K(55232K) NonClass: 48443K(48768K)->48443K(48768K) Class: 6108K(6464K)->6108K(6464K)
[2025-03-28T20:32:42.614+0530][gc          ] GC(1057) Pause Young (Normal) (G1 Evacuation Pause) 272M->225M(1024M) 10.311ms
[2025-03-28T20:32:42.614+0530][gc,cpu      ] GC(1057) User=0.01s Sys=0.00s Real=0.01s
[2025-03-28T20:32:44.782+0530][gc,start    ] GC(1058) Pause Young (Concurrent Start) (G1 Humongous Allocation)
[2025-03-28T20:32:44.782+0530][gc,task     ] GC(1058) Using 2 workers of 2 for evacuation
[2025-03-28T20:32:44.793+0530][gc,phases   ] GC(1058)   Pre Evacuate Collection Set: 0.3ms
[2025-03-28T20:32:44.793+0530][gc,phases   ] GC(1058)   Merge Heap Roots: 0.2ms
[2025-03-28T20:32:44.793+0530][gc,phases   ] GC(1058)   Evacuate Collection Set: 9.6ms
[2025-03-28T20:32:44.793+0530][gc,phases   ] GC(1058)   Post Evacuate Collection Set: 0.6ms
[2025-03-28T20:32:44.793+0530][gc,phases   ] GC(1058)   Other: 0.2ms
[2025-03-28T20:32:44.793+0530][gc,heap     ] GC(1058) Eden regions: 97->0(113)
[2025-03-28T20:32:44.793+0530][gc,heap     ] GC(1058) Survivor regions: 2->8(28)
[2025-03-28T20:32:44.793+0530][gc,heap     ] GC(1058) Old regions: 74->74
[2025-03-28T20:32:44.793+0530][gc,heap     ] GC(1058) Archive regions: 2->2
[2025-03-28T20:32:44.793+0530][gc,heap     ] GC(1058) Humongous regions: 149->147
[2025-03-28T20:32:44.793+0530][gc,metaspace] GC(1058) Metaspace: 54551K(55232K)->54551K(55232K) NonClass: 48443K(48768K)->48443K(48768K) Class: 6108K(6464K)->6108K(6464K)
[2025-03-28T20:32:44.793+0530][gc          ] GC(1058) Pause Young (Concurrent Start) (G1 Humongous Allocation) 322M->229M(1024M) 10.960ms
[2025-03-28T20:32:44.793+0530][gc,cpu      ] GC(1058) User=0.02s Sys=0.00s Real=0.01s
[2025-03-28T20:32:44.808+0530][gc          ] GC(1059) Concurrent Mark Cycle
[2025-03-28T20:32:44.808+0530][gc,marking  ] GC(1059) Concurrent Clear Claimed Marks
[2025-03-28T20:32:44.808+0530][gc,marking  ] GC(1059) Concurrent Clear Claimed Marks 0.091ms
[2025-03-28T20:32:44.808+0530][gc,marking  ] GC(1059) Concurrent Scan Root Regions
[2025-03-28T20:32:44.814+0530][gc,marking  ] GC(1059) Concurrent Scan Root Regions 6.662ms
[2025-03-28T20:32:44.815+0530][gc,marking  ] GC(1059) Concurrent Mark
[2025-03-28T20:32:44.815+0530][gc,marking  ] GC(1059) Concurrent Mark From Roots
[2025-03-28T20:32:44.815+0530][gc,task     ] GC(1059) Using 1 workers of 1 for marking
[2025-03-28T20:32:44.945+0530][gc,marking  ] GC(1059) Concurrent Mark From Roots 130.324ms
[2025-03-28T20:32:44.945+0530][gc,marking  ] GC(1059) Concurrent Preclean
[2025-03-28T20:32:44.945+0530][gc,marking  ] GC(1059) Concurrent Preclean 0.156ms
[2025-03-28T20:32:44.945+0530][gc,start    ] GC(1059) Pause Remark
[2025-03-28T20:32:44.968+0530][gc,mmu      ] GC(1059) MMU target violated: 21.0ms (20.0ms/21.0ms)
[2025-03-28T20:32:44.968+0530][gc          ] GC(1059) Pause Remark 271M->267M(1024M) 22.714ms
[2025-03-28T20:32:44.968+0530][gc,cpu      ] GC(1059) User=0.03s Sys=0.00s Real=0.02s
[2025-03-28T20:32:44.968+0530][gc,marking  ] GC(1059) Concurrent Mark 153.418ms
[2025-03-28T20:32:44.968+0530][gc,marking  ] GC(1059) Concurrent Rebuild Remembered Sets
[2025-03-28T20:32:45.013+0530][gc,marking  ] GC(1059) Concurrent Rebuild Remembered Sets 44.353ms
[2025-03-28T20:32:45.013+0530][gc,start    ] GC(1059) Pause Cleanup
[2025-03-28T20:32:45.013+0530][gc          ] GC(1059) Pause Cleanup 267M->267M(1024M) 0.193ms
[2025-03-28T20:32:45.013+0530][gc,cpu      ] GC(1059) User=0.00s Sys=0.00s Real=0.00s
[2025-03-28T20:32:45.013+0530][gc,marking  ] GC(1059) Concurrent Cleanup for Next Mark
[2025-03-28T20:32:45.015+0530][gc,marking  ] GC(1059) Concurrent Cleanup for Next Mark 1.875ms
[2025-03-28T20:32:45.015+0530][gc          ] GC(1059) Concurrent Mark Cycle 207.313ms
[2025-03-28T20:32:57.451+0530][gc,start    ] GC(1060) Pause Young (Prepare Mixed) (G1 Evacuation Pause)
[2025-03-28T20:32:57.451+0530][gc,task     ] GC(1060) Using 2 workers of 2 for evacuation
[2025-03-28T20:32:57.457+0530][gc,phases   ] GC(1060)   Pre Evacuate Collection Set: 0.2ms
[2025-03-28T20:32:57.458+0530][gc,phases   ] GC(1060)   Merge Heap Roots: 0.2ms
[2025-03-28T20:32:57.458+0530][gc,phases   ] GC(1060)   Evacuate Collection Set: 5.6ms
[2025-03-28T20:32:57.458+0530][gc,phases   ] GC(1060)   Post Evacuate Collection Set: 0.6ms
[2025-03-28T20:32:57.458+0530][gc,phases   ] GC(1060)   Other: 0.1ms
[2025-03-28T20:32:57.458+0530][gc,heap     ] GC(1060) Eden regions: 166->0(49)
[2025-03-28T20:32:57.458+0530][gc,heap     ] GC(1060) Survivor regions: 8->2(22)
[2025-03-28T20:32:57.458+0530][gc,heap     ] GC(1060) Old regions: 70->70
[2025-03-28T20:32:57.458+0530][gc,heap     ] GC(1060) Archive regions: 2->2
[2025-03-28T20:32:57.458+0530][gc,heap     ] GC(1060) Humongous regions: 151->147
[2025-03-28T20:32:57.458+0530][gc,metaspace] GC(1060) Metaspace: 54551K(55232K)->54551K(55232K) NonClass: 48443K(48768K)->48443K(48768K) Class: 6108K(6464K)->6108K(6464K)
[2025-03-28T20:32:57.458+0530][gc          ] GC(1060) Pause Young (Prepare Mixed) (G1 Evacuation Pause) 395M->219M(1024M) 6.871ms
[2025-03-28T20:32:57.458+0530][gc,cpu      ] GC(1060) User=0.01s Sys=0.00s Real=0.01s
[2025-03-28T20:33:03.572+0530][gc,start    ] GC(1061) Pause Young (Mixed) (G1 Evacuation Pause)
[2025-03-28T20:33:03.572+0530][gc,task     ] GC(1061) Using 2 workers of 2 for evacuation
[2025-03-28T20:33:03.590+0530][gc,phases   ] GC(1061)   Pre Evacuate Collection Set: 0.4ms
[2025-03-28T20:33:03.590+0530][gc,phases   ] GC(1061)   Merge Heap Roots: 0.2ms
[2025-03-28T20:33:03.590+0530][gc,phases   ] GC(1061)   Evacuate Collection Set: 16.1ms
[2025-03-28T20:33:03.590+0530][gc,phases   ] GC(1061)   Post Evacuate Collection Set: 1.3ms
[2025-03-28T20:33:03.590+0530][gc,phases   ] GC(1061)   Other: 0.1ms
[2025-03-28T20:33:03.590+0530][gc,heap     ] GC(1061) Eden regions: 49->0(273)
[2025-03-28T20:33:03.590+0530][gc,heap     ] GC(1061) Survivor regions: 2->7(7)
[2025-03-28T20:33:03.590+0530][gc,heap     ] GC(1061) Old regions: 70->65
[2025-03-28T20:33:03.590+0530][gc,heap     ] GC(1061) Archive regions: 2->2
[2025-03-28T20:33:03.590+0530][gc,heap     ] GC(1061) Humongous regions: 147->147
[2025-03-28T20:33:03.590+0530][gc,metaspace] GC(1061) Metaspace: 54551K(55232K)->54551K(55232K) NonClass: 48443K(48768K)->48443K(48768K) Class: 6108K(6464K)->6108K(6464K)
[2025-03-28T20:33:03.590+0530][gc          ] GC(1061) Pause Young (Mixed) (G1 Evacuation Pause) 268M->218M(1024M) 18.398ms
[2025-03-28T20:33:03.590+0530][gc,cpu      ] GC(1061) User=0.01s Sys=0.00s Real=0.03s
[2025-03-28T20:33:08.823+0530][gc,start    ] GC(1062) Pause Young (Normal) (G1 Evacuation Pause)
[2025-03-28T20:33:08.823+0530][gc,task     ] GC(1062) Using 2 workers of 2 for evacuation
[2025-03-28T20:33:08.838+0530][gc,phases   ] GC(1062)   Pre Evacuate Collection Set: 0.2ms
[2025-03-28T20:33:08.838+0530][gc,phases   ] GC(1062)   Merge Heap Roots: 0.1ms
[2025-03-28T20:33:08.838+0530][gc,phases   ] GC(1062)   Evacuate Collection Set: 13.8ms
[2025-03-28T20:33:08.838+0530][gc,phases   ] GC(1062)   Post Evacuate Collection Set: 0.6ms
[2025-03-28T20:33:08.838+0530][gc,phases   ] GC(1062)   Other: 0.2ms
[2025-03-28T20:33:08.838+0530][gc,heap     ] GC(1062) Eden regions: 271->0(236)
[2025-03-28T20:33:08.838+0530][gc,heap     ] GC(1062) Survivor regions: 7->4(35)
[2025-03-28T20:33:08.838+0530][gc,heap     ] GC(1062) Old regions: 65->65
[2025-03-28T20:33:08.838+0530][gc,heap     ] GC(1062) Archive regions: 2->2
[2025-03-28T20:33:08.838+0530][gc,heap     ] GC(1062) Humongous regions: 153->149
[2025-03-28T20:33:08.838+0530][gc,metaspace] GC(1062) Metaspace: 54551K(55232K)->54551K(55232K) NonClass: 48443K(48768K)->48443K(48768K) Class: 6108K(6464K)->6108K(6464K)
[2025-03-28T20:33:08.838+0530][gc          ] GC(1062) Pause Young (Normal) (G1 Evacuation Pause) 495M->218M(1024M) 14.947ms
[2025-03-28T20:33:08.838+0530][gc,cpu      ] GC(1062) User=0.02s Sys=0.00s Real=0.03s
[2025-03-28T20:33:12.548+0530][gc,start    ] GC(1063) Pause Young (Concurrent Start) (G1 Humongous Allocation)
[2025-03-28T20:33:12.548+0530][gc,task     ] GC(1063) Using 2 workers of 2 for evacuation
[2025-03-28T20:33:12.557+0530][gc,phases   ] GC(1063)   Pre Evacuate Collection Set: 0.3ms
[2025-03-28T20:33:12.557+0530][gc,phases   ] GC(1063)   Merge Heap Roots: 0.2ms
[2025-03-28T20:33:12.557+0530][gc,phases   ] GC(1063)   Evacuate Collection Set: 7.1ms
[2025-03-28T20:33:12.557+0530][gc,phases   ] GC(1063)   Post Evacuate Collection Set: 1.6ms
[2025-03-28T20:33:12.557+0530][gc,phases   ] GC(1063)   Other: 0.2ms
[2025-03-28T20:33:12.557+0530][gc,heap     ] GC(1063) Eden regions: 91->0(391)
[2025-03-28T20:33:12.557+0530][gc,heap     ] GC(1063) Survivor regions: 4->4(30)
[2025-03-28T20:33:12.557+0530][gc,heap     ] GC(1063) Old regions: 65->65
[2025-03-28T20:33:12.557+0530][gc,heap     ] GC(1063) Archive regions: 2->2
[2025-03-28T20:33:12.557+0530][gc,heap     ] GC(1063) Humongous regions: 149->147
[2025-03-28T20:33:12.557+0530][gc,metaspace] GC(1063) Metaspace: 54551K(55232K)->54551K(55232K) NonClass: 48443K(48768K)->48443K(48768K) Class: 6108K(6464K)->6108K(6464K)
[2025-03-28T20:33:12.557+0530][gc          ] GC(1063) Pause Young (Concurrent Start) (G1 Humongous Allocation) 308M->215M(1024M) 9.562ms
[2025-03-28T20:33:12.557+0530][gc,cpu      ] GC(1063) User=0.01s Sys=0.00s Real=0.01s
[2025-03-28T20:33:12.557+0530][gc          ] GC(1064) Concurrent Mark Cycle
[2025-03-28T20:33:12.557+0530][gc,marking  ] GC(1064) Concurrent Clear Claimed Marks
[2025-03-28T20:33:12.557+0530][gc,marking  ] GC(1064) Concurrent Clear Claimed Marks 0.077ms
[2025-03-28T20:33:12.557+0530][gc,marking  ] GC(1064) Concurrent Scan Root Regions
[2025-03-28T20:33:12.563+0530][gc,marking  ] GC(1064) Concurrent Scan Root Regions 5.669ms
[2025-03-28T20:33:12.563+0530][gc,marking  ] GC(1064) Concurrent Mark
[2025-03-28T20:33:12.563+0530][gc,marking  ] GC(1064) Concurrent Mark From Roots
[2025-03-28T20:33:12.563+0530][gc,task     ] GC(1064) Using 1 workers of 1 for marking
[2025-03-28T20:33:12.647+0530][gc,marking  ] GC(1064) Concurrent Mark From Roots 83.584ms
[2025-03-28T20:33:12.647+0530][gc,marking  ] GC(1064) Concurrent Preclean
[2025-03-28T20:33:12.647+0530][gc,marking  ] GC(1064) Concurrent Preclean 0.150ms
[2025-03-28T20:33:12.647+0530][gc,start    ] GC(1064) Pause Remark
[2025-03-28T20:33:12.667+0530][gc,mmu      ] GC(1064) MMU target violated: 20.0ms (20.0ms/21.0ms)
[2025-03-28T20:33:12.667+0530][gc          ] GC(1064) Pause Remark 258M->258M(1024M) 20.058ms
[2025-03-28T20:33:12.667+0530][gc,cpu      ] GC(1064) User=0.03s Sys=0.00s Real=0.02s
[2025-03-28T20:33:12.667+0530][gc,marking  ] GC(1064) Concurrent Mark 104.195ms
[2025-03-28T20:33:12.667+0530][gc,marking  ] GC(1064) Concurrent Rebuild Remembered Sets
[2025-03-28T20:33:12.710+0530][gc,marking  ] GC(1064) Concurrent Rebuild Remembered Sets 42.843ms
[2025-03-28T20:33:12.710+0530][gc,start    ] GC(1064) Pause Cleanup
[2025-03-28T20:33:12.710+0530][gc          ] GC(1064) Pause Cleanup 258M->258M(1024M) 0.209ms
[2025-03-28T20:33:12.710+0530][gc,cpu      ] GC(1064) User=0.00s Sys=0.00s Real=0.00s
[2025-03-28T20:33:12.711+0530][gc,marking  ] GC(1064) Concurrent Cleanup for Next Mark
[2025-03-28T20:33:12.712+0530][gc,marking  ] GC(1064) Concurrent Cleanup for Next Mark 1.696ms
[2025-03-28T20:33:12.712+0530][gc          ] GC(1064) Concurrent Mark Cycle 155.081ms
[2025-03-28T20:33:30.902+0530][gc,start    ] GC(1065) Pause Young (Prepare Mixed) (G1 Evacuation Pause)
[2025-03-28T20:33:30.902+0530][gc,task     ] GC(1065) Using 2 workers of 2 for evacuation
[2025-03-28T20:33:30.917+0530][gc,phases   ] GC(1065)   Pre Evacuate Collection Set: 0.3ms
[2025-03-28T20:33:30.917+0530][gc,phases   ] GC(1065)   Merge Heap Roots: 0.3ms
[2025-03-28T20:33:30.917+0530][gc,phases   ] GC(1065)   Evacuate Collection Set: 13.8ms
[2025-03-28T20:33:30.917+0530][gc,phases   ] GC(1065)   Post Evacuate Collection Set: 0.9ms
[2025-03-28T20:33:30.917+0530][gc,phases   ] GC(1065)   Other: 0.3ms
[2025-03-28T20:33:30.917+0530][gc,heap     ] GC(1065) Eden regions: 306->0(45)
[2025-03-28T20:33:30.917+0530][gc,heap     ] GC(1065) Survivor regions: 4->6(39)
[2025-03-28T20:33:30.917+0530][gc,heap     ] GC(1065) Old regions: 65->65
[2025-03-28T20:33:30.917+0530][gc,heap     ] GC(1065) Archive regions: 2->2
[2025-03-28T20:33:30.917+0530][gc,heap     ] GC(1065) Humongous regions: 153->147
[2025-03-28T20:33:30.917+0530][gc,metaspace] GC(1065) Metaspace: 54552K(55232K)->54552K(55232K) NonClass: 48444K(48768K)->48444K(48768K) Class: 6108K(6464K)->6108K(6464K)
[2025-03-28T20:33:30.917+0530][gc          ] GC(1065) Pause Young (Prepare Mixed) (G1 Evacuation Pause) 527M->217M(1024M) 15.515ms
[2025-03-28T20:33:30.917+0530][gc,cpu      ] GC(1065) User=0.02s Sys=0.01s Real=0.02s
[2025-03-28T20:33:31.001+0530][gc,start    ] GC(1066) Pause Young (Mixed) (G1 Evacuation Pause)
[2025-03-28T20:33:31.001+0530][gc,task     ] GC(1066) Using 2 workers of 2 for evacuation
[2025-03-28T20:33:31.016+0530][gc,phases   ] GC(1066)   Pre Evacuate Collection Set: 0.2ms
[2025-03-28T20:33:31.016+0530][gc,phases   ] GC(1066)   Merge Heap Roots: 0.2ms
[2025-03-28T20:33:31.016+0530][gc,phases   ] GC(1066)   Evacuate Collection Set: 13.9ms
[2025-03-28T20:33:31.016+0530][gc,phases   ] GC(1066)   Post Evacuate Collection Set: 0.4ms
[2025-03-28T20:33:31.016+0530][gc,phases   ] GC(1066)   Other: 0.1ms
[2025-03-28T20:33:31.016+0530][gc,heap     ] GC(1066) Eden regions: 45->0(378)
[2025-03-28T20:33:31.016+0530][gc,heap     ] GC(1066) Survivor regions: 6->3(7)
[2025-03-28T20:33:31.016+0530][gc,heap     ] GC(1066) Old regions: 65->62
[2025-03-28T20:33:31.016+0530][gc,heap     ] GC(1066) Archive regions: 2->2
[2025-03-28T20:33:31.016+0530][gc,heap     ] GC(1066) Humongous regions: 149->149
[2025-03-28T20:33:31.016+0530][gc,metaspace] GC(1066) Metaspace: 54552K(55232K)->54552K(55232K) NonClass: 48444K(48768K)->48444K(48768K) Class: 6108K(6464K)->6108K(6464K)
[2025-03-28T20:33:31.016+0530][gc          ] GC(1066) Pause Young (Mixed) (G1 Evacuation Pause) 264M->214M(1024M) 15.004ms
[2025-03-28T20:33:31.016+0530][gc,cpu      ] GC(1066) User=0.02s Sys=0.00s Real=0.02s
[2025-03-28T20:33:47.455+0530][gc,start    ] GC(1067) Pause Young (Normal) (G1 Evacuation Pause)
[2025-03-28T20:33:47.455+0530][gc,task     ] GC(1067) Using 2 workers of 2 for evacuation
[2025-03-28T20:33:47.466+0530][gc,phases   ] GC(1067)   Pre Evacuate Collection Set: 0.2ms
[2025-03-28T20:33:47.466+0530][gc,phases   ] GC(1067)   Merge Heap Roots: 0.1ms
[2025-03-28T20:33:47.466+0530][gc,phases   ] GC(1067)   Evacuate Collection Set: 9.8ms
[2025-03-28T20:33:47.466+0530][gc,phases   ] GC(1067)   Post Evacuate Collection Set: 0.7ms
[2025-03-28T20:33:47.466+0530][gc,phases   ] GC(1067)   Other: 0.1ms
[2025-03-28T20:33:47.466+0530][gc,heap     ] GC(1067) Eden regions: 378->0(187)
[2025-03-28T20:33:47.466+0530][gc,heap     ] GC(1067) Survivor regions: 3->10(48)
[2025-03-28T20:33:47.466+0530][gc,heap     ] GC(1067) Old regions: 62->62
[2025-03-28T20:33:47.466+0530][gc,heap     ] GC(1067) Archive regions: 2->2
[2025-03-28T20:33:47.466+0530][gc,heap     ] GC(1067) Humongous regions: 155->147
[2025-03-28T20:33:47.466+0530][gc,metaspace] GC(1067) Metaspace: 54552K(55232K)->54552K(55232K) NonClass: 48444K(48768K)->48444K(48768K) Class: 6108K(6464K)->6108K(6464K)
[2025-03-28T20:33:47.466+0530][gc          ] GC(1067) Pause Young (Normal) (G1 Evacuation Pause) 598M->218M(1024M) 11.039ms
[2025-03-28T20:33:47.466+0530][gc,cpu      ] GC(1067) User=0.01s Sys=0.00s Real=0.01s
[2025-03-28T20:33:53.355+0530][gc,start    ] GC(1068) Pause Young (Concurrent Start) (G1 Humongous Allocation)
[2025-03-28T20:33:53.355+0530][gc,task     ] GC(1068) Using 2 workers of 2 for evacuation
[2025-03-28T20:33:53.454+0530][gc,mmu      ] GC(1068) MMU target violated: 21.0ms (20.0ms/21.0ms)
[2025-03-28T20:33:53.454+0530][gc,phases   ] GC(1068)   Pre Evacuate Collection Set: 9.2ms
[2025-03-28T20:33:53.454+0530][gc,phases   ] GC(1068)   Merge Heap Roots: 0.4ms
[2025-03-28T20:33:53.454+0530][gc,phases   ] GC(1068)   Evacuate Collection Set: 88.1ms
[2025-03-28T20:33:53.454+0530][gc,phases   ] GC(1068)   Post Evacuate Collection Set: 1.1ms
[2025-03-28T20:33:53.454+0530][gc,phases   ] GC(1068)   Other: 0.4ms
[2025-03-28T20:33:53.454+0530][gc,heap     ] GC(1068) Eden regions: 70->0(39)
[2025-03-28T20:33:53.454+0530][gc,heap     ] GC(1068) Survivor regions: 10->12(25)
[2025-03-28T20:33:53.454+0530][gc,heap     ] GC(1068) Old regions: 62->62
[2025-03-28T20:33:53.454+0530][gc,heap     ] GC(1068) Archive regions: 2->2
[2025-03-28T20:33:53.454+0530][gc,heap     ] GC(1068) Humongous regions: 147->147
[2025-03-28T20:33:53.454+0530][gc,metaspace] GC(1068) Metaspace: 54552K(55232K)->54552K(55232K) NonClass: 48444K(48768K)->48444K(48768K) Class: 6108K(6464K)->6108K(6464K)
[2025-03-28T20:33:53.454+0530][gc          ] GC(1068) Pause Young (Concurrent Start) (G1 Humongous Allocation) 288M->221M(1024M) 99.619ms
[2025-03-28T20:33:53.454+0530][gc,cpu      ] GC(1068) User=0.05s Sys=0.00s Real=0.10s
[2025-03-28T20:33:53.454+0530][gc          ] GC(1069) Concurrent Mark Cycle
[2025-03-28T20:33:53.454+0530][gc,marking  ] GC(1069) Concurrent Clear Claimed Marks
[2025-03-28T20:33:53.455+0530][gc,marking  ] GC(1069) Concurrent Clear Claimed Marks 0.099ms
[2025-03-28T20:33:53.455+0530][gc,marking  ] GC(1069) Concurrent Scan Root Regions
[2025-03-28T20:33:53.478+0530][gc,marking  ] GC(1069) Concurrent Scan Root Regions 23.848ms
[2025-03-28T20:33:53.478+0530][gc,marking  ] GC(1069) Concurrent Mark
[2025-03-28T20:33:53.478+0530][gc,marking  ] GC(1069) Concurrent Mark From Roots
[2025-03-28T20:33:53.478+0530][gc,task     ] GC(1069) Using 1 workers of 1 for marking
[2025-03-28T20:33:53.651+0530][gc,marking  ] GC(1069) Concurrent Mark From Roots 172.959ms
[2025-03-28T20:33:53.651+0530][gc,marking  ] GC(1069) Concurrent Preclean
[2025-03-28T20:33:53.652+0530][gc,marking  ] GC(1069) Concurrent Preclean 0.168ms
[2025-03-28T20:33:54.952+0530][gc,start    ] GC(1069) Pause Remark
[2025-03-28T20:33:54.994+0530][gc,mmu      ] GC(1069) MMU target violated: 21.0ms (20.0ms/21.0ms)
[2025-03-28T20:33:54.994+0530][gc          ] GC(1069) Pause Remark 227M->227M(1024M) 42.594ms
[2025-03-28T20:33:54.995+0530][gc,cpu      ] GC(1069) User=0.03s Sys=0.00s Real=0.04s
[2025-03-28T20:33:54.995+0530][gc,marking  ] GC(1069) Concurrent Mark 1516.829ms
[2025-03-28T20:33:54.995+0530][gc,marking  ] GC(1069) Concurrent Rebuild Remembered Sets
[2025-03-28T20:33:55.077+0530][gc,start    ] GC(1070) Pause Young (Normal) (G1 Evacuation Pause)
[2025-03-28T20:33:55.077+0530][gc,task     ] GC(1070) Using 2 workers of 2 for evacuation
[2025-03-28T20:33:55.102+0530][gc,mmu      ] GC(1070) MMU target violated: 21.0ms (20.0ms/21.0ms)
[2025-03-28T20:33:55.102+0530][gc,phases   ] GC(1070)   Pre Evacuate Collection Set: 0.3ms
[2025-03-28T20:33:55.102+0530][gc,phases   ] GC(1070)   Merge Heap Roots: 0.2ms
[2025-03-28T20:33:55.102+0530][gc,phases   ] GC(1070)   Evacuate Collection Set: 23.5ms
[2025-03-28T20:33:55.102+0530][gc,phases   ] GC(1070)   Post Evacuate Collection Set: 1.2ms
[2025-03-28T20:33:55.102+0530][gc,phases   ] GC(1070)   Other: 0.2ms
[2025-03-28T20:33:55.102+0530][gc,heap     ] GC(1070) Eden regions: 39->0(167)
[2025-03-28T20:33:55.102+0530][gc,heap     ] GC(1070) Survivor regions: 12->6(7)
[2025-03-28T20:33:55.102+0530][gc,heap     ] GC(1070) Old regions: 62->63
[2025-03-28T20:33:55.102+0530][gc,heap     ] GC(1070) Archive regions: 2->2
[2025-03-28T20:33:55.102+0530][gc,heap     ] GC(1070) Humongous regions: 149->149
[2025-03-28T20:33:55.102+0530][gc,metaspace] GC(1070) Metaspace: 54552K(55232K)->54552K(55232K) NonClass: 48444K(48768K)->48444K(48768K) Class: 6108K(6464K)->6108K(6464K)
[2025-03-28T20:33:55.102+0530][gc          ] GC(1070) Pause Young (Normal) (G1 Evacuation Pause) 262M->218M(1024M) 25.519ms
[2025-03-28T20:33:55.102+0530][gc,cpu      ] GC(1070) User=0.02s Sys=0.00s Real=0.01s
[2025-03-28T20:33:55.429+0530][gc,marking  ] GC(1069) Concurrent Rebuild Remembered Sets 433.537ms
[2025-03-28T20:33:55.440+0530][gc,start    ] GC(1069) Pause Cleanup
[2025-03-28T20:33:55.441+0530][gc          ] GC(1069) Pause Cleanup 365M->365M(1024M) 1.080ms
[2025-03-28T20:33:55.441+0530][gc,cpu      ] GC(1069) User=0.01s Sys=0.00s Real=0.00s
[2025-03-28T20:33:55.441+0530][gc,marking  ] GC(1069) Concurrent Cleanup for Next Mark
[2025-03-28T20:33:55.443+0530][gc,marking  ] GC(1069) Concurrent Cleanup for Next Mark 2.392ms
[2025-03-28T20:33:55.443+0530][gc          ] GC(1069) Concurrent Mark Cycle 1989.058ms
[2025-03-28T20:33:55.591+0530][gc,start    ] GC(1071) Pause Young (Prepare Mixed) (GCLocker Initiated GC)
[2025-03-28T20:33:55.591+0530][gc,task     ] GC(1071) Using 2 workers of 2 for evacuation
[2025-03-28T20:33:55.645+0530][gc,mmu      ] GC(1071) MMU target violated: 21.0ms (20.0ms/21.0ms)
[2025-03-28T20:33:55.645+0530][gc,phases   ] GC(1071)   Pre Evacuate Collection Set: 0.2ms
[2025-03-28T20:33:55.645+0530][gc,phases   ] GC(1071)   Merge Heap Roots: 0.2ms
[2025-03-28T20:33:55.645+0530][gc,phases   ] GC(1071)   Evacuate Collection Set: 52.4ms
[2025-03-28T20:33:55.645+0530][gc,phases   ] GC(1071)   Post Evacuate Collection Set: 0.6ms
[2025-03-28T20:33:55.645+0530][gc,phases   ] GC(1071)   Other: 0.2ms
[2025-03-28T20:33:55.645+0530][gc,heap     ] GC(1071) Eden regions: 167->0(44)
[2025-03-28T20:33:55.645+0530][gc,heap     ] GC(1071) Survivor regions: 6->7(22)
[2025-03-28T20:33:55.645+0530][gc,heap     ] GC(1071) Old regions: 63->63
[2025-03-28T20:33:55.645+0530][gc,heap     ] GC(1071) Archive regions: 2->2
[2025-03-28T20:33:55.645+0530][gc,heap     ] GC(1071) Humongous regions: 151->149
[2025-03-28T20:33:55.645+0530][gc,metaspace] GC(1071) Metaspace: 54562K(55296K)->54562K(55296K) NonClass: 48453K(48832K)->48453K(48832K) Class: 6108K(6464K)->6108K(6464K)
[2025-03-28T20:33:55.645+0530][gc          ] GC(1071) Pause Young (Prepare Mixed) (GCLocker Initiated GC) 387M->219M(1024M) 53.755ms
[2025-03-28T20:33:55.645+0530][gc,cpu      ] GC(1071) User=0.05s Sys=0.01s Real=0.06s
[2025-03-28T20:33:55.806+0530][gc,start    ] GC(1072) Pause Young (Mixed) (G1 Evacuation Pause)
[2025-03-28T20:33:55.806+0530][gc,task     ] GC(1072) Using 2 workers of 2 for evacuation
[2025-03-28T20:33:55.841+0530][gc,mmu      ] GC(1072) MMU target violated: 21.0ms (20.0ms/21.0ms)
[2025-03-28T20:33:55.841+0530][gc,phases   ] GC(1072)   Pre Evacuate Collection Set: 0.8ms
[2025-03-28T20:33:55.841+0530][gc,phases   ] GC(1072)   Merge Heap Roots: 0.2ms
[2025-03-28T20:33:55.841+0530][gc,phases   ] GC(1072)   Evacuate Collection Set: 33.7ms
[2025-03-28T20:33:55.841+0530][gc,phases   ] GC(1072)   Post Evacuate Collection Set: 0.6ms
[2025-03-28T20:33:55.841+0530][gc,phases   ] GC(1072)   Other: 0.4ms
[2025-03-28T20:33:55.841+0530][gc,heap     ] GC(1072) Eden regions: 44->0(165)
[2025-03-28T20:33:55.841+0530][gc,heap     ] GC(1072) Survivor regions: 7->2(7)
[2025-03-28T20:33:55.841+0530][gc,heap     ] GC(1072) Old regions: 63->65
[2025-03-28T20:33:55.841+0530][gc,heap     ] GC(1072) Archive regions: 2->2
[2025-03-28T20:33:55.841+0530][gc,heap     ] GC(1072) Humongous regions: 151->149
[2025-03-28T20:33:55.841+0530][gc,metaspace] GC(1072) Metaspace: 54562K(55296K)->54562K(55296K) NonClass: 48453K(48832K)->48453K(48832K) Class: 6108K(6464K)->6108K(6464K)
[2025-03-28T20:33:55.841+0530][gc          ] GC(1072) Pause Young (Mixed) (G1 Evacuation Pause) 265M->216M(1024M) 35.712ms
[2025-03-28T20:33:55.841+0530][gc,cpu      ] GC(1072) User=0.02s Sys=0.00s Real=0.03s
[2025-03-28T20:34:06.071+0530][gc,start    ] GC(1073) Pause Young (Normal) (G1 Evacuation Pause)
[2025-03-28T20:34:06.071+0530][gc,task     ] GC(1073) Using 2 workers of 2 for evacuation
[2025-03-28T20:34:06.088+0530][gc,phases   ] GC(1073)   Pre Evacuate Collection Set: 0.2ms
[2025-03-28T20:34:06.088+0530][gc,phases   ] GC(1073)   Merge Heap Roots: 0.1ms
[2025-03-28T20:34:06.088+0530][gc,phases   ] GC(1073)   Evacuate Collection Set: 13.7ms
[2025-03-28T20:34:06.088+0530][gc,phases   ] GC(1073)   Post Evacuate Collection Set: 3.4ms
[2025-03-28T20:34:06.088+0530][gc,phases   ] GC(1073)   Other: 0.3ms
[2025-03-28T20:34:06.088+0530][gc,heap     ] GC(1073) Eden regions: 165->0(49)
[2025-03-28T20:34:06.088+0530][gc,heap     ] GC(1073) Survivor regions: 2->7(21)
[2025-03-28T20:34:06.088+0530][gc,heap     ] GC(1073) Old regions: 65->65
[2025-03-28T20:34:06.088+0530][gc,heap     ] GC(1073) Archive regions: 2->2
[2025-03-28T20:34:06.088+0530][gc,heap     ] GC(1073) Humongous regions: 151->147
[2025-03-28T20:34:06.088+0530][gc,metaspace] GC(1073) Metaspace: 54562K(55296K)->54562K(55296K) NonClass: 48453K(48832K)->48453K(48832K) Class: 6108K(6464K)->6108K(6464K)
[2025-03-28T20:34:06.088+0530][gc          ] GC(1073) Pause Young (Normal) (G1 Evacuation Pause) 383M->218M(1024M) 17.717ms
[2025-03-28T20:34:06.088+0530][gc,cpu      ] GC(1073) User=0.02s Sys=0.00s Real=0.02s
[2025-03-28T20:34:06.225+0530][gc,start    ] GC(1074) Pause Young (Normal) (G1 Evacuation Pause)
[2025-03-28T20:34:06.225+0530][gc,task     ] GC(1074) Using 2 workers of 2 for evacuation
[2025-03-28T20:34:06.242+0530][gc,phases   ] GC(1074)   Pre Evacuate Collection Set: 0.2ms
[2025-03-28T20:34:06.242+0530][gc,phases   ] GC(1074)   Merge Heap Roots: 0.1ms
[2025-03-28T20:34:06.242+0530][gc,phases   ] GC(1074)   Evacuate Collection Set: 15.4ms
[2025-03-28T20:34:06.242+0530][gc,phases   ] GC(1074)   Post Evacuate Collection Set: 0.7ms
[2025-03-28T20:34:06.242+0530][gc,phases   ] GC(1074)   Other: 0.1ms
[2025-03-28T20:34:06.242+0530][gc,heap     ] GC(1074) Eden regions: 49->0(203)
[2025-03-28T20:34:06.242+0530][gc,heap     ] GC(1074) Survivor regions: 7->2(7)
[2025-03-28T20:34:06.242+0530][gc,heap     ] GC(1074) Old regions: 65->68
[2025-03-28T20:34:06.242+0530][gc,heap     ] GC(1074) Archive regions: 2->2
[2025-03-28T20:34:06.242+0530][gc,heap     ] GC(1074) Humongous regions: 149->149
[2025-03-28T20:34:06.242+0530][gc,metaspace] GC(1074) Metaspace: 54562K(55296K)->54562K(55296K) NonClass: 48453K(48832K)->48453K(48832K) Class: 6108K(6464K)->6108K(6464K)
[2025-03-28T20:34:06.242+0530][gc          ] GC(1074) Pause Young (Normal) (G1 Evacuation Pause) 269M->219M(1024M) 16.655ms
[2025-03-28T20:34:06.242+0530][gc,cpu      ] GC(1074) User=0.02s Sys=0.00s Real=0.02s
[2025-03-28T20:34:07.590+0530][gc,start    ] GC(1075) Pause Young (Concurrent Start) (G1 Humongous Allocation)
[2025-03-28T20:34:07.590+0530][gc,task     ] GC(1075) Using 2 workers of 2 for evacuation
[2025-03-28T20:34:07.597+0530][gc,phases   ] GC(1075)   Pre Evacuate Collection Set: 0.2ms
[2025-03-28T20:34:07.597+0530][gc,phases   ] GC(1075)   Merge Heap Roots: 0.1ms
[2025-03-28T20:34:07.597+0530][gc,phases   ] GC(1075)   Evacuate Collection Set: 5.8ms
[2025-03-28T20:34:07.597+0530][gc,phases   ] GC(1075)   Post Evacuate Collection Set: 0.6ms
[2025-03-28T20:34:07.597+0530][gc,phases   ] GC(1075)   Other: 0.2ms
[2025-03-28T20:34:07.597+0530][gc,heap     ] GC(1075) Eden regions: 98->0(399)
[2025-03-28T20:34:07.597+0530][gc,heap     ] GC(1075) Survivor regions: 2->3(26)
[2025-03-28T20:34:07.597+0530][gc,heap     ] GC(1075) Old regions: 68->68
[2025-03-28T20:34:07.597+0530][gc,heap     ] GC(1075) Archive regions: 2->2
[2025-03-28T20:34:07.597+0530][gc,heap     ] GC(1075) Humongous regions: 149->147
[2025-03-28T20:34:07.597+0530][gc,metaspace] GC(1075) Metaspace: 54562K(55296K)->54562K(55296K) NonClass: 48453K(48832K)->48453K(48832K) Class: 6108K(6464K)->6108K(6464K)
[2025-03-28T20:34:07.597+0530][gc          ] GC(1075) Pause Young (Concurrent Start) (G1 Humongous Allocation) 317M->217M(1024M) 7.057ms
[2025-03-28T20:34:07.597+0530][gc,cpu      ] GC(1075) User=0.01s Sys=0.00s Real=0.01s
[2025-03-28T20:34:07.597+0530][gc          ] GC(1076) Concurrent Mark Cycle
[2025-03-28T20:34:07.597+0530][gc,marking  ] GC(1076) Concurrent Clear Claimed Marks
[2025-03-28T20:34:07.598+0530][gc,marking  ] GC(1076) Concurrent Clear Claimed Marks 0.091ms
[2025-03-28T20:34:07.598+0530][gc,marking  ] GC(1076) Concurrent Scan Root Regions
[2025-03-28T20:34:07.601+0530][gc,marking  ] GC(1076) Concurrent Scan Root Regions 3.854ms
[2025-03-28T20:34:07.601+0530][gc,marking  ] GC(1076) Concurrent Mark
[2025-03-28T20:34:07.601+0530][gc,marking  ] GC(1076) Concurrent Mark From Roots
[2025-03-28T20:34:07.601+0530][gc,task     ] GC(1076) Using 1 workers of 1 for marking
[2025-03-28T20:34:07.678+0530][gc,marking  ] GC(1076) Concurrent Mark From Roots 77.012ms
[2025-03-28T20:34:07.679+0530][gc,marking  ] GC(1076) Concurrent Preclean
[2025-03-28T20:34:07.679+0530][gc,marking  ] GC(1076) Concurrent Preclean 0.199ms
[2025-03-28T20:34:07.679+0530][gc,start    ] GC(1076) Pause Remark
[2025-03-28T20:34:07.693+0530][gc          ] GC(1076) Pause Remark 259M->256M(1024M) 13.683ms
[2025-03-28T20:34:07.693+0530][gc,cpu      ] GC(1076) User=0.02s Sys=0.00s Real=0.01s
[2025-03-28T20:34:07.693+0530][gc,marking  ] GC(1076) Concurrent Mark 91.161ms
[2025-03-28T20:34:07.693+0530][gc,marking  ] GC(1076) Concurrent Rebuild Remembered Sets
[2025-03-28T20:34:07.733+0530][gc,marking  ] GC(1076) Concurrent Rebuild Remembered Sets 40.865ms
[2025-03-28T20:34:07.734+0530][gc,start    ] GC(1076) Pause Cleanup
[2025-03-28T20:34:07.734+0530][gc          ] GC(1076) Pause Cleanup 256M->256M(1024M) 0.186ms
[2025-03-28T20:34:07.734+0530][gc,cpu      ] GC(1076) User=0.00s Sys=0.00s Real=0.00s
[2025-03-28T20:34:07.734+0530][gc,marking  ] GC(1076) Concurrent Cleanup for Next Mark
[2025-03-28T20:34:07.736+0530][gc,marking  ] GC(1076) Concurrent Cleanup for Next Mark 1.568ms
[2025-03-28T20:34:07.736+0530][gc          ] GC(1076) Concurrent Mark Cycle 138.148ms
[2025-03-28T20:34:26.343+0530][gc,start    ] GC(1077) Pause Young (Prepare Mixed) (G1 Evacuation Pause)
[2025-03-28T20:34:26.343+0530][gc,task     ] GC(1077) Using 2 workers of 2 for evacuation
[2025-03-28T20:34:26.372+0530][gc,mmu      ] GC(1077) MMU target violated: 21.0ms (20.0ms/21.0ms)
[2025-03-28T20:34:26.372+0530][gc,phases   ] GC(1077)   Pre Evacuate Collection Set: 0.7ms
[2025-03-28T20:34:26.372+0530][gc,phases   ] GC(1077)   Merge Heap Roots: 0.8ms
[2025-03-28T20:34:26.372+0530][gc,phases   ] GC(1077)   Evacuate Collection Set: 24.3ms
[2025-03-28T20:34:26.372+0530][gc,phases   ] GC(1077)   Post Evacuate Collection Set: 2.8ms
[2025-03-28T20:34:26.372+0530][gc,phases   ] GC(1077)   Other: 0.9ms
[2025-03-28T20:34:26.372+0530][gc,heap     ] GC(1077) Eden regions: 383->0(50)
[2025-03-28T20:34:26.373+0530][gc,heap     ] GC(1077) Survivor regions: 3->1(49)
[2025-03-28T20:34:26.373+0530][gc,heap     ] GC(1077) Old regions: 64->64
[2025-03-28T20:34:26.373+0530][gc,heap     ] GC(1077) Archive regions: 2->2
[2025-03-28T20:34:26.373+0530][gc,heap     ] GC(1077) Humongous regions: 155->147
[2025-03-28T20:34:26.373+0530][gc,metaspace] GC(1077) Metaspace: 54579K(55296K)->54579K(55296K) NonClass: 48471K(48832K)->48471K(48832K) Class: 6108K(6464K)->6108K(6464K)
[2025-03-28T20:34:26.373+0530][gc          ] GC(1077) Pause Young (Prepare Mixed) (G1 Evacuation Pause) 605M->212M(1024M) 29.926ms
[2025-03-28T20:34:26.373+0530][gc,cpu      ] GC(1077) User=0.05s Sys=0.00s Real=0.03s
[2025-03-28T20:34:27.545+0530][gc,start    ] GC(1078) Pause Young (Mixed) (G1 Evacuation Pause)
[2025-03-28T20:34:27.545+0530][gc,task     ] GC(1078) Using 2 workers of 2 for evacuation
[2025-03-28T20:34:27.561+0530][gc,phases   ] GC(1078)   Pre Evacuate Collection Set: 0.2ms
[2025-03-28T20:34:27.561+0530][gc,phases   ] GC(1078)   Merge Heap Roots: 0.1ms
[2025-03-28T20:34:27.561+0530][gc,phases   ] GC(1078)   Evacuate Collection Set: 15.1ms
[2025-03-28T20:34:27.561+0530][gc,phases   ] GC(1078)   Post Evacuate Collection Set: 0.5ms
[2025-03-28T20:34:27.561+0530][gc,phases   ] GC(1078)   Other: 0.1ms
[2025-03-28T20:34:27.561+0530][gc,heap     ] GC(1078) Eden regions: 50->0(45)
[2025-03-28T20:34:27.561+0530][gc,heap     ] GC(1078) Survivor regions: 1->6(7)
[2025-03-28T20:34:27.561+0530][gc,heap     ] GC(1078) Old regions: 64->64
[2025-03-28T20:34:27.561+0530][gc,heap     ] GC(1078) Archive regions: 2->2
[2025-03-28T20:34:27.561+0530][gc,heap     ] GC(1078) Humongous regions: 147->147
[2025-03-28T20:34:27.561+0530][gc,metaspace] GC(1078) Metaspace: 54579K(55296K)->54579K(55296K) NonClass: 48471K(48832K)->48471K(48832K) Class: 6108K(6464K)->6108K(6464K)
[2025-03-28T20:34:27.561+0530][gc          ] GC(1078) Pause Young (Mixed) (G1 Evacuation Pause) 262M->216M(1024M) 16.160ms
[2025-03-28T20:34:27.561+0530][gc,cpu      ] GC(1078) User=0.02s Sys=0.00s Real=0.03s
[2025-03-28T20:34:27.635+0530][gc,start    ] GC(1079) Pause Young (Mixed) (G1 Evacuation Pause)
[2025-03-28T20:34:27.635+0530][gc,task     ] GC(1079) Using 2 workers of 2 for evacuation
[2025-03-28T20:34:27.644+0530][gc,phases   ] GC(1079)   Pre Evacuate Collection Set: 0.8ms
[2025-03-28T20:34:27.644+0530][gc,phases   ] GC(1079)   Merge Heap Roots: 0.2ms
[2025-03-28T20:34:27.644+0530][gc,phases   ] GC(1079)   Evacuate Collection Set: 7.4ms
[2025-03-28T20:34:27.644+0530][gc,phases   ] GC(1079)   Post Evacuate Collection Set: 0.4ms
[2025-03-28T20:34:27.644+0530][gc,phases   ] GC(1079)   Other: 0.1ms
[2025-03-28T20:34:27.644+0530][gc,heap     ] GC(1079) Eden regions: 45->0(49)
[2025-03-28T20:34:27.644+0530][gc,heap     ] GC(1079) Survivor regions: 6->2(7)
[2025-03-28T20:34:27.644+0530][gc,heap     ] GC(1079) Old regions: 64->64
[2025-03-28T20:34:27.644+0530][gc,heap     ] GC(1079) Archive regions: 2->2
[2025-03-28T20:34:27.644+0530][gc,heap     ] GC(1079) Humongous regions: 149->149
[2025-03-28T20:34:27.644+0530][gc,metaspace] GC(1079) Metaspace: 54579K(55296K)->54579K(55296K) NonClass: 48471K(48832K)->48471K(48832K) Class: 6108K(6464K)->6108K(6464K)
[2025-03-28T20:34:27.644+0530][gc          ] GC(1079) Pause Young (Mixed) (G1 Evacuation Pause) 263M->215M(1024M) 9.001ms
[2025-03-28T20:34:27.644+0530][gc,cpu      ] GC(1079) User=0.01s Sys=0.00s Real=0.01s
[2025-03-28T20:34:33.540+0530][gc,start    ] GC(1080) Pause Young (Mixed) (G1 Evacuation Pause)
[2025-03-28T20:34:33.540+0530][gc,task     ] GC(1080) Using 2 workers of 2 for evacuation
[2025-03-28T20:34:33.546+0530][gc,phases   ] GC(1080)   Pre Evacuate Collection Set: 0.1ms
[2025-03-28T20:34:33.546+0530][gc,phases   ] GC(1080)   Merge Heap Roots: 0.1ms
[2025-03-28T20:34:33.546+0530][gc,phases   ] GC(1080)   Evacuate Collection Set: 4.3ms
[2025-03-28T20:34:33.546+0530][gc,phases   ] GC(1080)   Post Evacuate Collection Set: 0.5ms
[2025-03-28T20:34:33.546+0530][gc,phases   ] GC(1080)   Other: 1.0ms
[2025-03-28T20:34:33.546+0530][gc,heap     ] GC(1080) Eden regions: 49->0(47)
[2025-03-28T20:34:33.546+0530][gc,heap     ] GC(1080) Survivor regions: 2->4(7)
[2025-03-28T20:34:33.546+0530][gc,heap     ] GC(1080) Old regions: 64->63
[2025-03-28T20:34:33.546+0530][gc,heap     ] GC(1080) Archive regions: 2->2
[2025-03-28T20:34:33.546+0530][gc,heap     ] GC(1080) Humongous regions: 149->147
[2025-03-28T20:34:33.546+0530][gc,metaspace] GC(1080) Metaspace: 54579K(55296K)->54579K(55296K) NonClass: 48471K(48832K)->48471K(48832K) Class: 6108K(6464K)->6108K(6464K)
[2025-03-28T20:34:33.546+0530][gc          ] GC(1080) Pause Young (Mixed) (G1 Evacuation Pause) 264M->214M(1024M) 6.164ms
[2025-03-28T20:34:33.546+0530][gc,cpu      ] GC(1080) User=0.01s Sys=0.00s Real=0.02s
[2025-03-28T20:34:33.626+0530][gc,start    ] GC(1081) Pause Young (Mixed) (G1 Evacuation Pause)
[2025-03-28T20:34:33.626+0530][gc,task     ] GC(1081) Using 2 workers of 2 for evacuation
[2025-03-28T20:34:33.633+0530][gc,phases   ] GC(1081)   Pre Evacuate Collection Set: 0.4ms
[2025-03-28T20:34:33.633+0530][gc,phases   ] GC(1081)   Merge Heap Roots: 0.1ms
[2025-03-28T20:34:33.633+0530][gc,phases   ] GC(1081)   Evacuate Collection Set: 5.5ms
[2025-03-28T20:34:33.633+0530][gc,phases   ] GC(1081)   Post Evacuate Collection Set: 0.5ms
[2025-03-28T20:34:33.633+0530][gc,phases   ] GC(1081)   Other: 0.1ms
[2025-03-28T20:34:33.633+0530][gc,heap     ] GC(1081) Eden regions: 47->0(48)
[2025-03-28T20:34:33.633+0530][gc,heap     ] GC(1081) Survivor regions: 4->3(7)
[2025-03-28T20:34:33.633+0530][gc,heap     ] GC(1081) Old regions: 63->62
[2025-03-28T20:34:33.633+0530][gc,heap     ] GC(1081) Archive regions: 2->2
[2025-03-28T20:34:33.633+0530][gc,heap     ] GC(1081) Humongous regions: 149->149
[2025-03-28T20:34:33.633+0530][gc,metaspace] GC(1081) Metaspace: 54579K(55296K)->54579K(55296K) NonClass: 48471K(48832K)->48471K(48832K) Class: 6108K(6464K)->6108K(6464K)
[2025-03-28T20:34:33.633+0530][gc          ] GC(1081) Pause Young (Mixed) (G1 Evacuation Pause) 263M->214M(1024M) 6.803ms
[2025-03-28T20:34:33.633+0530][gc,cpu      ] GC(1081) User=0.01s Sys=0.00s Real=0.01s
[2025-03-28T20:34:37.452+0530][gc,start    ] GC(1082) Pause Young (Mixed) (G1 Evacuation Pause)
[2025-03-28T20:34:37.452+0530][gc,task     ] GC(1082) Using 2 workers of 2 for evacuation
[2025-03-28T20:34:37.473+0530][gc,mmu      ] GC(1082) MMU target violated: 20.5ms (20.0ms/21.0ms)
[2025-03-28T20:34:37.473+0530][gc,phases   ] GC(1082)   Pre Evacuate Collection Set: 0.3ms
[2025-03-28T20:34:37.473+0530][gc,phases   ] GC(1082)   Merge Heap Roots: 0.3ms
[2025-03-28T20:34:37.473+0530][gc,phases   ] GC(1082)   Evacuate Collection Set: 19.0ms
[2025-03-28T20:34:37.473+0530][gc,phases   ] GC(1082)   Post Evacuate Collection Set: 0.9ms
[2025-03-28T20:34:37.473+0530][gc,phases   ] GC(1082)   Other: 0.5ms
[2025-03-28T20:34:37.473+0530][gc,heap     ] GC(1082) Eden regions: 48->0(126)
[2025-03-28T20:34:37.473+0530][gc,heap     ] GC(1082) Survivor regions: 3->2(7)
[2025-03-28T20:34:37.473+0530][gc,heap     ] GC(1082) Old regions: 62->62
[2025-03-28T20:34:37.473+0530][gc,heap     ] GC(1082) Archive regions: 2->2
[2025-03-28T20:34:37.473+0530][gc,heap     ] GC(1082) Humongous regions: 149->147
[2025-03-28T20:34:37.473+0530][gc,metaspace] GC(1082) Metaspace: 54579K(55296K)->54579K(55296K) NonClass: 48471K(48832K)->48471K(48832K) Class: 6108K(6464K)->6108K(6464K)
[2025-03-28T20:34:37.473+0530][gc          ] GC(1082) Pause Young (Mixed) (G1 Evacuation Pause) 262M->210M(1024M) 21.192ms
[2025-03-28T20:34:37.473+0530][gc,cpu      ] GC(1082) User=0.03s Sys=0.00s Real=0.02s
[2025-03-28T20:34:43.522+0530][gc,start    ] GC(1083) Pause Young (Normal) (G1 Evacuation Pause)
[2025-03-28T20:34:43.522+0530][gc,task     ] GC(1083) Using 2 workers of 2 for evacuation
[2025-03-28T20:34:43.527+0530][gc,phases   ] GC(1083)   Pre Evacuate Collection Set: 0.2ms
[2025-03-28T20:34:43.527+0530][gc,phases   ] GC(1083)   Merge Heap Roots: 0.1ms
[2025-03-28T20:34:43.527+0530][gc,phases   ] GC(1083)   Evacuate Collection Set: 4.3ms
[2025-03-28T20:34:43.527+0530][gc,phases   ] GC(1083)   Post Evacuate Collection Set: 0.6ms
[2025-03-28T20:34:43.527+0530][gc,phases   ] GC(1083)   Other: 0.3ms
[2025-03-28T20:34:43.527+0530][gc,heap     ] GC(1083) Eden regions: 126->0(200)
[2025-03-28T20:34:43.527+0530][gc,heap     ] GC(1083) Survivor regions: 2->3(16)
[2025-03-28T20:34:43.527+0530][gc,heap     ] GC(1083) Old regions: 62->62
[2025-03-28T20:34:43.527+0530][gc,heap     ] GC(1083) Archive regions: 2->2
[2025-03-28T20:34:43.527+0530][gc,heap     ] GC(1083) Humongous regions: 149->147
[2025-03-28T20:34:43.527+0530][gc,metaspace] GC(1083) Metaspace: 54579K(55296K)->54579K(55296K) NonClass: 48471K(48832K)->48471K(48832K) Class: 6108K(6464K)->6108K(6464K)
[2025-03-28T20:34:43.527+0530][gc          ] GC(1083) Pause Young (Normal) (G1 Evacuation Pause) 338M->211M(1024M) 5.430ms
[2025-03-28T20:34:43.527+0530][gc,cpu      ] GC(1083) User=0.01s Sys=0.00s Real=0.00s
[2025-03-28T20:34:47.525+0530][gc,start    ] GC(1084) Pause Young (Normal) (G1 Evacuation Pause)
[2025-03-28T20:34:47.525+0530][gc,task     ] GC(1084) Using 2 workers of 2 for evacuation
[2025-03-28T20:34:47.535+0530][gc,phases   ] GC(1084)   Pre Evacuate Collection Set: 0.1ms
[2025-03-28T20:34:47.535+0530][gc,phases   ] GC(1084)   Merge Heap Roots: 0.2ms
[2025-03-28T20:34:47.535+0530][gc,phases   ] GC(1084)   Evacuate Collection Set: 8.1ms
[2025-03-28T20:34:47.535+0530][gc,phases   ] GC(1084)   Post Evacuate Collection Set: 0.9ms
[2025-03-28T20:34:47.535+0530][gc,phases   ] GC(1084)   Other: 0.3ms
[2025-03-28T20:34:47.535+0530][gc,heap     ] GC(1084) Eden regions: 200->0(263)
[2025-03-28T20:34:47.535+0530][gc,heap     ] GC(1084) Survivor regions: 3->3(26)
[2025-03-28T20:34:47.535+0530][gc,heap     ] GC(1084) Old regions: 62->62
[2025-03-28T20:34:47.535+0530][gc,heap     ] GC(1084) Archive regions: 2->2
[2025-03-28T20:34:47.535+0530][gc,heap     ] GC(1084) Humongous regions: 151->149
[2025-03-28T20:34:47.535+0530][gc,metaspace] GC(1084) Metaspace: 54579K(55296K)->54579K(55296K) NonClass: 48471K(48832K)->48471K(48832K) Class: 6108K(6464K)->6108K(6464K)
[2025-03-28T20:34:47.535+0530][gc          ] GC(1084) Pause Young (Normal) (G1 Evacuation Pause) 415M->213M(1024M) 9.587ms
[2025-03-28T20:34:47.535+0530][gc,cpu      ] GC(1084) User=0.01s Sys=0.00s Real=0.01s
[2025-03-28T20:34:53.627+0530][gc,start    ] GC(1085) Pause Young (Concurrent Start) (G1 Humongous Allocation)
[2025-03-28T20:34:53.627+0530][gc,task     ] GC(1085) Using 2 workers of 2 for evacuation
[2025-03-28T20:34:53.662+0530][gc,mmu      ] GC(1085) MMU target violated: 21.0ms (20.0ms/21.0ms)
[2025-03-28T20:34:53.662+0530][gc,phases   ] GC(1085)   Pre Evacuate Collection Set: 0.4ms
[2025-03-28T20:34:53.662+0530][gc,phases   ] GC(1085)   Merge Heap Roots: 0.3ms
[2025-03-28T20:34:53.662+0530][gc,phases   ] GC(1085)   Evacuate Collection Set: 33.9ms
[2025-03-28T20:34:53.662+0530][gc,phases   ] GC(1085)   Post Evacuate Collection Set: 0.5ms
[2025-03-28T20:34:53.662+0530][gc,phases   ] GC(1085)   Other: 0.2ms
[2025-03-28T20:34:53.662+0530][gc,heap     ] GC(1085) Eden regions: 81->0(610)
[2025-03-28T20:34:53.662+0530][gc,heap     ] GC(1085) Survivor regions: 3->4(32)
[2025-03-28T20:34:53.662+0530][gc,heap     ] GC(1085) Old regions: 62->62
[2025-03-28T20:34:53.662+0530][gc,heap     ] GC(1085) Archive regions: 2->2
[2025-03-28T20:34:53.662+0530][gc,heap     ] GC(1085) Humongous regions: 149->147
[2025-03-28T20:34:53.662+0530][gc,metaspace] GC(1085) Metaspace: 54579K(55296K)->54579K(55296K) NonClass: 48471K(48832K)->48471K(48832K) Class: 6108K(6464K)->6108K(6464K)
[2025-03-28T20:34:53.662+0530][gc          ] GC(1085) Pause Young (Concurrent Start) (G1 Humongous Allocation) 294M->212M(1024M) 35.366ms
[2025-03-28T20:34:53.662+0530][gc,cpu      ] GC(1085) User=0.01s Sys=0.01s Real=0.04s
[2025-03-28T20:34:53.662+0530][gc          ] GC(1086) Concurrent Mark Cycle
[2025-03-28T20:34:53.662+0530][gc,marking  ] GC(1086) Concurrent Clear Claimed Marks
[2025-03-28T20:34:53.662+0530][gc,marking  ] GC(1086) Concurrent Clear Claimed Marks 0.080ms
[2025-03-28T20:34:53.662+0530][gc,marking  ] GC(1086) Concurrent Scan Root Regions
[2025-03-28T20:34:53.673+0530][gc,marking  ] GC(1086) Concurrent Scan Root Regions 10.508ms
[2025-03-28T20:34:53.673+0530][gc,marking  ] GC(1086) Concurrent Mark
[2025-03-28T20:34:53.673+0530][gc,marking  ] GC(1086) Concurrent Mark From Roots
[2025-03-28T20:34:53.673+0530][gc,task     ] GC(1086) Using 1 workers of 1 for marking
[2025-03-28T20:34:53.778+0530][gc,marking  ] GC(1086) Concurrent Mark From Roots 105.417ms
[2025-03-28T20:34:53.778+0530][gc,marking  ] GC(1086) Concurrent Preclean
[2025-03-28T20:34:53.779+0530][gc,marking  ] GC(1086) Concurrent Preclean 0.129ms
[2025-03-28T20:34:53.779+0530][gc,start    ] GC(1086) Pause Remark
[2025-03-28T20:34:53.792+0530][gc          ] GC(1086) Pause Remark 254M->254M(1024M) 12.858ms
[2025-03-28T20:34:53.792+0530][gc,cpu      ] GC(1086) User=0.01s Sys=0.01s Real=0.01s
[2025-03-28T20:34:53.792+0530][gc,marking  ] GC(1086) Concurrent Mark 118.885ms
[2025-03-28T20:34:53.792+0530][gc,marking  ] GC(1086) Concurrent Rebuild Remembered Sets
[2025-03-28T20:34:53.827+0530][gc,marking  ] GC(1086) Concurrent Rebuild Remembered Sets 34.956ms
[2025-03-28T20:34:53.827+0530][gc,start    ] GC(1086) Pause Cleanup
[2025-03-28T20:34:53.827+0530][gc          ] GC(1086) Pause Cleanup 254M->254M(1024M) 0.244ms
[2025-03-28T20:34:53.827+0530][gc,cpu      ] GC(1086) User=0.00s Sys=0.00s Real=0.00s
[2025-03-28T20:34:53.827+0530][gc,marking  ] GC(1086) Concurrent Cleanup for Next Mark
[2025-03-28T20:34:53.829+0530][gc,marking  ] GC(1086) Concurrent Cleanup for Next Mark 1.739ms
[2025-03-28T20:34:53.829+0530][gc          ] GC(1086) Concurrent Mark Cycle 166.800ms
[2025-03-28T20:35:07.513+0530][gc,start    ] GC(1087) Pause Young (Prepare Mixed) (G1 Evacuation Pause)
[2025-03-28T20:35:07.513+0530][gc,task     ] GC(1087) Using 2 workers of 2 for evacuation
[2025-03-28T20:35:07.540+0530][gc,mmu      ] GC(1087) MMU target violated: 21.0ms (20.0ms/21.0ms)
[2025-03-28T20:35:07.540+0530][gc,phases   ] GC(1087)   Pre Evacuate Collection Set: 0.2ms
[2025-03-28T20:35:07.540+0530][gc,phases   ] GC(1087)   Merge Heap Roots: 0.3ms
[2025-03-28T20:35:07.540+0530][gc,phases   ] GC(1087)   Evacuate Collection Set: 25.7ms
[2025-03-28T20:35:07.540+0530][gc,phases   ] GC(1087)   Post Evacuate Collection Set: 0.7ms
[2025-03-28T20:35:07.540+0530][gc,phases   ] GC(1087)   Other: 0.2ms
[2025-03-28T20:35:07.540+0530][gc,heap     ] GC(1087) Eden regions: 317->0(44)
[2025-03-28T20:35:07.540+0530][gc,heap     ] GC(1087) Survivor regions: 4->7(41)
[2025-03-28T20:35:07.540+0530][gc,heap     ] GC(1087) Old regions: 62->62
[2025-03-28T20:35:07.540+0530][gc,heap     ] GC(1087) Archive regions: 2->2
[2025-03-28T20:35:07.540+0530][gc,heap     ] GC(1087) Humongous regions: 153->147
[2025-03-28T20:35:07.540+0530][gc,metaspace] GC(1087) Metaspace: 54579K(55296K)->54579K(55296K) NonClass: 48471K(48832K)->48471K(48832K) Class: 6108K(6464K)->6108K(6464K)
[2025-03-28T20:35:07.540+0530][gc          ] GC(1087) Pause Young (Prepare Mixed) (G1 Evacuation Pause) 535M->215M(1024M) 27.287ms
[2025-03-28T20:35:07.540+0530][gc,cpu      ] GC(1087) User=0.03s Sys=0.00s Real=0.03s
[2025-03-28T20:35:07.687+0530][gc,start    ] GC(1088) Pause Young (Mixed) (G1 Evacuation Pause)
[2025-03-28T20:35:07.687+0530][gc,task     ] GC(1088) Using 2 workers of 2 for evacuation
[2025-03-28T20:35:07.697+0530][gc,phases   ] GC(1088)   Pre Evacuate Collection Set: 0.2ms
[2025-03-28T20:35:07.697+0530][gc,phases   ] GC(1088)   Merge Heap Roots: 0.1ms
[2025-03-28T20:35:07.697+0530][gc,phases   ] GC(1088)   Evacuate Collection Set: 9.3ms
[2025-03-28T20:35:07.697+0530][gc,phases   ] GC(1088)   Post Evacuate Collection Set: 0.7ms
[2025-03-28T20:35:07.697+0530][gc,phases   ] GC(1088)   Other: 0.1ms
[2025-03-28T20:35:07.697+0530][gc,heap     ] GC(1088) Eden regions: 44->0(463)
[2025-03-28T20:35:07.697+0530][gc,heap     ] GC(1088) Survivor regions: 7->2(7)
[2025-03-28T20:35:07.697+0530][gc,heap     ] GC(1088) Old regions: 62->59
[2025-03-28T20:35:07.697+0530][gc,heap     ] GC(1088) Archive regions: 2->2
[2025-03-28T20:35:07.697+0530][gc,heap     ] GC(1088) Humongous regions: 149->149
[2025-03-28T20:35:07.697+0530][gc,metaspace] GC(1088) Metaspace: 54579K(55296K)->54579K(55296K) NonClass: 48471K(48832K)->48471K(48832K) Class: 6108K(6464K)->6108K(6464K)
[2025-03-28T20:35:07.697+0530][gc          ] GC(1088) Pause Young (Mixed) (G1 Evacuation Pause) 261M->210M(1024M) 10.617ms
[2025-03-28T20:35:07.697+0530][gc,cpu      ] GC(1088) User=0.02s Sys=0.00s Real=0.01s
[2025-03-28T20:35:27.569+0530][gc,start    ] GC(1089) Pause Young (Normal) (G1 Evacuation Pause)
[2025-03-28T20:35:27.569+0530][gc,task     ] GC(1089) Using 2 workers of 2 for evacuation
[2025-03-28T20:35:27.579+0530][gc,phases   ] GC(1089)   Pre Evacuate Collection Set: 0.2ms
[2025-03-28T20:35:27.579+0530][gc,phases   ] GC(1089)   Merge Heap Roots: 0.1ms
[2025-03-28T20:35:27.579+0530][gc,phases   ] GC(1089)   Evacuate Collection Set: 8.4ms
[2025-03-28T20:35:27.579+0530][gc,phases   ] GC(1089)   Post Evacuate Collection Set: 0.8ms
[2025-03-28T20:35:27.579+0530][gc,phases   ] GC(1089)   Other: 0.2ms
[2025-03-28T20:35:27.579+0530][gc,heap     ] GC(1089) Eden regions: 463->0(600)
[2025-03-28T20:35:27.579+0530][gc,heap     ] GC(1089) Survivor regions: 2->3(59)
[2025-03-28T20:35:27.579+0530][gc,heap     ] GC(1089) Old regions: 59->59
[2025-03-28T20:35:27.579+0530][gc,heap     ] GC(1089) Archive regions: 2->2
[2025-03-28T20:35:27.579+0530][gc,heap     ] GC(1089) Humongous regions: 157->149
[2025-03-28T20:35:27.579+0530][gc,metaspace] GC(1089) Metaspace: 54579K(55296K)->54579K(55296K) NonClass: 48471K(48832K)->48471K(48832K) Class: 6108K(6464K)->6108K(6464K)
[2025-03-28T20:35:27.579+0530][gc          ] GC(1089) Pause Young (Normal) (G1 Evacuation Pause) 681M->211M(1024M) 9.880ms
[2025-03-28T20:35:27.579+0530][gc,cpu      ] GC(1089) User=0.02s Sys=0.00s Real=0.01s
[2025-03-28T20:35:36.627+0530][gc,start    ] GC(1090) Pause Young (Concurrent Start) (G1 Humongous Allocation)
[2025-03-28T20:35:36.632+0530][gc,task     ] GC(1090) Using 2 workers of 2 for evacuation
[2025-03-28T20:35:36.647+0530][gc,phases   ] GC(1090)   Pre Evacuate Collection Set: 0.5ms
[2025-03-28T20:35:36.647+0530][gc,phases   ] GC(1090)   Merge Heap Roots: 0.2ms
[2025-03-28T20:35:36.647+0530][gc,phases   ] GC(1090)   Evacuate Collection Set: 13.4ms
[2025-03-28T20:35:36.647+0530][gc,phases   ] GC(1090)   Post Evacuate Collection Set: 0.5ms
[2025-03-28T20:35:36.647+0530][gc,phases   ] GC(1090)   Other: 6.0ms
[2025-03-28T20:35:36.647+0530][gc,heap     ] GC(1090) Eden regions: 89->0(610)
[2025-03-28T20:35:36.647+0530][gc,heap     ] GC(1090) Survivor regions: 3->4(76)
[2025-03-28T20:35:36.647+0530][gc,heap     ] GC(1090) Old regions: 59->59
[2025-03-28T20:35:36.647+0530][gc,heap     ] GC(1090) Archive regions: 2->2
[2025-03-28T20:35:36.647+0530][gc,heap     ] GC(1090) Humongous regions: 149->147
[2025-03-28T20:35:36.647+0530][gc,metaspace] GC(1090) Metaspace: 54579K(55296K)->54579K(55296K) NonClass: 48471K(48832K)->48471K(48832K) Class: 6108K(6464K)->6108K(6464K)
[2025-03-28T20:35:36.647+0530][gc          ] GC(1090) Pause Young (Concurrent Start) (G1 Humongous Allocation) 299M->209M(1024M) 20.626ms
[2025-03-28T20:35:36.647+0530][gc,cpu      ] GC(1090) User=0.01s Sys=0.00s Real=0.02s
[2025-03-28T20:35:36.647+0530][gc          ] GC(1091) Concurrent Mark Cycle
[2025-03-28T20:35:36.647+0530][gc,marking  ] GC(1091) Concurrent Clear Claimed Marks
[2025-03-28T20:35:36.649+0530][gc,marking  ] GC(1091) Concurrent Clear Claimed Marks 1.390ms
[2025-03-28T20:35:36.649+0530][gc,marking  ] GC(1091) Concurrent Scan Root Regions
[2025-03-28T20:35:36.670+0530][gc,marking  ] GC(1091) Concurrent Scan Root Regions 21.279ms
[2025-03-28T20:35:36.670+0530][gc,marking  ] GC(1091) Concurrent Mark
[2025-03-28T20:35:36.670+0530][gc,marking  ] GC(1091) Concurrent Mark From Roots
[2025-03-28T20:35:36.670+0530][gc,task     ] GC(1091) Using 1 workers of 1 for marking
[2025-03-28T20:35:36.732+0530][gc,marking  ] GC(1091) Concurrent Mark From Roots 62.222ms
[2025-03-28T20:35:36.732+0530][gc,marking  ] GC(1091) Concurrent Preclean
[2025-03-28T20:35:36.732+0530][gc,marking  ] GC(1091) Concurrent Preclean 0.147ms
[2025-03-28T20:35:36.733+0530][gc,start    ] GC(1091) Pause Remark
[2025-03-28T20:35:36.747+0530][gc          ] GC(1091) Pause Remark 251M->251M(1024M) 14.308ms
[2025-03-28T20:35:36.747+0530][gc,cpu      ] GC(1091) User=0.03s Sys=0.00s Real=0.02s
[2025-03-28T20:35:36.747+0530][gc,marking  ] GC(1091) Concurrent Mark 77.212ms
[2025-03-28T20:35:36.747+0530][gc,marking  ] GC(1091) Concurrent Rebuild Remembered Sets
[2025-03-28T20:35:36.785+0530][gc,marking  ] GC(1091) Concurrent Rebuild Remembered Sets 38.186ms
[2025-03-28T20:35:36.786+0530][gc,start    ] GC(1091) Pause Cleanup
[2025-03-28T20:35:36.786+0530][gc          ] GC(1091) Pause Cleanup 251M->251M(1024M) 0.216ms
[2025-03-28T20:35:36.786+0530][gc,cpu      ] GC(1091) User=0.00s Sys=0.00s Real=0.00s
[2025-03-28T20:35:36.786+0530][gc,marking  ] GC(1091) Concurrent Cleanup for Next Mark
[2025-03-28T20:35:36.789+0530][gc,marking  ] GC(1091) Concurrent Cleanup for Next Mark 3.050ms
[2025-03-28T20:35:36.789+0530][gc          ] GC(1091) Concurrent Mark Cycle 141.774ms
[2025-03-28T20:36:06.591+0530][gc,start    ] GC(1092) Pause Young (Prepare Mixed) (G1 Evacuation Pause)
[2025-03-28T20:36:06.591+0530][gc,task     ] GC(1092) Using 2 workers of 2 for evacuation
[2025-03-28T20:36:06.688+0530][gc,mmu      ] GC(1092) MMU target violated: 21.0ms (20.0ms/21.0ms)
[2025-03-28T20:36:06.688+0530][gc,phases   ] GC(1092)   Pre Evacuate Collection Set: 0.2ms
[2025-03-28T20:36:06.688+0530][gc,phases   ] GC(1092)   Merge Heap Roots: 0.3ms
[2025-03-28T20:36:06.688+0530][gc,phases   ] GC(1092)   Evacuate Collection Set: 63.0ms
[2025-03-28T20:36:06.688+0530][gc,phases   ] GC(1092)   Post Evacuate Collection Set: 33.3ms
[2025-03-28T20:36:06.688+0530][gc,phases   ] GC(1092)   Other: 0.8ms
[2025-03-28T20:36:06.688+0530][gc,heap     ] GC(1092) Eden regions: 610->0(46)
[2025-03-28T20:36:06.688+0530][gc,heap     ] GC(1092) Survivor regions: 4->5(77)
[2025-03-28T20:36:06.688+0530][gc,heap     ] GC(1092) Old regions: 58->58
[2025-03-28T20:36:06.688+0530][gc,heap     ] GC(1092) Archive regions: 2->2
[2025-03-28T20:36:06.688+0530][gc,heap     ] GC(1092) Humongous regions: 159->149
[2025-03-28T20:36:06.688+0530][gc,metaspace] GC(1092) Metaspace: 54580K(55296K)->54580K(55296K) NonClass: 48472K(48832K)->48472K(48832K) Class: 6108K(6464K)->6108K(6464K)
[2025-03-28T20:36:06.688+0530][gc          ] GC(1092) Pause Young (Prepare Mixed) (G1 Evacuation Pause) 831M->212M(1024M) 97.732ms
[2025-03-28T20:36:06.688+0530][gc,cpu      ] GC(1092) User=0.03s Sys=0.01s Real=0.10s
[2025-03-28T20:36:07.551+0530][gc,start    ] GC(1093) Pause Young (Mixed) (G1 Evacuation Pause)
[2025-03-28T20:36:07.551+0530][gc,task     ] GC(1093) Using 2 workers of 2 for evacuation
[2025-03-28T20:36:07.584+0530][gc,mmu      ] GC(1093) MMU target violated: 21.0ms (20.0ms/21.0ms)
[2025-03-28T20:36:07.584+0530][gc,phases   ] GC(1093)   Pre Evacuate Collection Set: 0.3ms
[2025-03-28T20:36:07.584+0530][gc,phases   ] GC(1093)   Merge Heap Roots: 0.2ms
[2025-03-28T20:36:07.584+0530][gc,phases   ] GC(1093)   Evacuate Collection Set: 23.4ms
[2025-03-28T20:36:07.584+0530][gc,phases   ] GC(1093)   Post Evacuate Collection Set: 9.5ms
[2025-03-28T20:36:07.584+0530][gc,phases   ] GC(1093)   Other: 0.2ms
[2025-03-28T20:36:07.584+0530][gc,heap     ] GC(1093) Eden regions: 46->0(46)
[2025-03-28T20:36:07.584+0530][gc,heap     ] GC(1093) Survivor regions: 5->5(7)
[2025-03-28T20:36:07.584+0530][gc,heap     ] GC(1093) Old regions: 58->59
[2025-03-28T20:36:07.584+0530][gc,heap     ] GC(1093) Archive regions: 2->2
[2025-03-28T20:36:07.584+0530][gc,heap     ] GC(1093) Humongous regions: 149->147
[2025-03-28T20:36:07.584+0530][gc,metaspace] GC(1093) Metaspace: 54580K(55296K)->54580K(55296K) NonClass: 48472K(48832K)->48472K(48832K) Class: 6108K(6464K)->6108K(6464K)
[2025-03-28T20:36:07.584+0530][gc          ] GC(1093) Pause Young (Mixed) (G1 Evacuation Pause) 258M->211M(1024M) 33.716ms
[2025-03-28T20:36:07.584+0530][gc,cpu      ] GC(1093) User=0.02s Sys=0.00s Real=0.03s
[2025-03-28T20:36:07.641+0530][gc,start    ] GC(1094) Pause Young (Mixed) (G1 Evacuation Pause)
[2025-03-28T20:36:07.641+0530][gc,task     ] GC(1094) Using 2 workers of 2 for evacuation
[2025-03-28T20:36:07.664+0530][gc,mmu      ] GC(1094) MMU target violated: 21.0ms (20.0ms/21.0ms)
[2025-03-28T20:36:07.664+0530][gc,phases   ] GC(1094)   Pre Evacuate Collection Set: 0.3ms
[2025-03-28T20:36:07.664+0530][gc,phases   ] GC(1094)   Merge Heap Roots: 0.2ms
[2025-03-28T20:36:07.664+0530][gc,phases   ] GC(1094)   Evacuate Collection Set: 21.7ms
[2025-03-28T20:36:07.664+0530][gc,phases   ] GC(1094)   Post Evacuate Collection Set: 0.5ms
[2025-03-28T20:36:07.664+0530][gc,phases   ] GC(1094)   Other: 0.2ms
[2025-03-28T20:36:07.664+0530][gc,heap     ] GC(1094) Eden regions: 46->0(45)
[2025-03-28T20:36:07.664+0530][gc,heap     ] GC(1094) Survivor regions: 5->6(7)
[2025-03-28T20:36:07.664+0530][gc,heap     ] GC(1094) Old regions: 59->63
[2025-03-28T20:36:07.664+0530][gc,heap     ] GC(1094) Archive regions: 2->2
[2025-03-28T20:36:07.664+0530][gc,heap     ] GC(1094) Humongous regions: 147->147
[2025-03-28T20:36:07.664+0530][gc,metaspace] GC(1094) Metaspace: 54580K(55296K)->54580K(55296K) NonClass: 48472K(48832K)->48472K(48832K) Class: 6108K(6464K)->6108K(6464K)
[2025-03-28T20:36:07.664+0530][gc          ] GC(1094) Pause Young (Mixed) (G1 Evacuation Pause) 257M->216M(1024M) 22.952ms
[2025-03-28T20:36:07.664+0530][gc,cpu      ] GC(1094) User=0.02s Sys=0.00s Real=0.02s
[2025-03-28T20:36:07.762+0530][gc,start    ] GC(1095) Pause Young (Mixed) (G1 Evacuation Pause)
[2025-03-28T20:36:07.762+0530][gc,task     ] GC(1095) Using 2 workers of 2 for evacuation
[2025-03-28T20:36:07.773+0530][gc,phases   ] GC(1095)   Pre Evacuate Collection Set: 0.2ms
[2025-03-28T20:36:07.773+0530][gc,phases   ] GC(1095)   Merge Heap Roots: 0.1ms
[2025-03-28T20:36:07.773+0530][gc,phases   ] GC(1095)   Evacuate Collection Set: 10.0ms
[2025-03-28T20:36:07.773+0530][gc,phases   ] GC(1095)   Post Evacuate Collection Set: 0.4ms
[2025-03-28T20:36:07.773+0530][gc,phases   ] GC(1095)   Other: 0.1ms
[2025-03-28T20:36:07.773+0530][gc,heap     ] GC(1095) Eden regions: 45->0(45)
[2025-03-28T20:36:07.773+0530][gc,heap     ] GC(1095) Survivor regions: 6->6(7)
[2025-03-28T20:36:07.773+0530][gc,heap     ] GC(1095) Old regions: 63->67
[2025-03-28T20:36:07.773+0530][gc,heap     ] GC(1095) Archive regions: 2->2
[2025-03-28T20:36:07.773+0530][gc,heap     ] GC(1095) Humongous regions: 147->147
[2025-03-28T20:36:07.773+0530][gc,metaspace] GC(1095) Metaspace: 54580K(55296K)->54580K(55296K) NonClass: 48472K(48832K)->48472K(48832K) Class: 6108K(6464K)->6108K(6464K)
[2025-03-28T20:36:07.773+0530][gc          ] GC(1095) Pause Young (Mixed) (G1 Evacuation Pause) 261M->220M(1024M) 10.976ms
[2025-03-28T20:36:07.773+0530][gc,cpu      ] GC(1095) User=0.01s Sys=0.00s Real=0.00s
[2025-03-28T20:36:07.847+0530][gc,start    ] GC(1096) Pause Young (Mixed) (G1 Evacuation Pause)
[2025-03-28T20:36:07.847+0530][gc,task     ] GC(1096) Using 2 workers of 2 for evacuation
[2025-03-28T20:36:07.854+0530][gc,phases   ] GC(1096)   Pre Evacuate Collection Set: 0.2ms
[2025-03-28T20:36:07.854+0530][gc,phases   ] GC(1096)   Merge Heap Roots: 0.1ms
[2025-03-28T20:36:07.854+0530][gc,phases   ] GC(1096)   Evacuate Collection Set: 6.5ms
[2025-03-28T20:36:07.854+0530][gc,phases   ] GC(1096)   Post Evacuate Collection Set: 0.4ms
[2025-03-28T20:36:07.854+0530][gc,phases   ] GC(1096)   Other: 0.1ms
[2025-03-28T20:36:07.854+0530][gc,heap     ] GC(1096) Eden regions: 45->0(49)
[2025-03-28T20:36:07.854+0530][gc,heap     ] GC(1096) Survivor regions: 6->2(7)
[2025-03-28T20:36:07.854+0530][gc,heap     ] GC(1096) Old regions: 67->72
[2025-03-28T20:36:07.854+0530][gc,heap     ] GC(1096) Archive regions: 2->2
[2025-03-28T20:36:07.854+0530][gc,heap     ] GC(1096) Humongous regions: 149->149
[2025-03-28T20:36:07.854+0530][gc,metaspace] GC(1096) Metaspace: 54580K(55296K)->54580K(55296K) NonClass: 48472K(48832K)->48472K(48832K) Class: 6108K(6464K)->6108K(6464K)
[2025-03-28T20:36:07.854+0530][gc          ] GC(1096) Pause Young (Mixed) (G1 Evacuation Pause) 267M->222M(1024M) 7.402ms
[2025-03-28T20:36:07.854+0530][gc,cpu      ] GC(1096) User=0.02s Sys=0.00s Real=0.00s
[2025-03-28T20:36:12.425+0530][gc,start    ] GC(1097) Pause Young (Mixed) (G1 Evacuation Pause)
[2025-03-28T20:36:12.425+0530][gc,task     ] GC(1097) Using 2 workers of 2 for evacuation
[2025-03-28T20:36:12.448+0530][gc,mmu      ] GC(1097) MMU target violated: 21.0ms (20.0ms/21.0ms)
[2025-03-28T20:36:12.449+0530][gc,phases   ] GC(1097)   Pre Evacuate Collection Set: 0.4ms
[2025-03-28T20:36:12.449+0530][gc,phases   ] GC(1097)   Merge Heap Roots: 0.3ms
[2025-03-28T20:36:12.449+0530][gc,phases   ] GC(1097)   Evacuate Collection Set: 17.6ms
[2025-03-28T20:36:12.449+0530][gc,phases   ] GC(1097)   Post Evacuate Collection Set: 5.2ms
[2025-03-28T20:36:12.449+0530][gc,phases   ] GC(1097)   Other: 0.6ms
[2025-03-28T20:36:12.449+0530][gc,heap     ] GC(1097) Eden regions: 49->0(49)
[2025-03-28T20:36:12.449+0530][gc,heap     ] GC(1097) Survivor regions: 2->2(7)
[2025-03-28T20:36:12.449+0530][gc,heap     ] GC(1097) Old regions: 72->72
[2025-03-28T20:36:12.449+0530][gc,heap     ] GC(1097) Archive regions: 2->2
[2025-03-28T20:36:12.449+0530][gc,heap     ] GC(1097) Humongous regions: 151->147
[2025-03-28T20:36:12.449+0530][gc,metaspace] GC(1097) Metaspace: 54580K(55296K)->54580K(55296K) NonClass: 48472K(48832K)->48472K(48832K) Class: 6108K(6464K)->6108K(6464K)
[2025-03-28T20:36:12.449+0530][gc          ] GC(1097) Pause Young (Mixed) (G1 Evacuation Pause) 273M->221M(1024M) 24.737ms
[2025-03-28T20:36:12.449+0530][gc,cpu      ] GC(1097) User=0.03s Sys=0.00s Real=0.03s
[2025-03-28T20:36:12.531+0530][gc,start    ] GC(1098) Pause Young (Normal) (G1 Evacuation Pause)
[2025-03-28T20:36:12.531+0530][gc,task     ] GC(1098) Using 2 workers of 2 for evacuation
[2025-03-28T20:36:12.541+0530][gc,phases   ] GC(1098)   Pre Evacuate Collection Set: 0.1ms
[2025-03-28T20:36:12.541+0530][gc,phases   ] GC(1098)   Merge Heap Roots: 0.1ms
[2025-03-28T20:36:12.541+0530][gc,phases   ] GC(1098)   Evacuate Collection Set: 9.3ms
[2025-03-28T20:36:12.541+0530][gc,phases   ] GC(1098)   Post Evacuate Collection Set: 0.4ms
[2025-03-28T20:36:12.541+0530][gc,phases   ] GC(1098)   Other: 0.1ms
[2025-03-28T20:36:12.541+0530][gc,heap     ] GC(1098) Eden regions: 49->0(44)
[2025-03-28T20:36:12.541+0530][gc,heap     ] GC(1098) Survivor regions: 2->7(7)
[2025-03-28T20:36:12.541+0530][gc,heap     ] GC(1098) Old regions: 72->72
[2025-03-28T20:36:12.541+0530][gc,heap     ] GC(1098) Archive regions: 2->2
[2025-03-28T20:36:12.541+0530][gc,heap     ] GC(1098) Humongous regions: 147->147
[2025-03-28T20:36:12.541+0530][gc,metaspace] GC(1098) Metaspace: 54580K(55296K)->54580K(55296K) NonClass: 48472K(48832K)->48472K(48832K) Class: 6108K(6464K)->6108K(6464K)
[2025-03-28T20:36:12.541+0530][gc          ] GC(1098) Pause Young (Normal) (G1 Evacuation Pause) 270M->226M(1024M) 10.185ms
[2025-03-28T20:36:12.541+0530][gc,cpu      ] GC(1098) User=0.02s Sys=0.00s Real=0.01s
[2025-03-28T20:36:12.611+0530][gc,start    ] GC(1099) Pause Young (Normal) (G1 Evacuation Pause)
[2025-03-28T20:36:12.611+0530][gc,task     ] GC(1099) Using 2 workers of 2 for evacuation
[2025-03-28T20:36:12.617+0530][gc,phases   ] GC(1099)   Pre Evacuate Collection Set: 0.3ms
[2025-03-28T20:36:12.617+0530][gc,phases   ] GC(1099)   Merge Heap Roots: 0.1ms
[2025-03-28T20:36:12.617+0530][gc,phases   ] GC(1099)   Evacuate Collection Set: 5.2ms
[2025-03-28T20:36:12.617+0530][gc,phases   ] GC(1099)   Post Evacuate Collection Set: 0.5ms
[2025-03-28T20:36:12.617+0530][gc,phases   ] GC(1099)   Other: 0.2ms
[2025-03-28T20:36:12.617+0530][gc,heap     ] GC(1099) Eden regions: 44->0(49)
[2025-03-28T20:36:12.617+0530][gc,heap     ] GC(1099) Survivor regions: 7->2(7)
[2025-03-28T20:36:12.617+0530][gc,heap     ] GC(1099) Old regions: 72->74
[2025-03-28T20:36:12.617+0530][gc,heap     ] GC(1099) Archive regions: 2->2
[2025-03-28T20:36:12.617+0530][gc,heap     ] GC(1099) Humongous regions: 149->149
[2025-03-28T20:36:12.617+0530][gc,metaspace] GC(1099) Metaspace: 54580K(55296K)->54580K(55296K) NonClass: 48472K(48832K)->48472K(48832K) Class: 6108K(6464K)->6108K(6464K)
[2025-03-28T20:36:12.617+0530][gc          ] GC(1099) Pause Young (Normal) (G1 Evacuation Pause) 272M->225M(1024M) 6.311ms
[2025-03-28T20:36:12.617+0530][gc,cpu      ] GC(1099) User=0.01s Sys=0.00s Real=0.01s
[2025-03-28T20:36:21.040+0530][gc,start    ] GC(1100) Pause Young (Normal) (G1 Evacuation Pause)
[2025-03-28T20:36:21.040+0530][gc,task     ] GC(1100) Using 2 workers of 2 for evacuation
[2025-03-28T20:36:21.047+0530][gc,phases   ] GC(1100)   Pre Evacuate Collection Set: 0.2ms
[2025-03-28T20:36:21.047+0530][gc,phases   ] GC(1100)   Merge Heap Roots: 0.1ms
[2025-03-28T20:36:21.048+0530][gc,phases   ] GC(1100)   Evacuate Collection Set: 6.4ms
[2025-03-28T20:36:21.048+0530][gc,phases   ] GC(1100)   Post Evacuate Collection Set: 0.6ms
[2025-03-28T20:36:21.048+0530][gc,phases   ] GC(1100)   Other: 0.1ms
[2025-03-28T20:36:21.048+0530][gc,heap     ] GC(1100) Eden regions: 49->0(47)
[2025-03-28T20:36:21.048+0530][gc,heap     ] GC(1100) Survivor regions: 2->4(7)
[2025-03-28T20:36:21.048+0530][gc,heap     ] GC(1100) Old regions: 74->74
[2025-03-28T20:36:21.048+0530][gc,heap     ] GC(1100) Archive regions: 2->2
[2025-03-28T20:36:21.048+0530][gc,heap     ] GC(1100) Humongous regions: 149->147
[2025-03-28T20:36:21.048+0530][gc,metaspace] GC(1100) Metaspace: 54580K(55296K)->54580K(55296K) NonClass: 48472K(48832K)->48472K(48832K) Class: 6108K(6464K)->6108K(6464K)
[2025-03-28T20:36:21.048+0530][gc          ] GC(1100) Pause Young (Normal) (G1 Evacuation Pause) 274M->225M(1024M) 7.493ms
[2025-03-28T20:36:21.048+0530][gc,cpu      ] GC(1100) User=0.01s Sys=0.00s Real=0.01s
[2025-03-28T20:36:21.127+0530][gc,start    ] GC(1101) Pause Young (Normal) (G1 Evacuation Pause)
[2025-03-28T20:36:21.127+0530][gc,task     ] GC(1101) Using 2 workers of 2 for evacuation
[2025-03-28T20:36:21.134+0530][gc,phases   ] GC(1101)   Pre Evacuate Collection Set: 0.1ms
[2025-03-28T20:36:21.134+0530][gc,phases   ] GC(1101)   Merge Heap Roots: 0.1ms
[2025-03-28T20:36:21.134+0530][gc,phases   ] GC(1101)   Evacuate Collection Set: 6.1ms
[2025-03-28T20:36:21.134+0530][gc,phases   ] GC(1101)   Post Evacuate Collection Set: 0.7ms
[2025-03-28T20:36:21.134+0530][gc,phases   ] GC(1101)   Other: 0.1ms
[2025-03-28T20:36:21.134+0530][gc,heap     ] GC(1101) Eden regions: 47->0(99)
[2025-03-28T20:36:21.134+0530][gc,heap     ] GC(1101) Survivor regions: 4->3(7)
[2025-03-28T20:36:21.134+0530][gc,heap     ] GC(1101) Old regions: 74->74
[2025-03-28T20:36:21.134+0530][gc,heap     ] GC(1101) Archive regions: 2->2
[2025-03-28T20:36:21.134+0530][gc,heap     ] GC(1101) Humongous regions: 149->149
[2025-03-28T20:36:21.134+0530][gc,metaspace] GC(1101) Metaspace: 54580K(55296K)->54580K(55296K) NonClass: 48472K(48832K)->48472K(48832K) Class: 6108K(6464K)->6108K(6464K)
[2025-03-28T20:36:21.134+0530][gc          ] GC(1101) Pause Young (Normal) (G1 Evacuation Pause) 274M->226M(1024M) 7.275ms
[2025-03-28T20:36:21.134+0530][gc,cpu      ] GC(1101) User=0.01s Sys=0.00s Real=0.00s
[2025-03-28T20:36:22.482+0530][gc,start    ] GC(1102) Pause Young (Normal) (G1 Evacuation Pause)
[2025-03-28T20:36:22.482+0530][gc,task     ] GC(1102) Using 2 workers of 2 for evacuation
[2025-03-28T20:36:22.492+0530][gc,phases   ] GC(1102)   Pre Evacuate Collection Set: 0.2ms
[2025-03-28T20:36:22.492+0530][gc,phases   ] GC(1102)   Merge Heap Roots: 0.1ms
[2025-03-28T20:36:22.492+0530][gc,phases   ] GC(1102)   Evacuate Collection Set: 9.5ms
[2025-03-28T20:36:22.492+0530][gc,phases   ] GC(1102)   Post Evacuate Collection Set: 0.7ms
[2025-03-28T20:36:22.492+0530][gc,phases   ] GC(1102)   Other: 0.1ms
[2025-03-28T20:36:22.492+0530][gc,heap     ] GC(1102) Eden regions: 99->0(43)
[2025-03-28T20:36:22.492+0530][gc,heap     ] GC(1102) Survivor regions: 3->8(13)
[2025-03-28T20:36:22.492+0530][gc,heap     ] GC(1102) Old regions: 74->74
[2025-03-28T20:36:22.492+0530][gc,heap     ] GC(1102) Archive regions: 2->2
[2025-03-28T20:36:22.492+0530][gc,heap     ] GC(1102) Humongous regions: 149->147
[2025-03-28T20:36:22.492+0530][gc,metaspace] GC(1102) Metaspace: 54580K(55296K)->54580K(55296K) NonClass: 48472K(48832K)->48472K(48832K) Class: 6108K(6464K)->6108K(6464K)
[2025-03-28T20:36:22.493+0530][gc          ] GC(1102) Pause Young (Normal) (G1 Evacuation Pause) 325M->228M(1024M) 10.657ms
[2025-03-28T20:36:22.493+0530][gc,cpu      ] GC(1102) User=0.02s Sys=0.00s Real=0.01s
[2025-03-28T20:36:22.552+0530][gc,start    ] GC(1103) Pause Young (Normal) (G1 Evacuation Pause)
[2025-03-28T20:36:22.552+0530][gc,task     ] GC(1103) Using 2 workers of 2 for evacuation
[2025-03-28T20:36:22.563+0530][gc,phases   ] GC(1103)   Pre Evacuate Collection Set: 1.1ms
[2025-03-28T20:36:22.563+0530][gc,phases   ] GC(1103)   Merge Heap Roots: 2.9ms
[2025-03-28T20:36:22.563+0530][gc,phases   ] GC(1103)   Evacuate Collection Set: 6.4ms
[2025-03-28T20:36:22.563+0530][gc,phases   ] GC(1103)   Post Evacuate Collection Set: 0.6ms
[2025-03-28T20:36:22.563+0530][gc,phases   ] GC(1103)   Other: 0.1ms
[2025-03-28T20:36:22.563+0530][gc,heap     ] GC(1103) Eden regions: 43->0(88)
[2025-03-28T20:36:22.563+0530][gc,heap     ] GC(1103) Survivor regions: 8->2(7)
[2025-03-28T20:36:22.563+0530][gc,heap     ] GC(1103) Old regions: 74->76
[2025-03-28T20:36:22.563+0530][gc,heap     ] GC(1103) Archive regions: 2->2
[2025-03-28T20:36:22.563+0530][gc,heap     ] GC(1103) Humongous regions: 149->149
[2025-03-28T20:36:22.563+0530][gc,metaspace] GC(1103) Metaspace: 54580K(55296K)->54580K(55296K) NonClass: 48472K(48832K)->48472K(48832K) Class: 6108K(6464K)->6108K(6464K)
[2025-03-28T20:36:22.563+0530][gc          ] GC(1103) Pause Young (Normal) (G1 Evacuation Pause) 273M->227M(1024M) 11.227ms
[2025-03-28T20:36:22.563+0530][gc,cpu      ] GC(1103) User=0.02s Sys=0.00s Real=0.01s
[2025-03-28T20:36:31.480+0530][gc,start    ] GC(1104) Pause Young (Normal) (G1 Evacuation Pause)
[2025-03-28T20:36:31.480+0530][gc,task     ] GC(1104) Using 2 workers of 2 for evacuation
[2025-03-28T20:36:31.487+0530][gc,phases   ] GC(1104)   Pre Evacuate Collection Set: 0.2ms
[2025-03-28T20:36:31.487+0530][gc,phases   ] GC(1104)   Merge Heap Roots: 0.1ms
[2025-03-28T20:36:31.487+0530][gc,phases   ] GC(1104)   Evacuate Collection Set: 5.3ms
[2025-03-28T20:36:31.487+0530][gc,phases   ] GC(1104)   Post Evacuate Collection Set: 0.8ms
[2025-03-28T20:36:31.487+0530][gc,phases   ] GC(1104)   Other: 0.1ms
[2025-03-28T20:36:31.487+0530][gc,heap     ] GC(1104) Eden regions: 88->0(121)
[2025-03-28T20:36:31.487+0530][gc,heap     ] GC(1104) Survivor regions: 2->3(12)
[2025-03-28T20:36:31.487+0530][gc,heap     ] GC(1104) Old regions: 76->76
[2025-03-28T20:36:31.487+0530][gc,heap     ] GC(1104) Archive regions: 2->2
[2025-03-28T20:36:31.487+0530][gc,heap     ] GC(1104) Humongous regions: 151->149
[2025-03-28T20:36:31.487+0530][gc,metaspace] GC(1104) Metaspace: 54580K(55296K)->54580K(55296K) NonClass: 48472K(48832K)->48472K(48832K) Class: 6108K(6464K)->6108K(6464K)
[2025-03-28T20:36:31.487+0530][gc          ] GC(1104) Pause Young (Normal) (G1 Evacuation Pause) 317M->228M(1024M) 6.602ms
[2025-03-28T20:36:31.487+0530][gc,cpu      ] GC(1104) User=0.01s Sys=0.00s Real=0.02s
[2025-03-28T20:36:32.580+0530][gc,start    ] GC(1105) Pause Young (Normal) (G1 Evacuation Pause)
[2025-03-28T20:36:32.580+0530][gc,task     ] GC(1105) Using 2 workers of 2 for evacuation
[2025-03-28T20:36:32.586+0530][gc,phases   ] GC(1105)   Pre Evacuate Collection Set: 0.2ms
[2025-03-28T20:36:32.586+0530][gc,phases   ] GC(1105)   Merge Heap Roots: 0.1ms
[2025-03-28T20:36:32.586+0530][gc,phases   ] GC(1105)   Evacuate Collection Set: 5.2ms
[2025-03-28T20:36:32.586+0530][gc,phases   ] GC(1105)   Post Evacuate Collection Set: 0.7ms
[2025-03-28T20:36:32.586+0530][gc,phases   ] GC(1105)   Other: 0.1ms
[2025-03-28T20:36:32.586+0530][gc,heap     ] GC(1105) Eden regions: 121->0(174)
[2025-03-28T20:36:32.586+0530][gc,heap     ] GC(1105) Survivor regions: 3->3(16)
[2025-03-28T20:36:32.586+0530][gc,heap     ] GC(1105) Old regions: 76->76
[2025-03-28T20:36:32.586+0530][gc,heap     ] GC(1105) Archive regions: 2->2
[2025-03-28T20:36:32.586+0530][gc,heap     ] GC(1105) Humongous regions: 151->149
[2025-03-28T20:36:32.586+0530][gc,metaspace] GC(1105) Metaspace: 54580K(55296K)->54580K(55296K) NonClass: 48472K(48832K)->48472K(48832K) Class: 6108K(6464K)->6108K(6464K)
[2025-03-28T20:36:32.586+0530][gc          ] GC(1105) Pause Young (Normal) (G1 Evacuation Pause) 351M->227M(1024M) 6.356ms
[2025-03-28T20:36:32.586+0530][gc,cpu      ] GC(1105) User=0.01s Sys=0.00s Real=0.01s
[2025-03-28T20:36:42.491+0530][gc,start    ] GC(1106) Pause Young (Normal) (G1 Evacuation Pause)
[2025-03-28T20:36:42.491+0530][gc,task     ] GC(1106) Using 2 workers of 2 for evacuation
[2025-03-28T20:36:42.499+0530][gc,phases   ] GC(1106)   Pre Evacuate Collection Set: 0.5ms
[2025-03-28T20:36:42.499+0530][gc,phases   ] GC(1106)   Merge Heap Roots: 0.2ms
[2025-03-28T20:36:42.499+0530][gc,phases   ] GC(1106)   Evacuate Collection Set: 6.4ms
[2025-03-28T20:36:42.499+0530][gc,phases   ] GC(1106)   Post Evacuate Collection Set: 0.5ms
[2025-03-28T20:36:42.499+0530][gc,phases   ] GC(1106)   Other: 0.2ms
[2025-03-28T20:36:42.499+0530][gc,heap     ] GC(1106) Eden regions: 174->0(235)
[2025-03-28T20:36:42.499+0530][gc,heap     ] GC(1106) Survivor regions: 3->4(23)
[2025-03-28T20:36:42.499+0530][gc,heap     ] GC(1106) Old regions: 76->76
[2025-03-28T20:36:42.499+0530][gc,heap     ] GC(1106) Archive regions: 2->2
[2025-03-28T20:36:42.499+0530][gc,heap     ] GC(1106) Humongous regions: 151->147
[2025-03-28T20:36:42.499+0530][gc,metaspace] GC(1106) Metaspace: 54581K(55296K)->54581K(55296K) NonClass: 48473K(48832K)->48473K(48832K) Class: 6108K(6464K)->6108K(6464K)
[2025-03-28T20:36:42.499+0530][gc          ] GC(1106) Pause Young (Normal) (G1 Evacuation Pause) 403M->227M(1024M) 7.870ms
[2025-03-28T20:36:42.499+0530][gc,cpu      ] GC(1106) User=0.01s Sys=0.00s Real=0.02s
[2025-03-28T20:36:42.579+0530][gc,start    ] GC(1107) Pause Young (Concurrent Start) (G1 Humongous Allocation)
[2025-03-28T20:36:42.579+0530][gc,task     ] GC(1107) Using 2 workers of 2 for evacuation
[2025-03-28T20:36:42.586+0530][gc,phases   ] GC(1107)   Pre Evacuate Collection Set: 0.2ms
[2025-03-28T20:36:42.586+0530][gc,phases   ] GC(1107)   Merge Heap Roots: 0.1ms
[2025-03-28T20:36:42.586+0530][gc,phases   ] GC(1107)   Evacuate Collection Set: 6.2ms
[2025-03-28T20:36:42.586+0530][gc,phases   ] GC(1107)   Post Evacuate Collection Set: 0.9ms
[2025-03-28T20:36:42.586+0530][gc,phases   ] GC(1107)   Other: 0.2ms
[2025-03-28T20:36:42.586+0530][gc,heap     ] GC(1107) Eden regions: 42->0(321)
[2025-03-28T20:36:42.586+0530][gc,heap     ] GC(1107) Survivor regions: 4->3(30)
[2025-03-28T20:36:42.586+0530][gc,heap     ] GC(1107) Old regions: 76->76
[2025-03-28T20:36:42.586+0530][gc,heap     ] GC(1107) Archive regions: 2->2
[2025-03-28T20:36:42.586+0530][gc,heap     ] GC(1107) Humongous regions: 147->147
[2025-03-28T20:36:42.586+0530][gc,metaspace] GC(1107) Metaspace: 54581K(55296K)->54581K(55296K) NonClass: 48473K(48832K)->48473K(48832K) Class: 6108K(6464K)->6108K(6464K)
[2025-03-28T20:36:42.587+0530][gc          ] GC(1107) Pause Young (Concurrent Start) (G1 Humongous Allocation) 268M->226M(1024M) 7.736ms
[2025-03-28T20:36:42.587+0530][gc,cpu      ] GC(1107) User=0.01s Sys=0.01s Real=0.01s
[2025-03-28T20:36:42.587+0530][gc          ] GC(1108) Concurrent Mark Cycle
[2025-03-28T20:36:42.587+0530][gc,marking  ] GC(1108) Concurrent Clear Claimed Marks
[2025-03-28T20:36:42.587+0530][gc,marking  ] GC(1108) Concurrent Clear Claimed Marks 0.091ms
[2025-03-28T20:36:42.587+0530][gc,marking  ] GC(1108) Concurrent Scan Root Regions
[2025-03-28T20:36:42.592+0530][gc,marking  ] GC(1108) Concurrent Scan Root Regions 4.924ms
[2025-03-28T20:36:42.592+0530][gc,marking  ] GC(1108) Concurrent Mark
[2025-03-28T20:36:42.592+0530][gc,marking  ] GC(1108) Concurrent Mark From Roots
[2025-03-28T20:36:42.592+0530][gc,task     ] GC(1108) Using 1 workers of 1 for marking
[2025-03-28T20:36:42.669+0530][gc,marking  ] GC(1108) Concurrent Mark From Roots 77.720ms
[2025-03-28T20:36:42.670+0530][gc,marking  ] GC(1108) Concurrent Preclean
[2025-03-28T20:36:42.670+0530][gc,marking  ] GC(1108) Concurrent Preclean 0.132ms
[2025-03-28T20:36:42.670+0530][gc,start    ] GC(1108) Pause Remark
[2025-03-28T20:36:42.687+0530][gc          ] GC(1108) Pause Remark 268M->259M(1024M) 17.144ms
[2025-03-28T20:36:42.687+0530][gc,cpu      ] GC(1108) User=0.03s Sys=0.00s Real=0.02s
[2025-03-28T20:36:42.687+0530][gc,marking  ] GC(1108) Concurrent Mark 95.305ms
[2025-03-28T20:36:42.687+0530][gc,marking  ] GC(1108) Concurrent Rebuild Remembered Sets
[2025-03-28T20:36:42.725+0530][gc,marking  ] GC(1108) Concurrent Rebuild Remembered Sets 37.856ms
[2025-03-28T20:36:42.725+0530][gc,start    ] GC(1108) Pause Cleanup
[2025-03-28T20:36:42.725+0530][gc          ] GC(1108) Pause Cleanup 260M->260M(1024M) 0.297ms
[2025-03-28T20:36:42.725+0530][gc,cpu      ] GC(1108) User=0.00s Sys=0.00s Real=0.01s
[2025-03-28T20:36:42.725+0530][gc,marking  ] GC(1108) Concurrent Cleanup for Next Mark
[2025-03-28T20:36:42.728+0530][gc,marking  ] GC(1108) Concurrent Cleanup for Next Mark 2.541ms
[2025-03-28T20:36:42.728+0530][gc          ] GC(1108) Concurrent Mark Cycle 141.328ms
[2025-03-28T20:36:57.421+0530][gc,start    ] GC(1109) Pause Young (Prepare Mixed) (G1 Evacuation Pause)
[2025-03-28T20:36:57.421+0530][gc,task     ] GC(1109) Using 2 workers of 2 for evacuation
[2025-03-28T20:36:57.436+0530][gc,phases   ] GC(1109)   Pre Evacuate Collection Set: 0.5ms
[2025-03-28T20:36:57.436+0530][gc,phases   ] GC(1109)   Merge Heap Roots: 0.4ms
[2025-03-28T20:36:57.436+0530][gc,phases   ] GC(1109)   Evacuate Collection Set: 12.7ms
[2025-03-28T20:36:57.436+0530][gc,phases   ] GC(1109)   Post Evacuate Collection Set: 1.1ms
[2025-03-28T20:36:57.436+0530][gc,phases   ] GC(1109)   Other: 0.3ms
[2025-03-28T20:36:57.436+0530][gc,heap     ] GC(1109) Eden regions: 271->0(49)
[2025-03-28T20:36:57.436+0530][gc,heap     ] GC(1109) Survivor regions: 3->2(35)
[2025-03-28T20:36:57.436+0530][gc,heap     ] GC(1109) Old regions: 67->67
[2025-03-28T20:36:57.436+0530][gc,heap     ] GC(1109) Archive regions: 2->2
[2025-03-28T20:36:57.436+0530][gc,heap     ] GC(1109) Humongous regions: 153->147
[2025-03-28T20:36:57.436+0530][gc,metaspace] GC(1109) Metaspace: 54581K(55296K)->54581K(55296K) NonClass: 48473K(48832K)->48473K(48832K) Class: 6108K(6464K)->6108K(6464K)
[2025-03-28T20:36:57.436+0530][gc          ] GC(1109) Pause Young (Prepare Mixed) (G1 Evacuation Pause) 494M->216M(1024M) 15.083ms
[2025-03-28T20:36:57.436+0530][gc,cpu      ] GC(1109) User=0.03s Sys=0.00s Real=0.02s
[2025-03-28T20:37:01.337+0530][gc,start    ] GC(1110) Pause Young (Mixed) (G1 Evacuation Pause)
[2025-03-28T20:37:01.337+0530][gc,task     ] GC(1110) Using 2 workers of 2 for evacuation
[2025-03-28T20:37:01.350+0530][gc,phases   ] GC(1110)   Pre Evacuate Collection Set: 0.2ms
[2025-03-28T20:37:01.350+0530][gc,phases   ] GC(1110)   Merge Heap Roots: 0.2ms
[2025-03-28T20:37:01.350+0530][gc,phases   ] GC(1110)   Evacuate Collection Set: 12.6ms
[2025-03-28T20:37:01.350+0530][gc,phases   ] GC(1110)   Post Evacuate Collection Set: 0.6ms
[2025-03-28T20:37:01.350+0530][gc,phases   ] GC(1110)   Other: 0.1ms
[2025-03-28T20:37:01.350+0530][gc,heap     ] GC(1110) Eden regions: 49->0(62)
[2025-03-28T20:37:01.350+0530][gc,heap     ] GC(1110) Survivor regions: 2->7(7)
[2025-03-28T20:37:01.350+0530][gc,heap     ] GC(1110) Old regions: 67->62
[2025-03-28T20:37:01.350+0530][gc,heap     ] GC(1110) Archive regions: 2->2
[2025-03-28T20:37:01.350+0530][gc,heap     ] GC(1110) Humongous regions: 147->147
[2025-03-28T20:37:01.350+0530][gc,metaspace] GC(1110) Metaspace: 54581K(55296K)->54581K(55296K) NonClass: 48473K(48832K)->48473K(48832K) Class: 6108K(6464K)->6108K(6464K)
[2025-03-28T20:37:01.350+0530][gc          ] GC(1110) Pause Young (Mixed) (G1 Evacuation Pause) 265M->215M(1024M) 13.797ms
[2025-03-28T20:37:01.350+0530][gc,cpu      ] GC(1110) User=0.03s Sys=0.00s Real=0.01s
[2025-03-28T20:37:01.455+0530][gc,start    ] GC(1111) Pause Young (Normal) (G1 Evacuation Pause)
[2025-03-28T20:37:01.455+0530][gc,task     ] GC(1111) Using 2 workers of 2 for evacuation
[2025-03-28T20:37:01.466+0530][gc,phases   ] GC(1111)   Pre Evacuate Collection Set: 0.9ms
[2025-03-28T20:37:01.466+0530][gc,phases   ] GC(1111)   Merge Heap Roots: 0.2ms
[2025-03-28T20:37:01.466+0530][gc,phases   ] GC(1111)   Evacuate Collection Set: 8.9ms
[2025-03-28T20:37:01.466+0530][gc,phases   ] GC(1111)   Post Evacuate Collection Set: 0.5ms
[2025-03-28T20:37:01.466+0530][gc,phases   ] GC(1111)   Other: 0.1ms
[2025-03-28T20:37:01.466+0530][gc,heap     ] GC(1111) Eden regions: 62->0(226)
[2025-03-28T20:37:01.466+0530][gc,heap     ] GC(1111) Survivor regions: 7->2(9)
[2025-03-28T20:37:01.466+0530][gc,heap     ] GC(1111) Old regions: 62->63
[2025-03-28T20:37:01.466+0530][gc,heap     ] GC(1111) Archive regions: 2->2
[2025-03-28T20:37:01.466+0530][gc,heap     ] GC(1111) Humongous regions: 149->149
[2025-03-28T20:37:01.466+0530][gc,metaspace] GC(1111) Metaspace: 54581K(55296K)->54581K(55296K) NonClass: 48473K(48832K)->48473K(48832K) Class: 6108K(6464K)->6108K(6464K)
[2025-03-28T20:37:01.466+0530][gc          ] GC(1111) Pause Young (Normal) (G1 Evacuation Pause) 279M->214M(1024M) 10.725ms
[2025-03-28T20:37:01.466+0530][gc,cpu      ] GC(1111) User=0.01s Sys=0.00s Real=0.03s
[2025-03-28T20:37:11.494+0530][gc,start    ] GC(1112) Pause Young (Normal) (G1 Evacuation Pause)
[2025-03-28T20:37:11.494+0530][gc,task     ] GC(1112) Using 2 workers of 2 for evacuation
[2025-03-28T20:37:11.508+0530][gc,phases   ] GC(1112)   Pre Evacuate Collection Set: 0.2ms
[2025-03-28T20:37:11.508+0530][gc,phases   ] GC(1112)   Merge Heap Roots: 0.2ms
[2025-03-28T20:37:11.508+0530][gc,phases   ] GC(1112)   Evacuate Collection Set: 12.8ms
[2025-03-28T20:37:11.508+0530][gc,phases   ] GC(1112)   Post Evacuate Collection Set: 0.7ms
[2025-03-28T20:37:11.508+0530][gc,phases   ] GC(1112)   Other: 0.2ms
[2025-03-28T20:37:11.508+0530][gc,heap     ] GC(1112) Eden regions: 226->0(288)
[2025-03-28T20:37:11.508+0530][gc,heap     ] GC(1112) Survivor regions: 2->3(29)
[2025-03-28T20:37:11.508+0530][gc,heap     ] GC(1112) Old regions: 63->63
[2025-03-28T20:37:11.508+0530][gc,heap     ] GC(1112) Archive regions: 2->2
[2025-03-28T20:37:11.508+0530][gc,heap     ] GC(1112) Humongous regions: 153->149
[2025-03-28T20:37:11.508+0530][gc,metaspace] GC(1112) Metaspace: 54582K(55296K)->54582K(55296K) NonClass: 48473K(48832K)->48473K(48832K) Class: 6108K(6464K)->6108K(6464K)
[2025-03-28T20:37:11.508+0530][gc          ] GC(1112) Pause Young (Normal) (G1 Evacuation Pause) 444M->215M(1024M) 14.193ms
[2025-03-28T20:37:11.508+0530][gc,cpu      ] GC(1112) User=0.02s Sys=0.00s Real=0.02s
[2025-03-28T20:37:12.542+0530][gc,start    ] GC(1113) Pause Young (Concurrent Start) (G1 Humongous Allocation)
[2025-03-28T20:37:12.543+0530][gc,task     ] GC(1113) Using 2 workers of 2 for evacuation
[2025-03-28T20:37:12.549+0530][gc,phases   ] GC(1113)   Pre Evacuate Collection Set: 0.3ms
[2025-03-28T20:37:12.549+0530][gc,phases   ] GC(1113)   Merge Heap Roots: 0.1ms
[2025-03-28T20:37:12.549+0530][gc,phases   ] GC(1113)   Evacuate Collection Set: 5.5ms
[2025-03-28T20:37:12.549+0530][gc,phases   ] GC(1113)   Post Evacuate Collection Set: 0.6ms
[2025-03-28T20:37:12.549+0530][gc,phases   ] GC(1113)   Other: 0.2ms
[2025-03-28T20:37:12.549+0530][gc,heap     ] GC(1113) Eden regions: 76->0(611)
[2025-03-28T20:37:12.549+0530][gc,heap     ] GC(1113) Survivor regions: 3->3(37)
[2025-03-28T20:37:12.549+0530][gc,heap     ] GC(1113) Old regions: 63->63
[2025-03-28T20:37:12.549+0530][gc,heap     ] GC(1113) Archive regions: 2->2
[2025-03-28T20:37:12.549+0530][gc,heap     ] GC(1113) Humongous regions: 149->147
[2025-03-28T20:37:12.549+0530][gc,metaspace] GC(1113) Metaspace: 54582K(55296K)->54582K(55296K) NonClass: 48473K(48832K)->48473K(48832K) Class: 6108K(6464K)->6108K(6464K)
[2025-03-28T20:37:12.549+0530][gc          ] GC(1113) Pause Young (Concurrent Start) (G1 Humongous Allocation) 291M->213M(1024M) 6.849ms
[2025-03-28T20:37:12.549+0530][gc,cpu      ] GC(1113) User=0.01s Sys=0.00s Real=0.01s
[2025-03-28T20:37:12.549+0530][gc          ] GC(1114) Concurrent Mark Cycle
[2025-03-28T20:37:12.549+0530][gc,marking  ] GC(1114) Concurrent Clear Claimed Marks
[2025-03-28T20:37:12.549+0530][gc,marking  ] GC(1114) Concurrent Clear Claimed Marks 0.081ms
[2025-03-28T20:37:12.549+0530][gc,marking  ] GC(1114) Concurrent Scan Root Regions
[2025-03-28T20:37:12.554+0530][gc,marking  ] GC(1114) Concurrent Scan Root Regions 4.266ms
[2025-03-28T20:37:12.554+0530][gc,marking  ] GC(1114) Concurrent Mark
[2025-03-28T20:37:12.554+0530][gc,marking  ] GC(1114) Concurrent Mark From Roots
[2025-03-28T20:37:12.554+0530][gc,task     ] GC(1114) Using 1 workers of 1 for marking
[2025-03-28T20:37:12.654+0530][gc,marking  ] GC(1114) Concurrent Mark From Roots 99.773ms
[2025-03-28T20:37:12.654+0530][gc,marking  ] GC(1114) Concurrent Preclean
[2025-03-28T20:37:12.654+0530][gc,marking  ] GC(1114) Concurrent Preclean 0.210ms
[2025-03-28T20:37:12.655+0530][gc,start    ] GC(1114) Pause Remark
[2025-03-28T20:37:12.677+0530][gc,mmu      ] GC(1114) MMU target violated: 21.0ms (20.0ms/21.0ms)
[2025-03-28T20:37:12.678+0530][gc          ] GC(1114) Pause Remark 256M->256M(1024M) 22.433ms
[2025-03-28T20:37:12.678+0530][gc,cpu      ] GC(1114) User=0.04s Sys=0.01s Real=0.02s
[2025-03-28T20:37:12.678+0530][gc,marking  ] GC(1114) Concurrent Mark 124.087ms
[2025-03-28T20:37:12.678+0530][gc,marking  ] GC(1114) Concurrent Rebuild Remembered Sets
[2025-03-28T20:37:12.718+0530][gc,marking  ] GC(1114) Concurrent Rebuild Remembered Sets 40.233ms
[2025-03-28T20:37:12.718+0530][gc,start    ] GC(1114) Pause Cleanup
[2025-03-28T20:37:12.718+0530][gc          ] GC(1114) Pause Cleanup 256M->256M(1024M) 0.222ms
[2025-03-28T20:37:12.718+0530][gc,cpu      ] GC(1114) User=0.00s Sys=0.00s Real=0.00s
[2025-03-28T20:37:12.719+0530][gc,marking  ] GC(1114) Concurrent Cleanup for Next Mark
[2025-03-28T20:37:12.721+0530][gc,marking  ] GC(1114) Concurrent Cleanup for Next Mark 2.202ms
[2025-03-28T20:37:12.721+0530][gc          ] GC(1114) Concurrent Mark Cycle 171.409ms
[2025-03-28T20:37:32.520+0530][gc,start    ] GC(1115) Pause Young (Prepare Mixed) (G1 Evacuation Pause)
[2025-03-28T20:37:32.520+0530][gc,task     ] GC(1115) Using 2 workers of 2 for evacuation
[2025-03-28T20:37:32.528+0530][gc,phases   ] GC(1115)   Pre Evacuate Collection Set: 0.2ms
[2025-03-28T20:37:32.528+0530][gc,phases   ] GC(1115)   Merge Heap Roots: 0.2ms
[2025-03-28T20:37:32.528+0530][gc,phases   ] GC(1115)   Evacuate Collection Set: 7.2ms
[2025-03-28T20:37:32.528+0530][gc,phases   ] GC(1115)   Post Evacuate Collection Set: 0.7ms
[2025-03-28T20:37:32.528+0530][gc,phases   ] GC(1115)   Other: 0.2ms
[2025-03-28T20:37:32.528+0530][gc,heap     ] GC(1115) Eden regions: 412->0(47)
[2025-03-28T20:37:32.528+0530][gc,heap     ] GC(1115) Survivor regions: 3->4(52)
[2025-03-28T20:37:32.528+0530][gc,heap     ] GC(1115) Old regions: 63->63
[2025-03-28T20:37:32.528+0530][gc,heap     ] GC(1115) Archive regions: 2->2
[2025-03-28T20:37:32.528+0530][gc,heap     ] GC(1115) Humongous regions: 155->147
[2025-03-28T20:37:32.528+0530][gc,metaspace] GC(1115) Metaspace: 54582K(55296K)->54582K(55296K) NonClass: 48473K(48832K)->48473K(48832K) Class: 6108K(6464K)->6108K(6464K)
[2025-03-28T20:37:32.528+0530][gc          ] GC(1115) Pause Young (Prepare Mixed) (G1 Evacuation Pause) 633M->214M(1024M) 8.563ms
[2025-03-28T20:37:32.528+0530][gc,cpu      ] GC(1115) User=0.01s Sys=0.00s Real=0.01s
[2025-03-28T20:37:32.607+0530][gc,start    ] GC(1116) Pause Young (Mixed) (G1 Evacuation Pause)
[2025-03-28T20:37:32.607+0530][gc,task     ] GC(1116) Using 2 workers of 2 for evacuation
[2025-03-28T20:37:32.615+0530][gc,phases   ] GC(1116)   Pre Evacuate Collection Set: 0.2ms
[2025-03-28T20:37:32.615+0530][gc,phases   ] GC(1116)   Merge Heap Roots: 0.2ms
[2025-03-28T20:37:32.615+0530][gc,phases   ] GC(1116)   Evacuate Collection Set: 7.0ms
[2025-03-28T20:37:32.615+0530][gc,phases   ] GC(1116)   Post Evacuate Collection Set: 0.5ms
[2025-03-28T20:37:32.615+0530][gc,phases   ] GC(1116)   Other: 0.2ms
[2025-03-28T20:37:32.615+0530][gc,heap     ] GC(1116) Eden regions: 47->0(610)
[2025-03-28T20:37:32.615+0530][gc,heap     ] GC(1116) Survivor regions: 4->4(7)
[2025-03-28T20:37:32.615+0530][gc,heap     ] GC(1116) Old regions: 63->59
[2025-03-28T20:37:32.615+0530][gc,heap     ] GC(1116) Archive regions: 2->2
[2025-03-28T20:37:32.615+0530][gc,heap     ] GC(1116) Humongous regions: 149->149
[2025-03-28T20:37:32.615+0530][gc,metaspace] GC(1116) Metaspace: 54582K(55296K)->54582K(55296K) NonClass: 48473K(48832K)->48473K(48832K) Class: 6108K(6464K)->6108K(6464K)
[2025-03-28T20:37:32.615+0530][gc          ] GC(1116) Pause Young (Mixed) (G1 Evacuation Pause) 263M->211M(1024M) 8.207ms
[2025-03-28T20:37:32.615+0530][gc,cpu      ] GC(1116) User=0.02s Sys=0.00s Real=0.01s
[2025-03-28T20:38:01.158+0530][gc,start    ] GC(1117) Pause Young (Normal) (G1 Evacuation Pause)
[2025-03-28T20:38:01.158+0530][gc,task     ] GC(1117) Using 2 workers of 2 for evacuation
[2025-03-28T20:38:01.172+0530][gc,phases   ] GC(1117)   Pre Evacuate Collection Set: 0.3ms
[2025-03-28T20:38:01.172+0530][gc,phases   ] GC(1117)   Merge Heap Roots: 0.3ms
[2025-03-28T20:38:01.172+0530][gc,phases   ] GC(1117)   Evacuate Collection Set: 11.5ms
[2025-03-28T20:38:01.172+0530][gc,phases   ] GC(1117)   Post Evacuate Collection Set: 1.1ms
[2025-03-28T20:38:01.172+0530][gc,phases   ] GC(1117)   Other: 0.2ms
[2025-03-28T20:38:01.172+0530][gc,heap     ] GC(1117) Eden regions: 606->0(610)
[2025-03-28T20:38:01.172+0530][gc,heap     ] GC(1117) Survivor regions: 4->4(77)
[2025-03-28T20:38:01.172+0530][gc,heap     ] GC(1117) Old regions: 59->59
[2025-03-28T20:38:01.172+0530][gc,heap     ] GC(1117) Archive regions: 2->2
[2025-03-28T20:38:01.172+0530][gc,heap     ] GC(1117) Humongous regions: 159->149
[2025-03-28T20:38:01.172+0530][gc,metaspace] GC(1117) Metaspace: 54582K(55296K)->54582K(55296K) NonClass: 48473K(48832K)->48473K(48832K) Class: 6108K(6464K)->6108K(6464K)
[2025-03-28T20:38:01.172+0530][gc          ] GC(1117) Pause Young (Normal) (G1 Evacuation Pause) 827M->212M(1024M) 13.452ms
[2025-03-28T20:38:01.172+0530][gc,cpu      ] GC(1117) User=0.02s Sys=0.00s Real=0.01s
[2025-03-28T20:38:02.560+0530][gc,start    ] GC(1118) Pause Young (Concurrent Start) (G1 Humongous Allocation)
[2025-03-28T20:38:02.560+0530][gc,task     ] GC(1118) Using 2 workers of 2 for evacuation
[2025-03-28T20:38:02.570+0530][gc,phases   ] GC(1118)   Pre Evacuate Collection Set: 0.2ms
[2025-03-28T20:38:02.570+0530][gc,phases   ] GC(1118)   Merge Heap Roots: 0.1ms
[2025-03-28T20:38:02.570+0530][gc,phases   ] GC(1118)   Evacuate Collection Set: 7.9ms
[2025-03-28T20:38:02.570+0530][gc,phases   ] GC(1118)   Post Evacuate Collection Set: 0.7ms
[2025-03-28T20:38:02.570+0530][gc,phases   ] GC(1118)   Other: 0.2ms
[2025-03-28T20:38:02.570+0530][gc,heap     ] GC(1118) Eden regions: 79->0(610)
[2025-03-28T20:38:02.570+0530][gc,heap     ] GC(1118) Survivor regions: 4->4(77)
[2025-03-28T20:38:02.570+0530][gc,heap     ] GC(1118) Old regions: 59->59
[2025-03-28T20:38:02.570+0530][gc,heap     ] GC(1118) Archive regions: 2->2
[2025-03-28T20:38:02.570+0530][gc,heap     ] GC(1118) Humongous regions: 149->147
[2025-03-28T20:38:02.570+0530][gc,metaspace] GC(1118) Metaspace: 54582K(55296K)->54582K(55296K) NonClass: 48473K(48832K)->48473K(48832K) Class: 6108K(6464K)->6108K(6464K)
[2025-03-28T20:38:02.570+0530][gc          ] GC(1118) Pause Young (Concurrent Start) (G1 Humongous Allocation) 290M->210M(1024M) 9.266ms
[2025-03-28T20:38:02.570+0530][gc,cpu      ] GC(1118) User=0.02s Sys=0.01s Real=0.01s
[2025-03-28T20:38:02.570+0530][gc          ] GC(1119) Concurrent Mark Cycle
[2025-03-28T20:38:02.570+0530][gc,marking  ] GC(1119) Concurrent Clear Claimed Marks
[2025-03-28T20:38:02.570+0530][gc,marking  ] GC(1119) Concurrent Clear Claimed Marks 0.096ms
[2025-03-28T20:38:02.570+0530][gc,marking  ] GC(1119) Concurrent Scan Root Regions
[2025-03-28T20:38:02.577+0530][gc,marking  ] GC(1119) Concurrent Scan Root Regions 7.479ms
[2025-03-28T20:38:02.577+0530][gc,marking  ] GC(1119) Concurrent Mark
[2025-03-28T20:38:02.577+0530][gc,marking  ] GC(1119) Concurrent Mark From Roots
[2025-03-28T20:38:02.577+0530][gc,task     ] GC(1119) Using 1 workers of 1 for marking
[2025-03-28T20:38:02.653+0530][gc,marking  ] GC(1119) Concurrent Mark From Roots 75.561ms
[2025-03-28T20:38:02.653+0530][gc,marking  ] GC(1119) Concurrent Preclean
[2025-03-28T20:38:02.653+0530][gc,marking  ] GC(1119) Concurrent Preclean 0.136ms
[2025-03-28T20:38:02.653+0530][gc,start    ] GC(1119) Pause Remark
[2025-03-28T20:38:02.670+0530][gc          ] GC(1119) Pause Remark 252M->252M(1024M) 17.158ms
[2025-03-28T20:38:02.671+0530][gc,cpu      ] GC(1119) User=0.03s Sys=0.00s Real=0.02s
[2025-03-28T20:38:02.671+0530][gc,marking  ] GC(1119) Concurrent Mark 93.234ms
[2025-03-28T20:38:02.671+0530][gc,marking  ] GC(1119) Concurrent Rebuild Remembered Sets
[2025-03-28T20:38:02.719+0530][gc,marking  ] GC(1119) Concurrent Rebuild Remembered Sets 48.040ms
[2025-03-28T20:38:02.719+0530][gc,start    ] GC(1119) Pause Cleanup
[2025-03-28T20:38:02.719+0530][gc          ] GC(1119) Pause Cleanup 252M->252M(1024M) 0.259ms
[2025-03-28T20:38:02.719+0530][gc,cpu      ] GC(1119) User=0.00s Sys=0.00s Real=0.00s
[2025-03-28T20:38:02.719+0530][gc,marking  ] GC(1119) Concurrent Cleanup for Next Mark
[2025-03-28T20:38:02.721+0530][gc,marking  ] GC(1119) Concurrent Cleanup for Next Mark 2.047ms
[2025-03-28T20:38:02.721+0530][gc          ] GC(1119) Concurrent Mark Cycle 151.572ms
[2025-03-28T20:38:31.480+0530][gc,start    ] GC(1120) Pause Young (Prepare Mixed) (G1 Evacuation Pause)
[2025-03-28T20:38:31.481+0530][gc,task     ] GC(1120) Using 2 workers of 2 for evacuation
[2025-03-28T20:38:31.497+0530][gc,phases   ] GC(1120)   Pre Evacuate Collection Set: 0.3ms
[2025-03-28T20:38:31.497+0530][gc,phases   ] GC(1120)   Merge Heap Roots: 0.2ms
[2025-03-28T20:38:31.497+0530][gc,phases   ] GC(1120)   Evacuate Collection Set: 14.8ms
[2025-03-28T20:38:31.497+0530][gc,phases   ] GC(1120)   Post Evacuate Collection Set: 0.7ms
[2025-03-28T20:38:31.497+0530][gc,phases   ] GC(1120)   Other: 0.8ms
[2025-03-28T20:38:31.497+0530][gc,heap     ] GC(1120) Eden regions: 610->0(46)
[2025-03-28T20:38:31.497+0530][gc,heap     ] GC(1120) Survivor regions: 4->5(77)
[2025-03-28T20:38:31.497+0530][gc,heap     ] GC(1120) Old regions: 59->59
[2025-03-28T20:38:31.497+0530][gc,heap     ] GC(1120) Archive regions: 2->2
[2025-03-28T20:38:31.497+0530][gc,heap     ] GC(1120) Humongous regions: 159->149
[2025-03-28T20:38:31.497+0530][gc,metaspace] GC(1120) Metaspace: 54582K(55296K)->54582K(55296K) NonClass: 48473K(48832K)->48473K(48832K) Class: 6108K(6464K)->6108K(6464K)
[2025-03-28T20:38:31.497+0530][gc          ] GC(1120) Pause Young (Prepare Mixed) (G1 Evacuation Pause) 832M->213M(1024M) 16.926ms
[2025-03-28T20:38:31.497+0530][gc,cpu      ] GC(1120) User=0.02s Sys=0.00s Real=0.02s
[2025-03-28T20:38:32.490+0530][gc,start    ] GC(1121) Pause Young (Mixed) (G1 Evacuation Pause)
[2025-03-28T20:38:32.490+0530][gc,task     ] GC(1121) Using 2 workers of 2 for evacuation
[2025-03-28T20:38:32.501+0530][gc,phases   ] GC(1121)   Pre Evacuate Collection Set: 0.2ms
[2025-03-28T20:38:32.501+0530][gc,phases   ] GC(1121)   Merge Heap Roots: 0.1ms
[2025-03-28T20:38:32.501+0530][gc,phases   ] GC(1121)   Evacuate Collection Set: 10.0ms
[2025-03-28T20:38:32.501+0530][gc,phases   ] GC(1121)   Post Evacuate Collection Set: 1.2ms
[2025-03-28T20:38:32.501+0530][gc,phases   ] GC(1121)   Other: 0.2ms
[2025-03-28T20:38:32.501+0530][gc,heap     ] GC(1121) Eden regions: 46->0(353)
[2025-03-28T20:38:32.501+0530][gc,heap     ] GC(1121) Survivor regions: 5->6(7)
[2025-03-28T20:38:32.501+0530][gc,heap     ] GC(1121) Old regions: 59->56
[2025-03-28T20:38:32.501+0530][gc,heap     ] GC(1121) Archive regions: 2->2
[2025-03-28T20:38:32.501+0530][gc,heap     ] GC(1121) Humongous regions: 149->147
[2025-03-28T20:38:32.501+0530][gc,metaspace] GC(1121) Metaspace: 54582K(55296K)->54582K(55296K) NonClass: 48473K(48832K)->48473K(48832K) Class: 6108K(6464K)->6108K(6464K)
[2025-03-28T20:38:32.502+0530][gc          ] GC(1121) Pause Young (Mixed) (G1 Evacuation Pause) 259M->208M(1024M) 11.810ms
[2025-03-28T20:38:32.502+0530][gc,cpu      ] GC(1121) User=0.02s Sys=0.00s Real=0.01s
[2025-03-28T20:38:51.443+0530][gc,start    ] GC(1122) Pause Young (Normal) (G1 Evacuation Pause)
[2025-03-28T20:38:51.444+0530][gc,task     ] GC(1122) Using 2 workers of 2 for evacuation
[2025-03-28T20:38:51.455+0530][gc,phases   ] GC(1122)   Pre Evacuate Collection Set: 0.2ms
[2025-03-28T20:38:51.455+0530][gc,phases   ] GC(1122)   Merge Heap Roots: 0.2ms
[2025-03-28T20:38:51.455+0530][gc,phases   ] GC(1122)   Evacuate Collection Set: 9.9ms
[2025-03-28T20:38:51.455+0530][gc,phases   ] GC(1122)   Post Evacuate Collection Set: 0.8ms
[2025-03-28T20:38:51.455+0530][gc,phases   ] GC(1122)   Other: 0.3ms
[2025-03-28T20:38:51.455+0530][gc,heap     ] GC(1122) Eden regions: 353->0(274)
[2025-03-28T20:38:51.455+0530][gc,heap     ] GC(1122) Survivor regions: 6->8(45)
[2025-03-28T20:38:51.455+0530][gc,heap     ] GC(1122) Old regions: 56->56
[2025-03-28T20:38:51.455+0530][gc,heap     ] GC(1122) Archive regions: 2->2
[2025-03-28T20:38:51.455+0530][gc,heap     ] GC(1122) Humongous regions: 153->147
[2025-03-28T20:38:51.455+0530][gc,metaspace] GC(1122) Metaspace: 54582K(55296K)->54582K(55296K) NonClass: 48473K(48832K)->48473K(48832K) Class: 6108K(6464K)->6108K(6464K)
[2025-03-28T20:38:51.455+0530][gc          ] GC(1122) Pause Young (Normal) (G1 Evacuation Pause) 567M->210M(1024M) 11.398ms
[2025-03-28T20:38:51.455+0530][gc,cpu      ] GC(1122) User=0.02s Sys=0.00s Real=0.02s
[2025-03-28T20:39:01.118+0530][gc,start    ] GC(1123) Pause Young (Normal) (G1 Evacuation Pause)
[2025-03-28T20:39:01.118+0530][gc,task     ] GC(1123) Using 2 workers of 2 for evacuation
[2025-03-28T20:39:01.128+0530][gc,phases   ] GC(1123)   Pre Evacuate Collection Set: 0.2ms
[2025-03-28T20:39:01.128+0530][gc,phases   ] GC(1123)   Merge Heap Roots: 0.1ms
[2025-03-28T20:39:01.128+0530][gc,phases   ] GC(1123)   Evacuate Collection Set: 8.6ms
[2025-03-28T20:39:01.128+0530][gc,phases   ] GC(1123)   Post Evacuate Collection Set: 0.7ms
[2025-03-28T20:39:01.128+0530][gc,phases   ] GC(1123)   Other: 0.2ms
[2025-03-28T20:39:01.128+0530][gc,heap     ] GC(1123) Eden regions: 274->0(609)
[2025-03-28T20:39:01.128+0530][gc,heap     ] GC(1123) Survivor regions: 8->5(36)
[2025-03-28T20:39:01.128+0530][gc,heap     ] GC(1123) Old regions: 56->56
[2025-03-28T20:39:01.128+0530][gc,heap     ] GC(1123) Archive regions: 2->2
[2025-03-28T20:39:01.128+0530][gc,heap     ] GC(1123) Humongous regions: 153->149
[2025-03-28T20:39:01.128+0530][gc,metaspace] GC(1123) Metaspace: 54582K(55296K)->54582K(55296K) NonClass: 48473K(48832K)->48473K(48832K) Class: 6108K(6464K)->6108K(6464K)
[2025-03-28T20:39:01.128+0530][gc          ] GC(1123) Pause Young (Normal) (G1 Evacuation Pause) 490M->210M(1024M) 9.945ms
[2025-03-28T20:39:01.128+0530][gc,cpu      ] GC(1123) User=0.02s Sys=0.00s Real=0.01s
[2025-03-28T20:39:02.624+0530][gc,start    ] GC(1124) Pause Young (Concurrent Start) (G1 Humongous Allocation)
[2025-03-28T20:39:02.625+0530][gc,task     ] GC(1124) Using 2 workers of 2 for evacuation
[2025-03-28T20:39:02.634+0530][gc,phases   ] GC(1124)   Pre Evacuate Collection Set: 0.3ms
[2025-03-28T20:39:02.635+0530][gc,phases   ] GC(1124)   Merge Heap Roots: 0.1ms
[2025-03-28T20:39:02.635+0530][gc,phases   ] GC(1124)   Evacuate Collection Set: 8.9ms
[2025-03-28T20:39:02.635+0530][gc,phases   ] GC(1124)   Post Evacuate Collection Set: 0.5ms
[2025-03-28T20:39:02.635+0530][gc,phases   ] GC(1124)   Other: 0.2ms
[2025-03-28T20:39:02.635+0530][gc,heap     ] GC(1124) Eden regions: 92->0(609)
[2025-03-28T20:39:02.635+0530][gc,heap     ] GC(1124) Survivor regions: 5->5(77)
[2025-03-28T20:39:02.635+0530][gc,heap     ] GC(1124) Old regions: 56->56
[2025-03-28T20:39:02.635+0530][gc,heap     ] GC(1124) Archive regions: 2->2
[2025-03-28T20:39:02.635+0530][gc,heap     ] GC(1124) Humongous regions: 149->147
[2025-03-28T20:39:02.635+0530][gc,metaspace] GC(1124) Metaspace: 54582K(55296K)->54582K(55296K) NonClass: 48473K(48832K)->48473K(48832K) Class: 6108K(6464K)->6108K(6464K)
[2025-03-28T20:39:02.635+0530][gc          ] GC(1124) Pause Young (Concurrent Start) (G1 Humongous Allocation) 301M->208M(1024M) 10.149ms
[2025-03-28T20:39:02.635+0530][gc,cpu      ] GC(1124) User=0.02s Sys=0.00s Real=0.02s
[2025-03-28T20:39:02.653+0530][gc          ] GC(1125) Concurrent Mark Cycle
[2025-03-28T20:39:02.653+0530][gc,marking  ] GC(1125) Concurrent Clear Claimed Marks
[2025-03-28T20:39:02.653+0530][gc,marking  ] GC(1125) Concurrent Clear Claimed Marks 0.088ms
[2025-03-28T20:39:02.654+0530][gc,marking  ] GC(1125) Concurrent Scan Root Regions
[2025-03-28T20:39:02.660+0530][gc,marking  ] GC(1125) Concurrent Scan Root Regions 6.024ms
[2025-03-28T20:39:02.660+0530][gc,marking  ] GC(1125) Concurrent Mark
[2025-03-28T20:39:02.660+0530][gc,marking  ] GC(1125) Concurrent Mark From Roots
[2025-03-28T20:39:02.660+0530][gc,task     ] GC(1125) Using 1 workers of 1 for marking
[2025-03-28T20:39:02.748+0530][gc,marking  ] GC(1125) Concurrent Mark From Roots 88.724ms
[2025-03-28T20:39:02.748+0530][gc,marking  ] GC(1125) Concurrent Preclean
[2025-03-28T20:39:02.748+0530][gc,marking  ] GC(1125) Concurrent Preclean 0.125ms
[2025-03-28T20:39:02.749+0530][gc,start    ] GC(1125) Pause Remark
[2025-03-28T20:39:02.769+0530][gc,mmu      ] GC(1125) MMU target violated: 20.6ms (20.0ms/21.0ms)
[2025-03-28T20:39:02.770+0530][gc          ] GC(1125) Pause Remark 250M->250M(1024M) 20.695ms
[2025-03-28T20:39:02.770+0530][gc,cpu      ] GC(1125) User=0.02s Sys=0.00s Real=0.02s
[2025-03-28T20:39:02.770+0530][gc,marking  ] GC(1125) Concurrent Mark 110.113ms
[2025-03-28T20:39:02.770+0530][gc,marking  ] GC(1125) Concurrent Rebuild Remembered Sets
[2025-03-28T20:39:02.803+0530][gc,marking  ] GC(1125) Concurrent Rebuild Remembered Sets 33.319ms
[2025-03-28T20:39:02.803+0530][gc,start    ] GC(1125) Pause Cleanup
[2025-03-28T20:39:02.803+0530][gc          ] GC(1125) Pause Cleanup 250M->250M(1024M) 0.209ms
[2025-03-28T20:39:02.804+0530][gc,cpu      ] GC(1125) User=0.00s Sys=0.00s Real=0.00s
[2025-03-28T20:39:02.804+0530][gc,marking  ] GC(1125) Concurrent Cleanup for Next Mark
[2025-03-28T20:39:02.805+0530][gc,marking  ] GC(1125) Concurrent Cleanup for Next Mark 1.798ms
[2025-03-28T20:39:02.805+0530][gc          ] GC(1125) Concurrent Mark Cycle 152.058ms
[2025-03-28T20:39:31.365+0530][gc,start    ] GC(1126) Pause Young (Prepare Mixed) (G1 Evacuation Pause)
[2025-03-28T20:39:31.371+0530][gc,task     ] GC(1126) Using 2 workers of 2 for evacuation
[2025-03-28T20:39:31.399+0530][gc,mmu      ] GC(1126) MMU target violated: 21.0ms (20.0ms/21.0ms)
[2025-03-28T20:39:31.399+0530][gc,phases   ] GC(1126)   Pre Evacuate Collection Set: 0.2ms
[2025-03-28T20:39:31.399+0530][gc,phases   ] GC(1126)   Merge Heap Roots: 0.2ms
[2025-03-28T20:39:31.399+0530][gc,phases   ] GC(1126)   Evacuate Collection Set: 26.5ms
[2025-03-28T20:39:31.399+0530][gc,phases   ] GC(1126)   Post Evacuate Collection Set: 1.0ms
[2025-03-28T20:39:31.399+0530][gc,phases   ] GC(1126)   Other: 5.7ms
[2025-03-28T20:39:31.399+0530][gc,heap     ] GC(1126) Eden regions: 609->0(46)
[2025-03-28T20:39:31.399+0530][gc,heap     ] GC(1126) Survivor regions: 5->5(77)
[2025-03-28T20:39:31.399+0530][gc,heap     ] GC(1126) Old regions: 56->56
[2025-03-28T20:39:31.399+0530][gc,heap     ] GC(1126) Archive regions: 2->2
[2025-03-28T20:39:31.399+0530][gc,heap     ] GC(1126) Humongous regions: 159->149
[2025-03-28T20:39:31.399+0530][gc,metaspace] GC(1126) Metaspace: 54596K(55296K)->54596K(55296K) NonClass: 48488K(48832K)->48488K(48832K) Class: 6108K(6464K)->6108K(6464K)
[2025-03-28T20:39:31.399+0530][gc          ] GC(1126) Pause Young (Prepare Mixed) (G1 Evacuation Pause) 829M->209M(1024M) 33.627ms
[2025-03-28T20:39:31.399+0530][gc,cpu      ] GC(1126) User=0.03s Sys=0.00s Real=0.03s
[2025-03-28T20:39:32.494+0530][gc,start    ] GC(1127) Pause Young (Mixed) (G1 Evacuation Pause)
[2025-03-28T20:39:32.494+0530][gc,task     ] GC(1127) Using 2 workers of 2 for evacuation
[2025-03-28T20:39:32.508+0530][gc,phases   ] GC(1127)   Pre Evacuate Collection Set: 0.2ms
[2025-03-28T20:39:32.508+0530][gc,phases   ] GC(1127)   Merge Heap Roots: 0.2ms
[2025-03-28T20:39:32.508+0530][gc,phases   ] GC(1127)   Evacuate Collection Set: 12.7ms
[2025-03-28T20:39:32.508+0530][gc,phases   ] GC(1127)   Post Evacuate Collection Set: 0.6ms
[2025-03-28T20:39:32.508+0530][gc,phases   ] GC(1127)   Other: 0.1ms
[2025-03-28T20:39:32.508+0530][gc,heap     ] GC(1127) Eden regions: 46->0(216)
[2025-03-28T20:39:32.508+0530][gc,heap     ] GC(1127) Survivor regions: 5->6(7)
[2025-03-28T20:39:32.508+0530][gc,heap     ] GC(1127) Old regions: 56->53
[2025-03-28T20:39:32.508+0530][gc,heap     ] GC(1127) Archive regions: 2->2
[2025-03-28T20:39:32.508+0530][gc,heap     ] GC(1127) Humongous regions: 149->147
[2025-03-28T20:39:32.508+0530][gc,metaspace] GC(1127) Metaspace: 54596K(55296K)->54596K(55296K) NonClass: 48488K(48832K)->48488K(48832K) Class: 6108K(6464K)->6108K(6464K)
[2025-03-28T20:39:32.508+0530][gc          ] GC(1127) Pause Young (Mixed) (G1 Evacuation Pause) 255M->206M(1024M) 13.972ms
[2025-03-28T20:39:32.508+0530][gc,cpu      ] GC(1127) User=0.02s Sys=0.00s Real=0.02s
[2025-03-28T20:39:42.454+0530][gc,start    ] GC(1128) Pause Young (Normal) (G1 Evacuation Pause)
[2025-03-28T20:39:42.454+0530][gc,task     ] GC(1128) Using 2 workers of 2 for evacuation
[2025-03-28T20:39:42.463+0530][gc,phases   ] GC(1128)   Pre Evacuate Collection Set: 0.2ms
[2025-03-28T20:39:42.463+0530][gc,phases   ] GC(1128)   Merge Heap Roots: 0.2ms
[2025-03-28T20:39:42.463+0530][gc,phases   ] GC(1128)   Evacuate Collection Set: 7.0ms
[2025-03-28T20:39:42.463+0530][gc,phases   ] GC(1128)   Post Evacuate Collection Set: 1.1ms
[2025-03-28T20:39:42.463+0530][gc,phases   ] GC(1128)   Other: 0.2ms
[2025-03-28T20:39:42.463+0530][gc,heap     ] GC(1128) Eden regions: 216->0(609)
[2025-03-28T20:39:42.463+0530][gc,heap     ] GC(1128) Survivor regions: 6->5(28)
[2025-03-28T20:39:42.463+0530][gc,heap     ] GC(1128) Old regions: 53->53
[2025-03-28T20:39:42.463+0530][gc,heap     ] GC(1128) Archive regions: 2->2
[2025-03-28T20:39:42.463+0530][gc,heap     ] GC(1128) Humongous regions: 151->147
[2025-03-28T20:39:42.463+0530][gc,metaspace] GC(1128) Metaspace: 54596K(55296K)->54596K(55296K) NonClass: 48488K(48832K)->48488K(48832K) Class: 6108K(6464K)->6108K(6464K)
[2025-03-28T20:39:42.463+0530][gc          ] GC(1128) Pause Young (Normal) (G1 Evacuation Pause) 426M->205M(1024M) 8.762ms
[2025-03-28T20:39:42.463+0530][gc,cpu      ] GC(1128) User=0.01s Sys=0.00s Real=0.01s
[2025-03-28T20:39:42.537+0530][gc,start    ] GC(1129) Pause Young (Concurrent Start) (G1 Humongous Allocation)
[2025-03-28T20:39:42.537+0530][gc,task     ] GC(1129) Using 2 workers of 2 for evacuation
[2025-03-28T20:39:42.546+0530][gc,phases   ] GC(1129)   Pre Evacuate Collection Set: 0.3ms
[2025-03-28T20:39:42.547+0530][gc,phases   ] GC(1129)   Merge Heap Roots: 0.2ms
[2025-03-28T20:39:42.547+0530][gc,phases   ] GC(1129)   Evacuate Collection Set: 8.0ms
[2025-03-28T20:39:42.547+0530][gc,phases   ] GC(1129)   Post Evacuate Collection Set: 0.5ms
[2025-03-28T20:39:42.547+0530][gc,phases   ] GC(1129)   Other: 0.2ms
[2025-03-28T20:39:42.547+0530][gc,heap     ] GC(1129) Eden regions: 46->0(610)
[2025-03-28T20:39:42.547+0530][gc,heap     ] GC(1129) Survivor regions: 5->4(77)
[2025-03-28T20:39:42.547+0530][gc,heap     ] GC(1129) Old regions: 53->53
[2025-03-28T20:39:42.547+0530][gc,heap     ] GC(1129) Archive regions: 2->2
[2025-03-28T20:39:42.547+0530][gc,heap     ] GC(1129) Humongous regions: 147->147
[2025-03-28T20:39:42.547+0530][gc,metaspace] GC(1129) Metaspace: 54596K(55296K)->54596K(55296K) NonClass: 48488K(48832K)->48488K(48832K) Class: 6108K(6464K)->6108K(6464K)
[2025-03-28T20:39:42.547+0530][gc          ] GC(1129) Pause Young (Concurrent Start) (G1 Humongous Allocation) 251M->204M(1024M) 9.229ms
[2025-03-28T20:39:42.547+0530][gc,cpu      ] GC(1129) User=0.02s Sys=0.00s Real=0.01s
[2025-03-28T20:39:42.547+0530][gc          ] GC(1130) Concurrent Mark Cycle
[2025-03-28T20:39:42.547+0530][gc,marking  ] GC(1130) Concurrent Clear Claimed Marks
[2025-03-28T20:39:42.547+0530][gc,marking  ] GC(1130) Concurrent Clear Claimed Marks 0.124ms
[2025-03-28T20:39:42.547+0530][gc,marking  ] GC(1130) Concurrent Scan Root Regions
[2025-03-28T20:39:42.553+0530][gc,marking  ] GC(1130) Concurrent Scan Root Regions 6.548ms
[2025-03-28T20:39:42.553+0530][gc,marking  ] GC(1130) Concurrent Mark
[2025-03-28T20:39:42.553+0530][gc,marking  ] GC(1130) Concurrent Mark From Roots
[2025-03-28T20:39:42.553+0530][gc,task     ] GC(1130) Using 1 workers of 1 for marking
[2025-03-28T20:39:42.627+0530][gc,marking  ] GC(1130) Concurrent Mark From Roots 73.335ms
[2025-03-28T20:39:42.627+0530][gc,marking  ] GC(1130) Concurrent Preclean
[2025-03-28T20:39:42.627+0530][gc,marking  ] GC(1130) Concurrent Preclean 0.139ms
[2025-03-28T20:39:42.627+0530][gc,start    ] GC(1130) Pause Remark
[2025-03-28T20:39:42.641+0530][gc          ] GC(1130) Pause Remark 246M->246M(1024M) 13.800ms
[2025-03-28T20:39:42.641+0530][gc,cpu      ] GC(1130) User=0.02s Sys=0.01s Real=0.01s
[2025-03-28T20:39:42.641+0530][gc,marking  ] GC(1130) Concurrent Mark 87.710ms
[2025-03-28T20:39:42.641+0530][gc,marking  ] GC(1130) Concurrent Rebuild Remembered Sets
[2025-03-28T20:39:42.673+0530][gc,marking  ] GC(1130) Concurrent Rebuild Remembered Sets 31.504ms
[2025-03-28T20:39:42.673+0530][gc,start    ] GC(1130) Pause Cleanup
[2025-03-28T20:39:42.673+0530][gc          ] GC(1130) Pause Cleanup 246M->246M(1024M) 0.435ms
[2025-03-28T20:39:42.673+0530][gc,cpu      ] GC(1130) User=0.00s Sys=0.00s Real=0.00s
[2025-03-28T20:39:42.674+0530][gc,marking  ] GC(1130) Concurrent Cleanup for Next Mark
[2025-03-28T20:39:42.677+0530][gc,marking  ] GC(1130) Concurrent Cleanup for Next Mark 3.184ms
[2025-03-28T20:39:42.677+0530][gc          ] GC(1130) Concurrent Mark Cycle 130.124ms
[2025-03-28T20:40:11.197+0530][gc,start    ] GC(1131) Pause Young (Prepare Mixed) (G1 Evacuation Pause)
[2025-03-28T20:40:11.197+0530][gc,task     ] GC(1131) Using 2 workers of 2 for evacuation
[2025-03-28T20:40:11.211+0530][gc,phases   ] GC(1131)   Pre Evacuate Collection Set: 0.2ms
[2025-03-28T20:40:11.211+0530][gc,phases   ] GC(1131)   Merge Heap Roots: 0.2ms
[2025-03-28T20:40:11.211+0530][gc,phases   ] GC(1131)   Evacuate Collection Set: 12.4ms
[2025-03-28T20:40:11.211+0530][gc,phases   ] GC(1131)   Post Evacuate Collection Set: 1.0ms
[2025-03-28T20:40:11.211+0530][gc,phases   ] GC(1131)   Other: 0.2ms
[2025-03-28T20:40:11.211+0530][gc,heap     ] GC(1131) Eden regions: 610->0(46)
[2025-03-28T20:40:11.211+0530][gc,heap     ] GC(1131) Survivor regions: 4->5(77)
[2025-03-28T20:40:11.211+0530][gc,heap     ] GC(1131) Old regions: 53->53
[2025-03-28T20:40:11.211+0530][gc,heap     ] GC(1131) Archive regions: 2->2
[2025-03-28T20:40:11.211+0530][gc,heap     ] GC(1131) Humongous regions: 159->149
[2025-03-28T20:40:11.211+0530][gc,metaspace] GC(1131) Metaspace: 54596K(55296K)->54596K(55296K) NonClass: 48488K(48832K)->48488K(48832K) Class: 6108K(6464K)->6108K(6464K)
[2025-03-28T20:40:11.211+0530][gc          ] GC(1131) Pause Young (Prepare Mixed) (G1 Evacuation Pause) 826M->207M(1024M) 14.097ms
[2025-03-28T20:40:11.211+0530][gc,cpu      ] GC(1131) User=0.03s Sys=0.00s Real=0.01s
[2025-03-28T20:40:12.542+0530][gc,start    ] GC(1132) Pause Young (Mixed) (G1 Evacuation Pause)
[2025-03-28T20:40:12.542+0530][gc,task     ] GC(1132) Using 2 workers of 2 for evacuation
[2025-03-28T20:40:12.572+0530][gc,mmu      ] GC(1132) MMU target violated: 21.0ms (20.0ms/21.0ms)
[2025-03-28T20:40:12.572+0530][gc,phases   ] GC(1132)   Pre Evacuate Collection Set: 0.2ms
[2025-03-28T20:40:12.572+0530][gc,phases   ] GC(1132)   Merge Heap Roots: 0.3ms
[2025-03-28T20:40:12.572+0530][gc,phases   ] GC(1132)   Evacuate Collection Set: 28.9ms
[2025-03-28T20:40:12.572+0530][gc,phases   ] GC(1132)   Post Evacuate Collection Set: 0.7ms
[2025-03-28T20:40:12.572+0530][gc,phases   ] GC(1132)   Other: 0.2ms
[2025-03-28T20:40:12.572+0530][gc,heap     ] GC(1132) Eden regions: 46->0(106)
[2025-03-28T20:40:12.572+0530][gc,heap     ] GC(1132) Survivor regions: 5->6(7)
[2025-03-28T20:40:12.572+0530][gc,heap     ] GC(1132) Old regions: 53->51
[2025-03-28T20:40:12.572+0530][gc,heap     ] GC(1132) Archive regions: 2->2
[2025-03-28T20:40:12.572+0530][gc,heap     ] GC(1132) Humongous regions: 149->147
[2025-03-28T20:40:12.572+0530][gc,metaspace] GC(1132) Metaspace: 54596K(55296K)->54596K(55296K) NonClass: 48488K(48832K)->48488K(48832K) Class: 6108K(6464K)->6108K(6464K)
[2025-03-28T20:40:12.572+0530][gc          ] GC(1132) Pause Young (Mixed) (G1 Evacuation Pause) 253M->203M(1024M) 30.421ms
[2025-03-28T20:40:12.572+0530][gc,cpu      ] GC(1132) User=0.04s Sys=0.01s Real=0.03s
[2025-03-28T20:40:21.031+0530][gc,start    ] GC(1133) Pause Young (Normal) (G1 Evacuation Pause)
[2025-03-28T20:40:21.031+0530][gc,task     ] GC(1133) Using 2 workers of 2 for evacuation
[2025-03-28T20:40:21.039+0530][gc,phases   ] GC(1133)   Pre Evacuate Collection Set: 0.2ms
[2025-03-28T20:40:21.039+0530][gc,phases   ] GC(1133)   Merge Heap Roots: 0.1ms
[2025-03-28T20:40:21.039+0530][gc,phases   ] GC(1133)   Evacuate Collection Set: 6.8ms
[2025-03-28T20:40:21.039+0530][gc,phases   ] GC(1133)   Post Evacuate Collection Set: 0.7ms
[2025-03-28T20:40:21.039+0530][gc,phases   ] GC(1133)   Other: 0.2ms
[2025-03-28T20:40:21.039+0530][gc,heap     ] GC(1133) Eden regions: 106->0(609)
[2025-03-28T20:40:21.039+0530][gc,heap     ] GC(1133) Survivor regions: 6->5(14)
[2025-03-28T20:40:21.039+0530][gc,heap     ] GC(1133) Old regions: 51->51
[2025-03-28T20:40:21.039+0530][gc,heap     ] GC(1133) Archive regions: 2->2
[2025-03-28T20:40:21.039+0530][gc,heap     ] GC(1133) Humongous regions: 149->147
[2025-03-28T20:40:21.039+0530][gc,metaspace] GC(1133) Metaspace: 54601K(55296K)->54601K(55296K) NonClass: 48493K(48832K)->48493K(48832K) Class: 6108K(6464K)->6108K(6464K)
[2025-03-28T20:40:21.039+0530][gc          ] GC(1133) Pause Young (Normal) (G1 Evacuation Pause) 311M->202M(1024M) 8.013ms
[2025-03-28T20:40:21.039+0530][gc,cpu      ] GC(1133) User=0.02s Sys=0.00s Real=0.01s
[2025-03-28T20:40:21.117+0530][gc,start    ] GC(1134) Pause Young (Concurrent Start) (G1 Humongous Allocation)
[2025-03-28T20:40:21.117+0530][gc,task     ] GC(1134) Using 2 workers of 2 for evacuation
[2025-03-28T20:40:21.126+0530][gc,phases   ] GC(1134)   Pre Evacuate Collection Set: 0.2ms
[2025-03-28T20:40:21.126+0530][gc,phases   ] GC(1134)   Merge Heap Roots: 0.1ms
[2025-03-28T20:40:21.126+0530][gc,phases   ] GC(1134)   Evacuate Collection Set: 8.7ms
[2025-03-28T20:40:21.126+0530][gc,phases   ] GC(1134)   Post Evacuate Collection Set: 0.5ms
[2025-03-28T20:40:21.126+0530][gc,phases   ] GC(1134)   Other: 0.2ms
[2025-03-28T20:40:21.126+0530][gc,heap     ] GC(1134) Eden regions: 41->0(592)
[2025-03-28T20:40:21.126+0530][gc,heap     ] GC(1134) Survivor regions: 5->4(77)
[2025-03-28T20:40:21.126+0530][gc,heap     ] GC(1134) Old regions: 51->51
[2025-03-28T20:40:21.126+0530][gc,heap     ] GC(1134) Archive regions: 2->2
[2025-03-28T20:40:21.126+0530][gc,heap     ] GC(1134) Humongous regions: 147->147
[2025-03-28T20:40:21.127+0530][gc,metaspace] GC(1134) Metaspace: 54601K(55296K)->54601K(55296K) NonClass: 48493K(48832K)->48493K(48832K) Class: 6108K(6464K)->6108K(6464K)
[2025-03-28T20:40:21.127+0530][gc          ] GC(1134) Pause Young (Concurrent Start) (G1 Humongous Allocation) 243M->201M(1024M) 9.868ms
[2025-03-28T20:40:21.127+0530][gc,cpu      ] GC(1134) User=0.01s Sys=0.00s Real=0.01s
[2025-03-28T20:40:21.127+0530][gc          ] GC(1135) Concurrent Mark Cycle
[2025-03-28T20:40:21.127+0530][gc,marking  ] GC(1135) Concurrent Clear Claimed Marks
[2025-03-28T20:40:21.127+0530][gc,marking  ] GC(1135) Concurrent Clear Claimed Marks 0.078ms
[2025-03-28T20:40:21.127+0530][gc,marking  ] GC(1135) Concurrent Scan Root Regions
[2025-03-28T20:40:21.134+0530][gc,marking  ] GC(1135) Concurrent Scan Root Regions 7.463ms
[2025-03-28T20:40:21.134+0530][gc,marking  ] GC(1135) Concurrent Mark
[2025-03-28T20:40:21.134+0530][gc,marking  ] GC(1135) Concurrent Mark From Roots
[2025-03-28T20:40:21.134+0530][gc,task     ] GC(1135) Using 1 workers of 1 for marking
[2025-03-28T20:40:21.201+0530][gc,marking  ] GC(1135) Concurrent Mark From Roots 67.212ms
[2025-03-28T20:40:21.201+0530][gc,marking  ] GC(1135) Concurrent Preclean
[2025-03-28T20:40:21.202+0530][gc,marking  ] GC(1135) Concurrent Preclean 0.118ms
[2025-03-28T20:40:21.202+0530][gc,start    ] GC(1135) Pause Remark
[2025-03-28T20:40:21.226+0530][gc,mmu      ] GC(1135) MMU target violated: 21.0ms (20.0ms/21.0ms)
[2025-03-28T20:40:21.226+0530][gc          ] GC(1135) Pause Remark 243M->243M(1024M) 24.558ms
[2025-03-28T20:40:21.226+0530][gc,cpu      ] GC(1135) User=0.03s Sys=0.00s Real=0.03s
[2025-03-28T20:40:21.226+0530][gc,marking  ] GC(1135) Concurrent Mark 92.158ms
[2025-03-28T20:40:21.226+0530][gc,marking  ] GC(1135) Concurrent Rebuild Remembered Sets
[2025-03-28T20:40:21.261+0530][gc,marking  ] GC(1135) Concurrent Rebuild Remembered Sets 34.925ms
[2025-03-28T20:40:21.261+0530][gc,start    ] GC(1135) Pause Cleanup
[2025-03-28T20:40:21.262+0530][gc          ] GC(1135) Pause Cleanup 244M->244M(1024M) 0.177ms
[2025-03-28T20:40:21.262+0530][gc,cpu      ] GC(1135) User=0.00s Sys=0.00s Real=0.00s
[2025-03-28T20:40:21.262+0530][gc,marking  ] GC(1135) Concurrent Cleanup for Next Mark
[2025-03-28T20:40:21.263+0530][gc,marking  ] GC(1135) Concurrent Cleanup for Next Mark 1.642ms
[2025-03-28T20:40:21.263+0530][gc          ] GC(1135) Concurrent Mark Cycle 136.837ms
[2025-03-28T20:40:32.544+0530][gc,start    ] GC(1136) Pause Young (Prepare Mixed) (G1 Evacuation Pause)
[2025-03-28T20:40:32.544+0530][gc,task     ] GC(1136) Using 2 workers of 2 for evacuation
[2025-03-28T20:40:32.554+0530][gc,phases   ] GC(1136)   Pre Evacuate Collection Set: 0.2ms
[2025-03-28T20:40:32.554+0530][gc,phases   ] GC(1136)   Merge Heap Roots: 0.2ms
[2025-03-28T20:40:32.554+0530][gc,phases   ] GC(1136)   Evacuate Collection Set: 8.4ms
[2025-03-28T20:40:32.554+0530][gc,phases   ] GC(1136)   Post Evacuate Collection Set: 0.9ms
[2025-03-28T20:40:32.554+0530][gc,phases   ] GC(1136)   Other: 0.2ms
[2025-03-28T20:40:32.554+0530][gc,heap     ] GC(1136) Eden regions: 355->0(47)
[2025-03-28T20:40:32.554+0530][gc,heap     ] GC(1136) Survivor regions: 4->4(45)
[2025-03-28T20:40:32.554+0530][gc,heap     ] GC(1136) Old regions: 51->51
[2025-03-28T20:40:32.554+0530][gc,heap     ] GC(1136) Archive regions: 2->2
[2025-03-28T20:40:32.554+0530][gc,heap     ] GC(1136) Humongous regions: 155->149
[2025-03-28T20:40:32.554+0530][gc,metaspace] GC(1136) Metaspace: 54601K(55296K)->54601K(55296K) NonClass: 48493K(48832K)->48493K(48832K) Class: 6108K(6464K)->6108K(6464K)
[2025-03-28T20:40:32.554+0530][gc          ] GC(1136) Pause Young (Prepare Mixed) (G1 Evacuation Pause) 564M->203M(1024M) 9.878ms
[2025-03-28T20:40:32.554+0530][gc,cpu      ] GC(1136) User=0.02s Sys=0.00s Real=0.01s
[2025-03-28T20:40:41.013+0530][gc,start    ] GC(1137) Pause Young (Mixed) (G1 Evacuation Pause)
[2025-03-28T20:40:41.014+0530][gc,task     ] GC(1137) Using 2 workers of 2 for evacuation
[2025-03-28T20:40:41.039+0530][gc,mmu      ] GC(1137) MMU target violated: 21.0ms (20.0ms/21.0ms)
[2025-03-28T20:40:41.039+0530][gc,phases   ] GC(1137)   Pre Evacuate Collection Set: 0.5ms
[2025-03-28T20:40:41.039+0530][gc,phases   ] GC(1137)   Merge Heap Roots: 0.5ms
[2025-03-28T20:40:41.039+0530][gc,phases   ] GC(1137)   Evacuate Collection Set: 23.4ms
[2025-03-28T20:40:41.039+0530][gc,phases   ] GC(1137)   Post Evacuate Collection Set: 0.6ms
[2025-03-28T20:40:41.039+0530][gc,phases   ] GC(1137)   Other: 0.3ms
[2025-03-28T20:40:41.039+0530][gc,heap     ] GC(1137) Eden regions: 47->0(377)
[2025-03-28T20:40:41.039+0530][gc,heap     ] GC(1137) Survivor regions: 4->3(7)
[2025-03-28T20:40:41.039+0530][gc,heap     ] GC(1137) Old regions: 51->48
[2025-03-28T20:40:41.039+0530][gc,heap     ] GC(1137) Archive regions: 2->2
[2025-03-28T20:40:41.039+0530][gc,heap     ] GC(1137) Humongous regions: 149->147
[2025-03-28T20:40:41.039+0530][gc,metaspace] GC(1137) Metaspace: 54601K(55296K)->54601K(55296K) NonClass: 48493K(48832K)->48493K(48832K) Class: 6108K(6464K)->6108K(6464K)
[2025-03-28T20:40:41.039+0530][gc          ] GC(1137) Pause Young (Mixed) (G1 Evacuation Pause) 250M->198M(1024M) 25.265ms
[2025-03-28T20:40:41.039+0530][gc,cpu      ] GC(1137) User=0.03s Sys=0.01s Real=0.03s
[2025-03-28T20:40:52.548+0530][gc,start    ] GC(1138) Pause Young (Normal) (G1 Evacuation Pause)
[2025-03-28T20:40:52.548+0530][gc,task     ] GC(1138) Using 2 workers of 2 for evacuation
[2025-03-28T20:40:52.562+0530][gc,phases   ] GC(1138)   Pre Evacuate Collection Set: 0.2ms
[2025-03-28T20:40:52.562+0530][gc,phases   ] GC(1138)   Merge Heap Roots: 0.2ms
[2025-03-28T20:40:52.562+0530][gc,phases   ] GC(1138)   Evacuate Collection Set: 12.9ms
[2025-03-28T20:40:52.562+0530][gc,phases   ] GC(1138)   Post Evacuate Collection Set: 0.9ms
[2025-03-28T20:40:52.562+0530][gc,phases   ] GC(1138)   Other: 0.1ms
[2025-03-28T20:40:52.562+0530][gc,heap     ] GC(1138) Eden regions: 377->0(58)
[2025-03-28T20:40:52.562+0530][gc,heap     ] GC(1138) Survivor regions: 3->7(48)
[2025-03-28T20:40:52.562+0530][gc,heap     ] GC(1138) Old regions: 48->48
[2025-03-28T20:40:52.562+0530][gc,heap     ] GC(1138) Archive regions: 2->2
[2025-03-28T20:40:52.562+0530][gc,heap     ] GC(1138) Humongous regions: 153->147
[2025-03-28T20:40:52.562+0530][gc,metaspace] GC(1138) Metaspace: 54601K(55296K)->54601K(55296K) NonClass: 48493K(48832K)->48493K(48832K) Class: 6108K(6464K)->6108K(6464K)
[2025-03-28T20:40:52.562+0530][gc          ] GC(1138) Pause Young (Normal) (G1 Evacuation Pause) 581M->202M(1024M) 14.419ms
[2025-03-28T20:40:52.562+0530][gc,cpu      ] GC(1138) User=0.02s Sys=0.01s Real=0.02s
[2025-03-28T20:40:52.642+0530][gc,start    ] GC(1139) Pause Young (Normal) (G1 Evacuation Pause)
[2025-03-28T20:40:52.642+0530][gc,task     ] GC(1139) Using 2 workers of 2 for evacuation
[2025-03-28T20:40:52.659+0530][gc,phases   ] GC(1139)   Pre Evacuate Collection Set: 0.3ms
[2025-03-28T20:40:52.659+0530][gc,phases   ] GC(1139)   Merge Heap Roots: 0.3ms
[2025-03-28T20:40:52.659+0530][gc,phases   ] GC(1139)   Evacuate Collection Set: 15.1ms
[2025-03-28T20:40:52.659+0530][gc,phases   ] GC(1139)   Post Evacuate Collection Set: 0.8ms
[2025-03-28T20:40:52.659+0530][gc,phases   ] GC(1139)   Other: 0.1ms
[2025-03-28T20:40:52.659+0530][gc,heap     ] GC(1139) Eden regions: 58->0(423)
[2025-03-28T20:40:52.659+0530][gc,heap     ] GC(1139) Survivor regions: 7->2(9)
[2025-03-28T20:40:52.659+0530][gc,heap     ] GC(1139) Old regions: 48->50
[2025-03-28T20:40:52.659+0530][gc,heap     ] GC(1139) Archive regions: 2->2
[2025-03-28T20:40:52.659+0530][gc,heap     ] GC(1139) Humongous regions: 149->149
[2025-03-28T20:40:52.659+0530][gc,metaspace] GC(1139) Metaspace: 54601K(55296K)->54601K(55296K) NonClass: 48493K(48832K)->48493K(48832K) Class: 6108K(6464K)->6108K(6464K)
[2025-03-28T20:40:52.659+0530][gc          ] GC(1139) Pause Young (Normal) (G1 Evacuation Pause) 262M->201M(1024M) 16.686ms
[2025-03-28T20:40:52.659+0530][gc,cpu      ] GC(1139) User=0.02s Sys=0.00s Real=0.02s
[2025-03-28T20:41:01.603+0530][gc,start    ] GC(1140) Pause Young (Concurrent Start) (G1 Humongous Allocation)
[2025-03-28T20:41:01.603+0530][gc,task     ] GC(1140) Using 2 workers of 2 for evacuation
[2025-03-28T20:41:01.615+0530][gc,phases   ] GC(1140)   Pre Evacuate Collection Set: 0.4ms
[2025-03-28T20:41:01.615+0530][gc,phases   ] GC(1140)   Merge Heap Roots: 0.2ms
[2025-03-28T20:41:01.615+0530][gc,phases   ] GC(1140)   Evacuate Collection Set: 10.1ms
[2025-03-28T20:41:01.615+0530][gc,phases   ] GC(1140)   Post Evacuate Collection Set: 0.8ms
[2025-03-28T20:41:01.615+0530][gc,phases   ] GC(1140)   Other: 1.0ms
[2025-03-28T20:41:01.615+0530][gc,heap     ] GC(1140) Eden regions: 79->0(611)
[2025-03-28T20:41:01.615+0530][gc,heap     ] GC(1140) Survivor regions: 2->3(54)
[2025-03-28T20:41:01.615+0530][gc,heap     ] GC(1140) Old regions: 50->50
[2025-03-28T20:41:01.615+0530][gc,heap     ] GC(1140) Archive regions: 2->2
[2025-03-28T20:41:01.615+0530][gc,heap     ] GC(1140) Humongous regions: 149->147
[2025-03-28T20:41:01.615+0530][gc,metaspace] GC(1140) Metaspace: 54601K(55296K)->54601K(55296K) NonClass: 48493K(48832K)->48493K(48832K) Class: 6108K(6464K)->6108K(6464K)
[2025-03-28T20:41:01.615+0530][gc          ] GC(1140) Pause Young (Concurrent Start) (G1 Humongous Allocation) 279M->200M(1024M) 12.617ms
[2025-03-28T20:41:01.615+0530][gc,cpu      ] GC(1140) User=0.01s Sys=0.00s Real=0.02s
[2025-03-28T20:41:01.615+0530][gc          ] GC(1141) Concurrent Mark Cycle
[2025-03-28T20:41:01.616+0530][gc,marking  ] GC(1141) Concurrent Clear Claimed Marks
[2025-03-28T20:41:01.616+0530][gc,marking  ] GC(1141) Concurrent Clear Claimed Marks 0.127ms
[2025-03-28T20:41:01.616+0530][gc,marking  ] GC(1141) Concurrent Scan Root Regions
[2025-03-28T20:41:01.620+0530][gc,marking  ] GC(1141) Concurrent Scan Root Regions 3.983ms
[2025-03-28T20:41:01.620+0530][gc,marking  ] GC(1141) Concurrent Mark
[2025-03-28T20:41:01.620+0530][gc,marking  ] GC(1141) Concurrent Mark From Roots
[2025-03-28T20:41:01.620+0530][gc,task     ] GC(1141) Using 1 workers of 1 for marking
[2025-03-28T20:41:01.698+0530][gc,marking  ] GC(1141) Concurrent Mark From Roots 77.959ms
[2025-03-28T20:41:01.698+0530][gc,marking  ] GC(1141) Concurrent Preclean
[2025-03-28T20:41:01.698+0530][gc,marking  ] GC(1141) Concurrent Preclean 0.216ms
[2025-03-28T20:41:01.698+0530][gc,start    ] GC(1141) Pause Remark
[2025-03-28T20:41:01.713+0530][gc          ] GC(1141) Pause Remark 242M->241M(1024M) 14.832ms
[2025-03-28T20:41:01.713+0530][gc,cpu      ] GC(1141) User=0.03s Sys=0.00s Real=0.01s
[2025-03-28T20:41:01.713+0530][gc,marking  ] GC(1141) Concurrent Mark 93.364ms
[2025-03-28T20:41:01.713+0530][gc,marking  ] GC(1141) Concurrent Rebuild Remembered Sets
[2025-03-28T20:41:01.746+0530][gc,marking  ] GC(1141) Concurrent Rebuild Remembered Sets 32.994ms
[2025-03-28T20:41:01.746+0530][gc,start    ] GC(1141) Pause Cleanup
[2025-03-28T20:41:01.746+0530][gc          ] GC(1141) Pause Cleanup 241M->241M(1024M) 0.172ms
[2025-03-28T20:41:01.746+0530][gc,cpu      ] GC(1141) User=0.00s Sys=0.00s Real=0.00s
[2025-03-28T20:41:01.747+0530][gc,marking  ] GC(1141) Concurrent Cleanup for Next Mark
[2025-03-28T20:41:01.749+0530][gc,marking  ] GC(1141) Concurrent Cleanup for Next Mark 2.016ms
[2025-03-28T20:41:01.749+0530][gc          ] GC(1141) Concurrent Mark Cycle 133.111ms
[2025-03-28T20:41:22.434+0530][gc,start    ] GC(1142) Pause Young (Prepare Mixed) (G1 Evacuation Pause)
[2025-03-28T20:41:22.434+0530][gc,task     ] GC(1142) Using 2 workers of 2 for evacuation
[2025-03-28T20:41:22.442+0530][gc,phases   ] GC(1142)   Pre Evacuate Collection Set: 0.3ms
[2025-03-28T20:41:22.442+0530][gc,phases   ] GC(1142)   Merge Heap Roots: 0.2ms
[2025-03-28T20:41:22.442+0530][gc,phases   ] GC(1142)   Evacuate Collection Set: 5.8ms
[2025-03-28T20:41:22.442+0530][gc,phases   ] GC(1142)   Post Evacuate Collection Set: 0.8ms
[2025-03-28T20:41:22.442+0530][gc,phases   ] GC(1142)   Other: 0.2ms
[2025-03-28T20:41:22.442+0530][gc,heap     ] GC(1142) Eden regions: 507->0(49)
[2025-03-28T20:41:22.442+0530][gc,heap     ] GC(1142) Survivor regions: 3->2(64)
[2025-03-28T20:41:22.442+0530][gc,heap     ] GC(1142) Old regions: 49->49
[2025-03-28T20:41:22.442+0530][gc,heap     ] GC(1142) Archive regions: 2->2
[2025-03-28T20:41:22.442+0530][gc,heap     ] GC(1142) Humongous regions: 157->147
[2025-03-28T20:41:22.442+0530][gc,metaspace] GC(1142) Metaspace: 54601K(55296K)->54601K(55296K) NonClass: 48493K(48832K)->48493K(48832K) Class: 6108K(6464K)->6108K(6464K)
[2025-03-28T20:41:22.442+0530][gc          ] GC(1142) Pause Young (Prepare Mixed) (G1 Evacuation Pause) 716M->198M(1024M) 7.351ms
[2025-03-28T20:41:22.442+0530][gc,cpu      ] GC(1142) User=0.01s Sys=0.00s Real=0.01s
[2025-03-28T20:41:22.485+0530][gc,start    ] GC(1143) Pause Young (Mixed) (G1 Evacuation Pause)
[2025-03-28T20:41:22.485+0530][gc,task     ] GC(1143) Using 2 workers of 2 for evacuation
[2025-03-28T20:41:22.496+0530][gc,phases   ] GC(1143)   Pre Evacuate Collection Set: 0.3ms
[2025-03-28T20:41:22.496+0530][gc,phases   ] GC(1143)   Merge Heap Roots: 0.3ms
[2025-03-28T20:41:22.496+0530][gc,phases   ] GC(1143)   Evacuate Collection Set: 9.6ms
[2025-03-28T20:41:22.496+0530][gc,phases   ] GC(1143)   Post Evacuate Collection Set: 0.6ms
[2025-03-28T20:41:22.496+0530][gc,phases   ] GC(1143)   Other: 0.2ms
[2025-03-28T20:41:22.496+0530][gc,heap     ] GC(1143) Eden regions: 49->0(444)
[2025-03-28T20:41:22.496+0530][gc,heap     ] GC(1143) Survivor regions: 2->7(7)
[2025-03-28T20:41:22.496+0530][gc,heap     ] GC(1143) Old regions: 49->47
[2025-03-28T20:41:22.496+0530][gc,heap     ] GC(1143) Archive regions: 2->2
[2025-03-28T20:41:22.496+0530][gc,heap     ] GC(1143) Humongous regions: 147->147
[2025-03-28T20:41:22.496+0530][gc,metaspace] GC(1143) Metaspace: 54601K(55296K)->54601K(55296K) NonClass: 48493K(48832K)->48493K(48832K) Class: 6108K(6464K)->6108K(6464K)
[2025-03-28T20:41:22.496+0530][gc          ] GC(1143) Pause Young (Mixed) (G1 Evacuation Pause) 247M->201M(1024M) 11.051ms
[2025-03-28T20:41:22.496+0530][gc,cpu      ] GC(1143) User=0.02s Sys=0.00s Real=0.02s
[2025-03-28T20:41:42.469+0530][gc,start    ] GC(1144) Pause Young (Normal) (G1 Evacuation Pause)
[2025-03-28T20:41:42.469+0530][gc,task     ] GC(1144) Using 2 workers of 2 for evacuation
[2025-03-28T20:41:42.482+0530][gc,phases   ] GC(1144)   Pre Evacuate Collection Set: 0.3ms
[2025-03-28T20:41:42.482+0530][gc,phases   ] GC(1144)   Merge Heap Roots: 0.2ms
[2025-03-28T20:41:42.482+0530][gc,phases   ] GC(1144)   Evacuate Collection Set: 10.6ms
[2025-03-28T20:41:42.482+0530][gc,phases   ] GC(1144)   Post Evacuate Collection Set: 1.7ms
[2025-03-28T20:41:42.482+0530][gc,phases   ] GC(1144)   Other: 0.2ms
[2025-03-28T20:41:42.482+0530][gc,heap     ] GC(1144) Eden regions: 444->0(603)
[2025-03-28T20:41:42.482+0530][gc,heap     ] GC(1144) Survivor regions: 7->7(57)
[2025-03-28T20:41:42.482+0530][gc,heap     ] GC(1144) Old regions: 47->47
[2025-03-28T20:41:42.482+0530][gc,heap     ] GC(1144) Archive regions: 2->2
[2025-03-28T20:41:42.482+0530][gc,heap     ] GC(1144) Humongous regions: 155->147
[2025-03-28T20:41:42.482+0530][gc,metaspace] GC(1144) Metaspace: 54602K(55296K)->54602K(55296K) NonClass: 48493K(48832K)->48493K(48832K) Class: 6108K(6464K)->6108K(6464K)
[2025-03-28T20:41:42.482+0530][gc          ] GC(1144) Pause Young (Normal) (G1 Evacuation Pause) 653M->201M(1024M) 13.219ms
[2025-03-28T20:41:42.482+0530][gc,cpu      ] GC(1144) User=0.02s Sys=0.01s Real=0.02s
[2025-03-28T20:41:42.554+0530][gc,start    ] GC(1145) Pause Young (Concurrent Start) (G1 Humongous Allocation)
[2025-03-28T20:41:42.554+0530][gc,task     ] GC(1145) Using 2 workers of 2 for evacuation
[2025-03-28T20:41:42.563+0530][gc,phases   ] GC(1145)   Pre Evacuate Collection Set: 0.3ms
[2025-03-28T20:41:42.564+0530][gc,phases   ] GC(1145)   Merge Heap Roots: 0.1ms
[2025-03-28T20:41:42.564+0530][gc,phases   ] GC(1145)   Evacuate Collection Set: 8.6ms
[2025-03-28T20:41:42.564+0530][gc,phases   ] GC(1145)   Post Evacuate Collection Set: 0.5ms
[2025-03-28T20:41:42.564+0530][gc,phases   ] GC(1145)   Other: 0.3ms
[2025-03-28T20:41:42.564+0530][gc,heap     ] GC(1145) Eden regions: 29->0(478)
[2025-03-28T20:41:42.564+0530][gc,heap     ] GC(1145) Survivor regions: 7->5(77)
[2025-03-28T20:41:42.564+0530][gc,heap     ] GC(1145) Old regions: 47->47
[2025-03-28T20:41:42.564+0530][gc,heap     ] GC(1145) Archive regions: 2->2
[2025-03-28T20:41:42.564+0530][gc,heap     ] GC(1145) Humongous regions: 147->147
[2025-03-28T20:41:42.564+0530][gc,metaspace] GC(1145) Metaspace: 54602K(55296K)->54602K(55296K) NonClass: 48493K(48832K)->48493K(48832K) Class: 6108K(6464K)->6108K(6464K)
[2025-03-28T20:41:42.564+0530][gc          ] GC(1145) Pause Young (Concurrent Start) (G1 Humongous Allocation) 229M->198M(1024M) 9.870ms
[2025-03-28T20:41:42.564+0530][gc,cpu      ] GC(1145) User=0.02s Sys=0.00s Real=0.01s
[2025-03-28T20:41:42.564+0530][gc          ] GC(1146) Concurrent Mark Cycle
[2025-03-28T20:41:42.564+0530][gc,marking  ] GC(1146) Concurrent Clear Claimed Marks
[2025-03-28T20:41:42.564+0530][gc,marking  ] GC(1146) Concurrent Clear Claimed Marks 0.104ms
[2025-03-28T20:41:42.564+0530][gc,marking  ] GC(1146) Concurrent Scan Root Regions
[2025-03-28T20:41:42.570+0530][gc,marking  ] GC(1146) Concurrent Scan Root Regions 6.515ms
[2025-03-28T20:41:42.570+0530][gc,marking  ] GC(1146) Concurrent Mark
[2025-03-28T20:41:42.570+0530][gc,marking  ] GC(1146) Concurrent Mark From Roots
[2025-03-28T20:41:42.570+0530][gc,task     ] GC(1146) Using 1 workers of 1 for marking
[2025-03-28T20:41:42.649+0530][gc,marking  ] GC(1146) Concurrent Mark From Roots 78.772ms
[2025-03-28T20:41:42.649+0530][gc,marking  ] GC(1146) Concurrent Preclean
[2025-03-28T20:41:42.649+0530][gc,marking  ] GC(1146) Concurrent Preclean 0.126ms
[2025-03-28T20:41:42.649+0530][gc,start    ] GC(1146) Pause Remark
[2025-03-28T20:41:42.662+0530][gc          ] GC(1146) Pause Remark 240M->240M(1024M) 12.609ms
[2025-03-28T20:41:42.662+0530][gc,cpu      ] GC(1146) User=0.02s Sys=0.01s Real=0.01s
[2025-03-28T20:41:42.662+0530][gc,marking  ] GC(1146) Concurrent Mark 91.756ms
[2025-03-28T20:41:42.662+0530][gc,marking  ] GC(1146) Concurrent Rebuild Remembered Sets
[2025-03-28T20:41:42.696+0530][gc,marking  ] GC(1146) Concurrent Rebuild Remembered Sets 34.005ms
[2025-03-28T20:41:42.696+0530][gc,start    ] GC(1146) Pause Cleanup
[2025-03-28T20:41:42.697+0530][gc          ] GC(1146) Pause Cleanup 240M->240M(1024M) 0.187ms
[2025-03-28T20:41:42.697+0530][gc,cpu      ] GC(1146) User=0.00s Sys=0.00s Real=0.00s
[2025-03-28T20:41:42.697+0530][gc,marking  ] GC(1146) Concurrent Cleanup for Next Mark
[2025-03-28T20:41:42.699+0530][gc,marking  ] GC(1146) Concurrent Cleanup for Next Mark 1.996ms
[2025-03-28T20:41:42.699+0530][gc          ] GC(1146) Concurrent Mark Cycle 134.870ms
[2025-03-28T20:42:02.494+0530][gc,start    ] GC(1147) Pause Young (Prepare Mixed) (G1 Evacuation Pause)
[2025-03-28T20:42:02.495+0530][gc,task     ] GC(1147) Using 2 workers of 2 for evacuation
[2025-03-28T20:42:02.511+0530][gc,phases   ] GC(1147)   Pre Evacuate Collection Set: 0.3ms
[2025-03-28T20:42:02.511+0530][gc,phases   ] GC(1147)   Merge Heap Roots: 0.4ms
[2025-03-28T20:42:02.511+0530][gc,phases   ] GC(1147)   Evacuate Collection Set: 14.6ms
[2025-03-28T20:42:02.511+0530][gc,phases   ] GC(1147)   Post Evacuate Collection Set: 0.9ms
[2025-03-28T20:42:02.511+0530][gc,phases   ] GC(1147)   Other: 0.3ms
[2025-03-28T20:42:02.511+0530][gc,heap     ] GC(1147) Eden regions: 406->0(47)
[2025-03-28T20:42:02.511+0530][gc,heap     ] GC(1147) Survivor regions: 5->4(52)
[2025-03-28T20:42:02.511+0530][gc,heap     ] GC(1147) Old regions: 47->47
[2025-03-28T20:42:02.511+0530][gc,heap     ] GC(1147) Archive regions: 2->2
[2025-03-28T20:42:02.511+0530][gc,heap     ] GC(1147) Humongous regions: 155->147
[2025-03-28T20:42:02.511+0530][gc,metaspace] GC(1147) Metaspace: 54602K(55296K)->54602K(55296K) NonClass: 48493K(48832K)->48493K(48832K) Class: 6108K(6464K)->6108K(6464K)
[2025-03-28T20:42:02.511+0530][gc          ] GC(1147) Pause Young (Prepare Mixed) (G1 Evacuation Pause) 612M->198M(1024M) 16.551ms
[2025-03-28T20:42:02.511+0530][gc,cpu      ] GC(1147) User=0.03s Sys=0.00s Real=0.02s
[2025-03-28T20:42:02.585+0530][gc,start    ] GC(1148) Pause Young (Mixed) (G1 Evacuation Pause)
[2025-03-28T20:42:02.585+0530][gc,task     ] GC(1148) Using 2 workers of 2 for evacuation
[2025-03-28T20:42:02.600+0530][gc,phases   ] GC(1148)   Pre Evacuate Collection Set: 0.2ms
[2025-03-28T20:42:02.600+0530][gc,phases   ] GC(1148)   Merge Heap Roots: 0.2ms
[2025-03-28T20:42:02.600+0530][gc,phases   ] GC(1148)   Evacuate Collection Set: 14.2ms
[2025-03-28T20:42:02.600+0530][gc,phases   ] GC(1148)   Post Evacuate Collection Set: 0.7ms
[2025-03-28T20:42:02.600+0530][gc,phases   ] GC(1148)   Other: 0.2ms
[2025-03-28T20:42:02.600+0530][gc,heap     ] GC(1148) Eden regions: 47->0(162)
[2025-03-28T20:42:02.600+0530][gc,heap     ] GC(1148) Survivor regions: 4->7(7)
[2025-03-28T20:42:02.600+0530][gc,heap     ] GC(1148) Old regions: 47->46
[2025-03-28T20:42:02.600+0530][gc,heap     ] GC(1148) Archive regions: 2->2
[2025-03-28T20:42:02.600+0530][gc,heap     ] GC(1148) Humongous regions: 147->147
[2025-03-28T20:42:02.600+0530][gc,metaspace] GC(1148) Metaspace: 54602K(55296K)->54602K(55296K) NonClass: 48493K(48832K)->48493K(48832K) Class: 6108K(6464K)->6108K(6464K)
[2025-03-28T20:42:02.600+0530][gc          ] GC(1148) Pause Young (Mixed) (G1 Evacuation Pause) 245M->200M(1024M) 15.558ms
[2025-03-28T20:42:02.600+0530][gc,cpu      ] GC(1148) User=0.02s Sys=0.00s Real=0.02s
[2025-03-28T20:42:12.418+0530][gc,start    ] GC(1149) Pause Young (Normal) (G1 Evacuation Pause)
[2025-03-28T20:42:12.418+0530][gc,task     ] GC(1149) Using 2 workers of 2 for evacuation
[2025-03-28T20:42:12.451+0530][gc,mmu      ] GC(1149) MMU target violated: 21.0ms (20.0ms/21.0ms)
[2025-03-28T20:42:12.451+0530][gc,phases   ] GC(1149)   Pre Evacuate Collection Set: 1.0ms
[2025-03-28T20:42:12.451+0530][gc,phases   ] GC(1149)   Merge Heap Roots: 0.9ms
[2025-03-28T20:42:12.451+0530][gc,phases   ] GC(1149)   Evacuate Collection Set: 29.7ms
[2025-03-28T20:42:12.451+0530][gc,phases   ] GC(1149)   Post Evacuate Collection Set: 1.2ms
[2025-03-28T20:42:12.451+0530][gc,phases   ] GC(1149)   Other: 1.0ms
[2025-03-28T20:42:12.452+0530][gc,heap     ] GC(1149) Eden regions: 162->0(49)
[2025-03-28T20:42:12.452+0530][gc,heap     ] GC(1149) Survivor regions: 7->2(22)
[2025-03-28T20:42:12.452+0530][gc,heap     ] GC(1149) Old regions: 46->46
[2025-03-28T20:42:12.452+0530][gc,heap     ] GC(1149) Archive regions: 2->2
[2025-03-28T20:42:12.452+0530][gc,heap     ] GC(1149) Humongous regions: 151->147
[2025-03-28T20:42:12.452+0530][gc,metaspace] GC(1149) Metaspace: 54603K(55296K)->54603K(55296K) NonClass: 48494K(48832K)->48494K(48832K) Class: 6108K(6464K)->6108K(6464K)
[2025-03-28T20:42:12.452+0530][gc          ] GC(1149) Pause Young (Normal) (G1 Evacuation Pause) 366M->195M(1024M) 33.871ms
[2025-03-28T20:42:12.452+0530][gc,cpu      ] GC(1149) User=0.04s Sys=0.01s Real=0.03s
[2025-03-28T20:42:12.535+0530][gc,start    ] GC(1150) Pause Young (Normal) (G1 Evacuation Pause)
[2025-03-28T20:42:12.535+0530][gc,task     ] GC(1150) Using 2 workers of 2 for evacuation
[2025-03-28T20:42:12.545+0530][gc,phases   ] GC(1150)   Pre Evacuate Collection Set: 0.4ms
[2025-03-28T20:42:12.545+0530][gc,phases   ] GC(1150)   Merge Heap Roots: 0.1ms
[2025-03-28T20:42:12.545+0530][gc,phases   ] GC(1150)   Evacuate Collection Set: 9.0ms
[2025-03-28T20:42:12.545+0530][gc,phases   ] GC(1150)   Post Evacuate Collection Set: 0.5ms
[2025-03-28T20:42:12.545+0530][gc,phases   ] GC(1150)   Other: 0.2ms
[2025-03-28T20:42:12.545+0530][gc,heap     ] GC(1150) Eden regions: 49->0(44)
[2025-03-28T20:42:12.545+0530][gc,heap     ] GC(1150) Survivor regions: 2->7(7)
[2025-03-28T20:42:12.545+0530][gc,heap     ] GC(1150) Old regions: 46->46
[2025-03-28T20:42:12.545+0530][gc,heap     ] GC(1150) Archive regions: 2->2
[2025-03-28T20:42:12.545+0530][gc,heap     ] GC(1150) Humongous regions: 147->147
[2025-03-28T20:42:12.545+0530][gc,metaspace] GC(1150) Metaspace: 54603K(55296K)->54603K(55296K) NonClass: 48494K(48832K)->48494K(48832K) Class: 6108K(6464K)->6108K(6464K)
[2025-03-28T20:42:12.545+0530][gc          ] GC(1150) Pause Young (Normal) (G1 Evacuation Pause) 244M->200M(1024M) 10.332ms
[2025-03-28T20:42:12.545+0530][gc,cpu      ] GC(1150) User=0.01s Sys=0.00s Real=0.02s
[2025-03-28T20:42:12.631+0530][gc,start    ] GC(1151) Pause Young (Normal) (G1 Evacuation Pause)
[2025-03-28T20:42:12.631+0530][gc,task     ] GC(1151) Using 2 workers of 2 for evacuation
[2025-03-28T20:42:12.642+0530][gc,phases   ] GC(1151)   Pre Evacuate Collection Set: 0.8ms
[2025-03-28T20:42:12.642+0530][gc,phases   ] GC(1151)   Merge Heap Roots: 0.3ms
[2025-03-28T20:42:12.642+0530][gc,phases   ] GC(1151)   Evacuate Collection Set: 9.2ms
[2025-03-28T20:42:12.642+0530][gc,phases   ] GC(1151)   Post Evacuate Collection Set: 0.7ms
[2025-03-28T20:42:12.642+0530][gc,phases   ] GC(1151)   Other: 0.2ms
[2025-03-28T20:42:12.642+0530][gc,heap     ] GC(1151) Eden regions: 44->0(49)
[2025-03-28T20:42:12.642+0530][gc,heap     ] GC(1151) Survivor regions: 7->2(7)
[2025-03-28T20:42:12.642+0530][gc,heap     ] GC(1151) Old regions: 46->48
[2025-03-28T20:42:12.642+0530][gc,heap     ] GC(1151) Archive regions: 2->2
[2025-03-28T20:42:12.642+0530][gc,heap     ] GC(1151) Humongous regions: 149->149
[2025-03-28T20:42:12.642+0530][gc,metaspace] GC(1151) Metaspace: 54603K(55296K)->54603K(55296K) NonClass: 48494K(48832K)->48494K(48832K) Class: 6108K(6464K)->6108K(6464K)
[2025-03-28T20:42:12.642+0530][gc          ] GC(1151) Pause Young (Normal) (G1 Evacuation Pause) 246M->199M(1024M) 11.369ms
[2025-03-28T20:42:12.642+0530][gc,cpu      ] GC(1151) User=0.01s Sys=0.01s Real=0.01s
[2025-03-28T20:42:21.687+0530][gc,start    ] GC(1152) Pause Young (Normal) (G1 Evacuation Pause)
[2025-03-28T20:42:21.687+0530][gc,task     ] GC(1152) Using 2 workers of 2 for evacuation
[2025-03-28T20:42:21.696+0530][gc,phases   ] GC(1152)   Pre Evacuate Collection Set: 0.2ms
[2025-03-28T20:42:21.696+0530][gc,phases   ] GC(1152)   Merge Heap Roots: 0.1ms
[2025-03-28T20:42:21.696+0530][gc,phases   ] GC(1152)   Evacuate Collection Set: 7.8ms
[2025-03-28T20:42:21.696+0530][gc,phases   ] GC(1152)   Post Evacuate Collection Set: 0.7ms
[2025-03-28T20:42:21.696+0530][gc,phases   ] GC(1152)   Other: 0.2ms
[2025-03-28T20:42:21.696+0530][gc,heap     ] GC(1152) Eden regions: 49->0(47)
[2025-03-28T20:42:21.696+0530][gc,heap     ] GC(1152) Survivor regions: 2->4(7)
[2025-03-28T20:42:21.696+0530][gc,heap     ] GC(1152) Old regions: 48->48
[2025-03-28T20:42:21.696+0530][gc,heap     ] GC(1152) Archive regions: 2->2
[2025-03-28T20:42:21.696+0530][gc,heap     ] GC(1152) Humongous regions: 149->147
[2025-03-28T20:42:21.696+0530][gc,metaspace] GC(1152) Metaspace: 54603K(55296K)->54603K(55296K) NonClass: 48494K(48832K)->48494K(48832K) Class: 6108K(6464K)->6108K(6464K)
[2025-03-28T20:42:21.696+0530][gc          ] GC(1152) Pause Young (Normal) (G1 Evacuation Pause) 248M->199M(1024M) 9.132ms
[2025-03-28T20:42:21.696+0530][gc,cpu      ] GC(1152) User=0.01s Sys=0.00s Real=0.01s
[2025-03-28T20:42:21.783+0530][gc,start    ] GC(1153) Pause Young (Normal) (G1 Evacuation Pause)
[2025-03-28T20:42:21.783+0530][gc,task     ] GC(1153) Using 2 workers of 2 for evacuation
[2025-03-28T20:42:21.793+0530][gc,phases   ] GC(1153)   Pre Evacuate Collection Set: 0.2ms
[2025-03-28T20:42:21.793+0530][gc,phases   ] GC(1153)   Merge Heap Roots: 0.2ms
[2025-03-28T20:42:21.793+0530][gc,phases   ] GC(1153)   Evacuate Collection Set: 7.9ms
[2025-03-28T20:42:21.793+0530][gc,phases   ] GC(1153)   Post Evacuate Collection Set: 1.6ms
[2025-03-28T20:42:21.793+0530][gc,phases   ] GC(1153)   Other: 0.2ms
[2025-03-28T20:42:21.793+0530][gc,heap     ] GC(1153) Eden regions: 47->0(79)
[2025-03-28T20:42:21.793+0530][gc,heap     ] GC(1153) Survivor regions: 4->3(7)
[2025-03-28T20:42:21.793+0530][gc,heap     ] GC(1153) Old regions: 48->48
[2025-03-28T20:42:21.793+0530][gc,heap     ] GC(1153) Archive regions: 2->2
[2025-03-28T20:42:21.793+0530][gc,heap     ] GC(1153) Humongous regions: 149->149
[2025-03-28T20:42:21.793+0530][gc,metaspace] GC(1153) Metaspace: 54603K(55296K)->54603K(55296K) NonClass: 48494K(48832K)->48494K(48832K) Class: 6108K(6464K)->6108K(6464K)
[2025-03-28T20:42:21.793+0530][gc          ] GC(1153) Pause Young (Normal) (G1 Evacuation Pause) 248M->200M(1024M) 10.122ms
[2025-03-28T20:42:21.793+0530][gc,cpu      ] GC(1153) User=0.02s Sys=0.00s Real=0.01s
[2025-03-28T20:42:22.454+0530][gc,start    ] GC(1154) Pause Young (Normal) (G1 Evacuation Pause)
[2025-03-28T20:42:22.454+0530][gc,task     ] GC(1154) Using 2 workers of 2 for evacuation
[2025-03-28T20:42:22.460+0530][gc,phases   ] GC(1154)   Pre Evacuate Collection Set: 0.2ms
[2025-03-28T20:42:22.460+0530][gc,phases   ] GC(1154)   Merge Heap Roots: 0.1ms
[2025-03-28T20:42:22.460+0530][gc,phases   ] GC(1154)   Evacuate Collection Set: 6.0ms
[2025-03-28T20:42:22.460+0530][gc,phases   ] GC(1154)   Post Evacuate Collection Set: 0.5ms
[2025-03-28T20:42:22.460+0530][gc,phases   ] GC(1154)   Other: 0.1ms
[2025-03-28T20:42:22.460+0530][gc,heap     ] GC(1154) Eden regions: 79->0(98)
[2025-03-28T20:42:22.461+0530][gc,heap     ] GC(1154) Survivor regions: 3->5(11)
[2025-03-28T20:42:22.461+0530][gc,heap     ] GC(1154) Old regions: 48->48
[2025-03-28T20:42:22.461+0530][gc,heap     ] GC(1154) Archive regions: 2->2
[2025-03-28T20:42:22.461+0530][gc,heap     ] GC(1154) Humongous regions: 149->147
[2025-03-28T20:42:22.461+0530][gc,metaspace] GC(1154) Metaspace: 54603K(55296K)->54603K(55296K) NonClass: 48494K(48832K)->48494K(48832K) Class: 6108K(6464K)->6108K(6464K)
[2025-03-28T20:42:22.461+0530][gc          ] GC(1154) Pause Young (Normal) (G1 Evacuation Pause) 279M->200M(1024M) 7.041ms
[2025-03-28T20:42:22.461+0530][gc,cpu      ] GC(1154) User=0.01s Sys=0.00s Real=0.01s
[2025-03-28T20:42:31.741+0530][gc,start    ] GC(1155) Pause Young (Normal) (G1 Evacuation Pause)
[2025-03-28T20:42:31.741+0530][gc,task     ] GC(1155) Using 2 workers of 2 for evacuation
[2025-03-28T20:42:31.755+0530][gc,phases   ] GC(1155)   Pre Evacuate Collection Set: 0.4ms
[2025-03-28T20:42:31.756+0530][gc,phases   ] GC(1155)   Merge Heap Roots: 0.3ms
[2025-03-28T20:42:31.756+0530][gc,phases   ] GC(1155)   Evacuate Collection Set: 12.0ms
[2025-03-28T20:42:31.756+0530][gc,phases   ] GC(1155)   Post Evacuate Collection Set: 1.8ms
[2025-03-28T20:42:31.756+0530][gc,phases   ] GC(1155)   Other: 0.3ms
[2025-03-28T20:42:31.756+0530][gc,heap     ] GC(1155) Eden regions: 98->0(159)
[2025-03-28T20:42:31.756+0530][gc,heap     ] GC(1155) Survivor regions: 5->3(13)
[2025-03-28T20:42:31.756+0530][gc,heap     ] GC(1155) Old regions: 48->48
[2025-03-28T20:42:31.756+0530][gc,heap     ] GC(1155) Archive regions: 2->2
[2025-03-28T20:42:31.756+0530][gc,heap     ] GC(1155) Humongous regions: 149->147
[2025-03-28T20:42:31.756+0530][gc,metaspace] GC(1155) Metaspace: 54603K(55296K)->54603K(55296K) NonClass: 48494K(48832K)->48494K(48832K) Class: 6108K(6464K)->6108K(6464K)
[2025-03-28T20:42:31.756+0530][gc          ] GC(1155) Pause Young (Normal) (G1 Evacuation Pause) 300M->198M(1024M) 15.352ms
[2025-03-28T20:42:31.756+0530][gc,cpu      ] GC(1155) User=0.02s Sys=0.01s Real=0.02s
[2025-03-28T20:42:32.601+0530][gc,start    ] GC(1156) Pause Young (Normal) (G1 Evacuation Pause)
[2025-03-28T20:42:32.601+0530][gc,task     ] GC(1156) Using 2 workers of 2 for evacuation
[2025-03-28T20:42:32.621+0530][gc,mmu      ] GC(1156) MMU target violated: 20.0ms (20.0ms/21.0ms)
[2025-03-28T20:42:32.621+0530][gc,phases   ] GC(1156)   Pre Evacuate Collection Set: 0.2ms
[2025-03-28T20:42:32.621+0530][gc,phases   ] GC(1156)   Merge Heap Roots: 0.1ms
[2025-03-28T20:42:32.621+0530][gc,phases   ] GC(1156)   Evacuate Collection Set: 9.0ms
[2025-03-28T20:42:32.621+0530][gc,phases   ] GC(1156)   Post Evacuate Collection Set: 10.4ms
[2025-03-28T20:42:32.621+0530][gc,phases   ] GC(1156)   Other: 0.5ms
[2025-03-28T20:42:32.621+0530][gc,heap     ] GC(1156) Eden regions: 159->0(43)
[2025-03-28T20:42:32.621+0530][gc,heap     ] GC(1156) Survivor regions: 3->8(21)
[2025-03-28T20:42:32.621+0530][gc,heap     ] GC(1156) Old regions: 48->48
[2025-03-28T20:42:32.621+0530][gc,heap     ] GC(1156) Archive regions: 2->2
[2025-03-28T20:42:32.621+0530][gc,heap     ] GC(1156) Humongous regions: 149->147
[2025-03-28T20:42:32.621+0530][gc,metaspace] GC(1156) Metaspace: 54603K(55296K)->54603K(55296K) NonClass: 48494K(48832K)->48494K(48832K) Class: 6108K(6464K)->6108K(6464K)
[2025-03-28T20:42:32.621+0530][gc          ] GC(1156) Pause Young (Normal) (G1 Evacuation Pause) 359M->203M(1024M) 20.298ms
[2025-03-28T20:42:32.621+0530][gc,cpu      ] GC(1156) User=0.02s Sys=0.00s Real=0.02s
[2025-03-28T20:42:32.676+0530][gc,start    ] GC(1157) Pause Young (Normal) (G1 Evacuation Pause)
[2025-03-28T20:42:32.676+0530][gc,task     ] GC(1157) Using 2 workers of 2 for evacuation
[2025-03-28T20:42:32.700+0530][gc,mmu      ] GC(1157) MMU target violated: 21.0ms (20.0ms/21.0ms)
[2025-03-28T20:42:32.700+0530][gc,phases   ] GC(1157)   Pre Evacuate Collection Set: 0.2ms
[2025-03-28T20:42:32.700+0530][gc,phases   ] GC(1157)   Merge Heap Roots: 0.1ms
[2025-03-28T20:42:32.700+0530][gc,phases   ] GC(1157)   Evacuate Collection Set: 23.3ms
[2025-03-28T20:42:32.700+0530][gc,phases   ] GC(1157)   Post Evacuate Collection Set: 0.6ms
[2025-03-28T20:42:32.700+0530][gc,phases   ] GC(1157)   Other: 0.2ms
[2025-03-28T20:42:32.700+0530][gc,heap     ] GC(1157) Eden regions: 43->0(50)
[2025-03-28T20:42:32.700+0530][gc,heap     ] GC(1157) Survivor regions: 8->1(7)
[2025-03-28T20:42:32.700+0530][gc,heap     ] GC(1157) Old regions: 48->50
[2025-03-28T20:42:32.700+0530][gc,heap     ] GC(1157) Archive regions: 2->2
[2025-03-28T20:42:32.700+0530][gc,heap     ] GC(1157) Humongous regions: 149->149
[2025-03-28T20:42:32.700+0530][gc,metaspace] GC(1157) Metaspace: 54603K(55296K)->54603K(55296K) NonClass: 48494K(48832K)->48494K(48832K) Class: 6108K(6464K)->6108K(6464K)
[2025-03-28T20:42:32.700+0530][gc          ] GC(1157) Pause Young (Normal) (G1 Evacuation Pause) 248M->200M(1024M) 24.488ms
[2025-03-28T20:42:32.700+0530][gc,cpu      ] GC(1157) User=0.02s Sys=0.00s Real=0.02s
[2025-03-28T20:42:41.762+0530][gc,start    ] GC(1158) Pause Young (Normal) (G1 Evacuation Pause)
[2025-03-28T20:42:41.762+0530][gc,task     ] GC(1158) Using 2 workers of 2 for evacuation
[2025-03-28T20:42:41.771+0530][gc,phases   ] GC(1158)   Pre Evacuate Collection Set: 0.2ms
[2025-03-28T20:42:41.771+0530][gc,phases   ] GC(1158)   Merge Heap Roots: 0.1ms
[2025-03-28T20:42:41.771+0530][gc,phases   ] GC(1158)   Evacuate Collection Set: 7.4ms
[2025-03-28T20:42:41.771+0530][gc,phases   ] GC(1158)   Post Evacuate Collection Set: 0.7ms
[2025-03-28T20:42:41.771+0530][gc,phases   ] GC(1158)   Other: 0.3ms
[2025-03-28T20:42:41.771+0530][gc,heap     ] GC(1158) Eden regions: 50->0(45)
[2025-03-28T20:42:41.771+0530][gc,heap     ] GC(1158) Survivor regions: 1->6(7)
[2025-03-28T20:42:41.771+0530][gc,heap     ] GC(1158) Old regions: 50->50
[2025-03-28T20:42:41.771+0530][gc,heap     ] GC(1158) Archive regions: 2->2
[2025-03-28T20:42:41.771+0530][gc,heap     ] GC(1158) Humongous regions: 149->147
[2025-03-28T20:42:41.771+0530][gc,metaspace] GC(1158) Metaspace: 54603K(55296K)->54603K(55296K) NonClass: 48494K(48832K)->48494K(48832K) Class: 6108K(6464K)->6108K(6464K)
[2025-03-28T20:42:41.771+0530][gc          ] GC(1158) Pause Young (Normal) (G1 Evacuation Pause) 250M->203M(1024M) 8.929ms
[2025-03-28T20:42:41.771+0530][gc,cpu      ] GC(1158) User=0.01s Sys=0.00s Real=0.01s
[2025-03-28T20:42:41.858+0530][gc,start    ] GC(1159) Pause Young (Normal) (G1 Evacuation Pause)
[2025-03-28T20:42:41.858+0530][gc,task     ] GC(1159) Using 2 workers of 2 for evacuation
[2025-03-28T20:42:41.867+0530][gc,phases   ] GC(1159)   Pre Evacuate Collection Set: 0.2ms
[2025-03-28T20:42:41.867+0530][gc,phases   ] GC(1159)   Merge Heap Roots: 0.1ms
[2025-03-28T20:42:41.867+0530][gc,phases   ] GC(1159)   Evacuate Collection Set: 7.9ms
[2025-03-28T20:42:41.867+0530][gc,phases   ] GC(1159)   Post Evacuate Collection Set: 0.7ms
[2025-03-28T20:42:41.867+0530][gc,phases   ] GC(1159)   Other: 0.1ms
[2025-03-28T20:42:41.867+0530][gc,heap     ] GC(1159) Eden regions: 45->0(56)
[2025-03-28T20:42:41.867+0530][gc,heap     ] GC(1159) Survivor regions: 6->2(7)
[2025-03-28T20:42:41.867+0530][gc,heap     ] GC(1159) Old regions: 50->52
[2025-03-28T20:42:41.867+0530][gc,heap     ] GC(1159) Archive regions: 2->2
[2025-03-28T20:42:41.867+0530][gc,heap     ] GC(1159) Humongous regions: 149->149
[2025-03-28T20:42:41.867+0530][gc,metaspace] GC(1159) Metaspace: 54603K(55296K)->54603K(55296K) NonClass: 48494K(48832K)->48494K(48832K) Class: 6108K(6464K)->6108K(6464K)
[2025-03-28T20:42:41.867+0530][gc          ] GC(1159) Pause Young (Normal) (G1 Evacuation Pause) 250M->202M(1024M) 9.106ms
[2025-03-28T20:42:41.867+0530][gc,cpu      ] GC(1159) User=0.02s Sys=0.00s Real=0.01s
[2025-03-28T20:42:42.444+0530][gc,start    ] GC(1160) Pause Young (Normal) (G1 Evacuation Pause)
[2025-03-28T20:42:42.444+0530][gc,task     ] GC(1160) Using 2 workers of 2 for evacuation
[2025-03-28T20:42:42.448+0530][gc,phases   ] GC(1160)   Pre Evacuate Collection Set: 0.2ms
[2025-03-28T20:42:42.448+0530][gc,phases   ] GC(1160)   Merge Heap Roots: 0.1ms
[2025-03-28T20:42:42.448+0530][gc,phases   ] GC(1160)   Evacuate Collection Set: 3.4ms
[2025-03-28T20:42:42.448+0530][gc,phases   ] GC(1160)   Post Evacuate Collection Set: 0.5ms
[2025-03-28T20:42:42.448+0530][gc,phases   ] GC(1160)   Other: 0.1ms
[2025-03-28T20:42:42.448+0530][gc,heap     ] GC(1160) Eden regions: 56->0(80)
[2025-03-28T20:42:42.448+0530][gc,heap     ] GC(1160) Survivor regions: 2->4(8)
[2025-03-28T20:42:42.448+0530][gc,heap     ] GC(1160) Old regions: 52->52
[2025-03-28T20:42:42.448+0530][gc,heap     ] GC(1160) Archive regions: 2->2
[2025-03-28T20:42:42.448+0530][gc,heap     ] GC(1160) Humongous regions: 149->147
[2025-03-28T20:42:42.448+0530][gc,metaspace] GC(1160) Metaspace: 54603K(55296K)->54603K(55296K) NonClass: 48494K(48832K)->48494K(48832K) Class: 6108K(6464K)->6108K(6464K)
[2025-03-28T20:42:42.448+0530][gc          ] GC(1160) Pause Young (Normal) (G1 Evacuation Pause) 258M->202M(1024M) 4.468ms
[2025-03-28T20:42:42.448+0530][gc,cpu      ] GC(1160) User=0.01s Sys=0.00s Real=0.01s
[2025-03-28T20:42:42.561+0530][gc,start    ] GC(1161) Pause Young (Normal) (G1 Evacuation Pause)
[2025-03-28T20:42:42.561+0530][gc,task     ] GC(1161) Using 2 workers of 2 for evacuation
[2025-03-28T20:42:42.568+0530][gc,phases   ] GC(1161)   Pre Evacuate Collection Set: 0.2ms
[2025-03-28T20:42:42.568+0530][gc,phases   ] GC(1161)   Merge Heap Roots: 0.2ms
[2025-03-28T20:42:42.568+0530][gc,phases   ] GC(1161)   Evacuate Collection Set: 5.1ms
[2025-03-28T20:42:42.568+0530][gc,phases   ] GC(1161)   Post Evacuate Collection Set: 0.6ms
[2025-03-28T20:42:42.568+0530][gc,phases   ] GC(1161)   Other: 0.1ms
[2025-03-28T20:42:42.568+0530][gc,heap     ] GC(1161) Eden regions: 80->0(122)
[2025-03-28T20:42:42.568+0530][gc,heap     ] GC(1161) Survivor regions: 4->3(11)
[2025-03-28T20:42:42.568+0530][gc,heap     ] GC(1161) Old regions: 52->52
[2025-03-28T20:42:42.568+0530][gc,heap     ] GC(1161) Archive regions: 2->2
[2025-03-28T20:42:42.568+0530][gc,heap     ] GC(1161) Humongous regions: 149->149
[2025-03-28T20:42:42.568+0530][gc,metaspace] GC(1161) Metaspace: 54603K(55296K)->54603K(55296K) NonClass: 48494K(48832K)->48494K(48832K) Class: 6108K(6464K)->6108K(6464K)
[2025-03-28T20:42:42.568+0530][gc          ] GC(1161) Pause Young (Normal) (G1 Evacuation Pause) 284M->203M(1024M) 6.392ms
[2025-03-28T20:42:42.568+0530][gc,cpu      ] GC(1161) User=0.01s Sys=0.00s Real=0.01s
[2025-03-28T20:42:52.422+0530][gc,start    ] GC(1162) Pause Young (Normal) (G1 Evacuation Pause)
[2025-03-28T20:42:52.423+0530][gc,task     ] GC(1162) Using 2 workers of 2 for evacuation
[2025-03-28T20:42:52.458+0530][gc,mmu      ] GC(1162) MMU target violated: 21.0ms (20.0ms/21.0ms)
[2025-03-28T20:42:52.458+0530][gc,phases   ] GC(1162)   Pre Evacuate Collection Set: 0.7ms
[2025-03-28T20:42:52.458+0530][gc,phases   ] GC(1162)   Merge Heap Roots: 0.6ms
[2025-03-28T20:42:52.458+0530][gc,phases   ] GC(1162)   Evacuate Collection Set: 21.8ms
[2025-03-28T20:42:52.458+0530][gc,phases   ] GC(1162)   Post Evacuate Collection Set: 2.5ms
[2025-03-28T20:42:52.458+0530][gc,phases   ] GC(1162)   Other: 9.8ms
[2025-03-28T20:42:52.458+0530][gc,heap     ] GC(1162) Eden regions: 122->0(50)
[2025-03-28T20:42:52.458+0530][gc,heap     ] GC(1162) Survivor regions: 3->1(16)
[2025-03-28T20:42:52.458+0530][gc,heap     ] GC(1162) Old regions: 52->52
[2025-03-28T20:42:52.458+0530][gc,heap     ] GC(1162) Archive regions: 2->2
[2025-03-28T20:42:52.458+0530][gc,heap     ] GC(1162) Humongous regions: 151->147
[2025-03-28T20:42:52.458+0530][gc,metaspace] GC(1162) Metaspace: 54603K(55296K)->54603K(55296K) NonClass: 48494K(48832K)->48494K(48832K) Class: 6108K(6464K)->6108K(6464K)
[2025-03-28T20:42:52.458+0530][gc          ] GC(1162) Pause Young (Normal) (G1 Evacuation Pause) 327M->200M(1024M) 35.845ms
[2025-03-28T20:42:52.458+0530][gc,cpu      ] GC(1162) User=0.02s Sys=0.01s Real=0.04s
[2025-03-28T20:42:52.542+0530][gc,start    ] GC(1163) Pause Young (Normal) (G1 Evacuation Pause)
[2025-03-28T20:42:52.542+0530][gc,task     ] GC(1163) Using 2 workers of 2 for evacuation
[2025-03-28T20:42:52.549+0530][gc,phases   ] GC(1163)   Pre Evacuate Collection Set: 0.2ms
[2025-03-28T20:42:52.549+0530][gc,phases   ] GC(1163)   Merge Heap Roots: 0.1ms
[2025-03-28T20:42:52.549+0530][gc,phases   ] GC(1163)   Evacuate Collection Set: 6.4ms
[2025-03-28T20:42:52.549+0530][gc,phases   ] GC(1163)   Post Evacuate Collection Set: 0.5ms
[2025-03-28T20:42:52.549+0530][gc,phases   ] GC(1163)   Other: 0.2ms
[2025-03-28T20:42:52.549+0530][gc,heap     ] GC(1163) Eden regions: 50->0(44)
[2025-03-28T20:42:52.549+0530][gc,heap     ] GC(1163) Survivor regions: 1->7(7)
[2025-03-28T20:42:52.549+0530][gc,heap     ] GC(1163) Old regions: 52->52
[2025-03-28T20:42:52.549+0530][gc,heap     ] GC(1163) Archive regions: 2->2
[2025-03-28T20:42:52.549+0530][gc,heap     ] GC(1163) Humongous regions: 147->147
[2025-03-28T20:42:52.549+0530][gc,metaspace] GC(1163) Metaspace: 54603K(55296K)->54603K(55296K) NonClass: 48494K(48832K)->48494K(48832K) Class: 6108K(6464K)->6108K(6464K)
[2025-03-28T20:42:52.549+0530][gc          ] GC(1163) Pause Young (Normal) (G1 Evacuation Pause) 250M->205M(1024M) 7.498ms
[2025-03-28T20:42:52.549+0530][gc,cpu      ] GC(1163) User=0.01s Sys=0.00s Real=0.01s
[2025-03-28T20:42:52.643+0530][gc,start    ] GC(1164) Pause Young (Normal) (G1 Evacuation Pause)
[2025-03-28T20:42:52.643+0530][gc,task     ] GC(1164) Using 2 workers of 2 for evacuation
[2025-03-28T20:42:52.650+0530][gc,phases   ] GC(1164)   Pre Evacuate Collection Set: 0.2ms
[2025-03-28T20:42:52.650+0530][gc,phases   ] GC(1164)   Merge Heap Roots: 0.1ms
[2025-03-28T20:42:52.650+0530][gc,phases   ] GC(1164)   Evacuate Collection Set: 5.5ms
[2025-03-28T20:42:52.650+0530][gc,phases   ] GC(1164)   Post Evacuate Collection Set: 0.4ms
[2025-03-28T20:42:52.650+0530][gc,phases   ] GC(1164)   Other: 0.2ms
[2025-03-28T20:42:52.650+0530][gc,heap     ] GC(1164) Eden regions: 44->0(49)
[2025-03-28T20:42:52.650+0530][gc,heap     ] GC(1164) Survivor regions: 7->2(7)
[2025-03-28T20:42:52.650+0530][gc,heap     ] GC(1164) Old regions: 52->53
[2025-03-28T20:42:52.650+0530][gc,heap     ] GC(1164) Archive regions: 2->2
[2025-03-28T20:42:52.650+0530][gc,heap     ] GC(1164) Humongous regions: 149->149
[2025-03-28T20:42:52.650+0530][gc,metaspace] GC(1164) Metaspace: 54603K(55296K)->54603K(55296K) NonClass: 48494K(48832K)->48494K(48832K) Class: 6108K(6464K)->6108K(6464K)
[2025-03-28T20:42:52.650+0530][gc          ] GC(1164) Pause Young (Normal) (G1 Evacuation Pause) 251M->204M(1024M) 6.579ms
[2025-03-28T20:42:52.650+0530][gc,cpu      ] GC(1164) User=0.01s Sys=0.00s Real=0.01s
[2025-03-28T20:43:01.645+0530][gc,start    ] GC(1165) Pause Young (Normal) (G1 Evacuation Pause)
[2025-03-28T20:43:01.645+0530][gc,task     ] GC(1165) Using 2 workers of 2 for evacuation
[2025-03-28T20:43:01.653+0530][gc,phases   ] GC(1165)   Pre Evacuate Collection Set: 0.2ms
[2025-03-28T20:43:01.653+0530][gc,phases   ] GC(1165)   Merge Heap Roots: 0.1ms
[2025-03-28T20:43:01.653+0530][gc,phases   ] GC(1165)   Evacuate Collection Set: 6.6ms
[2025-03-28T20:43:01.653+0530][gc,phases   ] GC(1165)   Post Evacuate Collection Set: 0.8ms
[2025-03-28T20:43:01.653+0530][gc,phases   ] GC(1165)   Other: 0.2ms
[2025-03-28T20:43:01.653+0530][gc,heap     ] GC(1165) Eden regions: 49->0(59)
[2025-03-28T20:43:01.653+0530][gc,heap     ] GC(1165) Survivor regions: 2->4(7)
[2025-03-28T20:43:01.653+0530][gc,heap     ] GC(1165) Old regions: 53->53
[2025-03-28T20:43:01.653+0530][gc,heap     ] GC(1165) Archive regions: 2->2
[2025-03-28T20:43:01.653+0530][gc,heap     ] GC(1165) Humongous regions: 149->147
[2025-03-28T20:43:01.653+0530][gc,metaspace] GC(1165) Metaspace: 54603K(55296K)->54603K(55296K) NonClass: 48494K(48832K)->48494K(48832K) Class: 6108K(6464K)->6108K(6464K)
[2025-03-28T20:43:01.653+0530][gc          ] GC(1165) Pause Young (Normal) (G1 Evacuation Pause) 253M->203M(1024M) 8.089ms
[2025-03-28T20:43:01.653+0530][gc,cpu      ] GC(1165) User=0.01s Sys=0.01s Real=0.01s
[2025-03-28T20:43:01.803+0530][gc,start    ] GC(1166) Pause Young (Normal) (G1 Evacuation Pause)
[2025-03-28T20:43:01.803+0530][gc,task     ] GC(1166) Using 2 workers of 2 for evacuation
[2025-03-28T20:43:01.810+0530][gc,phases   ] GC(1166)   Pre Evacuate Collection Set: 0.2ms
[2025-03-28T20:43:01.810+0530][gc,phases   ] GC(1166)   Merge Heap Roots: 0.1ms
[2025-03-28T20:43:01.810+0530][gc,phases   ] GC(1166)   Evacuate Collection Set: 6.6ms
[2025-03-28T20:43:01.810+0530][gc,phases   ] GC(1166)   Post Evacuate Collection Set: 0.6ms
[2025-03-28T20:43:01.810+0530][gc,phases   ] GC(1166)   Other: 0.2ms
[2025-03-28T20:43:01.810+0530][gc,heap     ] GC(1166) Eden regions: 59->0(104)
[2025-03-28T20:43:01.810+0530][gc,heap     ] GC(1166) Survivor regions: 4->3(8)
[2025-03-28T20:43:01.810+0530][gc,heap     ] GC(1166) Old regions: 53->53
[2025-03-28T20:43:01.810+0530][gc,heap     ] GC(1166) Archive regions: 2->2
[2025-03-28T20:43:01.810+0530][gc,heap     ] GC(1166) Humongous regions: 149->149
[2025-03-28T20:43:01.810+0530][gc,metaspace] GC(1166) Metaspace: 54603K(55296K)->54603K(55296K) NonClass: 48494K(48832K)->48494K(48832K) Class: 6108K(6464K)->6108K(6464K)
[2025-03-28T20:43:01.810+0530][gc          ] GC(1166) Pause Young (Normal) (G1 Evacuation Pause) 264M->205M(1024M) 7.614ms
[2025-03-28T20:43:01.810+0530][gc,cpu      ] GC(1166) User=0.01s Sys=0.00s Real=0.01s
[2025-03-28T20:43:02.661+0530][gc,start    ] GC(1167) Pause Young (Normal) (G1 Evacuation Pause)
[2025-03-28T20:43:02.661+0530][gc,task     ] GC(1167) Using 2 workers of 2 for evacuation
[2025-03-28T20:43:02.669+0530][gc,phases   ] GC(1167)   Pre Evacuate Collection Set: 0.2ms
[2025-03-28T20:43:02.669+0530][gc,phases   ] GC(1167)   Merge Heap Roots: 0.1ms
[2025-03-28T20:43:02.669+0530][gc,phases   ] GC(1167)   Evacuate Collection Set: 7.2ms
[2025-03-28T20:43:02.669+0530][gc,phases   ] GC(1167)   Post Evacuate Collection Set: 1.1ms
[2025-03-28T20:43:02.669+0530][gc,phases   ] GC(1167)   Other: 0.2ms
[2025-03-28T20:43:02.669+0530][gc,heap     ] GC(1167) Eden regions: 104->0(146)
[2025-03-28T20:43:02.669+0530][gc,heap     ] GC(1167) Survivor regions: 3->3(14)
[2025-03-28T20:43:02.669+0530][gc,heap     ] GC(1167) Old regions: 53->53
[2025-03-28T20:43:02.669+0530][gc,heap     ] GC(1167) Archive regions: 2->2
[2025-03-28T20:43:02.669+0530][gc,heap     ] GC(1167) Humongous regions: 151->149
[2025-03-28T20:43:02.669+0530][gc,metaspace] GC(1167) Metaspace: 54603K(55296K)->54603K(55296K) NonClass: 48494K(48832K)->48494K(48832K) Class: 6108K(6464K)->6108K(6464K)
[2025-03-28T20:43:02.670+0530][gc          ] GC(1167) Pause Young (Normal) (G1 Evacuation Pause) 311M->205M(1024M) 8.802ms
[2025-03-28T20:43:02.670+0530][gc,cpu      ] GC(1167) User=0.01s Sys=0.00s Real=0.01s
[2025-03-28T20:43:11.913+0530][gc,start    ] GC(1168) Pause Young (Normal) (G1 Evacuation Pause)
[2025-03-28T20:43:11.913+0530][gc,task     ] GC(1168) Using 2 workers of 2 for evacuation
[2025-03-28T20:43:11.927+0530][gc,phases   ] GC(1168)   Pre Evacuate Collection Set: 0.3ms
[2025-03-28T20:43:11.927+0530][gc,phases   ] GC(1168)   Merge Heap Roots: 0.2ms
[2025-03-28T20:43:11.927+0530][gc,phases   ] GC(1168)   Evacuate Collection Set: 12.6ms
[2025-03-28T20:43:11.927+0530][gc,phases   ] GC(1168)   Post Evacuate Collection Set: 0.7ms
[2025-03-28T20:43:11.927+0530][gc,phases   ] GC(1168)   Other: 0.1ms
[2025-03-28T20:43:11.927+0530][gc,heap     ] GC(1168) Eden regions: 145->0(189)
[2025-03-28T20:43:11.927+0530][gc,heap     ] GC(1168) Survivor regions: 3->3(19)
[2025-03-28T20:43:11.927+0530][gc,heap     ] GC(1168) Old regions: 53->53
[2025-03-28T20:43:11.927+0530][gc,heap     ] GC(1168) Archive regions: 2->2
[2025-03-28T20:43:11.927+0530][gc,heap     ] GC(1168) Humongous regions: 151->149
[2025-03-28T20:43:11.927+0530][gc,metaspace] GC(1168) Metaspace: 54603K(55296K)->54603K(55296K) NonClass: 48494K(48832K)->48494K(48832K) Class: 6108K(6464K)->6108K(6464K)
[2025-03-28T20:43:11.927+0530][gc          ] GC(1168) Pause Young (Normal) (G1 Evacuation Pause) 352M->205M(1024M) 14.073ms
[2025-03-28T20:43:11.927+0530][gc,cpu      ] GC(1168) User=0.01s Sys=0.00s Real=0.02s
[2025-03-28T20:43:21.880+0530][gc,start    ] GC(1169) Pause Young (Normal) (G1 Evacuation Pause)
[2025-03-28T20:43:21.880+0530][gc,task     ] GC(1169) Using 2 workers of 2 for evacuation
[2025-03-28T20:43:21.891+0530][gc,phases   ] GC(1169)   Pre Evacuate Collection Set: 0.2ms
[2025-03-28T20:43:21.891+0530][gc,phases   ] GC(1169)   Merge Heap Roots: 0.1ms
[2025-03-28T20:43:21.892+0530][gc,phases   ] GC(1169)   Evacuate Collection Set: 9.8ms
[2025-03-28T20:43:21.892+0530][gc,phases   ] GC(1169)   Post Evacuate Collection Set: 0.7ms
[2025-03-28T20:43:21.892+0530][gc,phases   ] GC(1169)   Other: 0.2ms
[2025-03-28T20:43:21.892+0530][gc,heap     ] GC(1169) Eden regions: 184->0(83)
[2025-03-28T20:43:21.892+0530][gc,heap     ] GC(1169) Survivor regions: 3->8(24)
[2025-03-28T20:43:21.892+0530][gc,heap     ] GC(1169) Old regions: 53->53
[2025-03-28T20:43:21.892+0530][gc,heap     ] GC(1169) Archive regions: 2->2
[2025-03-28T20:43:21.892+0530][gc,heap     ] GC(1169) Humongous regions: 151->147
[2025-03-28T20:43:21.892+0530][gc,metaspace] GC(1169) Metaspace: 54603K(55296K)->54603K(55296K) NonClass: 48494K(48832K)->48494K(48832K) Class: 6108K(6464K)->6108K(6464K)
[2025-03-28T20:43:21.892+0530][gc          ] GC(1169) Pause Young (Normal) (G1 Evacuation Pause) 391M->208M(1024M) 11.312ms
[2025-03-28T20:43:21.892+0530][gc,cpu      ] GC(1169) User=0.02s Sys=0.00s Real=0.01s
[2025-03-28T20:43:22.817+0530][gc,start    ] GC(1170) Pause Young (Normal) (G1 Evacuation Pause)
[2025-03-28T20:43:22.817+0530][gc,task     ] GC(1170) Using 2 workers of 2 for evacuation
[2025-03-28T20:43:22.824+0530][gc,phases   ] GC(1170)   Pre Evacuate Collection Set: 0.3ms
[2025-03-28T20:43:22.824+0530][gc,phases   ] GC(1170)   Merge Heap Roots: 0.1ms
[2025-03-28T20:43:22.824+0530][gc,phases   ] GC(1170)   Evacuate Collection Set: 6.2ms
[2025-03-28T20:43:22.824+0530][gc,phases   ] GC(1170)   Post Evacuate Collection Set: 1.0ms
[2025-03-28T20:43:22.824+0530][gc,phases   ] GC(1170)   Other: 0.2ms
[2025-03-28T20:43:22.824+0530][gc,heap     ] GC(1170) Eden regions: 83->0(327)
[2025-03-28T20:43:22.824+0530][gc,heap     ] GC(1170) Survivor regions: 8->4(12)
[2025-03-28T20:43:22.824+0530][gc,heap     ] GC(1170) Old regions: 53->54
[2025-03-28T20:43:22.824+0530][gc,heap     ] GC(1170) Archive regions: 2->2
[2025-03-28T20:43:22.824+0530][gc,heap     ] GC(1170) Humongous regions: 149->147
[2025-03-28T20:43:22.824+0530][gc,metaspace] GC(1170) Metaspace: 54603K(55296K)->54603K(55296K) NonClass: 48494K(48832K)->48494K(48832K) Class: 6108K(6464K)->6108K(6464K)
[2025-03-28T20:43:22.824+0530][gc          ] GC(1170) Pause Young (Normal) (G1 Evacuation Pause) 293M->205M(1024M) 7.892ms
[2025-03-28T20:43:22.824+0530][gc,cpu      ] GC(1170) User=0.01s Sys=0.01s Real=0.00s
[2025-03-28T20:43:22.919+0530][gc,start    ] GC(1171) Pause Young (Concurrent Start) (G1 Humongous Allocation)
[2025-03-28T20:43:22.919+0530][gc,task     ] GC(1171) Using 2 workers of 2 for evacuation
[2025-03-28T20:43:22.924+0530][gc,phases   ] GC(1171)   Pre Evacuate Collection Set: 0.2ms
[2025-03-28T20:43:22.924+0530][gc,phases   ] GC(1171)   Merge Heap Roots: 0.1ms
[2025-03-28T20:43:22.924+0530][gc,phases   ] GC(1171)   Evacuate Collection Set: 4.4ms
[2025-03-28T20:43:22.924+0530][gc,phases   ] GC(1171)   Post Evacuate Collection Set: 0.4ms
[2025-03-28T20:43:22.924+0530][gc,phases   ] GC(1171)   Other: 0.2ms
[2025-03-28T20:43:22.924+0530][gc,heap     ] GC(1171) Eden regions: 41->0(563)
[2025-03-28T20:43:22.924+0530][gc,heap     ] GC(1171) Survivor regions: 4->3(42)
[2025-03-28T20:43:22.924+0530][gc,heap     ] GC(1171) Old regions: 54->54
[2025-03-28T20:43:22.924+0530][gc,heap     ] GC(1171) Archive regions: 2->2
[2025-03-28T20:43:22.924+0530][gc,heap     ] GC(1171) Humongous regions: 147->147
[2025-03-28T20:43:22.924+0530][gc,metaspace] GC(1171) Metaspace: 54603K(55296K)->54603K(55296K) NonClass: 48494K(48832K)->48494K(48832K) Class: 6108K(6464K)->6108K(6464K)
[2025-03-28T20:43:22.924+0530][gc          ] GC(1171) Pause Young (Concurrent Start) (G1 Humongous Allocation) 245M->203M(1024M) 5.359ms
[2025-03-28T20:43:22.924+0530][gc,cpu      ] GC(1171) User=0.01s Sys=0.00s Real=0.00s
[2025-03-28T20:43:22.924+0530][gc          ] GC(1172) Concurrent Mark Cycle
[2025-03-28T20:43:22.924+0530][gc,marking  ] GC(1172) Concurrent Clear Claimed Marks
[2025-03-28T20:43:22.924+0530][gc,marking  ] GC(1172) Concurrent Clear Claimed Marks 0.081ms
[2025-03-28T20:43:22.924+0530][gc,marking  ] GC(1172) Concurrent Scan Root Regions
[2025-03-28T20:43:22.929+0530][gc,marking  ] GC(1172) Concurrent Scan Root Regions 4.558ms
[2025-03-28T20:43:22.929+0530][gc,marking  ] GC(1172) Concurrent Mark
[2025-03-28T20:43:22.929+0530][gc,marking  ] GC(1172) Concurrent Mark From Roots
[2025-03-28T20:43:22.929+0530][gc,task     ] GC(1172) Using 1 workers of 1 for marking
[2025-03-28T20:43:23.020+0530][gc,marking  ] GC(1172) Concurrent Mark From Roots 91.477ms
[2025-03-28T20:43:23.020+0530][gc,marking  ] GC(1172) Concurrent Preclean
[2025-03-28T20:43:23.021+0530][gc,marking  ] GC(1172) Concurrent Preclean 0.184ms
[2025-03-28T20:43:23.021+0530][gc,start    ] GC(1172) Pause Remark
[2025-03-28T20:43:23.042+0530][gc,mmu      ] GC(1172) MMU target violated: 21.0ms (20.0ms/21.0ms)
[2025-03-28T20:43:23.042+0530][gc          ] GC(1172) Pause Remark 245M->244M(1024M) 21.754ms
[2025-03-28T20:43:23.042+0530][gc,cpu      ] GC(1172) User=0.04s Sys=0.00s Real=0.02s
[2025-03-28T20:43:23.043+0530][gc,marking  ] GC(1172) Concurrent Mark 113.776ms
[2025-03-28T20:43:23.043+0530][gc,marking  ] GC(1172) Concurrent Rebuild Remembered Sets
[2025-03-28T20:43:23.081+0530][gc,marking  ] GC(1172) Concurrent Rebuild Remembered Sets 38.745ms
[2025-03-28T20:43:23.081+0530][gc,start    ] GC(1172) Pause Cleanup
[2025-03-28T20:43:23.082+0530][gc          ] GC(1172) Pause Cleanup 245M->245M(1024M) 0.194ms
[2025-03-28T20:43:23.082+0530][gc,cpu      ] GC(1172) User=0.00s Sys=0.00s Real=0.00s
[2025-03-28T20:43:23.082+0530][gc,marking  ] GC(1172) Concurrent Cleanup for Next Mark
[2025-03-28T20:43:23.083+0530][gc,marking  ] GC(1172) Concurrent Cleanup for Next Mark 1.714ms
[2025-03-28T20:43:23.083+0530][gc          ] GC(1172) Concurrent Mark Cycle 159.366ms
[2025-03-28T20:43:47.499+0530][gc,start    ] GC(1173) Pause Young (Prepare Mixed) (G1 Evacuation Pause)
[2025-03-28T20:43:47.500+0530][gc,task     ] GC(1173) Using 2 workers of 2 for evacuation
[2025-03-28T20:43:47.512+0530][gc,phases   ] GC(1173)   Pre Evacuate Collection Set: 0.2ms
[2025-03-28T20:43:47.512+0530][gc,phases   ] GC(1173)   Merge Heap Roots: 0.2ms
[2025-03-28T20:43:47.512+0530][gc,phases   ] GC(1173)   Evacuate Collection Set: 10.2ms
[2025-03-28T20:43:47.512+0530][gc,phases   ] GC(1173)   Post Evacuate Collection Set: 1.0ms
[2025-03-28T20:43:47.512+0530][gc,phases   ] GC(1173)   Other: 1.5ms
[2025-03-28T20:43:47.512+0530][gc,heap     ] GC(1173) Eden regions: 563->0(43)
[2025-03-28T20:43:47.512+0530][gc,heap     ] GC(1173) Survivor regions: 3->8(71)
[2025-03-28T20:43:47.512+0530][gc,heap     ] GC(1173) Old regions: 53->53
[2025-03-28T20:43:47.512+0530][gc,heap     ] GC(1173) Archive regions: 2->2
[2025-03-28T20:43:47.512+0530][gc,heap     ] GC(1173) Humongous regions: 157->147
[2025-03-28T20:43:47.512+0530][gc,metaspace] GC(1173) Metaspace: 54605K(55296K)->54605K(55296K) NonClass: 48496K(48832K)->48496K(48832K) Class: 6108K(6464K)->6108K(6464K)
[2025-03-28T20:43:47.512+0530][gc          ] GC(1173) Pause Young (Prepare Mixed) (G1 Evacuation Pause) 775M->207M(1024M) 13.249ms
[2025-03-28T20:43:47.512+0530][gc,cpu      ] GC(1173) User=0.02s Sys=0.00s Real=0.01s
[2025-03-28T20:43:47.576+0530][gc,start    ] GC(1174) Pause Young (Mixed) (G1 Evacuation Pause)
[2025-03-28T20:43:47.576+0530][gc,task     ] GC(1174) Using 2 workers of 2 for evacuation
[2025-03-28T20:43:47.588+0530][gc,phases   ] GC(1174)   Pre Evacuate Collection Set: 0.2ms
[2025-03-28T20:43:47.588+0530][gc,phases   ] GC(1174)   Merge Heap Roots: 0.3ms
[2025-03-28T20:43:47.588+0530][gc,phases   ] GC(1174)   Evacuate Collection Set: 10.3ms
[2025-03-28T20:43:47.588+0530][gc,phases   ] GC(1174)   Post Evacuate Collection Set: 0.8ms
[2025-03-28T20:43:47.588+0530][gc,phases   ] GC(1174)   Other: 0.2ms
[2025-03-28T20:43:47.588+0530][gc,heap     ] GC(1174) Eden regions: 43->0(451)
[2025-03-28T20:43:47.588+0530][gc,heap     ] GC(1174) Survivor regions: 8->2(7)
[2025-03-28T20:43:47.588+0530][gc,heap     ] GC(1174) Old regions: 53->51
[2025-03-28T20:43:47.588+0530][gc,heap     ] GC(1174) Archive regions: 2->2
[2025-03-28T20:43:47.588+0530][gc,heap     ] GC(1174) Humongous regions: 149->149
[2025-03-28T20:43:47.588+0530][gc,metaspace] GC(1174) Metaspace: 54605K(55296K)->54605K(55296K) NonClass: 48496K(48832K)->48496K(48832K) Class: 6108K(6464K)->6108K(6464K)
[2025-03-28T20:43:47.588+0530][gc          ] GC(1174) Pause Young (Mixed) (G1 Evacuation Pause) 252M->202M(1024M) 11.804ms
[2025-03-28T20:43:47.588+0530][gc,cpu      ] GC(1174) User=0.02s Sys=0.00s Real=0.01s
[2025-03-28T20:44:07.597+0530][gc,start    ] GC(1175) Pause Young (Normal) (G1 Evacuation Pause)
[2025-03-28T20:44:07.597+0530][gc,task     ] GC(1175) Using 2 workers of 2 for evacuation
[2025-03-28T20:44:07.607+0530][gc,phases   ] GC(1175)   Pre Evacuate Collection Set: 0.2ms
[2025-03-28T20:44:07.607+0530][gc,phases   ] GC(1175)   Merge Heap Roots: 0.2ms
[2025-03-28T20:44:07.607+0530][gc,phases   ] GC(1175)   Evacuate Collection Set: 7.8ms
[2025-03-28T20:44:07.607+0530][gc,phases   ] GC(1175)   Post Evacuate Collection Set: 1.0ms
[2025-03-28T20:44:07.607+0530][gc,phases   ] GC(1175)   Other: 0.3ms
[2025-03-28T20:44:07.607+0530][gc,heap     ] GC(1175) Eden regions: 451->0(564)
[2025-03-28T20:44:07.607+0530][gc,heap     ] GC(1175) Survivor regions: 2->3(57)
[2025-03-28T20:44:07.607+0530][gc,heap     ] GC(1175) Old regions: 51->51
[2025-03-28T20:44:07.607+0530][gc,heap     ] GC(1175) Archive regions: 2->2
[2025-03-28T20:44:07.607+0530][gc,heap     ] GC(1175) Humongous regions: 157->149
[2025-03-28T20:44:07.607+0530][gc,metaspace] GC(1175) Metaspace: 54605K(55296K)->54605K(55296K) NonClass: 48496K(48832K)->48496K(48832K) Class: 6108K(6464K)->6108K(6464K)
[2025-03-28T20:44:07.607+0530][gc          ] GC(1175) Pause Young (Normal) (G1 Evacuation Pause) 661M->203M(1024M) 9.546ms
[2025-03-28T20:44:07.607+0530][gc,cpu      ] GC(1175) User=0.01s Sys=0.00s Real=0.01s
[2025-03-28T20:44:13.742+0530][gc,start    ] GC(1176) Pause Young (Concurrent Start) (G1 Humongous Allocation)
[2025-03-28T20:44:13.742+0530][gc,task     ] GC(1176) Using 2 workers of 2 for evacuation
[2025-03-28T20:44:13.755+0530][gc,phases   ] GC(1176)   Pre Evacuate Collection Set: 0.3ms
[2025-03-28T20:44:13.755+0530][gc,phases   ] GC(1176)   Merge Heap Roots: 0.1ms
[2025-03-28T20:44:13.755+0530][gc,phases   ] GC(1176)   Evacuate Collection Set: 12.1ms
[2025-03-28T20:44:13.755+0530][gc,phases   ] GC(1176)   Post Evacuate Collection Set: 0.5ms
[2025-03-28T20:44:13.755+0530][gc,phases   ] GC(1176)   Other: 0.2ms
[2025-03-28T20:44:13.755+0530][gc,heap     ] GC(1176) Eden regions: 90->0(610)
[2025-03-28T20:44:13.755+0530][gc,heap     ] GC(1176) Survivor regions: 3->4(70)
[2025-03-28T20:44:13.755+0530][gc,heap     ] GC(1176) Old regions: 51->51
[2025-03-28T20:44:13.755+0530][gc,heap     ] GC(1176) Archive regions: 2->2
[2025-03-28T20:44:13.755+0530][gc,heap     ] GC(1176) Humongous regions: 149->147
[2025-03-28T20:44:13.755+0530][gc,metaspace] GC(1176) Metaspace: 54608K(55296K)->54608K(55296K) NonClass: 48499K(48832K)->48499K(48832K) Class: 6108K(6464K)->6108K(6464K)
[2025-03-28T20:44:13.755+0530][gc          ] GC(1176) Pause Young (Concurrent Start) (G1 Humongous Allocation) 292M->201M(1024M) 13.299ms
[2025-03-28T20:44:13.755+0530][gc,cpu      ] GC(1176) User=0.02s Sys=0.00s Real=0.03s
[2025-03-28T20:44:13.755+0530][gc          ] GC(1177) Concurrent Mark Cycle
[2025-03-28T20:44:13.755+0530][gc,marking  ] GC(1177) Concurrent Clear Claimed Marks
[2025-03-28T20:44:13.756+0530][gc,marking  ] GC(1177) Concurrent Clear Claimed Marks 0.099ms
[2025-03-28T20:44:13.756+0530][gc,marking  ] GC(1177) Concurrent Scan Root Regions
[2025-03-28T20:44:13.760+0530][gc,marking  ] GC(1177) Concurrent Scan Root Regions 4.243ms
[2025-03-28T20:44:13.760+0530][gc,marking  ] GC(1177) Concurrent Mark
[2025-03-28T20:44:13.760+0530][gc,marking  ] GC(1177) Concurrent Mark From Roots
[2025-03-28T20:44:13.760+0530][gc,task     ] GC(1177) Using 1 workers of 1 for marking
[2025-03-28T20:44:13.867+0530][gc,marking  ] GC(1177) Concurrent Mark From Roots 106.925ms
[2025-03-28T20:44:13.867+0530][gc,marking  ] GC(1177) Concurrent Preclean
[2025-03-28T20:44:13.867+0530][gc,marking  ] GC(1177) Concurrent Preclean 0.153ms
[2025-03-28T20:44:13.878+0530][gc,start    ] GC(1177) Pause Remark
[2025-03-28T20:44:13.903+0530][gc,mmu      ] GC(1177) MMU target violated: 21.0ms (20.0ms/21.0ms)
[2025-03-28T20:44:13.903+0530][gc          ] GC(1177) Pause Remark 243M->243M(1024M) 25.105ms
[2025-03-28T20:44:13.903+0530][gc,cpu      ] GC(1177) User=0.02s Sys=0.00s Real=0.03s
[2025-03-28T20:44:13.904+0530][gc,marking  ] GC(1177) Concurrent Mark 143.621ms
[2025-03-28T20:44:13.904+0530][gc,marking  ] GC(1177) Concurrent Rebuild Remembered Sets
[2025-03-28T20:44:13.942+0530][gc,marking  ] GC(1177) Concurrent Rebuild Remembered Sets 38.335ms
[2025-03-28T20:44:13.942+0530][gc,start    ] GC(1177) Pause Cleanup
[2025-03-28T20:44:13.943+0530][gc          ] GC(1177) Pause Cleanup 243M->243M(1024M) 0.201ms
[2025-03-28T20:44:13.943+0530][gc,cpu      ] GC(1177) User=0.00s Sys=0.00s Real=0.00s
[2025-03-28T20:44:13.943+0530][gc,marking  ] GC(1177) Concurrent Cleanup for Next Mark
[2025-03-28T20:44:13.945+0530][gc,marking  ] GC(1177) Concurrent Cleanup for Next Mark 1.835ms
[2025-03-28T20:44:13.945+0530][gc          ] GC(1177) Concurrent Mark Cycle 189.304ms
[2025-03-28T20:44:33.599+0530][gc,start    ] GC(1178) Pause Young (Prepare Mixed) (G1 Evacuation Pause)
[2025-03-28T20:44:33.599+0530][gc,task     ] GC(1178) Using 2 workers of 2 for evacuation
[2025-03-28T20:44:33.617+0530][gc,phases   ] GC(1178)   Pre Evacuate Collection Set: 0.2ms
[2025-03-28T20:44:33.617+0530][gc,phases   ] GC(1178)   Merge Heap Roots: 0.2ms
[2025-03-28T20:44:33.617+0530][gc,phases   ] GC(1178)   Evacuate Collection Set: 15.5ms
[2025-03-28T20:44:33.617+0530][gc,phases   ] GC(1178)   Post Evacuate Collection Set: 1.2ms
[2025-03-28T20:44:33.617+0530][gc,phases   ] GC(1178)   Other: 0.2ms
[2025-03-28T20:44:33.617+0530][gc,heap     ] GC(1178) Eden regions: 414->0(46)
[2025-03-28T20:44:33.617+0530][gc,heap     ] GC(1178) Survivor regions: 4->5(53)
[2025-03-28T20:44:33.617+0530][gc,heap     ] GC(1178) Old regions: 50->50
[2025-03-28T20:44:33.617+0530][gc,heap     ] GC(1178) Archive regions: 2->2
[2025-03-28T20:44:33.617+0530][gc,heap     ] GC(1178) Humongous regions: 155->147
[2025-03-28T20:44:33.617+0530][gc,metaspace] GC(1178) Metaspace: 54608K(55296K)->54608K(55296K) NonClass: 48499K(48832K)->48499K(48832K) Class: 6108K(6464K)->6108K(6464K)
[2025-03-28T20:44:33.617+0530][gc          ] GC(1178) Pause Young (Prepare Mixed) (G1 Evacuation Pause) 623M->202M(1024M) 17.408ms
[2025-03-28T20:44:33.617+0530][gc,cpu      ] GC(1178) User=0.01s Sys=0.00s Real=0.03s
[2025-03-28T20:44:33.768+0530][gc,start    ] GC(1179) Pause Young (Mixed) (G1 Evacuation Pause)
[2025-03-28T20:44:33.768+0530][gc,task     ] GC(1179) Using 2 workers of 2 for evacuation
[2025-03-28T20:44:33.778+0530][gc,phases   ] GC(1179)   Pre Evacuate Collection Set: 0.2ms
[2025-03-28T20:44:33.778+0530][gc,phases   ] GC(1179)   Merge Heap Roots: 0.1ms
[2025-03-28T20:44:33.778+0530][gc,phases   ] GC(1179)   Evacuate Collection Set: 8.1ms
[2025-03-28T20:44:33.778+0530][gc,phases   ] GC(1179)   Post Evacuate Collection Set: 0.5ms
[2025-03-28T20:44:33.778+0530][gc,phases   ] GC(1179)   Other: 0.1ms
[2025-03-28T20:44:33.778+0530][gc,heap     ] GC(1179) Eden regions: 46->0(610)
[2025-03-28T20:44:33.778+0530][gc,heap     ] GC(1179) Survivor regions: 5->4(7)
[2025-03-28T20:44:33.778+0530][gc,heap     ] GC(1179) Old regions: 50->48
[2025-03-28T20:44:33.778+0530][gc,heap     ] GC(1179) Archive regions: 2->2
[2025-03-28T20:44:33.778+0530][gc,heap     ] GC(1179) Humongous regions: 149->149
[2025-03-28T20:44:33.778+0530][gc,metaspace] GC(1179) Metaspace: 54608K(55296K)->54608K(55296K) NonClass: 48499K(48832K)->48499K(48832K) Class: 6108K(6464K)->6108K(6464K)
[2025-03-28T20:44:33.778+0530][gc          ] GC(1179) Pause Young (Mixed) (G1 Evacuation Pause) 250M->201M(1024M) 9.222ms
[2025-03-28T20:44:33.778+0530][gc,cpu      ] GC(1179) User=0.01s Sys=0.01s Real=0.00s
[2025-03-28T20:44:57.592+0530][gc,start    ] GC(1180) Pause Young (Normal) (G1 Evacuation Pause)
[2025-03-28T20:44:57.592+0530][gc,task     ] GC(1180) Using 2 workers of 2 for evacuation
[2025-03-28T20:44:57.604+0530][gc,phases   ] GC(1180)   Pre Evacuate Collection Set: 0.4ms
[2025-03-28T20:44:57.604+0530][gc,phases   ] GC(1180)   Merge Heap Roots: 0.4ms
[2025-03-28T20:44:57.604+0530][gc,phases   ] GC(1180)   Evacuate Collection Set: 10.1ms
[2025-03-28T20:44:57.604+0530][gc,phases   ] GC(1180)   Post Evacuate Collection Set: 0.9ms
[2025-03-28T20:44:57.604+0530][gc,phases   ] GC(1180)   Other: 0.2ms
[2025-03-28T20:44:57.604+0530][gc,heap     ] GC(1180) Eden regions: 610->0(612)
[2025-03-28T20:44:57.604+0530][gc,heap     ] GC(1180) Survivor regions: 4->2(77)
[2025-03-28T20:44:57.604+0530][gc,heap     ] GC(1180) Old regions: 48->48
[2025-03-28T20:44:57.604+0530][gc,heap     ] GC(1180) Archive regions: 2->2
[2025-03-28T20:44:57.604+0530][gc,heap     ] GC(1180) Humongous regions: 159->149
[2025-03-28T20:44:57.604+0530][gc,metaspace] GC(1180) Metaspace: 54608K(55296K)->54608K(55296K) NonClass: 48500K(48832K)->48500K(48832K) Class: 6108K(6464K)->6108K(6464K)
[2025-03-28T20:44:57.604+0530][gc          ] GC(1180) Pause Young (Normal) (G1 Evacuation Pause) 821M->199M(1024M) 12.049ms
[2025-03-28T20:44:57.604+0530][gc,cpu      ] GC(1180) User=0.01s Sys=0.00s Real=0.00s
[2025-03-28T20:45:03.862+0530][gc,start    ] GC(1181) Pause Young (Concurrent Start) (G1 Humongous Allocation)
[2025-03-28T20:45:03.862+0530][gc,task     ] GC(1181) Using 2 workers of 2 for evacuation
[2025-03-28T20:45:03.871+0530][gc,phases   ] GC(1181)   Pre Evacuate Collection Set: 0.3ms
[2025-03-28T20:45:03.871+0530][gc,phases   ] GC(1181)   Merge Heap Roots: 0.1ms
[2025-03-28T20:45:03.871+0530][gc,phases   ] GC(1181)   Evacuate Collection Set: 7.8ms
[2025-03-28T20:45:03.871+0530][gc,phases   ] GC(1181)   Post Evacuate Collection Set: 0.6ms
[2025-03-28T20:45:03.871+0530][gc,phases   ] GC(1181)   Other: 0.2ms
[2025-03-28T20:45:03.871+0530][gc,heap     ] GC(1181) Eden regions: 77->0(533)
[2025-03-28T20:45:03.871+0530][gc,heap     ] GC(1181) Survivor regions: 2->4(77)
[2025-03-28T20:45:03.871+0530][gc,heap     ] GC(1181) Old regions: 48->48
[2025-03-28T20:45:03.871+0530][gc,heap     ] GC(1181) Archive regions: 2->2
[2025-03-28T20:45:03.871+0530][gc,heap     ] GC(1181) Humongous regions: 149->147
[2025-03-28T20:45:03.871+0530][gc,metaspace] GC(1181) Metaspace: 54608K(55296K)->54608K(55296K) NonClass: 48500K(48832K)->48500K(48832K) Class: 6108K(6464K)->6108K(6464K)
[2025-03-28T20:45:03.871+0530][gc          ] GC(1181) Pause Young (Concurrent Start) (G1 Humongous Allocation) 275M->199M(1024M) 9.038ms
[2025-03-28T20:45:03.871+0530][gc,cpu      ] GC(1181) User=0.02s Sys=0.01s Real=0.00s
[2025-03-28T20:45:03.872+0530][gc          ] GC(1182) Concurrent Mark Cycle
[2025-03-28T20:45:03.872+0530][gc,marking  ] GC(1182) Concurrent Clear Claimed Marks
[2025-03-28T20:45:03.872+0530][gc,marking  ] GC(1182) Concurrent Clear Claimed Marks 0.082ms
[2025-03-28T20:45:03.872+0530][gc,marking  ] GC(1182) Concurrent Scan Root Regions
[2025-03-28T20:45:03.885+0530][gc,marking  ] GC(1182) Concurrent Scan Root Regions 13.128ms
[2025-03-28T20:45:03.885+0530][gc,marking  ] GC(1182) Concurrent Mark
[2025-03-28T20:45:03.885+0530][gc,marking  ] GC(1182) Concurrent Mark From Roots
[2025-03-28T20:45:03.885+0530][gc,task     ] GC(1182) Using 1 workers of 1 for marking
[2025-03-28T20:45:03.983+0530][gc,marking  ] GC(1182) Concurrent Mark From Roots 98.556ms
[2025-03-28T20:45:03.983+0530][gc,marking  ] GC(1182) Concurrent Preclean
[2025-03-28T20:45:03.984+0530][gc,marking  ] GC(1182) Concurrent Preclean 0.151ms
[2025-03-28T20:45:03.984+0530][gc,start    ] GC(1182) Pause Remark
[2025-03-28T20:45:04.000+0530][gc          ] GC(1182) Pause Remark 241M->241M(1024M) 15.888ms
[2025-03-28T20:45:04.000+0530][gc,cpu      ] GC(1182) User=0.02s Sys=0.00s Real=0.02s
[2025-03-28T20:45:04.000+0530][gc,marking  ] GC(1182) Concurrent Mark 114.858ms
[2025-03-28T20:45:04.000+0530][gc,marking  ] GC(1182) Concurrent Rebuild Remembered Sets
[2025-03-28T20:45:04.035+0530][gc,marking  ] GC(1182) Concurrent Rebuild Remembered Sets 35.501ms
[2025-03-28T20:45:04.035+0530][gc,start    ] GC(1182) Pause Cleanup
[2025-03-28T20:45:04.035+0530][gc          ] GC(1182) Pause Cleanup 241M->241M(1024M) 0.180ms
[2025-03-28T20:45:04.035+0530][gc,cpu      ] GC(1182) User=0.00s Sys=0.00s Real=0.00s
[2025-03-28T20:45:04.036+0530][gc,marking  ] GC(1182) Concurrent Cleanup for Next Mark
[2025-03-28T20:45:04.038+0530][gc,marking  ] GC(1182) Concurrent Cleanup for Next Mark 2.580ms
[2025-03-28T20:45:04.038+0530][gc          ] GC(1182) Concurrent Mark Cycle 166.641ms
[2025-03-28T20:45:17.543+0530][gc,start    ] GC(1183) Pause Young (Prepare Mixed) (G1 Evacuation Pause)
[2025-03-28T20:45:17.543+0530][gc,task     ] GC(1183) Using 2 workers of 2 for evacuation
[2025-03-28T20:45:17.557+0530][gc,phases   ] GC(1183)   Pre Evacuate Collection Set: 0.2ms
[2025-03-28T20:45:17.557+0530][gc,phases   ] GC(1183)   Merge Heap Roots: 0.2ms
[2025-03-28T20:45:17.557+0530][gc,phases   ] GC(1183)   Evacuate Collection Set: 8.5ms
[2025-03-28T20:45:17.557+0530][gc,phases   ] GC(1183)   Post Evacuate Collection Set: 5.2ms
[2025-03-28T20:45:17.557+0530][gc,phases   ] GC(1183)   Other: 0.2ms
[2025-03-28T20:45:17.558+0530][gc,heap     ] GC(1183) Eden regions: 353->0(47)
[2025-03-28T20:45:17.558+0530][gc,heap     ] GC(1183) Survivor regions: 4->4(45)
[2025-03-28T20:45:17.558+0530][gc,heap     ] GC(1183) Old regions: 48->48
[2025-03-28T20:45:17.558+0530][gc,heap     ] GC(1183) Archive regions: 2->2
[2025-03-28T20:45:17.558+0530][gc,heap     ] GC(1183) Humongous regions: 155->149
[2025-03-28T20:45:17.558+0530][gc,metaspace] GC(1183) Metaspace: 54608K(55296K)->54608K(55296K) NonClass: 48500K(48832K)->48500K(48832K) Class: 6108K(6464K)->6108K(6464K)
[2025-03-28T20:45:17.558+0530][gc          ] GC(1183) Pause Young (Prepare Mixed) (G1 Evacuation Pause) 560M->201M(1024M) 14.310ms
[2025-03-28T20:45:17.558+0530][gc,cpu      ] GC(1183) User=0.01s Sys=0.00s Real=0.02s
[2025-03-28T20:45:23.579+0530][gc,start    ] GC(1184) Pause Young (Mixed) (G1 Evacuation Pause)
[2025-03-28T20:45:23.579+0530][gc,task     ] GC(1184) Using 2 workers of 2 for evacuation
[2025-03-28T20:45:23.591+0530][gc,phases   ] GC(1184)   Pre Evacuate Collection Set: 0.3ms
[2025-03-28T20:45:23.591+0530][gc,phases   ] GC(1184)   Merge Heap Roots: 0.2ms
[2025-03-28T20:45:23.591+0530][gc,phases   ] GC(1184)   Evacuate Collection Set: 11.6ms
[2025-03-28T20:45:23.591+0530][gc,phases   ] GC(1184)   Post Evacuate Collection Set: 0.6ms
[2025-03-28T20:45:23.591+0530][gc,phases   ] GC(1184)   Other: 0.2ms
[2025-03-28T20:45:23.591+0530][gc,heap     ] GC(1184) Eden regions: 47->0(534)
[2025-03-28T20:45:23.591+0530][gc,heap     ] GC(1184) Survivor regions: 4->3(7)
[2025-03-28T20:45:23.591+0530][gc,heap     ] GC(1184) Old regions: 48->46
[2025-03-28T20:45:23.591+0530][gc,heap     ] GC(1184) Archive regions: 2->2
[2025-03-28T20:45:23.591+0530][gc,heap     ] GC(1184) Humongous regions: 149->147
[2025-03-28T20:45:23.591+0530][gc,metaspace] GC(1184) Metaspace: 54608K(55296K)->54608K(55296K) NonClass: 48500K(48832K)->48500K(48832K) Class: 6108K(6464K)->6108K(6464K)
[2025-03-28T20:45:23.592+0530][gc          ] GC(1184) Pause Young (Mixed) (G1 Evacuation Pause) 248M->196M(1024M) 12.954ms
[2025-03-28T20:45:23.592+0530][gc,cpu      ] GC(1184) User=0.01s Sys=0.00s Real=0.01s
[2025-03-28T20:45:43.715+0530][gc,start    ] GC(1185) Pause Young (Normal) (G1 Evacuation Pause)
[2025-03-28T20:45:43.715+0530][gc,task     ] GC(1185) Using 2 workers of 2 for evacuation
[2025-03-28T20:45:43.734+0530][gc,phases   ] GC(1185)   Pre Evacuate Collection Set: 0.3ms
[2025-03-28T20:45:43.734+0530][gc,phases   ] GC(1185)   Merge Heap Roots: 0.3ms
[2025-03-28T20:45:43.734+0530][gc,phases   ] GC(1185)   Evacuate Collection Set: 17.4ms
[2025-03-28T20:45:43.734+0530][gc,phases   ] GC(1185)   Post Evacuate Collection Set: 1.0ms
[2025-03-28T20:45:43.734+0530][gc,phases   ] GC(1185)   Other: 0.2ms
[2025-03-28T20:45:43.734+0530][gc,heap     ] GC(1185) Eden regions: 534->0(441)
[2025-03-28T20:45:43.734+0530][gc,heap     ] GC(1185) Survivor regions: 3->5(68)
[2025-03-28T20:45:43.734+0530][gc,heap     ] GC(1185) Old regions: 46->46
[2025-03-28T20:45:43.734+0530][gc,heap     ] GC(1185) Archive regions: 2->2
[2025-03-28T20:45:43.734+0530][gc,heap     ] GC(1185) Humongous regions: 157->149
[2025-03-28T20:45:43.734+0530][gc,metaspace] GC(1185) Metaspace: 54608K(55296K)->54608K(55296K) NonClass: 48500K(48832K)->48500K(48832K) Class: 6108K(6464K)->6108K(6464K)
[2025-03-28T20:45:43.734+0530][gc          ] GC(1185) Pause Young (Normal) (G1 Evacuation Pause) 740M->199M(1024M) 19.325ms
[2025-03-28T20:45:43.734+0530][gc,cpu      ] GC(1185) User=0.02s Sys=0.00s Real=0.01s
[2025-03-28T20:45:47.538+0530][gc,start    ] GC(1186) Pause Young (Concurrent Start) (G1 Humongous Allocation)
[2025-03-28T20:45:47.538+0530][gc,task     ] GC(1186) Using 2 workers of 2 for evacuation
[2025-03-28T20:45:47.566+0530][gc,mmu      ] GC(1186) MMU target violated: 21.0ms (20.0ms/21.0ms)
[2025-03-28T20:45:47.566+0530][gc,phases   ] GC(1186)   Pre Evacuate Collection Set: 0.2ms
[2025-03-28T20:45:47.566+0530][gc,phases   ] GC(1186)   Merge Heap Roots: 0.1ms
[2025-03-28T20:45:47.566+0530][gc,phases   ] GC(1186)   Evacuate Collection Set: 27.7ms
[2025-03-28T20:45:47.566+0530][gc,phases   ] GC(1186)   Post Evacuate Collection Set: 0.6ms
[2025-03-28T20:45:47.566+0530][gc,phases   ] GC(1186)   Other: 0.2ms
[2025-03-28T20:45:47.566+0530][gc,heap     ] GC(1186) Eden regions: 98->0(609)
[2025-03-28T20:45:47.566+0530][gc,heap     ] GC(1186) Survivor regions: 5->5(56)
[2025-03-28T20:45:47.566+0530][gc,heap     ] GC(1186) Old regions: 46->46
[2025-03-28T20:45:47.566+0530][gc,heap     ] GC(1186) Archive regions: 2->2
[2025-03-28T20:45:47.566+0530][gc,heap     ] GC(1186) Humongous regions: 149->147
[2025-03-28T20:45:47.566+0530][gc,metaspace] GC(1186) Metaspace: 54608K(55296K)->54608K(55296K) NonClass: 48500K(48832K)->48500K(48832K) Class: 6108K(6464K)->6108K(6464K)
[2025-03-28T20:45:47.567+0530][gc          ] GC(1186) Pause Young (Concurrent Start) (G1 Humongous Allocation) 297M->197M(1024M) 29.009ms
[2025-03-28T20:45:47.567+0530][gc,cpu      ] GC(1186) User=0.02s Sys=0.00s Real=0.04s
[2025-03-28T20:45:47.567+0530][gc          ] GC(1187) Concurrent Mark Cycle
[2025-03-28T20:45:47.567+0530][gc,marking  ] GC(1187) Concurrent Clear Claimed Marks
[2025-03-28T20:45:47.567+0530][gc,marking  ] GC(1187) Concurrent Clear Claimed Marks 0.750ms
[2025-03-28T20:45:47.567+0530][gc,marking  ] GC(1187) Concurrent Scan Root Regions
[2025-03-28T20:45:47.575+0530][gc,marking  ] GC(1187) Concurrent Scan Root Regions 7.911ms
[2025-03-28T20:45:47.575+0530][gc,marking  ] GC(1187) Concurrent Mark
[2025-03-28T20:45:47.575+0530][gc,marking  ] GC(1187) Concurrent Mark From Roots
[2025-03-28T20:45:47.575+0530][gc,task     ] GC(1187) Using 1 workers of 1 for marking
[2025-03-28T20:45:47.684+0530][gc,marking  ] GC(1187) Concurrent Mark From Roots 108.453ms
[2025-03-28T20:45:47.684+0530][gc,marking  ] GC(1187) Concurrent Preclean
[2025-03-28T20:45:47.684+0530][gc,marking  ] GC(1187) Concurrent Preclean 0.126ms
[2025-03-28T20:45:47.684+0530][gc,start    ] GC(1187) Pause Remark
[2025-03-28T20:45:47.699+0530][gc          ] GC(1187) Pause Remark 239M->239M(1024M) 15.027ms
[2025-03-28T20:45:47.699+0530][gc,cpu      ] GC(1187) User=0.03s Sys=0.00s Real=0.02s
[2025-03-28T20:45:47.699+0530][gc,marking  ] GC(1187) Concurrent Mark 123.841ms
[2025-03-28T20:45:47.699+0530][gc,marking  ] GC(1187) Concurrent Rebuild Remembered Sets
[2025-03-28T20:45:47.733+0530][gc,marking  ] GC(1187) Concurrent Rebuild Remembered Sets 33.975ms
[2025-03-28T20:45:47.733+0530][gc,start    ] GC(1187) Pause Cleanup
[2025-03-28T20:45:47.734+0530][gc          ] GC(1187) Pause Cleanup 239M->239M(1024M) 0.183ms
[2025-03-28T20:45:47.734+0530][gc,cpu      ] GC(1187) User=0.00s Sys=0.00s Real=0.00s
[2025-03-28T20:45:47.734+0530][gc,marking  ] GC(1187) Concurrent Cleanup for Next Mark
[2025-03-28T20:45:47.736+0530][gc,marking  ] GC(1187) Concurrent Cleanup for Next Mark 1.933ms
[2025-03-28T20:45:47.736+0530][gc          ] GC(1187) Concurrent Mark Cycle 168.904ms
[2025-03-28T20:45:53.591+0530][gc,start    ] GC(1188) Pause Young (Prepare Mixed) (G1 Evacuation Pause)
[2025-03-28T20:45:53.591+0530][gc,task     ] GC(1188) Using 2 workers of 2 for evacuation
[2025-03-28T20:45:53.602+0530][gc,phases   ] GC(1188)   Pre Evacuate Collection Set: 0.3ms
[2025-03-28T20:45:53.602+0530][gc,phases   ] GC(1188)   Merge Heap Roots: 0.2ms
[2025-03-28T20:45:53.602+0530][gc,phases   ] GC(1188)   Evacuate Collection Set: 8.4ms
[2025-03-28T20:45:53.602+0530][gc,phases   ] GC(1188)   Post Evacuate Collection Set: 2.1ms
[2025-03-28T20:45:53.602+0530][gc,phases   ] GC(1188)   Other: 0.2ms
[2025-03-28T20:45:53.602+0530][gc,heap     ] GC(1188) Eden regions: 64->0(46)
[2025-03-28T20:45:53.602+0530][gc,heap     ] GC(1188) Survivor regions: 5->5(9)
[2025-03-28T20:45:53.602+0530][gc,heap     ] GC(1188) Old regions: 46->46
[2025-03-28T20:45:53.602+0530][gc,heap     ] GC(1188) Archive regions: 2->2
[2025-03-28T20:45:53.602+0530][gc,heap     ] GC(1188) Humongous regions: 149->147
[2025-03-28T20:45:53.602+0530][gc,metaspace] GC(1188) Metaspace: 54608K(55296K)->54608K(55296K) NonClass: 48500K(48832K)->48500K(48832K) Class: 6108K(6464K)->6108K(6464K)
[2025-03-28T20:45:53.602+0530][gc          ] GC(1188) Pause Young (Prepare Mixed) (G1 Evacuation Pause) 263M->198M(1024M) 11.360ms
[2025-03-28T20:45:53.602+0530][gc,cpu      ] GC(1188) User=0.01s Sys=0.01s Real=0.02s
[2025-03-28T20:45:53.664+0530][gc,start    ] GC(1189) Pause Young (Mixed) (G1 Evacuation Pause)
[2025-03-28T20:45:53.664+0530][gc,task     ] GC(1189) Using 2 workers of 2 for evacuation
[2025-03-28T20:45:53.691+0530][gc,mmu      ] GC(1189) MMU target violated: 21.0ms (20.0ms/21.0ms)
[2025-03-28T20:45:53.691+0530][gc,phases   ] GC(1189)   Pre Evacuate Collection Set: 0.2ms
[2025-03-28T20:45:53.691+0530][gc,phases   ] GC(1189)   Merge Heap Roots: 0.1ms
[2025-03-28T20:45:53.691+0530][gc,phases   ] GC(1189)   Evacuate Collection Set: 25.6ms
[2025-03-28T20:45:53.691+0530][gc,phases   ] GC(1189)   Post Evacuate Collection Set: 0.5ms
[2025-03-28T20:45:53.691+0530][gc,phases   ] GC(1189)   Other: 0.2ms
[2025-03-28T20:45:53.691+0530][gc,heap     ] GC(1189) Eden regions: 46->0(44)
[2025-03-28T20:45:53.691+0530][gc,heap     ] GC(1189) Survivor regions: 5->7(7)
[2025-03-28T20:45:53.691+0530][gc,heap     ] GC(1189) Old regions: 46->46
[2025-03-28T20:45:53.691+0530][gc,heap     ] GC(1189) Archive regions: 2->2
[2025-03-28T20:45:53.691+0530][gc,heap     ] GC(1189) Humongous regions: 147->147
[2025-03-28T20:45:53.691+0530][gc,metaspace] GC(1189) Metaspace: 54608K(55296K)->54608K(55296K) NonClass: 48500K(48832K)->48500K(48832K) Class: 6108K(6464K)->6108K(6464K)
[2025-03-28T20:45:53.691+0530][gc          ] GC(1189) Pause Young (Mixed) (G1 Evacuation Pause) 244M->200M(1024M) 26.698ms
[2025-03-28T20:45:53.691+0530][gc,cpu      ] GC(1189) User=0.02s Sys=0.00s Real=0.04s
[2025-03-28T20:45:53.746+0530][gc,start    ] GC(1190) Pause Young (Normal) (G1 Evacuation Pause)
[2025-03-28T20:45:53.746+0530][gc,task     ] GC(1190) Using 2 workers of 2 for evacuation
[2025-03-28T20:45:53.786+0530][gc,mmu      ] GC(1190) MMU target violated: 21.0ms (20.0ms/21.0ms)
[2025-03-28T20:45:53.786+0530][gc,phases   ] GC(1190)   Pre Evacuate Collection Set: 0.2ms
[2025-03-28T20:45:53.786+0530][gc,phases   ] GC(1190)   Merge Heap Roots: 0.1ms
[2025-03-28T20:45:53.786+0530][gc,phases   ] GC(1190)   Evacuate Collection Set: 39.2ms
[2025-03-28T20:45:53.786+0530][gc,phases   ] GC(1190)   Post Evacuate Collection Set: 0.5ms
[2025-03-28T20:45:53.786+0530][gc,phases   ] GC(1190)   Other: 0.2ms
[2025-03-28T20:45:53.786+0530][gc,heap     ] GC(1190) Eden regions: 44->0(53)
[2025-03-28T20:45:53.786+0530][gc,heap     ] GC(1190) Survivor regions: 7->2(7)
[2025-03-28T20:45:53.786+0530][gc,heap     ] GC(1190) Old regions: 46->53
[2025-03-28T20:45:53.786+0530][gc,heap     ] GC(1190) Archive regions: 2->2
[2025-03-28T20:45:53.786+0530][gc,heap     ] GC(1190) Humongous regions: 149->149
[2025-03-28T20:45:53.786+0530][gc,metaspace] GC(1190) Metaspace: 54608K(55296K)->54608K(55296K) NonClass: 48500K(48832K)->48500K(48832K) Class: 6108K(6464K)->6108K(6464K)
[2025-03-28T20:45:53.786+0530][gc          ] GC(1190) Pause Young (Normal) (G1 Evacuation Pause) 246M->203M(1024M) 40.253ms
[2025-03-28T20:45:53.786+0530][gc,cpu      ] GC(1190) User=0.02s Sys=0.01s Real=0.04s
[2025-03-28T20:45:57.565+0530][gc,start    ] GC(1191) Pause Young (Normal) (G1 Evacuation Pause)
[2025-03-28T20:45:57.565+0530][gc,task     ] GC(1191) Using 2 workers of 2 for evacuation
[2025-03-28T20:45:57.575+0530][gc,phases   ] GC(1191)   Pre Evacuate Collection Set: 0.2ms
[2025-03-28T20:45:57.575+0530][gc,phases   ] GC(1191)   Merge Heap Roots: 0.1ms
[2025-03-28T20:45:57.575+0530][gc,phases   ] GC(1191)   Evacuate Collection Set: 9.0ms
[2025-03-28T20:45:57.575+0530][gc,phases   ] GC(1191)   Post Evacuate Collection Set: 0.7ms
[2025-03-28T20:45:57.575+0530][gc,phases   ] GC(1191)   Other: 0.2ms
[2025-03-28T20:45:57.575+0530][gc,heap     ] GC(1191) Eden regions: 53->0(45)
[2025-03-28T20:45:57.575+0530][gc,heap     ] GC(1191) Survivor regions: 2->6(7)
[2025-03-28T20:45:57.575+0530][gc,heap     ] GC(1191) Old regions: 53->53
[2025-03-28T20:45:57.575+0530][gc,heap     ] GC(1191) Archive regions: 2->2
[2025-03-28T20:45:57.575+0530][gc,heap     ] GC(1191) Humongous regions: 149->147
[2025-03-28T20:45:57.575+0530][gc,metaspace] GC(1191) Metaspace: 54608K(55296K)->54608K(55296K) NonClass: 48500K(48832K)->48500K(48832K) Class: 6108K(6464K)->6108K(6464K)
[2025-03-28T20:45:57.575+0530][gc          ] GC(1191) Pause Young (Normal) (G1 Evacuation Pause) 256M->205M(1024M) 10.232ms
[2025-03-28T20:45:57.575+0530][gc,cpu      ] GC(1191) User=0.02s Sys=0.00s Real=0.01s
[2025-03-28T20:45:57.651+0530][gc,start    ] GC(1192) Pause Young (Concurrent Start) (G1 Evacuation Pause)
[2025-03-28T20:45:57.651+0530][gc,task     ] GC(1192) Using 2 workers of 2 for evacuation
[2025-03-28T20:45:57.657+0530][gc,phases   ] GC(1192)   Pre Evacuate Collection Set: 0.3ms
[2025-03-28T20:45:57.657+0530][gc,phases   ] GC(1192)   Merge Heap Roots: 0.1ms
[2025-03-28T20:45:57.657+0530][gc,phases   ] GC(1192)   Evacuate Collection Set: 5.1ms
[2025-03-28T20:45:57.657+0530][gc,phases   ] GC(1192)   Post Evacuate Collection Set: 0.5ms
[2025-03-28T20:45:57.657+0530][gc,phases   ] GC(1192)   Other: 0.2ms
[2025-03-28T20:45:57.657+0530][gc,heap     ] GC(1192) Eden regions: 45->0(287)
[2025-03-28T20:45:57.657+0530][gc,heap     ] GC(1192) Survivor regions: 6->2(7)
[2025-03-28T20:45:57.657+0530][gc,heap     ] GC(1192) Old regions: 53->54
[2025-03-28T20:45:57.657+0530][gc,heap     ] GC(1192) Archive regions: 2->2
[2025-03-28T20:45:57.657+0530][gc,heap     ] GC(1192) Humongous regions: 149->149
[2025-03-28T20:45:57.657+0530][gc,metaspace] GC(1192) Metaspace: 54608K(55296K)->54608K(55296K) NonClass: 48500K(48832K)->48500K(48832K) Class: 6108K(6464K)->6108K(6464K)
[2025-03-28T20:45:57.657+0530][gc          ] GC(1192) Pause Young (Concurrent Start) (G1 Evacuation Pause) 252M->205M(1024M) 6.203ms
[2025-03-28T20:45:57.657+0530][gc,cpu      ] GC(1192) User=0.01s Sys=0.00s Real=0.01s
[2025-03-28T20:45:57.657+0530][gc          ] GC(1193) Concurrent Mark Cycle
[2025-03-28T20:45:57.657+0530][gc,marking  ] GC(1193) Concurrent Clear Claimed Marks
[2025-03-28T20:45:57.657+0530][gc,marking  ] GC(1193) Concurrent Clear Claimed Marks 0.099ms
[2025-03-28T20:45:57.657+0530][gc,marking  ] GC(1193) Concurrent Scan Root Regions
[2025-03-28T20:45:57.661+0530][gc,marking  ] GC(1193) Concurrent Scan Root Regions 3.166ms
[2025-03-28T20:45:57.661+0530][gc,marking  ] GC(1193) Concurrent Mark
[2025-03-28T20:45:57.661+0530][gc,marking  ] GC(1193) Concurrent Mark From Roots
[2025-03-28T20:45:57.661+0530][gc,task     ] GC(1193) Using 1 workers of 1 for marking
[2025-03-28T20:45:57.739+0530][gc,marking  ] GC(1193) Concurrent Mark From Roots 78.136ms
[2025-03-28T20:45:57.739+0530][gc,marking  ] GC(1193) Concurrent Preclean
[2025-03-28T20:45:57.739+0530][gc,marking  ] GC(1193) Concurrent Preclean 0.144ms
[2025-03-28T20:45:57.739+0530][gc,start    ] GC(1193) Pause Remark
[2025-03-28T20:45:57.756+0530][gc          ] GC(1193) Pause Remark 222M->219M(1024M) 16.900ms
[2025-03-28T20:45:57.756+0530][gc,cpu      ] GC(1193) User=0.02s Sys=0.01s Real=0.03s
[2025-03-28T20:45:57.756+0530][gc,marking  ] GC(1193) Concurrent Mark 95.501ms
[2025-03-28T20:45:57.756+0530][gc,marking  ] GC(1193) Concurrent Rebuild Remembered Sets
[2025-03-28T20:45:57.802+0530][gc,marking  ] GC(1193) Concurrent Rebuild Remembered Sets 45.389ms
[2025-03-28T20:45:57.802+0530][gc,start    ] GC(1193) Pause Cleanup
[2025-03-28T20:45:57.802+0530][gc          ] GC(1193) Pause Cleanup 219M->219M(1024M) 0.251ms
[2025-03-28T20:45:57.802+0530][gc,cpu      ] GC(1193) User=0.00s Sys=0.00s Real=0.00s
[2025-03-28T20:45:57.802+0530][gc,marking  ] GC(1193) Concurrent Cleanup for Next Mark
[2025-03-28T20:45:57.804+0530][gc,marking  ] GC(1193) Concurrent Cleanup for Next Mark 1.724ms
[2025-03-28T20:45:57.804+0530][gc          ] GC(1193) Concurrent Mark Cycle 146.444ms
[2025-03-28T20:46:13.560+0530][gc,start    ] GC(1194) Pause Young (Prepare Mixed) (G1 Evacuation Pause)
[2025-03-28T20:46:13.560+0530][gc,task     ] GC(1194) Using 2 workers of 2 for evacuation
[2025-03-28T20:46:13.591+0530][gc,mmu      ] GC(1194) MMU target violated: 21.0ms (20.0ms/21.0ms)
[2025-03-28T20:46:13.591+0530][gc,phases   ] GC(1194)   Pre Evacuate Collection Set: 0.3ms
[2025-03-28T20:46:13.591+0530][gc,phases   ] GC(1194)   Merge Heap Roots: 0.3ms
[2025-03-28T20:46:13.591+0530][gc,phases   ] GC(1194)   Evacuate Collection Set: 29.7ms
[2025-03-28T20:46:13.591+0530][gc,phases   ] GC(1194)   Post Evacuate Collection Set: 0.7ms
[2025-03-28T20:46:13.591+0530][gc,phases   ] GC(1194)   Other: 0.3ms
[2025-03-28T20:46:13.591+0530][gc,heap     ] GC(1194) Eden regions: 287->0(46)
[2025-03-28T20:46:13.591+0530][gc,heap     ] GC(1194) Survivor regions: 2->5(37)
[2025-03-28T20:46:13.591+0530][gc,heap     ] GC(1194) Old regions: 51->51
[2025-03-28T20:46:13.591+0530][gc,heap     ] GC(1194) Archive regions: 2->2
[2025-03-28T20:46:13.591+0530][gc,heap     ] GC(1194) Humongous regions: 153->147
[2025-03-28T20:46:13.591+0530][gc,metaspace] GC(1194) Metaspace: 54608K(55296K)->54608K(55296K) NonClass: 48500K(48832K)->48500K(48832K) Class: 6108K(6464K)->6108K(6464K)
[2025-03-28T20:46:13.591+0530][gc          ] GC(1194) Pause Young (Prepare Mixed) (G1 Evacuation Pause) 493M->202M(1024M) 31.378ms
[2025-03-28T20:46:13.591+0530][gc,cpu      ] GC(1194) User=0.02s Sys=0.00s Real=0.03s
[2025-03-28T20:46:13.693+0530][gc,start    ] GC(1195) Pause Young (Mixed) (G1 Evacuation Pause)
[2025-03-28T20:46:13.693+0530][gc,task     ] GC(1195) Using 2 workers of 2 for evacuation
[2025-03-28T20:46:13.701+0530][gc,phases   ] GC(1195)   Pre Evacuate Collection Set: 0.2ms
[2025-03-28T20:46:13.701+0530][gc,phases   ] GC(1195)   Merge Heap Roots: 0.1ms
[2025-03-28T20:46:13.701+0530][gc,phases   ] GC(1195)   Evacuate Collection Set: 7.4ms
[2025-03-28T20:46:13.701+0530][gc,phases   ] GC(1195)   Post Evacuate Collection Set: 0.5ms
[2025-03-28T20:46:13.701+0530][gc,phases   ] GC(1195)   Other: 0.2ms
[2025-03-28T20:46:13.701+0530][gc,heap     ] GC(1195) Eden regions: 46->0(97)
[2025-03-28T20:46:13.701+0530][gc,heap     ] GC(1195) Survivor regions: 5->2(7)
[2025-03-28T20:46:13.701+0530][gc,heap     ] GC(1195) Old regions: 51->48
[2025-03-28T20:46:13.701+0530][gc,heap     ] GC(1195) Archive regions: 2->2
[2025-03-28T20:46:13.701+0530][gc,heap     ] GC(1195) Humongous regions: 149->149
[2025-03-28T20:46:13.701+0530][gc,metaspace] GC(1195) Metaspace: 54608K(55296K)->54608K(55296K) NonClass: 48500K(48832K)->48500K(48832K) Class: 6108K(6464K)->6108K(6464K)
[2025-03-28T20:46:13.701+0530][gc          ] GC(1195) Pause Young (Mixed) (G1 Evacuation Pause) 250M->199M(1024M) 8.411ms
[2025-03-28T20:46:13.701+0530][gc,cpu      ] GC(1195) User=0.02s Sys=0.01s Real=0.00s
[2025-03-28T20:46:17.550+0530][gc,start    ] GC(1196) Pause Young (Normal) (G1 Evacuation Pause)
[2025-03-28T20:46:17.551+0530][gc,task     ] GC(1196) Using 2 workers of 2 for evacuation
[2025-03-28T20:46:17.563+0530][gc,phases   ] GC(1196)   Pre Evacuate Collection Set: 0.3ms
[2025-03-28T20:46:17.563+0530][gc,phases   ] GC(1196)   Merge Heap Roots: 0.1ms
[2025-03-28T20:46:17.563+0530][gc,phases   ] GC(1196)   Evacuate Collection Set: 11.1ms
[2025-03-28T20:46:17.563+0530][gc,phases   ] GC(1196)   Post Evacuate Collection Set: 1.0ms
[2025-03-28T20:46:17.563+0530][gc,phases   ] GC(1196)   Other: 0.2ms
[2025-03-28T20:46:17.563+0530][gc,heap     ] GC(1196) Eden regions: 97->0(43)
[2025-03-28T20:46:17.563+0530][gc,heap     ] GC(1196) Survivor regions: 2->8(13)
[2025-03-28T20:46:17.563+0530][gc,heap     ] GC(1196) Old regions: 48->48
[2025-03-28T20:46:17.563+0530][gc,heap     ] GC(1196) Archive regions: 2->2
[2025-03-28T20:46:17.563+0530][gc,heap     ] GC(1196) Humongous regions: 149->147
[2025-03-28T20:46:17.563+0530][gc,metaspace] GC(1196) Metaspace: 54608K(55296K)->54608K(55296K) NonClass: 48500K(48832K)->48500K(48832K) Class: 6108K(6464K)->6108K(6464K)
[2025-03-28T20:46:17.563+0530][gc          ] GC(1196) Pause Young (Normal) (G1 Evacuation Pause) 296M->203M(1024M) 12.790ms
[2025-03-28T20:46:17.563+0530][gc,cpu      ] GC(1196) User=0.02s Sys=0.00s Real=0.01s
[2025-03-28T20:46:17.620+0530][gc,start    ] GC(1197) Pause Young (Normal) (G1 Evacuation Pause)
[2025-03-28T20:46:17.620+0530][gc,task     ] GC(1197) Using 2 workers of 2 for evacuation
[2025-03-28T20:46:17.625+0530][gc,phases   ] GC(1197)   Pre Evacuate Collection Set: 0.3ms
[2025-03-28T20:46:17.625+0530][gc,phases   ] GC(1197)   Merge Heap Roots: 0.1ms
[2025-03-28T20:46:17.626+0530][gc,phases   ] GC(1197)   Evacuate Collection Set: 4.6ms
[2025-03-28T20:46:17.626+0530][gc,phases   ] GC(1197)   Post Evacuate Collection Set: 0.7ms
[2025-03-28T20:46:17.626+0530][gc,phases   ] GC(1197)   Other: 0.1ms
[2025-03-28T20:46:17.626+0530][gc,heap     ] GC(1197) Eden regions: 43->0(99)
[2025-03-28T20:46:17.626+0530][gc,heap     ] GC(1197) Survivor regions: 8->1(7)
[2025-03-28T20:46:17.626+0530][gc,heap     ] GC(1197) Old regions: 48->50
[2025-03-28T20:46:17.626+0530][gc,heap     ] GC(1197) Archive regions: 2->2
[2025-03-28T20:46:17.626+0530][gc,heap     ] GC(1197) Humongous regions: 149->149
[2025-03-28T20:46:17.626+0530][gc,metaspace] GC(1197) Metaspace: 54608K(55296K)->54608K(55296K) NonClass: 48500K(48832K)->48500K(48832K) Class: 6108K(6464K)->6108K(6464K)
[2025-03-28T20:46:17.626+0530][gc          ] GC(1197) Pause Young (Normal) (G1 Evacuation Pause) 248M->200M(1024M) 5.922ms
[2025-03-28T20:46:17.626+0530][gc,cpu      ] GC(1197) User=0.01s Sys=0.00s Real=0.01s
[2025-03-28T20:46:23.701+0530][gc,start    ] GC(1198) Pause Young (Concurrent Start) (G1 Humongous Allocation)
[2025-03-28T20:46:23.701+0530][gc,task     ] GC(1198) Using 2 workers of 2 for evacuation
[2025-03-28T20:46:23.709+0530][gc,phases   ] GC(1198)   Pre Evacuate Collection Set: 0.3ms
[2025-03-28T20:46:23.709+0530][gc,phases   ] GC(1198)   Merge Heap Roots: 0.1ms
[2025-03-28T20:46:23.709+0530][gc,phases   ] GC(1198)   Evacuate Collection Set: 6.2ms
[2025-03-28T20:46:23.709+0530][gc,phases   ] GC(1198)   Post Evacuate Collection Set: 0.6ms
[2025-03-28T20:46:23.709+0530][gc,phases   ] GC(1198)   Other: 0.2ms
[2025-03-28T20:46:23.709+0530][gc,heap     ] GC(1198) Eden regions: 80->0(234)
[2025-03-28T20:46:23.709+0530][gc,heap     ] GC(1198) Survivor regions: 1->3(13)
[2025-03-28T20:46:23.709+0530][gc,heap     ] GC(1198) Old regions: 50->50
[2025-03-28T20:46:23.709+0530][gc,heap     ] GC(1198) Archive regions: 2->2
[2025-03-28T20:46:23.709+0530][gc,heap     ] GC(1198) Humongous regions: 149->147
[2025-03-28T20:46:23.709+0530][gc,metaspace] GC(1198) Metaspace: 54608K(55296K)->54608K(55296K) NonClass: 48500K(48832K)->48500K(48832K) Class: 6108K(6464K)->6108K(6464K)
[2025-03-28T20:46:23.709+0530][gc          ] GC(1198) Pause Young (Concurrent Start) (G1 Humongous Allocation) 279M->200M(1024M) 7.436ms
[2025-03-28T20:46:23.709+0530][gc,cpu      ] GC(1198) User=0.02s Sys=0.00s Real=0.02s
[2025-03-28T20:46:23.709+0530][gc          ] GC(1199) Concurrent Mark Cycle
[2025-03-28T20:46:23.709+0530][gc,marking  ] GC(1199) Concurrent Clear Claimed Marks
[2025-03-28T20:46:23.709+0530][gc,marking  ] GC(1199) Concurrent Clear Claimed Marks 0.082ms
[2025-03-28T20:46:23.709+0530][gc,marking  ] GC(1199) Concurrent Scan Root Regions
[2025-03-28T20:46:23.713+0530][gc,marking  ] GC(1199) Concurrent Scan Root Regions 3.511ms
[2025-03-28T20:46:23.713+0530][gc,marking  ] GC(1199) Concurrent Mark
[2025-03-28T20:46:23.713+0530][gc,marking  ] GC(1199) Concurrent Mark From Roots
[2025-03-28T20:46:23.713+0530][gc,task     ] GC(1199) Using 1 workers of 1 for marking
[2025-03-28T20:46:23.847+0530][gc,marking  ] GC(1199) Concurrent Mark From Roots 134.678ms
[2025-03-28T20:46:23.847+0530][gc,marking  ] GC(1199) Concurrent Preclean
[2025-03-28T20:46:23.847+0530][gc,marking  ] GC(1199) Concurrent Preclean 0.124ms
[2025-03-28T20:46:23.847+0530][gc,start    ] GC(1199) Pause Remark
[2025-03-28T20:46:23.863+0530][gc          ] GC(1199) Pause Remark 242M->240M(1024M) 15.416ms
[2025-03-28T20:46:23.863+0530][gc,cpu      ] GC(1199) User=0.02s Sys=0.00s Real=0.02s
[2025-03-28T20:46:23.863+0530][gc,marking  ] GC(1199) Concurrent Mark 150.509ms
[2025-03-28T20:46:23.863+0530][gc,marking  ] GC(1199) Concurrent Rebuild Remembered Sets
[2025-03-28T20:46:23.899+0530][gc,marking  ] GC(1199) Concurrent Rebuild Remembered Sets 36.405ms
[2025-03-28T20:46:23.900+0530][gc,start    ] GC(1199) Pause Cleanup
[2025-03-28T20:46:23.900+0530][gc          ] GC(1199) Pause Cleanup 240M->240M(1024M) 0.506ms
[2025-03-28T20:46:23.900+0530][gc,cpu      ] GC(1199) User=0.00s Sys=0.00s Real=0.02s
[2025-03-28T20:46:23.900+0530][gc,marking  ] GC(1199) Concurrent Cleanup for Next Mark
[2025-03-28T20:46:23.902+0530][gc,marking  ] GC(1199) Concurrent Cleanup for Next Mark 1.737ms
[2025-03-28T20:46:23.902+0530][gc          ] GC(1199) Concurrent Mark Cycle 193.060ms
[2025-03-28T20:46:27.597+0530][gc,start    ] GC(1200) Pause Young (Prepare Mixed) (G1 Evacuation Pause)
[2025-03-28T20:46:27.597+0530][gc,task     ] GC(1200) Using 2 workers of 2 for evacuation
[2025-03-28T20:46:27.605+0530][gc,phases   ] GC(1200)   Pre Evacuate Collection Set: 0.3ms
[2025-03-28T20:46:27.605+0530][gc,phases   ] GC(1200)   Merge Heap Roots: 0.1ms
[2025-03-28T20:46:27.605+0530][gc,phases   ] GC(1200)   Evacuate Collection Set: 6.3ms
[2025-03-28T20:46:27.605+0530][gc,phases   ] GC(1200)   Post Evacuate Collection Set: 0.7ms
[2025-03-28T20:46:27.605+0530][gc,phases   ] GC(1200)   Other: 0.2ms
[2025-03-28T20:46:27.605+0530][gc,heap     ] GC(1200) Eden regions: 127->0(48)
[2025-03-28T20:46:27.605+0530][gc,heap     ] GC(1200) Survivor regions: 3->3(17)
[2025-03-28T20:46:27.605+0530][gc,heap     ] GC(1200) Old regions: 48->48
[2025-03-28T20:46:27.605+0530][gc,heap     ] GC(1200) Archive regions: 2->2
[2025-03-28T20:46:27.605+0530][gc,heap     ] GC(1200) Humongous regions: 151->149
[2025-03-28T20:46:27.605+0530][gc,metaspace] GC(1200) Metaspace: 54608K(55296K)->54608K(55296K) NonClass: 48500K(48832K)->48500K(48832K) Class: 6108K(6464K)->6108K(6464K)
[2025-03-28T20:46:27.605+0530][gc          ] GC(1200) Pause Young (Prepare Mixed) (G1 Evacuation Pause) 329M->200M(1024M) 7.831ms
[2025-03-28T20:46:27.605+0530][gc,cpu      ] GC(1200) User=0.01s Sys=0.01s Real=0.01s
[2025-03-28T20:46:33.539+0530][gc,start    ] GC(1201) Pause Young (Mixed) (G1 Evacuation Pause)
[2025-03-28T20:46:33.539+0530][gc,task     ] GC(1201) Using 2 workers of 2 for evacuation
[2025-03-28T20:46:33.547+0530][gc,phases   ] GC(1201)   Pre Evacuate Collection Set: 0.2ms
[2025-03-28T20:46:33.547+0530][gc,phases   ] GC(1201)   Merge Heap Roots: 0.2ms
[2025-03-28T20:46:33.547+0530][gc,phases   ] GC(1201)   Evacuate Collection Set: 6.6ms
[2025-03-28T20:46:33.547+0530][gc,phases   ] GC(1201)   Post Evacuate Collection Set: 0.7ms
[2025-03-28T20:46:33.547+0530][gc,phases   ] GC(1201)   Other: 0.1ms
[2025-03-28T20:46:33.547+0530][gc,heap     ] GC(1201) Eden regions: 48->0(203)
[2025-03-28T20:46:33.547+0530][gc,heap     ] GC(1201) Survivor regions: 3->3(7)
[2025-03-28T20:46:33.547+0530][gc,heap     ] GC(1201) Old regions: 48->46
[2025-03-28T20:46:33.547+0530][gc,heap     ] GC(1201) Archive regions: 2->2
[2025-03-28T20:46:33.547+0530][gc,heap     ] GC(1201) Humongous regions: 149->147
[2025-03-28T20:46:33.547+0530][gc,metaspace] GC(1201) Metaspace: 54608K(55296K)->54608K(55296K) NonClass: 48500K(48832K)->48500K(48832K) Class: 6108K(6464K)->6108K(6464K)
[2025-03-28T20:46:33.547+0530][gc          ] GC(1201) Pause Young (Mixed) (G1 Evacuation Pause) 248M->195M(1024M) 7.992ms
[2025-03-28T20:46:33.547+0530][gc,cpu      ] GC(1201) User=0.01s Sys=0.01s Real=0.01s
[2025-03-28T20:46:37.586+0530][gc,start    ] GC(1202) Pause Young (Normal) (G1 Evacuation Pause)
[2025-03-28T20:46:37.586+0530][gc,task     ] GC(1202) Using 2 workers of 2 for evacuation
[2025-03-28T20:46:37.600+0530][gc,phases   ] GC(1202)   Pre Evacuate Collection Set: 0.3ms
[2025-03-28T20:46:37.600+0530][gc,phases   ] GC(1202)   Merge Heap Roots: 0.3ms
[2025-03-28T20:46:37.600+0530][gc,phases   ] GC(1202)   Evacuate Collection Set: 12.7ms
[2025-03-28T20:46:37.600+0530][gc,phases   ] GC(1202)   Post Evacuate Collection Set: 1.1ms
[2025-03-28T20:46:37.600+0530][gc,phases   ] GC(1202)   Other: 0.1ms
[2025-03-28T20:46:37.600+0530][gc,heap     ] GC(1202) Eden regions: 203->0(255)
[2025-03-28T20:46:37.600+0530][gc,heap     ] GC(1202) Survivor regions: 3->4(26)
[2025-03-28T20:46:37.600+0530][gc,heap     ] GC(1202) Old regions: 46->46
[2025-03-28T20:46:37.600+0530][gc,heap     ] GC(1202) Archive regions: 2->2
[2025-03-28T20:46:37.600+0530][gc,heap     ] GC(1202) Humongous regions: 151->149
[2025-03-28T20:46:37.600+0530][gc,metaspace] GC(1202) Metaspace: 54608K(55296K)->54608K(55296K) NonClass: 48500K(48832K)->48500K(48832K) Class: 6108K(6464K)->6108K(6464K)
[2025-03-28T20:46:37.601+0530][gc          ] GC(1202) Pause Young (Normal) (G1 Evacuation Pause) 402M->198M(1024M) 14.668ms
[2025-03-28T20:46:37.601+0530][gc,cpu      ] GC(1202) User=0.01s Sys=0.00s Real=0.01s
[2025-03-28T20:46:43.643+0530][gc,start    ] GC(1203) Pause Young (Concurrent Start) (G1 Humongous Allocation)
[2025-03-28T20:46:43.643+0530][gc,task     ] GC(1203) Using 2 workers of 2 for evacuation
[2025-03-28T20:46:43.657+0530][gc,phases   ] GC(1203)   Pre Evacuate Collection Set: 0.5ms
[2025-03-28T20:46:43.657+0530][gc,phases   ] GC(1203)   Merge Heap Roots: 0.2ms
[2025-03-28T20:46:43.657+0530][gc,phases   ] GC(1203)   Evacuate Collection Set: 12.7ms
[2025-03-28T20:46:43.657+0530][gc,phases   ] GC(1203)   Post Evacuate Collection Set: 0.7ms
[2025-03-28T20:46:43.657+0530][gc,phases   ] GC(1203)   Other: 0.2ms
[2025-03-28T20:46:43.657+0530][gc,heap     ] GC(1203) Eden regions: 82->0(439)
[2025-03-28T20:46:43.657+0530][gc,heap     ] GC(1203) Survivor regions: 4->4(33)
[2025-03-28T20:46:43.657+0530][gc,heap     ] GC(1203) Old regions: 46->46
[2025-03-28T20:46:43.657+0530][gc,heap     ] GC(1203) Archive regions: 2->2
[2025-03-28T20:46:43.657+0530][gc,heap     ] GC(1203) Humongous regions: 149->147
[2025-03-28T20:46:43.657+0530][gc,metaspace] GC(1203) Metaspace: 54608K(55296K)->54608K(55296K) NonClass: 48500K(48832K)->48500K(48832K) Class: 6108K(6464K)->6108K(6464K)
[2025-03-28T20:46:43.657+0530][gc          ] GC(1203) Pause Young (Concurrent Start) (G1 Humongous Allocation) 279M->196M(1024M) 14.509ms
[2025-03-28T20:46:43.657+0530][gc,cpu      ] GC(1203) User=0.01s Sys=0.01s Real=0.02s
[2025-03-28T20:46:43.674+0530][gc          ] GC(1204) Concurrent Mark Cycle
[2025-03-28T20:46:43.674+0530][gc,marking  ] GC(1204) Concurrent Clear Claimed Marks
[2025-03-28T20:46:43.674+0530][gc,marking  ] GC(1204) Concurrent Clear Claimed Marks 0.096ms
[2025-03-28T20:46:43.674+0530][gc,marking  ] GC(1204) Concurrent Scan Root Regions
[2025-03-28T20:46:43.679+0530][gc,marking  ] GC(1204) Concurrent Scan Root Regions 5.213ms
[2025-03-28T20:46:43.679+0530][gc,marking  ] GC(1204) Concurrent Mark
[2025-03-28T20:46:43.679+0530][gc,marking  ] GC(1204) Concurrent Mark From Roots
[2025-03-28T20:46:43.679+0530][gc,task     ] GC(1204) Using 1 workers of 1 for marking
[2025-03-28T20:46:43.775+0530][gc,marking  ] GC(1204) Concurrent Mark From Roots 95.980ms
[2025-03-28T20:46:43.776+0530][gc,marking  ] GC(1204) Concurrent Preclean
[2025-03-28T20:46:43.776+0530][gc,marking  ] GC(1204) Concurrent Preclean 0.132ms
[2025-03-28T20:46:43.776+0530][gc,start    ] GC(1204) Pause Remark
[2025-03-28T20:46:43.791+0530][gc          ] GC(1204) Pause Remark 238M->238M(1024M) 14.604ms
[2025-03-28T20:46:43.791+0530][gc,cpu      ] GC(1204) User=0.02s Sys=0.01s Real=0.01s
[2025-03-28T20:46:43.791+0530][gc,marking  ] GC(1204) Concurrent Mark 111.342ms
[2025-03-28T20:46:43.791+0530][gc,marking  ] GC(1204) Concurrent Rebuild Remembered Sets
[2025-03-28T20:46:43.827+0530][gc,marking  ] GC(1204) Concurrent Rebuild Remembered Sets 35.684ms
[2025-03-28T20:46:43.827+0530][gc,start    ] GC(1204) Pause Cleanup
[2025-03-28T20:46:43.827+0530][gc          ] GC(1204) Pause Cleanup 238M->238M(1024M) 0.253ms
[2025-03-28T20:46:43.827+0530][gc,cpu      ] GC(1204) User=0.00s Sys=0.00s Real=0.00s
[2025-03-28T20:46:43.827+0530][gc,marking  ] GC(1204) Concurrent Cleanup for Next Mark
[2025-03-28T20:46:43.829+0530][gc,marking  ] GC(1204) Concurrent Cleanup for Next Mark 1.566ms
[2025-03-28T20:46:43.829+0530][gc          ] GC(1204) Concurrent Mark Cycle 154.757ms
[2025-03-28T20:46:57.442+0530][gc,start    ] GC(1205) Pause Young (Prepare Mixed) (G1 Evacuation Pause)
[2025-03-28T20:46:57.442+0530][gc,task     ] GC(1205) Using 2 workers of 2 for evacuation
[2025-03-28T20:46:57.450+0530][gc,phases   ] GC(1205)   Pre Evacuate Collection Set: 0.2ms
[2025-03-28T20:46:57.450+0530][gc,phases   ] GC(1205)   Merge Heap Roots: 0.2ms
[2025-03-28T20:46:57.450+0530][gc,phases   ] GC(1205)   Evacuate Collection Set: 6.4ms
[2025-03-28T20:46:57.450+0530][gc,phases   ] GC(1205)   Post Evacuate Collection Set: 0.7ms
[2025-03-28T20:46:57.450+0530][gc,phases   ] GC(1205)   Other: 0.2ms
[2025-03-28T20:46:57.450+0530][gc,heap     ] GC(1205) Eden regions: 293->0(47)
[2025-03-28T20:46:57.450+0530][gc,heap     ] GC(1205) Survivor regions: 4->4(38)
[2025-03-28T20:46:57.450+0530][gc,heap     ] GC(1205) Old regions: 46->46
[2025-03-28T20:46:57.450+0530][gc,heap     ] GC(1205) Archive regions: 2->2
[2025-03-28T20:46:57.450+0530][gc,heap     ] GC(1205) Humongous regions: 153->147
[2025-03-28T20:46:57.450+0530][gc,metaspace] GC(1205) Metaspace: 54609K(55296K)->54609K(55296K) NonClass: 48500K(48832K)->48500K(48832K) Class: 6108K(6464K)->6108K(6464K)
[2025-03-28T20:46:57.450+0530][gc          ] GC(1205) Pause Young (Prepare Mixed) (G1 Evacuation Pause) 495M->196M(1024M) 7.838ms
[2025-03-28T20:46:57.450+0530][gc,cpu      ] GC(1205) User=0.01s Sys=0.00s Real=0.01s
[2025-03-28T20:46:57.513+0530][gc,start    ] GC(1206) Pause Young (Mixed) (G1 Evacuation Pause)
[2025-03-28T20:46:57.513+0530][gc,task     ] GC(1206) Using 2 workers of 2 for evacuation
[2025-03-28T20:46:57.532+0530][gc,phases   ] GC(1206)   Pre Evacuate Collection Set: 0.2ms
[2025-03-28T20:46:57.532+0530][gc,phases   ] GC(1206)   Merge Heap Roots: 0.2ms
[2025-03-28T20:46:57.532+0530][gc,phases   ] GC(1206)   Evacuate Collection Set: 17.8ms
[2025-03-28T20:46:57.532+0530][gc,phases   ] GC(1206)   Post Evacuate Collection Set: 0.5ms
[2025-03-28T20:46:57.532+0530][gc,phases   ] GC(1206)   Other: 0.3ms
[2025-03-28T20:46:57.532+0530][gc,heap     ] GC(1206) Eden regions: 47->0(253)
[2025-03-28T20:46:57.532+0530][gc,heap     ] GC(1206) Survivor regions: 4->7(7)
[2025-03-28T20:46:57.532+0530][gc,heap     ] GC(1206) Old regions: 46->45
[2025-03-28T20:46:57.532+0530][gc,heap     ] GC(1206) Archive regions: 2->2
[2025-03-28T20:46:57.532+0530][gc,heap     ] GC(1206) Humongous regions: 147->147
[2025-03-28T20:46:57.532+0530][gc,metaspace] GC(1206) Metaspace: 54609K(55296K)->54609K(55296K) NonClass: 48500K(48832K)->48500K(48832K) Class: 6108K(6464K)->6108K(6464K)
[2025-03-28T20:46:57.532+0530][gc          ] GC(1206) Pause Young (Mixed) (G1 Evacuation Pause) 243M->199M(1024M) 19.056ms
[2025-03-28T20:46:57.532+0530][gc,cpu      ] GC(1206) User=0.02s Sys=0.00s Real=0.02s
[2025-03-28T20:47:07.613+0530][gc,start    ] GC(1207) Pause Young (Normal) (G1 Evacuation Pause)
[2025-03-28T20:47:07.613+0530][gc,task     ] GC(1207) Using 2 workers of 2 for evacuation
[2025-03-28T20:47:07.631+0530][gc,phases   ] GC(1207)   Pre Evacuate Collection Set: 0.3ms
[2025-03-28T20:47:07.631+0530][gc,phases   ] GC(1207)   Merge Heap Roots: 0.2ms
[2025-03-28T20:47:07.631+0530][gc,phases   ] GC(1207)   Evacuate Collection Set: 15.7ms
[2025-03-28T20:47:07.631+0530][gc,phases   ] GC(1207)   Post Evacuate Collection Set: 2.1ms
[2025-03-28T20:47:07.631+0530][gc,phases   ] GC(1207)   Other: 0.2ms
[2025-03-28T20:47:07.631+0530][gc,heap     ] GC(1207) Eden regions: 253->0(92)
[2025-03-28T20:47:07.631+0530][gc,heap     ] GC(1207) Survivor regions: 7->10(33)
[2025-03-28T20:47:07.631+0530][gc,heap     ] GC(1207) Old regions: 45->45
[2025-03-28T20:47:07.631+0530][gc,heap     ] GC(1207) Archive regions: 2->2
[2025-03-28T20:47:07.631+0530][gc,heap     ] GC(1207) Humongous regions: 153->149
[2025-03-28T20:47:07.631+0530][gc,metaspace] GC(1207) Metaspace: 54609K(55296K)->54609K(55296K) NonClass: 48500K(48832K)->48500K(48832K) Class: 6108K(6464K)->6108K(6464K)
[2025-03-28T20:47:07.631+0530][gc          ] GC(1207) Pause Young (Normal) (G1 Evacuation Pause) 458M->203M(1024M) 18.509ms
[2025-03-28T20:47:07.631+0530][gc,cpu      ] GC(1207) User=0.03s Sys=0.00s Real=0.02s
[2025-03-28T20:47:13.657+0530][gc,start    ] GC(1208) Pause Young (Normal) (G1 Evacuation Pause)
[2025-03-28T20:47:13.657+0530][gc,task     ] GC(1208) Using 2 workers of 2 for evacuation
[2025-03-28T20:47:13.692+0530][gc,mmu      ] GC(1208) MMU target violated: 21.0ms (20.0ms/21.0ms)
[2025-03-28T20:47:13.692+0530][gc,phases   ] GC(1208)   Pre Evacuate Collection Set: 0.3ms
[2025-03-28T20:47:13.692+0530][gc,phases   ] GC(1208)   Merge Heap Roots: 0.2ms
[2025-03-28T20:47:13.692+0530][gc,phases   ] GC(1208)   Evacuate Collection Set: 33.9ms
[2025-03-28T20:47:13.692+0530][gc,phases   ] GC(1208)   Post Evacuate Collection Set: 0.9ms
[2025-03-28T20:47:13.692+0530][gc,phases   ] GC(1208)   Other: 0.2ms
[2025-03-28T20:47:13.692+0530][gc,heap     ] GC(1208) Eden regions: 92->0(39)
[2025-03-28T20:47:13.692+0530][gc,heap     ] GC(1208) Survivor regions: 10->12(13)
[2025-03-28T20:47:13.692+0530][gc,heap     ] GC(1208) Old regions: 45->47
[2025-03-28T20:47:13.692+0530][gc,heap     ] GC(1208) Archive regions: 2->2
[2025-03-28T20:47:13.692+0530][gc,heap     ] GC(1208) Humongous regions: 149->147
[2025-03-28T20:47:13.692+0530][gc,metaspace] GC(1208) Metaspace: 54609K(55296K)->54609K(55296K) NonClass: 48500K(48832K)->48500K(48832K) Class: 6108K(6464K)->6108K(6464K)
[2025-03-28T20:47:13.692+0530][gc          ] GC(1208) Pause Young (Normal) (G1 Evacuation Pause) 295M->206M(1024M) 35.436ms
[2025-03-28T20:47:13.692+0530][gc,cpu      ] GC(1208) User=0.03s Sys=0.00s Real=0.03s
[2025-03-28T20:47:13.744+0530][gc,start    ] GC(1209) Pause Young (Normal) (G1 Evacuation Pause)
[2025-03-28T20:47:13.744+0530][gc,task     ] GC(1209) Using 2 workers of 2 for evacuation
[2025-03-28T20:47:13.760+0530][gc,phases   ] GC(1209)   Pre Evacuate Collection Set: 0.2ms
[2025-03-28T20:47:13.760+0530][gc,phases   ] GC(1209)   Merge Heap Roots: 0.1ms
[2025-03-28T20:47:13.760+0530][gc,phases   ] GC(1209)   Evacuate Collection Set: 15.1ms
[2025-03-28T20:47:13.760+0530][gc,phases   ] GC(1209)   Post Evacuate Collection Set: 0.4ms
[2025-03-28T20:47:13.760+0530][gc,phases   ] GC(1209)   Other: 0.2ms
[2025-03-28T20:47:13.760+0530][gc,heap     ] GC(1209) Eden regions: 39->0(157)
[2025-03-28T20:47:13.760+0530][gc,heap     ] GC(1209) Survivor regions: 12->1(7)
[2025-03-28T20:47:13.760+0530][gc,heap     ] GC(1209) Old regions: 47->53
[2025-03-28T20:47:13.760+0530][gc,heap     ] GC(1209) Archive regions: 2->2
[2025-03-28T20:47:13.760+0530][gc,heap     ] GC(1209) Humongous regions: 149->149
[2025-03-28T20:47:13.760+0530][gc,metaspace] GC(1209) Metaspace: 54609K(55296K)->54609K(55296K) NonClass: 48500K(48832K)->48500K(48832K) Class: 6108K(6464K)->6108K(6464K)
[2025-03-28T20:47:13.760+0530][gc          ] GC(1209) Pause Young (Normal) (G1 Evacuation Pause) 247M->203M(1024M) 16.137ms
[2025-03-28T20:47:13.760+0530][gc,cpu      ] GC(1209) User=0.02s Sys=0.00s Real=0.02s
[2025-03-28T20:47:17.570+0530][gc,start    ] GC(1210) Pause Young (Concurrent Start) (G1 Humongous Allocation)
[2025-03-28T20:47:17.570+0530][gc,task     ] GC(1210) Using 2 workers of 2 for evacuation
[2025-03-28T20:47:17.578+0530][gc,phases   ] GC(1210)   Pre Evacuate Collection Set: 0.3ms
[2025-03-28T20:47:17.578+0530][gc,phases   ] GC(1210)   Merge Heap Roots: 0.1ms
[2025-03-28T20:47:17.578+0530][gc,phases   ] GC(1210)   Evacuate Collection Set: 6.4ms
[2025-03-28T20:47:17.578+0530][gc,phases   ] GC(1210)   Post Evacuate Collection Set: 0.7ms
[2025-03-28T20:47:17.578+0530][gc,phases   ] GC(1210)   Other: 0.2ms
[2025-03-28T20:47:17.578+0530][gc,heap     ] GC(1210) Eden regions: 82->0(194)
[2025-03-28T20:47:17.578+0530][gc,heap     ] GC(1210) Survivor regions: 1->3(20)
[2025-03-28T20:47:17.578+0530][gc,heap     ] GC(1210) Old regions: 53->53
[2025-03-28T20:47:17.578+0530][gc,heap     ] GC(1210) Archive regions: 2->2
[2025-03-28T20:47:17.578+0530][gc,heap     ] GC(1210) Humongous regions: 149->147
[2025-03-28T20:47:17.578+0530][gc,metaspace] GC(1210) Metaspace: 54609K(55296K)->54609K(55296K) NonClass: 48500K(48832K)->48500K(48832K) Class: 6108K(6464K)->6108K(6464K)
[2025-03-28T20:47:17.578+0530][gc          ] GC(1210) Pause Young (Concurrent Start) (G1 Humongous Allocation) 285M->203M(1024M) 7.828ms
[2025-03-28T20:47:17.578+0530][gc,cpu      ] GC(1210) User=0.02s Sys=0.00s Real=0.01s
[2025-03-28T20:47:17.578+0530][gc          ] GC(1211) Concurrent Mark Cycle
[2025-03-28T20:47:17.578+0530][gc,marking  ] GC(1211) Concurrent Clear Claimed Marks
[2025-03-28T20:47:17.578+0530][gc,marking  ] GC(1211) Concurrent Clear Claimed Marks 0.106ms
[2025-03-28T20:47:17.578+0530][gc,marking  ] GC(1211) Concurrent Scan Root Regions
[2025-03-28T20:47:17.582+0530][gc,marking  ] GC(1211) Concurrent Scan Root Regions 3.399ms
[2025-03-28T20:47:17.582+0530][gc,marking  ] GC(1211) Concurrent Mark
[2025-03-28T20:47:17.582+0530][gc,marking  ] GC(1211) Concurrent Mark From Roots
[2025-03-28T20:47:17.582+0530][gc,task     ] GC(1211) Using 1 workers of 1 for marking
[2025-03-28T20:47:17.647+0530][gc,marking  ] GC(1211) Concurrent Mark From Roots 65.581ms
[2025-03-28T20:47:17.647+0530][gc,marking  ] GC(1211) Concurrent Preclean
[2025-03-28T20:47:17.648+0530][gc,marking  ] GC(1211) Concurrent Preclean 0.164ms
[2025-03-28T20:47:17.648+0530][gc,start    ] GC(1211) Pause Remark
[2025-03-28T20:47:17.662+0530][gc          ] GC(1211) Pause Remark 245M->239M(1024M) 14.327ms
[2025-03-28T20:47:17.662+0530][gc,cpu      ] GC(1211) User=0.02s Sys=0.01s Real=0.03s
[2025-03-28T20:47:17.662+0530][gc,marking  ] GC(1211) Concurrent Mark 80.369ms
[2025-03-28T20:47:17.662+0530][gc,marking  ] GC(1211) Concurrent Rebuild Remembered Sets
[2025-03-28T20:47:17.699+0530][gc,marking  ] GC(1211) Concurrent Rebuild Remembered Sets 37.188ms
[2025-03-28T20:47:17.699+0530][gc,start    ] GC(1211) Pause Cleanup
[2025-03-28T20:47:17.700+0530][gc          ] GC(1211) Pause Cleanup 239M->239M(1024M) 0.233ms
[2025-03-28T20:47:17.700+0530][gc,cpu      ] GC(1211) User=0.00s Sys=0.00s Real=0.00s
[2025-03-28T20:47:17.700+0530][gc,marking  ] GC(1211) Concurrent Cleanup for Next Mark
[2025-03-28T20:47:17.702+0530][gc,marking  ] GC(1211) Concurrent Cleanup for Next Mark 1.946ms
[2025-03-28T20:47:17.702+0530][gc          ] GC(1211) Concurrent Mark Cycle 123.532ms
[2025-03-28T20:47:27.506+0530][gc,start    ] GC(1212) Pause Young (Prepare Mixed) (G1 Evacuation Pause)
[2025-03-28T20:47:27.506+0530][gc,task     ] GC(1212) Using 2 workers of 2 for evacuation
[2025-03-28T20:47:27.516+0530][gc,phases   ] GC(1212)   Pre Evacuate Collection Set: 0.2ms
[2025-03-28T20:47:27.516+0530][gc,phases   ] GC(1212)   Merge Heap Roots: 0.2ms
[2025-03-28T20:47:27.516+0530][gc,phases   ] GC(1212)   Evacuate Collection Set: 8.9ms
[2025-03-28T20:47:27.516+0530][gc,phases   ] GC(1212)   Post Evacuate Collection Set: 0.8ms
[2025-03-28T20:47:27.516+0530][gc,phases   ] GC(1212)   Other: 0.2ms
[2025-03-28T20:47:27.516+0530][gc,heap     ] GC(1212) Eden regions: 194->0(46)
[2025-03-28T20:47:27.516+0530][gc,heap     ] GC(1212) Survivor regions: 3->5(25)
[2025-03-28T20:47:27.516+0530][gc,heap     ] GC(1212) Old regions: 47->47
[2025-03-28T20:47:27.516+0530][gc,heap     ] GC(1212) Archive regions: 2->2
[2025-03-28T20:47:27.516+0530][gc,heap     ] GC(1212) Humongous regions: 151->147
[2025-03-28T20:47:27.516+0530][gc,metaspace] GC(1212) Metaspace: 54609K(55296K)->54609K(55296K) NonClass: 48500K(48832K)->48500K(48832K) Class: 6108K(6464K)->6108K(6464K)
[2025-03-28T20:47:27.516+0530][gc          ] GC(1212) Pause Young (Prepare Mixed) (G1 Evacuation Pause) 395M->199M(1024M) 10.401ms
[2025-03-28T20:47:27.516+0530][gc,cpu      ] GC(1212) User=0.01s Sys=0.00s Real=0.01s
[2025-03-28T20:47:27.601+0530][gc,start    ] GC(1213) Pause Young (Mixed) (G1 Evacuation Pause)
[2025-03-28T20:47:27.601+0530][gc,task     ] GC(1213) Using 2 workers of 2 for evacuation
[2025-03-28T20:47:27.608+0530][gc,phases   ] GC(1213)   Pre Evacuate Collection Set: 0.2ms
[2025-03-28T20:47:27.609+0530][gc,phases   ] GC(1213)   Merge Heap Roots: 0.1ms
[2025-03-28T20:47:27.609+0530][gc,phases   ] GC(1213)   Evacuate Collection Set: 6.9ms
[2025-03-28T20:47:27.609+0530][gc,phases   ] GC(1213)   Post Evacuate Collection Set: 0.5ms
[2025-03-28T20:47:27.609+0530][gc,phases   ] GC(1213)   Other: 0.2ms
[2025-03-28T20:47:27.609+0530][gc,heap     ] GC(1213) Eden regions: 46->0(243)
[2025-03-28T20:47:27.609+0530][gc,heap     ] GC(1213) Survivor regions: 5->2(7)
[2025-03-28T20:47:27.609+0530][gc,heap     ] GC(1213) Old regions: 47->46
[2025-03-28T20:47:27.609+0530][gc,heap     ] GC(1213) Archive regions: 2->2
[2025-03-28T20:47:27.609+0530][gc,heap     ] GC(1213) Humongous regions: 149->149
[2025-03-28T20:47:27.609+0530][gc,metaspace] GC(1213) Metaspace: 54609K(55296K)->54609K(55296K) NonClass: 48500K(48832K)->48500K(48832K) Class: 6108K(6464K)->6108K(6464K)
[2025-03-28T20:47:27.609+0530][gc          ] GC(1213) Pause Young (Mixed) (G1 Evacuation Pause) 247M->197M(1024M) 8.073ms
[2025-03-28T20:47:27.609+0530][gc,cpu      ] GC(1213) User=0.01s Sys=0.00s Real=0.01s
[2025-03-28T20:47:33.657+0530][gc,start    ] GC(1214) Pause Young (Concurrent Start) (G1 Humongous Allocation)
[2025-03-28T20:47:33.657+0530][gc,task     ] GC(1214) Using 2 workers of 2 for evacuation
[2025-03-28T20:47:33.673+0530][gc,phases   ] GC(1214)   Pre Evacuate Collection Set: 0.3ms
[2025-03-28T20:47:33.673+0530][gc,phases   ] GC(1214)   Merge Heap Roots: 0.1ms
[2025-03-28T20:47:33.673+0530][gc,phases   ] GC(1214)   Evacuate Collection Set: 14.6ms
[2025-03-28T20:47:33.673+0530][gc,phases   ] GC(1214)   Post Evacuate Collection Set: 0.6ms
[2025-03-28T20:47:33.673+0530][gc,phases   ] GC(1214)   Other: 0.2ms
[2025-03-28T20:47:33.673+0530][gc,heap     ] GC(1214) Eden regions: 107->0(318)
[2025-03-28T20:47:33.673+0530][gc,heap     ] GC(1214) Survivor regions: 2->3(31)
[2025-03-28T20:47:33.673+0530][gc,heap     ] GC(1214) Old regions: 46->46
[2025-03-28T20:47:33.673+0530][gc,heap     ] GC(1214) Archive regions: 2->2
[2025-03-28T20:47:33.673+0530][gc,heap     ] GC(1214) Humongous regions: 149->147
[2025-03-28T20:47:33.673+0530][gc,metaspace] GC(1214) Metaspace: 54609K(55296K)->54609K(55296K) NonClass: 48500K(48832K)->48500K(48832K) Class: 6108K(6464K)->6108K(6464K)
[2025-03-28T20:47:33.673+0530][gc          ] GC(1214) Pause Young (Concurrent Start) (G1 Humongous Allocation) 303M->195M(1024M) 15.901ms
[2025-03-28T20:47:33.673+0530][gc,cpu      ] GC(1214) User=0.01s Sys=0.00s Real=0.01s
[2025-03-28T20:47:33.673+0530][gc          ] GC(1215) Concurrent Mark Cycle
[2025-03-28T20:47:33.673+0530][gc,marking  ] GC(1215) Concurrent Clear Claimed Marks
[2025-03-28T20:47:33.673+0530][gc,marking  ] GC(1215) Concurrent Clear Claimed Marks 0.151ms
[2025-03-28T20:47:33.673+0530][gc,marking  ] GC(1215) Concurrent Scan Root Regions
[2025-03-28T20:47:33.677+0530][gc,marking  ] GC(1215) Concurrent Scan Root Regions 4.079ms
[2025-03-28T20:47:33.677+0530][gc,marking  ] GC(1215) Concurrent Mark
[2025-03-28T20:47:33.677+0530][gc,marking  ] GC(1215) Concurrent Mark From Roots
[2025-03-28T20:47:33.677+0530][gc,task     ] GC(1215) Using 1 workers of 1 for marking
[2025-03-28T20:47:33.795+0530][gc,marking  ] GC(1215) Concurrent Mark From Roots 118.008ms
[2025-03-28T20:47:33.795+0530][gc,marking  ] GC(1215) Concurrent Preclean
[2025-03-28T20:47:33.795+0530][gc,marking  ] GC(1215) Concurrent Preclean 0.145ms
[2025-03-28T20:47:33.796+0530][gc,start    ] GC(1215) Pause Remark
[2025-03-28T20:47:33.813+0530][gc          ] GC(1215) Pause Remark 238M->237M(1024M) 17.366ms
[2025-03-28T20:47:33.813+0530][gc,cpu      ] GC(1215) User=0.03s Sys=0.01s Real=0.01s
[2025-03-28T20:47:33.813+0530][gc,marking  ] GC(1215) Concurrent Mark 136.237ms
[2025-03-28T20:47:33.813+0530][gc,marking  ] GC(1215) Concurrent Rebuild Remembered Sets
[2025-03-28T20:47:33.852+0530][gc,marking  ] GC(1215) Concurrent Rebuild Remembered Sets 38.250ms
[2025-03-28T20:47:33.852+0530][gc,start    ] GC(1215) Pause Cleanup
[2025-03-28T20:47:33.852+0530][gc          ] GC(1215) Pause Cleanup 237M->237M(1024M) 0.231ms
[2025-03-28T20:47:33.852+0530][gc,cpu      ] GC(1215) User=0.00s Sys=0.00s Real=0.00s
[2025-03-28T20:47:33.852+0530][gc,marking  ] GC(1215) Concurrent Cleanup for Next Mark
[2025-03-28T20:47:33.855+0530][gc,marking  ] GC(1215) Concurrent Cleanup for Next Mark 2.245ms
[2025-03-28T20:47:33.855+0530][gc          ] GC(1215) Concurrent Mark Cycle 181.755ms
[2025-03-28T20:47:43.762+0530][gc,start    ] GC(1216) Pause Young (Prepare Mixed) (G1 Evacuation Pause)
[2025-03-28T20:47:43.762+0530][gc,task     ] GC(1216) Using 2 workers of 2 for evacuation
[2025-03-28T20:47:43.770+0530][gc,phases   ] GC(1216)   Pre Evacuate Collection Set: 0.2ms
[2025-03-28T20:47:43.770+0530][gc,phases   ] GC(1216)   Merge Heap Roots: 0.2ms
[2025-03-28T20:47:43.770+0530][gc,phases   ] GC(1216)   Evacuate Collection Set: 7.0ms
[2025-03-28T20:47:43.770+0530][gc,phases   ] GC(1216)   Post Evacuate Collection Set: 0.9ms
[2025-03-28T20:47:43.770+0530][gc,phases   ] GC(1216)   Other: 0.2ms
[2025-03-28T20:47:43.770+0530][gc,heap     ] GC(1216) Eden regions: 202->0(45)
[2025-03-28T20:47:43.770+0530][gc,heap     ] GC(1216) Survivor regions: 3->6(26)
[2025-03-28T20:47:43.770+0530][gc,heap     ] GC(1216) Old regions: 45->45
[2025-03-28T20:47:43.770+0530][gc,heap     ] GC(1216) Archive regions: 2->2
[2025-03-28T20:47:43.770+0530][gc,heap     ] GC(1216) Humongous regions: 151->147
[2025-03-28T20:47:43.771+0530][gc,metaspace] GC(1216) Metaspace: 54609K(55296K)->54609K(55296K) NonClass: 48500K(48832K)->48500K(48832K) Class: 6108K(6464K)->6108K(6464K)
[2025-03-28T20:47:43.771+0530][gc          ] GC(1216) Pause Young (Prepare Mixed) (G1 Evacuation Pause) 401M->198M(1024M) 8.570ms
[2025-03-28T20:47:43.771+0530][gc,cpu      ] GC(1216) User=0.02s Sys=0.00s Real=0.01s
[2025-03-28T20:47:43.854+0530][gc,start    ] GC(1217) Pause Young (Mixed) (G1 Evacuation Pause)
[2025-03-28T20:47:43.854+0530][gc,task     ] GC(1217) Using 2 workers of 2 for evacuation
[2025-03-28T20:47:43.872+0530][gc,phases   ] GC(1217)   Pre Evacuate Collection Set: 0.2ms
[2025-03-28T20:47:43.872+0530][gc,phases   ] GC(1217)   Merge Heap Roots: 0.2ms
[2025-03-28T20:47:43.872+0530][gc,phases   ] GC(1217)   Evacuate Collection Set: 16.8ms
[2025-03-28T20:47:43.872+0530][gc,phases   ] GC(1217)   Post Evacuate Collection Set: 0.6ms
[2025-03-28T20:47:43.872+0530][gc,phases   ] GC(1217)   Other: 0.1ms
[2025-03-28T20:47:43.872+0530][gc,heap     ] GC(1217) Eden regions: 45->0(317)
[2025-03-28T20:47:43.872+0530][gc,heap     ] GC(1217) Survivor regions: 6->2(7)
[2025-03-28T20:47:43.872+0530][gc,heap     ] GC(1217) Old regions: 45->44
[2025-03-28T20:47:43.872+0530][gc,heap     ] GC(1217) Archive regions: 2->2
[2025-03-28T20:47:43.872+0530][gc,heap     ] GC(1217) Humongous regions: 149->149
[2025-03-28T20:47:43.872+0530][gc,metaspace] GC(1217) Metaspace: 54609K(55296K)->54609K(55296K) NonClass: 48500K(48832K)->48500K(48832K) Class: 6108K(6464K)->6108K(6464K)
[2025-03-28T20:47:43.872+0530][gc          ] GC(1217) Pause Young (Mixed) (G1 Evacuation Pause) 245M->195M(1024M) 18.031ms
[2025-03-28T20:47:43.872+0530][gc,cpu      ] GC(1217) User=0.01s Sys=0.00s Real=0.02s
[2025-03-28T20:47:57.564+0530][gc,start    ] GC(1218) Pause Young (Normal) (G1 Evacuation Pause)
[2025-03-28T20:47:57.564+0530][gc,task     ] GC(1218) Using 2 workers of 2 for evacuation
[2025-03-28T20:47:57.583+0530][gc,phases   ] GC(1218)   Pre Evacuate Collection Set: 0.3ms
[2025-03-28T20:47:57.583+0530][gc,phases   ] GC(1218)   Merge Heap Roots: 0.1ms
[2025-03-28T20:47:57.583+0530][gc,phases   ] GC(1218)   Evacuate Collection Set: 17.6ms
[2025-03-28T20:47:57.583+0530][gc,phases   ] GC(1218)   Post Evacuate Collection Set: 0.9ms
[2025-03-28T20:47:57.583+0530][gc,phases   ] GC(1218)   Other: 0.1ms
[2025-03-28T20:47:57.583+0530][gc,heap     ] GC(1218) Eden regions: 317->0(246)
[2025-03-28T20:47:57.583+0530][gc,heap     ] GC(1218) Survivor regions: 2->8(40)
[2025-03-28T20:47:57.583+0530][gc,heap     ] GC(1218) Old regions: 44->44
[2025-03-28T20:47:57.583+0530][gc,heap     ] GC(1218) Archive regions: 2->2
[2025-03-28T20:47:57.583+0530][gc,heap     ] GC(1218) Humongous regions: 153->147
[2025-03-28T20:47:57.583+0530][gc,metaspace] GC(1218) Metaspace: 54609K(55296K)->54609K(55296K) NonClass: 48500K(48832K)->48500K(48832K) Class: 6108K(6464K)->6108K(6464K)
[2025-03-28T20:47:57.583+0530][gc          ] GC(1218) Pause Young (Normal) (G1 Evacuation Pause) 516M->199M(1024M) 19.159ms
[2025-03-28T20:47:57.584+0530][gc,cpu      ] GC(1218) User=0.02s Sys=0.00s Real=0.02s
[2025-03-28T20:47:57.638+0530][gc,start    ] GC(1219) Pause Young (Concurrent Start) (G1 Humongous Allocation)
[2025-03-28T20:47:57.638+0530][gc,task     ] GC(1219) Using 2 workers of 2 for evacuation
[2025-03-28T20:47:57.646+0530][gc,phases   ] GC(1219)   Pre Evacuate Collection Set: 0.3ms
[2025-03-28T20:47:57.646+0530][gc,phases   ] GC(1219)   Merge Heap Roots: 0.1ms
[2025-03-28T20:47:57.646+0530][gc,phases   ] GC(1219)   Evacuate Collection Set: 6.1ms
[2025-03-28T20:47:57.646+0530][gc,phases   ] GC(1219)   Post Evacuate Collection Set: 0.5ms
[2025-03-28T20:47:57.646+0530][gc,phases   ] GC(1219)   Other: 0.2ms
[2025-03-28T20:47:57.646+0530][gc,heap     ] GC(1219) Eden regions: 11->0(185)
[2025-03-28T20:47:57.646+0530][gc,heap     ] GC(1219) Survivor regions: 8->3(32)
[2025-03-28T20:47:57.646+0530][gc,heap     ] GC(1219) Old regions: 44->44
[2025-03-28T20:47:57.646+0530][gc,heap     ] GC(1219) Archive regions: 2->2
[2025-03-28T20:47:57.646+0530][gc,heap     ] GC(1219) Humongous regions: 147->147
[2025-03-28T20:47:57.646+0530][gc,metaspace] GC(1219) Metaspace: 54609K(55296K)->54609K(55296K) NonClass: 48500K(48832K)->48500K(48832K) Class: 6108K(6464K)->6108K(6464K)
[2025-03-28T20:47:57.646+0530][gc          ] GC(1219) Pause Young (Concurrent Start) (G1 Humongous Allocation) 209M->194M(1024M) 7.289ms
[2025-03-28T20:47:57.646+0530][gc,cpu      ] GC(1219) User=0.02s Sys=0.00s Real=0.01s
[2025-03-28T20:47:57.647+0530][gc          ] GC(1220) Concurrent Mark Cycle
[2025-03-28T20:47:57.647+0530][gc,marking  ] GC(1220) Concurrent Clear Claimed Marks
[2025-03-28T20:47:57.647+0530][gc,marking  ] GC(1220) Concurrent Clear Claimed Marks 0.132ms
[2025-03-28T20:47:57.647+0530][gc,marking  ] GC(1220) Concurrent Scan Root Regions
[2025-03-28T20:47:57.653+0530][gc,marking  ] GC(1220) Concurrent Scan Root Regions 5.894ms
[2025-03-28T20:47:57.653+0530][gc,marking  ] GC(1220) Concurrent Mark
[2025-03-28T20:47:57.653+0530][gc,marking  ] GC(1220) Concurrent Mark From Roots
[2025-03-28T20:47:57.653+0530][gc,task     ] GC(1220) Using 1 workers of 1 for marking
[2025-03-28T20:47:57.737+0530][gc,marking  ] GC(1220) Concurrent Mark From Roots 84.160ms
[2025-03-28T20:47:57.737+0530][gc,marking  ] GC(1220) Concurrent Preclean
[2025-03-28T20:47:57.737+0530][gc,marking  ] GC(1220) Concurrent Preclean 0.281ms
[2025-03-28T20:47:57.737+0530][gc,start    ] GC(1220) Pause Remark
[2025-03-28T20:47:57.754+0530][gc          ] GC(1220) Pause Remark 236M->236M(1024M) 16.980ms
[2025-03-28T20:47:57.754+0530][gc,cpu      ] GC(1220) User=0.03s Sys=0.01s Real=0.01s
[2025-03-28T20:47:57.755+0530][gc,marking  ] GC(1220) Concurrent Mark 101.829ms
[2025-03-28T20:47:57.755+0530][gc,marking  ] GC(1220) Concurrent Rebuild Remembered Sets
[2025-03-28T20:47:57.791+0530][gc,marking  ] GC(1220) Concurrent Rebuild Remembered Sets 36.313ms
[2025-03-28T20:47:57.791+0530][gc,start    ] GC(1220) Pause Cleanup
[2025-03-28T20:47:57.791+0530][gc          ] GC(1220) Pause Cleanup 236M->236M(1024M) 0.183ms
[2025-03-28T20:47:57.791+0530][gc,cpu      ] GC(1220) User=0.00s Sys=0.00s Real=0.00s
[2025-03-28T20:47:57.791+0530][gc,marking  ] GC(1220) Concurrent Cleanup for Next Mark
[2025-03-28T20:47:57.793+0530][gc,marking  ] GC(1220) Concurrent Cleanup for Next Mark 2.180ms
[2025-03-28T20:47:57.793+0530][gc          ] GC(1220) Concurrent Mark Cycle 146.861ms
[2025-03-28T20:48:03.757+0530][gc,start    ] GC(1221) Pause Young (Prepare Mixed) (G1 Evacuation Pause)
[2025-03-28T20:48:03.757+0530][gc,task     ] GC(1221) Using 2 workers of 2 for evacuation
[2025-03-28T20:48:03.766+0530][gc,phases   ] GC(1221)   Pre Evacuate Collection Set: 0.3ms
[2025-03-28T20:48:03.766+0530][gc,phases   ] GC(1221)   Merge Heap Roots: 0.1ms
[2025-03-28T20:48:03.766+0530][gc,phases   ] GC(1221)   Evacuate Collection Set: 7.2ms
[2025-03-28T20:48:03.766+0530][gc,phases   ] GC(1221)   Post Evacuate Collection Set: 1.0ms
[2025-03-28T20:48:03.766+0530][gc,phases   ] GC(1221)   Other: 0.2ms
[2025-03-28T20:48:03.766+0530][gc,heap     ] GC(1221) Eden regions: 155->0(47)
[2025-03-28T20:48:03.766+0530][gc,heap     ] GC(1221) Survivor regions: 3->4(20)
[2025-03-28T20:48:03.766+0530][gc,heap     ] GC(1221) Old regions: 44->44
[2025-03-28T20:48:03.766+0530][gc,heap     ] GC(1221) Archive regions: 2->2
[2025-03-28T20:48:03.766+0530][gc,heap     ] GC(1221) Humongous regions: 151->149
[2025-03-28T20:48:03.766+0530][gc,metaspace] GC(1221) Metaspace: 54609K(55296K)->54609K(55296K) NonClass: 48500K(48832K)->48500K(48832K) Class: 6108K(6464K)->6108K(6464K)
[2025-03-28T20:48:03.766+0530][gc          ] GC(1221) Pause Young (Prepare Mixed) (G1 Evacuation Pause) 353M->197M(1024M) 8.906ms
[2025-03-28T20:48:03.766+0530][gc,cpu      ] GC(1221) User=0.01s Sys=0.00s Real=0.01s
[2025-03-28T20:48:07.476+0530][gc,start    ] GC(1222) Pause Young (Mixed) (G1 Evacuation Pause)
[2025-03-28T20:48:07.476+0530][gc,task     ] GC(1222) Using 2 workers of 2 for evacuation
[2025-03-28T20:48:07.491+0530][gc,phases   ] GC(1222)   Pre Evacuate Collection Set: 0.2ms
[2025-03-28T20:48:07.491+0530][gc,phases   ] GC(1222)   Merge Heap Roots: 0.2ms
[2025-03-28T20:48:07.491+0530][gc,phases   ] GC(1222)   Evacuate Collection Set: 13.5ms
[2025-03-28T20:48:07.491+0530][gc,phases   ] GC(1222)   Post Evacuate Collection Set: 0.8ms
[2025-03-28T20:48:07.491+0530][gc,phases   ] GC(1222)   Other: 0.3ms
[2025-03-28T20:48:07.491+0530][gc,heap     ] GC(1222) Eden regions: 47->0(167)
[2025-03-28T20:48:07.491+0530][gc,heap     ] GC(1222) Survivor regions: 4->6(7)
[2025-03-28T20:48:07.491+0530][gc,heap     ] GC(1222) Old regions: 44->42
[2025-03-28T20:48:07.491+0530][gc,heap     ] GC(1222) Archive regions: 2->2
[2025-03-28T20:48:07.491+0530][gc,heap     ] GC(1222) Humongous regions: 149->147
[2025-03-28T20:48:07.491+0530][gc,metaspace] GC(1222) Metaspace: 54609K(55296K)->54609K(55296K) NonClass: 48500K(48832K)->48500K(48832K) Class: 6108K(6464K)->6108K(6464K)
[2025-03-28T20:48:07.491+0530][gc          ] GC(1222) Pause Young (Mixed) (G1 Evacuation Pause) 244M->194M(1024M) 15.137ms
[2025-03-28T20:48:07.491+0530][gc,cpu      ] GC(1222) User=0.02s Sys=0.00s Real=0.01s
[2025-03-28T20:48:13.665+0530][gc,start    ] GC(1223) Pause Young (Normal) (G1 Evacuation Pause)
[2025-03-28T20:48:13.665+0530][gc,task     ] GC(1223) Using 2 workers of 2 for evacuation
[2025-03-28T20:48:13.679+0530][gc,phases   ] GC(1223)   Pre Evacuate Collection Set: 0.3ms
[2025-03-28T20:48:13.679+0530][gc,phases   ] GC(1223)   Merge Heap Roots: 0.2ms
[2025-03-28T20:48:13.679+0530][gc,phases   ] GC(1223)   Evacuate Collection Set: 11.7ms
[2025-03-28T20:48:13.679+0530][gc,phases   ] GC(1223)   Post Evacuate Collection Set: 1.6ms
[2025-03-28T20:48:13.679+0530][gc,phases   ] GC(1223)   Other: 0.3ms
[2025-03-28T20:48:13.679+0530][gc,heap     ] GC(1223) Eden regions: 167->0(171)
[2025-03-28T20:48:13.679+0530][gc,heap     ] GC(1223) Survivor regions: 6->4(22)
[2025-03-28T20:48:13.679+0530][gc,heap     ] GC(1223) Old regions: 42->42
[2025-03-28T20:48:13.679+0530][gc,heap     ] GC(1223) Archive regions: 2->2
[2025-03-28T20:48:13.679+0530][gc,heap     ] GC(1223) Humongous regions: 151->149
[2025-03-28T20:48:13.679+0530][gc,metaspace] GC(1223) Metaspace: 54609K(55296K)->54609K(55296K) NonClass: 48500K(48832K)->48500K(48832K) Class: 6108K(6464K)->6108K(6464K)
[2025-03-28T20:48:13.679+0530][gc          ] GC(1223) Pause Young (Normal) (G1 Evacuation Pause) 365M->195M(1024M) 14.707ms
[2025-03-28T20:48:13.679+0530][gc,cpu      ] GC(1223) User=0.02s Sys=0.00s Real=0.01s
[2025-03-28T20:48:17.557+0530][gc,start    ] GC(1224) Pause Young (Concurrent Start) (G1 Humongous Allocation)
[2025-03-28T20:48:17.557+0530][gc,task     ] GC(1224) Using 2 workers of 2 for evacuation
[2025-03-28T20:48:17.572+0530][gc,phases   ] GC(1224)   Pre Evacuate Collection Set: 0.4ms
[2025-03-28T20:48:17.572+0530][gc,phases   ] GC(1224)   Merge Heap Roots: 0.2ms
[2025-03-28T20:48:17.572+0530][gc,phases   ] GC(1224)   Evacuate Collection Set: 12.7ms
[2025-03-28T20:48:17.572+0530][gc,phases   ] GC(1224)   Post Evacuate Collection Set: 0.8ms
[2025-03-28T20:48:17.572+0530][gc,phases   ] GC(1224)   Other: 0.3ms
[2025-03-28T20:48:17.572+0530][gc,heap     ] GC(1224) Eden regions: 92->0(323)
[2025-03-28T20:48:17.572+0530][gc,heap     ] GC(1224) Survivor regions: 4->4(22)
[2025-03-28T20:48:17.572+0530][gc,heap     ] GC(1224) Old regions: 42->42
[2025-03-28T20:48:17.572+0530][gc,heap     ] GC(1224) Archive regions: 2->2
[2025-03-28T20:48:17.572+0530][gc,heap     ] GC(1224) Humongous regions: 149->147
[2025-03-28T20:48:17.572+0530][gc,metaspace] GC(1224) Metaspace: 54609K(55296K)->54609K(55296K) NonClass: 48500K(48832K)->48500K(48832K) Class: 6108K(6464K)->6108K(6464K)
[2025-03-28T20:48:17.572+0530][gc          ] GC(1224) Pause Young (Concurrent Start) (G1 Humongous Allocation) 286M->192M(1024M) 14.658ms
[2025-03-28T20:48:17.572+0530][gc,cpu      ] GC(1224) User=0.02s Sys=0.00s Real=0.01s
[2025-03-28T20:48:17.572+0530][gc          ] GC(1225) Concurrent Mark Cycle
[2025-03-28T20:48:17.572+0530][gc,marking  ] GC(1225) Concurrent Clear Claimed Marks
[2025-03-28T20:48:17.572+0530][gc,marking  ] GC(1225) Concurrent Clear Claimed Marks 0.122ms
[2025-03-28T20:48:17.572+0530][gc,marking  ] GC(1225) Concurrent Scan Root Regions
[2025-03-28T20:48:17.580+0530][gc,marking  ] GC(1225) Concurrent Scan Root Regions 8.097ms
[2025-03-28T20:48:17.581+0530][gc,marking  ] GC(1225) Concurrent Mark
[2025-03-28T20:48:17.581+0530][gc,marking  ] GC(1225) Concurrent Mark From Roots
[2025-03-28T20:48:17.581+0530][gc,task     ] GC(1225) Using 1 workers of 1 for marking
[2025-03-28T20:48:17.660+0530][gc,marking  ] GC(1225) Concurrent Mark From Roots 79.780ms
[2025-03-28T20:48:17.660+0530][gc,marking  ] GC(1225) Concurrent Preclean
[2025-03-28T20:48:17.661+0530][gc,marking  ] GC(1225) Concurrent Preclean 0.131ms
[2025-03-28T20:48:17.661+0530][gc,start    ] GC(1225) Pause Remark
[2025-03-28T20:48:17.676+0530][gc          ] GC(1225) Pause Remark 234M->234M(1024M) 15.868ms
[2025-03-28T20:48:17.677+0530][gc,cpu      ] GC(1225) User=0.02s Sys=0.00s Real=0.02s
[2025-03-28T20:48:17.677+0530][gc,marking  ] GC(1225) Concurrent Mark 96.068ms
[2025-03-28T20:48:17.677+0530][gc,marking  ] GC(1225) Concurrent Rebuild Remembered Sets
[2025-03-28T20:48:17.712+0530][gc,marking  ] GC(1225) Concurrent Rebuild Remembered Sets 35.132ms
[2025-03-28T20:48:17.712+0530][gc,start    ] GC(1225) Pause Cleanup
[2025-03-28T20:48:17.712+0530][gc          ] GC(1225) Pause Cleanup 234M->234M(1024M) 0.248ms
[2025-03-28T20:48:17.712+0530][gc,cpu      ] GC(1225) User=0.00s Sys=0.00s Real=0.00s
[2025-03-28T20:48:17.712+0530][gc,marking  ] GC(1225) Concurrent Cleanup for Next Mark
[2025-03-28T20:48:17.714+0530][gc,marking  ] GC(1225) Concurrent Cleanup for Next Mark 1.896ms
[2025-03-28T20:48:17.714+0530][gc          ] GC(1225) Concurrent Mark Cycle 142.116ms
[2025-03-28T20:48:27.410+0530][gc,start    ] GC(1226) Pause Young (Prepare Mixed) (G1 Evacuation Pause)
[2025-03-28T20:48:27.411+0530][gc,task     ] GC(1226) Using 2 workers of 2 for evacuation
[2025-03-28T20:48:27.441+0530][gc,mmu      ] GC(1226) MMU target violated: 21.0ms (20.0ms/21.0ms)
[2025-03-28T20:48:27.441+0530][gc,phases   ] GC(1226)   Pre Evacuate Collection Set: 1.7ms
[2025-03-28T20:48:27.441+0530][gc,phases   ] GC(1226)   Merge Heap Roots: 1.2ms
[2025-03-28T20:48:27.441+0530][gc,phases   ] GC(1226)   Evacuate Collection Set: 26.4ms
[2025-03-28T20:48:27.441+0530][gc,phases   ] GC(1226)   Post Evacuate Collection Set: 1.2ms
[2025-03-28T20:48:27.441+0530][gc,phases   ] GC(1226)   Other: 0.5ms
[2025-03-28T20:48:27.441+0530][gc,heap     ] GC(1226) Eden regions: 159->0(49)
[2025-03-28T20:48:27.442+0530][gc,heap     ] GC(1226) Survivor regions: 4->2(21)
[2025-03-28T20:48:27.442+0530][gc,heap     ] GC(1226) Old regions: 42->42
[2025-03-28T20:48:27.442+0530][gc,heap     ] GC(1226) Archive regions: 2->2
[2025-03-28T20:48:27.442+0530][gc,heap     ] GC(1226) Humongous regions: 151->147
[2025-03-28T20:48:27.442+0530][gc,metaspace] GC(1226) Metaspace: 54609K(55296K)->54609K(55296K) NonClass: 48500K(48832K)->48500K(48832K) Class: 6108K(6464K)->6108K(6464K)
[2025-03-28T20:48:27.442+0530][gc          ] GC(1226) Pause Young (Prepare Mixed) (G1 Evacuation Pause) 355M->190M(1024M) 31.253ms
[2025-03-28T20:48:27.442+0530][gc,cpu      ] GC(1226) User=0.04s Sys=0.01s Real=0.04s
[2025-03-28T20:48:27.519+0530][gc,start    ] GC(1227) Pause Young (Mixed) (G1 Evacuation Pause)
[2025-03-28T20:48:27.519+0530][gc,task     ] GC(1227) Using 2 workers of 2 for evacuation
[2025-03-28T20:48:27.530+0530][gc,phases   ] GC(1227)   Pre Evacuate Collection Set: 0.2ms
[2025-03-28T20:48:27.530+0530][gc,phases   ] GC(1227)   Merge Heap Roots: 0.2ms
[2025-03-28T20:48:27.530+0530][gc,phases   ] GC(1227)   Evacuate Collection Set: 10.4ms
[2025-03-28T20:48:27.530+0530][gc,phases   ] GC(1227)   Post Evacuate Collection Set: 0.4ms
[2025-03-28T20:48:27.530+0530][gc,phases   ] GC(1227)   Other: 0.1ms
[2025-03-28T20:48:27.530+0530][gc,heap     ] GC(1227) Eden regions: 49->0(44)
[2025-03-28T20:48:27.530+0530][gc,heap     ] GC(1227) Survivor regions: 2->7(7)
[2025-03-28T20:48:27.530+0530][gc,heap     ] GC(1227) Old regions: 42->41
[2025-03-28T20:48:27.530+0530][gc,heap     ] GC(1227) Archive regions: 2->2
[2025-03-28T20:48:27.530+0530][gc,heap     ] GC(1227) Humongous regions: 147->147
[2025-03-28T20:48:27.530+0530][gc,metaspace] GC(1227) Metaspace: 54609K(55296K)->54609K(55296K) NonClass: 48500K(48832K)->48500K(48832K) Class: 6108K(6464K)->6108K(6464K)
[2025-03-28T20:48:27.530+0530][gc          ] GC(1227) Pause Young (Mixed) (G1 Evacuation Pause) 239M->195M(1024M) 11.349ms
[2025-03-28T20:48:27.530+0530][gc,cpu      ] GC(1227) User=0.02s Sys=0.00s Real=0.01s
[2025-03-28T20:48:27.613+0530][gc,start    ] GC(1228) Pause Young (Mixed) (G1 Evacuation Pause)
[2025-03-28T20:48:27.613+0530][gc,task     ] GC(1228) Using 2 workers of 2 for evacuation
[2025-03-28T20:48:27.625+0530][gc,phases   ] GC(1228)   Pre Evacuate Collection Set: 0.8ms
[2025-03-28T20:48:27.625+0530][gc,phases   ] GC(1228)   Merge Heap Roots: 0.2ms
[2025-03-28T20:48:27.625+0530][gc,phases   ] GC(1228)   Evacuate Collection Set: 10.6ms
[2025-03-28T20:48:27.625+0530][gc,phases   ] GC(1228)   Post Evacuate Collection Set: 0.5ms
[2025-03-28T20:48:27.625+0530][gc,phases   ] GC(1228)   Other: 0.1ms
[2025-03-28T20:48:27.625+0530][gc,heap     ] GC(1228) Eden regions: 44->0(49)
[2025-03-28T20:48:27.625+0530][gc,heap     ] GC(1228) Survivor regions: 7->2(7)
[2025-03-28T20:48:27.625+0530][gc,heap     ] GC(1228) Old regions: 41->42
[2025-03-28T20:48:27.625+0530][gc,heap     ] GC(1228) Archive regions: 2->2
[2025-03-28T20:48:27.625+0530][gc,heap     ] GC(1228) Humongous regions: 149->149
[2025-03-28T20:48:27.625+0530][gc,metaspace] GC(1228) Metaspace: 54609K(55296K)->54609K(55296K) NonClass: 48500K(48832K)->48500K(48832K) Class: 6108K(6464K)->6108K(6464K)
[2025-03-28T20:48:27.625+0530][gc          ] GC(1228) Pause Young (Mixed) (G1 Evacuation Pause) 241M->193M(1024M) 12.331ms
[2025-03-28T20:48:27.625+0530][gc,cpu      ] GC(1228) User=0.02s Sys=0.00s Real=0.03s
[2025-03-28T20:48:33.534+0530][gc,start    ] GC(1229) Pause Young (Normal) (G1 Evacuation Pause)
[2025-03-28T20:48:33.534+0530][gc,task     ] GC(1229) Using 2 workers of 2 for evacuation
[2025-03-28T20:48:33.540+0530][gc,phases   ] GC(1229)   Pre Evacuate Collection Set: 0.2ms
[2025-03-28T20:48:33.540+0530][gc,phases   ] GC(1229)   Merge Heap Roots: 0.1ms
[2025-03-28T20:48:33.540+0530][gc,phases   ] GC(1229)   Evacuate Collection Set: 5.2ms
[2025-03-28T20:48:33.540+0530][gc,phases   ] GC(1229)   Post Evacuate Collection Set: 0.5ms
[2025-03-28T20:48:33.540+0530][gc,phases   ] GC(1229)   Other: 0.1ms
[2025-03-28T20:48:33.540+0530][gc,heap     ] GC(1229) Eden regions: 49->0(77)
[2025-03-28T20:48:33.540+0530][gc,heap     ] GC(1229) Survivor regions: 2->4(7)
[2025-03-28T20:48:33.540+0530][gc,heap     ] GC(1229) Old regions: 42->42
[2025-03-28T20:48:33.540+0530][gc,heap     ] GC(1229) Archive regions: 2->2
[2025-03-28T20:48:33.540+0530][gc,heap     ] GC(1229) Humongous regions: 149->147
[2025-03-28T20:48:33.540+0530][gc,metaspace] GC(1229) Metaspace: 54609K(55296K)->54609K(55296K) NonClass: 48500K(48832K)->48500K(48832K) Class: 6108K(6464K)->6108K(6464K)
[2025-03-28T20:48:33.540+0530][gc          ] GC(1229) Pause Young (Normal) (G1 Evacuation Pause) 242M->193M(1024M) 6.326ms
[2025-03-28T20:48:33.540+0530][gc,cpu      ] GC(1229) User=0.01s Sys=0.01s Real=0.01s
[2025-03-28T20:48:33.663+0530][gc,start    ] GC(1230) Pause Young (Normal) (G1 Evacuation Pause)
[2025-03-28T20:48:33.663+0530][gc,task     ] GC(1230) Using 2 workers of 2 for evacuation
[2025-03-28T20:48:33.675+0530][gc,phases   ] GC(1230)   Pre Evacuate Collection Set: 0.2ms
[2025-03-28T20:48:33.675+0530][gc,phases   ] GC(1230)   Merge Heap Roots: 0.3ms
[2025-03-28T20:48:33.675+0530][gc,phases   ] GC(1230)   Evacuate Collection Set: 11.2ms
[2025-03-28T20:48:33.675+0530][gc,phases   ] GC(1230)   Post Evacuate Collection Set: 0.6ms
[2025-03-28T20:48:33.675+0530][gc,phases   ] GC(1230)   Other: 0.1ms
[2025-03-28T20:48:33.675+0530][gc,heap     ] GC(1230) Eden regions: 77->0(129)
[2025-03-28T20:48:33.675+0530][gc,heap     ] GC(1230) Survivor regions: 4->3(11)
[2025-03-28T20:48:33.675+0530][gc,heap     ] GC(1230) Old regions: 42->42
[2025-03-28T20:48:33.675+0530][gc,heap     ] GC(1230) Archive regions: 2->2
[2025-03-28T20:48:33.675+0530][gc,heap     ] GC(1230) Humongous regions: 149->149
[2025-03-28T20:48:33.675+0530][gc,metaspace] GC(1230) Metaspace: 54609K(55296K)->54609K(55296K) NonClass: 48500K(48832K)->48500K(48832K) Class: 6108K(6464K)->6108K(6464K)
[2025-03-28T20:48:33.675+0530][gc          ] GC(1230) Pause Young (Normal) (G1 Evacuation Pause) 272M->194M(1024M) 12.513ms
[2025-03-28T20:48:33.675+0530][gc,cpu      ] GC(1230) User=0.01s Sys=0.00s Real=0.01s
[2025-03-28T21:14:07.000+0530][gc,start    ] GC(1231) Pause Young (Normal) (G1 Evacuation Pause)
[2025-03-28T21:14:07.005+0530][gc,task     ] GC(1231) Using 2 workers of 2 for evacuation
[2025-03-28T21:14:07.107+0530][gc,mmu      ] GC(1231) MMU target violated: 21.0ms (20.0ms/21.0ms)
[2025-03-28T21:14:07.108+0530][gc,phases   ] GC(1231)   Pre Evacuate Collection Set: 43.1ms
[2025-03-28T21:14:07.108+0530][gc,phases   ] GC(1231)   Merge Heap Roots: 9.5ms
[2025-03-28T21:14:07.108+0530][gc,phases   ] GC(1231)   Evacuate Collection Set: 45.9ms
[2025-03-28T21:14:07.108+0530][gc,phases   ] GC(1231)   Post Evacuate Collection Set: 3.4ms
[2025-03-28T21:14:07.109+0530][gc,phases   ] GC(1231)   Other: 7.1ms
[2025-03-28T21:14:07.109+0530][gc,heap     ] GC(1231) Eden regions: 129->0(50)
[2025-03-28T21:14:07.110+0530][gc,heap     ] GC(1231) Survivor regions: 3->1(17)
[2025-03-28T21:14:07.110+0530][gc,heap     ] GC(1231) Old regions: 42->42
[2025-03-28T21:14:07.110+0530][gc,heap     ] GC(1231) Archive regions: 2->2
[2025-03-28T21:14:07.110+0530][gc,heap     ] GC(1231) Humongous regions: 149->147
[2025-03-28T21:14:07.110+0530][gc,metaspace] GC(1231) Metaspace: 54749K(55424K)->54749K(55424K) NonClass: 48632K(48960K)->48632K(48960K) Class: 6117K(6464K)->6117K(6464K)
[2025-03-28T21:14:07.110+0530][gc          ] GC(1231) Pause Young (Normal) (G1 Evacuation Pause) 323M->190M(1024M) 111.427ms
[2025-03-28T21:14:07.110+0530][gc,cpu      ] GC(1231) User=0.04s Sys=0.02s Real=0.11s
[2025-03-28T21:15:18.488+0530][gc,start    ] GC(1232) Pause Young (Normal) (G1 Evacuation Pause)
[2025-03-28T21:15:18.499+0530][gc,task     ] GC(1232) Using 2 workers of 2 for evacuation
[2025-03-28T21:15:18.543+0530][gc,mmu      ] GC(1232) MMU target violated: 21.0ms (20.0ms/21.0ms)
[2025-03-28T21:15:18.543+0530][gc,phases   ] GC(1232)   Pre Evacuate Collection Set: 0.3ms
[2025-03-28T21:15:18.543+0530][gc,phases   ] GC(1232)   Merge Heap Roots: 0.3ms
[2025-03-28T21:15:18.543+0530][gc,phases   ] GC(1232)   Evacuate Collection Set: 40.2ms
[2025-03-28T21:15:18.543+0530][gc,phases   ] GC(1232)   Post Evacuate Collection Set: 2.4ms
[2025-03-28T21:15:18.543+0530][gc,phases   ] GC(1232)   Other: 11.3ms
[2025-03-28T21:15:18.543+0530][gc,heap     ] GC(1232) Eden regions: 50->0(45)
[2025-03-28T21:15:18.543+0530][gc,heap     ] GC(1232) Survivor regions: 1->6(7)
[2025-03-28T21:15:18.543+0530][gc,heap     ] GC(1232) Old regions: 42->42
[2025-03-28T21:15:18.543+0530][gc,heap     ] GC(1232) Archive regions: 2->2
[2025-03-28T21:15:18.543+0530][gc,heap     ] GC(1232) Humongous regions: 147->147
[2025-03-28T21:15:18.543+0530][gc,metaspace] GC(1232) Metaspace: 54759K(55424K)->54759K(55424K) NonClass: 48641K(48960K)->48641K(48960K) Class: 6117K(6464K)->6117K(6464K)
[2025-03-28T21:15:18.543+0530][gc          ] GC(1232) Pause Young (Normal) (G1 Evacuation Pause) 240M->195M(1024M) 54.661ms
[2025-03-28T21:15:18.543+0530][gc,cpu      ] GC(1232) User=0.02s Sys=0.00s Real=0.05s
[2025-03-28T21:15:18.699+0530][gc,start    ] GC(1233) Pause Young (Normal) (G1 Evacuation Pause)
[2025-03-28T21:15:18.699+0530][gc,task     ] GC(1233) Using 2 workers of 2 for evacuation
[2025-03-28T21:15:18.793+0530][gc,mmu      ] GC(1233) MMU target violated: 21.0ms (20.0ms/21.0ms)
[2025-03-28T21:15:18.793+0530][gc,phases   ] GC(1233)   Pre Evacuate Collection Set: 0.4ms
[2025-03-28T21:15:18.793+0530][gc,phases   ] GC(1233)   Merge Heap Roots: 0.8ms
[2025-03-28T21:15:18.793+0530][gc,phases   ] GC(1233)   Evacuate Collection Set: 72.6ms
[2025-03-28T21:15:18.793+0530][gc,phases   ] GC(1233)   Post Evacuate Collection Set: 20.2ms
[2025-03-28T21:15:18.793+0530][gc,phases   ] GC(1233)   Other: 0.4ms
[2025-03-28T21:15:18.793+0530][gc,heap     ] GC(1233) Eden regions: 45->0(46)
[2025-03-28T21:15:18.793+0530][gc,heap     ] GC(1233) Survivor regions: 6->5(7)
[2025-03-28T21:15:18.793+0530][gc,heap     ] GC(1233) Old regions: 42->47
[2025-03-28T21:15:18.793+0530][gc,heap     ] GC(1233) Archive regions: 2->2
[2025-03-28T21:15:18.793+0530][gc,heap     ] GC(1233) Humongous regions: 147->147
[2025-03-28T21:15:18.793+0530][gc,metaspace] GC(1233) Metaspace: 54788K(55488K)->54788K(55488K) NonClass: 48664K(49024K)->48664K(49024K) Class: 6124K(6464K)->6124K(6464K)
[2025-03-28T21:15:18.793+0530][gc          ] GC(1233) Pause Young (Normal) (G1 Evacuation Pause) 240M->199M(1024M) 94.449ms
[2025-03-28T21:15:18.793+0530][gc,cpu      ] GC(1233) User=0.03s Sys=0.00s Real=0.09s
[2025-03-28T21:15:18.904+0530][gc,start    ] GC(1234) Pause Young (Normal) (G1 Evacuation Pause)
[2025-03-28T21:15:18.904+0530][gc,task     ] GC(1234) Using 2 workers of 2 for evacuation
[2025-03-28T21:15:18.939+0530][gc,mmu      ] GC(1234) MMU target violated: 21.0ms (20.0ms/21.0ms)
[2025-03-28T21:15:18.939+0530][gc,phases   ] GC(1234)   Pre Evacuate Collection Set: 0.5ms
[2025-03-28T21:15:18.939+0530][gc,phases   ] GC(1234)   Merge Heap Roots: 0.3ms
[2025-03-28T21:15:18.939+0530][gc,phases   ] GC(1234)   Evacuate Collection Set: 32.5ms
[2025-03-28T21:15:18.939+0530][gc,phases   ] GC(1234)   Post Evacuate Collection Set: 1.6ms
[2025-03-28T21:15:18.939+0530][gc,phases   ] GC(1234)   Other: 0.2ms
[2025-03-28T21:15:18.939+0530][gc,heap     ] GC(1234) Eden regions: 46->0(45)
[2025-03-28T21:15:18.939+0530][gc,heap     ] GC(1234) Survivor regions: 5->6(7)
[2025-03-28T21:15:18.939+0530][gc,heap     ] GC(1234) Old regions: 47->52
[2025-03-28T21:15:18.939+0530][gc,heap     ] GC(1234) Archive regions: 2->2
[2025-03-28T21:15:18.939+0530][gc,heap     ] GC(1234) Humongous regions: 147->147
[2025-03-28T21:15:18.939+0530][gc,metaspace] GC(1234) Metaspace: 54796K(55488K)->54796K(55488K) NonClass: 48670K(49024K)->48670K(49024K) Class: 6125K(6464K)->6125K(6464K)
[2025-03-28T21:15:18.939+0530][gc          ] GC(1234) Pause Young (Normal) (G1 Evacuation Pause) 245M->205M(1024M) 35.188ms
[2025-03-28T21:15:18.939+0530][gc,cpu      ] GC(1234) User=0.02s Sys=0.00s Real=0.03s
[2025-03-28T21:15:19.109+0530][gc,start    ] GC(1235) Pause Young (Normal) (G1 Evacuation Pause)
[2025-03-28T21:15:19.109+0530][gc,task     ] GC(1235) Using 2 workers of 2 for evacuation
[2025-03-28T21:15:19.161+0530][gc,mmu      ] GC(1235) MMU target violated: 21.0ms (20.0ms/21.0ms)
[2025-03-28T21:15:19.161+0530][gc,phases   ] GC(1235)   Pre Evacuate Collection Set: 0.4ms
[2025-03-28T21:15:19.161+0530][gc,phases   ] GC(1235)   Merge Heap Roots: 0.2ms
[2025-03-28T21:15:19.161+0530][gc,phases   ] GC(1235)   Evacuate Collection Set: 48.1ms
[2025-03-28T21:15:19.161+0530][gc,phases   ] GC(1235)   Post Evacuate Collection Set: 3.4ms
[2025-03-28T21:15:19.161+0530][gc,phases   ] GC(1235)   Other: 0.2ms
[2025-03-28T21:15:19.161+0530][gc,heap     ] GC(1235) Eden regions: 45->0(45)
[2025-03-28T21:15:19.161+0530][gc,heap     ] GC(1235) Survivor regions: 6->6(7)
[2025-03-28T21:15:19.161+0530][gc,heap     ] GC(1235) Old regions: 52->58
[2025-03-28T21:15:19.161+0530][gc,heap     ] GC(1235) Archive regions: 2->2
[2025-03-28T21:15:19.161+0530][gc,heap     ] GC(1235) Humongous regions: 147->147
[2025-03-28T21:15:19.161+0530][gc,metaspace] GC(1235) Metaspace: 54796K(55488K)->54796K(55488K) NonClass: 48670K(49024K)->48670K(49024K) Class: 6125K(6464K)->6125K(6464K)
[2025-03-28T21:15:19.161+0530][gc          ] GC(1235) Pause Young (Normal) (G1 Evacuation Pause) 250M->211M(1024M) 52.315ms
[2025-03-28T21:15:19.161+0530][gc,cpu      ] GC(1235) User=0.02s Sys=0.00s Real=0.05s
[2025-03-28T21:15:19.343+0530][gc,start    ] GC(1236) Pause Young (Normal) (G1 Evacuation Pause)
[2025-03-28T21:15:19.343+0530][gc,task     ] GC(1236) Using 2 workers of 2 for evacuation
[2025-03-28T21:15:19.369+0530][gc,mmu      ] GC(1236) MMU target violated: 21.0ms (20.0ms/21.0ms)
[2025-03-28T21:15:19.369+0530][gc,phases   ] GC(1236)   Pre Evacuate Collection Set: 0.2ms
[2025-03-28T21:15:19.369+0530][gc,phases   ] GC(1236)   Merge Heap Roots: 0.2ms
[2025-03-28T21:15:19.369+0530][gc,phases   ] GC(1236)   Evacuate Collection Set: 25.4ms
[2025-03-28T21:15:19.369+0530][gc,phases   ] GC(1236)   Post Evacuate Collection Set: 0.6ms
[2025-03-28T21:15:19.369+0530][gc,phases   ] GC(1236)   Other: 0.2ms
[2025-03-28T21:15:19.370+0530][gc,heap     ] GC(1236) Eden regions: 45->0(46)
[2025-03-28T21:15:19.370+0530][gc,heap     ] GC(1236) Survivor regions: 6->5(7)
[2025-03-28T21:15:19.370+0530][gc,heap     ] GC(1236) Old regions: 58->63
[2025-03-28T21:15:19.370+0530][gc,heap     ] GC(1236) Archive regions: 2->2
[2025-03-28T21:15:19.370+0530][gc,heap     ] GC(1236) Humongous regions: 149->149
[2025-03-28T21:15:19.370+0530][gc,metaspace] GC(1236) Metaspace: 54796K(55488K)->54796K(55488K) NonClass: 48670K(49024K)->48670K(49024K) Class: 6125K(6464K)->6125K(6464K)
[2025-03-28T21:15:19.370+0530][gc          ] GC(1236) Pause Young (Normal) (G1 Evacuation Pause) 258M->217M(1024M) 26.675ms
[2025-03-28T21:15:19.370+0530][gc,cpu      ] GC(1236) User=0.02s Sys=0.01s Real=0.03s
[2025-03-28T21:15:19.551+0530][gc,start    ] GC(1237) Pause Young (Normal) (G1 Evacuation Pause)
[2025-03-28T21:15:19.551+0530][gc,task     ] GC(1237) Using 2 workers of 2 for evacuation
[2025-03-28T21:15:19.587+0530][gc,mmu      ] GC(1237) MMU target violated: 21.0ms (20.0ms/21.0ms)
[2025-03-28T21:15:19.587+0530][gc,phases   ] GC(1237)   Pre Evacuate Collection Set: 0.3ms
[2025-03-28T21:15:19.587+0530][gc,phases   ] GC(1237)   Merge Heap Roots: 0.1ms
[2025-03-28T21:15:19.587+0530][gc,phases   ] GC(1237)   Evacuate Collection Set: 34.8ms
[2025-03-28T21:15:19.587+0530][gc,phases   ] GC(1237)   Post Evacuate Collection Set: 0.7ms
[2025-03-28T21:15:19.587+0530][gc,phases   ] GC(1237)   Other: 0.2ms
[2025-03-28T21:15:19.587+0530][gc,heap     ] GC(1237) Eden regions: 46->0(49)
[2025-03-28T21:15:19.587+0530][gc,heap     ] GC(1237) Survivor regions: 5->2(7)
[2025-03-28T21:15:19.587+0530][gc,heap     ] GC(1237) Old regions: 63->67
[2025-03-28T21:15:19.587+0530][gc,heap     ] GC(1237) Archive regions: 2->2
[2025-03-28T21:15:19.587+0530][gc,heap     ] GC(1237) Humongous regions: 153->151
[2025-03-28T21:15:19.587+0530][gc,metaspace] GC(1237) Metaspace: 54796K(55488K)->54796K(55488K) NonClass: 48670K(49024K)->48670K(49024K) Class: 6125K(6464K)->6125K(6464K)
[2025-03-28T21:15:19.587+0530][gc          ] GC(1237) Pause Young (Normal) (G1 Evacuation Pause) 267M->220M(1024M) 36.184ms
[2025-03-28T21:15:19.587+0530][gc,cpu      ] GC(1237) User=0.01s Sys=0.00s Real=0.03s
[2025-03-28T21:15:19.639+0530][gc,start    ] GC(1238) Pause Young (Normal) (G1 Evacuation Pause)
[2025-03-28T21:15:19.639+0530][gc,task     ] GC(1238) Using 2 workers of 2 for evacuation
[2025-03-28T21:15:19.656+0530][gc,phases   ] GC(1238)   Pre Evacuate Collection Set: 0.3ms
[2025-03-28T21:15:19.656+0530][gc,phases   ] GC(1238)   Merge Heap Roots: 0.1ms
[2025-03-28T21:15:19.656+0530][gc,phases   ] GC(1238)   Evacuate Collection Set: 15.4ms
[2025-03-28T21:15:19.656+0530][gc,phases   ] GC(1238)   Post Evacuate Collection Set: 0.8ms
[2025-03-28T21:15:19.656+0530][gc,phases   ] GC(1238)   Other: 0.2ms
[2025-03-28T21:15:19.656+0530][gc,heap     ] GC(1238) Eden regions: 49->0(50)
[2025-03-28T21:15:19.656+0530][gc,heap     ] GC(1238) Survivor regions: 2->1(7)
[2025-03-28T21:15:19.656+0530][gc,heap     ] GC(1238) Old regions: 67->67
[2025-03-28T21:15:19.656+0530][gc,heap     ] GC(1238) Archive regions: 2->2
[2025-03-28T21:15:19.656+0530][gc,heap     ] GC(1238) Humongous regions: 151->151
[2025-03-28T21:15:19.656+0530][gc,metaspace] GC(1238) Metaspace: 54796K(55488K)->54796K(55488K) NonClass: 48670K(49024K)->48670K(49024K) Class: 6125K(6464K)->6125K(6464K)
[2025-03-28T21:15:19.656+0530][gc          ] GC(1238) Pause Young (Normal) (G1 Evacuation Pause) 269M->219M(1024M) 16.951ms
[2025-03-28T21:15:19.656+0530][gc,cpu      ] GC(1238) User=0.01s Sys=0.00s Real=0.02s
[2025-03-28T21:15:22.463+0530][gc,start    ] GC(1239) Pause Young (Normal) (G1 Evacuation Pause)
[2025-03-28T21:15:22.463+0530][gc,task     ] GC(1239) Using 2 workers of 2 for evacuation
[2025-03-28T21:15:22.476+0530][gc,phases   ] GC(1239)   Pre Evacuate Collection Set: 0.2ms
[2025-03-28T21:15:22.476+0530][gc,phases   ] GC(1239)   Merge Heap Roots: 0.2ms
[2025-03-28T21:15:22.476+0530][gc,phases   ] GC(1239)   Evacuate Collection Set: 6.1ms
[2025-03-28T21:15:22.476+0530][gc,phases   ] GC(1239)   Post Evacuate Collection Set: 6.5ms
[2025-03-28T21:15:22.476+0530][gc,phases   ] GC(1239)   Other: 0.2ms
[2025-03-28T21:15:22.476+0530][gc,heap     ] GC(1239) Eden regions: 50->0(47)
[2025-03-28T21:15:22.476+0530][gc,heap     ] GC(1239) Survivor regions: 1->4(7)
[2025-03-28T21:15:22.476+0530][gc,heap     ] GC(1239) Old regions: 67->67
[2025-03-28T21:15:22.476+0530][gc,heap     ] GC(1239) Archive regions: 2->2
[2025-03-28T21:15:22.476+0530][gc,heap     ] GC(1239) Humongous regions: 151->147
[2025-03-28T21:15:22.476+0530][gc,metaspace] GC(1239) Metaspace: 54796K(55488K)->54796K(55488K) NonClass: 48671K(49024K)->48671K(49024K) Class: 6125K(6464K)->6125K(6464K)
[2025-03-28T21:15:22.476+0530][gc          ] GC(1239) Pause Young (Normal) (G1 Evacuation Pause) 269M->218M(1024M) 13.332ms
[2025-03-28T21:15:22.476+0530][gc,cpu      ] GC(1239) User=0.01s Sys=0.00s Real=0.02s
[2025-03-28T21:15:22.551+0530][gc,start    ] GC(1240) Pause Young (Normal) (G1 Evacuation Pause)
[2025-03-28T21:15:22.551+0530][gc,task     ] GC(1240) Using 2 workers of 2 for evacuation
[2025-03-28T21:15:22.564+0530][gc,phases   ] GC(1240)   Pre Evacuate Collection Set: 0.3ms
[2025-03-28T21:15:22.564+0530][gc,phases   ] GC(1240)   Merge Heap Roots: 0.1ms
[2025-03-28T21:15:22.564+0530][gc,phases   ] GC(1240)   Evacuate Collection Set: 11.6ms
[2025-03-28T21:15:22.564+0530][gc,phases   ] GC(1240)   Post Evacuate Collection Set: 0.8ms
[2025-03-28T21:15:22.564+0530][gc,phases   ] GC(1240)   Other: 0.2ms
[2025-03-28T21:15:22.564+0530][gc,heap     ] GC(1240) Eden regions: 47->0(44)
[2025-03-28T21:15:22.564+0530][gc,heap     ] GC(1240) Survivor regions: 4->7(7)
[2025-03-28T21:15:22.564+0530][gc,heap     ] GC(1240) Old regions: 67->69
[2025-03-28T21:15:22.564+0530][gc,heap     ] GC(1240) Archive regions: 2->2
[2025-03-28T21:15:22.564+0530][gc,heap     ] GC(1240) Humongous regions: 147->147
[2025-03-28T21:15:22.564+0530][gc,metaspace] GC(1240) Metaspace: 54796K(55488K)->54796K(55488K) NonClass: 48671K(49024K)->48671K(49024K) Class: 6125K(6464K)->6125K(6464K)
[2025-03-28T21:15:22.564+0530][gc          ] GC(1240) Pause Young (Normal) (G1 Evacuation Pause) 265M->223M(1024M) 13.091ms
[2025-03-28T21:15:22.565+0530][gc,cpu      ] GC(1240) User=0.02s Sys=0.00s Real=0.01s
[2025-03-28T21:15:27.422+0530][gc,start    ] GC(1241) Pause Young (Normal) (G1 Evacuation Pause)
[2025-03-28T21:15:27.422+0530][gc,task     ] GC(1241) Using 2 workers of 2 for evacuation
[2025-03-28T21:15:27.449+0530][gc,mmu      ] GC(1241) MMU target violated: 21.0ms (20.0ms/21.0ms)
[2025-03-28T21:15:27.449+0530][gc,phases   ] GC(1241)   Pre Evacuate Collection Set: 6.3ms
[2025-03-28T21:15:27.449+0530][gc,phases   ] GC(1241)   Merge Heap Roots: 0.2ms
[2025-03-28T21:15:27.449+0530][gc,phases   ] GC(1241)   Evacuate Collection Set: 10.3ms
[2025-03-28T21:15:27.449+0530][gc,phases   ] GC(1241)   Post Evacuate Collection Set: 9.5ms
[2025-03-28T21:15:27.449+0530][gc,phases   ] GC(1241)   Other: 0.3ms
[2025-03-28T21:15:27.449+0530][gc,heap     ] GC(1241) Eden regions: 44->0(50)
[2025-03-28T21:15:27.449+0530][gc,heap     ] GC(1241) Survivor regions: 7->1(7)
[2025-03-28T21:15:27.449+0530][gc,heap     ] GC(1241) Old regions: 69->70
[2025-03-28T21:15:27.449+0530][gc,heap     ] GC(1241) Archive regions: 2->2
[2025-03-28T21:15:27.449+0530][gc,heap     ] GC(1241) Humongous regions: 152->147
[2025-03-28T21:15:27.449+0530][gc,metaspace] GC(1241) Metaspace: 54800K(55488K)->54800K(55488K) NonClass: 48675K(49024K)->48675K(49024K) Class: 6125K(6464K)->6125K(6464K)
[2025-03-28T21:15:27.449+0530][gc          ] GC(1241) Pause Young (Normal) (G1 Evacuation Pause) 272M->218M(1024M) 26.688ms
[2025-03-28T21:15:27.449+0530][gc,cpu      ] GC(1241) User=0.01s Sys=0.00s Real=0.02s
[2025-03-28T21:15:31.795+0530][gc,start    ] GC(1242) Pause Young (Normal) (G1 Evacuation Pause)
[2025-03-28T21:15:31.795+0530][gc,task     ] GC(1242) Using 2 workers of 2 for evacuation
[2025-03-28T21:15:31.802+0530][gc,phases   ] GC(1242)   Pre Evacuate Collection Set: 0.2ms
[2025-03-28T21:15:31.802+0530][gc,phases   ] GC(1242)   Merge Heap Roots: 0.1ms
[2025-03-28T21:15:31.802+0530][gc,phases   ] GC(1242)   Evacuate Collection Set: 6.3ms
[2025-03-28T21:15:31.802+0530][gc,phases   ] GC(1242)   Post Evacuate Collection Set: 0.5ms
[2025-03-28T21:15:31.802+0530][gc,phases   ] GC(1242)   Other: 0.2ms
[2025-03-28T21:15:31.802+0530][gc,heap     ] GC(1242) Eden regions: 50->0(45)
[2025-03-28T21:15:31.802+0530][gc,heap     ] GC(1242) Survivor regions: 1->6(7)
[2025-03-28T21:15:31.802+0530][gc,heap     ] GC(1242) Old regions: 70->70
[2025-03-28T21:15:31.802+0530][gc,heap     ] GC(1242) Archive regions: 2->2
[2025-03-28T21:15:31.802+0530][gc,heap     ] GC(1242) Humongous regions: 147->147
[2025-03-28T21:15:31.802+0530][gc,metaspace] GC(1242) Metaspace: 54800K(55488K)->54800K(55488K) NonClass: 48675K(49024K)->48675K(49024K) Class: 6125K(6464K)->6125K(6464K)
[2025-03-28T21:15:31.802+0530][gc          ] GC(1242) Pause Young (Normal) (G1 Evacuation Pause) 268M->222M(1024M) 7.389ms
[2025-03-28T21:15:31.802+0530][gc,cpu      ] GC(1242) User=0.01s Sys=0.00s Real=0.01s
[2025-03-28T21:15:31.882+0530][gc,start    ] GC(1243) Pause Young (Normal) (G1 Evacuation Pause)
[2025-03-28T21:15:31.882+0530][gc,task     ] GC(1243) Using 2 workers of 2 for evacuation
[2025-03-28T21:15:31.910+0530][gc,mmu      ] GC(1243) MMU target violated: 21.0ms (20.0ms/21.0ms)
[2025-03-28T21:15:31.910+0530][gc,phases   ] GC(1243)   Pre Evacuate Collection Set: 0.4ms
[2025-03-28T21:15:31.911+0530][gc,phases   ] GC(1243)   Merge Heap Roots: 0.2ms
[2025-03-28T21:15:31.911+0530][gc,phases   ] GC(1243)   Evacuate Collection Set: 26.5ms
[2025-03-28T21:15:31.911+0530][gc,phases   ] GC(1243)   Post Evacuate Collection Set: 1.0ms
[2025-03-28T21:15:31.911+0530][gc,phases   ] GC(1243)   Other: 0.2ms
[2025-03-28T21:15:31.911+0530][gc,heap     ] GC(1243) Eden regions: 45->0(49)
[2025-03-28T21:15:31.911+0530][gc,heap     ] GC(1243) Survivor regions: 6->2(7)
[2025-03-28T21:15:31.911+0530][gc,heap     ] GC(1243) Old regions: 70->71
[2025-03-28T21:15:31.911+0530][gc,heap     ] GC(1243) Archive regions: 2->2
[2025-03-28T21:15:31.911+0530][gc,heap     ] GC(1243) Humongous regions: 149->149
[2025-03-28T21:15:31.911+0530][gc,metaspace] GC(1243) Metaspace: 54800K(55488K)->54800K(55488K) NonClass: 48675K(49024K)->48675K(49024K) Class: 6125K(6464K)->6125K(6464K)
[2025-03-28T21:15:31.911+0530][gc          ] GC(1243) Pause Young (Normal) (G1 Evacuation Pause) 269M->222M(1024M) 28.555ms
[2025-03-28T21:15:31.911+0530][gc,cpu      ] GC(1243) User=0.01s Sys=0.00s Real=0.03s
[2025-03-28T21:15:32.522+0530][gc,start    ] GC(1244) Pause Young (Normal) (G1 Evacuation Pause)
[2025-03-28T21:15:32.522+0530][gc,task     ] GC(1244) Using 2 workers of 2 for evacuation
[2025-03-28T21:15:32.529+0530][gc,phases   ] GC(1244)   Pre Evacuate Collection Set: 0.7ms
[2025-03-28T21:15:32.529+0530][gc,phases   ] GC(1244)   Merge Heap Roots: 0.1ms
[2025-03-28T21:15:32.529+0530][gc,phases   ] GC(1244)   Evacuate Collection Set: 4.9ms
[2025-03-28T21:15:32.529+0530][gc,phases   ] GC(1244)   Post Evacuate Collection Set: 0.6ms
[2025-03-28T21:15:32.529+0530][gc,phases   ] GC(1244)   Other: 0.1ms
[2025-03-28T21:15:32.529+0530][gc,heap     ] GC(1244) Eden regions: 49->0(47)
[2025-03-28T21:15:32.529+0530][gc,heap     ] GC(1244) Survivor regions: 2->4(7)
[2025-03-28T21:15:32.529+0530][gc,heap     ] GC(1244) Old regions: 71->71
[2025-03-28T21:15:32.529+0530][gc,heap     ] GC(1244) Archive regions: 2->2
[2025-03-28T21:15:32.529+0530][gc,heap     ] GC(1244) Humongous regions: 149->147
[2025-03-28T21:15:32.529+0530][gc,metaspace] GC(1244) Metaspace: 54800K(55488K)->54800K(55488K) NonClass: 48675K(49024K)->48675K(49024K) Class: 6125K(6464K)->6125K(6464K)
[2025-03-28T21:15:32.529+0530][gc          ] GC(1244) Pause Young (Normal) (G1 Evacuation Pause) 271M->221M(1024M) 6.590ms
[2025-03-28T21:15:32.529+0530][gc,cpu      ] GC(1244) User=0.01s Sys=0.00s Real=0.02s
[2025-03-28T21:15:32.621+0530][gc,start    ] GC(1245) Pause Young (Normal) (G1 Evacuation Pause)
[2025-03-28T21:15:32.621+0530][gc,task     ] GC(1245) Using 2 workers of 2 for evacuation
[2025-03-28T21:15:32.626+0530][gc,phases   ] GC(1245)   Pre Evacuate Collection Set: 0.2ms
[2025-03-28T21:15:32.626+0530][gc,phases   ] GC(1245)   Merge Heap Roots: 0.1ms
[2025-03-28T21:15:32.626+0530][gc,phases   ] GC(1245)   Evacuate Collection Set: 4.5ms
[2025-03-28T21:15:32.626+0530][gc,phases   ] GC(1245)   Post Evacuate Collection Set: 0.6ms
[2025-03-28T21:15:32.626+0530][gc,phases   ] GC(1245)   Other: 0.2ms
[2025-03-28T21:15:32.626+0530][gc,heap     ] GC(1245) Eden regions: 47->0(48)
[2025-03-28T21:15:32.626+0530][gc,heap     ] GC(1245) Survivor regions: 4->3(7)
[2025-03-28T21:15:32.626+0530][gc,heap     ] GC(1245) Old regions: 71->71
[2025-03-28T21:15:32.626+0530][gc,heap     ] GC(1245) Archive regions: 2->2
[2025-03-28T21:15:32.626+0530][gc,heap     ] GC(1245) Humongous regions: 149->149
[2025-03-28T21:15:32.626+0530][gc,metaspace] GC(1245) Metaspace: 54800K(55488K)->54800K(55488K) NonClass: 48675K(49024K)->48675K(49024K) Class: 6125K(6464K)->6125K(6464K)
[2025-03-28T21:15:32.626+0530][gc          ] GC(1245) Pause Young (Normal) (G1 Evacuation Pause) 270M->222M(1024M) 5.767ms
[2025-03-28T21:15:32.626+0530][gc,cpu      ] GC(1245) User=0.01s Sys=0.00s Real=0.01s
[2025-03-28T21:15:41.762+0530][gc,start    ] GC(1246) Pause Young (Normal) (G1 Evacuation Pause)
[2025-03-28T21:15:41.763+0530][gc,task     ] GC(1246) Using 2 workers of 2 for evacuation
[2025-03-28T21:15:41.783+0530][gc,mmu      ] GC(1246) MMU target violated: 20.3ms (20.0ms/21.0ms)
[2025-03-28T21:15:41.783+0530][gc,phases   ] GC(1246)   Pre Evacuate Collection Set: 0.5ms
[2025-03-28T21:15:41.783+0530][gc,phases   ] GC(1246)   Merge Heap Roots: 0.4ms
[2025-03-28T21:15:41.783+0530][gc,phases   ] GC(1246)   Evacuate Collection Set: 17.2ms
[2025-03-28T21:15:41.784+0530][gc,phases   ] GC(1246)   Post Evacuate Collection Set: 2.3ms
[2025-03-28T21:15:41.784+0530][gc,phases   ] GC(1246)   Other: 0.7ms
[2025-03-28T21:15:41.784+0530][gc,heap     ] GC(1246) Eden regions: 48->0(49)
[2025-03-28T21:15:41.784+0530][gc,heap     ] GC(1246) Survivor regions: 3->2(7)
[2025-03-28T21:15:41.784+0530][gc,heap     ] GC(1246) Old regions: 71->71
[2025-03-28T21:15:41.784+0530][gc,heap     ] GC(1246) Archive regions: 2->2
[2025-03-28T21:15:41.784+0530][gc,heap     ] GC(1246) Humongous regions: 149->147
[2025-03-28T21:15:41.784+0530][gc,metaspace] GC(1246) Metaspace: 54801K(55488K)->54801K(55488K) NonClass: 48675K(49024K)->48675K(49024K) Class: 6125K(6464K)->6125K(6464K)
[2025-03-28T21:15:41.784+0530][gc          ] GC(1246) Pause Young (Normal) (G1 Evacuation Pause) 270M->219M(1024M) 21.403ms
[2025-03-28T21:15:41.784+0530][gc,cpu      ] GC(1246) User=0.03s Sys=0.00s Real=0.02s
[2025-03-28T21:15:41.890+0530][gc,start    ] GC(1247) Pause Young (Normal) (G1 Evacuation Pause)
[2025-03-28T21:15:41.890+0530][gc,task     ] GC(1247) Using 2 workers of 2 for evacuation
[2025-03-28T21:15:41.900+0530][gc,phases   ] GC(1247)   Pre Evacuate Collection Set: 0.2ms
[2025-03-28T21:15:41.900+0530][gc,phases   ] GC(1247)   Merge Heap Roots: 0.1ms
[2025-03-28T21:15:41.900+0530][gc,phases   ] GC(1247)   Evacuate Collection Set: 8.9ms
[2025-03-28T21:15:41.900+0530][gc,phases   ] GC(1247)   Post Evacuate Collection Set: 0.5ms
[2025-03-28T21:15:41.900+0530][gc,phases   ] GC(1247)   Other: 0.1ms
[2025-03-28T21:15:41.900+0530][gc,heap     ] GC(1247) Eden regions: 49->0(44)
[2025-03-28T21:15:41.900+0530][gc,heap     ] GC(1247) Survivor regions: 2->7(7)
[2025-03-28T21:15:41.900+0530][gc,heap     ] GC(1247) Old regions: 71->71
[2025-03-28T21:15:41.900+0530][gc,heap     ] GC(1247) Archive regions: 2->2
[2025-03-28T21:15:41.900+0530][gc,heap     ] GC(1247) Humongous regions: 147->147
[2025-03-28T21:15:41.900+0530][gc,metaspace] GC(1247) Metaspace: 54801K(55488K)->54801K(55488K) NonClass: 48675K(49024K)->48675K(49024K) Class: 6125K(6464K)->6125K(6464K)
[2025-03-28T21:15:41.900+0530][gc          ] GC(1247) Pause Young (Normal) (G1 Evacuation Pause) 268M->224M(1024M) 9.919ms
[2025-03-28T21:15:41.900+0530][gc,cpu      ] GC(1247) User=0.02s Sys=0.00s Real=0.01s
[2025-03-28T21:15:41.977+0530][gc,start    ] GC(1248) Pause Young (Normal) (G1 Evacuation Pause)
[2025-03-28T21:15:41.977+0530][gc,task     ] GC(1248) Using 2 workers of 2 for evacuation
[2025-03-28T21:15:42.004+0530][gc,mmu      ] GC(1248) MMU target violated: 21.0ms (20.0ms/21.0ms)
[2025-03-28T21:15:42.004+0530][gc,phases   ] GC(1248)   Pre Evacuate Collection Set: 0.4ms
[2025-03-28T21:15:42.004+0530][gc,phases   ] GC(1248)   Merge Heap Roots: 0.3ms
[2025-03-28T21:15:42.004+0530][gc,phases   ] GC(1248)   Evacuate Collection Set: 26.2ms
[2025-03-28T21:15:42.004+0530][gc,phases   ] GC(1248)   Post Evacuate Collection Set: 0.4ms
[2025-03-28T21:15:42.004+0530][gc,phases   ] GC(1248)   Other: 0.2ms
[2025-03-28T21:15:42.004+0530][gc,heap     ] GC(1248) Eden regions: 44->0(49)
[2025-03-28T21:15:42.004+0530][gc,heap     ] GC(1248) Survivor regions: 7->2(7)
[2025-03-28T21:15:42.004+0530][gc,heap     ] GC(1248) Old regions: 71->72
[2025-03-28T21:15:42.004+0530][gc,heap     ] GC(1248) Archive regions: 2->2
[2025-03-28T21:15:42.004+0530][gc,heap     ] GC(1248) Humongous regions: 149->149
[2025-03-28T21:15:42.004+0530][gc,metaspace] GC(1248) Metaspace: 54801K(55488K)->54801K(55488K) NonClass: 48675K(49024K)->48675K(49024K) Class: 6125K(6464K)->6125K(6464K)
[2025-03-28T21:15:42.005+0530][gc          ] GC(1248) Pause Young (Normal) (G1 Evacuation Pause) 270M->223M(1024M) 27.418ms
[2025-03-28T21:15:42.005+0530][gc,cpu      ] GC(1248) User=0.01s Sys=0.00s Real=0.02s
[2025-03-28T21:15:42.455+0530][gc,start    ] GC(1249) Pause Young (Normal) (G1 Evacuation Pause)
[2025-03-28T21:15:42.455+0530][gc,task     ] GC(1249) Using 2 workers of 2 for evacuation
[2025-03-28T21:15:42.468+0530][gc,phases   ] GC(1249)   Pre Evacuate Collection Set: 0.4ms
[2025-03-28T21:15:42.468+0530][gc,phases   ] GC(1249)   Merge Heap Roots: 0.2ms
[2025-03-28T21:15:42.468+0530][gc,phases   ] GC(1249)   Evacuate Collection Set: 11.5ms
[2025-03-28T21:15:42.468+0530][gc,phases   ] GC(1249)   Post Evacuate Collection Set: 1.2ms
[2025-03-28T21:15:42.468+0530][gc,phases   ] GC(1249)   Other: 0.2ms
[2025-03-28T21:15:42.468+0530][gc,heap     ] GC(1249) Eden regions: 49->0(47)
[2025-03-28T21:15:42.468+0530][gc,heap     ] GC(1249) Survivor regions: 2->4(7)
[2025-03-28T21:15:42.468+0530][gc,heap     ] GC(1249) Old regions: 72->72
[2025-03-28T21:15:42.468+0530][gc,heap     ] GC(1249) Archive regions: 2->2
[2025-03-28T21:15:42.468+0530][gc,heap     ] GC(1249) Humongous regions: 149->147
[2025-03-28T21:15:42.468+0530][gc,metaspace] GC(1249) Metaspace: 54801K(55488K)->54801K(55488K) NonClass: 48675K(49024K)->48675K(49024K) Class: 6125K(6464K)->6125K(6464K)
[2025-03-28T21:15:42.468+0530][gc          ] GC(1249) Pause Young (Normal) (G1 Evacuation Pause) 272M->223M(1024M) 13.669ms
[2025-03-28T21:15:42.468+0530][gc,cpu      ] GC(1249) User=0.01s Sys=0.00s Real=0.02s
[2025-03-28T21:15:42.550+0530][gc,start    ] GC(1250) Pause Young (Normal) (G1 Evacuation Pause)
[2025-03-28T21:15:42.550+0530][gc,task     ] GC(1250) Using 2 workers of 2 for evacuation
[2025-03-28T21:15:42.557+0530][gc,phases   ] GC(1250)   Pre Evacuate Collection Set: 0.4ms
[2025-03-28T21:15:42.557+0530][gc,phases   ] GC(1250)   Merge Heap Roots: 0.3ms
[2025-03-28T21:15:42.557+0530][gc,phases   ] GC(1250)   Evacuate Collection Set: 5.6ms
[2025-03-28T21:15:42.557+0530][gc,phases   ] GC(1250)   Post Evacuate Collection Set: 0.5ms
[2025-03-28T21:15:42.557+0530][gc,phases   ] GC(1250)   Other: 0.1ms
[2025-03-28T21:15:42.557+0530][gc,heap     ] GC(1250) Eden regions: 47->0(49)
[2025-03-28T21:15:42.557+0530][gc,heap     ] GC(1250) Survivor regions: 4->2(7)
[2025-03-28T21:15:42.557+0530][gc,heap     ] GC(1250) Old regions: 72->73
[2025-03-28T21:15:42.557+0530][gc,heap     ] GC(1250) Archive regions: 2->2
[2025-03-28T21:15:42.557+0530][gc,heap     ] GC(1250) Humongous regions: 149->149
[2025-03-28T21:15:42.557+0530][gc,metaspace] GC(1250) Metaspace: 54801K(55488K)->54801K(55488K) NonClass: 48675K(49024K)->48675K(49024K) Class: 6125K(6464K)->6125K(6464K)
[2025-03-28T21:15:42.557+0530][gc          ] GC(1250) Pause Young (Normal) (G1 Evacuation Pause) 272M->224M(1024M) 7.043ms
[2025-03-28T21:15:42.557+0530][gc,cpu      ] GC(1250) User=0.01s Sys=0.00s Real=0.01s
[2025-03-28T21:15:51.109+0530][gc,start    ] GC(1251) Pause Young (Normal) (G1 Evacuation Pause)
[2025-03-28T21:15:51.109+0530][gc,task     ] GC(1251) Using 2 workers of 2 for evacuation
[2025-03-28T21:15:51.158+0530][gc,mmu      ] GC(1251) MMU target violated: 21.0ms (20.0ms/21.0ms)
[2025-03-28T21:15:51.158+0530][gc,phases   ] GC(1251)   Pre Evacuate Collection Set: 1.0ms
[2025-03-28T21:15:51.158+0530][gc,phases   ] GC(1251)   Merge Heap Roots: 0.5ms
[2025-03-28T21:15:51.158+0530][gc,phases   ] GC(1251)   Evacuate Collection Set: 41.4ms
[2025-03-28T21:15:51.159+0530][gc,phases   ] GC(1251)   Post Evacuate Collection Set: 5.2ms
[2025-03-28T21:15:51.159+0530][gc,phases   ] GC(1251)   Other: 1.6ms
[2025-03-28T21:15:51.159+0530][gc,heap     ] GC(1251) Eden regions: 49->0(49)
[2025-03-28T21:15:51.159+0530][gc,heap     ] GC(1251) Survivor regions: 2->2(7)
[2025-03-28T21:15:51.159+0530][gc,heap     ] GC(1251) Old regions: 73->73
[2025-03-28T21:15:51.159+0530][gc,heap     ] GC(1251) Archive regions: 2->2
[2025-03-28T21:15:51.159+0530][gc,heap     ] GC(1251) Humongous regions: 149->147
[2025-03-28T21:15:51.159+0530][gc,metaspace] GC(1251) Metaspace: 54801K(55488K)->54801K(55488K) NonClass: 48675K(49024K)->48675K(49024K) Class: 6125K(6464K)->6125K(6464K)
[2025-03-28T21:15:51.159+0530][gc          ] GC(1251) Pause Young (Normal) (G1 Evacuation Pause) 273M->222M(1024M) 50.334ms
[2025-03-28T21:15:51.159+0530][gc,cpu      ] GC(1251) User=0.04s Sys=0.01s Real=0.05s
[2025-03-28T21:15:51.258+0530][gc,start    ] GC(1252) Pause Young (Normal) (G1 Evacuation Pause)
[2025-03-28T21:15:51.258+0530][gc,task     ] GC(1252) Using 2 workers of 2 for evacuation
[2025-03-28T21:15:51.271+0530][gc,phases   ] GC(1252)   Pre Evacuate Collection Set: 0.2ms
[2025-03-28T21:15:51.271+0530][gc,phases   ] GC(1252)   Merge Heap Roots: 0.1ms
[2025-03-28T21:15:51.271+0530][gc,phases   ] GC(1252)   Evacuate Collection Set: 12.0ms
[2025-03-28T21:15:51.271+0530][gc,phases   ] GC(1252)   Post Evacuate Collection Set: 0.6ms
[2025-03-28T21:15:51.271+0530][gc,phases   ] GC(1252)   Other: 0.2ms
[2025-03-28T21:15:51.271+0530][gc,heap     ] GC(1252) Eden regions: 49->0(44)
[2025-03-28T21:15:51.271+0530][gc,heap     ] GC(1252) Survivor regions: 2->7(7)
[2025-03-28T21:15:51.271+0530][gc,heap     ] GC(1252) Old regions: 73->73
[2025-03-28T21:15:51.271+0530][gc,heap     ] GC(1252) Archive regions: 2->2
[2025-03-28T21:15:51.271+0530][gc,heap     ] GC(1252) Humongous regions: 147->147
[2025-03-28T21:15:51.271+0530][gc,metaspace] GC(1252) Metaspace: 54801K(55488K)->54801K(55488K) NonClass: 48675K(49024K)->48675K(49024K) Class: 6125K(6464K)->6125K(6464K)
[2025-03-28T21:15:51.271+0530][gc          ] GC(1252) Pause Young (Normal) (G1 Evacuation Pause) 271M->227M(1024M) 13.242ms
[2025-03-28T21:15:51.271+0530][gc,cpu      ] GC(1252) User=0.02s Sys=0.00s Real=0.01s
[2025-03-28T21:15:51.335+0530][gc,start    ] GC(1253) Pause Young (Normal) (G1 Evacuation Pause)
[2025-03-28T21:15:51.335+0530][gc,task     ] GC(1253) Using 2 workers of 2 for evacuation
[2025-03-28T21:15:51.364+0530][gc,mmu      ] GC(1253) MMU target violated: 21.0ms (20.0ms/21.0ms)
[2025-03-28T21:15:51.364+0530][gc,phases   ] GC(1253)   Pre Evacuate Collection Set: 0.5ms
[2025-03-28T21:15:51.364+0530][gc,phases   ] GC(1253)   Merge Heap Roots: 0.2ms
[2025-03-28T21:15:51.364+0530][gc,phases   ] GC(1253)   Evacuate Collection Set: 27.5ms
[2025-03-28T21:15:51.364+0530][gc,phases   ] GC(1253)   Post Evacuate Collection Set: 0.5ms
[2025-03-28T21:15:51.364+0530][gc,phases   ] GC(1253)   Other: 0.2ms
[2025-03-28T21:15:51.364+0530][gc,heap     ] GC(1253) Eden regions: 44->0(49)
[2025-03-28T21:15:51.364+0530][gc,heap     ] GC(1253) Survivor regions: 7->2(7)
[2025-03-28T21:15:51.364+0530][gc,heap     ] GC(1253) Old regions: 73->75
[2025-03-28T21:15:51.364+0530][gc,heap     ] GC(1253) Archive regions: 2->2
[2025-03-28T21:15:51.364+0530][gc,heap     ] GC(1253) Humongous regions: 149->149
[2025-03-28T21:15:51.364+0530][gc,metaspace] GC(1253) Metaspace: 54801K(55488K)->54801K(55488K) NonClass: 48675K(49024K)->48675K(49024K) Class: 6125K(6464K)->6125K(6464K)
[2025-03-28T21:15:51.364+0530][gc          ] GC(1253) Pause Young (Normal) (G1 Evacuation Pause) 273M->226M(1024M) 28.948ms
[2025-03-28T21:15:51.364+0530][gc,cpu      ] GC(1253) User=0.02s Sys=0.00s Real=0.04s
[2025-03-28T21:15:52.471+0530][gc,start    ] GC(1254) Pause Young (Normal) (G1 Evacuation Pause)
[2025-03-28T21:15:52.471+0530][gc,task     ] GC(1254) Using 2 workers of 2 for evacuation
[2025-03-28T21:15:52.478+0530][gc,phases   ] GC(1254)   Pre Evacuate Collection Set: 0.3ms
[2025-03-28T21:15:52.478+0530][gc,phases   ] GC(1254)   Merge Heap Roots: 0.1ms
[2025-03-28T21:15:52.478+0530][gc,phases   ] GC(1254)   Evacuate Collection Set: 5.8ms
[2025-03-28T21:15:52.478+0530][gc,phases   ] GC(1254)   Post Evacuate Collection Set: 0.7ms
[2025-03-28T21:15:52.478+0530][gc,phases   ] GC(1254)   Other: 0.2ms
[2025-03-28T21:15:52.478+0530][gc,heap     ] GC(1254) Eden regions: 49->0(46)
[2025-03-28T21:15:52.478+0530][gc,heap     ] GC(1254) Survivor regions: 2->5(7)
[2025-03-28T21:15:52.478+0530][gc,heap     ] GC(1254) Old regions: 75->75
[2025-03-28T21:15:52.478+0530][gc,heap     ] GC(1254) Archive regions: 2->2
[2025-03-28T21:15:52.478+0530][gc,heap     ] GC(1254) Humongous regions: 149->147
[2025-03-28T21:15:52.478+0530][gc,metaspace] GC(1254) Metaspace: 54801K(55488K)->54801K(55488K) NonClass: 48675K(49024K)->48675K(49024K) Class: 6125K(6464K)->6125K(6464K)
[2025-03-28T21:15:52.478+0530][gc          ] GC(1254) Pause Young (Normal) (G1 Evacuation Pause) 275M->226M(1024M) 7.160ms
[2025-03-28T21:15:52.478+0530][gc,cpu      ] GC(1254) User=0.01s Sys=0.00s Real=0.01s
[2025-03-28T21:15:52.561+0530][gc,start    ] GC(1255) Pause Young (Normal) (G1 Evacuation Pause)
[2025-03-28T21:15:52.561+0530][gc,task     ] GC(1255) Using 2 workers of 2 for evacuation
[2025-03-28T21:15:52.587+0530][gc,mmu      ] GC(1255) MMU target violated: 21.0ms (20.0ms/21.0ms)
[2025-03-28T21:15:52.587+0530][gc,phases   ] GC(1255)   Pre Evacuate Collection Set: 0.2ms
[2025-03-28T21:15:52.587+0530][gc,phases   ] GC(1255)   Merge Heap Roots: 0.1ms
[2025-03-28T21:15:52.587+0530][gc,phases   ] GC(1255)   Evacuate Collection Set: 25.6ms
[2025-03-28T21:15:52.587+0530][gc,phases   ] GC(1255)   Post Evacuate Collection Set: 0.5ms
[2025-03-28T21:15:52.587+0530][gc,phases   ] GC(1255)   Other: 0.2ms
[2025-03-28T21:15:52.587+0530][gc,heap     ] GC(1255) Eden regions: 46->0(49)
[2025-03-28T21:15:52.587+0530][gc,heap     ] GC(1255) Survivor regions: 5->2(7)
[2025-03-28T21:15:52.587+0530][gc,heap     ] GC(1255) Old regions: 75->76
[2025-03-28T21:15:52.587+0530][gc,heap     ] GC(1255) Archive regions: 2->2
[2025-03-28T21:15:52.587+0530][gc,heap     ] GC(1255) Humongous regions: 149->149
[2025-03-28T21:15:52.587+0530][gc,metaspace] GC(1255) Metaspace: 54801K(55488K)->54801K(55488K) NonClass: 48675K(49024K)->48675K(49024K) Class: 6125K(6464K)->6125K(6464K)
[2025-03-28T21:15:52.588+0530][gc          ] GC(1255) Pause Young (Normal) (G1 Evacuation Pause) 274M->226M(1024M) 26.783ms
[2025-03-28T21:15:52.588+0530][gc,cpu      ] GC(1255) User=0.01s Sys=0.00s Real=0.03s
[2025-03-28T21:16:01.330+0530][gc,start    ] GC(1256) Pause Young (Normal) (G1 Evacuation Pause)
[2025-03-28T21:16:01.330+0530][gc,task     ] GC(1256) Using 2 workers of 2 for evacuation
[2025-03-28T21:16:01.342+0530][gc,phases   ] GC(1256)   Pre Evacuate Collection Set: 0.4ms
[2025-03-28T21:16:01.342+0530][gc,phases   ] GC(1256)   Merge Heap Roots: 0.3ms
[2025-03-28T21:16:01.342+0530][gc,phases   ] GC(1256)   Evacuate Collection Set: 10.3ms
[2025-03-28T21:16:01.342+0530][gc,phases   ] GC(1256)   Post Evacuate Collection Set: 0.8ms
[2025-03-28T21:16:01.342+0530][gc,phases   ] GC(1256)   Other: 0.2ms
[2025-03-28T21:16:01.342+0530][gc,heap     ] GC(1256) Eden regions: 49->0(48)
[2025-03-28T21:16:01.342+0530][gc,heap     ] GC(1256) Survivor regions: 2->3(7)
[2025-03-28T21:16:01.342+0530][gc,heap     ] GC(1256) Old regions: 76->76
[2025-03-28T21:16:01.342+0530][gc,heap     ] GC(1256) Archive regions: 2->2
[2025-03-28T21:16:01.342+0530][gc,heap     ] GC(1256) Humongous regions: 149->147
[2025-03-28T21:16:01.342+0530][gc,metaspace] GC(1256) Metaspace: 54801K(55488K)->54801K(55488K) NonClass: 48675K(49024K)->48675K(49024K) Class: 6125K(6464K)->6125K(6464K)
[2025-03-28T21:16:01.342+0530][gc          ] GC(1256) Pause Young (Normal) (G1 Evacuation Pause) 275M->225M(1024M) 12.166ms
[2025-03-28T21:16:01.342+0530][gc,cpu      ] GC(1256) User=0.01s Sys=0.00s Real=0.01s
[2025-03-28T21:16:01.415+0530][gc,start    ] GC(1257) Pause Young (Normal) (G1 Evacuation Pause)
[2025-03-28T21:16:01.415+0530][gc,task     ] GC(1257) Using 2 workers of 2 for evacuation
[2025-03-28T21:16:01.448+0530][gc,mmu      ] GC(1257) MMU target violated: 21.0ms (20.0ms/21.0ms)
[2025-03-28T21:16:01.448+0530][gc,phases   ] GC(1257)   Pre Evacuate Collection Set: 0.4ms
[2025-03-28T21:16:01.448+0530][gc,phases   ] GC(1257)   Merge Heap Roots: 0.1ms
[2025-03-28T21:16:01.448+0530][gc,phases   ] GC(1257)   Evacuate Collection Set: 31.2ms
[2025-03-28T21:16:01.448+0530][gc,phases   ] GC(1257)   Post Evacuate Collection Set: 0.5ms
[2025-03-28T21:16:01.448+0530][gc,phases   ] GC(1257)   Other: 0.2ms
[2025-03-28T21:16:01.448+0530][gc,heap     ] GC(1257) Eden regions: 48->0(44)
[2025-03-28T21:16:01.448+0530][gc,heap     ] GC(1257) Survivor regions: 3->7(7)
[2025-03-28T21:16:01.448+0530][gc,heap     ] GC(1257) Old regions: 76->76
[2025-03-28T21:16:01.448+0530][gc,heap     ] GC(1257) Archive regions: 2->2
[2025-03-28T21:16:01.448+0530][gc,heap     ] GC(1257) Humongous regions: 147->147
[2025-03-28T21:16:01.448+0530][gc,metaspace] GC(1257) Metaspace: 54801K(55488K)->54801K(55488K) NonClass: 48675K(49024K)->48675K(49024K) Class: 6125K(6464K)->6125K(6464K)
[2025-03-28T21:16:01.448+0530][gc          ] GC(1257) Pause Young (Normal) (G1 Evacuation Pause) 273M->230M(1024M) 32.456ms
[2025-03-28T21:16:01.448+0530][gc,cpu      ] GC(1257) User=0.02s Sys=0.00s Real=0.03s
[2025-03-28T21:16:01.523+0530][gc,start    ] GC(1258) Pause Young (Normal) (G1 Evacuation Pause)
[2025-03-28T21:16:01.523+0530][gc,task     ] GC(1258) Using 2 workers of 2 for evacuation
[2025-03-28T21:16:01.532+0530][gc,phases   ] GC(1258)   Pre Evacuate Collection Set: 0.3ms
[2025-03-28T21:16:01.532+0530][gc,phases   ] GC(1258)   Merge Heap Roots: 0.1ms
[2025-03-28T21:16:01.532+0530][gc,phases   ] GC(1258)   Evacuate Collection Set: 7.6ms
[2025-03-28T21:16:01.532+0530][gc,phases   ] GC(1258)   Post Evacuate Collection Set: 0.6ms
[2025-03-28T21:16:01.532+0530][gc,phases   ] GC(1258)   Other: 0.6ms
[2025-03-28T21:16:01.532+0530][gc,heap     ] GC(1258) Eden regions: 44->0(50)
[2025-03-28T21:16:01.532+0530][gc,heap     ] GC(1258) Survivor regions: 7->1(7)
[2025-03-28T21:16:01.532+0530][gc,heap     ] GC(1258) Old regions: 76->77
[2025-03-28T21:16:01.532+0530][gc,heap     ] GC(1258) Archive regions: 2->2
[2025-03-28T21:16:01.532+0530][gc,heap     ] GC(1258) Humongous regions: 149->147
[2025-03-28T21:16:01.532+0530][gc,metaspace] GC(1258) Metaspace: 54801K(55488K)->54801K(55488K) NonClass: 48675K(49024K)->48675K(49024K) Class: 6125K(6464K)->6125K(6464K)
[2025-03-28T21:16:01.532+0530][gc          ] GC(1258) Pause Young (Normal) (G1 Evacuation Pause) 276M->225M(1024M) 9.340ms
[2025-03-28T21:16:01.532+0530][gc,cpu      ] GC(1258) User=0.01s Sys=0.00s Real=0.02s
[2025-03-28T21:16:02.477+0530][gc,start    ] GC(1259) Pause Young (Normal) (G1 Evacuation Pause)
[2025-03-28T21:16:02.477+0530][gc,task     ] GC(1259) Using 2 workers of 2 for evacuation
[2025-03-28T21:16:02.485+0530][gc,phases   ] GC(1259)   Pre Evacuate Collection Set: 0.1ms
[2025-03-28T21:16:02.485+0530][gc,phases   ] GC(1259)   Merge Heap Roots: 0.1ms
[2025-03-28T21:16:02.485+0530][gc,phases   ] GC(1259)   Evacuate Collection Set: 6.8ms
[2025-03-28T21:16:02.485+0530][gc,phases   ] GC(1259)   Post Evacuate Collection Set: 0.7ms
[2025-03-28T21:16:02.485+0530][gc,phases   ] GC(1259)   Other: 0.1ms
[2025-03-28T21:16:02.485+0530][gc,heap     ] GC(1259) Eden regions: 50->0(45)
[2025-03-28T21:16:02.485+0530][gc,heap     ] GC(1259) Survivor regions: 1->6(7)
[2025-03-28T21:16:02.485+0530][gc,heap     ] GC(1259) Old regions: 77->77
[2025-03-28T21:16:02.485+0530][gc,heap     ] GC(1259) Archive regions: 2->2
[2025-03-28T21:16:02.485+0530][gc,heap     ] GC(1259) Humongous regions: 147->147
[2025-03-28T21:16:02.485+0530][gc,metaspace] GC(1259) Metaspace: 54801K(55488K)->54801K(55488K) NonClass: 48675K(49024K)->48675K(49024K) Class: 6125K(6464K)->6125K(6464K)
[2025-03-28T21:16:02.485+0530][gc          ] GC(1259) Pause Young (Normal) (G1 Evacuation Pause) 275M->229M(1024M) 8.020ms
[2025-03-28T21:16:02.485+0530][gc,cpu      ] GC(1259) User=0.01s Sys=0.01s Real=0.01s
[2025-03-28T21:16:02.564+0530][gc,start    ] GC(1260) Pause Young (Normal) (G1 Evacuation Pause)
[2025-03-28T21:16:02.564+0530][gc,task     ] GC(1260) Using 2 workers of 2 for evacuation
[2025-03-28T21:16:02.596+0530][gc,mmu      ] GC(1260) MMU target violated: 21.0ms (20.0ms/21.0ms)
[2025-03-28T21:16:02.596+0530][gc,phases   ] GC(1260)   Pre Evacuate Collection Set: 0.2ms
[2025-03-28T21:16:02.596+0530][gc,phases   ] GC(1260)   Merge Heap Roots: 0.1ms
[2025-03-28T21:16:02.596+0530][gc,phases   ] GC(1260)   Evacuate Collection Set: 31.3ms
[2025-03-28T21:16:02.596+0530][gc,phases   ] GC(1260)   Post Evacuate Collection Set: 0.5ms
[2025-03-28T21:16:02.596+0530][gc,phases   ] GC(1260)   Other: 0.2ms
[2025-03-28T21:16:02.596+0530][gc,heap     ] GC(1260) Eden regions: 45->0(49)
[2025-03-28T21:16:02.596+0530][gc,heap     ] GC(1260) Survivor regions: 6->2(7)
[2025-03-28T21:16:02.596+0530][gc,heap     ] GC(1260) Old regions: 77->78
[2025-03-28T21:16:02.596+0530][gc,heap     ] GC(1260) Archive regions: 2->2
[2025-03-28T21:16:02.596+0530][gc,heap     ] GC(1260) Humongous regions: 149->149
[2025-03-28T21:16:02.596+0530][gc,metaspace] GC(1260) Metaspace: 54801K(55488K)->54801K(55488K) NonClass: 48675K(49024K)->48675K(49024K) Class: 6125K(6464K)->6125K(6464K)
[2025-03-28T21:16:02.596+0530][gc          ] GC(1260) Pause Young (Normal) (G1 Evacuation Pause) 276M->229M(1024M) 32.453ms
[2025-03-28T21:16:02.596+0530][gc,cpu      ] GC(1260) User=0.01s Sys=0.00s Real=0.04s
[2025-03-28T21:16:07.884+0530][gc,start    ] GC(1261) Pause Young (Normal) (G1 Evacuation Pause)
[2025-03-28T21:16:07.884+0530][gc,task     ] GC(1261) Using 2 workers of 2 for evacuation
[2025-03-28T21:16:07.893+0530][gc,phases   ] GC(1261)   Pre Evacuate Collection Set: 0.6ms
[2025-03-28T21:16:07.893+0530][gc,phases   ] GC(1261)   Merge Heap Roots: 0.3ms
[2025-03-28T21:16:07.893+0530][gc,phases   ] GC(1261)   Evacuate Collection Set: 7.5ms
[2025-03-28T21:16:07.893+0530][gc,phases   ] GC(1261)   Post Evacuate Collection Set: 0.6ms
[2025-03-28T21:16:07.893+0530][gc,phases   ] GC(1261)   Other: 0.2ms
[2025-03-28T21:16:07.893+0530][gc,heap     ] GC(1261) Eden regions: 49->0(47)
[2025-03-28T21:16:07.893+0530][gc,heap     ] GC(1261) Survivor regions: 2->4(7)
[2025-03-28T21:16:07.893+0530][gc,heap     ] GC(1261) Old regions: 78->78
[2025-03-28T21:16:07.893+0530][gc,heap     ] GC(1261) Archive regions: 2->2
[2025-03-28T21:16:07.893+0530][gc,heap     ] GC(1261) Humongous regions: 149->147
[2025-03-28T21:16:07.893+0530][gc,metaspace] GC(1261) Metaspace: 54801K(55488K)->54801K(55488K) NonClass: 48675K(49024K)->48675K(49024K) Class: 6125K(6464K)->6125K(6464K)
[2025-03-28T21:16:07.893+0530][gc          ] GC(1261) Pause Young (Normal) (G1 Evacuation Pause) 278M->228M(1024M) 9.184ms
[2025-03-28T21:16:07.893+0530][gc,cpu      ] GC(1261) User=0.01s Sys=0.00s Real=0.01s
[2025-03-28T21:16:08.098+0530][gc,start    ] GC(1262) Pause Young (Normal) (G1 Evacuation Pause)
[2025-03-28T21:16:08.098+0530][gc,task     ] GC(1262) Using 2 workers of 2 for evacuation
[2025-03-28T21:16:08.116+0530][gc,phases   ] GC(1262)   Pre Evacuate Collection Set: 0.2ms
[2025-03-28T21:16:08.117+0530][gc,phases   ] GC(1262)   Merge Heap Roots: 0.1ms
[2025-03-28T21:16:08.117+0530][gc,phases   ] GC(1262)   Evacuate Collection Set: 17.1ms
[2025-03-28T21:16:08.117+0530][gc,phases   ] GC(1262)   Post Evacuate Collection Set: 0.6ms
[2025-03-28T21:16:08.117+0530][gc,phases   ] GC(1262)   Other: 0.2ms
[2025-03-28T21:16:08.117+0530][gc,heap     ] GC(1262) Eden regions: 47->0(48)
[2025-03-28T21:16:08.117+0530][gc,heap     ] GC(1262) Survivor regions: 4->3(7)
[2025-03-28T21:16:08.117+0530][gc,heap     ] GC(1262) Old regions: 78->78
[2025-03-28T21:16:08.117+0530][gc,heap     ] GC(1262) Archive regions: 2->2
[2025-03-28T21:16:08.117+0530][gc,heap     ] GC(1262) Humongous regions: 149->149
[2025-03-28T21:16:08.117+0530][gc,metaspace] GC(1262) Metaspace: 54801K(55488K)->54801K(55488K) NonClass: 48675K(49024K)->48675K(49024K) Class: 6125K(6464K)->6125K(6464K)
[2025-03-28T21:16:08.117+0530][gc          ] GC(1262) Pause Young (Normal) (G1 Evacuation Pause) 277M->230M(1024M) 18.434ms
[2025-03-28T21:16:08.117+0530][gc,cpu      ] GC(1262) User=0.01s Sys=0.00s Real=0.00s
[2025-03-28T21:16:12.450+0530][gc,start    ] GC(1263) Pause Young (Normal) (G1 Evacuation Pause)
[2025-03-28T21:16:12.451+0530][gc,task     ] GC(1263) Using 2 workers of 2 for evacuation
[2025-03-28T21:16:12.470+0530][gc,phases   ] GC(1263)   Pre Evacuate Collection Set: 0.8ms
[2025-03-28T21:16:12.470+0530][gc,phases   ] GC(1263)   Merge Heap Roots: 0.4ms
[2025-03-28T21:16:12.470+0530][gc,phases   ] GC(1263)   Evacuate Collection Set: 15.7ms
[2025-03-28T21:16:12.470+0530][gc,phases   ] GC(1263)   Post Evacuate Collection Set: 1.6ms
[2025-03-28T21:16:12.470+0530][gc,phases   ] GC(1263)   Other: 1.0ms
[2025-03-28T21:16:12.470+0530][gc,heap     ] GC(1263) Eden regions: 48->0(49)
[2025-03-28T21:16:12.470+0530][gc,heap     ] GC(1263) Survivor regions: 3->2(7)
[2025-03-28T21:16:12.470+0530][gc,heap     ] GC(1263) Old regions: 78->78
[2025-03-28T21:16:12.470+0530][gc,heap     ] GC(1263) Archive regions: 2->2
[2025-03-28T21:16:12.470+0530][gc,heap     ] GC(1263) Humongous regions: 149->147
[2025-03-28T21:16:12.470+0530][gc,metaspace] GC(1263) Metaspace: 54801K(55488K)->54801K(55488K) NonClass: 48675K(49024K)->48675K(49024K) Class: 6125K(6464K)->6125K(6464K)
[2025-03-28T21:16:12.470+0530][gc          ] GC(1263) Pause Young (Normal) (G1 Evacuation Pause) 278M->226M(1024M) 20.061ms
[2025-03-28T21:16:12.470+0530][gc,cpu      ] GC(1263) User=0.03s Sys=0.00s Real=0.02s
[2025-03-28T21:16:12.545+0530][gc,start    ] GC(1264) Pause Young (Normal) (G1 Evacuation Pause)
[2025-03-28T21:16:12.545+0530][gc,task     ] GC(1264) Using 2 workers of 2 for evacuation
[2025-03-28T21:16:12.558+0530][gc,phases   ] GC(1264)   Pre Evacuate Collection Set: 0.5ms
[2025-03-28T21:16:12.558+0530][gc,phases   ] GC(1264)   Merge Heap Roots: 0.1ms
[2025-03-28T21:16:12.558+0530][gc,phases   ] GC(1264)   Evacuate Collection Set: 10.2ms
[2025-03-28T21:16:12.558+0530][gc,phases   ] GC(1264)   Post Evacuate Collection Set: 2.4ms
[2025-03-28T21:16:12.558+0530][gc,phases   ] GC(1264)   Other: 0.2ms
[2025-03-28T21:16:12.558+0530][gc,heap     ] GC(1264) Eden regions: 49->0(44)
[2025-03-28T21:16:12.558+0530][gc,heap     ] GC(1264) Survivor regions: 2->7(7)
[2025-03-28T21:16:12.558+0530][gc,heap     ] GC(1264) Old regions: 78->78
[2025-03-28T21:16:12.558+0530][gc,heap     ] GC(1264) Archive regions: 2->2
[2025-03-28T21:16:12.558+0530][gc,heap     ] GC(1264) Humongous regions: 147->147
[2025-03-28T21:16:12.558+0530][gc,metaspace] GC(1264) Metaspace: 54801K(55488K)->54801K(55488K) NonClass: 48675K(49024K)->48675K(49024K) Class: 6125K(6464K)->6125K(6464K)
[2025-03-28T21:16:12.558+0530][gc          ] GC(1264) Pause Young (Normal) (G1 Evacuation Pause) 275M->231M(1024M) 13.580ms
[2025-03-28T21:16:12.558+0530][gc,cpu      ] GC(1264) User=0.01s Sys=0.00s Real=0.02s
[2025-03-28T21:16:12.642+0530][gc,start    ] GC(1265) Pause Young (Normal) (G1 Evacuation Pause)
[2025-03-28T21:16:12.642+0530][gc,task     ] GC(1265) Using 2 workers of 2 for evacuation
[2025-03-28T21:16:12.691+0530][gc,mmu      ] GC(1265) MMU target violated: 21.0ms (20.0ms/21.0ms)
[2025-03-28T21:16:12.691+0530][gc,phases   ] GC(1265)   Pre Evacuate Collection Set: 0.2ms
[2025-03-28T21:16:12.691+0530][gc,phases   ] GC(1265)   Merge Heap Roots: 0.1ms
[2025-03-28T21:16:12.691+0530][gc,phases   ] GC(1265)   Evacuate Collection Set: 47.6ms
[2025-03-28T21:16:12.691+0530][gc,phases   ] GC(1265)   Post Evacuate Collection Set: 0.5ms
[2025-03-28T21:16:12.691+0530][gc,phases   ] GC(1265)   Other: 0.2ms
[2025-03-28T21:16:12.691+0530][gc,heap     ] GC(1265) Eden regions: 44->0(49)
[2025-03-28T21:16:12.691+0530][gc,heap     ] GC(1265) Survivor regions: 7->2(7)
[2025-03-28T21:16:12.691+0530][gc,heap     ] GC(1265) Old regions: 78->79
[2025-03-28T21:16:12.691+0530][gc,heap     ] GC(1265) Archive regions: 2->2
[2025-03-28T21:16:12.691+0530][gc,heap     ] GC(1265) Humongous regions: 149->149
[2025-03-28T21:16:12.691+0530][gc,metaspace] GC(1265) Metaspace: 54801K(55488K)->54801K(55488K) NonClass: 48675K(49024K)->48675K(49024K) Class: 6125K(6464K)->6125K(6464K)
[2025-03-28T21:16:12.691+0530][gc          ] GC(1265) Pause Young (Normal) (G1 Evacuation Pause) 277M->230M(1024M) 48.683ms
[2025-03-28T21:16:12.691+0530][gc,cpu      ] GC(1265) User=0.01s Sys=0.01s Real=0.06s
[2025-03-28T21:16:17.929+0530][gc,start    ] GC(1266) Pause Young (Normal) (G1 Evacuation Pause)
[2025-03-28T21:16:17.929+0530][gc,task     ] GC(1266) Using 2 workers of 2 for evacuation
[2025-03-28T21:16:17.936+0530][gc,phases   ] GC(1266)   Pre Evacuate Collection Set: 0.2ms
[2025-03-28T21:16:17.936+0530][gc,phases   ] GC(1266)   Merge Heap Roots: 0.1ms
[2025-03-28T21:16:17.936+0530][gc,phases   ] GC(1266)   Evacuate Collection Set: 6.2ms
[2025-03-28T21:16:17.936+0530][gc,phases   ] GC(1266)   Post Evacuate Collection Set: 0.6ms
[2025-03-28T21:16:17.936+0530][gc,phases   ] GC(1266)   Other: 0.2ms
[2025-03-28T21:16:17.936+0530][gc,heap     ] GC(1266) Eden regions: 49->0(47)
[2025-03-28T21:16:17.936+0530][gc,heap     ] GC(1266) Survivor regions: 2->4(7)
[2025-03-28T21:16:17.936+0530][gc,heap     ] GC(1266) Old regions: 79->79
[2025-03-28T21:16:17.936+0530][gc,heap     ] GC(1266) Archive regions: 2->2
[2025-03-28T21:16:17.936+0530][gc,heap     ] GC(1266) Humongous regions: 149->147
[2025-03-28T21:16:17.936+0530][gc,metaspace] GC(1266) Metaspace: 54804K(55488K)->54804K(55488K) NonClass: 48679K(49024K)->48679K(49024K) Class: 6125K(6464K)->6125K(6464K)
[2025-03-28T21:16:17.936+0530][gc          ] GC(1266) Pause Young (Normal) (G1 Evacuation Pause) 279M->230M(1024M) 7.449ms
[2025-03-28T21:16:17.936+0530][gc,cpu      ] GC(1266) User=0.01s Sys=0.00s Real=0.01s
[2025-03-28T21:16:18.025+0530][gc,start    ] GC(1267) Pause Young (Normal) (G1 Evacuation Pause)
[2025-03-28T21:16:18.025+0530][gc,task     ] GC(1267) Using 2 workers of 2 for evacuation
[2025-03-28T21:16:18.058+0530][gc,mmu      ] GC(1267) MMU target violated: 21.0ms (20.0ms/21.0ms)
[2025-03-28T21:16:18.058+0530][gc,phases   ] GC(1267)   Pre Evacuate Collection Set: 0.2ms
[2025-03-28T21:16:18.058+0530][gc,phases   ] GC(1267)   Merge Heap Roots: 0.1ms
[2025-03-28T21:16:18.058+0530][gc,phases   ] GC(1267)   Evacuate Collection Set: 31.0ms
[2025-03-28T21:16:18.058+0530][gc,phases   ] GC(1267)   Post Evacuate Collection Set: 0.5ms
[2025-03-28T21:16:18.058+0530][gc,phases   ] GC(1267)   Other: 1.0ms
[2025-03-28T21:16:18.058+0530][gc,heap     ] GC(1267) Eden regions: 47->0(49)
[2025-03-28T21:16:18.058+0530][gc,heap     ] GC(1267) Survivor regions: 4->2(7)
[2025-03-28T21:16:18.058+0530][gc,heap     ] GC(1267) Old regions: 79->80
[2025-03-28T21:16:18.058+0530][gc,heap     ] GC(1267) Archive regions: 2->2
[2025-03-28T21:16:18.058+0530][gc,heap     ] GC(1267) Humongous regions: 149->149
[2025-03-28T21:16:18.058+0530][gc,metaspace] GC(1267) Metaspace: 54804K(55488K)->54804K(55488K) NonClass: 48679K(49024K)->48679K(49024K) Class: 6125K(6464K)->6125K(6464K)
[2025-03-28T21:16:18.058+0530][gc          ] GC(1267) Pause Young (Normal) (G1 Evacuation Pause) 279M->231M(1024M) 32.829ms
[2025-03-28T21:16:18.058+0530][gc,cpu      ] GC(1267) User=0.01s Sys=0.01s Real=0.03s
[2025-03-28T21:16:22.824+0530][gc,start    ] GC(1268) Pause Young (Normal) (G1 Evacuation Pause)
[2025-03-28T21:16:22.824+0530][gc,task     ] GC(1268) Using 2 workers of 2 for evacuation
[2025-03-28T21:16:22.837+0530][gc,phases   ] GC(1268)   Pre Evacuate Collection Set: 0.3ms
[2025-03-28T21:16:22.837+0530][gc,phases   ] GC(1268)   Merge Heap Roots: 1.1ms
[2025-03-28T21:16:22.837+0530][gc,phases   ] GC(1268)   Evacuate Collection Set: 10.3ms
[2025-03-28T21:16:22.837+0530][gc,phases   ] GC(1268)   Post Evacuate Collection Set: 1.3ms
[2025-03-28T21:16:22.837+0530][gc,phases   ] GC(1268)   Other: 0.2ms
[2025-03-28T21:16:22.837+0530][gc,heap     ] GC(1268) Eden regions: 49->0(49)
[2025-03-28T21:16:22.837+0530][gc,heap     ] GC(1268) Survivor regions: 2->2(7)
[2025-03-28T21:16:22.837+0530][gc,heap     ] GC(1268) Old regions: 80->80
[2025-03-28T21:16:22.837+0530][gc,heap     ] GC(1268) Archive regions: 2->2
[2025-03-28T21:16:22.837+0530][gc,heap     ] GC(1268) Humongous regions: 149->147
[2025-03-28T21:16:22.837+0530][gc,metaspace] GC(1268) Metaspace: 54804K(55488K)->54804K(55488K) NonClass: 48679K(49024K)->48679K(49024K) Class: 6125K(6464K)->6125K(6464K)
[2025-03-28T21:16:22.837+0530][gc          ] GC(1268) Pause Young (Normal) (G1 Evacuation Pause) 280M->229M(1024M) 13.359ms
[2025-03-28T21:16:22.837+0530][gc,cpu      ] GC(1268) User=0.01s Sys=0.00s Real=0.02s
[2025-03-28T21:16:22.927+0530][gc,start    ] GC(1269) Pause Young (Normal) (G1 Evacuation Pause)
[2025-03-28T21:16:22.927+0530][gc,task     ] GC(1269) Using 2 workers of 2 for evacuation
[2025-03-28T21:16:22.953+0530][gc,mmu      ] GC(1269) MMU target violated: 21.0ms (20.0ms/21.0ms)
[2025-03-28T21:16:22.953+0530][gc,phases   ] GC(1269)   Pre Evacuate Collection Set: 0.3ms
[2025-03-28T21:16:22.953+0530][gc,phases   ] GC(1269)   Merge Heap Roots: 0.1ms
[2025-03-28T21:16:22.953+0530][gc,phases   ] GC(1269)   Evacuate Collection Set: 24.3ms
[2025-03-28T21:16:22.953+0530][gc,phases   ] GC(1269)   Post Evacuate Collection Set: 1.4ms
[2025-03-28T21:16:22.953+0530][gc,phases   ] GC(1269)   Other: 0.3ms
[2025-03-28T21:16:22.953+0530][gc,heap     ] GC(1269) Eden regions: 49->0(44)
[2025-03-28T21:16:22.953+0530][gc,heap     ] GC(1269) Survivor regions: 2->7(7)
[2025-03-28T21:16:22.953+0530][gc,heap     ] GC(1269) Old regions: 80->80
[2025-03-28T21:16:22.953+0530][gc,heap     ] GC(1269) Archive regions: 2->2
[2025-03-28T21:16:22.953+0530][gc,heap     ] GC(1269) Humongous regions: 147->147
[2025-03-28T21:16:22.953+0530][gc,metaspace] GC(1269) Metaspace: 54804K(55488K)->54804K(55488K) NonClass: 48679K(49024K)->48679K(49024K) Class: 6125K(6464K)->6125K(6464K)
[2025-03-28T21:16:22.953+0530][gc          ] GC(1269) Pause Young (Normal) (G1 Evacuation Pause) 278M->234M(1024M) 26.474ms
[2025-03-28T21:16:22.954+0530][gc,cpu      ] GC(1269) User=0.02s Sys=0.00s Real=0.03s
[2025-03-28T21:16:23.042+0530][gc,start    ] GC(1270) Pause Young (Normal) (G1 Evacuation Pause)
[2025-03-28T21:16:23.042+0530][gc,task     ] GC(1270) Using 2 workers of 2 for evacuation
[2025-03-28T21:16:23.091+0530][gc,mmu      ] GC(1270) MMU target violated: 21.0ms (20.0ms/21.0ms)
[2025-03-28T21:16:23.091+0530][gc,phases   ] GC(1270)   Pre Evacuate Collection Set: 0.2ms
[2025-03-28T21:16:23.091+0530][gc,phases   ] GC(1270)   Merge Heap Roots: 0.1ms
[2025-03-28T21:16:23.091+0530][gc,phases   ] GC(1270)   Evacuate Collection Set: 47.6ms
[2025-03-28T21:16:23.091+0530][gc,phases   ] GC(1270)   Post Evacuate Collection Set: 0.8ms
[2025-03-28T21:16:23.091+0530][gc,phases   ] GC(1270)   Other: 0.2ms
[2025-03-28T21:16:23.091+0530][gc,heap     ] GC(1270) Eden regions: 44->0(49)
[2025-03-28T21:16:23.091+0530][gc,heap     ] GC(1270) Survivor regions: 7->2(7)
[2025-03-28T21:16:23.091+0530][gc,heap     ] GC(1270) Old regions: 80->81
[2025-03-28T21:16:23.091+0530][gc,heap     ] GC(1270) Archive regions: 2->2
[2025-03-28T21:16:23.091+0530][gc,heap     ] GC(1270) Humongous regions: 149->149
[2025-03-28T21:16:23.091+0530][gc,metaspace] GC(1270) Metaspace: 54804K(55488K)->54804K(55488K) NonClass: 48679K(49024K)->48679K(49024K) Class: 6125K(6464K)->6125K(6464K)
[2025-03-28T21:16:23.091+0530][gc          ] GC(1270) Pause Young (Normal) (G1 Evacuation Pause) 280M->232M(1024M) 48.889ms
[2025-03-28T21:16:23.091+0530][gc,cpu      ] GC(1270) User=0.01s Sys=0.01s Real=0.05s
[2025-03-28T21:16:31.666+0530][gc,start    ] GC(1271) Pause Young (Normal) (G1 Evacuation Pause)
[2025-03-28T21:16:31.666+0530][gc,task     ] GC(1271) Using 2 workers of 2 for evacuation
[2025-03-28T21:16:31.676+0530][gc,phases   ] GC(1271)   Pre Evacuate Collection Set: 0.3ms
[2025-03-28T21:16:31.676+0530][gc,phases   ] GC(1271)   Merge Heap Roots: 0.1ms
[2025-03-28T21:16:31.676+0530][gc,phases   ] GC(1271)   Evacuate Collection Set: 9.2ms
[2025-03-28T21:16:31.676+0530][gc,phases   ] GC(1271)   Post Evacuate Collection Set: 0.7ms
[2025-03-28T21:16:31.676+0530][gc,phases   ] GC(1271)   Other: 0.1ms
[2025-03-28T21:16:31.676+0530][gc,heap     ] GC(1271) Eden regions: 49->0(46)
[2025-03-28T21:16:31.676+0530][gc,heap     ] GC(1271) Survivor regions: 2->5(7)
[2025-03-28T21:16:31.676+0530][gc,heap     ] GC(1271) Old regions: 81->81
[2025-03-28T21:16:31.676+0530][gc,heap     ] GC(1271) Archive regions: 2->2
[2025-03-28T21:16:31.676+0530][gc,heap     ] GC(1271) Humongous regions: 149->147
[2025-03-28T21:16:31.676+0530][gc,metaspace] GC(1271) Metaspace: 54804K(55488K)->54804K(55488K) NonClass: 48679K(49024K)->48679K(49024K) Class: 6125K(6464K)->6125K(6464K)
[2025-03-28T21:16:31.676+0530][gc          ] GC(1271) Pause Young (Normal) (G1 Evacuation Pause) 281M->233M(1024M) 10.527ms
[2025-03-28T21:16:31.676+0530][gc,cpu      ] GC(1271) User=0.01s Sys=0.00s Real=0.01s
[2025-03-28T21:16:31.754+0530][gc,start    ] GC(1272) Pause Young (Normal) (G1 Evacuation Pause)
[2025-03-28T21:16:31.754+0530][gc,task     ] GC(1272) Using 2 workers of 2 for evacuation
[2025-03-28T21:16:31.783+0530][gc,mmu      ] GC(1272) MMU target violated: 21.0ms (20.0ms/21.0ms)
[2025-03-28T21:16:31.783+0530][gc,phases   ] GC(1272)   Pre Evacuate Collection Set: 0.2ms
[2025-03-28T21:16:31.783+0530][gc,phases   ] GC(1272)   Merge Heap Roots: 0.1ms
[2025-03-28T21:16:31.783+0530][gc,phases   ] GC(1272)   Evacuate Collection Set: 27.4ms
[2025-03-28T21:16:31.783+0530][gc,phases   ] GC(1272)   Post Evacuate Collection Set: 0.4ms
[2025-03-28T21:16:31.783+0530][gc,phases   ] GC(1272)   Other: 0.7ms
[2025-03-28T21:16:31.783+0530][gc,heap     ] GC(1272) Eden regions: 46->0(49)
[2025-03-28T21:16:31.783+0530][gc,heap     ] GC(1272) Survivor regions: 5->2(7)
[2025-03-28T21:16:31.783+0530][gc,heap     ] GC(1272) Old regions: 81->82
[2025-03-28T21:16:31.783+0530][gc,heap     ] GC(1272) Archive regions: 2->2
[2025-03-28T21:16:31.783+0530][gc,heap     ] GC(1272) Humongous regions: 149->149
[2025-03-28T21:16:31.783+0530][gc,metaspace] GC(1272) Metaspace: 54804K(55488K)->54804K(55488K) NonClass: 48679K(49024K)->48679K(49024K) Class: 6125K(6464K)->6125K(6464K)
[2025-03-28T21:16:31.783+0530][gc          ] GC(1272) Pause Young (Normal) (G1 Evacuation Pause) 281M->233M(1024M) 28.820ms
[2025-03-28T21:16:31.783+0530][gc,cpu      ] GC(1272) User=0.01s Sys=0.01s Real=0.03s
[2025-03-28T21:16:32.414+0530][gc,start    ] GC(1273) Pause Young (Normal) (G1 Evacuation Pause)
[2025-03-28T21:16:32.415+0530][gc,task     ] GC(1273) Using 2 workers of 2 for evacuation
[2025-03-28T21:16:32.420+0530][gc,phases   ] GC(1273)   Pre Evacuate Collection Set: 0.4ms
[2025-03-28T21:16:32.420+0530][gc,phases   ] GC(1273)   Merge Heap Roots: 0.2ms
[2025-03-28T21:16:32.420+0530][gc,phases   ] GC(1273)   Evacuate Collection Set: 4.0ms
[2025-03-28T21:16:32.420+0530][gc,phases   ] GC(1273)   Post Evacuate Collection Set: 0.9ms
[2025-03-28T21:16:32.420+0530][gc,phases   ] GC(1273)   Other: 0.2ms
[2025-03-28T21:16:32.420+0530][gc,heap     ] GC(1273) Eden regions: 49->0(48)
[2025-03-28T21:16:32.420+0530][gc,heap     ] GC(1273) Survivor regions: 2->3(7)
[2025-03-28T21:16:32.420+0530][gc,heap     ] GC(1273) Old regions: 82->82
[2025-03-28T21:16:32.420+0530][gc,heap     ] GC(1273) Archive regions: 2->2
[2025-03-28T21:16:32.420+0530][gc,heap     ] GC(1273) Humongous regions: 149->147
[2025-03-28T21:16:32.420+0530][gc,metaspace] GC(1273) Metaspace: 54804K(55488K)->54804K(55488K) NonClass: 48679K(49024K)->48679K(49024K) Class: 6125K(6464K)->6125K(6464K)
[2025-03-28T21:16:32.420+0530][gc          ] GC(1273) Pause Young (Normal) (G1 Evacuation Pause) 282M->232M(1024M) 5.881ms
[2025-03-28T21:16:32.420+0530][gc,cpu      ] GC(1273) User=0.01s Sys=0.00s Real=0.01s
[2025-03-28T21:16:32.499+0530][gc,start    ] GC(1274) Pause Young (Normal) (G1 Evacuation Pause)
[2025-03-28T21:16:32.499+0530][gc,task     ] GC(1274) Using 2 workers of 2 for evacuation
[2025-03-28T21:16:32.514+0530][gc,phases   ] GC(1274)   Pre Evacuate Collection Set: 0.6ms
[2025-03-28T21:16:32.514+0530][gc,phases   ] GC(1274)   Merge Heap Roots: 0.1ms
[2025-03-28T21:16:32.514+0530][gc,phases   ] GC(1274)   Evacuate Collection Set: 13.5ms
[2025-03-28T21:16:32.514+0530][gc,phases   ] GC(1274)   Post Evacuate Collection Set: 0.5ms
[2025-03-28T21:16:32.514+0530][gc,phases   ] GC(1274)   Other: 0.2ms
[2025-03-28T21:16:32.514+0530][gc,heap     ] GC(1274) Eden regions: 48->0(44)
[2025-03-28T21:16:32.514+0530][gc,heap     ] GC(1274) Survivor regions: 3->7(7)
[2025-03-28T21:16:32.514+0530][gc,heap     ] GC(1274) Old regions: 82->83
[2025-03-28T21:16:32.514+0530][gc,heap     ] GC(1274) Archive regions: 2->2
[2025-03-28T21:16:32.514+0530][gc,heap     ] GC(1274) Humongous regions: 147->147
[2025-03-28T21:16:32.514+0530][gc,metaspace] GC(1274) Metaspace: 54804K(55488K)->54804K(55488K) NonClass: 48679K(49024K)->48679K(49024K) Class: 6125K(6464K)->6125K(6464K)
[2025-03-28T21:16:32.514+0530][gc          ] GC(1274) Pause Young (Normal) (G1 Evacuation Pause) 280M->237M(1024M) 14.874ms
[2025-03-28T21:16:32.514+0530][gc,cpu      ] GC(1274) User=0.01s Sys=0.00s Real=0.02s
[2025-03-28T21:16:32.611+0530][gc,start    ] GC(1275) Pause Young (Normal) (G1 Evacuation Pause)
[2025-03-28T21:16:32.611+0530][gc,task     ] GC(1275) Using 2 workers of 2 for evacuation
[2025-03-28T21:16:32.614+0530][gc,phases   ] GC(1275)   Pre Evacuate Collection Set: 0.3ms
[2025-03-28T21:16:32.614+0530][gc,phases   ] GC(1275)   Merge Heap Roots: 0.1ms
[2025-03-28T21:16:32.614+0530][gc,phases   ] GC(1275)   Evacuate Collection Set: 2.2ms
[2025-03-28T21:16:32.614+0530][gc,phases   ] GC(1275)   Post Evacuate Collection Set: 0.9ms
[2025-03-28T21:16:32.614+0530][gc,phases   ] GC(1275)   Other: 0.1ms
[2025-03-28T21:16:32.614+0530][gc,heap     ] GC(1275) Eden regions: 44->0(50)
[2025-03-28T21:16:32.614+0530][gc,heap     ] GC(1275) Survivor regions: 7->1(7)
[2025-03-28T21:16:32.614+0530][gc,heap     ] GC(1275) Old regions: 83->83
[2025-03-28T21:16:32.614+0530][gc,heap     ] GC(1275) Archive regions: 2->2
[2025-03-28T21:16:32.614+0530][gc,heap     ] GC(1275) Humongous regions: 149->149
[2025-03-28T21:16:32.614+0530][gc,metaspace] GC(1275) Metaspace: 54804K(55488K)->54804K(55488K) NonClass: 48679K(49024K)->48679K(49024K) Class: 6125K(6464K)->6125K(6464K)
[2025-03-28T21:16:32.614+0530][gc          ] GC(1275) Pause Young (Normal) (G1 Evacuation Pause) 283M->233M(1024M) 3.824ms
[2025-03-28T21:16:32.615+0530][gc,cpu      ] GC(1275) User=0.01s Sys=0.00s Real=0.00s
[2025-03-28T21:16:37.993+0530][gc,start    ] GC(1276) Pause Young (Normal) (G1 Evacuation Pause)
[2025-03-28T21:16:37.993+0530][gc,task     ] GC(1276) Using 2 workers of 2 for evacuation
[2025-03-28T21:16:38.031+0530][gc,phases   ] GC(1276)   Pre Evacuate Collection Set: 0.4ms
[2025-03-28T21:16:38.031+0530][gc,phases   ] GC(1276)   Merge Heap Roots: 0.1ms
[2025-03-28T21:16:38.031+0530][gc,phases   ] GC(1276)   Evacuate Collection Set: 12.5ms
[2025-03-28T21:16:38.031+0530][gc,phases   ] GC(1276)   Post Evacuate Collection Set: 0.8ms
[2025-03-28T21:16:38.031+0530][gc,phases   ] GC(1276)   Other: 24.0ms
[2025-03-28T21:16:38.031+0530][gc,heap     ] GC(1276) Eden regions: 50->0(45)
[2025-03-28T21:16:38.031+0530][gc,heap     ] GC(1276) Survivor regions: 1->6(7)
[2025-03-28T21:16:38.031+0530][gc,heap     ] GC(1276) Old regions: 83->83
[2025-03-28T21:16:38.031+0530][gc,heap     ] GC(1276) Archive regions: 2->2
[2025-03-28T21:16:38.031+0530][gc,heap     ] GC(1276) Humongous regions: 149->147
[2025-03-28T21:16:38.031+0530][gc,metaspace] GC(1276) Metaspace: 54804K(55488K)->54804K(55488K) NonClass: 48679K(49024K)->48679K(49024K) Class: 6125K(6464K)->6125K(6464K)
[2025-03-28T21:16:38.031+0530][gc          ] GC(1276) Pause Young (Normal) (G1 Evacuation Pause) 283M->235M(1024M) 38.158ms
[2025-03-28T21:16:38.031+0530][gc,cpu      ] GC(1276) User=0.01s Sys=0.00s Real=0.04s
[2025-03-28T21:16:38.175+0530][gc,start    ] GC(1277) Pause Young (Normal) (G1 Evacuation Pause)
[2025-03-28T21:16:38.175+0530][gc,task     ] GC(1277) Using 2 workers of 2 for evacuation
[2025-03-28T21:16:38.213+0530][gc,mmu      ] GC(1277) MMU target violated: 21.0ms (20.0ms/21.0ms)
[2025-03-28T21:16:38.213+0530][gc,phases   ] GC(1277)   Pre Evacuate Collection Set: 0.5ms
[2025-03-28T21:16:38.213+0530][gc,phases   ] GC(1277)   Merge Heap Roots: 0.1ms
[2025-03-28T21:16:38.213+0530][gc,phases   ] GC(1277)   Evacuate Collection Set: 28.9ms
[2025-03-28T21:16:38.213+0530][gc,phases   ] GC(1277)   Post Evacuate Collection Set: 8.2ms
[2025-03-28T21:16:38.213+0530][gc,phases   ] GC(1277)   Other: 0.2ms
[2025-03-28T21:16:38.213+0530][gc,heap     ] GC(1277) Eden regions: 45->0(49)
[2025-03-28T21:16:38.213+0530][gc,heap     ] GC(1277) Survivor regions: 6->2(7)
[2025-03-28T21:16:38.213+0530][gc,heap     ] GC(1277) Old regions: 83->84
[2025-03-28T21:16:38.213+0530][gc,heap     ] GC(1277) Archive regions: 2->2
[2025-03-28T21:16:38.213+0530][gc,heap     ] GC(1277) Humongous regions: 149->149
[2025-03-28T21:16:38.213+0530][gc,metaspace] GC(1277) Metaspace: 54804K(55488K)->54804K(55488K) NonClass: 48679K(49024K)->48679K(49024K) Class: 6125K(6464K)->6125K(6464K)
[2025-03-28T21:16:38.213+0530][gc          ] GC(1277) Pause Young (Normal) (G1 Evacuation Pause) 282M->235M(1024M) 37.912ms
[2025-03-28T21:16:38.213+0530][gc,cpu      ] GC(1277) User=0.01s Sys=0.01s Real=0.04s
[2025-03-28T21:16:42.429+0530][gc,start    ] GC(1278) Pause Young (Normal) (G1 Evacuation Pause)
[2025-03-28T21:16:42.429+0530][gc,task     ] GC(1278) Using 2 workers of 2 for evacuation
[2025-03-28T21:16:42.437+0530][gc,phases   ] GC(1278)   Pre Evacuate Collection Set: 0.3ms
[2025-03-28T21:16:42.437+0530][gc,phases   ] GC(1278)   Merge Heap Roots: 0.1ms
[2025-03-28T21:16:42.437+0530][gc,phases   ] GC(1278)   Evacuate Collection Set: 6.8ms
[2025-03-28T21:16:42.437+0530][gc,phases   ] GC(1278)   Post Evacuate Collection Set: 0.8ms
[2025-03-28T21:16:42.437+0530][gc,phases   ] GC(1278)   Other: 0.2ms
[2025-03-28T21:16:42.437+0530][gc,heap     ] GC(1278) Eden regions: 49->0(48)
[2025-03-28T21:16:42.437+0530][gc,heap     ] GC(1278) Survivor regions: 2->3(7)
[2025-03-28T21:16:42.437+0530][gc,heap     ] GC(1278) Old regions: 84->84
[2025-03-28T21:16:42.437+0530][gc,heap     ] GC(1278) Archive regions: 2->2
[2025-03-28T21:16:42.437+0530][gc,heap     ] GC(1278) Humongous regions: 149->147
[2025-03-28T21:16:42.437+0530][gc,metaspace] GC(1278) Metaspace: 54804K(55488K)->54804K(55488K) NonClass: 48679K(49024K)->48679K(49024K) Class: 6125K(6464K)->6125K(6464K)
[2025-03-28T21:16:42.437+0530][gc          ] GC(1278) Pause Young (Normal) (G1 Evacuation Pause) 284M->234M(1024M) 8.323ms
[2025-03-28T21:16:42.437+0530][gc,cpu      ] GC(1278) User=0.01s Sys=0.01s Real=0.01s
[2025-03-28T21:16:42.527+0530][gc,start    ] GC(1279) Pause Young (Normal) (G1 Evacuation Pause)
[2025-03-28T21:16:42.527+0530][gc,task     ] GC(1279) Using 2 workers of 2 for evacuation
[2025-03-28T21:16:42.534+0530][gc,phases   ] GC(1279)   Pre Evacuate Collection Set: 0.2ms
[2025-03-28T21:16:42.534+0530][gc,phases   ] GC(1279)   Merge Heap Roots: 0.1ms
[2025-03-28T21:16:42.534+0530][gc,phases   ] GC(1279)   Evacuate Collection Set: 6.1ms
[2025-03-28T21:16:42.534+0530][gc,phases   ] GC(1279)   Post Evacuate Collection Set: 0.8ms
[2025-03-28T21:16:42.534+0530][gc,phases   ] GC(1279)   Other: 0.2ms
[2025-03-28T21:16:42.534+0530][gc,heap     ] GC(1279) Eden regions: 48->0(48)
[2025-03-28T21:16:42.534+0530][gc,heap     ] GC(1279) Survivor regions: 3->3(7)
[2025-03-28T21:16:42.534+0530][gc,heap     ] GC(1279) Old regions: 84->84
[2025-03-28T21:16:42.534+0530][gc,heap     ] GC(1279) Archive regions: 2->2
[2025-03-28T21:16:42.534+0530][gc,heap     ] GC(1279) Humongous regions: 149->149
[2025-03-28T21:16:42.534+0530][gc,metaspace] GC(1279) Metaspace: 54804K(55488K)->54804K(55488K) NonClass: 48679K(49024K)->48679K(49024K) Class: 6125K(6464K)->6125K(6464K)
[2025-03-28T21:16:42.534+0530][gc          ] GC(1279) Pause Young (Normal) (G1 Evacuation Pause) 284M->236M(1024M) 7.540ms
[2025-03-28T21:16:42.534+0530][gc,cpu      ] GC(1279) User=0.01s Sys=0.00s Real=0.00s
[2025-03-28T21:16:47.878+0530][gc,start    ] GC(1280) Pause Young (Normal) (G1 Evacuation Pause)
[2025-03-28T21:16:47.878+0530][gc,task     ] GC(1280) Using 2 workers of 2 for evacuation
[2025-03-28T21:16:47.912+0530][gc,mmu      ] GC(1280) MMU target violated: 21.0ms (20.0ms/21.0ms)
[2025-03-28T21:16:47.912+0530][gc,phases   ] GC(1280)   Pre Evacuate Collection Set: 1.0ms
[2025-03-28T21:16:47.912+0530][gc,phases   ] GC(1280)   Merge Heap Roots: 0.6ms
[2025-03-28T21:16:47.912+0530][gc,phases   ] GC(1280)   Evacuate Collection Set: 28.3ms
[2025-03-28T21:16:47.912+0530][gc,phases   ] GC(1280)   Post Evacuate Collection Set: 3.1ms
[2025-03-28T21:16:47.913+0530][gc,phases   ] GC(1280)   Other: 2.3ms
[2025-03-28T21:16:47.913+0530][gc,heap     ] GC(1280) Eden regions: 48->0(49)
[2025-03-28T21:16:47.913+0530][gc,heap     ] GC(1280) Survivor regions: 3->2(7)
[2025-03-28T21:16:47.913+0530][gc,heap     ] GC(1280) Old regions: 84->84
[2025-03-28T21:16:47.913+0530][gc,heap     ] GC(1280) Archive regions: 2->2
[2025-03-28T21:16:47.913+0530][gc,heap     ] GC(1280) Humongous regions: 149->147
[2025-03-28T21:16:47.913+0530][gc,metaspace] GC(1280) Metaspace: 54804K(55488K)->54804K(55488K) NonClass: 48679K(49024K)->48679K(49024K) Class: 6125K(6464K)->6125K(6464K)
[2025-03-28T21:16:47.913+0530][gc          ] GC(1280) Pause Young (Normal) (G1 Evacuation Pause) 284M->233M(1024M) 35.429ms
[2025-03-28T21:16:47.913+0530][gc,cpu      ] GC(1280) User=0.03s Sys=0.01s Real=0.03s
[2025-03-28T21:16:48.010+0530][gc,start    ] GC(1281) Pause Young (Normal) (G1 Evacuation Pause)
[2025-03-28T21:16:48.010+0530][gc,task     ] GC(1281) Using 2 workers of 2 for evacuation
[2025-03-28T21:16:48.052+0530][gc,mmu      ] GC(1281) MMU target violated: 21.0ms (20.0ms/21.0ms)
[2025-03-28T21:16:48.052+0530][gc,phases   ] GC(1281)   Pre Evacuate Collection Set: 0.2ms
[2025-03-28T21:16:48.052+0530][gc,phases   ] GC(1281)   Merge Heap Roots: 0.1ms
[2025-03-28T21:16:48.052+0530][gc,phases   ] GC(1281)   Evacuate Collection Set: 30.9ms
[2025-03-28T21:16:48.052+0530][gc,phases   ] GC(1281)   Post Evacuate Collection Set: 10.2ms
[2025-03-28T21:16:48.052+0530][gc,phases   ] GC(1281)   Other: 0.3ms
[2025-03-28T21:16:48.052+0530][gc,heap     ] GC(1281) Eden regions: 49->0(44)
[2025-03-28T21:16:48.052+0530][gc,heap     ] GC(1281) Survivor regions: 2->7(7)
[2025-03-28T21:16:48.052+0530][gc,heap     ] GC(1281) Old regions: 84->84
[2025-03-28T21:16:48.052+0530][gc,heap     ] GC(1281) Archive regions: 2->2
[2025-03-28T21:16:48.052+0530][gc,heap     ] GC(1281) Humongous regions: 147->147
[2025-03-28T21:16:48.052+0530][gc,metaspace] GC(1281) Metaspace: 54804K(55488K)->54804K(55488K) NonClass: 48679K(49024K)->48679K(49024K) Class: 6125K(6464K)->6125K(6464K)
[2025-03-28T21:16:48.052+0530][gc          ] GC(1281) Pause Young (Normal) (G1 Evacuation Pause) 282M->238M(1024M) 41.856ms
[2025-03-28T21:16:48.052+0530][gc,cpu      ] GC(1281) User=0.02s Sys=0.00s Real=0.04s
[2025-03-28T21:16:48.350+0530][gc,start    ] GC(1282) Pause Young (Normal) (G1 Evacuation Pause)
[2025-03-28T21:16:48.350+0530][gc,task     ] GC(1282) Using 2 workers of 2 for evacuation
[2025-03-28T21:16:48.449+0530][gc,mmu      ] GC(1282) MMU target violated: 21.0ms (20.0ms/21.0ms)
[2025-03-28T21:16:48.449+0530][gc,phases   ] GC(1282)   Pre Evacuate Collection Set: 0.3ms
[2025-03-28T21:16:48.449+0530][gc,phases   ] GC(1282)   Merge Heap Roots: 0.1ms
[2025-03-28T21:16:48.449+0530][gc,phases   ] GC(1282)   Evacuate Collection Set: 95.3ms
[2025-03-28T21:16:48.449+0530][gc,phases   ] GC(1282)   Post Evacuate Collection Set: 3.5ms
[2025-03-28T21:16:48.449+0530][gc,phases   ] GC(1282)   Other: 0.3ms
[2025-03-28T21:16:48.449+0530][gc,heap     ] GC(1282) Eden regions: 44->0(49)
[2025-03-28T21:16:48.449+0530][gc,heap     ] GC(1282) Survivor regions: 7->2(7)
[2025-03-28T21:16:48.449+0530][gc,heap     ] GC(1282) Old regions: 84->86
[2025-03-28T21:16:48.449+0530][gc,heap     ] GC(1282) Archive regions: 2->2
[2025-03-28T21:16:48.449+0530][gc,heap     ] GC(1282) Humongous regions: 149->149
[2025-03-28T21:16:48.449+0530][gc,metaspace] GC(1282) Metaspace: 54804K(55488K)->54804K(55488K) NonClass: 48679K(49024K)->48679K(49024K) Class: 6125K(6464K)->6125K(6464K)
[2025-03-28T21:16:48.450+0530][gc          ] GC(1282) Pause Young (Normal) (G1 Evacuation Pause) 284M->236M(1024M) 99.624ms
[2025-03-28T21:16:48.450+0530][gc,cpu      ] GC(1282) User=0.03s Sys=0.00s Real=0.10s
[2025-03-28T21:16:52.535+0530][gc,start    ] GC(1283) Pause Young (Normal) (G1 Evacuation Pause)
[2025-03-28T21:16:52.535+0530][gc,task     ] GC(1283) Using 2 workers of 2 for evacuation
[2025-03-28T21:16:52.549+0530][gc,phases   ] GC(1283)   Pre Evacuate Collection Set: 0.4ms
[2025-03-28T21:16:52.549+0530][gc,phases   ] GC(1283)   Merge Heap Roots: 0.2ms
[2025-03-28T21:16:52.549+0530][gc,phases   ] GC(1283)   Evacuate Collection Set: 11.6ms
[2025-03-28T21:16:52.549+0530][gc,phases   ] GC(1283)   Post Evacuate Collection Set: 1.0ms
[2025-03-28T21:16:52.549+0530][gc,phases   ] GC(1283)   Other: 0.2ms
[2025-03-28T21:16:52.549+0530][gc,heap     ] GC(1283) Eden regions: 49->0(47)
[2025-03-28T21:16:52.549+0530][gc,heap     ] GC(1283) Survivor regions: 2->4(7)
[2025-03-28T21:16:52.549+0530][gc,heap     ] GC(1283) Old regions: 86->86
[2025-03-28T21:16:52.549+0530][gc,heap     ] GC(1283) Archive regions: 2->2
[2025-03-28T21:16:52.549+0530][gc,heap     ] GC(1283) Humongous regions: 149->147
[2025-03-28T21:16:52.549+0530][gc,metaspace] GC(1283) Metaspace: 54804K(55488K)->54804K(55488K) NonClass: 48679K(49024K)->48679K(49024K) Class: 6125K(6464K)->6125K(6464K)
[2025-03-28T21:16:52.549+0530][gc          ] GC(1283) Pause Young (Normal) (G1 Evacuation Pause) 285M->236M(1024M) 13.578ms
[2025-03-28T21:16:52.549+0530][gc,cpu      ] GC(1283) User=0.01s Sys=0.00s Real=0.02s
[2025-03-28T21:16:52.647+0530][gc,start    ] GC(1284) Pause Young (Normal) (G1 Evacuation Pause)
[2025-03-28T21:16:52.647+0530][gc,task     ] GC(1284) Using 2 workers of 2 for evacuation
[2025-03-28T21:16:52.678+0530][gc,mmu      ] GC(1284) MMU target violated: 21.0ms (20.0ms/21.0ms)
[2025-03-28T21:16:52.679+0530][gc,phases   ] GC(1284)   Pre Evacuate Collection Set: 0.3ms
[2025-03-28T21:16:52.679+0530][gc,phases   ] GC(1284)   Merge Heap Roots: 0.2ms
[2025-03-28T21:16:52.679+0530][gc,phases   ] GC(1284)   Evacuate Collection Set: 30.2ms
[2025-03-28T21:16:52.679+0530][gc,phases   ] GC(1284)   Post Evacuate Collection Set: 0.7ms
[2025-03-28T21:16:52.679+0530][gc,phases   ] GC(1284)   Other: 0.2ms
[2025-03-28T21:16:52.679+0530][gc,heap     ] GC(1284) Eden regions: 47->0(49)
[2025-03-28T21:16:52.679+0530][gc,heap     ] GC(1284) Survivor regions: 4->2(7)
[2025-03-28T21:16:52.679+0530][gc,heap     ] GC(1284) Old regions: 86->86
[2025-03-28T21:16:52.679+0530][gc,heap     ] GC(1284) Archive regions: 2->2
[2025-03-28T21:16:52.679+0530][gc,heap     ] GC(1284) Humongous regions: 149->149
[2025-03-28T21:16:52.679+0530][gc,metaspace] GC(1284) Metaspace: 54804K(55488K)->54804K(55488K) NonClass: 48679K(49024K)->48679K(49024K) Class: 6125K(6464K)->6125K(6464K)
[2025-03-28T21:16:52.679+0530][gc          ] GC(1284) Pause Young (Normal) (G1 Evacuation Pause) 285M->237M(1024M) 31.663ms
[2025-03-28T21:16:52.679+0530][gc,cpu      ] GC(1284) User=0.01s Sys=0.01s Real=0.03s
[2025-03-28T21:17:01.694+0530][gc,start    ] GC(1285) Pause Young (Normal) (G1 Evacuation Pause)
[2025-03-28T21:17:01.695+0530][gc,task     ] GC(1285) Using 2 workers of 2 for evacuation
[2025-03-28T21:17:01.708+0530][gc,phases   ] GC(1285)   Pre Evacuate Collection Set: 0.9ms
[2025-03-28T21:17:01.708+0530][gc,phases   ] GC(1285)   Merge Heap Roots: 0.5ms
[2025-03-28T21:17:01.708+0530][gc,phases   ] GC(1285)   Evacuate Collection Set: 10.3ms
[2025-03-28T21:17:01.708+0530][gc,phases   ] GC(1285)   Post Evacuate Collection Set: 1.2ms
[2025-03-28T21:17:01.708+0530][gc,phases   ] GC(1285)   Other: 0.4ms
[2025-03-28T21:17:01.708+0530][gc,heap     ] GC(1285) Eden regions: 49->0(49)
[2025-03-28T21:17:01.708+0530][gc,heap     ] GC(1285) Survivor regions: 2->2(7)
[2025-03-28T21:17:01.708+0530][gc,heap     ] GC(1285) Old regions: 86->86
[2025-03-28T21:17:01.708+0530][gc,heap     ] GC(1285) Archive regions: 2->2
[2025-03-28T21:17:01.708+0530][gc,heap     ] GC(1285) Humongous regions: 149->147
[2025-03-28T21:17:01.708+0530][gc,metaspace] GC(1285) Metaspace: 54804K(55488K)->54804K(55488K) NonClass: 48679K(49024K)->48679K(49024K) Class: 6125K(6464K)->6125K(6464K)
[2025-03-28T21:17:01.708+0530][gc          ] GC(1285) Pause Young (Normal) (G1 Evacuation Pause) 286M->235M(1024M) 13.558ms
[2025-03-28T21:17:01.708+0530][gc,cpu      ] GC(1285) User=0.02s Sys=0.00s Real=0.02s
[2025-03-28T21:17:01.770+0530][gc,start    ] GC(1286) Pause Young (Normal) (G1 Evacuation Pause)
[2025-03-28T21:17:01.770+0530][gc,task     ] GC(1286) Using 2 workers of 2 for evacuation
[2025-03-28T21:17:01.782+0530][gc,phases   ] GC(1286)   Pre Evacuate Collection Set: 0.3ms
[2025-03-28T21:17:01.782+0530][gc,phases   ] GC(1286)   Merge Heap Roots: 0.1ms
[2025-03-28T21:17:01.782+0530][gc,phases   ] GC(1286)   Evacuate Collection Set: 11.3ms
[2025-03-28T21:17:01.782+0530][gc,phases   ] GC(1286)   Post Evacuate Collection Set: 0.5ms
[2025-03-28T21:17:01.782+0530][gc,phases   ] GC(1286)   Other: 0.2ms
[2025-03-28T21:17:01.782+0530][gc,heap     ] GC(1286) Eden regions: 49->0(44)
[2025-03-28T21:17:01.782+0530][gc,heap     ] GC(1286) Survivor regions: 2->7(7)
[2025-03-28T21:17:01.782+0530][gc,heap     ] GC(1286) Old regions: 86->86
[2025-03-28T21:17:01.782+0530][gc,heap     ] GC(1286) Archive regions: 2->2
[2025-03-28T21:17:01.782+0530][gc,heap     ] GC(1286) Humongous regions: 147->147
[2025-03-28T21:17:01.782+0530][gc,metaspace] GC(1286) Metaspace: 54804K(55488K)->54804K(55488K) NonClass: 48679K(49024K)->48679K(49024K) Class: 6125K(6464K)->6125K(6464K)
[2025-03-28T21:17:01.782+0530][gc          ] GC(1286) Pause Young (Normal) (G1 Evacuation Pause) 284M->240M(1024M) 12.669ms
[2025-03-28T21:17:01.782+0530][gc,cpu      ] GC(1286) User=0.02s Sys=0.00s Real=0.01s
[2025-03-28T21:17:01.853+0530][gc,start    ] GC(1287) Pause Young (Normal) (G1 Evacuation Pause)
[2025-03-28T21:17:01.853+0530][gc,task     ] GC(1287) Using 2 workers of 2 for evacuation
[2025-03-28T21:17:01.906+0530][gc,mmu      ] GC(1287) MMU target violated: 21.0ms (20.0ms/21.0ms)
[2025-03-28T21:17:01.906+0530][gc,phases   ] GC(1287)   Pre Evacuate Collection Set: 0.7ms
[2025-03-28T21:17:01.906+0530][gc,phases   ] GC(1287)   Merge Heap Roots: 0.3ms
[2025-03-28T21:17:01.906+0530][gc,phases   ] GC(1287)   Evacuate Collection Set: 51.2ms
[2025-03-28T21:17:01.906+0530][gc,phases   ] GC(1287)   Post Evacuate Collection Set: 0.5ms
[2025-03-28T21:17:01.906+0530][gc,phases   ] GC(1287)   Other: 0.8ms
[2025-03-28T21:17:01.906+0530][gc,heap     ] GC(1287) Eden regions: 44->0(49)
[2025-03-28T21:17:01.906+0530][gc,heap     ] GC(1287) Survivor regions: 7->2(7)
[2025-03-28T21:17:01.906+0530][gc,heap     ] GC(1287) Old regions: 86->88
[2025-03-28T21:17:01.906+0530][gc,heap     ] GC(1287) Archive regions: 2->2
[2025-03-28T21:17:01.906+0530][gc,heap     ] GC(1287) Humongous regions: 149->149
[2025-03-28T21:17:01.906+0530][gc,metaspace] GC(1287) Metaspace: 54804K(55488K)->54804K(55488K) NonClass: 48679K(49024K)->48679K(49024K) Class: 6125K(6464K)->6125K(6464K)
[2025-03-28T21:17:01.906+0530][gc          ] GC(1287) Pause Young (Normal) (G1 Evacuation Pause) 286M->239M(1024M) 53.493ms
[2025-03-28T21:17:01.906+0530][gc,cpu      ] GC(1287) User=0.01s Sys=0.01s Real=0.06s
[2025-03-28T21:17:02.461+0530][gc,start    ] GC(1288) Pause Young (Normal) (G1 Evacuation Pause)
[2025-03-28T21:17:02.461+0530][gc,task     ] GC(1288) Using 2 workers of 2 for evacuation
[2025-03-28T21:17:02.468+0530][gc,phases   ] GC(1288)   Pre Evacuate Collection Set: 0.4ms
[2025-03-28T21:17:02.468+0530][gc,phases   ] GC(1288)   Merge Heap Roots: 0.2ms
[2025-03-28T21:17:02.468+0530][gc,phases   ] GC(1288)   Evacuate Collection Set: 5.8ms
[2025-03-28T21:17:02.468+0530][gc,phases   ] GC(1288)   Post Evacuate Collection Set: 0.5ms
[2025-03-28T21:17:02.468+0530][gc,phases   ] GC(1288)   Other: 0.2ms
[2025-03-28T21:17:02.468+0530][gc,heap     ] GC(1288) Eden regions: 49->0(46)
[2025-03-28T21:17:02.468+0530][gc,heap     ] GC(1288) Survivor regions: 2->5(7)
[2025-03-28T21:17:02.468+0530][gc,heap     ] GC(1288) Old regions: 88->88
[2025-03-28T21:17:02.468+0530][gc,heap     ] GC(1288) Archive regions: 2->2
[2025-03-28T21:17:02.468+0530][gc,heap     ] GC(1288) Humongous regions: 149->147
[2025-03-28T21:17:02.468+0530][gc,metaspace] GC(1288) Metaspace: 54804K(55488K)->54804K(55488K) NonClass: 48679K(49024K)->48679K(49024K) Class: 6125K(6464K)->6125K(6464K)
[2025-03-28T21:17:02.468+0530][gc          ] GC(1288) Pause Young (Normal) (G1 Evacuation Pause) 288M->239M(1024M) 7.155ms
[2025-03-28T21:17:02.468+0530][gc,cpu      ] GC(1288) User=0.01s Sys=0.00s Real=0.01s
[2025-03-28T21:17:02.555+0530][gc,start    ] GC(1289) Pause Young (Normal) (G1 Evacuation Pause)
[2025-03-28T21:17:02.555+0530][gc,task     ] GC(1289) Using 2 workers of 2 for evacuation
[2025-03-28T21:17:02.580+0530][gc,mmu      ] GC(1289) MMU target violated: 21.0ms (20.0ms/21.0ms)
[2025-03-28T21:17:02.580+0530][gc,phases   ] GC(1289)   Pre Evacuate Collection Set: 0.8ms
[2025-03-28T21:17:02.580+0530][gc,phases   ] GC(1289)   Merge Heap Roots: 0.1ms
[2025-03-28T21:17:02.580+0530][gc,phases   ] GC(1289)   Evacuate Collection Set: 22.6ms
[2025-03-28T21:17:02.580+0530][gc,phases   ] GC(1289)   Post Evacuate Collection Set: 0.5ms
[2025-03-28T21:17:02.580+0530][gc,phases   ] GC(1289)   Other: 1.1ms
[2025-03-28T21:17:02.580+0530][gc,heap     ] GC(1289) Eden regions: 46->0(49)
[2025-03-28T21:17:02.580+0530][gc,heap     ] GC(1289) Survivor regions: 5->2(7)
[2025-03-28T21:17:02.580+0530][gc,heap     ] GC(1289) Old regions: 88->89
[2025-03-28T21:17:02.580+0530][gc,heap     ] GC(1289) Archive regions: 2->2
[2025-03-28T21:17:02.580+0530][gc,heap     ] GC(1289) Humongous regions: 149->149
[2025-03-28T21:17:02.580+0530][gc,metaspace] GC(1289) Metaspace: 54804K(55488K)->54804K(55488K) NonClass: 48679K(49024K)->48679K(49024K) Class: 6125K(6464K)->6125K(6464K)
[2025-03-28T21:17:02.581+0530][gc          ] GC(1289) Pause Young (Normal) (G1 Evacuation Pause) 287M->239M(1024M) 25.088ms
[2025-03-28T21:17:02.581+0530][gc,cpu      ] GC(1289) User=0.01s Sys=0.00s Real=0.04s
[2025-03-28T21:17:11.705+0530][gc,start    ] GC(1290) Pause Young (Normal) (G1 Evacuation Pause)
[2025-03-28T21:17:11.705+0530][gc,task     ] GC(1290) Using 2 workers of 2 for evacuation
[2025-03-28T21:17:11.714+0530][gc,phases   ] GC(1290)   Pre Evacuate Collection Set: 0.7ms
[2025-03-28T21:17:11.714+0530][gc,phases   ] GC(1290)   Merge Heap Roots: 0.2ms
[2025-03-28T21:17:11.714+0530][gc,phases   ] GC(1290)   Evacuate Collection Set: 6.7ms
[2025-03-28T21:17:11.714+0530][gc,phases   ] GC(1290)   Post Evacuate Collection Set: 1.2ms
[2025-03-28T21:17:11.714+0530][gc,phases   ] GC(1290)   Other: 0.2ms
[2025-03-28T21:17:11.714+0530][gc,heap     ] GC(1290) Eden regions: 49->0(48)
[2025-03-28T21:17:11.714+0530][gc,heap     ] GC(1290) Survivor regions: 2->3(7)
[2025-03-28T21:17:11.714+0530][gc,heap     ] GC(1290) Old regions: 89->89
[2025-03-28T21:17:11.714+0530][gc,heap     ] GC(1290) Archive regions: 2->2
[2025-03-28T21:17:11.714+0530][gc,heap     ] GC(1290) Humongous regions: 149->147
[2025-03-28T21:17:11.714+0530][gc,metaspace] GC(1290) Metaspace: 54804K(55488K)->54804K(55488K) NonClass: 48679K(49024K)->48679K(49024K) Class: 6125K(6464K)->6125K(6464K)
[2025-03-28T21:17:11.714+0530][gc          ] GC(1290) Pause Young (Normal) (G1 Evacuation Pause) 288M->238M(1024M) 9.228ms
[2025-03-28T21:17:11.714+0530][gc,cpu      ] GC(1290) User=0.01s Sys=0.01s Real=0.01s
[2025-03-28T21:17:11.784+0530][gc,start    ] GC(1291) Pause Young (Normal) (G1 Evacuation Pause)
[2025-03-28T21:17:11.784+0530][gc,task     ] GC(1291) Using 2 workers of 2 for evacuation
[2025-03-28T21:17:11.813+0530][gc,mmu      ] GC(1291) MMU target violated: 21.0ms (20.0ms/21.0ms)
[2025-03-28T21:17:11.813+0530][gc,phases   ] GC(1291)   Pre Evacuate Collection Set: 0.4ms
[2025-03-28T21:17:11.813+0530][gc,phases   ] GC(1291)   Merge Heap Roots: 0.1ms
[2025-03-28T21:17:11.813+0530][gc,phases   ] GC(1291)   Evacuate Collection Set: 27.0ms
[2025-03-28T21:17:11.813+0530][gc,phases   ] GC(1291)   Post Evacuate Collection Set: 0.6ms
[2025-03-28T21:17:11.813+0530][gc,phases   ] GC(1291)   Other: 0.8ms
[2025-03-28T21:17:11.813+0530][gc,heap     ] GC(1291) Eden regions: 48->0(44)
[2025-03-28T21:17:11.813+0530][gc,heap     ] GC(1291) Survivor regions: 3->7(7)
[2025-03-28T21:17:11.813+0530][gc,heap     ] GC(1291) Old regions: 89->89
[2025-03-28T21:17:11.813+0530][gc,heap     ] GC(1291) Archive regions: 2->2
[2025-03-28T21:17:11.813+0530][gc,heap     ] GC(1291) Humongous regions: 147->147
[2025-03-28T21:17:11.813+0530][gc,metaspace] GC(1291) Metaspace: 54804K(55488K)->54804K(55488K) NonClass: 48679K(49024K)->48679K(49024K) Class: 6125K(6464K)->6125K(6464K)
[2025-03-28T21:17:11.813+0530][gc          ] GC(1291) Pause Young (Normal) (G1 Evacuation Pause) 286M->243M(1024M) 28.960ms
[2025-03-28T21:17:11.813+0530][gc,cpu      ] GC(1291) User=0.02s Sys=0.00s Real=0.04s
[2025-03-28T21:17:11.870+0530][gc,start    ] GC(1292) Pause Young (Normal) (G1 Evacuation Pause)
[2025-03-28T21:17:11.870+0530][gc,task     ] GC(1292) Using 2 workers of 2 for evacuation
[2025-03-28T21:17:11.910+0530][gc,mmu      ] GC(1292) MMU target violated: 21.0ms (20.0ms/21.0ms)
[2025-03-28T21:17:11.910+0530][gc,phases   ] GC(1292)   Pre Evacuate Collection Set: 0.2ms
[2025-03-28T21:17:11.910+0530][gc,phases   ] GC(1292)   Merge Heap Roots: 0.2ms
[2025-03-28T21:17:11.910+0530][gc,phases   ] GC(1292)   Evacuate Collection Set: 38.9ms
[2025-03-28T21:17:11.910+0530][gc,phases   ] GC(1292)   Post Evacuate Collection Set: 0.6ms
[2025-03-28T21:17:11.910+0530][gc,phases   ] GC(1292)   Other: 0.2ms
[2025-03-28T21:17:11.910+0530][gc,heap     ] GC(1292) Eden regions: 44->0(50)
[2025-03-28T21:17:11.910+0530][gc,heap     ] GC(1292) Survivor regions: 7->1(7)
[2025-03-28T21:17:11.910+0530][gc,heap     ] GC(1292) Old regions: 89->91
[2025-03-28T21:17:11.910+0530][gc,heap     ] GC(1292) Archive regions: 2->2
[2025-03-28T21:17:11.910+0530][gc,heap     ] GC(1292) Humongous regions: 149->149
[2025-03-28T21:17:11.910+0530][gc,metaspace] GC(1292) Metaspace: 54804K(55488K)->54804K(55488K) NonClass: 48679K(49024K)->48679K(49024K) Class: 6125K(6464K)->6125K(6464K)
[2025-03-28T21:17:11.910+0530][gc          ] GC(1292) Pause Young (Normal) (G1 Evacuation Pause) 289M->241M(1024M) 40.055ms
[2025-03-28T21:17:11.910+0530][gc,cpu      ] GC(1292) User=0.02s Sys=0.00s Real=0.04s
[2025-03-28T21:17:12.526+0530][gc,start    ] GC(1293) Pause Young (Normal) (G1 Evacuation Pause)
[2025-03-28T21:17:12.526+0530][gc,task     ] GC(1293) Using 2 workers of 2 for evacuation
[2025-03-28T21:17:12.534+0530][gc,phases   ] GC(1293)   Pre Evacuate Collection Set: 0.6ms
[2025-03-28T21:17:12.534+0530][gc,phases   ] GC(1293)   Merge Heap Roots: 0.1ms
[2025-03-28T21:17:12.534+0530][gc,phases   ] GC(1293)   Evacuate Collection Set: 6.7ms
[2025-03-28T21:17:12.534+0530][gc,phases   ] GC(1293)   Post Evacuate Collection Set: 0.6ms
[2025-03-28T21:17:12.534+0530][gc,phases   ] GC(1293)   Other: 0.1ms
[2025-03-28T21:17:12.534+0530][gc,heap     ] GC(1293) Eden regions: 50->0(45)
[2025-03-28T21:17:12.534+0530][gc,heap     ] GC(1293) Survivor regions: 1->6(7)
[2025-03-28T21:17:12.534+0530][gc,heap     ] GC(1293) Old regions: 91->91
[2025-03-28T21:17:12.534+0530][gc,heap     ] GC(1293) Archive regions: 2->2
[2025-03-28T21:17:12.534+0530][gc,heap     ] GC(1293) Humongous regions: 149->147
[2025-03-28T21:17:12.534+0530][gc,metaspace] GC(1293) Metaspace: 54804K(55488K)->54804K(55488K) NonClass: 48679K(49024K)->48679K(49024K) Class: 6125K(6464K)->6125K(6464K)
[2025-03-28T21:17:12.534+0530][gc          ] GC(1293) Pause Young (Normal) (G1 Evacuation Pause) 291M->243M(1024M) 8.303ms
[2025-03-28T21:17:12.534+0530][gc,cpu      ] GC(1293) User=0.01s Sys=0.00s Real=0.01s
[2025-03-28T21:17:12.633+0530][gc,start    ] GC(1294) Pause Young (Normal) (G1 Evacuation Pause)
[2025-03-28T21:17:12.633+0530][gc,task     ] GC(1294) Using 2 workers of 2 for evacuation
[2025-03-28T21:17:12.666+0530][gc,mmu      ] GC(1294) MMU target violated: 21.0ms (20.0ms/21.0ms)
[2025-03-28T21:17:12.666+0530][gc,phases   ] GC(1294)   Pre Evacuate Collection Set: 0.2ms
[2025-03-28T21:17:12.667+0530][gc,phases   ] GC(1294)   Merge Heap Roots: 0.1ms
[2025-03-28T21:17:12.667+0530][gc,phases   ] GC(1294)   Evacuate Collection Set: 29.9ms
[2025-03-28T21:17:12.667+0530][gc,phases   ] GC(1294)   Post Evacuate Collection Set: 2.4ms
[2025-03-28T21:17:12.667+0530][gc,phases   ] GC(1294)   Other: 0.9ms
[2025-03-28T21:17:12.667+0530][gc,heap     ] GC(1294) Eden regions: 45->0(49)
[2025-03-28T21:17:12.667+0530][gc,heap     ] GC(1294) Survivor regions: 6->2(7)
[2025-03-28T21:17:12.667+0530][gc,heap     ] GC(1294) Old regions: 91->92
[2025-03-28T21:17:12.667+0530][gc,heap     ] GC(1294) Archive regions: 2->2
[2025-03-28T21:17:12.667+0530][gc,heap     ] GC(1294) Humongous regions: 149->149
[2025-03-28T21:17:12.667+0530][gc,metaspace] GC(1294) Metaspace: 54804K(55488K)->54804K(55488K) NonClass: 48679K(49024K)->48679K(49024K) Class: 6125K(6464K)->6125K(6464K)
[2025-03-28T21:17:12.667+0530][gc          ] GC(1294) Pause Young (Normal) (G1 Evacuation Pause) 290M->243M(1024M) 33.731ms
[2025-03-28T21:17:12.667+0530][gc,cpu      ] GC(1294) User=0.01s Sys=0.01s Real=0.04s
[2025-03-28T21:17:21.820+0530][gc,start    ] GC(1295) Pause Young (Normal) (G1 Evacuation Pause)
[2025-03-28T21:17:21.820+0530][gc,task     ] GC(1295) Using 2 workers of 2 for evacuation
[2025-03-28T21:17:21.831+0530][gc,phases   ] GC(1295)   Pre Evacuate Collection Set: 0.6ms
[2025-03-28T21:17:21.832+0530][gc,phases   ] GC(1295)   Merge Heap Roots: 0.4ms
[2025-03-28T21:17:21.832+0530][gc,phases   ] GC(1295)   Evacuate Collection Set: 9.2ms
[2025-03-28T21:17:21.832+0530][gc,phases   ] GC(1295)   Post Evacuate Collection Set: 0.9ms
[2025-03-28T21:17:21.832+0530][gc,phases   ] GC(1295)   Other: 0.2ms
[2025-03-28T21:17:21.832+0530][gc,heap     ] GC(1295) Eden regions: 49->0(48)
[2025-03-28T21:17:21.832+0530][gc,heap     ] GC(1295) Survivor regions: 2->3(7)
[2025-03-28T21:17:21.832+0530][gc,heap     ] GC(1295) Old regions: 92->92
[2025-03-28T21:17:21.832+0530][gc,heap     ] GC(1295) Archive regions: 2->2
[2025-03-28T21:17:21.832+0530][gc,heap     ] GC(1295) Humongous regions: 149->147
[2025-03-28T21:17:21.832+0530][gc,metaspace] GC(1295) Metaspace: 54804K(55488K)->54804K(55488K) NonClass: 48679K(49024K)->48679K(49024K) Class: 6125K(6464K)->6125K(6464K)
[2025-03-28T21:17:21.832+0530][gc          ] GC(1295) Pause Young (Normal) (G1 Evacuation Pause) 292M->242M(1024M) 11.549ms
[2025-03-28T21:17:21.832+0530][gc,cpu      ] GC(1295) User=0.02s Sys=0.00s Real=0.01s
[2025-03-28T21:17:21.937+0530][gc,start    ] GC(1296) Pause Young (Normal) (G1 Evacuation Pause)
[2025-03-28T21:17:21.937+0530][gc,task     ] GC(1296) Using 2 workers of 2 for evacuation
[2025-03-28T21:17:21.977+0530][gc,mmu      ] GC(1296) MMU target violated: 21.0ms (20.0ms/21.0ms)
[2025-03-28T21:17:21.977+0530][gc,phases   ] GC(1296)   Pre Evacuate Collection Set: 0.3ms
[2025-03-28T21:17:21.977+0530][gc,phases   ] GC(1296)   Merge Heap Roots: 0.3ms
[2025-03-28T21:17:21.977+0530][gc,phases   ] GC(1296)   Evacuate Collection Set: 38.8ms
[2025-03-28T21:17:21.977+0530][gc,phases   ] GC(1296)   Post Evacuate Collection Set: 0.5ms
[2025-03-28T21:17:21.977+0530][gc,phases   ] GC(1296)   Other: 0.3ms
[2025-03-28T21:17:21.977+0530][gc,heap     ] GC(1296) Eden regions: 48->0(44)
[2025-03-28T21:17:21.977+0530][gc,heap     ] GC(1296) Survivor regions: 3->7(7)
[2025-03-28T21:17:21.977+0530][gc,heap     ] GC(1296) Old regions: 92->93
[2025-03-28T21:17:21.977+0530][gc,heap     ] GC(1296) Archive regions: 2->2
[2025-03-28T21:17:21.977+0530][gc,heap     ] GC(1296) Humongous regions: 147->147
[2025-03-28T21:17:21.977+0530][gc,metaspace] GC(1296) Metaspace: 54804K(55488K)->54804K(55488K) NonClass: 48679K(49024K)->48679K(49024K) Class: 6125K(6464K)->6125K(6464K)
[2025-03-28T21:17:21.977+0530][gc          ] GC(1296) Pause Young (Normal) (G1 Evacuation Pause) 290M->247M(1024M) 40.268ms
[2025-03-28T21:17:21.977+0530][gc,cpu      ] GC(1296) User=0.03s Sys=0.00s Real=0.04s
[2025-03-28T21:17:22.450+0530][gc,start    ] GC(1297) Pause Young (Normal) (G1 Evacuation Pause)
[2025-03-28T21:17:22.450+0530][gc,task     ] GC(1297) Using 2 workers of 2 for evacuation
[2025-03-28T21:17:22.469+0530][gc,phases   ] GC(1297)   Pre Evacuate Collection Set: 0.9ms
[2025-03-28T21:17:22.469+0530][gc,phases   ] GC(1297)   Merge Heap Roots: 0.7ms
[2025-03-28T21:17:22.469+0530][gc,phases   ] GC(1297)   Evacuate Collection Set: 15.6ms
[2025-03-28T21:17:22.469+0530][gc,phases   ] GC(1297)   Post Evacuate Collection Set: 1.4ms
[2025-03-28T21:17:22.469+0530][gc,phases   ] GC(1297)   Other: 0.4ms
[2025-03-28T21:17:22.469+0530][gc,heap     ] GC(1297) Eden regions: 44->0(50)
[2025-03-28T21:17:22.469+0530][gc,heap     ] GC(1297) Survivor regions: 7->1(7)
[2025-03-28T21:17:22.469+0530][gc,heap     ] GC(1297) Old regions: 93->93
[2025-03-28T21:17:22.469+0530][gc,heap     ] GC(1297) Archive regions: 2->2
[2025-03-28T21:17:22.469+0530][gc,heap     ] GC(1297) Humongous regions: 149->147
[2025-03-28T21:17:22.469+0530][gc,metaspace] GC(1297) Metaspace: 54804K(55488K)->54804K(55488K) NonClass: 48679K(49024K)->48679K(49024K) Class: 6125K(6464K)->6125K(6464K)
[2025-03-28T21:17:22.469+0530][gc          ] GC(1297) Pause Young (Normal) (G1 Evacuation Pause) 293M->241M(1024M) 19.265ms
[2025-03-28T21:17:22.469+0530][gc,cpu      ] GC(1297) User=0.03s Sys=0.00s Real=0.02s
[2025-03-28T21:17:22.549+0530][gc,start    ] GC(1298) Pause Young (Normal) (G1 Evacuation Pause)
[2025-03-28T21:17:22.549+0530][gc,task     ] GC(1298) Using 2 workers of 2 for evacuation
[2025-03-28T21:17:22.556+0530][gc,phases   ] GC(1298)   Pre Evacuate Collection Set: 0.2ms
[2025-03-28T21:17:22.556+0530][gc,phases   ] GC(1298)   Merge Heap Roots: 0.1ms
[2025-03-28T21:17:22.556+0530][gc,phases   ] GC(1298)   Evacuate Collection Set: 5.6ms
[2025-03-28T21:17:22.556+0530][gc,phases   ] GC(1298)   Post Evacuate Collection Set: 0.9ms
[2025-03-28T21:17:22.556+0530][gc,phases   ] GC(1298)   Other: 0.2ms
[2025-03-28T21:17:22.556+0530][gc,heap     ] GC(1298) Eden regions: 50->0(45)
[2025-03-28T21:17:22.556+0530][gc,heap     ] GC(1298) Survivor regions: 1->6(7)
[2025-03-28T21:17:22.556+0530][gc,heap     ] GC(1298) Old regions: 93->93
[2025-03-28T21:17:22.556+0530][gc,heap     ] GC(1298) Archive regions: 2->2
[2025-03-28T21:17:22.556+0530][gc,heap     ] GC(1298) Humongous regions: 147->147
[2025-03-28T21:17:22.556+0530][gc,metaspace] GC(1298) Metaspace: 54804K(55488K)->54804K(55488K) NonClass: 48679K(49024K)->48679K(49024K) Class: 6125K(6464K)->6125K(6464K)
[2025-03-28T21:17:22.556+0530][gc          ] GC(1298) Pause Young (Normal) (G1 Evacuation Pause) 291M->246M(1024M) 7.244ms
[2025-03-28T21:17:22.556+0530][gc,cpu      ] GC(1298) User=0.01s Sys=0.00s Real=0.01s
[2025-03-28T21:17:22.660+0530][gc,start    ] GC(1299) Pause Young (Normal) (G1 Evacuation Pause)
[2025-03-28T21:17:22.660+0530][gc,task     ] GC(1299) Using 2 workers of 2 for evacuation
[2025-03-28T21:17:22.687+0530][gc,mmu      ] GC(1299) MMU target violated: 21.0ms (20.0ms/21.0ms)
[2025-03-28T21:17:22.687+0530][gc,phases   ] GC(1299)   Pre Evacuate Collection Set: 0.2ms
[2025-03-28T21:17:22.687+0530][gc,phases   ] GC(1299)   Merge Heap Roots: 0.2ms
[2025-03-28T21:17:22.687+0530][gc,phases   ] GC(1299)   Evacuate Collection Set: 25.2ms
[2025-03-28T21:17:22.687+0530][gc,phases   ] GC(1299)   Post Evacuate Collection Set: 0.6ms
[2025-03-28T21:17:22.687+0530][gc,phases   ] GC(1299)   Other: 0.2ms
[2025-03-28T21:17:22.687+0530][gc,heap     ] GC(1299) Eden regions: 45->0(49)
[2025-03-28T21:17:22.687+0530][gc,heap     ] GC(1299) Survivor regions: 6->2(7)
[2025-03-28T21:17:22.687+0530][gc,heap     ] GC(1299) Old regions: 93->94
[2025-03-28T21:17:22.687+0530][gc,heap     ] GC(1299) Archive regions: 2->2
[2025-03-28T21:17:22.687+0530][gc,heap     ] GC(1299) Humongous regions: 149->149
[2025-03-28T21:17:22.687+0530][gc,metaspace] GC(1299) Metaspace: 54804K(55488K)->54804K(55488K) NonClass: 48679K(49024K)->48679K(49024K) Class: 6125K(6464K)->6125K(6464K)
[2025-03-28T21:17:22.687+0530][gc          ] GC(1299) Pause Young (Normal) (G1 Evacuation Pause) 293M->245M(1024M) 26.539ms
[2025-03-28T21:17:22.687+0530][gc,cpu      ] GC(1299) User=0.02s Sys=0.00s Real=0.03s
[2025-03-28T21:17:28.100+0530][gc,start    ] GC(1300) Pause Young (Normal) (G1 Evacuation Pause)
[2025-03-28T21:17:28.100+0530][gc,task     ] GC(1300) Using 2 workers of 2 for evacuation
[2025-03-28T21:17:28.106+0530][gc,phases   ] GC(1300)   Pre Evacuate Collection Set: 0.3ms
[2025-03-28T21:17:28.106+0530][gc,phases   ] GC(1300)   Merge Heap Roots: 0.1ms
[2025-03-28T21:17:28.106+0530][gc,phases   ] GC(1300)   Evacuate Collection Set: 4.3ms
[2025-03-28T21:17:28.106+0530][gc,phases   ] GC(1300)   Post Evacuate Collection Set: 0.5ms
[2025-03-28T21:17:28.106+0530][gc,phases   ] GC(1300)   Other: 0.1ms
[2025-03-28T21:17:28.106+0530][gc,heap     ] GC(1300) Eden regions: 49->0(47)
[2025-03-28T21:17:28.106+0530][gc,heap     ] GC(1300) Survivor regions: 2->4(7)
[2025-03-28T21:17:28.106+0530][gc,heap     ] GC(1300) Old regions: 94->94
[2025-03-28T21:17:28.106+0530][gc,heap     ] GC(1300) Archive regions: 2->2
[2025-03-28T21:17:28.106+0530][gc,heap     ] GC(1300) Humongous regions: 149->147
[2025-03-28T21:17:28.106+0530][gc,metaspace] GC(1300) Metaspace: 54804K(55488K)->54804K(55488K) NonClass: 48679K(49024K)->48679K(49024K) Class: 6125K(6464K)->6125K(6464K)
[2025-03-28T21:17:28.106+0530][gc          ] GC(1300) Pause Young (Normal) (G1 Evacuation Pause) 294M->245M(1024M) 5.545ms
[2025-03-28T21:17:28.106+0530][gc,cpu      ] GC(1300) User=0.01s Sys=0.00s Real=0.00s
[2025-03-28T21:17:28.302+0530][gc,start    ] GC(1301) Pause Young (Normal) (G1 Evacuation Pause)
[2025-03-28T21:17:28.302+0530][gc,task     ] GC(1301) Using 2 workers of 2 for evacuation
[2025-03-28T21:17:28.313+0530][gc,phases   ] GC(1301)   Pre Evacuate Collection Set: 4.3ms
[2025-03-28T21:17:28.313+0530][gc,phases   ] GC(1301)   Merge Heap Roots: 0.1ms
[2025-03-28T21:17:28.313+0530][gc,phases   ] GC(1301)   Evacuate Collection Set: 5.4ms
[2025-03-28T21:17:28.313+0530][gc,phases   ] GC(1301)   Post Evacuate Collection Set: 0.6ms
[2025-03-28T21:17:28.313+0530][gc,phases   ] GC(1301)   Other: 0.4ms
[2025-03-28T21:17:28.313+0530][gc,heap     ] GC(1301) Eden regions: 47->0(48)
[2025-03-28T21:17:28.313+0530][gc,heap     ] GC(1301) Survivor regions: 4->3(7)
[2025-03-28T21:17:28.313+0530][gc,heap     ] GC(1301) Old regions: 94->94
[2025-03-28T21:17:28.313+0530][gc,heap     ] GC(1301) Archive regions: 2->2
[2025-03-28T21:17:28.313+0530][gc,heap     ] GC(1301) Humongous regions: 149->149
[2025-03-28T21:17:28.313+0530][gc,metaspace] GC(1301) Metaspace: 54804K(55488K)->54804K(55488K) NonClass: 48679K(49024K)->48679K(49024K) Class: 6125K(6464K)->6125K(6464K)
[2025-03-28T21:17:28.313+0530][gc          ] GC(1301) Pause Young (Normal) (G1 Evacuation Pause) 294M->246M(1024M) 10.967ms
[2025-03-28T21:17:28.313+0530][gc,cpu      ] GC(1301) User=0.01s Sys=0.00s Real=0.01s
[2025-03-28T21:17:32.433+0530][gc,start    ] GC(1302) Pause Young (Normal) (G1 Evacuation Pause)
[2025-03-28T21:17:32.433+0530][gc,task     ] GC(1302) Using 2 workers of 2 for evacuation
[2025-03-28T21:17:32.444+0530][gc,phases   ] GC(1302)   Pre Evacuate Collection Set: 0.2ms
[2025-03-28T21:17:32.444+0530][gc,phases   ] GC(1302)   Merge Heap Roots: 0.2ms
[2025-03-28T21:17:32.444+0530][gc,phases   ] GC(1302)   Evacuate Collection Set: 9.0ms
[2025-03-28T21:17:32.444+0530][gc,phases   ] GC(1302)   Post Evacuate Collection Set: 0.6ms
[2025-03-28T21:17:32.444+0530][gc,phases   ] GC(1302)   Other: 0.2ms
[2025-03-28T21:17:32.444+0530][gc,heap     ] GC(1302) Eden regions: 48->0(49)
[2025-03-28T21:17:32.444+0530][gc,heap     ] GC(1302) Survivor regions: 3->2(7)
[2025-03-28T21:17:32.444+0530][gc,heap     ] GC(1302) Old regions: 94->94
[2025-03-28T21:17:32.444+0530][gc,heap     ] GC(1302) Archive regions: 2->2
[2025-03-28T21:17:32.444+0530][gc,heap     ] GC(1302) Humongous regions: 149->147
[2025-03-28T21:17:32.444+0530][gc,metaspace] GC(1302) Metaspace: 54804K(55488K)->54804K(55488K) NonClass: 48679K(49024K)->48679K(49024K) Class: 6125K(6464K)->6125K(6464K)
[2025-03-28T21:17:32.444+0530][gc          ] GC(1302) Pause Young (Normal) (G1 Evacuation Pause) 294M->243M(1024M) 10.289ms
[2025-03-28T21:17:32.444+0530][gc,cpu      ] GC(1302) User=0.01s Sys=0.00s Real=0.01s
[2025-03-28T21:17:32.529+0530][gc,start    ] GC(1303) Pause Young (Normal) (G1 Evacuation Pause)
[2025-03-28T21:17:32.529+0530][gc,task     ] GC(1303) Using 2 workers of 2 for evacuation
[2025-03-28T21:17:32.541+0530][gc,phases   ] GC(1303)   Pre Evacuate Collection Set: 0.6ms
[2025-03-28T21:17:32.541+0530][gc,phases   ] GC(1303)   Merge Heap Roots: 0.2ms
[2025-03-28T21:17:32.541+0530][gc,phases   ] GC(1303)   Evacuate Collection Set: 10.7ms
[2025-03-28T21:17:32.541+0530][gc,phases   ] GC(1303)   Post Evacuate Collection Set: 0.8ms
[2025-03-28T21:17:32.541+0530][gc,phases   ] GC(1303)   Other: 0.7ms
[2025-03-28T21:17:32.541+0530][gc,heap     ] GC(1303) Eden regions: 49->0(44)
[2025-03-28T21:17:32.541+0530][gc,heap     ] GC(1303) Survivor regions: 2->7(7)
[2025-03-28T21:17:32.541+0530][gc,heap     ] GC(1303) Old regions: 94->94
[2025-03-28T21:17:32.541+0530][gc,heap     ] GC(1303) Archive regions: 2->2
[2025-03-28T21:17:32.541+0530][gc,heap     ] GC(1303) Humongous regions: 147->147
[2025-03-28T21:17:32.541+0530][gc,metaspace] GC(1303) Metaspace: 54804K(55488K)->54804K(55488K) NonClass: 48679K(49024K)->48679K(49024K) Class: 6125K(6464K)->6125K(6464K)
[2025-03-28T21:17:32.541+0530][gc          ] GC(1303) Pause Young (Normal) (G1 Evacuation Pause) 292M->248M(1024M) 12.907ms
[2025-03-28T21:17:32.541+0530][gc,cpu      ] GC(1303) User=0.02s Sys=0.00s Real=0.01s
[2025-03-28T21:17:32.723+0530][gc,start    ] GC(1304) Pause Young (Normal) (G1 Evacuation Pause)
[2025-03-28T21:17:32.723+0530][gc,task     ] GC(1304) Using 2 workers of 2 for evacuation
[2025-03-28T21:17:32.827+0530][gc,mmu      ] GC(1304) MMU target violated: 21.0ms (20.0ms/21.0ms)
[2025-03-28T21:17:32.827+0530][gc,phases   ] GC(1304)   Pre Evacuate Collection Set: 0.3ms
[2025-03-28T21:17:32.827+0530][gc,phases   ] GC(1304)   Merge Heap Roots: 0.1ms
[2025-03-28T21:17:32.827+0530][gc,phases   ] GC(1304)   Evacuate Collection Set: 103.6ms
[2025-03-28T21:17:32.827+0530][gc,phases   ] GC(1304)   Post Evacuate Collection Set: 0.6ms
[2025-03-28T21:17:32.827+0530][gc,phases   ] GC(1304)   Other: 0.2ms
[2025-03-28T21:17:32.827+0530][gc,heap     ] GC(1304) Eden regions: 44->0(49)
[2025-03-28T21:17:32.827+0530][gc,heap     ] GC(1304) Survivor regions: 7->2(7)
[2025-03-28T21:17:32.827+0530][gc,heap     ] GC(1304) Old regions: 94->96
[2025-03-28T21:17:32.827+0530][gc,heap     ] GC(1304) Archive regions: 2->2
[2025-03-28T21:17:32.827+0530][gc,heap     ] GC(1304) Humongous regions: 149->149
[2025-03-28T21:17:32.827+0530][gc,metaspace] GC(1304) Metaspace: 54804K(55488K)->54804K(55488K) NonClass: 48679K(49024K)->48679K(49024K) Class: 6125K(6464K)->6125K(6464K)
[2025-03-28T21:17:32.828+0530][gc          ] GC(1304) Pause Young (Normal) (G1 Evacuation Pause) 294M->246M(1024M) 104.833ms
[2025-03-28T21:17:32.828+0530][gc,cpu      ] GC(1304) User=0.01s Sys=0.02s Real=0.11s
[2025-03-28T21:17:38.049+0530][gc,start    ] GC(1305) Pause Young (Normal) (G1 Evacuation Pause)
[2025-03-28T21:17:38.049+0530][gc,task     ] GC(1305) Using 2 workers of 2 for evacuation
[2025-03-28T21:17:38.086+0530][gc,mmu      ] GC(1305) MMU target violated: 21.0ms (20.0ms/21.0ms)
[2025-03-28T21:17:38.086+0530][gc,phases   ] GC(1305)   Pre Evacuate Collection Set: 0.3ms
[2025-03-28T21:17:38.086+0530][gc,phases   ] GC(1305)   Merge Heap Roots: 0.1ms
[2025-03-28T21:17:38.086+0530][gc,phases   ] GC(1305)   Evacuate Collection Set: 35.9ms
[2025-03-28T21:17:38.086+0530][gc,phases   ] GC(1305)   Post Evacuate Collection Set: 0.5ms
[2025-03-28T21:17:38.086+0530][gc,phases   ] GC(1305)   Other: 0.3ms
[2025-03-28T21:17:38.086+0530][gc,heap     ] GC(1305) Eden regions: 49->0(46)
[2025-03-28T21:17:38.086+0530][gc,heap     ] GC(1305) Survivor regions: 2->5(7)
[2025-03-28T21:17:38.086+0530][gc,heap     ] GC(1305) Old regions: 96->96
[2025-03-28T21:17:38.086+0530][gc,heap     ] GC(1305) Archive regions: 2->2
[2025-03-28T21:17:38.086+0530][gc,heap     ] GC(1305) Humongous regions: 149->147
[2025-03-28T21:17:38.086+0530][gc,metaspace] GC(1305) Metaspace: 54810K(55488K)->54810K(55488K) NonClass: 48684K(49024K)->48684K(49024K) Class: 6125K(6464K)->6125K(6464K)
[2025-03-28T21:17:38.086+0530][gc          ] GC(1305) Pause Young (Normal) (G1 Evacuation Pause) 295M->247M(1024M) 37.217ms
[2025-03-28T21:17:38.086+0530][gc,cpu      ] GC(1305) User=0.01s Sys=0.01s Real=0.04s
[2025-03-28T21:17:38.259+0530][gc,start    ] GC(1306) Pause Young (Normal) (G1 Evacuation Pause)
[2025-03-28T21:17:38.259+0530][gc,task     ] GC(1306) Using 2 workers of 2 for evacuation
[2025-03-28T21:17:38.317+0530][gc,mmu      ] GC(1306) MMU target violated: 21.0ms (20.0ms/21.0ms)
[2025-03-28T21:17:38.317+0530][gc,phases   ] GC(1306)   Pre Evacuate Collection Set: 0.4ms
[2025-03-28T21:17:38.317+0530][gc,phases   ] GC(1306)   Merge Heap Roots: 0.3ms
[2025-03-28T21:17:38.317+0530][gc,phases   ] GC(1306)   Evacuate Collection Set: 54.0ms
[2025-03-28T21:17:38.317+0530][gc,phases   ] GC(1306)   Post Evacuate Collection Set: 0.6ms
[2025-03-28T21:17:38.317+0530][gc,phases   ] GC(1306)   Other: 2.6ms
[2025-03-28T21:17:38.317+0530][gc,heap     ] GC(1306) Eden regions: 46->0(49)
[2025-03-28T21:17:38.317+0530][gc,heap     ] GC(1306) Survivor regions: 5->2(7)
[2025-03-28T21:17:38.317+0530][gc,heap     ] GC(1306) Old regions: 96->97
[2025-03-28T21:17:38.317+0530][gc,heap     ] GC(1306) Archive regions: 2->2
[2025-03-28T21:17:38.317+0530][gc,heap     ] GC(1306) Humongous regions: 149->149
[2025-03-28T21:17:38.317+0530][gc,metaspace] GC(1306) Metaspace: 54810K(55488K)->54810K(55488K) NonClass: 48684K(49024K)->48684K(49024K) Class: 6125K(6464K)->6125K(6464K)
[2025-03-28T21:17:38.317+0530][gc          ] GC(1306) Pause Young (Normal) (G1 Evacuation Pause) 295M->248M(1024M) 57.991ms
[2025-03-28T21:17:38.317+0530][gc,cpu      ] GC(1306) User=0.01s Sys=0.01s Real=0.08s
[2025-03-28T21:17:42.493+0530][gc,start    ] GC(1307) Pause Young (Normal) (G1 Evacuation Pause)
[2025-03-28T21:17:42.493+0530][gc,task     ] GC(1307) Using 2 workers of 2 for evacuation
[2025-03-28T21:17:42.505+0530][gc,phases   ] GC(1307)   Pre Evacuate Collection Set: 0.6ms
[2025-03-28T21:17:42.505+0530][gc,phases   ] GC(1307)   Merge Heap Roots: 0.5ms
[2025-03-28T21:17:42.505+0530][gc,phases   ] GC(1307)   Evacuate Collection Set: 9.1ms
[2025-03-28T21:17:42.505+0530][gc,phases   ] GC(1307)   Post Evacuate Collection Set: 1.2ms
[2025-03-28T21:17:42.506+0530][gc,phases   ] GC(1307)   Other: 0.7ms
[2025-03-28T21:17:42.506+0530][gc,heap     ] GC(1307) Eden regions: 49->0(48)
[2025-03-28T21:17:42.506+0530][gc,heap     ] GC(1307) Survivor regions: 2->3(7)
[2025-03-28T21:17:42.506+0530][gc,heap     ] GC(1307) Old regions: 97->97
[2025-03-28T21:17:42.506+0530][gc,heap     ] GC(1307) Archive regions: 2->2
[2025-03-28T21:17:42.506+0530][gc,heap     ] GC(1307) Humongous regions: 149->147
[2025-03-28T21:17:42.506+0530][gc,metaspace] GC(1307) Metaspace: 54810K(55488K)->54810K(55488K) NonClass: 48684K(49024K)->48684K(49024K) Class: 6125K(6464K)->6125K(6464K)
[2025-03-28T21:17:42.506+0530][gc          ] GC(1307) Pause Young (Normal) (G1 Evacuation Pause) 297M->246M(1024M) 12.373ms
[2025-03-28T21:17:42.506+0530][gc,cpu      ] GC(1307) User=0.02s Sys=0.00s Real=0.02s
[2025-03-28T21:17:42.584+0530][gc,start    ] GC(1308) Pause Young (Normal) (G1 Evacuation Pause)
[2025-03-28T21:17:42.584+0530][gc,task     ] GC(1308) Using 2 workers of 2 for evacuation
[2025-03-28T21:17:42.602+0530][gc,phases   ] GC(1308)   Pre Evacuate Collection Set: 0.2ms
[2025-03-28T21:17:42.602+0530][gc,phases   ] GC(1308)   Merge Heap Roots: 0.1ms
[2025-03-28T21:17:42.602+0530][gc,phases   ] GC(1308)   Evacuate Collection Set: 16.3ms
[2025-03-28T21:17:42.603+0530][gc,phases   ] GC(1308)   Post Evacuate Collection Set: 0.6ms
[2025-03-28T21:17:42.603+0530][gc,phases   ] GC(1308)   Other: 0.8ms
[2025-03-28T21:17:42.603+0530][gc,heap     ] GC(1308) Eden regions: 48->0(44)
[2025-03-28T21:17:42.603+0530][gc,heap     ] GC(1308) Survivor regions: 3->7(7)
[2025-03-28T21:17:42.603+0530][gc,heap     ] GC(1308) Old regions: 97->97
[2025-03-28T21:17:42.603+0530][gc,heap     ] GC(1308) Archive regions: 2->2
[2025-03-28T21:17:42.603+0530][gc,heap     ] GC(1308) Humongous regions: 147->147
[2025-03-28T21:17:42.603+0530][gc,metaspace] GC(1308) Metaspace: 54810K(55488K)->54810K(55488K) NonClass: 48684K(49024K)->48684K(49024K) Class: 6125K(6464K)->6125K(6464K)
[2025-03-28T21:17:42.603+0530][gc          ] GC(1308) Pause Young (Normal) (G1 Evacuation Pause) 294M->251M(1024M) 18.183ms
[2025-03-28T21:17:42.603+0530][gc,cpu      ] GC(1308) User=0.02s Sys=0.00s Real=0.02s
[2025-03-28T21:17:42.669+0530][gc,start    ] GC(1309) Pause Young (Normal) (G1 Evacuation Pause)
[2025-03-28T21:17:42.669+0530][gc,task     ] GC(1309) Using 2 workers of 2 for evacuation
[2025-03-28T21:17:42.715+0530][gc,mmu      ] GC(1309) MMU target violated: 21.0ms (20.0ms/21.0ms)
[2025-03-28T21:17:42.715+0530][gc,phases   ] GC(1309)   Pre Evacuate Collection Set: 0.1ms
[2025-03-28T21:17:42.715+0530][gc,phases   ] GC(1309)   Merge Heap Roots: 0.1ms
[2025-03-28T21:17:42.715+0530][gc,phases   ] GC(1309)   Evacuate Collection Set: 43.8ms
[2025-03-28T21:17:42.715+0530][gc,phases   ] GC(1309)   Post Evacuate Collection Set: 0.4ms
[2025-03-28T21:17:42.715+0530][gc,phases   ] GC(1309)   Other: 1.5ms
[2025-03-28T21:17:42.715+0530][gc,heap     ] GC(1309) Eden regions: 44->0(50)
[2025-03-28T21:17:42.715+0530][gc,heap     ] GC(1309) Survivor regions: 7->1(7)
[2025-03-28T21:17:42.715+0530][gc,heap     ] GC(1309) Old regions: 97->98
[2025-03-28T21:17:42.715+0530][gc,heap     ] GC(1309) Archive regions: 2->2
[2025-03-28T21:17:42.715+0530][gc,heap     ] GC(1309) Humongous regions: 149->149
[2025-03-28T21:17:42.715+0530][gc,metaspace] GC(1309) Metaspace: 54810K(55488K)->54810K(55488K) NonClass: 48684K(49024K)->48684K(49024K) Class: 6125K(6464K)->6125K(6464K)
[2025-03-28T21:17:42.715+0530][gc          ] GC(1309) Pause Young (Normal) (G1 Evacuation Pause) 297M->248M(1024M) 46.085ms
[2025-03-28T21:17:42.715+0530][gc,cpu      ] GC(1309) User=0.02s Sys=0.00s Real=0.05s
[2025-03-28T21:17:51.543+0530][gc,start    ] GC(1310) Pause Young (Normal) (G1 Evacuation Pause)
[2025-03-28T21:17:51.543+0530][gc,task     ] GC(1310) Using 2 workers of 2 for evacuation
[2025-03-28T21:17:51.551+0530][gc,phases   ] GC(1310)   Pre Evacuate Collection Set: 0.2ms
[2025-03-28T21:17:51.551+0530][gc,phases   ] GC(1310)   Merge Heap Roots: 0.1ms
[2025-03-28T21:17:51.551+0530][gc,phases   ] GC(1310)   Evacuate Collection Set: 6.7ms
[2025-03-28T21:17:51.551+0530][gc,phases   ] GC(1310)   Post Evacuate Collection Set: 0.8ms
[2025-03-28T21:17:51.551+0530][gc,phases   ] GC(1310)   Other: 0.2ms
[2025-03-28T21:17:51.551+0530][gc,heap     ] GC(1310) Eden regions: 50->0(46)
[2025-03-28T21:17:51.551+0530][gc,heap     ] GC(1310) Survivor regions: 1->5(7)
[2025-03-28T21:17:51.551+0530][gc,heap     ] GC(1310) Old regions: 98->98
[2025-03-28T21:17:51.551+0530][gc,heap     ] GC(1310) Archive regions: 2->2
[2025-03-28T21:17:51.551+0530][gc,heap     ] GC(1310) Humongous regions: 149->147
[2025-03-28T21:17:51.551+0530][gc,metaspace] GC(1310) Metaspace: 54811K(55488K)->54811K(55488K) NonClass: 48686K(49024K)->48686K(49024K) Class: 6125K(6464K)->6125K(6464K)
[2025-03-28T21:17:51.551+0530][gc          ] GC(1310) Pause Young (Normal) (G1 Evacuation Pause) 298M->250M(1024M) 8.096ms
[2025-03-28T21:17:51.551+0530][gc,cpu      ] GC(1310) User=0.01s Sys=0.00s Real=0.01s
[2025-03-28T21:17:51.654+0530][gc,start    ] GC(1311) Pause Young (Normal) (G1 Evacuation Pause)
[2025-03-28T21:17:51.654+0530][gc,task     ] GC(1311) Using 2 workers of 2 for evacuation
[2025-03-28T21:17:51.745+0530][gc,mmu      ] GC(1311) MMU target violated: 21.0ms (20.0ms/21.0ms)
[2025-03-28T21:17:51.745+0530][gc,phases   ] GC(1311)   Pre Evacuate Collection Set: 0.2ms
[2025-03-28T21:17:51.745+0530][gc,phases   ] GC(1311)   Merge Heap Roots: 0.2ms
[2025-03-28T21:17:51.745+0530][gc,phases   ] GC(1311)   Evacuate Collection Set: 88.7ms
[2025-03-28T21:17:51.745+0530][gc,phases   ] GC(1311)   Post Evacuate Collection Set: 1.2ms
[2025-03-28T21:17:51.745+0530][gc,phases   ] GC(1311)   Other: 0.9ms
[2025-03-28T21:17:51.745+0530][gc,heap     ] GC(1311) Eden regions: 46->0(49)
[2025-03-28T21:17:51.745+0530][gc,heap     ] GC(1311) Survivor regions: 5->2(7)
[2025-03-28T21:17:51.745+0530][gc,heap     ] GC(1311) Old regions: 98->99
[2025-03-28T21:17:51.745+0530][gc,heap     ] GC(1311) Archive regions: 2->2
[2025-03-28T21:17:51.745+0530][gc,heap     ] GC(1311) Humongous regions: 149->149
[2025-03-28T21:17:51.745+0530][gc,metaspace] GC(1311) Metaspace: 54811K(55488K)->54811K(55488K) NonClass: 48686K(49024K)->48686K(49024K) Class: 6125K(6464K)->6125K(6464K)
[2025-03-28T21:17:51.745+0530][gc          ] GC(1311) Pause Young (Normal) (G1 Evacuation Pause) 298M->250M(1024M) 91.364ms
[2025-03-28T21:17:51.745+0530][gc,cpu      ] GC(1311) User=0.02s Sys=0.01s Real=0.10s
[2025-03-28T21:17:52.468+0530][gc,start    ] GC(1312) Pause Young (Normal) (G1 Evacuation Pause)
[2025-03-28T21:17:52.468+0530][gc,task     ] GC(1312) Using 2 workers of 2 for evacuation
[2025-03-28T21:17:52.473+0530][gc,phases   ] GC(1312)   Pre Evacuate Collection Set: 0.2ms
[2025-03-28T21:17:52.473+0530][gc,phases   ] GC(1312)   Merge Heap Roots: 0.1ms
[2025-03-28T21:17:52.473+0530][gc,phases   ] GC(1312)   Evacuate Collection Set: 3.7ms
[2025-03-28T21:17:52.473+0530][gc,phases   ] GC(1312)   Post Evacuate Collection Set: 0.6ms
[2025-03-28T21:17:52.473+0530][gc,phases   ] GC(1312)   Other: 0.2ms
[2025-03-28T21:17:52.473+0530][gc,heap     ] GC(1312) Eden regions: 49->0(48)
[2025-03-28T21:17:52.473+0530][gc,heap     ] GC(1312) Survivor regions: 2->3(7)
[2025-03-28T21:17:52.473+0530][gc,heap     ] GC(1312) Old regions: 99->99
[2025-03-28T21:17:52.473+0530][gc,heap     ] GC(1312) Archive regions: 2->2
[2025-03-28T21:17:52.473+0530][gc,heap     ] GC(1312) Humongous regions: 149->147
[2025-03-28T21:17:52.473+0530][gc,metaspace] GC(1312) Metaspace: 54811K(55488K)->54811K(55488K) NonClass: 48686K(49024K)->48686K(49024K) Class: 6125K(6464K)->6125K(6464K)
[2025-03-28T21:17:52.473+0530][gc          ] GC(1312) Pause Young (Normal) (G1 Evacuation Pause) 299M->249M(1024M) 5.010ms
[2025-03-28T21:17:52.473+0530][gc,cpu      ] GC(1312) User=0.01s Sys=0.00s Real=0.00s
[2025-03-28T21:17:52.547+0530][gc,start    ] GC(1313) Pause Young (Normal) (G1 Evacuation Pause)
[2025-03-28T21:17:52.547+0530][gc,task     ] GC(1313) Using 2 workers of 2 for evacuation
[2025-03-28T21:17:52.565+0530][gc,phases   ] GC(1313)   Pre Evacuate Collection Set: 0.2ms
[2025-03-28T21:17:52.565+0530][gc,phases   ] GC(1313)   Merge Heap Roots: 0.1ms
[2025-03-28T21:17:52.565+0530][gc,phases   ] GC(1313)   Evacuate Collection Set: 17.0ms
[2025-03-28T21:17:52.565+0530][gc,phases   ] GC(1313)   Post Evacuate Collection Set: 0.5ms
[2025-03-28T21:17:52.565+0530][gc,phases   ] GC(1313)   Other: 0.2ms
[2025-03-28T21:17:52.565+0530][gc,heap     ] GC(1313) Eden regions: 48->0(44)
[2025-03-28T21:17:52.565+0530][gc,heap     ] GC(1313) Survivor regions: 3->7(7)
[2025-03-28T21:17:52.565+0530][gc,heap     ] GC(1313) Old regions: 99->100
[2025-03-28T21:17:52.565+0530][gc,heap     ] GC(1313) Archive regions: 2->2
[2025-03-28T21:17:52.565+0530][gc,heap     ] GC(1313) Humongous regions: 147->147
[2025-03-28T21:17:52.565+0530][gc,metaspace] GC(1313) Metaspace: 54811K(55488K)->54811K(55488K) NonClass: 48686K(49024K)->48686K(49024K) Class: 6125K(6464K)->6125K(6464K)
[2025-03-28T21:17:52.565+0530][gc          ] GC(1313) Pause Young (Normal) (G1 Evacuation Pause) 297M->254M(1024M) 18.086ms
[2025-03-28T21:17:52.565+0530][gc,cpu      ] GC(1313) User=0.01s Sys=0.00s Real=0.02s
[2025-03-28T21:17:57.409+0530][gc,start    ] GC(1314) Pause Young (Normal) (G1 Evacuation Pause)
[2025-03-28T21:17:57.409+0530][gc,task     ] GC(1314) Using 2 workers of 2 for evacuation
[2025-03-28T21:17:57.432+0530][gc,mmu      ] GC(1314) MMU target violated: 21.0ms (20.0ms/21.0ms)
[2025-03-28T21:17:57.433+0530][gc,phases   ] GC(1314)   Pre Evacuate Collection Set: 0.8ms
[2025-03-28T21:17:57.433+0530][gc,phases   ] GC(1314)   Merge Heap Roots: 0.3ms
[2025-03-28T21:17:57.433+0530][gc,phases   ] GC(1314)   Evacuate Collection Set: 10.8ms
[2025-03-28T21:17:57.433+0530][gc,phases   ] GC(1314)   Post Evacuate Collection Set: 11.0ms
[2025-03-28T21:17:57.433+0530][gc,phases   ] GC(1314)   Other: 0.7ms
[2025-03-28T21:17:57.433+0530][gc,heap     ] GC(1314) Eden regions: 44->0(50)
[2025-03-28T21:17:57.433+0530][gc,heap     ] GC(1314) Survivor regions: 7->1(7)
[2025-03-28T21:17:57.433+0530][gc,heap     ] GC(1314) Old regions: 100->100
[2025-03-28T21:17:57.433+0530][gc,heap     ] GC(1314) Archive regions: 2->2
[2025-03-28T21:17:57.433+0530][gc,heap     ] GC(1314) Humongous regions: 149->147
[2025-03-28T21:17:57.433+0530][gc,metaspace] GC(1314) Metaspace: 54811K(55488K)->54811K(55488K) NonClass: 48686K(49024K)->48686K(49024K) Class: 6125K(6464K)->6125K(6464K)
[2025-03-28T21:17:57.433+0530][gc          ] GC(1314) Pause Young (Normal) (G1 Evacuation Pause) 300M->248M(1024M) 24.398ms
[2025-03-28T21:17:57.434+0530][gc,cpu      ] GC(1314) User=0.03s Sys=0.00s Real=0.02s
[2025-03-28T21:18:01.890+0530][gc,start    ] GC(1315) Pause Young (Normal) (G1 Evacuation Pause)
[2025-03-28T21:18:01.890+0530][gc,task     ] GC(1315) Using 2 workers of 2 for evacuation
[2025-03-28T21:18:01.897+0530][gc,phases   ] GC(1315)   Pre Evacuate Collection Set: 0.2ms
[2025-03-28T21:18:01.897+0530][gc,phases   ] GC(1315)   Merge Heap Roots: 0.1ms
[2025-03-28T21:18:01.897+0530][gc,phases   ] GC(1315)   Evacuate Collection Set: 6.4ms
[2025-03-28T21:18:01.898+0530][gc,phases   ] GC(1315)   Post Evacuate Collection Set: 0.8ms
[2025-03-28T21:18:01.898+0530][gc,phases   ] GC(1315)   Other: 0.1ms
[2025-03-28T21:18:01.898+0530][gc,heap     ] GC(1315) Eden regions: 50->0(45)
[2025-03-28T21:18:01.898+0530][gc,heap     ] GC(1315) Survivor regions: 1->6(7)
[2025-03-28T21:18:01.898+0530][gc,heap     ] GC(1315) Old regions: 100->100
[2025-03-28T21:18:01.898+0530][gc,heap     ] GC(1315) Archive regions: 2->2
[2025-03-28T21:18:01.898+0530][gc,heap     ] GC(1315) Humongous regions: 147->147
[2025-03-28T21:18:01.898+0530][gc,metaspace] GC(1315) Metaspace: 54811K(55488K)->54811K(55488K) NonClass: 48686K(49024K)->48686K(49024K) Class: 6125K(6464K)->6125K(6464K)
[2025-03-28T21:18:01.898+0530][gc          ] GC(1315) Pause Young (Normal) (G1 Evacuation Pause) 298M->253M(1024M) 7.905ms
[2025-03-28T21:18:01.898+0530][gc,cpu      ] GC(1315) User=0.01s Sys=0.00s Real=0.01s
[2025-03-28T21:18:01.973+0530][gc,start    ] GC(1316) Pause Young (Normal) (G1 Evacuation Pause)
[2025-03-28T21:18:01.973+0530][gc,task     ] GC(1316) Using 2 workers of 2 for evacuation
[2025-03-28T21:18:02.165+0530][gc,mmu      ] GC(1316) MMU target violated: 21.0ms (20.0ms/21.0ms)
[2025-03-28T21:18:02.166+0530][gc,phases   ] GC(1316)   Pre Evacuate Collection Set: 0.2ms
[2025-03-28T21:18:02.166+0530][gc,phases   ] GC(1316)   Merge Heap Roots: 0.1ms
[2025-03-28T21:18:02.166+0530][gc,phases   ] GC(1316)   Evacuate Collection Set: 189.4ms
[2025-03-28T21:18:02.167+0530][gc,phases   ] GC(1316)   Post Evacuate Collection Set: 2.6ms
[2025-03-28T21:18:02.167+0530][gc,phases   ] GC(1316)   Other: 1.3ms
[2025-03-28T21:18:02.167+0530][gc,heap     ] GC(1316) Eden regions: 45->0(49)
[2025-03-28T21:18:02.167+0530][gc,heap     ] GC(1316) Survivor regions: 6->2(7)
[2025-03-28T21:18:02.167+0530][gc,heap     ] GC(1316) Old regions: 100->102
[2025-03-28T21:18:02.167+0530][gc,heap     ] GC(1316) Archive regions: 2->2
[2025-03-28T21:18:02.168+0530][gc,heap     ] GC(1316) Humongous regions: 149->149
[2025-03-28T21:18:02.168+0530][gc,metaspace] GC(1316) Metaspace: 54811K(55488K)->54811K(55488K) NonClass: 48686K(49024K)->48686K(49024K) Class: 6125K(6464K)->6125K(6464K)
[2025-03-28T21:18:02.169+0530][gc          ] GC(1316) Pause Young (Normal) (G1 Evacuation Pause) 300M->252M(1024M) 195.961ms
[2025-03-28T21:18:02.169+0530][gc,cpu      ] GC(1316) User=0.04s Sys=0.02s Real=0.20s
[2025-03-28T21:18:02.535+0530][gc,start    ] GC(1317) Pause Young (Normal) (G1 Evacuation Pause)
[2025-03-28T21:18:02.535+0530][gc,task     ] GC(1317) Using 2 workers of 2 for evacuation
[2025-03-28T21:18:02.547+0530][gc,phases   ] GC(1317)   Pre Evacuate Collection Set: 0.4ms
[2025-03-28T21:18:02.547+0530][gc,phases   ] GC(1317)   Merge Heap Roots: 0.3ms
[2025-03-28T21:18:02.547+0530][gc,phases   ] GC(1317)   Evacuate Collection Set: 10.1ms
[2025-03-28T21:18:02.547+0530][gc,phases   ] GC(1317)   Post Evacuate Collection Set: 1.2ms
[2025-03-28T21:18:02.547+0530][gc,phases   ] GC(1317)   Other: 0.5ms
[2025-03-28T21:18:02.547+0530][gc,heap     ] GC(1317) Eden regions: 49->0(47)
[2025-03-28T21:18:02.547+0530][gc,heap     ] GC(1317) Survivor regions: 2->4(7)
[2025-03-28T21:18:02.547+0530][gc,heap     ] GC(1317) Old regions: 102->102
[2025-03-28T21:18:02.547+0530][gc,heap     ] GC(1317) Archive regions: 2->2
[2025-03-28T21:18:02.547+0530][gc,heap     ] GC(1317) Humongous regions: 149->147
[2025-03-28T21:18:02.547+0530][gc,metaspace] GC(1317) Metaspace: 54811K(55488K)->54811K(55488K) NonClass: 48686K(49024K)->48686K(49024K) Class: 6125K(6464K)->6125K(6464K)
[2025-03-28T21:18:02.547+0530][gc          ] GC(1317) Pause Young (Normal) (G1 Evacuation Pause) 301M->252M(1024M) 12.561ms
[2025-03-28T21:18:02.547+0530][gc,cpu      ] GC(1317) User=0.01s Sys=0.00s Real=0.02s
[2025-03-28T21:18:02.671+0530][gc,start    ] GC(1318) Pause Young (Normal) (G1 Evacuation Pause)
[2025-03-28T21:18:02.671+0530][gc,task     ] GC(1318) Using 2 workers of 2 for evacuation
[2025-03-28T21:18:02.681+0530][gc,phases   ] GC(1318)   Pre Evacuate Collection Set: 0.4ms
[2025-03-28T21:18:02.681+0530][gc,phases   ] GC(1318)   Merge Heap Roots: 0.2ms
[2025-03-28T21:18:02.681+0530][gc,phases   ] GC(1318)   Evacuate Collection Set: 8.4ms
[2025-03-28T21:18:02.681+0530][gc,phases   ] GC(1318)   Post Evacuate Collection Set: 0.5ms
[2025-03-28T21:18:02.681+0530][gc,phases   ] GC(1318)   Other: 0.2ms
[2025-03-28T21:18:02.681+0530][gc,heap     ] GC(1318) Eden regions: 47->0(48)
[2025-03-28T21:18:02.681+0530][gc,heap     ] GC(1318) Survivor regions: 4->3(7)
[2025-03-28T21:18:02.681+0530][gc,heap     ] GC(1318) Old regions: 102->102
[2025-03-28T21:18:02.681+0530][gc,heap     ] GC(1318) Archive regions: 2->2
[2025-03-28T21:18:02.681+0530][gc,heap     ] GC(1318) Humongous regions: 149->149
[2025-03-28T21:18:02.681+0530][gc,metaspace] GC(1318) Metaspace: 54811K(55488K)->54811K(55488K) NonClass: 48686K(49024K)->48686K(49024K) Class: 6125K(6464K)->6125K(6464K)
[2025-03-28T21:18:02.681+0530][gc          ] GC(1318) Pause Young (Normal) (G1 Evacuation Pause) 301M->253M(1024M) 9.734ms
[2025-03-28T21:18:02.681+0530][gc,cpu      ] GC(1318) User=0.02s Sys=0.00s Real=0.01s
[2025-03-28T21:18:11.533+0530][gc,start    ] GC(1319) Pause Young (Normal) (G1 Evacuation Pause)
[2025-03-28T21:18:11.533+0530][gc,task     ] GC(1319) Using 2 workers of 2 for evacuation
[2025-03-28T21:18:11.561+0530][gc,mmu      ] GC(1319) MMU target violated: 21.0ms (20.0ms/21.0ms)
[2025-03-28T21:18:11.561+0530][gc,phases   ] GC(1319)   Pre Evacuate Collection Set: 1.2ms
[2025-03-28T21:18:11.561+0530][gc,phases   ] GC(1319)   Merge Heap Roots: 0.5ms
[2025-03-28T21:18:11.561+0530][gc,phases   ] GC(1319)   Evacuate Collection Set: 20.3ms
[2025-03-28T21:18:11.561+0530][gc,phases   ] GC(1319)   Post Evacuate Collection Set: 5.1ms
[2025-03-28T21:18:11.561+0530][gc,phases   ] GC(1319)   Other: 0.9ms
[2025-03-28T21:18:11.561+0530][gc,heap     ] GC(1319) Eden regions: 48->0(49)
[2025-03-28T21:18:11.561+0530][gc,heap     ] GC(1319) Survivor regions: 3->2(7)
[2025-03-28T21:18:11.562+0530][gc,heap     ] GC(1319) Old regions: 102->102
[2025-03-28T21:18:11.562+0530][gc,heap     ] GC(1319) Archive regions: 2->2
[2025-03-28T21:18:11.563+0530][gc,heap     ] GC(1319) Humongous regions: 149->147
[2025-03-28T21:18:11.563+0530][gc,metaspace] GC(1319) Metaspace: 54811K(55488K)->54811K(55488K) NonClass: 48686K(49024K)->48686K(49024K) Class: 6125K(6464K)->6125K(6464K)
[2025-03-28T21:18:11.563+0530][gc          ] GC(1319) Pause Young (Normal) (G1 Evacuation Pause) 301M->250M(1024M) 29.643ms
[2025-03-28T21:18:11.563+0530][gc,cpu      ] GC(1319) User=0.04s Sys=0.01s Real=0.03s
[2025-03-28T21:18:11.675+0530][gc,start    ] GC(1320) Pause Young (Normal) (G1 Evacuation Pause)
[2025-03-28T21:18:11.675+0530][gc,task     ] GC(1320) Using 2 workers of 2 for evacuation
[2025-03-28T21:18:11.685+0530][gc,phases   ] GC(1320)   Pre Evacuate Collection Set: 0.4ms
[2025-03-28T21:18:11.685+0530][gc,phases   ] GC(1320)   Merge Heap Roots: 0.3ms
[2025-03-28T21:18:11.685+0530][gc,phases   ] GC(1320)   Evacuate Collection Set: 8.9ms
[2025-03-28T21:18:11.685+0530][gc,phases   ] GC(1320)   Post Evacuate Collection Set: 0.5ms
[2025-03-28T21:18:11.685+0530][gc,phases   ] GC(1320)   Other: 0.1ms
[2025-03-28T21:18:11.685+0530][gc,heap     ] GC(1320) Eden regions: 49->0(44)
[2025-03-28T21:18:11.685+0530][gc,heap     ] GC(1320) Survivor regions: 2->7(7)
[2025-03-28T21:18:11.685+0530][gc,heap     ] GC(1320) Old regions: 102->102
[2025-03-28T21:18:11.685+0530][gc,heap     ] GC(1320) Archive regions: 2->2
[2025-03-28T21:18:11.685+0530][gc,heap     ] GC(1320) Humongous regions: 147->147
[2025-03-28T21:18:11.685+0530][gc,metaspace] GC(1320) Metaspace: 54811K(55488K)->54811K(55488K) NonClass: 48686K(49024K)->48686K(49024K) Class: 6125K(6464K)->6125K(6464K)
[2025-03-28T21:18:11.685+0530][gc          ] GC(1320) Pause Young (Normal) (G1 Evacuation Pause) 299M->255M(1024M) 10.356ms
[2025-03-28T21:18:11.685+0530][gc,cpu      ] GC(1320) User=0.01s Sys=0.00s Real=0.01s
[2025-03-28T21:18:11.757+0530][gc,start    ] GC(1321) Pause Young (Normal) (G1 Evacuation Pause)
[2025-03-28T21:18:11.757+0530][gc,task     ] GC(1321) Using 2 workers of 2 for evacuation
[2025-03-28T21:18:12.034+0530][gc,mmu      ] GC(1321) MMU target violated: 21.0ms (20.0ms/21.0ms)
[2025-03-28T21:18:12.034+0530][gc,phases   ] GC(1321)   Pre Evacuate Collection Set: 0.2ms
[2025-03-28T21:18:12.034+0530][gc,phases   ] GC(1321)   Merge Heap Roots: 0.1ms
[2025-03-28T21:18:12.034+0530][gc,phases   ] GC(1321)   Evacuate Collection Set: 273.4ms
[2025-03-28T21:18:12.034+0530][gc,phases   ] GC(1321)   Post Evacuate Collection Set: 1.1ms
[2025-03-28T21:18:12.034+0530][gc,phases   ] GC(1321)   Other: 1.8ms
[2025-03-28T21:18:12.034+0530][gc,heap     ] GC(1321) Eden regions: 44->0(49)
[2025-03-28T21:18:12.034+0530][gc,heap     ] GC(1321) Survivor regions: 7->2(7)
[2025-03-28T21:18:12.034+0530][gc,heap     ] GC(1321) Old regions: 102->103
[2025-03-28T21:18:12.034+0530][gc,heap     ] GC(1321) Archive regions: 2->2
[2025-03-28T21:18:12.034+0530][gc,heap     ] GC(1321) Humongous regions: 149->149
[2025-03-28T21:18:12.034+0530][gc,metaspace] GC(1321) Metaspace: 54811K(55488K)->54811K(55488K) NonClass: 48686K(49024K)->48686K(49024K) Class: 6125K(6464K)->6125K(6464K)
[2025-03-28T21:18:12.034+0530][gc          ] GC(1321) Pause Young (Normal) (G1 Evacuation Pause) 301M->254M(1024M) 276.841ms
[2025-03-28T21:18:12.034+0530][gc,cpu      ] GC(1321) User=0.05s Sys=0.03s Real=0.28s
[2025-03-28T21:18:12.436+0530][gc,start    ] GC(1322) Pause Young (Normal) (G1 Evacuation Pause)
[2025-03-28T21:18:12.436+0530][gc,task     ] GC(1322) Using 2 workers of 2 for evacuation
[2025-03-28T21:18:12.446+0530][gc,phases   ] GC(1322)   Pre Evacuate Collection Set: 0.8ms
[2025-03-28T21:18:12.446+0530][gc,phases   ] GC(1322)   Merge Heap Roots: 0.2ms
[2025-03-28T21:18:12.446+0530][gc,phases   ] GC(1322)   Evacuate Collection Set: 7.7ms
[2025-03-28T21:18:12.446+0530][gc,phases   ] GC(1322)   Post Evacuate Collection Set: 1.1ms
[2025-03-28T21:18:12.446+0530][gc,phases   ] GC(1322)   Other: 0.2ms
[2025-03-28T21:18:12.446+0530][gc,heap     ] GC(1322) Eden regions: 49->0(47)
[2025-03-28T21:18:12.446+0530][gc,heap     ] GC(1322) Survivor regions: 2->4(7)
[2025-03-28T21:18:12.446+0530][gc,heap     ] GC(1322) Old regions: 103->103
[2025-03-28T21:18:12.446+0530][gc,heap     ] GC(1322) Archive regions: 2->2
[2025-03-28T21:18:12.446+0530][gc,heap     ] GC(1322) Humongous regions: 149->147
[2025-03-28T21:18:12.446+0530][gc,metaspace] GC(1322) Metaspace: 54811K(55488K)->54811K(55488K) NonClass: 48686K(49024K)->48686K(49024K) Class: 6125K(6464K)->6125K(6464K)
[2025-03-28T21:18:12.446+0530][gc          ] GC(1322) Pause Young (Normal) (G1 Evacuation Pause) 303M->254M(1024M) 10.516ms
[2025-03-28T21:18:12.446+0530][gc,cpu      ] GC(1322) User=0.01s Sys=0.00s Real=0.02s
[2025-03-28T21:18:12.529+0530][gc,start    ] GC(1323) Pause Young (Normal) (G1 Evacuation Pause)
[2025-03-28T21:18:12.529+0530][gc,task     ] GC(1323) Using 2 workers of 2 for evacuation
[2025-03-28T21:18:12.553+0530][gc,mmu      ] GC(1323) MMU target violated: 21.0ms (20.0ms/21.0ms)
[2025-03-28T21:18:12.553+0530][gc,phases   ] GC(1323)   Pre Evacuate Collection Set: 0.2ms
[2025-03-28T21:18:12.553+0530][gc,phases   ] GC(1323)   Merge Heap Roots: 0.1ms
[2025-03-28T21:18:12.553+0530][gc,phases   ] GC(1323)   Evacuate Collection Set: 21.6ms
[2025-03-28T21:18:12.553+0530][gc,phases   ] GC(1323)   Post Evacuate Collection Set: 0.5ms
[2025-03-28T21:18:12.553+0530][gc,phases   ] GC(1323)   Other: 1.2ms
[2025-03-28T21:18:12.553+0530][gc,heap     ] GC(1323) Eden regions: 47->0(48)
[2025-03-28T21:18:12.553+0530][gc,heap     ] GC(1323) Survivor regions: 4->3(7)
[2025-03-28T21:18:12.553+0530][gc,heap     ] GC(1323) Old regions: 103->104
[2025-03-28T21:18:12.553+0530][gc,heap     ] GC(1323) Archive regions: 2->2
[2025-03-28T21:18:12.553+0530][gc,heap     ] GC(1323) Humongous regions: 149->149
[2025-03-28T21:18:12.553+0530][gc,metaspace] GC(1323) Metaspace: 54811K(55488K)->54811K(55488K) NonClass: 48686K(49024K)->48686K(49024K) Class: 6125K(6464K)->6125K(6464K)
[2025-03-28T21:18:12.553+0530][gc          ] GC(1323) Pause Young (Normal) (G1 Evacuation Pause) 303M->255M(1024M) 23.651ms
[2025-03-28T21:18:12.553+0530][gc,cpu      ] GC(1323) User=0.01s Sys=0.00s Real=0.02s
[2025-03-28T21:18:17.834+0530][gc,start    ] GC(1324) Pause Young (Normal) (G1 Evacuation Pause)
[2025-03-28T21:18:17.834+0530][gc,task     ] GC(1324) Using 2 workers of 2 for evacuation
[2025-03-28T21:18:17.852+0530][gc,phases   ] GC(1324)   Pre Evacuate Collection Set: 0.5ms
[2025-03-28T21:18:17.852+0530][gc,phases   ] GC(1324)   Merge Heap Roots: 0.2ms
[2025-03-28T21:18:17.852+0530][gc,phases   ] GC(1324)   Evacuate Collection Set: 15.9ms
[2025-03-28T21:18:17.852+0530][gc,phases   ] GC(1324)   Post Evacuate Collection Set: 1.0ms
[2025-03-28T21:18:17.852+0530][gc,phases   ] GC(1324)   Other: 0.2ms
[2025-03-28T21:18:17.852+0530][gc,heap     ] GC(1324) Eden regions: 48->0(49)
[2025-03-28T21:18:17.852+0530][gc,heap     ] GC(1324) Survivor regions: 3->2(7)
[2025-03-28T21:18:17.852+0530][gc,heap     ] GC(1324) Old regions: 104->104
[2025-03-28T21:18:17.852+0530][gc,heap     ] GC(1324) Archive regions: 2->2
[2025-03-28T21:18:17.852+0530][gc,heap     ] GC(1324) Humongous regions: 149->147
[2025-03-28T21:18:17.852+0530][gc,metaspace] GC(1324) Metaspace: 54811K(55488K)->54811K(55488K) NonClass: 48686K(49024K)->48686K(49024K) Class: 6125K(6464K)->6125K(6464K)
[2025-03-28T21:18:17.852+0530][gc          ] GC(1324) Pause Young (Normal) (G1 Evacuation Pause) 303M->252M(1024M) 18.139ms
[2025-03-28T21:18:17.852+0530][gc,cpu      ] GC(1324) User=0.02s Sys=0.00s Real=0.02s
[2025-03-28T21:18:17.950+0530][gc,start    ] GC(1325) Pause Young (Normal) (G1 Evacuation Pause)
[2025-03-28T21:18:17.950+0530][gc,task     ] GC(1325) Using 2 workers of 2 for evacuation
[2025-03-28T21:18:17.978+0530][gc,mmu      ] GC(1325) MMU target violated: 21.0ms (20.0ms/21.0ms)
[2025-03-28T21:18:17.978+0530][gc,phases   ] GC(1325)   Pre Evacuate Collection Set: 0.2ms
[2025-03-28T21:18:17.978+0530][gc,phases   ] GC(1325)   Merge Heap Roots: 0.2ms
[2025-03-28T21:18:17.978+0530][gc,phases   ] GC(1325)   Evacuate Collection Set: 26.1ms
[2025-03-28T21:18:17.978+0530][gc,phases   ] GC(1325)   Post Evacuate Collection Set: 1.1ms
[2025-03-28T21:18:17.978+0530][gc,phases   ] GC(1325)   Other: 1.0ms
[2025-03-28T21:18:17.978+0530][gc,heap     ] GC(1325) Eden regions: 49->0(44)
[2025-03-28T21:18:17.978+0530][gc,heap     ] GC(1325) Survivor regions: 2->7(7)
[2025-03-28T21:18:17.978+0530][gc,heap     ] GC(1325) Old regions: 104->104
[2025-03-28T21:18:17.978+0530][gc,heap     ] GC(1325) Archive regions: 2->2
[2025-03-28T21:18:17.978+0530][gc,heap     ] GC(1325) Humongous regions: 147->147
[2025-03-28T21:18:17.978+0530][gc,metaspace] GC(1325) Metaspace: 54811K(55488K)->54811K(55488K) NonClass: 48686K(49024K)->48686K(49024K) Class: 6125K(6464K)->6125K(6464K)
[2025-03-28T21:18:17.978+0530][gc          ] GC(1325) Pause Young (Normal) (G1 Evacuation Pause) 301M->258M(1024M) 28.640ms
[2025-03-28T21:18:17.978+0530][gc,cpu      ] GC(1325) User=0.03s Sys=0.00s Real=0.03s
[2025-03-28T21:18:18.096+0530][gc,start    ] GC(1326) Pause Young (Normal) (G1 Evacuation Pause)
[2025-03-28T21:18:18.096+0530][gc,task     ] GC(1326) Using 2 workers of 2 for evacuation
[2025-03-28T21:18:18.154+0530][gc,mmu      ] GC(1326) MMU target violated: 21.0ms (20.0ms/21.0ms)
[2025-03-28T21:18:18.154+0530][gc,phases   ] GC(1326)   Pre Evacuate Collection Set: 0.2ms
[2025-03-28T21:18:18.154+0530][gc,phases   ] GC(1326)   Merge Heap Roots: 0.1ms
[2025-03-28T21:18:18.154+0530][gc,phases   ] GC(1326)   Evacuate Collection Set: 56.7ms
[2025-03-28T21:18:18.154+0530][gc,phases   ] GC(1326)   Post Evacuate Collection Set: 0.8ms
[2025-03-28T21:18:18.154+0530][gc,phases   ] GC(1326)   Other: 0.2ms
[2025-03-28T21:18:18.154+0530][gc,heap     ] GC(1326) Eden regions: 44->0(49)
[2025-03-28T21:18:18.154+0530][gc,heap     ] GC(1326) Survivor regions: 7->2(7)
[2025-03-28T21:18:18.154+0530][gc,heap     ] GC(1326) Old regions: 104->105
[2025-03-28T21:18:18.154+0530][gc,heap     ] GC(1326) Archive regions: 2->2
[2025-03-28T21:18:18.154+0530][gc,heap     ] GC(1326) Humongous regions: 149->149
[2025-03-28T21:18:18.154+0530][gc,metaspace] GC(1326) Metaspace: 54811K(55488K)->54811K(55488K) NonClass: 48686K(49024K)->48686K(49024K) Class: 6125K(6464K)->6125K(6464K)
[2025-03-28T21:18:18.154+0530][gc          ] GC(1326) Pause Young (Normal) (G1 Evacuation Pause) 304M->256M(1024M) 58.126ms
[2025-03-28T21:18:18.154+0530][gc,cpu      ] GC(1326) User=0.02s Sys=0.00s Real=0.05s
[2025-03-28T21:18:22.475+0530][gc,start    ] GC(1327) Pause Young (Normal) (G1 Evacuation Pause)
[2025-03-28T21:18:22.475+0530][gc,task     ] GC(1327) Using 2 workers of 2 for evacuation
[2025-03-28T21:18:22.483+0530][gc,phases   ] GC(1327)   Pre Evacuate Collection Set: 0.4ms
[2025-03-28T21:18:22.483+0530][gc,phases   ] GC(1327)   Merge Heap Roots: 0.2ms
[2025-03-28T21:18:22.483+0530][gc,phases   ] GC(1327)   Evacuate Collection Set: 7.7ms
[2025-03-28T21:18:22.483+0530][gc,phases   ] GC(1327)   Post Evacuate Collection Set: 0.5ms
[2025-03-28T21:18:22.483+0530][gc,phases   ] GC(1327)   Other: 0.1ms
[2025-03-28T21:18:22.483+0530][gc,heap     ] GC(1327) Eden regions: 49->0(46)
[2025-03-28T21:18:22.484+0530][gc,heap     ] GC(1327) Survivor regions: 2->5(7)
[2025-03-28T21:18:22.484+0530][gc,heap     ] GC(1327) Old regions: 105->105
[2025-03-28T21:18:22.484+0530][gc,heap     ] GC(1327) Archive regions: 2->2
[2025-03-28T21:18:22.484+0530][gc,heap     ] GC(1327) Humongous regions: 149->147
[2025-03-28T21:18:22.484+0530][gc,metaspace] GC(1327) Metaspace: 54811K(55488K)->54811K(55488K) NonClass: 48686K(49024K)->48686K(49024K) Class: 6125K(6464K)->6125K(6464K)
[2025-03-28T21:18:22.484+0530][gc          ] GC(1327) Pause Young (Normal) (G1 Evacuation Pause) 305M->257M(1024M) 8.981ms
[2025-03-28T21:18:22.484+0530][gc,cpu      ] GC(1327) User=0.01s Sys=0.00s Real=0.01s
[2025-03-28T21:18:22.564+0530][gc,start    ] GC(1328) Pause Young (Normal) (G1 Evacuation Pause)
[2025-03-28T21:18:22.564+0530][gc,task     ] GC(1328) Using 2 workers of 2 for evacuation
[2025-03-28T21:18:22.595+0530][gc,mmu      ] GC(1328) MMU target violated: 21.0ms (20.0ms/21.0ms)
[2025-03-28T21:18:22.595+0530][gc,phases   ] GC(1328)   Pre Evacuate Collection Set: 0.3ms
[2025-03-28T21:18:22.595+0530][gc,phases   ] GC(1328)   Merge Heap Roots: 0.1ms
[2025-03-28T21:18:22.595+0530][gc,phases   ] GC(1328)   Evacuate Collection Set: 29.3ms
[2025-03-28T21:18:22.595+0530][gc,phases   ] GC(1328)   Post Evacuate Collection Set: 0.4ms
[2025-03-28T21:18:22.595+0530][gc,phases   ] GC(1328)   Other: 1.0ms
[2025-03-28T21:18:22.595+0530][gc,heap     ] GC(1328) Eden regions: 46->0(49)
[2025-03-28T21:18:22.595+0530][gc,heap     ] GC(1328) Survivor regions: 5->2(7)
[2025-03-28T21:18:22.595+0530][gc,heap     ] GC(1328) Old regions: 105->106
[2025-03-28T21:18:22.595+0530][gc,heap     ] GC(1328) Archive regions: 2->2
[2025-03-28T21:18:22.595+0530][gc,heap     ] GC(1328) Humongous regions: 149->149
[2025-03-28T21:18:22.595+0530][gc,metaspace] GC(1328) Metaspace: 54811K(55488K)->54811K(55488K) NonClass: 48686K(49024K)->48686K(49024K) Class: 6125K(6464K)->6125K(6464K)
[2025-03-28T21:18:22.595+0530][gc          ] GC(1328) Pause Young (Normal) (G1 Evacuation Pause) 305M->257M(1024M) 31.212ms
[2025-03-28T21:18:22.595+0530][gc,cpu      ] GC(1328) User=0.02s Sys=0.00s Real=0.04s
[2025-03-28T21:18:27.940+0530][gc,start    ] GC(1329) Pause Young (Normal) (G1 Evacuation Pause)
[2025-03-28T21:18:27.940+0530][gc,task     ] GC(1329) Using 2 workers of 2 for evacuation
[2025-03-28T21:18:27.971+0530][gc,mmu      ] GC(1329) MMU target violated: 21.0ms (20.0ms/21.0ms)
[2025-03-28T21:18:27.971+0530][gc,phases   ] GC(1329)   Pre Evacuate Collection Set: 0.3ms
[2025-03-28T21:18:27.971+0530][gc,phases   ] GC(1329)   Merge Heap Roots: 0.4ms
[2025-03-28T21:18:27.971+0530][gc,phases   ] GC(1329)   Evacuate Collection Set: 28.9ms
[2025-03-28T21:18:27.971+0530][gc,phases   ] GC(1329)   Post Evacuate Collection Set: 0.8ms
[2025-03-28T21:18:27.971+0530][gc,phases   ] GC(1329)   Other: 0.2ms
[2025-03-28T21:18:27.971+0530][gc,heap     ] GC(1329) Eden regions: 49->0(48)
[2025-03-28T21:18:27.971+0530][gc,heap     ] GC(1329) Survivor regions: 2->3(7)
[2025-03-28T21:18:27.971+0530][gc,heap     ] GC(1329) Old regions: 106->106
[2025-03-28T21:18:27.971+0530][gc,heap     ] GC(1329) Archive regions: 2->2
[2025-03-28T21:18:27.971+0530][gc,heap     ] GC(1329) Humongous regions: 149->147
[2025-03-28T21:18:27.971+0530][gc,metaspace] GC(1329) Metaspace: 54815K(55488K)->54815K(55488K) NonClass: 48689K(49024K)->48689K(49024K) Class: 6125K(6464K)->6125K(6464K)
[2025-03-28T21:18:27.971+0530][gc          ] GC(1329) Pause Young (Normal) (G1 Evacuation Pause) 306M->256M(1024M) 30.632ms
[2025-03-28T21:18:27.971+0530][gc,cpu      ] GC(1329) User=0.01s Sys=0.00s Real=0.03s
[2025-03-28T21:18:28.112+0530][gc,start    ] GC(1330) Pause Young (Normal) (G1 Evacuation Pause)
[2025-03-28T21:18:28.112+0530][gc,task     ] GC(1330) Using 2 workers of 2 for evacuation
[2025-03-28T21:18:28.196+0530][gc,mmu      ] GC(1330) MMU target violated: 21.0ms (20.0ms/21.0ms)
[2025-03-28T21:18:28.196+0530][gc,phases   ] GC(1330)   Pre Evacuate Collection Set: 4.2ms
[2025-03-28T21:18:28.196+0530][gc,phases   ] GC(1330)   Merge Heap Roots: 0.1ms
[2025-03-28T21:18:28.196+0530][gc,phases   ] GC(1330)   Evacuate Collection Set: 78.6ms
[2025-03-28T21:18:28.196+0530][gc,phases   ] GC(1330)   Post Evacuate Collection Set: 1.0ms
[2025-03-28T21:18:28.196+0530][gc,phases   ] GC(1330)   Other: 0.2ms
[2025-03-28T21:18:28.196+0530][gc,heap     ] GC(1330) Eden regions: 48->0(44)
[2025-03-28T21:18:28.196+0530][gc,heap     ] GC(1330) Survivor regions: 3->7(7)
[2025-03-28T21:18:28.196+0530][gc,heap     ] GC(1330) Old regions: 106->107
[2025-03-28T21:18:28.196+0530][gc,heap     ] GC(1330) Archive regions: 2->2
[2025-03-28T21:18:28.196+0530][gc,heap     ] GC(1330) Humongous regions: 147->147
[2025-03-28T21:18:28.196+0530][gc,metaspace] GC(1330) Metaspace: 54815K(55488K)->54815K(55488K) NonClass: 48689K(49024K)->48689K(49024K) Class: 6125K(6464K)->6125K(6464K)
[2025-03-28T21:18:28.196+0530][gc          ] GC(1330) Pause Young (Normal) (G1 Evacuation Pause) 304M->261M(1024M) 84.171ms
[2025-03-28T21:18:28.196+0530][gc,cpu      ] GC(1330) User=0.02s Sys=0.00s Real=0.10s
[2025-03-28T21:18:28.406+0530][gc,start    ] GC(1331) Pause Young (Normal) (G1 Evacuation Pause)
[2025-03-28T21:18:28.406+0530][gc,task     ] GC(1331) Using 2 workers of 2 for evacuation
[2025-03-28T21:18:28.459+0530][gc,mmu      ] GC(1331) MMU target violated: 21.0ms (20.0ms/21.0ms)
[2025-03-28T21:18:28.459+0530][gc,phases   ] GC(1331)   Pre Evacuate Collection Set: 0.2ms
[2025-03-28T21:18:28.459+0530][gc,phases   ] GC(1331)   Merge Heap Roots: 0.1ms
[2025-03-28T21:18:28.459+0530][gc,phases   ] GC(1331)   Evacuate Collection Set: 49.3ms
[2025-03-28T21:18:28.459+0530][gc,phases   ] GC(1331)   Post Evacuate Collection Set: 3.5ms
[2025-03-28T21:18:28.459+0530][gc,phases   ] GC(1331)   Other: 0.2ms
[2025-03-28T21:18:28.459+0530][gc,heap     ] GC(1331) Eden regions: 44->0(50)
[2025-03-28T21:18:28.459+0530][gc,heap     ] GC(1331) Survivor regions: 7->1(7)
[2025-03-28T21:18:28.459+0530][gc,heap     ] GC(1331) Old regions: 107->109
[2025-03-28T21:18:28.459+0530][gc,heap     ] GC(1331) Archive regions: 2->2
[2025-03-28T21:18:28.459+0530][gc,heap     ] GC(1331) Humongous regions: 149->149
[2025-03-28T21:18:28.459+0530][gc,metaspace] GC(1331) Metaspace: 54815K(55488K)->54815K(55488K) NonClass: 48689K(49024K)->48689K(49024K) Class: 6125K(6464K)->6125K(6464K)
[2025-03-28T21:18:28.459+0530][gc          ] GC(1331) Pause Young (Normal) (G1 Evacuation Pause) 307M->259M(1024M) 53.416ms
[2025-03-28T21:18:28.459+0530][gc,cpu      ] GC(1331) User=0.00s Sys=0.01s Real=0.05s
[2025-03-28T21:18:32.475+0530][gc,start    ] GC(1332) Pause Young (Normal) (G1 Evacuation Pause)
[2025-03-28T21:18:32.475+0530][gc,task     ] GC(1332) Using 2 workers of 2 for evacuation
[2025-03-28T21:18:32.485+0530][gc,phases   ] GC(1332)   Pre Evacuate Collection Set: 0.4ms
[2025-03-28T21:18:32.485+0530][gc,phases   ] GC(1332)   Merge Heap Roots: 0.2ms
[2025-03-28T21:18:32.485+0530][gc,phases   ] GC(1332)   Evacuate Collection Set: 6.6ms
[2025-03-28T21:18:32.485+0530][gc,phases   ] GC(1332)   Post Evacuate Collection Set: 2.7ms
[2025-03-28T21:18:32.485+0530][gc,phases   ] GC(1332)   Other: 0.2ms
[2025-03-28T21:18:32.485+0530][gc,heap     ] GC(1332) Eden regions: 50->0(45)
[2025-03-28T21:18:32.485+0530][gc,heap     ] GC(1332) Survivor regions: 1->6(7)
[2025-03-28T21:18:32.485+0530][gc,heap     ] GC(1332) Old regions: 109->109
[2025-03-28T21:18:32.485+0530][gc,heap     ] GC(1332) Archive regions: 2->2
[2025-03-28T21:18:32.485+0530][gc,heap     ] GC(1332) Humongous regions: 149->147
[2025-03-28T21:18:32.485+0530][gc,metaspace] GC(1332) Metaspace: 54815K(55488K)->54815K(55488K) NonClass: 48689K(49024K)->48689K(49024K) Class: 6125K(6464K)->6125K(6464K)
[2025-03-28T21:18:32.485+0530][gc          ] GC(1332) Pause Young (Normal) (G1 Evacuation Pause) 309M->261M(1024M) 10.158ms
[2025-03-28T21:18:32.485+0530][gc,cpu      ] GC(1332) User=0.01s Sys=0.00s Real=0.01s
[2025-03-28T21:18:32.568+0530][gc,start    ] GC(1333) Pause Young (Normal) (G1 Evacuation Pause)
[2025-03-28T21:18:32.568+0530][gc,task     ] GC(1333) Using 2 workers of 2 for evacuation
[2025-03-28T21:18:32.596+0530][gc,mmu      ] GC(1333) MMU target violated: 21.0ms (20.0ms/21.0ms)
[2025-03-28T21:18:32.596+0530][gc,phases   ] GC(1333)   Pre Evacuate Collection Set: 0.3ms
[2025-03-28T21:18:32.596+0530][gc,phases   ] GC(1333)   Merge Heap Roots: 0.1ms
[2025-03-28T21:18:32.596+0530][gc,phases   ] GC(1333)   Evacuate Collection Set: 27.3ms
[2025-03-28T21:18:32.596+0530][gc,phases   ] GC(1333)   Post Evacuate Collection Set: 0.8ms
[2025-03-28T21:18:32.596+0530][gc,phases   ] GC(1333)   Other: 0.2ms
[2025-03-28T21:18:32.596+0530][gc,heap     ] GC(1333) Eden regions: 45->0(49)
[2025-03-28T21:18:32.596+0530][gc,heap     ] GC(1333) Survivor regions: 6->2(7)
[2025-03-28T21:18:32.596+0530][gc,heap     ] GC(1333) Old regions: 109->110
[2025-03-28T21:18:32.596+0530][gc,heap     ] GC(1333) Archive regions: 2->2
[2025-03-28T21:18:32.596+0530][gc,heap     ] GC(1333) Humongous regions: 149->149
[2025-03-28T21:18:32.596+0530][gc,metaspace] GC(1333) Metaspace: 54815K(55488K)->54815K(55488K) NonClass: 48689K(49024K)->48689K(49024K) Class: 6125K(6464K)->6125K(6464K)
[2025-03-28T21:18:32.596+0530][gc          ] GC(1333) Pause Young (Normal) (G1 Evacuation Pause) 308M->261M(1024M) 28.829ms
[2025-03-28T21:18:32.596+0530][gc,cpu      ] GC(1333) User=0.02s Sys=0.00s Real=0.04s
[2025-03-28T21:18:37.984+0530][gc,start    ] GC(1334) Pause Young (Normal) (G1 Evacuation Pause)
[2025-03-28T21:18:37.984+0530][gc,task     ] GC(1334) Using 2 workers of 2 for evacuation
[2025-03-28T21:18:38.013+0530][gc,mmu      ] GC(1334) MMU target violated: 21.0ms (20.0ms/21.0ms)
[2025-03-28T21:18:38.013+0530][gc,phases   ] GC(1334)   Pre Evacuate Collection Set: 0.2ms
[2025-03-28T21:18:38.013+0530][gc,phases   ] GC(1334)   Merge Heap Roots: 0.2ms
[2025-03-28T21:18:38.013+0530][gc,phases   ] GC(1334)   Evacuate Collection Set: 19.0ms
[2025-03-28T21:18:38.013+0530][gc,phases   ] GC(1334)   Post Evacuate Collection Set: 9.3ms
[2025-03-28T21:18:38.013+0530][gc,phases   ] GC(1334)   Other: 0.3ms
[2025-03-28T21:18:38.013+0530][gc,heap     ] GC(1334) Eden regions: 49->0(47)
[2025-03-28T21:18:38.013+0530][gc,heap     ] GC(1334) Survivor regions: 2->4(7)
[2025-03-28T21:18:38.013+0530][gc,heap     ] GC(1334) Old regions: 110->110
[2025-03-28T21:18:38.013+0530][gc,heap     ] GC(1334) Archive regions: 2->2
[2025-03-28T21:18:38.013+0530][gc,heap     ] GC(1334) Humongous regions: 149->147
[2025-03-28T21:18:38.013+0530][gc,metaspace] GC(1334) Metaspace: 54815K(55488K)->54815K(55488K) NonClass: 48689K(49024K)->48689K(49024K) Class: 6125K(6464K)->6125K(6464K)
[2025-03-28T21:18:38.013+0530][gc          ] GC(1334) Pause Young (Normal) (G1 Evacuation Pause) 310M->260M(1024M) 29.194ms
[2025-03-28T21:18:38.013+0530][gc,cpu      ] GC(1334) User=0.01s Sys=0.00s Real=0.03s
[2025-03-28T21:18:38.174+0530][gc,start    ] GC(1335) Pause Young (Normal) (G1 Evacuation Pause)
[2025-03-28T21:18:38.174+0530][gc,task     ] GC(1335) Using 2 workers of 2 for evacuation
[2025-03-28T21:18:41.382+0530][gc,mmu      ] GC(1335) MMU target violated: 21.0ms (20.0ms/21.0ms)
[2025-03-28T21:18:41.382+0530][gc,phases   ] GC(1335)   Pre Evacuate Collection Set: 0.3ms
[2025-03-28T21:18:41.382+0530][gc,phases   ] GC(1335)   Merge Heap Roots: 0.1ms
[2025-03-28T21:18:41.382+0530][gc,phases   ] GC(1335)   Evacuate Collection Set: 3206.5ms
[2025-03-28T21:18:41.382+0530][gc,phases   ] GC(1335)   Post Evacuate Collection Set: 1.0ms
[2025-03-28T21:18:41.382+0530][gc,phases   ] GC(1335)   Other: 0.3ms
[2025-03-28T21:18:41.382+0530][gc,heap     ] GC(1335) Eden regions: 47->0(44)
[2025-03-28T21:18:41.382+0530][gc,heap     ] GC(1335) Survivor regions: 4->7(7)
[2025-03-28T21:18:41.383+0530][gc,heap     ] GC(1335) Old regions: 110->111
[2025-03-28T21:18:41.383+0530][gc,heap     ] GC(1335) Archive regions: 2->2
[2025-03-28T21:18:41.383+0530][gc,heap     ] GC(1335) Humongous regions: 147->147
[2025-03-28T21:18:41.383+0530][gc,metaspace] GC(1335) Metaspace: 54815K(55488K)->54815K(55488K) NonClass: 48689K(49024K)->48689K(49024K) Class: 6125K(6464K)->6125K(6464K)
[2025-03-28T21:18:41.383+0530][gc          ] GC(1335) Pause Young (Normal) (G1 Evacuation Pause) 307M->265M(1024M) 3208.503ms
[2025-03-28T21:18:41.383+0530][gc,cpu      ] GC(1335) User=0.03s Sys=0.01s Real=3.21s
[2025-03-28T21:18:43.238+0530][gc,start    ] GC(1336) Pause Young (Normal) (G1 Evacuation Pause)
[2025-03-28T21:18:43.238+0530][gc,task     ] GC(1336) Using 2 workers of 2 for evacuation
[2025-03-28T21:18:43.243+0530][gc,phases   ] GC(1336)   Pre Evacuate Collection Set: 0.2ms
[2025-03-28T21:18:43.243+0530][gc,phases   ] GC(1336)   Merge Heap Roots: 0.1ms
[2025-03-28T21:18:43.243+0530][gc,phases   ] GC(1336)   Evacuate Collection Set: 3.3ms
[2025-03-28T21:18:43.243+0530][gc,phases   ] GC(1336)   Post Evacuate Collection Set: 1.0ms
[2025-03-28T21:18:43.243+0530][gc,phases   ] GC(1336)   Other: 0.1ms
[2025-03-28T21:18:43.243+0530][gc,heap     ] GC(1336) Eden regions: 44->0(50)
[2025-03-28T21:18:43.243+0530][gc,heap     ] GC(1336) Survivor regions: 7->1(7)
[2025-03-28T21:18:43.243+0530][gc,heap     ] GC(1336) Old regions: 111->111
[2025-03-28T21:18:43.243+0530][gc,heap     ] GC(1336) Archive regions: 2->2
[2025-03-28T21:18:43.243+0530][gc,heap     ] GC(1336) Humongous regions: 149->147
[2025-03-28T21:18:43.243+0530][gc,metaspace] GC(1336) Metaspace: 54815K(55488K)->54815K(55488K) NonClass: 48689K(49024K)->48689K(49024K) Class: 6125K(6464K)->6125K(6464K)
[2025-03-28T21:18:43.243+0530][gc          ] GC(1336) Pause Young (Normal) (G1 Evacuation Pause) 311M->259M(1024M) 4.860ms
[2025-03-28T21:18:43.243+0530][gc,cpu      ] GC(1336) User=0.00s Sys=0.00s Real=0.00s
[2025-03-28T21:18:47.431+0530][gc,start    ] GC(1337) Pause Young (Normal) (G1 Evacuation Pause)
[2025-03-28T21:18:47.431+0530][gc,task     ] GC(1337) Using 2 workers of 2 for evacuation
[2025-03-28T21:18:47.453+0530][gc,mmu      ] GC(1337) MMU target violated: 21.0ms (20.0ms/21.0ms)
[2025-03-28T21:18:47.454+0530][gc,phases   ] GC(1337)   Pre Evacuate Collection Set: 0.2ms
[2025-03-28T21:18:47.454+0530][gc,phases   ] GC(1337)   Merge Heap Roots: 0.1ms
[2025-03-28T21:18:47.454+0530][gc,phases   ] GC(1337)   Evacuate Collection Set: 21.4ms
[2025-03-28T21:18:47.454+0530][gc,phases   ] GC(1337)   Post Evacuate Collection Set: 0.7ms
[2025-03-28T21:18:47.454+0530][gc,phases   ] GC(1337)   Other: 0.3ms
[2025-03-28T21:18:47.454+0530][gc,heap     ] GC(1337) Eden regions: 50->0(45)
[2025-03-28T21:18:47.454+0530][gc,heap     ] GC(1337) Survivor regions: 1->6(7)
[2025-03-28T21:18:47.454+0530][gc,heap     ] GC(1337) Old regions: 111->111
[2025-03-28T21:18:47.454+0530][gc,heap     ] GC(1337) Archive regions: 2->2
[2025-03-28T21:18:47.454+0530][gc,heap     ] GC(1337) Humongous regions: 147->147
[2025-03-28T21:18:47.454+0530][gc,metaspace] GC(1337) Metaspace: 54817K(55488K)->54817K(55488K) NonClass: 48692K(49024K)->48692K(49024K) Class: 6125K(6464K)->6125K(6464K)
[2025-03-28T21:18:47.454+0530][gc          ] GC(1337) Pause Young (Normal) (G1 Evacuation Pause) 309M->264M(1024M) 22.651ms
[2025-03-28T21:18:47.454+0530][gc,cpu      ] GC(1337) User=0.01s Sys=0.00s Real=0.02s
[2025-03-28T21:18:47.612+0530][gc,start    ] GC(1338) Pause Young (Normal) (G1 Evacuation Pause)
[2025-03-28T21:18:47.612+0530][gc,task     ] GC(1338) Using 2 workers of 2 for evacuation
[2025-03-28T21:18:47.661+0530][gc,mmu      ] GC(1338) MMU target violated: 21.0ms (20.0ms/21.0ms)
[2025-03-28T21:18:47.662+0530][gc,phases   ] GC(1338)   Pre Evacuate Collection Set: 0.3ms
[2025-03-28T21:18:47.662+0530][gc,phases   ] GC(1338)   Merge Heap Roots: 0.2ms
[2025-03-28T21:18:47.662+0530][gc,phases   ] GC(1338)   Evacuate Collection Set: 47.8ms
[2025-03-28T21:18:47.662+0530][gc,phases   ] GC(1338)   Post Evacuate Collection Set: 0.9ms
[2025-03-28T21:18:47.662+0530][gc,phases   ] GC(1338)   Other: 0.2ms
[2025-03-28T21:18:47.662+0530][gc,heap     ] GC(1338) Eden regions: 45->0(49)
[2025-03-28T21:18:47.662+0530][gc,heap     ] GC(1338) Survivor regions: 6->2(7)
[2025-03-28T21:18:47.662+0530][gc,heap     ] GC(1338) Old regions: 111->113
[2025-03-28T21:18:47.662+0530][gc,heap     ] GC(1338) Archive regions: 2->2
[2025-03-28T21:18:47.662+0530][gc,heap     ] GC(1338) Humongous regions: 149->149
[2025-03-28T21:18:47.662+0530][gc,metaspace] GC(1338) Metaspace: 54817K(55488K)->54817K(55488K) NonClass: 48692K(49024K)->48692K(49024K) Class: 6125K(6464K)->6125K(6464K)
[2025-03-28T21:18:47.662+0530][gc          ] GC(1338) Pause Young (Normal) (G1 Evacuation Pause) 311M->264M(1024M) 49.466ms
[2025-03-28T21:18:47.662+0530][gc,cpu      ] GC(1338) User=0.02s Sys=0.00s Real=0.05s
[2025-03-28T21:18:47.752+0530][gc,start    ] GC(1339) Pause Young (Normal) (G1 Evacuation Pause)
[2025-03-28T21:18:47.752+0530][gc,task     ] GC(1339) Using 2 workers of 2 for evacuation
[2025-03-28T21:18:47.760+0530][gc,phases   ] GC(1339)   Pre Evacuate Collection Set: 0.5ms
[2025-03-28T21:18:47.760+0530][gc,phases   ] GC(1339)   Merge Heap Roots: 0.1ms
[2025-03-28T21:18:47.760+0530][gc,phases   ] GC(1339)   Evacuate Collection Set: 6.1ms
[2025-03-28T21:18:47.760+0530][gc,phases   ] GC(1339)   Post Evacuate Collection Set: 0.6ms
[2025-03-28T21:18:47.760+0530][gc,phases   ] GC(1339)   Other: 0.2ms
[2025-03-28T21:18:47.760+0530][gc,heap     ] GC(1339) Eden regions: 49->0(47)
[2025-03-28T21:18:47.760+0530][gc,heap     ] GC(1339) Survivor regions: 2->4(7)
[2025-03-28T21:18:47.760+0530][gc,heap     ] GC(1339) Old regions: 113->113
[2025-03-28T21:18:47.760+0530][gc,heap     ] GC(1339) Archive regions: 2->2
[2025-03-28T21:18:47.760+0530][gc,heap     ] GC(1339) Humongous regions: 149->147
[2025-03-28T21:18:47.760+0530][gc,metaspace] GC(1339) Metaspace: 54817K(55488K)->54817K(55488K) NonClass: 48692K(49024K)->48692K(49024K) Class: 6125K(6464K)->6125K(6464K)
[2025-03-28T21:18:47.760+0530][gc          ] GC(1339) Pause Young (Normal) (G1 Evacuation Pause) 313M->263M(1024M) 7.547ms
[2025-03-28T21:18:47.760+0530][gc,cpu      ] GC(1339) User=0.01s Sys=0.00s Real=0.01s
[2025-03-28T21:18:47.850+0530][gc,start    ] GC(1340) Pause Young (Normal) (G1 Evacuation Pause)
[2025-03-28T21:18:47.850+0530][gc,task     ] GC(1340) Using 2 workers of 2 for evacuation
[2025-03-28T21:18:47.855+0530][gc,phases   ] GC(1340)   Pre Evacuate Collection Set: 0.4ms
[2025-03-28T21:18:47.855+0530][gc,phases   ] GC(1340)   Merge Heap Roots: 0.1ms
[2025-03-28T21:18:47.855+0530][gc,phases   ] GC(1340)   Evacuate Collection Set: 4.3ms
[2025-03-28T21:18:47.855+0530][gc,phases   ] GC(1340)   Post Evacuate Collection Set: 0.6ms
[2025-03-28T21:18:47.855+0530][gc,phases   ] GC(1340)   Other: 0.2ms
[2025-03-28T21:18:47.855+0530][gc,heap     ] GC(1340) Eden regions: 47->0(48)
[2025-03-28T21:18:47.855+0530][gc,heap     ] GC(1340) Survivor regions: 4->3(7)
[2025-03-28T21:18:47.855+0530][gc,heap     ] GC(1340) Old regions: 113->113
[2025-03-28T21:18:47.855+0530][gc,heap     ] GC(1340) Archive regions: 2->2
[2025-03-28T21:18:47.855+0530][gc,heap     ] GC(1340) Humongous regions: 149->149
[2025-03-28T21:18:47.855+0530][gc,metaspace] GC(1340) Metaspace: 54817K(55488K)->54817K(55488K) NonClass: 48692K(49024K)->48692K(49024K) Class: 6125K(6464K)->6125K(6464K)
[2025-03-28T21:18:47.855+0530][gc          ] GC(1340) Pause Young (Normal) (G1 Evacuation Pause) 312M->264M(1024M) 5.606ms
[2025-03-28T21:18:47.855+0530][gc,cpu      ] GC(1340) User=0.01s Sys=0.00s Real=0.01s
[2025-03-28T21:18:56.825+0530][gc,start    ] GC(1341) Pause Young (Normal) (G1 Evacuation Pause)
[2025-03-28T21:18:56.826+0530][gc,task     ] GC(1341) Using 2 workers of 2 for evacuation
[2025-03-28T21:18:56.845+0530][gc,phases   ] GC(1341)   Pre Evacuate Collection Set: 0.3ms
[2025-03-28T21:18:56.845+0530][gc,phases   ] GC(1341)   Merge Heap Roots: 0.5ms
[2025-03-28T21:18:56.845+0530][gc,phases   ] GC(1341)   Evacuate Collection Set: 17.1ms
[2025-03-28T21:18:56.845+0530][gc,phases   ] GC(1341)   Post Evacuate Collection Set: 1.2ms
[2025-03-28T21:18:56.845+0530][gc,phases   ] GC(1341)   Other: 1.0ms
[2025-03-28T21:18:56.845+0530][gc,heap     ] GC(1341) Eden regions: 48->0(49)
[2025-03-28T21:18:56.845+0530][gc,heap     ] GC(1341) Survivor regions: 3->2(7)
[2025-03-28T21:18:56.845+0530][gc,heap     ] GC(1341) Old regions: 113->113
[2025-03-28T21:18:56.845+0530][gc,heap     ] GC(1341) Archive regions: 2->2
[2025-03-28T21:18:56.845+0530][gc,heap     ] GC(1341) Humongous regions: 149->147
[2025-03-28T21:18:56.845+0530][gc,metaspace] GC(1341) Metaspace: 54817K(55488K)->54817K(55488K) NonClass: 48692K(49024K)->48692K(49024K) Class: 6125K(6464K)->6125K(6464K)
[2025-03-28T21:18:56.845+0530][gc          ] GC(1341) Pause Young (Normal) (G1 Evacuation Pause) 312M->261M(1024M) 19.941ms
[2025-03-28T21:18:56.845+0530][gc,cpu      ] GC(1341) User=0.01s Sys=0.01s Real=0.02s
[2025-03-28T21:18:57.042+0530][gc,start    ] GC(1342) Pause Young (Normal) (G1 Evacuation Pause)
[2025-03-28T21:18:57.042+0530][gc,task     ] GC(1342) Using 2 workers of 2 for evacuation
[2025-03-28T21:18:57.071+0530][gc,mmu      ] GC(1342) MMU target violated: 21.0ms (20.0ms/21.0ms)
[2025-03-28T21:18:57.071+0530][gc,phases   ] GC(1342)   Pre Evacuate Collection Set: 0.7ms
[2025-03-28T21:18:57.071+0530][gc,phases   ] GC(1342)   Merge Heap Roots: 0.4ms
[2025-03-28T21:18:57.071+0530][gc,phases   ] GC(1342)   Evacuate Collection Set: 26.4ms
[2025-03-28T21:18:57.071+0530][gc,phases   ] GC(1342)   Post Evacuate Collection Set: 0.9ms
[2025-03-28T21:18:57.071+0530][gc,phases   ] GC(1342)   Other: 0.3ms
[2025-03-28T21:18:57.071+0530][gc,heap     ] GC(1342) Eden regions: 49->0(44)
[2025-03-28T21:18:57.071+0530][gc,heap     ] GC(1342) Survivor regions: 2->7(7)
[2025-03-28T21:18:57.071+0530][gc,heap     ] GC(1342) Old regions: 113->113
[2025-03-28T21:18:57.071+0530][gc,heap     ] GC(1342) Archive regions: 2->2
[2025-03-28T21:18:57.071+0530][gc,heap     ] GC(1342) Humongous regions: 147->147
[2025-03-28T21:18:57.071+0530][gc,metaspace] GC(1342) Metaspace: 54817K(55488K)->54817K(55488K) NonClass: 48692K(49024K)->48692K(49024K) Class: 6125K(6464K)->6125K(6464K)
[2025-03-28T21:18:57.071+0530][gc          ] GC(1342) Pause Young (Normal) (G1 Evacuation Pause) 310M->266M(1024M) 28.889ms
[2025-03-28T21:18:57.071+0530][gc,cpu      ] GC(1342) User=0.03s Sys=0.00s Real=0.03s
[2025-03-28T21:18:57.199+0530][gc,start    ] GC(1343) Pause Young (Normal) (G1 Evacuation Pause)
[2025-03-28T21:18:57.199+0530][gc,task     ] GC(1343) Using 2 workers of 2 for evacuation
[2025-03-28T21:18:57.250+0530][gc,mmu      ] GC(1343) MMU target violated: 21.0ms (20.0ms/21.0ms)
[2025-03-28T21:18:57.250+0530][gc,phases   ] GC(1343)   Pre Evacuate Collection Set: 0.3ms
[2025-03-28T21:18:57.250+0530][gc,phases   ] GC(1343)   Merge Heap Roots: 0.1ms
[2025-03-28T21:18:57.250+0530][gc,phases   ] GC(1343)   Evacuate Collection Set: 49.6ms
[2025-03-28T21:18:57.250+0530][gc,phases   ] GC(1343)   Post Evacuate Collection Set: 0.4ms
[2025-03-28T21:18:57.250+0530][gc,phases   ] GC(1343)   Other: 0.2ms
[2025-03-28T21:18:57.250+0530][gc,heap     ] GC(1343) Eden regions: 44->0(49)
[2025-03-28T21:18:57.250+0530][gc,heap     ] GC(1343) Survivor regions: 7->2(7)
[2025-03-28T21:18:57.250+0530][gc,heap     ] GC(1343) Old regions: 113->114
[2025-03-28T21:18:57.250+0530][gc,heap     ] GC(1343) Archive regions: 2->2
[2025-03-28T21:18:57.250+0530][gc,heap     ] GC(1343) Humongous regions: 149->149
[2025-03-28T21:18:57.250+0530][gc,metaspace] GC(1343) Metaspace: 54817K(55488K)->54817K(55488K) NonClass: 48692K(49024K)->48692K(49024K) Class: 6125K(6464K)->6125K(6464K)
[2025-03-28T21:18:57.250+0530][gc          ] GC(1343) Pause Young (Normal) (G1 Evacuation Pause) 312M->264M(1024M) 50.691ms
[2025-03-28T21:18:57.250+0530][gc,cpu      ] GC(1343) User=0.01s Sys=0.02s Real=0.05s
[2025-03-28T21:18:57.547+0530][gc,start    ] GC(1344) Pause Young (Normal) (G1 Evacuation Pause)
[2025-03-28T21:18:57.547+0530][gc,task     ] GC(1344) Using 2 workers of 2 for evacuation
[2025-03-28T21:18:57.554+0530][gc,phases   ] GC(1344)   Pre Evacuate Collection Set: 0.2ms
[2025-03-28T21:18:57.554+0530][gc,phases   ] GC(1344)   Merge Heap Roots: 0.1ms
[2025-03-28T21:18:57.554+0530][gc,phases   ] GC(1344)   Evacuate Collection Set: 5.6ms
[2025-03-28T21:18:57.554+0530][gc,phases   ] GC(1344)   Post Evacuate Collection Set: 1.2ms
[2025-03-28T21:18:57.554+0530][gc,phases   ] GC(1344)   Other: 0.2ms
[2025-03-28T21:18:57.554+0530][gc,heap     ] GC(1344) Eden regions: 49->0(47)
[2025-03-28T21:18:57.554+0530][gc,heap     ] GC(1344) Survivor regions: 2->4(7)
[2025-03-28T21:18:57.554+0530][gc,heap     ] GC(1344) Old regions: 114->114
[2025-03-28T21:18:57.554+0530][gc,heap     ] GC(1344) Archive regions: 2->2
[2025-03-28T21:18:57.554+0530][gc,heap     ] GC(1344) Humongous regions: 149->147
[2025-03-28T21:18:57.554+0530][gc,metaspace] GC(1344) Metaspace: 54817K(55488K)->54817K(55488K) NonClass: 48692K(49024K)->48692K(49024K) Class: 6125K(6464K)->6125K(6464K)
[2025-03-28T21:18:57.554+0530][gc          ] GC(1344) Pause Young (Normal) (G1 Evacuation Pause) 313M->265M(1024M) 7.421ms
[2025-03-28T21:18:57.554+0530][gc,cpu      ] GC(1344) User=0.01s Sys=0.00s Real=0.00s
[2025-03-28T21:18:57.651+0530][gc,start    ] GC(1345) Pause Young (Normal) (G1 Evacuation Pause)
[2025-03-28T21:18:57.651+0530][gc,task     ] GC(1345) Using 2 workers of 2 for evacuation
[2025-03-28T21:18:57.679+0530][gc,mmu      ] GC(1345) MMU target violated: 21.0ms (20.0ms/21.0ms)
[2025-03-28T21:18:57.679+0530][gc,phases   ] GC(1345)   Pre Evacuate Collection Set: 0.2ms
[2025-03-28T21:18:57.679+0530][gc,phases   ] GC(1345)   Merge Heap Roots: 0.1ms
[2025-03-28T21:18:57.679+0530][gc,phases   ] GC(1345)   Evacuate Collection Set: 27.0ms
[2025-03-28T21:18:57.679+0530][gc,phases   ] GC(1345)   Post Evacuate Collection Set: 0.5ms
[2025-03-28T21:18:57.679+0530][gc,phases   ] GC(1345)   Other: 0.6ms
[2025-03-28T21:18:57.679+0530][gc,heap     ] GC(1345) Eden regions: 47->0(49)
[2025-03-28T21:18:57.679+0530][gc,heap     ] GC(1345) Survivor regions: 4->2(7)
[2025-03-28T21:18:57.679+0530][gc,heap     ] GC(1345) Old regions: 114->115
[2025-03-28T21:18:57.679+0530][gc,heap     ] GC(1345) Archive regions: 2->2
[2025-03-28T21:18:57.679+0530][gc,heap     ] GC(1345) Humongous regions: 149->149
[2025-03-28T21:18:57.679+0530][gc,metaspace] GC(1345) Metaspace: 54817K(55488K)->54817K(55488K) NonClass: 48692K(49024K)->48692K(49024K) Class: 6125K(6464K)->6125K(6464K)
[2025-03-28T21:18:57.679+0530][gc          ] GC(1345) Pause Young (Normal) (G1 Evacuation Pause) 314M->266M(1024M) 28.532ms
[2025-03-28T21:18:57.679+0530][gc,cpu      ] GC(1345) User=0.02s Sys=0.00s Real=0.03s
[2025-03-28T21:19:06.803+0530][gc,start    ] GC(1346) Pause Young (Normal) (G1 Evacuation Pause)
[2025-03-28T21:19:06.803+0530][gc,task     ] GC(1346) Using 2 workers of 2 for evacuation
[2025-03-28T21:19:06.811+0530][gc,phases   ] GC(1346)   Pre Evacuate Collection Set: 0.3ms
[2025-03-28T21:19:06.811+0530][gc,phases   ] GC(1346)   Merge Heap Roots: 0.2ms
[2025-03-28T21:19:06.811+0530][gc,phases   ] GC(1346)   Evacuate Collection Set: 6.4ms
[2025-03-28T21:19:06.811+0530][gc,phases   ] GC(1346)   Post Evacuate Collection Set: 0.7ms
[2025-03-28T21:19:06.811+0530][gc,phases   ] GC(1346)   Other: 0.2ms
[2025-03-28T21:19:06.811+0530][gc,heap     ] GC(1346) Eden regions: 49->0(49)
[2025-03-28T21:19:06.811+0530][gc,heap     ] GC(1346) Survivor regions: 2->2(7)
[2025-03-28T21:19:06.811+0530][gc,heap     ] GC(1346) Old regions: 115->115
[2025-03-28T21:19:06.811+0530][gc,heap     ] GC(1346) Archive regions: 2->2
[2025-03-28T21:19:06.811+0530][gc,heap     ] GC(1346) Humongous regions: 149->147
[2025-03-28T21:19:06.811+0530][gc,metaspace] GC(1346) Metaspace: 54822K(55488K)->54822K(55488K) NonClass: 48697K(49024K)->48697K(49024K) Class: 6125K(6464K)->6125K(6464K)
[2025-03-28T21:19:06.811+0530][gc          ] GC(1346) Pause Young (Normal) (G1 Evacuation Pause) 315M->264M(1024M) 7.912ms
[2025-03-28T21:19:06.811+0530][gc,cpu      ] GC(1346) User=0.01s Sys=0.00s Real=0.00s
[2025-03-28T21:19:06.881+0530][gc,start    ] GC(1347) Pause Young (Normal) (G1 Evacuation Pause)
[2025-03-28T21:19:06.881+0530][gc,task     ] GC(1347) Using 2 workers of 2 for evacuation
[2025-03-28T21:19:06.900+0530][gc,phases   ] GC(1347)   Pre Evacuate Collection Set: 0.2ms
[2025-03-28T21:19:06.900+0530][gc,phases   ] GC(1347)   Merge Heap Roots: 0.3ms
[2025-03-28T21:19:06.900+0530][gc,phases   ] GC(1347)   Evacuate Collection Set: 16.7ms
[2025-03-28T21:19:06.900+0530][gc,phases   ] GC(1347)   Post Evacuate Collection Set: 0.6ms
[2025-03-28T21:19:06.900+0530][gc,phases   ] GC(1347)   Other: 0.6ms
[2025-03-28T21:19:06.900+0530][gc,heap     ] GC(1347) Eden regions: 49->0(44)
[2025-03-28T21:19:06.900+0530][gc,heap     ] GC(1347) Survivor regions: 2->7(7)
[2025-03-28T21:19:06.900+0530][gc,heap     ] GC(1347) Old regions: 115->115
[2025-03-28T21:19:06.900+0530][gc,heap     ] GC(1347) Archive regions: 2->2
[2025-03-28T21:19:06.900+0530][gc,heap     ] GC(1347) Humongous regions: 147->147
[2025-03-28T21:19:06.900+0530][gc,metaspace] GC(1347) Metaspace: 54822K(55488K)->54822K(55488K) NonClass: 48697K(49024K)->48697K(49024K) Class: 6125K(6464K)->6125K(6464K)
[2025-03-28T21:19:06.900+0530][gc          ] GC(1347) Pause Young (Normal) (G1 Evacuation Pause) 313M->269M(1024M) 18.515ms
[2025-03-28T21:19:06.900+0530][gc,cpu      ] GC(1347) User=0.01s Sys=0.00s Real=0.03s
[2025-03-28T21:19:06.978+0530][gc,start    ] GC(1348) Pause Young (Normal) (G1 Evacuation Pause)
[2025-03-28T21:19:06.978+0530][gc,task     ] GC(1348) Using 2 workers of 2 for evacuation
[2025-03-28T21:19:07.038+0530][gc,mmu      ] GC(1348) MMU target violated: 21.0ms (20.0ms/21.0ms)
[2025-03-28T21:19:07.038+0530][gc,phases   ] GC(1348)   Pre Evacuate Collection Set: 0.1ms
[2025-03-28T21:19:07.038+0530][gc,phases   ] GC(1348)   Merge Heap Roots: 0.2ms
[2025-03-28T21:19:07.038+0530][gc,phases   ] GC(1348)   Evacuate Collection Set: 58.4ms
[2025-03-28T21:19:07.038+0530][gc,phases   ] GC(1348)   Post Evacuate Collection Set: 1.0ms
[2025-03-28T21:19:07.038+0530][gc,phases   ] GC(1348)   Other: 0.2ms
[2025-03-28T21:19:07.038+0530][gc,heap     ] GC(1348) Eden regions: 44->0(49)
[2025-03-28T21:19:07.038+0530][gc,heap     ] GC(1348) Survivor regions: 7->2(7)
[2025-03-28T21:19:07.038+0530][gc,heap     ] GC(1348) Old regions: 115->116
[2025-03-28T21:19:07.038+0530][gc,heap     ] GC(1348) Archive regions: 2->2
[2025-03-28T21:19:07.038+0530][gc,heap     ] GC(1348) Humongous regions: 149->149
[2025-03-28T21:19:07.038+0530][gc,metaspace] GC(1348) Metaspace: 54822K(55488K)->54822K(55488K) NonClass: 48697K(49024K)->48697K(49024K) Class: 6125K(6464K)->6125K(6464K)
[2025-03-28T21:19:07.038+0530][gc          ] GC(1348) Pause Young (Normal) (G1 Evacuation Pause) 315M->267M(1024M) 60.153ms
[2025-03-28T21:19:07.038+0530][gc,cpu      ] GC(1348) User=0.02s Sys=0.01s Real=0.06s
[2025-03-28T21:19:07.450+0530][gc,start    ] GC(1349) Pause Young (Normal) (G1 Evacuation Pause)
[2025-03-28T21:19:07.450+0530][gc,task     ] GC(1349) Using 2 workers of 2 for evacuation
[2025-03-28T21:19:07.460+0530][gc,phases   ] GC(1349)   Pre Evacuate Collection Set: 0.7ms
[2025-03-28T21:19:07.460+0530][gc,phases   ] GC(1349)   Merge Heap Roots: 0.2ms
[2025-03-28T21:19:07.460+0530][gc,phases   ] GC(1349)   Evacuate Collection Set: 8.5ms
[2025-03-28T21:19:07.460+0530][gc,phases   ] GC(1349)   Post Evacuate Collection Set: 0.5ms
[2025-03-28T21:19:07.460+0530][gc,phases   ] GC(1349)   Other: 0.2ms
[2025-03-28T21:19:07.460+0530][gc,heap     ] GC(1349) Eden regions: 49->0(46)
[2025-03-28T21:19:07.460+0530][gc,heap     ] GC(1349) Survivor regions: 2->5(7)
[2025-03-28T21:19:07.460+0530][gc,heap     ] GC(1349) Old regions: 116->116
[2025-03-28T21:19:07.460+0530][gc,heap     ] GC(1349) Archive regions: 2->2
[2025-03-28T21:19:07.460+0530][gc,heap     ] GC(1349) Humongous regions: 149->147
[2025-03-28T21:19:07.460+0530][gc,metaspace] GC(1349) Metaspace: 54822K(55488K)->54822K(55488K) NonClass: 48697K(49024K)->48697K(49024K) Class: 6125K(6464K)->6125K(6464K)
[2025-03-28T21:19:07.460+0530][gc          ] GC(1349) Pause Young (Normal) (G1 Evacuation Pause) 316M->268M(1024M) 10.065ms
[2025-03-28T21:19:07.460+0530][gc,cpu      ] GC(1349) User=0.01s Sys=0.00s Real=0.01s
[2025-03-28T21:19:07.553+0530][gc,start    ] GC(1350) Pause Young (Normal) (G1 Evacuation Pause)
[2025-03-28T21:19:07.553+0530][gc,task     ] GC(1350) Using 2 workers of 2 for evacuation
[2025-03-28T21:19:07.579+0530][gc,mmu      ] GC(1350) MMU target violated: 21.0ms (20.0ms/21.0ms)
[2025-03-28T21:19:07.579+0530][gc,phases   ] GC(1350)   Pre Evacuate Collection Set: 0.2ms
[2025-03-28T21:19:07.579+0530][gc,phases   ] GC(1350)   Merge Heap Roots: 0.1ms
[2025-03-28T21:19:07.579+0530][gc,phases   ] GC(1350)   Evacuate Collection Set: 24.8ms
[2025-03-28T21:19:07.579+0530][gc,phases   ] GC(1350)   Post Evacuate Collection Set: 0.4ms
[2025-03-28T21:19:07.579+0530][gc,phases   ] GC(1350)   Other: 0.7ms
[2025-03-28T21:19:07.579+0530][gc,heap     ] GC(1350) Eden regions: 46->0(49)
[2025-03-28T21:19:07.579+0530][gc,heap     ] GC(1350) Survivor regions: 5->2(7)
[2025-03-28T21:19:07.579+0530][gc,heap     ] GC(1350) Old regions: 116->117
[2025-03-28T21:19:07.579+0530][gc,heap     ] GC(1350) Archive regions: 2->2
[2025-03-28T21:19:07.579+0530][gc,heap     ] GC(1350) Humongous regions: 149->149
[2025-03-28T21:19:07.579+0530][gc,metaspace] GC(1350) Metaspace: 54822K(55488K)->54822K(55488K) NonClass: 48697K(49024K)->48697K(49024K) Class: 6125K(6464K)->6125K(6464K)
[2025-03-28T21:19:07.579+0530][gc          ] GC(1350) Pause Young (Normal) (G1 Evacuation Pause) 316M->268M(1024M) 26.278ms
[2025-03-28T21:19:07.579+0530][gc,cpu      ] GC(1350) User=0.01s Sys=0.00s Real=0.03s
[2025-03-28T21:19:16.823+0530][gc,start    ] GC(1351) Pause Young (Normal) (G1 Evacuation Pause)
[2025-03-28T21:19:16.823+0530][gc,task     ] GC(1351) Using 2 workers of 2 for evacuation
[2025-03-28T21:19:16.854+0530][gc,mmu      ] GC(1351) MMU target violated: 21.0ms (20.0ms/21.0ms)
[2025-03-28T21:19:16.854+0530][gc,phases   ] GC(1351)   Pre Evacuate Collection Set: 0.3ms
[2025-03-28T21:19:16.854+0530][gc,phases   ] GC(1351)   Merge Heap Roots: 0.2ms
[2025-03-28T21:19:16.854+0530][gc,phases   ] GC(1351)   Evacuate Collection Set: 29.4ms
[2025-03-28T21:19:16.854+0530][gc,phases   ] GC(1351)   Post Evacuate Collection Set: 0.7ms
[2025-03-28T21:19:16.854+0530][gc,phases   ] GC(1351)   Other: 0.3ms
[2025-03-28T21:19:16.854+0530][gc,heap     ] GC(1351) Eden regions: 49->0(48)
[2025-03-28T21:19:16.854+0530][gc,heap     ] GC(1351) Survivor regions: 2->3(7)
[2025-03-28T21:19:16.854+0530][gc,heap     ] GC(1351) Old regions: 117->117
[2025-03-28T21:19:16.854+0530][gc,heap     ] GC(1351) Archive regions: 2->2
[2025-03-28T21:19:16.854+0530][gc,heap     ] GC(1351) Humongous regions: 149->147
[2025-03-28T21:19:16.854+0530][gc,metaspace] GC(1351) Metaspace: 54822K(55488K)->54822K(55488K) NonClass: 48697K(49024K)->48697K(49024K) Class: 6125K(6464K)->6125K(6464K)
[2025-03-28T21:19:16.854+0530][gc          ] GC(1351) Pause Young (Normal) (G1 Evacuation Pause) 317M->267M(1024M) 30.931ms
[2025-03-28T21:19:16.854+0530][gc,cpu      ] GC(1351) User=0.01s Sys=0.00s Real=0.04s
[2025-03-28T21:19:16.982+0530][gc,start    ] GC(1352) Pause Young (Normal) (G1 Evacuation Pause)
[2025-03-28T21:19:16.982+0530][gc,task     ] GC(1352) Using 2 workers of 2 for evacuation
[2025-03-28T21:19:17.023+0530][gc,mmu      ] GC(1352) MMU target violated: 21.0ms (20.0ms/21.0ms)
[2025-03-28T21:19:17.023+0530][gc,phases   ] GC(1352)   Pre Evacuate Collection Set: 0.3ms
[2025-03-28T21:19:17.023+0530][gc,phases   ] GC(1352)   Merge Heap Roots: 0.1ms
[2025-03-28T21:19:17.023+0530][gc,phases   ] GC(1352)   Evacuate Collection Set: 40.6ms
[2025-03-28T21:19:17.023+0530][gc,phases   ] GC(1352)   Post Evacuate Collection Set: 0.6ms
[2025-03-28T21:19:17.023+0530][gc,phases   ] GC(1352)   Other: 0.2ms
[2025-03-28T21:19:17.023+0530][gc,heap     ] GC(1352) Eden regions: 48->0(44)
[2025-03-28T21:19:17.023+0530][gc,heap     ] GC(1352) Survivor regions: 3->7(7)
[2025-03-28T21:19:17.023+0530][gc,heap     ] GC(1352) Old regions: 117->118
[2025-03-28T21:19:17.023+0530][gc,heap     ] GC(1352) Archive regions: 2->2
[2025-03-28T21:19:17.023+0530][gc,heap     ] GC(1352) Humongous regions: 147->147
[2025-03-28T21:19:17.023+0530][gc,metaspace] GC(1352) Metaspace: 54822K(55488K)->54822K(55488K) NonClass: 48697K(49024K)->48697K(49024K) Class: 6125K(6464K)->6125K(6464K)
[2025-03-28T21:19:17.024+0530][gc          ] GC(1352) Pause Young (Normal) (G1 Evacuation Pause) 315M->272M(1024M) 41.821ms
[2025-03-28T21:19:17.024+0530][gc,cpu      ] GC(1352) User=0.02s Sys=0.00s Real=0.05s
[2025-03-28T21:19:17.104+0530][gc,start    ] GC(1353) Pause Young (Normal) (G1 Evacuation Pause)
[2025-03-28T21:19:17.104+0530][gc,task     ] GC(1353) Using 2 workers of 2 for evacuation
[2025-03-28T21:19:17.142+0530][gc,mmu      ] GC(1353) MMU target violated: 21.0ms (20.0ms/21.0ms)
[2025-03-28T21:19:17.142+0530][gc,phases   ] GC(1353)   Pre Evacuate Collection Set: 0.2ms
[2025-03-28T21:19:17.142+0530][gc,phases   ] GC(1353)   Merge Heap Roots: 0.1ms
[2025-03-28T21:19:17.142+0530][gc,phases   ] GC(1353)   Evacuate Collection Set: 36.9ms
[2025-03-28T21:19:17.142+0530][gc,phases   ] GC(1353)   Post Evacuate Collection Set: 0.6ms
[2025-03-28T21:19:17.142+0530][gc,phases   ] GC(1353)   Other: 0.2ms
[2025-03-28T21:19:17.142+0530][gc,heap     ] GC(1353) Eden regions: 44->0(50)
[2025-03-28T21:19:17.142+0530][gc,heap     ] GC(1353) Survivor regions: 7->1(7)
[2025-03-28T21:19:17.142+0530][gc,heap     ] GC(1353) Old regions: 118->120
[2025-03-28T21:19:17.142+0530][gc,heap     ] GC(1353) Archive regions: 2->2
[2025-03-28T21:19:17.142+0530][gc,heap     ] GC(1353) Humongous regions: 149->149
[2025-03-28T21:19:17.142+0530][gc,metaspace] GC(1353) Metaspace: 54822K(55488K)->54822K(55488K) NonClass: 48697K(49024K)->48697K(49024K) Class: 6125K(6464K)->6125K(6464K)
[2025-03-28T21:19:17.142+0530][gc          ] GC(1353) Pause Young (Normal) (G1 Evacuation Pause) 318M->270M(1024M) 38.139ms
[2025-03-28T21:19:17.142+0530][gc,cpu      ] GC(1353) User=0.01s Sys=0.00s Real=0.04s
[2025-03-28T21:19:17.530+0530][gc,start    ] GC(1354) Pause Young (Normal) (G1 Evacuation Pause)
[2025-03-28T21:19:17.530+0530][gc,task     ] GC(1354) Using 2 workers of 2 for evacuation
[2025-03-28T21:19:17.544+0530][gc,phases   ] GC(1354)   Pre Evacuate Collection Set: 0.3ms
[2025-03-28T21:19:17.544+0530][gc,phases   ] GC(1354)   Merge Heap Roots: 0.1ms
[2025-03-28T21:19:17.544+0530][gc,phases   ] GC(1354)   Evacuate Collection Set: 6.3ms
[2025-03-28T21:19:17.544+0530][gc,phases   ] GC(1354)   Post Evacuate Collection Set: 6.8ms
[2025-03-28T21:19:17.544+0530][gc,phases   ] GC(1354)   Other: 0.1ms
[2025-03-28T21:19:17.544+0530][gc,heap     ] GC(1354) Eden regions: 50->0(45)
[2025-03-28T21:19:17.544+0530][gc,heap     ] GC(1354) Survivor regions: 1->6(7)
[2025-03-28T21:19:17.544+0530][gc,heap     ] GC(1354) Old regions: 120->120
[2025-03-28T21:19:17.544+0530][gc,heap     ] GC(1354) Archive regions: 2->2
[2025-03-28T21:19:17.544+0530][gc,heap     ] GC(1354) Humongous regions: 149->147
[2025-03-28T21:19:17.544+0530][gc,metaspace] GC(1354) Metaspace: 54822K(55488K)->54822K(55488K) NonClass: 48697K(49024K)->48697K(49024K) Class: 6125K(6464K)->6125K(6464K)
[2025-03-28T21:19:17.544+0530][gc          ] GC(1354) Pause Young (Normal) (G1 Evacuation Pause) 320M->272M(1024M) 13.654ms
[2025-03-28T21:19:17.544+0530][gc,cpu      ] GC(1354) User=0.01s Sys=0.00s Real=0.01s
[2025-03-28T21:19:17.623+0530][gc,start    ] GC(1355) Pause Young (Normal) (G1 Evacuation Pause)
[2025-03-28T21:19:17.623+0530][gc,task     ] GC(1355) Using 2 workers of 2 for evacuation
[2025-03-28T21:19:17.646+0530][gc,mmu      ] GC(1355) MMU target violated: 21.0ms (20.0ms/21.0ms)
[2025-03-28T21:19:17.646+0530][gc,phases   ] GC(1355)   Pre Evacuate Collection Set: 0.1ms
[2025-03-28T21:19:17.646+0530][gc,phases   ] GC(1355)   Merge Heap Roots: 0.1ms
[2025-03-28T21:19:17.646+0530][gc,phases   ] GC(1355)   Evacuate Collection Set: 22.3ms
[2025-03-28T21:19:17.647+0530][gc,phases   ] GC(1355)   Post Evacuate Collection Set: 0.4ms
[2025-03-28T21:19:17.647+0530][gc,phases   ] GC(1355)   Other: 0.2ms
[2025-03-28T21:19:17.647+0530][gc,heap     ] GC(1355) Eden regions: 45->0(49)
[2025-03-28T21:19:17.647+0530][gc,heap     ] GC(1355) Survivor regions: 6->2(7)
[2025-03-28T21:19:17.647+0530][gc,heap     ] GC(1355) Old regions: 120->121
[2025-03-28T21:19:17.647+0530][gc,heap     ] GC(1355) Archive regions: 2->2
[2025-03-28T21:19:17.647+0530][gc,heap     ] GC(1355) Humongous regions: 149->149
[2025-03-28T21:19:17.647+0530][gc,metaspace] GC(1355) Metaspace: 54822K(55488K)->54822K(55488K) NonClass: 48697K(49024K)->48697K(49024K) Class: 6125K(6464K)->6125K(6464K)
[2025-03-28T21:19:17.647+0530][gc          ] GC(1355) Pause Young (Normal) (G1 Evacuation Pause) 319M->272M(1024M) 23.263ms
[2025-03-28T21:19:17.647+0530][gc,cpu      ] GC(1355) User=0.01s Sys=0.00s Real=0.03s
[2025-03-28T21:19:26.379+0530][gc,start    ] GC(1356) Pause Young (Normal) (G1 Evacuation Pause)
[2025-03-28T21:19:26.379+0530][gc,task     ] GC(1356) Using 2 workers of 2 for evacuation
[2025-03-28T21:19:26.396+0530][gc,phases   ] GC(1356)   Pre Evacuate Collection Set: 0.2ms
[2025-03-28T21:19:26.396+0530][gc,phases   ] GC(1356)   Merge Heap Roots: 0.2ms
[2025-03-28T21:19:26.396+0530][gc,phases   ] GC(1356)   Evacuate Collection Set: 15.8ms
[2025-03-28T21:19:26.396+0530][gc,phases   ] GC(1356)   Post Evacuate Collection Set: 1.0ms
[2025-03-28T21:19:26.396+0530][gc,phases   ] GC(1356)   Other: 0.2ms
[2025-03-28T21:19:26.396+0530][gc,heap     ] GC(1356) Eden regions: 49->0(47)
[2025-03-28T21:19:26.396+0530][gc,heap     ] GC(1356) Survivor regions: 2->4(7)
[2025-03-28T21:19:26.396+0530][gc,heap     ] GC(1356) Old regions: 121->121
[2025-03-28T21:19:26.396+0530][gc,heap     ] GC(1356) Archive regions: 2->2
[2025-03-28T21:19:26.396+0530][gc,heap     ] GC(1356) Humongous regions: 149->147
[2025-03-28T21:19:26.396+0530][gc,metaspace] GC(1356) Metaspace: 54822K(55488K)->54822K(55488K) NonClass: 48697K(49024K)->48697K(49024K) Class: 6125K(6464K)->6125K(6464K)
[2025-03-28T21:19:26.396+0530][gc          ] GC(1356) Pause Young (Normal) (G1 Evacuation Pause) 321M->271M(1024M) 17.471ms
[2025-03-28T21:19:26.396+0530][gc,cpu      ] GC(1356) User=0.02s Sys=0.01s Real=0.02s
[2025-03-28T21:19:26.556+0530][gc,start    ] GC(1357) Pause Young (Normal) (G1 Evacuation Pause)
[2025-03-28T21:19:26.556+0530][gc,task     ] GC(1357) Using 2 workers of 2 for evacuation
[2025-03-28T21:19:26.597+0530][gc,mmu      ] GC(1357) MMU target violated: 21.0ms (20.0ms/21.0ms)
[2025-03-28T21:19:26.597+0530][gc,phases   ] GC(1357)   Pre Evacuate Collection Set: 0.3ms
[2025-03-28T21:19:26.597+0530][gc,phases   ] GC(1357)   Merge Heap Roots: 0.2ms
[2025-03-28T21:19:26.597+0530][gc,phases   ] GC(1357)   Evacuate Collection Set: 39.9ms
[2025-03-28T21:19:26.597+0530][gc,phases   ] GC(1357)   Post Evacuate Collection Set: 0.5ms
[2025-03-28T21:19:26.597+0530][gc,phases   ] GC(1357)   Other: 0.2ms
[2025-03-28T21:19:26.597+0530][gc,heap     ] GC(1357) Eden regions: 47->0(44)
[2025-03-28T21:19:26.597+0530][gc,heap     ] GC(1357) Survivor regions: 4->7(7)
[2025-03-28T21:19:26.598+0530][gc,heap     ] GC(1357) Old regions: 121->122
[2025-03-28T21:19:26.598+0530][gc,heap     ] GC(1357) Archive regions: 2->2
[2025-03-28T21:19:26.598+0530][gc,heap     ] GC(1357) Humongous regions: 147->147
[2025-03-28T21:19:26.598+0530][gc,metaspace] GC(1357) Metaspace: 54822K(55488K)->54822K(55488K) NonClass: 48697K(49024K)->48697K(49024K) Class: 6125K(6464K)->6125K(6464K)
[2025-03-28T21:19:26.598+0530][gc          ] GC(1357) Pause Young (Normal) (G1 Evacuation Pause) 318M->276M(1024M) 41.190ms
[2025-03-28T21:19:26.598+0530][gc,cpu      ] GC(1357) User=0.02s Sys=0.01s Real=0.04s
[2025-03-28T21:19:27.409+0530][gc,start    ] GC(1358) Pause Young (Normal) (G1 Evacuation Pause)
[2025-03-28T21:19:27.409+0530][gc,task     ] GC(1358) Using 2 workers of 2 for evacuation
[2025-03-28T21:19:27.419+0530][gc,phases   ] GC(1358)   Pre Evacuate Collection Set: 0.3ms
[2025-03-28T21:19:27.419+0530][gc,phases   ] GC(1358)   Merge Heap Roots: 0.3ms
[2025-03-28T21:19:27.419+0530][gc,phases   ] GC(1358)   Evacuate Collection Set: 7.3ms
[2025-03-28T21:19:27.419+0530][gc,phases   ] GC(1358)   Post Evacuate Collection Set: 2.0ms
[2025-03-28T21:19:27.419+0530][gc,phases   ] GC(1358)   Other: 0.3ms
[2025-03-28T21:19:27.419+0530][gc,heap     ] GC(1358) Eden regions: 44->0(50)
[2025-03-28T21:19:27.419+0530][gc,heap     ] GC(1358) Survivor regions: 7->1(7)
[2025-03-28T21:19:27.419+0530][gc,heap     ] GC(1358) Old regions: 122->122
[2025-03-28T21:19:27.419+0530][gc,heap     ] GC(1358) Archive regions: 2->2
[2025-03-28T21:19:27.419+0530][gc,heap     ] GC(1358) Humongous regions: 149->147
[2025-03-28T21:19:27.419+0530][gc,metaspace] GC(1358) Metaspace: 54822K(55488K)->54822K(55488K) NonClass: 48697K(49024K)->48697K(49024K) Class: 6125K(6464K)->6125K(6464K)
[2025-03-28T21:19:27.419+0530][gc          ] GC(1358) Pause Young (Normal) (G1 Evacuation Pause) 322M->270M(1024M) 10.338ms
[2025-03-28T21:19:27.419+0530][gc,cpu      ] GC(1358) User=0.01s Sys=0.00s Real=0.01s
[2025-03-28T21:19:27.480+0530][gc,start    ] GC(1359) Pause Young (Normal) (G1 Evacuation Pause)
[2025-03-28T21:19:27.480+0530][gc,task     ] GC(1359) Using 2 workers of 2 for evacuation
[2025-03-28T21:19:27.488+0530][gc,phases   ] GC(1359)   Pre Evacuate Collection Set: 0.1ms
[2025-03-28T21:19:27.488+0530][gc,phases   ] GC(1359)   Merge Heap Roots: 0.1ms
[2025-03-28T21:19:27.488+0530][gc,phases   ] GC(1359)   Evacuate Collection Set: 7.1ms
[2025-03-28T21:19:27.488+0530][gc,phases   ] GC(1359)   Post Evacuate Collection Set: 0.8ms
[2025-03-28T21:19:27.489+0530][gc,phases   ] GC(1359)   Other: 0.1ms
[2025-03-28T21:19:27.489+0530][gc,heap     ] GC(1359) Eden regions: 50->0(45)
[2025-03-28T21:19:27.489+0530][gc,heap     ] GC(1359) Survivor regions: 1->6(7)
[2025-03-28T21:19:27.489+0530][gc,heap     ] GC(1359) Old regions: 122->122
[2025-03-28T21:19:27.489+0530][gc,heap     ] GC(1359) Archive regions: 2->2
[2025-03-28T21:19:27.489+0530][gc,heap     ] GC(1359) Humongous regions: 147->147
[2025-03-28T21:19:27.489+0530][gc,metaspace] GC(1359) Metaspace: 54822K(55488K)->54822K(55488K) NonClass: 48697K(49024K)->48697K(49024K) Class: 6125K(6464K)->6125K(6464K)
[2025-03-28T21:19:27.489+0530][gc          ] GC(1359) Pause Young (Normal) (G1 Evacuation Pause) 320M->275M(1024M) 8.758ms
[2025-03-28T21:19:27.489+0530][gc,cpu      ] GC(1359) User=0.01s Sys=0.00s Real=0.01s
[2025-03-28T21:19:27.566+0530][gc,start    ] GC(1360) Pause Young (Normal) (G1 Evacuation Pause)
[2025-03-28T21:19:27.566+0530][gc,task     ] GC(1360) Using 2 workers of 2 for evacuation
[2025-03-28T21:19:27.595+0530][gc,mmu      ] GC(1360) MMU target violated: 21.0ms (20.0ms/21.0ms)
[2025-03-28T21:19:27.595+0530][gc,phases   ] GC(1360)   Pre Evacuate Collection Set: 0.2ms
[2025-03-28T21:19:27.595+0530][gc,phases   ] GC(1360)   Merge Heap Roots: 0.1ms
[2025-03-28T21:19:27.595+0530][gc,phases   ] GC(1360)   Evacuate Collection Set: 28.4ms
[2025-03-28T21:19:27.595+0530][gc,phases   ] GC(1360)   Post Evacuate Collection Set: 0.5ms
[2025-03-28T21:19:27.595+0530][gc,phases   ] GC(1360)   Other: 0.2ms
[2025-03-28T21:19:27.595+0530][gc,heap     ] GC(1360) Eden regions: 45->0(49)
[2025-03-28T21:19:27.595+0530][gc,heap     ] GC(1360) Survivor regions: 6->2(7)
[2025-03-28T21:19:27.595+0530][gc,heap     ] GC(1360) Old regions: 122->123
[2025-03-28T21:19:27.595+0530][gc,heap     ] GC(1360) Archive regions: 2->2
[2025-03-28T21:19:27.595+0530][gc,heap     ] GC(1360) Humongous regions: 149->149
[2025-03-28T21:19:27.595+0530][gc,metaspace] GC(1360) Metaspace: 54822K(55488K)->54822K(55488K) NonClass: 48697K(49024K)->48697K(49024K) Class: 6125K(6464K)->6125K(6464K)
[2025-03-28T21:19:27.595+0530][gc          ] GC(1360) Pause Young (Normal) (G1 Evacuation Pause) 322M->274M(1024M) 29.436ms
[2025-03-28T21:19:27.595+0530][gc,cpu      ] GC(1360) User=0.01s Sys=0.00s Real=0.03s
[2025-03-28T21:19:36.613+0530][gc,start    ] GC(1361) Pause Young (Normal) (G1 Evacuation Pause)
[2025-03-28T21:19:36.613+0530][gc,task     ] GC(1361) Using 2 workers of 2 for evacuation
[2025-03-28T21:19:36.647+0530][gc,mmu      ] GC(1361) MMU target violated: 21.0ms (20.0ms/21.0ms)
[2025-03-28T21:19:36.647+0530][gc,phases   ] GC(1361)   Pre Evacuate Collection Set: 0.2ms
[2025-03-28T21:19:36.647+0530][gc,phases   ] GC(1361)   Merge Heap Roots: 0.3ms
[2025-03-28T21:19:36.647+0530][gc,phases   ] GC(1361)   Evacuate Collection Set: 33.3ms
[2025-03-28T21:19:36.647+0530][gc,phases   ] GC(1361)   Post Evacuate Collection Set: 0.6ms
[2025-03-28T21:19:36.647+0530][gc,phases   ] GC(1361)   Other: 0.2ms
[2025-03-28T21:19:36.647+0530][gc,heap     ] GC(1361) Eden regions: 49->0(45)
[2025-03-28T21:19:36.647+0530][gc,heap     ] GC(1361) Survivor regions: 2->6(7)
[2025-03-28T21:19:36.647+0530][gc,heap     ] GC(1361) Old regions: 123->123
[2025-03-28T21:19:36.647+0530][gc,heap     ] GC(1361) Archive regions: 2->2
[2025-03-28T21:19:36.647+0530][gc,heap     ] GC(1361) Humongous regions: 149->147
[2025-03-28T21:19:36.647+0530][gc,metaspace] GC(1361) Metaspace: 54822K(55488K)->54822K(55488K) NonClass: 48697K(49024K)->48697K(49024K) Class: 6125K(6464K)->6125K(6464K)
[2025-03-28T21:19:36.650+0530][gc          ] GC(1361) Pause Young (Normal) (G1 Evacuation Pause) 323M->276M(1024M) 34.732ms
[2025-03-28T21:19:36.650+0530][gc,cpu      ] GC(1361) User=0.03s Sys=0.01s Real=0.04s
[2025-03-28T21:19:36.790+0530][gc,start    ] GC(1362) Pause Young (Normal) (G1 Evacuation Pause)
[2025-03-28T21:19:36.790+0530][gc,task     ] GC(1362) Using 2 workers of 2 for evacuation
[2025-03-28T21:19:36.948+0530][gc,mmu      ] GC(1362) MMU target violated: 21.0ms (20.0ms/21.0ms)
[2025-03-28T21:19:36.948+0530][gc,phases   ] GC(1362)   Pre Evacuate Collection Set: 0.2ms
[2025-03-28T21:19:36.948+0530][gc,phases   ] GC(1362)   Merge Heap Roots: 0.2ms
[2025-03-28T21:19:36.948+0530][gc,phases   ] GC(1362)   Evacuate Collection Set: 157.3ms
[2025-03-28T21:19:36.948+0530][gc,phases   ] GC(1362)   Post Evacuate Collection Set: 0.5ms
[2025-03-28T21:19:36.948+0530][gc,phases   ] GC(1362)   Other: 0.2ms
[2025-03-28T21:19:36.948+0530][gc,heap     ] GC(1362) Eden regions: 45->0(45)
[2025-03-28T21:19:36.948+0530][gc,heap     ] GC(1362) Survivor regions: 6->6(7)
[2025-03-28T21:19:36.948+0530][gc,heap     ] GC(1362) Old regions: 123->129
[2025-03-28T21:19:36.948+0530][gc,heap     ] GC(1362) Archive regions: 2->2
[2025-03-28T21:19:36.948+0530][gc,heap     ] GC(1362) Humongous regions: 147->147
[2025-03-28T21:19:36.948+0530][gc,metaspace] GC(1362) Metaspace: 54822K(55488K)->54822K(55488K) NonClass: 48697K(49024K)->48697K(49024K) Class: 6125K(6464K)->6125K(6464K)
[2025-03-28T21:19:36.948+0530][gc          ] GC(1362) Pause Young (Normal) (G1 Evacuation Pause) 321M->281M(1024M) 158.482ms
[2025-03-28T21:19:36.948+0530][gc,cpu      ] GC(1362) User=0.04s Sys=0.02s Real=0.16s
[2025-03-28T21:19:37.123+0530][gc,start    ] GC(1363) Pause Young (Normal) (G1 Evacuation Pause)
[2025-03-28T21:19:37.123+0530][gc,task     ] GC(1363) Using 2 workers of 2 for evacuation
[2025-03-28T21:19:37.163+0530][gc,mmu      ] GC(1363) MMU target violated: 21.0ms (20.0ms/21.0ms)
[2025-03-28T21:19:37.163+0530][gc,phases   ] GC(1363)   Pre Evacuate Collection Set: 0.3ms
[2025-03-28T21:19:37.163+0530][gc,phases   ] GC(1363)   Merge Heap Roots: 0.1ms
[2025-03-28T21:19:37.163+0530][gc,phases   ] GC(1363)   Evacuate Collection Set: 37.8ms
[2025-03-28T21:19:37.163+0530][gc,phases   ] GC(1363)   Post Evacuate Collection Set: 0.6ms
[2025-03-28T21:19:37.163+0530][gc,phases   ] GC(1363)   Other: 0.6ms
[2025-03-28T21:19:37.163+0530][gc,heap     ] GC(1363) Eden regions: 45->0(50)
[2025-03-28T21:19:37.163+0530][gc,heap     ] GC(1363) Survivor regions: 6->1(7)
[2025-03-28T21:19:37.163+0530][gc,heap     ] GC(1363) Old regions: 129->131
[2025-03-28T21:19:37.163+0530][gc,heap     ] GC(1363) Archive regions: 2->2
[2025-03-28T21:19:37.163+0530][gc,heap     ] GC(1363) Humongous regions: 149->149
[2025-03-28T21:19:37.163+0530][gc,metaspace] GC(1363) Metaspace: 54822K(55488K)->54822K(55488K) NonClass: 48697K(49024K)->48697K(49024K) Class: 6125K(6464K)->6125K(6464K)
[2025-03-28T21:19:37.163+0530][gc          ] GC(1363) Pause Young (Normal) (G1 Evacuation Pause) 328M->281M(1024M) 39.494ms
[2025-03-28T21:19:37.163+0530][gc,cpu      ] GC(1363) User=0.01s Sys=0.01s Real=0.04s
[2025-03-28T21:19:37.562+0530][gc,start    ] GC(1364) Pause Young (Normal) (G1 Evacuation Pause)
[2025-03-28T21:19:37.562+0530][gc,task     ] GC(1364) Using 2 workers of 2 for evacuation
[2025-03-28T21:19:37.575+0530][gc,phases   ] GC(1364)   Pre Evacuate Collection Set: 0.3ms
[2025-03-28T21:19:37.575+0530][gc,phases   ] GC(1364)   Merge Heap Roots: 0.1ms
[2025-03-28T21:19:37.575+0530][gc,phases   ] GC(1364)   Evacuate Collection Set: 10.1ms
[2025-03-28T21:19:37.575+0530][gc,phases   ] GC(1364)   Post Evacuate Collection Set: 1.8ms
[2025-03-28T21:19:37.575+0530][gc,phases   ] GC(1364)   Other: 0.2ms
[2025-03-28T21:19:37.575+0530][gc,heap     ] GC(1364) Eden regions: 50->0(45)
[2025-03-28T21:19:37.575+0530][gc,heap     ] GC(1364) Survivor regions: 1->6(7)
[2025-03-28T21:19:37.575+0530][gc,heap     ] GC(1364) Old regions: 131->131
[2025-03-28T21:19:37.575+0530][gc,heap     ] GC(1364) Archive regions: 2->2
[2025-03-28T21:19:37.575+0530][gc,heap     ] GC(1364) Humongous regions: 149->147
[2025-03-28T21:19:37.575+0530][gc,metaspace] GC(1364) Metaspace: 54822K(55488K)->54822K(55488K) NonClass: 48697K(49024K)->48697K(49024K) Class: 6125K(6464K)->6125K(6464K)
[2025-03-28T21:19:37.575+0530][gc          ] GC(1364) Pause Young (Normal) (G1 Evacuation Pause) 331M->284M(1024M) 12.907ms
[2025-03-28T21:19:37.575+0530][gc,cpu      ] GC(1364) User=0.02s Sys=0.00s Real=0.02s
[2025-03-28T21:19:37.662+0530][gc,start    ] GC(1365) Pause Young (Normal) (G1 Evacuation Pause)
[2025-03-28T21:19:37.662+0530][gc,task     ] GC(1365) Using 2 workers of 2 for evacuation
[2025-03-28T21:19:37.703+0530][gc,mmu      ] GC(1365) MMU target violated: 21.0ms (20.0ms/21.0ms)
[2025-03-28T21:19:37.703+0530][gc,phases   ] GC(1365)   Pre Evacuate Collection Set: 0.3ms
[2025-03-28T21:19:37.703+0530][gc,phases   ] GC(1365)   Merge Heap Roots: 0.1ms
[2025-03-28T21:19:37.703+0530][gc,phases   ] GC(1365)   Evacuate Collection Set: 40.0ms
[2025-03-28T21:19:37.703+0530][gc,phases   ] GC(1365)   Post Evacuate Collection Set: 0.4ms
[2025-03-28T21:19:37.703+0530][gc,phases   ] GC(1365)   Other: 0.7ms
[2025-03-28T21:19:37.703+0530][gc,heap     ] GC(1365) Eden regions: 45->0(49)
[2025-03-28T21:19:37.703+0530][gc,heap     ] GC(1365) Survivor regions: 6->2(7)
[2025-03-28T21:19:37.703+0530][gc,heap     ] GC(1365) Old regions: 131->133
[2025-03-28T21:19:37.703+0530][gc,heap     ] GC(1365) Archive regions: 2->2
[2025-03-28T21:19:37.703+0530][gc,heap     ] GC(1365) Humongous regions: 149->149
[2025-03-28T21:19:37.703+0530][gc,metaspace] GC(1365) Metaspace: 54822K(55488K)->54822K(55488K) NonClass: 48697K(49024K)->48697K(49024K) Class: 6125K(6464K)->6125K(6464K)
[2025-03-28T21:19:37.703+0530][gc          ] GC(1365) Pause Young (Normal) (G1 Evacuation Pause) 331M->283M(1024M) 41.502ms
[2025-03-28T21:19:37.703+0530][gc,cpu      ] GC(1365) User=0.02s Sys=0.01s Real=0.04s
[2025-03-28T21:19:46.657+0530][gc,start    ] GC(1366) Pause Young (Normal) (G1 Evacuation Pause)
[2025-03-28T21:19:46.657+0530][gc,task     ] GC(1366) Using 2 workers of 2 for evacuation
[2025-03-28T21:19:46.678+0530][gc,mmu      ] GC(1366) MMU target violated: 21.0ms (20.0ms/21.0ms)
[2025-03-28T21:19:46.679+0530][gc,phases   ] GC(1366)   Pre Evacuate Collection Set: 0.2ms
[2025-03-28T21:19:46.679+0530][gc,phases   ] GC(1366)   Merge Heap Roots: 0.3ms
[2025-03-28T21:19:46.679+0530][gc,phases   ] GC(1366)   Evacuate Collection Set: 20.3ms
[2025-03-28T21:19:46.679+0530][gc,phases   ] GC(1366)   Post Evacuate Collection Set: 0.7ms
[2025-03-28T21:19:46.679+0530][gc,phases   ] GC(1366)   Other: 0.2ms
[2025-03-28T21:19:46.679+0530][gc,heap     ] GC(1366) Eden regions: 49->0(46)
[2025-03-28T21:19:46.679+0530][gc,heap     ] GC(1366) Survivor regions: 2->5(7)
[2025-03-28T21:19:46.679+0530][gc,heap     ] GC(1366) Old regions: 133->133
[2025-03-28T21:19:46.679+0530][gc,heap     ] GC(1366) Archive regions: 2->2
[2025-03-28T21:19:46.679+0530][gc,heap     ] GC(1366) Humongous regions: 149->147
[2025-03-28T21:19:46.679+0530][gc,metaspace] GC(1366) Metaspace: 54823K(55488K)->54823K(55488K) NonClass: 48697K(49024K)->48697K(49024K) Class: 6125K(6464K)->6125K(6464K)
[2025-03-28T21:19:46.679+0530][gc          ] GC(1366) Pause Young (Normal) (G1 Evacuation Pause) 332M->284M(1024M) 21.826ms
[2025-03-28T21:19:46.679+0530][gc,cpu      ] GC(1366) User=0.02s Sys=0.00s Real=0.03s
[2025-03-28T21:19:46.752+0530][gc,start    ] GC(1367) Pause Young (Normal) (G1 Evacuation Pause)
[2025-03-28T21:19:46.752+0530][gc,task     ] GC(1367) Using 2 workers of 2 for evacuation
[2025-03-28T21:19:46.868+0530][gc,mmu      ] GC(1367) MMU target violated: 21.0ms (20.0ms/21.0ms)
[2025-03-28T21:19:46.869+0530][gc,phases   ] GC(1367)   Pre Evacuate Collection Set: 0.3ms
[2025-03-28T21:19:46.869+0530][gc,phases   ] GC(1367)   Merge Heap Roots: 0.2ms
[2025-03-28T21:19:46.869+0530][gc,phases   ] GC(1367)   Evacuate Collection Set: 115.1ms
[2025-03-28T21:19:46.869+0530][gc,phases   ] GC(1367)   Post Evacuate Collection Set: 0.4ms
[2025-03-28T21:19:46.869+0530][gc,phases   ] GC(1367)   Other: 0.2ms
[2025-03-28T21:19:46.869+0530][gc,heap     ] GC(1367) Eden regions: 46->0(45)
[2025-03-28T21:19:46.869+0530][gc,heap     ] GC(1367) Survivor regions: 5->6(7)
[2025-03-28T21:19:46.869+0530][gc,heap     ] GC(1367) Old regions: 133->137
[2025-03-28T21:19:46.869+0530][gc,heap     ] GC(1367) Archive regions: 2->2
[2025-03-28T21:19:46.869+0530][gc,heap     ] GC(1367) Humongous regions: 147->147
[2025-03-28T21:19:46.869+0530][gc,metaspace] GC(1367) Metaspace: 54823K(55488K)->54823K(55488K) NonClass: 48697K(49024K)->48697K(49024K) Class: 6125K(6464K)->6125K(6464K)
[2025-03-28T21:19:46.869+0530][gc          ] GC(1367) Pause Young (Normal) (G1 Evacuation Pause) 330M->289M(1024M) 116.262ms
[2025-03-28T21:19:46.869+0530][gc,cpu      ] GC(1367) User=0.03s Sys=0.01s Real=0.11s
[2025-03-28T21:19:47.395+0530][gc,start    ] GC(1368) Pause Young (Normal) (G1 Evacuation Pause)
[2025-03-28T21:19:47.395+0530][gc,task     ] GC(1368) Using 2 workers of 2 for evacuation
[2025-03-28T21:19:47.498+0530][gc,mmu      ] GC(1368) MMU target violated: 21.0ms (20.0ms/21.0ms)
[2025-03-28T21:19:47.498+0530][gc,phases   ] GC(1368)   Pre Evacuate Collection Set: 0.7ms
[2025-03-28T21:19:47.498+0530][gc,phases   ] GC(1368)   Merge Heap Roots: 0.4ms
[2025-03-28T21:19:47.498+0530][gc,phases   ] GC(1368)   Evacuate Collection Set: 96.8ms
[2025-03-28T21:19:47.499+0530][gc,phases   ] GC(1368)   Post Evacuate Collection Set: 3.6ms
[2025-03-28T21:19:47.499+0530][gc,phases   ] GC(1368)   Other: 2.2ms
[2025-03-28T21:19:47.499+0530][gc,heap     ] GC(1368) Eden regions: 45->0(50)
[2025-03-28T21:19:47.499+0530][gc,heap     ] GC(1368) Survivor regions: 6->1(7)
[2025-03-28T21:19:47.499+0530][gc,heap     ] GC(1368) Old regions: 137->138
[2025-03-28T21:19:47.499+0530][gc,heap     ] GC(1368) Archive regions: 2->2
[2025-03-28T21:19:47.499+0530][gc,heap     ] GC(1368) Humongous regions: 149->147
[2025-03-28T21:19:47.499+0530][gc,metaspace] GC(1368) Metaspace: 54823K(55488K)->54823K(55488K) NonClass: 48697K(49024K)->48697K(49024K) Class: 6125K(6464K)->6125K(6464K)
[2025-03-28T21:19:47.499+0530][gc          ] GC(1368) Pause Young (Normal) (G1 Evacuation Pause) 336M->286M(1024M) 104.079ms
[2025-03-28T21:19:47.499+0530][gc,cpu      ] GC(1368) User=0.04s Sys=0.02s Real=0.11s
[2025-03-28T21:19:47.607+0530][gc,start    ] GC(1369) Pause Young (Normal) (G1 Evacuation Pause)
[2025-03-28T21:19:47.608+0530][gc,task     ] GC(1369) Using 2 workers of 2 for evacuation
[2025-03-28T21:19:47.619+0530][gc,phases   ] GC(1369)   Pre Evacuate Collection Set: 0.3ms
[2025-03-28T21:19:47.619+0530][gc,phases   ] GC(1369)   Merge Heap Roots: 0.2ms
[2025-03-28T21:19:47.619+0530][gc,phases   ] GC(1369)   Evacuate Collection Set: 10.5ms
[2025-03-28T21:19:47.619+0530][gc,phases   ] GC(1369)   Post Evacuate Collection Set: 0.6ms
[2025-03-28T21:19:47.620+0530][gc,phases   ] GC(1369)   Other: 0.5ms
[2025-03-28T21:19:47.620+0530][gc,heap     ] GC(1369) Eden regions: 50->0(44)
[2025-03-28T21:19:47.620+0530][gc,heap     ] GC(1369) Survivor regions: 1->7(7)
[2025-03-28T21:19:47.620+0530][gc,heap     ] GC(1369) Old regions: 138->138
[2025-03-28T21:19:47.620+0530][gc,heap     ] GC(1369) Archive regions: 2->2
[2025-03-28T21:19:47.620+0530][gc,heap     ] GC(1369) Humongous regions: 147->147
[2025-03-28T21:19:47.620+0530][gc,metaspace] GC(1369) Metaspace: 54823K(55488K)->54823K(55488K) NonClass: 48698K(49024K)->48698K(49024K) Class: 6125K(6464K)->6125K(6464K)
[2025-03-28T21:19:47.620+0530][gc          ] GC(1369) Pause Young (Normal) (G1 Evacuation Pause) 336M->292M(1024M) 12.186ms
[2025-03-28T21:19:47.620+0530][gc,cpu      ] GC(1369) User=0.01s Sys=0.01s Real=0.02s
[2025-03-28T21:19:47.701+0530][gc,start    ] GC(1370) Pause Young (Normal) (G1 Evacuation Pause)
[2025-03-28T21:19:47.701+0530][gc,task     ] GC(1370) Using 2 workers of 2 for evacuation
[2025-03-28T21:19:47.745+0530][gc,mmu      ] GC(1370) MMU target violated: 21.0ms (20.0ms/21.0ms)
[2025-03-28T21:19:47.745+0530][gc,phases   ] GC(1370)   Pre Evacuate Collection Set: 0.5ms
[2025-03-28T21:19:47.745+0530][gc,phases   ] GC(1370)   Merge Heap Roots: 0.2ms
[2025-03-28T21:19:47.745+0530][gc,phases   ] GC(1370)   Evacuate Collection Set: 42.2ms
[2025-03-28T21:19:47.745+0530][gc,phases   ] GC(1370)   Post Evacuate Collection Set: 0.4ms
[2025-03-28T21:19:47.745+0530][gc,phases   ] GC(1370)   Other: 0.2ms
[2025-03-28T21:19:47.745+0530][gc,heap     ] GC(1370) Eden regions: 44->0(49)
[2025-03-28T21:19:47.745+0530][gc,heap     ] GC(1370) Survivor regions: 7->2(7)
[2025-03-28T21:19:47.745+0530][gc,heap     ] GC(1370) Old regions: 138->140
[2025-03-28T21:19:47.745+0530][gc,heap     ] GC(1370) Archive regions: 2->2
[2025-03-28T21:19:47.745+0530][gc,heap     ] GC(1370) Humongous regions: 149->149
[2025-03-28T21:19:47.745+0530][gc,metaspace] GC(1370) Metaspace: 54823K(55488K)->54823K(55488K) NonClass: 48698K(49024K)->48698K(49024K) Class: 6125K(6464K)->6125K(6464K)
[2025-03-28T21:19:47.745+0530][gc          ] GC(1370) Pause Young (Normal) (G1 Evacuation Pause) 338M->291M(1024M) 43.568ms
[2025-03-28T21:19:47.745+0530][gc,cpu      ] GC(1370) User=0.02s Sys=0.00s Real=0.04s
[2025-03-28T21:19:56.682+0530][gc,start    ] GC(1371) Pause Young (Normal) (G1 Evacuation Pause)
[2025-03-28T21:19:56.682+0530][gc,task     ] GC(1371) Using 2 workers of 2 for evacuation
[2025-03-28T21:19:56.721+0530][gc,mmu      ] GC(1371) MMU target violated: 21.0ms (20.0ms/21.0ms)
[2025-03-28T21:19:56.721+0530][gc,phases   ] GC(1371)   Pre Evacuate Collection Set: 0.2ms
[2025-03-28T21:19:56.721+0530][gc,phases   ] GC(1371)   Merge Heap Roots: 0.1ms
[2025-03-28T21:19:56.721+0530][gc,phases   ] GC(1371)   Evacuate Collection Set: 36.7ms
[2025-03-28T21:19:56.721+0530][gc,phases   ] GC(1371)   Post Evacuate Collection Set: 2.3ms
[2025-03-28T21:19:56.721+0530][gc,phases   ] GC(1371)   Other: 0.2ms
[2025-03-28T21:19:56.721+0530][gc,heap     ] GC(1371) Eden regions: 49->0(46)
[2025-03-28T21:19:56.721+0530][gc,heap     ] GC(1371) Survivor regions: 2->5(7)
[2025-03-28T21:19:56.721+0530][gc,heap     ] GC(1371) Old regions: 140->140
[2025-03-28T21:19:56.721+0530][gc,heap     ] GC(1371) Archive regions: 2->2
[2025-03-28T21:19:56.721+0530][gc,heap     ] GC(1371) Humongous regions: 149->147
[2025-03-28T21:19:56.721+0530][gc,metaspace] GC(1371) Metaspace: 54823K(55488K)->54823K(55488K) NonClass: 48698K(49024K)->48698K(49024K) Class: 6125K(6464K)->6125K(6464K)
[2025-03-28T21:19:56.722+0530][gc          ] GC(1371) Pause Young (Normal) (G1 Evacuation Pause) 340M->292M(1024M) 39.495ms
[2025-03-28T21:19:56.722+0530][gc,cpu      ] GC(1371) User=0.01s Sys=0.00s Real=0.04s
[2025-03-28T21:19:56.859+0530][gc,start    ] GC(1372) Pause Young (Normal) (G1 Evacuation Pause)
[2025-03-28T21:19:56.859+0530][gc,task     ] GC(1372) Using 2 workers of 2 for evacuation
[2025-03-28T21:19:56.968+0530][gc,mmu      ] GC(1372) MMU target violated: 21.0ms (20.0ms/21.0ms)
[2025-03-28T21:19:56.968+0530][gc,phases   ] GC(1372)   Pre Evacuate Collection Set: 0.3ms
[2025-03-28T21:19:56.968+0530][gc,phases   ] GC(1372)   Merge Heap Roots: 0.3ms
[2025-03-28T21:19:56.968+0530][gc,phases   ] GC(1372)   Evacuate Collection Set: 107.2ms
[2025-03-28T21:19:56.968+0530][gc,phases   ] GC(1372)   Post Evacuate Collection Set: 0.7ms
[2025-03-28T21:19:56.968+0530][gc,phases   ] GC(1372)   Other: 1.0ms
[2025-03-28T21:19:56.968+0530][gc,heap     ] GC(1372) Eden regions: 46->0(45)
[2025-03-28T21:19:56.968+0530][gc,heap     ] GC(1372) Survivor regions: 5->6(7)
[2025-03-28T21:19:56.968+0530][gc,heap     ] GC(1372) Old regions: 140->145
[2025-03-28T21:19:56.968+0530][gc,heap     ] GC(1372) Archive regions: 2->2
[2025-03-28T21:19:56.968+0530][gc,heap     ] GC(1372) Humongous regions: 147->147
[2025-03-28T21:19:56.968+0530][gc,metaspace] GC(1372) Metaspace: 54823K(55488K)->54823K(55488K) NonClass: 48698K(49024K)->48698K(49024K) Class: 6125K(6464K)->6125K(6464K)
[2025-03-28T21:19:56.968+0530][gc          ] GC(1372) Pause Young (Normal) (G1 Evacuation Pause) 338M->297M(1024M) 109.553ms
[2025-03-28T21:19:56.968+0530][gc,cpu      ] GC(1372) User=0.03s Sys=0.01s Real=0.11s
[2025-03-28T21:19:57.402+0530][gc,start    ] GC(1373) Pause Young (Normal) (G1 Evacuation Pause)
[2025-03-28T21:19:57.402+0530][gc,task     ] GC(1373) Using 2 workers of 2 for evacuation
[2025-03-28T21:19:57.485+0530][gc,mmu      ] GC(1373) MMU target violated: 21.0ms (20.0ms/21.0ms)
[2025-03-28T21:19:57.485+0530][gc,phases   ] GC(1373)   Pre Evacuate Collection Set: 0.8ms
[2025-03-28T21:19:57.486+0530][gc,phases   ] GC(1373)   Merge Heap Roots: 0.5ms
[2025-03-28T21:19:57.486+0530][gc,phases   ] GC(1373)   Evacuate Collection Set: 78.5ms
[2025-03-28T21:19:57.486+0530][gc,phases   ] GC(1373)   Post Evacuate Collection Set: 2.6ms
[2025-03-28T21:19:57.486+0530][gc,phases   ] GC(1373)   Other: 1.4ms
[2025-03-28T21:19:57.486+0530][gc,heap     ] GC(1373) Eden regions: 45->0(50)
[2025-03-28T21:19:57.486+0530][gc,heap     ] GC(1373) Survivor regions: 6->1(7)
[2025-03-28T21:19:57.486+0530][gc,heap     ] GC(1373) Old regions: 145->146
[2025-03-28T21:19:57.486+0530][gc,heap     ] GC(1373) Archive regions: 2->2
[2025-03-28T21:19:57.486+0530][gc,heap     ] GC(1373) Humongous regions: 149->147
[2025-03-28T21:19:57.486+0530][gc,metaspace] GC(1373) Metaspace: 54823K(55488K)->54823K(55488K) NonClass: 48698K(49024K)->48698K(49024K) Class: 6125K(6464K)->6125K(6464K)
[2025-03-28T21:19:57.486+0530][gc          ] GC(1373) Pause Young (Normal) (G1 Evacuation Pause) 344M->294M(1024M) 83.779ms
[2025-03-28T21:19:57.486+0530][gc,cpu      ] GC(1373) User=0.04s Sys=0.02s Real=0.09s
[2025-03-28T21:19:57.551+0530][gc,start    ] GC(1374) Pause Young (Normal) (G1 Evacuation Pause)
[2025-03-28T21:19:57.551+0530][gc,task     ] GC(1374) Using 2 workers of 2 for evacuation
[2025-03-28T21:19:57.560+0530][gc,phases   ] GC(1374)   Pre Evacuate Collection Set: 0.2ms
[2025-03-28T21:19:57.560+0530][gc,phases   ] GC(1374)   Merge Heap Roots: 0.1ms
[2025-03-28T21:19:57.560+0530][gc,phases   ] GC(1374)   Evacuate Collection Set: 7.5ms
[2025-03-28T21:19:57.560+0530][gc,phases   ] GC(1374)   Post Evacuate Collection Set: 0.7ms
[2025-03-28T21:19:57.560+0530][gc,phases   ] GC(1374)   Other: 0.1ms
[2025-03-28T21:19:57.560+0530][gc,heap     ] GC(1374) Eden regions: 50->0(44)
[2025-03-28T21:19:57.560+0530][gc,heap     ] GC(1374) Survivor regions: 1->7(7)
[2025-03-28T21:19:57.560+0530][gc,heap     ] GC(1374) Old regions: 146->146
[2025-03-28T21:19:57.560+0530][gc,heap     ] GC(1374) Archive regions: 2->2
[2025-03-28T21:19:57.560+0530][gc,heap     ] GC(1374) Humongous regions: 147->147
[2025-03-28T21:19:57.560+0530][gc,metaspace] GC(1374) Metaspace: 54823K(55488K)->54823K(55488K) NonClass: 48698K(49024K)->48698K(49024K) Class: 6125K(6464K)->6125K(6464K)
[2025-03-28T21:19:57.560+0530][gc          ] GC(1374) Pause Young (Normal) (G1 Evacuation Pause) 344M->300M(1024M) 8.758ms
[2025-03-28T21:19:57.560+0530][gc,cpu      ] GC(1374) User=0.01s Sys=0.00s Real=0.02s
[2025-03-28T21:19:57.642+0530][gc,start    ] GC(1375) Pause Young (Normal) (G1 Evacuation Pause)
[2025-03-28T21:19:57.642+0530][gc,task     ] GC(1375) Using 2 workers of 2 for evacuation
[2025-03-28T21:19:57.683+0530][gc,mmu      ] GC(1375) MMU target violated: 21.0ms (20.0ms/21.0ms)
[2025-03-28T21:19:57.683+0530][gc,phases   ] GC(1375)   Pre Evacuate Collection Set: 0.8ms
[2025-03-28T21:19:57.683+0530][gc,phases   ] GC(1375)   Merge Heap Roots: 0.1ms
[2025-03-28T21:19:57.683+0530][gc,phases   ] GC(1375)   Evacuate Collection Set: 39.2ms
[2025-03-28T21:19:57.683+0530][gc,phases   ] GC(1375)   Post Evacuate Collection Set: 0.6ms
[2025-03-28T21:19:57.683+0530][gc,phases   ] GC(1375)   Other: 0.3ms
[2025-03-28T21:19:57.683+0530][gc,heap     ] GC(1375) Eden regions: 44->0(49)
[2025-03-28T21:19:57.683+0530][gc,heap     ] GC(1375) Survivor regions: 7->2(7)
[2025-03-28T21:19:57.683+0530][gc,heap     ] GC(1375) Old regions: 146->148
[2025-03-28T21:19:57.683+0530][gc,heap     ] GC(1375) Archive regions: 2->2
[2025-03-28T21:19:57.683+0530][gc,heap     ] GC(1375) Humongous regions: 149->149
[2025-03-28T21:19:57.683+0530][gc,metaspace] GC(1375) Metaspace: 54823K(55488K)->54823K(55488K) NonClass: 48698K(49024K)->48698K(49024K) Class: 6125K(6464K)->6125K(6464K)
[2025-03-28T21:19:57.683+0530][gc          ] GC(1375) Pause Young (Normal) (G1 Evacuation Pause) 346M->299M(1024M) 41.008ms
[2025-03-28T21:19:57.683+0530][gc,cpu      ] GC(1375) User=0.01s Sys=0.01s Real=0.04s
[2025-03-28T21:20:06.692+0530][gc,start    ] GC(1376) Pause Young (Normal) (G1 Evacuation Pause)
[2025-03-28T21:20:06.692+0530][gc,task     ] GC(1376) Using 2 workers of 2 for evacuation
[2025-03-28T21:20:06.699+0530][gc,phases   ] GC(1376)   Pre Evacuate Collection Set: 0.2ms
[2025-03-28T21:20:06.699+0530][gc,phases   ] GC(1376)   Merge Heap Roots: 0.1ms
[2025-03-28T21:20:06.699+0530][gc,phases   ] GC(1376)   Evacuate Collection Set: 5.7ms
[2025-03-28T21:20:06.699+0530][gc,phases   ] GC(1376)   Post Evacuate Collection Set: 0.8ms
[2025-03-28T21:20:06.699+0530][gc,phases   ] GC(1376)   Other: 0.2ms
[2025-03-28T21:20:06.699+0530][gc,heap     ] GC(1376) Eden regions: 49->0(48)
[2025-03-28T21:20:06.699+0530][gc,heap     ] GC(1376) Survivor regions: 2->3(7)
[2025-03-28T21:20:06.699+0530][gc,heap     ] GC(1376) Old regions: 148->148
[2025-03-28T21:20:06.699+0530][gc,heap     ] GC(1376) Archive regions: 2->2
[2025-03-28T21:20:06.699+0530][gc,heap     ] GC(1376) Humongous regions: 149->147
[2025-03-28T21:20:06.699+0530][gc,metaspace] GC(1376) Metaspace: 54823K(55488K)->54823K(55488K) NonClass: 48698K(49024K)->48698K(49024K) Class: 6125K(6464K)->6125K(6464K)
[2025-03-28T21:20:06.699+0530][gc          ] GC(1376) Pause Young (Normal) (G1 Evacuation Pause) 348M->298M(1024M) 7.052ms
[2025-03-28T21:20:06.699+0530][gc,cpu      ] GC(1376) User=0.01s Sys=0.00s Real=0.00s
[2025-03-28T21:20:06.839+0530][gc,start    ] GC(1377) Pause Young (Normal) (G1 Evacuation Pause)
[2025-03-28T21:20:06.839+0530][gc,task     ] GC(1377) Using 2 workers of 2 for evacuation
[2025-03-28T21:20:06.884+0530][gc,mmu      ] GC(1377) MMU target violated: 21.0ms (20.0ms/21.0ms)
[2025-03-28T21:20:06.885+0530][gc,phases   ] GC(1377)   Pre Evacuate Collection Set: 0.2ms
[2025-03-28T21:20:06.885+0530][gc,phases   ] GC(1377)   Merge Heap Roots: 0.1ms
[2025-03-28T21:20:06.885+0530][gc,phases   ] GC(1377)   Evacuate Collection Set: 45.0ms
[2025-03-28T21:20:06.885+0530][gc,phases   ] GC(1377)   Post Evacuate Collection Set: 0.5ms
[2025-03-28T21:20:06.885+0530][gc,phases   ] GC(1377)   Other: 0.3ms
[2025-03-28T21:20:06.885+0530][gc,heap     ] GC(1377) Eden regions: 48->0(44)
[2025-03-28T21:20:06.885+0530][gc,heap     ] GC(1377) Survivor regions: 3->7(7)
[2025-03-28T21:20:06.885+0530][gc,heap     ] GC(1377) Old regions: 148->149
[2025-03-28T21:20:06.885+0530][gc,heap     ] GC(1377) Archive regions: 2->2
[2025-03-28T21:20:06.885+0530][gc,heap     ] GC(1377) Humongous regions: 147->147
[2025-03-28T21:20:06.885+0530][gc,metaspace] GC(1377) Metaspace: 54823K(55488K)->54823K(55488K) NonClass: 48698K(49024K)->48698K(49024K) Class: 6125K(6464K)->6125K(6464K)
[2025-03-28T21:20:06.885+0530][gc          ] GC(1377) Pause Young (Normal) (G1 Evacuation Pause) 346M->303M(1024M) 46.247ms
[2025-03-28T21:20:06.885+0530][gc,cpu      ] GC(1377) User=0.03s Sys=0.00s Real=0.05s
[2025-03-28T21:20:07.447+0530][gc,start    ] GC(1378) Pause Young (Normal) (G1 Evacuation Pause)
[2025-03-28T21:20:07.447+0530][gc,task     ] GC(1378) Using 2 workers of 2 for evacuation
[2025-03-28T21:20:07.500+0530][gc,mmu      ] GC(1378) MMU target violated: 21.0ms (20.0ms/21.0ms)
[2025-03-28T21:20:07.500+0530][gc,phases   ] GC(1378)   Pre Evacuate Collection Set: 0.6ms
[2025-03-28T21:20:07.500+0530][gc,phases   ] GC(1378)   Merge Heap Roots: 0.6ms
[2025-03-28T21:20:07.500+0530][gc,phases   ] GC(1378)   Evacuate Collection Set: 48.8ms
[2025-03-28T21:20:07.500+0530][gc,phases   ] GC(1378)   Post Evacuate Collection Set: 1.8ms
[2025-03-28T21:20:07.500+0530][gc,phases   ] GC(1378)   Other: 1.4ms
[2025-03-28T21:20:07.500+0530][gc,heap     ] GC(1378) Eden regions: 44->0(50)
[2025-03-28T21:20:07.500+0530][gc,heap     ] GC(1378) Survivor regions: 7->1(7)
[2025-03-28T21:20:07.500+0530][gc,heap     ] GC(1378) Old regions: 149->150
[2025-03-28T21:20:07.500+0530][gc,heap     ] GC(1378) Archive regions: 2->2
[2025-03-28T21:20:07.500+0530][gc,heap     ] GC(1378) Humongous regions: 149->147
[2025-03-28T21:20:07.500+0530][gc,metaspace] GC(1378) Metaspace: 54823K(55488K)->54823K(55488K) NonClass: 48698K(49024K)->48698K(49024K) Class: 6125K(6464K)->6125K(6464K)
[2025-03-28T21:20:07.500+0530][gc          ] GC(1378) Pause Young (Normal) (G1 Evacuation Pause) 349M->298M(1024M) 53.359ms
[2025-03-28T21:20:07.500+0530][gc,cpu      ] GC(1378) User=0.04s Sys=0.01s Real=0.05s
[2025-03-28T21:20:07.557+0530][gc,start    ] GC(1379) Pause Young (Normal) (G1 Evacuation Pause)
[2025-03-28T21:20:07.557+0530][gc,task     ] GC(1379) Using 2 workers of 2 for evacuation
[2025-03-28T21:20:07.563+0530][gc,phases   ] GC(1379)   Pre Evacuate Collection Set: 0.2ms
[2025-03-28T21:20:07.563+0530][gc,phases   ] GC(1379)   Merge Heap Roots: 0.1ms
[2025-03-28T21:20:07.563+0530][gc,phases   ] GC(1379)   Evacuate Collection Set: 5.2ms
[2025-03-28T21:20:07.563+0530][gc,phases   ] GC(1379)   Post Evacuate Collection Set: 0.5ms
[2025-03-28T21:20:07.563+0530][gc,phases   ] GC(1379)   Other: 0.1ms
[2025-03-28T21:20:07.563+0530][gc,heap     ] GC(1379) Eden regions: 50->0(45)
[2025-03-28T21:20:07.563+0530][gc,heap     ] GC(1379) Survivor regions: 1->6(7)
[2025-03-28T21:20:07.563+0530][gc,heap     ] GC(1379) Old regions: 150->150
[2025-03-28T21:20:07.563+0530][gc,heap     ] GC(1379) Archive regions: 2->2
[2025-03-28T21:20:07.563+0530][gc,heap     ] GC(1379) Humongous regions: 147->147
[2025-03-28T21:20:07.563+0530][gc,metaspace] GC(1379) Metaspace: 54823K(55488K)->54823K(55488K) NonClass: 48698K(49024K)->48698K(49024K) Class: 6125K(6464K)->6125K(6464K)
[2025-03-28T21:20:07.563+0530][gc          ] GC(1379) Pause Young (Normal) (G1 Evacuation Pause) 348M->303M(1024M) 6.069ms
[2025-03-28T21:20:07.563+0530][gc,cpu      ] GC(1379) User=0.01s Sys=0.00s Real=0.00s
[2025-03-28T21:20:07.642+0530][gc,start    ] GC(1380) Pause Young (Normal) (G1 Evacuation Pause)
[2025-03-28T21:20:07.642+0530][gc,task     ] GC(1380) Using 2 workers of 2 for evacuation
[2025-03-28T21:20:07.677+0530][gc,mmu      ] GC(1380) MMU target violated: 21.0ms (20.0ms/21.0ms)
[2025-03-28T21:20:07.677+0530][gc,phases   ] GC(1380)   Pre Evacuate Collection Set: 0.2ms
[2025-03-28T21:20:07.677+0530][gc,phases   ] GC(1380)   Merge Heap Roots: 0.1ms
[2025-03-28T21:20:07.677+0530][gc,phases   ] GC(1380)   Evacuate Collection Set: 32.8ms
[2025-03-28T21:20:07.677+0530][gc,phases   ] GC(1380)   Post Evacuate Collection Set: 0.7ms
[2025-03-28T21:20:07.677+0530][gc,phases   ] GC(1380)   Other: 0.9ms
[2025-03-28T21:20:07.677+0530][gc,heap     ] GC(1380) Eden regions: 45->0(49)
[2025-03-28T21:20:07.677+0530][gc,heap     ] GC(1380) Survivor regions: 6->2(7)
[2025-03-28T21:20:07.677+0530][gc,heap     ] GC(1380) Old regions: 150->151
[2025-03-28T21:20:07.677+0530][gc,heap     ] GC(1380) Archive regions: 2->2
[2025-03-28T21:20:07.677+0530][gc,heap     ] GC(1380) Humongous regions: 149->149
[2025-03-28T21:20:07.677+0530][gc,metaspace] GC(1380) Metaspace: 54823K(55488K)->54823K(55488K) NonClass: 48698K(49024K)->48698K(49024K) Class: 6125K(6464K)->6125K(6464K)
[2025-03-28T21:20:07.677+0530][gc          ] GC(1380) Pause Young (Normal) (G1 Evacuation Pause) 350M->302M(1024M) 34.841ms
[2025-03-28T21:20:07.677+0530][gc,cpu      ] GC(1380) User=0.02s Sys=0.01s Real=0.04s
[2025-03-28T21:20:16.740+0530][gc,start    ] GC(1381) Pause Young (Normal) (G1 Evacuation Pause)
[2025-03-28T21:20:16.740+0530][gc,task     ] GC(1381) Using 2 workers of 2 for evacuation
[2025-03-28T21:20:16.747+0530][gc,phases   ] GC(1381)   Pre Evacuate Collection Set: 0.2ms
[2025-03-28T21:20:16.747+0530][gc,phases   ] GC(1381)   Merge Heap Roots: 0.1ms
[2025-03-28T21:20:16.747+0530][gc,phases   ] GC(1381)   Evacuate Collection Set: 5.5ms
[2025-03-28T21:20:16.747+0530][gc,phases   ] GC(1381)   Post Evacuate Collection Set: 0.6ms
[2025-03-28T21:20:16.747+0530][gc,phases   ] GC(1381)   Other: 0.2ms
[2025-03-28T21:20:16.747+0530][gc,heap     ] GC(1381) Eden regions: 49->0(47)
[2025-03-28T21:20:16.747+0530][gc,heap     ] GC(1381) Survivor regions: 2->4(7)
[2025-03-28T21:20:16.747+0530][gc,heap     ] GC(1381) Old regions: 151->151
[2025-03-28T21:20:16.747+0530][gc,heap     ] GC(1381) Archive regions: 2->2
[2025-03-28T21:20:16.747+0530][gc,heap     ] GC(1381) Humongous regions: 149->147
[2025-03-28T21:20:16.747+0530][gc,metaspace] GC(1381) Metaspace: 54823K(55488K)->54823K(55488K) NonClass: 48698K(49024K)->48698K(49024K) Class: 6125K(6464K)->6125K(6464K)
[2025-03-28T21:20:16.747+0530][gc          ] GC(1381) Pause Young (Normal) (G1 Evacuation Pause) 351M->301M(1024M) 6.647ms
[2025-03-28T21:20:16.747+0530][gc,cpu      ] GC(1381) User=0.01s Sys=0.00s Real=0.00s
[2025-03-28T21:20:16.838+0530][gc,start    ] GC(1382) Pause Young (Normal) (G1 Evacuation Pause)
[2025-03-28T21:20:16.838+0530][gc,task     ] GC(1382) Using 2 workers of 2 for evacuation
[2025-03-28T21:20:16.851+0530][gc,phases   ] GC(1382)   Pre Evacuate Collection Set: 0.2ms
[2025-03-28T21:20:16.852+0530][gc,phases   ] GC(1382)   Merge Heap Roots: 0.1ms
[2025-03-28T21:20:16.852+0530][gc,phases   ] GC(1382)   Evacuate Collection Set: 12.8ms
[2025-03-28T21:20:16.852+0530][gc,phases   ] GC(1382)   Post Evacuate Collection Set: 0.5ms
[2025-03-28T21:20:16.852+0530][gc,phases   ] GC(1382)   Other: 0.1ms
[2025-03-28T21:20:16.852+0530][gc,heap     ] GC(1382) Eden regions: 47->0(48)
[2025-03-28T21:20:16.852+0530][gc,heap     ] GC(1382) Survivor regions: 4->3(7)
[2025-03-28T21:20:16.852+0530][gc,heap     ] GC(1382) Old regions: 151->151
[2025-03-28T21:20:16.852+0530][gc,heap     ] GC(1382) Archive regions: 2->2
[2025-03-28T21:20:16.852+0530][gc,heap     ] GC(1382) Humongous regions: 149->149
[2025-03-28T21:20:16.852+0530][gc,metaspace] GC(1382) Metaspace: 54823K(55488K)->54823K(55488K) NonClass: 48698K(49024K)->48698K(49024K) Class: 6125K(6464K)->6125K(6464K)
[2025-03-28T21:20:16.852+0530][gc          ] GC(1382) Pause Young (Normal) (G1 Evacuation Pause) 350M->303M(1024M) 13.871ms
[2025-03-28T21:20:16.852+0530][gc,cpu      ] GC(1382) User=0.02s Sys=0.00s Real=0.01s
[2025-03-28T21:20:17.457+0530][gc,start    ] GC(1383) Pause Young (Normal) (G1 Evacuation Pause)
[2025-03-28T21:20:17.458+0530][gc,task     ] GC(1383) Using 2 workers of 2 for evacuation
[2025-03-28T21:20:17.472+0530][gc,phases   ] GC(1383)   Pre Evacuate Collection Set: 0.9ms
[2025-03-28T21:20:17.472+0530][gc,phases   ] GC(1383)   Merge Heap Roots: 0.4ms
[2025-03-28T21:20:17.472+0530][gc,phases   ] GC(1383)   Evacuate Collection Set: 10.6ms
[2025-03-28T21:20:17.472+0530][gc,phases   ] GC(1383)   Post Evacuate Collection Set: 1.1ms
[2025-03-28T21:20:17.472+0530][gc,phases   ] GC(1383)   Other: 1.3ms
[2025-03-28T21:20:17.472+0530][gc,heap     ] GC(1383) Eden regions: 48->0(49)
[2025-03-28T21:20:17.472+0530][gc,heap     ] GC(1383) Survivor regions: 3->2(7)
[2025-03-28T21:20:17.472+0530][gc,heap     ] GC(1383) Old regions: 151->151
[2025-03-28T21:20:17.472+0530][gc,heap     ] GC(1383) Archive regions: 2->2
[2025-03-28T21:20:17.472+0530][gc,heap     ] GC(1383) Humongous regions: 149->147
[2025-03-28T21:20:17.472+0530][gc,metaspace] GC(1383) Metaspace: 54823K(55488K)->54823K(55488K) NonClass: 48698K(49024K)->48698K(49024K) Class: 6125K(6464K)->6125K(6464K)
[2025-03-28T21:20:17.472+0530][gc          ] GC(1383) Pause Young (Normal) (G1 Evacuation Pause) 351M->300M(1024M) 14.541ms
[2025-03-28T21:20:17.472+0530][gc,cpu      ] GC(1383) User=0.02s Sys=0.01s Real=0.01s
[2025-03-28T21:20:17.531+0530][gc,start    ] GC(1384) Pause Young (Normal) (G1 Evacuation Pause)
[2025-03-28T21:20:17.531+0530][gc,task     ] GC(1384) Using 2 workers of 2 for evacuation
[2025-03-28T21:20:17.541+0530][gc,phases   ] GC(1384)   Pre Evacuate Collection Set: 0.3ms
[2025-03-28T21:20:17.541+0530][gc,phases   ] GC(1384)   Merge Heap Roots: 0.1ms
[2025-03-28T21:20:17.541+0530][gc,phases   ] GC(1384)   Evacuate Collection Set: 9.0ms
[2025-03-28T21:20:17.541+0530][gc,phases   ] GC(1384)   Post Evacuate Collection Set: 0.8ms
[2025-03-28T21:20:17.541+0530][gc,phases   ] GC(1384)   Other: 0.2ms
[2025-03-28T21:20:17.541+0530][gc,heap     ] GC(1384) Eden regions: 49->0(44)
[2025-03-28T21:20:17.542+0530][gc,heap     ] GC(1384) Survivor regions: 2->7(7)
[2025-03-28T21:20:17.542+0530][gc,heap     ] GC(1384) Old regions: 151->151
[2025-03-28T21:20:17.542+0530][gc,heap     ] GC(1384) Archive regions: 2->2
[2025-03-28T21:20:17.542+0530][gc,heap     ] GC(1384) Humongous regions: 147->147
[2025-03-28T21:20:17.542+0530][gc,metaspace] GC(1384) Metaspace: 54823K(55488K)->54823K(55488K) NonClass: 48698K(49024K)->48698K(49024K) Class: 6125K(6464K)->6125K(6464K)
[2025-03-28T21:20:17.542+0530][gc          ] GC(1384) Pause Young (Normal) (G1 Evacuation Pause) 349M->305M(1024M) 10.553ms
[2025-03-28T21:20:17.542+0530][gc,cpu      ] GC(1384) User=0.02s Sys=0.00s Real=0.01s
[2025-03-28T21:20:17.618+0530][gc,start    ] GC(1385) Pause Young (Normal) (G1 Evacuation Pause)
[2025-03-28T21:20:17.618+0530][gc,task     ] GC(1385) Using 2 workers of 2 for evacuation
[2025-03-28T21:20:17.669+0530][gc,mmu      ] GC(1385) MMU target violated: 21.0ms (20.0ms/21.0ms)
[2025-03-28T21:20:17.669+0530][gc,phases   ] GC(1385)   Pre Evacuate Collection Set: 0.2ms
[2025-03-28T21:20:17.669+0530][gc,phases   ] GC(1385)   Merge Heap Roots: 0.1ms
[2025-03-28T21:20:17.669+0530][gc,phases   ] GC(1385)   Evacuate Collection Set: 50.3ms
[2025-03-28T21:20:17.669+0530][gc,phases   ] GC(1385)   Post Evacuate Collection Set: 0.4ms
[2025-03-28T21:20:17.669+0530][gc,phases   ] GC(1385)   Other: 0.2ms
[2025-03-28T21:20:17.669+0530][gc,heap     ] GC(1385) Eden regions: 44->0(49)
[2025-03-28T21:20:17.669+0530][gc,heap     ] GC(1385) Survivor regions: 7->2(7)
[2025-03-28T21:20:17.669+0530][gc,heap     ] GC(1385) Old regions: 151->152
[2025-03-28T21:20:17.669+0530][gc,heap     ] GC(1385) Archive regions: 2->2
[2025-03-28T21:20:17.669+0530][gc,heap     ] GC(1385) Humongous regions: 149->149
[2025-03-28T21:20:17.670+0530][gc,metaspace] GC(1385) Metaspace: 54823K(55488K)->54823K(55488K) NonClass: 48698K(49024K)->48698K(49024K) Class: 6125K(6464K)->6125K(6464K)
[2025-03-28T21:20:17.670+0530][gc          ] GC(1385) Pause Young (Normal) (G1 Evacuation Pause) 351M->303M(1024M) 51.309ms
[2025-03-28T21:20:17.670+0530][gc,cpu      ] GC(1385) User=0.01s Sys=0.00s Real=0.05s
[2025-03-28T21:20:26.770+0530][gc,start    ] GC(1386) Pause Young (Normal) (G1 Evacuation Pause)
[2025-03-28T21:20:26.770+0530][gc,task     ] GC(1386) Using 2 workers of 2 for evacuation
[2025-03-28T21:20:26.787+0530][gc,phases   ] GC(1386)   Pre Evacuate Collection Set: 0.2ms
[2025-03-28T21:20:26.787+0530][gc,phases   ] GC(1386)   Merge Heap Roots: 0.1ms
[2025-03-28T21:20:26.787+0530][gc,phases   ] GC(1386)   Evacuate Collection Set: 16.0ms
[2025-03-28T21:20:26.787+0530][gc,phases   ] GC(1386)   Post Evacuate Collection Set: 0.8ms
[2025-03-28T21:20:26.787+0530][gc,phases   ] GC(1386)   Other: 0.2ms
[2025-03-28T21:20:26.787+0530][gc,heap     ] GC(1386) Eden regions: 49->0(46)
[2025-03-28T21:20:26.787+0530][gc,heap     ] GC(1386) Survivor regions: 2->5(7)
[2025-03-28T21:20:26.787+0530][gc,heap     ] GC(1386) Old regions: 152->152
[2025-03-28T21:20:26.787+0530][gc,heap     ] GC(1386) Archive regions: 2->2
[2025-03-28T21:20:26.787+0530][gc,heap     ] GC(1386) Humongous regions: 149->147
[2025-03-28T21:20:26.787+0530][gc,metaspace] GC(1386) Metaspace: 54823K(55488K)->54823K(55488K) NonClass: 48698K(49024K)->48698K(49024K) Class: 6125K(6464K)->6125K(6464K)
[2025-03-28T21:20:26.787+0530][gc          ] GC(1386) Pause Young (Normal) (G1 Evacuation Pause) 352M->304M(1024M) 17.441ms
[2025-03-28T21:20:26.787+0530][gc,cpu      ] GC(1386) User=0.01s Sys=0.00s Real=0.02s
[2025-03-28T21:20:26.929+0530][gc,start    ] GC(1387) Pause Young (Normal) (G1 Evacuation Pause)
[2025-03-28T21:20:26.929+0530][gc,task     ] GC(1387) Using 2 workers of 2 for evacuation
[2025-03-28T21:20:26.959+0530][gc,mmu      ] GC(1387) MMU target violated: 21.0ms (20.0ms/21.0ms)
[2025-03-28T21:20:26.960+0530][gc,phases   ] GC(1387)   Pre Evacuate Collection Set: 0.1ms
[2025-03-28T21:20:26.960+0530][gc,phases   ] GC(1387)   Merge Heap Roots: 0.4ms
[2025-03-28T21:20:26.960+0530][gc,phases   ] GC(1387)   Evacuate Collection Set: 29.0ms
[2025-03-28T21:20:26.960+0530][gc,phases   ] GC(1387)   Post Evacuate Collection Set: 0.6ms
[2025-03-28T21:20:26.960+0530][gc,phases   ] GC(1387)   Other: 0.3ms
[2025-03-28T21:20:26.960+0530][gc,heap     ] GC(1387) Eden regions: 46->0(49)
[2025-03-28T21:20:26.960+0530][gc,heap     ] GC(1387) Survivor regions: 5->2(7)
[2025-03-28T21:20:26.960+0530][gc,heap     ] GC(1387) Old regions: 152->153
[2025-03-28T21:20:26.960+0530][gc,heap     ] GC(1387) Archive regions: 2->2
[2025-03-28T21:20:26.960+0530][gc,heap     ] GC(1387) Humongous regions: 149->149
[2025-03-28T21:20:26.960+0530][gc,metaspace] GC(1387) Metaspace: 54823K(55488K)->54823K(55488K) NonClass: 48698K(49024K)->48698K(49024K) Class: 6125K(6464K)->6125K(6464K)
[2025-03-28T21:20:26.960+0530][gc          ] GC(1387) Pause Young (Normal) (G1 Evacuation Pause) 352M->304M(1024M) 30.621ms
[2025-03-28T21:20:26.960+0530][gc,cpu      ] GC(1387) User=0.01s Sys=0.00s Real=0.03s
[2025-03-28T21:20:27.421+0530][gc,start    ] GC(1388) Pause Young (Normal) (G1 Evacuation Pause)
[2025-03-28T21:20:27.421+0530][gc,task     ] GC(1388) Using 2 workers of 2 for evacuation
[2025-03-28T21:20:27.424+0530][gc,phases   ] GC(1388)   Pre Evacuate Collection Set: 0.3ms
[2025-03-28T21:20:27.424+0530][gc,phases   ] GC(1388)   Merge Heap Roots: 0.1ms
[2025-03-28T21:20:27.424+0530][gc,phases   ] GC(1388)   Evacuate Collection Set: 2.5ms
[2025-03-28T21:20:27.425+0530][gc,phases   ] GC(1388)   Post Evacuate Collection Set: 0.7ms
[2025-03-28T21:20:27.425+0530][gc,phases   ] GC(1388)   Other: 0.2ms
[2025-03-28T21:20:27.425+0530][gc,heap     ] GC(1388) Eden regions: 49->0(49)
[2025-03-28T21:20:27.425+0530][gc,heap     ] GC(1388) Survivor regions: 2->2(7)
[2025-03-28T21:20:27.425+0530][gc,heap     ] GC(1388) Old regions: 153->153
[2025-03-28T21:20:27.425+0530][gc,heap     ] GC(1388) Archive regions: 2->2
[2025-03-28T21:20:27.425+0530][gc,heap     ] GC(1388) Humongous regions: 149->147
[2025-03-28T21:20:27.425+0530][gc,metaspace] GC(1388) Metaspace: 54823K(55488K)->54823K(55488K) NonClass: 48698K(49024K)->48698K(49024K) Class: 6125K(6464K)->6125K(6464K)
[2025-03-28T21:20:27.425+0530][gc          ] GC(1388) Pause Young (Normal) (G1 Evacuation Pause) 353M->302M(1024M) 4.084ms
[2025-03-28T21:20:27.425+0530][gc,cpu      ] GC(1388) User=0.01s Sys=0.00s Real=0.01s
[2025-03-28T21:20:27.495+0530][gc,start    ] GC(1389) Pause Young (Normal) (G1 Evacuation Pause)
[2025-03-28T21:20:27.495+0530][gc,task     ] GC(1389) Using 2 workers of 2 for evacuation
[2025-03-28T21:20:27.514+0530][gc,phases   ] GC(1389)   Pre Evacuate Collection Set: 0.2ms
[2025-03-28T21:20:27.514+0530][gc,phases   ] GC(1389)   Merge Heap Roots: 0.1ms
[2025-03-28T21:20:27.514+0530][gc,phases   ] GC(1389)   Evacuate Collection Set: 15.8ms
[2025-03-28T21:20:27.514+0530][gc,phases   ] GC(1389)   Post Evacuate Collection Set: 3.2ms
[2025-03-28T21:20:27.514+0530][gc,phases   ] GC(1389)   Other: 0.2ms
[2025-03-28T21:20:27.514+0530][gc,heap     ] GC(1389) Eden regions: 49->0(44)
[2025-03-28T21:20:27.514+0530][gc,heap     ] GC(1389) Survivor regions: 2->7(7)
[2025-03-28T21:20:27.514+0530][gc,heap     ] GC(1389) Old regions: 153->153
[2025-03-28T21:20:27.514+0530][gc,heap     ] GC(1389) Archive regions: 2->2
[2025-03-28T21:20:27.514+0530][gc,heap     ] GC(1389) Humongous regions: 147->147
[2025-03-28T21:20:27.514+0530][gc,metaspace] GC(1389) Metaspace: 54823K(55488K)->54823K(55488K) NonClass: 48698K(49024K)->48698K(49024K) Class: 6125K(6464K)->6125K(6464K)
[2025-03-28T21:20:27.514+0530][gc          ] GC(1389) Pause Young (Normal) (G1 Evacuation Pause) 351M->307M(1024M) 19.520ms
[2025-03-28T21:20:27.514+0530][gc,cpu      ] GC(1389) User=0.01s Sys=0.00s Real=0.01s
[2025-03-28T21:20:27.576+0530][gc,start    ] GC(1390) Pause Young (Normal) (G1 Evacuation Pause)
[2025-03-28T21:20:27.576+0530][gc,task     ] GC(1390) Using 2 workers of 2 for evacuation
[2025-03-28T21:20:27.627+0530][gc,mmu      ] GC(1390) MMU target violated: 21.0ms (20.0ms/21.0ms)
[2025-03-28T21:20:27.627+0530][gc,phases   ] GC(1390)   Pre Evacuate Collection Set: 0.2ms
[2025-03-28T21:20:27.627+0530][gc,phases   ] GC(1390)   Merge Heap Roots: 0.1ms
[2025-03-28T21:20:27.627+0530][gc,phases   ] GC(1390)   Evacuate Collection Set: 49.6ms
[2025-03-28T21:20:27.627+0530][gc,phases   ] GC(1390)   Post Evacuate Collection Set: 0.4ms
[2025-03-28T21:20:27.627+0530][gc,phases   ] GC(1390)   Other: 0.2ms
[2025-03-28T21:20:27.627+0530][gc,heap     ] GC(1390) Eden regions: 44->0(50)
[2025-03-28T21:20:27.627+0530][gc,heap     ] GC(1390) Survivor regions: 7->1(7)
[2025-03-28T21:20:27.627+0530][gc,heap     ] GC(1390) Old regions: 153->155
[2025-03-28T21:20:27.627+0530][gc,heap     ] GC(1390) Archive regions: 2->2
[2025-03-28T21:20:27.627+0530][gc,heap     ] GC(1390) Humongous regions: 149->149
[2025-03-28T21:20:27.627+0530][gc,metaspace] GC(1390) Metaspace: 54823K(55488K)->54823K(55488K) NonClass: 48698K(49024K)->48698K(49024K) Class: 6125K(6464K)->6125K(6464K)
[2025-03-28T21:20:27.627+0530][gc          ] GC(1390) Pause Young (Normal) (G1 Evacuation Pause) 353M->305M(1024M) 50.659ms
[2025-03-28T21:20:27.627+0530][gc,cpu      ] GC(1390) User=0.01s Sys=0.01s Real=0.05s
[2025-03-28T21:20:36.806+0530][gc,start    ] GC(1391) Pause Young (Normal) (G1 Evacuation Pause)
[2025-03-28T21:20:36.806+0530][gc,task     ] GC(1391) Using 2 workers of 2 for evacuation
[2025-03-28T21:20:36.814+0530][gc,phases   ] GC(1391)   Pre Evacuate Collection Set: 0.3ms
[2025-03-28T21:20:36.814+0530][gc,phases   ] GC(1391)   Merge Heap Roots: 0.2ms
[2025-03-28T21:20:36.814+0530][gc,phases   ] GC(1391)   Evacuate Collection Set: 6.6ms
[2025-03-28T21:20:36.814+0530][gc,phases   ] GC(1391)   Post Evacuate Collection Set: 0.6ms
[2025-03-28T21:20:36.814+0530][gc,phases   ] GC(1391)   Other: 0.2ms
[2025-03-28T21:20:36.814+0530][gc,heap     ] GC(1391) Eden regions: 50->0(46)
[2025-03-28T21:20:36.814+0530][gc,heap     ] GC(1391) Survivor regions: 1->5(7)
[2025-03-28T21:20:36.814+0530][gc,heap     ] GC(1391) Old regions: 155->155
[2025-03-28T21:20:36.814+0530][gc,heap     ] GC(1391) Archive regions: 2->2
[2025-03-28T21:20:36.814+0530][gc,heap     ] GC(1391) Humongous regions: 149->147
[2025-03-28T21:20:36.814+0530][gc,metaspace] GC(1391) Metaspace: 54823K(55488K)->54823K(55488K) NonClass: 48698K(49024K)->48698K(49024K) Class: 6125K(6464K)->6125K(6464K)
[2025-03-28T21:20:36.814+0530][gc          ] GC(1391) Pause Young (Normal) (G1 Evacuation Pause) 355M->307M(1024M) 7.930ms
[2025-03-28T21:20:36.814+0530][gc,cpu      ] GC(1391) User=0.01s Sys=0.00s Real=0.00s
[2025-03-28T21:20:36.908+0530][gc,start    ] GC(1392) Pause Young (Normal) (G1 Evacuation Pause)
[2025-03-28T21:20:36.908+0530][gc,task     ] GC(1392) Using 2 workers of 2 for evacuation
[2025-03-28T21:20:36.972+0530][gc,mmu      ] GC(1392) MMU target violated: 21.0ms (20.0ms/21.0ms)
[2025-03-28T21:20:36.972+0530][gc,phases   ] GC(1392)   Pre Evacuate Collection Set: 0.5ms
[2025-03-28T21:20:36.972+0530][gc,phases   ] GC(1392)   Merge Heap Roots: 0.1ms
[2025-03-28T21:20:36.972+0530][gc,phases   ] GC(1392)   Evacuate Collection Set: 62.0ms
[2025-03-28T21:20:36.972+0530][gc,phases   ] GC(1392)   Post Evacuate Collection Set: 0.7ms
[2025-03-28T21:20:36.972+0530][gc,phases   ] GC(1392)   Other: 1.1ms
[2025-03-28T21:20:36.972+0530][gc,heap     ] GC(1392) Eden regions: 46->0(49)
[2025-03-28T21:20:36.972+0530][gc,heap     ] GC(1392) Survivor regions: 5->2(7)
[2025-03-28T21:20:36.972+0530][gc,heap     ] GC(1392) Old regions: 155->156
[2025-03-28T21:20:36.972+0530][gc,heap     ] GC(1392) Archive regions: 2->2
[2025-03-28T21:20:36.972+0530][gc,heap     ] GC(1392) Humongous regions: 149->149
[2025-03-28T21:20:36.972+0530][gc,metaspace] GC(1392) Metaspace: 54823K(55488K)->54823K(55488K) NonClass: 48698K(49024K)->48698K(49024K) Class: 6125K(6464K)->6125K(6464K)
[2025-03-28T21:20:36.972+0530][gc          ] GC(1392) Pause Young (Normal) (G1 Evacuation Pause) 355M->307M(1024M) 64.669ms
[2025-03-28T21:20:36.972+0530][gc,cpu      ] GC(1392) User=0.01s Sys=0.00s Real=0.07s
[2025-03-28T21:20:37.478+0530][gc,start    ] GC(1393) Pause Young (Normal) (G1 Evacuation Pause)
[2025-03-28T21:20:37.478+0530][gc,task     ] GC(1393) Using 2 workers of 2 for evacuation
[2025-03-28T21:20:37.488+0530][gc,phases   ] GC(1393)   Pre Evacuate Collection Set: 0.5ms
[2025-03-28T21:20:37.488+0530][gc,phases   ] GC(1393)   Merge Heap Roots: 0.1ms
[2025-03-28T21:20:37.488+0530][gc,phases   ] GC(1393)   Evacuate Collection Set: 8.0ms
[2025-03-28T21:20:37.488+0530][gc,phases   ] GC(1393)   Post Evacuate Collection Set: 0.6ms
[2025-03-28T21:20:37.488+0530][gc,phases   ] GC(1393)   Other: 0.6ms
[2025-03-28T21:20:37.488+0530][gc,heap     ] GC(1393) Eden regions: 49->0(48)
[2025-03-28T21:20:37.488+0530][gc,heap     ] GC(1393) Survivor regions: 2->3(7)
[2025-03-28T21:20:37.488+0530][gc,heap     ] GC(1393) Old regions: 156->156
[2025-03-28T21:20:37.488+0530][gc,heap     ] GC(1393) Archive regions: 2->2
[2025-03-28T21:20:37.488+0530][gc,heap     ] GC(1393) Humongous regions: 149->147
[2025-03-28T21:20:37.488+0530][gc,metaspace] GC(1393) Metaspace: 54823K(55488K)->54823K(55488K) NonClass: 48698K(49024K)->48698K(49024K) Class: 6125K(6464K)->6125K(6464K)
[2025-03-28T21:20:37.488+0530][gc          ] GC(1393) Pause Young (Normal) (G1 Evacuation Pause) 356M->306M(1024M) 9.977ms
[2025-03-28T21:20:37.488+0530][gc,cpu      ] GC(1393) User=0.01s Sys=0.00s Real=0.01s
[2025-03-28T21:20:37.557+0530][gc,start    ] GC(1394) Pause Young (Normal) (G1 Evacuation Pause)
[2025-03-28T21:20:37.557+0530][gc,task     ] GC(1394) Using 2 workers of 2 for evacuation
[2025-03-28T21:20:37.589+0530][gc,mmu      ] GC(1394) MMU target violated: 21.0ms (20.0ms/21.0ms)
[2025-03-28T21:20:37.589+0530][gc,phases   ] GC(1394)   Pre Evacuate Collection Set: 0.2ms
[2025-03-28T21:20:37.589+0530][gc,phases   ] GC(1394)   Merge Heap Roots: 0.1ms
[2025-03-28T21:20:37.589+0530][gc,phases   ] GC(1394)   Evacuate Collection Set: 31.0ms
[2025-03-28T21:20:37.589+0530][gc,phases   ] GC(1394)   Post Evacuate Collection Set: 0.5ms
[2025-03-28T21:20:37.589+0530][gc,phases   ] GC(1394)   Other: 0.2ms
[2025-03-28T21:20:37.589+0530][gc,heap     ] GC(1394) Eden regions: 48->0(44)
[2025-03-28T21:20:37.589+0530][gc,heap     ] GC(1394) Survivor regions: 3->7(7)
[2025-03-28T21:20:37.589+0530][gc,heap     ] GC(1394) Old regions: 156->157
[2025-03-28T21:20:37.589+0530][gc,heap     ] GC(1394) Archive regions: 2->2
[2025-03-28T21:20:37.589+0530][gc,heap     ] GC(1394) Humongous regions: 147->147
[2025-03-28T21:20:37.589+0530][gc,metaspace] GC(1394) Metaspace: 54823K(55488K)->54823K(55488K) NonClass: 48698K(49024K)->48698K(49024K) Class: 6125K(6464K)->6125K(6464K)
[2025-03-28T21:20:37.589+0530][gc          ] GC(1394) Pause Young (Normal) (G1 Evacuation Pause) 354M->311M(1024M) 32.096ms
[2025-03-28T21:20:37.589+0530][gc,cpu      ] GC(1394) User=0.01s Sys=0.00s Real=0.04s
[2025-03-28T21:20:42.376+0530][gc,start    ] GC(1395) Pause Young (Normal) (G1 Evacuation Pause)
[2025-03-28T21:20:42.376+0530][gc,task     ] GC(1395) Using 2 workers of 2 for evacuation
[2025-03-28T21:20:42.394+0530][gc,phases   ] GC(1395)   Pre Evacuate Collection Set: 0.7ms
[2025-03-28T21:20:42.395+0530][gc,phases   ] GC(1395)   Merge Heap Roots: 0.4ms
[2025-03-28T21:20:42.395+0530][gc,phases   ] GC(1395)   Evacuate Collection Set: 8.9ms
[2025-03-28T21:20:42.395+0530][gc,phases   ] GC(1395)   Post Evacuate Collection Set: 8.1ms
[2025-03-28T21:20:42.395+0530][gc,phases   ] GC(1395)   Other: 0.5ms
[2025-03-28T21:20:42.395+0530][gc,heap     ] GC(1395) Eden regions: 44->0(50)
[2025-03-28T21:20:42.395+0530][gc,heap     ] GC(1395) Survivor regions: 7->1(7)
[2025-03-28T21:20:42.395+0530][gc,heap     ] GC(1395) Old regions: 157->157
[2025-03-28T21:20:42.395+0530][gc,heap     ] GC(1395) Archive regions: 2->2
[2025-03-28T21:20:42.395+0530][gc,heap     ] GC(1395) Humongous regions: 149->147
[2025-03-28T21:20:42.395+0530][gc,metaspace] GC(1395) Metaspace: 54824K(55488K)->54824K(55488K) NonClass: 48698K(49024K)->48698K(49024K) Class: 6125K(6464K)->6125K(6464K)
