[2025-03-28T18:52:32.838+0530][gc] Using G1
[2025-03-28T18:52:32.851+0530][gc,init] Version: 17.0.14+7-LTS (release)
[2025-03-28T18:52:32.852+0530][gc,init] CPUs: 2 total, 2 available
[2025-03-28T18:52:32.852+0530][gc,init] Memory: 3658M
[2025-03-28T18:52:32.852+0530][gc,init] Large Page Support: Disabled
[2025-03-28T18:52:32.852+0530][gc,init] NUMA Support: Disabled
[2025-03-28T18:52:32.852+0530][gc,init] Compressed Oops: Enabled (32-bit)
[2025-03-28T18:52:32.852+0530][gc,init] Heap Region Size: 1M
[2025-03-28T18:52:32.852+0530][gc,init] Heap Min Capacity: 1G
[2025-03-28T18:52:32.852+0530][gc,init] Heap Initial Capacity: 1G
[2025-03-28T18:52:32.852+0530][gc,init] Heap Max Capacity: 1G
[2025-03-28T18:52:32.852+0530][gc,init] Pre-touch: Disabled
[2025-03-28T18:52:32.852+0530][gc,init] Parallel Workers: 2
[2025-03-28T18:52:32.852+0530][gc,init] Concurrent Workers: 1
[2025-03-28T18:52:32.852+0530][gc,init] Concurrent Refinement Workers: 2
[2025-03-28T18:52:32.852+0530][gc,init] Periodic GC: Disabled
[2025-03-28T18:52:32.860+0530][gc,metaspace] CDS archive(s) mapped at: [0x00007f6523000000-0x00007f6523bc7000-0x00007f6523bc7000), size 12349440, SharedBaseAddress: 0x00007f6523000000, ArchiveRelocationMode: 1.
[2025-03-28T18:52:32.860+0530][gc,metaspace] Compressed class space mapped at: 0x00007f6524000000-0x00007f6564000000, reserved size: 1073741824
[2025-03-28T18:52:32.860+0530][gc,metaspace] Narrow klass base: 0x00007f6523000000, Narrow klass shift: 0, Narrow klass range: 0x100000000
[2025-03-28T18:52:38.810+0530][gc,start    ] GC(0) Pause Young (Normal) (G1 Evacuation Pause)
[2025-03-28T18:52:38.811+0530][gc,task     ] GC(0) Using 2 workers of 2 for evacuation
[2025-03-28T18:52:38.821+0530][gc,phases   ] GC(0)   Pre Evacuate Collection Set: 0.3ms
[2025-03-28T18:52:38.821+0530][gc,phases   ] GC(0)   Merge Heap Roots: 0.3ms
[2025-03-28T18:52:38.821+0530][gc,phases   ] GC(0)   Evacuate Collection Set: 9.0ms
[2025-03-28T18:52:38.821+0530][gc,phases   ] GC(0)   Post Evacuate Collection Set: 0.9ms
[2025-03-28T18:52:38.821+0530][gc,phases   ] GC(0)   Other: 0.5ms
[2025-03-28T18:52:38.821+0530][gc,heap     ] GC(0) Eden regions: 51->0(44)
[2025-03-28T18:52:38.821+0530][gc,heap     ] GC(0) Survivor regions: 0->7(7)
[2025-03-28T18:52:38.821+0530][gc,heap     ] GC(0) Old regions: 0->2
[2025-03-28T18:52:38.821+0530][gc,heap     ] GC(0) Archive regions: 2->2
[2025-03-28T18:52:38.821+0530][gc,heap     ] GC(0) Humongous regions: 0->0
[2025-03-28T18:52:38.821+0530][gc,metaspace] GC(0) Metaspace: 17158K(17344K)->17158K(17344K) NonClass: 15031K(15104K)->15031K(15104K) Class: 2127K(2240K)->2127K(2240K)
[2025-03-28T18:52:38.821+0530][gc          ] GC(0) Pause Young (Normal) (G1 Evacuation Pause) 51M->9M(1024M) 11.113ms
[2025-03-28T18:52:38.821+0530][gc,cpu      ] GC(0) User=0.02s Sys=0.00s Real=0.01s
[2025-03-28T18:52:39.046+0530][gc,start    ] GC(1) Pause Young (Concurrent Start) (Metadata GC Threshold)
[2025-03-28T18:52:39.046+0530][gc,task     ] GC(1) Using 2 workers of 2 for evacuation
[2025-03-28T18:52:39.058+0530][gc,phases   ] GC(1)   Pre Evacuate Collection Set: 0.2ms
[2025-03-28T18:52:39.058+0530][gc,phases   ] GC(1)   Merge Heap Roots: 0.1ms
[2025-03-28T18:52:39.058+0530][gc,phases   ] GC(1)   Evacuate Collection Set: 10.7ms
[2025-03-28T18:52:39.058+0530][gc,phases   ] GC(1)   Post Evacuate Collection Set: 0.6ms
[2025-03-28T18:52:39.058+0530][gc,phases   ] GC(1)   Other: 0.3ms
[2025-03-28T18:52:39.058+0530][gc,heap     ] GC(1) Eden regions: 14->0(50)
[2025-03-28T18:52:39.058+0530][gc,heap     ] GC(1) Survivor regions: 7->1(7)
[2025-03-28T18:52:39.058+0530][gc,heap     ] GC(1) Old regions: 2->9
[2025-03-28T18:52:39.058+0530][gc,heap     ] GC(1) Archive regions: 2->2
[2025-03-28T18:52:39.058+0530][gc,heap     ] GC(1) Humongous regions: 0->0
[2025-03-28T18:52:39.058+0530][gc,metaspace] GC(1) Metaspace: 21296K(21504K)->21296K(21504K) NonClass: 18894K(19008K)->18894K(19008K) Class: 2402K(2496K)->2402K(2496K)
[2025-03-28T18:52:39.058+0530][gc          ] GC(1) Pause Young (Concurrent Start) (Metadata GC Threshold) 23M->10M(1024M) 12.076ms
[2025-03-28T18:52:39.058+0530][gc,cpu      ] GC(1) User=0.01s Sys=0.01s Real=0.01s
[2025-03-28T18:52:39.058+0530][gc          ] GC(2) Concurrent Mark Cycle
[2025-03-28T18:52:39.058+0530][gc,marking  ] GC(2) Concurrent Clear Claimed Marks
[2025-03-28T18:52:39.058+0530][gc,marking  ] GC(2) Concurrent Clear Claimed Marks 0.033ms
[2025-03-28T18:52:39.058+0530][gc,marking  ] GC(2) Concurrent Scan Root Regions
[2025-03-28T18:52:39.065+0530][gc,marking  ] GC(2) Concurrent Scan Root Regions 6.989ms
[2025-03-28T18:52:39.065+0530][gc,marking  ] GC(2) Concurrent Mark
[2025-03-28T18:52:39.065+0530][gc,marking  ] GC(2) Concurrent Mark From Roots
[2025-03-28T18:52:39.065+0530][gc,task     ] GC(2) Using 1 workers of 1 for marking
[2025-03-28T18:52:39.072+0530][gc,marking  ] GC(2) Concurrent Mark From Roots 7.153ms
[2025-03-28T18:52:39.072+0530][gc,marking  ] GC(2) Concurrent Preclean
[2025-03-28T18:52:39.072+0530][gc,marking  ] GC(2) Concurrent Preclean 0.035ms
[2025-03-28T18:52:39.075+0530][gc,start    ] GC(2) Pause Remark
[2025-03-28T18:52:39.078+0530][gc          ] GC(2) Pause Remark 11M->11M(1024M) 3.077ms
[2025-03-28T18:52:39.078+0530][gc,cpu      ] GC(2) User=0.01s Sys=0.00s Real=0.01s
[2025-03-28T18:52:39.078+0530][gc,marking  ] GC(2) Concurrent Mark 12.768ms
[2025-03-28T18:52:39.078+0530][gc,marking  ] GC(2) Concurrent Rebuild Remembered Sets
[2025-03-28T18:52:39.086+0530][gc,marking  ] GC(2) Concurrent Rebuild Remembered Sets 7.684ms
[2025-03-28T18:52:39.086+0530][gc,start    ] GC(2) Pause Cleanup
[2025-03-28T18:52:39.086+0530][gc          ] GC(2) Pause Cleanup 12M->12M(1024M) 0.156ms
[2025-03-28T18:52:39.086+0530][gc,cpu      ] GC(2) User=0.00s Sys=0.00s Real=0.00s
[2025-03-28T18:52:39.086+0530][gc,marking  ] GC(2) Concurrent Cleanup for Next Mark
[2025-03-28T18:52:39.088+0530][gc,marking  ] GC(2) Concurrent Cleanup for Next Mark 2.100ms
[2025-03-28T18:52:39.088+0530][gc          ] GC(2) Concurrent Mark Cycle 30.348ms
[2025-03-28T18:52:40.372+0530][gc,start    ] GC(3) Pause Young (Normal) (G1 Evacuation Pause)
[2025-03-28T18:52:40.372+0530][gc,task     ] GC(3) Using 2 workers of 2 for evacuation
[2025-03-28T18:52:40.379+0530][gc,phases   ] GC(3)   Pre Evacuate Collection Set: 0.2ms
[2025-03-28T18:52:40.379+0530][gc,phases   ] GC(3)   Merge Heap Roots: 0.1ms
[2025-03-28T18:52:40.379+0530][gc,phases   ] GC(3)   Evacuate Collection Set: 6.0ms
[2025-03-28T18:52:40.379+0530][gc,phases   ] GC(3)   Post Evacuate Collection Set: 0.7ms
[2025-03-28T18:52:40.379+0530][gc,phases   ] GC(3)   Other: 0.1ms
[2025-03-28T18:52:40.379+0530][gc,heap     ] GC(3) Eden regions: 50->0(48)
[2025-03-28T18:52:40.379+0530][gc,heap     ] GC(3) Survivor regions: 1->3(7)
[2025-03-28T18:52:40.379+0530][gc,heap     ] GC(3) Old regions: 9->9
[2025-03-28T18:52:40.379+0530][gc,heap     ] GC(3) Archive regions: 2->2
[2025-03-28T18:52:40.379+0530][gc,heap     ] GC(3) Humongous regions: 0->0
[2025-03-28T18:52:40.379+0530][gc,metaspace] GC(3) Metaspace: 25931K(26176K)->25931K(26176K) NonClass: 22906K(23040K)->22906K(23040K) Class: 3024K(3136K)->3024K(3136K)
[2025-03-28T18:52:40.379+0530][gc          ] GC(3) Pause Young (Normal) (G1 Evacuation Pause) 60M->12M(1024M) 7.257ms
[2025-03-28T18:52:40.379+0530][gc,cpu      ] GC(3) User=0.01s Sys=0.00s Real=0.01s
[2025-03-28T18:52:41.326+0530][gc,start    ] GC(4) Pause Young (Normal) (G1 Evacuation Pause)
[2025-03-28T18:52:41.326+0530][gc,task     ] GC(4) Using 2 workers of 2 for evacuation
[2025-03-28T18:52:41.338+0530][gc,phases   ] GC(4)   Pre Evacuate Collection Set: 0.2ms
[2025-03-28T18:52:41.338+0530][gc,phases   ] GC(4)   Merge Heap Roots: 0.0ms
[2025-03-28T18:52:41.338+0530][gc,phases   ] GC(4)   Evacuate Collection Set: 10.8ms
[2025-03-28T18:52:41.338+0530][gc,phases   ] GC(4)   Post Evacuate Collection Set: 0.8ms
[2025-03-28T18:52:41.338+0530][gc,phases   ] GC(4)   Other: 0.1ms
[2025-03-28T18:52:41.338+0530][gc,heap     ] GC(4) Eden regions: 48->0(46)
[2025-03-28T18:52:41.338+0530][gc,heap     ] GC(4) Survivor regions: 3->5(7)
[2025-03-28T18:52:41.338+0530][gc,heap     ] GC(4) Old regions: 9->9
[2025-03-28T18:52:41.338+0530][gc,heap     ] GC(4) Archive regions: 2->2
[2025-03-28T18:52:41.338+0530][gc,heap     ] GC(4) Humongous regions: 0->0
[2025-03-28T18:52:41.338+0530][gc,metaspace] GC(4) Metaspace: 34532K(34880K)->34532K(34880K) NonClass: 30578K(30784K)->30578K(30784K) Class: 3954K(4096K)->3954K(4096K)
[2025-03-28T18:52:41.338+0530][gc          ] GC(4) Pause Young (Normal) (G1 Evacuation Pause) 60M->14M(1024M) 12.075ms
[2025-03-28T18:52:41.338+0530][gc,cpu      ] GC(4) User=0.02s Sys=0.00s Real=0.01s
[2025-03-28T18:52:41.577+0530][gc,start    ] GC(5) Pause Young (Concurrent Start) (Metadata GC Threshold)
[2025-03-28T18:52:41.577+0530][gc,task     ] GC(5) Using 2 workers of 2 for evacuation
[2025-03-28T18:52:41.590+0530][gc,phases   ] GC(5)   Pre Evacuate Collection Set: 0.2ms
[2025-03-28T18:52:41.590+0530][gc,phases   ] GC(5)   Merge Heap Roots: 0.1ms
[2025-03-28T18:52:41.590+0530][gc,phases   ] GC(5)   Evacuate Collection Set: 11.6ms
[2025-03-28T18:52:41.590+0530][gc,phases   ] GC(5)   Post Evacuate Collection Set: 1.0ms
[2025-03-28T18:52:41.590+0530][gc,phases   ] GC(5)   Other: 0.3ms
[2025-03-28T18:52:41.590+0530][gc,heap     ] GC(5) Eden regions: 13->0(46)
[2025-03-28T18:52:41.590+0530][gc,heap     ] GC(5) Survivor regions: 5->5(7)
[2025-03-28T18:52:41.590+0530][gc,heap     ] GC(5) Old regions: 9->12
[2025-03-28T18:52:41.590+0530][gc,heap     ] GC(5) Archive regions: 2->2
[2025-03-28T18:52:41.590+0530][gc,heap     ] GC(5) Humongous regions: 0->0
[2025-03-28T18:52:41.590+0530][gc,metaspace] GC(5) Metaspace: 35639K(35968K)->35639K(35968K) NonClass: 31589K(31744K)->31589K(31744K) Class: 4050K(4224K)->4050K(4224K)
[2025-03-28T18:52:41.590+0530][gc          ] GC(5) Pause Young (Concurrent Start) (Metadata GC Threshold) 27M->16M(1024M) 13.356ms
[2025-03-28T18:52:41.590+0530][gc,cpu      ] GC(5) User=0.01s Sys=0.01s Real=0.01s
[2025-03-28T18:52:41.591+0530][gc          ] GC(6) Concurrent Mark Cycle
[2025-03-28T18:52:41.591+0530][gc,marking  ] GC(6) Concurrent Clear Claimed Marks
[2025-03-28T18:52:41.591+0530][gc,marking  ] GC(6) Concurrent Clear Claimed Marks 0.056ms
[2025-03-28T18:52:41.591+0530][gc,marking  ] GC(6) Concurrent Scan Root Regions
[2025-03-28T18:52:41.599+0530][gc,marking  ] GC(6) Concurrent Scan Root Regions 8.481ms
[2025-03-28T18:52:41.599+0530][gc,marking  ] GC(6) Concurrent Mark
[2025-03-28T18:52:41.599+0530][gc,marking  ] GC(6) Concurrent Mark From Roots
[2025-03-28T18:52:41.599+0530][gc,task     ] GC(6) Using 1 workers of 1 for marking
[2025-03-28T18:52:41.634+0530][gc,marking  ] GC(6) Concurrent Mark From Roots 34.492ms
[2025-03-28T18:52:41.634+0530][gc,marking  ] GC(6) Concurrent Preclean
[2025-03-28T18:52:41.634+0530][gc,marking  ] GC(6) Concurrent Preclean 0.139ms
[2025-03-28T18:52:41.638+0530][gc,start    ] GC(6) Pause Remark
[2025-03-28T18:52:41.644+0530][gc          ] GC(6) Pause Remark 18M->18M(1024M) 5.868ms
[2025-03-28T18:52:41.644+0530][gc,cpu      ] GC(6) User=0.01s Sys=0.00s Real=0.00s
[2025-03-28T18:52:41.644+0530][gc,marking  ] GC(6) Concurrent Mark 45.161ms
[2025-03-28T18:52:41.644+0530][gc,marking  ] GC(6) Concurrent Rebuild Remembered Sets
[2025-03-28T18:52:41.664+0530][gc,marking  ] GC(6) Concurrent Rebuild Remembered Sets 19.520ms
[2025-03-28T18:52:41.664+0530][gc,start    ] GC(6) Pause Cleanup
[2025-03-28T18:52:41.665+0530][gc          ] GC(6) Pause Cleanup 19M->19M(1024M) 0.311ms
[2025-03-28T18:52:41.665+0530][gc,cpu      ] GC(6) User=0.00s Sys=0.00s Real=0.00s
[2025-03-28T18:52:41.665+0530][gc,marking  ] GC(6) Concurrent Cleanup for Next Mark
[2025-03-28T18:52:41.696+0530][gc,marking  ] GC(6) Concurrent Cleanup for Next Mark 31.246ms
[2025-03-28T18:52:41.696+0530][gc          ] GC(6) Concurrent Mark Cycle 105.941ms
[2025-03-28T18:52:44.483+0530][gc,start    ] GC(7) Pause Young (Prepare Mixed) (G1 Evacuation Pause)
[2025-03-28T18:52:44.484+0530][gc,task     ] GC(7) Using 2 workers of 2 for evacuation
[2025-03-28T18:52:44.528+0530][gc,mmu      ] GC(7) MMU target violated: 21.0ms (20.0ms/21.0ms)
[2025-03-28T18:52:44.529+0530][gc,phases   ] GC(7)   Pre Evacuate Collection Set: 0.6ms
[2025-03-28T18:52:44.529+0530][gc,phases   ] GC(7)   Merge Heap Roots: 0.3ms
[2025-03-28T18:52:44.529+0530][gc,phases   ] GC(7)   Evacuate Collection Set: 41.7ms
[2025-03-28T18:52:44.529+0530][gc,phases   ] GC(7)   Post Evacuate Collection Set: 2.0ms
[2025-03-28T18:52:44.529+0530][gc,phases   ] GC(7)   Other: 0.7ms
[2025-03-28T18:52:44.529+0530][gc,heap     ] GC(7) Eden regions: 46->0(45)
[2025-03-28T18:52:44.529+0530][gc,heap     ] GC(7) Survivor regions: 5->6(7)
[2025-03-28T18:52:44.529+0530][gc,heap     ] GC(7) Old regions: 12->14
[2025-03-28T18:52:44.529+0530][gc,heap     ] GC(7) Archive regions: 2->2
[2025-03-28T18:52:44.529+0530][gc,heap     ] GC(7) Humongous regions: 129->129
[2025-03-28T18:52:44.529+0530][gc,metaspace] GC(7) Metaspace: 42136K(42496K)->42136K(42496K) NonClass: 37263K(37440K)->37263K(37440K) Class: 4873K(5056K)->4873K(5056K)
[2025-03-28T18:52:44.529+0530][gc          ] GC(7) Pause Young (Prepare Mixed) (G1 Evacuation Pause) 191M->149M(1024M) 45.870ms
[2025-03-28T18:52:44.529+0530][gc,cpu      ] GC(7) User=0.06s Sys=0.01s Real=0.05s
[2025-03-28T18:57:07.729+0530][gc,start    ] GC(8) Pause Young (Mixed) (G1 Evacuation Pause)
[2025-03-28T18:57:07.729+0530][gc,task     ] GC(8) Using 2 workers of 2 for evacuation
[2025-03-28T18:57:07.749+0530][gc,mmu      ] GC(8) MMU target violated: 20.0ms (20.0ms/21.0ms)
[2025-03-28T18:57:07.749+0530][gc,phases   ] GC(8)   Pre Evacuate Collection Set: 0.5ms
[2025-03-28T18:57:07.749+0530][gc,phases   ] GC(8)   Merge Heap Roots: 0.3ms
[2025-03-28T18:57:07.749+0530][gc,phases   ] GC(8)   Evacuate Collection Set: 18.5ms
[2025-03-28T18:57:07.749+0530][gc,phases   ] GC(8)   Post Evacuate Collection Set: 0.8ms
[2025-03-28T18:57:07.749+0530][gc,phases   ] GC(8)   Other: 0.3ms
[2025-03-28T18:57:07.749+0530][gc,heap     ] GC(8) Eden regions: 45->0(47)
[2025-03-28T18:57:07.749+0530][gc,heap     ] GC(8) Survivor regions: 6->4(7)
[2025-03-28T18:57:07.749+0530][gc,heap     ] GC(8) Old regions: 14->16
[2025-03-28T18:57:07.749+0530][gc,heap     ] GC(8) Archive regions: 2->2
[2025-03-28T18:57:07.750+0530][gc,heap     ] GC(8) Humongous regions: 135->129
[2025-03-28T18:57:07.750+0530][gc,metaspace] GC(8) Metaspace: 44129K(44544K)->44129K(44544K) NonClass: 39131K(39360K)->39131K(39360K) Class: 4998K(5184K)->4998K(5184K)
[2025-03-28T18:57:07.750+0530][gc          ] GC(8) Pause Young (Mixed) (G1 Evacuation Pause) 200M->149M(1024M) 20.505ms
[2025-03-28T18:57:07.750+0530][gc,cpu      ] GC(8) User=0.04s Sys=0.00s Real=0.02s
[2025-03-28T19:00:21.882+0530][gc,start    ] GC(9) Pause Young (Normal) (G1 Evacuation Pause)
[2025-03-28T19:00:21.882+0530][gc,task     ] GC(9) Using 2 workers of 2 for evacuation
[2025-03-28T19:00:21.930+0530][gc,mmu      ] GC(9) MMU target violated: 21.0ms (20.0ms/21.0ms)
[2025-03-28T19:00:21.930+0530][gc,phases   ] GC(9)   Pre Evacuate Collection Set: 0.6ms
[2025-03-28T19:00:21.930+0530][gc,phases   ] GC(9)   Merge Heap Roots: 0.4ms
[2025-03-28T19:00:21.930+0530][gc,phases   ] GC(9)   Evacuate Collection Set: 42.8ms
[2025-03-28T19:00:21.930+0530][gc,phases   ] GC(9)   Post Evacuate Collection Set: 3.0ms
[2025-03-28T19:00:21.930+0530][gc,phases   ] GC(9)   Other: 1.1ms
[2025-03-28T19:00:21.930+0530][gc,heap     ] GC(9) Eden regions: 47->0(48)
[2025-03-28T19:00:21.930+0530][gc,heap     ] GC(9) Survivor regions: 4->3(7)
[2025-03-28T19:00:21.930+0530][gc,heap     ] GC(9) Old regions: 16->19
[2025-03-28T19:00:21.930+0530][gc,heap     ] GC(9) Archive regions: 2->2
[2025-03-28T19:00:21.930+0530][gc,heap     ] GC(9) Humongous regions: 129->129
[2025-03-28T19:00:21.930+0530][gc,metaspace] GC(9) Metaspace: 45608K(46016K)->45608K(46016K) NonClass: 40491K(40704K)->40491K(40704K) Class: 5117K(5312K)->5117K(5312K)
[2025-03-28T19:00:21.930+0530][gc          ] GC(9) Pause Young (Normal) (G1 Evacuation Pause) 196M->151M(1024M) 48.366ms
[2025-03-28T19:00:21.930+0530][gc,cpu      ] GC(9) User=0.07s Sys=0.01s Real=0.05s
[2025-03-28T19:03:53.763+0530][gc,start    ] GC(10) Pause Young (Normal) (G1 Evacuation Pause)
[2025-03-28T19:03:53.764+0530][gc,task     ] GC(10) Using 2 workers of 2 for evacuation
[2025-03-28T19:03:53.803+0530][gc,mmu      ] GC(10) MMU target violated: 21.0ms (20.0ms/21.0ms)
[2025-03-28T19:03:53.803+0530][gc,phases   ] GC(10)   Pre Evacuate Collection Set: 0.7ms
[2025-03-28T19:03:53.803+0530][gc,phases   ] GC(10)   Merge Heap Roots: 0.4ms
[2025-03-28T19:03:53.803+0530][gc,phases   ] GC(10)   Evacuate Collection Set: 35.3ms
[2025-03-28T19:03:53.803+0530][gc,phases   ] GC(10)   Post Evacuate Collection Set: 2.4ms
[2025-03-28T19:03:53.803+0530][gc,phases   ] GC(10)   Other: 0.9ms
[2025-03-28T19:03:53.803+0530][gc,heap     ] GC(10) Eden regions: 48->0(47)
[2025-03-28T19:03:53.803+0530][gc,heap     ] GC(10) Survivor regions: 3->4(7)
[2025-03-28T19:03:53.803+0530][gc,heap     ] GC(10) Old regions: 19->19
[2025-03-28T19:03:53.803+0530][gc,heap     ] GC(10) Archive regions: 2->2
[2025-03-28T19:03:53.803+0530][gc,heap     ] GC(10) Humongous regions: 129->129
[2025-03-28T19:03:53.803+0530][gc,metaspace] GC(10) Metaspace: 45750K(46208K)->45750K(46208K) NonClass: 40622K(40896K)->40622K(40896K) Class: 5128K(5312K)->5128K(5312K)
[2025-03-28T19:03:53.804+0530][gc          ] GC(10) Pause Young (Normal) (G1 Evacuation Pause) 199M->151M(1024M) 40.047ms
[2025-03-28T19:03:53.804+0530][gc,cpu      ] GC(10) User=0.07s Sys=0.01s Real=0.04s
[2025-03-28T19:07:33.518+0530][gc,start    ] GC(11) Pause Young (Normal) (G1 Evacuation Pause)
[2025-03-28T19:07:33.518+0530][gc,task     ] GC(11) Using 2 workers of 2 for evacuation
[2025-03-28T19:07:33.559+0530][gc,mmu      ] GC(11) MMU target violated: 21.0ms (20.0ms/21.0ms)
[2025-03-28T19:07:33.559+0530][gc,phases   ] GC(11)   Pre Evacuate Collection Set: 1.2ms
[2025-03-28T19:07:33.559+0530][gc,phases   ] GC(11)   Merge Heap Roots: 0.7ms
[2025-03-28T19:07:33.559+0530][gc,phases   ] GC(11)   Evacuate Collection Set: 36.0ms
[2025-03-28T19:07:33.559+0530][gc,phases   ] GC(11)   Post Evacuate Collection Set: 2.3ms
[2025-03-28T19:07:33.559+0530][gc,phases   ] GC(11)   Other: 0.6ms
[2025-03-28T19:07:33.559+0530][gc,heap     ] GC(11) Eden regions: 47->0(47)
[2025-03-28T19:07:33.559+0530][gc,heap     ] GC(11) Survivor regions: 4->4(7)
[2025-03-28T19:07:33.559+0530][gc,heap     ] GC(11) Old regions: 19->19
[2025-03-28T19:07:33.559+0530][gc,heap     ] GC(11) Archive regions: 2->2
[2025-03-28T19:07:33.559+0530][gc,heap     ] GC(11) Humongous regions: 129->129
[2025-03-28T19:07:33.560+0530][gc,metaspace] GC(11) Metaspace: 45799K(46208K)->45799K(46208K) NonClass: 40671K(40896K)->40671K(40896K) Class: 5128K(5312K)->5128K(5312K)
[2025-03-28T19:07:33.560+0530][gc          ] GC(11) Pause Young (Normal) (G1 Evacuation Pause) 198M->152M(1024M) 41.610ms
[2025-03-28T19:07:33.560+0530][gc,cpu      ] GC(11) User=0.06s Sys=0.01s Real=0.04s
[2025-03-28T19:09:13.444+0530][gc,heap,exit] Heap
[2025-03-28T19:09:13.444+0530][gc,heap,exit]  garbage-first heap   total 1048576K, used 191727K [0x00000000c0000000, 0x0000000100000000)
[2025-03-28T19:09:13.444+0530][gc,heap,exit]   region size 1024K, 40 young (40960K), 4 survivors (4096K)
[2025-03-28T19:09:13.444+0530][gc,heap,exit]  Metaspace       used 46849K, committed 47360K, reserved 1114112K
[2025-03-28T19:09:13.444+0530][gc,heap,exit]   class space    used 5348K, committed 5568K, reserved 1048576K
