[2025-03-28T19:09:14.921+0530][gc] Using G1
[2025-03-28T19:09:14.932+0530][gc,init] Version: 17.0.14+7-LTS (release)
[2025-03-28T19:09:14.933+0530][gc,init] CPUs: 2 total, 2 available
[2025-03-28T19:09:14.933+0530][gc,init] Memory: 3658M
[2025-03-28T19:09:14.933+0530][gc,init] Large Page Support: Disabled
[2025-03-28T19:09:14.933+0530][gc,init] NUMA Support: Disabled
[2025-03-28T19:09:14.933+0530][gc,init] Compressed Oops: Enabled (32-bit)
[2025-03-28T19:09:14.933+0530][gc,init] Heap Region Size: 1M
[2025-03-28T19:09:14.933+0530][gc,init] Heap Min Capacity: 1G
[2025-03-28T19:09:14.933+0530][gc,init] Heap Initial Capacity: 1G
[2025-03-28T19:09:14.933+0530][gc,init] Heap Max Capacity: 1G
[2025-03-28T19:09:14.933+0530][gc,init] Pre-touch: Disabled
[2025-03-28T19:09:14.933+0530][gc,init] Parallel Workers: 2
[2025-03-28T19:09:14.933+0530][gc,init] Concurrent Workers: 1
[2025-03-28T19:09:14.933+0530][gc,init] Concurrent Refinement Workers: 2
[2025-03-28T19:09:14.933+0530][gc,init] Periodic GC: Disabled
[2025-03-28T19:09:14.940+0530][gc,metaspace] CDS archive(s) mapped at: [0x00007f2f4f000000-0x00007f2f4fbc7000-0x00007f2f4fbc7000), size 12349440, SharedBaseAddress: 0x00007f2f4f000000, ArchiveRelocationMode: 1.
[2025-03-28T19:09:14.940+0530][gc,metaspace] Compressed class space mapped at: 0x00007f2f50000000-0x00007f2f90000000, reserved size: 1073741824
[2025-03-28T19:09:14.940+0530][gc,metaspace] Narrow klass base: 0x00007f2f4f000000, Narrow klass shift: 0, Narrow klass range: 0x100000000
[2025-03-28T19:09:22.242+0530][gc,start    ] GC(0) Pause Young (Normal) (G1 Evacuation Pause)
[2025-03-28T19:09:22.242+0530][gc,task     ] GC(0) Using 2 workers of 2 for evacuation
[2025-03-28T19:09:22.262+0530][gc,phases   ] GC(0)   Pre Evacuate Collection Set: 0.4ms
[2025-03-28T19:09:22.262+0530][gc,phases   ] GC(0)   Merge Heap Roots: 0.1ms
[2025-03-28T19:09:22.262+0530][gc,phases   ] GC(0)   Evacuate Collection Set: 18.1ms
[2025-03-28T19:09:22.262+0530][gc,phases   ] GC(0)   Post Evacuate Collection Set: 0.7ms
[2025-03-28T19:09:22.262+0530][gc,phases   ] GC(0)   Other: 0.5ms
[2025-03-28T19:09:22.262+0530][gc,heap     ] GC(0) Eden regions: 51->0(44)
[2025-03-28T19:09:22.262+0530][gc,heap     ] GC(0) Survivor regions: 0->7(7)
[2025-03-28T19:09:22.262+0530][gc,heap     ] GC(0) Old regions: 0->2
[2025-03-28T19:09:22.262+0530][gc,heap     ] GC(0) Archive regions: 2->2
[2025-03-28T19:09:22.262+0530][gc,heap     ] GC(0) Humongous regions: 0->0
[2025-03-28T19:09:22.262+0530][gc,metaspace] GC(0) Metaspace: 17283K(17536K)->17283K(17536K) NonClass: 15156K(15296K)->15156K(15296K) Class: 2127K(2240K)->2127K(2240K)
[2025-03-28T19:09:22.262+0530][gc          ] GC(0) Pause Young (Normal) (G1 Evacuation Pause) 51M->9M(1024M) 19.991ms
[2025-03-28T19:09:22.262+0530][gc,cpu      ] GC(0) User=0.02s Sys=0.01s Real=0.02s
[2025-03-28T19:09:22.550+0530][gc,start    ] GC(1) Pause Young (Concurrent Start) (Metadata GC Threshold)
[2025-03-28T19:09:22.550+0530][gc,task     ] GC(1) Using 2 workers of 2 for evacuation
[2025-03-28T19:09:22.567+0530][gc,phases   ] GC(1)   Pre Evacuate Collection Set: 0.3ms
[2025-03-28T19:09:22.567+0530][gc,phases   ] GC(1)   Merge Heap Roots: 0.2ms
[2025-03-28T19:09:22.567+0530][gc,phases   ] GC(1)   Evacuate Collection Set: 14.8ms
[2025-03-28T19:09:22.567+0530][gc,phases   ] GC(1)   Post Evacuate Collection Set: 1.4ms
[2025-03-28T19:09:22.567+0530][gc,phases   ] GC(1)   Other: 0.2ms
[2025-03-28T19:09:22.567+0530][gc,heap     ] GC(1) Eden regions: 13->0(50)
[2025-03-28T19:09:22.567+0530][gc,heap     ] GC(1) Survivor regions: 7->1(7)
[2025-03-28T19:09:22.567+0530][gc,heap     ] GC(1) Old regions: 2->9
[2025-03-28T19:09:22.567+0530][gc,heap     ] GC(1) Archive regions: 2->2
[2025-03-28T19:09:22.567+0530][gc,heap     ] GC(1) Humongous regions: 0->0
[2025-03-28T19:09:22.567+0530][gc,metaspace] GC(1) Metaspace: 21274K(21504K)->21274K(21504K) NonClass: 18882K(19008K)->18882K(19008K) Class: 2391K(2496K)->2391K(2496K)
[2025-03-28T19:09:22.567+0530][gc          ] GC(1) Pause Young (Concurrent Start) (Metadata GC Threshold) 22M->10M(1024M) 17.198ms
[2025-03-28T19:09:22.567+0530][gc,cpu      ] GC(1) User=0.01s Sys=0.00s Real=0.02s
[2025-03-28T19:09:22.567+0530][gc          ] GC(2) Concurrent Mark Cycle
[2025-03-28T19:09:22.567+0530][gc,marking  ] GC(2) Concurrent Clear Claimed Marks
[2025-03-28T19:09:22.567+0530][gc,marking  ] GC(2) Concurrent Clear Claimed Marks 0.026ms
[2025-03-28T19:09:22.567+0530][gc,marking  ] GC(2) Concurrent Scan Root Regions
[2025-03-28T19:09:22.581+0530][gc,marking  ] GC(2) Concurrent Scan Root Regions 13.310ms
[2025-03-28T19:09:22.581+0530][gc,marking  ] GC(2) Concurrent Mark
[2025-03-28T19:09:22.581+0530][gc,marking  ] GC(2) Concurrent Mark From Roots
[2025-03-28T19:09:22.581+0530][gc,task     ] GC(2) Using 1 workers of 1 for marking
[2025-03-28T19:09:22.591+0530][gc,marking  ] GC(2) Concurrent Mark From Roots 10.550ms
[2025-03-28T19:09:22.591+0530][gc,marking  ] GC(2) Concurrent Preclean
[2025-03-28T19:09:22.591+0530][gc,marking  ] GC(2) Concurrent Preclean 0.066ms
[2025-03-28T19:09:22.600+0530][gc,start    ] GC(2) Pause Remark
[2025-03-28T19:09:22.612+0530][gc          ] GC(2) Pause Remark 12M->12M(1024M) 12.103ms
[2025-03-28T19:09:22.612+0530][gc,cpu      ] GC(2) User=0.01s Sys=0.00s Real=0.00s
[2025-03-28T19:09:22.613+0530][gc,marking  ] GC(2) Concurrent Mark 31.916ms
[2025-03-28T19:09:22.613+0530][gc,marking  ] GC(2) Concurrent Rebuild Remembered Sets
[2025-03-28T19:09:22.613+0530][gc,marking  ] GC(2) Concurrent Rebuild Remembered Sets 0.007ms
[2025-03-28T19:09:22.617+0530][gc,start    ] GC(2) Pause Cleanup
[2025-03-28T19:09:22.617+0530][gc          ] GC(2) Pause Cleanup 12M->12M(1024M) 0.049ms
[2025-03-28T19:09:22.617+0530][gc,cpu      ] GC(2) User=0.00s Sys=0.00s Real=0.00s
[2025-03-28T19:09:22.617+0530][gc,marking  ] GC(2) Concurrent Cleanup for Next Mark
[2025-03-28T19:09:22.627+0530][gc,marking  ] GC(2) Concurrent Cleanup for Next Mark 9.792ms
[2025-03-28T19:09:22.627+0530][gc          ] GC(2) Concurrent Mark Cycle 59.779ms
[2025-03-28T19:09:25.163+0530][gc,start    ] GC(3) Pause Young (Normal) (G1 Evacuation Pause)
[2025-03-28T19:09:25.163+0530][gc,task     ] GC(3) Using 2 workers of 2 for evacuation
[2025-03-28T19:09:25.202+0530][gc,mmu      ] GC(3) MMU target violated: 21.0ms (20.0ms/21.0ms)
[2025-03-28T19:09:25.202+0530][gc,phases   ] GC(3)   Pre Evacuate Collection Set: 0.2ms
[2025-03-28T19:09:25.203+0530][gc,phases   ] GC(3)   Merge Heap Roots: 0.1ms
[2025-03-28T19:09:25.203+0530][gc,phases   ] GC(3)   Evacuate Collection Set: 37.9ms
[2025-03-28T19:09:25.203+0530][gc,phases   ] GC(3)   Post Evacuate Collection Set: 0.8ms
[2025-03-28T19:09:25.203+0530][gc,phases   ] GC(3)   Other: 0.2ms
[2025-03-28T19:09:25.203+0530][gc,heap     ] GC(3) Eden regions: 50->0(47)
[2025-03-28T19:09:25.203+0530][gc,heap     ] GC(3) Survivor regions: 1->4(7)
[2025-03-28T19:09:25.203+0530][gc,heap     ] GC(3) Old regions: 9->9
[2025-03-28T19:09:25.203+0530][gc,heap     ] GC(3) Archive regions: 2->2
[2025-03-28T19:09:25.203+0530][gc,heap     ] GC(3) Humongous regions: 0->0
[2025-03-28T19:09:25.203+0530][gc,metaspace] GC(3) Metaspace: 26037K(26304K)->26037K(26304K) NonClass: 23013K(23168K)->23013K(23168K) Class: 3023K(3136K)->3023K(3136K)
[2025-03-28T19:09:25.203+0530][gc          ] GC(3) Pause Young (Normal) (G1 Evacuation Pause) 60M->12M(1024M) 39.235ms
[2025-03-28T19:09:25.203+0530][gc,cpu      ] GC(3) User=0.02s Sys=0.01s Real=0.04s
[2025-03-28T19:09:27.549+0530][gc,start    ] GC(4) Pause Young (Normal) (G1 Evacuation Pause)
[2025-03-28T19:09:27.549+0530][gc,task     ] GC(4) Using 2 workers of 2 for evacuation
[2025-03-28T19:09:27.573+0530][gc,mmu      ] GC(4) MMU target violated: 21.0ms (20.0ms/21.0ms)
[2025-03-28T19:09:27.573+0530][gc,phases   ] GC(4)   Pre Evacuate Collection Set: 0.2ms
[2025-03-28T19:09:27.573+0530][gc,phases   ] GC(4)   Merge Heap Roots: 0.1ms
[2025-03-28T19:09:27.573+0530][gc,phases   ] GC(4)   Evacuate Collection Set: 22.6ms
[2025-03-28T19:09:27.573+0530][gc,phases   ] GC(4)   Post Evacuate Collection Set: 0.8ms
[2025-03-28T19:09:27.573+0530][gc,phases   ] GC(4)   Other: 0.2ms
[2025-03-28T19:09:27.573+0530][gc,heap     ] GC(4) Eden regions: 47->0(46)
[2025-03-28T19:09:27.573+0530][gc,heap     ] GC(4) Survivor regions: 4->5(7)
[2025-03-28T19:09:27.573+0530][gc,heap     ] GC(4) Old regions: 9->9
[2025-03-28T19:09:27.573+0530][gc,heap     ] GC(4) Archive regions: 2->2
[2025-03-28T19:09:27.573+0530][gc,heap     ] GC(4) Humongous regions: 0->0
[2025-03-28T19:09:27.573+0530][gc,metaspace] GC(4) Metaspace: 33761K(34048K)->33761K(34048K) NonClass: 29925K(30080K)->29925K(30080K) Class: 3835K(3968K)->3835K(3968K)
[2025-03-28T19:09:27.573+0530][gc          ] GC(4) Pause Young (Normal) (G1 Evacuation Pause) 59M->14M(1024M) 24.040ms
[2025-03-28T19:09:27.574+0530][gc,cpu      ] GC(4) User=0.01s Sys=0.00s Real=0.02s
[2025-03-28T19:09:28.481+0530][gc,start    ] GC(5) Pause Young (Concurrent Start) (Metadata GC Threshold)
[2025-03-28T19:09:28.481+0530][gc,task     ] GC(5) Using 2 workers of 2 for evacuation
[2025-03-28T19:09:28.564+0530][gc,mmu      ] GC(5) MMU target violated: 21.0ms (20.0ms/21.0ms)
[2025-03-28T19:09:28.564+0530][gc,phases   ] GC(5)   Pre Evacuate Collection Set: 0.2ms
[2025-03-28T19:09:28.564+0530][gc,phases   ] GC(5)   Merge Heap Roots: 0.1ms
[2025-03-28T19:09:28.564+0530][gc,phases   ] GC(5)   Evacuate Collection Set: 81.6ms
[2025-03-28T19:09:28.564+0530][gc,phases   ] GC(5)   Post Evacuate Collection Set: 1.1ms
[2025-03-28T19:09:28.564+0530][gc,phases   ] GC(5)   Other: 0.3ms
[2025-03-28T19:09:28.564+0530][gc,heap     ] GC(5) Eden regions: 20->0(45)
[2025-03-28T19:09:28.564+0530][gc,heap     ] GC(5) Survivor regions: 5->6(7)
[2025-03-28T19:09:28.564+0530][gc,heap     ] GC(5) Old regions: 9->12
[2025-03-28T19:09:28.564+0530][gc,heap     ] GC(5) Archive regions: 2->2
[2025-03-28T19:09:28.564+0530][gc,heap     ] GC(5) Humongous regions: 0->0
[2025-03-28T19:09:28.565+0530][gc,metaspace] GC(5) Metaspace: 35884K(36160K)->35884K(36160K) NonClass: 31859K(32000K)->31859K(32000K) Class: 4024K(4160K)->4024K(4160K)
[2025-03-28T19:09:28.565+0530][gc          ] GC(5) Pause Young (Concurrent Start) (Metadata GC Threshold) 33M->17M(1024M) 83.407ms
[2025-03-28T19:09:28.565+0530][gc,cpu      ] GC(5) User=0.04s Sys=0.00s Real=0.08s
[2025-03-28T19:09:28.565+0530][gc          ] GC(6) Concurrent Mark Cycle
[2025-03-28T19:09:28.565+0530][gc,marking  ] GC(6) Concurrent Clear Claimed Marks
[2025-03-28T19:09:28.565+0530][gc,marking  ] GC(6) Concurrent Clear Claimed Marks 0.059ms
[2025-03-28T19:09:28.565+0530][gc,marking  ] GC(6) Concurrent Scan Root Regions
[2025-03-28T19:09:28.585+0530][gc,marking  ] GC(6) Concurrent Scan Root Regions 20.215ms
[2025-03-28T19:09:28.585+0530][gc,marking  ] GC(6) Concurrent Mark
[2025-03-28T19:09:28.585+0530][gc,marking  ] GC(6) Concurrent Mark From Roots
[2025-03-28T19:09:28.585+0530][gc,task     ] GC(6) Using 1 workers of 1 for marking
[2025-03-28T19:09:28.660+0530][gc,marking  ] GC(6) Concurrent Mark From Roots 74.616ms
[2025-03-28T19:09:28.660+0530][gc,marking  ] GC(6) Concurrent Preclean
[2025-03-28T19:09:28.660+0530][gc,marking  ] GC(6) Concurrent Preclean 0.215ms
[2025-03-28T19:09:28.668+0530][gc,start    ] GC(6) Pause Remark
[2025-03-28T19:09:28.709+0530][gc,mmu      ] GC(6) MMU target violated: 21.0ms (20.0ms/21.0ms)
[2025-03-28T19:09:28.709+0530][gc          ] GC(6) Pause Remark 21M->21M(1024M) 40.594ms
[2025-03-28T19:09:28.709+0530][gc,cpu      ] GC(6) User=0.01s Sys=0.00s Real=0.04s
[2025-03-28T19:09:28.709+0530][gc,marking  ] GC(6) Concurrent Mark 124.204ms
[2025-03-28T19:09:28.709+0530][gc,marking  ] GC(6) Concurrent Rebuild Remembered Sets
[2025-03-28T19:09:28.760+0530][gc,marking  ] GC(6) Concurrent Rebuild Remembered Sets 50.714ms
[2025-03-28T19:09:28.767+0530][gc,start    ] GC(6) Pause Cleanup
[2025-03-28T19:09:28.767+0530][gc          ] GC(6) Pause Cleanup 21M->21M(1024M) 0.211ms
[2025-03-28T19:09:28.767+0530][gc,cpu      ] GC(6) User=0.00s Sys=0.00s Real=0.00s
[2025-03-28T19:09:28.768+0530][gc,marking  ] GC(6) Concurrent Cleanup for Next Mark
[2025-03-28T19:09:28.786+0530][gc,marking  ] GC(6) Concurrent Cleanup for Next Mark 17.319ms
[2025-03-28T19:09:28.786+0530][gc          ] GC(6) Concurrent Mark Cycle 221.400ms
[2025-03-28T19:09:35.752+0530][gc,start    ] GC(7) Pause Young (Prepare Mixed) (G1 Evacuation Pause)
[2025-03-28T19:09:35.752+0530][gc,task     ] GC(7) Using 2 workers of 2 for evacuation
[2025-03-28T19:09:35.806+0530][gc,mmu      ] GC(7) MMU target violated: 21.0ms (20.0ms/21.0ms)
[2025-03-28T19:09:35.806+0530][gc,phases   ] GC(7)   Pre Evacuate Collection Set: 6.2ms
[2025-03-28T19:09:35.806+0530][gc,phases   ] GC(7)   Merge Heap Roots: 3.2ms
[2025-03-28T19:09:35.806+0530][gc,phases   ] GC(7)   Evacuate Collection Set: 43.6ms
[2025-03-28T19:09:35.806+0530][gc,phases   ] GC(7)   Post Evacuate Collection Set: 1.1ms
[2025-03-28T19:09:35.806+0530][gc,phases   ] GC(7)   Other: 0.2ms
[2025-03-28T19:09:35.806+0530][gc,heap     ] GC(7) Eden regions: 45->0(45)
[2025-03-28T19:09:35.806+0530][gc,heap     ] GC(7) Survivor regions: 6->6(7)
[2025-03-28T19:09:35.806+0530][gc,heap     ] GC(7) Old regions: 12->14
[2025-03-28T19:09:35.806+0530][gc,heap     ] GC(7) Archive regions: 2->2
[2025-03-28T19:09:35.806+0530][gc,heap     ] GC(7) Humongous regions: 129->129
[2025-03-28T19:09:35.806+0530][gc,metaspace] GC(7) Metaspace: 41788K(42112K)->41788K(42112K) NonClass: 37007K(37184K)->37007K(37184K) Class: 4781K(4928K)->4781K(4928K)
[2025-03-28T19:09:35.806+0530][gc          ] GC(7) Pause Young (Prepare Mixed) (G1 Evacuation Pause) 191M->149M(1024M) 54.462ms
[2025-03-28T19:09:35.806+0530][gc,cpu      ] GC(7) User=0.05s Sys=0.01s Real=0.06s
[2025-03-28T19:12:09.618+0530][gc,start    ] GC(8) Pause Young (Mixed) (G1 Evacuation Pause)
[2025-03-28T19:12:09.618+0530][gc,task     ] GC(8) Using 2 workers of 2 for evacuation
[2025-03-28T19:12:09.666+0530][gc,mmu      ] GC(8) MMU target violated: 21.0ms (20.0ms/21.0ms)
[2025-03-28T19:12:09.666+0530][gc,phases   ] GC(8)   Pre Evacuate Collection Set: 1.2ms
[2025-03-28T19:12:09.666+0530][gc,phases   ] GC(8)   Merge Heap Roots: 0.7ms
[2025-03-28T19:12:09.666+0530][gc,phases   ] GC(8)   Evacuate Collection Set: 43.2ms
[2025-03-28T19:12:09.666+0530][gc,phases   ] GC(8)   Post Evacuate Collection Set: 1.5ms
[2025-03-28T19:12:09.667+0530][gc,phases   ] GC(8)   Other: 2.1ms
[2025-03-28T19:12:09.667+0530][gc,heap     ] GC(8) Eden regions: 45->0(45)
[2025-03-28T19:12:09.667+0530][gc,heap     ] GC(8) Survivor regions: 6->6(7)
[2025-03-28T19:12:09.667+0530][gc,heap     ] GC(8) Old regions: 14->16
[2025-03-28T19:12:09.667+0530][gc,heap     ] GC(8) Archive regions: 2->2
[2025-03-28T19:12:09.667+0530][gc,heap     ] GC(8) Humongous regions: 135->129
[2025-03-28T19:12:09.667+0530][gc,metaspace] GC(8) Metaspace: 44857K(45376K)->44857K(45376K) NonClass: 39766K(40064K)->39766K(40064K) Class: 5090K(5312K)->5090K(5312K)
[2025-03-28T19:12:09.667+0530][gc          ] GC(8) Pause Young (Mixed) (G1 Evacuation Pause) 200M->151M(1024M) 49.105ms
[2025-03-28T19:12:09.667+0530][gc,cpu      ] GC(8) User=0.07s Sys=0.00s Real=0.05s
[2025-03-28T19:12:57.880+0530][gc,start    ] GC(9) Pause Young (Concurrent Start) (G1 Evacuation Pause)
[2025-03-28T19:12:57.880+0530][gc,task     ] GC(9) Using 2 workers of 2 for evacuation
[2025-03-28T19:12:57.953+0530][gc,mmu      ] GC(9) MMU target violated: 21.0ms (20.0ms/21.0ms)
[2025-03-28T19:12:57.953+0530][gc,phases   ] GC(9)   Pre Evacuate Collection Set: 0.4ms
[2025-03-28T19:12:57.953+0530][gc,phases   ] GC(9)   Merge Heap Roots: 0.2ms
[2025-03-28T19:12:57.953+0530][gc,phases   ] GC(9)   Evacuate Collection Set: 71.9ms
[2025-03-28T19:12:57.953+0530][gc,phases   ] GC(9)   Post Evacuate Collection Set: 0.9ms
[2025-03-28T19:12:57.953+0530][gc,phases   ] GC(9)   Other: 0.3ms
[2025-03-28T19:12:57.953+0530][gc,heap     ] GC(9) Eden regions: 45->0(44)
[2025-03-28T19:12:57.953+0530][gc,heap     ] GC(9) Survivor regions: 6->7(7)
[2025-03-28T19:12:57.953+0530][gc,heap     ] GC(9) Old regions: 16->19
[2025-03-28T19:12:57.953+0530][gc,heap     ] GC(9) Archive regions: 2->2
[2025-03-28T19:12:57.953+0530][gc,heap     ] GC(9) Humongous regions: 129->129
[2025-03-28T19:12:57.953+0530][gc,metaspace] GC(9) Metaspace: 46967K(47552K)->46967K(47552K) NonClass: 41607K(41920K)->41607K(41920K) Class: 5359K(5632K)->5359K(5632K)
[2025-03-28T19:12:57.953+0530][gc          ] GC(9) Pause Young (Concurrent Start) (G1 Evacuation Pause) 196M->155M(1024M) 73.764ms
[2025-03-28T19:12:57.953+0530][gc,cpu      ] GC(9) User=0.03s Sys=0.00s Real=0.07s
[2025-03-28T19:12:57.954+0530][gc          ] GC(10) Concurrent Mark Cycle
[2025-03-28T19:12:57.954+0530][gc,marking  ] GC(10) Concurrent Clear Claimed Marks
[2025-03-28T19:12:57.954+0530][gc,marking  ] GC(10) Concurrent Clear Claimed Marks 0.059ms
[2025-03-28T19:12:57.955+0530][gc,marking  ] GC(10) Concurrent Scan Root Regions
[2025-03-28T19:12:58.019+0530][gc,marking  ] GC(10) Concurrent Scan Root Regions 64.754ms
[2025-03-28T19:12:58.019+0530][gc,marking  ] GC(10) Concurrent Mark
[2025-03-28T19:12:58.019+0530][gc,marking  ] GC(10) Concurrent Mark From Roots
[2025-03-28T19:12:58.019+0530][gc,task     ] GC(10) Using 1 workers of 1 for marking
[2025-03-28T19:12:58.218+0530][gc,marking  ] GC(10) Concurrent Mark From Roots 198.471ms
[2025-03-28T19:12:58.218+0530][gc,marking  ] GC(10) Concurrent Preclean
[2025-03-28T19:12:58.221+0530][gc,marking  ] GC(10) Concurrent Preclean 2.721ms
[2025-03-28T19:12:58.228+0530][gc,start    ] GC(10) Pause Remark
[2025-03-28T19:12:58.277+0530][gc,mmu      ] GC(10) MMU target violated: 21.0ms (20.0ms/21.0ms)
[2025-03-28T19:12:58.277+0530][gc          ] GC(10) Pause Remark 165M->165M(1024M) 49.149ms
[2025-03-28T19:12:58.277+0530][gc,cpu      ] GC(10) User=0.02s Sys=0.01s Real=0.05s
[2025-03-28T19:12:58.296+0530][gc,marking  ] GC(10) Concurrent Mark 276.398ms
[2025-03-28T19:12:58.296+0530][gc,marking  ] GC(10) Concurrent Rebuild Remembered Sets
[2025-03-28T19:12:58.424+0530][gc,marking  ] GC(10) Concurrent Rebuild Remembered Sets 128.207ms
[2025-03-28T19:12:58.497+0530][gc,start    ] GC(10) Pause Cleanup
[2025-03-28T19:12:58.498+0530][gc          ] GC(10) Pause Cleanup 172M->172M(1024M) 0.740ms
[2025-03-28T19:12:58.498+0530][gc,cpu      ] GC(10) User=0.00s Sys=0.00s Real=0.00s
[2025-03-28T19:12:58.498+0530][gc,marking  ] GC(10) Concurrent Cleanup for Next Mark
[2025-03-28T19:12:58.533+0530][gc,marking  ] GC(10) Concurrent Cleanup for Next Mark 34.682ms
[2025-03-28T19:12:58.533+0530][gc          ] GC(10) Concurrent Mark Cycle 578.597ms
[2025-03-28T19:12:58.886+0530][gc,start    ] GC(11) Pause Young (Prepare Mixed) (G1 Evacuation Pause)
[2025-03-28T19:12:58.886+0530][gc,task     ] GC(11) Using 2 workers of 2 for evacuation
[2025-03-28T19:12:58.993+0530][gc,mmu      ] GC(11) MMU target violated: 21.0ms (20.0ms/21.0ms)
[2025-03-28T19:12:58.993+0530][gc,phases   ] GC(11)   Pre Evacuate Collection Set: 0.8ms
[2025-03-28T19:12:58.993+0530][gc,phases   ] GC(11)   Merge Heap Roots: 0.2ms
[2025-03-28T19:12:58.993+0530][gc,phases   ] GC(11)   Evacuate Collection Set: 89.4ms
[2025-03-28T19:12:58.993+0530][gc,phases   ] GC(11)   Post Evacuate Collection Set: 16.2ms
[2025-03-28T19:12:58.993+0530][gc,phases   ] GC(11)   Other: 0.2ms
[2025-03-28T19:12:58.993+0530][gc,heap     ] GC(11) Eden regions: 44->0(45)
[2025-03-28T19:12:58.993+0530][gc,heap     ] GC(11) Survivor regions: 7->6(7)
[2025-03-28T19:12:58.993+0530][gc,heap     ] GC(11) Old regions: 19->26
[2025-03-28T19:12:58.993+0530][gc,heap     ] GC(11) Archive regions: 2->2
[2025-03-28T19:12:58.993+0530][gc,heap     ] GC(11) Humongous regions: 129->129
[2025-03-28T19:12:58.993+0530][gc,metaspace] GC(11) Metaspace: 47246K(47872K)->47246K(47872K) NonClass: 41836K(42176K)->41836K(42176K) Class: 5409K(5696K)->5409K(5696K)
[2025-03-28T19:12:58.993+0530][gc          ] GC(11) Pause Young (Prepare Mixed) (G1 Evacuation Pause) 199M->161M(1024M) 106.968ms
[2025-03-28T19:12:58.993+0530][gc,cpu      ] GC(11) User=0.08s Sys=0.01s Real=0.09s
[2025-03-28T19:12:59.720+0530][gc,start    ] GC(12) Pause Young (Mixed) (G1 Evacuation Pause)
[2025-03-28T19:12:59.720+0530][gc,task     ] GC(12) Using 2 workers of 2 for evacuation
[2025-03-28T19:12:59.829+0530][gc,mmu      ] GC(12) MMU target violated: 21.0ms (20.0ms/21.0ms)
[2025-03-28T19:12:59.829+0530][gc,phases   ] GC(12)   Pre Evacuate Collection Set: 0.3ms
[2025-03-28T19:12:59.829+0530][gc,phases   ] GC(12)   Merge Heap Roots: 0.1ms
[2025-03-28T19:12:59.829+0530][gc,phases   ] GC(12)   Evacuate Collection Set: 106.2ms
[2025-03-28T19:12:59.829+0530][gc,phases   ] GC(12)   Post Evacuate Collection Set: 1.9ms
[2025-03-28T19:12:59.829+0530][gc,phases   ] GC(12)   Other: 0.5ms
[2025-03-28T19:12:59.829+0530][gc,heap     ] GC(12) Eden regions: 45->0(45)
[2025-03-28T19:12:59.829+0530][gc,heap     ] GC(12) Survivor regions: 6->6(7)
[2025-03-28T19:12:59.829+0530][gc,heap     ] GC(12) Old regions: 26->32
[2025-03-28T19:12:59.829+0530][gc,heap     ] GC(12) Archive regions: 2->2
[2025-03-28T19:12:59.829+0530][gc,heap     ] GC(12) Humongous regions: 129->129
[2025-03-28T19:12:59.829+0530][gc,metaspace] GC(12) Metaspace: 47406K(48000K)->47406K(48000K) NonClass: 41982K(42304K)->41982K(42304K) Class: 5424K(5696K)->5424K(5696K)
[2025-03-28T19:12:59.829+0530][gc          ] GC(12) Pause Young (Mixed) (G1 Evacuation Pause) 206M->166M(1024M) 109.456ms
[2025-03-28T19:12:59.830+0530][gc,cpu      ] GC(12) User=0.02s Sys=0.01s Real=0.11s
[2025-03-28T19:13:00.737+0530][gc,start    ] GC(13) Pause Young (Normal) (G1 Evacuation Pause)
[2025-03-28T19:13:00.737+0530][gc,task     ] GC(13) Using 2 workers of 2 for evacuation
[2025-03-28T19:13:00.792+0530][gc,mmu      ] GC(13) MMU target violated: 21.0ms (20.0ms/21.0ms)
[2025-03-28T19:13:00.792+0530][gc,phases   ] GC(13)   Pre Evacuate Collection Set: 0.4ms
[2025-03-28T19:13:00.792+0530][gc,phases   ] GC(13)   Merge Heap Roots: 0.1ms
[2025-03-28T19:13:00.792+0530][gc,phases   ] GC(13)   Evacuate Collection Set: 53.3ms
[2025-03-28T19:13:00.792+0530][gc,phases   ] GC(13)   Post Evacuate Collection Set: 0.4ms
[2025-03-28T19:13:00.792+0530][gc,phases   ] GC(13)   Other: 0.2ms
[2025-03-28T19:13:00.792+0530][gc,heap     ] GC(13) Eden regions: 45->0(48)
[2025-03-28T19:13:00.792+0530][gc,heap     ] GC(13) Survivor regions: 6->3(7)
[2025-03-28T19:13:00.792+0530][gc,heap     ] GC(13) Old regions: 32->37
[2025-03-28T19:13:00.792+0530][gc,heap     ] GC(13) Archive regions: 2->2
[2025-03-28T19:13:00.792+0530][gc,heap     ] GC(13) Humongous regions: 132->131
[2025-03-28T19:13:00.792+0530][gc,metaspace] GC(13) Metaspace: 47443K(48000K)->47443K(48000K) NonClass: 42017K(42304K)->42017K(42304K) Class: 5426K(5696K)->5426K(5696K)
[2025-03-28T19:13:00.792+0530][gc          ] GC(13) Pause Young (Normal) (G1 Evacuation Pause) 214M->171M(1024M) 54.593ms
[2025-03-28T19:13:00.792+0530][gc,cpu      ] GC(13) User=0.02s Sys=0.01s Real=0.05s
[2025-03-28T19:13:01.110+0530][gc,start    ] GC(14) Pause Young (Normal) (G1 Evacuation Pause)
[2025-03-28T19:13:01.110+0530][gc,task     ] GC(14) Using 2 workers of 2 for evacuation
[2025-03-28T19:13:01.120+0530][gc,phases   ] GC(14)   Pre Evacuate Collection Set: 0.3ms
[2025-03-28T19:13:01.120+0530][gc,phases   ] GC(14)   Merge Heap Roots: 0.1ms
[2025-03-28T19:13:01.120+0530][gc,phases   ] GC(14)   Evacuate Collection Set: 8.6ms
[2025-03-28T19:13:01.120+0530][gc,phases   ] GC(14)   Post Evacuate Collection Set: 0.5ms
[2025-03-28T19:13:01.120+0530][gc,phases   ] GC(14)   Other: 0.1ms
[2025-03-28T19:13:01.120+0530][gc,heap     ] GC(14) Eden regions: 48->0(48)
[2025-03-28T19:13:01.120+0530][gc,heap     ] GC(14) Survivor regions: 3->3(7)
[2025-03-28T19:13:01.120+0530][gc,heap     ] GC(14) Old regions: 37->37
[2025-03-28T19:13:01.120+0530][gc,heap     ] GC(14) Archive regions: 2->2
[2025-03-28T19:13:01.120+0530][gc,heap     ] GC(14) Humongous regions: 137->134
[2025-03-28T19:13:01.120+0530][gc,metaspace] GC(14) Metaspace: 47628K(48192K)->47628K(48192K) NonClass: 42191K(42496K)->42191K(42496K) Class: 5437K(5696K)->5437K(5696K)
[2025-03-28T19:13:01.120+0530][gc          ] GC(14) Pause Young (Normal) (G1 Evacuation Pause) 225M->174M(1024M) 9.792ms
[2025-03-28T19:13:01.120+0530][gc,cpu      ] GC(14) User=0.01s Sys=0.01s Real=0.00s
[2025-03-28T19:13:06.600+0530][gc,start    ] GC(15) Pause Young (Normal) (G1 Evacuation Pause)
[2025-03-28T19:13:06.600+0530][gc,task     ] GC(15) Using 2 workers of 2 for evacuation
[2025-03-28T19:13:06.655+0530][gc,mmu      ] GC(15) MMU target violated: 21.0ms (20.0ms/21.0ms)
[2025-03-28T19:13:06.655+0530][gc,phases   ] GC(15)   Pre Evacuate Collection Set: 0.2ms
[2025-03-28T19:13:06.655+0530][gc,phases   ] GC(15)   Merge Heap Roots: 0.2ms
[2025-03-28T19:13:06.655+0530][gc,phases   ] GC(15)   Evacuate Collection Set: 37.5ms
[2025-03-28T19:13:06.655+0530][gc,phases   ] GC(15)   Post Evacuate Collection Set: 17.0ms
[2025-03-28T19:13:06.655+0530][gc,phases   ] GC(15)   Other: 0.3ms
[2025-03-28T19:13:06.655+0530][gc,heap     ] GC(15) Eden regions: 48->0(44)
[2025-03-28T19:13:06.655+0530][gc,heap     ] GC(15) Survivor regions: 3->7(7)
[2025-03-28T19:13:06.655+0530][gc,heap     ] GC(15) Old regions: 37->39
[2025-03-28T19:13:06.655+0530][gc,heap     ] GC(15) Archive regions: 2->2
[2025-03-28T19:13:06.655+0530][gc,heap     ] GC(15) Humongous regions: 137->129
[2025-03-28T19:13:06.655+0530][gc,metaspace] GC(15) Metaspace: 47958K(48512K)->47958K(48512K) NonClass: 42501K(42816K)->42501K(42816K) Class: 5456K(5696K)->5456K(5696K)
[2025-03-28T19:13:06.655+0530][gc          ] GC(15) Pause Young (Normal) (G1 Evacuation Pause) 225M->175M(1024M) 55.398ms
[2025-03-28T19:13:06.655+0530][gc,cpu      ] GC(15) User=0.02s Sys=0.01s Real=0.07s
[2025-03-28T19:13:07.214+0530][gc,start    ] GC(16) Pause Young (Normal) (G1 Evacuation Pause)
[2025-03-28T19:13:07.214+0530][gc,task     ] GC(16) Using 2 workers of 2 for evacuation
[2025-03-28T19:13:07.229+0530][gc,phases   ] GC(16)   Pre Evacuate Collection Set: 0.5ms
[2025-03-28T19:13:07.229+0530][gc,phases   ] GC(16)   Merge Heap Roots: 0.2ms
[2025-03-28T19:13:07.229+0530][gc,phases   ] GC(16)   Evacuate Collection Set: 13.5ms
[2025-03-28T19:13:07.229+0530][gc,phases   ] GC(16)   Post Evacuate Collection Set: 0.5ms
[2025-03-28T19:13:07.229+0530][gc,phases   ] GC(16)   Other: 0.1ms
[2025-03-28T19:13:07.229+0530][gc,heap     ] GC(16) Eden regions: 44->0(49)
[2025-03-28T19:13:07.229+0530][gc,heap     ] GC(16) Survivor regions: 7->2(7)
[2025-03-28T19:13:07.229+0530][gc,heap     ] GC(16) Old regions: 39->42
[2025-03-28T19:13:07.229+0530][gc,heap     ] GC(16) Archive regions: 2->2
[2025-03-28T19:13:07.229+0530][gc,heap     ] GC(16) Humongous regions: 131->131
[2025-03-28T19:13:07.229+0530][gc,metaspace] GC(16) Metaspace: 47958K(48512K)->47958K(48512K) NonClass: 42502K(42816K)->42502K(42816K) Class: 5456K(5696K)->5456K(5696K)
[2025-03-28T19:13:07.229+0530][gc          ] GC(16) Pause Young (Normal) (G1 Evacuation Pause) 221M->175M(1024M) 14.987ms
[2025-03-28T19:13:07.229+0530][gc,cpu      ] GC(16) User=0.01s Sys=0.00s Real=0.02s
[2025-03-28T19:13:08.739+0530][gc,start    ] GC(17) Pause Young (Normal) (G1 Evacuation Pause)
[2025-03-28T19:13:08.739+0530][gc,task     ] GC(17) Using 2 workers of 2 for evacuation
[2025-03-28T19:13:08.746+0530][gc,phases   ] GC(17)   Pre Evacuate Collection Set: 0.2ms
[2025-03-28T19:13:08.746+0530][gc,phases   ] GC(17)   Merge Heap Roots: 0.1ms
[2025-03-28T19:13:08.746+0530][gc,phases   ] GC(17)   Evacuate Collection Set: 5.6ms
[2025-03-28T19:13:08.746+0530][gc,phases   ] GC(17)   Post Evacuate Collection Set: 1.2ms
[2025-03-28T19:13:08.746+0530][gc,phases   ] GC(17)   Other: 0.3ms
[2025-03-28T19:13:08.746+0530][gc,heap     ] GC(17) Eden regions: 49->0(45)
[2025-03-28T19:13:08.746+0530][gc,heap     ] GC(17) Survivor regions: 2->6(7)
[2025-03-28T19:13:08.746+0530][gc,heap     ] GC(17) Old regions: 42->42
[2025-03-28T19:13:08.746+0530][gc,heap     ] GC(17) Archive regions: 2->2
[2025-03-28T19:13:08.746+0530][gc,heap     ] GC(17) Humongous regions: 131->129
[2025-03-28T19:13:08.746+0530][gc,metaspace] GC(17) Metaspace: 48016K(48576K)->48016K(48576K) NonClass: 42557K(42880K)->42557K(42880K) Class: 5458K(5696K)->5458K(5696K)
[2025-03-28T19:13:08.746+0530][gc          ] GC(17) Pause Young (Normal) (G1 Evacuation Pause) 224M->177M(1024M) 7.436ms
[2025-03-28T19:13:08.746+0530][gc,cpu      ] GC(17) User=0.01s Sys=0.00s Real=0.01s
[2025-03-28T19:13:08.970+0530][gc,start    ] GC(18) Pause Young (Normal) (G1 Evacuation Pause)
[2025-03-28T19:13:08.970+0530][gc,task     ] GC(18) Using 2 workers of 2 for evacuation
[2025-03-28T19:13:08.986+0530][gc,phases   ] GC(18)   Pre Evacuate Collection Set: 0.2ms
[2025-03-28T19:13:08.986+0530][gc,phases   ] GC(18)   Merge Heap Roots: 0.1ms
[2025-03-28T19:13:08.986+0530][gc,phases   ] GC(18)   Evacuate Collection Set: 14.0ms
[2025-03-28T19:13:08.986+0530][gc,phases   ] GC(18)   Post Evacuate Collection Set: 0.8ms
[2025-03-28T19:13:08.986+0530][gc,phases   ] GC(18)   Other: 0.1ms
[2025-03-28T19:13:08.986+0530][gc,heap     ] GC(18) Eden regions: 45->0(49)
[2025-03-28T19:13:08.986+0530][gc,heap     ] GC(18) Survivor regions: 6->2(7)
[2025-03-28T19:13:08.986+0530][gc,heap     ] GC(18) Old regions: 42->43
[2025-03-28T19:13:08.986+0530][gc,heap     ] GC(18) Archive regions: 2->2
[2025-03-28T19:13:08.986+0530][gc,heap     ] GC(18) Humongous regions: 131->131
[2025-03-28T19:13:08.986+0530][gc,metaspace] GC(18) Metaspace: 48017K(48576K)->48017K(48576K) NonClass: 42559K(42880K)->42559K(42880K) Class: 5458K(5696K)->5458K(5696K)
[2025-03-28T19:13:08.986+0530][gc          ] GC(18) Pause Young (Normal) (G1 Evacuation Pause) 224M->176M(1024M) 15.429ms
[2025-03-28T19:13:08.986+0530][gc,cpu      ] GC(18) User=0.01s Sys=0.01s Real=0.02s
[2025-03-28T19:13:17.030+0530][gc,start    ] GC(19) Pause Young (Normal) (G1 Evacuation Pause)
[2025-03-28T19:13:17.030+0530][gc,task     ] GC(19) Using 2 workers of 2 for evacuation
[2025-03-28T19:13:17.150+0530][gc,mmu      ] GC(19) MMU target violated: 21.0ms (20.0ms/21.0ms)
[2025-03-28T19:13:17.150+0530][gc,phases   ] GC(19)   Pre Evacuate Collection Set: 0.2ms
[2025-03-28T19:13:17.150+0530][gc,phases   ] GC(19)   Merge Heap Roots: 0.1ms
[2025-03-28T19:13:17.150+0530][gc,phases   ] GC(19)   Evacuate Collection Set: 32.5ms
[2025-03-28T19:13:17.150+0530][gc,phases   ] GC(19)   Post Evacuate Collection Set: 87.3ms
[2025-03-28T19:13:17.150+0530][gc,phases   ] GC(19)   Other: 0.2ms
[2025-03-28T19:13:17.150+0530][gc,heap     ] GC(19) Eden regions: 49->0(46)
[2025-03-28T19:13:17.150+0530][gc,heap     ] GC(19) Survivor regions: 2->5(7)
[2025-03-28T19:13:17.150+0530][gc,heap     ] GC(19) Old regions: 43->43
[2025-03-28T19:13:17.150+0530][gc,heap     ] GC(19) Archive regions: 2->2
[2025-03-28T19:13:17.150+0530][gc,heap     ] GC(19) Humongous regions: 131->129
[2025-03-28T19:13:17.151+0530][gc,metaspace] GC(19) Metaspace: 48036K(48576K)->48036K(48576K) NonClass: 42577K(42880K)->42577K(42880K) Class: 5458K(5696K)->5458K(5696K)
[2025-03-28T19:13:17.151+0530][gc          ] GC(19) Pause Young (Normal) (G1 Evacuation Pause) 225M->177M(1024M) 120.378ms
[2025-03-28T19:13:17.151+0530][gc,cpu      ] GC(19) User=0.03s Sys=0.00s Real=0.12s
[2025-03-28T19:13:17.721+0530][gc,start    ] GC(20) Pause Young (Normal) (G1 Evacuation Pause)
[2025-03-28T19:13:17.721+0530][gc,task     ] GC(20) Using 2 workers of 2 for evacuation
[2025-03-28T19:13:17.781+0530][gc,mmu      ] GC(20) MMU target violated: 21.0ms (20.0ms/21.0ms)
[2025-03-28T19:13:17.781+0530][gc,phases   ] GC(20)   Pre Evacuate Collection Set: 0.3ms
[2025-03-28T19:13:17.781+0530][gc,phases   ] GC(20)   Merge Heap Roots: 0.1ms
[2025-03-28T19:13:17.781+0530][gc,phases   ] GC(20)   Evacuate Collection Set: 45.9ms
[2025-03-28T19:13:17.781+0530][gc,phases   ] GC(20)   Post Evacuate Collection Set: 13.2ms
[2025-03-28T19:13:17.781+0530][gc,phases   ] GC(20)   Other: 0.2ms
[2025-03-28T19:13:17.781+0530][gc,heap     ] GC(20) Eden regions: 46->0(49)
[2025-03-28T19:13:17.781+0530][gc,heap     ] GC(20) Survivor regions: 5->2(7)
[2025-03-28T19:13:17.781+0530][gc,heap     ] GC(20) Old regions: 43->44
[2025-03-28T19:13:17.781+0530][gc,heap     ] GC(20) Archive regions: 2->2
[2025-03-28T19:13:17.781+0530][gc,heap     ] GC(20) Humongous regions: 131->131
[2025-03-28T19:13:17.781+0530][gc,metaspace] GC(20) Metaspace: 48038K(48576K)->48038K(48576K) NonClass: 42579K(42880K)->42579K(42880K) Class: 5458K(5696K)->5458K(5696K)
[2025-03-28T19:13:17.781+0530][gc          ] GC(20) Pause Young (Normal) (G1 Evacuation Pause) 225M->177M(1024M) 59.736ms
[2025-03-28T19:13:17.781+0530][gc,cpu      ] GC(20) User=0.01s Sys=0.00s Real=0.05s
[2025-03-28T19:13:18.669+0530][gc,start    ] GC(21) Pause Young (Normal) (G1 Evacuation Pause)
[2025-03-28T19:13:18.669+0530][gc,task     ] GC(21) Using 2 workers of 2 for evacuation
[2025-03-28T19:13:18.728+0530][gc,mmu      ] GC(21) MMU target violated: 21.0ms (20.0ms/21.0ms)
[2025-03-28T19:13:18.728+0530][gc,phases   ] GC(21)   Pre Evacuate Collection Set: 0.3ms
[2025-03-28T19:13:18.728+0530][gc,phases   ] GC(21)   Merge Heap Roots: 0.1ms
[2025-03-28T19:13:18.728+0530][gc,phases   ] GC(21)   Evacuate Collection Set: 39.5ms
[2025-03-28T19:13:18.728+0530][gc,phases   ] GC(21)   Post Evacuate Collection Set: 19.2ms
[2025-03-28T19:13:18.728+0530][gc,phases   ] GC(21)   Other: 0.3ms
[2025-03-28T19:13:18.728+0530][gc,heap     ] GC(21) Eden regions: 49->0(46)
[2025-03-28T19:13:18.728+0530][gc,heap     ] GC(21) Survivor regions: 2->5(7)
[2025-03-28T19:13:18.728+0530][gc,heap     ] GC(21) Old regions: 44->44
[2025-03-28T19:13:18.728+0530][gc,heap     ] GC(21) Archive regions: 2->2
[2025-03-28T19:13:18.728+0530][gc,heap     ] GC(21) Humongous regions: 131->129
[2025-03-28T19:13:18.728+0530][gc,metaspace] GC(21) Metaspace: 48060K(48640K)->48060K(48640K) NonClass: 42599K(42944K)->42599K(42944K) Class: 5461K(5696K)->5461K(5696K)
[2025-03-28T19:13:18.728+0530][gc          ] GC(21) Pause Young (Normal) (G1 Evacuation Pause) 226M->178M(1024M) 59.583ms
[2025-03-28T19:13:18.728+0530][gc,cpu      ] GC(21) User=0.01s Sys=0.01s Real=0.06s
[2025-03-28T19:13:19.170+0530][gc,start    ] GC(22) Pause Young (Normal) (G1 Evacuation Pause)
[2025-03-28T19:13:19.170+0530][gc,task     ] GC(22) Using 2 workers of 2 for evacuation
[2025-03-28T19:13:19.229+0530][gc,mmu      ] GC(22) MMU target violated: 21.0ms (20.0ms/21.0ms)
[2025-03-28T19:13:19.229+0530][gc,phases   ] GC(22)   Pre Evacuate Collection Set: 21.9ms
[2025-03-28T19:13:19.229+0530][gc,phases   ] GC(22)   Merge Heap Roots: 2.9ms
[2025-03-28T19:13:19.229+0530][gc,phases   ] GC(22)   Evacuate Collection Set: 32.5ms
[2025-03-28T19:13:19.229+0530][gc,phases   ] GC(22)   Post Evacuate Collection Set: 1.4ms
[2025-03-28T19:13:19.229+0530][gc,phases   ] GC(22)   Other: 0.2ms
[2025-03-28T19:13:19.229+0530][gc,heap     ] GC(22) Eden regions: 46->0(49)
[2025-03-28T19:13:19.229+0530][gc,heap     ] GC(22) Survivor regions: 5->2(7)
[2025-03-28T19:13:19.229+0530][gc,heap     ] GC(22) Old regions: 44->45
[2025-03-28T19:13:19.229+0530][gc,heap     ] GC(22) Archive regions: 2->2
[2025-03-28T19:13:19.229+0530][gc,heap     ] GC(22) Humongous regions: 131->131
[2025-03-28T19:13:19.229+0530][gc,metaspace] GC(22) Metaspace: 48063K(48640K)->48063K(48640K) NonClass: 42602K(42944K)->42602K(42944K) Class: 5461K(5696K)->5461K(5696K)
[2025-03-28T19:13:19.229+0530][gc          ] GC(22) Pause Young (Normal) (G1 Evacuation Pause) 226M->178M(1024M) 59.009ms
[2025-03-28T19:13:19.229+0530][gc,cpu      ] GC(22) User=0.01s Sys=0.00s Real=0.07s
[2025-03-28T19:13:26.618+0530][gc,start    ] GC(23) Pause Young (Normal) (G1 Evacuation Pause)
[2025-03-28T19:13:26.618+0530][gc,task     ] GC(23) Using 2 workers of 2 for evacuation
[2025-03-28T19:13:26.631+0530][gc,phases   ] GC(23)   Pre Evacuate Collection Set: 0.3ms
[2025-03-28T19:13:26.631+0530][gc,phases   ] GC(23)   Merge Heap Roots: 0.1ms
[2025-03-28T19:13:26.631+0530][gc,phases   ] GC(23)   Evacuate Collection Set: 11.6ms
[2025-03-28T19:13:26.631+0530][gc,phases   ] GC(23)   Post Evacuate Collection Set: 0.9ms
[2025-03-28T19:13:26.631+0530][gc,phases   ] GC(23)   Other: 0.1ms
[2025-03-28T19:13:26.631+0530][gc,heap     ] GC(23) Eden regions: 49->0(46)
[2025-03-28T19:13:26.631+0530][gc,heap     ] GC(23) Survivor regions: 2->5(7)
[2025-03-28T19:13:26.631+0530][gc,heap     ] GC(23) Old regions: 45->45
[2025-03-28T19:13:26.631+0530][gc,heap     ] GC(23) Archive regions: 2->2
[2025-03-28T19:13:26.631+0530][gc,heap     ] GC(23) Humongous regions: 131->129
[2025-03-28T19:13:26.631+0530][gc,metaspace] GC(23) Metaspace: 48077K(48640K)->48077K(48640K) NonClass: 42616K(42944K)->42616K(42944K) Class: 5461K(5696K)->5461K(5696K)
[2025-03-28T19:13:26.631+0530][gc          ] GC(23) Pause Young (Normal) (G1 Evacuation Pause) 227M->178M(1024M) 13.070ms
[2025-03-28T19:13:26.631+0530][gc,cpu      ] GC(23) User=0.01s Sys=0.00s Real=0.00s
[2025-03-28T19:13:27.225+0530][gc,start    ] GC(24) Pause Young (Normal) (G1 Evacuation Pause)
[2025-03-28T19:13:27.225+0530][gc,task     ] GC(24) Using 2 workers of 2 for evacuation
[2025-03-28T19:13:27.237+0530][gc,phases   ] GC(24)   Pre Evacuate Collection Set: 0.3ms
[2025-03-28T19:13:27.237+0530][gc,phases   ] GC(24)   Merge Heap Roots: 0.1ms
[2025-03-28T19:13:27.237+0530][gc,phases   ] GC(24)   Evacuate Collection Set: 11.1ms
[2025-03-28T19:13:27.237+0530][gc,phases   ] GC(24)   Post Evacuate Collection Set: 0.5ms
[2025-03-28T19:13:27.237+0530][gc,phases   ] GC(24)   Other: 0.2ms
[2025-03-28T19:13:27.237+0530][gc,heap     ] GC(24) Eden regions: 46->0(49)
[2025-03-28T19:13:27.237+0530][gc,heap     ] GC(24) Survivor regions: 5->2(7)
[2025-03-28T19:13:27.237+0530][gc,heap     ] GC(24) Old regions: 45->46
[2025-03-28T19:13:27.237+0530][gc,heap     ] GC(24) Archive regions: 2->2
[2025-03-28T19:13:27.237+0530][gc,heap     ] GC(24) Humongous regions: 131->131
[2025-03-28T19:13:27.237+0530][gc,metaspace] GC(24) Metaspace: 48088K(48640K)->48088K(48640K) NonClass: 42627K(42944K)->42627K(42944K) Class: 5461K(5696K)->5461K(5696K)
[2025-03-28T19:13:27.237+0530][gc          ] GC(24) Pause Young (Normal) (G1 Evacuation Pause) 226M->179M(1024M) 12.252ms
[2025-03-28T19:13:27.237+0530][gc,cpu      ] GC(24) User=0.01s Sys=0.00s Real=0.00s
[2025-03-28T19:13:28.587+0530][gc,start    ] GC(25) Pause Young (Normal) (G1 Evacuation Pause)
[2025-03-28T19:13:28.587+0530][gc,task     ] GC(25) Using 2 workers of 2 for evacuation
[2025-03-28T19:13:28.614+0530][gc,mmu      ] GC(25) MMU target violated: 21.0ms (20.0ms/21.0ms)
[2025-03-28T19:13:28.614+0530][gc,phases   ] GC(25)   Pre Evacuate Collection Set: 0.2ms
[2025-03-28T19:13:28.614+0530][gc,phases   ] GC(25)   Merge Heap Roots: 0.1ms
[2025-03-28T19:13:28.614+0530][gc,phases   ] GC(25)   Evacuate Collection Set: 26.7ms
[2025-03-28T19:13:28.614+0530][gc,phases   ] GC(25)   Post Evacuate Collection Set: 0.6ms
[2025-03-28T19:13:28.614+0530][gc,phases   ] GC(25)   Other: 0.2ms
[2025-03-28T19:13:28.614+0530][gc,heap     ] GC(25) Eden regions: 49->0(47)
[2025-03-28T19:13:28.615+0530][gc,heap     ] GC(25) Survivor regions: 2->4(7)
[2025-03-28T19:13:28.615+0530][gc,heap     ] GC(25) Old regions: 46->46
[2025-03-28T19:13:28.615+0530][gc,heap     ] GC(25) Archive regions: 2->2
[2025-03-28T19:13:28.615+0530][gc,heap     ] GC(25) Humongous regions: 131->129
[2025-03-28T19:13:28.615+0530][gc,metaspace] GC(25) Metaspace: 48121K(48640K)->48121K(48640K) NonClass: 42655K(42944K)->42655K(42944K) Class: 5465K(5696K)->5465K(5696K)
[2025-03-28T19:13:28.615+0530][gc          ] GC(25) Pause Young (Normal) (G1 Evacuation Pause) 228M->179M(1024M) 28.033ms
[2025-03-28T19:13:28.615+0530][gc,cpu      ] GC(25) User=0.01s Sys=0.00s Real=0.02s
[2025-03-28T19:13:28.871+0530][gc,start    ] GC(26) Pause Young (Normal) (G1 Evacuation Pause)
[2025-03-28T19:13:28.871+0530][gc,task     ] GC(26) Using 2 workers of 2 for evacuation
[2025-03-28T19:13:28.923+0530][gc,mmu      ] GC(26) MMU target violated: 21.0ms (20.0ms/21.0ms)
[2025-03-28T19:13:28.923+0530][gc,phases   ] GC(26)   Pre Evacuate Collection Set: 0.2ms
[2025-03-28T19:13:28.923+0530][gc,phases   ] GC(26)   Merge Heap Roots: 0.1ms
[2025-03-28T19:13:28.923+0530][gc,phases   ] GC(26)   Evacuate Collection Set: 50.6ms
[2025-03-28T19:13:28.923+0530][gc,phases   ] GC(26)   Post Evacuate Collection Set: 1.0ms
[2025-03-28T19:13:28.923+0530][gc,phases   ] GC(26)   Other: 0.2ms
[2025-03-28T19:13:28.923+0530][gc,heap     ] GC(26) Eden regions: 47->0(53)
[2025-03-28T19:13:28.923+0530][gc,heap     ] GC(26) Survivor regions: 4->2(7)
[2025-03-28T19:13:28.923+0530][gc,heap     ] GC(26) Old regions: 46->47
[2025-03-28T19:13:28.923+0530][gc,heap     ] GC(26) Archive regions: 2->2
[2025-03-28T19:13:28.923+0530][gc,heap     ] GC(26) Humongous regions: 131->131
[2025-03-28T19:13:28.923+0530][gc,metaspace] GC(26) Metaspace: 48139K(48640K)->48139K(48640K) NonClass: 42671K(42944K)->42671K(42944K) Class: 5467K(5696K)->5467K(5696K)
[2025-03-28T19:13:28.923+0530][gc          ] GC(26) Pause Young (Normal) (G1 Evacuation Pause) 228M->180M(1024M) 52.212ms
[2025-03-28T19:13:28.923+0530][gc,cpu      ] GC(26) User=0.02s Sys=0.00s Real=0.05s
[2025-03-28T19:13:36.614+0530][gc,start    ] GC(27) Pause Young (Normal) (G1 Evacuation Pause)
[2025-03-28T19:13:36.614+0530][gc,task     ] GC(27) Using 2 workers of 2 for evacuation
[2025-03-28T19:13:36.626+0530][gc,phases   ] GC(27)   Pre Evacuate Collection Set: 0.3ms
[2025-03-28T19:13:36.626+0530][gc,phases   ] GC(27)   Merge Heap Roots: 0.1ms
[2025-03-28T19:13:36.626+0530][gc,phases   ] GC(27)   Evacuate Collection Set: 10.9ms
[2025-03-28T19:13:36.626+0530][gc,phases   ] GC(27)   Post Evacuate Collection Set: 0.5ms
[2025-03-28T19:13:36.626+0530][gc,phases   ] GC(27)   Other: 0.1ms
[2025-03-28T19:13:36.626+0530][gc,heap     ] GC(27) Eden regions: 53->0(482)
[2025-03-28T19:13:36.626+0530][gc,heap     ] GC(27) Survivor regions: 2->4(7)
[2025-03-28T19:13:36.626+0530][gc,heap     ] GC(27) Old regions: 47->47
[2025-03-28T19:13:36.626+0530][gc,heap     ] GC(27) Archive regions: 2->2
[2025-03-28T19:13:36.626+0530][gc,heap     ] GC(27) Humongous regions: 131->129
[2025-03-28T19:13:36.626+0530][gc,metaspace] GC(27) Metaspace: 48155K(48704K)->48155K(48704K) NonClass: 42687K(43008K)->42687K(43008K) Class: 5467K(5696K)->5467K(5696K)
[2025-03-28T19:13:36.626+0530][gc          ] GC(27) Pause Young (Normal) (G1 Evacuation Pause) 233M->180M(1024M) 12.045ms
[2025-03-28T19:13:36.626+0530][gc,cpu      ] GC(27) User=0.01s Sys=0.00s Real=0.00s
[2025-03-28T19:13:57.375+0530][gc,start    ] GC(28) Pause Young (Normal) (G1 Evacuation Pause)
[2025-03-28T19:13:57.375+0530][gc,task     ] GC(28) Using 2 workers of 2 for evacuation
[2025-03-28T19:13:57.419+0530][gc,mmu      ] GC(28) MMU target violated: 21.0ms (20.0ms/21.0ms)
[2025-03-28T19:13:57.419+0530][gc,phases   ] GC(28)   Pre Evacuate Collection Set: 0.4ms
[2025-03-28T19:13:57.419+0530][gc,phases   ] GC(28)   Merge Heap Roots: 0.2ms
[2025-03-28T19:13:57.419+0530][gc,phases   ] GC(28)   Evacuate Collection Set: 41.9ms
[2025-03-28T19:13:57.420+0530][gc,phases   ] GC(28)   Post Evacuate Collection Set: 1.1ms
[2025-03-28T19:13:57.420+0530][gc,phases   ] GC(28)   Other: 0.6ms
[2025-03-28T19:13:57.420+0530][gc,heap     ] GC(28) Eden regions: 432->0(56)
[2025-03-28T19:13:57.420+0530][gc,heap     ] GC(28) Survivor regions: 4->3(55)
[2025-03-28T19:13:57.420+0530][gc,heap     ] GC(28) Old regions: 47->47
[2025-03-28T19:13:57.420+0530][gc,heap     ] GC(28) Archive regions: 2->2
[2025-03-28T19:13:57.420+0530][gc,heap     ] GC(28) Humongous regions: 139->131
[2025-03-28T19:13:57.420+0530][gc,metaspace] GC(28) Metaspace: 48419K(48960K)->48419K(48960K) NonClass: 42948K(43264K)->42948K(43264K) Class: 5471K(5696K)->5471K(5696K)
[2025-03-28T19:13:57.420+0530][gc          ] GC(28) Pause Young (Normal) (G1 Evacuation Pause) 622M->181M(1024M) 44.305ms
[2025-03-28T19:13:57.420+0530][gc,cpu      ] GC(28) User=0.03s Sys=0.00s Real=0.04s
[2025-03-28T19:13:58.918+0530][gc,start    ] GC(29) Pause Young (Normal) (G1 Evacuation Pause)
[2025-03-28T19:13:58.918+0530][gc,task     ] GC(29) Using 2 workers of 2 for evacuation
[2025-03-28T19:13:58.933+0530][gc,phases   ] GC(29)   Pre Evacuate Collection Set: 0.2ms
[2025-03-28T19:13:58.933+0530][gc,phases   ] GC(29)   Merge Heap Roots: 0.1ms
[2025-03-28T19:13:58.933+0530][gc,phases   ] GC(29)   Evacuate Collection Set: 10.1ms
[2025-03-28T19:13:58.933+0530][gc,phases   ] GC(29)   Post Evacuate Collection Set: 4.1ms
[2025-03-28T19:13:58.933+0530][gc,phases   ] GC(29)   Other: 0.2ms
[2025-03-28T19:13:58.933+0530][gc,heap     ] GC(29) Eden regions: 54->0(46)
[2025-03-28T19:13:58.933+0530][gc,heap     ] GC(29) Survivor regions: 3->5(8)
[2025-03-28T19:13:58.933+0530][gc,heap     ] GC(29) Old regions: 47->47
[2025-03-28T19:13:58.933+0530][gc,heap     ] GC(29) Archive regions: 2->2
[2025-03-28T19:13:58.933+0530][gc,heap     ] GC(29) Humongous regions: 131->129
[2025-03-28T19:13:58.933+0530][gc,metaspace] GC(29) Metaspace: 48424K(48960K)->48424K(48960K) NonClass: 42953K(43264K)->42953K(43264K) Class: 5471K(5696K)->5471K(5696K)
[2025-03-28T19:13:58.933+0530][gc          ] GC(29) Pause Young (Normal) (G1 Evacuation Pause) 235M->180M(1024M) 15.103ms
[2025-03-28T19:13:58.933+0530][gc,cpu      ] GC(29) User=0.02s Sys=0.00s Real=0.01s
[2025-03-28T19:13:59.060+0530][gc,start    ] GC(30) Pause Young (Normal) (G1 Evacuation Pause)
[2025-03-28T19:13:59.060+0530][gc,task     ] GC(30) Using 2 workers of 2 for evacuation
[2025-03-28T19:13:59.067+0530][gc,phases   ] GC(30)   Pre Evacuate Collection Set: 0.2ms
[2025-03-28T19:13:59.067+0530][gc,phases   ] GC(30)   Merge Heap Roots: 0.1ms
[2025-03-28T19:13:59.067+0530][gc,phases   ] GC(30)   Evacuate Collection Set: 6.2ms
[2025-03-28T19:13:59.067+0530][gc,phases   ] GC(30)   Post Evacuate Collection Set: 0.5ms
[2025-03-28T19:13:59.067+0530][gc,phases   ] GC(30)   Other: 0.1ms
[2025-03-28T19:13:59.067+0530][gc,heap     ] GC(30) Eden regions: 46->0(114)
[2025-03-28T19:13:59.067+0530][gc,heap     ] GC(30) Survivor regions: 5->2(7)
[2025-03-28T19:13:59.067+0530][gc,heap     ] GC(30) Old regions: 47->48
[2025-03-28T19:13:59.067+0530][gc,heap     ] GC(30) Archive regions: 2->2
[2025-03-28T19:13:59.067+0530][gc,heap     ] GC(30) Humongous regions: 131->131
[2025-03-28T19:13:59.067+0530][gc,metaspace] GC(30) Metaspace: 48424K(48960K)->48424K(48960K) NonClass: 42953K(43264K)->42953K(43264K) Class: 5471K(5696K)->5471K(5696K)
[2025-03-28T19:13:59.067+0530][gc          ] GC(30) Pause Young (Normal) (G1 Evacuation Pause) 228M->180M(1024M) 7.218ms
[2025-03-28T19:13:59.067+0530][gc,cpu      ] GC(30) User=0.01s Sys=0.00s Real=0.01s
[2025-03-28T19:14:07.258+0530][gc,start    ] GC(31) Pause Young (Normal) (G1 Evacuation Pause)
[2025-03-28T19:14:07.258+0530][gc,task     ] GC(31) Using 2 workers of 2 for evacuation
[2025-03-28T19:14:07.301+0530][gc,mmu      ] GC(31) MMU target violated: 21.0ms (20.0ms/21.0ms)
[2025-03-28T19:14:07.301+0530][gc,phases   ] GC(31)   Pre Evacuate Collection Set: 0.4ms
[2025-03-28T19:14:07.301+0530][gc,phases   ] GC(31)   Merge Heap Roots: 0.3ms
[2025-03-28T19:14:07.301+0530][gc,phases   ] GC(31)   Evacuate Collection Set: 41.0ms
[2025-03-28T19:14:07.301+0530][gc,phases   ] GC(31)   Post Evacuate Collection Set: 0.6ms
[2025-03-28T19:14:07.301+0530][gc,phases   ] GC(31)   Other: 0.3ms
[2025-03-28T19:14:07.301+0530][gc,heap     ] GC(31) Eden regions: 114->0(48)
[2025-03-28T19:14:07.301+0530][gc,heap     ] GC(31) Survivor regions: 2->3(15)
[2025-03-28T19:14:07.301+0530][gc,heap     ] GC(31) Old regions: 48->48
[2025-03-28T19:14:07.301+0530][gc,heap     ] GC(31) Archive regions: 2->2
[2025-03-28T19:14:07.301+0530][gc,heap     ] GC(31) Humongous regions: 133->131
[2025-03-28T19:14:07.301+0530][gc,metaspace] GC(31) Metaspace: 48430K(48960K)->48430K(48960K) NonClass: 42959K(43264K)->42959K(43264K) Class: 5471K(5696K)->5471K(5696K)
[2025-03-28T19:14:07.301+0530][gc          ] GC(31) Pause Young (Normal) (G1 Evacuation Pause) 296M->181M(1024M) 42.631ms
[2025-03-28T19:14:07.301+0530][gc,cpu      ] GC(31) User=0.02s Sys=0.00s Real=0.04s
[2025-03-28T19:14:08.757+0530][gc,start    ] GC(32) Pause Young (Normal) (G1 Evacuation Pause)
[2025-03-28T19:14:08.757+0530][gc,task     ] GC(32) Using 2 workers of 2 for evacuation
[2025-03-28T19:14:08.778+0530][gc,mmu      ] GC(32) MMU target violated: 20.4ms (20.0ms/21.0ms)
[2025-03-28T19:14:08.778+0530][gc,phases   ] GC(32)   Pre Evacuate Collection Set: 0.3ms
[2025-03-28T19:14:08.778+0530][gc,phases   ] GC(32)   Merge Heap Roots: 0.1ms
[2025-03-28T19:14:08.778+0530][gc,phases   ] GC(32)   Evacuate Collection Set: 19.0ms
[2025-03-28T19:14:08.778+0530][gc,phases   ] GC(32)   Post Evacuate Collection Set: 1.0ms
[2025-03-28T19:14:08.778+0530][gc,phases   ] GC(32)   Other: 0.3ms
[2025-03-28T19:14:08.778+0530][gc,heap     ] GC(32) Eden regions: 48->0(44)
[2025-03-28T19:14:08.778+0530][gc,heap     ] GC(32) Survivor regions: 3->7(7)
[2025-03-28T19:14:08.778+0530][gc,heap     ] GC(32) Old regions: 48->48
[2025-03-28T19:14:08.778+0530][gc,heap     ] GC(32) Archive regions: 2->2
[2025-03-28T19:14:08.778+0530][gc,heap     ] GC(32) Humongous regions: 131->129
[2025-03-28T19:14:08.778+0530][gc,metaspace] GC(32) Metaspace: 48616K(49152K)->48616K(49152K) NonClass: 43110K(43392K)->43110K(43392K) Class: 5506K(5760K)->5506K(5760K)
[2025-03-28T19:14:08.778+0530][gc          ] GC(32) Pause Young (Normal) (G1 Evacuation Pause) 229M->183M(1024M) 21.277ms
[2025-03-28T19:14:08.779+0530][gc,cpu      ] GC(32) User=0.02s Sys=0.00s Real=0.02s
[2025-03-28T19:14:08.935+0530][gc,start    ] GC(33) Pause Young (Normal) (G1 Evacuation Pause)
[2025-03-28T19:14:08.936+0530][gc,task     ] GC(33) Using 2 workers of 2 for evacuation
[2025-03-28T19:14:08.954+0530][gc,phases   ] GC(33)   Pre Evacuate Collection Set: 0.4ms
[2025-03-28T19:14:08.954+0530][gc,phases   ] GC(33)   Merge Heap Roots: 0.1ms
[2025-03-28T19:14:08.954+0530][gc,phases   ] GC(33)   Evacuate Collection Set: 17.4ms
[2025-03-28T19:14:08.954+0530][gc,phases   ] GC(33)   Post Evacuate Collection Set: 0.7ms
[2025-03-28T19:14:08.954+0530][gc,phases   ] GC(33)   Other: 0.2ms
[2025-03-28T19:14:08.954+0530][gc,heap     ] GC(33) Eden regions: 44->0(49)
[2025-03-28T19:14:08.954+0530][gc,heap     ] GC(33) Survivor regions: 7->2(7)
[2025-03-28T19:14:08.954+0530][gc,heap     ] GC(33) Old regions: 48->49
[2025-03-28T19:14:08.955+0530][gc,heap     ] GC(33) Archive regions: 2->2
[2025-03-28T19:14:08.955+0530][gc,heap     ] GC(33) Humongous regions: 131->131
[2025-03-28T19:14:08.955+0530][gc,metaspace] GC(33) Metaspace: 48634K(49280K)->48634K(49280K) NonClass: 43124K(43456K)->43124K(43456K) Class: 5509K(5824K)->5509K(5824K)
[2025-03-28T19:14:08.955+0530][gc          ] GC(33) Pause Young (Normal) (G1 Evacuation Pause) 229M->181M(1024M) 19.101ms
[2025-03-28T19:14:08.955+0530][gc,cpu      ] GC(33) User=0.02s Sys=0.00s Real=0.01s
[2025-03-28T19:14:16.598+0530][gc,start    ] GC(34) Pause Young (Normal) (G1 Evacuation Pause)
[2025-03-28T19:14:16.598+0530][gc,task     ] GC(34) Using 2 workers of 2 for evacuation
[2025-03-28T19:14:16.629+0530][gc,mmu      ] GC(34) MMU target violated: 21.0ms (20.0ms/21.0ms)
[2025-03-28T19:14:16.629+0530][gc,phases   ] GC(34)   Pre Evacuate Collection Set: 0.3ms
[2025-03-28T19:14:16.629+0530][gc,phases   ] GC(34)   Merge Heap Roots: 0.1ms
[2025-03-28T19:14:16.629+0530][gc,phases   ] GC(34)   Evacuate Collection Set: 29.6ms
[2025-03-28T19:14:16.629+0530][gc,phases   ] GC(34)   Post Evacuate Collection Set: 0.8ms
[2025-03-28T19:14:16.629+0530][gc,phases   ] GC(34)   Other: 0.2ms
[2025-03-28T19:14:16.629+0530][gc,heap     ] GC(34) Eden regions: 49->0(45)
[2025-03-28T19:14:16.629+0530][gc,heap     ] GC(34) Survivor regions: 2->6(7)
[2025-03-28T19:14:16.629+0530][gc,heap     ] GC(34) Old regions: 49->49
[2025-03-28T19:14:16.629+0530][gc,heap     ] GC(34) Archive regions: 2->2
[2025-03-28T19:14:16.629+0530][gc,heap     ] GC(34) Humongous regions: 131->129
[2025-03-28T19:14:16.629+0530][gc,metaspace] GC(34) Metaspace: 48643K(49344K)->48643K(49344K) NonClass: 43134K(43520K)->43134K(43520K) Class: 5509K(5824K)->5509K(5824K)
[2025-03-28T19:14:16.629+0530][gc          ] GC(34) Pause Young (Normal) (G1 Evacuation Pause) 230M->183M(1024M) 31.072ms
[2025-03-28T19:14:16.629+0530][gc,cpu      ] GC(34) User=0.02s Sys=0.00s Real=0.03s
[2025-03-28T19:14:17.171+0530][gc,start    ] GC(35) Pause Young (Normal) (G1 Evacuation Pause)
[2025-03-28T19:14:17.171+0530][gc,task     ] GC(35) Using 2 workers of 2 for evacuation
[2025-03-28T19:14:17.188+0530][gc,phases   ] GC(35)   Pre Evacuate Collection Set: 0.4ms
[2025-03-28T19:14:17.188+0530][gc,phases   ] GC(35)   Merge Heap Roots: 0.3ms
[2025-03-28T19:14:17.188+0530][gc,phases   ] GC(35)   Evacuate Collection Set: 14.5ms
[2025-03-28T19:14:17.188+0530][gc,phases   ] GC(35)   Post Evacuate Collection Set: 1.1ms
[2025-03-28T19:14:17.188+0530][gc,phases   ] GC(35)   Other: 0.3ms
[2025-03-28T19:14:17.188+0530][gc,heap     ] GC(35) Eden regions: 45->0(49)
[2025-03-28T19:14:17.188+0530][gc,heap     ] GC(35) Survivor regions: 6->2(7)
[2025-03-28T19:14:17.188+0530][gc,heap     ] GC(35) Old regions: 49->50
[2025-03-28T19:14:17.188+0530][gc,heap     ] GC(35) Archive regions: 2->2
[2025-03-28T19:14:17.188+0530][gc,heap     ] GC(35) Humongous regions: 131->131
[2025-03-28T19:14:17.188+0530][gc,metaspace] GC(35) Metaspace: 48647K(49344K)->48647K(49344K) NonClass: 43137K(43520K)->43137K(43520K) Class: 5509K(5824K)->5509K(5824K)
[2025-03-28T19:14:17.188+0530][gc          ] GC(35) Pause Young (Normal) (G1 Evacuation Pause) 230M->183M(1024M) 17.129ms
[2025-03-28T19:14:17.188+0530][gc,cpu      ] GC(35) User=0.03s Sys=0.00s Real=0.02s
[2025-03-28T19:14:18.754+0530][gc,start    ] GC(36) Pause Young (Normal) (G1 Evacuation Pause)
[2025-03-28T19:14:18.754+0530][gc,task     ] GC(36) Using 2 workers of 2 for evacuation
[2025-03-28T19:14:18.763+0530][gc,phases   ] GC(36)   Pre Evacuate Collection Set: 0.2ms
[2025-03-28T19:14:18.763+0530][gc,phases   ] GC(36)   Merge Heap Roots: 0.1ms
[2025-03-28T19:14:18.763+0530][gc,phases   ] GC(36)   Evacuate Collection Set: 7.8ms
[2025-03-28T19:14:18.763+0530][gc,phases   ] GC(36)   Post Evacuate Collection Set: 0.7ms
[2025-03-28T19:14:18.763+0530][gc,phases   ] GC(36)   Other: 0.2ms
[2025-03-28T19:14:18.763+0530][gc,heap     ] GC(36) Eden regions: 49->0(46)
[2025-03-28T19:14:18.763+0530][gc,heap     ] GC(36) Survivor regions: 2->5(7)
[2025-03-28T19:14:18.763+0530][gc,heap     ] GC(36) Old regions: 50->50
[2025-03-28T19:14:18.763+0530][gc,heap     ] GC(36) Archive regions: 2->2
[2025-03-28T19:14:18.763+0530][gc,heap     ] GC(36) Humongous regions: 131->129
[2025-03-28T19:14:18.763+0530][gc,metaspace] GC(36) Metaspace: 48653K(49344K)->48653K(49344K) NonClass: 43143K(43520K)->43143K(43520K) Class: 5509K(5824K)->5509K(5824K)
[2025-03-28T19:14:18.763+0530][gc          ] GC(36) Pause Young (Normal) (G1 Evacuation Pause) 232M->184M(1024M) 9.159ms
[2025-03-28T19:14:18.763+0530][gc,cpu      ] GC(36) User=0.02s Sys=0.00s Real=0.01s
[2025-03-28T19:14:18.947+0530][gc,start    ] GC(37) Pause Young (Normal) (G1 Evacuation Pause)
[2025-03-28T19:14:18.947+0530][gc,task     ] GC(37) Using 2 workers of 2 for evacuation
[2025-03-28T19:14:18.959+0530][gc,phases   ] GC(37)   Pre Evacuate Collection Set: 0.7ms
[2025-03-28T19:14:18.959+0530][gc,phases   ] GC(37)   Merge Heap Roots: 0.4ms
[2025-03-28T19:14:18.959+0530][gc,phases   ] GC(37)   Evacuate Collection Set: 9.3ms
[2025-03-28T19:14:18.959+0530][gc,phases   ] GC(37)   Post Evacuate Collection Set: 1.8ms
[2025-03-28T19:14:18.959+0530][gc,phases   ] GC(37)   Other: 0.3ms
[2025-03-28T19:14:18.959+0530][gc,heap     ] GC(37) Eden regions: 46->0(67)
[2025-03-28T19:14:18.959+0530][gc,heap     ] GC(37) Survivor regions: 5->2(7)
[2025-03-28T19:14:18.959+0530][gc,heap     ] GC(37) Old regions: 50->51
[2025-03-28T19:14:18.959+0530][gc,heap     ] GC(37) Archive regions: 2->2
[2025-03-28T19:14:18.959+0530][gc,heap     ] GC(37) Humongous regions: 131->131
[2025-03-28T19:14:18.960+0530][gc,metaspace] GC(37) Metaspace: 48664K(49344K)->48664K(49344K) NonClass: 43154K(43520K)->43154K(43520K) Class: 5509K(5824K)->5509K(5824K)
[2025-03-28T19:14:18.960+0530][gc          ] GC(37) Pause Young (Normal) (G1 Evacuation Pause) 232M->183M(1024M) 12.794ms
[2025-03-28T19:14:18.960+0530][gc,cpu      ] GC(37) User=0.02s Sys=0.00s Real=0.02s
[2025-03-28T19:14:26.811+0530][gc,start    ] GC(38) Pause Young (Normal) (G1 Evacuation Pause)
[2025-03-28T19:14:26.811+0530][gc,task     ] GC(38) Using 2 workers of 2 for evacuation
[2025-03-28T19:14:26.846+0530][gc,mmu      ] GC(38) MMU target violated: 21.0ms (20.0ms/21.0ms)
[2025-03-28T19:14:26.847+0530][gc,phases   ] GC(38)   Pre Evacuate Collection Set: 5.3ms
[2025-03-28T19:14:26.847+0530][gc,phases   ] GC(38)   Merge Heap Roots: 0.1ms
[2025-03-28T19:14:26.847+0530][gc,phases   ] GC(38)   Evacuate Collection Set: 15.3ms
[2025-03-28T19:14:26.847+0530][gc,phases   ] GC(38)   Post Evacuate Collection Set: 14.7ms
[2025-03-28T19:14:26.847+0530][gc,phases   ] GC(38)   Other: 0.2ms
[2025-03-28T19:14:26.847+0530][gc,heap     ] GC(38) Eden regions: 67->0(44)
[2025-03-28T19:14:26.847+0530][gc,heap     ] GC(38) Survivor regions: 2->7(9)
[2025-03-28T19:14:26.847+0530][gc,heap     ] GC(38) Old regions: 51->51
[2025-03-28T19:14:26.847+0530][gc,heap     ] GC(38) Archive regions: 2->2
[2025-03-28T19:14:26.847+0530][gc,heap     ] GC(38) Humongous regions: 131->129
[2025-03-28T19:14:26.847+0530][gc,metaspace] GC(38) Metaspace: 48681K(49344K)->48681K(49344K) NonClass: 43171K(43520K)->43171K(43520K) Class: 5509K(5824K)->5509K(5824K)
[2025-03-28T19:14:26.847+0530][gc          ] GC(38) Pause Young (Normal) (G1 Evacuation Pause) 250M->186M(1024M) 35.758ms
[2025-03-28T19:14:26.847+0530][gc,cpu      ] GC(38) User=0.02s Sys=0.00s Real=0.02s
[2025-03-28T19:14:27.007+0530][gc,start    ] GC(39) Pause Young (Normal) (G1 Evacuation Pause)
[2025-03-28T19:14:27.007+0530][gc,task     ] GC(39) Using 2 workers of 2 for evacuation
[2025-03-28T19:14:27.022+0530][gc,phases   ] GC(39)   Pre Evacuate Collection Set: 0.2ms
[2025-03-28T19:14:27.022+0530][gc,phases   ] GC(39)   Merge Heap Roots: 0.1ms
[2025-03-28T19:14:27.022+0530][gc,phases   ] GC(39)   Evacuate Collection Set: 14.9ms
[2025-03-28T19:14:27.022+0530][gc,phases   ] GC(39)   Post Evacuate Collection Set: 0.5ms
[2025-03-28T19:14:27.022+0530][gc,phases   ] GC(39)   Other: 0.2ms
[2025-03-28T19:14:27.022+0530][gc,heap     ] GC(39) Eden regions: 44->0(49)
[2025-03-28T19:14:27.022+0530][gc,heap     ] GC(39) Survivor regions: 7->2(7)
[2025-03-28T19:14:27.022+0530][gc,heap     ] GC(39) Old regions: 51->52
[2025-03-28T19:14:27.022+0530][gc,heap     ] GC(39) Archive regions: 2->2
[2025-03-28T19:14:27.022+0530][gc,heap     ] GC(39) Humongous regions: 131->131
[2025-03-28T19:14:27.022+0530][gc,metaspace] GC(39) Metaspace: 48682K(49344K)->48682K(49344K) NonClass: 43172K(43520K)->43172K(43520K) Class: 5509K(5824K)->5509K(5824K)
[2025-03-28T19:14:27.023+0530][gc          ] GC(39) Pause Young (Normal) (G1 Evacuation Pause) 232M->185M(1024M) 16.005ms
[2025-03-28T19:14:27.023+0530][gc,cpu      ] GC(39) User=0.01s Sys=0.00s Real=0.02s
[2025-03-28T19:14:28.770+0530][gc,start    ] GC(40) Pause Young (Normal) (G1 Evacuation Pause)
[2025-03-28T19:14:28.770+0530][gc,task     ] GC(40) Using 2 workers of 2 for evacuation
[2025-03-28T19:14:28.779+0530][gc,phases   ] GC(40)   Pre Evacuate Collection Set: 0.2ms
[2025-03-28T19:14:28.779+0530][gc,phases   ] GC(40)   Merge Heap Roots: 0.1ms
[2025-03-28T19:14:28.779+0530][gc,phases   ] GC(40)   Evacuate Collection Set: 7.6ms
[2025-03-28T19:14:28.779+0530][gc,phases   ] GC(40)   Post Evacuate Collection Set: 0.8ms
[2025-03-28T19:14:28.779+0530][gc,phases   ] GC(40)   Other: 0.2ms
[2025-03-28T19:14:28.779+0530][gc,heap     ] GC(40) Eden regions: 49->0(44)
[2025-03-28T19:14:28.779+0530][gc,heap     ] GC(40) Survivor regions: 2->7(7)
[2025-03-28T19:14:28.779+0530][gc,heap     ] GC(40) Old regions: 52->52
[2025-03-28T19:14:28.779+0530][gc,heap     ] GC(40) Archive regions: 2->2
[2025-03-28T19:14:28.779+0530][gc,heap     ] GC(40) Humongous regions: 131->129
[2025-03-28T19:14:28.779+0530][gc,metaspace] GC(40) Metaspace: 48694K(49344K)->48694K(49344K) NonClass: 43184K(43520K)->43184K(43520K) Class: 5509K(5824K)->5509K(5824K)
[2025-03-28T19:14:28.779+0530][gc          ] GC(40) Pause Young (Normal) (G1 Evacuation Pause) 234M->187M(1024M) 9.110ms
[2025-03-28T19:14:28.779+0530][gc,cpu      ] GC(40) User=0.01s Sys=0.00s Real=0.01s
[2025-03-28T19:14:28.871+0530][gc,start    ] GC(41) Pause Young (Normal) (G1 Evacuation Pause)
[2025-03-28T19:14:28.872+0530][gc,task     ] GC(41) Using 2 workers of 2 for evacuation
[2025-03-28T19:14:28.877+0530][gc,phases   ] GC(41)   Pre Evacuate Collection Set: 0.3ms
[2025-03-28T19:14:28.877+0530][gc,phases   ] GC(41)   Merge Heap Roots: 0.1ms
[2025-03-28T19:14:28.877+0530][gc,phases   ] GC(41)   Evacuate Collection Set: 4.4ms
[2025-03-28T19:14:28.877+0530][gc,phases   ] GC(41)   Post Evacuate Collection Set: 0.4ms
[2025-03-28T19:14:28.877+0530][gc,phases   ] GC(41)   Other: 0.2ms
[2025-03-28T19:14:28.877+0530][gc,heap     ] GC(41) Eden regions: 44->0(74)
[2025-03-28T19:14:28.877+0530][gc,heap     ] GC(41) Survivor regions: 7->2(7)
[2025-03-28T19:14:28.877+0530][gc,heap     ] GC(41) Old regions: 52->53
[2025-03-28T19:14:28.877+0530][gc,heap     ] GC(41) Archive regions: 2->2
[2025-03-28T19:14:28.877+0530][gc,heap     ] GC(41) Humongous regions: 131->131
[2025-03-28T19:14:28.877+0530][gc,metaspace] GC(41) Metaspace: 48695K(49344K)->48695K(49344K) NonClass: 43185K(43520K)->43185K(43520K) Class: 5509K(5824K)->5509K(5824K)
[2025-03-28T19:14:28.877+0530][gc          ] GC(41) Pause Young (Normal) (G1 Evacuation Pause) 233M->186M(1024M) 5.491ms
[2025-03-28T19:14:28.877+0530][gc,cpu      ] GC(41) User=0.01s Sys=0.00s Real=0.01s
[2025-03-28T19:14:36.818+0530][gc,start    ] GC(42) Pause Young (Normal) (G1 Evacuation Pause)
[2025-03-28T19:14:36.818+0530][gc,task     ] GC(42) Using 2 workers of 2 for evacuation
[2025-03-28T19:14:36.839+0530][gc,mmu      ] GC(42) MMU target violated: 20.7ms (20.0ms/21.0ms)
[2025-03-28T19:14:36.839+0530][gc,phases   ] GC(42)   Pre Evacuate Collection Set: 0.3ms
[2025-03-28T19:14:36.839+0530][gc,phases   ] GC(42)   Merge Heap Roots: 0.1ms
[2025-03-28T19:14:36.839+0530][gc,phases   ] GC(42)   Evacuate Collection Set: 19.7ms
[2025-03-28T19:14:36.839+0530][gc,phases   ] GC(42)   Post Evacuate Collection Set: 0.7ms
[2025-03-28T19:14:36.839+0530][gc,phases   ] GC(42)   Other: 0.4ms
[2025-03-28T19:14:36.839+0530][gc,heap     ] GC(42) Eden regions: 74->0(116)
[2025-03-28T19:14:36.839+0530][gc,heap     ] GC(42) Survivor regions: 2->3(10)
[2025-03-28T19:14:36.839+0530][gc,heap     ] GC(42) Old regions: 53->53
[2025-03-28T19:14:36.839+0530][gc,heap     ] GC(42) Archive regions: 2->2
[2025-03-28T19:14:36.839+0530][gc,heap     ] GC(42) Humongous regions: 133->131
[2025-03-28T19:14:36.839+0530][gc,metaspace] GC(42) Metaspace: 49086K(49728K)->49086K(49728K) NonClass: 43512K(43840K)->43512K(43840K) Class: 5573K(5888K)->5573K(5888K)
[2025-03-28T19:14:36.839+0530][gc          ] GC(42) Pause Young (Normal) (G1 Evacuation Pause) 262M->187M(1024M) 21.176ms
[2025-03-28T19:14:36.839+0530][gc,cpu      ] GC(42) User=0.02s Sys=0.00s Real=0.02s
[2025-03-28T19:14:38.743+0530][gc,start    ] GC(43) Pause Young (Normal) (G1 Evacuation Pause)
[2025-03-28T19:14:38.743+0530][gc,task     ] GC(43) Using 2 workers of 2 for evacuation
[2025-03-28T19:14:38.750+0530][gc,phases   ] GC(43)   Pre Evacuate Collection Set: 0.2ms
[2025-03-28T19:14:38.750+0530][gc,phases   ] GC(43)   Merge Heap Roots: 0.1ms
[2025-03-28T19:14:38.750+0530][gc,phases   ] GC(43)   Evacuate Collection Set: 5.8ms
[2025-03-28T19:14:38.750+0530][gc,phases   ] GC(43)   Post Evacuate Collection Set: 0.6ms
[2025-03-28T19:14:38.750+0530][gc,phases   ] GC(43)   Other: 0.2ms
[2025-03-28T19:14:38.750+0530][gc,heap     ] GC(43) Eden regions: 112->0(174)
[2025-03-28T19:14:38.750+0530][gc,heap     ] GC(43) Survivor regions: 3->3(15)
[2025-03-28T19:14:38.750+0530][gc,heap     ] GC(43) Old regions: 53->53
[2025-03-28T19:14:38.750+0530][gc,heap     ] GC(43) Archive regions: 2->2
[2025-03-28T19:14:38.750+0530][gc,heap     ] GC(43) Humongous regions: 136->131
[2025-03-28T19:14:38.750+0530][gc,metaspace] GC(43) Metaspace: 49091K(49728K)->49091K(49728K) NonClass: 43518K(43840K)->43518K(43840K) Class: 5573K(5888K)->5573K(5888K)
[2025-03-28T19:14:38.750+0530][gc          ] GC(43) Pause Young (Normal) (G1 Evacuation Pause) 304M->187M(1024M) 7.069ms
[2025-03-28T19:14:38.750+0530][gc,cpu      ] GC(43) User=0.01s Sys=0.00s Real=0.01s
[2025-03-28T19:14:48.654+0530][gc,start    ] GC(44) Pause Young (Normal) (G1 Evacuation Pause)
[2025-03-28T19:14:48.654+0530][gc,task     ] GC(44) Using 2 workers of 2 for evacuation
[2025-03-28T19:14:48.676+0530][gc,mmu      ] GC(44) MMU target violated: 21.0ms (20.0ms/21.0ms)
[2025-03-28T19:14:48.676+0530][gc,phases   ] GC(44)   Pre Evacuate Collection Set: 0.4ms
[2025-03-28T19:14:48.676+0530][gc,phases   ] GC(44)   Merge Heap Roots: 0.2ms
[2025-03-28T19:14:48.676+0530][gc,phases   ] GC(44)   Evacuate Collection Set: 18.2ms
[2025-03-28T19:14:48.676+0530][gc,phases   ] GC(44)   Post Evacuate Collection Set: 2.7ms
[2025-03-28T19:14:48.676+0530][gc,phases   ] GC(44)   Other: 0.3ms
[2025-03-28T19:14:48.676+0530][gc,heap     ] GC(44) Eden regions: 165->0(145)
[2025-03-28T19:14:48.676+0530][gc,heap     ] GC(44) Survivor regions: 3->7(21)
[2025-03-28T19:14:48.676+0530][gc,heap     ] GC(44) Old regions: 53->53
[2025-03-28T19:14:48.676+0530][gc,heap     ] GC(44) Archive regions: 2->2
[2025-03-28T19:14:48.676+0530][gc,heap     ] GC(44) Humongous regions: 133->129
[2025-03-28T19:14:48.676+0530][gc,metaspace] GC(44) Metaspace: 49110K(49728K)->49110K(49728K) NonClass: 43536K(43840K)->43536K(43840K) Class: 5574K(5888K)->5574K(5888K)
[2025-03-28T19:14:48.676+0530][gc          ] GC(44) Pause Young (Normal) (G1 Evacuation Pause) 354M->189M(1024M) 22.057ms
[2025-03-28T19:14:48.676+0530][gc,cpu      ] GC(44) User=0.02s Sys=0.00s Real=0.03s
[2025-03-28T19:14:56.350+0530][gc,start    ] GC(45) Pause Young (Normal) (G1 Evacuation Pause)
[2025-03-28T19:14:56.350+0530][gc,task     ] GC(45) Using 2 workers of 2 for evacuation
[2025-03-28T19:14:56.358+0530][gc,phases   ] GC(45)   Pre Evacuate Collection Set: 0.2ms
[2025-03-28T19:14:56.358+0530][gc,phases   ] GC(45)   Merge Heap Roots: 0.1ms
[2025-03-28T19:14:56.358+0530][gc,phases   ] GC(45)   Evacuate Collection Set: 7.0ms
[2025-03-28T19:14:56.358+0530][gc,phases   ] GC(45)   Post Evacuate Collection Set: 0.6ms
[2025-03-28T19:14:56.358+0530][gc,phases   ] GC(45)   Other: 0.2ms
[2025-03-28T19:14:56.358+0530][gc,heap     ] GC(45) Eden regions: 145->0(271)
[2025-03-28T19:14:56.358+0530][gc,heap     ] GC(45) Survivor regions: 7->4(19)
[2025-03-28T19:14:56.358+0530][gc,heap     ] GC(45) Old regions: 53->53
[2025-03-28T19:14:56.358+0530][gc,heap     ] GC(45) Archive regions: 2->2
[2025-03-28T19:14:56.358+0530][gc,heap     ] GC(45) Humongous regions: 133->131
[2025-03-28T19:14:56.358+0530][gc,metaspace] GC(45) Metaspace: 49127K(49792K)->49127K(49792K) NonClass: 43553K(43904K)->43553K(43904K) Class: 5574K(5888K)->5574K(5888K)
[2025-03-28T19:14:56.358+0530][gc          ] GC(45) Pause Young (Normal) (G1 Evacuation Pause) 338M->188M(1024M) 8.126ms
[2025-03-28T19:14:56.358+0530][gc,cpu      ] GC(45) User=0.01s Sys=0.00s Real=0.00s
[2025-03-28T19:15:08.939+0530][gc,start    ] GC(46) Pause Young (Normal) (G1 Evacuation Pause)
[2025-03-28T19:15:08.941+0530][gc,task     ] GC(46) Using 2 workers of 2 for evacuation
[2025-03-28T19:15:08.949+0530][gc,phases   ] GC(46)   Pre Evacuate Collection Set: 0.4ms
[2025-03-28T19:15:08.949+0530][gc,phases   ] GC(46)   Merge Heap Roots: 0.2ms
[2025-03-28T19:15:08.949+0530][gc,phases   ] GC(46)   Evacuate Collection Set: 7.0ms
[2025-03-28T19:15:08.949+0530][gc,phases   ] GC(46)   Post Evacuate Collection Set: 0.8ms
[2025-03-28T19:15:08.949+0530][gc,phases   ] GC(46)   Other: 1.5ms
[2025-03-28T19:15:08.949+0530][gc,heap     ] GC(46) Eden regions: 271->0(389)
[2025-03-28T19:15:08.949+0530][gc,heap     ] GC(46) Survivor regions: 4->4(35)
[2025-03-28T19:15:08.949+0530][gc,heap     ] GC(46) Old regions: 53->53
[2025-03-28T19:15:08.949+0530][gc,heap     ] GC(46) Archive regions: 2->2
[2025-03-28T19:15:08.949+0530][gc,heap     ] GC(46) Humongous regions: 137->131
[2025-03-28T19:15:08.949+0530][gc,metaspace] GC(46) Metaspace: 49165K(49792K)->49165K(49792K) NonClass: 43590K(43904K)->43590K(43904K) Class: 5574K(5888K)->5574K(5888K)
[2025-03-28T19:15:08.949+0530][gc          ] GC(46) Pause Young (Normal) (G1 Evacuation Pause) 465M->187M(1024M) 10.015ms
[2025-03-28T19:15:08.949+0530][gc,cpu      ] GC(46) User=0.01s Sys=0.00s Real=0.01s
[2025-03-28T19:15:28.774+0530][gc,start    ] GC(47) Pause Young (Normal) (G1 Evacuation Pause)
[2025-03-28T19:15:28.774+0530][gc,task     ] GC(47) Using 2 workers of 2 for evacuation
[2025-03-28T19:15:28.790+0530][gc,phases   ] GC(47)   Pre Evacuate Collection Set: 0.2ms
[2025-03-28T19:15:28.790+0530][gc,phases   ] GC(47)   Merge Heap Roots: 0.1ms
[2025-03-28T19:15:28.790+0530][gc,phases   ] GC(47)   Evacuate Collection Set: 14.3ms
[2025-03-28T19:15:28.790+0530][gc,phases   ] GC(47)   Post Evacuate Collection Set: 1.0ms
[2025-03-28T19:15:28.790+0530][gc,phases   ] GC(47)   Other: 0.3ms
[2025-03-28T19:15:28.790+0530][gc,heap     ] GC(47) Eden regions: 389->0(198)
[2025-03-28T19:15:28.790+0530][gc,heap     ] GC(47) Survivor regions: 4->9(50)
[2025-03-28T19:15:28.790+0530][gc,heap     ] GC(47) Old regions: 53->53
[2025-03-28T19:15:28.790+0530][gc,heap     ] GC(47) Archive regions: 2->2
[2025-03-28T19:15:28.790+0530][gc,heap     ] GC(47) Humongous regions: 137->129
[2025-03-28T19:15:28.790+0530][gc,metaspace] GC(47) Metaspace: 49196K(49792K)->49196K(49792K) NonClass: 43622K(43904K)->43622K(43904K) Class: 5574K(5888K)->5574K(5888K)
[2025-03-28T19:15:28.790+0530][gc          ] GC(47) Pause Young (Normal) (G1 Evacuation Pause) 582M->191M(1024M) 16.015ms
[2025-03-28T19:15:28.790+0530][gc,cpu      ] GC(47) User=0.03s Sys=0.00s Real=0.03s
[2025-03-28T19:15:38.713+0530][gc,start    ] GC(48) Pause Young (Normal) (G1 Evacuation Pause)
[2025-03-28T19:15:38.713+0530][gc,task     ] GC(48) Using 2 workers of 2 for evacuation
[2025-03-28T19:15:38.731+0530][gc,phases   ] GC(48)   Pre Evacuate Collection Set: 0.6ms
[2025-03-28T19:15:38.732+0530][gc,phases   ] GC(48)   Merge Heap Roots: 0.4ms
[2025-03-28T19:15:38.732+0530][gc,phases   ] GC(48)   Evacuate Collection Set: 16.4ms
[2025-03-28T19:15:38.732+0530][gc,phases   ] GC(48)   Post Evacuate Collection Set: 1.2ms
[2025-03-28T19:15:38.732+0530][gc,phases   ] GC(48)   Other: 0.3ms
[2025-03-28T19:15:38.732+0530][gc,heap     ] GC(48) Eden regions: 167->0(301)
[2025-03-28T19:15:38.732+0530][gc,heap     ] GC(48) Survivor regions: 9->6(22)
[2025-03-28T19:15:38.732+0530][gc,heap     ] GC(48) Old regions: 53->53
[2025-03-28T19:15:38.732+0530][gc,heap     ] GC(48) Archive regions: 2->2
[2025-03-28T19:15:38.732+0530][gc,heap     ] GC(48) Humongous regions: 133->129
[2025-03-28T19:15:38.732+0530][gc,metaspace] GC(48) Metaspace: 49236K(49856K)->49236K(49856K) NonClass: 43662K(43968K)->43662K(43968K) Class: 5574K(5888K)->5574K(5888K)
[2025-03-28T19:15:38.732+0530][gc          ] GC(48) Pause Young (Normal) (G1 Evacuation Pause) 362M->188M(1024M) 19.207ms
[2025-03-28T19:15:38.732+0530][gc,cpu      ] GC(48) User=0.03s Sys=0.00s Real=0.02s
[2025-03-28T19:15:56.653+0530][gc,start    ] GC(49) Pause Young (Normal) (G1 Evacuation Pause)
[2025-03-28T19:15:56.654+0530][gc,task     ] GC(49) Using 2 workers of 2 for evacuation
[2025-03-28T19:15:56.698+0530][gc,mmu      ] GC(49) MMU target violated: 21.0ms (20.0ms/21.0ms)
[2025-03-28T19:15:56.698+0530][gc,phases   ] GC(49)   Pre Evacuate Collection Set: 0.3ms
[2025-03-28T19:15:56.698+0530][gc,phases   ] GC(49)   Merge Heap Roots: 0.2ms
[2025-03-28T19:15:56.698+0530][gc,phases   ] GC(49)   Evacuate Collection Set: 43.0ms
[2025-03-28T19:15:56.698+0530][gc,phases   ] GC(49)   Post Evacuate Collection Set: 1.0ms
[2025-03-28T19:15:56.699+0530][gc,phases   ] GC(49)   Other: 1.2ms
[2025-03-28T19:15:56.699+0530][gc,heap     ] GC(49) Eden regions: 301->0(45)
[2025-03-28T19:15:56.699+0530][gc,heap     ] GC(49) Survivor regions: 6->6(39)
[2025-03-28T19:15:56.699+0530][gc,heap     ] GC(49) Old regions: 53->53
[2025-03-28T19:15:56.699+0530][gc,heap     ] GC(49) Archive regions: 2->2
[2025-03-28T19:15:56.699+0530][gc,heap     ] GC(49) Humongous regions: 135->129
[2025-03-28T19:15:56.699+0530][gc,metaspace] GC(49) Metaspace: 49260K(49856K)->49260K(49856K) NonClass: 43686K(43968K)->43686K(43968K) Class: 5574K(5888K)->5574K(5888K)
[2025-03-28T19:15:56.699+0530][gc          ] GC(49) Pause Young (Normal) (G1 Evacuation Pause) 495M->188M(1024M) 45.903ms
[2025-03-28T19:15:56.699+0530][gc,cpu      ] GC(49) User=0.01s Sys=0.00s Real=0.05s
[2025-03-28T19:15:57.009+0530][gc,start    ] GC(50) Pause Young (Normal) (G1 Evacuation Pause)
[2025-03-28T19:15:57.009+0530][gc,task     ] GC(50) Using 2 workers of 2 for evacuation
[2025-03-28T19:15:57.032+0530][gc,mmu      ] GC(50) MMU target violated: 21.0ms (20.0ms/21.0ms)
[2025-03-28T19:15:57.033+0530][gc,phases   ] GC(50)   Pre Evacuate Collection Set: 0.2ms
[2025-03-28T19:15:57.033+0530][gc,phases   ] GC(50)   Merge Heap Roots: 0.4ms
[2025-03-28T19:15:57.033+0530][gc,phases   ] GC(50)   Evacuate Collection Set: 22.0ms
[2025-03-28T19:15:57.033+0530][gc,phases   ] GC(50)   Post Evacuate Collection Set: 1.0ms
[2025-03-28T19:15:57.033+0530][gc,phases   ] GC(50)   Other: 0.3ms
[2025-03-28T19:15:57.033+0530][gc,heap     ] GC(50) Eden regions: 45->0(90)
[2025-03-28T19:15:57.033+0530][gc,heap     ] GC(50) Survivor regions: 6->2(7)
[2025-03-28T19:15:57.033+0530][gc,heap     ] GC(50) Old regions: 53->55
[2025-03-28T19:15:57.033+0530][gc,heap     ] GC(50) Archive regions: 2->2
[2025-03-28T19:15:57.033+0530][gc,heap     ] GC(50) Humongous regions: 131->131
[2025-03-28T19:15:57.033+0530][gc,metaspace] GC(50) Metaspace: 49268K(49920K)->49268K(49920K) NonClass: 43694K(44032K)->43694K(44032K) Class: 5574K(5888K)->5574K(5888K)
[2025-03-28T19:15:57.033+0530][gc          ] GC(50) Pause Young (Normal) (G1 Evacuation Pause) 235M->188M(1024M) 24.203ms
[2025-03-28T19:15:57.033+0530][gc,cpu      ] GC(50) User=0.03s Sys=0.00s Real=0.04s
[2025-03-28T19:15:58.927+0530][gc,start    ] GC(51) Pause Young (Normal) (G1 Evacuation Pause)
[2025-03-28T19:15:58.927+0530][gc,task     ] GC(51) Using 2 workers of 2 for evacuation
[2025-03-28T19:15:58.937+0530][gc,phases   ] GC(51)   Pre Evacuate Collection Set: 0.9ms
[2025-03-28T19:15:58.938+0530][gc,phases   ] GC(51)   Merge Heap Roots: 0.4ms
[2025-03-28T19:15:58.938+0530][gc,phases   ] GC(51)   Evacuate Collection Set: 8.9ms
[2025-03-28T19:15:58.938+0530][gc,phases   ] GC(51)   Post Evacuate Collection Set: 0.6ms
[2025-03-28T19:15:58.938+0530][gc,phases   ] GC(51)   Other: 0.2ms
[2025-03-28T19:15:58.938+0530][gc,heap     ] GC(51) Eden regions: 90->0(182)
[2025-03-28T19:15:58.938+0530][gc,heap     ] GC(51) Survivor regions: 2->3(12)
[2025-03-28T19:15:58.938+0530][gc,heap     ] GC(51) Old regions: 55->55
[2025-03-28T19:15:58.938+0530][gc,heap     ] GC(51) Archive regions: 2->2
[2025-03-28T19:15:58.938+0530][gc,heap     ] GC(51) Humongous regions: 133->131
[2025-03-28T19:15:58.938+0530][gc,metaspace] GC(51) Metaspace: 49271K(49920K)->49271K(49920K) NonClass: 43697K(44032K)->43697K(44032K) Class: 5574K(5888K)->5574K(5888K)
[2025-03-28T19:15:58.938+0530][gc          ] GC(51) Pause Young (Normal) (G1 Evacuation Pause) 280M->189M(1024M) 11.059ms
[2025-03-28T19:15:58.938+0530][gc,cpu      ] GC(51) User=0.01s Sys=0.00s Real=0.01s
[2025-03-28T19:16:08.698+0530][gc,start    ] GC(52) Pause Young (Normal) (G1 Evacuation Pause)
[2025-03-28T19:16:08.698+0530][gc,task     ] GC(52) Using 2 workers of 2 for evacuation
[2025-03-28T19:16:08.708+0530][gc,phases   ] GC(52)   Pre Evacuate Collection Set: 0.3ms
[2025-03-28T19:16:08.708+0530][gc,phases   ] GC(52)   Merge Heap Roots: 0.1ms
[2025-03-28T19:16:08.708+0530][gc,phases   ] GC(52)   Evacuate Collection Set: 8.1ms
[2025-03-28T19:16:08.708+0530][gc,phases   ] GC(52)   Post Evacuate Collection Set: 0.6ms
[2025-03-28T19:16:08.708+0530][gc,phases   ] GC(52)   Other: 0.2ms
[2025-03-28T19:16:08.708+0530][gc,heap     ] GC(52) Eden regions: 182->0(46)
[2025-03-28T19:16:08.708+0530][gc,heap     ] GC(52) Survivor regions: 3->8(24)
[2025-03-28T19:16:08.708+0530][gc,heap     ] GC(52) Old regions: 55->55
[2025-03-28T19:16:08.708+0530][gc,heap     ] GC(52) Archive regions: 2->2
[2025-03-28T19:16:08.708+0530][gc,heap     ] GC(52) Humongous regions: 133->129
[2025-03-28T19:16:08.708+0530][gc,metaspace] GC(52) Metaspace: 49289K(49920K)->49289K(49920K) NonClass: 43715K(44032K)->43715K(44032K) Class: 5574K(5888K)->5574K(5888K)
[2025-03-28T19:16:08.708+0530][gc          ] GC(52) Pause Young (Normal) (G1 Evacuation Pause) 373M->192M(1024M) 9.338ms
[2025-03-28T19:16:08.708+0530][gc,cpu      ] GC(52) User=0.01s Sys=0.00s Real=0.00s
[2025-03-28T19:16:08.826+0530][gc,start    ] GC(53) Pause Young (Normal) (GCLocker Initiated GC)
[2025-03-28T19:16:08.826+0530][gc,task     ] GC(53) Using 2 workers of 2 for evacuation
[2025-03-28T19:16:08.837+0530][gc,phases   ] GC(53)   Pre Evacuate Collection Set: 0.3ms
[2025-03-28T19:16:08.837+0530][gc,phases   ] GC(53)   Merge Heap Roots: 0.2ms
[2025-03-28T19:16:08.837+0530][gc,phases   ] GC(53)   Evacuate Collection Set: 9.2ms
[2025-03-28T19:16:08.837+0530][gc,phases   ] GC(53)   Post Evacuate Collection Set: 0.6ms
[2025-03-28T19:16:08.837+0530][gc,phases   ] GC(53)   Other: 0.3ms
[2025-03-28T19:16:08.837+0530][gc,heap     ] GC(53) Eden regions: 47->0(87)
[2025-03-28T19:16:08.837+0530][gc,heap     ] GC(53) Survivor regions: 8->1(7)
[2025-03-28T19:16:08.837+0530][gc,heap     ] GC(53) Old regions: 55->57
[2025-03-28T19:16:08.837+0530][gc,heap     ] GC(53) Archive regions: 2->2
[2025-03-28T19:16:08.837+0530][gc,heap     ] GC(53) Humongous regions: 131->131
[2025-03-28T19:16:08.837+0530][gc,metaspace] GC(53) Metaspace: 49289K(49920K)->49289K(49920K) NonClass: 43715K(44032K)->43715K(44032K) Class: 5574K(5888K)->5574K(5888K)
[2025-03-28T19:16:08.837+0530][gc          ] GC(53) Pause Young (Normal) (GCLocker Initiated GC) 240M->189M(1024M) 10.741ms
[2025-03-28T19:16:08.837+0530][gc,cpu      ] GC(53) User=0.02s Sys=0.00s Real=0.01s
[2025-03-28T19:16:16.555+0530][gc,start    ] GC(54) Pause Young (Normal) (G1 Evacuation Pause)
[2025-03-28T19:16:16.555+0530][gc,task     ] GC(54) Using 2 workers of 2 for evacuation
[2025-03-28T19:16:16.577+0530][gc,mmu      ] GC(54) MMU target violated: 21.0ms (20.0ms/21.0ms)
[2025-03-28T19:16:16.577+0530][gc,phases   ] GC(54)   Pre Evacuate Collection Set: 0.2ms
[2025-03-28T19:16:16.577+0530][gc,phases   ] GC(54)   Merge Heap Roots: 0.1ms
[2025-03-28T19:16:16.577+0530][gc,phases   ] GC(54)   Evacuate Collection Set: 20.6ms
[2025-03-28T19:16:16.577+0530][gc,phases   ] GC(54)   Post Evacuate Collection Set: 0.9ms
[2025-03-28T19:16:16.577+0530][gc,phases   ] GC(54)   Other: 0.2ms
[2025-03-28T19:16:16.577+0530][gc,heap     ] GC(54) Eden regions: 87->0(48)
[2025-03-28T19:16:16.577+0530][gc,heap     ] GC(54) Survivor regions: 1->3(11)
[2025-03-28T19:16:16.577+0530][gc,heap     ] GC(54) Old regions: 57->57
[2025-03-28T19:16:16.577+0530][gc,heap     ] GC(54) Archive regions: 2->2
[2025-03-28T19:16:16.577+0530][gc,heap     ] GC(54) Humongous regions: 133->131
[2025-03-28T19:16:16.577+0530][gc,metaspace] GC(54) Metaspace: 49297K(49984K)->49297K(49984K) NonClass: 43723K(44096K)->43723K(44096K) Class: 5574K(5888K)->5574K(5888K)
[2025-03-28T19:16:16.577+0530][gc          ] GC(54) Pause Young (Normal) (G1 Evacuation Pause) 278M->190M(1024M) 22.133ms
[2025-03-28T19:16:16.577+0530][gc,cpu      ] GC(54) User=0.01s Sys=0.00s Real=0.04s
[2025-03-28T19:16:18.681+0530][gc,start    ] GC(55) Pause Young (Normal) (G1 Evacuation Pause)
[2025-03-28T19:16:18.681+0530][gc,task     ] GC(55) Using 2 workers of 2 for evacuation
[2025-03-28T19:16:18.708+0530][gc,mmu      ] GC(55) MMU target violated: 21.0ms (20.0ms/21.0ms)
[2025-03-28T19:16:18.708+0530][gc,phases   ] GC(55)   Pre Evacuate Collection Set: 0.4ms
[2025-03-28T19:16:18.708+0530][gc,phases   ] GC(55)   Merge Heap Roots: 16.4ms
[2025-03-28T19:16:18.708+0530][gc,phases   ] GC(55)   Evacuate Collection Set: 8.7ms
[2025-03-28T19:16:18.708+0530][gc,phases   ] GC(55)   Post Evacuate Collection Set: 1.1ms
[2025-03-28T19:16:18.708+0530][gc,phases   ] GC(55)   Other: 0.2ms
[2025-03-28T19:16:18.708+0530][gc,heap     ] GC(55) Eden regions: 48->0(46)
[2025-03-28T19:16:18.708+0530][gc,heap     ] GC(55) Survivor regions: 3->5(7)
[2025-03-28T19:16:18.708+0530][gc,heap     ] GC(55) Old regions: 57->57
[2025-03-28T19:16:18.708+0530][gc,heap     ] GC(55) Archive regions: 2->2
[2025-03-28T19:16:18.708+0530][gc,heap     ] GC(55) Humongous regions: 131->129
[2025-03-28T19:16:18.708+0530][gc,metaspace] GC(55) Metaspace: 49298K(49984K)->49298K(49984K) NonClass: 43724K(44096K)->43724K(44096K) Class: 5574K(5888K)->5574K(5888K)
[2025-03-28T19:16:18.708+0530][gc          ] GC(55) Pause Young (Normal) (G1 Evacuation Pause) 238M->191M(1024M) 26.923ms
[2025-03-28T19:16:18.708+0530][gc,cpu      ] GC(55) User=0.02s Sys=0.00s Real=0.03s
[2025-03-28T19:16:18.916+0530][gc,start    ] GC(56) Pause Young (Normal) (G1 Evacuation Pause)
[2025-03-28T19:16:18.916+0530][gc,task     ] GC(56) Using 2 workers of 2 for evacuation
[2025-03-28T19:16:18.922+0530][gc,phases   ] GC(56)   Pre Evacuate Collection Set: 0.4ms
[2025-03-28T19:16:18.922+0530][gc,phases   ] GC(56)   Merge Heap Roots: 0.1ms
[2025-03-28T19:16:18.922+0530][gc,phases   ] GC(56)   Evacuate Collection Set: 4.8ms
[2025-03-28T19:16:18.922+0530][gc,phases   ] GC(56)   Post Evacuate Collection Set: 0.5ms
[2025-03-28T19:16:18.922+0530][gc,phases   ] GC(56)   Other: 0.2ms
[2025-03-28T19:16:18.922+0530][gc,heap     ] GC(56) Eden regions: 46->0(49)
[2025-03-28T19:16:18.922+0530][gc,heap     ] GC(56) Survivor regions: 5->2(7)
[2025-03-28T19:16:18.922+0530][gc,heap     ] GC(56) Old regions: 57->58
[2025-03-28T19:16:18.922+0530][gc,heap     ] GC(56) Archive regions: 2->2
[2025-03-28T19:16:18.922+0530][gc,heap     ] GC(56) Humongous regions: 131->131
[2025-03-28T19:16:18.922+0530][gc,metaspace] GC(56) Metaspace: 49298K(49984K)->49298K(49984K) NonClass: 43724K(44096K)->43724K(44096K) Class: 5574K(5888K)->5574K(5888K)
[2025-03-28T19:16:18.922+0530][gc          ] GC(56) Pause Young (Normal) (G1 Evacuation Pause) 239M->191M(1024M) 6.114ms
[2025-03-28T19:16:18.922+0530][gc,cpu      ] GC(56) User=0.01s Sys=0.00s Real=0.01s
[2025-03-28T19:16:26.681+0530][gc,start    ] GC(57) Pause Young (Normal) (G1 Evacuation Pause)
[2025-03-28T19:16:26.681+0530][gc,task     ] GC(57) Using 2 workers of 2 for evacuation
[2025-03-28T19:16:26.698+0530][gc,phases   ] GC(57)   Pre Evacuate Collection Set: 0.2ms
[2025-03-28T19:16:26.698+0530][gc,phases   ] GC(57)   Merge Heap Roots: 0.1ms
[2025-03-28T19:16:26.698+0530][gc,phases   ] GC(57)   Evacuate Collection Set: 15.7ms
[2025-03-28T19:16:26.698+0530][gc,phases   ] GC(57)   Post Evacuate Collection Set: 0.4ms
[2025-03-28T19:16:26.698+0530][gc,phases   ] GC(57)   Other: 0.1ms
[2025-03-28T19:16:26.698+0530][gc,heap     ] GC(57) Eden regions: 49->0(46)
[2025-03-28T19:16:26.698+0530][gc,heap     ] GC(57) Survivor regions: 2->5(7)
[2025-03-28T19:16:26.698+0530][gc,heap     ] GC(57) Old regions: 58->58
[2025-03-28T19:16:26.698+0530][gc,heap     ] GC(57) Archive regions: 2->2
[2025-03-28T19:16:26.698+0530][gc,heap     ] GC(57) Humongous regions: 131->129
[2025-03-28T19:16:26.698+0530][gc,metaspace] GC(57) Metaspace: 49305K(49984K)->49305K(49984K) NonClass: 43731K(44096K)->43731K(44096K) Class: 5574K(5888K)->5574K(5888K)
[2025-03-28T19:16:26.698+0530][gc          ] GC(57) Pause Young (Normal) (G1 Evacuation Pause) 240M->191M(1024M) 16.798ms
[2025-03-28T19:16:26.698+0530][gc,cpu      ] GC(57) User=0.02s Sys=0.00s Real=0.03s
[2025-03-28T19:16:26.953+0530][gc,start    ] GC(58) Pause Young (Normal) (G1 Evacuation Pause)
[2025-03-28T19:16:26.953+0530][gc,task     ] GC(58) Using 2 workers of 2 for evacuation
[2025-03-28T19:16:26.964+0530][gc,phases   ] GC(58)   Pre Evacuate Collection Set: 0.3ms
[2025-03-28T19:16:26.964+0530][gc,phases   ] GC(58)   Merge Heap Roots: 0.1ms
[2025-03-28T19:16:26.964+0530][gc,phases   ] GC(58)   Evacuate Collection Set: 9.5ms
[2025-03-28T19:16:26.964+0530][gc,phases   ] GC(58)   Post Evacuate Collection Set: 0.9ms
[2025-03-28T19:16:26.964+0530][gc,phases   ] GC(58)   Other: 0.2ms
[2025-03-28T19:16:26.964+0530][gc,heap     ] GC(58) Eden regions: 46->0(65)
[2025-03-28T19:16:26.964+0530][gc,heap     ] GC(58) Survivor regions: 5->2(7)
[2025-03-28T19:16:26.964+0530][gc,heap     ] GC(58) Old regions: 58->59
[2025-03-28T19:16:26.964+0530][gc,heap     ] GC(58) Archive regions: 2->2
[2025-03-28T19:16:26.964+0530][gc,heap     ] GC(58) Humongous regions: 131->131
[2025-03-28T19:16:26.964+0530][gc,metaspace] GC(58) Metaspace: 49311K(49984K)->49311K(49984K) NonClass: 43737K(44096K)->43737K(44096K) Class: 5574K(5888K)->5574K(5888K)
[2025-03-28T19:16:26.964+0530][gc          ] GC(58) Pause Young (Normal) (G1 Evacuation Pause) 239M->192M(1024M) 11.066ms
[2025-03-28T19:16:26.964+0530][gc,cpu      ] GC(58) User=0.01s Sys=0.00s Real=0.01s
[2025-03-28T19:16:28.716+0530][gc,start    ] GC(59) Pause Young (Normal) (G1 Evacuation Pause)
[2025-03-28T19:16:28.716+0530][gc,task     ] GC(59) Using 2 workers of 2 for evacuation
[2025-03-28T19:16:28.726+0530][gc,phases   ] GC(59)   Pre Evacuate Collection Set: 0.2ms
[2025-03-28T19:16:28.726+0530][gc,phases   ] GC(59)   Merge Heap Roots: 0.1ms
[2025-03-28T19:16:28.726+0530][gc,phases   ] GC(59)   Evacuate Collection Set: 9.0ms
[2025-03-28T19:16:28.726+0530][gc,phases   ] GC(59)   Post Evacuate Collection Set: 0.8ms
[2025-03-28T19:16:28.726+0530][gc,phases   ] GC(59)   Other: 0.2ms
[2025-03-28T19:16:28.726+0530][gc,heap     ] GC(59) Eden regions: 65->0(48)
[2025-03-28T19:16:28.726+0530][gc,heap     ] GC(59) Survivor regions: 2->6(9)
[2025-03-28T19:16:28.726+0530][gc,heap     ] GC(59) Old regions: 59->59
[2025-03-28T19:16:28.726+0530][gc,heap     ] GC(59) Archive regions: 2->2
[2025-03-28T19:16:28.726+0530][gc,heap     ] GC(59) Humongous regions: 131->129
[2025-03-28T19:16:28.726+0530][gc,metaspace] GC(59) Metaspace: 49313K(49984K)->49313K(49984K) NonClass: 43739K(44096K)->43739K(44096K) Class: 5574K(5888K)->5574K(5888K)
[2025-03-28T19:16:28.726+0530][gc          ] GC(59) Pause Young (Normal) (G1 Evacuation Pause) 257M->193M(1024M) 10.428ms
[2025-03-28T19:16:28.726+0530][gc,cpu      ] GC(59) User=0.01s Sys=0.01s Real=0.01s
[2025-03-28T19:16:28.930+0530][gc,start    ] GC(60) Pause Young (Normal) (G1 Evacuation Pause)
[2025-03-28T19:16:28.931+0530][gc,task     ] GC(60) Using 2 workers of 2 for evacuation
[2025-03-28T19:16:28.942+0530][gc,phases   ] GC(60)   Pre Evacuate Collection Set: 0.4ms
[2025-03-28T19:16:28.942+0530][gc,phases   ] GC(60)   Merge Heap Roots: 0.2ms
[2025-03-28T19:16:28.942+0530][gc,phases   ] GC(60)   Evacuate Collection Set: 9.5ms
[2025-03-28T19:16:28.942+0530][gc,phases   ] GC(60)   Post Evacuate Collection Set: 1.4ms
[2025-03-28T19:16:28.942+0530][gc,phases   ] GC(60)   Other: 0.4ms
[2025-03-28T19:16:28.942+0530][gc,heap     ] GC(60) Eden regions: 48->0(85)
[2025-03-28T19:16:28.942+0530][gc,heap     ] GC(60) Survivor regions: 6->2(7)
[2025-03-28T19:16:28.942+0530][gc,heap     ] GC(60) Old regions: 59->60
[2025-03-28T19:16:28.942+0530][gc,heap     ] GC(60) Archive regions: 2->2
[2025-03-28T19:16:28.942+0530][gc,heap     ] GC(60) Humongous regions: 131->131
[2025-03-28T19:16:28.943+0530][gc,metaspace] GC(60) Metaspace: 49314K(49984K)->49314K(49984K) NonClass: 43739K(44096K)->43739K(44096K) Class: 5574K(5888K)->5574K(5888K)
[2025-03-28T19:16:28.943+0530][gc          ] GC(60) Pause Young (Normal) (G1 Evacuation Pause) 243M->193M(1024M) 12.106ms
[2025-03-28T19:16:28.943+0530][gc,cpu      ] GC(60) User=0.02s Sys=0.00s Real=0.01s
[2025-03-28T19:16:37.158+0530][gc,start    ] GC(61) Pause Young (Normal) (G1 Evacuation Pause)
[2025-03-28T19:16:37.159+0530][gc,task     ] GC(61) Using 2 workers of 2 for evacuation
[2025-03-28T19:16:37.181+0530][gc,mmu      ] GC(61) MMU target violated: 21.0ms (20.0ms/21.0ms)
[2025-03-28T19:16:37.181+0530][gc,phases   ] GC(61)   Pre Evacuate Collection Set: 0.2ms
[2025-03-28T19:16:37.181+0530][gc,phases   ] GC(61)   Merge Heap Roots: 0.2ms
[2025-03-28T19:16:37.181+0530][gc,phases   ] GC(61)   Evacuate Collection Set: 21.2ms
[2025-03-28T19:16:37.181+0530][gc,phases   ] GC(61)   Post Evacuate Collection Set: 0.9ms
[2025-03-28T19:16:37.181+0530][gc,phases   ] GC(61)   Other: 0.4ms
[2025-03-28T19:16:37.181+0530][gc,heap     ] GC(61) Eden regions: 85->0(48)
[2025-03-28T19:16:37.181+0530][gc,heap     ] GC(61) Survivor regions: 2->3(11)
[2025-03-28T19:16:37.181+0530][gc,heap     ] GC(61) Old regions: 60->60
[2025-03-28T19:16:37.181+0530][gc,heap     ] GC(61) Archive regions: 2->2
[2025-03-28T19:16:37.181+0530][gc,heap     ] GC(61) Humongous regions: 133->131
[2025-03-28T19:16:37.181+0530][gc,metaspace] GC(61) Metaspace: 49316K(49984K)->49316K(49984K) NonClass: 43742K(44096K)->43742K(44096K) Class: 5574K(5888K)->5574K(5888K)
[2025-03-28T19:16:37.181+0530][gc          ] GC(61) Pause Young (Normal) (G1 Evacuation Pause) 280M->193M(1024M) 22.902ms
[2025-03-28T19:16:37.181+0530][gc,cpu      ] GC(61) User=0.02s Sys=0.00s Real=0.03s
[2025-03-28T19:16:38.656+0530][gc,start    ] GC(62) Pause Young (Normal) (G1 Evacuation Pause)
[2025-03-28T19:16:38.656+0530][gc,task     ] GC(62) Using 2 workers of 2 for evacuation
[2025-03-28T19:16:38.718+0530][gc,mmu      ] GC(62) MMU target violated: 21.0ms (20.0ms/21.0ms)
[2025-03-28T19:16:38.718+0530][gc,phases   ] GC(62)   Pre Evacuate Collection Set: 1.4ms
[2025-03-28T19:16:38.718+0530][gc,phases   ] GC(62)   Merge Heap Roots: 0.3ms
[2025-03-28T19:16:38.718+0530][gc,phases   ] GC(62)   Evacuate Collection Set: 59.2ms
[2025-03-28T19:16:38.718+0530][gc,phases   ] GC(62)   Post Evacuate Collection Set: 1.2ms
[2025-03-28T19:16:38.718+0530][gc,phases   ] GC(62)   Other: 0.5ms
[2025-03-28T19:16:38.718+0530][gc,heap     ] GC(62) Eden regions: 48->0(47)
[2025-03-28T19:16:38.718+0530][gc,heap     ] GC(62) Survivor regions: 3->4(7)
[2025-03-28T19:16:38.718+0530][gc,heap     ] GC(62) Old regions: 60->60
[2025-03-28T19:16:38.718+0530][gc,heap     ] GC(62) Archive regions: 2->2
[2025-03-28T19:16:38.718+0530][gc,heap     ] GC(62) Humongous regions: 131->129
[2025-03-28T19:16:38.718+0530][gc,metaspace] GC(62) Metaspace: 49316K(49984K)->49316K(49984K) NonClass: 43742K(44096K)->43742K(44096K) Class: 5574K(5888K)->5574K(5888K)
[2025-03-28T19:16:38.718+0530][gc          ] GC(62) Pause Young (Normal) (G1 Evacuation Pause) 241M->192M(1024M) 62.833ms
[2025-03-28T19:16:38.719+0530][gc,cpu      ] GC(62) User=0.03s Sys=0.00s Real=0.06s
[2025-03-28T19:16:38.945+0530][gc,start    ] GC(63) Pause Young (Normal) (G1 Evacuation Pause)
[2025-03-28T19:16:38.945+0530][gc,task     ] GC(63) Using 2 workers of 2 for evacuation
[2025-03-28T19:16:38.951+0530][gc,phases   ] GC(63)   Pre Evacuate Collection Set: 0.3ms
[2025-03-28T19:16:38.951+0530][gc,phases   ] GC(63)   Merge Heap Roots: 0.1ms
[2025-03-28T19:16:38.951+0530][gc,phases   ] GC(63)   Evacuate Collection Set: 5.4ms
[2025-03-28T19:16:38.951+0530][gc,phases   ] GC(63)   Post Evacuate Collection Set: 0.5ms
[2025-03-28T19:16:38.951+0530][gc,phases   ] GC(63)   Other: 0.2ms
[2025-03-28T19:16:38.951+0530][gc,heap     ] GC(63) Eden regions: 47->0(48)
[2025-03-28T19:16:38.951+0530][gc,heap     ] GC(63) Survivor regions: 4->3(7)
[2025-03-28T19:16:38.951+0530][gc,heap     ] GC(63) Old regions: 60->60
[2025-03-28T19:16:38.951+0530][gc,heap     ] GC(63) Archive regions: 2->2
[2025-03-28T19:16:38.951+0530][gc,heap     ] GC(63) Humongous regions: 131->131
[2025-03-28T19:16:38.951+0530][gc,metaspace] GC(63) Metaspace: 49316K(49984K)->49316K(49984K) NonClass: 43742K(44096K)->43742K(44096K) Class: 5574K(5888K)->5574K(5888K)
[2025-03-28T19:16:38.951+0530][gc          ] GC(63) Pause Young (Normal) (G1 Evacuation Pause) 241M->193M(1024M) 6.623ms
[2025-03-28T19:16:38.951+0530][gc,cpu      ] GC(63) User=0.02s Sys=0.00s Real=0.01s
[2025-03-28T19:16:46.672+0530][gc,start    ] GC(64) Pause Young (Normal) (G1 Evacuation Pause)
[2025-03-28T19:16:46.672+0530][gc,task     ] GC(64) Using 2 workers of 2 for evacuation
[2025-03-28T19:16:46.705+0530][gc,mmu      ] GC(64) MMU target violated: 21.0ms (20.0ms/21.0ms)
[2025-03-28T19:16:46.705+0530][gc,phases   ] GC(64)   Pre Evacuate Collection Set: 0.2ms
[2025-03-28T19:16:46.705+0530][gc,phases   ] GC(64)   Merge Heap Roots: 0.2ms
[2025-03-28T19:16:46.705+0530][gc,phases   ] GC(64)   Evacuate Collection Set: 25.6ms
[2025-03-28T19:16:46.705+0530][gc,phases   ] GC(64)   Post Evacuate Collection Set: 6.3ms
[2025-03-28T19:16:46.705+0530][gc,phases   ] GC(64)   Other: 0.3ms
[2025-03-28T19:16:46.705+0530][gc,heap     ] GC(64) Eden regions: 48->0(48)
[2025-03-28T19:16:46.705+0530][gc,heap     ] GC(64) Survivor regions: 3->3(7)
[2025-03-28T19:16:46.705+0530][gc,heap     ] GC(64) Old regions: 60->60
[2025-03-28T19:16:46.705+0530][gc,heap     ] GC(64) Archive regions: 2->2
[2025-03-28T19:16:46.705+0530][gc,heap     ] GC(64) Humongous regions: 131->129
[2025-03-28T19:16:46.705+0530][gc,metaspace] GC(64) Metaspace: 49366K(50048K)->49366K(50048K) NonClass: 43792K(44160K)->43792K(44160K) Class: 5574K(5888K)->5574K(5888K)
[2025-03-28T19:16:46.705+0530][gc          ] GC(64) Pause Young (Normal) (G1 Evacuation Pause) 241M->192M(1024M) 32.767ms
[2025-03-28T19:16:46.705+0530][gc,cpu      ] GC(64) User=0.02s Sys=0.00s Real=0.04s
[2025-03-28T19:16:47.123+0530][gc,start    ] GC(65) Pause Young (Normal) (G1 Evacuation Pause)
[2025-03-28T19:16:47.123+0530][gc,task     ] GC(65) Using 2 workers of 2 for evacuation
[2025-03-28T19:16:47.165+0530][gc,mmu      ] GC(65) MMU target violated: 21.0ms (20.0ms/21.0ms)
[2025-03-28T19:16:47.166+0530][gc,phases   ] GC(65)   Pre Evacuate Collection Set: 8.7ms
[2025-03-28T19:16:47.166+0530][gc,phases   ] GC(65)   Merge Heap Roots: 0.2ms
[2025-03-28T19:16:47.166+0530][gc,phases   ] GC(65)   Evacuate Collection Set: 28.7ms
[2025-03-28T19:16:47.166+0530][gc,phases   ] GC(65)   Post Evacuate Collection Set: 4.0ms
[2025-03-28T19:16:47.166+0530][gc,phases   ] GC(65)   Other: 1.1ms
[2025-03-28T19:16:47.166+0530][gc,heap     ] GC(65) Eden regions: 48->0(48)
[2025-03-28T19:16:47.166+0530][gc,heap     ] GC(65) Survivor regions: 3->3(7)
[2025-03-28T19:16:47.166+0530][gc,heap     ] GC(65) Old regions: 60->60
[2025-03-28T19:16:47.166+0530][gc,heap     ] GC(65) Archive regions: 2->2
[2025-03-28T19:16:47.166+0530][gc,heap     ] GC(65) Humongous regions: 131->131
[2025-03-28T19:16:47.166+0530][gc,metaspace] GC(65) Metaspace: 49366K(50048K)->49366K(50048K) NonClass: 43792K(44160K)->43792K(44160K) Class: 5574K(5888K)->5574K(5888K)
[2025-03-28T19:16:47.166+0530][gc          ] GC(65) Pause Young (Normal) (G1 Evacuation Pause) 242M->193M(1024M) 42.922ms
[2025-03-28T19:16:47.166+0530][gc,cpu      ] GC(65) User=0.01s Sys=0.00s Real=0.05s
[2025-03-28T19:16:48.688+0530][gc,start    ] GC(66) Pause Young (Normal) (G1 Evacuation Pause)
[2025-03-28T19:16:48.688+0530][gc,task     ] GC(66) Using 2 workers of 2 for evacuation
[2025-03-28T19:16:48.697+0530][gc,phases   ] GC(66)   Pre Evacuate Collection Set: 0.3ms
[2025-03-28T19:16:48.697+0530][gc,phases   ] GC(66)   Merge Heap Roots: 0.2ms
[2025-03-28T19:16:48.697+0530][gc,phases   ] GC(66)   Evacuate Collection Set: 7.4ms
[2025-03-28T19:16:48.697+0530][gc,phases   ] GC(66)   Post Evacuate Collection Set: 0.6ms
[2025-03-28T19:16:48.697+0530][gc,phases   ] GC(66)   Other: 0.2ms
[2025-03-28T19:16:48.697+0530][gc,heap     ] GC(66) Eden regions: 48->0(48)
[2025-03-28T19:16:48.697+0530][gc,heap     ] GC(66) Survivor regions: 3->3(7)
[2025-03-28T19:16:48.697+0530][gc,heap     ] GC(66) Old regions: 60->60
[2025-03-28T19:16:48.697+0530][gc,heap     ] GC(66) Archive regions: 2->2
[2025-03-28T19:16:48.697+0530][gc,heap     ] GC(66) Humongous regions: 131->129
[2025-03-28T19:16:48.697+0530][gc,metaspace] GC(66) Metaspace: 49372K(50048K)->49372K(50048K) NonClass: 43798K(44160K)->43798K(44160K) Class: 5574K(5888K)->5574K(5888K)
[2025-03-28T19:16:48.697+0530][gc          ] GC(66) Pause Young (Normal) (G1 Evacuation Pause) 241M->191M(1024M) 8.913ms
[2025-03-28T19:16:48.697+0530][gc,cpu      ] GC(66) User=0.01s Sys=0.00s Real=0.01s
[2025-03-28T19:16:48.856+0530][gc,start    ] GC(67) Pause Young (Normal) (G1 Evacuation Pause)
[2025-03-28T19:16:48.856+0530][gc,task     ] GC(67) Using 2 workers of 2 for evacuation
[2025-03-28T19:16:48.864+0530][gc,phases   ] GC(67)   Pre Evacuate Collection Set: 0.2ms
[2025-03-28T19:16:48.864+0530][gc,phases   ] GC(67)   Merge Heap Roots: 0.1ms
[2025-03-28T19:16:48.864+0530][gc,phases   ] GC(67)   Evacuate Collection Set: 6.1ms
[2025-03-28T19:16:48.864+0530][gc,phases   ] GC(67)   Post Evacuate Collection Set: 0.6ms
[2025-03-28T19:16:48.864+0530][gc,phases   ] GC(67)   Other: 0.2ms
[2025-03-28T19:16:48.864+0530][gc,heap     ] GC(67) Eden regions: 48->0(48)
[2025-03-28T19:16:48.864+0530][gc,heap     ] GC(67) Survivor regions: 3->3(7)
[2025-03-28T19:16:48.864+0530][gc,heap     ] GC(67) Old regions: 60->60
[2025-03-28T19:16:48.864+0530][gc,heap     ] GC(67) Archive regions: 2->2
[2025-03-28T19:16:48.864+0530][gc,heap     ] GC(67) Humongous regions: 131->131
[2025-03-28T19:16:48.864+0530][gc,metaspace] GC(67) Metaspace: 49376K(50048K)->49376K(50048K) NonClass: 43802K(44160K)->43802K(44160K) Class: 5574K(5888K)->5574K(5888K)
[2025-03-28T19:16:48.864+0530][gc          ] GC(67) Pause Young (Normal) (G1 Evacuation Pause) 241M->194M(1024M) 7.382ms
[2025-03-28T19:16:48.864+0530][gc,cpu      ] GC(67) User=0.02s Sys=0.00s Real=0.00s
[2025-03-28T19:16:56.129+0530][gc,start    ] GC(68) Pause Young (Normal) (G1 Evacuation Pause)
[2025-03-28T19:16:56.130+0530][gc,task     ] GC(68) Using 2 workers of 2 for evacuation
[2025-03-28T19:16:56.227+0530][gc,mmu      ] GC(68) MMU target violated: 21.0ms (20.0ms/21.0ms)
[2025-03-28T19:16:56.227+0530][gc,phases   ] GC(68)   Pre Evacuate Collection Set: 0.7ms
[2025-03-28T19:16:56.227+0530][gc,phases   ] GC(68)   Merge Heap Roots: 0.4ms
[2025-03-28T19:16:56.227+0530][gc,phases   ] GC(68)   Evacuate Collection Set: 85.6ms
[2025-03-28T19:16:56.227+0530][gc,phases   ] GC(68)   Post Evacuate Collection Set: 10.4ms
[2025-03-28T19:16:56.227+0530][gc,phases   ] GC(68)   Other: 0.5ms
[2025-03-28T19:16:56.227+0530][gc,heap     ] GC(68) Eden regions: 48->0(48)
[2025-03-28T19:16:56.227+0530][gc,heap     ] GC(68) Survivor regions: 3->3(7)
[2025-03-28T19:16:56.227+0530][gc,heap     ] GC(68) Old regions: 60->60
[2025-03-28T19:16:56.227+0530][gc,heap     ] GC(68) Archive regions: 2->2
[2025-03-28T19:16:56.227+0530][gc,heap     ] GC(68) Humongous regions: 131->129
[2025-03-28T19:16:56.227+0530][gc,metaspace] GC(68) Metaspace: 49384K(50048K)->49384K(50048K) NonClass: 43810K(44160K)->43810K(44160K) Class: 5574K(5888K)->5574K(5888K)
[2025-03-28T19:16:56.227+0530][gc          ] GC(68) Pause Young (Normal) (G1 Evacuation Pause) 242M->191M(1024M) 97.690ms
[2025-03-28T19:16:56.227+0530][gc,cpu      ] GC(68) User=0.04s Sys=0.00s Real=0.10s
[2025-03-28T19:16:56.469+0530][gc,start    ] GC(69) Pause Young (Normal) (G1 Evacuation Pause)
[2025-03-28T19:16:56.469+0530][gc,task     ] GC(69) Using 2 workers of 2 for evacuation
[2025-03-28T19:16:56.487+0530][gc,phases   ] GC(69)   Pre Evacuate Collection Set: 1.6ms
[2025-03-28T19:16:56.487+0530][gc,phases   ] GC(69)   Merge Heap Roots: 0.3ms
[2025-03-28T19:16:56.487+0530][gc,phases   ] GC(69)   Evacuate Collection Set: 15.0ms
[2025-03-28T19:16:56.487+0530][gc,phases   ] GC(69)   Post Evacuate Collection Set: 1.2ms
[2025-03-28T19:16:56.487+0530][gc,phases   ] GC(69)   Other: 0.2ms
[2025-03-28T19:16:56.487+0530][gc,heap     ] GC(69) Eden regions: 48->0(48)
[2025-03-28T19:16:56.487+0530][gc,heap     ] GC(69) Survivor regions: 3->3(7)
[2025-03-28T19:16:56.487+0530][gc,heap     ] GC(69) Old regions: 60->60
[2025-03-28T19:16:56.487+0530][gc,heap     ] GC(69) Archive regions: 2->2
[2025-03-28T19:16:56.487+0530][gc,heap     ] GC(69) Humongous regions: 131->131
[2025-03-28T19:16:56.487+0530][gc,metaspace] GC(69) Metaspace: 49384K(50048K)->49384K(50048K) NonClass: 43810K(44160K)->43810K(44160K) Class: 5574K(5888K)->5574K(5888K)
[2025-03-28T19:16:56.487+0530][gc          ] GC(69) Pause Young (Normal) (G1 Evacuation Pause) 241M->193M(1024M) 18.495ms
[2025-03-28T19:16:56.487+0530][gc,cpu      ] GC(69) User=0.01s Sys=0.00s Real=0.02s
[2025-03-28T19:16:58.771+0530][gc,start    ] GC(70) Pause Young (Normal) (G1 Evacuation Pause)
[2025-03-28T19:16:58.771+0530][gc,task     ] GC(70) Using 2 workers of 2 for evacuation
[2025-03-28T19:16:58.793+0530][gc,mmu      ] GC(70) MMU target violated: 21.0ms (20.0ms/21.0ms)
[2025-03-28T19:16:58.793+0530][gc,phases   ] GC(70)   Pre Evacuate Collection Set: 0.9ms
[2025-03-28T19:16:58.793+0530][gc,phases   ] GC(70)   Merge Heap Roots: 2.9ms
[2025-03-28T19:16:58.793+0530][gc,phases   ] GC(70)   Evacuate Collection Set: 15.2ms
[2025-03-28T19:16:58.793+0530][gc,phases   ] GC(70)   Post Evacuate Collection Set: 2.2ms
[2025-03-28T19:16:58.793+0530][gc,phases   ] GC(70)   Other: 0.3ms
[2025-03-28T19:16:58.793+0530][gc,heap     ] GC(70) Eden regions: 48->0(49)
[2025-03-28T19:16:58.793+0530][gc,heap     ] GC(70) Survivor regions: 3->2(7)
[2025-03-28T19:16:58.793+0530][gc,heap     ] GC(70) Old regions: 60->60
[2025-03-28T19:16:58.793+0530][gc,heap     ] GC(70) Archive regions: 2->2
[2025-03-28T19:16:58.793+0530][gc,heap     ] GC(70) Humongous regions: 131->129
[2025-03-28T19:16:58.793+0530][gc,metaspace] GC(70) Metaspace: 49387K(50048K)->49387K(50048K) NonClass: 43813K(44160K)->43813K(44160K) Class: 5574K(5888K)->5574K(5888K)
[2025-03-28T19:16:58.793+0530][gc          ] GC(70) Pause Young (Normal) (G1 Evacuation Pause) 241M->191M(1024M) 21.699ms
[2025-03-28T19:16:58.796+0530][gc,cpu      ] GC(70) User=0.02s Sys=0.00s Real=0.03s
[2025-03-28T19:16:58.975+0530][gc,start    ] GC(71) Pause Young (Normal) (G1 Evacuation Pause)
[2025-03-28T19:16:58.975+0530][gc,task     ] GC(71) Using 2 workers of 2 for evacuation
[2025-03-28T19:16:58.991+0530][gc,phases   ] GC(71)   Pre Evacuate Collection Set: 0.2ms
[2025-03-28T19:16:58.991+0530][gc,phases   ] GC(71)   Merge Heap Roots: 0.1ms
[2025-03-28T19:16:58.991+0530][gc,phases   ] GC(71)   Evacuate Collection Set: 14.7ms
[2025-03-28T19:16:58.991+0530][gc,phases   ] GC(71)   Post Evacuate Collection Set: 0.8ms
[2025-03-28T19:16:58.991+0530][gc,phases   ] GC(71)   Other: 0.2ms
[2025-03-28T19:16:58.991+0530][gc,heap     ] GC(71) Eden regions: 49->0(44)
[2025-03-28T19:16:58.991+0530][gc,heap     ] GC(71) Survivor regions: 2->7(7)
[2025-03-28T19:16:58.991+0530][gc,heap     ] GC(71) Old regions: 60->61
[2025-03-28T19:16:58.991+0530][gc,heap     ] GC(71) Archive regions: 2->2
[2025-03-28T19:16:58.991+0530][gc,heap     ] GC(71) Humongous regions: 129->129
[2025-03-28T19:16:58.991+0530][gc,metaspace] GC(71) Metaspace: 49397K(50048K)->49397K(50048K) NonClass: 43822K(44160K)->43822K(44160K) Class: 5574K(5888K)->5574K(5888K)
[2025-03-28T19:16:58.991+0530][gc          ] GC(71) Pause Young (Normal) (G1 Evacuation Pause) 240M->197M(1024M) 16.160ms
[2025-03-28T19:16:58.991+0530][gc,cpu      ] GC(71) User=0.03s Sys=0.00s Real=0.01s
[2025-03-28T19:17:03.535+0530][gc,start    ] GC(72) Pause Young (Normal) (G1 Evacuation Pause)
[2025-03-28T19:17:03.535+0530][gc,task     ] GC(72) Using 2 workers of 2 for evacuation
[2025-03-28T19:17:03.556+0530][gc,mmu      ] GC(72) MMU target violated: 20.2ms (20.0ms/21.0ms)
[2025-03-28T19:17:03.556+0530][gc,phases   ] GC(72)   Pre Evacuate Collection Set: 0.7ms
[2025-03-28T19:17:03.556+0530][gc,phases   ] GC(72)   Merge Heap Roots: 0.4ms
[2025-03-28T19:17:03.556+0530][gc,phases   ] GC(72)   Evacuate Collection Set: 16.0ms
[2025-03-28T19:17:03.556+0530][gc,phases   ] GC(72)   Post Evacuate Collection Set: 3.2ms
[2025-03-28T19:17:03.556+0530][gc,phases   ] GC(72)   Other: 0.7ms
[2025-03-28T19:17:03.556+0530][gc,heap     ] GC(72) Eden regions: 44->0(50)
[2025-03-28T19:17:03.556+0530][gc,heap     ] GC(72) Survivor regions: 7->1(7)
[2025-03-28T19:17:03.556+0530][gc,heap     ] GC(72) Old regions: 61->62
[2025-03-28T19:17:03.556+0530][gc,heap     ] GC(72) Archive regions: 2->2
[2025-03-28T19:17:03.556+0530][gc,heap     ] GC(72) Humongous regions: 131->129
[2025-03-28T19:17:03.556+0530][gc,metaspace] GC(72) Metaspace: 49397K(50048K)->49397K(50048K) NonClass: 43823K(44160K)->43823K(44160K) Class: 5574K(5888K)->5574K(5888K)
[2025-03-28T19:17:03.556+0530][gc          ] GC(72) Pause Young (Normal) (G1 Evacuation Pause) 243M->192M(1024M) 21.294ms
[2025-03-28T19:17:03.557+0530][gc,cpu      ] GC(72) User=0.03s Sys=0.00s Real=0.02s
[2025-03-28T19:17:06.532+0530][gc,start    ] GC(73) Pause Young (Normal) (G1 Evacuation Pause)
[2025-03-28T19:17:06.532+0530][gc,task     ] GC(73) Using 2 workers of 2 for evacuation
[2025-03-28T19:17:06.547+0530][gc,phases   ] GC(73)   Pre Evacuate Collection Set: 0.2ms
[2025-03-28T19:17:06.547+0530][gc,phases   ] GC(73)   Merge Heap Roots: 0.1ms
[2025-03-28T19:17:06.547+0530][gc,phases   ] GC(73)   Evacuate Collection Set: 13.3ms
[2025-03-28T19:17:06.547+0530][gc,phases   ] GC(73)   Post Evacuate Collection Set: 1.6ms
[2025-03-28T19:17:06.547+0530][gc,phases   ] GC(73)   Other: 0.2ms
[2025-03-28T19:17:06.547+0530][gc,heap     ] GC(73) Eden regions: 50->0(44)
[2025-03-28T19:17:06.547+0530][gc,heap     ] GC(73) Survivor regions: 1->7(7)
[2025-03-28T19:17:06.547+0530][gc,heap     ] GC(73) Old regions: 62->62
[2025-03-28T19:17:06.547+0530][gc,heap     ] GC(73) Archive regions: 2->2
[2025-03-28T19:17:06.547+0530][gc,heap     ] GC(73) Humongous regions: 129->129
[2025-03-28T19:17:06.547+0530][gc,metaspace] GC(73) Metaspace: 49420K(50048K)->49420K(50048K) NonClass: 43846K(44160K)->43846K(44160K) Class: 5574K(5888K)->5574K(5888K)
[2025-03-28T19:17:06.547+0530][gc          ] GC(73) Pause Young (Normal) (G1 Evacuation Pause) 242M->198M(1024M) 15.550ms
[2025-03-28T19:17:06.547+0530][gc,cpu      ] GC(73) User=0.02s Sys=0.00s Real=0.02s
[2025-03-28T19:17:06.716+0530][gc,start    ] GC(74) Pause Young (Normal) (G1 Evacuation Pause)
[2025-03-28T19:17:06.716+0530][gc,task     ] GC(74) Using 2 workers of 2 for evacuation
[2025-03-28T19:17:06.723+0530][gc,phases   ] GC(74)   Pre Evacuate Collection Set: 0.2ms
[2025-03-28T19:17:06.723+0530][gc,phases   ] GC(74)   Merge Heap Roots: 0.1ms
[2025-03-28T19:17:06.723+0530][gc,phases   ] GC(74)   Evacuate Collection Set: 6.2ms
[2025-03-28T19:17:06.723+0530][gc,phases   ] GC(74)   Post Evacuate Collection Set: 0.5ms
[2025-03-28T19:17:06.723+0530][gc,phases   ] GC(74)   Other: 0.2ms
[2025-03-28T19:17:06.723+0530][gc,heap     ] GC(74) Eden regions: 44->0(50)
[2025-03-28T19:17:06.723+0530][gc,heap     ] GC(74) Survivor regions: 7->1(7)
[2025-03-28T19:17:06.723+0530][gc,heap     ] GC(74) Old regions: 62->64
[2025-03-28T19:17:06.723+0530][gc,heap     ] GC(74) Archive regions: 2->2
[2025-03-28T19:17:06.723+0530][gc,heap     ] GC(74) Humongous regions: 131->131
[2025-03-28T19:17:06.723+0530][gc,metaspace] GC(74) Metaspace: 49420K(50048K)->49420K(50048K) NonClass: 43846K(44160K)->43846K(44160K) Class: 5574K(5888K)->5574K(5888K)
[2025-03-28T19:17:06.723+0530][gc          ] GC(74) Pause Young (Normal) (G1 Evacuation Pause) 244M->195M(1024M) 7.370ms
[2025-03-28T19:17:06.723+0530][gc,cpu      ] GC(74) User=0.01s Sys=0.00s Real=0.00s
[2025-03-28T19:17:08.731+0530][gc,start    ] GC(75) Pause Young (Normal) (G1 Evacuation Pause)
[2025-03-28T19:17:08.731+0530][gc,task     ] GC(75) Using 2 workers of 2 for evacuation
[2025-03-28T19:17:08.742+0530][gc,phases   ] GC(75)   Pre Evacuate Collection Set: 0.2ms
[2025-03-28T19:17:08.742+0530][gc,phases   ] GC(75)   Merge Heap Roots: 0.1ms
[2025-03-28T19:17:08.742+0530][gc,phases   ] GC(75)   Evacuate Collection Set: 10.2ms
[2025-03-28T19:17:08.742+0530][gc,phases   ] GC(75)   Post Evacuate Collection Set: 0.5ms
[2025-03-28T19:17:08.742+0530][gc,phases   ] GC(75)   Other: 0.2ms
[2025-03-28T19:17:08.742+0530][gc,heap     ] GC(75) Eden regions: 50->0(44)
[2025-03-28T19:17:08.742+0530][gc,heap     ] GC(75) Survivor regions: 1->7(7)
[2025-03-28T19:17:08.742+0530][gc,heap     ] GC(75) Old regions: 64->64
[2025-03-28T19:17:08.742+0530][gc,heap     ] GC(75) Archive regions: 2->2
[2025-03-28T19:17:08.742+0530][gc,heap     ] GC(75) Humongous regions: 131->129
[2025-03-28T19:17:08.742+0530][gc,metaspace] GC(75) Metaspace: 49433K(50048K)->49433K(50048K) NonClass: 43859K(44160K)->43859K(44160K) Class: 5574K(5888K)->5574K(5888K)
[2025-03-28T19:17:08.742+0530][gc          ] GC(75) Pause Young (Normal) (G1 Evacuation Pause) 245M->199M(1024M) 11.280ms
[2025-03-28T19:17:08.742+0530][gc,cpu      ] GC(75) User=0.02s Sys=0.00s Real=0.01s
[2025-03-28T19:17:08.831+0530][gc,start    ] GC(76) Pause Young (Normal) (G1 Evacuation Pause)
[2025-03-28T19:17:08.831+0530][gc,task     ] GC(76) Using 2 workers of 2 for evacuation
[2025-03-28T19:17:08.836+0530][gc,phases   ] GC(76)   Pre Evacuate Collection Set: 0.2ms
[2025-03-28T19:17:08.836+0530][gc,phases   ] GC(76)   Merge Heap Roots: 0.1ms
[2025-03-28T19:17:08.837+0530][gc,phases   ] GC(76)   Evacuate Collection Set: 4.8ms
[2025-03-28T19:17:08.837+0530][gc,phases   ] GC(76)   Post Evacuate Collection Set: 0.4ms
[2025-03-28T19:17:08.837+0530][gc,phases   ] GC(76)   Other: 0.3ms
[2025-03-28T19:17:08.837+0530][gc,heap     ] GC(76) Eden regions: 44->0(66)
[2025-03-28T19:17:08.837+0530][gc,heap     ] GC(76) Survivor regions: 7->2(7)
[2025-03-28T19:17:08.837+0530][gc,heap     ] GC(76) Old regions: 64->65
[2025-03-28T19:17:08.837+0530][gc,heap     ] GC(76) Archive regions: 2->2
[2025-03-28T19:17:08.837+0530][gc,heap     ] GC(76) Humongous regions: 131->131
[2025-03-28T19:17:08.837+0530][gc,metaspace] GC(76) Metaspace: 49433K(50048K)->49433K(50048K) NonClass: 43859K(44160K)->43859K(44160K) Class: 5574K(5888K)->5574K(5888K)
[2025-03-28T19:17:08.837+0530][gc          ] GC(76) Pause Young (Normal) (G1 Evacuation Pause) 245M->198M(1024M) 6.088ms
[2025-03-28T19:17:08.837+0530][gc,cpu      ] GC(76) User=0.01s Sys=0.00s Real=0.01s
[2025-03-28T19:17:16.674+0530][gc,start    ] GC(77) Pause Young (Normal) (G1 Evacuation Pause)
[2025-03-28T19:17:16.674+0530][gc,task     ] GC(77) Using 2 workers of 2 for evacuation
[2025-03-28T19:17:16.711+0530][gc,mmu      ] GC(77) MMU target violated: 21.0ms (20.0ms/21.0ms)
[2025-03-28T19:17:16.711+0530][gc,phases   ] GC(77)   Pre Evacuate Collection Set: 0.3ms
[2025-03-28T19:17:16.711+0530][gc,phases   ] GC(77)   Merge Heap Roots: 0.1ms
[2025-03-28T19:17:16.711+0530][gc,phases   ] GC(77)   Evacuate Collection Set: 35.6ms
[2025-03-28T19:17:16.711+0530][gc,phases   ] GC(77)   Post Evacuate Collection Set: 0.9ms
[2025-03-28T19:17:16.711+0530][gc,phases   ] GC(77)   Other: 0.2ms
[2025-03-28T19:17:16.711+0530][gc,heap     ] GC(77) Eden regions: 66->0(46)
[2025-03-28T19:17:16.711+0530][gc,heap     ] GC(77) Survivor regions: 2->8(9)
[2025-03-28T19:17:16.711+0530][gc,heap     ] GC(77) Old regions: 65->65
[2025-03-28T19:17:16.711+0530][gc,heap     ] GC(77) Archive regions: 2->2
[2025-03-28T19:17:16.711+0530][gc,heap     ] GC(77) Humongous regions: 131->129
[2025-03-28T19:17:16.711+0530][gc,metaspace] GC(77) Metaspace: 49444K(50048K)->49444K(50048K) NonClass: 43870K(44160K)->43870K(44160K) Class: 5574K(5888K)->5574K(5888K)
[2025-03-28T19:17:16.711+0530][gc          ] GC(77) Pause Young (Normal) (G1 Evacuation Pause) 264M->201M(1024M) 37.189ms
[2025-03-28T19:17:16.711+0530][gc,cpu      ] GC(77) User=0.02s Sys=0.01s Real=0.05s
[2025-03-28T19:17:18.573+0530][gc,start    ] GC(78) Pause Young (Normal) (G1 Evacuation Pause)
[2025-03-28T19:17:18.573+0530][gc,task     ] GC(78) Using 2 workers of 2 for evacuation
[2025-03-28T19:17:18.590+0530][gc,phases   ] GC(78)   Pre Evacuate Collection Set: 1.1ms
[2025-03-28T19:17:18.590+0530][gc,phases   ] GC(78)   Merge Heap Roots: 0.3ms
[2025-03-28T19:17:18.591+0530][gc,phases   ] GC(78)   Evacuate Collection Set: 13.3ms
[2025-03-28T19:17:18.591+0530][gc,phases   ] GC(78)   Post Evacuate Collection Set: 2.7ms
[2025-03-28T19:17:18.591+0530][gc,phases   ] GC(78)   Other: 0.5ms
[2025-03-28T19:17:18.591+0530][gc,heap     ] GC(78) Eden regions: 46->0(50)
[2025-03-28T19:17:18.591+0530][gc,heap     ] GC(78) Survivor regions: 8->1(7)
[2025-03-28T19:17:18.591+0530][gc,heap     ] GC(78) Old regions: 65->65
[2025-03-28T19:17:18.591+0530][gc,heap     ] GC(78) Archive regions: 2->2
[2025-03-28T19:17:18.591+0530][gc,heap     ] GC(78) Humongous regions: 131->129
[2025-03-28T19:17:18.591+0530][gc,metaspace] GC(78) Metaspace: 49447K(50048K)->49447K(50048K) NonClass: 43873K(44160K)->43873K(44160K) Class: 5574K(5888K)->5574K(5888K)
[2025-03-28T19:17:18.591+0530][gc          ] GC(78) Pause Young (Normal) (G1 Evacuation Pause) 249M->195M(1024M) 18.316ms
[2025-03-28T19:17:18.591+0530][gc,cpu      ] GC(78) User=0.02s Sys=0.00s Real=0.02s
[2025-03-28T19:17:18.830+0530][gc,start    ] GC(79) Pause Young (Normal) (G1 Evacuation Pause)
[2025-03-28T19:17:18.831+0530][gc,task     ] GC(79) Using 2 workers of 2 for evacuation
[2025-03-28T19:17:18.846+0530][gc,phases   ] GC(79)   Pre Evacuate Collection Set: 0.3ms
[2025-03-28T19:17:18.846+0530][gc,phases   ] GC(79)   Merge Heap Roots: 0.1ms
[2025-03-28T19:17:18.846+0530][gc,phases   ] GC(79)   Evacuate Collection Set: 13.9ms
[2025-03-28T19:17:18.846+0530][gc,phases   ] GC(79)   Post Evacuate Collection Set: 1.2ms
[2025-03-28T19:17:18.846+0530][gc,phases   ] GC(79)   Other: 0.3ms
[2025-03-28T19:17:18.846+0530][gc,heap     ] GC(79) Eden regions: 50->0(44)
[2025-03-28T19:17:18.846+0530][gc,heap     ] GC(79) Survivor regions: 1->7(7)
[2025-03-28T19:17:18.846+0530][gc,heap     ] GC(79) Old regions: 65->65
[2025-03-28T19:17:18.846+0530][gc,heap     ] GC(79) Archive regions: 2->2
[2025-03-28T19:17:18.846+0530][gc,heap     ] GC(79) Humongous regions: 129->129
[2025-03-28T19:17:18.846+0530][gc,metaspace] GC(79) Metaspace: 49447K(50048K)->49447K(50048K) NonClass: 43873K(44160K)->43873K(44160K) Class: 5574K(5888K)->5574K(5888K)
[2025-03-28T19:17:18.847+0530][gc          ] GC(79) Pause Young (Normal) (G1 Evacuation Pause) 245M->201M(1024M) 16.065ms
[2025-03-28T19:17:18.847+0530][gc,cpu      ] GC(79) User=0.03s Sys=0.00s Real=0.02s
[2025-03-28T19:17:20.751+0530][gc,start    ] GC(80) Pause Young (Normal) (G1 Evacuation Pause)
[2025-03-28T19:17:20.751+0530][gc,task     ] GC(80) Using 2 workers of 2 for evacuation
[2025-03-28T19:17:20.757+0530][gc,phases   ] GC(80)   Pre Evacuate Collection Set: 0.9ms
[2025-03-28T19:17:20.757+0530][gc,phases   ] GC(80)   Merge Heap Roots: 0.3ms
[2025-03-28T19:17:20.757+0530][gc,phases   ] GC(80)   Evacuate Collection Set: 3.7ms
[2025-03-28T19:17:20.757+0530][gc,phases   ] GC(80)   Post Evacuate Collection Set: 0.7ms
[2025-03-28T19:17:20.757+0530][gc,phases   ] GC(80)   Other: 0.3ms
[2025-03-28T19:17:20.757+0530][gc,heap     ] GC(80) Eden regions: 44->0(60)
[2025-03-28T19:17:20.757+0530][gc,heap     ] GC(80) Survivor regions: 7->1(7)
[2025-03-28T19:17:20.757+0530][gc,heap     ] GC(80) Old regions: 65->65
[2025-03-28T19:17:20.757+0530][gc,heap     ] GC(80) Archive regions: 2->2
[2025-03-28T19:17:20.757+0530][gc,heap     ] GC(80) Humongous regions: 131->129
[2025-03-28T19:17:20.757+0530][gc,metaspace] GC(80) Metaspace: 49447K(50048K)->49447K(50048K) NonClass: 43873K(44160K)->43873K(44160K) Class: 5574K(5888K)->5574K(5888K)
[2025-03-28T19:17:20.757+0530][gc          ] GC(80) Pause Young (Normal) (G1 Evacuation Pause) 247M->195M(1024M) 6.021ms
[2025-03-28T19:17:20.757+0530][gc,cpu      ] GC(80) User=0.00s Sys=0.00s Real=0.01s
[2025-03-28T19:17:26.205+0530][gc,start    ] GC(81) Pause Young (Normal) (G1 Evacuation Pause)
[2025-03-28T19:17:26.205+0530][gc,task     ] GC(81) Using 2 workers of 2 for evacuation
[2025-03-28T19:17:26.224+0530][gc,phases   ] GC(81)   Pre Evacuate Collection Set: 0.2ms
[2025-03-28T19:17:26.224+0530][gc,phases   ] GC(81)   Merge Heap Roots: 0.1ms
[2025-03-28T19:17:26.224+0530][gc,phases   ] GC(81)   Evacuate Collection Set: 17.5ms
[2025-03-28T19:17:26.224+0530][gc,phases   ] GC(81)   Post Evacuate Collection Set: 0.6ms
[2025-03-28T19:17:26.224+0530][gc,phases   ] GC(81)   Other: 0.2ms
[2025-03-28T19:17:26.224+0530][gc,heap     ] GC(81) Eden regions: 60->0(43)
[2025-03-28T19:17:26.224+0530][gc,heap     ] GC(81) Survivor regions: 1->8(8)
[2025-03-28T19:17:26.224+0530][gc,heap     ] GC(81) Old regions: 65->65
[2025-03-28T19:17:26.224+0530][gc,heap     ] GC(81) Archive regions: 2->2
[2025-03-28T19:17:26.224+0530][gc,heap     ] GC(81) Humongous regions: 129->129
[2025-03-28T19:17:26.224+0530][gc,metaspace] GC(81) Metaspace: 49453K(50048K)->49453K(50048K) NonClass: 43879K(44160K)->43879K(44160K) Class: 5574K(5888K)->5574K(5888K)
[2025-03-28T19:17:26.224+0530][gc          ] GC(81) Pause Young (Normal) (G1 Evacuation Pause) 255M->202M(1024M) 18.844ms
[2025-03-28T19:17:26.224+0530][gc,cpu      ] GC(81) User=0.02s Sys=0.00s Real=0.02s
[2025-03-28T19:17:28.515+0530][gc,start    ] GC(82) Pause Young (Normal) (G1 Evacuation Pause)
[2025-03-28T19:17:28.518+0530][gc,task     ] GC(82) Using 2 workers of 2 for evacuation
[2025-03-28T19:17:28.532+0530][gc,phases   ] GC(82)   Pre Evacuate Collection Set: 0.6ms
[2025-03-28T19:17:28.532+0530][gc,phases   ] GC(82)   Merge Heap Roots: 0.3ms
[2025-03-28T19:17:28.532+0530][gc,phases   ] GC(82)   Evacuate Collection Set: 8.7ms
[2025-03-28T19:17:28.532+0530][gc,phases   ] GC(82)   Post Evacuate Collection Set: 3.1ms
[2025-03-28T19:17:28.532+0530][gc,phases   ] GC(82)   Other: 3.6ms
[2025-03-28T19:17:28.532+0530][gc,heap     ] GC(82) Eden regions: 43->0(50)
[2025-03-28T19:17:28.532+0530][gc,heap     ] GC(82) Survivor regions: 8->1(7)
[2025-03-28T19:17:28.532+0530][gc,heap     ] GC(82) Old regions: 65->65
[2025-03-28T19:17:28.532+0530][gc,heap     ] GC(82) Archive regions: 2->2
[2025-03-28T19:17:28.532+0530][gc,heap     ] GC(82) Humongous regions: 131->129
[2025-03-28T19:17:28.532+0530][gc,metaspace] GC(82) Metaspace: 49455K(50048K)->49455K(50048K) NonClass: 43881K(44160K)->43881K(44160K) Class: 5574K(5888K)->5574K(5888K)
[2025-03-28T19:17:28.532+0530][gc          ] GC(82) Pause Young (Normal) (G1 Evacuation Pause) 247M->195M(1024M) 16.682ms
[2025-03-28T19:17:28.532+0530][gc,cpu      ] GC(82) User=0.03s Sys=0.00s Real=0.03s
[2025-03-28T19:17:28.804+0530][gc,start    ] GC(83) Pause Young (Normal) (G1 Evacuation Pause)
[2025-03-28T19:17:28.804+0530][gc,task     ] GC(83) Using 2 workers of 2 for evacuation
[2025-03-28T19:17:28.819+0530][gc,phases   ] GC(83)   Pre Evacuate Collection Set: 0.2ms
[2025-03-28T19:17:28.819+0530][gc,phases   ] GC(83)   Merge Heap Roots: 0.1ms
[2025-03-28T19:17:28.819+0530][gc,phases   ] GC(83)   Evacuate Collection Set: 14.7ms
[2025-03-28T19:17:28.819+0530][gc,phases   ] GC(83)   Post Evacuate Collection Set: 0.5ms
[2025-03-28T19:17:28.819+0530][gc,phases   ] GC(83)   Other: 0.2ms
[2025-03-28T19:17:28.819+0530][gc,heap     ] GC(83) Eden regions: 50->0(44)
[2025-03-28T19:17:28.820+0530][gc,heap     ] GC(83) Survivor regions: 1->7(7)
[2025-03-28T19:17:28.820+0530][gc,heap     ] GC(83) Old regions: 65->65
[2025-03-28T19:17:28.820+0530][gc,heap     ] GC(83) Archive regions: 2->2
[2025-03-28T19:17:28.820+0530][gc,heap     ] GC(83) Humongous regions: 129->129
[2025-03-28T19:17:28.820+0530][gc,metaspace] GC(83) Metaspace: 49456K(50048K)->49456K(50048K) NonClass: 43882K(44160K)->43882K(44160K) Class: 5574K(5888K)->5574K(5888K)
[2025-03-28T19:17:28.820+0530][gc          ] GC(83) Pause Young (Normal) (G1 Evacuation Pause) 245M->201M(1024M) 15.814ms
[2025-03-28T19:17:28.820+0530][gc,cpu      ] GC(83) User=0.04s Sys=0.00s Real=0.03s
[2025-03-28T19:17:28.915+0530][gc,start    ] GC(84) Pause Young (Normal) (G1 Evacuation Pause)
[2025-03-28T19:17:28.915+0530][gc,task     ] GC(84) Using 2 workers of 2 for evacuation
[2025-03-28T19:17:28.922+0530][gc,phases   ] GC(84)   Pre Evacuate Collection Set: 0.2ms
[2025-03-28T19:17:28.922+0530][gc,phases   ] GC(84)   Merge Heap Roots: 0.2ms
[2025-03-28T19:17:28.922+0530][gc,phases   ] GC(84)   Evacuate Collection Set: 6.4ms
[2025-03-28T19:17:28.922+0530][gc,phases   ] GC(84)   Post Evacuate Collection Set: 0.8ms
[2025-03-28T19:17:28.922+0530][gc,phases   ] GC(84)   Other: 0.2ms
[2025-03-28T19:17:28.922+0530][gc,heap     ] GC(84) Eden regions: 44->0(50)
[2025-03-28T19:17:28.922+0530][gc,heap     ] GC(84) Survivor regions: 7->1(7)
[2025-03-28T19:17:28.922+0530][gc,heap     ] GC(84) Old regions: 65->67
[2025-03-28T19:17:28.922+0530][gc,heap     ] GC(84) Archive regions: 2->2
[2025-03-28T19:17:28.922+0530][gc,heap     ] GC(84) Humongous regions: 131->131
[2025-03-28T19:17:28.922+0530][gc,metaspace] GC(84) Metaspace: 49456K(50048K)->49456K(50048K) NonClass: 43882K(44160K)->43882K(44160K) Class: 5574K(5888K)->5574K(5888K)
[2025-03-28T19:17:28.922+0530][gc          ] GC(84) Pause Young (Normal) (G1 Evacuation Pause) 247M->199M(1024M) 7.867ms
[2025-03-28T19:17:28.922+0530][gc,cpu      ] GC(84) User=0.01s Sys=0.00s Real=0.01s
[2025-03-28T19:17:36.653+0530][gc,start    ] GC(85) Pause Young (Normal) (G1 Evacuation Pause)
[2025-03-28T19:17:36.653+0530][gc,task     ] GC(85) Using 2 workers of 2 for evacuation
[2025-03-28T19:17:36.674+0530][gc,mmu      ] GC(85) MMU target violated: 20.0ms (20.0ms/21.0ms)
[2025-03-28T19:17:36.674+0530][gc,phases   ] GC(85)   Pre Evacuate Collection Set: 0.4ms
[2025-03-28T19:17:36.674+0530][gc,phases   ] GC(85)   Merge Heap Roots: 0.2ms
[2025-03-28T19:17:36.674+0530][gc,phases   ] GC(85)   Evacuate Collection Set: 18.9ms
[2025-03-28T19:17:36.674+0530][gc,phases   ] GC(85)   Post Evacuate Collection Set: 0.5ms
[2025-03-28T19:17:36.674+0530][gc,phases   ] GC(85)   Other: 0.2ms
[2025-03-28T19:17:36.674+0530][gc,heap     ] GC(85) Eden regions: 50->0(44)
[2025-03-28T19:17:36.674+0530][gc,heap     ] GC(85) Survivor regions: 1->7(7)
[2025-03-28T19:17:36.674+0530][gc,heap     ] GC(85) Old regions: 67->67
[2025-03-28T19:17:36.674+0530][gc,heap     ] GC(85) Archive regions: 2->2
[2025-03-28T19:17:36.674+0530][gc,heap     ] GC(85) Humongous regions: 131->129
[2025-03-28T19:17:36.674+0530][gc,metaspace] GC(85) Metaspace: 49459K(50048K)->49459K(50048K) NonClass: 43885K(44160K)->43885K(44160K) Class: 5574K(5888K)->5574K(5888K)
[2025-03-28T19:17:36.674+0530][gc          ] GC(85) Pause Young (Normal) (G1 Evacuation Pause) 249M->202M(1024M) 20.341ms
[2025-03-28T19:17:36.674+0530][gc,cpu      ] GC(85) User=0.03s Sys=0.00s Real=0.02s
[2025-03-28T19:17:36.766+0530][gc,start    ] GC(86) Pause Young (Normal) (G1 Evacuation Pause)
[2025-03-28T19:17:36.766+0530][gc,task     ] GC(86) Using 2 workers of 2 for evacuation
[2025-03-28T19:17:36.772+0530][gc,phases   ] GC(86)   Pre Evacuate Collection Set: 0.3ms
[2025-03-28T19:17:36.772+0530][gc,phases   ] GC(86)   Merge Heap Roots: 0.1ms
[2025-03-28T19:17:36.772+0530][gc,phases   ] GC(86)   Evacuate Collection Set: 4.9ms
[2025-03-28T19:17:36.772+0530][gc,phases   ] GC(86)   Post Evacuate Collection Set: 0.4ms
[2025-03-28T19:17:36.772+0530][gc,phases   ] GC(86)   Other: 0.2ms
[2025-03-28T19:17:36.772+0530][gc,heap     ] GC(86) Eden regions: 44->0(70)
[2025-03-28T19:17:36.772+0530][gc,heap     ] GC(86) Survivor regions: 7->2(7)
[2025-03-28T19:17:36.772+0530][gc,heap     ] GC(86) Old regions: 67->68
[2025-03-28T19:17:36.772+0530][gc,heap     ] GC(86) Archive regions: 2->2
[2025-03-28T19:17:36.772+0530][gc,heap     ] GC(86) Humongous regions: 131->131
[2025-03-28T19:17:36.772+0530][gc,metaspace] GC(86) Metaspace: 49459K(50048K)->49459K(50048K) NonClass: 43885K(44160K)->43885K(44160K) Class: 5574K(5888K)->5574K(5888K)
[2025-03-28T19:17:36.772+0530][gc          ] GC(86) Pause Young (Normal) (G1 Evacuation Pause) 248M->201M(1024M) 6.056ms
[2025-03-28T19:17:36.772+0530][gc,cpu      ] GC(86) User=0.01s Sys=0.00s Real=0.02s
[2025-03-28T19:17:38.801+0530][gc,start    ] GC(87) Pause Young (Normal) (G1 Evacuation Pause)
[2025-03-28T19:17:38.801+0530][gc,task     ] GC(87) Using 2 workers of 2 for evacuation
[2025-03-28T19:17:38.807+0530][gc,phases   ] GC(87)   Pre Evacuate Collection Set: 0.3ms
[2025-03-28T19:17:38.807+0530][gc,phases   ] GC(87)   Merge Heap Roots: 0.1ms
[2025-03-28T19:17:38.807+0530][gc,phases   ] GC(87)   Evacuate Collection Set: 5.4ms
[2025-03-28T19:17:38.807+0530][gc,phases   ] GC(87)   Post Evacuate Collection Set: 0.6ms
[2025-03-28T19:17:38.807+0530][gc,phases   ] GC(87)   Other: 0.3ms
[2025-03-28T19:17:38.807+0530][gc,heap     ] GC(87) Eden regions: 70->0(100)
[2025-03-28T19:17:38.807+0530][gc,heap     ] GC(87) Survivor regions: 2->3(9)
[2025-03-28T19:17:38.807+0530][gc,heap     ] GC(87) Old regions: 68->68
[2025-03-28T19:17:38.808+0530][gc,heap     ] GC(87) Archive regions: 2->2
[2025-03-28T19:17:38.808+0530][gc,heap     ] GC(87) Humongous regions: 133->131
[2025-03-28T19:17:38.808+0530][gc,metaspace] GC(87) Metaspace: 49466K(50048K)->49466K(50048K) NonClass: 43892K(44160K)->43892K(44160K) Class: 5574K(5888K)->5574K(5888K)
[2025-03-28T19:17:38.808+0530][gc          ] GC(87) Pause Young (Normal) (G1 Evacuation Pause) 273M->202M(1024M) 6.763ms
[2025-03-28T19:17:38.808+0530][gc,cpu      ] GC(87) User=0.01s Sys=0.00s Real=0.01s
[2025-03-28T19:17:47.538+0530][gc,start    ] GC(88) Pause Young (Normal) (G1 Evacuation Pause)
[2025-03-28T19:17:47.697+0530][gc,task     ] GC(88) Using 2 workers of 2 for evacuation
[2025-03-28T19:17:47.962+0530][gc,mmu      ] GC(88) MMU target violated: 21.0ms (20.0ms/21.0ms)
[2025-03-28T19:17:47.962+0530][gc,phases   ] GC(88)   Pre Evacuate Collection Set: 0.5ms
[2025-03-28T19:17:47.962+0530][gc,phases   ] GC(88)   Merge Heap Roots: 0.1ms
[2025-03-28T19:17:47.962+0530][gc,phases   ] GC(88)   Evacuate Collection Set: 263.6ms
[2025-03-28T19:17:47.962+0530][gc,phases   ] GC(88)   Post Evacuate Collection Set: 0.9ms
[2025-03-28T19:17:47.962+0530][gc,phases   ] GC(88)   Other: 158.8ms
[2025-03-28T19:17:47.962+0530][gc,heap     ] GC(88) Eden regions: 100->0(134)
[2025-03-28T19:17:47.962+0530][gc,heap     ] GC(88) Survivor regions: 3->3(13)
[2025-03-28T19:17:47.962+0530][gc,heap     ] GC(88) Old regions: 68->68
[2025-03-28T19:17:47.962+0530][gc,heap     ] GC(88) Archive regions: 2->2
[2025-03-28T19:17:47.962+0530][gc,heap     ] GC(88) Humongous regions: 133->131
[2025-03-28T19:17:47.962+0530][gc,metaspace] GC(88) Metaspace: 49487K(50176K)->49487K(50176K) NonClass: 43911K(44288K)->43911K(44288K) Class: 5576K(5888K)->5576K(5888K)
[2025-03-28T19:17:47.962+0530][gc          ] GC(88) Pause Young (Normal) (G1 Evacuation Pause) 304M->202M(1024M) 424.143ms
[2025-03-28T19:17:47.962+0530][gc,cpu      ] GC(88) User=0.21s Sys=0.03s Real=0.42s
[2025-03-28T19:17:49.631+0530][gc,start    ] GC(89) Pause Young (Normal) (G1 Evacuation Pause)
[2025-03-28T19:17:49.631+0530][gc,task     ] GC(89) Using 2 workers of 2 for evacuation
[2025-03-28T19:17:49.659+0530][gc,mmu      ] GC(89) MMU target violated: 21.0ms (20.0ms/21.0ms)
[2025-03-28T19:17:49.660+0530][gc,phases   ] GC(89)   Pre Evacuate Collection Set: 0.2ms
[2025-03-28T19:17:49.660+0530][gc,phases   ] GC(89)   Merge Heap Roots: 0.1ms
[2025-03-28T19:17:49.660+0530][gc,phases   ] GC(89)   Evacuate Collection Set: 25.8ms
[2025-03-28T19:17:49.660+0530][gc,phases   ] GC(89)   Post Evacuate Collection Set: 2.3ms
[2025-03-28T19:17:49.660+0530][gc,phases   ] GC(89)   Other: 0.3ms
[2025-03-28T19:17:49.660+0530][gc,heap     ] GC(89) Eden regions: 126->0(48)
[2025-03-28T19:17:49.660+0530][gc,heap     ] GC(89) Survivor regions: 3->3(17)
[2025-03-28T19:17:49.660+0530][gc,heap     ] GC(89) Old regions: 68->68
[2025-03-28T19:17:49.660+0530][gc,heap     ] GC(89) Archive regions: 2->2
[2025-03-28T19:17:49.660+0530][gc,heap     ] GC(89) Humongous regions: 133->131
[2025-03-28T19:17:49.660+0530][gc,metaspace] GC(89) Metaspace: 49501K(50176K)->49501K(50176K) NonClass: 43924K(44288K)->43924K(44288K) Class: 5576K(5888K)->5576K(5888K)
[2025-03-28T19:17:49.660+0530][gc          ] GC(89) Pause Young (Normal) (G1 Evacuation Pause) 330M->202M(1024M) 29.009ms
[2025-03-28T19:17:49.660+0530][gc,cpu      ] GC(89) User=0.02s Sys=0.00s Real=0.04s
[2025-03-28T19:17:56.710+0530][gc,start    ] GC(90) Pause Young (Normal) (G1 Evacuation Pause)
[2025-03-28T19:17:56.710+0530][gc,task     ] GC(90) Using 2 workers of 2 for evacuation
[2025-03-28T19:17:56.740+0530][gc,mmu      ] GC(90) MMU target violated: 21.0ms (20.0ms/21.0ms)
[2025-03-28T19:17:56.740+0530][gc,phases   ] GC(90)   Pre Evacuate Collection Set: 0.3ms
[2025-03-28T19:17:56.740+0530][gc,phases   ] GC(90)   Merge Heap Roots: 0.1ms
[2025-03-28T19:17:56.740+0530][gc,phases   ] GC(90)   Evacuate Collection Set: 28.3ms
[2025-03-28T19:17:56.740+0530][gc,phases   ] GC(90)   Post Evacuate Collection Set: 0.8ms
[2025-03-28T19:17:56.740+0530][gc,phases   ] GC(90)   Other: 0.2ms
[2025-03-28T19:17:56.740+0530][gc,heap     ] GC(90) Eden regions: 48->0(45)
[2025-03-28T19:17:56.740+0530][gc,heap     ] GC(90) Survivor regions: 3->6(7)
[2025-03-28T19:17:56.740+0530][gc,heap     ] GC(90) Old regions: 68->68
[2025-03-28T19:17:56.740+0530][gc,heap     ] GC(90) Archive regions: 2->2
[2025-03-28T19:17:56.740+0530][gc,heap     ] GC(90) Humongous regions: 131->129
[2025-03-28T19:17:56.740+0530][gc,metaspace] GC(90) Metaspace: 49530K(50176K)->49530K(50176K) NonClass: 43953K(44288K)->43953K(44288K) Class: 5576K(5888K)->5576K(5888K)
[2025-03-28T19:17:56.742+0530][gc          ] GC(90) Pause Young (Normal) (G1 Evacuation Pause) 250M->203M(1024M) 31.862ms
[2025-03-28T19:17:56.742+0530][gc,cpu      ] GC(90) User=0.02s Sys=0.00s Real=0.03s
[2025-03-28T19:17:57.015+0530][gc,start    ] GC(91) Pause Young (Normal) (G1 Evacuation Pause)
[2025-03-28T19:17:57.015+0530][gc,task     ] GC(91) Using 2 workers of 2 for evacuation
[2025-03-28T19:17:57.044+0530][gc,mmu      ] GC(91) MMU target violated: 21.0ms (20.0ms/21.0ms)
[2025-03-28T19:17:57.044+0530][gc,phases   ] GC(91)   Pre Evacuate Collection Set: 0.2ms
[2025-03-28T19:17:57.044+0530][gc,phases   ] GC(91)   Merge Heap Roots: 0.1ms
[2025-03-28T19:17:57.044+0530][gc,phases   ] GC(91)   Evacuate Collection Set: 27.2ms
[2025-03-28T19:17:57.044+0530][gc,phases   ] GC(91)   Post Evacuate Collection Set: 1.3ms
[2025-03-28T19:17:57.044+0530][gc,phases   ] GC(91)   Other: 0.2ms
[2025-03-28T19:17:57.044+0530][gc,heap     ] GC(91) Eden regions: 45->0(49)
[2025-03-28T19:17:57.044+0530][gc,heap     ] GC(91) Survivor regions: 6->2(7)
[2025-03-28T19:17:57.044+0530][gc,heap     ] GC(91) Old regions: 68->69
[2025-03-28T19:17:57.044+0530][gc,heap     ] GC(91) Archive regions: 2->2
[2025-03-28T19:17:57.044+0530][gc,heap     ] GC(91) Humongous regions: 131->131
[2025-03-28T19:17:57.044+0530][gc,metaspace] GC(91) Metaspace: 49530K(50176K)->49530K(50176K) NonClass: 43953K(44288K)->43953K(44288K) Class: 5576K(5888K)->5576K(5888K)
[2025-03-28T19:17:57.044+0530][gc          ] GC(91) Pause Young (Normal) (G1 Evacuation Pause) 250M->202M(1024M) 29.202ms
[2025-03-28T19:17:57.044+0530][gc,cpu      ] GC(91) User=0.01s Sys=0.00s Real=0.02s
[2025-03-28T19:17:59.534+0530][gc,start    ] GC(92) Pause Young (Normal) (G1 Evacuation Pause)
[2025-03-28T19:17:59.534+0530][gc,task     ] GC(92) Using 2 workers of 2 for evacuation
[2025-03-28T19:17:59.546+0530][gc,phases   ] GC(92)   Pre Evacuate Collection Set: 0.5ms
[2025-03-28T19:17:59.546+0530][gc,phases   ] GC(92)   Merge Heap Roots: 0.3ms
[2025-03-28T19:17:59.546+0530][gc,phases   ] GC(92)   Evacuate Collection Set: 9.4ms
[2025-03-28T19:17:59.546+0530][gc,phases   ] GC(92)   Post Evacuate Collection Set: 1.2ms
[2025-03-28T19:17:59.546+0530][gc,phases   ] GC(92)   Other: 0.4ms
[2025-03-28T19:17:59.546+0530][gc,heap     ] GC(92) Eden regions: 49->0(46)
[2025-03-28T19:17:59.546+0530][gc,heap     ] GC(92) Survivor regions: 2->5(7)
[2025-03-28T19:17:59.546+0530][gc,heap     ] GC(92) Old regions: 69->69
[2025-03-28T19:17:59.546+0530][gc,heap     ] GC(92) Archive regions: 2->2
[2025-03-28T19:17:59.546+0530][gc,heap     ] GC(92) Humongous regions: 131->129
[2025-03-28T19:17:59.546+0530][gc,metaspace] GC(92) Metaspace: 49532K(50176K)->49532K(50176K) NonClass: 43955K(44288K)->43955K(44288K) Class: 5576K(5888K)->5576K(5888K)
[2025-03-28T19:17:59.546+0530][gc          ] GC(92) Pause Young (Normal) (G1 Evacuation Pause) 251M->203M(1024M) 12.105ms
[2025-03-28T19:17:59.546+0530][gc,cpu      ] GC(92) User=0.02s Sys=0.00s Real=0.02s
[2025-03-28T19:17:59.769+0530][gc,start    ] GC(93) Pause Young (Normal) (G1 Evacuation Pause)
[2025-03-28T19:17:59.769+0530][gc,task     ] GC(93) Using 2 workers of 2 for evacuation
[2025-03-28T19:17:59.783+0530][gc,phases   ] GC(93)   Pre Evacuate Collection Set: 0.2ms
[2025-03-28T19:17:59.783+0530][gc,phases   ] GC(93)   Merge Heap Roots: 0.1ms
[2025-03-28T19:17:59.783+0530][gc,phases   ] GC(93)   Evacuate Collection Set: 12.9ms
[2025-03-28T19:17:59.783+0530][gc,phases   ] GC(93)   Post Evacuate Collection Set: 0.4ms
[2025-03-28T19:17:59.783+0530][gc,phases   ] GC(93)   Other: 0.2ms
[2025-03-28T19:17:59.783+0530][gc,heap     ] GC(93) Eden regions: 46->0(81)
[2025-03-28T19:17:59.783+0530][gc,heap     ] GC(93) Survivor regions: 5->2(7)
[2025-03-28T19:17:59.783+0530][gc,heap     ] GC(93) Old regions: 69->70
[2025-03-28T19:17:59.783+0530][gc,heap     ] GC(93) Archive regions: 2->2
[2025-03-28T19:17:59.783+0530][gc,heap     ] GC(93) Humongous regions: 131->131
[2025-03-28T19:17:59.783+0530][gc,metaspace] GC(93) Metaspace: 49534K(50176K)->49534K(50176K) NonClass: 43957K(44288K)->43957K(44288K) Class: 5576K(5888K)->5576K(5888K)
[2025-03-28T19:17:59.783+0530][gc          ] GC(93) Pause Young (Normal) (G1 Evacuation Pause) 251M->203M(1024M) 13.992ms
[2025-03-28T19:17:59.783+0530][gc,cpu      ] GC(93) User=0.01s Sys=0.00s Real=0.01s
[2025-03-28T19:18:07.008+0530][gc,start    ] GC(94) Pause Young (Normal) (G1 Evacuation Pause)
[2025-03-28T19:18:07.008+0530][gc,task     ] GC(94) Using 2 workers of 2 for evacuation
[2025-03-28T19:18:07.054+0530][gc,mmu      ] GC(94) MMU target violated: 21.0ms (20.0ms/21.0ms)
[2025-03-28T19:18:07.054+0530][gc,phases   ] GC(94)   Pre Evacuate Collection Set: 0.4ms
[2025-03-28T19:18:07.054+0530][gc,phases   ] GC(94)   Merge Heap Roots: 0.3ms
[2025-03-28T19:18:07.054+0530][gc,phases   ] GC(94)   Evacuate Collection Set: 43.5ms
[2025-03-28T19:18:07.054+0530][gc,phases   ] GC(94)   Post Evacuate Collection Set: 1.0ms
[2025-03-28T19:18:07.054+0530][gc,phases   ] GC(94)   Other: 0.4ms
[2025-03-28T19:18:07.054+0530][gc,heap     ] GC(94) Eden regions: 81->0(43)
[2025-03-28T19:18:07.054+0530][gc,heap     ] GC(94) Survivor regions: 2->8(11)
[2025-03-28T19:18:07.054+0530][gc,heap     ] GC(94) Old regions: 70->70
[2025-03-28T19:18:07.054+0530][gc,heap     ] GC(94) Archive regions: 2->2
[2025-03-28T19:18:07.054+0530][gc,heap     ] GC(94) Humongous regions: 131->129
[2025-03-28T19:18:07.054+0530][gc,metaspace] GC(94) Metaspace: 49557K(50240K)->49557K(50240K) NonClass: 43980K(44352K)->43980K(44352K) Class: 5576K(5888K)->5576K(5888K)
[2025-03-28T19:18:07.054+0530][gc          ] GC(94) Pause Young (Normal) (G1 Evacuation Pause) 284M->207M(1024M) 45.737ms
[2025-03-28T19:18:07.054+0530][gc,cpu      ] GC(94) User=0.04s Sys=0.01s Real=0.04s
[2025-03-28T19:18:08.562+0530][gc,start    ] GC(95) Pause Young (Normal) (G1 Evacuation Pause)
[2025-03-28T19:18:08.562+0530][gc,task     ] GC(95) Using 2 workers of 2 for evacuation
[2025-03-28T19:18:08.584+0530][gc,mmu      ] GC(95) MMU target violated: 21.0ms (20.0ms/21.0ms)
[2025-03-28T19:18:08.585+0530][gc,phases   ] GC(95)   Pre Evacuate Collection Set: 0.9ms
[2025-03-28T19:18:08.585+0530][gc,phases   ] GC(95)   Merge Heap Roots: 0.3ms
[2025-03-28T19:18:08.585+0530][gc,phases   ] GC(95)   Evacuate Collection Set: 17.9ms
[2025-03-28T19:18:08.585+0530][gc,phases   ] GC(95)   Post Evacuate Collection Set: 3.4ms
[2025-03-28T19:18:08.585+0530][gc,phases   ] GC(95)   Other: 3.3ms
[2025-03-28T19:18:08.585+0530][gc,heap     ] GC(95) Eden regions: 43->0(50)
[2025-03-28T19:18:08.585+0530][gc,heap     ] GC(95) Survivor regions: 8->1(7)
[2025-03-28T19:18:08.585+0530][gc,heap     ] GC(95) Old regions: 70->70
[2025-03-28T19:18:08.585+0530][gc,heap     ] GC(95) Archive regions: 2->2
[2025-03-28T19:18:08.585+0530][gc,heap     ] GC(95) Humongous regions: 131->129
[2025-03-28T19:18:08.585+0530][gc,metaspace] GC(95) Metaspace: 49568K(50240K)->49568K(50240K) NonClass: 43991K(44352K)->43991K(44352K) Class: 5576K(5888K)->5576K(5888K)
[2025-03-28T19:18:08.585+0530][gc          ] GC(95) Pause Young (Normal) (G1 Evacuation Pause) 252M->200M(1024M) 26.317ms
[2025-03-28T19:18:08.585+0530][gc,cpu      ] GC(95) User=0.02s Sys=0.01s Real=0.04s
[2025-03-28T19:18:08.791+0530][gc,start    ] GC(96) Pause Young (Normal) (G1 Evacuation Pause)
[2025-03-28T19:18:08.791+0530][gc,task     ] GC(96) Using 2 workers of 2 for evacuation
[2025-03-28T19:18:08.799+0530][gc,phases   ] GC(96)   Pre Evacuate Collection Set: 0.2ms
[2025-03-28T19:18:08.799+0530][gc,phases   ] GC(96)   Merge Heap Roots: 0.1ms
[2025-03-28T19:18:08.799+0530][gc,phases   ] GC(96)   Evacuate Collection Set: 7.5ms
[2025-03-28T19:18:08.799+0530][gc,phases   ] GC(96)   Post Evacuate Collection Set: 0.6ms
[2025-03-28T19:18:08.799+0530][gc,phases   ] GC(96)   Other: 0.2ms
[2025-03-28T19:18:08.799+0530][gc,heap     ] GC(96) Eden regions: 50->0(44)
[2025-03-28T19:18:08.799+0530][gc,heap     ] GC(96) Survivor regions: 1->7(7)
[2025-03-28T19:18:08.799+0530][gc,heap     ] GC(96) Old regions: 70->70
[2025-03-28T19:18:08.799+0530][gc,heap     ] GC(96) Archive regions: 2->2
[2025-03-28T19:18:08.799+0530][gc,heap     ] GC(96) Humongous regions: 129->129
[2025-03-28T19:18:08.799+0530][gc,metaspace] GC(96) Metaspace: 49574K(50240K)->49574K(50240K) NonClass: 43997K(44352K)->43997K(44352K) Class: 5576K(5888K)->5576K(5888K)
[2025-03-28T19:18:08.799+0530][gc          ] GC(96) Pause Young (Normal) (G1 Evacuation Pause) 250M->206M(1024M) 8.658ms
[2025-03-28T19:18:08.799+0530][gc,cpu      ] GC(96) User=0.02s Sys=0.00s Real=0.01s
[2025-03-28T19:18:08.882+0530][gc,start    ] GC(97) Pause Young (Normal) (G1 Evacuation Pause)
[2025-03-28T19:18:08.882+0530][gc,task     ] GC(97) Using 2 workers of 2 for evacuation
[2025-03-28T19:18:08.888+0530][gc,phases   ] GC(97)   Pre Evacuate Collection Set: 0.2ms
[2025-03-28T19:18:08.888+0530][gc,phases   ] GC(97)   Merge Heap Roots: 0.1ms
[2025-03-28T19:18:08.888+0530][gc,phases   ] GC(97)   Evacuate Collection Set: 5.0ms
[2025-03-28T19:18:08.888+0530][gc,phases   ] GC(97)   Post Evacuate Collection Set: 0.4ms
[2025-03-28T19:18:08.888+0530][gc,phases   ] GC(97)   Other: 0.2ms
[2025-03-28T19:18:08.888+0530][gc,heap     ] GC(97) Eden regions: 44->0(58)
[2025-03-28T19:18:08.888+0530][gc,heap     ] GC(97) Survivor regions: 7->2(7)
[2025-03-28T19:18:08.888+0530][gc,heap     ] GC(97) Old regions: 70->72
[2025-03-28T19:18:08.888+0530][gc,heap     ] GC(97) Archive regions: 2->2
[2025-03-28T19:18:08.888+0530][gc,heap     ] GC(97) Humongous regions: 131->131
[2025-03-28T19:18:08.888+0530][gc,metaspace] GC(97) Metaspace: 49574K(50240K)->49574K(50240K) NonClass: 43998K(44352K)->43998K(44352K) Class: 5576K(5888K)->5576K(5888K)
[2025-03-28T19:18:08.888+0530][gc          ] GC(97) Pause Young (Normal) (G1 Evacuation Pause) 252M->204M(1024M) 6.048ms
[2025-03-28T19:18:08.888+0530][gc,cpu      ] GC(97) User=0.01s Sys=0.00s Real=0.01s
[2025-03-28T19:18:16.698+0530][gc,start    ] GC(98) Pause Young (Normal) (G1 Evacuation Pause)
[2025-03-28T19:18:16.698+0530][gc,task     ] GC(98) Using 2 workers of 2 for evacuation
[2025-03-28T19:18:16.744+0530][gc,mmu      ] GC(98) MMU target violated: 21.0ms (20.0ms/21.0ms)
[2025-03-28T19:18:16.744+0530][gc,phases   ] GC(98)   Pre Evacuate Collection Set: 0.3ms
[2025-03-28T19:18:16.744+0530][gc,phases   ] GC(98)   Merge Heap Roots: 0.1ms
[2025-03-28T19:18:16.744+0530][gc,phases   ] GC(98)   Evacuate Collection Set: 29.9ms
[2025-03-28T19:18:16.744+0530][gc,phases   ] GC(98)   Post Evacuate Collection Set: 14.9ms
[2025-03-28T19:18:16.744+0530][gc,phases   ] GC(98)   Other: 0.2ms
[2025-03-28T19:18:16.744+0530][gc,heap     ] GC(98) Eden regions: 58->0(43)
[2025-03-28T19:18:16.744+0530][gc,heap     ] GC(98) Survivor regions: 2->8(8)
[2025-03-28T19:18:16.744+0530][gc,heap     ] GC(98) Old regions: 72->72
[2025-03-28T19:18:16.744+0530][gc,heap     ] GC(98) Archive regions: 2->2
[2025-03-28T19:18:16.744+0530][gc,heap     ] GC(98) Humongous regions: 131->129
[2025-03-28T19:18:16.744+0530][gc,metaspace] GC(98) Metaspace: 49577K(50240K)->49577K(50240K) NonClass: 44001K(44352K)->44001K(44352K) Class: 5576K(5888K)->5576K(5888K)
[2025-03-28T19:18:16.744+0530][gc          ] GC(98) Pause Young (Normal) (G1 Evacuation Pause) 262M->208M(1024M) 45.526ms
[2025-03-28T19:18:16.744+0530][gc,cpu      ] GC(98) User=0.01s Sys=0.00s Real=0.06s
[2025-03-28T19:18:16.869+0530][gc,start    ] GC(99) Pause Young (Normal) (G1 Evacuation Pause)
[2025-03-28T19:18:16.869+0530][gc,task     ] GC(99) Using 2 workers of 2 for evacuation
[2025-03-28T19:18:16.875+0530][gc,phases   ] GC(99)   Pre Evacuate Collection Set: 0.2ms
[2025-03-28T19:18:16.875+0530][gc,phases   ] GC(99)   Merge Heap Roots: 0.1ms
[2025-03-28T19:18:16.875+0530][gc,phases   ] GC(99)   Evacuate Collection Set: 4.4ms
[2025-03-28T19:18:16.875+0530][gc,phases   ] GC(99)   Post Evacuate Collection Set: 1.0ms
[2025-03-28T19:18:16.875+0530][gc,phases   ] GC(99)   Other: 0.2ms
[2025-03-28T19:18:16.875+0530][gc,heap     ] GC(99) Eden regions: 43->0(54)
[2025-03-28T19:18:16.875+0530][gc,heap     ] GC(99) Survivor regions: 8->1(7)
[2025-03-28T19:18:16.875+0530][gc,heap     ] GC(99) Old regions: 72->73
[2025-03-28T19:18:16.875+0530][gc,heap     ] GC(99) Archive regions: 2->2
[2025-03-28T19:18:16.875+0530][gc,heap     ] GC(99) Humongous regions: 131->131
[2025-03-28T19:18:16.875+0530][gc,metaspace] GC(99) Metaspace: 49578K(50240K)->49578K(50240K) NonClass: 44001K(44352K)->44001K(44352K) Class: 5576K(5888K)->5576K(5888K)
[2025-03-28T19:18:16.875+0530][gc          ] GC(99) Pause Young (Normal) (G1 Evacuation Pause) 253M->205M(1024M) 5.929ms
[2025-03-28T19:18:16.875+0530][gc,cpu      ] GC(99) User=0.01s Sys=0.00s Real=0.01s
[2025-03-28T19:18:18.683+0530][gc,start    ] GC(100) Pause Young (Normal) (G1 Evacuation Pause)
[2025-03-28T19:18:18.683+0530][gc,task     ] GC(100) Using 2 workers of 2 for evacuation
[2025-03-28T19:18:18.694+0530][gc,phases   ] GC(100)   Pre Evacuate Collection Set: 0.3ms
[2025-03-28T19:18:18.694+0530][gc,phases   ] GC(100)   Merge Heap Roots: 0.1ms
[2025-03-28T19:18:18.694+0530][gc,phases   ] GC(100)   Evacuate Collection Set: 9.6ms
[2025-03-28T19:18:18.694+0530][gc,phases   ] GC(100)   Post Evacuate Collection Set: 0.5ms
[2025-03-28T19:18:18.694+0530][gc,phases   ] GC(100)   Other: 0.2ms
[2025-03-28T19:18:18.694+0530][gc,heap     ] GC(100) Eden regions: 54->0(53)
[2025-03-28T19:18:18.694+0530][gc,heap     ] GC(100) Survivor regions: 1->7(7)
[2025-03-28T19:18:18.694+0530][gc,heap     ] GC(100) Old regions: 73->73
[2025-03-28T19:18:18.694+0530][gc,heap     ] GC(100) Archive regions: 2->2
[2025-03-28T19:18:18.694+0530][gc,heap     ] GC(100) Humongous regions: 131->129
[2025-03-28T19:18:18.694+0530][gc,metaspace] GC(100) Metaspace: 49580K(50240K)->49580K(50240K) NonClass: 44003K(44352K)->44003K(44352K) Class: 5576K(5888K)->5576K(5888K)
[2025-03-28T19:18:18.694+0530][gc          ] GC(100) Pause Young (Normal) (G1 Evacuation Pause) 259M->209M(1024M) 10.784ms
[2025-03-28T19:18:18.694+0530][gc,cpu      ] GC(100) User=0.01s Sys=0.00s Real=0.01s
[2025-03-28T19:18:23.516+0530][gc,start    ] GC(101) Pause Young (Normal) (G1 Evacuation Pause)
[2025-03-28T19:18:23.517+0530][gc,task     ] GC(101) Using 2 workers of 2 for evacuation
[2025-03-28T19:18:23.539+0530][gc,mmu      ] GC(101) MMU target violated: 21.0ms (20.0ms/21.0ms)
[2025-03-28T19:18:23.540+0530][gc,phases   ] GC(101)   Pre Evacuate Collection Set: 1.1ms
[2025-03-28T19:18:23.540+0530][gc,phases   ] GC(101)   Merge Heap Roots: 0.4ms
[2025-03-28T19:18:23.540+0530][gc,phases   ] GC(101)   Evacuate Collection Set: 15.4ms
[2025-03-28T19:18:23.540+0530][gc,phases   ] GC(101)   Post Evacuate Collection Set: 5.4ms
[2025-03-28T19:18:23.540+0530][gc,phases   ] GC(101)   Other: 1.3ms
[2025-03-28T19:18:23.540+0530][gc,heap     ] GC(101) Eden regions: 53->0(50)
[2025-03-28T19:18:23.540+0530][gc,heap     ] GC(101) Survivor regions: 7->1(8)
[2025-03-28T19:18:23.540+0530][gc,heap     ] GC(101) Old regions: 73->73
[2025-03-28T19:18:23.540+0530][gc,heap     ] GC(101) Archive regions: 2->2
[2025-03-28T19:18:23.540+0530][gc,heap     ] GC(101) Humongous regions: 131->129
[2025-03-28T19:18:23.540+0530][gc,metaspace] GC(101) Metaspace: 49608K(50240K)->49608K(50240K) NonClass: 44031K(44352K)->44031K(44352K) Class: 5576K(5888K)->5576K(5888K)
[2025-03-28T19:18:23.541+0530][gc          ] GC(101) Pause Young (Normal) (G1 Evacuation Pause) 264M->203M(1024M) 24.144ms
[2025-03-28T19:18:23.541+0530][gc,cpu      ] GC(101) User=0.02s Sys=0.01s Real=0.02s
[2025-03-28T19:18:26.831+0530][gc,start    ] GC(102) Pause Young (Normal) (G1 Evacuation Pause)
[2025-03-28T19:18:26.831+0530][gc,task     ] GC(102) Using 2 workers of 2 for evacuation
[2025-03-28T19:18:26.883+0530][gc,mmu      ] GC(102) MMU target violated: 21.0ms (20.0ms/21.0ms)
[2025-03-28T19:18:26.883+0530][gc,phases   ] GC(102)   Pre Evacuate Collection Set: 0.3ms
[2025-03-28T19:18:26.883+0530][gc,phases   ] GC(102)   Merge Heap Roots: 2.2ms
[2025-03-28T19:18:26.883+0530][gc,phases   ] GC(102)   Evacuate Collection Set: 48.5ms
[2025-03-28T19:18:26.883+0530][gc,phases   ] GC(102)   Post Evacuate Collection Set: 0.7ms
[2025-03-28T19:18:26.883+0530][gc,phases   ] GC(102)   Other: 0.2ms
[2025-03-28T19:18:26.883+0530][gc,heap     ] GC(102) Eden regions: 50->0(44)
[2025-03-28T19:18:26.883+0530][gc,heap     ] GC(102) Survivor regions: 1->7(7)
[2025-03-28T19:18:26.883+0530][gc,heap     ] GC(102) Old regions: 73->73
[2025-03-28T19:18:26.883+0530][gc,heap     ] GC(102) Archive regions: 2->2
[2025-03-28T19:18:26.883+0530][gc,heap     ] GC(102) Humongous regions: 129->129
[2025-03-28T19:18:26.883+0530][gc,metaspace] GC(102) Metaspace: 49610K(50240K)->49610K(50240K) NonClass: 44033K(44352K)->44033K(44352K) Class: 5576K(5888K)->5576K(5888K)
[2025-03-28T19:18:26.883+0530][gc          ] GC(102) Pause Young (Normal) (G1 Evacuation Pause) 253M->209M(1024M) 52.099ms
[2025-03-28T19:18:26.883+0530][gc,cpu      ] GC(102) User=0.04s Sys=0.00s Real=0.05s
[2025-03-28T19:18:27.041+0530][gc,start    ] GC(103) Pause Young (Normal) (G1 Evacuation Pause)
[2025-03-28T19:18:27.041+0530][gc,task     ] GC(103) Using 2 workers of 2 for evacuation
[2025-03-28T19:18:27.057+0530][gc,phases   ] GC(103)   Pre Evacuate Collection Set: 0.2ms
[2025-03-28T19:18:27.057+0530][gc,phases   ] GC(103)   Merge Heap Roots: 0.1ms
[2025-03-28T19:18:27.057+0530][gc,phases   ] GC(103)   Evacuate Collection Set: 15.6ms
[2025-03-28T19:18:27.057+0530][gc,phases   ] GC(103)   Post Evacuate Collection Set: 0.6ms
[2025-03-28T19:18:27.057+0530][gc,phases   ] GC(103)   Other: 0.2ms
[2025-03-28T19:18:27.057+0530][gc,heap     ] GC(103) Eden regions: 44->0(50)
[2025-03-28T19:18:27.057+0530][gc,heap     ] GC(103) Survivor regions: 7->1(7)
[2025-03-28T19:18:27.057+0530][gc,heap     ] GC(103) Old regions: 73->75
[2025-03-28T19:18:27.057+0530][gc,heap     ] GC(103) Archive regions: 2->2
[2025-03-28T19:18:27.057+0530][gc,heap     ] GC(103) Humongous regions: 131->131
[2025-03-28T19:18:27.057+0530][gc,metaspace] GC(103) Metaspace: 49610K(50240K)->49610K(50240K) NonClass: 44033K(44352K)->44033K(44352K) Class: 5576K(5888K)->5576K(5888K)
[2025-03-28T19:18:27.057+0530][gc          ] GC(103) Pause Young (Normal) (G1 Evacuation Pause) 255M->207M(1024M) 16.742ms
[2025-03-28T19:18:27.057+0530][gc,cpu      ] GC(103) User=0.02s Sys=0.00s Real=0.02s
[2025-03-28T19:18:28.748+0530][gc,start    ] GC(104) Pause Young (Normal) (G1 Evacuation Pause)
[2025-03-28T19:18:28.748+0530][gc,task     ] GC(104) Using 2 workers of 2 for evacuation
[2025-03-28T19:18:28.756+0530][gc,phases   ] GC(104)   Pre Evacuate Collection Set: 0.2ms
[2025-03-28T19:18:28.756+0530][gc,phases   ] GC(104)   Merge Heap Roots: 0.1ms
[2025-03-28T19:18:28.756+0530][gc,phases   ] GC(104)   Evacuate Collection Set: 7.3ms
[2025-03-28T19:18:28.756+0530][gc,phases   ] GC(104)   Post Evacuate Collection Set: 0.9ms
[2025-03-28T19:18:28.756+0530][gc,phases   ] GC(104)   Other: 0.4ms
[2025-03-28T19:18:28.756+0530][gc,heap     ] GC(104) Eden regions: 50->0(44)
[2025-03-28T19:18:28.756+0530][gc,heap     ] GC(104) Survivor regions: 1->7(7)
[2025-03-28T19:18:28.756+0530][gc,heap     ] GC(104) Old regions: 75->75
[2025-03-28T19:18:28.756+0530][gc,heap     ] GC(104) Archive regions: 2->2
[2025-03-28T19:18:28.756+0530][gc,heap     ] GC(104) Humongous regions: 131->129
[2025-03-28T19:18:28.756+0530][gc,metaspace] GC(104) Metaspace: 49612K(50240K)->49612K(50240K) NonClass: 44035K(44352K)->44035K(44352K) Class: 5576K(5888K)->5576K(5888K)
[2025-03-28T19:18:28.756+0530][gc          ] GC(104) Pause Young (Normal) (G1 Evacuation Pause) 257M->210M(1024M) 8.947ms
[2025-03-28T19:18:28.756+0530][gc,cpu      ] GC(104) User=0.02s Sys=0.00s Real=0.02s
[2025-03-28T19:18:28.879+0530][gc,start    ] GC(105) Pause Young (Normal) (G1 Evacuation Pause)
[2025-03-28T19:18:28.879+0530][gc,task     ] GC(105) Using 2 workers of 2 for evacuation
[2025-03-28T19:18:28.891+0530][gc,phases   ] GC(105)   Pre Evacuate Collection Set: 0.2ms
[2025-03-28T19:18:28.891+0530][gc,phases   ] GC(105)   Merge Heap Roots: 0.1ms
[2025-03-28T19:18:28.891+0530][gc,phases   ] GC(105)   Evacuate Collection Set: 4.6ms
[2025-03-28T19:18:28.891+0530][gc,phases   ] GC(105)   Post Evacuate Collection Set: 6.2ms
[2025-03-28T19:18:28.891+0530][gc,phases   ] GC(105)   Other: 0.2ms
[2025-03-28T19:18:28.891+0530][gc,heap     ] GC(105) Eden regions: 44->0(49)
[2025-03-28T19:18:28.891+0530][gc,heap     ] GC(105) Survivor regions: 7->2(7)
[2025-03-28T19:18:28.891+0530][gc,heap     ] GC(105) Old regions: 75->76
[2025-03-28T19:18:28.891+0530][gc,heap     ] GC(105) Archive regions: 2->2
[2025-03-28T19:18:28.891+0530][gc,heap     ] GC(105) Humongous regions: 131->131
[2025-03-28T19:18:28.891+0530][gc,metaspace] GC(105) Metaspace: 49612K(50240K)->49612K(50240K) NonClass: 44035K(44352K)->44035K(44352K) Class: 5576K(5888K)->5576K(5888K)
[2025-03-28T19:18:28.891+0530][gc          ] GC(105) Pause Young (Normal) (G1 Evacuation Pause) 256M->209M(1024M) 11.582ms
[2025-03-28T19:18:28.891+0530][gc,cpu      ] GC(105) User=0.01s Sys=0.00s Real=0.01s
[2025-03-28T19:18:36.540+0530][gc,start    ] GC(106) Pause Young (Normal) (G1 Evacuation Pause)
[2025-03-28T19:18:36.540+0530][gc,task     ] GC(106) Using 2 workers of 2 for evacuation
[2025-03-28T19:18:36.571+0530][gc,mmu      ] GC(106) MMU target violated: 21.0ms (20.0ms/21.0ms)
[2025-03-28T19:18:36.571+0530][gc,phases   ] GC(106)   Pre Evacuate Collection Set: 0.5ms
[2025-03-28T19:18:36.571+0530][gc,phases   ] GC(106)   Merge Heap Roots: 0.3ms
[2025-03-28T19:18:36.571+0530][gc,phases   ] GC(106)   Evacuate Collection Set: 28.7ms
[2025-03-28T19:18:36.571+0530][gc,phases   ] GC(106)   Post Evacuate Collection Set: 0.7ms
[2025-03-28T19:18:36.571+0530][gc,phases   ] GC(106)   Other: 0.2ms
[2025-03-28T19:18:36.571+0530][gc,heap     ] GC(106) Eden regions: 49->0(45)
[2025-03-28T19:18:36.571+0530][gc,heap     ] GC(106) Survivor regions: 2->6(7)
[2025-03-28T19:18:36.571+0530][gc,heap     ] GC(106) Old regions: 76->76
[2025-03-28T19:18:36.571+0530][gc,heap     ] GC(106) Archive regions: 2->2
[2025-03-28T19:18:36.571+0530][gc,heap     ] GC(106) Humongous regions: 131->129
[2025-03-28T19:18:36.571+0530][gc,metaspace] GC(106) Metaspace: 49613K(50240K)->49613K(50240K) NonClass: 44037K(44352K)->44037K(44352K) Class: 5576K(5888K)->5576K(5888K)
[2025-03-28T19:18:36.571+0530][gc          ] GC(106) Pause Young (Normal) (G1 Evacuation Pause) 258M->210M(1024M) 30.568ms
[2025-03-28T19:18:36.571+0530][gc,cpu      ] GC(106) User=0.02s Sys=0.00s Real=0.04s
[2025-03-28T19:18:36.792+0530][gc,start    ] GC(107) Pause Young (Normal) (G1 Evacuation Pause)
[2025-03-28T19:18:36.792+0530][gc,task     ] GC(107) Using 2 workers of 2 for evacuation
[2025-03-28T19:18:36.798+0530][gc,phases   ] GC(107)   Pre Evacuate Collection Set: 0.2ms
[2025-03-28T19:18:36.798+0530][gc,phases   ] GC(107)   Merge Heap Roots: 0.1ms
[2025-03-28T19:18:36.798+0530][gc,phases   ] GC(107)   Evacuate Collection Set: 4.9ms
[2025-03-28T19:18:36.798+0530][gc,phases   ] GC(107)   Post Evacuate Collection Set: 1.2ms
[2025-03-28T19:18:36.798+0530][gc,phases   ] GC(107)   Other: 0.1ms
[2025-03-28T19:18:36.798+0530][gc,heap     ] GC(107) Eden regions: 45->0(65)
[2025-03-28T19:18:36.798+0530][gc,heap     ] GC(107) Survivor regions: 6->2(7)
[2025-03-28T19:18:36.798+0530][gc,heap     ] GC(107) Old regions: 76->77
[2025-03-28T19:18:36.798+0530][gc,heap     ] GC(107) Archive regions: 2->2
[2025-03-28T19:18:36.798+0530][gc,heap     ] GC(107) Humongous regions: 131->131
[2025-03-28T19:18:36.798+0530][gc,metaspace] GC(107) Metaspace: 49613K(50240K)->49613K(50240K) NonClass: 44037K(44352K)->44037K(44352K) Class: 5576K(5888K)->5576K(5888K)
[2025-03-28T19:18:36.798+0530][gc          ] GC(107) Pause Young (Normal) (G1 Evacuation Pause) 257M->210M(1024M) 6.554ms
[2025-03-28T19:18:36.798+0530][gc,cpu      ] GC(107) User=0.01s Sys=0.00s Real=0.01s
[2025-03-28T19:18:38.753+0530][gc,start    ] GC(108) Pause Young (Normal) (G1 Evacuation Pause)
[2025-03-28T19:18:38.753+0530][gc,task     ] GC(108) Using 2 workers of 2 for evacuation
[2025-03-28T19:18:38.762+0530][gc,phases   ] GC(108)   Pre Evacuate Collection Set: 0.3ms
[2025-03-28T19:18:38.762+0530][gc,phases   ] GC(108)   Merge Heap Roots: 0.2ms
[2025-03-28T19:18:38.762+0530][gc,phases   ] GC(108)   Evacuate Collection Set: 8.1ms
[2025-03-28T19:18:38.762+0530][gc,phases   ] GC(108)   Post Evacuate Collection Set: 0.8ms
[2025-03-28T19:18:38.762+0530][gc,phases   ] GC(108)   Other: 0.2ms
[2025-03-28T19:18:38.762+0530][gc,heap     ] GC(108) Eden regions: 65->0(52)
[2025-03-28T19:18:38.762+0530][gc,heap     ] GC(108) Survivor regions: 2->7(9)
[2025-03-28T19:18:38.762+0530][gc,heap     ] GC(108) Old regions: 77->77
[2025-03-28T19:18:38.762+0530][gc,heap     ] GC(108) Archive regions: 2->2
[2025-03-28T19:18:38.762+0530][gc,heap     ] GC(108) Humongous regions: 131->129
[2025-03-28T19:18:38.762+0530][gc,metaspace] GC(108) Metaspace: 49617K(50240K)->49617K(50240K) NonClass: 44040K(44352K)->44040K(44352K) Class: 5576K(5888K)->5576K(5888K)
[2025-03-28T19:18:38.762+0530][gc          ] GC(108) Pause Young (Normal) (G1 Evacuation Pause) 275M->213M(1024M) 9.771ms
[2025-03-28T19:18:38.762+0530][gc,cpu      ] GC(108) User=0.01s Sys=0.00s Real=0.01s
[2025-03-28T19:18:43.984+0530][gc,start    ] GC(109) Pause Young (Normal) (G1 Evacuation Pause)
[2025-03-28T19:18:43.985+0530][gc,task     ] GC(109) Using 2 workers of 2 for evacuation
[2025-03-28T19:18:44.048+0530][gc,mmu      ] GC(109) MMU target violated: 21.0ms (20.0ms/21.0ms)
[2025-03-28T19:18:44.049+0530][gc,phases   ] GC(109)   Pre Evacuate Collection Set: 27.9ms
[2025-03-28T19:18:44.049+0530][gc,phases   ] GC(109)   Merge Heap Roots: 0.9ms
[2025-03-28T19:18:44.049+0530][gc,phases   ] GC(109)   Evacuate Collection Set: 32.0ms
[2025-03-28T19:18:44.049+0530][gc,phases   ] GC(109)   Post Evacuate Collection Set: 2.5ms
[2025-03-28T19:18:44.049+0530][gc,phases   ] GC(109)   Other: 1.0ms
[2025-03-28T19:18:44.049+0530][gc,heap     ] GC(109) Eden regions: 52->0(50)
[2025-03-28T19:18:44.049+0530][gc,heap     ] GC(109) Survivor regions: 7->1(8)
[2025-03-28T19:18:44.049+0530][gc,heap     ] GC(109) Old regions: 77->77
[2025-03-28T19:18:44.049+0530][gc,heap     ] GC(109) Archive regions: 2->2
[2025-03-28T19:18:44.049+0530][gc,heap     ] GC(109) Humongous regions: 131->129
[2025-03-28T19:18:44.049+0530][gc,metaspace] GC(109) Metaspace: 49619K(50240K)->49619K(50240K) NonClass: 44043K(44352K)->44043K(44352K) Class: 5576K(5888K)->5576K(5888K)
[2025-03-28T19:18:44.049+0530][gc          ] GC(109) Pause Young (Normal) (G1 Evacuation Pause) 267M->207M(1024M) 64.747ms
[2025-03-28T19:18:44.049+0530][gc,cpu      ] GC(109) User=0.02s Sys=0.00s Real=0.07s
[2025-03-28T19:18:47.515+0530][gc,start    ] GC(110) Pause Young (Normal) (G1 Evacuation Pause)
[2025-03-28T19:18:47.515+0530][gc,task     ] GC(110) Using 2 workers of 2 for evacuation
[2025-03-28T19:18:47.539+0530][gc,mmu      ] GC(110) MMU target violated: 21.0ms (20.0ms/21.0ms)
[2025-03-28T19:18:47.539+0530][gc,phases   ] GC(110)   Pre Evacuate Collection Set: 0.3ms
[2025-03-28T19:18:47.539+0530][gc,phases   ] GC(110)   Merge Heap Roots: 2.9ms
[2025-03-28T19:18:47.539+0530][gc,phases   ] GC(110)   Evacuate Collection Set: 20.6ms
[2025-03-28T19:18:47.539+0530][gc,phases   ] GC(110)   Post Evacuate Collection Set: 0.6ms
[2025-03-28T19:18:47.539+0530][gc,phases   ] GC(110)   Other: 0.2ms
[2025-03-28T19:18:47.539+0530][gc,heap     ] GC(110) Eden regions: 50->0(44)
[2025-03-28T19:18:47.539+0530][gc,heap     ] GC(110) Survivor regions: 1->7(7)
[2025-03-28T19:18:47.539+0530][gc,heap     ] GC(110) Old regions: 77->77
[2025-03-28T19:18:47.539+0530][gc,heap     ] GC(110) Archive regions: 2->2
[2025-03-28T19:18:47.539+0530][gc,heap     ] GC(110) Humongous regions: 138->138
[2025-03-28T19:18:47.539+0530][gc,metaspace] GC(110) Metaspace: 50084K(50752K)->50084K(50752K) NonClass: 44424K(44800K)->44424K(44800K) Class: 5660K(5952K)->5660K(5952K)
[2025-03-28T19:18:47.539+0530][gc          ] GC(110) Pause Young (Normal) (G1 Evacuation Pause) 266M->221M(1024M) 24.660ms
[2025-03-28T19:18:47.539+0530][gc,cpu      ] GC(110) User=0.01s Sys=0.00s Real=0.02s
[2025-03-28T19:18:47.675+0530][gc,start    ] GC(111) Pause Young (Normal) (G1 Evacuation Pause)
[2025-03-28T19:18:47.675+0530][gc,task     ] GC(111) Using 2 workers of 2 for evacuation
[2025-03-28T19:18:47.696+0530][gc,mmu      ] GC(111) MMU target violated: 20.7ms (20.0ms/21.0ms)
[2025-03-28T19:18:47.696+0530][gc,phases   ] GC(111)   Pre Evacuate Collection Set: 0.2ms
[2025-03-28T19:18:47.696+0530][gc,phases   ] GC(111)   Merge Heap Roots: 0.1ms
[2025-03-28T19:18:47.696+0530][gc,phases   ] GC(111)   Evacuate Collection Set: 19.9ms
[2025-03-28T19:18:47.696+0530][gc,phases   ] GC(111)   Post Evacuate Collection Set: 0.5ms
[2025-03-28T19:18:47.696+0530][gc,phases   ] GC(111)   Other: 0.2ms
[2025-03-28T19:18:47.696+0530][gc,heap     ] GC(111) Eden regions: 44->0(49)
[2025-03-28T19:18:47.696+0530][gc,heap     ] GC(111) Survivor regions: 7->2(7)
[2025-03-28T19:18:47.696+0530][gc,heap     ] GC(111) Old regions: 77->78
[2025-03-28T19:18:47.696+0530][gc,heap     ] GC(111) Archive regions: 2->2
[2025-03-28T19:18:47.696+0530][gc,heap     ] GC(111) Humongous regions: 140->140
[2025-03-28T19:18:47.696+0530][gc,metaspace] GC(111) Metaspace: 50084K(50752K)->50084K(50752K) NonClass: 44424K(44800K)->44424K(44800K) Class: 5660K(5952K)->5660K(5952K)
[2025-03-28T19:18:47.696+0530][gc          ] GC(111) Pause Young (Normal) (G1 Evacuation Pause) 267M->220M(1024M) 21.039ms
[2025-03-28T19:18:47.696+0530][gc,cpu      ] GC(111) User=0.02s Sys=0.00s Real=0.02s
[2025-03-28T19:18:48.646+0530][gc,start    ] GC(112) Pause Young (Normal) (G1 Evacuation Pause)
[2025-03-28T19:18:48.646+0530][gc,task     ] GC(112) Using 2 workers of 2 for evacuation
[2025-03-28T19:18:48.653+0530][gc,phases   ] GC(112)   Pre Evacuate Collection Set: 0.2ms
[2025-03-28T19:18:48.653+0530][gc,phases   ] GC(112)   Merge Heap Roots: 0.1ms
[2025-03-28T19:18:48.653+0530][gc,phases   ] GC(112)   Evacuate Collection Set: 6.5ms
[2025-03-28T19:18:48.653+0530][gc,phases   ] GC(112)   Post Evacuate Collection Set: 0.5ms
[2025-03-28T19:18:48.653+0530][gc,phases   ] GC(112)   Other: 0.2ms
[2025-03-28T19:18:48.653+0530][gc,heap     ] GC(112) Eden regions: 49->0(45)
[2025-03-28T19:18:48.653+0530][gc,heap     ] GC(112) Survivor regions: 2->6(7)
[2025-03-28T19:18:48.653+0530][gc,heap     ] GC(112) Old regions: 78->78
[2025-03-28T19:18:48.653+0530][gc,heap     ] GC(112) Archive regions: 2->2
[2025-03-28T19:18:48.653+0530][gc,heap     ] GC(112) Humongous regions: 140->138
[2025-03-28T19:18:48.653+0530][gc,metaspace] GC(112) Metaspace: 50087K(50752K)->50087K(50752K) NonClass: 44426K(44800K)->44426K(44800K) Class: 5660K(5952K)->5660K(5952K)
[2025-03-28T19:18:48.653+0530][gc          ] GC(112) Pause Young (Normal) (G1 Evacuation Pause) 269M->222M(1024M) 7.674ms
[2025-03-28T19:18:48.653+0530][gc,cpu      ] GC(112) User=0.01s Sys=0.00s Real=0.00s
[2025-03-28T19:18:48.748+0530][gc,start    ] GC(113) Pause Young (Normal) (G1 Evacuation Pause)
[2025-03-28T19:18:48.748+0530][gc,task     ] GC(113) Using 2 workers of 2 for evacuation
[2025-03-28T19:18:48.760+0530][gc,phases   ] GC(113)   Pre Evacuate Collection Set: 0.2ms
[2025-03-28T19:18:48.760+0530][gc,phases   ] GC(113)   Merge Heap Roots: 0.1ms
[2025-03-28T19:18:48.760+0530][gc,phases   ] GC(113)   Evacuate Collection Set: 5.0ms
[2025-03-28T19:18:48.760+0530][gc,phases   ] GC(113)   Post Evacuate Collection Set: 6.1ms
[2025-03-28T19:18:48.760+0530][gc,phases   ] GC(113)   Other: 0.2ms
[2025-03-28T19:18:48.760+0530][gc,heap     ] GC(113) Eden regions: 45->0(49)
[2025-03-28T19:18:48.760+0530][gc,heap     ] GC(113) Survivor regions: 6->2(7)
[2025-03-28T19:18:48.760+0530][gc,heap     ] GC(113) Old regions: 78->79
[2025-03-28T19:18:48.760+0530][gc,heap     ] GC(113) Archive regions: 2->2
[2025-03-28T19:18:48.760+0530][gc,heap     ] GC(113) Humongous regions: 140->140
[2025-03-28T19:18:48.760+0530][gc,metaspace] GC(113) Metaspace: 50087K(50752K)->50087K(50752K) NonClass: 44426K(44800K)->44426K(44800K) Class: 5660K(5952K)->5660K(5952K)
[2025-03-28T19:18:48.760+0530][gc          ] GC(113) Pause Young (Normal) (G1 Evacuation Pause) 269M->221M(1024M) 11.783ms
[2025-03-28T19:18:48.760+0530][gc,cpu      ] GC(113) User=0.01s Sys=0.00s Real=0.01s
[2025-03-28T19:18:56.662+0530][gc,start    ] GC(114) Pause Young (Normal) (G1 Evacuation Pause)
[2025-03-28T19:18:56.662+0530][gc,task     ] GC(114) Using 2 workers of 2 for evacuation
[2025-03-28T19:18:56.688+0530][gc,mmu      ] GC(114) MMU target violated: 21.0ms (20.0ms/21.0ms)
[2025-03-28T19:18:56.688+0530][gc,phases   ] GC(114)   Pre Evacuate Collection Set: 0.3ms
[2025-03-28T19:18:56.688+0530][gc,phases   ] GC(114)   Merge Heap Roots: 0.1ms
[2025-03-28T19:18:56.688+0530][gc,phases   ] GC(114)   Evacuate Collection Set: 24.9ms
[2025-03-28T19:18:56.688+0530][gc,phases   ] GC(114)   Post Evacuate Collection Set: 0.5ms
[2025-03-28T19:18:56.688+0530][gc,phases   ] GC(114)   Other: 0.2ms
[2025-03-28T19:18:56.688+0530][gc,heap     ] GC(114) Eden regions: 49->0(46)
[2025-03-28T19:18:56.688+0530][gc,heap     ] GC(114) Survivor regions: 2->5(7)
[2025-03-28T19:18:56.688+0530][gc,heap     ] GC(114) Old regions: 79->79
[2025-03-28T19:18:56.688+0530][gc,heap     ] GC(114) Archive regions: 2->2
[2025-03-28T19:18:56.688+0530][gc,heap     ] GC(114) Humongous regions: 143->138
[2025-03-28T19:18:56.688+0530][gc,metaspace] GC(114) Metaspace: 50111K(50752K)->50111K(50752K) NonClass: 44449K(44800K)->44449K(44800K) Class: 5661K(5952K)->5661K(5952K)
[2025-03-28T19:18:56.688+0530][gc          ] GC(114) Pause Young (Normal) (G1 Evacuation Pause) 273M->222M(1024M) 26.113ms
[2025-03-28T19:18:56.688+0530][gc,cpu      ] GC(114) User=0.03s Sys=0.01s Real=0.03s
[2025-03-28T19:18:56.921+0530][gc,start    ] GC(115) Pause Young (Normal) (G1 Evacuation Pause)
[2025-03-28T19:18:56.922+0530][gc,task     ] GC(115) Using 2 workers of 2 for evacuation
[2025-03-28T19:18:56.940+0530][gc,phases   ] GC(115)   Pre Evacuate Collection Set: 0.4ms
[2025-03-28T19:18:56.941+0530][gc,phases   ] GC(115)   Merge Heap Roots: 0.1ms
[2025-03-28T19:18:56.941+0530][gc,phases   ] GC(115)   Evacuate Collection Set: 16.8ms
[2025-03-28T19:18:56.941+0530][gc,phases   ] GC(115)   Post Evacuate Collection Set: 1.5ms
[2025-03-28T19:18:56.941+0530][gc,phases   ] GC(115)   Other: 0.2ms
[2025-03-28T19:18:56.941+0530][gc,heap     ] GC(115) Eden regions: 46->0(49)
[2025-03-28T19:18:56.941+0530][gc,heap     ] GC(115) Survivor regions: 5->2(7)
[2025-03-28T19:18:56.941+0530][gc,heap     ] GC(115) Old regions: 79->80
[2025-03-28T19:18:56.941+0530][gc,heap     ] GC(115) Archive regions: 2->2
[2025-03-28T19:18:56.941+0530][gc,heap     ] GC(115) Humongous regions: 140->140
[2025-03-28T19:18:56.941+0530][gc,metaspace] GC(115) Metaspace: 50114K(50752K)->50114K(50752K) NonClass: 44452K(44800K)->44452K(44800K) Class: 5661K(5952K)->5661K(5952K)
[2025-03-28T19:18:56.941+0530][gc          ] GC(115) Pause Young (Normal) (G1 Evacuation Pause) 270M->222M(1024M) 19.279ms
[2025-03-28T19:18:56.941+0530][gc,cpu      ] GC(115) User=0.02s Sys=0.00s Real=0.02s
[2025-03-28T19:18:58.777+0530][gc,start    ] GC(116) Pause Young (Normal) (G1 Evacuation Pause)
[2025-03-28T19:18:58.777+0530][gc,task     ] GC(116) Using 2 workers of 2 for evacuation
[2025-03-28T19:18:58.788+0530][gc,phases   ] GC(116)   Pre Evacuate Collection Set: 0.6ms
[2025-03-28T19:18:58.788+0530][gc,phases   ] GC(116)   Merge Heap Roots: 0.2ms
[2025-03-28T19:18:58.788+0530][gc,phases   ] GC(116)   Evacuate Collection Set: 8.4ms
[2025-03-28T19:18:58.788+0530][gc,phases   ] GC(116)   Post Evacuate Collection Set: 1.5ms
[2025-03-28T19:18:58.788+0530][gc,phases   ] GC(116)   Other: 0.4ms
[2025-03-28T19:18:58.788+0530][gc,heap     ] GC(116) Eden regions: 49->0(47)
[2025-03-28T19:18:58.788+0530][gc,heap     ] GC(116) Survivor regions: 2->4(7)
[2025-03-28T19:18:58.788+0530][gc,heap     ] GC(116) Old regions: 80->80
[2025-03-28T19:18:58.788+0530][gc,heap     ] GC(116) Archive regions: 2->2
[2025-03-28T19:18:58.788+0530][gc,heap     ] GC(116) Humongous regions: 140->138
[2025-03-28T19:18:58.788+0530][gc,metaspace] GC(116) Metaspace: 50114K(50752K)->50114K(50752K) NonClass: 44453K(44800K)->44453K(44800K) Class: 5661K(5952K)->5661K(5952K)
[2025-03-28T19:18:58.788+0530][gc          ] GC(116) Pause Young (Normal) (G1 Evacuation Pause) 271M->222M(1024M) 11.245ms
[2025-03-28T19:18:58.788+0530][gc,cpu      ] GC(116) User=0.01s Sys=0.00s Real=0.01s
[2025-03-28T19:18:58.997+0530][gc,start    ] GC(117) Pause Young (Normal) (G1 Evacuation Pause)
[2025-03-28T19:18:58.997+0530][gc,task     ] GC(117) Using 2 workers of 2 for evacuation
[2025-03-28T19:18:59.003+0530][gc,phases   ] GC(117)   Pre Evacuate Collection Set: 0.2ms
[2025-03-28T19:18:59.003+0530][gc,phases   ] GC(117)   Merge Heap Roots: 0.1ms
[2025-03-28T19:18:59.003+0530][gc,phases   ] GC(117)   Evacuate Collection Set: 4.8ms
[2025-03-28T19:18:59.003+0530][gc,phases   ] GC(117)   Post Evacuate Collection Set: 0.6ms
[2025-03-28T19:18:59.003+0530][gc,phases   ] GC(117)   Other: 0.2ms
[2025-03-28T19:18:59.003+0530][gc,heap     ] GC(117) Eden regions: 47->0(59)
[2025-03-28T19:18:59.003+0530][gc,heap     ] GC(117) Survivor regions: 4->2(7)
[2025-03-28T19:18:59.003+0530][gc,heap     ] GC(117) Old regions: 80->81
[2025-03-28T19:18:59.003+0530][gc,heap     ] GC(117) Archive regions: 2->2
[2025-03-28T19:18:59.003+0530][gc,heap     ] GC(117) Humongous regions: 140->140
[2025-03-28T19:18:59.003+0530][gc,metaspace] GC(117) Metaspace: 50116K(50752K)->50116K(50752K) NonClass: 44454K(44800K)->44454K(44800K) Class: 5661K(5952K)->5661K(5952K)
[2025-03-28T19:18:59.003+0530][gc          ] GC(117) Pause Young (Normal) (G1 Evacuation Pause) 271M->223M(1024M) 6.357ms
[2025-03-28T19:18:59.003+0530][gc,cpu      ] GC(117) User=0.01s Sys=0.00s Real=0.00s
[2025-03-28T19:19:06.673+0530][gc,start    ] GC(118) Pause Young (Normal) (G1 Evacuation Pause)
[2025-03-28T19:19:06.673+0530][gc,task     ] GC(118) Using 2 workers of 2 for evacuation
[2025-03-28T19:19:06.733+0530][gc,mmu      ] GC(118) MMU target violated: 21.0ms (20.0ms/21.0ms)
[2025-03-28T19:19:06.733+0530][gc,phases   ] GC(118)   Pre Evacuate Collection Set: 0.3ms
[2025-03-28T19:19:06.733+0530][gc,phases   ] GC(118)   Merge Heap Roots: 0.1ms
[2025-03-28T19:19:06.733+0530][gc,phases   ] GC(118)   Evacuate Collection Set: 58.4ms
[2025-03-28T19:19:06.733+0530][gc,phases   ] GC(118)   Post Evacuate Collection Set: 0.6ms
[2025-03-28T19:19:06.733+0530][gc,phases   ] GC(118)   Other: 0.3ms
[2025-03-28T19:19:06.733+0530][gc,heap     ] GC(118) Eden regions: 59->0(73)
[2025-03-28T19:19:06.733+0530][gc,heap     ] GC(118) Survivor regions: 2->5(8)
[2025-03-28T19:19:06.733+0530][gc,heap     ] GC(118) Old regions: 81->81
[2025-03-28T19:19:06.733+0530][gc,heap     ] GC(118) Archive regions: 2->2
[2025-03-28T19:19:06.733+0530][gc,heap     ] GC(118) Humongous regions: 140->138
[2025-03-28T19:19:06.733+0530][gc,metaspace] GC(118) Metaspace: 50189K(50816K)->50189K(50816K) NonClass: 44515K(44864K)->44515K(44864K) Class: 5674K(5952K)->5674K(5952K)
[2025-03-28T19:19:06.733+0530][gc          ] GC(118) Pause Young (Normal) (G1 Evacuation Pause) 282M->224M(1024M) 59.784ms
[2025-03-28T19:19:06.733+0530][gc,cpu      ] GC(118) User=0.02s Sys=0.00s Real=0.07s
[2025-03-28T19:19:08.473+0530][gc,start    ] GC(119) Pause Young (Normal) (G1 Evacuation Pause)
[2025-03-28T19:19:08.473+0530][gc,task     ] GC(119) Using 2 workers of 2 for evacuation
[2025-03-28T19:19:08.492+0530][gc,phases   ] GC(119)   Pre Evacuate Collection Set: 0.3ms
[2025-03-28T19:19:08.492+0530][gc,phases   ] GC(119)   Merge Heap Roots: 0.2ms
[2025-03-28T19:19:08.492+0530][gc,phases   ] GC(119)   Evacuate Collection Set: 16.7ms
[2025-03-28T19:19:08.492+0530][gc,phases   ] GC(119)   Post Evacuate Collection Set: 0.9ms
[2025-03-28T19:19:08.492+0530][gc,phases   ] GC(119)   Other: 0.3ms
[2025-03-28T19:19:08.492+0530][gc,heap     ] GC(119) Eden regions: 73->0(173)
[2025-03-28T19:19:08.492+0530][gc,heap     ] GC(119) Survivor regions: 5->1(10)
[2025-03-28T19:19:08.492+0530][gc,heap     ] GC(119) Old regions: 81->81
[2025-03-28T19:19:08.492+0530][gc,heap     ] GC(119) Archive regions: 2->2
[2025-03-28T19:19:08.492+0530][gc,heap     ] GC(119) Humongous regions: 140->138
[2025-03-28T19:19:08.492+0530][gc,metaspace] GC(119) Metaspace: 50787K(51392K)->50787K(51392K) NonClass: 44983K(45312K)->44983K(45312K) Class: 5803K(6080K)->5803K(6080K)
[2025-03-28T19:19:08.492+0530][gc          ] GC(119) Pause Young (Normal) (G1 Evacuation Pause) 299M->220M(1024M) 18.539ms
[2025-03-28T19:19:08.492+0530][gc,cpu      ] GC(119) User=0.01s Sys=0.00s Real=0.02s
[2025-03-28T19:19:10.078+0530][gc,heap,exit] Heap
[2025-03-28T19:19:10.078+0530][gc,heap,exit]  garbage-first heap   total 1048576K, used 245095K [0x00000000c0000000, 0x0000000100000000)
[2025-03-28T19:19:10.078+0530][gc,heap,exit]   region size 1024K, 19 young (19456K), 1 survivors (1024K)
[2025-03-28T19:19:10.078+0530][gc,heap,exit]  Metaspace       used 51131K, committed 51712K, reserved 1114112K
[2025-03-28T19:19:10.078+0530][gc,heap,exit]   class space    used 5886K, committed 6144K, reserved 1048576K
