[2025-03-28T18:47:40.927+0530][gc] Using G1
[2025-03-28T18:47:40.983+0530][gc,init] Version: 17.0.14+7-LTS (release)
[2025-03-28T18:47:40.983+0530][gc,init] CPUs: 2 total, 2 available
[2025-03-28T18:47:40.983+0530][gc,init] Memory: 3658M
[2025-03-28T18:47:40.983+0530][gc,init] Large Page Support: Disabled
[2025-03-28T18:47:40.984+0530][gc,init] NUMA Support: Disabled
[2025-03-28T18:47:40.984+0530][gc,init] Compressed Oops: Enabled (32-bit)
[2025-03-28T18:47:40.984+0530][gc,init] Heap Region Size: 1M
[2025-03-28T18:47:40.984+0530][gc,init] Heap Min Capacity: 1G
[2025-03-28T18:47:40.984+0530][gc,init] Heap Initial Capacity: 1G
[2025-03-28T18:47:40.984+0530][gc,init] Heap Max Capacity: 1G
[2025-03-28T18:47:40.984+0530][gc,init] Pre-touch: Disabled
[2025-03-28T18:47:40.984+0530][gc,init] Parallel Workers: 2
[2025-03-28T18:47:40.984+0530][gc,init] Concurrent Workers: 1
[2025-03-28T18:47:40.984+0530][gc,init] Concurrent Refinement Workers: 2
[2025-03-28T18:47:40.984+0530][gc,init] Periodic GC: Disabled
[2025-03-28T18:47:40.992+0530][gc,metaspace] CDS archive(s) mapped at: [0x00007fb0bb000000-0x00007fb0bbbc7000-0x00007fb0bbbc7000), size 12349440, SharedBaseAddress: 0x00007fb0bb000000, ArchiveRelocationMode: 1.
[2025-03-28T18:47:40.992+0530][gc,metaspace] Compressed class space mapped at: 0x00007fb0bc000000-0x00007fb0fc000000, reserved size: 1073741824
[2025-03-28T18:47:40.992+0530][gc,metaspace] Narrow klass base: 0x00007fb0bb000000, Narrow klass shift: 0, Narrow klass range: 0x100000000
[2025-03-28T18:47:48.669+0530][gc,start    ] GC(0) Pause Young (Normal) (G1 Evacuation Pause)
[2025-03-28T18:47:48.670+0530][gc,task     ] GC(0) Using 2 workers of 2 for evacuation
[2025-03-28T18:47:48.681+0530][gc,phases   ] GC(0)   Pre Evacuate Collection Set: 0.4ms
[2025-03-28T18:47:48.681+0530][gc,phases   ] GC(0)   Merge Heap Roots: 0.1ms
[2025-03-28T18:47:48.681+0530][gc,phases   ] GC(0)   Evacuate Collection Set: 9.5ms
[2025-03-28T18:47:48.681+0530][gc,phases   ] GC(0)   Post Evacuate Collection Set: 0.8ms
[2025-03-28T18:47:48.681+0530][gc,phases   ] GC(0)   Other: 0.9ms
[2025-03-28T18:47:48.681+0530][gc,heap     ] GC(0) Eden regions: 51->0(44)
[2025-03-28T18:47:48.681+0530][gc,heap     ] GC(0) Survivor regions: 0->7(7)
[2025-03-28T18:47:48.681+0530][gc,heap     ] GC(0) Old regions: 0->2
[2025-03-28T18:47:48.681+0530][gc,heap     ] GC(0) Archive regions: 2->2
[2025-03-28T18:47:48.681+0530][gc,heap     ] GC(0) Humongous regions: 0->0
[2025-03-28T18:47:48.681+0530][gc,metaspace] GC(0) Metaspace: 17414K(17664K)->17414K(17664K) NonClass: 15277K(15424K)->15277K(15424K) Class: 2136K(2240K)->2136K(2240K)
[2025-03-28T18:47:48.681+0530][gc          ] GC(0) Pause Young (Normal) (G1 Evacuation Pause) 51M->9M(1024M) 11.773ms
[2025-03-28T18:47:48.681+0530][gc,cpu      ] GC(0) User=0.02s Sys=0.00s Real=0.00s
[2025-03-28T18:47:48.919+0530][gc,start    ] GC(1) Pause Young (Concurrent Start) (Metadata GC Threshold)
[2025-03-28T18:47:48.919+0530][gc,task     ] GC(1) Using 2 workers of 2 for evacuation
[2025-03-28T18:47:48.935+0530][gc,phases   ] GC(1)   Pre Evacuate Collection Set: 0.3ms
[2025-03-28T18:47:48.935+0530][gc,phases   ] GC(1)   Merge Heap Roots: 0.1ms
[2025-03-28T18:47:48.935+0530][gc,phases   ] GC(1)   Evacuate Collection Set: 14.4ms
[2025-03-28T18:47:48.935+0530][gc,phases   ] GC(1)   Post Evacuate Collection Set: 0.6ms
[2025-03-28T18:47:48.935+0530][gc,phases   ] GC(1)   Other: 2.8ms
[2025-03-28T18:47:48.935+0530][gc,heap     ] GC(1) Eden regions: 13->0(50)
[2025-03-28T18:47:48.935+0530][gc,heap     ] GC(1) Survivor regions: 7->1(7)
[2025-03-28T18:47:48.935+0530][gc,heap     ] GC(1) Old regions: 2->9
[2025-03-28T18:47:48.935+0530][gc,heap     ] GC(1) Archive regions: 2->2
[2025-03-28T18:47:48.935+0530][gc,heap     ] GC(1) Humongous regions: 0->0
[2025-03-28T18:47:48.935+0530][gc,metaspace] GC(1) Metaspace: 21290K(21504K)->21290K(21504K) NonClass: 18892K(19008K)->18892K(19008K) Class: 2398K(2496K)->2398K(2496K)
[2025-03-28T18:47:48.935+0530][gc          ] GC(1) Pause Young (Concurrent Start) (Metadata GC Threshold) 22M->10M(1024M) 18.262ms
[2025-03-28T18:47:48.935+0530][gc,cpu      ] GC(1) User=0.01s Sys=0.00s Real=0.01s
[2025-03-28T18:47:48.935+0530][gc          ] GC(2) Concurrent Mark Cycle
[2025-03-28T18:47:48.935+0530][gc,marking  ] GC(2) Concurrent Clear Claimed Marks
[2025-03-28T18:47:48.935+0530][gc,marking  ] GC(2) Concurrent Clear Claimed Marks 0.021ms
[2025-03-28T18:47:48.935+0530][gc,marking  ] GC(2) Concurrent Scan Root Regions
[2025-03-28T18:47:48.948+0530][gc,marking  ] GC(2) Concurrent Scan Root Regions 12.952ms
[2025-03-28T18:47:48.948+0530][gc,marking  ] GC(2) Concurrent Mark
[2025-03-28T18:47:48.948+0530][gc,marking  ] GC(2) Concurrent Mark From Roots
[2025-03-28T18:47:48.948+0530][gc,task     ] GC(2) Using 1 workers of 1 for marking
[2025-03-28T18:47:48.960+0530][gc,marking  ] GC(2) Concurrent Mark From Roots 12.272ms
[2025-03-28T18:47:48.960+0530][gc,marking  ] GC(2) Concurrent Preclean
[2025-03-28T18:47:48.960+0530][gc,marking  ] GC(2) Concurrent Preclean 0.040ms
[2025-03-28T18:47:48.961+0530][gc,start    ] GC(2) Pause Remark
[2025-03-28T18:47:48.972+0530][gc          ] GC(2) Pause Remark 12M->12M(1024M) 11.086ms
[2025-03-28T18:47:48.972+0530][gc,cpu      ] GC(2) User=0.02s Sys=0.00s Real=0.01s
[2025-03-28T18:47:48.972+0530][gc,marking  ] GC(2) Concurrent Mark 23.988ms
[2025-03-28T18:47:48.972+0530][gc,marking  ] GC(2) Concurrent Rebuild Remembered Sets
[2025-03-28T18:47:48.979+0530][gc,marking  ] GC(2) Concurrent Rebuild Remembered Sets 7.529ms
[2025-03-28T18:47:48.980+0530][gc,start    ] GC(2) Pause Cleanup
[2025-03-28T18:47:48.980+0530][gc          ] GC(2) Pause Cleanup 12M->12M(1024M) 0.225ms
[2025-03-28T18:47:48.980+0530][gc,cpu      ] GC(2) User=0.00s Sys=0.00s Real=0.00s
[2025-03-28T18:47:48.980+0530][gc,marking  ] GC(2) Concurrent Cleanup for Next Mark
[2025-03-28T18:47:48.986+0530][gc,marking  ] GC(2) Concurrent Cleanup for Next Mark 5.696ms
[2025-03-28T18:47:48.986+0530][gc          ] GC(2) Concurrent Mark Cycle 50.897ms
[2025-03-28T18:47:51.042+0530][gc,start    ] GC(3) Pause Young (Normal) (G1 Evacuation Pause)
[2025-03-28T18:47:51.042+0530][gc,task     ] GC(3) Using 2 workers of 2 for evacuation
[2025-03-28T18:47:51.068+0530][gc,mmu      ] GC(3) MMU target violated: 21.0ms (20.0ms/21.0ms)
[2025-03-28T18:47:51.069+0530][gc,phases   ] GC(3)   Pre Evacuate Collection Set: 0.2ms
[2025-03-28T18:47:51.069+0530][gc,phases   ] GC(3)   Merge Heap Roots: 0.0ms
[2025-03-28T18:47:51.069+0530][gc,phases   ] GC(3)   Evacuate Collection Set: 26.1ms
[2025-03-28T18:47:51.069+0530][gc,phases   ] GC(3)   Post Evacuate Collection Set: 0.5ms
[2025-03-28T18:47:51.069+0530][gc,phases   ] GC(3)   Other: 0.2ms
[2025-03-28T18:47:51.069+0530][gc,heap     ] GC(3) Eden regions: 50->0(48)
[2025-03-28T18:47:51.069+0530][gc,heap     ] GC(3) Survivor regions: 1->3(7)
[2025-03-28T18:47:51.069+0530][gc,heap     ] GC(3) Old regions: 9->9
[2025-03-28T18:47:51.069+0530][gc,heap     ] GC(3) Archive regions: 2->2
[2025-03-28T18:47:51.069+0530][gc,heap     ] GC(3) Humongous regions: 0->0
[2025-03-28T18:47:51.069+0530][gc,metaspace] GC(3) Metaspace: 26002K(26240K)->26002K(26240K) NonClass: 22977K(23104K)->22977K(23104K) Class: 3024K(3136K)->3024K(3136K)
[2025-03-28T18:47:51.069+0530][gc          ] GC(3) Pause Young (Normal) (G1 Evacuation Pause) 60M->12M(1024M) 27.067ms
[2025-03-28T18:47:51.069+0530][gc,cpu      ] GC(3) User=0.01s Sys=0.00s Real=0.03s
[2025-03-28T18:47:51.745+0530][gc,start    ] GC(4) Pause Young (Normal) (G1 Evacuation Pause)
[2025-03-28T18:47:51.746+0530][gc,task     ] GC(4) Using 2 workers of 2 for evacuation
[2025-03-28T18:47:51.768+0530][gc,mmu      ] GC(4) MMU target violated: 21.0ms (20.0ms/21.0ms)
[2025-03-28T18:47:51.768+0530][gc,phases   ] GC(4)   Pre Evacuate Collection Set: 0.2ms
[2025-03-28T18:47:51.768+0530][gc,phases   ] GC(4)   Merge Heap Roots: 0.0ms
[2025-03-28T18:47:51.768+0530][gc,phases   ] GC(4)   Evacuate Collection Set: 21.6ms
[2025-03-28T18:47:51.768+0530][gc,phases   ] GC(4)   Post Evacuate Collection Set: 0.5ms
[2025-03-28T18:47:51.768+0530][gc,phases   ] GC(4)   Other: 0.9ms
[2025-03-28T18:47:51.768+0530][gc,heap     ] GC(4) Eden regions: 48->0(48)
[2025-03-28T18:47:51.768+0530][gc,heap     ] GC(4) Survivor regions: 3->3(7)
[2025-03-28T18:47:51.768+0530][gc,heap     ] GC(4) Old regions: 9->9
[2025-03-28T18:47:51.768+0530][gc,heap     ] GC(4) Archive regions: 2->2
[2025-03-28T18:47:51.768+0530][gc,heap     ] GC(4) Humongous regions: 0->0
[2025-03-28T18:47:51.768+0530][gc,metaspace] GC(4) Metaspace: 26005K(26240K)->26005K(26240K) NonClass: 22981K(23104K)->22981K(23104K) Class: 3024K(3136K)->3024K(3136K)
[2025-03-28T18:47:51.768+0530][gc          ] GC(4) Pause Young (Normal) (G1 Evacuation Pause) 60M->12M(1024M) 23.432ms
[2025-03-28T18:47:51.768+0530][gc,cpu      ] GC(4) User=0.03s Sys=0.00s Real=0.02s
[2025-03-28T18:47:52.452+0530][gc,start    ] GC(5) Pause Young (Normal) (G1 Evacuation Pause)
[2025-03-28T18:47:52.452+0530][gc,task     ] GC(5) Using 2 workers of 2 for evacuation
[2025-03-28T18:47:52.469+0530][gc,phases   ] GC(5)   Pre Evacuate Collection Set: 0.2ms
[2025-03-28T18:47:52.469+0530][gc,phases   ] GC(5)   Merge Heap Roots: 0.3ms
[2025-03-28T18:47:52.469+0530][gc,phases   ] GC(5)   Evacuate Collection Set: 16.5ms
[2025-03-28T18:47:52.469+0530][gc,phases   ] GC(5)   Post Evacuate Collection Set: 0.5ms
[2025-03-28T18:47:52.469+0530][gc,phases   ] GC(5)   Other: 0.1ms
[2025-03-28T18:47:52.469+0530][gc,heap     ] GC(5) Eden regions: 48->0(48)
[2025-03-28T18:47:52.469+0530][gc,heap     ] GC(5) Survivor regions: 3->3(7)
[2025-03-28T18:47:52.469+0530][gc,heap     ] GC(5) Old regions: 9->9
[2025-03-28T18:47:52.469+0530][gc,heap     ] GC(5) Archive regions: 2->2
[2025-03-28T18:47:52.469+0530][gc,heap     ] GC(5) Humongous regions: 0->0
[2025-03-28T18:47:52.469+0530][gc,metaspace] GC(5) Metaspace: 26036K(26304K)->26036K(26304K) NonClass: 23010K(23168K)->23010K(23168K) Class: 3026K(3136K)->3026K(3136K)
[2025-03-28T18:47:52.469+0530][gc          ] GC(5) Pause Young (Normal) (G1 Evacuation Pause) 60M->12M(1024M) 17.613ms
[2025-03-28T18:47:52.470+0530][gc,cpu      ] GC(5) User=0.01s Sys=0.01s Real=0.02s
[2025-03-28T18:47:54.325+0530][gc,start    ] GC(6) Pause Young (Normal) (G1 Evacuation Pause)
[2025-03-28T18:47:54.325+0530][gc,task     ] GC(6) Using 2 workers of 2 for evacuation
[2025-03-28T18:47:54.356+0530][gc,mmu      ] GC(6) MMU target violated: 21.0ms (20.0ms/21.0ms)
[2025-03-28T18:47:54.357+0530][gc,phases   ] GC(6)   Pre Evacuate Collection Set: 0.2ms
[2025-03-28T18:47:54.357+0530][gc,phases   ] GC(6)   Merge Heap Roots: 0.0ms
[2025-03-28T18:47:54.357+0530][gc,phases   ] GC(6)   Evacuate Collection Set: 30.1ms
[2025-03-28T18:47:54.357+0530][gc,phases   ] GC(6)   Post Evacuate Collection Set: 0.6ms
[2025-03-28T18:47:54.357+0530][gc,phases   ] GC(6)   Other: 0.2ms
[2025-03-28T18:47:54.357+0530][gc,heap     ] GC(6) Eden regions: 48->0(44)
[2025-03-28T18:47:54.357+0530][gc,heap     ] GC(6) Survivor regions: 3->7(7)
[2025-03-28T18:47:54.357+0530][gc,heap     ] GC(6) Old regions: 9->9
[2025-03-28T18:47:54.357+0530][gc,heap     ] GC(6) Archive regions: 2->2
[2025-03-28T18:47:54.357+0530][gc,heap     ] GC(6) Humongous regions: 0->0
[2025-03-28T18:47:54.357+0530][gc,metaspace] GC(6) Metaspace: 35513K(35840K)->35513K(35840K) NonClass: 31466K(31616K)->31466K(31616K) Class: 4046K(4224K)->4046K(4224K)
[2025-03-28T18:47:54.357+0530][gc          ] GC(6) Pause Young (Normal) (G1 Evacuation Pause) 60M->16M(1024M) 31.246ms
[2025-03-28T18:47:54.357+0530][gc,cpu      ] GC(6) User=0.03s Sys=0.00s Real=0.01s
[2025-03-28T18:47:54.400+0530][gc,start    ] GC(7) Pause Young (Concurrent Start) (Metadata GC Threshold)
[2025-03-28T18:47:54.400+0530][gc,task     ] GC(7) Using 2 workers of 2 for evacuation
[2025-03-28T18:47:54.425+0530][gc,mmu      ] GC(7) MMU target violated: 21.0ms (20.0ms/21.0ms)
[2025-03-28T18:47:54.425+0530][gc,phases   ] GC(7)   Pre Evacuate Collection Set: 0.2ms
[2025-03-28T18:47:54.425+0530][gc,phases   ] GC(7)   Merge Heap Roots: 0.0ms
[2025-03-28T18:47:54.425+0530][gc,phases   ] GC(7)   Evacuate Collection Set: 24.3ms
[2025-03-28T18:47:54.425+0530][gc,phases   ] GC(7)   Post Evacuate Collection Set: 0.6ms
[2025-03-28T18:47:54.425+0530][gc,phases   ] GC(7)   Other: 0.2ms
[2025-03-28T18:47:54.425+0530][gc,heap     ] GC(7) Eden regions: 2->0(50)
[2025-03-28T18:47:54.425+0530][gc,heap     ] GC(7) Survivor regions: 7->1(7)
[2025-03-28T18:47:54.425+0530][gc,heap     ] GC(7) Old regions: 9->16
[2025-03-28T18:47:54.425+0530][gc,heap     ] GC(7) Archive regions: 2->2
[2025-03-28T18:47:54.425+0530][gc,heap     ] GC(7) Humongous regions: 0->0
[2025-03-28T18:47:54.425+0530][gc,metaspace] GC(7) Metaspace: 35795K(36096K)->35795K(36096K) NonClass: 31739K(31872K)->31739K(31872K) Class: 4056K(4224K)->4056K(4224K)
[2025-03-28T18:47:54.425+0530][gc          ] GC(7) Pause Young (Concurrent Start) (Metadata GC Threshold) 18M->17M(1024M) 25.472ms
[2025-03-28T18:47:54.425+0530][gc,cpu      ] GC(7) User=0.01s Sys=0.00s Real=0.03s
[2025-03-28T18:47:54.433+0530][gc          ] GC(8) Concurrent Mark Cycle
[2025-03-28T18:47:54.433+0530][gc,marking  ] GC(8) Concurrent Clear Claimed Marks
[2025-03-28T18:47:54.433+0530][gc,marking  ] GC(8) Concurrent Clear Claimed Marks 0.030ms
[2025-03-28T18:47:54.433+0530][gc,marking  ] GC(8) Concurrent Scan Root Regions
[2025-03-28T18:47:54.465+0530][gc,marking  ] GC(8) Concurrent Scan Root Regions 31.400ms
[2025-03-28T18:47:54.465+0530][gc,marking  ] GC(8) Concurrent Mark
[2025-03-28T18:47:54.465+0530][gc,marking  ] GC(8) Concurrent Mark From Roots
[2025-03-28T18:47:54.465+0530][gc,task     ] GC(8) Using 1 workers of 1 for marking
[2025-03-28T18:47:54.505+0530][gc,marking  ] GC(8) Concurrent Mark From Roots 40.554ms
[2025-03-28T18:47:54.505+0530][gc,marking  ] GC(8) Concurrent Preclean
[2025-03-28T18:47:54.505+0530][gc,marking  ] GC(8) Concurrent Preclean 0.102ms
[2025-03-28T18:47:54.509+0530][gc,start    ] GC(8) Pause Remark
[2025-03-28T18:47:54.517+0530][gc          ] GC(8) Pause Remark 20M->20M(1024M) 7.412ms
[2025-03-28T18:47:54.517+0530][gc,cpu      ] GC(8) User=0.01s Sys=0.00s Real=0.01s
[2025-03-28T18:47:54.518+0530][gc,marking  ] GC(8) Concurrent Mark 53.626ms
[2025-03-28T18:47:54.518+0530][gc,marking  ] GC(8) Concurrent Rebuild Remembered Sets
[2025-03-28T18:47:54.571+0530][gc,marking  ] GC(8) Concurrent Rebuild Remembered Sets 52.464ms
[2025-03-28T18:47:54.603+0530][gc,start    ] GC(8) Pause Cleanup
[2025-03-28T18:47:54.603+0530][gc          ] GC(8) Pause Cleanup 21M->21M(1024M) 0.240ms
[2025-03-28T18:47:54.603+0530][gc,cpu      ] GC(8) User=0.00s Sys=0.00s Real=0.00s
[2025-03-28T18:47:54.604+0530][gc,marking  ] GC(8) Concurrent Cleanup for Next Mark
[2025-03-28T18:47:54.623+0530][gc,marking  ] GC(8) Concurrent Cleanup for Next Mark 19.423ms
[2025-03-28T18:47:54.623+0530][gc          ] GC(8) Concurrent Mark Cycle 189.933ms
[2025-03-28T18:47:58.442+0530][gc,start    ] GC(9) Pause Young (Prepare Mixed) (G1 Evacuation Pause)
[2025-03-28T18:47:58.442+0530][gc,task     ] GC(9) Using 2 workers of 2 for evacuation
[2025-03-28T18:47:58.456+0530][gc,phases   ] GC(9)   Pre Evacuate Collection Set: 0.2ms
[2025-03-28T18:47:58.456+0530][gc,phases   ] GC(9)   Merge Heap Roots: 0.1ms
[2025-03-28T18:47:58.456+0530][gc,phases   ] GC(9)   Evacuate Collection Set: 10.1ms
[2025-03-28T18:47:58.457+0530][gc,phases   ] GC(9)   Post Evacuate Collection Set: 3.4ms
[2025-03-28T18:47:58.457+0530][gc,phases   ] GC(9)   Other: 0.4ms
[2025-03-28T18:47:58.457+0530][gc,heap     ] GC(9) Eden regions: 50->0(47)
[2025-03-28T18:47:58.457+0530][gc,heap     ] GC(9) Survivor regions: 1->4(7)
[2025-03-28T18:47:58.457+0530][gc,heap     ] GC(9) Old regions: 16->16
[2025-03-28T18:47:58.457+0530][gc,heap     ] GC(9) Archive regions: 2->2
[2025-03-28T18:47:58.457+0530][gc,heap     ] GC(9) Humongous regions: 138->138
[2025-03-28T18:47:58.457+0530][gc,metaspace] GC(9) Metaspace: 42878K(43392K)->42878K(43392K) NonClass: 37890K(38208K)->37890K(38208K) Class: 4987K(5184K)->4987K(5184K)
[2025-03-28T18:47:58.457+0530][gc          ] GC(9) Pause Young (Prepare Mixed) (G1 Evacuation Pause) 205M->157M(1024M) 14.486ms
[2025-03-28T18:47:58.457+0530][gc,cpu      ] GC(9) User=0.02s Sys=0.00s Real=0.02s
[2025-03-28T18:50:13.517+0530][gc,start    ] GC(10) Pause Young (Mixed) (G1 Evacuation Pause)
[2025-03-28T18:50:13.518+0530][gc,task     ] GC(10) Using 2 workers of 2 for evacuation
[2025-03-28T18:50:13.545+0530][gc,mmu      ] GC(10) MMU target violated: 21.0ms (20.0ms/21.0ms)
[2025-03-28T18:50:13.545+0530][gc,phases   ] GC(10)   Pre Evacuate Collection Set: 0.2ms
[2025-03-28T18:50:13.545+0530][gc,phases   ] GC(10)   Merge Heap Roots: 1.2ms
[2025-03-28T18:50:13.545+0530][gc,phases   ] GC(10)   Evacuate Collection Set: 25.0ms
[2025-03-28T18:50:13.545+0530][gc,phases   ] GC(10)   Post Evacuate Collection Set: 1.2ms
[2025-03-28T18:50:13.545+0530][gc,phases   ] GC(10)   Other: 0.2ms
[2025-03-28T18:50:13.545+0530][gc,heap     ] GC(10) Eden regions: 47->0(45)
[2025-03-28T18:50:13.545+0530][gc,heap     ] GC(10) Survivor regions: 4->6(7)
[2025-03-28T18:50:13.545+0530][gc,heap     ] GC(10) Old regions: 16->16
[2025-03-28T18:50:13.545+0530][gc,heap     ] GC(10) Archive regions: 2->2
[2025-03-28T18:50:13.545+0530][gc,heap     ] GC(10) Humongous regions: 144->138
[2025-03-28T18:50:13.545+0530][gc,metaspace] GC(10) Metaspace: 45886K(46400K)->45886K(46400K) NonClass: 40646K(40960K)->40646K(40960K) Class: 5240K(5440K)->5240K(5440K)
[2025-03-28T18:50:13.545+0530][gc          ] GC(10) Pause Young (Mixed) (G1 Evacuation Pause) 210M->159M(1024M) 27.924ms
[2025-03-28T18:50:13.545+0530][gc,cpu      ] GC(10) User=0.03s Sys=0.00s Real=0.02s
[2025-03-28T18:52:50.345+0530][gc,start    ] GC(11) Pause Young (Normal) (G1 Evacuation Pause)
[2025-03-28T18:52:50.345+0530][gc,task     ] GC(11) Using 2 workers of 2 for evacuation
[2025-03-28T18:52:50.416+0530][gc,mmu      ] GC(11) MMU target violated: 21.0ms (20.0ms/21.0ms)
[2025-03-28T18:52:50.417+0530][gc,phases   ] GC(11)   Pre Evacuate Collection Set: 0.8ms
[2025-03-28T18:52:50.418+0530][gc,phases   ] GC(11)   Merge Heap Roots: 0.3ms
[2025-03-28T18:52:50.418+0530][gc,phases   ] GC(11)   Evacuate Collection Set: 64.1ms
[2025-03-28T18:52:50.418+0530][gc,phases   ] GC(11)   Post Evacuate Collection Set: 4.1ms
[2025-03-28T18:52:50.418+0530][gc,phases   ] GC(11)   Other: 2.0ms
[2025-03-28T18:52:50.418+0530][gc,heap     ] GC(11) Eden regions: 45->0(47)
[2025-03-28T18:52:50.418+0530][gc,heap     ] GC(11) Survivor regions: 6->4(7)
[2025-03-28T18:52:50.418+0530][gc,heap     ] GC(11) Old regions: 16->19
[2025-03-28T18:52:50.418+0530][gc,heap     ] GC(11) Archive regions: 2->2
[2025-03-28T18:52:50.418+0530][gc,heap     ] GC(11) Humongous regions: 138->138
[2025-03-28T18:52:50.418+0530][gc,metaspace] GC(11) Metaspace: 46794K(47360K)->46794K(47360K) NonClass: 41507K(41792K)->41507K(41792K) Class: 5287K(5568K)->5287K(5568K)
[2025-03-28T18:52:50.418+0530][gc          ] GC(11) Pause Young (Normal) (G1 Evacuation Pause) 204M->161M(1024M) 73.085ms
[2025-03-28T18:52:50.418+0530][gc,cpu      ] GC(11) User=0.10s Sys=0.00s Real=0.07s
[2025-03-28T18:56:35.311+0530][gc,start    ] GC(12) Pause Young (Normal) (G1 Evacuation Pause)
[2025-03-28T18:56:35.311+0530][gc,task     ] GC(12) Using 2 workers of 2 for evacuation
[2025-03-28T18:56:35.364+0530][gc,mmu      ] GC(12) MMU target violated: 21.0ms (20.0ms/21.0ms)
[2025-03-28T18:56:35.364+0530][gc,phases   ] GC(12)   Pre Evacuate Collection Set: 1.1ms
[2025-03-28T18:56:35.364+0530][gc,phases   ] GC(12)   Merge Heap Roots: 0.3ms
[2025-03-28T18:56:35.364+0530][gc,phases   ] GC(12)   Evacuate Collection Set: 48.7ms
[2025-03-28T18:56:35.364+0530][gc,phases   ] GC(12)   Post Evacuate Collection Set: 2.1ms
[2025-03-28T18:56:35.364+0530][gc,phases   ] GC(12)   Other: 0.9ms
[2025-03-28T18:56:35.364+0530][gc,heap     ] GC(12) Eden regions: 47->0(46)
[2025-03-28T18:56:35.364+0530][gc,heap     ] GC(12) Survivor regions: 4->5(7)
[2025-03-28T18:56:35.364+0530][gc,heap     ] GC(12) Old regions: 19->19
[2025-03-28T18:56:35.364+0530][gc,heap     ] GC(12) Archive regions: 2->2
[2025-03-28T18:56:35.364+0530][gc,heap     ] GC(12) Humongous regions: 138->138
[2025-03-28T18:56:35.364+0530][gc,metaspace] GC(12) Metaspace: 47081K(47616K)->47081K(47616K) NonClass: 41787K(42048K)->41787K(42048K) Class: 5293K(5568K)->5293K(5568K)
[2025-03-28T18:56:35.365+0530][gc          ] GC(12) Pause Young (Normal) (G1 Evacuation Pause) 208M->162M(1024M) 53.662ms
[2025-03-28T18:56:35.365+0530][gc,cpu      ] GC(12) User=0.07s Sys=0.01s Real=0.05s
[2025-03-28T19:00:03.968+0530][gc,start    ] GC(13) Pause Young (Normal) (G1 Evacuation Pause)
[2025-03-28T19:00:03.968+0530][gc,task     ] GC(13) Using 2 workers of 2 for evacuation
[2025-03-28T19:00:04.017+0530][gc,mmu      ] GC(13) MMU target violated: 21.0ms (20.0ms/21.0ms)
[2025-03-28T19:00:04.017+0530][gc,phases   ] GC(13)   Pre Evacuate Collection Set: 0.6ms
[2025-03-28T19:00:04.017+0530][gc,phases   ] GC(13)   Merge Heap Roots: 0.3ms
[2025-03-28T19:00:04.017+0530][gc,phases   ] GC(13)   Evacuate Collection Set: 44.2ms
[2025-03-28T19:00:04.017+0530][gc,phases   ] GC(13)   Post Evacuate Collection Set: 3.5ms
[2025-03-28T19:00:04.017+0530][gc,phases   ] GC(13)   Other: 0.8ms
[2025-03-28T19:00:04.017+0530][gc,heap     ] GC(13) Eden regions: 46->0(46)
[2025-03-28T19:00:04.018+0530][gc,heap     ] GC(13) Survivor regions: 5->5(7)
[2025-03-28T19:00:04.018+0530][gc,heap     ] GC(13) Old regions: 19->20
[2025-03-28T19:00:04.018+0530][gc,heap     ] GC(13) Archive regions: 2->2
[2025-03-28T19:00:04.018+0530][gc,heap     ] GC(13) Humongous regions: 138->138
[2025-03-28T19:00:04.018+0530][gc,metaspace] GC(13) Metaspace: 47627K(48192K)->47627K(48192K) NonClass: 42270K(42560K)->42270K(42560K) Class: 5356K(5632K)->5356K(5632K)
[2025-03-28T19:00:04.018+0530][gc          ] GC(13) Pause Young (Normal) (G1 Evacuation Pause) 208M->163M(1024M) 49.842ms
[2025-03-28T19:00:04.018+0530][gc,cpu      ] GC(13) User=0.08s Sys=0.01s Real=0.05s
[2025-03-28T19:03:43.758+0530][gc,start    ] GC(14) Pause Young (Normal) (G1 Evacuation Pause)
[2025-03-28T19:03:43.758+0530][gc,task     ] GC(14) Using 2 workers of 2 for evacuation
[2025-03-28T19:03:43.848+0530][gc,mmu      ] GC(14) MMU target violated: 21.0ms (20.0ms/21.0ms)
[2025-03-28T19:03:43.848+0530][gc,phases   ] GC(14)   Pre Evacuate Collection Set: 1.1ms
[2025-03-28T19:03:43.848+0530][gc,phases   ] GC(14)   Merge Heap Roots: 0.7ms
[2025-03-28T19:03:43.848+0530][gc,phases   ] GC(14)   Evacuate Collection Set: 84.7ms
[2025-03-28T19:03:43.848+0530][gc,phases   ] GC(14)   Post Evacuate Collection Set: 3.0ms
[2025-03-28T19:03:43.848+0530][gc,phases   ] GC(14)   Other: 0.8ms
[2025-03-28T19:03:43.848+0530][gc,heap     ] GC(14) Eden regions: 46->0(47)
[2025-03-28T19:03:43.848+0530][gc,heap     ] GC(14) Survivor regions: 5->4(7)
[2025-03-28T19:03:43.848+0530][gc,heap     ] GC(14) Old regions: 20->23
[2025-03-28T19:03:43.848+0530][gc,heap     ] GC(14) Archive regions: 2->2
[2025-03-28T19:03:43.848+0530][gc,heap     ] GC(14) Humongous regions: 138->138
[2025-03-28T19:03:43.848+0530][gc,metaspace] GC(14) Metaspace: 47660K(48192K)->47660K(48192K) NonClass: 42303K(42560K)->42303K(42560K) Class: 5356K(5632K)->5356K(5632K)
[2025-03-28T19:03:43.849+0530][gc          ] GC(14) Pause Young (Normal) (G1 Evacuation Pause) 209M->165M(1024M) 90.784ms
[2025-03-28T19:03:43.849+0530][gc,cpu      ] GC(14) User=0.07s Sys=0.01s Real=0.09s
[2025-03-28T19:07:32.097+0530][gc,start    ] GC(15) Pause Young (Normal) (G1 Evacuation Pause)
[2025-03-28T19:07:32.097+0530][gc,task     ] GC(15) Using 2 workers of 2 for evacuation
[2025-03-28T19:07:32.123+0530][gc,mmu      ] GC(15) MMU target violated: 21.0ms (20.0ms/21.0ms)
[2025-03-28T19:07:32.123+0530][gc,phases   ] GC(15)   Pre Evacuate Collection Set: 0.3ms
[2025-03-28T19:07:32.123+0530][gc,phases   ] GC(15)   Merge Heap Roots: 0.2ms
[2025-03-28T19:07:32.123+0530][gc,phases   ] GC(15)   Evacuate Collection Set: 24.8ms
[2025-03-28T19:07:32.123+0530][gc,phases   ] GC(15)   Post Evacuate Collection Set: 0.8ms
[2025-03-28T19:07:32.123+0530][gc,phases   ] GC(15)   Other: 0.3ms
[2025-03-28T19:07:32.123+0530][gc,heap     ] GC(15) Eden regions: 47->0(46)
[2025-03-28T19:07:32.123+0530][gc,heap     ] GC(15) Survivor regions: 4->5(7)
[2025-03-28T19:07:32.123+0530][gc,heap     ] GC(15) Old regions: 23->23
[2025-03-28T19:07:32.123+0530][gc,heap     ] GC(15) Archive regions: 2->2
[2025-03-28T19:07:32.123+0530][gc,heap     ] GC(15) Humongous regions: 138->138
[2025-03-28T19:07:32.124+0530][gc,metaspace] GC(15) Metaspace: 47687K(48192K)->47687K(48192K) NonClass: 42330K(42560K)->42330K(42560K) Class: 5356K(5632K)->5356K(5632K)
[2025-03-28T19:07:32.124+0530][gc          ] GC(15) Pause Young (Normal) (G1 Evacuation Pause) 212M->166M(1024M) 26.621ms
[2025-03-28T19:07:32.124+0530][gc,cpu      ] GC(15) User=0.03s Sys=0.00s Real=0.02s
[2025-03-28T19:09:13.380+0530][gc,heap,exit] Heap
[2025-03-28T19:09:13.380+0530][gc,heap,exit]  garbage-first heap   total 1048576K, used 204911K [0x00000000c0000000, 0x0000000100000000)
[2025-03-28T19:09:13.380+0530][gc,heap,exit]   region size 1024K, 39 young (39936K), 5 survivors (5120K)
[2025-03-28T19:09:13.380+0530][gc,heap,exit]  Metaspace       used 48449K, committed 49024K, reserved 1114112K
[2025-03-28T19:09:13.380+0530][gc,heap,exit]   class space    used 5542K, committed 5824K, reserved 1048576K
