[2025-03-28T18:48:57.989+0530][gc] Using G1
[2025-03-28T18:48:58.009+0530][gc,init] Version: 17.0.14+7-LTS (release)
[2025-03-28T18:48:58.009+0530][gc,init] CPUs: 2 total, 2 available
[2025-03-28T18:48:58.009+0530][gc,init] Memory: 3658M
[2025-03-28T18:48:58.009+0530][gc,init] Large Page Support: Disabled
[2025-03-28T18:48:58.009+0530][gc,init] NUMA Support: Disabled
[2025-03-28T18:48:58.009+0530][gc,init] Compressed Oops: Enabled (32-bit)
[2025-03-28T18:48:58.009+0530][gc,init] Heap Region Size: 1M
[2025-03-28T18:48:58.009+0530][gc,init] Heap Min Capacity: 1G
[2025-03-28T18:48:58.009+0530][gc,init] Heap Initial Capacity: 1G
[2025-03-28T18:48:58.009+0530][gc,init] Heap Max Capacity: 1G
[2025-03-28T18:48:58.009+0530][gc,init] Pre-touch: Disabled
[2025-03-28T18:48:58.009+0530][gc,init] Parallel Workers: 2
[2025-03-28T18:48:58.009+0530][gc,init] Concurrent Workers: 1
[2025-03-28T18:48:58.009+0530][gc,init] Concurrent Refinement Workers: 2
[2025-03-28T18:48:58.009+0530][gc,init] Periodic GC: Disabled
[2025-03-28T18:48:58.017+0530][gc,metaspace] CDS archive(s) mapped at: [0x00007f2fc7000000-0x00007f2fc7bc7000-0x00007f2fc7bc7000), size 12349440, SharedBaseAddress: 0x00007f2fc7000000, ArchiveRelocationMode: 1.
[2025-03-28T18:48:58.017+0530][gc,metaspace] Compressed class space mapped at: 0x00007f2fc8000000-0x00007f3008000000, reserved size: 1073741824
[2025-03-28T18:48:58.017+0530][gc,metaspace] Narrow klass base: 0x00007f2fc7000000, Narrow klass shift: 0, Narrow klass range: 0x100000000
[2025-03-28T18:49:04.417+0530][gc,start    ] GC(0) Pause Young (Normal) (G1 Evacuation Pause)
[2025-03-28T18:49:04.417+0530][gc,task     ] GC(0) Using 2 workers of 2 for evacuation
[2025-03-28T18:49:04.428+0530][gc,phases   ] GC(0)   Pre Evacuate Collection Set: 0.1ms
[2025-03-28T18:49:04.428+0530][gc,phases   ] GC(0)   Merge Heap Roots: 0.1ms
[2025-03-28T18:49:04.428+0530][gc,phases   ] GC(0)   Evacuate Collection Set: 9.0ms
[2025-03-28T18:49:04.428+0530][gc,phases   ] GC(0)   Post Evacuate Collection Set: 1.3ms
[2025-03-28T18:49:04.428+0530][gc,phases   ] GC(0)   Other: 0.4ms
[2025-03-28T18:49:04.428+0530][gc,heap     ] GC(0) Eden regions: 51->0(44)
[2025-03-28T18:49:04.428+0530][gc,heap     ] GC(0) Survivor regions: 0->7(7)
[2025-03-28T18:49:04.428+0530][gc,heap     ] GC(0) Old regions: 0->2
[2025-03-28T18:49:04.428+0530][gc,heap     ] GC(0) Archive regions: 2->2
[2025-03-28T18:49:04.428+0530][gc,heap     ] GC(0) Humongous regions: 0->0
[2025-03-28T18:49:04.428+0530][gc,metaspace] GC(0) Metaspace: 17201K(17472K)->17201K(17472K) NonClass: 15072K(15232K)->15072K(15232K) Class: 2129K(2240K)->2129K(2240K)
[2025-03-28T18:49:04.428+0530][gc          ] GC(0) Pause Young (Normal) (G1 Evacuation Pause) 51M->9M(1024M) 11.078ms
[2025-03-28T18:49:04.428+0530][gc,cpu      ] GC(0) User=0.01s Sys=0.00s Real=0.01s
[2025-03-28T18:49:04.621+0530][gc,start    ] GC(1) Pause Young (Concurrent Start) (Metadata GC Threshold)
[2025-03-28T18:49:04.621+0530][gc,task     ] GC(1) Using 2 workers of 2 for evacuation
[2025-03-28T18:49:04.633+0530][gc,phases   ] GC(1)   Pre Evacuate Collection Set: 0.5ms
[2025-03-28T18:49:04.633+0530][gc,phases   ] GC(1)   Merge Heap Roots: 0.1ms
[2025-03-28T18:49:04.633+0530][gc,phases   ] GC(1)   Evacuate Collection Set: 10.9ms
[2025-03-28T18:49:04.633+0530][gc,phases   ] GC(1)   Post Evacuate Collection Set: 0.5ms
[2025-03-28T18:49:04.633+0530][gc,phases   ] GC(1)   Other: 0.2ms
[2025-03-28T18:49:04.633+0530][gc,heap     ] GC(1) Eden regions: 14->0(50)
[2025-03-28T18:49:04.633+0530][gc,heap     ] GC(1) Survivor regions: 7->1(7)
[2025-03-28T18:49:04.633+0530][gc,heap     ] GC(1) Old regions: 2->9
[2025-03-28T18:49:04.633+0530][gc,heap     ] GC(1) Archive regions: 2->2
[2025-03-28T18:49:04.633+0530][gc,heap     ] GC(1) Humongous regions: 0->0
[2025-03-28T18:49:04.633+0530][gc,metaspace] GC(1) Metaspace: 21295K(21504K)->21295K(21504K) NonClass: 18894K(19008K)->18894K(19008K) Class: 2401K(2496K)->2401K(2496K)
[2025-03-28T18:49:04.633+0530][gc          ] GC(1) Pause Young (Concurrent Start) (Metadata GC Threshold) 22M->10M(1024M) 12.322ms
[2025-03-28T18:49:04.633+0530][gc,cpu      ] GC(1) User=0.02s Sys=0.00s Real=0.02s
[2025-03-28T18:49:04.633+0530][gc          ] GC(2) Concurrent Mark Cycle
[2025-03-28T18:49:04.633+0530][gc,marking  ] GC(2) Concurrent Clear Claimed Marks
[2025-03-28T18:49:04.633+0530][gc,marking  ] GC(2) Concurrent Clear Claimed Marks 0.022ms
[2025-03-28T18:49:04.633+0530][gc,marking  ] GC(2) Concurrent Scan Root Regions
[2025-03-28T18:49:04.639+0530][gc,marking  ] GC(2) Concurrent Scan Root Regions 5.379ms
[2025-03-28T18:49:04.639+0530][gc,marking  ] GC(2) Concurrent Mark
[2025-03-28T18:49:04.639+0530][gc,marking  ] GC(2) Concurrent Mark From Roots
[2025-03-28T18:49:04.639+0530][gc,task     ] GC(2) Using 1 workers of 1 for marking
[2025-03-28T18:49:04.654+0530][gc,marking  ] GC(2) Concurrent Mark From Roots 15.071ms
[2025-03-28T18:49:04.654+0530][gc,marking  ] GC(2) Concurrent Preclean
[2025-03-28T18:49:04.654+0530][gc,marking  ] GC(2) Concurrent Preclean 0.036ms
[2025-03-28T18:49:04.654+0530][gc,start    ] GC(2) Pause Remark
[2025-03-28T18:49:04.657+0530][gc          ] GC(2) Pause Remark 11M->11M(1024M) 2.859ms
[2025-03-28T18:49:04.657+0530][gc,cpu      ] GC(2) User=0.01s Sys=0.00s Real=0.01s
[2025-03-28T18:49:04.657+0530][gc,marking  ] GC(2) Concurrent Mark 18.446ms
[2025-03-28T18:49:04.657+0530][gc,marking  ] GC(2) Concurrent Rebuild Remembered Sets
[2025-03-28T18:49:04.665+0530][gc,marking  ] GC(2) Concurrent Rebuild Remembered Sets 8.292ms
[2025-03-28T18:49:04.666+0530][gc,start    ] GC(2) Pause Cleanup
[2025-03-28T18:49:04.666+0530][gc          ] GC(2) Pause Cleanup 11M->11M(1024M) 0.194ms
[2025-03-28T18:49:04.666+0530][gc,cpu      ] GC(2) User=0.00s Sys=0.00s Real=0.00s
[2025-03-28T18:49:04.666+0530][gc,marking  ] GC(2) Concurrent Cleanup for Next Mark
[2025-03-28T18:49:04.668+0530][gc,marking  ] GC(2) Concurrent Cleanup for Next Mark 2.207ms
[2025-03-28T18:49:04.668+0530][gc          ] GC(2) Concurrent Mark Cycle 35.044ms
[2025-03-28T18:49:05.862+0530][gc,start    ] GC(3) Pause Young (Normal) (G1 Evacuation Pause)
[2025-03-28T18:49:05.862+0530][gc,task     ] GC(3) Using 2 workers of 2 for evacuation
[2025-03-28T18:49:05.868+0530][gc,phases   ] GC(3)   Pre Evacuate Collection Set: 0.3ms
[2025-03-28T18:49:05.868+0530][gc,phases   ] GC(3)   Merge Heap Roots: 0.0ms
[2025-03-28T18:49:05.868+0530][gc,phases   ] GC(3)   Evacuate Collection Set: 5.9ms
[2025-03-28T18:49:05.869+0530][gc,phases   ] GC(3)   Post Evacuate Collection Set: 0.5ms
[2025-03-28T18:49:05.869+0530][gc,phases   ] GC(3)   Other: 0.2ms
[2025-03-28T18:49:05.869+0530][gc,heap     ] GC(3) Eden regions: 50->0(48)
[2025-03-28T18:49:05.869+0530][gc,heap     ] GC(3) Survivor regions: 1->3(7)
[2025-03-28T18:49:05.869+0530][gc,heap     ] GC(3) Old regions: 9->9
[2025-03-28T18:49:05.869+0530][gc,heap     ] GC(3) Archive regions: 2->2
[2025-03-28T18:49:05.869+0530][gc,heap     ] GC(3) Humongous regions: 0->0
[2025-03-28T18:49:05.869+0530][gc,metaspace] GC(3) Metaspace: 25996K(26240K)->25996K(26240K) NonClass: 22970K(23104K)->22970K(23104K) Class: 3025K(3136K)->3025K(3136K)
[2025-03-28T18:49:05.869+0530][gc          ] GC(3) Pause Young (Normal) (G1 Evacuation Pause) 60M->12M(1024M) 6.967ms
[2025-03-28T18:49:05.869+0530][gc,cpu      ] GC(3) User=0.01s Sys=0.01s Real=0.01s
[2025-03-28T18:49:06.833+0530][gc,start    ] GC(4) Pause Young (Normal) (G1 Evacuation Pause)
[2025-03-28T18:49:06.833+0530][gc,task     ] GC(4) Using 2 workers of 2 for evacuation
[2025-03-28T18:49:06.843+0530][gc,phases   ] GC(4)   Pre Evacuate Collection Set: 0.2ms
[2025-03-28T18:49:06.843+0530][gc,phases   ] GC(4)   Merge Heap Roots: 0.1ms
[2025-03-28T18:49:06.843+0530][gc,phases   ] GC(4)   Evacuate Collection Set: 8.7ms
[2025-03-28T18:49:06.843+0530][gc,phases   ] GC(4)   Post Evacuate Collection Set: 0.7ms
[2025-03-28T18:49:06.843+0530][gc,phases   ] GC(4)   Other: 0.2ms
[2025-03-28T18:49:06.843+0530][gc,heap     ] GC(4) Eden regions: 48->0(46)
[2025-03-28T18:49:06.843+0530][gc,heap     ] GC(4) Survivor regions: 3->5(7)
[2025-03-28T18:49:06.843+0530][gc,heap     ] GC(4) Old regions: 9->9
[2025-03-28T18:49:06.843+0530][gc,heap     ] GC(4) Archive regions: 2->2
[2025-03-28T18:49:06.843+0530][gc,heap     ] GC(4) Humongous regions: 0->0
[2025-03-28T18:49:06.843+0530][gc,metaspace] GC(4) Metaspace: 34360K(34624K)->34360K(34624K) NonClass: 30456K(30592K)->30456K(30592K) Class: 3903K(4032K)->3903K(4032K)
[2025-03-28T18:49:06.843+0530][gc          ] GC(4) Pause Young (Normal) (G1 Evacuation Pause) 60M->14M(1024M) 9.902ms
[2025-03-28T18:49:06.843+0530][gc,cpu      ] GC(4) User=0.02s Sys=0.01s Real=0.02s
[2025-03-28T18:49:07.085+0530][gc,start    ] GC(5) Pause Young (Concurrent Start) (Metadata GC Threshold)
[2025-03-28T18:49:07.085+0530][gc,task     ] GC(5) Using 2 workers of 2 for evacuation
[2025-03-28T18:49:07.117+0530][gc,mmu      ] GC(5) MMU target violated: 21.0ms (20.0ms/21.0ms)
[2025-03-28T18:49:07.117+0530][gc,phases   ] GC(5)   Pre Evacuate Collection Set: 0.3ms
[2025-03-28T18:49:07.117+0530][gc,phases   ] GC(5)   Merge Heap Roots: 0.1ms
[2025-03-28T18:49:07.117+0530][gc,phases   ] GC(5)   Evacuate Collection Set: 30.3ms
[2025-03-28T18:49:07.117+0530][gc,phases   ] GC(5)   Post Evacuate Collection Set: 1.4ms
[2025-03-28T18:49:07.117+0530][gc,phases   ] GC(5)   Other: 0.3ms
[2025-03-28T18:49:07.117+0530][gc,heap     ] GC(5) Eden regions: 15->0(46)
[2025-03-28T18:49:07.117+0530][gc,heap     ] GC(5) Survivor regions: 5->5(7)
[2025-03-28T18:49:07.117+0530][gc,heap     ] GC(5) Old regions: 9->12
[2025-03-28T18:49:07.117+0530][gc,heap     ] GC(5) Archive regions: 2->2
[2025-03-28T18:49:07.117+0530][gc,heap     ] GC(5) Humongous regions: 0->0
[2025-03-28T18:49:07.118+0530][gc,metaspace] GC(5) Metaspace: 35810K(36096K)->35810K(36096K) NonClass: 31721K(31872K)->31721K(31872K) Class: 4089K(4224K)->4089K(4224K)
[2025-03-28T18:49:07.118+0530][gc          ] GC(5) Pause Young (Concurrent Start) (Metadata GC Threshold) 28M->16M(1024M) 32.636ms
[2025-03-28T18:49:07.118+0530][gc,cpu      ] GC(5) User=0.05s Sys=0.00s Real=0.02s
[2025-03-28T18:49:07.118+0530][gc          ] GC(6) Concurrent Mark Cycle
[2025-03-28T18:49:07.118+0530][gc,marking  ] GC(6) Concurrent Clear Claimed Marks
[2025-03-28T18:49:07.118+0530][gc,marking  ] GC(6) Concurrent Clear Claimed Marks 0.037ms
[2025-03-28T18:49:07.118+0530][gc,marking  ] GC(6) Concurrent Scan Root Regions
[2025-03-28T18:49:07.158+0530][gc,marking  ] GC(6) Concurrent Scan Root Regions 40.221ms
[2025-03-28T18:49:07.158+0530][gc,marking  ] GC(6) Concurrent Mark
[2025-03-28T18:49:07.158+0530][gc,marking  ] GC(6) Concurrent Mark From Roots
[2025-03-28T18:49:07.158+0530][gc,task     ] GC(6) Using 1 workers of 1 for marking
[2025-03-28T18:49:07.211+0530][gc,marking  ] GC(6) Concurrent Mark From Roots 52.503ms
[2025-03-28T18:49:07.211+0530][gc,marking  ] GC(6) Concurrent Preclean
[2025-03-28T18:49:07.211+0530][gc,marking  ] GC(6) Concurrent Preclean 0.172ms
[2025-03-28T18:49:07.213+0530][gc,start    ] GC(6) Pause Remark
[2025-03-28T18:49:07.222+0530][gc          ] GC(6) Pause Remark 19M->19M(1024M) 9.196ms
[2025-03-28T18:49:07.222+0530][gc,cpu      ] GC(6) User=0.01s Sys=0.00s Real=0.01s
[2025-03-28T18:49:07.222+0530][gc,marking  ] GC(6) Concurrent Mark 64.097ms
[2025-03-28T18:49:07.222+0530][gc,marking  ] GC(6) Concurrent Rebuild Remembered Sets
[2025-03-28T18:49:07.236+0530][gc,marking  ] GC(6) Concurrent Rebuild Remembered Sets 13.418ms
[2025-03-28T18:49:07.247+0530][gc,start    ] GC(6) Pause Cleanup
[2025-03-28T18:49:07.247+0530][gc          ] GC(6) Pause Cleanup 19M->19M(1024M) 0.735ms
[2025-03-28T18:49:07.248+0530][gc,cpu      ] GC(6) User=0.00s Sys=0.00s Real=0.01s
[2025-03-28T18:49:07.248+0530][gc,marking  ] GC(6) Concurrent Cleanup for Next Mark
[2025-03-28T18:49:07.264+0530][gc,marking  ] GC(6) Concurrent Cleanup for Next Mark 16.103ms
[2025-03-28T18:49:07.264+0530][gc          ] GC(6) Concurrent Mark Cycle 146.614ms
[2025-03-28T18:50:10.403+0530][gc,heap,exit] Heap
[2025-03-28T18:50:10.403+0530][gc,heap,exit]  garbage-first heap   total 1048576K, used 51116K [0x00000000c0000000, 0x0000000100000000)
[2025-03-28T18:50:10.403+0530][gc,heap,exit]   region size 1024K, 38 young (38912K), 5 survivors (5120K)
[2025-03-28T18:50:10.403+0530][gc,heap,exit]  Metaspace       used 40457K, committed 40768K, reserved 1114112K
[2025-03-28T18:50:10.403+0530][gc,heap,exit]   class space    used 4600K, committed 4736K, reserved 1048576K
