[2025-03-28T19:19:11.358+0530][gc] Using G1
[2025-03-28T19:19:11.358+0530][gc] Using G1
[2025-03-28T19:19:11.403+0530][gc,init] Version: 17.0.14+7-LTS (release)
[2025-03-28T19:19:11.403+0530][gc,init] CPUs: 2 total, 2 available
[2025-03-28T19:19:11.404+0530][gc,init] Memory: 3658M
[2025-03-28T19:19:11.404+0530][gc,init] Large Page Support: Disabled
[2025-03-28T19:19:11.404+0530][gc,init] NUMA Support: Disabled
[2025-03-28T19:19:11.404+0530][gc,init] Compressed Oops: Enabled (32-bit)
[2025-03-28T19:19:11.404+0530][gc,init] Heap Region Size: 1M
[2025-03-28T19:19:11.404+0530][gc,init] Heap Min Capacity: 1G
[2025-03-28T19:19:11.404+0530][gc,init] Heap Initial Capacity: 1G
[2025-03-28T19:19:11.404+0530][gc,init] Heap Max Capacity: 1G
[2025-03-28T19:19:11.404+0530][gc,init] Pre-touch: Disabled
[2025-03-28T19:19:11.404+0530][gc,init] Parallel Workers: 2
[2025-03-28T19:19:11.404+0530][gc,init] Concurrent Workers: 1
[2025-03-28T19:19:11.404+0530][gc,init] Concurrent Refinement Workers: 2
[2025-03-28T19:19:11.404+0530][gc,init] Periodic GC: Disabled
[2025-03-28T19:19:11.424+0530][gc,init] Version: 17.0.14+7-LTS (release)
[2025-03-28T19:19:11.424+0530][gc,init] CPUs: 2 total, 2 available
[2025-03-28T19:19:11.425+0530][gc,init] Memory: 3658M
[2025-03-28T19:19:11.425+0530][gc,init] Large Page Support: Disabled
[2025-03-28T19:19:11.425+0530][gc,init] NUMA Support: Disabled
[2025-03-28T19:19:11.425+0530][gc,init] Compressed Oops: Enabled (32-bit)
[2025-03-28T19:19:11.425+0530][gc,init] Heap Region Size: 1M
[2025-03-28T19:19:11.425+0530][gc,init] Heap Min Capacity: 1G
[2025-03-28T19:19:11.425+0530][gc,init] Heap Initial Capacity: 1G
[2025-03-28T19:19:11.425+0530][gc,init] Heap Max Capacity: 1G
[2025-03-28T19:19:11.425+0530][gc,init] Pre-touch: Disabled
[2025-03-28T19:19:11.425+0530][gc,init] Parallel Workers: 2
[2025-03-28T19:19:11.425+0530][gc,init] Concurrent Workers: 1
[2025-03-28T19:19:11.425+0530][gc,init] Concurrent Refinement Workers: 2
[2025-03-28T19:19:11.425+0530][gc,init] Periodic GC: Disabled
[2025-03-28T19:19:11.451+0530][gc,metaspace] CDS archive(s) mapped at: [0x00007fa15b000000-0x00007fa15bbc7000-0x00007fa15bbc7000), size 12349440, SharedBaseAddress: 0x00007fa15b000000, ArchiveRelocationMode: 1.
[2025-03-28T19:19:11.451+0530][gc,metaspace] Compressed class space mapped at: 0x00007fa15c000000-0x00007fa19c000000, reserved size: 1073741824
[2025-03-28T19:19:11.451+0530][gc,metaspace] Narrow klass base: 0x00007fa15b000000, Narrow klass shift: 0, Narrow klass range: 0x100000000
[2025-03-28T19:19:11.474+0530][gc,metaspace] CDS archive(s) mapped at: [0x00007f3b37000000-0x00007f3b37bc7000-0x00007f3b37bc7000), size 12349440, SharedBaseAddress: 0x00007f3b37000000, ArchiveRelocationMode: 1.
[2025-03-28T19:19:11.474+0530][gc,metaspace] Compressed class space mapped at: 0x00007f3b38000000-0x00007f3b78000000, reserved size: 1073741824
[2025-03-28T19:19:11.474+0530][gc,metaspace] Narrow klass base: 0x00007f3b37000000, Narrow klass shift: 0, Narrow klass range: 0x100000000
[2025-03-28T19:19:19.065+0530][gc,start    ] GC(0) Pause Young (Normal) (G1 Evacuation Pause)
[2025-03-28T19:19:19.065+0530][gc,task     ] GC(0) Using 2 workers of 2 for evacuation
[2025-03-28T19:19:19.159+0530][gc,mmu      ] GC(0) MMU target violated: 21.0ms (20.0ms/21.0ms)
[2025-03-28T19:19:19.159+0530][gc,phases   ] GC(0)   Pre Evacuate Collection Set: 2.1ms
[2025-03-28T19:19:19.159+0530][gc,phases   ] GC(0)   Merge Heap Roots: 0.1ms
[2025-03-28T19:19:19.159+0530][gc,phases   ] GC(0)   Evacuate Collection Set: 90.6ms
[2025-03-28T19:19:19.159+0530][gc,phases   ] GC(0)   Post Evacuate Collection Set: 1.2ms
[2025-03-28T19:19:19.159+0530][gc,phases   ] GC(0)   Other: 0.3ms
[2025-03-28T19:19:19.159+0530][gc,heap     ] GC(0) Eden regions: 51->0(44)
[2025-03-28T19:19:19.159+0530][gc,heap     ] GC(0) Survivor regions: 0->7(7)
[2025-03-28T19:19:19.159+0530][gc,heap     ] GC(0) Old regions: 0->3
[2025-03-28T19:19:19.159+0530][gc,heap     ] GC(0) Archive regions: 2->2
[2025-03-28T19:19:19.159+0530][gc,heap     ] GC(0) Humongous regions: 0->0
[2025-03-28T19:19:19.159+0530][gc,metaspace] GC(0) Metaspace: 15011K(15296K)->15011K(15296K) NonClass: 13128K(13248K)->13128K(13248K) Class: 1883K(2048K)->1883K(2048K)
[2025-03-28T19:19:19.159+0530][gc          ] GC(0) Pause Young (Normal) (G1 Evacuation Pause) 51M->10M(1024M) 94.507ms
[2025-03-28T19:19:19.159+0530][gc,cpu      ] GC(0) User=0.03s Sys=0.01s Real=0.09s
[2025-03-28T19:19:19.604+0530][gc,start    ] GC(0) Pause Young (Normal) (G1 Evacuation Pause)
[2025-03-28T19:19:19.605+0530][gc,task     ] GC(0) Using 2 workers of 2 for evacuation
[2025-03-28T19:19:19.625+0530][gc,mmu      ] GC(0) MMU target violated: 20.3ms (20.0ms/21.0ms)
[2025-03-28T19:19:19.625+0530][gc,phases   ] GC(0)   Pre Evacuate Collection Set: 0.3ms
[2025-03-28T19:19:19.625+0530][gc,phases   ] GC(0)   Merge Heap Roots: 0.1ms
[2025-03-28T19:19:19.625+0530][gc,phases   ] GC(0)   Evacuate Collection Set: 19.2ms
[2025-03-28T19:19:19.625+0530][gc,phases   ] GC(0)   Post Evacuate Collection Set: 0.8ms
[2025-03-28T19:19:19.625+0530][gc,phases   ] GC(0)   Other: 0.6ms
[2025-03-28T19:19:19.625+0530][gc,heap     ] GC(0) Eden regions: 51->0(44)
[2025-03-28T19:19:19.625+0530][gc,heap     ] GC(0) Survivor regions: 0->7(7)
[2025-03-28T19:19:19.625+0530][gc,heap     ] GC(0) Old regions: 0->2
[2025-03-28T19:19:19.625+0530][gc,heap     ] GC(0) Archive regions: 2->2
[2025-03-28T19:19:19.625+0530][gc,heap     ] GC(0) Humongous regions: 0->0
[2025-03-28T19:19:19.625+0530][gc,metaspace] GC(0) Metaspace: 16847K(17088K)->16847K(17088K) NonClass: 14710K(14848K)->14710K(14848K) Class: 2137K(2240K)->2137K(2240K)
[2025-03-28T19:19:19.625+0530][gc          ] GC(0) Pause Young (Normal) (G1 Evacuation Pause) 51M->9M(1024M) 21.084ms
[2025-03-28T19:19:19.625+0530][gc,cpu      ] GC(0) User=0.02s Sys=0.00s Real=0.04s
[2025-03-28T19:19:20.443+0530][gc,start    ] GC(1) Pause Young (Concurrent Start) (Metadata GC Threshold)
[2025-03-28T19:19:20.443+0530][gc,task     ] GC(1) Using 2 workers of 2 for evacuation
[2025-03-28T19:19:20.463+0530][gc,phases   ] GC(1)   Pre Evacuate Collection Set: 0.2ms
[2025-03-28T19:19:20.463+0530][gc,phases   ] GC(1)   Merge Heap Roots: 0.1ms
[2025-03-28T19:19:20.463+0530][gc,phases   ] GC(1)   Evacuate Collection Set: 18.6ms
[2025-03-28T19:19:20.463+0530][gc,phases   ] GC(1)   Post Evacuate Collection Set: 0.7ms
[2025-03-28T19:19:20.463+0530][gc,phases   ] GC(1)   Other: 0.2ms
[2025-03-28T19:19:20.463+0530][gc,heap     ] GC(1) Eden regions: 28->0(49)
[2025-03-28T19:19:20.463+0530][gc,heap     ] GC(1) Survivor regions: 7->2(7)
[2025-03-28T19:19:20.463+0530][gc,heap     ] GC(1) Old regions: 3->9
[2025-03-28T19:19:20.463+0530][gc,heap     ] GC(1) Archive regions: 2->2
[2025-03-28T19:19:20.463+0530][gc,heap     ] GC(1) Humongous regions: 0->0
[2025-03-28T19:19:20.463+0530][gc,metaspace] GC(1) Metaspace: 21186K(21504K)->21186K(21504K) NonClass: 18660K(18816K)->18660K(18816K) Class: 2525K(2688K)->2525K(2688K)
[2025-03-28T19:19:20.463+0530][gc          ] GC(1) Pause Young (Concurrent Start) (Metadata GC Threshold) 37M->11M(1024M) 19.981ms
[2025-03-28T19:19:20.463+0530][gc,cpu      ] GC(1) User=0.01s Sys=0.01s Real=0.02s
[2025-03-28T19:19:20.463+0530][gc          ] GC(2) Concurrent Mark Cycle
[2025-03-28T19:19:20.463+0530][gc,marking  ] GC(2) Concurrent Clear Claimed Marks
[2025-03-28T19:19:20.465+0530][gc,marking  ] GC(2) Concurrent Clear Claimed Marks 2.433ms
[2025-03-28T19:19:20.465+0530][gc,marking  ] GC(2) Concurrent Scan Root Regions
[2025-03-28T19:19:20.472+0530][gc,marking  ] GC(2) Concurrent Scan Root Regions 7.010ms
[2025-03-28T19:19:20.472+0530][gc,marking  ] GC(2) Concurrent Mark
[2025-03-28T19:19:20.472+0530][gc,marking  ] GC(2) Concurrent Mark From Roots
[2025-03-28T19:19:20.472+0530][gc,task     ] GC(2) Using 1 workers of 1 for marking
[2025-03-28T19:19:20.522+0530][gc,marking  ] GC(2) Concurrent Mark From Roots 49.486ms
[2025-03-28T19:19:20.522+0530][gc,marking  ] GC(2) Concurrent Preclean
[2025-03-28T19:19:20.525+0530][gc,marking  ] GC(2) Concurrent Preclean 2.832ms
[2025-03-28T19:19:20.525+0530][gc,start    ] GC(2) Pause Remark
[2025-03-28T19:19:20.545+0530][gc          ] GC(2) Pause Remark 13M->13M(1024M) 19.530ms
[2025-03-28T19:19:20.545+0530][gc,cpu      ] GC(2) User=0.02s Sys=0.00s Real=0.01s
[2025-03-28T19:19:20.545+0530][gc,marking  ] GC(2) Concurrent Mark 72.179ms
[2025-03-28T19:19:20.545+0530][gc,marking  ] GC(2) Concurrent Rebuild Remembered Sets
[2025-03-28T19:19:20.545+0530][gc,marking  ] GC(2) Concurrent Rebuild Remembered Sets 0.009ms
[2025-03-28T19:19:20.548+0530][gc,start    ] GC(2) Pause Cleanup
[2025-03-28T19:19:20.548+0530][gc          ] GC(2) Pause Cleanup 13M->13M(1024M) 0.045ms
[2025-03-28T19:19:20.548+0530][gc,cpu      ] GC(2) User=0.00s Sys=0.00s Real=0.00s
[2025-03-28T19:19:20.548+0530][gc,marking  ] GC(2) Concurrent Cleanup for Next Mark
[2025-03-28T19:19:20.556+0530][gc,marking  ] GC(2) Concurrent Cleanup for Next Mark 8.027ms
[2025-03-28T19:19:20.556+0530][gc          ] GC(2) Concurrent Mark Cycle 93.111ms
[2025-03-28T19:19:20.614+0530][gc,start    ] GC(1) Pause Young (Concurrent Start) (Metadata GC Threshold)
[2025-03-28T19:19:20.614+0530][gc,task     ] GC(1) Using 2 workers of 2 for evacuation
[2025-03-28T19:19:20.630+0530][gc,phases   ] GC(1)   Pre Evacuate Collection Set: 0.2ms
[2025-03-28T19:19:20.630+0530][gc,phases   ] GC(1)   Merge Heap Roots: 0.1ms
[2025-03-28T19:19:20.630+0530][gc,phases   ] GC(1)   Evacuate Collection Set: 15.2ms
[2025-03-28T19:19:20.630+0530][gc,phases   ] GC(1)   Post Evacuate Collection Set: 0.5ms
[2025-03-28T19:19:20.630+0530][gc,phases   ] GC(1)   Other: 0.2ms
[2025-03-28T19:19:20.630+0530][gc,heap     ] GC(1) Eden regions: 19->0(49)
[2025-03-28T19:19:20.630+0530][gc,heap     ] GC(1) Survivor regions: 7->2(7)
[2025-03-28T19:19:20.630+0530][gc,heap     ] GC(1) Old regions: 2->9
[2025-03-28T19:19:20.630+0530][gc,heap     ] GC(1) Archive regions: 2->2
[2025-03-28T19:19:20.630+0530][gc,heap     ] GC(1) Humongous regions: 0->0
[2025-03-28T19:19:20.630+0530][gc,metaspace] GC(1) Metaspace: 21304K(21504K)->21304K(21504K) NonClass: 18774K(18880K)->18774K(18880K) Class: 2529K(2624K)->2529K(2624K)
[2025-03-28T19:19:20.630+0530][gc          ] GC(1) Pause Young (Concurrent Start) (Metadata GC Threshold) 28M->11M(1024M) 16.268ms
[2025-03-28T19:19:20.630+0530][gc,cpu      ] GC(1) User=0.02s Sys=0.01s Real=0.02s
[2025-03-28T19:19:20.635+0530][gc          ] GC(2) Concurrent Mark Cycle
[2025-03-28T19:19:20.635+0530][gc,marking  ] GC(2) Concurrent Clear Claimed Marks
[2025-03-28T19:19:20.635+0530][gc,marking  ] GC(2) Concurrent Clear Claimed Marks 0.043ms
[2025-03-28T19:19:20.635+0530][gc,marking  ] GC(2) Concurrent Scan Root Regions
[2025-03-28T19:19:20.672+0530][gc,marking  ] GC(2) Concurrent Scan Root Regions 36.953ms
[2025-03-28T19:19:20.672+0530][gc,marking  ] GC(2) Concurrent Mark
[2025-03-28T19:19:20.672+0530][gc,marking  ] GC(2) Concurrent Mark From Roots
[2025-03-28T19:19:20.672+0530][gc,task     ] GC(2) Using 1 workers of 1 for marking
[2025-03-28T19:19:20.698+0530][gc,marking  ] GC(2) Concurrent Mark From Roots 26.327ms
[2025-03-28T19:19:20.698+0530][gc,marking  ] GC(2) Concurrent Preclean
[2025-03-28T19:19:20.698+0530][gc,marking  ] GC(2) Concurrent Preclean 0.057ms
[2025-03-28T19:19:20.744+0530][gc,start    ] GC(2) Pause Remark
[2025-03-28T19:19:20.752+0530][gc          ] GC(2) Pause Remark 14M->14M(1024M) 7.653ms
[2025-03-28T19:19:20.752+0530][gc,cpu      ] GC(2) User=0.01s Sys=0.00s Real=0.01s
[2025-03-28T19:19:20.755+0530][gc,marking  ] GC(2) Concurrent Mark 82.827ms
[2025-03-28T19:19:20.755+0530][gc,marking  ] GC(2) Concurrent Rebuild Remembered Sets
[2025-03-28T19:19:20.755+0530][gc,marking  ] GC(2) Concurrent Rebuild Remembered Sets 0.013ms
[2025-03-28T19:19:20.757+0530][gc,start    ] GC(2) Pause Cleanup
[2025-03-28T19:19:20.757+0530][gc          ] GC(2) Pause Cleanup 14M->14M(1024M) 0.095ms
[2025-03-28T19:19:20.757+0530][gc,cpu      ] GC(2) User=0.00s Sys=0.00s Real=0.00s
[2025-03-28T19:19:20.757+0530][gc,marking  ] GC(2) Concurrent Cleanup for Next Mark
[2025-03-28T19:19:20.764+0530][gc,marking  ] GC(2) Concurrent Cleanup for Next Mark 7.244ms
[2025-03-28T19:19:20.764+0530][gc          ] GC(2) Concurrent Mark Cycle 129.377ms
[2025-03-28T19:19:24.425+0530][gc,start    ] GC(3) Pause Young (Concurrent Start) (G1 Evacuation Pause)
[2025-03-28T19:19:24.425+0530][gc,task     ] GC(3) Using 2 workers of 2 for evacuation
[2025-03-28T19:19:24.504+0530][gc,mmu      ] GC(3) MMU target violated: 21.0ms (20.0ms/21.0ms)
[2025-03-28T19:19:24.504+0530][gc,phases   ] GC(3)   Pre Evacuate Collection Set: 11.9ms
[2025-03-28T19:19:24.504+0530][gc,phases   ] GC(3)   Merge Heap Roots: 0.1ms
[2025-03-28T19:19:24.504+0530][gc,phases   ] GC(3)   Evacuate Collection Set: 66.3ms
[2025-03-28T19:19:24.504+0530][gc,phases   ] GC(3)   Post Evacuate Collection Set: 0.6ms
[2025-03-28T19:19:24.504+0530][gc,phases   ] GC(3)   Other: 0.2ms
[2025-03-28T19:19:24.504+0530][gc,heap     ] GC(3) Eden regions: 49->0(44)
[2025-03-28T19:19:24.504+0530][gc,heap     ] GC(3) Survivor regions: 2->7(7)
[2025-03-28T19:19:24.504+0530][gc,heap     ] GC(3) Old regions: 9->9
[2025-03-28T19:19:24.504+0530][gc,heap     ] GC(3) Archive regions: 2->2
[2025-03-28T19:19:24.504+0530][gc,heap     ] GC(3) Humongous regions: 0->0
[2025-03-28T19:19:24.504+0530][gc,metaspace] GC(3) Metaspace: 28574K(28928K)->28574K(28928K) NonClass: 25234K(25408K)->25234K(25408K) Class: 3339K(3520K)->3339K(3520K)
[2025-03-28T19:19:24.504+0530][gc          ] GC(3) Pause Young (Concurrent Start) (G1 Evacuation Pause) 60M->16M(1024M) 79.308ms
[2025-03-28T19:19:24.504+0530][gc,cpu      ] GC(3) User=0.04s Sys=0.00s Real=0.07s
[2025-03-28T19:19:24.504+0530][gc          ] GC(4) Concurrent Mark Cycle
[2025-03-28T19:19:24.504+0530][gc,marking  ] GC(4) Concurrent Clear Claimed Marks
[2025-03-28T19:19:24.504+0530][gc,marking  ] GC(4) Concurrent Clear Claimed Marks 0.039ms
[2025-03-28T19:19:24.504+0530][gc,marking  ] GC(4) Concurrent Scan Root Regions
[2025-03-28T19:19:24.558+0530][gc,marking  ] GC(4) Concurrent Scan Root Regions 53.770ms
[2025-03-28T19:19:24.558+0530][gc,marking  ] GC(4) Concurrent Mark
[2025-03-28T19:19:24.558+0530][gc,marking  ] GC(4) Concurrent Mark From Roots
[2025-03-28T19:19:24.558+0530][gc,task     ] GC(4) Using 1 workers of 1 for marking
[2025-03-28T19:19:24.710+0530][gc,marking  ] GC(4) Concurrent Mark From Roots 151.972ms
[2025-03-28T19:19:24.710+0530][gc,marking  ] GC(4) Concurrent Preclean
[2025-03-28T19:19:24.710+0530][gc,marking  ] GC(4) Concurrent Preclean 0.108ms
[2025-03-28T19:19:24.782+0530][gc,start    ] GC(4) Pause Remark
[2025-03-28T19:19:24.801+0530][gc          ] GC(4) Pause Remark 21M->21M(1024M) 19.377ms
[2025-03-28T19:19:24.801+0530][gc,cpu      ] GC(4) User=0.01s Sys=0.00s Real=0.02s
[2025-03-28T19:19:24.802+0530][gc,marking  ] GC(4) Concurrent Mark 243.684ms
[2025-03-28T19:19:24.802+0530][gc,marking  ] GC(4) Concurrent Rebuild Remembered Sets
[2025-03-28T19:19:24.830+0530][gc,marking  ] GC(4) Concurrent Rebuild Remembered Sets 28.139ms
[2025-03-28T19:19:24.846+0530][gc,start    ] GC(4) Pause Cleanup
[2025-03-28T19:19:24.846+0530][gc          ] GC(4) Pause Cleanup 21M->21M(1024M) 0.294ms
[2025-03-28T19:19:24.846+0530][gc,cpu      ] GC(4) User=0.00s Sys=0.00s Real=0.00s
[2025-03-28T19:19:24.848+0530][gc,marking  ] GC(4) Concurrent Cleanup for Next Mark
[2025-03-28T19:19:24.992+0530][gc,marking  ] GC(4) Concurrent Cleanup for Next Mark 144.121ms
[2025-03-28T19:19:24.992+0530][gc          ] GC(4) Concurrent Mark Cycle 488.056ms
[2025-03-28T19:19:25.137+0530][gc,start    ] GC(3) Pause Young (Concurrent Start) (G1 Evacuation Pause)
[2025-03-28T19:19:25.137+0530][gc,task     ] GC(3) Using 2 workers of 2 for evacuation
[2025-03-28T19:19:25.192+0530][gc,mmu      ] GC(3) MMU target violated: 21.0ms (20.0ms/21.0ms)
[2025-03-28T19:19:25.192+0530][gc,phases   ] GC(3)   Pre Evacuate Collection Set: 4.5ms
[2025-03-28T19:19:25.192+0530][gc,phases   ] GC(3)   Merge Heap Roots: 13.0ms
[2025-03-28T19:19:25.192+0530][gc,phases   ] GC(3)   Evacuate Collection Set: 37.3ms
[2025-03-28T19:19:25.192+0530][gc,phases   ] GC(3)   Post Evacuate Collection Set: 0.5ms
[2025-03-28T19:19:25.192+0530][gc,phases   ] GC(3)   Other: 0.3ms
[2025-03-28T19:19:25.192+0530][gc,heap     ] GC(3) Eden regions: 49->0(45)
[2025-03-28T19:19:25.192+0530][gc,heap     ] GC(3) Survivor regions: 2->6(7)
[2025-03-28T19:19:25.192+0530][gc,heap     ] GC(3) Old regions: 9->9
[2025-03-28T19:19:25.192+0530][gc,heap     ] GC(3) Archive regions: 2->2
[2025-03-28T19:19:25.192+0530][gc,heap     ] GC(3) Humongous regions: 0->0
[2025-03-28T19:19:25.192+0530][gc,metaspace] GC(3) Metaspace: 28844K(29184K)->28844K(29184K) NonClass: 25484K(25664K)->25484K(25664K) Class: 3359K(3520K)->3359K(3520K)
[2025-03-28T19:19:25.193+0530][gc          ] GC(3) Pause Young (Concurrent Start) (G1 Evacuation Pause) 60M->15M(1024M) 55.634ms
[2025-03-28T19:19:25.193+0530][gc,cpu      ] GC(3) User=0.02s Sys=0.01s Real=0.05s
[2025-03-28T19:19:25.194+0530][gc          ] GC(4) Concurrent Mark Cycle
[2025-03-28T19:19:25.194+0530][gc,marking  ] GC(4) Concurrent Clear Claimed Marks
[2025-03-28T19:19:25.194+0530][gc,marking  ] GC(4) Concurrent Clear Claimed Marks 0.034ms
[2025-03-28T19:19:25.194+0530][gc,marking  ] GC(4) Concurrent Scan Root Regions
[2025-03-28T19:19:25.271+0530][gc,marking  ] GC(4) Concurrent Scan Root Regions 77.119ms
[2025-03-28T19:19:25.271+0530][gc,marking  ] GC(4) Concurrent Mark
[2025-03-28T19:19:25.271+0530][gc,marking  ] GC(4) Concurrent Mark From Roots
[2025-03-28T19:19:25.271+0530][gc,task     ] GC(4) Using 1 workers of 1 for marking
[2025-03-28T19:19:25.514+0530][gc,marking  ] GC(4) Concurrent Mark From Roots 242.899ms
[2025-03-28T19:19:25.514+0530][gc,marking  ] GC(4) Concurrent Preclean
[2025-03-28T19:19:25.514+0530][gc,marking  ] GC(4) Concurrent Preclean 0.115ms
[2025-03-28T19:19:25.528+0530][gc,start    ] GC(4) Pause Remark
[2025-03-28T19:19:25.546+0530][gc          ] GC(4) Pause Remark 28M->28M(1024M) 18.085ms
[2025-03-28T19:19:25.546+0530][gc,cpu      ] GC(4) User=0.01s Sys=0.00s Real=0.02s
[2025-03-28T19:19:25.546+0530][gc,marking  ] GC(4) Concurrent Mark 275.237ms
[2025-03-28T19:19:25.546+0530][gc,marking  ] GC(4) Concurrent Rebuild Remembered Sets
[2025-03-28T19:19:25.562+0530][gc,marking  ] GC(4) Concurrent Rebuild Remembered Sets 16.264ms
[2025-03-28T19:19:25.579+0530][gc,start    ] GC(4) Pause Cleanup
[2025-03-28T19:19:25.579+0530][gc          ] GC(4) Pause Cleanup 28M->28M(1024M) 0.362ms
[2025-03-28T19:19:25.579+0530][gc,cpu      ] GC(4) User=0.00s Sys=0.00s Real=0.00s
[2025-03-28T19:19:25.580+0530][gc,marking  ] GC(4) Concurrent Cleanup for Next Mark
[2025-03-28T19:19:25.622+0530][gc,marking  ] GC(4) Concurrent Cleanup for Next Mark 42.720ms
[2025-03-28T19:19:25.622+0530][gc          ] GC(4) Concurrent Mark Cycle 428.840ms
[2025-03-28T19:19:26.161+0530][gc,start    ] GC(5) Pause Young (Prepare Mixed) (G1 Evacuation Pause)
[2025-03-28T19:19:26.161+0530][gc,task     ] GC(5) Using 2 workers of 2 for evacuation
[2025-03-28T19:19:26.180+0530][gc,start    ] GC(5) Pause Young (Prepare Mixed) (G1 Evacuation Pause)
[2025-03-28T19:19:26.180+0530][gc,task     ] GC(5) Using 2 workers of 2 for evacuation
[2025-03-28T19:19:26.181+0530][gc,mmu      ] GC(5) MMU target violated: 20.3ms (20.0ms/21.0ms)
[2025-03-28T19:19:26.181+0530][gc,phases   ] GC(5)   Pre Evacuate Collection Set: 0.3ms
[2025-03-28T19:19:26.181+0530][gc,phases   ] GC(5)   Merge Heap Roots: 0.1ms
[2025-03-28T19:19:26.181+0530][gc,phases   ] GC(5)   Evacuate Collection Set: 19.2ms
[2025-03-28T19:19:26.181+0530][gc,phases   ] GC(5)   Post Evacuate Collection Set: 0.7ms
[2025-03-28T19:19:26.181+0530][gc,phases   ] GC(5)   Other: 0.2ms
[2025-03-28T19:19:26.181+0530][gc,heap     ] GC(5) Eden regions: 45->0(49)
[2025-03-28T19:19:26.181+0530][gc,heap     ] GC(5) Survivor regions: 6->2(7)
[2025-03-28T19:19:26.181+0530][gc,heap     ] GC(5) Old regions: 9->14
[2025-03-28T19:19:26.181+0530][gc,heap     ] GC(5) Archive regions: 2->2
[2025-03-28T19:19:26.181+0530][gc,heap     ] GC(5) Humongous regions: 1->1
[2025-03-28T19:19:26.181+0530][gc,metaspace] GC(5) Metaspace: 28964K(29312K)->28964K(29312K) NonClass: 25593K(25792K)->25593K(25792K) Class: 3371K(3520K)->3371K(3520K)
[2025-03-28T19:19:26.181+0530][gc          ] GC(5) Pause Young (Prepare Mixed) (G1 Evacuation Pause) 61M->16M(1024M) 20.546ms
[2025-03-28T19:19:26.181+0530][gc,cpu      ] GC(5) User=0.02s Sys=0.00s Real=0.02s
[2025-03-28T19:19:26.236+0530][gc,mmu      ] GC(5) MMU target violated: 21.0ms (20.0ms/21.0ms)
[2025-03-28T19:19:26.236+0530][gc,phases   ] GC(5)   Pre Evacuate Collection Set: 0.3ms
[2025-03-28T19:19:26.236+0530][gc,phases   ] GC(5)   Merge Heap Roots: 0.1ms
[2025-03-28T19:19:26.236+0530][gc,phases   ] GC(5)   Evacuate Collection Set: 55.0ms
[2025-03-28T19:19:26.236+0530][gc,phases   ] GC(5)   Post Evacuate Collection Set: 0.7ms
[2025-03-28T19:19:26.236+0530][gc,phases   ] GC(5)   Other: 0.3ms
[2025-03-28T19:19:26.236+0530][gc,heap     ] GC(5) Eden regions: 44->0(50)
[2025-03-28T19:19:26.236+0530][gc,heap     ] GC(5) Survivor regions: 7->1(7)
[2025-03-28T19:19:26.236+0530][gc,heap     ] GC(5) Old regions: 9->14
[2025-03-28T19:19:26.236+0530][gc,heap     ] GC(5) Archive regions: 2->2
[2025-03-28T19:19:26.236+0530][gc,heap     ] GC(5) Humongous regions: 0->0
[2025-03-28T19:19:26.236+0530][gc,metaspace] GC(5) Metaspace: 28826K(29184K)->28826K(29184K) NonClass: 25469K(25600K)->25469K(25600K) Class: 3357K(3584K)->3357K(3584K)
[2025-03-28T19:19:26.236+0530][gc          ] GC(5) Pause Young (Prepare Mixed) (G1 Evacuation Pause) 60M->15M(1024M) 56.460ms
[2025-03-28T19:19:26.236+0530][gc,cpu      ] GC(5) User=0.02s Sys=0.00s Real=0.06s
[2025-03-28T19:19:28.631+0530][gc,start    ] GC(6) Pause Young (Mixed) (G1 Evacuation Pause)
[2025-03-28T19:19:28.631+0530][gc,task     ] GC(6) Using 2 workers of 2 for evacuation
[2025-03-28T19:19:28.632+0530][gc,start    ] GC(6) Pause Young (Mixed) (G1 Evacuation Pause)
[2025-03-28T19:19:28.632+0530][gc,task     ] GC(6) Using 2 workers of 2 for evacuation
[2025-03-28T19:19:28.690+0530][gc,mmu      ] GC(6) MMU target violated: 21.0ms (20.0ms/21.0ms)
[2025-03-28T19:19:28.690+0530][gc,phases   ] GC(6)   Pre Evacuate Collection Set: 10.3ms
[2025-03-28T19:19:28.690+0530][gc,phases   ] GC(6)   Merge Heap Roots: 0.2ms
[2025-03-28T19:19:28.690+0530][gc,phases   ] GC(6)   Evacuate Collection Set: 47.1ms
[2025-03-28T19:19:28.690+0530][gc,phases   ] GC(6)   Post Evacuate Collection Set: 0.7ms
[2025-03-28T19:19:28.690+0530][gc,phases   ] GC(6)   Other: 0.2ms
[2025-03-28T19:19:28.690+0530][gc,heap     ] GC(6) Eden regions: 49->0(49)
[2025-03-28T19:19:28.690+0530][gc,heap     ] GC(6) Survivor regions: 2->2(7)
[2025-03-28T19:19:28.690+0530][gc,heap     ] GC(6) Old regions: 14->14
[2025-03-28T19:19:28.690+0530][gc,heap     ] GC(6) Archive regions: 2->2
[2025-03-28T19:19:28.690+0530][gc,heap     ] GC(6) Humongous regions: 1->0
[2025-03-28T19:19:28.690+0530][gc,metaspace] GC(6) Metaspace: 32745K(33152K)->32745K(33152K) NonClass: 29023K(29248K)->29023K(29248K) Class: 3722K(3904K)->3722K(3904K)
[2025-03-28T19:19:28.690+0530][gc          ] GC(6) Pause Young (Mixed) (G1 Evacuation Pause) 65M->16M(1024M) 58.546ms
[2025-03-28T19:19:28.690+0530][gc,cpu      ] GC(6) User=0.04s Sys=0.00s Real=0.06s
[2025-03-28T19:19:28.723+0530][gc,mmu      ] GC(6) MMU target violated: 21.0ms (20.0ms/21.0ms)
[2025-03-28T19:19:28.723+0530][gc,phases   ] GC(6)   Pre Evacuate Collection Set: 0.2ms
[2025-03-28T19:19:28.723+0530][gc,phases   ] GC(6)   Merge Heap Roots: 0.1ms
[2025-03-28T19:19:28.723+0530][gc,phases   ] GC(6)   Evacuate Collection Set: 90.9ms
[2025-03-28T19:19:28.723+0530][gc,phases   ] GC(6)   Post Evacuate Collection Set: 0.5ms
[2025-03-28T19:19:28.723+0530][gc,phases   ] GC(6)   Other: 0.2ms
[2025-03-28T19:19:28.723+0530][gc,heap     ] GC(6) Eden regions: 50->0(48)
[2025-03-28T19:19:28.723+0530][gc,heap     ] GC(6) Survivor regions: 1->3(7)
[2025-03-28T19:19:28.723+0530][gc,heap     ] GC(6) Old regions: 14->14
[2025-03-28T19:19:28.723+0530][gc,heap     ] GC(6) Archive regions: 2->2
[2025-03-28T19:19:28.723+0530][gc,heap     ] GC(6) Humongous regions: 0->0
[2025-03-28T19:19:28.723+0530][gc,metaspace] GC(6) Metaspace: 30791K(31104K)->30791K(31104K) NonClass: 27233K(27392K)->27233K(27392K) Class: 3557K(3712K)->3557K(3712K)
[2025-03-28T19:19:28.723+0530][gc          ] GC(6) Pause Young (Mixed) (G1 Evacuation Pause) 65M->16M(1024M) 91.993ms
[2025-03-28T19:19:28.723+0530][gc,cpu      ] GC(6) User=0.02s Sys=0.00s Real=0.09s
[2025-03-28T19:19:29.509+0530][gc,start    ] GC(7) Pause Young (Normal) (G1 Evacuation Pause)
[2025-03-28T19:19:29.509+0530][gc,task     ] GC(7) Using 2 workers of 2 for evacuation
[2025-03-28T19:19:29.556+0530][gc,mmu      ] GC(7) MMU target violated: 21.0ms (20.0ms/21.0ms)
[2025-03-28T19:19:29.556+0530][gc,phases   ] GC(7)   Pre Evacuate Collection Set: 0.3ms
[2025-03-28T19:19:29.556+0530][gc,phases   ] GC(7)   Merge Heap Roots: 0.0ms
[2025-03-28T19:19:29.556+0530][gc,phases   ] GC(7)   Evacuate Collection Set: 36.3ms
[2025-03-28T19:19:29.556+0530][gc,phases   ] GC(7)   Post Evacuate Collection Set: 10.7ms
[2025-03-28T19:19:29.556+0530][gc,phases   ] GC(7)   Other: 0.2ms
[2025-03-28T19:19:29.556+0530][gc,heap     ] GC(7) Eden regions: 48->0(48)
[2025-03-28T19:19:29.556+0530][gc,heap     ] GC(7) Survivor regions: 3->3(7)
[2025-03-28T19:19:29.556+0530][gc,heap     ] GC(7) Old regions: 14->14
[2025-03-28T19:19:29.556+0530][gc,heap     ] GC(7) Archive regions: 2->2
[2025-03-28T19:19:29.556+0530][gc,heap     ] GC(7) Humongous regions: 0->0
[2025-03-28T19:19:29.556+0530][gc,metaspace] GC(7) Metaspace: 34226K(34560K)->34226K(34560K) NonClass: 30305K(30464K)->30305K(30464K) Class: 3920K(4096K)->3920K(4096K)
[2025-03-28T19:19:29.556+0530][gc          ] GC(7) Pause Young (Normal) (G1 Evacuation Pause) 64M->17M(1024M) 47.612ms
[2025-03-28T19:19:29.556+0530][gc,cpu      ] GC(7) User=0.01s Sys=0.00s Real=0.05s
[2025-03-28T19:19:31.537+0530][gc,start    ] GC(7) Pause Young (Normal) (G1 Evacuation Pause)
[2025-03-28T19:19:31.537+0530][gc,task     ] GC(7) Using 2 workers of 2 for evacuation
[2025-03-28T19:19:31.572+0530][gc,mmu      ] GC(7) MMU target violated: 21.0ms (20.0ms/21.0ms)
[2025-03-28T19:19:31.572+0530][gc,phases   ] GC(7)   Pre Evacuate Collection Set: 0.4ms
[2025-03-28T19:19:31.572+0530][gc,phases   ] GC(7)   Merge Heap Roots: 0.1ms
[2025-03-28T19:19:31.572+0530][gc,phases   ] GC(7)   Evacuate Collection Set: 34.3ms
[2025-03-28T19:19:31.572+0530][gc,phases   ] GC(7)   Post Evacuate Collection Set: 0.6ms
[2025-03-28T19:19:31.572+0530][gc,phases   ] GC(7)   Other: 0.2ms
[2025-03-28T19:19:31.572+0530][gc,heap     ] GC(7) Eden regions: 49->0(45)
[2025-03-28T19:19:31.572+0530][gc,heap     ] GC(7) Survivor regions: 2->6(7)
[2025-03-28T19:19:31.572+0530][gc,heap     ] GC(7) Old regions: 14->14
[2025-03-28T19:19:31.572+0530][gc,heap     ] GC(7) Archive regions: 2->2
[2025-03-28T19:19:31.572+0530][gc,heap     ] GC(7) Humongous regions: 9->9
[2025-03-28T19:19:31.572+0530][gc,metaspace] GC(7) Metaspace: 41834K(42240K)->41834K(42240K) NonClass: 37125K(37312K)->37125K(37312K) Class: 4709K(4928K)->4709K(4928K)
[2025-03-28T19:19:31.573+0530][gc          ] GC(7) Pause Young (Normal) (G1 Evacuation Pause) 74M->29M(1024M) 35.771ms
[2025-03-28T19:19:31.573+0530][gc,cpu      ] GC(7) User=0.04s Sys=0.01s Real=0.02s
[2025-03-28T19:19:32.502+0530][gc,start    ] GC(8) Pause Young (Normal) (G1 Evacuation Pause)
[2025-03-28T19:19:32.502+0530][gc,task     ] GC(8) Using 2 workers of 2 for evacuation
[2025-03-28T19:19:32.532+0530][gc,mmu      ] GC(8) MMU target violated: 21.0ms (20.0ms/21.0ms)
[2025-03-28T19:19:32.533+0530][gc,phases   ] GC(8)   Pre Evacuate Collection Set: 1.1ms
[2025-03-28T19:19:32.533+0530][gc,phases   ] GC(8)   Merge Heap Roots: 0.2ms
[2025-03-28T19:19:32.533+0530][gc,phases   ] GC(8)   Evacuate Collection Set: 25.5ms
[2025-03-28T19:19:32.533+0530][gc,phases   ] GC(8)   Post Evacuate Collection Set: 3.1ms
[2025-03-28T19:19:32.533+0530][gc,phases   ] GC(8)   Other: 0.3ms
[2025-03-28T19:19:32.533+0530][gc,heap     ] GC(8) Eden regions: 48->0(44)
[2025-03-28T19:19:32.533+0530][gc,heap     ] GC(8) Survivor regions: 3->7(7)
[2025-03-28T19:19:32.533+0530][gc,heap     ] GC(8) Old regions: 14->14
[2025-03-28T19:19:32.533+0530][gc,heap     ] GC(8) Archive regions: 2->2
[2025-03-28T19:19:32.533+0530][gc,heap     ] GC(8) Humongous regions: 1->0
[2025-03-28T19:19:32.533+0530][gc,metaspace] GC(8) Metaspace: 42359K(42816K)->42359K(42816K) NonClass: 37597K(37824K)->37597K(37824K) Class: 4762K(4992K)->4762K(4992K)
[2025-03-28T19:19:32.533+0530][gc          ] GC(8) Pause Young (Normal) (G1 Evacuation Pause) 66M->21M(1024M) 30.411ms
[2025-03-28T19:19:32.533+0530][gc,cpu      ] GC(8) User=0.02s Sys=0.00s Real=0.03s
[2025-03-28T19:19:34.337+0530][gc,start    ] GC(8) Pause Young (Normal) (G1 Evacuation Pause)
[2025-03-28T19:19:34.337+0530][gc,task     ] GC(8) Using 2 workers of 2 for evacuation
[2025-03-28T19:19:34.409+0530][gc,mmu      ] GC(8) MMU target violated: 21.0ms (20.0ms/21.0ms)
[2025-03-28T19:19:34.409+0530][gc,phases   ] GC(8)   Pre Evacuate Collection Set: 0.2ms
[2025-03-28T19:19:34.409+0530][gc,phases   ] GC(8)   Merge Heap Roots: 0.1ms
[2025-03-28T19:19:34.409+0530][gc,phases   ] GC(8)   Evacuate Collection Set: 70.7ms
[2025-03-28T19:19:34.409+0530][gc,phases   ] GC(8)   Post Evacuate Collection Set: 0.8ms
[2025-03-28T19:19:34.409+0530][gc,phases   ] GC(8)   Other: 0.2ms
[2025-03-28T19:19:34.409+0530][gc,heap     ] GC(8) Eden regions: 45->0(47)
[2025-03-28T19:19:34.409+0530][gc,heap     ] GC(8) Survivor regions: 6->4(7)
[2025-03-28T19:19:34.409+0530][gc,heap     ] GC(8) Old regions: 14->20
[2025-03-28T19:19:34.409+0530][gc,heap     ] GC(8) Archive regions: 2->2
[2025-03-28T19:19:34.409+0530][gc,heap     ] GC(8) Humongous regions: 138->138
[2025-03-28T19:19:34.409+0530][gc,metaspace] GC(8) Metaspace: 44594K(45056K)->44594K(45056K) NonClass: 39531K(39744K)->39531K(39744K) Class: 5062K(5312K)->5062K(5312K)
[2025-03-28T19:19:34.410+0530][gc          ] GC(8) Pause Young (Normal) (G1 Evacuation Pause) 203M->161M(1024M) 72.121ms
[2025-03-28T19:19:34.410+0530][gc,cpu      ] GC(8) User=0.03s Sys=0.00s Real=0.07s
[2025-03-28T19:19:35.304+0530][gc,start    ] GC(9) Pause Young (Normal) (G1 Evacuation Pause)
[2025-03-28T19:19:35.304+0530][gc,task     ] GC(9) Using 2 workers of 2 for evacuation
[2025-03-28T19:19:35.384+0530][gc,mmu      ] GC(9) MMU target violated: 21.0ms (20.0ms/21.0ms)
[2025-03-28T19:19:35.384+0530][gc,phases   ] GC(9)   Pre Evacuate Collection Set: 0.3ms
[2025-03-28T19:19:35.384+0530][gc,phases   ] GC(9)   Merge Heap Roots: 0.2ms
[2025-03-28T19:19:35.384+0530][gc,phases   ] GC(9)   Evacuate Collection Set: 60.7ms
[2025-03-28T19:19:35.384+0530][gc,phases   ] GC(9)   Post Evacuate Collection Set: 19.1ms
[2025-03-28T19:19:35.384+0530][gc,phases   ] GC(9)   Other: 0.2ms
[2025-03-28T19:19:35.384+0530][gc,heap     ] GC(9) Eden regions: 47->0(44)
[2025-03-28T19:19:35.384+0530][gc,heap     ] GC(9) Survivor regions: 4->7(7)
[2025-03-28T19:19:35.384+0530][gc,heap     ] GC(9) Old regions: 20->21
[2025-03-28T19:19:35.384+0530][gc,heap     ] GC(9) Archive regions: 2->2
[2025-03-28T19:19:35.384+0530][gc,heap     ] GC(9) Humongous regions: 138->138
[2025-03-28T19:19:35.384+0530][gc,metaspace] GC(9) Metaspace: 45298K(45760K)->45298K(45760K) NonClass: 40077K(40320K)->40077K(40320K) Class: 5221K(5440K)->5221K(5440K)
[2025-03-28T19:19:35.384+0530][gc          ] GC(9) Pause Young (Normal) (G1 Evacuation Pause) 208M->166M(1024M) 80.594ms
[2025-03-28T19:19:35.385+0530][gc,cpu      ] GC(9) User=0.03s Sys=0.00s Real=0.08s
[2025-03-28T19:19:35.923+0530][gc,start    ] GC(10) Pause Young (Normal) (G1 Evacuation Pause)
[2025-03-28T19:19:35.923+0530][gc,task     ] GC(10) Using 2 workers of 2 for evacuation
[2025-03-28T19:19:35.957+0530][gc,mmu      ] GC(10) MMU target violated: 21.0ms (20.0ms/21.0ms)
[2025-03-28T19:19:35.957+0530][gc,phases   ] GC(10)   Pre Evacuate Collection Set: 0.3ms
[2025-03-28T19:19:35.957+0530][gc,phases   ] GC(10)   Merge Heap Roots: 0.1ms
[2025-03-28T19:19:35.957+0530][gc,phases   ] GC(10)   Evacuate Collection Set: 33.0ms
[2025-03-28T19:19:35.957+0530][gc,phases   ] GC(10)   Post Evacuate Collection Set: 0.6ms
[2025-03-28T19:19:35.957+0530][gc,phases   ] GC(10)   Other: 0.3ms
[2025-03-28T19:19:35.957+0530][gc,heap     ] GC(10) Eden regions: 44->0(46)
[2025-03-28T19:19:35.957+0530][gc,heap     ] GC(10) Survivor regions: 7->5(7)
[2025-03-28T19:19:35.957+0530][gc,heap     ] GC(10) Old regions: 21->28
[2025-03-28T19:19:35.957+0530][gc,heap     ] GC(10) Archive regions: 2->2
[2025-03-28T19:19:35.957+0530][gc,heap     ] GC(10) Humongous regions: 139->138
[2025-03-28T19:19:35.958+0530][gc,metaspace] GC(10) Metaspace: 46145K(46656K)->46145K(46656K) NonClass: 40782K(41088K)->40782K(41088K) Class: 5363K(5568K)->5363K(5568K)
[2025-03-28T19:19:35.958+0530][gc          ] GC(10) Pause Young (Normal) (G1 Evacuation Pause) 211M->171M(1024M) 34.342ms
[2025-03-28T19:19:35.958+0530][gc,cpu      ] GC(10) User=0.03s Sys=0.01s Real=0.03s
[2025-03-28T19:19:36.179+0530][gc,start    ] GC(11) Pause Young (Normal) (G1 Evacuation Pause)
[2025-03-28T19:19:36.179+0530][gc,task     ] GC(11) Using 2 workers of 2 for evacuation
[2025-03-28T19:19:36.200+0530][gc,mmu      ] GC(11) MMU target violated: 20.3ms (20.0ms/21.0ms)
[2025-03-28T19:19:36.200+0530][gc,phases   ] GC(11)   Pre Evacuate Collection Set: 0.3ms
[2025-03-28T19:19:36.200+0530][gc,phases   ] GC(11)   Merge Heap Roots: 0.1ms
[2025-03-28T19:19:36.200+0530][gc,phases   ] GC(11)   Evacuate Collection Set: 19.4ms
[2025-03-28T19:19:36.200+0530][gc,phases   ] GC(11)   Post Evacuate Collection Set: 0.5ms
[2025-03-28T19:19:36.200+0530][gc,phases   ] GC(11)   Other: 0.2ms
[2025-03-28T19:19:36.200+0530][gc,heap     ] GC(11) Eden regions: 46->0(48)
[2025-03-28T19:19:36.200+0530][gc,heap     ] GC(11) Survivor regions: 5->3(7)
[2025-03-28T19:19:36.200+0530][gc,heap     ] GC(11) Old regions: 28->33
[2025-03-28T19:19:36.200+0530][gc,heap     ] GC(11) Archive regions: 2->2
[2025-03-28T19:19:36.200+0530][gc,heap     ] GC(11) Humongous regions: 139->139
[2025-03-28T19:19:36.200+0530][gc,metaspace] GC(11) Metaspace: 46170K(46656K)->46170K(46656K) NonClass: 40800K(41088K)->40800K(41088K) Class: 5370K(5568K)->5370K(5568K)
[2025-03-28T19:19:36.200+0530][gc          ] GC(11) Pause Young (Normal) (G1 Evacuation Pause) 218M->175M(1024M) 20.574ms
[2025-03-28T19:19:36.200+0530][gc,cpu      ] GC(11) User=0.02s Sys=0.00s Real=0.03s
[2025-03-28T19:19:37.568+0530][gc,start    ] GC(9) Pause Young (Normal) (G1 Evacuation Pause)
[2025-03-28T19:19:37.568+0530][gc,task     ] GC(9) Using 2 workers of 2 for evacuation
[2025-03-28T19:19:37.658+0530][gc,mmu      ] GC(9) MMU target violated: 21.0ms (20.0ms/21.0ms)
[2025-03-28T19:19:37.658+0530][gc,phases   ] GC(9)   Pre Evacuate Collection Set: 3.6ms
[2025-03-28T19:19:37.658+0530][gc,phases   ] GC(9)   Merge Heap Roots: 0.1ms
[2025-03-28T19:19:37.658+0530][gc,phases   ] GC(9)   Evacuate Collection Set: 74.5ms
[2025-03-28T19:19:37.658+0530][gc,phases   ] GC(9)   Post Evacuate Collection Set: 11.9ms
[2025-03-28T19:19:37.658+0530][gc,phases   ] GC(9)   Other: 0.2ms
[2025-03-28T19:19:37.658+0530][gc,heap     ] GC(9) Eden regions: 44->0(48)
[2025-03-28T19:19:37.658+0530][gc,heap     ] GC(9) Survivor regions: 7->3(7)
[2025-03-28T19:19:37.658+0530][gc,heap     ] GC(9) Old regions: 14->20
[2025-03-28T19:19:37.658+0530][gc,heap     ] GC(9) Archive regions: 2->2
[2025-03-28T19:19:37.658+0530][gc,heap     ] GC(9) Humongous regions: 135->129
[2025-03-28T19:19:37.658+0530][gc,metaspace] GC(9) Metaspace: 45704K(46272K)->45704K(46272K) NonClass: 40375K(40704K)->40375K(40704K) Class: 5328K(5568K)->5328K(5568K)
[2025-03-28T19:19:37.658+0530][gc          ] GC(9) Pause Young (Normal) (G1 Evacuation Pause) 200M->152M(1024M) 90.348ms
[2025-03-28T19:19:37.658+0530][gc,cpu      ] GC(9) User=0.02s Sys=0.01s Real=0.09s
[2025-03-28T19:19:38.212+0530][gc,start    ] GC(10) Pause Young (Normal) (G1 Evacuation Pause)
[2025-03-28T19:19:38.212+0530][gc,task     ] GC(10) Using 2 workers of 2 for evacuation
[2025-03-28T19:19:38.267+0530][gc,mmu      ] GC(10) MMU target violated: 21.0ms (20.0ms/21.0ms)
[2025-03-28T19:19:38.267+0530][gc,phases   ] GC(10)   Pre Evacuate Collection Set: 0.4ms
[2025-03-28T19:19:38.267+0530][gc,phases   ] GC(10)   Merge Heap Roots: 0.4ms
[2025-03-28T19:19:38.267+0530][gc,phases   ] GC(10)   Evacuate Collection Set: 52.4ms
[2025-03-28T19:19:38.267+0530][gc,phases   ] GC(10)   Post Evacuate Collection Set: 1.4ms
[2025-03-28T19:19:38.267+0530][gc,phases   ] GC(10)   Other: 0.3ms
[2025-03-28T19:19:38.267+0530][gc,heap     ] GC(10) Eden regions: 48->0(44)
[2025-03-28T19:19:38.267+0530][gc,heap     ] GC(10) Survivor regions: 3->7(7)
[2025-03-28T19:19:38.267+0530][gc,heap     ] GC(10) Old regions: 20->22
[2025-03-28T19:19:38.267+0530][gc,heap     ] GC(10) Archive regions: 2->2
[2025-03-28T19:19:38.267+0530][gc,heap     ] GC(10) Humongous regions: 129->129
[2025-03-28T19:19:38.267+0530][gc,metaspace] GC(10) Metaspace: 45847K(46400K)->45847K(46400K) NonClass: 40488K(40768K)->40488K(40768K) Class: 5358K(5632K)->5358K(5632K)
[2025-03-28T19:19:38.267+0530][gc          ] GC(10) Pause Young (Normal) (G1 Evacuation Pause) 200M->158M(1024M) 54.973ms
[2025-03-28T19:19:38.267+0530][gc,cpu      ] GC(10) User=0.03s Sys=0.01s Real=0.06s
[2025-03-28T19:19:38.988+0530][gc,start    ] GC(11) Pause Young (Normal) (G1 Evacuation Pause)
[2025-03-28T19:19:38.988+0530][gc,task     ] GC(11) Using 2 workers of 2 for evacuation
[2025-03-28T19:19:39.025+0530][gc,mmu      ] GC(11) MMU target violated: 21.0ms (20.0ms/21.0ms)
[2025-03-28T19:19:39.025+0530][gc,phases   ] GC(11)   Pre Evacuate Collection Set: 0.2ms
[2025-03-28T19:19:39.025+0530][gc,phases   ] GC(11)   Merge Heap Roots: 0.1ms
[2025-03-28T19:19:39.025+0530][gc,phases   ] GC(11)   Evacuate Collection Set: 36.1ms
[2025-03-28T19:19:39.025+0530][gc,phases   ] GC(11)   Post Evacuate Collection Set: 0.6ms
[2025-03-28T19:19:39.025+0530][gc,phases   ] GC(11)   Other: 0.2ms
[2025-03-28T19:19:39.025+0530][gc,heap     ] GC(11) Eden regions: 44->0(45)
[2025-03-28T19:19:39.025+0530][gc,heap     ] GC(11) Survivor regions: 7->6(7)
[2025-03-28T19:19:39.025+0530][gc,heap     ] GC(11) Old regions: 22->27
[2025-03-28T19:19:39.025+0530][gc,heap     ] GC(11) Archive regions: 2->2
[2025-03-28T19:19:39.025+0530][gc,heap     ] GC(11) Humongous regions: 129->129
[2025-03-28T19:19:39.025+0530][gc,metaspace] GC(11) Metaspace: 45910K(46464K)->45910K(46464K) NonClass: 40537K(40832K)->40537K(40832K) Class: 5372K(5632K)->5372K(5632K)
[2025-03-28T19:19:39.025+0530][gc          ] GC(11) Pause Young (Normal) (G1 Evacuation Pause) 202M->162M(1024M) 37.342ms
[2025-03-28T19:19:39.025+0530][gc,cpu      ] GC(11) User=0.04s Sys=0.00s Real=0.04s
[2025-03-28T19:19:39.306+0530][gc,start    ] GC(12) Pause Young (Normal) (G1 Evacuation Pause)
[2025-03-28T19:19:39.307+0530][gc,task     ] GC(12) Using 2 workers of 2 for evacuation
[2025-03-28T19:19:39.323+0530][gc,phases   ] GC(12)   Pre Evacuate Collection Set: 0.3ms
[2025-03-28T19:19:39.323+0530][gc,phases   ] GC(12)   Merge Heap Roots: 0.1ms
[2025-03-28T19:19:39.323+0530][gc,phases   ] GC(12)   Evacuate Collection Set: 15.0ms
[2025-03-28T19:19:39.323+0530][gc,phases   ] GC(12)   Post Evacuate Collection Set: 0.6ms
[2025-03-28T19:19:39.323+0530][gc,phases   ] GC(12)   Other: 0.2ms
[2025-03-28T19:19:39.323+0530][gc,heap     ] GC(12) Eden regions: 45->0(48)
[2025-03-28T19:19:39.323+0530][gc,heap     ] GC(12) Survivor regions: 6->3(7)
[2025-03-28T19:19:39.323+0530][gc,heap     ] GC(12) Old regions: 27->32
[2025-03-28T19:19:39.323+0530][gc,heap     ] GC(12) Archive regions: 2->2
[2025-03-28T19:19:39.323+0530][gc,heap     ] GC(12) Humongous regions: 130->130
[2025-03-28T19:19:39.323+0530][gc,metaspace] GC(12) Metaspace: 45932K(46464K)->45932K(46464K) NonClass: 40558K(40832K)->40558K(40832K) Class: 5373K(5632K)->5373K(5632K)
[2025-03-28T19:19:39.323+0530][gc          ] GC(12) Pause Young (Normal) (G1 Evacuation Pause) 208M->165M(1024M) 16.302ms
[2025-03-28T19:19:39.323+0530][gc,cpu      ] GC(12) User=0.02s Sys=0.00s Real=0.03s
[2025-03-28T19:19:39.592+0530][gc,start    ] GC(13) Pause Young (Normal) (G1 Evacuation Pause)
[2025-03-28T19:19:39.592+0530][gc,task     ] GC(13) Using 2 workers of 2 for evacuation
[2025-03-28T19:19:39.620+0530][gc,mmu      ] GC(13) MMU target violated: 21.0ms (20.0ms/21.0ms)
[2025-03-28T19:19:39.620+0530][gc,phases   ] GC(13)   Pre Evacuate Collection Set: 0.3ms
[2025-03-28T19:19:39.620+0530][gc,phases   ] GC(13)   Merge Heap Roots: 0.1ms
[2025-03-28T19:19:39.620+0530][gc,phases   ] GC(13)   Evacuate Collection Set: 10.3ms
[2025-03-28T19:19:39.620+0530][gc,phases   ] GC(13)   Post Evacuate Collection Set: 17.7ms
[2025-03-28T19:19:39.620+0530][gc,phases   ] GC(13)   Other: 0.2ms
[2025-03-28T19:19:39.620+0530][gc,heap     ] GC(13) Eden regions: 48->0(47)
[2025-03-28T19:19:39.620+0530][gc,heap     ] GC(13) Survivor regions: 3->4(7)
[2025-03-28T19:19:39.620+0530][gc,heap     ] GC(13) Old regions: 32->32
[2025-03-28T19:19:39.620+0530][gc,heap     ] GC(13) Archive regions: 2->2
[2025-03-28T19:19:39.620+0530][gc,heap     ] GC(13) Humongous regions: 133->132
[2025-03-28T19:19:39.620+0530][gc,metaspace] GC(13) Metaspace: 46060K(46592K)->46060K(46592K) NonClass: 40671K(40960K)->40671K(40960K) Class: 5389K(5632K)->5389K(5632K)
[2025-03-28T19:19:39.620+0530][gc          ] GC(13) Pause Young (Normal) (G1 Evacuation Pause) 216M->168M(1024M) 28.642ms
[2025-03-28T19:19:39.620+0530][gc,cpu      ] GC(13) User=0.00s Sys=0.00s Real=0.03s
[2025-03-28T19:19:43.631+0530][gc,start    ] GC(12) Pause Young (Normal) (G1 Evacuation Pause)
[2025-03-28T19:19:43.631+0530][gc,task     ] GC(12) Using 2 workers of 2 for evacuation
[2025-03-28T19:19:43.659+0530][gc,mmu      ] GC(12) MMU target violated: 21.0ms (20.0ms/21.0ms)
[2025-03-28T19:19:43.659+0530][gc,phases   ] GC(12)   Pre Evacuate Collection Set: 0.3ms
[2025-03-28T19:19:43.659+0530][gc,phases   ] GC(12)   Merge Heap Roots: 0.1ms
[2025-03-28T19:19:43.659+0530][gc,phases   ] GC(12)   Evacuate Collection Set: 26.8ms
[2025-03-28T19:19:43.659+0530][gc,phases   ] GC(12)   Post Evacuate Collection Set: 0.8ms
[2025-03-28T19:19:43.659+0530][gc,phases   ] GC(12)   Other: 0.2ms
[2025-03-28T19:19:43.659+0530][gc,heap     ] GC(12) Eden regions: 48->0(44)
[2025-03-28T19:19:43.659+0530][gc,heap     ] GC(12) Survivor regions: 3->7(7)
[2025-03-28T19:19:43.659+0530][gc,heap     ] GC(12) Old regions: 33->33
[2025-03-28T19:19:43.659+0530][gc,heap     ] GC(12) Archive regions: 2->2
[2025-03-28T19:19:43.659+0530][gc,heap     ] GC(12) Humongous regions: 147->138
[2025-03-28T19:19:43.659+0530][gc,metaspace] GC(12) Metaspace: 46842K(47424K)->46842K(47424K) NonClass: 41384K(41728K)->41384K(41728K) Class: 5458K(5696K)->5458K(5696K)
[2025-03-28T19:19:43.659+0530][gc          ] GC(12) Pause Young (Normal) (G1 Evacuation Pause) 231M->178M(1024M) 28.288ms
[2025-03-28T19:19:43.659+0530][gc,cpu      ] GC(12) User=0.02s Sys=0.00s Real=0.04s
[2025-03-28T19:19:43.859+0530][gc,start    ] GC(13) Pause Young (Normal) (G1 Evacuation Pause)
[2025-03-28T19:19:43.859+0530][gc,task     ] GC(13) Using 2 workers of 2 for evacuation
[2025-03-28T19:19:43.877+0530][gc,phases   ] GC(13)   Pre Evacuate Collection Set: 0.3ms
[2025-03-28T19:19:43.877+0530][gc,phases   ] GC(13)   Merge Heap Roots: 0.1ms
[2025-03-28T19:19:43.877+0530][gc,phases   ] GC(13)   Evacuate Collection Set: 17.0ms
[2025-03-28T19:19:43.877+0530][gc,phases   ] GC(13)   Post Evacuate Collection Set: 0.5ms
[2025-03-28T19:19:43.877+0530][gc,phases   ] GC(13)   Other: 0.2ms
[2025-03-28T19:19:43.877+0530][gc,heap     ] GC(13) Eden regions: 44->0(49)
[2025-03-28T19:19:43.877+0530][gc,heap     ] GC(13) Survivor regions: 7->2(7)
[2025-03-28T19:19:43.877+0530][gc,heap     ] GC(13) Old regions: 33->36
[2025-03-28T19:19:43.877+0530][gc,heap     ] GC(13) Archive regions: 2->2
[2025-03-28T19:19:43.877+0530][gc,heap     ] GC(13) Humongous regions: 139->139
[2025-03-28T19:19:43.877+0530][gc,metaspace] GC(13) Metaspace: 46873K(47424K)->46873K(47424K) NonClass: 41415K(41728K)->41415K(41728K) Class: 5458K(5696K)->5458K(5696K)
[2025-03-28T19:19:43.878+0530][gc          ] GC(13) Pause Young (Normal) (G1 Evacuation Pause) 223M->177M(1024M) 18.116ms
[2025-03-28T19:19:43.878+0530][gc,cpu      ] GC(13) User=0.01s Sys=0.00s Real=0.02s
[2025-03-28T19:19:44.861+0530][gc,start    ] GC(14) Pause Young (Normal) (G1 Evacuation Pause)
[2025-03-28T19:19:44.861+0530][gc,task     ] GC(14) Using 2 workers of 2 for evacuation
[2025-03-28T19:19:44.881+0530][gc,phases   ] GC(14)   Pre Evacuate Collection Set: 0.3ms
[2025-03-28T19:19:44.881+0530][gc,phases   ] GC(14)   Merge Heap Roots: 0.1ms
[2025-03-28T19:19:44.881+0530][gc,phases   ] GC(14)   Evacuate Collection Set: 18.9ms
[2025-03-28T19:19:44.881+0530][gc,phases   ] GC(14)   Post Evacuate Collection Set: 0.5ms
[2025-03-28T19:19:44.881+0530][gc,phases   ] GC(14)   Other: 0.1ms
[2025-03-28T19:19:44.881+0530][gc,heap     ] GC(14) Eden regions: 49->0(46)
[2025-03-28T19:19:44.881+0530][gc,heap     ] GC(14) Survivor regions: 2->5(7)
[2025-03-28T19:19:44.881+0530][gc,heap     ] GC(14) Old regions: 36->36
[2025-03-28T19:19:44.881+0530][gc,heap     ] GC(14) Archive regions: 2->2
[2025-03-28T19:19:44.881+0530][gc,heap     ] GC(14) Humongous regions: 150->147
[2025-03-28T19:19:44.881+0530][gc,metaspace] GC(14) Metaspace: 46928K(47488K)->46928K(47488K) NonClass: 41464K(41792K)->41464K(41792K) Class: 5463K(5696K)->5463K(5696K)
[2025-03-28T19:19:44.881+0530][gc          ] GC(14) Pause Young (Normal) (G1 Evacuation Pause) 237M->188M(1024M) 19.998ms
[2025-03-28T19:19:44.881+0530][gc,cpu      ] GC(14) User=0.01s Sys=0.00s Real=0.01s
[2025-03-28T19:19:45.147+0530][gc,start    ] GC(15) Pause Young (Normal) (G1 Evacuation Pause)
[2025-03-28T19:19:45.147+0530][gc,task     ] GC(15) Using 2 workers of 2 for evacuation
[2025-03-28T19:19:45.161+0530][gc,phases   ] GC(15)   Pre Evacuate Collection Set: 1.0ms
[2025-03-28T19:19:45.161+0530][gc,phases   ] GC(15)   Merge Heap Roots: 0.1ms
[2025-03-28T19:19:45.161+0530][gc,phases   ] GC(15)   Evacuate Collection Set: 11.9ms
[2025-03-28T19:19:45.161+0530][gc,phases   ] GC(15)   Post Evacuate Collection Set: 0.5ms
[2025-03-28T19:19:45.161+0530][gc,phases   ] GC(15)   Other: 0.2ms
[2025-03-28T19:19:45.161+0530][gc,heap     ] GC(15) Eden regions: 46->0(49)
[2025-03-28T19:19:45.161+0530][gc,heap     ] GC(15) Survivor regions: 5->2(7)
[2025-03-28T19:19:45.161+0530][gc,heap     ] GC(15) Old regions: 36->37
[2025-03-28T19:19:45.161+0530][gc,heap     ] GC(15) Archive regions: 2->2
[2025-03-28T19:19:45.161+0530][gc,heap     ] GC(15) Humongous regions: 149->149
[2025-03-28T19:19:45.161+0530][gc,metaspace] GC(15) Metaspace: 46942K(47488K)->46942K(47488K) NonClass: 41478K(41792K)->41478K(41792K) Class: 5463K(5696K)->5463K(5696K)
[2025-03-28T19:19:45.161+0530][gc          ] GC(15) Pause Young (Normal) (G1 Evacuation Pause) 236M->188M(1024M) 13.816ms
[2025-03-28T19:19:45.161+0530][gc,cpu      ] GC(15) User=0.02s Sys=0.00s Real=0.01s
[2025-03-28T19:19:47.683+0530][gc,start    ] GC(14) Pause Young (Normal) (G1 Evacuation Pause)
[2025-03-28T19:19:47.683+0530][gc,task     ] GC(14) Using 2 workers of 2 for evacuation
[2025-03-28T19:19:47.703+0530][gc,phases   ] GC(14)   Pre Evacuate Collection Set: 0.3ms
[2025-03-28T19:19:47.703+0530][gc,phases   ] GC(14)   Merge Heap Roots: 0.1ms
[2025-03-28T19:19:47.703+0530][gc,phases   ] GC(14)   Evacuate Collection Set: 18.6ms
[2025-03-28T19:19:47.703+0530][gc,phases   ] GC(14)   Post Evacuate Collection Set: 0.6ms
[2025-03-28T19:19:47.703+0530][gc,phases   ] GC(14)   Other: 0.2ms
[2025-03-28T19:19:47.703+0530][gc,heap     ] GC(14) Eden regions: 47->0(45)
[2025-03-28T19:19:47.703+0530][gc,heap     ] GC(14) Survivor regions: 4->6(7)
[2025-03-28T19:19:47.703+0530][gc,heap     ] GC(14) Old regions: 32->35
[2025-03-28T19:19:47.703+0530][gc,heap     ] GC(14) Archive regions: 2->2
[2025-03-28T19:19:47.703+0530][gc,heap     ] GC(14) Humongous regions: 134->131
[2025-03-28T19:19:47.703+0530][gc,metaspace] GC(14) Metaspace: 46293K(46848K)->46293K(46848K) NonClass: 40894K(41216K)->40894K(41216K) Class: 5398K(5632K)->5398K(5632K)
[2025-03-28T19:19:47.703+0530][gc          ] GC(14) Pause Young (Normal) (G1 Evacuation Pause) 217M->172M(1024M) 19.889ms
[2025-03-28T19:19:47.703+0530][gc,cpu      ] GC(14) User=0.01s Sys=0.00s Real=0.02s
[2025-03-28T19:19:48.076+0530][gc,start    ] GC(15) Pause Young (Normal) (G1 Evacuation Pause)
[2025-03-28T19:19:48.076+0530][gc,task     ] GC(15) Using 2 workers of 2 for evacuation
[2025-03-28T19:19:48.117+0530][gc,mmu      ] GC(15) MMU target violated: 21.0ms (20.0ms/21.0ms)
[2025-03-28T19:19:48.117+0530][gc,phases   ] GC(15)   Pre Evacuate Collection Set: 5.8ms
[2025-03-28T19:19:48.117+0530][gc,phases   ] GC(15)   Merge Heap Roots: 0.2ms
[2025-03-28T19:19:48.117+0530][gc,phases   ] GC(15)   Evacuate Collection Set: 34.0ms
[2025-03-28T19:19:48.117+0530][gc,phases   ] GC(15)   Post Evacuate Collection Set: 0.5ms
[2025-03-28T19:19:48.117+0530][gc,phases   ] GC(15)   Other: 0.2ms
[2025-03-28T19:19:48.117+0530][gc,heap     ] GC(15) Eden regions: 45->0(49)
[2025-03-28T19:19:48.117+0530][gc,heap     ] GC(15) Survivor regions: 6->2(7)
[2025-03-28T19:19:48.117+0530][gc,heap     ] GC(15) Old regions: 35->37
[2025-03-28T19:19:48.117+0530][gc,heap     ] GC(15) Archive regions: 2->2
[2025-03-28T19:19:48.117+0530][gc,heap     ] GC(15) Humongous regions: 133->133
[2025-03-28T19:19:48.117+0530][gc,metaspace] GC(15) Metaspace: 46320K(46848K)->46320K(46848K) NonClass: 40921K(41216K)->40921K(41216K) Class: 5398K(5632K)->5398K(5632K)
[2025-03-28T19:19:48.117+0530][gc          ] GC(15) Pause Young (Normal) (G1 Evacuation Pause) 219M->172M(1024M) 40.759ms
[2025-03-28T19:19:48.117+0530][gc,cpu      ] GC(15) User=0.03s Sys=0.00s Real=0.05s
[2025-03-28T19:19:48.626+0530][gc,start    ] GC(16) Pause Young (Normal) (G1 Evacuation Pause)
[2025-03-28T19:19:48.626+0530][gc,task     ] GC(16) Using 2 workers of 2 for evacuation
[2025-03-28T19:19:48.648+0530][gc,mmu      ] GC(16) MMU target violated: 21.0ms (20.0ms/21.0ms)
[2025-03-28T19:19:48.648+0530][gc,phases   ] GC(16)   Pre Evacuate Collection Set: 0.2ms
[2025-03-28T19:19:48.648+0530][gc,phases   ] GC(16)   Merge Heap Roots: 0.1ms
[2025-03-28T19:19:48.648+0530][gc,phases   ] GC(16)   Evacuate Collection Set: 20.1ms
[2025-03-28T19:19:48.648+0530][gc,phases   ] GC(16)   Post Evacuate Collection Set: 0.7ms
[2025-03-28T19:19:48.648+0530][gc,phases   ] GC(16)   Other: 0.2ms
[2025-03-28T19:19:48.648+0530][gc,heap     ] GC(16) Eden regions: 49->0(46)
[2025-03-28T19:19:48.648+0530][gc,heap     ] GC(16) Survivor regions: 2->5(7)
[2025-03-28T19:19:48.648+0530][gc,heap     ] GC(16) Old regions: 37->37
[2025-03-28T19:19:48.648+0530][gc,heap     ] GC(16) Archive regions: 2->2
[2025-03-28T19:19:48.648+0530][gc,heap     ] GC(16) Humongous regions: 135->131
[2025-03-28T19:19:48.648+0530][gc,metaspace] GC(16) Metaspace: 46342K(46848K)->46342K(46848K) NonClass: 40943K(41216K)->40943K(41216K) Class: 5398K(5632K)->5398K(5632K)
[2025-03-28T19:19:48.648+0530][gc          ] GC(16) Pause Young (Normal) (G1 Evacuation Pause) 223M->173M(1024M) 21.575ms
[2025-03-28T19:19:48.648+0530][gc,cpu      ] GC(16) User=0.02s Sys=0.00s Real=0.01s
[2025-03-28T19:19:48.882+0530][gc,start    ] GC(17) Pause Young (Normal) (G1 Evacuation Pause)
[2025-03-28T19:19:48.882+0530][gc,task     ] GC(17) Using 2 workers of 2 for evacuation
[2025-03-28T19:19:48.892+0530][gc,phases   ] GC(17)   Pre Evacuate Collection Set: 0.3ms
[2025-03-28T19:19:48.892+0530][gc,phases   ] GC(17)   Merge Heap Roots: 0.1ms
[2025-03-28T19:19:48.892+0530][gc,phases   ] GC(17)   Evacuate Collection Set: 8.7ms
[2025-03-28T19:19:48.892+0530][gc,phases   ] GC(17)   Post Evacuate Collection Set: 0.5ms
[2025-03-28T19:19:48.892+0530][gc,phases   ] GC(17)   Other: 0.1ms
[2025-03-28T19:19:48.892+0530][gc,heap     ] GC(17) Eden regions: 46->0(49)
[2025-03-28T19:19:48.892+0530][gc,heap     ] GC(17) Survivor regions: 5->2(7)
[2025-03-28T19:19:48.892+0530][gc,heap     ] GC(17) Old regions: 37->38
[2025-03-28T19:19:48.892+0530][gc,heap     ] GC(17) Archive regions: 2->2
[2025-03-28T19:19:48.892+0530][gc,heap     ] GC(17) Humongous regions: 133->133
[2025-03-28T19:19:48.892+0530][gc,metaspace] GC(17) Metaspace: 46360K(46912K)->46360K(46912K) NonClass: 40962K(41280K)->40962K(41280K) Class: 5398K(5632K)->5398K(5632K)
[2025-03-28T19:19:48.892+0530][gc          ] GC(17) Pause Young (Normal) (G1 Evacuation Pause) 221M->173M(1024M) 9.804ms
[2025-03-28T19:19:48.892+0530][gc,cpu      ] GC(17) User=0.01s Sys=0.00s Real=0.01s
[2025-03-28T19:19:53.750+0530][gc,start    ] GC(16) Pause Young (Normal) (G1 Evacuation Pause)
[2025-03-28T19:19:53.750+0530][gc,task     ] GC(16) Using 2 workers of 2 for evacuation
[2025-03-28T19:19:53.761+0530][gc,phases   ] GC(16)   Pre Evacuate Collection Set: 1.9ms
[2025-03-28T19:19:53.761+0530][gc,phases   ] GC(16)   Merge Heap Roots: 0.1ms
[2025-03-28T19:19:53.761+0530][gc,phases   ] GC(16)   Evacuate Collection Set: 4.2ms
[2025-03-28T19:19:53.761+0530][gc,phases   ] GC(16)   Post Evacuate Collection Set: 4.7ms
[2025-03-28T19:19:53.761+0530][gc,phases   ] GC(16)   Other: 0.2ms
[2025-03-28T19:19:53.761+0530][gc,heap     ] GC(16) Eden regions: 49->0(47)
[2025-03-28T19:19:53.761+0530][gc,heap     ] GC(16) Survivor regions: 2->4(7)
[2025-03-28T19:19:53.761+0530][gc,heap     ] GC(16) Old regions: 37->37
[2025-03-28T19:19:53.761+0530][gc,heap     ] GC(16) Archive regions: 2->2
[2025-03-28T19:19:53.761+0530][gc,heap     ] GC(16) Humongous regions: 152->147
[2025-03-28T19:19:53.761+0530][gc,metaspace] GC(16) Metaspace: 47160K(47680K)->47160K(47680K) NonClass: 41684K(41984K)->41684K(41984K) Class: 5476K(5696K)->5476K(5696K)
[2025-03-28T19:19:53.761+0530][gc          ] GC(16) Pause Young (Normal) (G1 Evacuation Pause) 240M->188M(1024M) 11.216ms
[2025-03-28T19:19:53.761+0530][gc,cpu      ] GC(16) User=0.01s Sys=0.00s Real=0.00s
[2025-03-28T19:19:54.064+0530][gc,start    ] GC(17) Pause Young (Normal) (G1 Evacuation Pause)
[2025-03-28T19:19:54.064+0530][gc,task     ] GC(17) Using 2 workers of 2 for evacuation
[2025-03-28T19:19:54.090+0530][gc,mmu      ] GC(17) MMU target violated: 21.0ms (20.0ms/21.0ms)
[2025-03-28T19:19:54.090+0530][gc,phases   ] GC(17)   Pre Evacuate Collection Set: 0.3ms
[2025-03-28T19:19:54.090+0530][gc,phases   ] GC(17)   Merge Heap Roots: 0.1ms
[2025-03-28T19:19:54.090+0530][gc,phases   ] GC(17)   Evacuate Collection Set: 24.7ms
[2025-03-28T19:19:54.090+0530][gc,phases   ] GC(17)   Post Evacuate Collection Set: 0.5ms
[2025-03-28T19:19:54.090+0530][gc,phases   ] GC(17)   Other: 0.2ms
[2025-03-28T19:19:54.090+0530][gc,heap     ] GC(17) Eden regions: 47->0(48)
[2025-03-28T19:19:54.090+0530][gc,heap     ] GC(17) Survivor regions: 4->3(7)
[2025-03-28T19:19:54.090+0530][gc,heap     ] GC(17) Old regions: 37->37
[2025-03-28T19:19:54.090+0530][gc,heap     ] GC(17) Archive regions: 2->2
[2025-03-28T19:19:54.090+0530][gc,heap     ] GC(17) Humongous regions: 149->149
[2025-03-28T19:19:54.090+0530][gc,metaspace] GC(17) Metaspace: 47188K(47680K)->47188K(47680K) NonClass: 41710K(41984K)->41710K(41984K) Class: 5478K(5696K)->5478K(5696K)
[2025-03-28T19:19:54.090+0530][gc          ] GC(17) Pause Young (Normal) (G1 Evacuation Pause) 237M->189M(1024M) 25.854ms
[2025-03-28T19:19:54.090+0530][gc,cpu      ] GC(17) User=0.01s Sys=0.00s Real=0.03s
[2025-03-28T19:19:54.797+0530][gc,start    ] GC(18) Pause Young (Normal) (G1 Evacuation Pause)
[2025-03-28T19:19:54.797+0530][gc,task     ] GC(18) Using 2 workers of 2 for evacuation
[2025-03-28T19:19:54.820+0530][gc,mmu      ] GC(18) MMU target violated: 21.0ms (20.0ms/21.0ms)
[2025-03-28T19:19:54.820+0530][gc,phases   ] GC(18)   Pre Evacuate Collection Set: 0.2ms
[2025-03-28T19:19:54.820+0530][gc,phases   ] GC(18)   Merge Heap Roots: 0.1ms
[2025-03-28T19:19:54.820+0530][gc,phases   ] GC(18)   Evacuate Collection Set: 21.9ms
[2025-03-28T19:19:54.820+0530][gc,phases   ] GC(18)   Post Evacuate Collection Set: 0.8ms
[2025-03-28T19:19:54.820+0530][gc,phases   ] GC(18)   Other: 0.3ms
[2025-03-28T19:19:54.820+0530][gc,heap     ] GC(18) Eden regions: 48->0(47)
[2025-03-28T19:19:54.820+0530][gc,heap     ] GC(18) Survivor regions: 3->4(7)
[2025-03-28T19:19:54.820+0530][gc,heap     ] GC(18) Old regions: 37->37
[2025-03-28T19:19:54.820+0530][gc,heap     ] GC(18) Archive regions: 2->2
[2025-03-28T19:19:54.820+0530][gc,heap     ] GC(18) Humongous regions: 149->147
[2025-03-28T19:19:54.820+0530][gc,metaspace] GC(18) Metaspace: 47231K(47744K)->47231K(47744K) NonClass: 41753K(42048K)->41753K(42048K) Class: 5478K(5696K)->5478K(5696K)
[2025-03-28T19:19:54.820+0530][gc          ] GC(18) Pause Young (Normal) (G1 Evacuation Pause) 237M->187M(1024M) 23.520ms
[2025-03-28T19:19:54.820+0530][gc,cpu      ] GC(18) User=0.03s Sys=0.00s Real=0.02s
[2025-03-28T19:19:54.970+0530][gc,start    ] GC(19) Pause Young (Normal) (G1 Evacuation Pause)
[2025-03-28T19:19:54.970+0530][gc,task     ] GC(19) Using 2 workers of 2 for evacuation
[2025-03-28T19:19:54.977+0530][gc,phases   ] GC(19)   Pre Evacuate Collection Set: 0.2ms
[2025-03-28T19:19:54.977+0530][gc,phases   ] GC(19)   Merge Heap Roots: 0.1ms
[2025-03-28T19:19:54.977+0530][gc,phases   ] GC(19)   Evacuate Collection Set: 5.7ms
[2025-03-28T19:19:54.977+0530][gc,phases   ] GC(19)   Post Evacuate Collection Set: 0.6ms
[2025-03-28T19:19:54.977+0530][gc,phases   ] GC(19)   Other: 0.3ms
[2025-03-28T19:19:54.977+0530][gc,heap     ] GC(19) Eden regions: 47->0(85)
[2025-03-28T19:19:54.977+0530][gc,heap     ] GC(19) Survivor regions: 4->3(7)
[2025-03-28T19:19:54.977+0530][gc,heap     ] GC(19) Old regions: 37->37
[2025-03-28T19:19:54.977+0530][gc,heap     ] GC(19) Archive regions: 2->2
[2025-03-28T19:19:54.977+0530][gc,heap     ] GC(19) Humongous regions: 149->149
[2025-03-28T19:19:54.977+0530][gc,metaspace] GC(19) Metaspace: 47248K(47744K)->47248K(47744K) NonClass: 41770K(42048K)->41770K(42048K) Class: 5478K(5696K)->5478K(5696K)
[2025-03-28T19:19:54.977+0530][gc          ] GC(19) Pause Young (Normal) (G1 Evacuation Pause) 236M->189M(1024M) 6.946ms
[2025-03-28T19:19:54.977+0530][gc,cpu      ] GC(19) User=0.01s Sys=0.00s Real=0.02s
[2025-03-28T19:19:57.718+0530][gc,start    ] GC(18) Pause Young (Normal) (G1 Evacuation Pause)
[2025-03-28T19:19:57.718+0530][gc,task     ] GC(18) Using 2 workers of 2 for evacuation
[2025-03-28T19:19:57.731+0530][gc,phases   ] GC(18)   Pre Evacuate Collection Set: 0.3ms
[2025-03-28T19:19:57.731+0530][gc,phases   ] GC(18)   Merge Heap Roots: 0.1ms
[2025-03-28T19:19:57.731+0530][gc,phases   ] GC(18)   Evacuate Collection Set: 11.7ms
[2025-03-28T19:19:57.731+0530][gc,phases   ] GC(18)   Post Evacuate Collection Set: 0.5ms
[2025-03-28T19:19:57.731+0530][gc,phases   ] GC(18)   Other: 0.1ms
[2025-03-28T19:19:57.731+0530][gc,heap     ] GC(18) Eden regions: 49->0(46)
[2025-03-28T19:19:57.731+0530][gc,heap     ] GC(18) Survivor regions: 2->5(7)
[2025-03-28T19:19:57.731+0530][gc,heap     ] GC(18) Old regions: 38->38
[2025-03-28T19:19:57.731+0530][gc,heap     ] GC(18) Archive regions: 2->2
[2025-03-28T19:19:57.731+0530][gc,heap     ] GC(18) Humongous regions: 133->131
[2025-03-28T19:19:57.731+0530][gc,metaspace] GC(18) Metaspace: 46555K(47168K)->46555K(47168K) NonClass: 41140K(41472K)->41140K(41472K) Class: 5415K(5696K)->5415K(5696K)
[2025-03-28T19:19:57.731+0530][gc          ] GC(18) Pause Young (Normal) (G1 Evacuation Pause) 222M->174M(1024M) 12.856ms
[2025-03-28T19:19:57.731+0530][gc,cpu      ] GC(18) User=0.01s Sys=0.00s Real=0.00s
[2025-03-28T19:19:57.924+0530][gc,start    ] GC(19) Pause Young (Normal) (G1 Evacuation Pause)
[2025-03-28T19:19:57.924+0530][gc,task     ] GC(19) Using 2 workers of 2 for evacuation
[2025-03-28T19:19:57.940+0530][gc,phases   ] GC(19)   Pre Evacuate Collection Set: 0.3ms
[2025-03-28T19:19:57.940+0530][gc,phases   ] GC(19)   Merge Heap Roots: 0.1ms
[2025-03-28T19:19:57.940+0530][gc,phases   ] GC(19)   Evacuate Collection Set: 15.1ms
[2025-03-28T19:19:57.940+0530][gc,phases   ] GC(19)   Post Evacuate Collection Set: 0.6ms
[2025-03-28T19:19:57.941+0530][gc,phases   ] GC(19)   Other: 0.6ms
[2025-03-28T19:19:57.941+0530][gc,heap     ] GC(19) Eden regions: 46->0(61)
[2025-03-28T19:19:57.941+0530][gc,heap     ] GC(19) Survivor regions: 5->2(7)
[2025-03-28T19:19:57.941+0530][gc,heap     ] GC(19) Old regions: 38->39
[2025-03-28T19:19:57.941+0530][gc,heap     ] GC(19) Archive regions: 2->2
[2025-03-28T19:19:57.941+0530][gc,heap     ] GC(19) Humongous regions: 133->133
[2025-03-28T19:19:57.941+0530][gc,metaspace] GC(19) Metaspace: 46598K(47232K)->46598K(47232K) NonClass: 41181K(41536K)->41181K(41536K) Class: 5417K(5696K)->5417K(5696K)
[2025-03-28T19:19:57.941+0530][gc          ] GC(19) Pause Young (Normal) (G1 Evacuation Pause) 222M->174M(1024M) 16.421ms
[2025-03-28T19:19:57.941+0530][gc,cpu      ] GC(19) User=0.01s Sys=0.00s Real=0.02s
[2025-03-28T19:19:58.888+0530][gc,start    ] GC(20) Pause Young (Normal) (G1 Evacuation Pause)
[2025-03-28T19:19:58.888+0530][gc,task     ] GC(20) Using 2 workers of 2 for evacuation
[2025-03-28T19:19:58.902+0530][gc,phases   ] GC(20)   Pre Evacuate Collection Set: 0.6ms
[2025-03-28T19:19:58.902+0530][gc,phases   ] GC(20)   Merge Heap Roots: 0.1ms
[2025-03-28T19:19:58.902+0530][gc,phases   ] GC(20)   Evacuate Collection Set: 12.1ms
[2025-03-28T19:19:58.902+0530][gc,phases   ] GC(20)   Post Evacuate Collection Set: 0.7ms
[2025-03-28T19:19:58.902+0530][gc,phases   ] GC(20)   Other: 0.2ms
[2025-03-28T19:19:58.902+0530][gc,heap     ] GC(20) Eden regions: 61->0(45)
[2025-03-28T19:19:58.902+0530][gc,heap     ] GC(20) Survivor regions: 2->6(8)
[2025-03-28T19:19:58.902+0530][gc,heap     ] GC(20) Old regions: 39->39
[2025-03-28T19:19:58.902+0530][gc,heap     ] GC(20) Archive regions: 2->2
[2025-03-28T19:19:58.902+0530][gc,heap     ] GC(20) Humongous regions: 133->131
[2025-03-28T19:19:58.902+0530][gc,metaspace] GC(20) Metaspace: 46617K(47232K)->46617K(47232K) NonClass: 41200K(41536K)->41200K(41536K) Class: 5417K(5696K)->5417K(5696K)
[2025-03-28T19:19:58.902+0530][gc          ] GC(20) Pause Young (Normal) (G1 Evacuation Pause) 235M->176M(1024M) 13.934ms
[2025-03-28T19:19:58.902+0530][gc,cpu      ] GC(20) User=0.02s Sys=0.00s Real=0.01s
[2025-03-28T19:19:59.160+0530][gc,start    ] GC(21) Pause Young (Normal) (G1 Evacuation Pause)
[2025-03-28T19:19:59.160+0530][gc,task     ] GC(21) Using 2 workers of 2 for evacuation
[2025-03-28T19:19:59.173+0530][gc,phases   ] GC(21)   Pre Evacuate Collection Set: 0.6ms
[2025-03-28T19:19:59.173+0530][gc,phases   ] GC(21)   Merge Heap Roots: 0.1ms
[2025-03-28T19:19:59.173+0530][gc,phases   ] GC(21)   Evacuate Collection Set: 11.8ms
[2025-03-28T19:19:59.173+0530][gc,phases   ] GC(21)   Post Evacuate Collection Set: 0.6ms
[2025-03-28T19:19:59.173+0530][gc,phases   ] GC(21)   Other: 0.2ms
[2025-03-28T19:19:59.173+0530][gc,heap     ] GC(21) Eden regions: 45->0(49)
[2025-03-28T19:19:59.173+0530][gc,heap     ] GC(21) Survivor regions: 6->2(7)
[2025-03-28T19:19:59.173+0530][gc,heap     ] GC(21) Old regions: 39->40
[2025-03-28T19:19:59.173+0530][gc,heap     ] GC(21) Archive regions: 2->2
[2025-03-28T19:19:59.173+0530][gc,heap     ] GC(21) Humongous regions: 133->133
[2025-03-28T19:19:59.173+0530][gc,metaspace] GC(21) Metaspace: 46633K(47232K)->46633K(47232K) NonClass: 41216K(41536K)->41216K(41536K) Class: 5417K(5696K)->5417K(5696K)
[2025-03-28T19:19:59.173+0530][gc          ] GC(21) Pause Young (Normal) (G1 Evacuation Pause) 223M->175M(1024M) 13.414ms
[2025-03-28T19:19:59.173+0530][gc,cpu      ] GC(21) User=0.03s Sys=0.00s Real=0.01s
[2025-03-28T19:20:04.064+0530][gc,start    ] GC(20) Pause Young (Normal) (G1 Evacuation Pause)
[2025-03-28T19:20:04.064+0530][gc,task     ] GC(20) Using 2 workers of 2 for evacuation
[2025-03-28T19:20:04.083+0530][gc,phases   ] GC(20)   Pre Evacuate Collection Set: 1.2ms
[2025-03-28T19:20:04.083+0530][gc,phases   ] GC(20)   Merge Heap Roots: 1.7ms
[2025-03-28T19:20:04.083+0530][gc,phases   ] GC(20)   Evacuate Collection Set: 14.7ms
[2025-03-28T19:20:04.083+0530][gc,phases   ] GC(20)   Post Evacuate Collection Set: 0.7ms
[2025-03-28T19:20:04.083+0530][gc,phases   ] GC(20)   Other: 0.2ms
[2025-03-28T19:20:04.083+0530][gc,heap     ] GC(20) Eden regions: 85->0(43)
[2025-03-28T19:20:04.083+0530][gc,heap     ] GC(20) Survivor regions: 3->8(11)
[2025-03-28T19:20:04.083+0530][gc,heap     ] GC(20) Old regions: 37->37
[2025-03-28T19:20:04.083+0530][gc,heap     ] GC(20) Archive regions: 2->2
[2025-03-28T19:20:04.083+0530][gc,heap     ] GC(20) Humongous regions: 149->147
[2025-03-28T19:20:04.083+0530][gc,metaspace] GC(20) Metaspace: 47465K(48064K)->47465K(48064K) NonClass: 41955K(42304K)->41955K(42304K) Class: 5510K(5760K)->5510K(5760K)
[2025-03-28T19:20:04.083+0530][gc          ] GC(20) Pause Young (Normal) (G1 Evacuation Pause) 274M->192M(1024M) 18.638ms
[2025-03-28T19:20:04.083+0530][gc,cpu      ] GC(20) User=0.03s Sys=0.00s Real=0.02s
[2025-03-28T19:20:04.694+0530][gc,start    ] GC(21) Pause Young (Normal) (G1 Evacuation Pause)
[2025-03-28T19:20:04.694+0530][gc,task     ] GC(21) Using 2 workers of 2 for evacuation
[2025-03-28T19:20:04.707+0530][gc,phases   ] GC(21)   Pre Evacuate Collection Set: 0.5ms
[2025-03-28T19:20:04.707+0530][gc,phases   ] GC(21)   Merge Heap Roots: 0.2ms
[2025-03-28T19:20:04.707+0530][gc,phases   ] GC(21)   Evacuate Collection Set: 10.0ms
[2025-03-28T19:20:04.707+0530][gc,phases   ] GC(21)   Post Evacuate Collection Set: 2.1ms
[2025-03-28T19:20:04.707+0530][gc,phases   ] GC(21)   Other: 0.4ms
[2025-03-28T19:20:04.707+0530][gc,heap     ] GC(21) Eden regions: 43->0(50)
[2025-03-28T19:20:04.707+0530][gc,heap     ] GC(21) Survivor regions: 8->1(7)
[2025-03-28T19:20:04.708+0530][gc,heap     ] GC(21) Old regions: 37->37
[2025-03-28T19:20:04.708+0530][gc,heap     ] GC(21) Archive regions: 2->2
[2025-03-28T19:20:04.708+0530][gc,heap     ] GC(21) Humongous regions: 149->147
[2025-03-28T19:20:04.708+0530][gc,metaspace] GC(21) Metaspace: 47483K(48064K)->47483K(48064K) NonClass: 41973K(42304K)->41973K(42304K) Class: 5510K(5760K)->5510K(5760K)
[2025-03-28T19:20:04.708+0530][gc          ] GC(21) Pause Young (Normal) (G1 Evacuation Pause) 237M->185M(1024M) 13.844ms
[2025-03-28T19:20:04.708+0530][gc,cpu      ] GC(21) User=0.02s Sys=0.01s Real=0.03s
[2025-03-28T19:20:04.910+0530][gc,start    ] GC(22) Pause Young (Normal) (G1 Evacuation Pause)
[2025-03-28T19:20:04.910+0530][gc,task     ] GC(22) Using 2 workers of 2 for evacuation
[2025-03-28T19:20:04.921+0530][gc,phases   ] GC(22)   Pre Evacuate Collection Set: 0.4ms
[2025-03-28T19:20:04.921+0530][gc,phases   ] GC(22)   Merge Heap Roots: 0.1ms
[2025-03-28T19:20:04.921+0530][gc,phases   ] GC(22)   Evacuate Collection Set: 10.0ms
[2025-03-28T19:20:04.921+0530][gc,phases   ] GC(22)   Post Evacuate Collection Set: 0.3ms
[2025-03-28T19:20:04.921+0530][gc,phases   ] GC(22)   Other: 0.2ms
[2025-03-28T19:20:04.921+0530][gc,heap     ] GC(22) Eden regions: 50->0(44)
[2025-03-28T19:20:04.921+0530][gc,heap     ] GC(22) Survivor regions: 1->7(7)
[2025-03-28T19:20:04.921+0530][gc,heap     ] GC(22) Old regions: 37->38
[2025-03-28T19:20:04.921+0530][gc,heap     ] GC(22) Archive regions: 2->2
[2025-03-28T19:20:04.921+0530][gc,heap     ] GC(22) Humongous regions: 147->147
[2025-03-28T19:20:04.921+0530][gc,metaspace] GC(22) Metaspace: 47486K(48064K)->47486K(48064K) NonClass: 41976K(42304K)->41976K(42304K) Class: 5510K(5760K)->5510K(5760K)
[2025-03-28T19:20:04.921+0530][gc          ] GC(22) Pause Young (Normal) (G1 Evacuation Pause) 235M->191M(1024M) 11.076ms
[2025-03-28T19:20:04.921+0530][gc,cpu      ] GC(22) User=0.03s Sys=0.00s Real=0.02s
[2025-03-28T19:20:05.000+0530][gc,start    ] GC(23) Pause Young (Normal) (G1 Evacuation Pause)
[2025-03-28T19:20:05.000+0530][gc,task     ] GC(23) Using 2 workers of 2 for evacuation
[2025-03-28T19:20:05.004+0530][gc,phases   ] GC(23)   Pre Evacuate Collection Set: 0.2ms
[2025-03-28T19:20:05.004+0530][gc,phases   ] GC(23)   Merge Heap Roots: 0.1ms
[2025-03-28T19:20:05.004+0530][gc,phases   ] GC(23)   Evacuate Collection Set: 3.8ms
[2025-03-28T19:20:05.004+0530][gc,phases   ] GC(23)   Post Evacuate Collection Set: 0.4ms
[2025-03-28T19:20:05.004+0530][gc,phases   ] GC(23)   Other: 0.2ms
[2025-03-28T19:20:05.004+0530][gc,heap     ] GC(23) Eden regions: 44->0(50)
[2025-03-28T19:20:05.004+0530][gc,heap     ] GC(23) Survivor regions: 7->1(7)
[2025-03-28T19:20:05.004+0530][gc,heap     ] GC(23) Old regions: 38->39
[2025-03-28T19:20:05.004+0530][gc,heap     ] GC(23) Archive regions: 2->2
[2025-03-28T19:20:05.004+0530][gc,heap     ] GC(23) Humongous regions: 149->149
[2025-03-28T19:20:05.004+0530][gc,metaspace] GC(23) Metaspace: 47489K(48064K)->47489K(48064K) NonClass: 41978K(42304K)->41978K(42304K) Class: 5510K(5760K)->5510K(5760K)
[2025-03-28T19:20:05.004+0530][gc          ] GC(23) Pause Young (Normal) (G1 Evacuation Pause) 237M->189M(1024M) 4.699ms
[2025-03-28T19:20:05.004+0530][gc,cpu      ] GC(23) User=0.02s Sys=0.00s Real=0.01s
[2025-03-28T19:20:07.388+0530][gc,start    ] GC(22) Pause Young (Normal) (G1 Evacuation Pause)
[2025-03-28T19:20:07.388+0530][gc,task     ] GC(22) Using 2 workers of 2 for evacuation
[2025-03-28T19:20:07.423+0530][gc,mmu      ] GC(22) MMU target violated: 21.0ms (20.0ms/21.0ms)
[2025-03-28T19:20:07.424+0530][gc,phases   ] GC(22)   Pre Evacuate Collection Set: 0.3ms
[2025-03-28T19:20:07.424+0530][gc,phases   ] GC(22)   Merge Heap Roots: 0.1ms
[2025-03-28T19:20:07.424+0530][gc,phases   ] GC(22)   Evacuate Collection Set: 34.0ms
[2025-03-28T19:20:07.424+0530][gc,phases   ] GC(22)   Post Evacuate Collection Set: 0.6ms
[2025-03-28T19:20:07.424+0530][gc,phases   ] GC(22)   Other: 0.4ms
[2025-03-28T19:20:07.424+0530][gc,heap     ] GC(22) Eden regions: 49->0(45)
[2025-03-28T19:20:07.424+0530][gc,heap     ] GC(22) Survivor regions: 2->6(7)
[2025-03-28T19:20:07.424+0530][gc,heap     ] GC(22) Old regions: 40->40
[2025-03-28T19:20:07.424+0530][gc,heap     ] GC(22) Archive regions: 2->2
[2025-03-28T19:20:07.424+0530][gc,heap     ] GC(22) Humongous regions: 133->131
[2025-03-28T19:20:07.424+0530][gc,metaspace] GC(22) Metaspace: 46907K(47488K)->46907K(47488K) NonClass: 41457K(41792K)->41457K(41792K) Class: 5450K(5696K)->5450K(5696K)
[2025-03-28T19:20:07.424+0530][gc          ] GC(22) Pause Young (Normal) (G1 Evacuation Pause) 224M->177M(1024M) 35.409ms
[2025-03-28T19:20:07.424+0530][gc,cpu      ] GC(22) User=0.04s Sys=0.00s Real=0.03s
[2025-03-28T19:20:07.738+0530][gc,start    ] GC(23) Pause Young (Normal) (G1 Evacuation Pause)
[2025-03-28T19:20:07.738+0530][gc,task     ] GC(23) Using 2 workers of 2 for evacuation
[2025-03-28T19:20:07.756+0530][gc,phases   ] GC(23)   Pre Evacuate Collection Set: 0.3ms
[2025-03-28T19:20:07.756+0530][gc,phases   ] GC(23)   Merge Heap Roots: 0.1ms
[2025-03-28T19:20:07.756+0530][gc,phases   ] GC(23)   Evacuate Collection Set: 17.3ms
[2025-03-28T19:20:07.756+0530][gc,phases   ] GC(23)   Post Evacuate Collection Set: 0.4ms
[2025-03-28T19:20:07.756+0530][gc,phases   ] GC(23)   Other: 0.2ms
[2025-03-28T19:20:07.756+0530][gc,heap     ] GC(23) Eden regions: 45->0(74)
[2025-03-28T19:20:07.756+0530][gc,heap     ] GC(23) Survivor regions: 6->2(7)
[2025-03-28T19:20:07.756+0530][gc,heap     ] GC(23) Old regions: 40->41
[2025-03-28T19:20:07.756+0530][gc,heap     ] GC(23) Archive regions: 2->2
[2025-03-28T19:20:07.756+0530][gc,heap     ] GC(23) Humongous regions: 133->133
[2025-03-28T19:20:07.756+0530][gc,metaspace] GC(23) Metaspace: 46916K(47488K)->46916K(47488K) NonClass: 41465K(41792K)->41465K(41792K) Class: 5450K(5696K)->5450K(5696K)
[2025-03-28T19:20:07.756+0530][gc          ] GC(23) Pause Young (Normal) (G1 Evacuation Pause) 224M->176M(1024M) 18.376ms
[2025-03-28T19:20:07.756+0530][gc,cpu      ] GC(23) User=0.01s Sys=0.01s Real=0.02s
[2025-03-28T19:20:08.725+0530][gc,start    ] GC(24) Pause Young (Normal) (G1 Evacuation Pause)
[2025-03-28T19:20:08.725+0530][gc,task     ] GC(24) Using 2 workers of 2 for evacuation
[2025-03-28T19:20:08.734+0530][gc,phases   ] GC(24)   Pre Evacuate Collection Set: 0.3ms
[2025-03-28T19:20:08.734+0530][gc,phases   ] GC(24)   Merge Heap Roots: 0.1ms
[2025-03-28T19:20:08.734+0530][gc,phases   ] GC(24)   Evacuate Collection Set: 7.3ms
[2025-03-28T19:20:08.734+0530][gc,phases   ] GC(24)   Post Evacuate Collection Set: 0.7ms
[2025-03-28T19:20:08.734+0530][gc,phases   ] GC(24)   Other: 0.3ms
[2025-03-28T19:20:08.734+0530][gc,heap     ] GC(24) Eden regions: 74->0(405)
[2025-03-28T19:20:08.734+0530][gc,heap     ] GC(24) Survivor regions: 2->3(10)
[2025-03-28T19:20:08.734+0530][gc,heap     ] GC(24) Old regions: 41->41
[2025-03-28T19:20:08.734+0530][gc,heap     ] GC(24) Archive regions: 2->2
[2025-03-28T19:20:08.734+0530][gc,heap     ] GC(24) Humongous regions: 135->133
[2025-03-28T19:20:08.734+0530][gc,metaspace] GC(24) Metaspace: 46925K(47488K)->46925K(47488K) NonClass: 41475K(41792K)->41475K(41792K) Class: 5450K(5696K)->5450K(5696K)
[2025-03-28T19:20:08.734+0530][gc          ] GC(24) Pause Young (Normal) (G1 Evacuation Pause) 252M->177M(1024M) 8.765ms
[2025-03-28T19:20:08.734+0530][gc,cpu      ] GC(24) User=0.02s Sys=0.00s Real=0.02s
[2025-03-28T19:20:13.995+0530][gc,start    ] GC(24) Pause Young (Normal) (G1 Evacuation Pause)
[2025-03-28T19:20:13.995+0530][gc,task     ] GC(24) Using 2 workers of 2 for evacuation
[2025-03-28T19:20:14.035+0530][gc,mmu      ] GC(24) MMU target violated: 21.0ms (20.0ms/21.0ms)
[2025-03-28T19:20:14.035+0530][gc,phases   ] GC(24)   Pre Evacuate Collection Set: 0.3ms
[2025-03-28T19:20:14.035+0530][gc,phases   ] GC(24)   Merge Heap Roots: 0.1ms
[2025-03-28T19:20:14.035+0530][gc,phases   ] GC(24)   Evacuate Collection Set: 38.6ms
[2025-03-28T19:20:14.035+0530][gc,phases   ] GC(24)   Post Evacuate Collection Set: 0.5ms
[2025-03-28T19:20:14.035+0530][gc,phases   ] GC(24)   Other: 0.2ms
[2025-03-28T19:20:14.035+0530][gc,heap     ] GC(24) Eden regions: 50->0(44)
[2025-03-28T19:20:14.035+0530][gc,heap     ] GC(24) Survivor regions: 1->7(7)
[2025-03-28T19:20:14.035+0530][gc,heap     ] GC(24) Old regions: 39->39
[2025-03-28T19:20:14.035+0530][gc,heap     ] GC(24) Archive regions: 2->2
[2025-03-28T19:20:14.035+0530][gc,heap     ] GC(24) Humongous regions: 149->147
[2025-03-28T19:20:14.035+0530][gc,metaspace] GC(24) Metaspace: 47591K(48128K)->47591K(48128K) NonClass: 42080K(42368K)->42080K(42368K) Class: 5510K(5760K)->5510K(5760K)
[2025-03-28T19:20:14.035+0530][gc          ] GC(24) Pause Young (Normal) (G1 Evacuation Pause) 239M->193M(1024M) 39.820ms
[2025-03-28T19:20:14.035+0530][gc,cpu      ] GC(24) User=0.02s Sys=0.00s Real=0.04s
[2025-03-28T19:20:14.391+0530][gc,start    ] GC(25) Pause Young (Normal) (G1 Evacuation Pause)
[2025-03-28T19:20:14.391+0530][gc,task     ] GC(25) Using 2 workers of 2 for evacuation
[2025-03-28T19:20:14.406+0530][gc,phases   ] GC(25)   Pre Evacuate Collection Set: 0.3ms
[2025-03-28T19:20:14.406+0530][gc,phases   ] GC(25)   Merge Heap Roots: 0.1ms
[2025-03-28T19:20:14.406+0530][gc,phases   ] GC(25)   Evacuate Collection Set: 14.1ms
[2025-03-28T19:20:14.406+0530][gc,phases   ] GC(25)   Post Evacuate Collection Set: 0.4ms
[2025-03-28T19:20:14.406+0530][gc,phases   ] GC(25)   Other: 0.2ms
[2025-03-28T19:20:14.406+0530][gc,heap     ] GC(25) Eden regions: 44->0(50)
[2025-03-28T19:20:14.406+0530][gc,heap     ] GC(25) Survivor regions: 7->2(7)
[2025-03-28T19:20:14.406+0530][gc,heap     ] GC(25) Old regions: 39->40
[2025-03-28T19:20:14.406+0530][gc,heap     ] GC(25) Archive regions: 2->2
[2025-03-28T19:20:14.406+0530][gc,heap     ] GC(25) Humongous regions: 149->149
[2025-03-28T19:20:14.406+0530][gc,metaspace] GC(25) Metaspace: 47597K(48128K)->47597K(48128K) NonClass: 42086K(42368K)->42086K(42368K) Class: 5511K(5760K)->5511K(5760K)
[2025-03-28T19:20:14.406+0530][gc          ] GC(25) Pause Young (Normal) (G1 Evacuation Pause) 239M->191M(1024M) 15.110ms
[2025-03-28T19:20:14.406+0530][gc,cpu      ] GC(25) User=0.01s Sys=0.00s Real=0.03s
[2025-03-28T19:20:14.868+0530][gc,start    ] GC(26) Pause Young (Normal) (G1 Evacuation Pause)
[2025-03-28T19:20:14.868+0530][gc,task     ] GC(26) Using 2 workers of 2 for evacuation
[2025-03-28T19:20:14.875+0530][gc,phases   ] GC(26)   Pre Evacuate Collection Set: 0.2ms
[2025-03-28T19:20:14.876+0530][gc,phases   ] GC(26)   Merge Heap Roots: 0.1ms
[2025-03-28T19:20:14.876+0530][gc,phases   ] GC(26)   Evacuate Collection Set: 6.4ms
[2025-03-28T19:20:14.876+0530][gc,phases   ] GC(26)   Post Evacuate Collection Set: 0.5ms
[2025-03-28T19:20:14.876+0530][gc,phases   ] GC(26)   Other: 0.4ms
[2025-03-28T19:20:14.876+0530][gc,heap     ] GC(26) Eden regions: 50->0(46)
[2025-03-28T19:20:14.876+0530][gc,heap     ] GC(26) Survivor regions: 2->7(7)
[2025-03-28T19:20:14.876+0530][gc,heap     ] GC(26) Old regions: 40->40
[2025-03-28T19:20:14.876+0530][gc,heap     ] GC(26) Archive regions: 2->2
[2025-03-28T19:20:14.876+0530][gc,heap     ] GC(26) Humongous regions: 149->147
[2025-03-28T19:20:14.876+0530][gc,metaspace] GC(26) Metaspace: 47609K(48128K)->47609K(48128K) NonClass: 42098K(42368K)->42098K(42368K) Class: 5511K(5760K)->5511K(5760K)
[2025-03-28T19:20:14.876+0530][gc          ] GC(26) Pause Young (Normal) (G1 Evacuation Pause) 241M->194M(1024M) 7.504ms
[2025-03-28T19:20:14.876+0530][gc,cpu      ] GC(26) User=0.01s Sys=0.00s Real=0.01s
[2025-03-28T19:20:14.985+0530][gc,start    ] GC(27) Pause Young (Normal) (G1 Evacuation Pause)
[2025-03-28T19:20:14.985+0530][gc,task     ] GC(27) Using 2 workers of 2 for evacuation
[2025-03-28T19:20:14.991+0530][gc,phases   ] GC(27)   Pre Evacuate Collection Set: 0.2ms
[2025-03-28T19:20:14.991+0530][gc,phases   ] GC(27)   Merge Heap Roots: 0.1ms
[2025-03-28T19:20:14.991+0530][gc,phases   ] GC(27)   Evacuate Collection Set: 4.7ms
[2025-03-28T19:20:14.991+0530][gc,phases   ] GC(27)   Post Evacuate Collection Set: 0.4ms
[2025-03-28T19:20:14.991+0530][gc,phases   ] GC(27)   Other: 0.2ms
[2025-03-28T19:20:14.991+0530][gc,heap     ] GC(27) Eden regions: 46->0(80)
[2025-03-28T19:20:14.991+0530][gc,heap     ] GC(27) Survivor regions: 7->2(7)
[2025-03-28T19:20:14.991+0530][gc,heap     ] GC(27) Old regions: 40->41
[2025-03-28T19:20:14.991+0530][gc,heap     ] GC(27) Archive regions: 2->2
[2025-03-28T19:20:14.991+0530][gc,heap     ] GC(27) Humongous regions: 149->149
[2025-03-28T19:20:14.991+0530][gc,metaspace] GC(27) Metaspace: 47614K(48128K)->47614K(48128K) NonClass: 42103K(42368K)->42103K(42368K) Class: 5511K(5760K)->5511K(5760K)
[2025-03-28T19:20:14.991+0530][gc          ] GC(27) Pause Young (Normal) (G1 Evacuation Pause) 242M->192M(1024M) 5.687ms
[2025-03-28T19:20:14.991+0530][gc,cpu      ] GC(27) User=0.01s Sys=0.00s Real=0.01s
[2025-03-28T19:20:24.013+0530][gc,start    ] GC(28) Pause Young (Normal) (G1 Evacuation Pause)
[2025-03-28T19:20:24.013+0530][gc,task     ] GC(28) Using 2 workers of 2 for evacuation
[2025-03-28T19:20:24.036+0530][gc,mmu      ] GC(28) MMU target violated: 21.0ms (20.0ms/21.0ms)
[2025-03-28T19:20:24.037+0530][gc,phases   ] GC(28)   Pre Evacuate Collection Set: 0.3ms
[2025-03-28T19:20:24.037+0530][gc,phases   ] GC(28)   Merge Heap Roots: 0.1ms
[2025-03-28T19:20:24.037+0530][gc,phases   ] GC(28)   Evacuate Collection Set: 22.8ms
[2025-03-28T19:20:24.037+0530][gc,phases   ] GC(28)   Post Evacuate Collection Set: 0.5ms
[2025-03-28T19:20:24.037+0530][gc,phases   ] GC(28)   Other: 0.3ms
[2025-03-28T19:20:24.037+0530][gc,heap     ] GC(28) Eden regions: 80->0(57)
[2025-03-28T19:20:24.037+0530][gc,heap     ] GC(28) Survivor regions: 2->3(11)
[2025-03-28T19:20:24.037+0530][gc,heap     ] GC(28) Old regions: 41->41
[2025-03-28T19:20:24.037+0530][gc,heap     ] GC(28) Archive regions: 2->2
[2025-03-28T19:20:24.037+0530][gc,heap     ] GC(28) Humongous regions: 151->149
[2025-03-28T19:20:24.037+0530][gc,metaspace] GC(28) Metaspace: 47693K(48256K)->47693K(48256K) NonClass: 42182K(42496K)->42182K(42496K) Class: 5511K(5760K)->5511K(5760K)
[2025-03-28T19:20:24.037+0530][gc          ] GC(28) Pause Young (Normal) (G1 Evacuation Pause) 274M->193M(1024M) 24.059ms
[2025-03-28T19:20:24.037+0530][gc,cpu      ] GC(28) User=0.01s Sys=0.00s Real=0.03s
[2025-03-28T19:20:24.895+0530][gc,start    ] GC(29) Pause Young (Normal) (G1 Evacuation Pause)
[2025-03-28T19:20:24.895+0530][gc,task     ] GC(29) Using 2 workers of 2 for evacuation
[2025-03-28T19:20:24.902+0530][gc,phases   ] GC(29)   Pre Evacuate Collection Set: 0.3ms
[2025-03-28T19:20:24.902+0530][gc,phases   ] GC(29)   Merge Heap Roots: 0.1ms
[2025-03-28T19:20:24.902+0530][gc,phases   ] GC(29)   Evacuate Collection Set: 6.3ms
[2025-03-28T19:20:24.902+0530][gc,phases   ] GC(29)   Post Evacuate Collection Set: 0.6ms
[2025-03-28T19:20:24.902+0530][gc,phases   ] GC(29)   Other: 0.2ms
[2025-03-28T19:20:24.902+0530][gc,heap     ] GC(29) Eden regions: 57->0(63)
[2025-03-28T19:20:24.902+0530][gc,heap     ] GC(29) Survivor regions: 3->5(8)
[2025-03-28T19:20:24.902+0530][gc,heap     ] GC(29) Old regions: 41->41
[2025-03-28T19:20:24.902+0530][gc,heap     ] GC(29) Archive regions: 2->2
[2025-03-28T19:20:24.902+0530][gc,heap     ] GC(29) Humongous regions: 149->147
[2025-03-28T19:20:24.902+0530][gc,metaspace] GC(29) Metaspace: 47701K(48256K)->47701K(48256K) NonClass: 42190K(42496K)->42190K(42496K) Class: 5511K(5760K)->5511K(5760K)
[2025-03-28T19:20:24.902+0530][gc          ] GC(29) Pause Young (Normal) (G1 Evacuation Pause) 250M->193M(1024M) 7.631ms
[2025-03-28T19:20:24.902+0530][gc,cpu      ] GC(29) User=0.02s Sys=0.00s Real=0.01s
[2025-03-28T19:20:25.039+0530][gc,start    ] GC(30) Pause Young (Normal) (G1 Evacuation Pause)
[2025-03-28T19:20:25.039+0530][gc,task     ] GC(30) Using 2 workers of 2 for evacuation
[2025-03-28T19:20:25.045+0530][gc,phases   ] GC(30)   Pre Evacuate Collection Set: 0.2ms
[2025-03-28T19:20:25.045+0530][gc,phases   ] GC(30)   Merge Heap Roots: 0.0ms
[2025-03-28T19:20:25.045+0530][gc,phases   ] GC(30)   Evacuate Collection Set: 4.6ms
[2025-03-28T19:20:25.045+0530][gc,phases   ] GC(30)   Post Evacuate Collection Set: 0.3ms
[2025-03-28T19:20:25.045+0530][gc,phases   ] GC(30)   Other: 0.2ms
[2025-03-28T19:20:25.045+0530][gc,heap     ] GC(30) Eden regions: 63->0(103)
[2025-03-28T19:20:25.045+0530][gc,heap     ] GC(30) Survivor regions: 5->3(9)
[2025-03-28T19:20:25.045+0530][gc,heap     ] GC(30) Old regions: 41->42
[2025-03-28T19:20:25.045+0530][gc,heap     ] GC(30) Archive regions: 2->2
[2025-03-28T19:20:25.045+0530][gc,heap     ] GC(30) Humongous regions: 149->149
[2025-03-28T19:20:25.045+0530][gc,metaspace] GC(30) Metaspace: 47702K(48256K)->47702K(48256K) NonClass: 42191K(42496K)->42191K(42496K) Class: 5511K(5760K)->5511K(5760K)
[2025-03-28T19:20:25.045+0530][gc          ] GC(30) Pause Young (Normal) (G1 Evacuation Pause) 258M->193M(1024M) 5.538ms
[2025-03-28T19:20:25.045+0530][gc,cpu      ] GC(30) User=0.01s Sys=0.00s Real=0.00s
[2025-03-28T19:20:28.764+0530][gc,start    ] GC(25) Pause Young (Normal) (G1 Evacuation Pause)
[2025-03-28T19:20:28.764+0530][gc,task     ] GC(25) Using 2 workers of 2 for evacuation
[2025-03-28T19:20:28.784+0530][gc,phases   ] GC(25)   Pre Evacuate Collection Set: 0.3ms
[2025-03-28T19:20:28.784+0530][gc,phases   ] GC(25)   Merge Heap Roots: 0.1ms
[2025-03-28T19:20:28.784+0530][gc,phases   ] GC(25)   Evacuate Collection Set: 17.2ms
[2025-03-28T19:20:28.784+0530][gc,phases   ] GC(25)   Post Evacuate Collection Set: 1.3ms
[2025-03-28T19:20:28.784+0530][gc,phases   ] GC(25)   Other: 0.4ms
[2025-03-28T19:20:28.784+0530][gc,heap     ] GC(25) Eden regions: 405->0(56)
[2025-03-28T19:20:28.784+0530][gc,heap     ] GC(25) Survivor regions: 3->3(51)
[2025-03-28T19:20:28.784+0530][gc,heap     ] GC(25) Old regions: 41->41
[2025-03-28T19:20:28.784+0530][gc,heap     ] GC(25) Archive regions: 2->2
[2025-03-28T19:20:28.784+0530][gc,heap     ] GC(25) Humongous regions: 141->133
[2025-03-28T19:20:28.784+0530][gc,metaspace] GC(25) Metaspace: 47215K(47808K)->47215K(47808K) NonClass: 41761K(42112K)->41761K(42112K) Class: 5454K(5696K)->5454K(5696K)
[2025-03-28T19:20:28.784+0530][gc          ] GC(25) Pause Young (Normal) (G1 Evacuation Pause) 590M->177M(1024M) 19.603ms
[2025-03-28T19:20:28.784+0530][gc,cpu      ] GC(25) User=0.03s Sys=0.00s Real=0.02s
[2025-03-28T19:20:34.643+0530][gc,start    ] GC(31) Pause Young (Normal) (G1 Evacuation Pause)
[2025-03-28T19:20:34.643+0530][gc,task     ] GC(31) Using 2 workers of 2 for evacuation
[2025-03-28T19:20:34.662+0530][gc,phases   ] GC(31)   Pre Evacuate Collection Set: 6.0ms
[2025-03-28T19:20:34.662+0530][gc,phases   ] GC(31)   Merge Heap Roots: 0.3ms
[2025-03-28T19:20:34.662+0530][gc,phases   ] GC(31)   Evacuate Collection Set: 9.9ms
[2025-03-28T19:20:34.662+0530][gc,phases   ] GC(31)   Post Evacuate Collection Set: 2.2ms
[2025-03-28T19:20:34.662+0530][gc,phases   ] GC(31)   Other: 0.7ms
[2025-03-28T19:20:34.662+0530][gc,heap     ] GC(31) Eden regions: 103->0(77)
[2025-03-28T19:20:34.662+0530][gc,heap     ] GC(31) Survivor regions: 3->1(14)
[2025-03-28T19:20:34.662+0530][gc,heap     ] GC(31) Old regions: 42->42
[2025-03-28T19:20:34.662+0530][gc,heap     ] GC(31) Archive regions: 2->2
[2025-03-28T19:20:34.662+0530][gc,heap     ] GC(31) Humongous regions: 151->147
[2025-03-28T19:20:34.662+0530][gc,metaspace] GC(31) Metaspace: 47999K(48576K)->47999K(48576K) NonClass: 42448K(42752K)->42448K(42752K) Class: 5550K(5824K)->5550K(5824K)
[2025-03-28T19:20:34.663+0530][gc          ] GC(31) Pause Young (Normal) (G1 Evacuation Pause) 298M->189M(1024M) 20.664ms
[2025-03-28T19:20:34.663+0530][gc,cpu      ] GC(31) User=0.03s Sys=0.02s Real=0.03s
[2025-03-28T19:20:35.009+0530][gc,start    ] GC(32) Pause Young (Normal) (G1 Evacuation Pause)
[2025-03-28T19:20:35.009+0530][gc,task     ] GC(32) Using 2 workers of 2 for evacuation
[2025-03-28T19:20:35.016+0530][gc,phases   ] GC(32)   Pre Evacuate Collection Set: 0.3ms
[2025-03-28T19:20:35.016+0530][gc,phases   ] GC(32)   Merge Heap Roots: 0.1ms
[2025-03-28T19:20:35.016+0530][gc,phases   ] GC(32)   Evacuate Collection Set: 5.9ms
[2025-03-28T19:20:35.016+0530][gc,phases   ] GC(32)   Post Evacuate Collection Set: 0.7ms
[2025-03-28T19:20:35.016+0530][gc,phases   ] GC(32)   Other: 0.2ms
[2025-03-28T19:20:35.016+0530][gc,heap     ] GC(32) Eden regions: 76->0(102)
[2025-03-28T19:20:35.016+0530][gc,heap     ] GC(32) Survivor regions: 1->3(10)
[2025-03-28T19:20:35.016+0530][gc,heap     ] GC(32) Old regions: 42->42
[2025-03-28T19:20:35.016+0530][gc,heap     ] GC(32) Archive regions: 2->2
[2025-03-28T19:20:35.016+0530][gc,heap     ] GC(32) Humongous regions: 149->149
[2025-03-28T19:20:35.016+0530][gc,metaspace] GC(32) Metaspace: 48032K(48640K)->48032K(48640K) NonClass: 42481K(42816K)->42481K(42816K) Class: 5550K(5824K)->5550K(5824K)
[2025-03-28T19:20:35.016+0530][gc          ] GC(32) Pause Young (Normal) (G1 Evacuation Pause) 267M->193M(1024M) 7.180ms
[2025-03-28T19:20:35.016+0530][gc,cpu      ] GC(32) User=0.01s Sys=0.01s Real=0.01s
[2025-03-28T19:20:36.835+0530][gc,start    ] GC(33) Pause Young (Concurrent Start) (Metadata GC Threshold)
[2025-03-28T19:20:36.835+0530][gc,task     ] GC(33) Using 2 workers of 2 for evacuation
[2025-03-28T19:20:36.839+0530][gc,phases   ] GC(33)   Pre Evacuate Collection Set: 0.3ms
[2025-03-28T19:20:36.839+0530][gc,phases   ] GC(33)   Merge Heap Roots: 0.1ms
[2025-03-28T19:20:36.839+0530][gc,phases   ] GC(33)   Evacuate Collection Set: 2.4ms
[2025-03-28T19:20:36.839+0530][gc,phases   ] GC(33)   Post Evacuate Collection Set: 0.8ms
[2025-03-28T19:20:36.839+0530][gc,phases   ] GC(33)   Other: 0.3ms
[2025-03-28T19:20:36.839+0530][gc,heap     ] GC(33) Eden regions: 19->0(126)
[2025-03-28T19:20:36.839+0530][gc,heap     ] GC(33) Survivor regions: 3->1(14)
[2025-03-28T19:20:36.839+0530][gc,heap     ] GC(33) Old regions: 42->42
[2025-03-28T19:20:36.839+0530][gc,heap     ] GC(33) Archive regions: 2->2
[2025-03-28T19:20:36.839+0530][gc,heap     ] GC(33) Humongous regions: 149->147
[2025-03-28T19:20:36.839+0530][gc,metaspace] GC(33) Metaspace: 48063K(48640K)->48063K(48640K) NonClass: 42512K(42816K)->42512K(42816K) Class: 5550K(5824K)->5550K(5824K)
[2025-03-28T19:20:36.839+0530][gc          ] GC(33) Pause Young (Concurrent Start) (Metadata GC Threshold) 211M->189M(1024M) 4.239ms
[2025-03-28T19:20:36.839+0530][gc,cpu      ] GC(33) User=0.01s Sys=0.00s Real=0.01s
[2025-03-28T19:20:36.839+0530][gc          ] GC(34) Concurrent Mark Cycle
[2025-03-28T19:20:36.839+0530][gc,marking  ] GC(34) Concurrent Clear Claimed Marks
[2025-03-28T19:20:36.839+0530][gc,marking  ] GC(34) Concurrent Clear Claimed Marks 0.087ms
[2025-03-28T19:20:36.839+0530][gc,marking  ] GC(34) Concurrent Scan Root Regions
[2025-03-28T19:20:36.841+0530][gc,marking  ] GC(34) Concurrent Scan Root Regions 1.859ms
[2025-03-28T19:20:36.841+0530][gc,marking  ] GC(34) Concurrent Mark
[2025-03-28T19:20:36.841+0530][gc,marking  ] GC(34) Concurrent Mark From Roots
[2025-03-28T19:20:36.841+0530][gc,task     ] GC(34) Using 1 workers of 1 for marking
[2025-03-28T19:20:36.948+0530][gc,marking  ] GC(34) Concurrent Mark From Roots 107.342ms
[2025-03-28T19:20:36.950+0530][gc,marking  ] GC(34) Concurrent Preclean
[2025-03-28T19:20:36.950+0530][gc,marking  ] GC(34) Concurrent Preclean 0.147ms
[2025-03-28T19:20:36.951+0530][gc,start    ] GC(34) Pause Remark
[2025-03-28T19:20:36.982+0530][gc,mmu      ] GC(34) MMU target violated: 21.0ms (20.0ms/21.0ms)
[2025-03-28T19:20:36.982+0530][gc          ] GC(34) Pause Remark 189M->186M(1024M) 30.894ms
[2025-03-28T19:20:36.982+0530][gc,cpu      ] GC(34) User=0.01s Sys=0.00s Real=0.02s
[2025-03-28T19:20:36.982+0530][gc,marking  ] GC(34) Concurrent Mark 141.339ms
[2025-03-28T19:20:36.982+0530][gc,marking  ] GC(34) Concurrent Rebuild Remembered Sets
[2025-03-28T19:20:37.040+0530][gc,marking  ] GC(34) Concurrent Rebuild Remembered Sets 57.832ms
[2025-03-28T19:20:37.040+0530][gc,start    ] GC(34) Pause Cleanup
[2025-03-28T19:20:37.041+0530][gc          ] GC(34) Pause Cleanup 186M->186M(1024M) 0.814ms
[2025-03-28T19:20:37.041+0530][gc,cpu      ] GC(34) User=0.00s Sys=0.00s Real=0.00s
[2025-03-28T19:20:37.041+0530][gc,marking  ] GC(34) Concurrent Cleanup for Next Mark
[2025-03-28T19:20:37.043+0530][gc,marking  ] GC(34) Concurrent Cleanup for Next Mark 2.114ms
[2025-03-28T19:20:37.043+0530][gc          ] GC(34) Concurrent Mark Cycle 204.384ms
[2025-03-28T19:20:37.911+0530][gc,start    ] GC(26) Pause Young (Normal) (G1 Evacuation Pause)
[2025-03-28T19:20:37.911+0530][gc,task     ] GC(26) Using 2 workers of 2 for evacuation
[2025-03-28T19:20:37.956+0530][gc,mmu      ] GC(26) MMU target violated: 21.0ms (20.0ms/21.0ms)
[2025-03-28T19:20:37.956+0530][gc,phases   ] GC(26)   Pre Evacuate Collection Set: 3.7ms
[2025-03-28T19:20:37.956+0530][gc,phases   ] GC(26)   Merge Heap Roots: 0.1ms
[2025-03-28T19:20:37.956+0530][gc,phases   ] GC(26)   Evacuate Collection Set: 41.1ms
[2025-03-28T19:20:37.956+0530][gc,phases   ] GC(26)   Post Evacuate Collection Set: 0.6ms
[2025-03-28T19:20:37.957+0530][gc,phases   ] GC(26)   Other: 0.2ms
[2025-03-28T19:20:37.957+0530][gc,heap     ] GC(26) Eden regions: 56->0(44)
[2025-03-28T19:20:37.957+0530][gc,heap     ] GC(26) Survivor regions: 3->7(8)
[2025-03-28T19:20:37.957+0530][gc,heap     ] GC(26) Old regions: 41->41
[2025-03-28T19:20:37.957+0530][gc,heap     ] GC(26) Archive regions: 2->2
[2025-03-28T19:20:37.957+0530][gc,heap     ] GC(26) Humongous regions: 133->131
[2025-03-28T19:20:37.957+0530][gc,metaspace] GC(26) Metaspace: 47553K(48192K)->47553K(48192K) NonClass: 42064K(42432K)->42064K(42432K) Class: 5488K(5760K)->5488K(5760K)
[2025-03-28T19:20:37.957+0530][gc          ] GC(26) Pause Young (Normal) (G1 Evacuation Pause) 233M->179M(1024M) 45.807ms
[2025-03-28T19:20:37.957+0530][gc,cpu      ] GC(26) User=0.01s Sys=0.00s Real=0.05s
[2025-03-28T19:20:38.106+0530][gc,start    ] GC(27) Pause Young (Normal) (G1 Evacuation Pause)
[2025-03-28T19:20:38.106+0530][gc,task     ] GC(27) Using 2 workers of 2 for evacuation
[2025-03-28T19:20:38.112+0530][gc,phases   ] GC(27)   Pre Evacuate Collection Set: 0.3ms
[2025-03-28T19:20:38.112+0530][gc,phases   ] GC(27)   Merge Heap Roots: 0.1ms
[2025-03-28T19:20:38.112+0530][gc,phases   ] GC(27)   Evacuate Collection Set: 5.2ms
[2025-03-28T19:20:38.112+0530][gc,phases   ] GC(27)   Post Evacuate Collection Set: 0.7ms
[2025-03-28T19:20:38.112+0530][gc,phases   ] GC(27)   Other: 0.1ms
[2025-03-28T19:20:38.112+0530][gc,heap     ] GC(27) Eden regions: 44->0(49)
[2025-03-28T19:20:38.112+0530][gc,heap     ] GC(27) Survivor regions: 7->2(7)
[2025-03-28T19:20:38.112+0530][gc,heap     ] GC(27) Old regions: 41->43
[2025-03-28T19:20:38.112+0530][gc,heap     ] GC(27) Archive regions: 2->2
[2025-03-28T19:20:38.112+0530][gc,heap     ] GC(27) Humongous regions: 133->133
[2025-03-28T19:20:38.112+0530][gc,metaspace] GC(27) Metaspace: 47574K(48192K)->47574K(48192K) NonClass: 42083K(42432K)->42083K(42432K) Class: 5490K(5760K)->5490K(5760K)
[2025-03-28T19:20:38.112+0530][gc          ] GC(27) Pause Young (Normal) (G1 Evacuation Pause) 225M->178M(1024M) 6.502ms
[2025-03-28T19:20:38.112+0530][gc,cpu      ] GC(27) User=0.01s Sys=0.00s Real=0.01s
[2025-03-28T19:20:38.763+0530][gc,start    ] GC(28) Pause Young (Normal) (G1 Evacuation Pause)
[2025-03-28T19:20:38.763+0530][gc,task     ] GC(28) Using 2 workers of 2 for evacuation
[2025-03-28T19:20:38.774+0530][gc,phases   ] GC(28)   Pre Evacuate Collection Set: 0.3ms
[2025-03-28T19:20:38.774+0530][gc,phases   ] GC(28)   Merge Heap Roots: 0.2ms
[2025-03-28T19:20:38.774+0530][gc,phases   ] GC(28)   Evacuate Collection Set: 9.2ms
[2025-03-28T19:20:38.774+0530][gc,phases   ] GC(28)   Post Evacuate Collection Set: 0.7ms
[2025-03-28T19:20:38.774+0530][gc,phases   ] GC(28)   Other: 0.2ms
[2025-03-28T19:20:38.774+0530][gc,heap     ] GC(28) Eden regions: 49->0(45)
[2025-03-28T19:20:38.774+0530][gc,heap     ] GC(28) Survivor regions: 2->6(7)
[2025-03-28T19:20:38.774+0530][gc,heap     ] GC(28) Old regions: 43->43
[2025-03-28T19:20:38.774+0530][gc,heap     ] GC(28) Archive regions: 2->2
[2025-03-28T19:20:38.774+0530][gc,heap     ] GC(28) Humongous regions: 133->131
[2025-03-28T19:20:38.774+0530][gc,metaspace] GC(28) Metaspace: 47592K(48192K)->47592K(48192K) NonClass: 42101K(42432K)->42101K(42432K) Class: 5490K(5760K)->5490K(5760K)
[2025-03-28T19:20:38.774+0530][gc          ] GC(28) Pause Young (Normal) (G1 Evacuation Pause) 227M->180M(1024M) 10.798ms
[2025-03-28T19:20:38.774+0530][gc,cpu      ] GC(28) User=0.02s Sys=0.00s Real=0.00s
[2025-03-28T19:20:38.870+0530][gc,start    ] GC(29) Pause Young (Normal) (G1 Evacuation Pause)
[2025-03-28T19:20:38.870+0530][gc,task     ] GC(29) Using 2 workers of 2 for evacuation
[2025-03-28T19:20:38.876+0530][gc,phases   ] GC(29)   Pre Evacuate Collection Set: 0.2ms
[2025-03-28T19:20:38.877+0530][gc,phases   ] GC(29)   Merge Heap Roots: 0.2ms
[2025-03-28T19:20:38.877+0530][gc,phases   ] GC(29)   Evacuate Collection Set: 5.0ms
[2025-03-28T19:20:38.877+0530][gc,phases   ] GC(29)   Post Evacuate Collection Set: 0.6ms
[2025-03-28T19:20:38.877+0530][gc,phases   ] GC(29)   Other: 0.2ms
[2025-03-28T19:20:38.877+0530][gc,heap     ] GC(29) Eden regions: 45->0(107)
[2025-03-28T19:20:38.877+0530][gc,heap     ] GC(29) Survivor regions: 6->2(7)
[2025-03-28T19:20:38.877+0530][gc,heap     ] GC(29) Old regions: 43->44
[2025-03-28T19:20:38.877+0530][gc,heap     ] GC(29) Archive regions: 2->2
[2025-03-28T19:20:38.877+0530][gc,heap     ] GC(29) Humongous regions: 133->133
[2025-03-28T19:20:38.877+0530][gc,metaspace] GC(29) Metaspace: 47593K(48192K)->47593K(48192K) NonClass: 42102K(42432K)->42102K(42432K) Class: 5490K(5760K)->5490K(5760K)
[2025-03-28T19:20:38.877+0530][gc          ] GC(29) Pause Young (Normal) (G1 Evacuation Pause) 227M->179M(1024M) 6.419ms
[2025-03-28T19:20:38.877+0530][gc,cpu      ] GC(29) User=0.01s Sys=0.00s Real=0.00s
[2025-03-28T19:20:44.079+0530][gc,start    ] GC(30) Pause Young (Concurrent Start) (Metadata GC Threshold)
[2025-03-28T19:20:44.079+0530][gc,task     ] GC(30) Using 2 workers of 2 for evacuation
[2025-03-28T19:20:44.096+0530][gc,phases   ] GC(30)   Pre Evacuate Collection Set: 0.9ms
[2025-03-28T19:20:44.097+0530][gc,phases   ] GC(30)   Merge Heap Roots: 0.2ms
[2025-03-28T19:20:44.097+0530][gc,phases   ] GC(30)   Evacuate Collection Set: 13.6ms
[2025-03-28T19:20:44.097+0530][gc,phases   ] GC(30)   Post Evacuate Collection Set: 1.2ms
[2025-03-28T19:20:44.097+0530][gc,phases   ] GC(30)   Other: 1.1ms
[2025-03-28T19:20:44.097+0530][gc,heap     ] GC(30) Eden regions: 16->0(113)
[2025-03-28T19:20:44.097+0530][gc,heap     ] GC(30) Survivor regions: 2->1(14)
[2025-03-28T19:20:44.097+0530][gc,heap     ] GC(30) Old regions: 44->44
[2025-03-28T19:20:44.097+0530][gc,heap     ] GC(30) Archive regions: 2->2
[2025-03-28T19:20:44.097+0530][gc,heap     ] GC(30) Humongous regions: 133->131
[2025-03-28T19:20:44.097+0530][gc,metaspace] GC(30) Metaspace: 47806K(48448K)->47806K(48448K) NonClass: 42270K(42624K)->42270K(42624K) Class: 5535K(5824K)->5535K(5824K)
[2025-03-28T19:20:44.097+0530][gc          ] GC(30) Pause Young (Concurrent Start) (Metadata GC Threshold) 194M->176M(1024M) 18.236ms
[2025-03-28T19:20:44.097+0530][gc,cpu      ] GC(30) User=0.02s Sys=0.00s Real=0.02s
[2025-03-28T19:20:44.098+0530][gc          ] GC(31) Concurrent Mark Cycle
[2025-03-28T19:20:44.098+0530][gc,marking  ] GC(31) Concurrent Clear Claimed Marks
[2025-03-28T19:20:44.098+0530][gc,marking  ] GC(31) Concurrent Clear Claimed Marks 0.174ms
[2025-03-28T19:20:44.098+0530][gc,marking  ] GC(31) Concurrent Scan Root Regions
[2025-03-28T19:20:44.107+0530][gc,marking  ] GC(31) Concurrent Scan Root Regions 8.659ms
[2025-03-28T19:20:44.107+0530][gc,marking  ] GC(31) Concurrent Mark
[2025-03-28T19:20:44.107+0530][gc,marking  ] GC(31) Concurrent Mark From Roots
[2025-03-28T19:20:44.107+0530][gc,task     ] GC(31) Using 1 workers of 1 for marking
[2025-03-28T19:20:44.237+0530][gc,marking  ] GC(31) Concurrent Mark From Roots 130.411ms
[2025-03-28T19:20:44.237+0530][gc,marking  ] GC(31) Concurrent Preclean
[2025-03-28T19:20:44.237+0530][gc,marking  ] GC(31) Concurrent Preclean 0.127ms
[2025-03-28T19:20:44.237+0530][gc,start    ] GC(31) Pause Remark
[2025-03-28T19:20:44.255+0530][gc          ] GC(31) Pause Remark 176M->169M(1024M) 17.116ms
[2025-03-28T19:20:44.255+0530][gc,cpu      ] GC(31) User=0.01s Sys=0.00s Real=0.01s
[2025-03-28T19:20:44.255+0530][gc,marking  ] GC(31) Concurrent Mark 148.008ms
[2025-03-28T19:20:44.255+0530][gc,marking  ] GC(31) Concurrent Rebuild Remembered Sets
[2025-03-28T19:20:44.285+0530][gc,marking  ] GC(31) Concurrent Rebuild Remembered Sets 30.207ms
[2025-03-28T19:20:44.285+0530][gc,start    ] GC(31) Pause Cleanup
[2025-03-28T19:20:44.286+0530][gc          ] GC(31) Pause Cleanup 169M->169M(1024M) 0.608ms
[2025-03-28T19:20:44.286+0530][gc,cpu      ] GC(31) User=0.00s Sys=0.00s Real=0.00s
[2025-03-28T19:20:44.286+0530][gc,marking  ] GC(31) Concurrent Cleanup for Next Mark
[2025-03-28T19:20:44.288+0530][gc,marking  ] GC(31) Concurrent Cleanup for Next Mark 1.607ms
[2025-03-28T19:20:44.288+0530][gc          ] GC(31) Concurrent Mark Cycle 189.850ms
[2025-03-28T19:20:44.677+0530][gc,start    ] GC(35) Pause Young (Prepare Mixed) (G1 Evacuation Pause)
[2025-03-28T19:20:44.677+0530][gc,task     ] GC(35) Using 2 workers of 2 for evacuation
[2025-03-28T19:20:44.686+0530][gc,phases   ] GC(35)   Pre Evacuate Collection Set: 0.3ms
[2025-03-28T19:20:44.686+0530][gc,phases   ] GC(35)   Merge Heap Roots: 0.1ms
[2025-03-28T19:20:44.686+0530][gc,phases   ] GC(35)   Evacuate Collection Set: 7.7ms
[2025-03-28T19:20:44.686+0530][gc,phases   ] GC(35)   Post Evacuate Collection Set: 0.6ms
[2025-03-28T19:20:44.686+0530][gc,phases   ] GC(35)   Other: 0.2ms
[2025-03-28T19:20:44.686+0530][gc,heap     ] GC(35) Eden regions: 133->0(46)
[2025-03-28T19:20:44.686+0530][gc,heap     ] GC(35) Survivor regions: 1->5(17)
[2025-03-28T19:20:44.686+0530][gc,heap     ] GC(35) Old regions: 39->39
[2025-03-28T19:20:44.686+0530][gc,heap     ] GC(35) Archive regions: 2->2
[2025-03-28T19:20:44.686+0530][gc,heap     ] GC(35) Humongous regions: 149->147
[2025-03-28T19:20:44.686+0530][gc,metaspace] GC(35) Metaspace: 48237K(48896K)->48237K(48896K) NonClass: 42653K(43008K)->42653K(43008K) Class: 5584K(5888K)->5584K(5888K)
[2025-03-28T19:20:44.686+0530][gc          ] GC(35) Pause Young (Prepare Mixed) (G1 Evacuation Pause) 321M->190M(1024M) 9.011ms
[2025-03-28T19:20:44.686+0530][gc,cpu      ] GC(35) User=0.01s Sys=0.00s Real=0.01s
[2025-03-28T19:20:44.791+0530][gc,start    ] GC(36) Pause Young (Mixed) (G1 Evacuation Pause)
[2025-03-28T19:20:44.791+0530][gc,task     ] GC(36) Using 2 workers of 2 for evacuation
[2025-03-28T19:20:44.799+0530][gc,phases   ] GC(36)   Pre Evacuate Collection Set: 0.2ms
[2025-03-28T19:20:44.799+0530][gc,phases   ] GC(36)   Merge Heap Roots: 0.1ms
[2025-03-28T19:20:44.799+0530][gc,phases   ] GC(36)   Evacuate Collection Set: 7.2ms
[2025-03-28T19:20:44.799+0530][gc,phases   ] GC(36)   Post Evacuate Collection Set: 0.8ms
[2025-03-28T19:20:44.799+0530][gc,phases   ] GC(36)   Other: 0.2ms
[2025-03-28T19:20:44.799+0530][gc,heap     ] GC(36) Eden regions: 46->0(186)
[2025-03-28T19:20:44.799+0530][gc,heap     ] GC(36) Survivor regions: 5->2(7)
[2025-03-28T19:20:44.799+0530][gc,heap     ] GC(36) Old regions: 39->38
[2025-03-28T19:20:44.799+0530][gc,heap     ] GC(36) Archive regions: 2->2
[2025-03-28T19:20:44.799+0530][gc,heap     ] GC(36) Humongous regions: 149->149
[2025-03-28T19:20:44.799+0530][gc,metaspace] GC(36) Metaspace: 48241K(48896K)->48241K(48896K) NonClass: 42657K(43008K)->42657K(43008K) Class: 5584K(5888K)->5584K(5888K)
[2025-03-28T19:20:44.799+0530][gc          ] GC(36) Pause Young (Mixed) (G1 Evacuation Pause) 238M->188M(1024M) 8.621ms
[2025-03-28T19:20:44.799+0530][gc,cpu      ] GC(36) User=0.01s Sys=0.00s Real=0.02s
[2025-03-28T19:20:48.738+0530][gc,start    ] GC(32) Pause Young (Prepare Mixed) (G1 Evacuation Pause)
[2025-03-28T19:20:48.738+0530][gc,task     ] GC(32) Using 2 workers of 2 for evacuation
[2025-03-28T19:20:48.747+0530][gc,phases   ] GC(32)   Pre Evacuate Collection Set: 0.2ms
[2025-03-28T19:20:48.747+0530][gc,phases   ] GC(32)   Merge Heap Roots: 0.1ms
[2025-03-28T19:20:48.747+0530][gc,phases   ] GC(32)   Evacuate Collection Set: 8.5ms
[2025-03-28T19:20:48.747+0530][gc,phases   ] GC(32)   Post Evacuate Collection Set: 0.6ms
[2025-03-28T19:20:48.747+0530][gc,phases   ] GC(32)   Other: 0.1ms
[2025-03-28T19:20:48.747+0530][gc,heap     ] GC(32) Eden regions: 140->0(44)
[2025-03-28T19:20:48.747+0530][gc,heap     ] GC(32) Survivor regions: 1->7(18)
[2025-03-28T19:20:48.747+0530][gc,heap     ] GC(32) Old regions: 38->38
[2025-03-28T19:20:48.747+0530][gc,heap     ] GC(32) Archive regions: 2->2
[2025-03-28T19:20:48.747+0530][gc,heap     ] GC(32) Humongous regions: 134->129
[2025-03-28T19:20:48.747+0530][gc,metaspace] GC(32) Metaspace: 47995K(48640K)->47995K(48640K) NonClass: 42459K(42816K)->42459K(42816K) Class: 5536K(5824K)->5536K(5824K)
[2025-03-28T19:20:48.747+0530][gc          ] GC(32) Pause Young (Prepare Mixed) (G1 Evacuation Pause) 313M->174M(1024M) 9.657ms
[2025-03-28T19:20:48.747+0530][gc,cpu      ] GC(32) User=0.03s Sys=0.00s Real=0.02s
[2025-03-28T19:20:48.831+0530][gc,start    ] GC(33) Pause Young (Mixed) (G1 Evacuation Pause)
[2025-03-28T19:20:48.831+0530][gc,task     ] GC(33) Using 2 workers of 2 for evacuation
[2025-03-28T19:20:48.838+0530][gc,phases   ] GC(33)   Pre Evacuate Collection Set: 0.2ms
[2025-03-28T19:20:48.838+0530][gc,phases   ] GC(33)   Merge Heap Roots: 0.1ms
[2025-03-28T19:20:48.838+0530][gc,phases   ] GC(33)   Evacuate Collection Set: 4.8ms
[2025-03-28T19:20:48.838+0530][gc,phases   ] GC(33)   Post Evacuate Collection Set: 1.2ms
[2025-03-28T19:20:48.838+0530][gc,phases   ] GC(33)   Other: 0.1ms
[2025-03-28T19:20:48.838+0530][gc,heap     ] GC(33) Eden regions: 44->0(192)
[2025-03-28T19:20:48.838+0530][gc,heap     ] GC(33) Survivor regions: 7->2(7)
[2025-03-28T19:20:48.838+0530][gc,heap     ] GC(33) Old regions: 38->38
[2025-03-28T19:20:48.838+0530][gc,heap     ] GC(33) Archive regions: 2->2
[2025-03-28T19:20:48.838+0530][gc,heap     ] GC(33) Humongous regions: 131->131
[2025-03-28T19:20:48.838+0530][gc,metaspace] GC(33) Metaspace: 47995K(48640K)->47995K(48640K) NonClass: 42459K(42816K)->42459K(42816K) Class: 5536K(5824K)->5536K(5824K)
[2025-03-28T19:20:48.838+0530][gc          ] GC(33) Pause Young (Mixed) (G1 Evacuation Pause) 220M->170M(1024M) 6.582ms
[2025-03-28T19:20:48.838+0530][gc,cpu      ] GC(33) User=0.01s Sys=0.01s Real=0.01s
[2025-03-28T19:20:54.910+0530][gc,start    ] GC(37) Pause Young (Normal) (G1 Evacuation Pause)
[2025-03-28T19:20:54.910+0530][gc,task     ] GC(37) Using 2 workers of 2 for evacuation
[2025-03-28T19:20:54.921+0530][gc,phases   ] GC(37)   Pre Evacuate Collection Set: 0.3ms
[2025-03-28T19:20:54.921+0530][gc,phases   ] GC(37)   Merge Heap Roots: 0.2ms
[2025-03-28T19:20:54.921+0530][gc,phases   ] GC(37)   Evacuate Collection Set: 10.0ms
[2025-03-28T19:20:54.921+0530][gc,phases   ] GC(37)   Post Evacuate Collection Set: 0.8ms
[2025-03-28T19:20:54.921+0530][gc,phases   ] GC(37)   Other: 0.2ms
[2025-03-28T19:20:54.921+0530][gc,heap     ] GC(37) Eden regions: 186->0(611)
[2025-03-28T19:20:54.921+0530][gc,heap     ] GC(37) Survivor regions: 2->3(24)
[2025-03-28T19:20:54.921+0530][gc,heap     ] GC(37) Old regions: 38->38
[2025-03-28T19:20:54.922+0530][gc,heap     ] GC(37) Archive regions: 2->2
[2025-03-28T19:20:54.922+0530][gc,heap     ] GC(37) Humongous regions: 156->149
[2025-03-28T19:20:54.922+0530][gc,metaspace] GC(37) Metaspace: 48319K(48960K)->48319K(48960K) NonClass: 42733K(43072K)->42733K(43072K) Class: 5585K(5888K)->5585K(5888K)
[2025-03-28T19:20:54.922+0530][gc          ] GC(37) Pause Young (Normal) (G1 Evacuation Pause) 381M->189M(1024M) 11.551ms
[2025-03-28T19:20:54.922+0530][gc,cpu      ] GC(37) User=0.02s Sys=0.00s Real=0.01s
[2025-03-28T19:20:58.950+0530][gc,start    ] GC(34) Pause Young (Normal) (G1 Evacuation Pause)
[2025-03-28T19:20:58.950+0530][gc,task     ] GC(34) Using 2 workers of 2 for evacuation
[2025-03-28T19:20:58.956+0530][gc,phases   ] GC(34)   Pre Evacuate Collection Set: 0.3ms
[2025-03-28T19:20:58.956+0530][gc,phases   ] GC(34)   Merge Heap Roots: 0.1ms
[2025-03-28T19:20:58.956+0530][gc,phases   ] GC(34)   Evacuate Collection Set: 5.0ms
[2025-03-28T19:20:58.956+0530][gc,phases   ] GC(34)   Post Evacuate Collection Set: 0.7ms
[2025-03-28T19:20:58.956+0530][gc,phases   ] GC(34)   Other: 0.2ms
[2025-03-28T19:20:58.956+0530][gc,heap     ] GC(34) Eden regions: 192->0(267)
[2025-03-28T19:20:58.956+0530][gc,heap     ] GC(34) Survivor regions: 2->3(25)
[2025-03-28T19:20:58.956+0530][gc,heap     ] GC(34) Old regions: 38->38
[2025-03-28T19:20:58.956+0530][gc,heap     ] GC(34) Archive regions: 2->2
[2025-03-28T19:20:58.956+0530][gc,heap     ] GC(34) Humongous regions: 135->131
[2025-03-28T19:20:58.956+0530][gc,metaspace] GC(34) Metaspace: 48093K(48768K)->48093K(48768K) NonClass: 42555K(42944K)->42555K(42944K) Class: 5537K(5824K)->5537K(5824K)
[2025-03-28T19:20:58.956+0530][gc          ] GC(34) Pause Young (Normal) (G1 Evacuation Pause) 366M->172M(1024M) 6.465ms
[2025-03-28T19:20:58.956+0530][gc,cpu      ] GC(34) User=0.01s Sys=0.00s Real=0.01s
[2025-03-28T19:21:17.604+0530][gc,start    ] GC(35) Pause Young (Normal) (G1 Evacuation Pause)
[2025-03-28T19:21:19.148+0530][gc,task     ] GC(35) Using 2 workers of 2 for evacuation
[2025-03-28T19:21:19.168+0530][gc,mmu      ] GC(35) MMU target violated: 20.3ms (20.0ms/21.0ms)
[2025-03-28T19:21:19.168+0530][gc,phases   ] GC(35)   Pre Evacuate Collection Set: 5.0ms
[2025-03-28T19:21:19.168+0530][gc,phases   ] GC(35)   Merge Heap Roots: 0.2ms
[2025-03-28T19:21:19.168+0530][gc,phases   ] GC(35)   Evacuate Collection Set: 14.2ms
[2025-03-28T19:21:19.168+0530][gc,phases   ] GC(35)   Post Evacuate Collection Set: 0.9ms
[2025-03-28T19:21:19.168+0530][gc,phases   ] GC(35)   Other: 1544.4ms
[2025-03-28T19:21:19.168+0530][gc,heap     ] GC(35) Eden regions: 267->0(141)
[2025-03-28T19:21:19.169+0530][gc,heap     ] GC(35) Survivor regions: 3->3(34)
[2025-03-28T19:21:19.169+0530][gc,heap     ] GC(35) Old regions: 38->38
[2025-03-28T19:21:19.169+0530][gc,heap     ] GC(35) Archive regions: 2->2
[2025-03-28T19:21:19.169+0530][gc,heap     ] GC(35) Humongous regions: 137->131
[2025-03-28T19:21:19.169+0530][gc,metaspace] GC(35) Metaspace: 48147K(48768K)->48147K(48768K) NonClass: 42609K(42944K)->42609K(42944K) Class: 5537K(5824K)->5537K(5824K)
[2025-03-28T19:21:19.169+0530][gc          ] GC(35) Pause Young (Normal) (G1 Evacuation Pause) 445M->172M(1024M) 1564.906ms
[2025-03-28T19:21:19.169+0530][gc,cpu      ] GC(35) User=0.01s Sys=0.01s Real=1.57s
[2025-03-28T19:21:27.646+0530][gc,start    ] GC(36) Pause Young (Normal) (G1 Evacuation Pause)
[2025-03-28T19:21:27.695+0530][gc,task     ] GC(36) Using 2 workers of 2 for evacuation
[2025-03-28T19:21:27.718+0530][gc,mmu      ] GC(36) MMU target violated: 21.0ms (20.0ms/21.0ms)
[2025-03-28T19:21:27.718+0530][gc,phases   ] GC(36)   Pre Evacuate Collection Set: 0.7ms
[2025-03-28T19:21:27.718+0530][gc,phases   ] GC(36)   Merge Heap Roots: 0.2ms
[2025-03-28T19:21:27.718+0530][gc,phases   ] GC(36)   Evacuate Collection Set: 19.1ms
[2025-03-28T19:21:27.718+0530][gc,phases   ] GC(36)   Post Evacuate Collection Set: 2.9ms
[2025-03-28T19:21:27.718+0530][gc,phases   ] GC(36)   Other: 50.0ms
[2025-03-28T19:21:27.718+0530][gc,heap     ] GC(36) Eden regions: 141->0(77)
[2025-03-28T19:21:27.718+0530][gc,heap     ] GC(36) Survivor regions: 3->3(18)
[2025-03-28T19:21:27.718+0530][gc,heap     ] GC(36) Old regions: 38->38
[2025-03-28T19:21:27.718+0530][gc,heap     ] GC(36) Archive regions: 2->2
[2025-03-28T19:21:27.718+0530][gc,heap     ] GC(36) Humongous regions: 142->138
[2025-03-28T19:21:27.718+0530][gc,metaspace] GC(36) Metaspace: 48514K(49152K)->48514K(49152K) NonClass: 42923K(43264K)->42923K(43264K) Class: 5591K(5888K)->5591K(5888K)
[2025-03-28T19:21:27.719+0530][gc          ] GC(36) Pause Young (Normal) (G1 Evacuation Pause) 324M->179M(1024M) 72.954ms
[2025-03-28T19:21:27.719+0530][gc,cpu      ] GC(36) User=0.03s Sys=0.00s Real=0.08s
[2025-03-28T19:21:28.012+0530][gc,start    ] GC(37) Pause Young (Normal) (G1 Evacuation Pause)
[2025-03-28T19:21:28.012+0530][gc,task     ] GC(37) Using 2 workers of 2 for evacuation
[2025-03-28T19:21:28.039+0530][gc,mmu      ] GC(37) MMU target violated: 21.0ms (20.0ms/21.0ms)
[2025-03-28T19:21:28.039+0530][gc,phases   ] GC(37)   Pre Evacuate Collection Set: 0.2ms
[2025-03-28T19:21:28.039+0530][gc,phases   ] GC(37)   Merge Heap Roots: 0.1ms
[2025-03-28T19:21:28.039+0530][gc,phases   ] GC(37)   Evacuate Collection Set: 25.6ms
[2025-03-28T19:21:28.039+0530][gc,phases   ] GC(37)   Post Evacuate Collection Set: 0.8ms
[2025-03-28T19:21:28.039+0530][gc,phases   ] GC(37)   Other: 0.2ms
[2025-03-28T19:21:28.039+0530][gc,heap     ] GC(37) Eden regions: 77->0(47)
[2025-03-28T19:21:28.039+0530][gc,heap     ] GC(37) Survivor regions: 3->4(10)
[2025-03-28T19:21:28.039+0530][gc,heap     ] GC(37) Old regions: 38->38
[2025-03-28T19:21:28.039+0530][gc,heap     ] GC(37) Archive regions: 2->2
[2025-03-28T19:21:28.039+0530][gc,heap     ] GC(37) Humongous regions: 140->140
[2025-03-28T19:21:28.039+0530][gc,metaspace] GC(37) Metaspace: 48515K(49152K)->48515K(49152K) NonClass: 42924K(43264K)->42924K(43264K) Class: 5591K(5888K)->5591K(5888K)
[2025-03-28T19:21:28.039+0530][gc          ] GC(37) Pause Young (Normal) (G1 Evacuation Pause) 258M->181M(1024M) 27.195ms
[2025-03-28T19:21:28.039+0530][gc,cpu      ] GC(37) User=0.02s Sys=0.00s Real=0.03s
[2025-03-28T19:21:28.867+0530][gc,start    ] GC(38) Pause Young (Normal) (G1 Evacuation Pause)
[2025-03-28T19:21:28.867+0530][gc,task     ] GC(38) Using 2 workers of 2 for evacuation
[2025-03-28T19:21:28.879+0530][gc,phases   ] GC(38)   Pre Evacuate Collection Set: 0.3ms
[2025-03-28T19:21:28.879+0530][gc,phases   ] GC(38)   Merge Heap Roots: 0.2ms
[2025-03-28T19:21:28.879+0530][gc,phases   ] GC(38)   Evacuate Collection Set: 9.6ms
[2025-03-28T19:21:28.879+0530][gc,phases   ] GC(38)   Post Evacuate Collection Set: 1.4ms
[2025-03-28T19:21:28.879+0530][gc,phases   ] GC(38)   Other: 0.8ms
[2025-03-28T19:21:28.879+0530][gc,heap     ] GC(38) Eden regions: 611->0(611)
[2025-03-28T19:21:28.879+0530][gc,heap     ] GC(38) Survivor regions: 3->3(77)
[2025-03-28T19:21:28.879+0530][gc,heap     ] GC(38) Old regions: 38->38
[2025-03-28T19:21:28.879+0530][gc,heap     ] GC(38) Archive regions: 2->2
[2025-03-28T19:21:28.879+0530][gc,heap     ] GC(38) Humongous regions: 164->149
[2025-03-28T19:21:28.880+0530][gc,metaspace] GC(38) Metaspace: 48631K(49216K)->48631K(49216K) NonClass: 43027K(43328K)->43027K(43328K) Class: 5603K(5888K)->5603K(5888K)
[2025-03-28T19:21:28.880+0530][gc          ] GC(38) Pause Young (Normal) (G1 Evacuation Pause) 815M->190M(1024M) 12.389ms
[2025-03-28T19:21:28.880+0530][gc,cpu      ] GC(38) User=0.02s Sys=0.01s Real=0.02s
[2025-03-28T19:21:29.387+0530][gc,start    ] GC(38) Pause Young (Normal) (G1 Evacuation Pause)
[2025-03-28T19:21:29.387+0530][gc,task     ] GC(38) Using 2 workers of 2 for evacuation
[2025-03-28T19:21:29.400+0530][gc,phases   ] GC(38)   Pre Evacuate Collection Set: 0.3ms
[2025-03-28T19:21:29.400+0530][gc,phases   ] GC(38)   Merge Heap Roots: 0.1ms
[2025-03-28T19:21:29.400+0530][gc,phases   ] GC(38)   Evacuate Collection Set: 11.9ms
[2025-03-28T19:21:29.400+0530][gc,phases   ] GC(38)   Post Evacuate Collection Set: 0.7ms
[2025-03-28T19:21:29.400+0530][gc,phases   ] GC(38)   Other: 0.2ms
[2025-03-28T19:21:29.400+0530][gc,heap     ] GC(38) Eden regions: 47->0(44)
[2025-03-28T19:21:29.401+0530][gc,heap     ] GC(38) Survivor regions: 4->7(7)
[2025-03-28T19:21:29.401+0530][gc,heap     ] GC(38) Old regions: 38->38
[2025-03-28T19:21:29.401+0530][gc,heap     ] GC(38) Archive regions: 2->2
[2025-03-28T19:21:29.401+0530][gc,heap     ] GC(38) Humongous regions: 143->138
[2025-03-28T19:21:29.401+0530][gc,metaspace] GC(38) Metaspace: 48517K(49152K)->48517K(49152K) NonClass: 42926K(43264K)->42926K(43264K) Class: 5591K(5888K)->5591K(5888K)
[2025-03-28T19:21:29.401+0530][gc          ] GC(38) Pause Young (Normal) (G1 Evacuation Pause) 231M->182M(1024M) 13.351ms
[2025-03-28T19:21:29.401+0530][gc,cpu      ] GC(38) User=0.03s Sys=0.00s Real=0.01s
[2025-03-28T19:21:29.561+0530][gc,start    ] GC(39) Pause Young (Normal) (G1 Evacuation Pause)
[2025-03-28T19:21:29.561+0530][gc,task     ] GC(39) Using 2 workers of 2 for evacuation
[2025-03-28T19:21:29.574+0530][gc,phases   ] GC(39)   Pre Evacuate Collection Set: 0.5ms
[2025-03-28T19:21:29.574+0530][gc,phases   ] GC(39)   Merge Heap Roots: 0.3ms
[2025-03-28T19:21:29.575+0530][gc,phases   ] GC(39)   Evacuate Collection Set: 11.4ms
[2025-03-28T19:21:29.575+0530][gc,phases   ] GC(39)   Post Evacuate Collection Set: 0.7ms
[2025-03-28T19:21:29.575+0530][gc,phases   ] GC(39)   Other: 0.2ms
[2025-03-28T19:21:29.575+0530][gc,heap     ] GC(39) Eden regions: 44->0(87)
[2025-03-28T19:21:29.575+0530][gc,heap     ] GC(39) Survivor regions: 7->2(7)
[2025-03-28T19:21:29.575+0530][gc,heap     ] GC(39) Old regions: 38->40
[2025-03-28T19:21:29.575+0530][gc,heap     ] GC(39) Archive regions: 2->2
[2025-03-28T19:21:29.575+0530][gc,heap     ] GC(39) Humongous regions: 140->140
[2025-03-28T19:21:29.575+0530][gc,metaspace] GC(39) Metaspace: 48518K(49152K)->48518K(49152K) NonClass: 42927K(43264K)->42927K(43264K) Class: 5591K(5888K)->5591K(5888K)
[2025-03-28T19:21:29.575+0530][gc          ] GC(39) Pause Young (Normal) (G1 Evacuation Pause) 228M->181M(1024M) 13.351ms
[2025-03-28T19:21:29.575+0530][gc,cpu      ] GC(39) User=0.03s Sys=0.00s Real=0.01s
[2025-03-28T19:21:37.959+0530][gc,start    ] GC(40) Pause Young (Normal) (G1 Evacuation Pause)
[2025-03-28T19:21:37.959+0530][gc,task     ] GC(40) Using 2 workers of 2 for evacuation
[2025-03-28T19:21:37.968+0530][gc,phases   ] GC(40)   Pre Evacuate Collection Set: 0.3ms
[2025-03-28T19:21:37.969+0530][gc,phases   ] GC(40)   Merge Heap Roots: 0.1ms
[2025-03-28T19:21:37.969+0530][gc,phases   ] GC(40)   Evacuate Collection Set: 7.9ms
[2025-03-28T19:21:37.969+0530][gc,phases   ] GC(40)   Post Evacuate Collection Set: 0.6ms
[2025-03-28T19:21:37.969+0530][gc,phases   ] GC(40)   Other: 0.2ms
[2025-03-28T19:21:37.969+0530][gc,heap     ] GC(40) Eden regions: 87->0(132)
[2025-03-28T19:21:37.969+0530][gc,heap     ] GC(40) Survivor regions: 2->3(12)
[2025-03-28T19:21:37.969+0530][gc,heap     ] GC(40) Old regions: 40->40
[2025-03-28T19:21:37.969+0530][gc,heap     ] GC(40) Archive regions: 2->2
[2025-03-28T19:21:37.969+0530][gc,heap     ] GC(40) Humongous regions: 142->140
[2025-03-28T19:21:37.969+0530][gc,metaspace] GC(40) Metaspace: 48789K(49472K)->48789K(49472K) NonClass: 43157K(43520K)->43157K(43520K) Class: 5632K(5952K)->5632K(5952K)
[2025-03-28T19:21:37.969+0530][gc          ] GC(40) Pause Young (Normal) (G1 Evacuation Pause) 270M->182M(1024M) 9.256ms
[2025-03-28T19:21:37.969+0530][gc,cpu      ] GC(40) User=0.01s Sys=0.00s Real=0.01s
[2025-03-28T19:21:48.313+0530][gc,start    ] GC(41) Pause Young (Normal) (G1 Evacuation Pause)
[2025-03-28T19:21:48.316+0530][gc,task     ] GC(41) Using 2 workers of 2 for evacuation
[2025-03-28T19:21:48.367+0530][gc,mmu      ] GC(41) MMU target violated: 21.0ms (20.0ms/21.0ms)
[2025-03-28T19:21:48.367+0530][gc,phases   ] GC(41)   Pre Evacuate Collection Set: 0.7ms
[2025-03-28T19:21:48.368+0530][gc,phases   ] GC(41)   Merge Heap Roots: 16.2ms
[2025-03-28T19:21:48.368+0530][gc,phases   ] GC(41)   Evacuate Collection Set: 30.1ms
[2025-03-28T19:21:48.368+0530][gc,phases   ] GC(41)   Post Evacuate Collection Set: 3.5ms
[2025-03-28T19:21:48.368+0530][gc,phases   ] GC(41)   Other: 4.3ms
[2025-03-28T19:21:48.368+0530][gc,heap     ] GC(41) Eden regions: 132->0(48)
[2025-03-28T19:21:48.368+0530][gc,heap     ] GC(41) Survivor regions: 3->3(17)
[2025-03-28T19:21:48.368+0530][gc,heap     ] GC(41) Old regions: 40->40
[2025-03-28T19:21:48.368+0530][gc,heap     ] GC(41) Archive regions: 2->2
[2025-03-28T19:21:48.368+0530][gc,heap     ] GC(41) Humongous regions: 145->138
[2025-03-28T19:21:48.368+0530][gc,metaspace] GC(41) Metaspace: 48854K(49536K)->48854K(49536K) NonClass: 43215K(43584K)->43215K(43584K) Class: 5639K(5952K)->5639K(5952K)
[2025-03-28T19:21:48.369+0530][gc          ] GC(41) Pause Young (Normal) (G1 Evacuation Pause) 319M->180M(1024M) 55.505ms
[2025-03-28T19:21:48.369+0530][gc,cpu      ] GC(41) User=0.02s Sys=0.01s Real=0.06s
[2025-03-28T19:21:48.872+0530][gc,start    ] GC(42) Pause Young (Normal) (G1 Evacuation Pause)
[2025-03-28T19:21:48.872+0530][gc,task     ] GC(42) Using 2 workers of 2 for evacuation
[2025-03-28T19:21:48.954+0530][gc,mmu      ] GC(42) MMU target violated: 21.0ms (20.0ms/21.0ms)
[2025-03-28T19:21:48.955+0530][gc,phases   ] GC(42)   Pre Evacuate Collection Set: 1.9ms
[2025-03-28T19:21:48.955+0530][gc,phases   ] GC(42)   Merge Heap Roots: 0.3ms
[2025-03-28T19:21:48.955+0530][gc,phases   ] GC(42)   Evacuate Collection Set: 76.7ms
[2025-03-28T19:21:48.955+0530][gc,phases   ] GC(42)   Post Evacuate Collection Set: 2.6ms
[2025-03-28T19:21:48.955+0530][gc,phases   ] GC(42)   Other: 1.6ms
[2025-03-28T19:21:48.955+0530][gc,heap     ] GC(42) Eden regions: 48->0(44)
[2025-03-28T19:21:48.955+0530][gc,heap     ] GC(42) Survivor regions: 3->7(7)
[2025-03-28T19:21:48.955+0530][gc,heap     ] GC(42) Old regions: 40->41
[2025-03-28T19:21:48.955+0530][gc,heap     ] GC(42) Archive regions: 2->2
[2025-03-28T19:21:48.955+0530][gc,heap     ] GC(42) Humongous regions: 138->138
[2025-03-28T19:21:48.955+0530][gc,metaspace] GC(42) Metaspace: 48858K(49536K)->48858K(49536K) NonClass: 43218K(43584K)->43218K(43584K) Class: 5639K(5952K)->5639K(5952K)
[2025-03-28T19:21:48.958+0530][gc          ] GC(42) Pause Young (Normal) (G1 Evacuation Pause) 228M->186M(1024M) 86.590ms
[2025-03-28T19:21:48.958+0530][gc,cpu      ] GC(42) User=0.03s Sys=0.02s Real=0.09s
[2025-03-28T19:21:49.194+0530][gc,start    ] GC(43) Pause Young (Normal) (G1 Evacuation Pause)
[2025-03-28T19:21:49.194+0530][gc,task     ] GC(43) Using 2 workers of 2 for evacuation
[2025-03-28T19:21:49.232+0530][gc,mmu      ] GC(43) MMU target violated: 21.0ms (20.0ms/21.0ms)
[2025-03-28T19:21:49.232+0530][gc,phases   ] GC(43)   Pre Evacuate Collection Set: 5.7ms
[2025-03-28T19:21:49.232+0530][gc,phases   ] GC(43)   Merge Heap Roots: 3.1ms
[2025-03-28T19:21:49.232+0530][gc,phases   ] GC(43)   Evacuate Collection Set: 26.3ms
[2025-03-28T19:21:49.232+0530][gc,phases   ] GC(43)   Post Evacuate Collection Set: 2.4ms
[2025-03-28T19:21:49.232+0530][gc,phases   ] GC(43)   Other: 0.2ms
[2025-03-28T19:21:49.232+0530][gc,heap     ] GC(43) Eden regions: 44->0(45)
[2025-03-28T19:21:49.233+0530][gc,heap     ] GC(43) Survivor regions: 7->6(7)
[2025-03-28T19:21:49.233+0530][gc,heap     ] GC(43) Old regions: 41->48
[2025-03-28T19:21:49.233+0530][gc,heap     ] GC(43) Archive regions: 2->2
[2025-03-28T19:21:49.233+0530][gc,heap     ] GC(43) Humongous regions: 138->138
[2025-03-28T19:21:49.233+0530][gc,metaspace] GC(43) Metaspace: 48873K(49536K)->48873K(49536K) NonClass: 43232K(43584K)->43232K(43584K) Class: 5640K(5952K)->5640K(5952K)
[2025-03-28T19:21:49.233+0530][gc          ] GC(43) Pause Young (Normal) (G1 Evacuation Pause) 230M->192M(1024M) 38.479ms
[2025-03-28T19:21:49.233+0530][gc,cpu      ] GC(43) User=0.03s Sys=0.00s Real=0.04s
[2025-03-28T19:21:50.020+0530][gc,start    ] GC(44) Pause Young (Normal) (GCLocker Initiated GC)
[2025-03-28T19:21:50.905+0530][gc,task     ] GC(44) Using 2 workers of 2 for evacuation
[2025-03-28T19:21:51.738+0530][gc,mmu      ] GC(44) MMU target violated: 21.0ms (20.0ms/21.0ms)
[2025-03-28T19:21:51.738+0530][gc,phases   ] GC(44)   Pre Evacuate Collection Set: 0.9ms
[2025-03-28T19:21:51.738+0530][gc,phases   ] GC(44)   Merge Heap Roots: 0.3ms
[2025-03-28T19:21:51.739+0530][gc,phases   ] GC(44)   Evacuate Collection Set: 830.4ms
[2025-03-28T19:21:51.739+0530][gc,phases   ] GC(44)   Post Evacuate Collection Set: 1.0ms
[2025-03-28T19:21:51.739+0530][gc,phases   ] GC(44)   Other: 885.8ms
[2025-03-28T19:21:51.739+0530][gc,heap     ] GC(44) Eden regions: 48->0(49)
[2025-03-28T19:21:51.739+0530][gc,heap     ] GC(44) Survivor regions: 6->2(7)
[2025-03-28T19:21:51.739+0530][gc,heap     ] GC(44) Old regions: 48->54
[2025-03-28T19:21:51.739+0530][gc,heap     ] GC(44) Archive regions: 2->2
[2025-03-28T19:21:51.739+0530][gc,heap     ] GC(44) Humongous regions: 140->140
[2025-03-28T19:21:51.739+0530][gc,metaspace] GC(44) Metaspace: 48874K(49536K)->48874K(49536K) NonClass: 43234K(43584K)->43234K(43584K) Class: 5640K(5952K)->5640K(5952K)
[2025-03-28T19:21:51.739+0530][gc          ] GC(44) Pause Young (Normal) (GCLocker Initiated GC) 241M->196M(1024M) 1718.812ms
[2025-03-28T19:21:51.739+0530][gc,cpu      ] GC(44) User=0.76s Sys=0.04s Real=1.71s
[2025-03-28T19:21:56.424+0530][gc,start    ] GC(45) Pause Young (Normal) (G1 Evacuation Pause)
[2025-03-28T19:21:56.424+0530][gc,task     ] GC(45) Using 2 workers of 2 for evacuation
[2025-03-28T19:21:56.474+0530][gc,mmu      ] GC(45) MMU target violated: 21.0ms (20.0ms/21.0ms)
[2025-03-28T19:21:56.474+0530][gc,phases   ] GC(45)   Pre Evacuate Collection Set: 1.1ms
[2025-03-28T19:21:56.474+0530][gc,phases   ] GC(45)   Merge Heap Roots: 0.2ms
[2025-03-28T19:21:56.474+0530][gc,phases   ] GC(45)   Evacuate Collection Set: 44.6ms
[2025-03-28T19:21:56.474+0530][gc,phases   ] GC(45)   Post Evacuate Collection Set: 4.0ms
[2025-03-28T19:21:56.474+0530][gc,phases   ] GC(45)   Other: 0.4ms
[2025-03-28T19:21:56.474+0530][gc,heap     ] GC(45) Eden regions: 49->0(48)
[2025-03-28T19:21:56.474+0530][gc,heap     ] GC(45) Survivor regions: 2->3(7)
[2025-03-28T19:21:56.474+0530][gc,heap     ] GC(45) Old regions: 54->54
[2025-03-28T19:21:56.474+0530][gc,heap     ] GC(45) Archive regions: 2->2
[2025-03-28T19:21:56.474+0530][gc,heap     ] GC(45) Humongous regions: 142->138
[2025-03-28T19:21:56.474+0530][gc,metaspace] GC(45) Metaspace: 48913K(49600K)->48913K(49600K) NonClass: 43272K(43648K)->43272K(43648K) Class: 5640K(5952K)->5640K(5952K)
[2025-03-28T19:21:56.474+0530][gc          ] GC(45) Pause Young (Normal) (G1 Evacuation Pause) 247M->195M(1024M) 50.462ms
[2025-03-28T19:21:56.475+0530][gc,cpu      ] GC(45) User=0.02s Sys=0.00s Real=0.05s
[2025-03-28T19:21:58.888+0530][gc,start    ] GC(46) Pause Young (Normal) (G1 Evacuation Pause)
[2025-03-28T19:21:58.888+0530][gc,task     ] GC(46) Using 2 workers of 2 for evacuation
[2025-03-28T19:21:58.905+0530][gc,phases   ] GC(46)   Pre Evacuate Collection Set: 0.3ms
[2025-03-28T19:21:58.905+0530][gc,phases   ] GC(46)   Merge Heap Roots: 0.1ms
[2025-03-28T19:21:58.905+0530][gc,phases   ] GC(46)   Evacuate Collection Set: 14.7ms
[2025-03-28T19:21:58.905+0530][gc,phases   ] GC(46)   Post Evacuate Collection Set: 1.7ms
[2025-03-28T19:21:58.905+0530][gc,phases   ] GC(46)   Other: 0.2ms
[2025-03-28T19:21:58.905+0530][gc,heap     ] GC(46) Eden regions: 48->0(44)
[2025-03-28T19:21:58.905+0530][gc,heap     ] GC(46) Survivor regions: 3->7(7)
[2025-03-28T19:21:58.905+0530][gc,heap     ] GC(46) Old regions: 54->56
[2025-03-28T19:21:58.905+0530][gc,heap     ] GC(46) Archive regions: 2->2
[2025-03-28T19:21:58.905+0530][gc,heap     ] GC(46) Humongous regions: 138->138
[2025-03-28T19:21:58.905+0530][gc,metaspace] GC(46) Metaspace: 48923K(49600K)->48923K(49600K) NonClass: 43282K(43648K)->43282K(43648K) Class: 5640K(5952K)->5640K(5952K)
[2025-03-28T19:21:58.905+0530][gc          ] GC(46) Pause Young (Normal) (G1 Evacuation Pause) 243M->201M(1024M) 17.260ms
[2025-03-28T19:21:58.905+0530][gc,cpu      ] GC(46) User=0.01s Sys=0.00s Real=0.02s
[2025-03-28T19:21:59.027+0530][gc,start    ] GC(47) Pause Young (Normal) (G1 Evacuation Pause)
[2025-03-28T19:21:59.027+0530][gc,task     ] GC(47) Using 2 workers of 2 for evacuation
[2025-03-28T19:21:59.070+0530][gc,mmu      ] GC(47) MMU target violated: 21.0ms (20.0ms/21.0ms)
[2025-03-28T19:21:59.070+0530][gc,phases   ] GC(47)   Pre Evacuate Collection Set: 4.5ms
[2025-03-28T19:21:59.070+0530][gc,phases   ] GC(47)   Merge Heap Roots: 0.2ms
[2025-03-28T19:21:59.070+0530][gc,phases   ] GC(47)   Evacuate Collection Set: 34.0ms
[2025-03-28T19:21:59.070+0530][gc,phases   ] GC(47)   Post Evacuate Collection Set: 4.5ms
[2025-03-28T19:21:59.070+0530][gc,phases   ] GC(47)   Other: 0.2ms
[2025-03-28T19:21:59.071+0530][gc,heap     ] GC(47) Eden regions: 44->0(44)
[2025-03-28T19:21:59.071+0530][gc,heap     ] GC(47) Survivor regions: 7->7(7)
[2025-03-28T19:21:59.071+0530][gc,heap     ] GC(47) Old regions: 56->63
[2025-03-28T19:21:59.071+0530][gc,heap     ] GC(47) Archive regions: 2->2
[2025-03-28T19:21:59.071+0530][gc,heap     ] GC(47) Humongous regions: 138->138
[2025-03-28T19:21:59.071+0530][gc,metaspace] GC(47) Metaspace: 48929K(49600K)->48929K(49600K) NonClass: 43288K(43648K)->43288K(43648K) Class: 5640K(5952K)->5640K(5952K)
[2025-03-28T19:21:59.071+0530][gc          ] GC(47) Pause Young (Normal) (G1 Evacuation Pause) 245M->208M(1024M) 43.489ms
[2025-03-28T19:21:59.071+0530][gc,cpu      ] GC(47) User=0.02s Sys=0.00s Real=0.04s
[2025-03-28T19:21:59.211+0530][gc,start    ] GC(48) Pause Young (Normal) (G1 Evacuation Pause)
[2025-03-28T19:21:59.211+0530][gc,task     ] GC(48) Using 2 workers of 2 for evacuation
[2025-03-28T19:21:59.238+0530][gc,mmu      ] GC(48) MMU target violated: 21.0ms (20.0ms/21.0ms)
[2025-03-28T19:21:59.238+0530][gc,phases   ] GC(48)   Pre Evacuate Collection Set: 0.2ms
[2025-03-28T19:21:59.238+0530][gc,phases   ] GC(48)   Merge Heap Roots: 0.1ms
[2025-03-28T19:21:59.238+0530][gc,phases   ] GC(48)   Evacuate Collection Set: 22.7ms
[2025-03-28T19:21:59.238+0530][gc,phases   ] GC(48)   Post Evacuate Collection Set: 4.2ms
[2025-03-28T19:21:59.238+0530][gc,phases   ] GC(48)   Other: 0.2ms
[2025-03-28T19:21:59.238+0530][gc,heap     ] GC(48) Eden regions: 44->0(48)
[2025-03-28T19:21:59.238+0530][gc,heap     ] GC(48) Survivor regions: 7->3(7)
[2025-03-28T19:21:59.238+0530][gc,heap     ] GC(48) Old regions: 63->69
[2025-03-28T19:21:59.238+0530][gc,heap     ] GC(48) Archive regions: 2->2
[2025-03-28T19:21:59.238+0530][gc,heap     ] GC(48) Humongous regions: 140->140
[2025-03-28T19:21:59.238+0530][gc,metaspace] GC(48) Metaspace: 48929K(49600K)->48929K(49600K) NonClass: 43288K(43648K)->43288K(43648K) Class: 5640K(5952K)->5640K(5952K)
[2025-03-28T19:21:59.238+0530][gc          ] GC(48) Pause Young (Normal) (G1 Evacuation Pause) 254M->212M(1024M) 27.483ms
[2025-03-28T19:21:59.238+0530][gc,cpu      ] GC(48) User=0.02s Sys=0.00s Real=0.03s
[2025-03-28T19:21:59.336+0530][gc,start    ] GC(49) Pause Young (Normal) (G1 Evacuation Pause)
[2025-03-28T19:21:59.336+0530][gc,task     ] GC(49) Using 2 workers of 2 for evacuation
[2025-03-28T19:21:59.349+0530][gc,phases   ] GC(49)   Pre Evacuate Collection Set: 3.9ms
[2025-03-28T19:21:59.349+0530][gc,phases   ] GC(49)   Merge Heap Roots: 0.1ms
[2025-03-28T19:21:59.349+0530][gc,phases   ] GC(49)   Evacuate Collection Set: 7.9ms
[2025-03-28T19:21:59.349+0530][gc,phases   ] GC(49)   Post Evacuate Collection Set: 0.5ms
[2025-03-28T19:21:59.349+0530][gc,phases   ] GC(49)   Other: 0.1ms
[2025-03-28T19:21:59.349+0530][gc,heap     ] GC(49) Eden regions: 48->0(48)
[2025-03-28T19:21:59.349+0530][gc,heap     ] GC(49) Survivor regions: 3->3(7)
[2025-03-28T19:21:59.349+0530][gc,heap     ] GC(49) Old regions: 69->69
[2025-03-28T19:21:59.349+0530][gc,heap     ] GC(49) Archive regions: 2->2
[2025-03-28T19:21:59.349+0530][gc,heap     ] GC(49) Humongous regions: 142->140
[2025-03-28T19:21:59.349+0530][gc,metaspace] GC(49) Metaspace: 48933K(49600K)->48933K(49600K) NonClass: 43293K(43648K)->43293K(43648K) Class: 5640K(5952K)->5640K(5952K)
[2025-03-28T19:21:59.349+0530][gc          ] GC(49) Pause Young (Normal) (G1 Evacuation Pause) 262M->212M(1024M) 12.749ms
[2025-03-28T19:21:59.349+0530][gc,cpu      ] GC(49) User=0.00s Sys=0.00s Real=0.00s
[2025-03-28T19:22:03.643+0530][gc,start    ] GC(50) Pause Young (Normal) (G1 Evacuation Pause)
[2025-03-28T19:22:03.643+0530][gc,task     ] GC(50) Using 2 workers of 2 for evacuation
[2025-03-28T19:22:03.650+0530][gc,start    ] GC(39) Pause Young (Normal) (G1 Evacuation Pause)
[2025-03-28T19:22:03.650+0530][gc,task     ] GC(39) Using 2 workers of 2 for evacuation
[2025-03-28T19:22:03.661+0530][gc,phases   ] GC(50)   Pre Evacuate Collection Set: 0.2ms
[2025-03-28T19:22:03.661+0530][gc,phases   ] GC(50)   Merge Heap Roots: 0.2ms
[2025-03-28T19:22:03.661+0530][gc,phases   ] GC(50)   Evacuate Collection Set: 16.7ms
[2025-03-28T19:22:03.661+0530][gc,phases   ] GC(50)   Post Evacuate Collection Set: 0.7ms
[2025-03-28T19:22:03.661+0530][gc,phases   ] GC(50)   Other: 0.2ms
[2025-03-28T19:22:03.661+0530][gc,heap     ] GC(50) Eden regions: 48->0(44)
[2025-03-28T19:22:03.661+0530][gc,heap     ] GC(50) Survivor regions: 3->7(7)
[2025-03-28T19:22:03.661+0530][gc,heap     ] GC(50) Old regions: 69->71
[2025-03-28T19:22:03.661+0530][gc,heap     ] GC(50) Archive regions: 2->2
[2025-03-28T19:22:03.661+0530][gc,heap     ] GC(50) Humongous regions: 140->138
[2025-03-28T19:22:03.661+0530][gc,metaspace] GC(50) Metaspace: 49056K(49728K)->49056K(49728K) NonClass: 43415K(43776K)->43415K(43776K) Class: 5640K(5952K)->5640K(5952K)
[2025-03-28T19:22:03.661+0530][gc          ] GC(50) Pause Young (Normal) (G1 Evacuation Pause) 260M->216M(1024M) 18.009ms
[2025-03-28T19:22:03.661+0530][gc,cpu      ] GC(50) User=0.02s Sys=0.00s Real=0.02s
[2025-03-28T19:22:03.668+0530][gc,phases   ] GC(39)   Pre Evacuate Collection Set: 0.3ms
[2025-03-28T19:22:03.668+0530][gc,phases   ] GC(39)   Merge Heap Roots: 0.2ms
[2025-03-28T19:22:03.668+0530][gc,phases   ] GC(39)   Evacuate Collection Set: 15.9ms
[2025-03-28T19:22:03.668+0530][gc,phases   ] GC(39)   Post Evacuate Collection Set: 1.0ms
[2025-03-28T19:22:03.668+0530][gc,phases   ] GC(39)   Other: 0.2ms
[2025-03-28T19:22:03.668+0530][gc,heap     ] GC(39) Eden regions: 611->0(611)
[2025-03-28T19:22:03.668+0530][gc,heap     ] GC(39) Survivor regions: 3->3(77)
[2025-03-28T19:22:03.668+0530][gc,heap     ] GC(39) Old regions: 38->38
[2025-03-28T19:22:03.668+0530][gc,heap     ] GC(39) Archive regions: 2->2
[2025-03-28T19:22:03.668+0530][gc,heap     ] GC(39) Humongous regions: 164->147
[2025-03-28T19:22:03.668+0530][gc,metaspace] GC(39) Metaspace: 48928K(49536K)->48928K(49536K) NonClass: 43315K(43648K)->43315K(43648K) Class: 5613K(5888K)->5613K(5888K)
[2025-03-28T19:22:03.668+0530][gc          ] GC(39) Pause Young (Normal) (G1 Evacuation Pause) 816M->187M(1024M) 17.816ms
[2025-03-28T19:22:03.668+0530][gc,cpu      ] GC(39) User=0.02s Sys=0.00s Real=0.01s
[2025-03-28T19:22:03.766+0530][gc,start    ] GC(51) Pause Young (Normal) (G1 Evacuation Pause)
[2025-03-28T19:22:03.766+0530][gc,task     ] GC(51) Using 2 workers of 2 for evacuation
[2025-03-28T19:22:03.774+0530][gc,phases   ] GC(51)   Pre Evacuate Collection Set: 0.2ms
[2025-03-28T19:22:03.774+0530][gc,phases   ] GC(51)   Merge Heap Roots: 0.1ms
[2025-03-28T19:22:03.774+0530][gc,phases   ] GC(51)   Evacuate Collection Set: 6.9ms
[2025-03-28T19:22:03.774+0530][gc,phases   ] GC(51)   Post Evacuate Collection Set: 0.4ms
[2025-03-28T19:22:03.774+0530][gc,phases   ] GC(51)   Other: 0.2ms
[2025-03-28T19:22:03.774+0530][gc,heap     ] GC(51) Eden regions: 44->0(49)
[2025-03-28T19:22:03.774+0530][gc,heap     ] GC(51) Survivor regions: 7->2(7)
[2025-03-28T19:22:03.774+0530][gc,heap     ] GC(51) Old regions: 71->74
[2025-03-28T19:22:03.774+0530][gc,heap     ] GC(51) Archive regions: 2->2
[2025-03-28T19:22:03.774+0530][gc,heap     ] GC(51) Humongous regions: 140->140
[2025-03-28T19:22:03.774+0530][gc,metaspace] GC(51) Metaspace: 49059K(49728K)->49059K(49728K) NonClass: 43418K(43776K)->43418K(43776K) Class: 5640K(5952K)->5640K(5952K)
[2025-03-28T19:22:03.774+0530][gc          ] GC(51) Pause Young (Normal) (G1 Evacuation Pause) 262M->216M(1024M) 7.871ms
[2025-03-28T19:22:03.774+0530][gc,cpu      ] GC(51) User=0.01s Sys=0.00s Real=0.00s
[2025-03-28T19:22:11.683+0530][gc,start    ] GC(52) Pause Young (Normal) (G1 Evacuation Pause)
[2025-03-28T19:22:12.023+0530][gc,task     ] GC(52) Using 2 workers of 2 for evacuation
[2025-03-28T19:22:12.077+0530][gc,mmu      ] GC(52) MMU target violated: 21.0ms (20.0ms/21.0ms)
[2025-03-28T19:22:12.077+0530][gc,phases   ] GC(52)   Pre Evacuate Collection Set: 1.8ms
[2025-03-28T19:22:12.077+0530][gc,phases   ] GC(52)   Merge Heap Roots: 0.4ms
[2025-03-28T19:22:12.077+0530][gc,phases   ] GC(52)   Evacuate Collection Set: 48.0ms
[2025-03-28T19:22:12.077+0530][gc,phases   ] GC(52)   Post Evacuate Collection Set: 3.0ms
[2025-03-28T19:22:12.077+0530][gc,phases   ] GC(52)   Other: 340.4ms
[2025-03-28T19:22:12.077+0530][gc,heap     ] GC(52) Eden regions: 49->0(46)
[2025-03-28T19:22:12.078+0530][gc,heap     ] GC(52) Survivor regions: 2->5(7)
[2025-03-28T19:22:12.078+0530][gc,heap     ] GC(52) Old regions: 74->74
[2025-03-28T19:22:12.078+0530][gc,heap     ] GC(52) Archive regions: 2->2
[2025-03-28T19:22:12.078+0530][gc,heap     ] GC(52) Humongous regions: 140->138
[2025-03-28T19:22:12.078+0530][gc,metaspace] GC(52) Metaspace: 49110K(49792K)->49110K(49792K) NonClass: 43469K(43840K)->43469K(43840K) Class: 5640K(5952K)->5640K(5952K)
[2025-03-28T19:22:12.078+0530][gc          ] GC(52) Pause Young (Normal) (G1 Evacuation Pause) 265M->217M(1024M) 394.741ms
[2025-03-28T19:22:12.078+0530][gc,cpu      ] GC(52) User=0.04s Sys=0.01s Real=0.40s
[2025-03-28T19:22:12.341+0530][gc,start    ] GC(53) Pause Young (Normal) (G1 Evacuation Pause)
[2025-03-28T19:22:12.341+0530][gc,task     ] GC(53) Using 2 workers of 2 for evacuation
[2025-03-28T19:22:12.348+0530][gc,phases   ] GC(53)   Pre Evacuate Collection Set: 0.2ms
[2025-03-28T19:22:12.348+0530][gc,phases   ] GC(53)   Merge Heap Roots: 0.1ms
[2025-03-28T19:22:12.348+0530][gc,phases   ] GC(53)   Evacuate Collection Set: 6.3ms
[2025-03-28T19:22:12.348+0530][gc,phases   ] GC(53)   Post Evacuate Collection Set: 0.6ms
[2025-03-28T19:22:12.348+0530][gc,phases   ] GC(53)   Other: 0.2ms
[2025-03-28T19:22:12.348+0530][gc,heap     ] GC(53) Eden regions: 46->0(49)
[2025-03-28T19:22:12.348+0530][gc,heap     ] GC(53) Survivor regions: 5->2(7)
[2025-03-28T19:22:12.348+0530][gc,heap     ] GC(53) Old regions: 74->75
[2025-03-28T19:22:12.348+0530][gc,heap     ] GC(53) Archive regions: 2->2
[2025-03-28T19:22:12.348+0530][gc,heap     ] GC(53) Humongous regions: 140->140
[2025-03-28T19:22:12.349+0530][gc,metaspace] GC(53) Metaspace: 49114K(49792K)->49114K(49792K) NonClass: 43474K(43840K)->43474K(43840K) Class: 5640K(5952K)->5640K(5952K)
[2025-03-28T19:22:12.349+0530][gc          ] GC(53) Pause Young (Normal) (G1 Evacuation Pause) 265M->217M(1024M) 7.559ms
[2025-03-28T19:22:12.349+0530][gc,cpu      ] GC(53) User=0.01s Sys=0.00s Real=0.01s
[2025-03-28T19:22:13.729+0530][gc,start    ] GC(54) Pause Young (Normal) (G1 Evacuation Pause)
[2025-03-28T19:22:13.729+0530][gc,task     ] GC(54) Using 2 workers of 2 for evacuation
[2025-03-28T19:22:13.737+0530][gc,phases   ] GC(54)   Pre Evacuate Collection Set: 0.2ms
[2025-03-28T19:22:13.737+0530][gc,phases   ] GC(54)   Merge Heap Roots: 0.1ms
[2025-03-28T19:22:13.737+0530][gc,phases   ] GC(54)   Evacuate Collection Set: 7.8ms
[2025-03-28T19:22:13.737+0530][gc,phases   ] GC(54)   Post Evacuate Collection Set: 0.5ms
[2025-03-28T19:22:13.737+0530][gc,phases   ] GC(54)   Other: 0.2ms
[2025-03-28T19:22:13.737+0530][gc,heap     ] GC(54) Eden regions: 49->0(46)
[2025-03-28T19:22:13.737+0530][gc,heap     ] GC(54) Survivor regions: 2->5(7)
[2025-03-28T19:22:13.737+0530][gc,heap     ] GC(54) Old regions: 75->75
[2025-03-28T19:22:13.737+0530][gc,heap     ] GC(54) Archive regions: 2->2
[2025-03-28T19:22:13.737+0530][gc,heap     ] GC(54) Humongous regions: 140->138
[2025-03-28T19:22:13.737+0530][gc,metaspace] GC(54) Metaspace: 49122K(49792K)->49122K(49792K) NonClass: 43481K(43840K)->43481K(43840K) Class: 5640K(5952K)->5640K(5952K)
[2025-03-28T19:22:13.737+0530][gc          ] GC(54) Pause Young (Normal) (G1 Evacuation Pause) 266M->217M(1024M) 8.876ms
[2025-03-28T19:22:13.737+0530][gc,cpu      ] GC(54) User=0.01s Sys=0.00s Real=0.01s
[2025-03-28T19:22:13.851+0530][gc,start    ] GC(55) Pause Young (Normal) (G1 Evacuation Pause)
[2025-03-28T19:22:13.851+0530][gc,task     ] GC(55) Using 2 workers of 2 for evacuation
[2025-03-28T19:22:13.861+0530][gc,phases   ] GC(55)   Pre Evacuate Collection Set: 0.2ms
[2025-03-28T19:22:13.861+0530][gc,phases   ] GC(55)   Merge Heap Roots: 0.1ms
[2025-03-28T19:22:13.861+0530][gc,phases   ] GC(55)   Evacuate Collection Set: 4.8ms
[2025-03-28T19:22:13.861+0530][gc,phases   ] GC(55)   Post Evacuate Collection Set: 4.7ms
[2025-03-28T19:22:13.861+0530][gc,phases   ] GC(55)   Other: 0.2ms
[2025-03-28T19:22:13.861+0530][gc,heap     ] GC(55) Eden regions: 46->0(92)
[2025-03-28T19:22:13.861+0530][gc,heap     ] GC(55) Survivor regions: 5->2(7)
[2025-03-28T19:22:13.861+0530][gc,heap     ] GC(55) Old regions: 75->76
[2025-03-28T19:22:13.861+0530][gc,heap     ] GC(55) Archive regions: 2->2
[2025-03-28T19:22:13.861+0530][gc,heap     ] GC(55) Humongous regions: 140->140
[2025-03-28T19:22:13.861+0530][gc,metaspace] GC(55) Metaspace: 49122K(49792K)->49122K(49792K) NonClass: 43482K(43840K)->43482K(43840K) Class: 5640K(5952K)->5640K(5952K)
[2025-03-28T19:22:13.861+0530][gc          ] GC(55) Pause Young (Normal) (G1 Evacuation Pause) 265M->218M(1024M) 10.039ms
[2025-03-28T19:22:13.861+0530][gc,cpu      ] GC(55) User=0.01s Sys=0.00s Real=0.01s
[2025-03-28T19:22:21.778+0530][gc,start    ] GC(56) Pause Young (Normal) (G1 Evacuation Pause)
[2025-03-28T19:22:21.778+0530][gc,task     ] GC(56) Using 2 workers of 2 for evacuation
[2025-03-28T19:22:21.788+0530][gc,phases   ] GC(56)   Pre Evacuate Collection Set: 0.4ms
[2025-03-28T19:22:21.788+0530][gc,phases   ] GC(56)   Merge Heap Roots: 0.1ms
[2025-03-28T19:22:21.788+0530][gc,phases   ] GC(56)   Evacuate Collection Set: 8.8ms
[2025-03-28T19:22:21.788+0530][gc,phases   ] GC(56)   Post Evacuate Collection Set: 0.6ms
[2025-03-28T19:22:21.788+0530][gc,phases   ] GC(56)   Other: 0.2ms
[2025-03-28T19:22:21.788+0530][gc,heap     ] GC(56) Eden regions: 92->0(134)
[2025-03-28T19:22:21.788+0530][gc,heap     ] GC(56) Survivor regions: 2->3(12)
[2025-03-28T19:22:21.788+0530][gc,heap     ] GC(56) Old regions: 76->76
[2025-03-28T19:22:21.788+0530][gc,heap     ] GC(56) Archive regions: 2->2
[2025-03-28T19:22:21.788+0530][gc,heap     ] GC(56) Humongous regions: 142->140
[2025-03-28T19:22:21.788+0530][gc,metaspace] GC(56) Metaspace: 49194K(49856K)->49194K(49856K) NonClass: 43552K(43904K)->43552K(43904K) Class: 5641K(5952K)->5641K(5952K)
[2025-03-28T19:22:21.788+0530][gc          ] GC(56) Pause Young (Normal) (G1 Evacuation Pause) 312M->218M(1024M) 10.224ms
[2025-03-28T19:22:21.788+0530][gc,cpu      ] GC(56) User=0.01s Sys=0.01s Real=0.02s
[2025-03-28T19:22:31.476+0530][gc,start    ] GC(57) Pause Young (Normal) (G1 Evacuation Pause)
[2025-03-28T19:22:31.477+0530][gc,task     ] GC(57) Using 2 workers of 2 for evacuation
[2025-03-28T19:22:31.590+0530][gc,mmu      ] GC(57) MMU target violated: 21.0ms (20.0ms/21.0ms)
[2025-03-28T19:22:31.590+0530][gc,phases   ] GC(57)   Pre Evacuate Collection Set: 4.8ms
[2025-03-28T19:22:31.590+0530][gc,phases   ] GC(57)   Merge Heap Roots: 0.8ms
[2025-03-28T19:22:31.590+0530][gc,phases   ] GC(57)   Evacuate Collection Set: 72.4ms
[2025-03-28T19:22:31.590+0530][gc,phases   ] GC(57)   Post Evacuate Collection Set: 34.8ms
[2025-03-28T19:22:31.590+0530][gc,phases   ] GC(57)   Other: 0.8ms
[2025-03-28T19:22:31.590+0530][gc,heap     ] GC(57) Eden regions: 134->0(49)
[2025-03-28T19:22:31.590+0530][gc,heap     ] GC(57) Survivor regions: 3->2(18)
[2025-03-28T19:22:31.590+0530][gc,heap     ] GC(57) Old regions: 76->76
[2025-03-28T19:22:31.590+0530][gc,heap     ] GC(57) Archive regions: 2->2
[2025-03-28T19:22:31.590+0530][gc,heap     ] GC(57) Humongous regions: 142->138
[2025-03-28T19:22:31.590+0530][gc,metaspace] GC(57) Metaspace: 49225K(49856K)->49225K(49856K) NonClass: 43583K(43904K)->43583K(43904K) Class: 5641K(5952K)->5641K(5952K)
[2025-03-28T19:22:31.590+0530][gc          ] GC(57) Pause Young (Normal) (G1 Evacuation Pause) 354M->216M(1024M) 114.054ms
[2025-03-28T19:22:31.591+0530][gc,cpu      ] GC(57) User=0.02s Sys=0.00s Real=0.11s
[2025-03-28T19:22:31.637+0530][gc,start    ] GC(40) Pause Young (Normal) (G1 Evacuation Pause)
[2025-03-28T19:22:31.637+0530][gc,task     ] GC(40) Using 2 workers of 2 for evacuation
[2025-03-28T19:22:31.791+0530][gc,mmu      ] GC(40) MMU target violated: 21.0ms (20.0ms/21.0ms)
[2025-03-28T19:22:31.791+0530][gc,phases   ] GC(40)   Pre Evacuate Collection Set: 0.5ms
[2025-03-28T19:22:31.791+0530][gc,phases   ] GC(40)   Merge Heap Roots: 19.0ms
[2025-03-28T19:22:31.791+0530][gc,phases   ] GC(40)   Evacuate Collection Set: 122.0ms
[2025-03-28T19:22:31.792+0530][gc,phases   ] GC(40)   Post Evacuate Collection Set: 11.7ms
[2025-03-28T19:22:31.792+0530][gc,phases   ] GC(40)   Other: 1.5ms
[2025-03-28T19:22:31.792+0530][gc,heap     ] GC(40) Eden regions: 611->0(45)
[2025-03-28T19:22:31.792+0530][gc,heap     ] GC(40) Survivor regions: 3->6(77)
[2025-03-28T19:22:31.792+0530][gc,heap     ] GC(40) Old regions: 38->38
[2025-03-28T19:22:31.792+0530][gc,heap     ] GC(40) Archive regions: 2->2
[2025-03-28T19:22:31.792+0530][gc,heap     ] GC(40) Humongous regions: 159->147
[2025-03-28T19:22:31.792+0530][gc,metaspace] GC(40) Metaspace: 48999K(49600K)->48999K(49600K) NonClass: 43386K(43712K)->43386K(43712K) Class: 5613K(5888K)->5613K(5888K)
[2025-03-28T19:22:31.792+0530][gc          ] GC(40) Pause Young (Normal) (G1 Evacuation Pause) 810M->190M(1024M) 154.879ms
[2025-03-28T19:22:31.792+0530][gc,cpu      ] GC(40) User=0.04s Sys=0.01s Real=0.15s
[2025-03-28T19:22:31.820+0530][gc,start    ] GC(58) Pause Young (Normal) (G1 Evacuation Pause)
[2025-03-28T19:22:31.821+0530][gc,task     ] GC(58) Using 2 workers of 2 for evacuation
[2025-03-28T19:22:31.826+0530][gc,phases   ] GC(58)   Pre Evacuate Collection Set: 0.2ms
[2025-03-28T19:22:31.827+0530][gc,phases   ] GC(58)   Merge Heap Roots: 0.1ms
[2025-03-28T19:22:31.827+0530][gc,phases   ] GC(58)   Evacuate Collection Set: 5.1ms
[2025-03-28T19:22:31.827+0530][gc,phases   ] GC(58)   Post Evacuate Collection Set: 0.5ms
[2025-03-28T19:22:31.827+0530][gc,phases   ] GC(58)   Other: 0.1ms
[2025-03-28T19:22:31.827+0530][gc,heap     ] GC(58) Eden regions: 49->0(48)
[2025-03-28T19:22:31.827+0530][gc,heap     ] GC(58) Survivor regions: 2->3(7)
[2025-03-28T19:22:31.827+0530][gc,heap     ] GC(58) Old regions: 76->76
[2025-03-28T19:22:31.827+0530][gc,heap     ] GC(58) Archive regions: 2->2
[2025-03-28T19:22:31.827+0530][gc,heap     ] GC(58) Humongous regions: 140->140
[2025-03-28T19:22:31.827+0530][gc,metaspace] GC(58) Metaspace: 49226K(49856K)->49226K(49856K) NonClass: 43585K(43904K)->43585K(43904K) Class: 5641K(5952K)->5641K(5952K)
[2025-03-28T19:22:31.827+0530][gc          ] GC(58) Pause Young (Normal) (G1 Evacuation Pause) 267M->219M(1024M) 6.137ms
[2025-03-28T19:22:31.827+0530][gc,cpu      ] GC(58) User=0.01s Sys=0.00s Real=0.00s
[2025-03-28T19:22:31.962+0530][gc,start    ] GC(41) Pause Young (Normal) (G1 Evacuation Pause)
[2025-03-28T19:22:31.962+0530][gc,task     ] GC(41) Using 2 workers of 2 for evacuation
[2025-03-28T19:22:31.971+0530][gc,phases   ] GC(41)   Pre Evacuate Collection Set: 0.4ms
[2025-03-28T19:22:31.971+0530][gc,phases   ] GC(41)   Merge Heap Roots: 0.2ms
[2025-03-28T19:22:31.971+0530][gc,phases   ] GC(41)   Evacuate Collection Set: 7.9ms
[2025-03-28T19:22:31.971+0530][gc,phases   ] GC(41)   Post Evacuate Collection Set: 0.4ms
[2025-03-28T19:22:31.971+0530][gc,phases   ] GC(41)   Other: 0.2ms
[2025-03-28T19:22:31.971+0530][gc,heap     ] GC(41) Eden regions: 45->0(49)
[2025-03-28T19:22:31.971+0530][gc,heap     ] GC(41) Survivor regions: 6->2(7)
[2025-03-28T19:22:31.971+0530][gc,heap     ] GC(41) Old regions: 38->39
[2025-03-28T19:22:31.971+0530][gc,heap     ] GC(41) Archive regions: 2->2
[2025-03-28T19:22:31.971+0530][gc,heap     ] GC(41) Humongous regions: 149->149
[2025-03-28T19:22:31.971+0530][gc,metaspace] GC(41) Metaspace: 49000K(49600K)->49000K(49600K) NonClass: 43386K(43712K)->43386K(43712K) Class: 5613K(5888K)->5613K(5888K)
[2025-03-28T19:22:31.971+0530][gc          ] GC(41) Pause Young (Normal) (G1 Evacuation Pause) 237M->190M(1024M) 9.195ms
[2025-03-28T19:22:31.971+0530][gc,cpu      ] GC(41) User=0.01s Sys=0.00s Real=0.02s
[2025-03-28T19:22:33.595+0530][gc,start    ] GC(59) Pause Young (Normal) (G1 Evacuation Pause)
[2025-03-28T19:22:33.595+0530][gc,task     ] GC(59) Using 2 workers of 2 for evacuation
[2025-03-28T19:22:33.611+0530][gc,phases   ] GC(59)   Pre Evacuate Collection Set: 0.8ms
[2025-03-28T19:22:33.611+0530][gc,phases   ] GC(59)   Merge Heap Roots: 0.4ms
[2025-03-28T19:22:33.611+0530][gc,phases   ] GC(59)   Evacuate Collection Set: 10.9ms
[2025-03-28T19:22:33.611+0530][gc,phases   ] GC(59)   Post Evacuate Collection Set: 3.7ms
[2025-03-28T19:22:33.611+0530][gc,phases   ] GC(59)   Other: 0.7ms
[2025-03-28T19:22:33.611+0530][gc,heap     ] GC(59) Eden regions: 48->0(49)
[2025-03-28T19:22:33.611+0530][gc,heap     ] GC(59) Survivor regions: 3->2(7)
[2025-03-28T19:22:33.611+0530][gc,heap     ] GC(59) Old regions: 76->76
[2025-03-28T19:22:33.611+0530][gc,heap     ] GC(59) Archive regions: 2->2
[2025-03-28T19:22:33.611+0530][gc,heap     ] GC(59) Humongous regions: 140->138
[2025-03-28T19:22:33.612+0530][gc,metaspace] GC(59) Metaspace: 49229K(49856K)->49229K(49856K) NonClass: 43587K(43904K)->43587K(43904K) Class: 5641K(5952K)->5641K(5952K)
[2025-03-28T19:22:33.612+0530][gc          ] GC(59) Pause Young (Normal) (G1 Evacuation Pause) 267M->216M(1024M) 17.099ms
[2025-03-28T19:22:33.612+0530][gc,cpu      ] GC(59) User=0.03s Sys=0.00s Real=0.02s
[2025-03-28T19:22:33.795+0530][gc,start    ] GC(60) Pause Young (Normal) (G1 Evacuation Pause)
[2025-03-28T19:22:33.795+0530][gc,task     ] GC(60) Using 2 workers of 2 for evacuation
[2025-03-28T19:22:33.805+0530][gc,phases   ] GC(60)   Pre Evacuate Collection Set: 0.7ms
[2025-03-28T19:22:33.805+0530][gc,phases   ] GC(60)   Merge Heap Roots: 0.2ms
[2025-03-28T19:22:33.805+0530][gc,phases   ] GC(60)   Evacuate Collection Set: 7.8ms
[2025-03-28T19:22:33.805+0530][gc,phases   ] GC(60)   Post Evacuate Collection Set: 0.7ms
[2025-03-28T19:22:33.805+0530][gc,phases   ] GC(60)   Other: 0.2ms
[2025-03-28T19:22:33.805+0530][gc,heap     ] GC(60) Eden regions: 49->0(48)
[2025-03-28T19:22:33.805+0530][gc,heap     ] GC(60) Survivor regions: 2->3(7)
[2025-03-28T19:22:33.805+0530][gc,heap     ] GC(60) Old regions: 76->76
[2025-03-28T19:22:33.805+0530][gc,heap     ] GC(60) Archive regions: 2->2
[2025-03-28T19:22:33.805+0530][gc,heap     ] GC(60) Humongous regions: 140->140
[2025-03-28T19:22:33.805+0530][gc,metaspace] GC(60) Metaspace: 49229K(49856K)->49229K(49856K) NonClass: 43587K(43904K)->43587K(43904K) Class: 5641K(5952K)->5641K(5952K)
[2025-03-28T19:22:33.805+0530][gc          ] GC(60) Pause Young (Normal) (G1 Evacuation Pause) 267M->219M(1024M) 9.774ms
[2025-03-28T19:22:33.805+0530][gc,cpu      ] GC(60) User=0.01s Sys=0.00s Real=0.01s
[2025-03-28T19:22:34.847+0530][gc,start    ] GC(42) Pause Young (Normal) (G1 Evacuation Pause)
[2025-03-28T19:22:34.847+0530][gc,task     ] GC(42) Using 2 workers of 2 for evacuation
[2025-03-28T19:22:34.877+0530][gc,mmu      ] GC(42) MMU target violated: 21.0ms (20.0ms/21.0ms)
[2025-03-28T19:22:34.878+0530][gc,phases   ] GC(42)   Pre Evacuate Collection Set: 0.7ms
[2025-03-28T19:22:34.878+0530][gc,phases   ] GC(42)   Merge Heap Roots: 0.8ms
[2025-03-28T19:22:34.878+0530][gc,phases   ] GC(42)   Evacuate Collection Set: 26.0ms
[2025-03-28T19:22:34.878+0530][gc,phases   ] GC(42)   Post Evacuate Collection Set: 2.6ms
[2025-03-28T19:22:34.878+0530][gc,phases   ] GC(42)   Other: 0.8ms
[2025-03-28T19:22:34.878+0530][gc,heap     ] GC(42) Eden regions: 49->0(46)
[2025-03-28T19:22:34.878+0530][gc,heap     ] GC(42) Survivor regions: 2->5(7)
[2025-03-28T19:22:34.878+0530][gc,heap     ] GC(42) Old regions: 39->39
[2025-03-28T19:22:34.878+0530][gc,heap     ] GC(42) Archive regions: 2->2
[2025-03-28T19:22:34.878+0530][gc,heap     ] GC(42) Humongous regions: 149->147
[2025-03-28T19:22:34.878+0530][gc,metaspace] GC(42) Metaspace: 49007K(49600K)->49007K(49600K) NonClass: 43393K(43712K)->43393K(43712K) Class: 5613K(5888K)->5613K(5888K)
[2025-03-28T19:22:34.878+0530][gc          ] GC(42) Pause Young (Normal) (G1 Evacuation Pause) 239M->190M(1024M) 31.266ms
[2025-03-28T19:22:34.878+0530][gc,cpu      ] GC(42) User=0.05s Sys=0.00s Real=0.03s
[2025-03-28T19:22:35.044+0530][gc,start    ] GC(43) Pause Young (Normal) (G1 Evacuation Pause)
[2025-03-28T19:22:35.044+0530][gc,task     ] GC(43) Using 2 workers of 2 for evacuation
[2025-03-28T19:22:35.050+0530][gc,phases   ] GC(43)   Pre Evacuate Collection Set: 0.2ms
[2025-03-28T19:22:35.050+0530][gc,phases   ] GC(43)   Merge Heap Roots: 0.1ms
[2025-03-28T19:22:35.050+0530][gc,phases   ] GC(43)   Evacuate Collection Set: 4.2ms
[2025-03-28T19:22:35.050+0530][gc,phases   ] GC(43)   Post Evacuate Collection Set: 0.6ms
[2025-03-28T19:22:35.050+0530][gc,phases   ] GC(43)   Other: 0.2ms
[2025-03-28T19:22:35.050+0530][gc,heap     ] GC(43) Eden regions: 46->0(49)
[2025-03-28T19:22:35.050+0530][gc,heap     ] GC(43) Survivor regions: 5->2(7)
[2025-03-28T19:22:35.050+0530][gc,heap     ] GC(43) Old regions: 39->40
[2025-03-28T19:22:35.050+0530][gc,heap     ] GC(43) Archive regions: 2->2
[2025-03-28T19:22:35.050+0530][gc,heap     ] GC(43) Humongous regions: 149->149
[2025-03-28T19:22:35.050+0530][gc,metaspace] GC(43) Metaspace: 49007K(49600K)->49007K(49600K) NonClass: 43393K(43712K)->43393K(43712K) Class: 5613K(5888K)->5613K(5888K)
[2025-03-28T19:22:35.050+0530][gc          ] GC(43) Pause Young (Normal) (G1 Evacuation Pause) 238M->191M(1024M) 5.496ms
[2025-03-28T19:22:35.050+0530][gc,cpu      ] GC(43) User=0.01s Sys=0.00s Real=0.01s
[2025-03-28T19:22:41.446+0530][gc,start    ] GC(61) Pause Young (Normal) (G1 Evacuation Pause)
[2025-03-28T19:22:41.446+0530][gc,task     ] GC(61) Using 2 workers of 2 for evacuation
[2025-03-28T19:22:41.471+0530][gc,mmu      ] GC(61) MMU target violated: 21.0ms (20.0ms/21.0ms)
[2025-03-28T19:22:41.472+0530][gc,phases   ] GC(61)   Pre Evacuate Collection Set: 0.6ms
[2025-03-28T19:22:41.472+0530][gc,phases   ] GC(61)   Merge Heap Roots: 0.3ms
[2025-03-28T19:22:41.472+0530][gc,phases   ] GC(61)   Evacuate Collection Set: 22.5ms
[2025-03-28T19:22:41.472+0530][gc,phases   ] GC(61)   Post Evacuate Collection Set: 2.1ms
[2025-03-28T19:22:41.472+0530][gc,phases   ] GC(61)   Other: 0.7ms
[2025-03-28T19:22:41.472+0530][gc,heap     ] GC(61) Eden regions: 48->0(49)
[2025-03-28T19:22:41.472+0530][gc,heap     ] GC(61) Survivor regions: 3->2(7)
[2025-03-28T19:22:41.472+0530][gc,heap     ] GC(61) Old regions: 76->76
[2025-03-28T19:22:41.472+0530][gc,heap     ] GC(61) Archive regions: 2->2
[2025-03-28T19:22:41.472+0530][gc,heap     ] GC(61) Humongous regions: 140->138
[2025-03-28T19:22:41.472+0530][gc,metaspace] GC(61) Metaspace: 49239K(49856K)->49239K(49856K) NonClass: 43598K(43904K)->43598K(43904K) Class: 5641K(5952K)->5641K(5952K)
[2025-03-28T19:22:41.472+0530][gc          ] GC(61) Pause Young (Normal) (G1 Evacuation Pause) 267M->216M(1024M) 26.738ms
[2025-03-28T19:22:41.472+0530][gc,cpu      ] GC(61) User=0.03s Sys=0.00s Real=0.01s
[2025-03-28T19:22:41.638+0530][gc,start    ] GC(44) Pause Young (Normal) (G1 Evacuation Pause)
[2025-03-28T19:22:41.638+0530][gc,task     ] GC(44) Using 2 workers of 2 for evacuation
[2025-03-28T19:22:41.649+0530][gc,phases   ] GC(44)   Pre Evacuate Collection Set: 0.2ms
[2025-03-28T19:22:41.649+0530][gc,phases   ] GC(44)   Merge Heap Roots: 0.2ms
[2025-03-28T19:22:41.649+0530][gc,phases   ] GC(44)   Evacuate Collection Set: 9.7ms
[2025-03-28T19:22:41.649+0530][gc,phases   ] GC(44)   Post Evacuate Collection Set: 1.3ms
[2025-03-28T19:22:41.649+0530][gc,phases   ] GC(44)   Other: 0.2ms
[2025-03-28T19:22:41.650+0530][gc,heap     ] GC(44) Eden regions: 49->0(47)
[2025-03-28T19:22:41.650+0530][gc,heap     ] GC(44) Survivor regions: 2->4(7)
[2025-03-28T19:22:41.650+0530][gc,heap     ] GC(44) Old regions: 40->40
[2025-03-28T19:22:41.650+0530][gc,heap     ] GC(44) Archive regions: 2->2
[2025-03-28T19:22:41.650+0530][gc,heap     ] GC(44) Humongous regions: 149->147
[2025-03-28T19:22:41.650+0530][gc,metaspace] GC(44) Metaspace: 49015K(49600K)->49015K(49600K) NonClass: 43401K(43712K)->43401K(43712K) Class: 5613K(5888K)->5613K(5888K)
[2025-03-28T19:22:41.650+0530][gc          ] GC(44) Pause Young (Normal) (G1 Evacuation Pause) 240M->190M(1024M) 11.748ms
[2025-03-28T19:22:41.650+0530][gc,cpu      ] GC(44) User=0.01s Sys=0.00s Real=0.01s
[2025-03-28T19:22:41.799+0530][gc,start    ] GC(62) Pause Young (Normal) (G1 Evacuation Pause)
[2025-03-28T19:22:41.799+0530][gc,task     ] GC(62) Using 2 workers of 2 for evacuation
[2025-03-28T19:22:41.854+0530][gc,mmu      ] GC(62) MMU target violated: 21.0ms (20.0ms/21.0ms)
[2025-03-28T19:22:41.854+0530][gc,phases   ] GC(62)   Pre Evacuate Collection Set: 0.3ms
[2025-03-28T19:22:41.854+0530][gc,phases   ] GC(62)   Merge Heap Roots: 0.2ms
[2025-03-28T19:22:41.854+0530][gc,phases   ] GC(62)   Evacuate Collection Set: 54.0ms
[2025-03-28T19:22:41.854+0530][gc,phases   ] GC(62)   Post Evacuate Collection Set: 0.4ms
[2025-03-28T19:22:41.854+0530][gc,phases   ] GC(62)   Other: 0.3ms
[2025-03-28T19:22:41.854+0530][gc,heap     ] GC(62) Eden regions: 49->0(44)
[2025-03-28T19:22:41.854+0530][gc,heap     ] GC(62) Survivor regions: 2->7(7)
[2025-03-28T19:22:41.854+0530][gc,heap     ] GC(62) Old regions: 76->77
[2025-03-28T19:22:41.854+0530][gc,heap     ] GC(62) Archive regions: 2->2
[2025-03-28T19:22:41.854+0530][gc,heap     ] GC(62) Humongous regions: 138->138
[2025-03-28T19:22:41.854+0530][gc,metaspace] GC(62) Metaspace: 49240K(49920K)->49240K(49920K) NonClass: 43599K(43968K)->43599K(43968K) Class: 5641K(5952K)->5641K(5952K)
[2025-03-28T19:22:41.854+0530][gc          ] GC(62) Pause Young (Normal) (G1 Evacuation Pause) 265M->222M(1024M) 55.400ms
[2025-03-28T19:22:41.854+0530][gc,cpu      ] GC(62) User=0.02s Sys=0.01s Real=0.06s
[2025-03-28T19:22:41.944+0530][gc,start    ] GC(45) Pause Young (Normal) (G1 Evacuation Pause)
[2025-03-28T19:22:41.944+0530][gc,task     ] GC(45) Using 2 workers of 2 for evacuation
[2025-03-28T19:22:41.961+0530][gc,phases   ] GC(45)   Pre Evacuate Collection Set: 0.2ms
[2025-03-28T19:22:41.961+0530][gc,phases   ] GC(45)   Merge Heap Roots: 0.1ms
[2025-03-28T19:22:41.961+0530][gc,phases   ] GC(45)   Evacuate Collection Set: 4.3ms
[2025-03-28T19:22:41.961+0530][gc,phases   ] GC(45)   Post Evacuate Collection Set: 12.1ms
[2025-03-28T19:22:41.961+0530][gc,phases   ] GC(45)   Other: 0.2ms
[2025-03-28T19:22:41.961+0530][gc,heap     ] GC(45) Eden regions: 47->0(49)
[2025-03-28T19:22:41.961+0530][gc,heap     ] GC(45) Survivor regions: 4->2(7)
[2025-03-28T19:22:41.961+0530][gc,heap     ] GC(45) Old regions: 40->40
[2025-03-28T19:22:41.961+0530][gc,heap     ] GC(45) Archive regions: 2->2
[2025-03-28T19:22:41.961+0530][gc,heap     ] GC(45) Humongous regions: 149->149
[2025-03-28T19:22:41.961+0530][gc,metaspace] GC(45) Metaspace: 49016K(49600K)->49016K(49600K) NonClass: 43402K(43712K)->43402K(43712K) Class: 5613K(5888K)->5613K(5888K)
[2025-03-28T19:22:41.961+0530][gc          ] GC(45) Pause Young (Normal) (G1 Evacuation Pause) 239M->191M(1024M) 16.934ms
[2025-03-28T19:22:41.961+0530][gc,cpu      ] GC(45) User=0.02s Sys=0.01s Real=0.02s
[2025-03-28T19:22:43.536+0530][gc,start    ] GC(63) Pause Young (Normal) (G1 Evacuation Pause)
[2025-03-28T19:22:43.536+0530][gc,task     ] GC(63) Using 2 workers of 2 for evacuation
[2025-03-28T19:22:43.572+0530][gc,mmu      ] GC(63) MMU target violated: 21.0ms (20.0ms/21.0ms)
[2025-03-28T19:22:43.572+0530][gc,phases   ] GC(63)   Pre Evacuate Collection Set: 0.7ms
[2025-03-28T19:22:43.572+0530][gc,phases   ] GC(63)   Merge Heap Roots: 0.7ms
[2025-03-28T19:22:43.572+0530][gc,phases   ] GC(63)   Evacuate Collection Set: 27.7ms
[2025-03-28T19:22:43.572+0530][gc,phases   ] GC(63)   Post Evacuate Collection Set: 6.7ms
[2025-03-28T19:22:43.572+0530][gc,phases   ] GC(63)   Other: 1.1ms
[2025-03-28T19:22:43.573+0530][gc,heap     ] GC(63) Eden regions: 44->0(50)
[2025-03-28T19:22:43.573+0530][gc,heap     ] GC(63) Survivor regions: 7->1(7)
[2025-03-28T19:22:43.573+0530][gc,heap     ] GC(63) Old regions: 77->78
[2025-03-28T19:22:43.573+0530][gc,heap     ] GC(63) Archive regions: 2->2
[2025-03-28T19:22:43.573+0530][gc,heap     ] GC(63) Humongous regions: 140->138
[2025-03-28T19:22:43.573+0530][gc,metaspace] GC(63) Metaspace: 49241K(49920K)->49241K(49920K) NonClass: 43599K(43968K)->43599K(43968K) Class: 5641K(5952K)->5641K(5952K)
[2025-03-28T19:22:43.573+0530][gc          ] GC(63) Pause Young (Normal) (G1 Evacuation Pause) 268M->217M(1024M) 37.328ms
[2025-03-28T19:22:43.573+0530][gc,cpu      ] GC(63) User=0.05s Sys=0.01s Real=0.03s
[2025-03-28T19:22:43.785+0530][gc,start    ] GC(64) Pause Young (Normal) (G1 Evacuation Pause)
[2025-03-28T19:22:43.785+0530][gc,task     ] GC(64) Using 2 workers of 2 for evacuation
[2025-03-28T19:22:43.798+0530][gc,phases   ] GC(64)   Pre Evacuate Collection Set: 0.2ms
[2025-03-28T19:22:43.798+0530][gc,phases   ] GC(64)   Merge Heap Roots: 0.1ms
[2025-03-28T19:22:43.798+0530][gc,phases   ] GC(64)   Evacuate Collection Set: 11.5ms
[2025-03-28T19:22:43.798+0530][gc,phases   ] GC(64)   Post Evacuate Collection Set: 0.8ms
[2025-03-28T19:22:43.798+0530][gc,phases   ] GC(64)   Other: 0.2ms
[2025-03-28T19:22:43.798+0530][gc,heap     ] GC(64) Eden regions: 50->0(44)
[2025-03-28T19:22:43.798+0530][gc,heap     ] GC(64) Survivor regions: 1->7(7)
[2025-03-28T19:22:43.798+0530][gc,heap     ] GC(64) Old regions: 78->78
[2025-03-28T19:22:43.798+0530][gc,heap     ] GC(64) Archive regions: 2->2
[2025-03-28T19:22:43.798+0530][gc,heap     ] GC(64) Humongous regions: 138->138
[2025-03-28T19:22:43.798+0530][gc,metaspace] GC(64) Metaspace: 49242K(49920K)->49242K(49920K) NonClass: 43601K(43968K)->43601K(43968K) Class: 5641K(5952K)->5641K(5952K)
[2025-03-28T19:22:43.798+0530][gc          ] GC(64) Pause Young (Normal) (G1 Evacuation Pause) 267M->223M(1024M) 12.881ms
[2025-03-28T19:22:43.798+0530][gc,cpu      ] GC(64) User=0.03s Sys=0.00s Real=0.02s
[2025-03-28T19:22:44.808+0530][gc,start    ] GC(46) Pause Young (Normal) (G1 Evacuation Pause)
[2025-03-28T19:22:44.808+0530][gc,task     ] GC(46) Using 2 workers of 2 for evacuation
[2025-03-28T19:22:44.836+0530][gc,mmu      ] GC(46) MMU target violated: 21.0ms (20.0ms/21.0ms)
[2025-03-28T19:22:44.837+0530][gc,phases   ] GC(46)   Pre Evacuate Collection Set: 0.5ms
[2025-03-28T19:22:44.837+0530][gc,phases   ] GC(46)   Merge Heap Roots: 0.2ms
[2025-03-28T19:22:44.837+0530][gc,phases   ] GC(46)   Evacuate Collection Set: 22.9ms
[2025-03-28T19:22:44.837+0530][gc,phases   ] GC(46)   Post Evacuate Collection Set: 3.6ms
[2025-03-28T19:22:44.837+0530][gc,phases   ] GC(46)   Other: 1.0ms
[2025-03-28T19:22:44.837+0530][gc,heap     ] GC(46) Eden regions: 49->0(47)
[2025-03-28T19:22:44.837+0530][gc,heap     ] GC(46) Survivor regions: 2->4(7)
[2025-03-28T19:22:44.837+0530][gc,heap     ] GC(46) Old regions: 40->40
[2025-03-28T19:22:44.837+0530][gc,heap     ] GC(46) Archive regions: 2->2
[2025-03-28T19:22:44.837+0530][gc,heap     ] GC(46) Humongous regions: 149->147
[2025-03-28T19:22:44.837+0530][gc,metaspace] GC(46) Metaspace: 49024K(49600K)->49024K(49600K) NonClass: 43410K(43712K)->43410K(43712K) Class: 5613K(5888K)->5613K(5888K)
[2025-03-28T19:22:44.837+0530][gc          ] GC(46) Pause Young (Normal) (G1 Evacuation Pause) 240M->191M(1024M) 28.990ms
[2025-03-28T19:22:44.837+0530][gc,cpu      ] GC(46) User=0.02s Sys=0.00s Real=0.03s
[2025-03-28T19:22:45.066+0530][gc,start    ] GC(47) Pause Young (Normal) (G1 Evacuation Pause)
[2025-03-28T19:22:45.066+0530][gc,task     ] GC(47) Using 2 workers of 2 for evacuation
[2025-03-28T19:22:45.071+0530][gc,phases   ] GC(47)   Pre Evacuate Collection Set: 0.2ms
[2025-03-28T19:22:45.071+0530][gc,phases   ] GC(47)   Merge Heap Roots: 0.1ms
[2025-03-28T19:22:45.071+0530][gc,phases   ] GC(47)   Evacuate Collection Set: 4.5ms
[2025-03-28T19:22:45.071+0530][gc,phases   ] GC(47)   Post Evacuate Collection Set: 0.5ms
[2025-03-28T19:22:45.071+0530][gc,phases   ] GC(47)   Other: 0.2ms
[2025-03-28T19:22:45.071+0530][gc,heap     ] GC(47) Eden regions: 47->0(52)
[2025-03-28T19:22:45.071+0530][gc,heap     ] GC(47) Survivor regions: 4->3(7)
[2025-03-28T19:22:45.071+0530][gc,heap     ] GC(47) Old regions: 40->40
[2025-03-28T19:22:45.071+0530][gc,heap     ] GC(47) Archive regions: 2->2
[2025-03-28T19:22:45.071+0530][gc,heap     ] GC(47) Humongous regions: 149->149
[2025-03-28T19:22:45.071+0530][gc,metaspace] GC(47) Metaspace: 49029K(49600K)->49029K(49600K) NonClass: 43416K(43712K)->43416K(43712K) Class: 5613K(5888K)->5613K(5888K)
[2025-03-28T19:22:45.071+0530][gc          ] GC(47) Pause Young (Normal) (G1 Evacuation Pause) 240M->192M(1024M) 5.521ms
[2025-03-28T19:22:45.071+0530][gc,cpu      ] GC(47) User=0.01s Sys=0.00s Real=0.00s
[2025-03-28T19:22:45.679+0530][gc,start    ] GC(65) Pause Young (Normal) (G1 Evacuation Pause)
[2025-03-28T19:22:45.679+0530][gc,task     ] GC(65) Using 2 workers of 2 for evacuation
[2025-03-28T19:22:45.696+0530][gc,phases   ] GC(65)   Pre Evacuate Collection Set: 0.8ms
[2025-03-28T19:22:45.696+0530][gc,phases   ] GC(65)   Merge Heap Roots: 0.6ms
[2025-03-28T19:22:45.696+0530][gc,phases   ] GC(65)   Evacuate Collection Set: 10.9ms
[2025-03-28T19:22:45.696+0530][gc,phases   ] GC(65)   Post Evacuate Collection Set: 4.5ms
[2025-03-28T19:22:45.696+0530][gc,phases   ] GC(65)   Other: 0.6ms
[2025-03-28T19:22:45.696+0530][gc,heap     ] GC(65) Eden regions: 44->0(50)
[2025-03-28T19:22:45.696+0530][gc,heap     ] GC(65) Survivor regions: 7->1(7)
[2025-03-28T19:22:45.696+0530][gc,heap     ] GC(65) Old regions: 78->78
[2025-03-28T19:22:45.696+0530][gc,heap     ] GC(65) Archive regions: 2->2
[2025-03-28T19:22:45.696+0530][gc,heap     ] GC(65) Humongous regions: 140->138
[2025-03-28T19:22:45.696+0530][gc,metaspace] GC(65) Metaspace: 49246K(49920K)->49246K(49920K) NonClass: 43604K(43968K)->43604K(43968K) Class: 5641K(5952K)->5641K(5952K)
[2025-03-28T19:22:45.697+0530][gc          ] GC(65) Pause Young (Normal) (G1 Evacuation Pause) 269M->217M(1024M) 17.996ms
[2025-03-28T19:22:45.697+0530][gc,cpu      ] GC(65) User=0.02s Sys=0.01s Real=0.02s
[2025-03-28T19:22:51.470+0530][gc,start    ] GC(48) Pause Young (Normal) (G1 Evacuation Pause)
[2025-03-28T19:22:51.470+0530][gc,task     ] GC(48) Using 2 workers of 2 for evacuation
[2025-03-28T19:22:51.481+0530][gc,phases   ] GC(48)   Pre Evacuate Collection Set: 0.3ms
[2025-03-28T19:22:51.481+0530][gc,phases   ] GC(48)   Merge Heap Roots: 0.1ms
[2025-03-28T19:22:51.481+0530][gc,phases   ] GC(48)   Evacuate Collection Set: 9.0ms
[2025-03-28T19:22:51.481+0530][gc,phases   ] GC(48)   Post Evacuate Collection Set: 0.9ms
[2025-03-28T19:22:51.481+0530][gc,phases   ] GC(48)   Other: 0.2ms
[2025-03-28T19:22:51.481+0530][gc,heap     ] GC(48) Eden regions: 52->0(103)
[2025-03-28T19:22:51.481+0530][gc,heap     ] GC(48) Survivor regions: 3->4(7)
[2025-03-28T19:22:51.481+0530][gc,heap     ] GC(48) Old regions: 40->40
[2025-03-28T19:22:51.481+0530][gc,heap     ] GC(48) Archive regions: 2->2
[2025-03-28T19:22:51.481+0530][gc,heap     ] GC(48) Humongous regions: 149->147
[2025-03-28T19:22:51.481+0530][gc,metaspace] GC(48) Metaspace: 49051K(49600K)->49051K(49600K) NonClass: 43437K(43712K)->43437K(43712K) Class: 5613K(5888K)->5613K(5888K)
[2025-03-28T19:22:51.481+0530][gc          ] GC(48) Pause Young (Normal) (G1 Evacuation Pause) 244M->191M(1024M) 10.765ms
[2025-03-28T19:22:51.481+0530][gc,cpu      ] GC(48) User=0.01s Sys=0.00s Real=0.01s
[2025-03-28T19:22:51.507+0530][gc,start    ] GC(66) Pause Young (Normal) (G1 Evacuation Pause)
[2025-03-28T19:22:51.507+0530][gc,task     ] GC(66) Using 2 workers of 2 for evacuation
[2025-03-28T19:22:51.589+0530][gc,mmu      ] GC(66) MMU target violated: 21.0ms (20.0ms/21.0ms)
[2025-03-28T19:22:51.589+0530][gc,phases   ] GC(66)   Pre Evacuate Collection Set: 0.4ms
[2025-03-28T19:22:51.589+0530][gc,phases   ] GC(66)   Merge Heap Roots: 0.2ms
[2025-03-28T19:22:51.589+0530][gc,phases   ] GC(66)   Evacuate Collection Set: 68.8ms
[2025-03-28T19:22:51.589+0530][gc,phases   ] GC(66)   Post Evacuate Collection Set: 11.9ms
[2025-03-28T19:22:51.589+0530][gc,phases   ] GC(66)   Other: 0.5ms
[2025-03-28T19:22:51.589+0530][gc,heap     ] GC(66) Eden regions: 50->0(44)
[2025-03-28T19:22:51.589+0530][gc,heap     ] GC(66) Survivor regions: 1->7(7)
[2025-03-28T19:22:51.589+0530][gc,heap     ] GC(66) Old regions: 78->78
[2025-03-28T19:22:51.589+0530][gc,heap     ] GC(66) Archive regions: 2->2
[2025-03-28T19:22:51.589+0530][gc,heap     ] GC(66) Humongous regions: 138->138
[2025-03-28T19:22:51.589+0530][gc,metaspace] GC(66) Metaspace: 49267K(49920K)->49267K(49920K) NonClass: 43626K(43968K)->43626K(43968K) Class: 5641K(5952K)->5641K(5952K)
[2025-03-28T19:22:51.589+0530][gc          ] GC(66) Pause Young (Normal) (G1 Evacuation Pause) 267M->222M(1024M) 81.904ms
[2025-03-28T19:22:51.589+0530][gc,cpu      ] GC(66) User=0.03s Sys=0.00s Real=0.07s
[2025-03-28T19:22:51.825+0530][gc,start    ] GC(67) Pause Young (Normal) (G1 Evacuation Pause)
[2025-03-28T19:22:51.825+0530][gc,task     ] GC(67) Using 2 workers of 2 for evacuation
[2025-03-28T19:22:51.840+0530][gc,phases   ] GC(67)   Pre Evacuate Collection Set: 2.1ms
[2025-03-28T19:22:51.840+0530][gc,phases   ] GC(67)   Merge Heap Roots: 0.2ms
[2025-03-28T19:22:51.840+0530][gc,phases   ] GC(67)   Evacuate Collection Set: 12.6ms
[2025-03-28T19:22:51.840+0530][gc,phases   ] GC(67)   Post Evacuate Collection Set: 0.4ms
[2025-03-28T19:22:51.840+0530][gc,phases   ] GC(67)   Other: 0.2ms
[2025-03-28T19:22:51.840+0530][gc,heap     ] GC(67) Eden regions: 44->0(49)
[2025-03-28T19:22:51.840+0530][gc,heap     ] GC(67) Survivor regions: 7->2(7)
[2025-03-28T19:22:51.840+0530][gc,heap     ] GC(67) Old regions: 78->79
[2025-03-28T19:22:51.840+0530][gc,heap     ] GC(67) Archive regions: 2->2
[2025-03-28T19:22:51.840+0530][gc,heap     ] GC(67) Humongous regions: 140->140
[2025-03-28T19:22:51.840+0530][gc,metaspace] GC(67) Metaspace: 49268K(49920K)->49268K(49920K) NonClass: 43626K(43968K)->43626K(43968K) Class: 5641K(5952K)->5641K(5952K)
[2025-03-28T19:22:51.840+0530][gc          ] GC(67) Pause Young (Normal) (G1 Evacuation Pause) 268M->221M(1024M) 15.681ms
[2025-03-28T19:22:51.840+0530][gc,cpu      ] GC(67) User=0.01s Sys=0.00s Real=0.03s
[2025-03-28T19:22:53.539+0530][gc,start    ] GC(68) Pause Young (Normal) (G1 Evacuation Pause)
[2025-03-28T19:22:53.539+0530][gc,task     ] GC(68) Using 2 workers of 2 for evacuation
[2025-03-28T19:22:53.548+0530][gc,phases   ] GC(68)   Pre Evacuate Collection Set: 0.3ms
[2025-03-28T19:22:53.548+0530][gc,phases   ] GC(68)   Merge Heap Roots: 0.1ms
[2025-03-28T19:22:53.548+0530][gc,phases   ] GC(68)   Evacuate Collection Set: 8.4ms
[2025-03-28T19:22:53.548+0530][gc,phases   ] GC(68)   Post Evacuate Collection Set: 0.7ms
[2025-03-28T19:22:53.548+0530][gc,phases   ] GC(68)   Other: 0.2ms
[2025-03-28T19:22:53.548+0530][gc,heap     ] GC(68) Eden regions: 49->0(45)
[2025-03-28T19:22:53.548+0530][gc,heap     ] GC(68) Survivor regions: 2->6(7)
[2025-03-28T19:22:53.548+0530][gc,heap     ] GC(68) Old regions: 79->79
[2025-03-28T19:22:53.548+0530][gc,heap     ] GC(68) Archive regions: 2->2
[2025-03-28T19:22:53.548+0530][gc,heap     ] GC(68) Humongous regions: 140->138
[2025-03-28T19:22:53.548+0530][gc,metaspace] GC(68) Metaspace: 49274K(49920K)->49274K(49920K) NonClass: 43632K(43968K)->43632K(43968K) Class: 5641K(5952K)->5641K(5952K)
[2025-03-28T19:22:53.548+0530][gc          ] GC(68) Pause Young (Normal) (G1 Evacuation Pause) 270M->223M(1024M) 9.829ms
[2025-03-28T19:22:53.548+0530][gc,cpu      ] GC(68) User=0.01s Sys=0.00s Real=0.01s
[2025-03-28T19:22:53.720+0530][gc,start    ] GC(69) Pause Young (Normal) (G1 Evacuation Pause)
[2025-03-28T19:22:53.720+0530][gc,task     ] GC(69) Using 2 workers of 2 for evacuation
[2025-03-28T19:22:53.727+0530][gc,phases   ] GC(69)   Pre Evacuate Collection Set: 0.2ms
[2025-03-28T19:22:53.727+0530][gc,phases   ] GC(69)   Merge Heap Roots: 0.2ms
[2025-03-28T19:22:53.727+0530][gc,phases   ] GC(69)   Evacuate Collection Set: 4.9ms
[2025-03-28T19:22:53.727+0530][gc,phases   ] GC(69)   Post Evacuate Collection Set: 1.4ms
[2025-03-28T19:22:53.727+0530][gc,phases   ] GC(69)   Other: 0.2ms
[2025-03-28T19:22:53.727+0530][gc,heap     ] GC(69) Eden regions: 45->0(49)
[2025-03-28T19:22:53.727+0530][gc,heap     ] GC(69) Survivor regions: 6->2(7)
[2025-03-28T19:22:53.727+0530][gc,heap     ] GC(69) Old regions: 79->80
[2025-03-28T19:22:53.727+0530][gc,heap     ] GC(69) Archive regions: 2->2
[2025-03-28T19:22:53.727+0530][gc,heap     ] GC(69) Humongous regions: 140->140
[2025-03-28T19:22:53.727+0530][gc,metaspace] GC(69) Metaspace: 49277K(49920K)->49277K(49920K) NonClass: 43636K(43968K)->43636K(43968K) Class: 5641K(5952K)->5641K(5952K)
[2025-03-28T19:22:53.727+0530][gc          ] GC(69) Pause Young (Normal) (G1 Evacuation Pause) 270M->222M(1024M) 6.962ms
[2025-03-28T19:22:53.727+0530][gc,cpu      ] GC(69) User=0.02s Sys=0.00s Real=0.01s
[2025-03-28T19:22:54.810+0530][gc,start    ] GC(49) Pause Young (Normal) (G1 Evacuation Pause)
[2025-03-28T19:22:54.810+0530][gc,task     ] GC(49) Using 2 workers of 2 for evacuation
[2025-03-28T19:22:54.822+0530][gc,phases   ] GC(49)   Pre Evacuate Collection Set: 0.5ms
[2025-03-28T19:22:54.822+0530][gc,phases   ] GC(49)   Merge Heap Roots: 0.2ms
[2025-03-28T19:22:54.822+0530][gc,phases   ] GC(49)   Evacuate Collection Set: 10.0ms
[2025-03-28T19:22:54.822+0530][gc,phases   ] GC(49)   Post Evacuate Collection Set: 1.1ms
[2025-03-28T19:22:54.822+0530][gc,phases   ] GC(49)   Other: 0.3ms
[2025-03-28T19:22:54.822+0530][gc,heap     ] GC(49) Eden regions: 103->0(139)
[2025-03-28T19:22:54.822+0530][gc,heap     ] GC(49) Survivor regions: 4->5(14)
[2025-03-28T19:22:54.822+0530][gc,heap     ] GC(49) Old regions: 40->40
[2025-03-28T19:22:54.822+0530][gc,heap     ] GC(49) Archive regions: 2->2
[2025-03-28T19:22:54.822+0530][gc,heap     ] GC(49) Humongous regions: 149->147
[2025-03-28T19:22:54.823+0530][gc,metaspace] GC(49) Metaspace: 49055K(49664K)->49055K(49664K) NonClass: 43441K(43776K)->43441K(43776K) Class: 5613K(5888K)->5613K(5888K)
[2025-03-28T19:22:54.823+0530][gc          ] GC(49) Pause Young (Normal) (G1 Evacuation Pause) 296M->192M(1024M) 12.562ms
[2025-03-28T19:22:54.823+0530][gc,cpu      ] GC(49) User=0.02s Sys=0.00s Real=0.01s
[2025-03-28T19:23:01.417+0530][gc,start    ] GC(70) Pause Young (Normal) (G1 Evacuation Pause)
[2025-03-28T19:23:01.417+0530][gc,task     ] GC(70) Using 2 workers of 2 for evacuation
[2025-03-28T19:23:01.440+0530][gc,mmu      ] GC(70) MMU target violated: 21.0ms (20.0ms/21.0ms)
[2025-03-28T19:23:01.440+0530][gc,phases   ] GC(70)   Pre Evacuate Collection Set: 0.2ms
[2025-03-28T19:23:01.440+0530][gc,phases   ] GC(70)   Merge Heap Roots: 0.1ms
[2025-03-28T19:23:01.440+0530][gc,phases   ] GC(70)   Evacuate Collection Set: 22.1ms
[2025-03-28T19:23:01.440+0530][gc,phases   ] GC(70)   Post Evacuate Collection Set: 0.5ms
[2025-03-28T19:23:01.440+0530][gc,phases   ] GC(70)   Other: 0.3ms
[2025-03-28T19:23:01.440+0530][gc,heap     ] GC(70) Eden regions: 49->0(45)
[2025-03-28T19:23:01.440+0530][gc,heap     ] GC(70) Survivor regions: 2->6(7)
[2025-03-28T19:23:01.440+0530][gc,heap     ] GC(70) Old regions: 80->80
[2025-03-28T19:23:01.440+0530][gc,heap     ] GC(70) Archive regions: 2->2
[2025-03-28T19:23:01.440+0530][gc,heap     ] GC(70) Humongous regions: 140->138
[2025-03-28T19:23:01.440+0530][gc,metaspace] GC(70) Metaspace: 49285K(49984K)->49285K(49984K) NonClass: 43644K(44032K)->43644K(44032K) Class: 5641K(5952K)->5641K(5952K)
[2025-03-28T19:23:01.440+0530][gc          ] GC(70) Pause Young (Normal) (G1 Evacuation Pause) 271M->223M(1024M) 23.279ms
[2025-03-28T19:23:01.440+0530][gc,cpu      ] GC(70) User=0.03s Sys=0.00s Real=0.04s
[2025-03-28T19:23:01.544+0530][gc,start    ] GC(71) Pause Young (Normal) (G1 Evacuation Pause)
[2025-03-28T19:23:01.544+0530][gc,task     ] GC(71) Using 2 workers of 2 for evacuation
[2025-03-28T19:23:01.550+0530][gc,phases   ] GC(71)   Pre Evacuate Collection Set: 0.4ms
[2025-03-28T19:23:01.550+0530][gc,phases   ] GC(71)   Merge Heap Roots: 0.1ms
[2025-03-28T19:23:01.550+0530][gc,phases   ] GC(71)   Evacuate Collection Set: 4.9ms
[2025-03-28T19:23:01.550+0530][gc,phases   ] GC(71)   Post Evacuate Collection Set: 0.5ms
[2025-03-28T19:23:01.550+0530][gc,phases   ] GC(71)   Other: 0.2ms
[2025-03-28T19:23:01.550+0530][gc,heap     ] GC(71) Eden regions: 45->0(54)
[2025-03-28T19:23:01.550+0530][gc,heap     ] GC(71) Survivor regions: 6->2(7)
[2025-03-28T19:23:01.550+0530][gc,heap     ] GC(71) Old regions: 80->81
[2025-03-28T19:23:01.550+0530][gc,heap     ] GC(71) Archive regions: 2->2
[2025-03-28T19:23:01.550+0530][gc,heap     ] GC(71) Humongous regions: 140->140
[2025-03-28T19:23:01.550+0530][gc,metaspace] GC(71) Metaspace: 49287K(49984K)->49287K(49984K) NonClass: 43645K(44032K)->43645K(44032K) Class: 5641K(5952K)->5641K(5952K)
[2025-03-28T19:23:01.550+0530][gc          ] GC(71) Pause Young (Normal) (G1 Evacuation Pause) 270M->223M(1024M) 6.208ms
[2025-03-28T19:23:01.550+0530][gc,cpu      ] GC(71) User=0.01s Sys=0.00s Real=0.02s
[2025-03-28T19:23:01.634+0530][gc,start    ] GC(50) Pause Young (Normal) (G1 Evacuation Pause)
[2025-03-28T19:23:01.634+0530][gc,task     ] GC(50) Using 2 workers of 2 for evacuation
[2025-03-28T19:23:01.651+0530][gc,phases   ] GC(50)   Pre Evacuate Collection Set: 0.2ms
[2025-03-28T19:23:01.651+0530][gc,phases   ] GC(50)   Merge Heap Roots: 0.1ms
[2025-03-28T19:23:01.651+0530][gc,phases   ] GC(50)   Evacuate Collection Set: 15.2ms
[2025-03-28T19:23:01.651+0530][gc,phases   ] GC(50)   Post Evacuate Collection Set: 0.7ms
[2025-03-28T19:23:01.651+0530][gc,phases   ] GC(50)   Other: 0.3ms
[2025-03-28T19:23:01.651+0530][gc,heap     ] GC(50) Eden regions: 139->0(111)
[2025-03-28T19:23:01.651+0530][gc,heap     ] GC(50) Survivor regions: 5->3(18)
[2025-03-28T19:23:01.651+0530][gc,heap     ] GC(50) Old regions: 40->40
[2025-03-28T19:23:01.651+0530][gc,heap     ] GC(50) Archive regions: 2->2
[2025-03-28T19:23:01.651+0530][gc,heap     ] GC(50) Humongous regions: 151->149
[2025-03-28T19:23:01.651+0530][gc,metaspace] GC(50) Metaspace: 49066K(49664K)->49066K(49664K) NonClass: 43451K(43776K)->43451K(43776K) Class: 5614K(5888K)->5614K(5888K)
[2025-03-28T19:23:01.651+0530][gc          ] GC(50) Pause Young (Normal) (G1 Evacuation Pause) 335M->192M(1024M) 16.683ms
[2025-03-28T19:23:01.651+0530][gc,cpu      ] GC(50) User=0.02s Sys=0.00s Real=0.02s
[2025-03-28T19:23:03.714+0530][gc,start    ] GC(72) Pause Young (Normal) (G1 Evacuation Pause)
[2025-03-28T19:23:03.714+0530][gc,task     ] GC(72) Using 2 workers of 2 for evacuation
[2025-03-28T19:23:03.721+0530][gc,phases   ] GC(72)   Pre Evacuate Collection Set: 0.2ms
[2025-03-28T19:23:03.721+0530][gc,phases   ] GC(72)   Merge Heap Roots: 0.1ms
[2025-03-28T19:23:03.721+0530][gc,phases   ] GC(72)   Evacuate Collection Set: 5.7ms
[2025-03-28T19:23:03.721+0530][gc,phases   ] GC(72)   Post Evacuate Collection Set: 0.6ms
[2025-03-28T19:23:03.721+0530][gc,phases   ] GC(72)   Other: 0.2ms
[2025-03-28T19:23:03.721+0530][gc,heap     ] GC(72) Eden regions: 54->0(57)
[2025-03-28T19:23:03.721+0530][gc,heap     ] GC(72) Survivor regions: 2->6(7)
[2025-03-28T19:23:03.721+0530][gc,heap     ] GC(72) Old regions: 81->81
[2025-03-28T19:23:03.721+0530][gc,heap     ] GC(72) Archive regions: 2->2
[2025-03-28T19:23:03.721+0530][gc,heap     ] GC(72) Humongous regions: 140->138
[2025-03-28T19:23:03.721+0530][gc,metaspace] GC(72) Metaspace: 49289K(49984K)->49289K(49984K) NonClass: 43647K(44032K)->43647K(44032K) Class: 5641K(5952K)->5641K(5952K)
[2025-03-28T19:23:03.721+0530][gc          ] GC(72) Pause Young (Normal) (G1 Evacuation Pause) 277M->224M(1024M) 6.989ms
[2025-03-28T19:23:03.721+0530][gc,cpu      ] GC(72) User=0.01s Sys=0.00s Real=0.01s
[2025-03-28T19:23:03.900+0530][gc,start    ] GC(73) Pause Young (Normal) (GCLocker Initiated GC)
[2025-03-28T19:23:03.900+0530][gc,task     ] GC(73) Using 2 workers of 2 for evacuation
[2025-03-28T19:23:03.922+0530][gc,mmu      ] GC(73) MMU target violated: 21.0ms (20.0ms/21.0ms)
[2025-03-28T19:23:03.923+0530][gc,phases   ] GC(73)   Pre Evacuate Collection Set: 0.5ms
[2025-03-28T19:23:03.923+0530][gc,phases   ] GC(73)   Merge Heap Roots: 0.4ms
[2025-03-28T19:23:03.923+0530][gc,phases   ] GC(73)   Evacuate Collection Set: 20.7ms
[2025-03-28T19:23:03.923+0530][gc,phases   ] GC(73)   Post Evacuate Collection Set: 1.0ms
[2025-03-28T19:23:03.923+0530][gc,phases   ] GC(73)   Other: 0.3ms
[2025-03-28T19:23:03.923+0530][gc,heap     ] GC(73) Eden regions: 58->0(49)
[2025-03-28T19:23:03.923+0530][gc,heap     ] GC(73) Survivor regions: 6->2(8)
[2025-03-28T19:23:03.923+0530][gc,heap     ] GC(73) Old regions: 81->82
[2025-03-28T19:23:03.923+0530][gc,heap     ] GC(73) Archive regions: 2->2
[2025-03-28T19:23:03.923+0530][gc,heap     ] GC(73) Humongous regions: 140->140
[2025-03-28T19:23:03.923+0530][gc,metaspace] GC(73) Metaspace: 49289K(49984K)->49289K(49984K) NonClass: 43647K(44032K)->43647K(44032K) Class: 5641K(5952K)->5641K(5952K)
[2025-03-28T19:23:03.923+0530][gc          ] GC(73) Pause Young (Normal) (GCLocker Initiated GC) 283M->223M(1024M) 23.022ms
[2025-03-28T19:23:03.923+0530][gc,cpu      ] GC(73) User=0.02s Sys=0.00s Real=0.02s
[2025-03-28T19:23:05.000+0530][gc,start    ] GC(51) Pause Young (Normal) (G1 Evacuation Pause)
[2025-03-28T19:23:05.000+0530][gc,task     ] GC(51) Using 2 workers of 2 for evacuation
[2025-03-28T19:23:05.008+0530][gc,phases   ] GC(51)   Pre Evacuate Collection Set: 0.3ms
[2025-03-28T19:23:05.008+0530][gc,phases   ] GC(51)   Merge Heap Roots: 0.1ms
[2025-03-28T19:23:05.008+0530][gc,phases   ] GC(51)   Evacuate Collection Set: 5.3ms
[2025-03-28T19:23:05.008+0530][gc,phases   ] GC(51)   Post Evacuate Collection Set: 1.0ms
[2025-03-28T19:23:05.008+0530][gc,phases   ] GC(51)   Other: 0.2ms
[2025-03-28T19:23:05.008+0530][gc,heap     ] GC(51) Eden regions: 111->0(235)
[2025-03-28T19:23:05.008+0530][gc,heap     ] GC(51) Survivor regions: 3->3(15)
[2025-03-28T19:23:05.008+0530][gc,heap     ] GC(51) Old regions: 40->40
[2025-03-28T19:23:05.008+0530][gc,heap     ] GC(51) Archive regions: 2->2
[2025-03-28T19:23:05.008+0530][gc,heap     ] GC(51) Humongous regions: 151->149
[2025-03-28T19:23:05.008+0530][gc,metaspace] GC(51) Metaspace: 49079K(49728K)->49079K(49728K) NonClass: 43464K(43840K)->43464K(43840K) Class: 5614K(5888K)->5614K(5888K)
[2025-03-28T19:23:05.008+0530][gc          ] GC(51) Pause Young (Normal) (G1 Evacuation Pause) 305M->192M(1024M) 7.745ms
[2025-03-28T19:23:05.008+0530][gc,cpu      ] GC(51) User=0.01s Sys=0.00s Real=0.01s
[2025-03-28T19:23:11.696+0530][gc,start    ] GC(74) Pause Young (Normal) (G1 Evacuation Pause)
[2025-03-28T19:23:11.696+0530][gc,task     ] GC(74) Using 2 workers of 2 for evacuation
[2025-03-28T19:23:11.737+0530][gc,mmu      ] GC(74) MMU target violated: 21.0ms (20.0ms/21.0ms)
[2025-03-28T19:23:11.737+0530][gc,phases   ] GC(74)   Pre Evacuate Collection Set: 6.8ms
[2025-03-28T19:23:11.737+0530][gc,phases   ] GC(74)   Merge Heap Roots: 0.3ms
[2025-03-28T19:23:11.737+0530][gc,phases   ] GC(74)   Evacuate Collection Set: 33.0ms
[2025-03-28T19:23:11.737+0530][gc,phases   ] GC(74)   Post Evacuate Collection Set: 0.5ms
[2025-03-28T19:23:11.737+0530][gc,phases   ] GC(74)   Other: 0.2ms
[2025-03-28T19:23:11.737+0530][gc,heap     ] GC(74) Eden regions: 49->0(44)
[2025-03-28T19:23:11.737+0530][gc,heap     ] GC(74) Survivor regions: 2->7(7)
[2025-03-28T19:23:11.737+0530][gc,heap     ] GC(74) Old regions: 82->82
[2025-03-28T19:23:11.737+0530][gc,heap     ] GC(74) Archive regions: 2->2
[2025-03-28T19:23:11.737+0530][gc,heap     ] GC(74) Humongous regions: 140->138
[2025-03-28T19:23:11.737+0530][gc,metaspace] GC(74) Metaspace: 49310K(49984K)->49310K(49984K) NonClass: 43668K(44032K)->43668K(44032K) Class: 5641K(5952K)->5641K(5952K)
[2025-03-28T19:23:11.737+0530][gc          ] GC(74) Pause Young (Normal) (G1 Evacuation Pause) 272M->226M(1024M) 40.908ms
[2025-03-28T19:23:11.737+0530][gc,cpu      ] GC(74) User=0.02s Sys=0.01s Real=0.05s
[2025-03-28T19:23:11.871+0530][gc,start    ] GC(75) Pause Young (Normal) (G1 Evacuation Pause)
[2025-03-28T19:23:11.871+0530][gc,task     ] GC(75) Using 2 workers of 2 for evacuation
[2025-03-28T19:23:11.888+0530][gc,phases   ] GC(75)   Pre Evacuate Collection Set: 4.7ms
[2025-03-28T19:23:11.888+0530][gc,phases   ] GC(75)   Merge Heap Roots: 0.1ms
[2025-03-28T19:23:11.888+0530][gc,phases   ] GC(75)   Evacuate Collection Set: 11.6ms
[2025-03-28T19:23:11.888+0530][gc,phases   ] GC(75)   Post Evacuate Collection Set: 0.4ms
[2025-03-28T19:23:11.888+0530][gc,phases   ] GC(75)   Other: 0.2ms
[2025-03-28T19:23:11.888+0530][gc,heap     ] GC(75) Eden regions: 44->0(49)
[2025-03-28T19:23:11.888+0530][gc,heap     ] GC(75) Survivor regions: 7->2(7)
[2025-03-28T19:23:11.888+0530][gc,heap     ] GC(75) Old regions: 82->83
[2025-03-28T19:23:11.888+0530][gc,heap     ] GC(75) Archive regions: 2->2
[2025-03-28T19:23:11.888+0530][gc,heap     ] GC(75) Humongous regions: 140->140
[2025-03-28T19:23:11.888+0530][gc,metaspace] GC(75) Metaspace: 49310K(49984K)->49310K(49984K) NonClass: 43668K(44032K)->43668K(44032K) Class: 5641K(5952K)->5641K(5952K)
[2025-03-28T19:23:11.888+0530][gc          ] GC(75) Pause Young (Normal) (G1 Evacuation Pause) 272M->225M(1024M) 17.154ms
[2025-03-28T19:23:11.888+0530][gc,cpu      ] GC(75) User=0.01s Sys=0.00s Real=0.01s
[2025-03-28T19:23:13.790+0530][gc,start    ] GC(76) Pause Young (Normal) (G1 Evacuation Pause)
[2025-03-28T19:23:13.790+0530][gc,task     ] GC(76) Using 2 workers of 2 for evacuation
[2025-03-28T19:23:13.806+0530][gc,phases   ] GC(76)   Pre Evacuate Collection Set: 0.4ms
[2025-03-28T19:23:13.806+0530][gc,phases   ] GC(76)   Merge Heap Roots: 0.1ms
[2025-03-28T19:23:13.806+0530][gc,phases   ] GC(76)   Evacuate Collection Set: 14.2ms
[2025-03-28T19:23:13.806+0530][gc,phases   ] GC(76)   Post Evacuate Collection Set: 1.3ms
[2025-03-28T19:23:13.806+0530][gc,phases   ] GC(76)   Other: 0.4ms
[2025-03-28T19:23:13.806+0530][gc,heap     ] GC(76) Eden regions: 49->0(45)
[2025-03-28T19:23:13.806+0530][gc,heap     ] GC(76) Survivor regions: 2->6(7)
[2025-03-28T19:23:13.806+0530][gc,heap     ] GC(76) Old regions: 83->83
[2025-03-28T19:23:13.806+0530][gc,heap     ] GC(76) Archive regions: 2->2
[2025-03-28T19:23:13.806+0530][gc,heap     ] GC(76) Humongous regions: 140->138
[2025-03-28T19:23:13.806+0530][gc,metaspace] GC(76) Metaspace: 49319K(49984K)->49319K(49984K) NonClass: 43678K(44032K)->43678K(44032K) Class: 5641K(5952K)->5641K(5952K)
[2025-03-28T19:23:13.806+0530][gc          ] GC(76) Pause Young (Normal) (G1 Evacuation Pause) 274M->227M(1024M) 16.453ms
[2025-03-28T19:23:13.807+0530][gc,cpu      ] GC(76) User=0.02s Sys=0.00s Real=0.02s
[2025-03-28T19:23:13.923+0530][gc,start    ] GC(77) Pause Young (Normal) (G1 Evacuation Pause)
[2025-03-28T19:23:13.923+0530][gc,task     ] GC(77) Using 2 workers of 2 for evacuation
[2025-03-28T19:23:13.935+0530][gc,phases   ] GC(77)   Pre Evacuate Collection Set: 0.6ms
[2025-03-28T19:23:13.935+0530][gc,phases   ] GC(77)   Merge Heap Roots: 0.1ms
[2025-03-28T19:23:13.935+0530][gc,phases   ] GC(77)   Evacuate Collection Set: 4.4ms
[2025-03-28T19:23:13.935+0530][gc,phases   ] GC(77)   Post Evacuate Collection Set: 6.3ms
[2025-03-28T19:23:13.935+0530][gc,phases   ] GC(77)   Other: 0.2ms
[2025-03-28T19:23:13.935+0530][gc,heap     ] GC(77) Eden regions: 45->0(49)
[2025-03-28T19:23:13.935+0530][gc,heap     ] GC(77) Survivor regions: 6->2(7)
[2025-03-28T19:23:13.935+0530][gc,heap     ] GC(77) Old regions: 83->84
[2025-03-28T19:23:13.935+0530][gc,heap     ] GC(77) Archive regions: 2->2
[2025-03-28T19:23:13.935+0530][gc,heap     ] GC(77) Humongous regions: 140->140
[2025-03-28T19:23:13.935+0530][gc,metaspace] GC(77) Metaspace: 49323K(49984K)->49323K(49984K) NonClass: 43682K(44032K)->43682K(44032K) Class: 5641K(5952K)->5641K(5952K)
[2025-03-28T19:23:13.935+0530][gc          ] GC(77) Pause Young (Normal) (G1 Evacuation Pause) 274M->226M(1024M) 11.670ms
[2025-03-28T19:23:13.935+0530][gc,cpu      ] GC(77) User=0.01s Sys=0.00s Real=0.02s
[2025-03-28T19:23:21.249+0530][gc,start    ] GC(52) Pause Young (Normal) (G1 Evacuation Pause)
[2025-03-28T19:23:21.249+0530][gc,task     ] GC(52) Using 2 workers of 2 for evacuation
[2025-03-28T19:23:21.315+0530][gc,mmu      ] GC(52) MMU target violated: 21.0ms (20.0ms/21.0ms)
[2025-03-28T19:23:21.315+0530][gc,phases   ] GC(52)   Pre Evacuate Collection Set: 0.4ms
[2025-03-28T19:23:21.315+0530][gc,phases   ] GC(52)   Merge Heap Roots: 0.3ms
[2025-03-28T19:23:21.315+0530][gc,phases   ] GC(52)   Evacuate Collection Set: 43.0ms
[2025-03-28T19:23:21.316+0530][gc,phases   ] GC(52)   Post Evacuate Collection Set: 22.2ms
[2025-03-28T19:23:21.316+0530][gc,phases   ] GC(52)   Other: 0.8ms
[2025-03-28T19:23:21.316+0530][gc,heap     ] GC(52) Eden regions: 235->0(47)
[2025-03-28T19:23:21.316+0530][gc,heap     ] GC(52) Survivor regions: 3->4(30)
[2025-03-28T19:23:21.316+0530][gc,heap     ] GC(52) Old regions: 40->40
[2025-03-28T19:23:21.316+0530][gc,heap     ] GC(52) Archive regions: 2->2
[2025-03-28T19:23:21.316+0530][gc,heap     ] GC(52) Humongous regions: 153->147
[2025-03-28T19:23:21.316+0530][gc,metaspace] GC(52) Metaspace: 49157K(49792K)->49157K(49792K) NonClass: 43542K(43904K)->43542K(43904K) Class: 5614K(5888K)->5614K(5888K)
[2025-03-28T19:23:21.316+0530][gc          ] GC(52) Pause Young (Normal) (G1 Evacuation Pause) 431M->191M(1024M) 67.424ms
[2025-03-28T19:23:21.316+0530][gc,cpu      ] GC(52) User=0.03s Sys=0.01s Real=0.07s
[2025-03-28T19:23:21.441+0530][gc,start    ] GC(78) Pause Young (Normal) (G1 Evacuation Pause)
[2025-03-28T19:23:21.441+0530][gc,task     ] GC(78) Using 2 workers of 2 for evacuation
[2025-03-28T19:23:21.486+0530][gc,mmu      ] GC(78) MMU target violated: 21.0ms (20.0ms/21.0ms)
[2025-03-28T19:23:21.486+0530][gc,phases   ] GC(78)   Pre Evacuate Collection Set: 0.2ms
[2025-03-28T19:23:21.486+0530][gc,phases   ] GC(78)   Merge Heap Roots: 3.6ms
[2025-03-28T19:23:21.486+0530][gc,phases   ] GC(78)   Evacuate Collection Set: 35.0ms
[2025-03-28T19:23:21.486+0530][gc,phases   ] GC(78)   Post Evacuate Collection Set: 6.5ms
[2025-03-28T19:23:21.486+0530][gc,phases   ] GC(78)   Other: 0.2ms
[2025-03-28T19:23:21.487+0530][gc,heap     ] GC(78) Eden regions: 49->0(46)
[2025-03-28T19:23:21.487+0530][gc,heap     ] GC(78) Survivor regions: 2->5(7)
[2025-03-28T19:23:21.487+0530][gc,heap     ] GC(78) Old regions: 84->84
[2025-03-28T19:23:21.487+0530][gc,heap     ] GC(78) Archive regions: 2->2
[2025-03-28T19:23:21.487+0530][gc,heap     ] GC(78) Humongous regions: 140->138
[2025-03-28T19:23:21.487+0530][gc,metaspace] GC(78) Metaspace: 49348K(50048K)->49348K(50048K) NonClass: 43706K(44096K)->43706K(44096K) Class: 5641K(5952K)->5641K(5952K)
[2025-03-28T19:23:21.487+0530][gc          ] GC(78) Pause Young (Normal) (G1 Evacuation Pause) 275M->227M(1024M) 45.586ms
[2025-03-28T19:23:21.487+0530][gc,cpu      ] GC(78) User=0.01s Sys=0.01s Real=0.04s
[2025-03-28T19:23:21.606+0530][gc,start    ] GC(53) Pause Young (Normal) (G1 Evacuation Pause)
[2025-03-28T19:23:21.606+0530][gc,task     ] GC(53) Using 2 workers of 2 for evacuation
[2025-03-28T19:23:21.617+0530][gc,phases   ] GC(53)   Pre Evacuate Collection Set: 0.3ms
[2025-03-28T19:23:21.617+0530][gc,phases   ] GC(53)   Merge Heap Roots: 0.1ms
[2025-03-28T19:23:21.617+0530][gc,phases   ] GC(53)   Evacuate Collection Set: 10.3ms
[2025-03-28T19:23:21.617+0530][gc,phases   ] GC(53)   Post Evacuate Collection Set: 0.4ms
[2025-03-28T19:23:21.617+0530][gc,phases   ] GC(53)   Other: 0.2ms
[2025-03-28T19:23:21.617+0530][gc,heap     ] GC(53) Eden regions: 47->0(48)
[2025-03-28T19:23:21.617+0530][gc,heap     ] GC(53) Survivor regions: 4->3(7)
[2025-03-28T19:23:21.617+0530][gc,heap     ] GC(53) Old regions: 40->40
[2025-03-28T19:23:21.617+0530][gc,heap     ] GC(53) Archive regions: 2->2
[2025-03-28T19:23:21.617+0530][gc,heap     ] GC(53) Humongous regions: 149->149
[2025-03-28T19:23:21.617+0530][gc,metaspace] GC(53) Metaspace: 49167K(49792K)->49167K(49792K) NonClass: 43553K(43904K)->43553K(43904K) Class: 5614K(5888K)->5614K(5888K)
[2025-03-28T19:23:21.617+0530][gc          ] GC(53) Pause Young (Normal) (G1 Evacuation Pause) 240M->192M(1024M) 11.382ms
[2025-03-28T19:23:21.617+0530][gc,cpu      ] GC(53) User=0.01s Sys=0.00s Real=0.02s
[2025-03-28T19:23:21.682+0530][gc,start    ] GC(79) Pause Young (Normal) (G1 Evacuation Pause)
[2025-03-28T19:23:21.682+0530][gc,task     ] GC(79) Using 2 workers of 2 for evacuation
[2025-03-28T19:23:21.692+0530][gc,phases   ] GC(79)   Pre Evacuate Collection Set: 0.2ms
[2025-03-28T19:23:21.692+0530][gc,phases   ] GC(79)   Merge Heap Roots: 0.4ms
[2025-03-28T19:23:21.692+0530][gc,phases   ] GC(79)   Evacuate Collection Set: 9.4ms
[2025-03-28T19:23:21.692+0530][gc,phases   ] GC(79)   Post Evacuate Collection Set: 0.4ms
[2025-03-28T19:23:21.692+0530][gc,phases   ] GC(79)   Other: 0.2ms
[2025-03-28T19:23:21.692+0530][gc,heap     ] GC(79) Eden regions: 46->0(63)
[2025-03-28T19:23:21.692+0530][gc,heap     ] GC(79) Survivor regions: 5->2(7)
[2025-03-28T19:23:21.692+0530][gc,heap     ] GC(79) Old regions: 84->85
[2025-03-28T19:23:21.692+0530][gc,heap     ] GC(79) Archive regions: 2->2
[2025-03-28T19:23:21.692+0530][gc,heap     ] GC(79) Humongous regions: 140->140
[2025-03-28T19:23:21.692+0530][gc,metaspace] GC(79) Metaspace: 49348K(50048K)->49348K(50048K) NonClass: 43706K(44096K)->43706K(44096K) Class: 5641K(5952K)->5641K(5952K)
[2025-03-28T19:23:21.693+0530][gc          ] GC(79) Pause Young (Normal) (G1 Evacuation Pause) 275M->227M(1024M) 10.691ms
[2025-03-28T19:23:21.693+0530][gc,cpu      ] GC(79) User=0.01s Sys=0.00s Real=0.01s
[2025-03-28T19:23:23.746+0530][gc,start    ] GC(80) Pause Young (Normal) (G1 Evacuation Pause)
[2025-03-28T19:23:23.746+0530][gc,task     ] GC(80) Using 2 workers of 2 for evacuation
[2025-03-28T19:23:23.759+0530][gc,phases   ] GC(80)   Pre Evacuate Collection Set: 0.3ms
[2025-03-28T19:23:23.759+0530][gc,phases   ] GC(80)   Merge Heap Roots: 0.1ms
[2025-03-28T19:23:23.759+0530][gc,phases   ] GC(80)   Evacuate Collection Set: 9.8ms
[2025-03-28T19:23:23.759+0530][gc,phases   ] GC(80)   Post Evacuate Collection Set: 1.8ms
[2025-03-28T19:23:23.759+0530][gc,phases   ] GC(80)   Other: 0.2ms
[2025-03-28T19:23:23.759+0530][gc,heap     ] GC(80) Eden regions: 63->0(44)
[2025-03-28T19:23:23.759+0530][gc,heap     ] GC(80) Survivor regions: 2->7(9)
[2025-03-28T19:23:23.759+0530][gc,heap     ] GC(80) Old regions: 85->85
[2025-03-28T19:23:23.759+0530][gc,heap     ] GC(80) Archive regions: 2->2
[2025-03-28T19:23:23.759+0530][gc,heap     ] GC(80) Humongous regions: 140->138
[2025-03-28T19:23:23.759+0530][gc,metaspace] GC(80) Metaspace: 49351K(50048K)->49351K(50048K) NonClass: 43709K(44096K)->43709K(44096K) Class: 5641K(5952K)->5641K(5952K)
[2025-03-28T19:23:23.759+0530][gc          ] GC(80) Pause Young (Normal) (G1 Evacuation Pause) 290M->229M(1024M) 12.747ms
[2025-03-28T19:23:23.759+0530][gc,cpu      ] GC(80) User=0.02s Sys=0.00s Real=0.01s
[2025-03-28T19:23:23.851+0530][gc,start    ] GC(81) Pause Young (Normal) (G1 Evacuation Pause)
[2025-03-28T19:23:23.851+0530][gc,task     ] GC(81) Using 2 workers of 2 for evacuation
[2025-03-28T19:23:23.858+0530][gc,phases   ] GC(81)   Pre Evacuate Collection Set: 0.4ms
[2025-03-28T19:23:23.858+0530][gc,phases   ] GC(81)   Merge Heap Roots: 0.2ms
[2025-03-28T19:23:23.858+0530][gc,phases   ] GC(81)   Evacuate Collection Set: 5.3ms
[2025-03-28T19:23:23.858+0530][gc,phases   ] GC(81)   Post Evacuate Collection Set: 0.9ms
[2025-03-28T19:23:23.858+0530][gc,phases   ] GC(81)   Other: 0.2ms
[2025-03-28T19:23:23.858+0530][gc,heap     ] GC(81) Eden regions: 44->0(157)
[2025-03-28T19:23:23.858+0530][gc,heap     ] GC(81) Survivor regions: 7->2(7)
[2025-03-28T19:23:23.858+0530][gc,heap     ] GC(81) Old regions: 85->86
[2025-03-28T19:23:23.858+0530][gc,heap     ] GC(81) Archive regions: 2->2
[2025-03-28T19:23:23.858+0530][gc,heap     ] GC(81) Humongous regions: 140->140
[2025-03-28T19:23:23.858+0530][gc,metaspace] GC(81) Metaspace: 49352K(50048K)->49352K(50048K) NonClass: 43710K(44096K)->43710K(44096K) Class: 5641K(5952K)->5641K(5952K)
[2025-03-28T19:23:23.858+0530][gc          ] GC(81) Pause Young (Normal) (G1 Evacuation Pause) 275M->228M(1024M) 7.156ms
[2025-03-28T19:23:23.858+0530][gc,cpu      ] GC(81) User=0.01s Sys=0.00s Real=0.01s
[2025-03-28T19:23:24.647+0530][gc,start    ] GC(54) Pause Young (Normal) (G1 Evacuation Pause)
[2025-03-28T19:23:24.647+0530][gc,task     ] GC(54) Using 2 workers of 2 for evacuation
[2025-03-28T19:23:24.655+0530][gc,phases   ] GC(54)   Pre Evacuate Collection Set: 0.3ms
[2025-03-28T19:23:24.655+0530][gc,phases   ] GC(54)   Merge Heap Roots: 0.5ms
[2025-03-28T19:23:24.656+0530][gc,phases   ] GC(54)   Evacuate Collection Set: 6.4ms
[2025-03-28T19:23:24.656+0530][gc,phases   ] GC(54)   Post Evacuate Collection Set: 0.8ms
[2025-03-28T19:23:24.656+0530][gc,phases   ] GC(54)   Other: 0.2ms
[2025-03-28T19:23:24.656+0530][gc,heap     ] GC(54) Eden regions: 48->0(72)
[2025-03-28T19:23:24.656+0530][gc,heap     ] GC(54) Survivor regions: 3->3(7)
[2025-03-28T19:23:24.656+0530][gc,heap     ] GC(54) Old regions: 40->40
[2025-03-28T19:23:24.656+0530][gc,heap     ] GC(54) Archive regions: 2->2
[2025-03-28T19:23:24.656+0530][gc,heap     ] GC(54) Humongous regions: 149->147
[2025-03-28T19:23:24.656+0530][gc,metaspace] GC(54) Metaspace: 49168K(49792K)->49168K(49792K) NonClass: 43553K(43904K)->43553K(43904K) Class: 5614K(5888K)->5614K(5888K)
[2025-03-28T19:23:24.656+0530][gc          ] GC(54) Pause Young (Normal) (G1 Evacuation Pause) 240M->190M(1024M) 8.294ms
[2025-03-28T19:23:24.656+0530][gc,cpu      ] GC(54) User=0.01s Sys=0.00s Real=0.01s
[2025-03-28T19:23:24.796+0530][gc,start    ] GC(55) Pause Young (Normal) (G1 Evacuation Pause)
[2025-03-28T19:23:24.796+0530][gc,task     ] GC(55) Using 2 workers of 2 for evacuation
[2025-03-28T19:23:24.803+0530][gc,phases   ] GC(55)   Pre Evacuate Collection Set: 0.3ms
[2025-03-28T19:23:24.803+0530][gc,phases   ] GC(55)   Merge Heap Roots: 0.1ms
[2025-03-28T19:23:24.803+0530][gc,phases   ] GC(55)   Evacuate Collection Set: 5.8ms
[2025-03-28T19:23:24.803+0530][gc,phases   ] GC(55)   Post Evacuate Collection Set: 0.6ms
[2025-03-28T19:23:24.803+0530][gc,phases   ] GC(55)   Other: 0.2ms
[2025-03-28T19:23:24.803+0530][gc,heap     ] GC(55) Eden regions: 72->0(135)
[2025-03-28T19:23:24.803+0530][gc,heap     ] GC(55) Survivor regions: 3->3(10)
[2025-03-28T19:23:24.803+0530][gc,heap     ] GC(55) Old regions: 40->40
[2025-03-28T19:23:24.803+0530][gc,heap     ] GC(55) Archive regions: 2->2
[2025-03-28T19:23:24.803+0530][gc,heap     ] GC(55) Humongous regions: 149->149
[2025-03-28T19:23:24.803+0530][gc,metaspace] GC(55) Metaspace: 49168K(49792K)->49168K(49792K) NonClass: 43553K(43904K)->43553K(43904K) Class: 5614K(5888K)->5614K(5888K)
[2025-03-28T19:23:24.803+0530][gc          ] GC(55) Pause Young (Normal) (G1 Evacuation Pause) 264M->192M(1024M) 6.973ms
[2025-03-28T19:23:24.803+0530][gc,cpu      ] GC(55) User=0.01s Sys=0.00s Real=0.01s
[2025-03-28T19:23:35.955+0530][gc,start    ] GC(82) Pause Young (Normal) (G1 Evacuation Pause)
[2025-03-28T19:23:35.955+0530][gc,task     ] GC(82) Using 2 workers of 2 for evacuation
[2025-03-28T19:23:36.561+0530][gc,mmu      ] GC(82) MMU target violated: 21.0ms (20.0ms/21.0ms)
[2025-03-28T19:23:36.562+0530][gc,phases   ] GC(82)   Pre Evacuate Collection Set: 0.4ms
[2025-03-28T19:23:36.562+0530][gc,phases   ] GC(82)   Merge Heap Roots: 0.3ms
[2025-03-28T19:23:36.562+0530][gc,phases   ] GC(82)   Evacuate Collection Set: 75.5ms
[2025-03-28T19:23:36.562+0530][gc,phases   ] GC(82)   Post Evacuate Collection Set: 530.6ms
[2025-03-28T19:23:36.562+0530][gc,phases   ] GC(82)   Other: 0.4ms
[2025-03-28T19:23:36.562+0530][gc,heap     ] GC(82) Eden regions: 157->0(44)
[2025-03-28T19:23:36.562+0530][gc,heap     ] GC(82) Survivor regions: 2->7(20)
[2025-03-28T19:23:36.562+0530][gc,heap     ] GC(82) Old regions: 86->86
[2025-03-28T19:23:36.562+0530][gc,heap     ] GC(82) Archive regions: 2->2
[2025-03-28T19:23:36.562+0530][gc,heap     ] GC(82) Humongous regions: 142->138
[2025-03-28T19:23:36.562+0530][gc,metaspace] GC(82) Metaspace: 49418K(50112K)->49418K(50112K) NonClass: 43776K(44160K)->43776K(44160K) Class: 5641K(5952K)->5641K(5952K)
[2025-03-28T19:23:36.562+0530][gc          ] GC(82) Pause Young (Normal) (G1 Evacuation Pause) 387M->231M(1024M) 607.648ms
[2025-03-28T19:23:36.562+0530][gc,cpu      ] GC(82) User=0.03s Sys=0.00s Real=0.61s
[2025-03-28T19:23:36.784+0530][gc,start    ] GC(83) Pause Young (Normal) (G1 Evacuation Pause)
[2025-03-28T19:23:36.784+0530][gc,task     ] GC(83) Using 2 workers of 2 for evacuation
[2025-03-28T19:23:36.806+0530][gc,mmu      ] GC(83) MMU target violated: 21.0ms (20.0ms/21.0ms)
[2025-03-28T19:23:36.806+0530][gc,phases   ] GC(83)   Pre Evacuate Collection Set: 0.4ms
[2025-03-28T19:23:36.806+0530][gc,phases   ] GC(83)   Merge Heap Roots: 0.2ms
[2025-03-28T19:23:36.806+0530][gc,phases   ] GC(83)   Evacuate Collection Set: 14.0ms
[2025-03-28T19:23:36.806+0530][gc,phases   ] GC(83)   Post Evacuate Collection Set: 7.6ms
[2025-03-28T19:23:36.806+0530][gc,phases   ] GC(83)   Other: 0.2ms
[2025-03-28T19:23:36.806+0530][gc,heap     ] GC(83) Eden regions: 44->0(49)
[2025-03-28T19:23:36.806+0530][gc,heap     ] GC(83) Survivor regions: 7->2(7)
[2025-03-28T19:23:36.806+0530][gc,heap     ] GC(83) Old regions: 86->88
[2025-03-28T19:23:36.806+0530][gc,heap     ] GC(83) Archive regions: 2->2
[2025-03-28T19:23:36.806+0530][gc,heap     ] GC(83) Humongous regions: 140->140
[2025-03-28T19:23:36.806+0530][gc,metaspace] GC(83) Metaspace: 49430K(50112K)->49430K(50112K) NonClass: 43788K(44160K)->43788K(44160K) Class: 5642K(5952K)->5642K(5952K)
[2025-03-28T19:23:36.806+0530][gc          ] GC(83) Pause Young (Normal) (G1 Evacuation Pause) 277M->229M(1024M) 22.736ms
[2025-03-28T19:23:36.806+0530][gc,cpu      ] GC(83) User=0.02s Sys=0.00s Real=0.03s
[2025-03-28T19:23:40.906+0530][gc,start    ] GC(56) Pause Young (Normal) (G1 Evacuation Pause)
[2025-03-28T19:23:40.906+0530][gc,task     ] GC(56) Using 2 workers of 2 for evacuation
[2025-03-28T19:23:40.925+0530][gc,phases   ] GC(56)   Pre Evacuate Collection Set: 4.7ms
[2025-03-28T19:23:40.925+0530][gc,phases   ] GC(56)   Merge Heap Roots: 0.2ms
[2025-03-28T19:23:40.925+0530][gc,phases   ] GC(56)   Evacuate Collection Set: 13.2ms
[2025-03-28T19:23:40.925+0530][gc,phases   ] GC(56)   Post Evacuate Collection Set: 0.7ms
[2025-03-28T19:23:40.925+0530][gc,phases   ] GC(56)   Other: 0.2ms
[2025-03-28T19:23:40.925+0530][gc,heap     ] GC(56) Eden regions: 135->0(176)
[2025-03-28T19:23:40.926+0530][gc,heap     ] GC(56) Survivor regions: 3->4(18)
[2025-03-28T19:23:40.926+0530][gc,heap     ] GC(56) Old regions: 40->40
[2025-03-28T19:23:40.926+0530][gc,heap     ] GC(56) Archive regions: 2->2
[2025-03-28T19:23:40.926+0530][gc,heap     ] GC(56) Humongous regions: 151->147
[2025-03-28T19:23:40.926+0530][gc,metaspace] GC(56) Metaspace: 49210K(49792K)->49210K(49792K) NonClass: 43595K(43904K)->43595K(43904K) Class: 5615K(5888K)->5615K(5888K)
[2025-03-28T19:23:40.926+0530][gc          ] GC(56) Pause Young (Normal) (G1 Evacuation Pause) 329M->191M(1024M) 19.246ms
[2025-03-28T19:23:40.926+0530][gc,cpu      ] GC(56) User=0.01s Sys=0.00s Real=0.03s
[2025-03-28T19:23:40.934+0530][gc,start    ] GC(84) Pause Young (Normal) (G1 Evacuation Pause)
[2025-03-28T19:23:40.934+0530][gc,task     ] GC(84) Using 2 workers of 2 for evacuation
[2025-03-28T19:23:40.964+0530][gc,mmu      ] GC(84) MMU target violated: 21.0ms (20.0ms/21.0ms)
[2025-03-28T19:23:40.964+0530][gc,phases   ] GC(84)   Pre Evacuate Collection Set: 0.2ms
[2025-03-28T19:23:40.964+0530][gc,phases   ] GC(84)   Merge Heap Roots: 0.1ms
[2025-03-28T19:23:40.964+0530][gc,phases   ] GC(84)   Evacuate Collection Set: 28.6ms
[2025-03-28T19:23:40.964+0530][gc,phases   ] GC(84)   Post Evacuate Collection Set: 1.0ms
[2025-03-28T19:23:40.964+0530][gc,phases   ] GC(84)   Other: 0.2ms
[2025-03-28T19:23:40.964+0530][gc,heap     ] GC(84) Eden regions: 49->0(45)
[2025-03-28T19:23:40.964+0530][gc,heap     ] GC(84) Survivor regions: 2->6(7)
[2025-03-28T19:23:40.964+0530][gc,heap     ] GC(84) Old regions: 88->88
[2025-03-28T19:23:40.964+0530][gc,heap     ] GC(84) Archive regions: 2->2
[2025-03-28T19:23:40.964+0530][gc,heap     ] GC(84) Humongous regions: 140->138
[2025-03-28T19:23:40.964+0530][gc,metaspace] GC(84) Metaspace: 49494K(50112K)->49494K(50112K) NonClass: 43837K(44160K)->43837K(44160K) Class: 5656K(5952K)->5656K(5952K)
[2025-03-28T19:23:40.964+0530][gc          ] GC(84) Pause Young (Normal) (G1 Evacuation Pause) 278M->231M(1024M) 30.218ms
[2025-03-28T19:23:40.964+0530][gc,cpu      ] GC(84) User=0.01s Sys=0.00s Real=0.03s
[2025-03-28T19:23:41.097+0530][gc,start    ] GC(85) Pause Young (Normal) (G1 Evacuation Pause)
[2025-03-28T19:23:41.097+0530][gc,task     ] GC(85) Using 2 workers of 2 for evacuation
[2025-03-28T19:23:41.103+0530][gc,phases   ] GC(85)   Pre Evacuate Collection Set: 0.2ms
[2025-03-28T19:23:41.103+0530][gc,phases   ] GC(85)   Merge Heap Roots: 0.1ms
[2025-03-28T19:23:41.103+0530][gc,phases   ] GC(85)   Evacuate Collection Set: 5.8ms
[2025-03-28T19:23:41.103+0530][gc,phases   ] GC(85)   Post Evacuate Collection Set: 0.4ms
[2025-03-28T19:23:41.103+0530][gc,phases   ] GC(85)   Other: 0.2ms
[2025-03-28T19:23:41.103+0530][gc,heap     ] GC(85) Eden regions: 45->0(49)
[2025-03-28T19:23:41.103+0530][gc,heap     ] GC(85) Survivor regions: 6->2(7)
[2025-03-28T19:23:41.103+0530][gc,heap     ] GC(85) Old regions: 88->89
[2025-03-28T19:23:41.103+0530][gc,heap     ] GC(85) Archive regions: 2->2
[2025-03-28T19:23:41.103+0530][gc,heap     ] GC(85) Humongous regions: 140->140
[2025-03-28T19:23:41.104+0530][gc,metaspace] GC(85) Metaspace: 49494K(50112K)->49494K(50112K) NonClass: 43837K(44160K)->43837K(44160K) Class: 5656K(5952K)->5656K(5952K)
[2025-03-28T19:23:41.104+0530][gc          ] GC(85) Pause Young (Normal) (G1 Evacuation Pause) 278M->231M(1024M) 6.911ms
[2025-03-28T19:23:41.104+0530][gc,cpu      ] GC(85) User=0.01s Sys=0.01s Real=0.00s
[2025-03-28T19:23:43.786+0530][gc,start    ] GC(86) Pause Young (Normal) (G1 Evacuation Pause)
[2025-03-28T19:23:43.786+0530][gc,task     ] GC(86) Using 2 workers of 2 for evacuation
[2025-03-28T19:23:43.807+0530][gc,mmu      ] GC(86) MMU target violated: 20.5ms (20.0ms/21.0ms)
[2025-03-28T19:23:43.807+0530][gc,phases   ] GC(86)   Pre Evacuate Collection Set: 0.8ms
[2025-03-28T19:23:43.807+0530][gc,phases   ] GC(86)   Merge Heap Roots: 0.2ms
[2025-03-28T19:23:43.807+0530][gc,phases   ] GC(86)   Evacuate Collection Set: 12.7ms
[2025-03-28T19:23:43.807+0530][gc,phases   ] GC(86)   Post Evacuate Collection Set: 6.7ms
[2025-03-28T19:23:43.807+0530][gc,phases   ] GC(86)   Other: 0.3ms
[2025-03-28T19:23:43.807+0530][gc,heap     ] GC(86) Eden regions: 49->0(45)
[2025-03-28T19:23:43.807+0530][gc,heap     ] GC(86) Survivor regions: 2->6(7)
[2025-03-28T19:23:43.807+0530][gc,heap     ] GC(86) Old regions: 89->89
[2025-03-28T19:23:43.807+0530][gc,heap     ] GC(86) Archive regions: 2->2
[2025-03-28T19:23:43.807+0530][gc,heap     ] GC(86) Humongous regions: 143->138
[2025-03-28T19:23:43.807+0530][gc,metaspace] GC(86) Metaspace: 49497K(50112K)->49497K(50112K) NonClass: 43841K(44160K)->43841K(44160K) Class: 5656K(5952K)->5656K(5952K)
[2025-03-28T19:23:43.807+0530][gc          ] GC(86) Pause Young (Normal) (G1 Evacuation Pause) 283M->232M(1024M) 21.017ms
[2025-03-28T19:23:43.807+0530][gc,cpu      ] GC(86) User=0.02s Sys=0.01s Real=0.03s
[2025-03-28T19:23:44.077+0530][gc,start    ] GC(87) Pause Young (Normal) (G1 Evacuation Pause)
[2025-03-28T19:23:44.077+0530][gc,task     ] GC(87) Using 2 workers of 2 for evacuation
[2025-03-28T19:23:44.127+0530][gc,mmu      ] GC(87) MMU target violated: 21.0ms (20.0ms/21.0ms)
[2025-03-28T19:23:44.127+0530][gc,phases   ] GC(87)   Pre Evacuate Collection Set: 14.5ms
[2025-03-28T19:23:44.127+0530][gc,phases   ] GC(87)   Merge Heap Roots: 0.5ms
[2025-03-28T19:23:44.127+0530][gc,phases   ] GC(87)   Evacuate Collection Set: 13.5ms
[2025-03-28T19:23:44.127+0530][gc,phases   ] GC(87)   Post Evacuate Collection Set: 21.1ms
[2025-03-28T19:23:44.127+0530][gc,phases   ] GC(87)   Other: 0.3ms
[2025-03-28T19:23:44.127+0530][gc,heap     ] GC(87) Eden regions: 45->0(49)
[2025-03-28T19:23:44.127+0530][gc,heap     ] GC(87) Survivor regions: 6->2(7)
[2025-03-28T19:23:44.127+0530][gc,heap     ] GC(87) Old regions: 89->90
[2025-03-28T19:23:44.127+0530][gc,heap     ] GC(87) Archive regions: 2->2
[2025-03-28T19:23:44.127+0530][gc,heap     ] GC(87) Humongous regions: 140->140
[2025-03-28T19:23:44.127+0530][gc,metaspace] GC(87) Metaspace: 49498K(50112K)->49498K(50112K) NonClass: 43842K(44160K)->43842K(44160K) Class: 5656K(5952K)->5656K(5952K)
[2025-03-28T19:23:44.127+0530][gc          ] GC(87) Pause Young (Normal) (G1 Evacuation Pause) 279M->231M(1024M) 49.963ms
[2025-03-28T19:23:44.127+0530][gc,cpu      ] GC(87) User=0.05s Sys=0.01s Real=0.05s
[2025-03-28T19:23:44.635+0530][gc,start    ] GC(57) Pause Young (Normal) (G1 Evacuation Pause)
[2025-03-28T19:23:44.635+0530][gc,task     ] GC(57) Using 2 workers of 2 for evacuation
[2025-03-28T19:23:44.639+0530][gc,phases   ] GC(57)   Pre Evacuate Collection Set: 0.3ms
[2025-03-28T19:23:44.639+0530][gc,phases   ] GC(57)   Merge Heap Roots: 0.1ms
[2025-03-28T19:23:44.639+0530][gc,phases   ] GC(57)   Evacuate Collection Set: 3.5ms
[2025-03-28T19:23:44.639+0530][gc,phases   ] GC(57)   Post Evacuate Collection Set: 0.7ms
[2025-03-28T19:23:44.639+0530][gc,phases   ] GC(57)   Other: 0.2ms
[2025-03-28T19:23:44.639+0530][gc,heap     ] GC(57) Eden regions: 176->0(432)
[2025-03-28T19:23:44.639+0530][gc,heap     ] GC(57) Survivor regions: 4->2(23)
[2025-03-28T19:23:44.639+0530][gc,heap     ] GC(57) Old regions: 40->40
[2025-03-28T19:23:44.639+0530][gc,heap     ] GC(57) Archive regions: 2->2
[2025-03-28T19:23:44.639+0530][gc,heap     ] GC(57) Humongous regions: 154->147
[2025-03-28T19:23:44.639+0530][gc,metaspace] GC(57) Metaspace: 49223K(49792K)->49223K(49792K) NonClass: 43607K(43904K)->43607K(43904K) Class: 5615K(5888K)->5615K(5888K)
[2025-03-28T19:23:44.639+0530][gc          ] GC(57) Pause Young (Normal) (G1 Evacuation Pause) 374M->189M(1024M) 4.885ms
[2025-03-28T19:23:44.639+0530][gc,cpu      ] GC(57) User=0.01s Sys=0.00s Real=0.01s
[2025-03-28T19:23:51.704+0530][gc,start    ] GC(88) Pause Young (Normal) (G1 Evacuation Pause)
[2025-03-28T19:23:51.704+0530][gc,task     ] GC(88) Using 2 workers of 2 for evacuation
[2025-03-28T19:23:51.756+0530][gc,mmu      ] GC(88) MMU target violated: 21.0ms (20.0ms/21.0ms)
[2025-03-28T19:23:51.756+0530][gc,phases   ] GC(88)   Pre Evacuate Collection Set: 11.7ms
[2025-03-28T19:23:51.756+0530][gc,phases   ] GC(88)   Merge Heap Roots: 2.0ms
[2025-03-28T19:23:51.756+0530][gc,phases   ] GC(88)   Evacuate Collection Set: 35.6ms
[2025-03-28T19:23:51.756+0530][gc,phases   ] GC(88)   Post Evacuate Collection Set: 2.9ms
[2025-03-28T19:23:51.756+0530][gc,phases   ] GC(88)   Other: 0.2ms
[2025-03-28T19:23:51.756+0530][gc,heap     ] GC(88) Eden regions: 49->0(46)
[2025-03-28T19:23:51.756+0530][gc,heap     ] GC(88) Survivor regions: 2->5(7)
[2025-03-28T19:23:51.756+0530][gc,heap     ] GC(88) Old regions: 90->90
[2025-03-28T19:23:51.756+0530][gc,heap     ] GC(88) Archive regions: 2->2
[2025-03-28T19:23:51.756+0530][gc,heap     ] GC(88) Humongous regions: 140->138
[2025-03-28T19:23:51.756+0530][gc,metaspace] GC(88) Metaspace: 49566K(50176K)->49566K(50176K) NonClass: 43909K(44224K)->43909K(44224K) Class: 5656K(5952K)->5656K(5952K)
[2025-03-28T19:23:51.757+0530][gc          ] GC(88) Pause Young (Normal) (G1 Evacuation Pause) 280M->232M(1024M) 52.545ms
[2025-03-28T19:23:51.757+0530][gc,cpu      ] GC(88) User=0.03s Sys=0.01s Real=0.05s
[2025-03-28T19:23:51.935+0530][gc,start    ] GC(89) Pause Young (Normal) (G1 Evacuation Pause)
[2025-03-28T19:23:51.935+0530][gc,task     ] GC(89) Using 2 workers of 2 for evacuation
[2025-03-28T19:23:51.942+0530][gc,phases   ] GC(89)   Pre Evacuate Collection Set: 0.3ms
[2025-03-28T19:23:51.942+0530][gc,phases   ] GC(89)   Merge Heap Roots: 0.1ms
[2025-03-28T19:23:51.942+0530][gc,phases   ] GC(89)   Evacuate Collection Set: 6.1ms
[2025-03-28T19:23:51.942+0530][gc,phases   ] GC(89)   Post Evacuate Collection Set: 0.5ms
[2025-03-28T19:23:51.942+0530][gc,phases   ] GC(89)   Other: 0.2ms
[2025-03-28T19:23:51.942+0530][gc,heap     ] GC(89) Eden regions: 46->0(49)
[2025-03-28T19:23:51.942+0530][gc,heap     ] GC(89) Survivor regions: 5->2(7)
[2025-03-28T19:23:51.942+0530][gc,heap     ] GC(89) Old regions: 90->90
[2025-03-28T19:23:51.942+0530][gc,heap     ] GC(89) Archive regions: 2->2
[2025-03-28T19:23:51.942+0530][gc,heap     ] GC(89) Humongous regions: 140->140
[2025-03-28T19:23:51.942+0530][gc,metaspace] GC(89) Metaspace: 49568K(50176K)->49568K(50176K) NonClass: 43911K(44224K)->43911K(44224K) Class: 5656K(5952K)->5656K(5952K)
[2025-03-28T19:23:51.942+0530][gc          ] GC(89) Pause Young (Normal) (G1 Evacuation Pause) 280M->232M(1024M) 7.264ms
[2025-03-28T19:23:51.942+0530][gc,cpu      ] GC(89) User=0.01s Sys=0.00s Real=0.01s
[2025-03-28T19:23:53.738+0530][gc,start    ] GC(90) Pause Young (Normal) (G1 Evacuation Pause)
[2025-03-28T19:23:53.738+0530][gc,task     ] GC(90) Using 2 workers of 2 for evacuation
[2025-03-28T19:23:53.744+0530][gc,phases   ] GC(90)   Pre Evacuate Collection Set: 0.2ms
[2025-03-28T19:23:53.744+0530][gc,phases   ] GC(90)   Merge Heap Roots: 0.1ms
[2025-03-28T19:23:53.744+0530][gc,phases   ] GC(90)   Evacuate Collection Set: 5.2ms
[2025-03-28T19:23:53.744+0530][gc,phases   ] GC(90)   Post Evacuate Collection Set: 0.7ms
[2025-03-28T19:23:53.744+0530][gc,phases   ] GC(90)   Other: 0.1ms
[2025-03-28T19:23:53.744+0530][gc,heap     ] GC(90) Eden regions: 49->0(47)
[2025-03-28T19:23:53.744+0530][gc,heap     ] GC(90) Survivor regions: 2->4(7)
[2025-03-28T19:23:53.744+0530][gc,heap     ] GC(90) Old regions: 90->90
[2025-03-28T19:23:53.744+0530][gc,heap     ] GC(90) Archive regions: 2->2
[2025-03-28T19:23:53.744+0530][gc,heap     ] GC(90) Humongous regions: 140->138
[2025-03-28T19:23:53.744+0530][gc,metaspace] GC(90) Metaspace: 49571K(50176K)->49571K(50176K) NonClass: 43914K(44224K)->43914K(44224K) Class: 5656K(5952K)->5656K(5952K)
[2025-03-28T19:23:53.744+0530][gc          ] GC(90) Pause Young (Normal) (G1 Evacuation Pause) 281M->232M(1024M) 6.477ms
[2025-03-28T19:23:53.744+0530][gc,cpu      ] GC(90) User=0.01s Sys=0.00s Real=0.00s
[2025-03-28T19:23:53.846+0530][gc,start    ] GC(91) Pause Young (Normal) (G1 Evacuation Pause)
[2025-03-28T19:23:53.846+0530][gc,task     ] GC(91) Using 2 workers of 2 for evacuation
[2025-03-28T19:23:53.851+0530][gc,phases   ] GC(91)   Pre Evacuate Collection Set: 0.2ms
[2025-03-28T19:23:53.851+0530][gc,phases   ] GC(91)   Merge Heap Roots: 0.1ms
[2025-03-28T19:23:53.851+0530][gc,phases   ] GC(91)   Evacuate Collection Set: 4.3ms
[2025-03-28T19:23:53.851+0530][gc,phases   ] GC(91)   Post Evacuate Collection Set: 0.5ms
[2025-03-28T19:23:53.851+0530][gc,phases   ] GC(91)   Other: 0.2ms
[2025-03-28T19:23:53.851+0530][gc,heap     ] GC(91) Eden regions: 47->0(49)
[2025-03-28T19:23:53.851+0530][gc,heap     ] GC(91) Survivor regions: 4->2(7)
[2025-03-28T19:23:53.851+0530][gc,heap     ] GC(91) Old regions: 90->91
[2025-03-28T19:23:53.851+0530][gc,heap     ] GC(91) Archive regions: 2->2
[2025-03-28T19:23:53.851+0530][gc,heap     ] GC(91) Humongous regions: 140->140
[2025-03-28T19:23:53.851+0530][gc,metaspace] GC(91) Metaspace: 49573K(50176K)->49573K(50176K) NonClass: 43917K(44224K)->43917K(44224K) Class: 5656K(5952K)->5656K(5952K)
[2025-03-28T19:23:53.851+0530][gc          ] GC(91) Pause Young (Normal) (G1 Evacuation Pause) 281M->233M(1024M) 5.387ms
[2025-03-28T19:23:53.851+0530][gc,cpu      ] GC(91) User=0.01s Sys=0.00s Real=0.01s
[2025-03-28T19:24:01.020+0530][gc,start    ] GC(92) Pause Young (Normal) (G1 Evacuation Pause)
[2025-03-28T19:24:01.020+0530][gc,task     ] GC(92) Using 2 workers of 2 for evacuation
[2025-03-28T19:24:01.082+0530][gc,mmu      ] GC(92) MMU target violated: 21.0ms (20.0ms/21.0ms)
[2025-03-28T19:24:01.082+0530][gc,phases   ] GC(92)   Pre Evacuate Collection Set: 0.8ms
[2025-03-28T19:24:01.082+0530][gc,phases   ] GC(92)   Merge Heap Roots: 0.3ms
[2025-03-28T19:24:01.082+0530][gc,phases   ] GC(92)   Evacuate Collection Set: 58.6ms
[2025-03-28T19:24:01.082+0530][gc,phases   ] GC(92)   Post Evacuate Collection Set: 1.6ms
[2025-03-28T19:24:01.082+0530][gc,phases   ] GC(92)   Other: 0.8ms
[2025-03-28T19:24:01.082+0530][gc,heap     ] GC(92) Eden regions: 49->0(47)
[2025-03-28T19:24:01.082+0530][gc,heap     ] GC(92) Survivor regions: 2->4(7)
[2025-03-28T19:24:01.082+0530][gc,heap     ] GC(92) Old regions: 91->91
[2025-03-28T19:24:01.082+0530][gc,heap     ] GC(92) Archive regions: 2->2
[2025-03-28T19:24:01.082+0530][gc,heap     ] GC(92) Humongous regions: 140->138
[2025-03-28T19:24:01.082+0530][gc,metaspace] GC(92) Metaspace: 49576K(50176K)->49576K(50176K) NonClass: 43919K(44224K)->43919K(44224K) Class: 5656K(5952K)->5656K(5952K)
[2025-03-28T19:24:01.082+0530][gc          ] GC(92) Pause Young (Normal) (G1 Evacuation Pause) 282M->233M(1024M) 62.531ms
[2025-03-28T19:24:01.082+0530][gc,cpu      ] GC(92) User=0.03s Sys=0.01s Real=0.06s
[2025-03-28T19:24:01.321+0530][gc,start    ] GC(93) Pause Young (Normal) (G1 Evacuation Pause)
[2025-03-28T19:24:01.321+0530][gc,task     ] GC(93) Using 2 workers of 2 for evacuation
[2025-03-28T19:24:01.341+0530][gc,mmu      ] GC(93) MMU target violated: 20.3ms (20.0ms/21.0ms)
[2025-03-28T19:24:01.341+0530][gc,phases   ] GC(93)   Pre Evacuate Collection Set: 0.2ms
[2025-03-28T19:24:01.341+0530][gc,phases   ] GC(93)   Merge Heap Roots: 0.1ms
[2025-03-28T19:24:01.341+0530][gc,phases   ] GC(93)   Evacuate Collection Set: 19.7ms
[2025-03-28T19:24:01.341+0530][gc,phases   ] GC(93)   Post Evacuate Collection Set: 0.4ms
[2025-03-28T19:24:01.341+0530][gc,phases   ] GC(93)   Other: 0.2ms
[2025-03-28T19:24:01.341+0530][gc,heap     ] GC(93) Eden regions: 47->0(48)
[2025-03-28T19:24:01.342+0530][gc,heap     ] GC(93) Survivor regions: 4->3(7)
[2025-03-28T19:24:01.342+0530][gc,heap     ] GC(93) Old regions: 91->91
[2025-03-28T19:24:01.342+0530][gc,heap     ] GC(93) Archive regions: 2->2
[2025-03-28T19:24:01.342+0530][gc,heap     ] GC(93) Humongous regions: 140->140
[2025-03-28T19:24:01.342+0530][gc,metaspace] GC(93) Metaspace: 49576K(50176K)->49576K(50176K) NonClass: 43919K(44224K)->43919K(44224K) Class: 5656K(5952K)->5656K(5952K)
[2025-03-28T19:24:01.342+0530][gc          ] GC(93) Pause Young (Normal) (G1 Evacuation Pause) 282M->234M(1024M) 20.640ms
[2025-03-28T19:24:01.342+0530][gc,cpu      ] GC(93) User=0.01s Sys=0.00s Real=0.02s
[2025-03-28T19:24:03.667+0530][gc,start    ] GC(94) Pause Young (Normal) (G1 Evacuation Pause)
[2025-03-28T19:24:03.667+0530][gc,task     ] GC(94) Using 2 workers of 2 for evacuation
[2025-03-28T19:24:03.694+0530][gc,mmu      ] GC(94) MMU target violated: 21.0ms (20.0ms/21.0ms)
[2025-03-28T19:24:03.694+0530][gc,phases   ] GC(94)   Pre Evacuate Collection Set: 0.9ms
[2025-03-28T19:24:03.694+0530][gc,phases   ] GC(94)   Merge Heap Roots: 0.5ms
[2025-03-28T19:24:03.694+0530][gc,phases   ] GC(94)   Evacuate Collection Set: 23.2ms
[2025-03-28T19:24:03.694+0530][gc,phases   ] GC(94)   Post Evacuate Collection Set: 2.0ms
[2025-03-28T19:24:03.694+0530][gc,phases   ] GC(94)   Other: 0.9ms
[2025-03-28T19:24:03.695+0530][gc,heap     ] GC(94) Eden regions: 48->0(48)
[2025-03-28T19:24:03.695+0530][gc,heap     ] GC(94) Survivor regions: 3->3(7)
[2025-03-28T19:24:03.695+0530][gc,heap     ] GC(94) Old regions: 91->91
[2025-03-28T19:24:03.695+0530][gc,heap     ] GC(94) Archive regions: 2->2
[2025-03-28T19:24:03.695+0530][gc,heap     ] GC(94) Humongous regions: 140->138
[2025-03-28T19:24:03.695+0530][gc,metaspace] GC(94) Metaspace: 49580K(50176K)->49580K(50176K) NonClass: 43924K(44224K)->43924K(44224K) Class: 5656K(5952K)->5656K(5952K)
[2025-03-28T19:24:03.695+0530][gc          ] GC(94) Pause Young (Normal) (G1 Evacuation Pause) 282M->232M(1024M) 28.314ms
[2025-03-28T19:24:03.695+0530][gc,cpu      ] GC(94) User=0.04s Sys=0.01s Real=0.03s
[2025-03-28T19:24:03.884+0530][gc,start    ] GC(95) Pause Young (Normal) (G1 Evacuation Pause)
[2025-03-28T19:24:03.884+0530][gc,task     ] GC(95) Using 2 workers of 2 for evacuation
[2025-03-28T19:24:03.892+0530][gc,phases   ] GC(95)   Pre Evacuate Collection Set: 0.2ms
[2025-03-28T19:24:03.892+0530][gc,phases   ] GC(95)   Merge Heap Roots: 0.1ms
[2025-03-28T19:24:03.892+0530][gc,phases   ] GC(95)   Evacuate Collection Set: 7.2ms
[2025-03-28T19:24:03.892+0530][gc,phases   ] GC(95)   Post Evacuate Collection Set: 0.6ms
[2025-03-28T19:24:03.892+0530][gc,phases   ] GC(95)   Other: 0.1ms
[2025-03-28T19:24:03.892+0530][gc,heap     ] GC(95) Eden regions: 48->0(48)
[2025-03-28T19:24:03.892+0530][gc,heap     ] GC(95) Survivor regions: 3->3(7)
[2025-03-28T19:24:03.892+0530][gc,heap     ] GC(95) Old regions: 91->91
[2025-03-28T19:24:03.893+0530][gc,heap     ] GC(95) Archive regions: 2->2
[2025-03-28T19:24:03.893+0530][gc,heap     ] GC(95) Humongous regions: 140->140
[2025-03-28T19:24:03.893+0530][gc,metaspace] GC(95) Metaspace: 49580K(50176K)->49580K(50176K) NonClass: 43924K(44224K)->43924K(44224K) Class: 5656K(5952K)->5656K(5952K)
[2025-03-28T19:24:03.893+0530][gc          ] GC(95) Pause Young (Normal) (G1 Evacuation Pause) 282M->234M(1024M) 8.322ms
[2025-03-28T19:24:03.893+0530][gc,cpu      ] GC(95) User=0.01s Sys=0.00s Real=0.01s
[2025-03-28T19:24:04.692+0530][gc,start    ] GC(58) Pause Young (Normal) (G1 Evacuation Pause)
[2025-03-28T19:24:04.692+0530][gc,task     ] GC(58) Using 2 workers of 2 for evacuation
[2025-03-28T19:24:04.716+0530][gc,mmu      ] GC(58) MMU target violated: 21.0ms (20.0ms/21.0ms)
[2025-03-28T19:24:04.716+0530][gc,phases   ] GC(58)   Pre Evacuate Collection Set: 0.2ms
[2025-03-28T19:24:04.716+0530][gc,phases   ] GC(58)   Merge Heap Roots: 0.1ms
[2025-03-28T19:24:04.716+0530][gc,phases   ] GC(58)   Evacuate Collection Set: 22.2ms
[2025-03-28T19:24:04.716+0530][gc,phases   ] GC(58)   Post Evacuate Collection Set: 0.7ms
[2025-03-28T19:24:04.716+0530][gc,phases   ] GC(58)   Other: 0.2ms
[2025-03-28T19:24:04.716+0530][gc,heap     ] GC(58) Eden regions: 432->0(205)
[2025-03-28T19:24:04.716+0530][gc,heap     ] GC(58) Survivor regions: 2->6(55)
[2025-03-28T19:24:04.716+0530][gc,heap     ] GC(58) Old regions: 40->40
[2025-03-28T19:24:04.716+0530][gc,heap     ] GC(58) Archive regions: 2->2
[2025-03-28T19:24:04.716+0530][gc,heap     ] GC(58) Humongous regions: 155->147
[2025-03-28T19:24:04.716+0530][gc,metaspace] GC(58) Metaspace: 49261K(49856K)->49261K(49856K) NonClass: 43645K(43968K)->43645K(43968K) Class: 5615K(5888K)->5615K(5888K)
[2025-03-28T19:24:04.716+0530][gc          ] GC(58) Pause Young (Normal) (G1 Evacuation Pause) 629M->193M(1024M) 23.490ms
[2025-03-28T19:24:04.716+0530][gc,cpu      ] GC(58) User=0.02s Sys=0.01s Real=0.03s
[2025-03-28T19:24:13.029+0530][gc,start    ] GC(96) Pause Young (Normal) (G1 Evacuation Pause)
[2025-03-28T19:24:13.029+0530][gc,task     ] GC(96) Using 2 workers of 2 for evacuation
[2025-03-28T19:24:13.040+0530][gc,phases   ] GC(96)   Pre Evacuate Collection Set: 0.4ms
[2025-03-28T19:24:13.040+0530][gc,phases   ] GC(96)   Merge Heap Roots: 0.2ms
[2025-03-28T19:24:13.040+0530][gc,phases   ] GC(96)   Evacuate Collection Set: 9.8ms
[2025-03-28T19:24:13.040+0530][gc,phases   ] GC(96)   Post Evacuate Collection Set: 1.0ms
[2025-03-28T19:24:13.040+0530][gc,phases   ] GC(96)   Other: 0.2ms
[2025-03-28T19:24:13.040+0530][gc,heap     ] GC(96) Eden regions: 48->0(48)
[2025-03-28T19:24:13.040+0530][gc,heap     ] GC(96) Survivor regions: 3->3(7)
[2025-03-28T19:24:13.040+0530][gc,heap     ] GC(96) Old regions: 91->91
[2025-03-28T19:24:13.040+0530][gc,heap     ] GC(96) Archive regions: 2->2
[2025-03-28T19:24:13.040+0530][gc,heap     ] GC(96) Humongous regions: 140->138
[2025-03-28T19:24:13.040+0530][gc,metaspace] GC(96) Metaspace: 49586K(50240K)->49586K(50240K) NonClass: 43929K(44288K)->43929K(44288K) Class: 5656K(5952K)->5656K(5952K)
[2025-03-28T19:24:13.040+0530][gc          ] GC(96) Pause Young (Normal) (G1 Evacuation Pause) 282M->232M(1024M) 11.736ms
[2025-03-28T19:24:13.040+0530][gc,cpu      ] GC(96) User=0.01s Sys=0.00s Real=0.01s
[2025-03-28T19:24:13.333+0530][gc,start    ] GC(97) Pause Young (Normal) (G1 Evacuation Pause)
[2025-03-28T19:24:13.333+0530][gc,task     ] GC(97) Using 2 workers of 2 for evacuation
[2025-03-28T19:24:13.340+0530][gc,phases   ] GC(97)   Pre Evacuate Collection Set: 0.2ms
[2025-03-28T19:24:13.340+0530][gc,phases   ] GC(97)   Merge Heap Roots: 0.2ms
[2025-03-28T19:24:13.340+0530][gc,phases   ] GC(97)   Evacuate Collection Set: 5.9ms
[2025-03-28T19:24:13.340+0530][gc,phases   ] GC(97)   Post Evacuate Collection Set: 0.7ms
[2025-03-28T19:24:13.341+0530][gc,phases   ] GC(97)   Other: 0.2ms
[2025-03-28T19:24:13.341+0530][gc,heap     ] GC(97) Eden regions: 48->0(48)
[2025-03-28T19:24:13.341+0530][gc,heap     ] GC(97) Survivor regions: 3->3(7)
[2025-03-28T19:24:13.341+0530][gc,heap     ] GC(97) Old regions: 91->91
[2025-03-28T19:24:13.341+0530][gc,heap     ] GC(97) Archive regions: 2->2
[2025-03-28T19:24:13.341+0530][gc,heap     ] GC(97) Humongous regions: 140->140
[2025-03-28T19:24:13.341+0530][gc,metaspace] GC(97) Metaspace: 49608K(50304K)->49608K(50304K) NonClass: 43949K(44352K)->43949K(44352K) Class: 5659K(5952K)->5659K(5952K)
[2025-03-28T19:24:13.341+0530][gc          ] GC(97) Pause Young (Normal) (G1 Evacuation Pause) 282M->234M(1024M) 7.330ms
[2025-03-28T19:24:13.341+0530][gc,cpu      ] GC(97) User=0.01s Sys=0.00s Real=0.01s
[2025-03-28T19:24:13.589+0530][gc,start    ] GC(98) Pause Young (Normal) (G1 Evacuation Pause)
[2025-03-28T19:24:13.589+0530][gc,task     ] GC(98) Using 2 workers of 2 for evacuation
[2025-03-28T19:24:13.608+0530][gc,phases   ] GC(98)   Pre Evacuate Collection Set: 0.3ms
[2025-03-28T19:24:13.608+0530][gc,phases   ] GC(98)   Merge Heap Roots: 0.5ms
[2025-03-28T19:24:13.608+0530][gc,phases   ] GC(98)   Evacuate Collection Set: 15.3ms
[2025-03-28T19:24:13.608+0530][gc,phases   ] GC(98)   Post Evacuate Collection Set: 1.7ms
[2025-03-28T19:24:13.608+0530][gc,phases   ] GC(98)   Other: 0.8ms
[2025-03-28T19:24:13.608+0530][gc,heap     ] GC(98) Eden regions: 48->0(48)
[2025-03-28T19:24:13.608+0530][gc,heap     ] GC(98) Survivor regions: 3->3(7)
[2025-03-28T19:24:13.608+0530][gc,heap     ] GC(98) Old regions: 91->91
[2025-03-28T19:24:13.608+0530][gc,heap     ] GC(98) Archive regions: 2->2
[2025-03-28T19:24:13.608+0530][gc,heap     ] GC(98) Humongous regions: 140->138
[2025-03-28T19:24:13.608+0530][gc,metaspace] GC(98) Metaspace: 49614K(50304K)->49614K(50304K) NonClass: 43955K(44352K)->43955K(44352K) Class: 5659K(5952K)->5659K(5952K)
[2025-03-28T19:24:13.608+0530][gc          ] GC(98) Pause Young (Normal) (G1 Evacuation Pause) 282M->232M(1024M) 19.246ms
[2025-03-28T19:24:13.608+0530][gc,cpu      ] GC(98) User=0.02s Sys=0.01s Real=0.02s
[2025-03-28T19:24:13.911+0530][gc,start    ] GC(99) Pause Young (Normal) (G1 Evacuation Pause)
[2025-03-28T19:24:13.911+0530][gc,task     ] GC(99) Using 2 workers of 2 for evacuation
[2025-03-28T19:24:13.918+0530][gc,phases   ] GC(99)   Pre Evacuate Collection Set: 0.2ms
[2025-03-28T19:24:13.918+0530][gc,phases   ] GC(99)   Merge Heap Roots: 0.1ms
[2025-03-28T19:24:13.918+0530][gc,phases   ] GC(99)   Evacuate Collection Set: 5.8ms
[2025-03-28T19:24:13.918+0530][gc,phases   ] GC(99)   Post Evacuate Collection Set: 0.6ms
[2025-03-28T19:24:13.918+0530][gc,phases   ] GC(99)   Other: 0.2ms
[2025-03-28T19:24:13.918+0530][gc,heap     ] GC(99) Eden regions: 48->0(48)
[2025-03-28T19:24:13.918+0530][gc,heap     ] GC(99) Survivor regions: 3->3(7)
[2025-03-28T19:24:13.918+0530][gc,heap     ] GC(99) Old regions: 91->91
[2025-03-28T19:24:13.918+0530][gc,heap     ] GC(99) Archive regions: 2->2
[2025-03-28T19:24:13.918+0530][gc,heap     ] GC(99) Humongous regions: 140->140
[2025-03-28T19:24:13.918+0530][gc,metaspace] GC(99) Metaspace: 49614K(50304K)->49614K(50304K) NonClass: 43955K(44352K)->43955K(44352K) Class: 5659K(5952K)->5659K(5952K)
[2025-03-28T19:24:13.918+0530][gc          ] GC(99) Pause Young (Normal) (G1 Evacuation Pause) 282M->234M(1024M) 7.037ms
[2025-03-28T19:24:13.919+0530][gc,cpu      ] GC(99) User=0.01s Sys=0.00s Real=0.01s
[2025-03-28T19:24:14.893+0530][gc,start    ] GC(59) Pause Young (Normal) (G1 Evacuation Pause)
[2025-03-28T19:24:14.894+0530][gc,task     ] GC(59) Using 2 workers of 2 for evacuation
[2025-03-28T19:24:14.912+0530][gc,phases   ] GC(59)   Pre Evacuate Collection Set: 0.4ms
[2025-03-28T19:24:14.912+0530][gc,phases   ] GC(59)   Merge Heap Roots: 0.2ms
[2025-03-28T19:24:14.912+0530][gc,phases   ] GC(59)   Evacuate Collection Set: 16.5ms
[2025-03-28T19:24:14.912+0530][gc,phases   ] GC(59)   Post Evacuate Collection Set: 1.3ms
[2025-03-28T19:24:14.912+0530][gc,phases   ] GC(59)   Other: 0.4ms
[2025-03-28T19:24:14.912+0530][gc,heap     ] GC(59) Eden regions: 205->0(54)
[2025-03-28T19:24:14.912+0530][gc,heap     ] GC(59) Survivor regions: 6->8(27)
[2025-03-28T19:24:14.912+0530][gc,heap     ] GC(59) Old regions: 40->40
[2025-03-28T19:24:14.912+0530][gc,heap     ] GC(59) Archive regions: 2->2
[2025-03-28T19:24:14.912+0530][gc,heap     ] GC(59) Humongous regions: 151->147
[2025-03-28T19:24:14.912+0530][gc,metaspace] GC(59) Metaspace: 49291K(49856K)->49291K(49856K) NonClass: 43675K(43968K)->43675K(43968K) Class: 5615K(5888K)->5615K(5888K)
[2025-03-28T19:24:14.912+0530][gc          ] GC(59) Pause Young (Normal) (G1 Evacuation Pause) 402M->195M(1024M) 18.974ms
[2025-03-28T19:24:14.912+0530][gc,cpu      ] GC(59) User=0.03s Sys=0.00s Real=0.02s
[2025-03-28T19:24:21.407+0530][gc,start    ] GC(60) Pause Young (Normal) (G1 Evacuation Pause)
[2025-03-28T19:24:21.407+0530][gc,task     ] GC(60) Using 2 workers of 2 for evacuation
[2025-03-28T19:24:21.463+0530][gc,mmu      ] GC(60) MMU target violated: 21.0ms (20.0ms/21.0ms)
[2025-03-28T19:24:21.464+0530][gc,phases   ] GC(60)   Pre Evacuate Collection Set: 1.0ms
[2025-03-28T19:24:21.464+0530][gc,phases   ] GC(60)   Merge Heap Roots: 2.4ms
[2025-03-28T19:24:21.464+0530][gc,phases   ] GC(60)   Evacuate Collection Set: 31.7ms
[2025-03-28T19:24:21.464+0530][gc,phases   ] GC(60)   Post Evacuate Collection Set: 20.7ms
[2025-03-28T19:24:21.464+0530][gc,phases   ] GC(60)   Other: 0.7ms
[2025-03-28T19:24:21.464+0530][gc,heap     ] GC(60) Eden regions: 54->0(50)
[2025-03-28T19:24:21.464+0530][gc,heap     ] GC(60) Survivor regions: 8->1(8)
[2025-03-28T19:24:21.464+0530][gc,heap     ] GC(60) Old regions: 40->41
[2025-03-28T19:24:21.464+0530][gc,heap     ] GC(60) Archive regions: 2->2
[2025-03-28T19:24:21.464+0530][gc,heap     ] GC(60) Humongous regions: 149->147
[2025-03-28T19:24:21.464+0530][gc,metaspace] GC(60) Metaspace: 49344K(49984K)->49344K(49984K) NonClass: 43729K(44096K)->43729K(44096K) Class: 5615K(5888K)->5615K(5888K)
[2025-03-28T19:24:21.464+0530][gc          ] GC(60) Pause Young (Normal) (G1 Evacuation Pause) 251M->189M(1024M) 57.102ms
[2025-03-28T19:24:21.465+0530][gc,cpu      ] GC(60) User=0.02s Sys=0.01s Real=0.05s
[2025-03-28T19:24:21.479+0530][gc,start    ] GC(100) Pause Young (Normal) (G1 Evacuation Pause)
[2025-03-28T19:24:21.480+0530][gc,task     ] GC(100) Using 2 workers of 2 for evacuation
[2025-03-28T19:24:21.550+0530][gc,mmu      ] GC(100) MMU target violated: 21.0ms (20.0ms/21.0ms)
[2025-03-28T19:24:21.550+0530][gc,phases   ] GC(100)   Pre Evacuate Collection Set: 3.3ms
[2025-03-28T19:24:21.550+0530][gc,phases   ] GC(100)   Merge Heap Roots: 0.5ms
[2025-03-28T19:24:21.550+0530][gc,phases   ] GC(100)   Evacuate Collection Set: 61.2ms
[2025-03-28T19:24:21.550+0530][gc,phases   ] GC(100)   Post Evacuate Collection Set: 5.0ms
[2025-03-28T19:24:21.551+0530][gc,phases   ] GC(100)   Other: 1.0ms
[2025-03-28T19:24:21.551+0530][gc,heap     ] GC(100) Eden regions: 48->0(49)
[2025-03-28T19:24:21.551+0530][gc,heap     ] GC(100) Survivor regions: 3->2(7)
[2025-03-28T19:24:21.551+0530][gc,heap     ] GC(100) Old regions: 91->91
[2025-03-28T19:24:21.551+0530][gc,heap     ] GC(100) Archive regions: 2->2
[2025-03-28T19:24:21.551+0530][gc,heap     ] GC(100) Humongous regions: 140->138
[2025-03-28T19:24:21.551+0530][gc,metaspace] GC(100) Metaspace: 49646K(50304K)->49646K(50304K) NonClass: 43987K(44352K)->43987K(44352K) Class: 5659K(5952K)->5659K(5952K)
[2025-03-28T19:24:21.551+0530][gc          ] GC(100) Pause Young (Normal) (G1 Evacuation Pause) 282M->231M(1024M) 71.611ms
[2025-03-28T19:24:21.551+0530][gc,cpu      ] GC(100) User=0.04s Sys=0.00s Real=0.07s
[2025-03-28T19:24:21.749+0530][gc,start    ] GC(61) Pause Young (Normal) (G1 Evacuation Pause)
[2025-03-28T19:24:21.750+0530][gc,task     ] GC(61) Using 2 workers of 2 for evacuation
[2025-03-28T19:24:21.764+0530][gc,phases   ] GC(61)   Pre Evacuate Collection Set: 0.2ms
[2025-03-28T19:24:21.764+0530][gc,phases   ] GC(61)   Merge Heap Roots: 0.1ms
[2025-03-28T19:24:21.764+0530][gc,phases   ] GC(61)   Evacuate Collection Set: 13.1ms
[2025-03-28T19:24:21.764+0530][gc,phases   ] GC(61)   Post Evacuate Collection Set: 0.7ms
[2025-03-28T19:24:21.764+0530][gc,phases   ] GC(61)   Other: 0.2ms
[2025-03-28T19:24:21.764+0530][gc,heap     ] GC(61) Eden regions: 50->0(44)
[2025-03-28T19:24:21.764+0530][gc,heap     ] GC(61) Survivor regions: 1->7(7)
[2025-03-28T19:24:21.764+0530][gc,heap     ] GC(61) Old regions: 41->41
[2025-03-28T19:24:21.764+0530][gc,heap     ] GC(61) Archive regions: 2->2
[2025-03-28T19:24:21.764+0530][gc,heap     ] GC(61) Humongous regions: 147->147
[2025-03-28T19:24:21.764+0530][gc,metaspace] GC(61) Metaspace: 49347K(49984K)->49347K(49984K) NonClass: 43731K(44096K)->43731K(44096K) Class: 5615K(5888K)->5615K(5888K)
[2025-03-28T19:24:21.764+0530][gc          ] GC(61) Pause Young (Normal) (G1 Evacuation Pause) 239M->195M(1024M) 14.409ms
[2025-03-28T19:24:21.764+0530][gc,cpu      ] GC(61) User=0.01s Sys=0.01s Real=0.02s
[2025-03-28T19:24:21.945+0530][gc,start    ] GC(101) Pause Young (Normal) (G1 Evacuation Pause)
[2025-03-28T19:24:21.945+0530][gc,task     ] GC(101) Using 2 workers of 2 for evacuation
[2025-03-28T19:24:21.982+0530][gc,mmu      ] GC(101) MMU target violated: 21.0ms (20.0ms/21.0ms)
[2025-03-28T19:24:21.982+0530][gc,phases   ] GC(101)   Pre Evacuate Collection Set: 0.2ms
[2025-03-28T19:24:21.983+0530][gc,phases   ] GC(101)   Merge Heap Roots: 0.1ms
[2025-03-28T19:24:21.983+0530][gc,phases   ] GC(101)   Evacuate Collection Set: 36.8ms
[2025-03-28T19:24:21.983+0530][gc,phases   ] GC(101)   Post Evacuate Collection Set: 0.6ms
[2025-03-28T19:24:21.983+0530][gc,phases   ] GC(101)   Other: 0.2ms
[2025-03-28T19:24:21.983+0530][gc,heap     ] GC(101) Eden regions: 49->0(44)
[2025-03-28T19:24:21.983+0530][gc,heap     ] GC(101) Survivor regions: 2->7(7)
[2025-03-28T19:24:21.983+0530][gc,heap     ] GC(101) Old regions: 91->92
[2025-03-28T19:24:21.983+0530][gc,heap     ] GC(101) Archive regions: 2->2
[2025-03-28T19:24:21.983+0530][gc,heap     ] GC(101) Humongous regions: 138->138
[2025-03-28T19:24:21.983+0530][gc,metaspace] GC(101) Metaspace: 49648K(50304K)->49648K(50304K) NonClass: 43988K(44352K)->43988K(44352K) Class: 5659K(5952K)->5659K(5952K)
[2025-03-28T19:24:21.983+0530][gc          ] GC(101) Pause Young (Normal) (G1 Evacuation Pause) 280M->237M(1024M) 37.988ms
[2025-03-28T19:24:21.983+0530][gc,cpu      ] GC(101) User=0.04s Sys=0.01s Real=0.04s
[2025-03-28T19:24:22.038+0530][gc,start    ] GC(62) Pause Young (Normal) (G1 Evacuation Pause)
[2025-03-28T19:24:22.038+0530][gc,task     ] GC(62) Using 2 workers of 2 for evacuation
[2025-03-28T19:24:22.050+0530][gc,phases   ] GC(62)   Pre Evacuate Collection Set: 0.1ms
[2025-03-28T19:24:22.050+0530][gc,phases   ] GC(62)   Merge Heap Roots: 0.1ms
[2025-03-28T19:24:22.050+0530][gc,phases   ] GC(62)   Evacuate Collection Set: 6.2ms
[2025-03-28T19:24:22.050+0530][gc,phases   ] GC(62)   Post Evacuate Collection Set: 5.9ms
[2025-03-28T19:24:22.050+0530][gc,phases   ] GC(62)   Other: 0.1ms
[2025-03-28T19:24:22.051+0530][gc,heap     ] GC(62) Eden regions: 44->0(50)
[2025-03-28T19:24:22.051+0530][gc,heap     ] GC(62) Survivor regions: 7->1(7)
[2025-03-28T19:24:22.051+0530][gc,heap     ] GC(62) Old regions: 41->47
[2025-03-28T19:24:22.051+0530][gc,heap     ] GC(62) Archive regions: 2->2
[2025-03-28T19:24:22.051+0530][gc,heap     ] GC(62) Humongous regions: 149->147
[2025-03-28T19:24:22.051+0530][gc,metaspace] GC(62) Metaspace: 49352K(49984K)->49352K(49984K) NonClass: 43736K(44096K)->43736K(44096K) Class: 5615K(5888K)->5615K(5888K)
[2025-03-28T19:24:22.051+0530][gc          ] GC(62) Pause Young (Normal) (G1 Evacuation Pause) 241M->195M(1024M) 12.693ms
[2025-03-28T19:24:22.051+0530][gc,cpu      ] GC(62) User=0.01s Sys=0.00s Real=0.02s
[2025-03-28T19:24:23.507+0530][gc,start    ] GC(102) Pause Young (Normal) (G1 Evacuation Pause)
[2025-03-28T19:24:23.507+0530][gc,task     ] GC(102) Using 2 workers of 2 for evacuation
[2025-03-28T19:24:23.534+0530][gc,mmu      ] GC(102) MMU target violated: 21.0ms (20.0ms/21.0ms)
[2025-03-28T19:24:23.535+0530][gc,phases   ] GC(102)   Pre Evacuate Collection Set: 0.7ms
[2025-03-28T19:24:23.535+0530][gc,phases   ] GC(102)   Merge Heap Roots: 0.7ms
[2025-03-28T19:24:23.535+0530][gc,phases   ] GC(102)   Evacuate Collection Set: 15.8ms
[2025-03-28T19:24:23.535+0530][gc,phases   ] GC(102)   Post Evacuate Collection Set: 9.2ms
[2025-03-28T19:24:23.535+0530][gc,phases   ] GC(102)   Other: 1.4ms
[2025-03-28T19:24:23.535+0530][gc,heap     ] GC(102) Eden regions: 44->0(50)
[2025-03-28T19:24:23.535+0530][gc,heap     ] GC(102) Survivor regions: 7->1(7)
[2025-03-28T19:24:23.535+0530][gc,heap     ] GC(102) Old regions: 92->93
[2025-03-28T19:24:23.535+0530][gc,heap     ] GC(102) Archive regions: 2->2
[2025-03-28T19:24:23.535+0530][gc,heap     ] GC(102) Humongous regions: 140->138
[2025-03-28T19:24:23.535+0530][gc,metaspace] GC(102) Metaspace: 49660K(50304K)->49660K(50304K) NonClass: 44000K(44352K)->44000K(44352K) Class: 5659K(5952K)->5659K(5952K)
[2025-03-28T19:24:23.535+0530][gc          ] GC(102) Pause Young (Normal) (G1 Evacuation Pause) 283M->232M(1024M) 28.467ms
[2025-03-28T19:24:23.536+0530][gc,cpu      ] GC(102) User=0.03s Sys=0.00s Real=0.04s
[2025-03-28T19:24:23.717+0530][gc,start    ] GC(103) Pause Young (Normal) (G1 Evacuation Pause)
[2025-03-28T19:24:23.717+0530][gc,task     ] GC(103) Using 2 workers of 2 for evacuation
[2025-03-28T19:24:23.729+0530][gc,phases   ] GC(103)   Pre Evacuate Collection Set: 0.5ms
[2025-03-28T19:24:23.729+0530][gc,phases   ] GC(103)   Merge Heap Roots: 0.4ms
[2025-03-28T19:24:23.729+0530][gc,phases   ] GC(103)   Evacuate Collection Set: 10.2ms
[2025-03-28T19:24:23.729+0530][gc,phases   ] GC(103)   Post Evacuate Collection Set: 0.5ms
[2025-03-28T19:24:23.729+0530][gc,phases   ] GC(103)   Other: 0.2ms
[2025-03-28T19:24:23.729+0530][gc,heap     ] GC(103) Eden regions: 50->0(44)
[2025-03-28T19:24:23.729+0530][gc,heap     ] GC(103) Survivor regions: 1->7(7)
[2025-03-28T19:24:23.729+0530][gc,heap     ] GC(103) Old regions: 93->93
[2025-03-28T19:24:23.729+0530][gc,heap     ] GC(103) Archive regions: 2->2
[2025-03-28T19:24:23.729+0530][gc,heap     ] GC(103) Humongous regions: 138->138
[2025-03-28T19:24:23.729+0530][gc,metaspace] GC(103) Metaspace: 49689K(50368K)->49689K(50368K) NonClass: 44029K(44416K)->44029K(44416K) Class: 5659K(5952K)->5659K(5952K)
[2025-03-28T19:24:23.729+0530][gc          ] GC(103) Pause Young (Normal) (G1 Evacuation Pause) 282M->238M(1024M) 11.864ms
[2025-03-28T19:24:23.729+0530][gc,cpu      ] GC(103) User=0.02s Sys=0.00s Real=0.01s
[2025-03-28T19:24:24.822+0530][gc,start    ] GC(104) Pause Young (Normal) (G1 Evacuation Pause)
[2025-03-28T19:24:24.822+0530][gc,task     ] GC(104) Using 2 workers of 2 for evacuation
[2025-03-28T19:24:24.842+0530][gc,phases   ] GC(104)   Pre Evacuate Collection Set: 0.8ms
[2025-03-28T19:24:24.842+0530][gc,phases   ] GC(104)   Merge Heap Roots: 0.4ms
[2025-03-28T19:24:24.842+0530][gc,phases   ] GC(104)   Evacuate Collection Set: 14.0ms
[2025-03-28T19:24:24.842+0530][gc,phases   ] GC(104)   Post Evacuate Collection Set: 4.3ms
[2025-03-28T19:24:24.842+0530][gc,phases   ] GC(104)   Other: 0.4ms
[2025-03-28T19:24:24.842+0530][gc,heap     ] GC(104) Eden regions: 44->0(50)
[2025-03-28T19:24:24.842+0530][gc,heap     ] GC(104) Survivor regions: 7->1(7)
[2025-03-28T19:24:24.842+0530][gc,heap     ] GC(104) Old regions: 93->94
[2025-03-28T19:24:24.842+0530][gc,heap     ] GC(104) Archive regions: 2->2
[2025-03-28T19:24:24.842+0530][gc,heap     ] GC(104) Humongous regions: 140->138
[2025-03-28T19:24:24.842+0530][gc,metaspace] GC(104) Metaspace: 49691K(50368K)->49691K(50368K) NonClass: 44032K(44416K)->44032K(44416K) Class: 5659K(5952K)->5659K(5952K)
[2025-03-28T19:24:24.842+0530][gc          ] GC(104) Pause Young (Normal) (G1 Evacuation Pause) 284M->233M(1024M) 20.037ms
[2025-03-28T19:24:24.842+0530][gc,cpu      ] GC(104) User=0.01s Sys=0.00s Real=0.02s
[2025-03-28T19:24:24.876+0530][gc,start    ] GC(63) Pause Young (Normal) (G1 Evacuation Pause)
[2025-03-28T19:24:24.876+0530][gc,task     ] GC(63) Using 2 workers of 2 for evacuation
[2025-03-28T19:24:24.883+0530][gc,phases   ] GC(63)   Pre Evacuate Collection Set: 0.2ms
[2025-03-28T19:24:24.884+0530][gc,phases   ] GC(63)   Merge Heap Roots: 0.1ms
[2025-03-28T19:24:24.884+0530][gc,phases   ] GC(63)   Evacuate Collection Set: 6.9ms
[2025-03-28T19:24:24.884+0530][gc,phases   ] GC(63)   Post Evacuate Collection Set: 0.5ms
[2025-03-28T19:24:24.884+0530][gc,phases   ] GC(63)   Other: 0.2ms
[2025-03-28T19:24:24.884+0530][gc,heap     ] GC(63) Eden regions: 50->0(44)
[2025-03-28T19:24:24.884+0530][gc,heap     ] GC(63) Survivor regions: 1->7(7)
[2025-03-28T19:24:24.884+0530][gc,heap     ] GC(63) Old regions: 47->47
[2025-03-28T19:24:24.884+0530][gc,heap     ] GC(63) Archive regions: 2->2
[2025-03-28T19:24:24.884+0530][gc,heap     ] GC(63) Humongous regions: 147->147
[2025-03-28T19:24:24.884+0530][gc,metaspace] GC(63) Metaspace: 49358K(49984K)->49358K(49984K) NonClass: 43743K(44096K)->43743K(44096K) Class: 5615K(5888K)->5615K(5888K)
[2025-03-28T19:24:24.884+0530][gc          ] GC(63) Pause Young (Normal) (G1 Evacuation Pause) 245M->201M(1024M) 8.030ms
[2025-03-28T19:24:24.884+0530][gc,cpu      ] GC(63) User=0.02s Sys=0.00s Real=0.01s
[2025-03-28T19:24:24.970+0530][gc,start    ] GC(64) Pause Young (Normal) (G1 Evacuation Pause)
[2025-03-28T19:24:24.970+0530][gc,task     ] GC(64) Using 2 workers of 2 for evacuation
[2025-03-28T19:24:24.980+0530][gc,phases   ] GC(64)   Pre Evacuate Collection Set: 0.4ms
[2025-03-28T19:24:24.980+0530][gc,phases   ] GC(64)   Merge Heap Roots: 0.2ms
[2025-03-28T19:24:24.980+0530][gc,phases   ] GC(64)   Evacuate Collection Set: 8.6ms
[2025-03-28T19:24:24.980+0530][gc,phases   ] GC(64)   Post Evacuate Collection Set: 0.9ms
[2025-03-28T19:24:24.980+0530][gc,phases   ] GC(64)   Other: 0.2ms
[2025-03-28T19:24:24.980+0530][gc,heap     ] GC(64) Eden regions: 44->0(49)
[2025-03-28T19:24:24.980+0530][gc,heap     ] GC(64) Survivor regions: 7->2(7)
[2025-03-28T19:24:24.980+0530][gc,heap     ] GC(64) Old regions: 47->48
[2025-03-28T19:24:24.980+0530][gc,heap     ] GC(64) Archive regions: 2->2
[2025-03-28T19:24:24.980+0530][gc,heap     ] GC(64) Humongous regions: 149->149
[2025-03-28T19:24:24.980+0530][gc,metaspace] GC(64) Metaspace: 49358K(49984K)->49358K(49984K) NonClass: 43743K(44096K)->43743K(44096K) Class: 5615K(5888K)->5615K(5888K)
[2025-03-28T19:24:24.980+0530][gc          ] GC(64) Pause Young (Normal) (G1 Evacuation Pause) 247M->199M(1024M) 10.486ms
[2025-03-28T19:24:24.980+0530][gc,cpu      ] GC(64) User=0.01s Sys=0.00s Real=0.01s
[2025-03-28T19:24:31.675+0530][gc,start    ] GC(65) Pause Young (Normal) (G1 Evacuation Pause)
[2025-03-28T19:24:31.675+0530][gc,task     ] GC(65) Using 2 workers of 2 for evacuation
[2025-03-28T19:24:31.678+0530][gc,start    ] GC(105) Pause Young (Normal) (G1 Evacuation Pause)
[2025-03-28T19:24:31.679+0530][gc,task     ] GC(105) Using 2 workers of 2 for evacuation
[2025-03-28T19:24:31.696+0530][gc,phases   ] GC(105)   Pre Evacuate Collection Set: 0.6ms
[2025-03-28T19:24:31.696+0530][gc,phases   ] GC(105)   Merge Heap Roots: 0.1ms
[2025-03-28T19:24:31.696+0530][gc,phases   ] GC(105)   Evacuate Collection Set: 15.3ms
[2025-03-28T19:24:31.696+0530][gc,phases   ] GC(105)   Post Evacuate Collection Set: 0.9ms
[2025-03-28T19:24:31.696+0530][gc,phases   ] GC(105)   Other: 0.2ms
[2025-03-28T19:24:31.696+0530][gc,heap     ] GC(105) Eden regions: 50->0(44)
[2025-03-28T19:24:31.696+0530][gc,heap     ] GC(105) Survivor regions: 1->7(7)
[2025-03-28T19:24:31.696+0530][gc,heap     ] GC(105) Old regions: 94->94
[2025-03-28T19:24:31.696+0530][gc,heap     ] GC(105) Archive regions: 2->2
[2025-03-28T19:24:31.696+0530][gc,heap     ] GC(105) Humongous regions: 138->138
[2025-03-28T19:24:31.696+0530][gc,metaspace] GC(105) Metaspace: 49748K(50368K)->49748K(50368K) NonClass: 44088K(44416K)->44088K(44416K) Class: 5659K(5952K)->5659K(5952K)
[2025-03-28T19:24:31.696+0530][gc          ] GC(105) Pause Young (Normal) (G1 Evacuation Pause) 283M->238M(1024M) 17.255ms
[2025-03-28T19:24:31.696+0530][gc,cpu      ] GC(105) User=0.01s Sys=0.01s Real=0.03s
[2025-03-28T19:24:31.714+0530][gc,mmu      ] GC(65) MMU target violated: 21.0ms (20.0ms/21.0ms)
[2025-03-28T19:24:31.714+0530][gc,phases   ] GC(65)   Pre Evacuate Collection Set: 6.0ms
[2025-03-28T19:24:31.714+0530][gc,phases   ] GC(65)   Merge Heap Roots: 2.1ms
[2025-03-28T19:24:31.714+0530][gc,phases   ] GC(65)   Evacuate Collection Set: 29.7ms
[2025-03-28T19:24:31.714+0530][gc,phases   ] GC(65)   Post Evacuate Collection Set: 0.6ms
[2025-03-28T19:24:31.714+0530][gc,phases   ] GC(65)   Other: 0.2ms
[2025-03-28T19:24:31.714+0530][gc,heap     ] GC(65) Eden regions: 49->0(45)
[2025-03-28T19:24:31.714+0530][gc,heap     ] GC(65) Survivor regions: 2->6(7)
[2025-03-28T19:24:31.714+0530][gc,heap     ] GC(65) Old regions: 48->48
[2025-03-28T19:24:31.714+0530][gc,heap     ] GC(65) Archive regions: 2->2
[2025-03-28T19:24:31.714+0530][gc,heap     ] GC(65) Humongous regions: 149->147
[2025-03-28T19:24:31.714+0530][gc,metaspace] GC(65) Metaspace: 49386K(49984K)->49386K(49984K) NonClass: 43770K(44096K)->43770K(44096K) Class: 5615K(5888K)->5615K(5888K)
[2025-03-28T19:24:31.714+0530][gc          ] GC(65) Pause Young (Normal) (G1 Evacuation Pause) 248M->201M(1024M) 38.721ms
[2025-03-28T19:24:31.714+0530][gc,cpu      ] GC(65) User=0.02s Sys=0.00s Real=0.04s
[2025-03-28T19:24:31.787+0530][gc,start    ] GC(106) Pause Young (Normal) (G1 Evacuation Pause)
[2025-03-28T19:24:31.787+0530][gc,task     ] GC(106) Using 2 workers of 2 for evacuation
[2025-03-28T19:24:31.799+0530][gc,phases   ] GC(106)   Pre Evacuate Collection Set: 0.6ms
[2025-03-28T19:24:31.799+0530][gc,phases   ] GC(106)   Merge Heap Roots: 0.1ms
[2025-03-28T19:24:31.799+0530][gc,phases   ] GC(106)   Evacuate Collection Set: 10.8ms
[2025-03-28T19:24:31.799+0530][gc,phases   ] GC(106)   Post Evacuate Collection Set: 0.9ms
[2025-03-28T19:24:31.799+0530][gc,phases   ] GC(106)   Other: 0.2ms
[2025-03-28T19:24:31.799+0530][gc,heap     ] GC(106) Eden regions: 44->0(49)
[2025-03-28T19:24:31.799+0530][gc,heap     ] GC(106) Survivor regions: 7->2(7)
[2025-03-28T19:24:31.799+0530][gc,heap     ] GC(106) Old regions: 94->95
[2025-03-28T19:24:31.799+0530][gc,heap     ] GC(106) Archive regions: 2->2
[2025-03-28T19:24:31.799+0530][gc,heap     ] GC(106) Humongous regions: 140->140
[2025-03-28T19:24:31.799+0530][gc,metaspace] GC(106) Metaspace: 49748K(50368K)->49748K(50368K) NonClass: 44088K(44416K)->44088K(44416K) Class: 5659K(5952K)->5659K(5952K)
[2025-03-28T19:24:31.799+0530][gc          ] GC(106) Pause Young (Normal) (G1 Evacuation Pause) 284M->236M(1024M) 12.639ms
[2025-03-28T19:24:31.799+0530][gc,cpu      ] GC(106) User=0.01s Sys=0.00s Real=0.02s
[2025-03-28T19:24:31.901+0530][gc,start    ] GC(66) Pause Young (Normal) (G1 Evacuation Pause)
[2025-03-28T19:24:31.901+0530][gc,task     ] GC(66) Using 2 workers of 2 for evacuation
[2025-03-28T19:24:31.912+0530][gc,phases   ] GC(66)   Pre Evacuate Collection Set: 0.4ms
[2025-03-28T19:24:31.912+0530][gc,phases   ] GC(66)   Merge Heap Roots: 0.2ms
[2025-03-28T19:24:31.912+0530][gc,phases   ] GC(66)   Evacuate Collection Set: 9.4ms
[2025-03-28T19:24:31.912+0530][gc,phases   ] GC(66)   Post Evacuate Collection Set: 1.0ms
[2025-03-28T19:24:31.912+0530][gc,phases   ] GC(66)   Other: 0.2ms
[2025-03-28T19:24:31.912+0530][gc,heap     ] GC(66) Eden regions: 45->0(49)
[2025-03-28T19:24:31.912+0530][gc,heap     ] GC(66) Survivor regions: 6->2(7)
[2025-03-28T19:24:31.912+0530][gc,heap     ] GC(66) Old regions: 48->49
[2025-03-28T19:24:31.912+0530][gc,heap     ] GC(66) Archive regions: 2->2
[2025-03-28T19:24:31.912+0530][gc,heap     ] GC(66) Humongous regions: 149->149
[2025-03-28T19:24:31.912+0530][gc,metaspace] GC(66) Metaspace: 49386K(49984K)->49386K(49984K) NonClass: 43770K(44096K)->43770K(44096K) Class: 5615K(5888K)->5615K(5888K)
[2025-03-28T19:24:31.912+0530][gc          ] GC(66) Pause Young (Normal) (G1 Evacuation Pause) 248M->200M(1024M) 11.231ms
[2025-03-28T19:24:31.912+0530][gc,cpu      ] GC(66) User=0.00s Sys=0.00s Real=0.01s
[2025-03-28T19:24:33.747+0530][gc,start    ] GC(107) Pause Young (Normal) (G1 Evacuation Pause)
[2025-03-28T19:24:33.747+0530][gc,task     ] GC(107) Using 2 workers of 2 for evacuation
[2025-03-28T19:24:33.755+0530][gc,phases   ] GC(107)   Pre Evacuate Collection Set: 0.4ms
[2025-03-28T19:24:33.755+0530][gc,phases   ] GC(107)   Merge Heap Roots: 0.1ms
[2025-03-28T19:24:33.755+0530][gc,phases   ] GC(107)   Evacuate Collection Set: 7.2ms
[2025-03-28T19:24:33.755+0530][gc,phases   ] GC(107)   Post Evacuate Collection Set: 0.6ms
[2025-03-28T19:24:33.755+0530][gc,phases   ] GC(107)   Other: 0.2ms
[2025-03-28T19:24:33.755+0530][gc,heap     ] GC(107) Eden regions: 49->0(45)
[2025-03-28T19:24:33.755+0530][gc,heap     ] GC(107) Survivor regions: 2->6(7)
[2025-03-28T19:24:33.755+0530][gc,heap     ] GC(107) Old regions: 95->95
[2025-03-28T19:24:33.755+0530][gc,heap     ] GC(107) Archive regions: 2->2
[2025-03-28T19:24:33.755+0530][gc,heap     ] GC(107) Humongous regions: 140->138
[2025-03-28T19:24:33.755+0530][gc,metaspace] GC(107) Metaspace: 49760K(50368K)->49760K(50368K) NonClass: 44101K(44416K)->44101K(44416K) Class: 5659K(5952K)->5659K(5952K)
[2025-03-28T19:24:33.755+0530][gc          ] GC(107) Pause Young (Normal) (G1 Evacuation Pause) 285M->238M(1024M) 8.586ms
[2025-03-28T19:24:33.755+0530][gc,cpu      ] GC(107) User=0.02s Sys=0.00s Real=0.01s
[2025-03-28T19:24:33.845+0530][gc,start    ] GC(108) Pause Young (Normal) (G1 Evacuation Pause)
[2025-03-28T19:24:33.845+0530][gc,task     ] GC(108) Using 2 workers of 2 for evacuation
[2025-03-28T19:24:33.853+0530][gc,phases   ] GC(108)   Pre Evacuate Collection Set: 0.4ms
[2025-03-28T19:24:33.853+0530][gc,phases   ] GC(108)   Merge Heap Roots: 0.2ms
[2025-03-28T19:24:33.853+0530][gc,phases   ] GC(108)   Evacuate Collection Set: 6.5ms
[2025-03-28T19:24:33.853+0530][gc,phases   ] GC(108)   Post Evacuate Collection Set: 0.4ms
[2025-03-28T19:24:33.853+0530][gc,phases   ] GC(108)   Other: 0.1ms
[2025-03-28T19:24:33.853+0530][gc,heap     ] GC(108) Eden regions: 45->0(49)
[2025-03-28T19:24:33.853+0530][gc,heap     ] GC(108) Survivor regions: 6->2(7)
[2025-03-28T19:24:33.853+0530][gc,heap     ] GC(108) Old regions: 95->96
[2025-03-28T19:24:33.853+0530][gc,heap     ] GC(108) Archive regions: 2->2
[2025-03-28T19:24:33.853+0530][gc,heap     ] GC(108) Humongous regions: 140->140
[2025-03-28T19:24:33.853+0530][gc,metaspace] GC(108) Metaspace: 49760K(50368K)->49760K(50368K) NonClass: 44101K(44416K)->44101K(44416K) Class: 5659K(5952K)->5659K(5952K)
[2025-03-28T19:24:33.853+0530][gc          ] GC(108) Pause Young (Normal) (G1 Evacuation Pause) 285M->238M(1024M) 7.715ms
[2025-03-28T19:24:33.853+0530][gc,cpu      ] GC(108) User=0.01s Sys=0.00s Real=0.00s
[2025-03-28T19:24:34.896+0530][gc,start    ] GC(67) Pause Young (Normal) (G1 Evacuation Pause)
[2025-03-28T19:24:34.896+0530][gc,task     ] GC(67) Using 2 workers of 2 for evacuation
[2025-03-28T19:24:34.905+0530][gc,phases   ] GC(67)   Pre Evacuate Collection Set: 0.3ms
[2025-03-28T19:24:34.905+0530][gc,phases   ] GC(67)   Merge Heap Roots: 0.1ms
[2025-03-28T19:24:34.905+0530][gc,phases   ] GC(67)   Evacuate Collection Set: 8.4ms
[2025-03-28T19:24:34.905+0530][gc,phases   ] GC(67)   Post Evacuate Collection Set: 0.8ms
[2025-03-28T19:24:34.905+0530][gc,phases   ] GC(67)   Other: 0.2ms
[2025-03-28T19:24:34.905+0530][gc,heap     ] GC(67) Eden regions: 49->0(45)
[2025-03-28T19:24:34.905+0530][gc,heap     ] GC(67) Survivor regions: 2->6(7)
[2025-03-28T19:24:34.905+0530][gc,heap     ] GC(67) Old regions: 49->49
[2025-03-28T19:24:34.905+0530][gc,heap     ] GC(67) Archive regions: 2->2
[2025-03-28T19:24:34.905+0530][gc,heap     ] GC(67) Humongous regions: 149->147
[2025-03-28T19:24:34.906+0530][gc,metaspace] GC(67) Metaspace: 49393K(49984K)->49393K(49984K) NonClass: 43777K(44096K)->43777K(44096K) Class: 5615K(5888K)->5615K(5888K)
[2025-03-28T19:24:34.906+0530][gc          ] GC(67) Pause Young (Normal) (G1 Evacuation Pause) 249M->202M(1024M) 9.918ms
[2025-03-28T19:24:34.906+0530][gc,cpu      ] GC(67) User=0.02s Sys=0.00s Real=0.02s
[2025-03-28T19:24:35.020+0530][gc,start    ] GC(68) Pause Young (Normal) (G1 Evacuation Pause)
[2025-03-28T19:24:35.020+0530][gc,task     ] GC(68) Using 2 workers of 2 for evacuation
[2025-03-28T19:24:35.030+0530][gc,phases   ] GC(68)   Pre Evacuate Collection Set: 0.5ms
[2025-03-28T19:24:35.031+0530][gc,phases   ] GC(68)   Merge Heap Roots: 0.2ms
[2025-03-28T19:24:35.031+0530][gc,phases   ] GC(68)   Evacuate Collection Set: 8.9ms
[2025-03-28T19:24:35.031+0530][gc,phases   ] GC(68)   Post Evacuate Collection Set: 0.9ms
[2025-03-28T19:24:35.031+0530][gc,phases   ] GC(68)   Other: 0.2ms
[2025-03-28T19:24:35.031+0530][gc,heap     ] GC(68) Eden regions: 45->0(66)
[2025-03-28T19:24:35.031+0530][gc,heap     ] GC(68) Survivor regions: 6->2(7)
[2025-03-28T19:24:35.031+0530][gc,heap     ] GC(68) Old regions: 49->50
[2025-03-28T19:24:35.031+0530][gc,heap     ] GC(68) Archive regions: 2->2
[2025-03-28T19:24:35.031+0530][gc,heap     ] GC(68) Humongous regions: 149->149
[2025-03-28T19:24:35.031+0530][gc,metaspace] GC(68) Metaspace: 49393K(49984K)->49393K(49984K) NonClass: 43777K(44096K)->43777K(44096K) Class: 5615K(5888K)->5615K(5888K)
[2025-03-28T19:24:35.031+0530][gc          ] GC(68) Pause Young (Normal) (G1 Evacuation Pause) 249M->201M(1024M) 10.761ms
[2025-03-28T19:24:35.031+0530][gc,cpu      ] GC(68) User=0.01s Sys=0.00s Real=0.01s
[2025-03-28T19:24:42.965+0530][gc,start    ] GC(109) Pause Young (Normal) (G1 Evacuation Pause)
[2025-03-28T19:24:42.965+0530][gc,task     ] GC(109) Using 2 workers of 2 for evacuation
[2025-03-28T19:24:43.036+0530][gc,mmu      ] GC(109) MMU target violated: 21.0ms (20.0ms/21.0ms)
[2025-03-28T19:24:43.037+0530][gc,phases   ] GC(109)   Pre Evacuate Collection Set: 0.6ms
[2025-03-28T19:24:43.037+0530][gc,phases   ] GC(109)   Merge Heap Roots: 6.7ms
[2025-03-28T19:24:43.037+0530][gc,phases   ] GC(109)   Evacuate Collection Set: 62.2ms
[2025-03-28T19:24:43.037+0530][gc,phases   ] GC(109)   Post Evacuate Collection Set: 1.5ms
[2025-03-28T19:24:43.037+0530][gc,phases   ] GC(109)   Other: 0.8ms
[2025-03-28T19:24:43.037+0530][gc,heap     ] GC(109) Eden regions: 49->0(46)
[2025-03-28T19:24:43.037+0530][gc,heap     ] GC(109) Survivor regions: 2->5(7)
[2025-03-28T19:24:43.037+0530][gc,heap     ] GC(109) Old regions: 96->96
[2025-03-28T19:24:43.037+0530][gc,heap     ] GC(109) Archive regions: 2->2
[2025-03-28T19:24:43.037+0530][gc,heap     ] GC(109) Humongous regions: 140->138
[2025-03-28T19:24:43.037+0530][gc,metaspace] GC(109) Metaspace: 49775K(50432K)->49775K(50432K) NonClass: 44115K(44480K)->44115K(44480K) Class: 5659K(5952K)->5659K(5952K)
[2025-03-28T19:24:43.037+0530][gc          ] GC(109) Pause Young (Normal) (G1 Evacuation Pause) 287M->239M(1024M) 71.706ms
[2025-03-28T19:24:43.037+0530][gc,cpu      ] GC(109) User=0.06s Sys=0.01s Real=0.07s
[2025-03-28T19:24:43.438+0530][gc,start    ] GC(69) Pause Young (Normal) (G1 Evacuation Pause)
[2025-03-28T19:24:43.438+0530][gc,task     ] GC(69) Using 2 workers of 2 for evacuation
[2025-03-28T19:24:43.441+0530][gc,start    ] GC(110) Pause Young (Normal) (G1 Evacuation Pause)
[2025-03-28T19:24:43.441+0530][gc,task     ] GC(110) Using 2 workers of 2 for evacuation
[2025-03-28T19:24:43.575+0530][gc,mmu      ] GC(110) MMU target violated: 21.0ms (20.0ms/21.0ms)
[2025-03-28T19:24:43.575+0530][gc,phases   ] GC(110)   Pre Evacuate Collection Set: 1.5ms
[2025-03-28T19:24:43.575+0530][gc,phases   ] GC(110)   Merge Heap Roots: 7.9ms
[2025-03-28T19:24:43.575+0530][gc,phases   ] GC(110)   Evacuate Collection Set: 107.3ms
[2025-03-28T19:24:43.575+0530][gc,phases   ] GC(110)   Post Evacuate Collection Set: 16.4ms
[2025-03-28T19:24:43.576+0530][gc,phases   ] GC(110)   Other: 1.1ms
[2025-03-28T19:24:43.576+0530][gc,heap     ] GC(110) Eden regions: 46->0(49)
[2025-03-28T19:24:43.576+0530][gc,heap     ] GC(110) Survivor regions: 5->2(7)
[2025-03-28T19:24:43.576+0530][gc,heap     ] GC(110) Old regions: 96->97
[2025-03-28T19:24:43.576+0530][gc,heap     ] GC(110) Archive regions: 2->2
[2025-03-28T19:24:43.576+0530][gc,heap     ] GC(110) Humongous regions: 140->140
[2025-03-28T19:24:43.576+0530][gc,metaspace] GC(110) Metaspace: 49776K(50432K)->49776K(50432K) NonClass: 44117K(44480K)->44117K(44480K) Class: 5659K(5952K)->5659K(5952K)
[2025-03-28T19:24:43.577+0530][gc          ] GC(110) Pause Young (Normal) (G1 Evacuation Pause) 287M->239M(1024M) 135.380ms
[2025-03-28T19:24:43.577+0530][gc,cpu      ] GC(110) User=0.08s Sys=0.01s Real=0.14s
[2025-03-28T19:24:43.639+0530][gc,mmu      ] GC(69) MMU target violated: 21.0ms (20.0ms/21.0ms)
[2025-03-28T19:24:43.640+0530][gc,phases   ] GC(69)   Pre Evacuate Collection Set: 0.8ms
[2025-03-28T19:24:43.640+0530][gc,phases   ] GC(69)   Merge Heap Roots: 0.3ms
[2025-03-28T19:24:43.640+0530][gc,phases   ] GC(69)   Evacuate Collection Set: 196.3ms
[2025-03-28T19:24:43.640+0530][gc,phases   ] GC(69)   Post Evacuate Collection Set: 3.1ms
[2025-03-28T19:24:43.640+0530][gc,phases   ] GC(69)   Other: 0.7ms
[2025-03-28T19:24:43.640+0530][gc,heap     ] GC(69) Eden regions: 66->0(44)
[2025-03-28T19:24:43.640+0530][gc,heap     ] GC(69) Survivor regions: 2->7(9)
[2025-03-28T19:24:43.640+0530][gc,heap     ] GC(69) Old regions: 50->50
[2025-03-28T19:24:43.640+0530][gc,heap     ] GC(69) Archive regions: 2->2
[2025-03-28T19:24:43.641+0530][gc,heap     ] GC(69) Humongous regions: 149->147
[2025-03-28T19:24:43.641+0530][gc,metaspace] GC(69) Metaspace: 49396K(49984K)->49396K(49984K) NonClass: 43781K(44096K)->43781K(44096K) Class: 5615K(5888K)->5615K(5888K)
[2025-03-28T19:24:43.641+0530][gc          ] GC(69) Pause Young (Normal) (G1 Evacuation Pause) 267M->204M(1024M) 202.357ms
[2025-03-28T19:24:43.641+0530][gc,cpu      ] GC(69) User=0.10s Sys=0.00s Real=0.21s
[2025-03-28T19:24:43.814+0530][gc,start    ] GC(70) Pause Young (Normal) (G1 Evacuation Pause)
[2025-03-28T19:24:43.814+0530][gc,task     ] GC(70) Using 2 workers of 2 for evacuation
[2025-03-28T19:24:43.823+0530][gc,phases   ] GC(70)   Pre Evacuate Collection Set: 0.3ms
[2025-03-28T19:24:43.823+0530][gc,phases   ] GC(70)   Merge Heap Roots: 0.2ms
[2025-03-28T19:24:43.823+0530][gc,phases   ] GC(70)   Evacuate Collection Set: 7.8ms
[2025-03-28T19:24:43.823+0530][gc,phases   ] GC(70)   Post Evacuate Collection Set: 0.6ms
[2025-03-28T19:24:43.823+0530][gc,phases   ] GC(70)   Other: 0.2ms
[2025-03-28T19:24:43.823+0530][gc,heap     ] GC(70) Eden regions: 44->0(49)
[2025-03-28T19:24:43.823+0530][gc,heap     ] GC(70) Survivor regions: 7->2(7)
[2025-03-28T19:24:43.823+0530][gc,heap     ] GC(70) Old regions: 50->52
[2025-03-28T19:24:43.823+0530][gc,heap     ] GC(70) Archive regions: 2->2
[2025-03-28T19:24:43.823+0530][gc,heap     ] GC(70) Humongous regions: 149->149
[2025-03-28T19:24:43.823+0530][gc,metaspace] GC(70) Metaspace: 49396K(49984K)->49396K(49984K) NonClass: 43781K(44096K)->43781K(44096K) Class: 5615K(5888K)->5615K(5888K)
[2025-03-28T19:24:43.823+0530][gc          ] GC(70) Pause Young (Normal) (G1 Evacuation Pause) 250M->202M(1024M) 9.309ms
[2025-03-28T19:24:43.823+0530][gc,cpu      ] GC(70) User=0.01s Sys=0.00s Real=0.01s
[2025-03-28T19:24:43.946+0530][gc,start    ] GC(111) Pause Young (Normal) (G1 Evacuation Pause)
[2025-03-28T19:24:43.946+0530][gc,task     ] GC(111) Using 2 workers of 2 for evacuation
[2025-03-28T19:24:43.962+0530][gc,phases   ] GC(111)   Pre Evacuate Collection Set: 0.5ms
[2025-03-28T19:24:43.962+0530][gc,phases   ] GC(111)   Merge Heap Roots: 0.2ms
[2025-03-28T19:24:43.962+0530][gc,phases   ] GC(111)   Evacuate Collection Set: 14.8ms
[2025-03-28T19:24:43.962+0530][gc,phases   ] GC(111)   Post Evacuate Collection Set: 0.8ms
[2025-03-28T19:24:43.962+0530][gc,phases   ] GC(111)   Other: 0.2ms
[2025-03-28T19:24:43.962+0530][gc,heap     ] GC(111) Eden regions: 49->0(46)
[2025-03-28T19:24:43.962+0530][gc,heap     ] GC(111) Survivor regions: 2->5(7)
[2025-03-28T19:24:43.962+0530][gc,heap     ] GC(111) Old regions: 97->97
[2025-03-28T19:24:43.962+0530][gc,heap     ] GC(111) Archive regions: 2->2
[2025-03-28T19:24:43.962+0530][gc,heap     ] GC(111) Humongous regions: 140->138
[2025-03-28T19:24:43.962+0530][gc,metaspace] GC(111) Metaspace: 49780K(50432K)->49780K(50432K) NonClass: 44120K(44480K)->44120K(44480K) Class: 5659K(5952K)->5659K(5952K)
[2025-03-28T19:24:43.962+0530][gc          ] GC(111) Pause Young (Normal) (G1 Evacuation Pause) 288M->239M(1024M) 16.745ms
[2025-03-28T19:24:43.962+0530][gc,cpu      ] GC(111) User=0.02s Sys=0.00s Real=0.01s
[2025-03-28T19:24:44.759+0530][gc,start    ] GC(71) Pause Young (Normal) (G1 Evacuation Pause)
[2025-03-28T19:24:44.759+0530][gc,task     ] GC(71) Using 2 workers of 2 for evacuation
[2025-03-28T19:24:44.775+0530][gc,phases   ] GC(71)   Pre Evacuate Collection Set: 0.3ms
[2025-03-28T19:24:44.775+0530][gc,phases   ] GC(71)   Merge Heap Roots: 0.2ms
[2025-03-28T19:24:44.775+0530][gc,phases   ] GC(71)   Evacuate Collection Set: 14.3ms
[2025-03-28T19:24:44.775+0530][gc,phases   ] GC(71)   Post Evacuate Collection Set: 1.0ms
[2025-03-28T19:24:44.775+0530][gc,phases   ] GC(71)   Other: 0.3ms
[2025-03-28T19:24:44.775+0530][gc,heap     ] GC(71) Eden regions: 49->0(45)
[2025-03-28T19:24:44.775+0530][gc,heap     ] GC(71) Survivor regions: 2->6(7)
[2025-03-28T19:24:44.775+0530][gc,heap     ] GC(71) Old regions: 52->52
[2025-03-28T19:24:44.775+0530][gc,heap     ] GC(71) Archive regions: 2->2
[2025-03-28T19:24:44.775+0530][gc,heap     ] GC(71) Humongous regions: 149->147
[2025-03-28T19:24:44.775+0530][gc,metaspace] GC(71) Metaspace: 49399K(49984K)->49399K(49984K) NonClass: 43783K(44096K)->43783K(44096K) Class: 5615K(5888K)->5615K(5888K)
[2025-03-28T19:24:44.776+0530][gc          ] GC(71) Pause Young (Normal) (G1 Evacuation Pause) 251M->205M(1024M) 16.367ms
[2025-03-28T19:24:44.776+0530][gc,cpu      ] GC(71) User=0.03s Sys=0.00s Real=0.02s
[2025-03-28T19:24:44.939+0530][gc,start    ] GC(72) Pause Young (Normal) (G1 Evacuation Pause)
[2025-03-28T19:24:44.940+0530][gc,task     ] GC(72) Using 2 workers of 2 for evacuation
[2025-03-28T19:24:44.947+0530][gc,phases   ] GC(72)   Pre Evacuate Collection Set: 0.3ms
[2025-03-28T19:24:44.947+0530][gc,phases   ] GC(72)   Merge Heap Roots: 0.1ms
[2025-03-28T19:24:44.947+0530][gc,phases   ] GC(72)   Evacuate Collection Set: 6.5ms
[2025-03-28T19:24:44.947+0530][gc,phases   ] GC(72)   Post Evacuate Collection Set: 0.7ms
[2025-03-28T19:24:44.947+0530][gc,phases   ] GC(72)   Other: 0.3ms
[2025-03-28T19:24:44.947+0530][gc,heap     ] GC(72) Eden regions: 45->0(49)
[2025-03-28T19:24:44.947+0530][gc,heap     ] GC(72) Survivor regions: 6->2(7)
[2025-03-28T19:24:44.947+0530][gc,heap     ] GC(72) Old regions: 52->53
[2025-03-28T19:24:44.947+0530][gc,heap     ] GC(72) Archive regions: 2->2
[2025-03-28T19:24:44.947+0530][gc,heap     ] GC(72) Humongous regions: 149->149
[2025-03-28T19:24:44.947+0530][gc,metaspace] GC(72) Metaspace: 49399K(49984K)->49399K(49984K) NonClass: 43783K(44096K)->43783K(44096K) Class: 5615K(5888K)->5615K(5888K)
[2025-03-28T19:24:44.948+0530][gc          ] GC(72) Pause Young (Normal) (G1 Evacuation Pause) 252M->204M(1024M) 8.093ms
[2025-03-28T19:24:44.948+0530][gc,cpu      ] GC(72) User=0.02s Sys=0.00s Real=0.01s
[2025-03-28T19:24:45.073+0530][gc,start    ] GC(112) Pause Young (Normal) (G1 Evacuation Pause)
[2025-03-28T19:24:45.073+0530][gc,task     ] GC(112) Using 2 workers of 2 for evacuation
[2025-03-28T19:24:45.097+0530][gc,mmu      ] GC(112) MMU target violated: 21.0ms (20.0ms/21.0ms)
[2025-03-28T19:24:45.097+0530][gc,phases   ] GC(112)   Pre Evacuate Collection Set: 8.3ms
[2025-03-28T19:24:45.097+0530][gc,phases   ] GC(112)   Merge Heap Roots: 0.3ms
[2025-03-28T19:24:45.097+0530][gc,phases   ] GC(112)   Evacuate Collection Set: 14.9ms
[2025-03-28T19:24:45.097+0530][gc,phases   ] GC(112)   Post Evacuate Collection Set: 1.0ms
[2025-03-28T19:24:45.097+0530][gc,phases   ] GC(112)   Other: 0.2ms
[2025-03-28T19:24:45.097+0530][gc,heap     ] GC(112) Eden regions: 46->0(49)
[2025-03-28T19:24:45.097+0530][gc,heap     ] GC(112) Survivor regions: 5->2(7)
[2025-03-28T19:24:45.098+0530][gc,heap     ] GC(112) Old regions: 97->98
[2025-03-28T19:24:45.098+0530][gc,heap     ] GC(112) Archive regions: 2->2
[2025-03-28T19:24:45.098+0530][gc,heap     ] GC(112) Humongous regions: 140->140
[2025-03-28T19:24:45.098+0530][gc,metaspace] GC(112) Metaspace: 49789K(50432K)->49789K(50432K) NonClass: 44129K(44480K)->44129K(44480K) Class: 5659K(5952K)->5659K(5952K)
[2025-03-28T19:24:45.098+0530][gc          ] GC(112) Pause Young (Normal) (G1 Evacuation Pause) 287M->239M(1024M) 24.792ms
[2025-03-28T19:24:45.098+0530][gc,cpu      ] GC(112) User=0.01s Sys=0.00s Real=0.03s
[2025-03-28T19:24:51.444+0530][gc,start    ] GC(113) Pause Young (Normal) (G1 Evacuation Pause)
[2025-03-28T19:24:51.444+0530][gc,task     ] GC(113) Using 2 workers of 2 for evacuation
[2025-03-28T19:24:51.478+0530][gc,mmu      ] GC(113) MMU target violated: 21.0ms (20.0ms/21.0ms)
[2025-03-28T19:24:51.478+0530][gc,phases   ] GC(113)   Pre Evacuate Collection Set: 0.3ms
[2025-03-28T19:24:51.478+0530][gc,phases   ] GC(113)   Merge Heap Roots: 0.1ms
[2025-03-28T19:24:51.478+0530][gc,phases   ] GC(113)   Evacuate Collection Set: 32.1ms
[2025-03-28T19:24:51.478+0530][gc,phases   ] GC(113)   Post Evacuate Collection Set: 0.6ms
[2025-03-28T19:24:51.478+0530][gc,phases   ] GC(113)   Other: 0.2ms
[2025-03-28T19:24:51.478+0530][gc,heap     ] GC(113) Eden regions: 49->0(47)
[2025-03-28T19:24:51.478+0530][gc,heap     ] GC(113) Survivor regions: 2->4(7)
[2025-03-28T19:24:51.478+0530][gc,heap     ] GC(113) Old regions: 98->98
[2025-03-28T19:24:51.478+0530][gc,heap     ] GC(113) Archive regions: 2->2
[2025-03-28T19:24:51.478+0530][gc,heap     ] GC(113) Humongous regions: 140->138
[2025-03-28T19:24:51.478+0530][gc,metaspace] GC(113) Metaspace: 49799K(50432K)->49799K(50432K) NonClass: 44140K(44480K)->44140K(44480K) Class: 5659K(5952K)->5659K(5952K)
[2025-03-28T19:24:51.478+0530][gc          ] GC(113) Pause Young (Normal) (G1 Evacuation Pause) 288M->239M(1024M) 33.463ms
[2025-03-28T19:24:51.478+0530][gc,cpu      ] GC(113) User=0.01s Sys=0.00s Real=0.04s
[2025-03-28T19:24:51.493+0530][gc,start    ] GC(73) Pause Young (Normal) (G1 Evacuation Pause)
[2025-03-28T19:24:51.493+0530][gc,task     ] GC(73) Using 2 workers of 2 for evacuation
[2025-03-28T19:24:51.516+0530][gc,mmu      ] GC(73) MMU target violated: 21.0ms (20.0ms/21.0ms)
[2025-03-28T19:24:51.516+0530][gc,phases   ] GC(73)   Pre Evacuate Collection Set: 0.4ms
[2025-03-28T19:24:51.516+0530][gc,phases   ] GC(73)   Merge Heap Roots: 0.2ms
[2025-03-28T19:24:51.516+0530][gc,phases   ] GC(73)   Evacuate Collection Set: 21.3ms
[2025-03-28T19:24:51.516+0530][gc,phases   ] GC(73)   Post Evacuate Collection Set: 0.5ms
[2025-03-28T19:24:51.516+0530][gc,phases   ] GC(73)   Other: 0.2ms
[2025-03-28T19:24:51.516+0530][gc,heap     ] GC(73) Eden regions: 49->0(45)
[2025-03-28T19:24:51.516+0530][gc,heap     ] GC(73) Survivor regions: 2->6(7)
[2025-03-28T19:24:51.516+0530][gc,heap     ] GC(73) Old regions: 53->53
[2025-03-28T19:24:51.516+0530][gc,heap     ] GC(73) Archive regions: 2->2
[2025-03-28T19:24:51.516+0530][gc,heap     ] GC(73) Humongous regions: 149->147
[2025-03-28T19:24:51.516+0530][gc,metaspace] GC(73) Metaspace: 49412K(50048K)->49412K(50048K) NonClass: 43796K(44160K)->43796K(44160K) Class: 5615K(5888K)->5615K(5888K)
[2025-03-28T19:24:51.516+0530][gc          ] GC(73) Pause Young (Normal) (G1 Evacuation Pause) 253M->205M(1024M) 22.800ms
[2025-03-28T19:24:51.516+0530][gc,cpu      ] GC(73) User=0.01s Sys=0.00s Real=0.03s
[2025-03-28T19:24:51.680+0530][gc,start    ] GC(74) Pause Young (Normal) (G1 Evacuation Pause)
[2025-03-28T19:24:51.680+0530][gc,task     ] GC(74) Using 2 workers of 2 for evacuation
[2025-03-28T19:24:51.722+0530][gc,mmu      ] GC(74) MMU target violated: 21.0ms (20.0ms/21.0ms)
[2025-03-28T19:24:51.723+0530][gc,phases   ] GC(74)   Pre Evacuate Collection Set: 6.4ms
[2025-03-28T19:24:51.723+0530][gc,phases   ] GC(74)   Merge Heap Roots: 0.1ms
[2025-03-28T19:24:51.723+0530][gc,phases   ] GC(74)   Evacuate Collection Set: 35.5ms
[2025-03-28T19:24:51.723+0530][gc,phases   ] GC(74)   Post Evacuate Collection Set: 0.4ms
[2025-03-28T19:24:51.723+0530][gc,phases   ] GC(74)   Other: 0.2ms
[2025-03-28T19:24:51.723+0530][gc,heap     ] GC(74) Eden regions: 45->0(49)
[2025-03-28T19:24:51.723+0530][gc,heap     ] GC(74) Survivor regions: 6->2(7)
[2025-03-28T19:24:51.723+0530][gc,heap     ] GC(74) Old regions: 53->54
[2025-03-28T19:24:51.723+0530][gc,heap     ] GC(74) Archive regions: 2->2
[2025-03-28T19:24:51.723+0530][gc,heap     ] GC(74) Humongous regions: 149->149
[2025-03-28T19:24:51.723+0530][gc,metaspace] GC(74) Metaspace: 49413K(50048K)->49413K(50048K) NonClass: 43798K(44160K)->43798K(44160K) Class: 5615K(5888K)->5615K(5888K)
[2025-03-28T19:24:51.723+0530][gc          ] GC(74) Pause Young (Normal) (G1 Evacuation Pause) 252M->205M(1024M) 42.855ms
[2025-03-28T19:24:51.723+0530][gc,cpu      ] GC(74) User=0.02s Sys=0.00s Real=0.04s
[2025-03-28T19:24:51.790+0530][gc,start    ] GC(114) Pause Young (Normal) (G1 Evacuation Pause)
[2025-03-28T19:24:51.790+0530][gc,task     ] GC(114) Using 2 workers of 2 for evacuation
[2025-03-28T19:24:51.797+0530][gc,phases   ] GC(114)   Pre Evacuate Collection Set: 0.3ms
[2025-03-28T19:24:51.797+0530][gc,phases   ] GC(114)   Merge Heap Roots: 0.1ms
[2025-03-28T19:24:51.797+0530][gc,phases   ] GC(114)   Evacuate Collection Set: 5.5ms
[2025-03-28T19:24:51.797+0530][gc,phases   ] GC(114)   Post Evacuate Collection Set: 0.5ms
[2025-03-28T19:24:51.797+0530][gc,phases   ] GC(114)   Other: 0.2ms
[2025-03-28T19:24:51.797+0530][gc,heap     ] GC(114) Eden regions: 47->0(48)
[2025-03-28T19:24:51.797+0530][gc,heap     ] GC(114) Survivor regions: 4->3(7)
[2025-03-28T19:24:51.797+0530][gc,heap     ] GC(114) Old regions: 98->98
[2025-03-28T19:24:51.797+0530][gc,heap     ] GC(114) Archive regions: 2->2
[2025-03-28T19:24:51.797+0530][gc,heap     ] GC(114) Humongous regions: 140->140
[2025-03-28T19:24:51.797+0530][gc,metaspace] GC(114) Metaspace: 49799K(50432K)->49799K(50432K) NonClass: 44140K(44480K)->44140K(44480K) Class: 5659K(5952K)->5659K(5952K)
[2025-03-28T19:24:51.797+0530][gc          ] GC(114) Pause Young (Normal) (G1 Evacuation Pause) 288M->240M(1024M) 6.753ms
[2025-03-28T19:24:51.797+0530][gc,cpu      ] GC(114) User=0.01s Sys=0.00s Real=0.00s
[2025-03-28T19:24:53.559+0530][gc,start    ] GC(115) Pause Young (Normal) (G1 Evacuation Pause)
[2025-03-28T19:24:53.559+0530][gc,task     ] GC(115) Using 2 workers of 2 for evacuation
[2025-03-28T19:24:53.572+0530][gc,phases   ] GC(115)   Pre Evacuate Collection Set: 0.3ms
[2025-03-28T19:24:53.572+0530][gc,phases   ] GC(115)   Merge Heap Roots: 0.1ms
[2025-03-28T19:24:53.572+0530][gc,phases   ] GC(115)   Evacuate Collection Set: 12.2ms
[2025-03-28T19:24:53.572+0530][gc,phases   ] GC(115)   Post Evacuate Collection Set: 0.6ms
[2025-03-28T19:24:53.572+0530][gc,phases   ] GC(115)   Other: 0.2ms
[2025-03-28T19:24:53.572+0530][gc,heap     ] GC(115) Eden regions: 48->0(47)
[2025-03-28T19:24:53.572+0530][gc,heap     ] GC(115) Survivor regions: 3->4(7)
[2025-03-28T19:24:53.572+0530][gc,heap     ] GC(115) Old regions: 98->98
[2025-03-28T19:24:53.572+0530][gc,heap     ] GC(115) Archive regions: 2->2
[2025-03-28T19:24:53.572+0530][gc,heap     ] GC(115) Humongous regions: 140->138
[2025-03-28T19:24:53.572+0530][gc,metaspace] GC(115) Metaspace: 49803K(50432K)->49803K(50432K) NonClass: 44143K(44480K)->44143K(44480K) Class: 5659K(5952K)->5659K(5952K)
[2025-03-28T19:24:53.572+0530][gc          ] GC(115) Pause Young (Normal) (G1 Evacuation Pause) 288M->239M(1024M) 13.474ms
[2025-03-28T19:24:53.572+0530][gc,cpu      ] GC(115) User=0.02s Sys=0.00s Real=0.01s
[2025-03-28T19:24:53.752+0530][gc,start    ] GC(116) Pause Young (Normal) (G1 Evacuation Pause)
[2025-03-28T19:24:53.752+0530][gc,task     ] GC(116) Using 2 workers of 2 for evacuation
[2025-03-28T19:24:53.764+0530][gc,phases   ] GC(116)   Pre Evacuate Collection Set: 0.3ms
[2025-03-28T19:24:53.764+0530][gc,phases   ] GC(116)   Merge Heap Roots: 0.1ms
[2025-03-28T19:24:53.764+0530][gc,phases   ] GC(116)   Evacuate Collection Set: 11.0ms
[2025-03-28T19:24:53.764+0530][gc,phases   ] GC(116)   Post Evacuate Collection Set: 0.8ms
[2025-03-28T19:24:53.764+0530][gc,phases   ] GC(116)   Other: 0.2ms
[2025-03-28T19:24:53.764+0530][gc,heap     ] GC(116) Eden regions: 47->0(48)
[2025-03-28T19:24:53.764+0530][gc,heap     ] GC(116) Survivor regions: 4->3(7)
[2025-03-28T19:24:53.764+0530][gc,heap     ] GC(116) Old regions: 98->98
[2025-03-28T19:24:53.764+0530][gc,heap     ] GC(116) Archive regions: 2->2
[2025-03-28T19:24:53.764+0530][gc,heap     ] GC(116) Humongous regions: 140->140
[2025-03-28T19:24:53.764+0530][gc,metaspace] GC(116) Metaspace: 49805K(50432K)->49805K(50432K) NonClass: 44145K(44480K)->44145K(44480K) Class: 5659K(5952K)->5659K(5952K)
[2025-03-28T19:24:53.764+0530][gc          ] GC(116) Pause Young (Normal) (G1 Evacuation Pause) 288M->240M(1024M) 12.534ms
[2025-03-28T19:24:53.764+0530][gc,cpu      ] GC(116) User=0.01s Sys=0.00s Real=0.02s
[2025-03-28T19:24:54.741+0530][gc,start    ] GC(75) Pause Young (Normal) (G1 Evacuation Pause)
[2025-03-28T19:24:54.742+0530][gc,task     ] GC(75) Using 2 workers of 2 for evacuation
[2025-03-28T19:24:54.759+0530][gc,phases   ] GC(75)   Pre Evacuate Collection Set: 0.3ms
[2025-03-28T19:24:54.759+0530][gc,phases   ] GC(75)   Merge Heap Roots: 0.1ms
[2025-03-28T19:24:54.759+0530][gc,phases   ] GC(75)   Evacuate Collection Set: 15.9ms
[2025-03-28T19:24:54.759+0530][gc,phases   ] GC(75)   Post Evacuate Collection Set: 1.2ms
[2025-03-28T19:24:54.759+0530][gc,phases   ] GC(75)   Other: 0.2ms
[2025-03-28T19:24:54.759+0530][gc,heap     ] GC(75) Eden regions: 49->0(46)
[2025-03-28T19:24:54.759+0530][gc,heap     ] GC(75) Survivor regions: 2->5(7)
[2025-03-28T19:24:54.759+0530][gc,heap     ] GC(75) Old regions: 54->54
[2025-03-28T19:24:54.759+0530][gc,heap     ] GC(75) Archive regions: 2->2
[2025-03-28T19:24:54.759+0530][gc,heap     ] GC(75) Humongous regions: 149->147
[2025-03-28T19:24:54.759+0530][gc,metaspace] GC(75) Metaspace: 49416K(50048K)->49416K(50048K) NonClass: 43800K(44160K)->43800K(44160K) Class: 5615K(5888K)->5615K(5888K)
[2025-03-28T19:24:54.759+0530][gc          ] GC(75) Pause Young (Normal) (G1 Evacuation Pause) 254M->205M(1024M) 17.909ms
[2025-03-28T19:24:54.759+0530][gc,cpu      ] GC(75) User=0.03s Sys=0.00s Real=0.02s
[2025-03-28T19:24:54.953+0530][gc,start    ] GC(76) Pause Young (Normal) (G1 Evacuation Pause)
[2025-03-28T19:24:54.953+0530][gc,task     ] GC(76) Using 2 workers of 2 for evacuation
[2025-03-28T19:24:55.039+0530][gc,mmu      ] GC(76) MMU target violated: 21.0ms (20.0ms/21.0ms)
[2025-03-28T19:24:55.040+0530][gc,phases   ] GC(76)   Pre Evacuate Collection Set: 0.4ms
[2025-03-28T19:24:55.040+0530][gc,phases   ] GC(76)   Merge Heap Roots: 0.2ms
[2025-03-28T19:24:55.040+0530][gc,phases   ] GC(76)   Evacuate Collection Set: 7.3ms
[2025-03-28T19:24:55.040+0530][gc,phases   ] GC(76)   Post Evacuate Collection Set: 78.8ms
[2025-03-28T19:24:55.040+0530][gc,phases   ] GC(76)   Other: 0.3ms
[2025-03-28T19:24:55.040+0530][gc,heap     ] GC(76) Eden regions: 46->0(49)
[2025-03-28T19:24:55.040+0530][gc,heap     ] GC(76) Survivor regions: 5->2(7)
[2025-03-28T19:24:55.040+0530][gc,heap     ] GC(76) Old regions: 54->55
[2025-03-28T19:24:55.040+0530][gc,heap     ] GC(76) Archive regions: 2->2
[2025-03-28T19:24:55.040+0530][gc,heap     ] GC(76) Humongous regions: 149->149
[2025-03-28T19:24:55.040+0530][gc,metaspace] GC(76) Metaspace: 49416K(50048K)->49416K(50048K) NonClass: 43801K(44160K)->43801K(44160K) Class: 5615K(5888K)->5615K(5888K)
[2025-03-28T19:24:55.040+0530][gc          ] GC(76) Pause Young (Normal) (G1 Evacuation Pause) 253M->205M(1024M) 87.296ms
[2025-03-28T19:24:55.040+0530][gc,cpu      ] GC(76) User=0.02s Sys=0.00s Real=0.09s
[2025-03-28T19:25:01.203+0530][gc,start    ] GC(77) Pause Young (Normal) (G1 Evacuation Pause)
[2025-03-28T19:25:01.204+0530][gc,task     ] GC(77) Using 2 workers of 2 for evacuation
[2025-03-28T19:25:01.230+0530][gc,start    ] GC(117) Pause Young (Normal) (G1 Evacuation Pause)
[2025-03-28T19:25:01.230+0530][gc,task     ] GC(117) Using 2 workers of 2 for evacuation
[2025-03-28T19:25:01.238+0530][gc,phases   ] GC(117)   Pre Evacuate Collection Set: 0.3ms
[2025-03-28T19:25:01.238+0530][gc,phases   ] GC(117)   Merge Heap Roots: 0.1ms
[2025-03-28T19:25:01.238+0530][gc,phases   ] GC(117)   Evacuate Collection Set: 6.6ms
[2025-03-28T19:25:01.238+0530][gc,phases   ] GC(117)   Post Evacuate Collection Set: 0.5ms
[2025-03-28T19:25:01.238+0530][gc,phases   ] GC(117)   Other: 0.1ms
[2025-03-28T19:25:01.238+0530][gc,heap     ] GC(117) Eden regions: 48->0(48)
[2025-03-28T19:25:01.238+0530][gc,heap     ] GC(117) Survivor regions: 3->3(7)
[2025-03-28T19:25:01.238+0530][gc,heap     ] GC(117) Old regions: 98->98
[2025-03-28T19:25:01.238+0530][gc,heap     ] GC(117) Archive regions: 2->2
[2025-03-28T19:25:01.238+0530][gc,heap     ] GC(117) Humongous regions: 140->138
[2025-03-28T19:25:01.238+0530][gc,metaspace] GC(117) Metaspace: 49840K(50496K)->49840K(50496K) NonClass: 44181K(44544K)->44181K(44544K) Class: 5659K(5952K)->5659K(5952K)
[2025-03-28T19:25:01.238+0530][gc          ] GC(117) Pause Young (Normal) (G1 Evacuation Pause) 288M->238M(1024M) 7.750ms
[2025-03-28T19:25:01.238+0530][gc,cpu      ] GC(117) User=0.00s Sys=0.00s Real=0.00s
[2025-03-28T19:25:01.264+0530][gc,mmu      ] GC(77) MMU target violated: 21.0ms (20.0ms/21.0ms)
[2025-03-28T19:25:01.264+0530][gc,phases   ] GC(77)   Pre Evacuate Collection Set: 0.3ms
[2025-03-28T19:25:01.264+0530][gc,phases   ] GC(77)   Merge Heap Roots: 0.1ms
[2025-03-28T19:25:01.264+0530][gc,phases   ] GC(77)   Evacuate Collection Set: 38.0ms
[2025-03-28T19:25:01.264+0530][gc,phases   ] GC(77)   Post Evacuate Collection Set: 22.2ms
[2025-03-28T19:25:01.264+0530][gc,phases   ] GC(77)   Other: 0.2ms
[2025-03-28T19:25:01.264+0530][gc,heap     ] GC(77) Eden regions: 49->0(47)
[2025-03-28T19:25:01.264+0530][gc,heap     ] GC(77) Survivor regions: 2->4(7)
[2025-03-28T19:25:01.264+0530][gc,heap     ] GC(77) Old regions: 55->55
[2025-03-28T19:25:01.264+0530][gc,heap     ] GC(77) Archive regions: 2->2
[2025-03-28T19:25:01.264+0530][gc,heap     ] GC(77) Humongous regions: 149->147
[2025-03-28T19:25:01.264+0530][gc,metaspace] GC(77) Metaspace: 49428K(50048K)->49428K(50048K) NonClass: 43812K(44160K)->43812K(44160K) Class: 5615K(5888K)->5615K(5888K)
[2025-03-28T19:25:01.264+0530][gc          ] GC(77) Pause Young (Normal) (G1 Evacuation Pause) 254M->205M(1024M) 60.902ms
[2025-03-28T19:25:01.264+0530][gc,cpu      ] GC(77) User=0.01s Sys=0.00s Real=0.07s
[2025-03-28T19:25:01.475+0530][gc,start    ] GC(78) Pause Young (Normal) (G1 Evacuation Pause)
[2025-03-28T19:25:01.475+0530][gc,task     ] GC(78) Using 2 workers of 2 for evacuation
[2025-03-28T19:25:01.507+0530][gc,mmu      ] GC(78) MMU target violated: 21.0ms (20.0ms/21.0ms)
[2025-03-28T19:25:01.507+0530][gc,phases   ] GC(78)   Pre Evacuate Collection Set: 0.3ms
[2025-03-28T19:25:01.507+0530][gc,phases   ] GC(78)   Merge Heap Roots: 0.1ms
[2025-03-28T19:25:01.507+0530][gc,phases   ] GC(78)   Evacuate Collection Set: 30.6ms
[2025-03-28T19:25:01.507+0530][gc,phases   ] GC(78)   Post Evacuate Collection Set: 0.4ms
[2025-03-28T19:25:01.507+0530][gc,phases   ] GC(78)   Other: 0.2ms
[2025-03-28T19:25:01.507+0530][gc,heap     ] GC(78) Eden regions: 47->0(49)
[2025-03-28T19:25:01.507+0530][gc,heap     ] GC(78) Survivor regions: 4->2(7)
[2025-03-28T19:25:01.507+0530][gc,heap     ] GC(78) Old regions: 55->55
[2025-03-28T19:25:01.507+0530][gc,heap     ] GC(78) Archive regions: 2->2
[2025-03-28T19:25:01.507+0530][gc,heap     ] GC(78) Humongous regions: 149->149
[2025-03-28T19:25:01.507+0530][gc,metaspace] GC(78) Metaspace: 49428K(50048K)->49428K(50048K) NonClass: 43812K(44160K)->43812K(44160K) Class: 5615K(5888K)->5615K(5888K)
[2025-03-28T19:25:01.507+0530][gc          ] GC(78) Pause Young (Normal) (G1 Evacuation Pause) 254M->206M(1024M) 31.679ms
[2025-03-28T19:25:01.507+0530][gc,cpu      ] GC(78) User=0.01s Sys=0.00s Real=0.02s
[2025-03-28T19:25:01.549+0530][gc,start    ] GC(118) Pause Young (Normal) (G1 Evacuation Pause)
[2025-03-28T19:25:01.549+0530][gc,task     ] GC(118) Using 2 workers of 2 for evacuation
[2025-03-28T19:25:01.595+0530][gc,mmu      ] GC(118) MMU target violated: 21.0ms (20.0ms/21.0ms)
[2025-03-28T19:25:01.595+0530][gc,phases   ] GC(118)   Pre Evacuate Collection Set: 0.2ms
[2025-03-28T19:25:01.595+0530][gc,phases   ] GC(118)   Merge Heap Roots: 0.1ms
[2025-03-28T19:25:01.595+0530][gc,phases   ] GC(118)   Evacuate Collection Set: 31.2ms
[2025-03-28T19:25:01.595+0530][gc,phases   ] GC(118)   Post Evacuate Collection Set: 15.0ms
[2025-03-28T19:25:01.595+0530][gc,phases   ] GC(118)   Other: 0.2ms
[2025-03-28T19:25:01.595+0530][gc,heap     ] GC(118) Eden regions: 48->0(48)
[2025-03-28T19:25:01.595+0530][gc,heap     ] GC(118) Survivor regions: 3->3(7)
[2025-03-28T19:25:01.595+0530][gc,heap     ] GC(118) Old regions: 98->98
[2025-03-28T19:25:01.595+0530][gc,heap     ] GC(118) Archive regions: 2->2
[2025-03-28T19:25:01.595+0530][gc,heap     ] GC(118) Humongous regions: 140->140
[2025-03-28T19:25:01.595+0530][gc,metaspace] GC(118) Metaspace: 49840K(50496K)->49840K(50496K) NonClass: 44181K(44544K)->44181K(44544K) Class: 5659K(5952K)->5659K(5952K)
[2025-03-28T19:25:01.595+0530][gc          ] GC(118) Pause Young (Normal) (G1 Evacuation Pause) 288M->240M(1024M) 46.764ms
[2025-03-28T19:25:01.596+0530][gc,cpu      ] GC(118) User=0.01s Sys=0.01s Real=0.05s
[2025-03-28T19:25:03.520+0530][gc,start    ] GC(119) Pause Young (Normal) (G1 Evacuation Pause)
[2025-03-28T19:25:03.520+0530][gc,task     ] GC(119) Using 2 workers of 2 for evacuation
[2025-03-28T19:25:03.525+0530][gc,phases   ] GC(119)   Pre Evacuate Collection Set: 0.2ms
[2025-03-28T19:25:03.525+0530][gc,phases   ] GC(119)   Merge Heap Roots: 0.1ms
[2025-03-28T19:25:03.525+0530][gc,phases   ] GC(119)   Evacuate Collection Set: 4.4ms
[2025-03-28T19:25:03.525+0530][gc,phases   ] GC(119)   Post Evacuate Collection Set: 0.5ms
[2025-03-28T19:25:03.525+0530][gc,phases   ] GC(119)   Other: 0.1ms
[2025-03-28T19:25:03.525+0530][gc,heap     ] GC(119) Eden regions: 48->0(103)
[2025-03-28T19:25:03.525+0530][gc,heap     ] GC(119) Survivor regions: 3->3(7)
[2025-03-28T19:25:03.525+0530][gc,heap     ] GC(119) Old regions: 98->98
[2025-03-28T19:25:03.525+0530][gc,heap     ] GC(119) Archive regions: 2->2
[2025-03-28T19:25:03.525+0530][gc,heap     ] GC(119) Humongous regions: 140->138
[2025-03-28T19:25:03.525+0530][gc,metaspace] GC(119) Metaspace: 49848K(50496K)->49848K(50496K) NonClass: 44188K(44544K)->44188K(44544K) Class: 5659K(5952K)->5659K(5952K)
[2025-03-28T19:25:03.525+0530][gc          ] GC(119) Pause Young (Normal) (G1 Evacuation Pause) 288M->238M(1024M) 5.466ms
[2025-03-28T19:25:03.525+0530][gc,cpu      ] GC(119) User=0.01s Sys=0.00s Real=0.00s
[2025-03-28T19:25:04.758+0530][gc,start    ] GC(79) Pause Young (Normal) (G1 Evacuation Pause)
[2025-03-28T19:25:04.758+0530][gc,task     ] GC(79) Using 2 workers of 2 for evacuation
[2025-03-28T19:25:04.789+0530][gc,mmu      ] GC(79) MMU target violated: 21.0ms (20.0ms/21.0ms)
[2025-03-28T19:25:04.789+0530][gc,phases   ] GC(79)   Pre Evacuate Collection Set: 0.3ms
[2025-03-28T19:25:04.789+0530][gc,phases   ] GC(79)   Merge Heap Roots: 0.1ms
[2025-03-28T19:25:04.789+0530][gc,phases   ] GC(79)   Evacuate Collection Set: 29.7ms
[2025-03-28T19:25:04.789+0530][gc,phases   ] GC(79)   Post Evacuate Collection Set: 0.8ms
[2025-03-28T19:25:04.789+0530][gc,phases   ] GC(79)   Other: 0.3ms
[2025-03-28T19:25:04.789+0530][gc,heap     ] GC(79) Eden regions: 49->0(47)
[2025-03-28T19:25:04.789+0530][gc,heap     ] GC(79) Survivor regions: 2->4(7)
[2025-03-28T19:25:04.789+0530][gc,heap     ] GC(79) Old regions: 55->55
[2025-03-28T19:25:04.789+0530][gc,heap     ] GC(79) Archive regions: 2->2
[2025-03-28T19:25:04.789+0530][gc,heap     ] GC(79) Humongous regions: 149->147
[2025-03-28T19:25:04.789+0530][gc,metaspace] GC(79) Metaspace: 49430K(50048K)->49430K(50048K) NonClass: 43814K(44160K)->43814K(44160K) Class: 5615K(5888K)->5615K(5888K)
[2025-03-28T19:25:04.789+0530][gc          ] GC(79) Pause Young (Normal) (G1 Evacuation Pause) 255M->206M(1024M) 31.533ms
[2025-03-28T19:25:04.789+0530][gc,cpu      ] GC(79) User=0.01s Sys=0.00s Real=0.03s
[2025-03-28T19:25:05.232+0530][gc,start    ] GC(80) Pause Young (Normal) (G1 Evacuation Pause)
[2025-03-28T19:25:05.232+0530][gc,task     ] GC(80) Using 2 workers of 2 for evacuation
[2025-03-28T19:25:05.268+0530][gc,mmu      ] GC(80) MMU target violated: 21.0ms (20.0ms/21.0ms)
[2025-03-28T19:25:05.268+0530][gc,phases   ] GC(80)   Pre Evacuate Collection Set: 0.3ms
[2025-03-28T19:25:05.268+0530][gc,phases   ] GC(80)   Merge Heap Roots: 0.1ms
[2025-03-28T19:25:05.268+0530][gc,phases   ] GC(80)   Evacuate Collection Set: 34.5ms
[2025-03-28T19:25:05.268+0530][gc,phases   ] GC(80)   Post Evacuate Collection Set: 0.4ms
[2025-03-28T19:25:05.268+0530][gc,phases   ] GC(80)   Other: 0.4ms
[2025-03-28T19:25:05.268+0530][gc,heap     ] GC(80) Eden regions: 47->0(48)
[2025-03-28T19:25:05.268+0530][gc,heap     ] GC(80) Survivor regions: 4->3(7)
[2025-03-28T19:25:05.268+0530][gc,heap     ] GC(80) Old regions: 55->55
[2025-03-28T19:25:05.268+0530][gc,heap     ] GC(80) Archive regions: 2->2
[2025-03-28T19:25:05.268+0530][gc,heap     ] GC(80) Humongous regions: 149->149
[2025-03-28T19:25:05.268+0530][gc,metaspace] GC(80) Metaspace: 49438K(50048K)->49438K(50048K) NonClass: 43823K(44160K)->43823K(44160K) Class: 5615K(5888K)->5615K(5888K)
[2025-03-28T19:25:05.268+0530][gc          ] GC(80) Pause Young (Normal) (G1 Evacuation Pause) 255M->207M(1024M) 35.594ms
[2025-03-28T19:25:05.268+0530][gc,cpu      ] GC(80) User=0.02s Sys=0.00s Real=0.03s
[2025-03-28T19:25:11.274+0530][gc,start    ] GC(120) Pause Young (Normal) (G1 Evacuation Pause)
[2025-03-28T19:25:11.274+0530][gc,task     ] GC(120) Using 2 workers of 2 for evacuation
[2025-03-28T19:25:11.310+0530][gc,mmu      ] GC(120) MMU target violated: 21.0ms (20.0ms/21.0ms)
[2025-03-28T19:25:11.310+0530][gc,phases   ] GC(120)   Pre Evacuate Collection Set: 0.3ms
[2025-03-28T19:25:11.310+0530][gc,phases   ] GC(120)   Merge Heap Roots: 0.2ms
[2025-03-28T19:25:11.310+0530][gc,phases   ] GC(120)   Evacuate Collection Set: 34.6ms
[2025-03-28T19:25:11.310+0530][gc,phases   ] GC(120)   Post Evacuate Collection Set: 1.0ms
[2025-03-28T19:25:11.310+0530][gc,phases   ] GC(120)   Other: 0.3ms
[2025-03-28T19:25:11.310+0530][gc,heap     ] GC(120) Eden regions: 103->0(47)
[2025-03-28T19:25:11.310+0530][gc,heap     ] GC(120) Survivor regions: 3->4(14)
[2025-03-28T19:25:11.310+0530][gc,heap     ] GC(120) Old regions: 98->98
[2025-03-28T19:25:11.310+0530][gc,heap     ] GC(120) Archive regions: 2->2
[2025-03-28T19:25:11.310+0530][gc,heap     ] GC(120) Humongous regions: 140->138
[2025-03-28T19:25:11.310+0530][gc,metaspace] GC(120) Metaspace: 49873K(50560K)->49873K(50560K) NonClass: 44214K(44608K)->44214K(44608K) Class: 5659K(5952K)->5659K(5952K)
[2025-03-28T19:25:11.311+0530][gc          ] GC(120) Pause Young (Normal) (G1 Evacuation Pause) 343M->239M(1024M) 36.484ms
[2025-03-28T19:25:11.311+0530][gc,cpu      ] GC(120) User=0.02s Sys=0.00s Real=0.04s
[2025-03-28T19:25:11.322+0530][gc,start    ] GC(81) Pause Young (Normal) (G1 Evacuation Pause)
[2025-03-28T19:25:11.322+0530][gc,task     ] GC(81) Using 2 workers of 2 for evacuation
[2025-03-28T19:25:11.333+0530][gc,phases   ] GC(81)   Pre Evacuate Collection Set: 0.3ms
[2025-03-28T19:25:11.333+0530][gc,phases   ] GC(81)   Merge Heap Roots: 0.3ms
[2025-03-28T19:25:11.333+0530][gc,phases   ] GC(81)   Evacuate Collection Set: 9.2ms
[2025-03-28T19:25:11.333+0530][gc,phases   ] GC(81)   Post Evacuate Collection Set: 1.1ms
[2025-03-28T19:25:11.333+0530][gc,phases   ] GC(81)   Other: 0.2ms
[2025-03-28T19:25:11.333+0530][gc,heap     ] GC(81) Eden regions: 48->0(48)
[2025-03-28T19:25:11.333+0530][gc,heap     ] GC(81) Survivor regions: 3->3(7)
[2025-03-28T19:25:11.333+0530][gc,heap     ] GC(81) Old regions: 55->55
[2025-03-28T19:25:11.333+0530][gc,heap     ] GC(81) Archive regions: 2->2
[2025-03-28T19:25:11.333+0530][gc,heap     ] GC(81) Humongous regions: 149->147
[2025-03-28T19:25:11.333+0530][gc,metaspace] GC(81) Metaspace: 49440K(50048K)->49440K(50048K) NonClass: 43824K(44160K)->43824K(44160K) Class: 5615K(5888K)->5615K(5888K)
[2025-03-28T19:25:11.333+0530][gc          ] GC(81) Pause Young (Normal) (G1 Evacuation Pause) 255M->205M(1024M) 11.288ms
[2025-03-28T19:25:11.333+0530][gc,cpu      ] GC(81) User=0.01s Sys=0.00s Real=0.01s
[2025-03-28T19:25:11.505+0530][gc,start    ] GC(82) Pause Young (Normal) (G1 Evacuation Pause)
[2025-03-28T19:25:11.505+0530][gc,task     ] GC(82) Using 2 workers of 2 for evacuation
[2025-03-28T19:25:11.518+0530][gc,phases   ] GC(82)   Pre Evacuate Collection Set: 0.2ms
[2025-03-28T19:25:11.518+0530][gc,phases   ] GC(82)   Merge Heap Roots: 0.1ms
[2025-03-28T19:25:11.518+0530][gc,phases   ] GC(82)   Evacuate Collection Set: 11.8ms
[2025-03-28T19:25:11.518+0530][gc,phases   ] GC(82)   Post Evacuate Collection Set: 1.0ms
[2025-03-28T19:25:11.518+0530][gc,phases   ] GC(82)   Other: 0.2ms
[2025-03-28T19:25:11.518+0530][gc,heap     ] GC(82) Eden regions: 48->0(48)
[2025-03-28T19:25:11.518+0530][gc,heap     ] GC(82) Survivor regions: 3->3(7)
[2025-03-28T19:25:11.518+0530][gc,heap     ] GC(82) Old regions: 55->55
[2025-03-28T19:25:11.518+0530][gc,heap     ] GC(82) Archive regions: 2->2
[2025-03-28T19:25:11.518+0530][gc,heap     ] GC(82) Humongous regions: 149->149
[2025-03-28T19:25:11.518+0530][gc,metaspace] GC(82) Metaspace: 49440K(50048K)->49440K(50048K) NonClass: 43824K(44160K)->43824K(44160K) Class: 5615K(5888K)->5615K(5888K)
[2025-03-28T19:25:11.518+0530][gc          ] GC(82) Pause Young (Normal) (G1 Evacuation Pause) 255M->207M(1024M) 13.392ms
[2025-03-28T19:25:11.518+0530][gc,cpu      ] GC(82) User=0.01s Sys=0.01s Real=0.01s
[2025-03-28T19:25:11.758+0530][gc,start    ] GC(121) Pause Young (Normal) (G1 Evacuation Pause)
[2025-03-28T19:25:11.758+0530][gc,task     ] GC(121) Using 2 workers of 2 for evacuation
[2025-03-28T19:25:11.808+0530][gc,mmu      ] GC(121) MMU target violated: 21.0ms (20.0ms/21.0ms)
[2025-03-28T19:25:11.808+0530][gc,phases   ] GC(121)   Pre Evacuate Collection Set: 1.7ms
[2025-03-28T19:25:11.808+0530][gc,phases   ] GC(121)   Merge Heap Roots: 0.2ms
[2025-03-28T19:25:11.808+0530][gc,phases   ] GC(121)   Evacuate Collection Set: 45.6ms
[2025-03-28T19:25:11.808+0530][gc,phases   ] GC(121)   Post Evacuate Collection Set: 2.7ms
[2025-03-28T19:25:11.808+0530][gc,phases   ] GC(121)   Other: 0.3ms
[2025-03-28T19:25:11.808+0530][gc,heap     ] GC(121) Eden regions: 47->0(48)
[2025-03-28T19:25:11.808+0530][gc,heap     ] GC(121) Survivor regions: 4->3(7)
[2025-03-28T19:25:11.808+0530][gc,heap     ] GC(121) Old regions: 98->98
[2025-03-28T19:25:11.808+0530][gc,heap     ] GC(121) Archive regions: 2->2
[2025-03-28T19:25:11.808+0530][gc,heap     ] GC(121) Humongous regions: 140->140
[2025-03-28T19:25:11.808+0530][gc,metaspace] GC(121) Metaspace: 49873K(50560K)->49873K(50560K) NonClass: 44214K(44608K)->44214K(44608K) Class: 5659K(5952K)->5659K(5952K)
[2025-03-28T19:25:11.808+0530][gc          ] GC(121) Pause Young (Normal) (G1 Evacuation Pause) 288M->241M(1024M) 50.739ms
[2025-03-28T19:25:11.808+0530][gc,cpu      ] GC(121) User=0.02s Sys=0.00s Real=0.05s
[2025-03-28T19:25:14.275+0530][gc,start    ] GC(122) Pause Young (Normal) (G1 Evacuation Pause)
[2025-03-28T19:25:14.275+0530][gc,task     ] GC(122) Using 2 workers of 2 for evacuation
[2025-03-28T19:25:14.320+0530][gc,mmu      ] GC(122) MMU target violated: 21.0ms (20.0ms/21.0ms)
[2025-03-28T19:25:14.320+0530][gc,phases   ] GC(122)   Pre Evacuate Collection Set: 3.7ms
[2025-03-28T19:25:14.320+0530][gc,phases   ] GC(122)   Merge Heap Roots: 0.6ms
[2025-03-28T19:25:14.320+0530][gc,phases   ] GC(122)   Evacuate Collection Set: 39.3ms
[2025-03-28T19:25:14.320+0530][gc,phases   ] GC(122)   Post Evacuate Collection Set: 1.5ms
[2025-03-28T19:25:14.320+0530][gc,phases   ] GC(122)   Other: 0.6ms
[2025-03-28T19:25:14.320+0530][gc,heap     ] GC(122) Eden regions: 48->0(48)
[2025-03-28T19:25:14.320+0530][gc,heap     ] GC(122) Survivor regions: 3->3(7)
[2025-03-28T19:25:14.320+0530][gc,heap     ] GC(122) Old regions: 98->98
[2025-03-28T19:25:14.320+0530][gc,heap     ] GC(122) Archive regions: 2->2
[2025-03-28T19:25:14.320+0530][gc,heap     ] GC(122) Humongous regions: 140->138
[2025-03-28T19:25:14.320+0530][gc,metaspace] GC(122) Metaspace: 49882K(50560K)->49882K(50560K) NonClass: 44223K(44608K)->44223K(44608K) Class: 5659K(5952K)->5659K(5952K)
[2025-03-28T19:25:14.320+0530][gc          ] GC(122) Pause Young (Normal) (G1 Evacuation Pause) 289M->238M(1024M) 45.884ms
[2025-03-28T19:25:14.321+0530][gc,cpu      ] GC(122) User=0.03s Sys=0.00s Real=0.05s
[2025-03-28T19:25:14.556+0530][gc,start    ] GC(123) Pause Young (Normal) (G1 Evacuation Pause)
[2025-03-28T19:25:14.556+0530][gc,task     ] GC(123) Using 2 workers of 2 for evacuation
[2025-03-28T19:25:14.566+0530][gc,phases   ] GC(123)   Pre Evacuate Collection Set: 0.3ms
[2025-03-28T19:25:14.566+0530][gc,phases   ] GC(123)   Merge Heap Roots: 0.1ms
[2025-03-28T19:25:14.566+0530][gc,phases   ] GC(123)   Evacuate Collection Set: 7.3ms
[2025-03-28T19:25:14.566+0530][gc,phases   ] GC(123)   Post Evacuate Collection Set: 2.4ms
[2025-03-28T19:25:14.566+0530][gc,phases   ] GC(123)   Other: 0.2ms
[2025-03-28T19:25:14.566+0530][gc,heap     ] GC(123) Eden regions: 48->0(48)
[2025-03-28T19:25:14.566+0530][gc,heap     ] GC(123) Survivor regions: 3->3(7)
[2025-03-28T19:25:14.566+0530][gc,heap     ] GC(123) Old regions: 98->98
[2025-03-28T19:25:14.566+0530][gc,heap     ] GC(123) Archive regions: 2->2
[2025-03-28T19:25:14.566+0530][gc,heap     ] GC(123) Humongous regions: 140->140
[2025-03-28T19:25:14.566+0530][gc,metaspace] GC(123) Metaspace: 49884K(50560K)->49884K(50560K) NonClass: 44225K(44608K)->44225K(44608K) Class: 5659K(5952K)->5659K(5952K)
[2025-03-28T19:25:14.566+0530][gc          ] GC(123) Pause Young (Normal) (G1 Evacuation Pause) 288M->241M(1024M) 10.569ms
[2025-03-28T19:25:14.566+0530][gc,cpu      ] GC(123) User=0.02s Sys=0.01s Real=0.01s
[2025-03-28T19:25:14.665+0530][gc,start    ] GC(83) Pause Young (Normal) (G1 Evacuation Pause)
[2025-03-28T19:25:14.665+0530][gc,task     ] GC(83) Using 2 workers of 2 for evacuation
[2025-03-28T19:25:14.673+0530][gc,phases   ] GC(83)   Pre Evacuate Collection Set: 0.3ms
[2025-03-28T19:25:14.673+0530][gc,phases   ] GC(83)   Merge Heap Roots: 0.1ms
[2025-03-28T19:25:14.673+0530][gc,phases   ] GC(83)   Evacuate Collection Set: 7.0ms
[2025-03-28T19:25:14.673+0530][gc,phases   ] GC(83)   Post Evacuate Collection Set: 0.5ms
[2025-03-28T19:25:14.673+0530][gc,phases   ] GC(83)   Other: 0.2ms
[2025-03-28T19:25:14.673+0530][gc,heap     ] GC(83) Eden regions: 48->0(48)
[2025-03-28T19:25:14.673+0530][gc,heap     ] GC(83) Survivor regions: 3->3(7)
[2025-03-28T19:25:14.673+0530][gc,heap     ] GC(83) Old regions: 55->55
[2025-03-28T19:25:14.673+0530][gc,heap     ] GC(83) Archive regions: 2->2
[2025-03-28T19:25:14.673+0530][gc,heap     ] GC(83) Humongous regions: 149->147
[2025-03-28T19:25:14.673+0530][gc,metaspace] GC(83) Metaspace: 49451K(50048K)->49451K(50048K) NonClass: 43835K(44160K)->43835K(44160K) Class: 5615K(5888K)->5615K(5888K)
[2025-03-28T19:25:14.673+0530][gc          ] GC(83) Pause Young (Normal) (G1 Evacuation Pause) 255M->205M(1024M) 8.723ms
[2025-03-28T19:25:14.673+0530][gc,cpu      ] GC(83) User=0.02s Sys=0.00s Real=0.01s
[2025-03-28T19:25:14.806+0530][gc,start    ] GC(84) Pause Young (Normal) (G1 Evacuation Pause)
[2025-03-28T19:25:14.806+0530][gc,task     ] GC(84) Using 2 workers of 2 for evacuation
[2025-03-28T19:25:14.817+0530][gc,phases   ] GC(84)   Pre Evacuate Collection Set: 0.2ms
[2025-03-28T19:25:14.817+0530][gc,phases   ] GC(84)   Merge Heap Roots: 0.1ms
[2025-03-28T19:25:14.817+0530][gc,phases   ] GC(84)   Evacuate Collection Set: 9.9ms
[2025-03-28T19:25:14.817+0530][gc,phases   ] GC(84)   Post Evacuate Collection Set: 0.9ms
[2025-03-28T19:25:14.817+0530][gc,phases   ] GC(84)   Other: 0.1ms
[2025-03-28T19:25:14.817+0530][gc,heap     ] GC(84) Eden regions: 48->0(48)
[2025-03-28T19:25:14.817+0530][gc,heap     ] GC(84) Survivor regions: 3->3(7)
[2025-03-28T19:25:14.817+0530][gc,heap     ] GC(84) Old regions: 55->55
[2025-03-28T19:25:14.817+0530][gc,heap     ] GC(84) Archive regions: 2->2
[2025-03-28T19:25:14.817+0530][gc,heap     ] GC(84) Humongous regions: 149->149
[2025-03-28T19:25:14.817+0530][gc,metaspace] GC(84) Metaspace: 49452K(50048K)->49452K(50048K) NonClass: 43837K(44160K)->43837K(44160K) Class: 5615K(5888K)->5615K(5888K)
[2025-03-28T19:25:14.817+0530][gc          ] GC(84) Pause Young (Normal) (G1 Evacuation Pause) 255M->207M(1024M) 11.384ms
[2025-03-28T19:25:14.817+0530][gc,cpu      ] GC(84) User=0.00s Sys=0.00s Real=0.01s
[2025-03-28T19:25:21.628+0530][gc,start    ] GC(124) Pause Young (Normal) (G1 Evacuation Pause)
[2025-03-28T19:25:21.628+0530][gc,task     ] GC(124) Using 2 workers of 2 for evacuation
[2025-03-28T19:25:21.647+0530][gc,phases   ] GC(124)   Pre Evacuate Collection Set: 3.9ms
[2025-03-28T19:25:21.647+0530][gc,phases   ] GC(124)   Merge Heap Roots: 0.3ms
[2025-03-28T19:25:21.647+0530][gc,phases   ] GC(124)   Evacuate Collection Set: 13.2ms
[2025-03-28T19:25:21.647+0530][gc,phases   ] GC(124)   Post Evacuate Collection Set: 1.1ms
[2025-03-28T19:25:21.647+0530][gc,phases   ] GC(124)   Other: 0.2ms
[2025-03-28T19:25:21.647+0530][gc,heap     ] GC(124) Eden regions: 48->0(49)
[2025-03-28T19:25:21.647+0530][gc,heap     ] GC(124) Survivor regions: 3->2(7)
[2025-03-28T19:25:21.647+0530][gc,heap     ] GC(124) Old regions: 98->98
[2025-03-28T19:25:21.647+0530][gc,heap     ] GC(124) Archive regions: 2->2
[2025-03-28T19:25:21.647+0530][gc,heap     ] GC(124) Humongous regions: 140->138
[2025-03-28T19:25:21.647+0530][gc,metaspace] GC(124) Metaspace: 49904K(50560K)->49904K(50560K) NonClass: 44241K(44608K)->44241K(44608K) Class: 5662K(5952K)->5662K(5952K)
[2025-03-28T19:25:21.647+0530][gc          ] GC(124) Pause Young (Normal) (G1 Evacuation Pause) 289M->238M(1024M) 18.811ms
[2025-03-28T19:25:21.647+0530][gc,cpu      ] GC(124) User=0.01s Sys=0.00s Real=0.03s
[2025-03-28T19:25:21.659+0530][gc,start    ] GC(85) Pause Young (Normal) (G1 Evacuation Pause)
[2025-03-28T19:25:21.659+0530][gc,task     ] GC(85) Using 2 workers of 2 for evacuation
[2025-03-28T19:25:21.691+0530][gc,mmu      ] GC(85) MMU target violated: 21.0ms (20.0ms/21.0ms)
[2025-03-28T19:25:21.692+0530][gc,phases   ] GC(85)   Pre Evacuate Collection Set: 0.3ms
[2025-03-28T19:25:21.692+0530][gc,phases   ] GC(85)   Merge Heap Roots: 0.1ms
[2025-03-28T19:25:21.692+0530][gc,phases   ] GC(85)   Evacuate Collection Set: 31.3ms
[2025-03-28T19:25:21.692+0530][gc,phases   ] GC(85)   Post Evacuate Collection Set: 0.6ms
[2025-03-28T19:25:21.692+0530][gc,phases   ] GC(85)   Other: 0.2ms
[2025-03-28T19:25:21.692+0530][gc,heap     ] GC(85) Eden regions: 48->0(68)
[2025-03-28T19:25:21.692+0530][gc,heap     ] GC(85) Survivor regions: 3->2(7)
[2025-03-28T19:25:21.692+0530][gc,heap     ] GC(85) Old regions: 55->55
[2025-03-28T19:25:21.692+0530][gc,heap     ] GC(85) Archive regions: 2->2
[2025-03-28T19:25:21.692+0530][gc,heap     ] GC(85) Humongous regions: 149->147
[2025-03-28T19:25:21.692+0530][gc,metaspace] GC(85) Metaspace: 49480K(50048K)->49480K(50048K) NonClass: 43864K(44160K)->43864K(44160K) Class: 5615K(5888K)->5615K(5888K)
[2025-03-28T19:25:21.692+0530][gc          ] GC(85) Pause Young (Normal) (G1 Evacuation Pause) 255M->204M(1024M) 32.609ms
[2025-03-28T19:25:21.692+0530][gc,cpu      ] GC(85) User=0.01s Sys=0.00s Real=0.04s
[2025-03-28T19:25:21.785+0530][gc,start    ] GC(125) Pause Young (Normal) (G1 Evacuation Pause)
[2025-03-28T19:25:21.785+0530][gc,task     ] GC(125) Using 2 workers of 2 for evacuation
[2025-03-28T19:25:21.883+0530][gc,mmu      ] GC(125) MMU target violated: 21.0ms (20.0ms/21.0ms)
[2025-03-28T19:25:21.883+0530][gc,phases   ] GC(125)   Pre Evacuate Collection Set: 6.4ms
[2025-03-28T19:25:21.883+0530][gc,phases   ] GC(125)   Merge Heap Roots: 0.2ms
[2025-03-28T19:25:21.883+0530][gc,phases   ] GC(125)   Evacuate Collection Set: 84.3ms
[2025-03-28T19:25:21.884+0530][gc,phases   ] GC(125)   Post Evacuate Collection Set: 7.6ms
[2025-03-28T19:25:21.884+0530][gc,phases   ] GC(125)   Other: 0.3ms
[2025-03-28T19:25:21.884+0530][gc,heap     ] GC(125) Eden regions: 49->0(44)
[2025-03-28T19:25:21.884+0530][gc,heap     ] GC(125) Survivor regions: 2->7(7)
[2025-03-28T19:25:21.884+0530][gc,heap     ] GC(125) Old regions: 98->99
[2025-03-28T19:25:21.884+0530][gc,heap     ] GC(125) Archive regions: 2->2
[2025-03-28T19:25:21.884+0530][gc,heap     ] GC(125) Humongous regions: 138->138
[2025-03-28T19:25:21.884+0530][gc,metaspace] GC(125) Metaspace: 49905K(50560K)->49905K(50560K) NonClass: 44243K(44608K)->44243K(44608K) Class: 5662K(5952K)->5662K(5952K)
[2025-03-28T19:25:21.884+0530][gc          ] GC(125) Pause Young (Normal) (G1 Evacuation Pause) 287M->244M(1024M) 98.905ms
[2025-03-28T19:25:21.884+0530][gc,cpu      ] GC(125) User=0.03s Sys=0.01s Real=0.10s
[2025-03-28T19:25:22.164+0530][gc,start    ] GC(86) Pause Young (Normal) (G1 Evacuation Pause)
[2025-03-28T19:25:22.164+0530][gc,task     ] GC(86) Using 2 workers of 2 for evacuation
[2025-03-28T19:25:22.185+0530][gc,mmu      ] GC(86) MMU target violated: 20.3ms (20.0ms/21.0ms)
[2025-03-28T19:25:22.185+0530][gc,phases   ] GC(86)   Pre Evacuate Collection Set: 0.3ms
[2025-03-28T19:25:22.185+0530][gc,phases   ] GC(86)   Merge Heap Roots: 0.1ms
[2025-03-28T19:25:22.185+0530][gc,phases   ] GC(86)   Evacuate Collection Set: 14.0ms
[2025-03-28T19:25:22.185+0530][gc,phases   ] GC(86)   Post Evacuate Collection Set: 0.5ms
[2025-03-28T19:25:22.185+0530][gc,phases   ] GC(86)   Other: 5.7ms
[2025-03-28T19:25:22.185+0530][gc,heap     ] GC(86) Eden regions: 68->0(67)
[2025-03-28T19:25:22.185+0530][gc,heap     ] GC(86) Survivor regions: 2->3(9)
[2025-03-28T19:25:22.185+0530][gc,heap     ] GC(86) Old regions: 55->55
[2025-03-28T19:25:22.185+0530][gc,heap     ] GC(86) Archive regions: 2->2
[2025-03-28T19:25:22.185+0530][gc,heap     ] GC(86) Humongous regions: 149->149
[2025-03-28T19:25:22.185+0530][gc,metaspace] GC(86) Metaspace: 49480K(50048K)->49480K(50048K) NonClass: 43864K(44160K)->43864K(44160K) Class: 5615K(5888K)->5615K(5888K)
[2025-03-28T19:25:22.185+0530][gc          ] GC(86) Pause Young (Normal) (G1 Evacuation Pause) 274M->207M(1024M) 20.635ms
[2025-03-28T19:25:22.185+0530][gc,cpu      ] GC(86) User=0.01s Sys=0.00s Real=0.02s
[2025-03-28T19:25:23.716+0530][gc,start    ] GC(126) Pause Young (Normal) (G1 Evacuation Pause)
[2025-03-28T19:25:23.717+0530][gc,task     ] GC(126) Using 2 workers of 2 for evacuation
[2025-03-28T19:25:24.285+0530][gc,mmu      ] GC(126) MMU target violated: 21.0ms (20.0ms/21.0ms)
[2025-03-28T19:25:24.285+0530][gc,phases   ] GC(126)   Pre Evacuate Collection Set: 0.3ms
[2025-03-28T19:25:24.285+0530][gc,phases   ] GC(126)   Merge Heap Roots: 0.4ms
[2025-03-28T19:25:24.285+0530][gc,phases   ] GC(126)   Evacuate Collection Set: 35.3ms
[2025-03-28T19:25:24.285+0530][gc,phases   ] GC(126)   Post Evacuate Collection Set: 528.8ms
[2025-03-28T19:25:24.285+0530][gc,phases   ] GC(126)   Other: 4.0ms
[2025-03-28T19:25:24.285+0530][gc,heap     ] GC(126) Eden regions: 44->0(50)
[2025-03-28T19:25:24.285+0530][gc,heap     ] GC(126) Survivor regions: 7->1(7)
[2025-03-28T19:25:24.285+0530][gc,heap     ] GC(126) Old regions: 99->106
[2025-03-28T19:25:24.285+0530][gc,heap     ] GC(126) Archive regions: 2->2
[2025-03-28T19:25:24.285+0530][gc,heap     ] GC(126) Humongous regions: 140->138
[2025-03-28T19:25:24.285+0530][gc,metaspace] GC(126) Metaspace: 49905K(50560K)->49905K(50560K) NonClass: 44243K(44608K)->44243K(44608K) Class: 5662K(5952K)->5662K(5952K)
[2025-03-28T19:25:24.285+0530][gc          ] GC(126) Pause Young (Normal) (G1 Evacuation Pause) 290M->244M(1024M) 568.921ms
[2025-03-28T19:25:24.285+0530][gc,cpu      ] GC(126) User=0.05s Sys=0.01s Real=0.56s
[2025-03-28T19:25:25.116+0530][gc,start    ] GC(127) Pause Young (Normal) (G1 Evacuation Pause)
[2025-03-28T19:25:25.116+0530][gc,task     ] GC(127) Using 2 workers of 2 for evacuation
[2025-03-28T19:25:25.226+0530][gc,mmu      ] GC(127) MMU target violated: 21.0ms (20.0ms/21.0ms)
[2025-03-28T19:25:25.227+0530][gc,phases   ] GC(127)   Pre Evacuate Collection Set: 3.1ms
[2025-03-28T19:25:25.227+0530][gc,phases   ] GC(127)   Merge Heap Roots: 2.8ms
[2025-03-28T19:25:25.227+0530][gc,phases   ] GC(127)   Evacuate Collection Set: 98.6ms
[2025-03-28T19:25:25.227+0530][gc,phases   ] GC(127)   Post Evacuate Collection Set: 5.5ms
[2025-03-28T19:25:25.227+0530][gc,phases   ] GC(127)   Other: 0.3ms
[2025-03-28T19:25:25.227+0530][gc,heap     ] GC(127) Eden regions: 50->0(44)
[2025-03-28T19:25:25.227+0530][gc,heap     ] GC(127) Survivor regions: 1->7(7)
[2025-03-28T19:25:25.227+0530][gc,heap     ] GC(127) Old regions: 106->106
[2025-03-28T19:25:25.227+0530][gc,heap     ] GC(127) Archive regions: 2->2
[2025-03-28T19:25:25.227+0530][gc,heap     ] GC(127) Humongous regions: 138->138
[2025-03-28T19:25:25.227+0530][gc,metaspace] GC(127) Metaspace: 49912K(50560K)->49912K(50560K) NonClass: 44249K(44608K)->44249K(44608K) Class: 5662K(5952K)->5662K(5952K)
[2025-03-28T19:25:25.227+0530][gc          ] GC(127) Pause Young (Normal) (G1 Evacuation Pause) 294M->251M(1024M) 110.572ms
[2025-03-28T19:25:25.227+0530][gc,cpu      ] GC(127) User=0.05s Sys=0.00s Real=0.11s
[2025-03-28T19:25:25.337+0530][gc,start    ] GC(87) Pause Young (Normal) (G1 Evacuation Pause)
[2025-03-28T19:25:25.337+0530][gc,task     ] GC(87) Using 2 workers of 2 for evacuation
[2025-03-28T19:25:25.400+0530][gc,mmu      ] GC(87) MMU target violated: 21.0ms (20.0ms/21.0ms)
[2025-03-28T19:25:25.400+0530][gc,phases   ] GC(87)   Pre Evacuate Collection Set: 0.3ms
[2025-03-28T19:25:25.400+0530][gc,phases   ] GC(87)   Merge Heap Roots: 0.2ms
[2025-03-28T19:25:25.400+0530][gc,phases   ] GC(87)   Evacuate Collection Set: 61.4ms
[2025-03-28T19:25:25.400+0530][gc,phases   ] GC(87)   Post Evacuate Collection Set: 1.5ms
[2025-03-28T19:25:25.400+0530][gc,phases   ] GC(87)   Other: 0.5ms
[2025-03-28T19:25:25.400+0530][gc,heap     ] GC(87) Eden regions: 67->0(44)
[2025-03-28T19:25:25.400+0530][gc,heap     ] GC(87) Survivor regions: 3->7(9)
[2025-03-28T19:25:25.400+0530][gc,heap     ] GC(87) Old regions: 55->55
[2025-03-28T19:25:25.400+0530][gc,heap     ] GC(87) Archive regions: 2->2
[2025-03-28T19:25:25.401+0530][gc,heap     ] GC(87) Humongous regions: 149->147
[2025-03-28T19:25:25.401+0530][gc,metaspace] GC(87) Metaspace: 49492K(50048K)->49492K(50048K) NonClass: 43876K(44160K)->43876K(44160K) Class: 5616K(5888K)->5616K(5888K)
[2025-03-28T19:25:25.401+0530][gc          ] GC(87) Pause Young (Normal) (G1 Evacuation Pause) 274M->209M(1024M) 64.038ms
[2025-03-28T19:25:25.401+0530][gc,cpu      ] GC(87) User=0.02s Sys=0.01s Real=0.06s
[2025-03-28T19:25:25.768+0530][gc,start    ] GC(128) Pause Young (Normal) (G1 Evacuation Pause)
[2025-03-28T19:25:25.768+0530][gc,task     ] GC(128) Using 2 workers of 2 for evacuation
[2025-03-28T19:25:25.830+0530][gc,mmu      ] GC(128) MMU target violated: 21.0ms (20.0ms/21.0ms)
[2025-03-28T19:25:25.830+0530][gc,phases   ] GC(128)   Pre Evacuate Collection Set: 2.7ms
[2025-03-28T19:25:25.830+0530][gc,phases   ] GC(128)   Merge Heap Roots: 0.3ms
[2025-03-28T19:25:25.830+0530][gc,phases   ] GC(128)   Evacuate Collection Set: 57.9ms
[2025-03-28T19:25:25.830+0530][gc,phases   ] GC(128)   Post Evacuate Collection Set: 0.8ms
[2025-03-28T19:25:25.830+0530][gc,phases   ] GC(128)   Other: 0.5ms
[2025-03-28T19:25:25.830+0530][gc,heap     ] GC(128) Eden regions: 44->0(49)
[2025-03-28T19:25:25.830+0530][gc,heap     ] GC(128) Survivor regions: 7->2(7)
[2025-03-28T19:25:25.830+0530][gc,heap     ] GC(128) Old regions: 106->113
[2025-03-28T19:25:25.830+0530][gc,heap     ] GC(128) Archive regions: 2->2
[2025-03-28T19:25:25.830+0530][gc,heap     ] GC(128) Humongous regions: 140->140
[2025-03-28T19:25:25.830+0530][gc,metaspace] GC(128) Metaspace: 49912K(50560K)->49912K(50560K) NonClass: 44250K(44608K)->44250K(44608K) Class: 5662K(5952K)->5662K(5952K)
[2025-03-28T19:25:25.830+0530][gc          ] GC(128) Pause Young (Normal) (G1 Evacuation Pause) 297M->255M(1024M) 62.418ms
[2025-03-28T19:25:25.831+0530][gc,cpu      ] GC(128) User=0.04s Sys=0.01s Real=0.06s
[2025-03-28T19:25:26.117+0530][gc,start    ] GC(88) Pause Young (Normal) (G1 Evacuation Pause)
[2025-03-28T19:25:26.117+0530][gc,task     ] GC(88) Using 2 workers of 2 for evacuation
[2025-03-28T19:25:26.138+0530][gc,mmu      ] GC(88) MMU target violated: 21.0ms (20.0ms/21.0ms)
[2025-03-28T19:25:26.138+0530][gc,phases   ] GC(88)   Pre Evacuate Collection Set: 0.4ms
[2025-03-28T19:25:26.138+0530][gc,phases   ] GC(88)   Merge Heap Roots: 0.2ms
[2025-03-28T19:25:26.138+0530][gc,phases   ] GC(88)   Evacuate Collection Set: 18.0ms
[2025-03-28T19:25:26.138+0530][gc,phases   ] GC(88)   Post Evacuate Collection Set: 2.8ms
[2025-03-28T19:25:26.138+0530][gc,phases   ] GC(88)   Other: 0.3ms
[2025-03-28T19:25:26.138+0530][gc,heap     ] GC(88) Eden regions: 44->0(49)
[2025-03-28T19:25:26.138+0530][gc,heap     ] GC(88) Survivor regions: 7->2(7)
[2025-03-28T19:25:26.138+0530][gc,heap     ] GC(88) Old regions: 55->57
[2025-03-28T19:25:26.138+0530][gc,heap     ] GC(88) Archive regions: 2->2
[2025-03-28T19:25:26.138+0530][gc,heap     ] GC(88) Humongous regions: 149->149
[2025-03-28T19:25:26.138+0530][gc,metaspace] GC(88) Metaspace: 49496K(50048K)->49496K(50048K) NonClass: 43879K(44160K)->43879K(44160K) Class: 5616K(5888K)->5616K(5888K)
[2025-03-28T19:25:26.138+0530][gc          ] GC(88) Pause Young (Normal) (G1 Evacuation Pause) 255M->207M(1024M) 21.868ms
[2025-03-28T19:25:26.138+0530][gc,cpu      ] GC(88) User=0.01s Sys=0.00s Real=0.02s
[2025-03-28T19:25:31.580+0530][gc,start    ] GC(129) Pause Young (Normal) (G1 Evacuation Pause)
[2025-03-28T19:25:31.580+0530][gc,task     ] GC(129) Using 2 workers of 2 for evacuation
[2025-03-28T19:25:31.636+0530][gc,mmu      ] GC(129) MMU target violated: 21.0ms (20.0ms/21.0ms)
[2025-03-28T19:25:31.636+0530][gc,phases   ] GC(129)   Pre Evacuate Collection Set: 0.3ms
[2025-03-28T19:25:31.636+0530][gc,phases   ] GC(129)   Merge Heap Roots: 0.2ms
[2025-03-28T19:25:31.636+0530][gc,phases   ] GC(129)   Evacuate Collection Set: 54.0ms
[2025-03-28T19:25:31.636+0530][gc,phases   ] GC(129)   Post Evacuate Collection Set: 1.4ms
[2025-03-28T19:25:31.636+0530][gc,phases   ] GC(129)   Other: 0.3ms
[2025-03-28T19:25:31.636+0530][gc,heap     ] GC(129) Eden regions: 49->0(44)
[2025-03-28T19:25:31.636+0530][gc,heap     ] GC(129) Survivor regions: 2->7(7)
[2025-03-28T19:25:31.636+0530][gc,heap     ] GC(129) Old regions: 113->113
[2025-03-28T19:25:31.636+0530][gc,heap     ] GC(129) Archive regions: 2->2
[2025-03-28T19:25:31.636+0530][gc,heap     ] GC(129) Humongous regions: 140->138
[2025-03-28T19:25:31.636+0530][gc,metaspace] GC(129) Metaspace: 49919K(50560K)->49919K(50560K) NonClass: 44257K(44608K)->44257K(44608K) Class: 5662K(5952K)->5662K(5952K)
[2025-03-28T19:25:31.636+0530][gc          ] GC(129) Pause Young (Normal) (G1 Evacuation Pause) 304M->258M(1024M) 56.260ms
[2025-03-28T19:25:31.636+0530][gc,cpu      ] GC(129) User=0.03s Sys=0.00s Real=0.06s
[2025-03-28T19:25:31.709+0530][gc,start    ] GC(89) Pause Young (Normal) (G1 Evacuation Pause)
[2025-03-28T19:25:31.709+0530][gc,task     ] GC(89) Using 2 workers of 2 for evacuation
[2025-03-28T19:25:31.753+0530][gc,mmu      ] GC(89) MMU target violated: 21.0ms (20.0ms/21.0ms)
[2025-03-28T19:25:31.754+0530][gc,phases   ] GC(89)   Pre Evacuate Collection Set: 0.4ms
[2025-03-28T19:25:31.754+0530][gc,phases   ] GC(89)   Merge Heap Roots: 0.1ms
[2025-03-28T19:25:31.754+0530][gc,phases   ] GC(89)   Evacuate Collection Set: 42.3ms
[2025-03-28T19:25:31.754+0530][gc,phases   ] GC(89)   Post Evacuate Collection Set: 1.2ms
[2025-03-28T19:25:31.754+0530][gc,phases   ] GC(89)   Other: 0.6ms
[2025-03-28T19:25:31.754+0530][gc,heap     ] GC(89) Eden regions: 49->0(45)
[2025-03-28T19:25:31.754+0530][gc,heap     ] GC(89) Survivor regions: 2->6(7)
[2025-03-28T19:25:31.754+0530][gc,heap     ] GC(89) Old regions: 57->57
[2025-03-28T19:25:31.754+0530][gc,heap     ] GC(89) Archive regions: 2->2
[2025-03-28T19:25:31.754+0530][gc,heap     ] GC(89) Humongous regions: 149->147
[2025-03-28T19:25:31.754+0530][gc,metaspace] GC(89) Metaspace: 49498K(50048K)->49498K(50048K) NonClass: 43882K(44160K)->43882K(44160K) Class: 5616K(5888K)->5616K(5888K)
[2025-03-28T19:25:31.754+0530][gc          ] GC(89) Pause Young (Normal) (G1 Evacuation Pause) 256M->209M(1024M) 44.560ms
[2025-03-28T19:25:31.754+0530][gc,cpu      ] GC(89) User=0.02s Sys=0.00s Real=0.04s
[2025-03-28T19:25:31.978+0530][gc,start    ] GC(130) Pause Young (Normal) (G1 Evacuation Pause)
[2025-03-28T19:25:31.978+0530][gc,task     ] GC(130) Using 2 workers of 2 for evacuation
[2025-03-28T19:25:32.618+0530][gc,start    ] GC(90) Pause Young (Normal) (G1 Evacuation Pause)
[2025-03-28T19:25:32.618+0530][gc,task     ] GC(90) Using 2 workers of 2 for evacuation
[2025-03-28T19:25:32.631+0530][gc,mmu      ] GC(130) MMU target violated: 21.0ms (20.0ms/21.0ms)
[2025-03-28T19:25:32.632+0530][gc,phases   ] GC(130)   Pre Evacuate Collection Set: 12.2ms
[2025-03-28T19:25:32.632+0530][gc,phases   ] GC(130)   Merge Heap Roots: 0.2ms
[2025-03-28T19:25:32.632+0530][gc,phases   ] GC(130)   Evacuate Collection Set: 52.3ms
[2025-03-28T19:25:32.632+0530][gc,phases   ] GC(130)   Post Evacuate Collection Set: 588.2ms
[2025-03-28T19:25:32.632+0530][gc,phases   ] GC(130)   Other: 0.3ms
[2025-03-28T19:25:32.632+0530][gc,heap     ] GC(130) Eden regions: 44->0(49)
[2025-03-28T19:25:32.632+0530][gc,heap     ] GC(130) Survivor regions: 7->2(7)
[2025-03-28T19:25:32.632+0530][gc,heap     ] GC(130) Old regions: 113->115
[2025-03-28T19:25:32.632+0530][gc,heap     ] GC(130) Archive regions: 2->2
[2025-03-28T19:25:32.632+0530][gc,heap     ] GC(130) Humongous regions: 140->140
[2025-03-28T19:25:32.632+0530][gc,metaspace] GC(130) Metaspace: 49919K(50560K)->49919K(50560K) NonClass: 44257K(44608K)->44257K(44608K) Class: 5662K(5952K)->5662K(5952K)
[2025-03-28T19:25:32.632+0530][gc          ] GC(130) Pause Young (Normal) (G1 Evacuation Pause) 304M->257M(1024M) 653.404ms
[2025-03-28T19:25:32.632+0530][gc,cpu      ] GC(130) User=0.03s Sys=0.00s Real=0.65s
[2025-03-28T19:25:32.648+0530][gc,mmu      ] GC(90) MMU target violated: 21.0ms (20.0ms/21.0ms)
[2025-03-28T19:25:32.648+0530][gc,phases   ] GC(90)   Pre Evacuate Collection Set: 0.3ms
[2025-03-28T19:25:32.648+0530][gc,phases   ] GC(90)   Merge Heap Roots: 0.1ms
[2025-03-28T19:25:32.648+0530][gc,phases   ] GC(90)   Evacuate Collection Set: 28.2ms
[2025-03-28T19:25:32.648+0530][gc,phases   ] GC(90)   Post Evacuate Collection Set: 0.7ms
[2025-03-28T19:25:32.648+0530][gc,phases   ] GC(90)   Other: 0.5ms
[2025-03-28T19:25:32.648+0530][gc,heap     ] GC(90) Eden regions: 45->0(49)
[2025-03-28T19:25:32.649+0530][gc,heap     ] GC(90) Survivor regions: 6->2(7)
[2025-03-28T19:25:32.649+0530][gc,heap     ] GC(90) Old regions: 57->58
[2025-03-28T19:25:32.649+0530][gc,heap     ] GC(90) Archive regions: 2->2
[2025-03-28T19:25:32.649+0530][gc,heap     ] GC(90) Humongous regions: 149->149
[2025-03-28T19:25:32.649+0530][gc,metaspace] GC(90) Metaspace: 49498K(50048K)->49498K(50048K) NonClass: 43882K(44160K)->43882K(44160K) Class: 5616K(5888K)->5616K(5888K)
[2025-03-28T19:25:32.649+0530][gc          ] GC(90) Pause Young (Normal) (G1 Evacuation Pause) 256M->208M(1024M) 30.717ms
[2025-03-28T19:25:32.649+0530][gc,cpu      ] GC(90) User=0.02s Sys=0.00s Real=0.03s
[2025-03-28T19:25:33.891+0530][gc,start    ] GC(131) Pause Young (Normal) (G1 Evacuation Pause)
[2025-03-28T19:25:33.891+0530][gc,task     ] GC(131) Using 2 workers of 2 for evacuation
[2025-03-28T19:25:33.911+0530][gc,mmu      ] GC(131) MMU target violated: 20.2ms (20.0ms/21.0ms)
[2025-03-28T19:25:33.911+0530][gc,phases   ] GC(131)   Pre Evacuate Collection Set: 1.2ms
[2025-03-28T19:25:33.911+0530][gc,phases   ] GC(131)   Merge Heap Roots: 0.7ms
[2025-03-28T19:25:33.911+0530][gc,phases   ] GC(131)   Evacuate Collection Set: 15.2ms
[2025-03-28T19:25:33.911+0530][gc,phases   ] GC(131)   Post Evacuate Collection Set: 3.3ms
[2025-03-28T19:25:33.911+0530][gc,phases   ] GC(131)   Other: 0.3ms
[2025-03-28T19:25:33.911+0530][gc,heap     ] GC(131) Eden regions: 49->0(46)
[2025-03-28T19:25:33.911+0530][gc,heap     ] GC(131) Survivor regions: 2->5(7)
[2025-03-28T19:25:33.911+0530][gc,heap     ] GC(131) Old regions: 115->115
[2025-03-28T19:25:33.911+0530][gc,heap     ] GC(131) Archive regions: 2->2
[2025-03-28T19:25:33.911+0530][gc,heap     ] GC(131) Humongous regions: 140->138
[2025-03-28T19:25:33.911+0530][gc,metaspace] GC(131) Metaspace: 49920K(50560K)->49920K(50560K) NonClass: 44257K(44608K)->44257K(44608K) Class: 5662K(5952K)->5662K(5952K)
[2025-03-28T19:25:33.912+0530][gc          ] GC(131) Pause Young (Normal) (G1 Evacuation Pause) 306M->258M(1024M) 20.758ms
[2025-03-28T19:25:33.912+0530][gc,cpu      ] GC(131) User=0.02s Sys=0.00s Real=0.02s
[2025-03-28T19:25:34.256+0530][gc,start    ] GC(132) Pause Young (Normal) (G1 Evacuation Pause)
[2025-03-28T19:25:34.256+0530][gc,task     ] GC(132) Using 2 workers of 2 for evacuation
[2025-03-28T19:25:34.269+0530][gc,phases   ] GC(132)   Pre Evacuate Collection Set: 0.5ms
[2025-03-28T19:25:34.269+0530][gc,phases   ] GC(132)   Merge Heap Roots: 0.2ms
[2025-03-28T19:25:34.269+0530][gc,phases   ] GC(132)   Evacuate Collection Set: 10.5ms
[2025-03-28T19:25:34.269+0530][gc,phases   ] GC(132)   Post Evacuate Collection Set: 1.3ms
[2025-03-28T19:25:34.269+0530][gc,phases   ] GC(132)   Other: 0.3ms
[2025-03-28T19:25:34.269+0530][gc,heap     ] GC(132) Eden regions: 46->0(49)
[2025-03-28T19:25:34.269+0530][gc,heap     ] GC(132) Survivor regions: 5->2(7)
[2025-03-28T19:25:34.269+0530][gc,heap     ] GC(132) Old regions: 115->116
[2025-03-28T19:25:34.269+0530][gc,heap     ] GC(132) Archive regions: 2->2
[2025-03-28T19:25:34.269+0530][gc,heap     ] GC(132) Humongous regions: 140->140
[2025-03-28T19:25:34.269+0530][gc,metaspace] GC(132) Metaspace: 49923K(50560K)->49923K(50560K) NonClass: 44261K(44608K)->44261K(44608K) Class: 5662K(5952K)->5662K(5952K)
[2025-03-28T19:25:34.269+0530][gc          ] GC(132) Pause Young (Normal) (G1 Evacuation Pause) 306M->258M(1024M) 13.332ms
[2025-03-28T19:25:34.269+0530][gc,cpu      ] GC(132) User=0.02s Sys=0.00s Real=0.01s
[2025-03-28T19:25:34.785+0530][gc,start    ] GC(91) Pause Young (Normal) (G1 Evacuation Pause)
[2025-03-28T19:25:34.785+0530][gc,task     ] GC(91) Using 2 workers of 2 for evacuation
[2025-03-28T19:25:34.798+0530][gc,phases   ] GC(91)   Pre Evacuate Collection Set: 0.3ms
[2025-03-28T19:25:34.798+0530][gc,phases   ] GC(91)   Merge Heap Roots: 0.1ms
[2025-03-28T19:25:34.798+0530][gc,phases   ] GC(91)   Evacuate Collection Set: 11.8ms
[2025-03-28T19:25:34.798+0530][gc,phases   ] GC(91)   Post Evacuate Collection Set: 0.7ms
[2025-03-28T19:25:34.798+0530][gc,phases   ] GC(91)   Other: 0.3ms
[2025-03-28T19:25:34.798+0530][gc,heap     ] GC(91) Eden regions: 49->0(45)
[2025-03-28T19:25:34.798+0530][gc,heap     ] GC(91) Survivor regions: 2->6(7)
[2025-03-28T19:25:34.798+0530][gc,heap     ] GC(91) Old regions: 58->58
[2025-03-28T19:25:34.798+0530][gc,heap     ] GC(91) Archive regions: 2->2
[2025-03-28T19:25:34.798+0530][gc,heap     ] GC(91) Humongous regions: 149->147
[2025-03-28T19:25:34.798+0530][gc,metaspace] GC(91) Metaspace: 49504K(50112K)->49504K(50112K) NonClass: 43888K(44224K)->43888K(44224K) Class: 5616K(5888K)->5616K(5888K)
[2025-03-28T19:25:34.798+0530][gc          ] GC(91) Pause Young (Normal) (G1 Evacuation Pause) 257M->210M(1024M) 13.240ms
[2025-03-28T19:25:34.798+0530][gc,cpu      ] GC(91) User=0.03s Sys=0.00s Real=0.01s
[2025-03-28T19:25:34.979+0530][gc,start    ] GC(92) Pause Young (Normal) (G1 Evacuation Pause)
[2025-03-28T19:25:34.979+0530][gc,task     ] GC(92) Using 2 workers of 2 for evacuation
[2025-03-28T19:25:34.988+0530][gc,phases   ] GC(92)   Pre Evacuate Collection Set: 0.5ms
[2025-03-28T19:25:34.988+0530][gc,phases   ] GC(92)   Merge Heap Roots: 0.2ms
[2025-03-28T19:25:34.988+0530][gc,phases   ] GC(92)   Evacuate Collection Set: 8.1ms
[2025-03-28T19:25:34.988+0530][gc,phases   ] GC(92)   Post Evacuate Collection Set: 0.7ms
[2025-03-28T19:25:34.988+0530][gc,phases   ] GC(92)   Other: 0.2ms
[2025-03-28T19:25:34.988+0530][gc,heap     ] GC(92) Eden regions: 45->0(49)
[2025-03-28T19:25:34.988+0530][gc,heap     ] GC(92) Survivor regions: 6->2(7)
[2025-03-28T19:25:34.988+0530][gc,heap     ] GC(92) Old regions: 58->58
[2025-03-28T19:25:34.988+0530][gc,heap     ] GC(92) Archive regions: 2->2
[2025-03-28T19:25:34.988+0530][gc,heap     ] GC(92) Humongous regions: 149->149
[2025-03-28T19:25:34.988+0530][gc,metaspace] GC(92) Metaspace: 49510K(50112K)->49510K(50112K) NonClass: 43893K(44224K)->43893K(44224K) Class: 5616K(5888K)->5616K(5888K)
[2025-03-28T19:25:34.988+0530][gc          ] GC(92) Pause Young (Normal) (G1 Evacuation Pause) 257M->209M(1024M) 9.926ms
[2025-03-28T19:25:34.989+0530][gc,cpu      ] GC(92) User=0.02s Sys=0.00s Real=0.01s
[2025-03-28T19:25:41.698+0530][gc,start    ] GC(133) Pause Young (Normal) (G1 Evacuation Pause)
[2025-03-28T19:25:41.699+0530][gc,task     ] GC(133) Using 2 workers of 2 for evacuation
[2025-03-28T19:25:41.711+0530][gc,start    ] GC(93) Pause Young (Normal) (G1 Evacuation Pause)
[2025-03-28T19:25:41.711+0530][gc,task     ] GC(93) Using 2 workers of 2 for evacuation
[2025-03-28T19:25:41.728+0530][gc,mmu      ] GC(133) MMU target violated: 21.0ms (20.0ms/21.0ms)
[2025-03-28T19:25:41.728+0530][gc,phases   ] GC(133)   Pre Evacuate Collection Set: 0.5ms
[2025-03-28T19:25:41.728+0530][gc,phases   ] GC(133)   Merge Heap Roots: 0.3ms
[2025-03-28T19:25:41.728+0530][gc,phases   ] GC(133)   Evacuate Collection Set: 27.5ms
[2025-03-28T19:25:41.728+0530][gc,phases   ] GC(133)   Post Evacuate Collection Set: 0.9ms
[2025-03-28T19:25:41.728+0530][gc,phases   ] GC(133)   Other: 0.3ms
[2025-03-28T19:25:41.728+0530][gc,heap     ] GC(133) Eden regions: 49->0(46)
[2025-03-28T19:25:41.728+0530][gc,heap     ] GC(133) Survivor regions: 2->5(7)
[2025-03-28T19:25:41.728+0530][gc,heap     ] GC(133) Old regions: 116->116
[2025-03-28T19:25:41.728+0530][gc,heap     ] GC(133) Archive regions: 2->2
[2025-03-28T19:25:41.728+0530][gc,heap     ] GC(133) Humongous regions: 140->138
[2025-03-28T19:25:41.728+0530][gc,metaspace] GC(133) Metaspace: 49938K(50560K)->49938K(50560K) NonClass: 44276K(44608K)->44276K(44608K) Class: 5662K(5952K)->5662K(5952K)
[2025-03-28T19:25:41.728+0530][gc          ] GC(133) Pause Young (Normal) (G1 Evacuation Pause) 307M->258M(1024M) 29.577ms
[2025-03-28T19:25:41.728+0530][gc,cpu      ] GC(133) User=0.01s Sys=0.00s Real=0.03s
[2025-03-28T19:25:41.744+0530][gc,mmu      ] GC(93) MMU target violated: 21.0ms (20.0ms/21.0ms)
[2025-03-28T19:25:41.744+0530][gc,phases   ] GC(93)   Pre Evacuate Collection Set: 0.3ms
[2025-03-28T19:25:41.744+0530][gc,phases   ] GC(93)   Merge Heap Roots: 0.1ms
[2025-03-28T19:25:41.744+0530][gc,phases   ] GC(93)   Evacuate Collection Set: 31.9ms
[2025-03-28T19:25:41.744+0530][gc,phases   ] GC(93)   Post Evacuate Collection Set: 0.7ms
[2025-03-28T19:25:41.744+0530][gc,phases   ] GC(93)   Other: 0.2ms
[2025-03-28T19:25:41.744+0530][gc,heap     ] GC(93) Eden regions: 49->0(46)
[2025-03-28T19:25:41.744+0530][gc,heap     ] GC(93) Survivor regions: 2->5(7)
[2025-03-28T19:25:41.744+0530][gc,heap     ] GC(93) Old regions: 58->58
[2025-03-28T19:25:41.744+0530][gc,heap     ] GC(93) Archive regions: 2->2
[2025-03-28T19:25:41.744+0530][gc,heap     ] GC(93) Humongous regions: 149->147
[2025-03-28T19:25:41.744+0530][gc,metaspace] GC(93) Metaspace: 49526K(50112K)->49526K(50112K) NonClass: 43909K(44224K)->43909K(44224K) Class: 5616K(5888K)->5616K(5888K)
[2025-03-28T19:25:41.744+0530][gc          ] GC(93) Pause Young (Normal) (G1 Evacuation Pause) 258M->210M(1024M) 33.317ms
[2025-03-28T19:25:41.744+0530][gc,cpu      ] GC(93) User=0.02s Sys=0.00s Real=0.04s
[2025-03-28T19:25:42.142+0530][gc,start    ] GC(94) Pause Young (Normal) (G1 Evacuation Pause)
[2025-03-28T19:25:42.143+0530][gc,task     ] GC(94) Using 2 workers of 2 for evacuation
[2025-03-28T19:25:42.145+0530][gc,start    ] GC(134) Pause Young (Normal) (G1 Evacuation Pause)
[2025-03-28T19:25:42.145+0530][gc,task     ] GC(134) Using 2 workers of 2 for evacuation
[2025-03-28T19:25:42.164+0530][gc,mmu      ] GC(94) MMU target violated: 21.0ms (20.0ms/21.0ms)
[2025-03-28T19:25:42.164+0530][gc,phases   ] GC(94)   Pre Evacuate Collection Set: 0.4ms
[2025-03-28T19:25:42.164+0530][gc,phases   ] GC(94)   Merge Heap Roots: 0.1ms
[2025-03-28T19:25:42.164+0530][gc,phases   ] GC(94)   Evacuate Collection Set: 19.8ms
[2025-03-28T19:25:42.164+0530][gc,phases   ] GC(94)   Post Evacuate Collection Set: 0.8ms
[2025-03-28T19:25:42.164+0530][gc,phases   ] GC(94)   Other: 0.6ms
[2025-03-28T19:25:42.164+0530][gc,heap     ] GC(94) Eden regions: 46->0(73)
[2025-03-28T19:25:42.164+0530][gc,heap     ] GC(94) Survivor regions: 5->2(7)
[2025-03-28T19:25:42.164+0530][gc,heap     ] GC(94) Old regions: 58->59
[2025-03-28T19:25:42.164+0530][gc,heap     ] GC(94) Archive regions: 2->2
[2025-03-28T19:25:42.164+0530][gc,heap     ] GC(94) Humongous regions: 149->149
[2025-03-28T19:25:42.164+0530][gc,metaspace] GC(94) Metaspace: 49526K(50112K)->49526K(50112K) NonClass: 43909K(44224K)->43909K(44224K) Class: 5616K(5888K)->5616K(5888K)
[2025-03-28T19:25:42.164+0530][gc          ] GC(94) Pause Young (Normal) (G1 Evacuation Pause) 258M->210M(1024M) 22.082ms
[2025-03-28T19:25:42.164+0530][gc,cpu      ] GC(94) User=0.02s Sys=0.01s Real=0.03s
[2025-03-28T19:25:42.167+0530][gc,mmu      ] GC(134) MMU target violated: 21.0ms (20.0ms/21.0ms)
[2025-03-28T19:25:42.167+0530][gc,phases   ] GC(134)   Pre Evacuate Collection Set: 0.6ms
[2025-03-28T19:25:42.167+0530][gc,phases   ] GC(134)   Merge Heap Roots: 0.2ms
[2025-03-28T19:25:42.167+0530][gc,phases   ] GC(134)   Evacuate Collection Set: 20.1ms
[2025-03-28T19:25:42.167+0530][gc,phases   ] GC(134)   Post Evacuate Collection Set: 1.1ms
[2025-03-28T19:25:42.167+0530][gc,phases   ] GC(134)   Other: 0.3ms
[2025-03-28T19:25:42.167+0530][gc,heap     ] GC(134) Eden regions: 46->0(49)
[2025-03-28T19:25:42.167+0530][gc,heap     ] GC(134) Survivor regions: 5->2(7)
[2025-03-28T19:25:42.167+0530][gc,heap     ] GC(134) Old regions: 116->117
[2025-03-28T19:25:42.167+0530][gc,heap     ] GC(134) Archive regions: 2->2
[2025-03-28T19:25:42.167+0530][gc,heap     ] GC(134) Humongous regions: 140->140
[2025-03-28T19:25:42.167+0530][gc,metaspace] GC(134) Metaspace: 49946K(50560K)->49946K(50560K) NonClass: 44284K(44608K)->44284K(44608K) Class: 5662K(5952K)->5662K(5952K)
[2025-03-28T19:25:42.167+0530][gc          ] GC(134) Pause Young (Normal) (G1 Evacuation Pause) 306M->259M(1024M) 22.442ms
[2025-03-28T19:25:42.167+0530][gc,cpu      ] GC(134) User=0.02s Sys=0.00s Real=0.04s
[2025-03-28T19:25:43.590+0530][gc,start    ] GC(135) Pause Young (Normal) (G1 Evacuation Pause)
[2025-03-28T19:25:43.590+0530][gc,task     ] GC(135) Using 2 workers of 2 for evacuation
[2025-03-28T19:25:43.603+0530][gc,phases   ] GC(135)   Pre Evacuate Collection Set: 0.9ms
[2025-03-28T19:25:43.603+0530][gc,phases   ] GC(135)   Merge Heap Roots: 0.2ms
[2025-03-28T19:25:43.603+0530][gc,phases   ] GC(135)   Evacuate Collection Set: 10.6ms
[2025-03-28T19:25:43.603+0530][gc,phases   ] GC(135)   Post Evacuate Collection Set: 1.0ms
[2025-03-28T19:25:43.603+0530][gc,phases   ] GC(135)   Other: 0.4ms
[2025-03-28T19:25:43.603+0530][gc,heap     ] GC(135) Eden regions: 49->0(47)
[2025-03-28T19:25:43.603+0530][gc,heap     ] GC(135) Survivor regions: 2->4(7)
[2025-03-28T19:25:43.603+0530][gc,heap     ] GC(135) Old regions: 117->117
[2025-03-28T19:25:43.603+0530][gc,heap     ] GC(135) Archive regions: 2->2
[2025-03-28T19:25:43.603+0530][gc,heap     ] GC(135) Humongous regions: 140->138
[2025-03-28T19:25:43.603+0530][gc,metaspace] GC(135) Metaspace: 49950K(50560K)->49950K(50560K) NonClass: 44288K(44608K)->44288K(44608K) Class: 5662K(5952K)->5662K(5952K)
[2025-03-28T19:25:43.603+0530][gc          ] GC(135) Pause Young (Normal) (G1 Evacuation Pause) 308M->258M(1024M) 13.224ms
[2025-03-28T19:25:43.603+0530][gc,cpu      ] GC(135) User=0.02s Sys=0.00s Real=0.02s
[2025-03-28T19:25:43.821+0530][gc,start    ] GC(136) Pause Young (Normal) (G1 Evacuation Pause)
[2025-03-28T19:25:43.821+0530][gc,task     ] GC(136) Using 2 workers of 2 for evacuation
[2025-03-28T19:25:43.832+0530][gc,phases   ] GC(136)   Pre Evacuate Collection Set: 0.5ms
[2025-03-28T19:25:43.832+0530][gc,phases   ] GC(136)   Merge Heap Roots: 0.2ms
[2025-03-28T19:25:43.832+0530][gc,phases   ] GC(136)   Evacuate Collection Set: 9.3ms
[2025-03-28T19:25:43.832+0530][gc,phases   ] GC(136)   Post Evacuate Collection Set: 1.3ms
[2025-03-28T19:25:43.832+0530][gc,phases   ] GC(136)   Other: 0.3ms
[2025-03-28T19:25:43.832+0530][gc,heap     ] GC(136) Eden regions: 47->0(48)
[2025-03-28T19:25:43.832+0530][gc,heap     ] GC(136) Survivor regions: 4->3(7)
[2025-03-28T19:25:43.832+0530][gc,heap     ] GC(136) Old regions: 117->117
[2025-03-28T19:25:43.832+0530][gc,heap     ] GC(136) Archive regions: 2->2
[2025-03-28T19:25:43.833+0530][gc,heap     ] GC(136) Humongous regions: 140->140
[2025-03-28T19:25:43.833+0530][gc,metaspace] GC(136) Metaspace: 49950K(50560K)->49950K(50560K) NonClass: 44288K(44608K)->44288K(44608K) Class: 5662K(5952K)->5662K(5952K)
[2025-03-28T19:25:43.833+0530][gc          ] GC(136) Pause Young (Normal) (G1 Evacuation Pause) 307M->259M(1024M) 11.778ms
[2025-03-28T19:25:43.833+0530][gc,cpu      ] GC(136) User=0.02s Sys=0.00s Real=0.01s
[2025-03-28T19:25:44.882+0530][gc,start    ] GC(95) Pause Young (Normal) (G1 Evacuation Pause)
[2025-03-28T19:25:44.882+0530][gc,task     ] GC(95) Using 2 workers of 2 for evacuation
[2025-03-28T19:25:44.905+0530][gc,mmu      ] GC(95) MMU target violated: 21.0ms (20.0ms/21.0ms)
[2025-03-28T19:25:44.905+0530][gc,phases   ] GC(95)   Pre Evacuate Collection Set: 0.3ms
[2025-03-28T19:25:44.905+0530][gc,phases   ] GC(95)   Merge Heap Roots: 0.1ms
[2025-03-28T19:25:44.905+0530][gc,phases   ] GC(95)   Evacuate Collection Set: 21.4ms
[2025-03-28T19:25:44.905+0530][gc,phases   ] GC(95)   Post Evacuate Collection Set: 1.1ms
[2025-03-28T19:25:44.905+0530][gc,phases   ] GC(95)   Other: 0.4ms
[2025-03-28T19:25:44.905+0530][gc,heap     ] GC(95) Eden regions: 73->0(44)
[2025-03-28T19:25:44.905+0530][gc,heap     ] GC(95) Survivor regions: 2->7(10)
[2025-03-28T19:25:44.905+0530][gc,heap     ] GC(95) Old regions: 59->59
[2025-03-28T19:25:44.905+0530][gc,heap     ] GC(95) Archive regions: 2->2
[2025-03-28T19:25:44.905+0530][gc,heap     ] GC(95) Humongous regions: 149->147
[2025-03-28T19:25:44.905+0530][gc,metaspace] GC(95) Metaspace: 49526K(50112K)->49526K(50112K) NonClass: 43909K(44224K)->43909K(44224K) Class: 5616K(5888K)->5616K(5888K)
[2025-03-28T19:25:44.905+0530][gc          ] GC(95) Pause Young (Normal) (G1 Evacuation Pause) 283M->213M(1024M) 23.511ms
[2025-03-28T19:25:44.905+0530][gc,cpu      ] GC(95) User=0.04s Sys=0.00s Real=0.03s
[2025-03-28T19:25:45.123+0530][gc,start    ] GC(96) Pause Young (Normal) (G1 Evacuation Pause)
[2025-03-28T19:25:45.123+0530][gc,task     ] GC(96) Using 2 workers of 2 for evacuation
[2025-03-28T19:25:45.139+0530][gc,phases   ] GC(96)   Pre Evacuate Collection Set: 0.5ms
[2025-03-28T19:25:45.139+0530][gc,phases   ] GC(96)   Merge Heap Roots: 0.3ms
[2025-03-28T19:25:45.139+0530][gc,phases   ] GC(96)   Evacuate Collection Set: 13.6ms
[2025-03-28T19:25:45.139+0530][gc,phases   ] GC(96)   Post Evacuate Collection Set: 1.1ms
[2025-03-28T19:25:45.139+0530][gc,phases   ] GC(96)   Other: 0.6ms
[2025-03-28T19:25:45.139+0530][gc,heap     ] GC(96) Eden regions: 44->0(49)
[2025-03-28T19:25:45.139+0530][gc,heap     ] GC(96) Survivor regions: 7->2(7)
[2025-03-28T19:25:45.139+0530][gc,heap     ] GC(96) Old regions: 59->60
[2025-03-28T19:25:45.139+0530][gc,heap     ] GC(96) Archive regions: 2->2
[2025-03-28T19:25:45.139+0530][gc,heap     ] GC(96) Humongous regions: 149->149
[2025-03-28T19:25:45.139+0530][gc,metaspace] GC(96) Metaspace: 49527K(50112K)->49527K(50112K) NonClass: 43911K(44224K)->43911K(44224K) Class: 5616K(5888K)->5616K(5888K)
[2025-03-28T19:25:45.139+0530][gc          ] GC(96) Pause Young (Normal) (G1 Evacuation Pause) 259M->211M(1024M) 16.359ms
[2025-03-28T19:25:45.139+0530][gc,cpu      ] GC(96) User=0.03s Sys=0.00s Real=0.02s
[2025-03-28T19:25:51.012+0530][gc,start    ] GC(137) Pause Young (Normal) (G1 Evacuation Pause)
[2025-03-28T19:25:51.012+0530][gc,task     ] GC(137) Using 2 workers of 2 for evacuation
[2025-03-28T19:25:51.045+0530][gc,mmu      ] GC(137) MMU target violated: 21.0ms (20.0ms/21.0ms)
[2025-03-28T19:25:51.046+0530][gc,phases   ] GC(137)   Pre Evacuate Collection Set: 0.3ms
[2025-03-28T19:25:51.046+0530][gc,phases   ] GC(137)   Merge Heap Roots: 0.2ms
[2025-03-28T19:25:51.046+0530][gc,phases   ] GC(137)   Evacuate Collection Set: 32.2ms
[2025-03-28T19:25:51.046+0530][gc,phases   ] GC(137)   Post Evacuate Collection Set: 0.6ms
[2025-03-28T19:25:51.046+0530][gc,phases   ] GC(137)   Other: 0.3ms
[2025-03-28T19:25:51.046+0530][gc,heap     ] GC(137) Eden regions: 48->0(47)
[2025-03-28T19:25:51.046+0530][gc,heap     ] GC(137) Survivor regions: 3->4(7)
[2025-03-28T19:25:51.046+0530][gc,heap     ] GC(137) Old regions: 117->117
[2025-03-28T19:25:51.046+0530][gc,heap     ] GC(137) Archive regions: 2->2
[2025-03-28T19:25:51.046+0530][gc,heap     ] GC(137) Humongous regions: 140->138
[2025-03-28T19:25:51.046+0530][gc,metaspace] GC(137) Metaspace: 49970K(50624K)->49970K(50624K) NonClass: 44308K(44672K)->44308K(44672K) Class: 5662K(5952K)->5662K(5952K)
[2025-03-28T19:25:51.046+0530][gc          ] GC(137) Pause Young (Normal) (G1 Evacuation Pause) 307M->258M(1024M) 33.710ms
[2025-03-28T19:25:51.046+0530][gc,cpu      ] GC(137) User=0.03s Sys=0.00s Real=0.04s
[2025-03-28T19:25:51.158+0530][gc,start    ] GC(97) Pause Young (Normal) (G1 Evacuation Pause)
[2025-03-28T19:25:51.158+0530][gc,task     ] GC(97) Using 2 workers of 2 for evacuation
[2025-03-28T19:25:51.185+0530][gc,mmu      ] GC(97) MMU target violated: 21.0ms (20.0ms/21.0ms)
[2025-03-28T19:25:51.185+0530][gc,phases   ] GC(97)   Pre Evacuate Collection Set: 0.7ms
[2025-03-28T19:25:51.185+0530][gc,phases   ] GC(97)   Merge Heap Roots: 0.1ms
[2025-03-28T19:25:51.185+0530][gc,phases   ] GC(97)   Evacuate Collection Set: 19.3ms
[2025-03-28T19:25:51.185+0530][gc,phases   ] GC(97)   Post Evacuate Collection Set: 6.0ms
[2025-03-28T19:25:51.185+0530][gc,phases   ] GC(97)   Other: 0.3ms
[2025-03-28T19:25:51.185+0530][gc,heap     ] GC(97) Eden regions: 49->0(45)
[2025-03-28T19:25:51.185+0530][gc,heap     ] GC(97) Survivor regions: 2->6(7)
[2025-03-28T19:25:51.185+0530][gc,heap     ] GC(97) Old regions: 60->60
[2025-03-28T19:25:51.185+0530][gc,heap     ] GC(97) Archive regions: 2->2
[2025-03-28T19:25:51.185+0530][gc,heap     ] GC(97) Humongous regions: 149->147
[2025-03-28T19:25:51.185+0530][gc,metaspace] GC(97) Metaspace: 49529K(50112K)->49529K(50112K) NonClass: 43912K(44224K)->43912K(44224K) Class: 5616K(5888K)->5616K(5888K)
[2025-03-28T19:25:51.185+0530][gc          ] GC(97) Pause Young (Normal) (G1 Evacuation Pause) 260M->213M(1024M) 26.493ms
[2025-03-28T19:25:51.185+0530][gc,cpu      ] GC(97) User=0.02s Sys=0.00s Real=0.03s
[2025-03-28T19:25:51.267+0530][gc,start    ] GC(138) Pause Young (Normal) (G1 Evacuation Pause)
[2025-03-28T19:25:51.267+0530][gc,task     ] GC(138) Using 2 workers of 2 for evacuation
[2025-03-28T19:25:51.293+0530][gc,mmu      ] GC(138) MMU target violated: 21.0ms (20.0ms/21.0ms)
[2025-03-28T19:25:51.294+0530][gc,phases   ] GC(138)   Pre Evacuate Collection Set: 0.3ms
[2025-03-28T19:25:51.294+0530][gc,phases   ] GC(138)   Merge Heap Roots: 0.2ms
[2025-03-28T19:25:51.294+0530][gc,phases   ] GC(138)   Evacuate Collection Set: 21.3ms
[2025-03-28T19:25:51.294+0530][gc,phases   ] GC(138)   Post Evacuate Collection Set: 4.5ms
[2025-03-28T19:25:51.294+0530][gc,phases   ] GC(138)   Other: 0.3ms
[2025-03-28T19:25:51.294+0530][gc,heap     ] GC(138) Eden regions: 47->0(48)
[2025-03-28T19:25:51.294+0530][gc,heap     ] GC(138) Survivor regions: 4->3(7)
[2025-03-28T19:25:51.294+0530][gc,heap     ] GC(138) Old regions: 117->117
[2025-03-28T19:25:51.294+0530][gc,heap     ] GC(138) Archive regions: 2->2
[2025-03-28T19:25:51.294+0530][gc,heap     ] GC(138) Humongous regions: 140->140
[2025-03-28T19:25:51.294+0530][gc,metaspace] GC(138) Metaspace: 49970K(50624K)->49970K(50624K) NonClass: 44308K(44672K)->44308K(44672K) Class: 5662K(5952K)->5662K(5952K)
[2025-03-28T19:25:51.294+0530][gc          ] GC(138) Pause Young (Normal) (G1 Evacuation Pause) 307M->260M(1024M) 26.739ms
[2025-03-28T19:25:51.294+0530][gc,cpu      ] GC(138) User=0.02s Sys=0.00s Real=0.02s
[2025-03-28T19:25:51.435+0530][gc,start    ] GC(98) Pause Young (Normal) (G1 Evacuation Pause)
[2025-03-28T19:25:51.435+0530][gc,task     ] GC(98) Using 2 workers of 2 for evacuation
[2025-03-28T19:25:51.450+0530][gc,phases   ] GC(98)   Pre Evacuate Collection Set: 5.7ms
[2025-03-28T19:25:51.450+0530][gc,phases   ] GC(98)   Merge Heap Roots: 0.2ms
[2025-03-28T19:25:51.450+0530][gc,phases   ] GC(98)   Evacuate Collection Set: 8.2ms
[2025-03-28T19:25:51.450+0530][gc,phases   ] GC(98)   Post Evacuate Collection Set: 0.8ms
[2025-03-28T19:25:51.450+0530][gc,phases   ] GC(98)   Other: 0.3ms
[2025-03-28T19:25:51.450+0530][gc,heap     ] GC(98) Eden regions: 45->0(49)
[2025-03-28T19:25:51.450+0530][gc,heap     ] GC(98) Survivor regions: 6->2(7)
[2025-03-28T19:25:51.450+0530][gc,heap     ] GC(98) Old regions: 60->61
[2025-03-28T19:25:51.450+0530][gc,heap     ] GC(98) Archive regions: 2->2
[2025-03-28T19:25:51.450+0530][gc,heap     ] GC(98) Humongous regions: 149->149
[2025-03-28T19:25:51.450+0530][gc,metaspace] GC(98) Metaspace: 49529K(50112K)->49529K(50112K) NonClass: 43912K(44224K)->43912K(44224K) Class: 5616K(5888K)->5616K(5888K)
[2025-03-28T19:25:51.450+0530][gc          ] GC(98) Pause Young (Normal) (G1 Evacuation Pause) 260M->212M(1024M) 15.461ms
[2025-03-28T19:25:51.450+0530][gc,cpu      ] GC(98) User=0.02s Sys=0.00s Real=0.02s
[2025-03-28T19:25:53.703+0530][gc,start    ] GC(139) Pause Young (Normal) (G1 Evacuation Pause)
[2025-03-28T19:25:53.703+0530][gc,task     ] GC(139) Using 2 workers of 2 for evacuation
[2025-03-28T19:25:53.724+0530][gc,mmu      ] GC(139) MMU target violated: 20.8ms (20.0ms/21.0ms)
[2025-03-28T19:25:53.724+0530][gc,phases   ] GC(139)   Pre Evacuate Collection Set: 0.3ms
[2025-03-28T19:25:53.724+0530][gc,phases   ] GC(139)   Merge Heap Roots: 0.2ms
[2025-03-28T19:25:53.724+0530][gc,phases   ] GC(139)   Evacuate Collection Set: 19.3ms
[2025-03-28T19:25:53.724+0530][gc,phases   ] GC(139)   Post Evacuate Collection Set: 1.1ms
[2025-03-28T19:25:53.725+0530][gc,phases   ] GC(139)   Other: 0.3ms
[2025-03-28T19:25:53.725+0530][gc,heap     ] GC(139) Eden regions: 48->0(48)
[2025-03-28T19:25:53.725+0530][gc,heap     ] GC(139) Survivor regions: 3->3(7)
[2025-03-28T19:25:53.725+0530][gc,heap     ] GC(139) Old regions: 117->117
[2025-03-28T19:25:53.725+0530][gc,heap     ] GC(139) Archive regions: 2->2
[2025-03-28T19:25:53.725+0530][gc,heap     ] GC(139) Humongous regions: 140->138
[2025-03-28T19:25:53.725+0530][gc,metaspace] GC(139) Metaspace: 49970K(50624K)->49970K(50624K) NonClass: 44308K(44672K)->44308K(44672K) Class: 5662K(5952K)->5662K(5952K)
[2025-03-28T19:25:53.725+0530][gc          ] GC(139) Pause Young (Normal) (G1 Evacuation Pause) 308M->257M(1024M) 21.296ms
[2025-03-28T19:25:53.725+0530][gc,cpu      ] GC(139) User=0.03s Sys=0.00s Real=0.02s
[2025-03-28T19:25:53.936+0530][gc,start    ] GC(140) Pause Young (Normal) (G1 Evacuation Pause)
[2025-03-28T19:25:53.936+0530][gc,task     ] GC(140) Using 2 workers of 2 for evacuation
[2025-03-28T19:25:53.952+0530][gc,phases   ] GC(140)   Pre Evacuate Collection Set: 0.3ms
[2025-03-28T19:25:53.952+0530][gc,phases   ] GC(140)   Merge Heap Roots: 0.4ms
[2025-03-28T19:25:53.952+0530][gc,phases   ] GC(140)   Evacuate Collection Set: 13.9ms
[2025-03-28T19:25:53.952+0530][gc,phases   ] GC(140)   Post Evacuate Collection Set: 1.2ms
[2025-03-28T19:25:53.952+0530][gc,phases   ] GC(140)   Other: 0.3ms
[2025-03-28T19:25:53.952+0530][gc,heap     ] GC(140) Eden regions: 48->0(48)
[2025-03-28T19:25:53.952+0530][gc,heap     ] GC(140) Survivor regions: 3->3(7)
[2025-03-28T19:25:53.952+0530][gc,heap     ] GC(140) Old regions: 117->117
[2025-03-28T19:25:53.952+0530][gc,heap     ] GC(140) Archive regions: 2->2
[2025-03-28T19:25:53.953+0530][gc,heap     ] GC(140) Humongous regions: 140->140
[2025-03-28T19:25:53.953+0530][gc,metaspace] GC(140) Metaspace: 49976K(50624K)->49976K(50624K) NonClass: 44313K(44672K)->44313K(44672K) Class: 5662K(5952K)->5662K(5952K)
[2025-03-28T19:25:53.953+0530][gc          ] GC(140) Pause Young (Normal) (G1 Evacuation Pause) 307M->260M(1024M) 16.540ms
[2025-03-28T19:25:53.953+0530][gc,cpu      ] GC(140) User=0.02s Sys=0.00s Real=0.01s
[2025-03-28T19:25:54.821+0530][gc,start    ] GC(99) Pause Young (Normal) (G1 Evacuation Pause)
[2025-03-28T19:25:54.821+0530][gc,task     ] GC(99) Using 2 workers of 2 for evacuation
[2025-03-28T19:25:54.848+0530][gc,mmu      ] GC(99) MMU target violated: 21.0ms (20.0ms/21.0ms)
[2025-03-28T19:25:54.849+0530][gc,phases   ] GC(99)   Pre Evacuate Collection Set: 0.3ms
[2025-03-28T19:25:54.849+0530][gc,phases   ] GC(99)   Merge Heap Roots: 0.2ms
[2025-03-28T19:25:54.849+0530][gc,phases   ] GC(99)   Evacuate Collection Set: 25.9ms
[2025-03-28T19:25:54.849+0530][gc,phases   ] GC(99)   Post Evacuate Collection Set: 1.4ms
[2025-03-28T19:25:54.849+0530][gc,phases   ] GC(99)   Other: 0.4ms
[2025-03-28T19:25:54.849+0530][gc,heap     ] GC(99) Eden regions: 49->0(46)
[2025-03-28T19:25:54.849+0530][gc,heap     ] GC(99) Survivor regions: 2->5(7)
[2025-03-28T19:25:54.849+0530][gc,heap     ] GC(99) Old regions: 61->61
[2025-03-28T19:25:54.849+0530][gc,heap     ] GC(99) Archive regions: 2->2
[2025-03-28T19:25:54.849+0530][gc,heap     ] GC(99) Humongous regions: 149->147
[2025-03-28T19:25:54.849+0530][gc,metaspace] GC(99) Metaspace: 49537K(50176K)->49537K(50176K) NonClass: 43920K(44288K)->43920K(44288K) Class: 5616K(5888K)->5616K(5888K)
[2025-03-28T19:25:54.849+0530][gc          ] GC(99) Pause Young (Normal) (G1 Evacuation Pause) 261M->213M(1024M) 28.313ms
[2025-03-28T19:25:54.849+0530][gc,cpu      ] GC(99) User=0.05s Sys=0.00s Real=0.03s
[2025-03-28T19:25:54.996+0530][gc,start    ] GC(100) Pause Young (Normal) (G1 Evacuation Pause)
[2025-03-28T19:25:54.996+0530][gc,task     ] GC(100) Using 2 workers of 2 for evacuation
[2025-03-28T19:25:55.011+0530][gc,phases   ] GC(100)   Pre Evacuate Collection Set: 0.3ms
[2025-03-28T19:25:55.011+0530][gc,phases   ] GC(100)   Merge Heap Roots: 0.1ms
[2025-03-28T19:25:55.011+0530][gc,phases   ] GC(100)   Evacuate Collection Set: 13.2ms
[2025-03-28T19:25:55.011+0530][gc,phases   ] GC(100)   Post Evacuate Collection Set: 0.9ms
[2025-03-28T19:25:55.011+0530][gc,phases   ] GC(100)   Other: 0.3ms
[2025-03-28T19:25:55.011+0530][gc,heap     ] GC(100) Eden regions: 46->0(49)
[2025-03-28T19:25:55.011+0530][gc,heap     ] GC(100) Survivor regions: 5->2(7)
[2025-03-28T19:25:55.011+0530][gc,heap     ] GC(100) Old regions: 61->62
[2025-03-28T19:25:55.011+0530][gc,heap     ] GC(100) Archive regions: 2->2
[2025-03-28T19:25:55.011+0530][gc,heap     ] GC(100) Humongous regions: 149->149
[2025-03-28T19:25:55.011+0530][gc,metaspace] GC(100) Metaspace: 49537K(50176K)->49537K(50176K) NonClass: 43920K(44288K)->43920K(44288K) Class: 5616K(5888K)->5616K(5888K)
[2025-03-28T19:25:55.011+0530][gc          ] GC(100) Pause Young (Normal) (G1 Evacuation Pause) 261M->213M(1024M) 15.213ms
[2025-03-28T19:25:55.011+0530][gc,cpu      ] GC(100) User=0.01s Sys=0.00s Real=0.01s
[2025-03-28T19:26:01.226+0530][gc,start    ] GC(141) Pause Young (Normal) (G1 Evacuation Pause)
[2025-03-28T19:26:01.227+0530][gc,task     ] GC(141) Using 2 workers of 2 for evacuation
[2025-03-28T19:26:01.278+0530][gc,mmu      ] GC(141) MMU target violated: 21.0ms (20.0ms/21.0ms)
[2025-03-28T19:26:01.278+0530][gc,phases   ] GC(141)   Pre Evacuate Collection Set: 0.7ms
[2025-03-28T19:26:01.278+0530][gc,phases   ] GC(141)   Merge Heap Roots: 0.6ms
[2025-03-28T19:26:01.278+0530][gc,phases   ] GC(141)   Evacuate Collection Set: 48.3ms
[2025-03-28T19:26:01.278+0530][gc,phases   ] GC(141)   Post Evacuate Collection Set: 1.2ms
[2025-03-28T19:26:01.278+0530][gc,phases   ] GC(141)   Other: 0.6ms
[2025-03-28T19:26:01.278+0530][gc,heap     ] GC(141) Eden regions: 48->0(49)
[2025-03-28T19:26:01.278+0530][gc,heap     ] GC(141) Survivor regions: 3->2(7)
[2025-03-28T19:26:01.278+0530][gc,heap     ] GC(141) Old regions: 117->117
[2025-03-28T19:26:01.278+0530][gc,heap     ] GC(141) Archive regions: 2->2
[2025-03-28T19:26:01.278+0530][gc,heap     ] GC(141) Humongous regions: 140->138
[2025-03-28T19:26:01.278+0530][gc,metaspace] GC(141) Metaspace: 50005K(50624K)->50005K(50624K) NonClass: 44343K(44672K)->44343K(44672K) Class: 5662K(5952K)->5662K(5952K)
[2025-03-28T19:26:01.278+0530][gc          ] GC(141) Pause Young (Normal) (G1 Evacuation Pause) 308M->257M(1024M) 51.772ms
[2025-03-28T19:26:01.278+0530][gc,cpu      ] GC(141) User=0.06s Sys=0.00s Real=0.06s
[2025-03-28T19:26:01.346+0530][gc,start    ] GC(101) Pause Young (Normal) (G1 Evacuation Pause)
[2025-03-28T19:26:01.347+0530][gc,task     ] GC(101) Using 2 workers of 2 for evacuation
[2025-03-28T19:26:01.368+0530][gc,mmu      ] GC(101) MMU target violated: 21.0ms (20.0ms/21.0ms)
[2025-03-28T19:26:01.368+0530][gc,phases   ] GC(101)   Pre Evacuate Collection Set: 1.9ms
[2025-03-28T19:26:01.368+0530][gc,phases   ] GC(101)   Merge Heap Roots: 0.7ms
[2025-03-28T19:26:01.368+0530][gc,phases   ] GC(101)   Evacuate Collection Set: 17.3ms
[2025-03-28T19:26:01.368+0530][gc,phases   ] GC(101)   Post Evacuate Collection Set: 1.5ms
[2025-03-28T19:26:01.368+0530][gc,phases   ] GC(101)   Other: 0.3ms
[2025-03-28T19:26:01.368+0530][gc,heap     ] GC(101) Eden regions: 49->0(46)
[2025-03-28T19:26:01.368+0530][gc,heap     ] GC(101) Survivor regions: 2->5(7)
[2025-03-28T19:26:01.368+0530][gc,heap     ] GC(101) Old regions: 62->62
[2025-03-28T19:26:01.368+0530][gc,heap     ] GC(101) Archive regions: 2->2
[2025-03-28T19:26:01.368+0530][gc,heap     ] GC(101) Humongous regions: 149->147
[2025-03-28T19:26:01.368+0530][gc,metaspace] GC(101) Metaspace: 49538K(50176K)->49538K(50176K) NonClass: 43922K(44288K)->43922K(44288K) Class: 5616K(5888K)->5616K(5888K)
[2025-03-28T19:26:01.368+0530][gc          ] GC(101) Pause Young (Normal) (G1 Evacuation Pause) 262M->214M(1024M) 21.747ms
[2025-03-28T19:26:01.368+0530][gc,cpu      ] GC(101) User=0.01s Sys=0.00s Real=0.03s
[2025-03-28T19:26:01.476+0530][gc,start    ] GC(142) Pause Young (Normal) (G1 Evacuation Pause)
[2025-03-28T19:26:01.476+0530][gc,task     ] GC(142) Using 2 workers of 2 for evacuation
[2025-03-28T19:26:01.505+0530][gc,start    ] GC(102) Pause Young (Normal) (G1 Evacuation Pause)
[2025-03-28T19:26:01.505+0530][gc,task     ] GC(102) Using 2 workers of 2 for evacuation
[2025-03-28T19:26:01.513+0530][gc,mmu      ] GC(142) MMU target violated: 21.0ms (20.0ms/21.0ms)
[2025-03-28T19:26:01.513+0530][gc,phases   ] GC(142)   Pre Evacuate Collection Set: 0.2ms
[2025-03-28T19:26:01.513+0530][gc,phases   ] GC(142)   Merge Heap Roots: 0.1ms
[2025-03-28T19:26:01.513+0530][gc,phases   ] GC(142)   Evacuate Collection Set: 28.9ms
[2025-03-28T19:26:01.513+0530][gc,phases   ] GC(142)   Post Evacuate Collection Set: 7.9ms
[2025-03-28T19:26:01.513+0530][gc,phases   ] GC(142)   Other: 0.2ms
[2025-03-28T19:26:01.513+0530][gc,heap     ] GC(142) Eden regions: 49->0(44)
[2025-03-28T19:26:01.513+0530][gc,heap     ] GC(142) Survivor regions: 2->7(7)
[2025-03-28T19:26:01.513+0530][gc,heap     ] GC(142) Old regions: 117->118
[2025-03-28T19:26:01.513+0530][gc,heap     ] GC(142) Archive regions: 2->2
[2025-03-28T19:26:01.513+0530][gc,heap     ] GC(142) Humongous regions: 138->138
[2025-03-28T19:26:01.513+0530][gc,metaspace] GC(142) Metaspace: 50005K(50624K)->50005K(50624K) NonClass: 44343K(44672K)->44343K(44672K) Class: 5662K(5952K)->5662K(5952K)
[2025-03-28T19:26:01.513+0530][gc          ] GC(142) Pause Young (Normal) (G1 Evacuation Pause) 306M->263M(1024M) 37.489ms
[2025-03-28T19:26:01.513+0530][gc,cpu      ] GC(142) User=0.03s Sys=0.00s Real=0.03s
[2025-03-28T19:26:01.525+0530][gc,phases   ] GC(102)   Pre Evacuate Collection Set: 0.3ms
[2025-03-28T19:26:01.525+0530][gc,phases   ] GC(102)   Merge Heap Roots: 0.8ms
[2025-03-28T19:26:01.525+0530][gc,phases   ] GC(102)   Evacuate Collection Set: 12.5ms
[2025-03-28T19:26:01.525+0530][gc,phases   ] GC(102)   Post Evacuate Collection Set: 6.1ms
[2025-03-28T19:26:01.525+0530][gc,phases   ] GC(102)   Other: 0.2ms
[2025-03-28T19:26:01.525+0530][gc,heap     ] GC(102) Eden regions: 46->0(49)
[2025-03-28T19:26:01.525+0530][gc,heap     ] GC(102) Survivor regions: 5->2(7)
[2025-03-28T19:26:01.525+0530][gc,heap     ] GC(102) Old regions: 62->63
[2025-03-28T19:26:01.525+0530][gc,heap     ] GC(102) Archive regions: 2->2
[2025-03-28T19:26:01.525+0530][gc,heap     ] GC(102) Humongous regions: 149->149
[2025-03-28T19:26:01.525+0530][gc,metaspace] GC(102) Metaspace: 49539K(50176K)->49539K(50176K) NonClass: 43922K(44288K)->43922K(44288K) Class: 5616K(5888K)->5616K(5888K)
[2025-03-28T19:26:01.526+0530][gc          ] GC(102) Pause Young (Normal) (G1 Evacuation Pause) 262M->214M(1024M) 20.203ms
[2025-03-28T19:26:01.526+0530][gc,cpu      ] GC(102) User=0.01s Sys=0.00s Real=0.02s
[2025-03-28T19:26:03.525+0530][gc,start    ] GC(143) Pause Young (Normal) (G1 Evacuation Pause)
[2025-03-28T19:26:03.526+0530][gc,task     ] GC(143) Using 2 workers of 2 for evacuation
[2025-03-28T19:26:03.562+0530][gc,mmu      ] GC(143) MMU target violated: 21.0ms (20.0ms/21.0ms)
[2025-03-28T19:26:03.563+0530][gc,phases   ] GC(143)   Pre Evacuate Collection Set: 0.7ms
[2025-03-28T19:26:03.563+0530][gc,phases   ] GC(143)   Merge Heap Roots: 0.5ms
[2025-03-28T19:26:03.563+0530][gc,phases   ] GC(143)   Evacuate Collection Set: 31.9ms
[2025-03-28T19:26:03.563+0530][gc,phases   ] GC(143)   Post Evacuate Collection Set: 3.5ms
[2025-03-28T19:26:03.563+0530][gc,phases   ] GC(143)   Other: 0.7ms
[2025-03-28T19:26:03.563+0530][gc,heap     ] GC(143) Eden regions: 44->0(50)
[2025-03-28T19:26:03.563+0530][gc,heap     ] GC(143) Survivor regions: 7->1(7)
[2025-03-28T19:26:03.563+0530][gc,heap     ] GC(143) Old regions: 118->120
[2025-03-28T19:26:03.563+0530][gc,heap     ] GC(143) Archive regions: 2->2
[2025-03-28T19:26:03.563+0530][gc,heap     ] GC(143) Humongous regions: 140->138
[2025-03-28T19:26:03.563+0530][gc,metaspace] GC(143) Metaspace: 50006K(50624K)->50006K(50624K) NonClass: 44344K(44672K)->44344K(44672K) Class: 5662K(5952K)->5662K(5952K)
[2025-03-28T19:26:03.563+0530][gc          ] GC(143) Pause Young (Normal) (G1 Evacuation Pause) 309M->258M(1024M) 37.831ms
[2025-03-28T19:26:03.563+0530][gc,cpu      ] GC(143) User=0.06s Sys=0.00s Real=0.03s
[2025-03-28T19:26:03.858+0530][gc,start    ] GC(144) Pause Young (Normal) (G1 Evacuation Pause)
[2025-03-28T19:26:03.858+0530][gc,task     ] GC(144) Using 2 workers of 2 for evacuation
[2025-03-28T19:26:03.869+0530][gc,phases   ] GC(144)   Pre Evacuate Collection Set: 0.3ms
[2025-03-28T19:26:03.870+0530][gc,phases   ] GC(144)   Merge Heap Roots: 0.1ms
[2025-03-28T19:26:03.870+0530][gc,phases   ] GC(144)   Evacuate Collection Set: 10.0ms
[2025-03-28T19:26:03.870+0530][gc,phases   ] GC(144)   Post Evacuate Collection Set: 0.5ms
[2025-03-28T19:26:03.870+0530][gc,phases   ] GC(144)   Other: 0.2ms
[2025-03-28T19:26:03.870+0530][gc,heap     ] GC(144) Eden regions: 50->0(44)
[2025-03-28T19:26:03.870+0530][gc,heap     ] GC(144) Survivor regions: 1->7(7)
[2025-03-28T19:26:03.870+0530][gc,heap     ] GC(144) Old regions: 120->120
[2025-03-28T19:26:03.870+0530][gc,heap     ] GC(144) Archive regions: 2->2
[2025-03-28T19:26:03.870+0530][gc,heap     ] GC(144) Humongous regions: 138->138
[2025-03-28T19:26:03.870+0530][gc,metaspace] GC(144) Metaspace: 50006K(50624K)->50006K(50624K) NonClass: 44344K(44672K)->44344K(44672K) Class: 5662K(5952K)->5662K(5952K)
[2025-03-28T19:26:03.870+0530][gc          ] GC(144) Pause Young (Normal) (G1 Evacuation Pause) 308M->265M(1024M) 11.212ms
[2025-03-28T19:26:03.870+0530][gc,cpu      ] GC(144) User=0.03s Sys=0.00s Real=0.01s
[2025-03-28T19:26:03.959+0530][gc,start    ] GC(145) Pause Young (Normal) (G1 Evacuation Pause)
[2025-03-28T19:26:03.959+0530][gc,task     ] GC(145) Using 2 workers of 2 for evacuation
[2025-03-28T19:26:03.971+0530][gc,phases   ] GC(145)   Pre Evacuate Collection Set: 0.2ms
[2025-03-28T19:26:03.971+0530][gc,phases   ] GC(145)   Merge Heap Roots: 0.1ms
[2025-03-28T19:26:03.971+0530][gc,phases   ] GC(145)   Evacuate Collection Set: 10.6ms
[2025-03-28T19:26:03.971+0530][gc,phases   ] GC(145)   Post Evacuate Collection Set: 0.7ms
[2025-03-28T19:26:03.971+0530][gc,phases   ] GC(145)   Other: 0.2ms
[2025-03-28T19:26:03.971+0530][gc,heap     ] GC(145) Eden regions: 44->0(50)
[2025-03-28T19:26:03.971+0530][gc,heap     ] GC(145) Survivor regions: 7->1(7)
[2025-03-28T19:26:03.971+0530][gc,heap     ] GC(145) Old regions: 120->121
[2025-03-28T19:26:03.971+0530][gc,heap     ] GC(145) Archive regions: 2->2
[2025-03-28T19:26:03.971+0530][gc,heap     ] GC(145) Humongous regions: 140->140
[2025-03-28T19:26:03.971+0530][gc,metaspace] GC(145) Metaspace: 50006K(50624K)->50006K(50624K) NonClass: 44344K(44672K)->44344K(44672K) Class: 5662K(5952K)->5662K(5952K)
[2025-03-28T19:26:03.971+0530][gc          ] GC(145) Pause Young (Normal) (G1 Evacuation Pause) 311M->262M(1024M) 11.959ms
[2025-03-28T19:26:03.971+0530][gc,cpu      ] GC(145) User=0.01s Sys=0.00s Real=0.01s
[2025-03-28T19:26:04.909+0530][gc,start    ] GC(103) Pause Young (Normal) (G1 Evacuation Pause)
[2025-03-28T19:26:04.910+0530][gc,task     ] GC(103) Using 2 workers of 2 for evacuation
[2025-03-28T19:26:04.920+0530][gc,phases   ] GC(103)   Pre Evacuate Collection Set: 0.4ms
[2025-03-28T19:26:04.920+0530][gc,phases   ] GC(103)   Merge Heap Roots: 0.1ms
[2025-03-28T19:26:04.920+0530][gc,phases   ] GC(103)   Evacuate Collection Set: 8.6ms
[2025-03-28T19:26:04.920+0530][gc,phases   ] GC(103)   Post Evacuate Collection Set: 1.1ms
[2025-03-28T19:26:04.920+0530][gc,phases   ] GC(103)   Other: 0.3ms
[2025-03-28T19:26:04.920+0530][gc,heap     ] GC(103) Eden regions: 49->0(61)
[2025-03-28T19:26:04.920+0530][gc,heap     ] GC(103) Survivor regions: 2->4(7)
[2025-03-28T19:26:04.920+0530][gc,heap     ] GC(103) Old regions: 63->63
[2025-03-28T19:26:04.920+0530][gc,heap     ] GC(103) Archive regions: 2->2
[2025-03-28T19:26:04.920+0530][gc,heap     ] GC(103) Humongous regions: 149->147
[2025-03-28T19:26:04.920+0530][gc,metaspace] GC(103) Metaspace: 49542K(50176K)->49542K(50176K) NonClass: 43926K(44288K)->43926K(44288K) Class: 5616K(5888K)->5616K(5888K)
[2025-03-28T19:26:04.920+0530][gc          ] GC(103) Pause Young (Normal) (G1 Evacuation Pause) 263M->214M(1024M) 10.796ms
[2025-03-28T19:26:04.920+0530][gc,cpu      ] GC(103) User=0.02s Sys=0.00s Real=0.01s
[2025-03-28T19:26:05.122+0530][gc,start    ] GC(104) Pause Young (Normal) (G1 Evacuation Pause)
[2025-03-28T19:26:05.123+0530][gc,task     ] GC(104) Using 2 workers of 2 for evacuation
[2025-03-28T19:26:05.133+0530][gc,phases   ] GC(104)   Pre Evacuate Collection Set: 0.9ms
[2025-03-28T19:26:05.133+0530][gc,phases   ] GC(104)   Merge Heap Roots: 0.2ms
[2025-03-28T19:26:05.133+0530][gc,phases   ] GC(104)   Evacuate Collection Set: 7.2ms
[2025-03-28T19:26:05.133+0530][gc,phases   ] GC(104)   Post Evacuate Collection Set: 0.9ms
[2025-03-28T19:26:05.133+0530][gc,phases   ] GC(104)   Other: 1.7ms
[2025-03-28T19:26:05.133+0530][gc,heap     ] GC(104) Eden regions: 61->0(99)
[2025-03-28T19:26:05.133+0530][gc,heap     ] GC(104) Survivor regions: 4->3(9)
[2025-03-28T19:26:05.133+0530][gc,heap     ] GC(104) Old regions: 63->63
[2025-03-28T19:26:05.133+0530][gc,heap     ] GC(104) Archive regions: 2->2
[2025-03-28T19:26:05.133+0530][gc,heap     ] GC(104) Humongous regions: 149->149
[2025-03-28T19:26:05.133+0530][gc,metaspace] GC(104) Metaspace: 49546K(50176K)->49546K(50176K) NonClass: 43929K(44288K)->43929K(44288K) Class: 5616K(5888K)->5616K(5888K)
[2025-03-28T19:26:05.133+0530][gc          ] GC(104) Pause Young (Normal) (G1 Evacuation Pause) 277M->215M(1024M) 10.449ms
[2025-03-28T19:26:05.133+0530][gc,cpu      ] GC(104) User=0.02s Sys=0.00s Real=0.01s
[2025-03-28T19:26:11.222+0530][gc,start    ] GC(146) Pause Young (Normal) (G1 Evacuation Pause)
[2025-03-28T19:26:11.222+0530][gc,task     ] GC(146) Using 2 workers of 2 for evacuation
[2025-03-28T19:26:11.250+0530][gc,mmu      ] GC(146) MMU target violated: 21.0ms (20.0ms/21.0ms)
[2025-03-28T19:26:11.250+0530][gc,phases   ] GC(146)   Pre Evacuate Collection Set: 0.2ms
[2025-03-28T19:26:11.250+0530][gc,phases   ] GC(146)   Merge Heap Roots: 0.1ms
[2025-03-28T19:26:11.251+0530][gc,phases   ] GC(146)   Evacuate Collection Set: 22.3ms
[2025-03-28T19:26:11.251+0530][gc,phases   ] GC(146)   Post Evacuate Collection Set: 5.4ms
[2025-03-28T19:26:11.251+0530][gc,phases   ] GC(146)   Other: 0.5ms
[2025-03-28T19:26:11.251+0530][gc,heap     ] GC(146) Eden regions: 50->0(44)
[2025-03-28T19:26:11.251+0530][gc,heap     ] GC(146) Survivor regions: 1->7(7)
[2025-03-28T19:26:11.251+0530][gc,heap     ] GC(146) Old regions: 121->121
[2025-03-28T19:26:11.251+0530][gc,heap     ] GC(146) Archive regions: 2->2
[2025-03-28T19:26:11.251+0530][gc,heap     ] GC(146) Humongous regions: 140->138
[2025-03-28T19:26:11.251+0530][gc,metaspace] GC(146) Metaspace: 50019K(50624K)->50019K(50624K) NonClass: 44357K(44672K)->44357K(44672K) Class: 5662K(5952K)->5662K(5952K)
[2025-03-28T19:26:11.251+0530][gc          ] GC(146) Pause Young (Normal) (G1 Evacuation Pause) 312M->266M(1024M) 28.781ms
[2025-03-28T19:26:11.251+0530][gc,cpu      ] GC(146) User=0.02s Sys=0.00s Real=0.03s
[2025-03-28T19:26:11.413+0530][gc,start    ] GC(105) Pause Young (Normal) (G1 Evacuation Pause)
[2025-03-28T19:26:11.413+0530][gc,task     ] GC(105) Using 2 workers of 2 for evacuation
[2025-03-28T19:26:11.440+0530][gc,mmu      ] GC(105) MMU target violated: 21.0ms (20.0ms/21.0ms)
[2025-03-28T19:26:11.440+0530][gc,phases   ] GC(105)   Pre Evacuate Collection Set: 0.3ms
[2025-03-28T19:26:11.440+0530][gc,phases   ] GC(105)   Merge Heap Roots: 0.2ms
[2025-03-28T19:26:11.440+0530][gc,phases   ] GC(105)   Evacuate Collection Set: 25.6ms
[2025-03-28T19:26:11.440+0530][gc,phases   ] GC(105)   Post Evacuate Collection Set: 0.6ms
[2025-03-28T19:26:11.440+0530][gc,phases   ] GC(105)   Other: 0.3ms
[2025-03-28T19:26:11.440+0530][gc,heap     ] GC(105) Eden regions: 99->0(48)
[2025-03-28T19:26:11.440+0530][gc,heap     ] GC(105) Survivor regions: 3->3(13)
[2025-03-28T19:26:11.440+0530][gc,heap     ] GC(105) Old regions: 63->63
[2025-03-28T19:26:11.441+0530][gc,heap     ] GC(105) Archive regions: 2->2
[2025-03-28T19:26:11.441+0530][gc,heap     ] GC(105) Humongous regions: 151->149
[2025-03-28T19:26:11.441+0530][gc,metaspace] GC(105) Metaspace: 49552K(50176K)->49552K(50176K) NonClass: 43935K(44288K)->43935K(44288K) Class: 5616K(5888K)->5616K(5888K)
[2025-03-28T19:26:11.441+0530][gc          ] GC(105) Pause Young (Normal) (G1 Evacuation Pause) 316M->215M(1024M) 27.180ms
[2025-03-28T19:26:11.441+0530][gc,cpu      ] GC(105) User=0.02s Sys=0.00s Real=0.03s
[2025-03-28T19:26:11.582+0530][gc,start    ] GC(147) Pause Young (Normal) (G1 Evacuation Pause)
[2025-03-28T19:26:11.582+0530][gc,task     ] GC(147) Using 2 workers of 2 for evacuation
[2025-03-28T19:26:11.624+0530][gc,mmu      ] GC(147) MMU target violated: 21.0ms (20.0ms/21.0ms)
[2025-03-28T19:26:11.624+0530][gc,phases   ] GC(147)   Pre Evacuate Collection Set: 0.5ms
[2025-03-28T19:26:11.624+0530][gc,phases   ] GC(147)   Merge Heap Roots: 0.2ms
[2025-03-28T19:26:11.624+0530][gc,phases   ] GC(147)   Evacuate Collection Set: 27.9ms
[2025-03-28T19:26:11.624+0530][gc,phases   ] GC(147)   Post Evacuate Collection Set: 13.7ms
[2025-03-28T19:26:11.624+0530][gc,phases   ] GC(147)   Other: 0.4ms
[2025-03-28T19:26:11.624+0530][gc,heap     ] GC(147) Eden regions: 44->0(49)
[2025-03-28T19:26:11.624+0530][gc,heap     ] GC(147) Survivor regions: 7->2(7)
[2025-03-28T19:26:11.624+0530][gc,heap     ] GC(147) Old regions: 121->123
[2025-03-28T19:26:11.624+0530][gc,heap     ] GC(147) Archive regions: 2->2
[2025-03-28T19:26:11.624+0530][gc,heap     ] GC(147) Humongous regions: 140->140
[2025-03-28T19:26:11.625+0530][gc,metaspace] GC(147) Metaspace: 50019K(50624K)->50019K(50624K) NonClass: 44357K(44672K)->44357K(44672K) Class: 5662K(5952K)->5662K(5952K)
[2025-03-28T19:26:11.625+0530][gc          ] GC(147) Pause Young (Normal) (G1 Evacuation Pause) 312M->264M(1024M) 42.933ms
[2025-03-28T19:26:11.625+0530][gc,cpu      ] GC(147) User=0.03s Sys=0.00s Real=0.04s
[2025-03-28T19:26:13.738+0530][gc,start    ] GC(148) Pause Young (Normal) (G1 Evacuation Pause)
[2025-03-28T19:26:13.738+0530][gc,task     ] GC(148) Using 2 workers of 2 for evacuation
[2025-03-28T19:26:13.747+0530][gc,phases   ] GC(148)   Pre Evacuate Collection Set: 0.3ms
[2025-03-28T19:26:13.747+0530][gc,phases   ] GC(148)   Merge Heap Roots: 0.1ms
[2025-03-28T19:26:13.747+0530][gc,phases   ] GC(148)   Evacuate Collection Set: 7.7ms
[2025-03-28T19:26:13.747+0530][gc,phases   ] GC(148)   Post Evacuate Collection Set: 0.7ms
[2025-03-28T19:26:13.747+0530][gc,phases   ] GC(148)   Other: 0.2ms
[2025-03-28T19:26:13.747+0530][gc,heap     ] GC(148) Eden regions: 49->0(45)
[2025-03-28T19:26:13.747+0530][gc,heap     ] GC(148) Survivor regions: 2->6(7)
[2025-03-28T19:26:13.747+0530][gc,heap     ] GC(148) Old regions: 123->123
[2025-03-28T19:26:13.748+0530][gc,heap     ] GC(148) Archive regions: 2->2
[2025-03-28T19:26:13.748+0530][gc,heap     ] GC(148) Humongous regions: 140->138
[2025-03-28T19:26:13.748+0530][gc,metaspace] GC(148) Metaspace: 50033K(50624K)->50033K(50624K) NonClass: 44371K(44672K)->44371K(44672K) Class: 5662K(5952K)->5662K(5952K)
[2025-03-28T19:26:13.748+0530][gc          ] GC(148) Pause Young (Normal) (G1 Evacuation Pause) 313M->266M(1024M) 9.220ms
[2025-03-28T19:26:13.748+0530][gc,cpu      ] GC(148) User=0.02s Sys=0.00s Real=0.01s
[2025-03-28T19:26:13.913+0530][gc,start    ] GC(149) Pause Young (Normal) (G1 Evacuation Pause)
[2025-03-28T19:26:13.913+0530][gc,task     ] GC(149) Using 2 workers of 2 for evacuation
[2025-03-28T19:26:13.924+0530][gc,phases   ] GC(149)   Pre Evacuate Collection Set: 0.4ms
[2025-03-28T19:26:13.924+0530][gc,phases   ] GC(149)   Merge Heap Roots: 0.2ms
[2025-03-28T19:26:13.924+0530][gc,phases   ] GC(149)   Evacuate Collection Set: 10.2ms
[2025-03-28T19:26:13.924+0530][gc,phases   ] GC(149)   Post Evacuate Collection Set: 0.5ms
[2025-03-28T19:26:13.924+0530][gc,phases   ] GC(149)   Other: 0.3ms
[2025-03-28T19:26:13.924+0530][gc,heap     ] GC(149) Eden regions: 45->0(49)
[2025-03-28T19:26:13.924+0530][gc,heap     ] GC(149) Survivor regions: 6->2(7)
[2025-03-28T19:26:13.924+0530][gc,heap     ] GC(149) Old regions: 123->124
[2025-03-28T19:26:13.924+0530][gc,heap     ] GC(149) Archive regions: 2->2
[2025-03-28T19:26:13.924+0530][gc,heap     ] GC(149) Humongous regions: 140->140
[2025-03-28T19:26:13.925+0530][gc,metaspace] GC(149) Metaspace: 50034K(50624K)->50034K(50624K) NonClass: 44372K(44672K)->44372K(44672K) Class: 5662K(5952K)->5662K(5952K)
[2025-03-28T19:26:13.925+0530][gc          ] GC(149) Pause Young (Normal) (G1 Evacuation Pause) 313M->266M(1024M) 11.688ms
[2025-03-28T19:26:13.925+0530][gc,cpu      ] GC(149) User=0.02s Sys=0.00s Real=0.01s
[2025-03-28T19:26:14.860+0530][gc,start    ] GC(106) Pause Young (Normal) (G1 Evacuation Pause)
[2025-03-28T19:26:14.860+0530][gc,task     ] GC(106) Using 2 workers of 2 for evacuation
[2025-03-28T19:26:14.872+0530][gc,phases   ] GC(106)   Pre Evacuate Collection Set: 0.4ms
[2025-03-28T19:26:14.872+0530][gc,phases   ] GC(106)   Merge Heap Roots: 0.2ms
[2025-03-28T19:26:14.872+0530][gc,phases   ] GC(106)   Evacuate Collection Set: 10.5ms
[2025-03-28T19:26:14.872+0530][gc,phases   ] GC(106)   Post Evacuate Collection Set: 0.7ms
[2025-03-28T19:26:14.872+0530][gc,phases   ] GC(106)   Other: 0.2ms
[2025-03-28T19:26:14.872+0530][gc,heap     ] GC(106) Eden regions: 48->0(46)
[2025-03-28T19:26:14.872+0530][gc,heap     ] GC(106) Survivor regions: 3->5(7)
[2025-03-28T19:26:14.872+0530][gc,heap     ] GC(106) Old regions: 63->63
[2025-03-28T19:26:14.872+0530][gc,heap     ] GC(106) Archive regions: 2->2
[2025-03-28T19:26:14.873+0530][gc,heap     ] GC(106) Humongous regions: 149->147
[2025-03-28T19:26:14.873+0530][gc,metaspace] GC(106) Metaspace: 49553K(50176K)->49553K(50176K) NonClass: 43936K(44288K)->43936K(44288K) Class: 5616K(5888K)->5616K(5888K)
[2025-03-28T19:26:14.873+0530][gc          ] GC(106) Pause Young (Normal) (G1 Evacuation Pause) 263M->215M(1024M) 12.185ms
[2025-03-28T19:26:14.873+0530][gc,cpu      ] GC(106) User=0.03s Sys=0.00s Real=0.01s
[2025-03-28T19:26:15.065+0530][gc,start    ] GC(107) Pause Young (Normal) (G1 Evacuation Pause)
[2025-03-28T19:26:15.065+0530][gc,task     ] GC(107) Using 2 workers of 2 for evacuation
[2025-03-28T19:26:15.077+0530][gc,phases   ] GC(107)   Pre Evacuate Collection Set: 0.6ms
[2025-03-28T19:26:15.077+0530][gc,phases   ] GC(107)   Merge Heap Roots: 0.7ms
[2025-03-28T19:26:15.078+0530][gc,phases   ] GC(107)   Evacuate Collection Set: 10.7ms
[2025-03-28T19:26:15.078+0530][gc,phases   ] GC(107)   Post Evacuate Collection Set: 0.6ms
[2025-03-28T19:26:15.078+0530][gc,phases   ] GC(107)   Other: 0.2ms
[2025-03-28T19:26:15.078+0530][gc,heap     ] GC(107) Eden regions: 46->0(71)
[2025-03-28T19:26:15.078+0530][gc,heap     ] GC(107) Survivor regions: 5->2(7)
[2025-03-28T19:26:15.078+0530][gc,heap     ] GC(107) Old regions: 63->64
[2025-03-28T19:26:15.078+0530][gc,heap     ] GC(107) Archive regions: 2->2
[2025-03-28T19:26:15.078+0530][gc,heap     ] GC(107) Humongous regions: 149->149
[2025-03-28T19:26:15.078+0530][gc,metaspace] GC(107) Metaspace: 49553K(50176K)->49553K(50176K) NonClass: 43936K(44288K)->43936K(44288K) Class: 5616K(5888K)->5616K(5888K)
[2025-03-28T19:26:15.078+0530][gc          ] GC(107) Pause Young (Normal) (G1 Evacuation Pause) 263M->215M(1024M) 12.872ms
[2025-03-28T19:26:15.078+0530][gc,cpu      ] GC(107) User=0.02s Sys=0.00s Real=0.02s
[2025-03-28T19:26:21.599+0530][gc,start    ] GC(150) Pause Young (Normal) (G1 Evacuation Pause)
[2025-03-28T19:26:21.600+0530][gc,task     ] GC(150) Using 2 workers of 2 for evacuation
[2025-03-28T19:26:21.633+0530][gc,mmu      ] GC(150) MMU target violated: 21.0ms (20.0ms/21.0ms)
[2025-03-28T19:26:21.633+0530][gc,phases   ] GC(150)   Pre Evacuate Collection Set: 0.4ms
[2025-03-28T19:26:21.633+0530][gc,phases   ] GC(150)   Merge Heap Roots: 0.4ms
[2025-03-28T19:26:21.633+0530][gc,phases   ] GC(150)   Evacuate Collection Set: 27.7ms
[2025-03-28T19:26:21.633+0530][gc,phases   ] GC(150)   Post Evacuate Collection Set: 4.0ms
[2025-03-28T19:26:21.633+0530][gc,phases   ] GC(150)   Other: 0.7ms
[2025-03-28T19:26:21.633+0530][gc,heap     ] GC(150) Eden regions: 49->0(46)
[2025-03-28T19:26:21.633+0530][gc,heap     ] GC(150) Survivor regions: 2->5(7)
[2025-03-28T19:26:21.633+0530][gc,heap     ] GC(150) Old regions: 124->124
[2025-03-28T19:26:21.633+0530][gc,heap     ] GC(150) Archive regions: 2->2
[2025-03-28T19:26:21.633+0530][gc,heap     ] GC(150) Humongous regions: 140->138
[2025-03-28T19:26:21.633+0530][gc,metaspace] GC(150) Metaspace: 50049K(50688K)->50049K(50688K) NonClass: 44387K(44736K)->44387K(44736K) Class: 5662K(5952K)->5662K(5952K)
[2025-03-28T19:26:21.633+0530][gc          ] GC(150) Pause Young (Normal) (G1 Evacuation Pause) 315M->266M(1024M) 33.401ms
[2025-03-28T19:26:21.633+0530][gc,cpu      ] GC(150) User=0.02s Sys=0.01s Real=0.03s
[2025-03-28T19:26:21.678+0530][gc,start    ] GC(108) Pause Young (Normal) (G1 Evacuation Pause)
[2025-03-28T19:26:21.678+0530][gc,task     ] GC(108) Using 2 workers of 2 for evacuation
[2025-03-28T19:26:21.743+0530][gc,mmu      ] GC(108) MMU target violated: 21.0ms (20.0ms/21.0ms)
[2025-03-28T19:26:21.743+0530][gc,phases   ] GC(108)   Pre Evacuate Collection Set: 3.9ms
[2025-03-28T19:26:21.743+0530][gc,phases   ] GC(108)   Merge Heap Roots: 0.5ms
[2025-03-28T19:26:21.743+0530][gc,phases   ] GC(108)   Evacuate Collection Set: 57.7ms
[2025-03-28T19:26:21.743+0530][gc,phases   ] GC(108)   Post Evacuate Collection Set: 3.1ms
[2025-03-28T19:26:21.743+0530][gc,phases   ] GC(108)   Other: 0.3ms
[2025-03-28T19:26:21.743+0530][gc,heap     ] GC(108) Eden regions: 71->0(43)
[2025-03-28T19:26:21.743+0530][gc,heap     ] GC(108) Survivor regions: 2->8(10)
[2025-03-28T19:26:21.743+0530][gc,heap     ] GC(108) Old regions: 64->64
[2025-03-28T19:26:21.743+0530][gc,heap     ] GC(108) Archive regions: 2->2
[2025-03-28T19:26:21.743+0530][gc,heap     ] GC(108) Humongous regions: 149->147
[2025-03-28T19:26:21.743+0530][gc,metaspace] GC(108) Metaspace: 49571K(50176K)->49571K(50176K) NonClass: 43954K(44288K)->43954K(44288K) Class: 5616K(5888K)->5616K(5888K)
[2025-03-28T19:26:21.743+0530][gc          ] GC(108) Pause Young (Normal) (G1 Evacuation Pause) 286M->218M(1024M) 65.689ms
[2025-03-28T19:26:21.743+0530][gc,cpu      ] GC(108) User=0.03s Sys=0.00s Real=0.06s
[2025-03-28T19:26:21.953+0530][gc,start    ] GC(109) Pause Young (Normal) (G1 Evacuation Pause)
[2025-03-28T19:26:21.953+0530][gc,task     ] GC(109) Using 2 workers of 2 for evacuation
[2025-03-28T19:26:21.984+0530][gc,mmu      ] GC(109) MMU target violated: 21.0ms (20.0ms/21.0ms)
[2025-03-28T19:26:21.984+0530][gc,phases   ] GC(109)   Pre Evacuate Collection Set: 0.3ms
[2025-03-28T19:26:21.984+0530][gc,phases   ] GC(109)   Merge Heap Roots: 0.2ms
[2025-03-28T19:26:21.984+0530][gc,phases   ] GC(109)   Evacuate Collection Set: 27.2ms
[2025-03-28T19:26:21.984+0530][gc,phases   ] GC(109)   Post Evacuate Collection Set: 2.4ms
[2025-03-28T19:26:21.984+0530][gc,phases   ] GC(109)   Other: 0.3ms
[2025-03-28T19:26:21.984+0530][gc,heap     ] GC(109) Eden regions: 43->0(50)
[2025-03-28T19:26:21.984+0530][gc,heap     ] GC(109) Survivor regions: 8->1(7)
[2025-03-28T19:26:21.984+0530][gc,heap     ] GC(109) Old regions: 64->66
[2025-03-28T19:26:21.984+0530][gc,heap     ] GC(109) Archive regions: 2->2
[2025-03-28T19:26:21.984+0530][gc,heap     ] GC(109) Humongous regions: 149->149
[2025-03-28T19:26:21.984+0530][gc,metaspace] GC(109) Metaspace: 49571K(50176K)->49571K(50176K) NonClass: 43954K(44288K)->43954K(44288K) Class: 5616K(5888K)->5616K(5888K)
[2025-03-28T19:26:21.984+0530][gc          ] GC(109) Pause Young (Normal) (G1 Evacuation Pause) 263M->216M(1024M) 30.712ms
[2025-03-28T19:26:21.984+0530][gc,cpu      ] GC(109) User=0.02s Sys=0.00s Real=0.03s
[2025-03-28T19:26:22.043+0530][gc,start    ] GC(151) Pause Young (Normal) (G1 Evacuation Pause)
[2025-03-28T19:26:22.043+0530][gc,task     ] GC(151) Using 2 workers of 2 for evacuation
[2025-03-28T19:26:22.062+0530][gc,phases   ] GC(151)   Pre Evacuate Collection Set: 0.7ms
[2025-03-28T19:26:22.062+0530][gc,phases   ] GC(151)   Merge Heap Roots: 0.2ms
[2025-03-28T19:26:22.062+0530][gc,phases   ] GC(151)   Evacuate Collection Set: 17.6ms
[2025-03-28T19:26:22.062+0530][gc,phases   ] GC(151)   Post Evacuate Collection Set: 0.9ms
[2025-03-28T19:26:22.062+0530][gc,phases   ] GC(151)   Other: 0.2ms
[2025-03-28T19:26:22.062+0530][gc,heap     ] GC(151) Eden regions: 46->0(49)
[2025-03-28T19:26:22.062+0530][gc,heap     ] GC(151) Survivor regions: 5->2(7)
[2025-03-28T19:26:22.062+0530][gc,heap     ] GC(151) Old regions: 124->125
[2025-03-28T19:26:22.062+0530][gc,heap     ] GC(151) Archive regions: 2->2
[2025-03-28T19:26:22.062+0530][gc,heap     ] GC(151) Humongous regions: 140->140
[2025-03-28T19:26:22.062+0530][gc,metaspace] GC(151) Metaspace: 50049K(50688K)->50049K(50688K) NonClass: 44387K(44736K)->44387K(44736K) Class: 5662K(5952K)->5662K(5952K)
[2025-03-28T19:26:22.062+0530][gc          ] GC(151) Pause Young (Normal) (G1 Evacuation Pause) 314M->266M(1024M) 19.620ms
[2025-03-28T19:26:22.062+0530][gc,cpu      ] GC(151) User=0.02s Sys=0.01s Real=0.03s
[2025-03-28T19:26:23.632+0530][gc,start    ] GC(152) Pause Young (Normal) (G1 Evacuation Pause)
[2025-03-28T19:26:23.632+0530][gc,task     ] GC(152) Using 2 workers of 2 for evacuation
[2025-03-28T19:26:23.644+0530][gc,phases   ] GC(152)   Pre Evacuate Collection Set: 0.4ms
[2025-03-28T19:26:23.644+0530][gc,phases   ] GC(152)   Merge Heap Roots: 0.3ms
[2025-03-28T19:26:23.644+0530][gc,phases   ] GC(152)   Evacuate Collection Set: 10.3ms
[2025-03-28T19:26:23.644+0530][gc,phases   ] GC(152)   Post Evacuate Collection Set: 0.8ms
[2025-03-28T19:26:23.644+0530][gc,phases   ] GC(152)   Other: 0.2ms
[2025-03-28T19:26:23.644+0530][gc,heap     ] GC(152) Eden regions: 49->0(47)
[2025-03-28T19:26:23.644+0530][gc,heap     ] GC(152) Survivor regions: 2->4(7)
[2025-03-28T19:26:23.644+0530][gc,heap     ] GC(152) Old regions: 125->125
[2025-03-28T19:26:23.644+0530][gc,heap     ] GC(152) Archive regions: 2->2
[2025-03-28T19:26:23.644+0530][gc,heap     ] GC(152) Humongous regions: 140->138
[2025-03-28T19:26:23.644+0530][gc,metaspace] GC(152) Metaspace: 50065K(50688K)->50065K(50688K) NonClass: 44403K(44736K)->44403K(44736K) Class: 5662K(5952K)->5662K(5952K)
[2025-03-28T19:26:23.644+0530][gc          ] GC(152) Pause Young (Normal) (G1 Evacuation Pause) 315M->267M(1024M) 12.107ms
[2025-03-28T19:26:23.644+0530][gc,cpu      ] GC(152) User=0.02s Sys=0.00s Real=0.01s
[2025-03-28T19:26:23.749+0530][gc,start    ] GC(153) Pause Young (Normal) (G1 Evacuation Pause)
[2025-03-28T19:26:23.749+0530][gc,task     ] GC(153) Using 2 workers of 2 for evacuation
[2025-03-28T19:26:23.755+0530][gc,phases   ] GC(153)   Pre Evacuate Collection Set: 0.3ms
[2025-03-28T19:26:23.755+0530][gc,phases   ] GC(153)   Merge Heap Roots: 0.1ms
[2025-03-28T19:26:23.755+0530][gc,phases   ] GC(153)   Evacuate Collection Set: 4.9ms
[2025-03-28T19:26:23.755+0530][gc,phases   ] GC(153)   Post Evacuate Collection Set: 0.8ms
[2025-03-28T19:26:23.755+0530][gc,phases   ] GC(153)   Other: 0.2ms
[2025-03-28T19:26:23.755+0530][gc,heap     ] GC(153) Eden regions: 47->0(54)
[2025-03-28T19:26:23.755+0530][gc,heap     ] GC(153) Survivor regions: 4->2(7)
[2025-03-28T19:26:23.755+0530][gc,heap     ] GC(153) Old regions: 125->125
[2025-03-28T19:26:23.755+0530][gc,heap     ] GC(153) Archive regions: 2->2
[2025-03-28T19:26:23.756+0530][gc,heap     ] GC(153) Humongous regions: 140->140
[2025-03-28T19:26:23.756+0530][gc,metaspace] GC(153) Metaspace: 50072K(50688K)->50072K(50688K) NonClass: 44410K(44736K)->44410K(44736K) Class: 5662K(5952K)->5662K(5952K)
[2025-03-28T19:26:23.756+0530][gc          ] GC(153) Pause Young (Normal) (G1 Evacuation Pause) 316M->267M(1024M) 6.398ms
[2025-03-28T19:26:23.756+0530][gc,cpu      ] GC(153) User=0.01s Sys=0.00s Real=0.01s
[2025-03-28T19:26:24.855+0530][gc,start    ] GC(110) Pause Young (Normal) (G1 Evacuation Pause)
[2025-03-28T19:26:24.855+0530][gc,task     ] GC(110) Using 2 workers of 2 for evacuation
[2025-03-28T19:26:24.866+0530][gc,phases   ] GC(110)   Pre Evacuate Collection Set: 0.2ms
[2025-03-28T19:26:24.866+0530][gc,phases   ] GC(110)   Merge Heap Roots: 0.1ms
[2025-03-28T19:26:24.866+0530][gc,phases   ] GC(110)   Evacuate Collection Set: 9.2ms
[2025-03-28T19:26:24.866+0530][gc,phases   ] GC(110)   Post Evacuate Collection Set: 1.3ms
[2025-03-28T19:26:24.866+0530][gc,phases   ] GC(110)   Other: 0.1ms
[2025-03-28T19:26:24.866+0530][gc,heap     ] GC(110) Eden regions: 50->0(44)
[2025-03-28T19:26:24.866+0530][gc,heap     ] GC(110) Survivor regions: 1->7(7)
[2025-03-28T19:26:24.866+0530][gc,heap     ] GC(110) Old regions: 66->66
[2025-03-28T19:26:24.866+0530][gc,heap     ] GC(110) Archive regions: 2->2
[2025-03-28T19:26:24.866+0530][gc,heap     ] GC(110) Humongous regions: 149->147
[2025-03-28T19:26:24.866+0530][gc,metaspace] GC(110) Metaspace: 49576K(50176K)->49576K(50176K) NonClass: 43960K(44288K)->43960K(44288K) Class: 5616K(5888K)->5616K(5888K)
[2025-03-28T19:26:24.866+0530][gc          ] GC(110) Pause Young (Normal) (G1 Evacuation Pause) 266M->220M(1024M) 11.118ms
[2025-03-28T19:26:24.866+0530][gc,cpu      ] GC(110) User=0.01s Sys=0.00s Real=0.01s
[2025-03-28T19:26:24.958+0530][gc,start    ] GC(111) Pause Young (Normal) (G1 Evacuation Pause)
[2025-03-28T19:26:24.958+0530][gc,task     ] GC(111) Using 2 workers of 2 for evacuation
[2025-03-28T19:26:24.964+0530][gc,phases   ] GC(111)   Pre Evacuate Collection Set: 0.2ms
[2025-03-28T19:26:24.964+0530][gc,phases   ] GC(111)   Merge Heap Roots: 0.1ms
[2025-03-28T19:26:24.964+0530][gc,phases   ] GC(111)   Evacuate Collection Set: 5.2ms
[2025-03-28T19:26:24.964+0530][gc,phases   ] GC(111)   Post Evacuate Collection Set: 0.7ms
[2025-03-28T19:26:24.964+0530][gc,phases   ] GC(111)   Other: 0.2ms
[2025-03-28T19:26:24.964+0530][gc,heap     ] GC(111) Eden regions: 44->0(49)
[2025-03-28T19:26:24.964+0530][gc,heap     ] GC(111) Survivor regions: 7->2(7)
[2025-03-28T19:26:24.964+0530][gc,heap     ] GC(111) Old regions: 66->67
[2025-03-28T19:26:24.964+0530][gc,heap     ] GC(111) Archive regions: 2->2
[2025-03-28T19:26:24.964+0530][gc,heap     ] GC(111) Humongous regions: 149->149
[2025-03-28T19:26:24.964+0530][gc,metaspace] GC(111) Metaspace: 49577K(50176K)->49577K(50176K) NonClass: 43960K(44288K)->43960K(44288K) Class: 5616K(5888K)->5616K(5888K)
[2025-03-28T19:26:24.964+0530][gc          ] GC(111) Pause Young (Normal) (G1 Evacuation Pause) 266M->218M(1024M) 6.498ms
[2025-03-28T19:26:24.964+0530][gc,cpu      ] GC(111) User=0.01s Sys=0.00s Real=0.00s
[2025-03-28T19:26:31.623+0530][gc,start    ] GC(154) Pause Young (Normal) (G1 Evacuation Pause)
[2025-03-28T19:26:31.623+0530][gc,task     ] GC(154) Using 2 workers of 2 for evacuation
[2025-03-28T19:26:31.640+0530][gc,phases   ] GC(154)   Pre Evacuate Collection Set: 0.3ms
[2025-03-28T19:26:31.640+0530][gc,phases   ] GC(154)   Merge Heap Roots: 0.1ms
[2025-03-28T19:26:31.640+0530][gc,phases   ] GC(154)   Evacuate Collection Set: 15.9ms
[2025-03-28T19:26:31.640+0530][gc,phases   ] GC(154)   Post Evacuate Collection Set: 0.7ms
[2025-03-28T19:26:31.640+0530][gc,phases   ] GC(154)   Other: 0.2ms
[2025-03-28T19:26:31.640+0530][gc,heap     ] GC(154) Eden regions: 54->0(81)
[2025-03-28T19:26:31.640+0530][gc,heap     ] GC(154) Survivor regions: 2->4(7)
[2025-03-28T19:26:31.640+0530][gc,heap     ] GC(154) Old regions: 125->125
[2025-03-28T19:26:31.640+0530][gc,heap     ] GC(154) Archive regions: 2->2
[2025-03-28T19:26:31.640+0530][gc,heap     ] GC(154) Humongous regions: 140->138
[2025-03-28T19:26:31.640+0530][gc,metaspace] GC(154) Metaspace: 50084K(50752K)->50084K(50752K) NonClass: 44422K(44800K)->44422K(44800K) Class: 5662K(5952K)->5662K(5952K)
[2025-03-28T19:26:31.640+0530][gc          ] GC(154) Pause Young (Normal) (G1 Evacuation Pause) 321M->267M(1024M) 17.421ms
[2025-03-28T19:26:31.640+0530][gc,cpu      ] GC(154) User=0.01s Sys=0.00s Real=0.02s
[2025-03-28T19:26:31.651+0530][gc,start    ] GC(112) Pause Young (Normal) (G1 Evacuation Pause)
[2025-03-28T19:26:31.651+0530][gc,task     ] GC(112) Using 2 workers of 2 for evacuation
[2025-03-28T19:26:31.678+0530][gc,mmu      ] GC(112) MMU target violated: 21.0ms (20.0ms/21.0ms)
[2025-03-28T19:26:31.678+0530][gc,phases   ] GC(112)   Pre Evacuate Collection Set: 0.2ms
[2025-03-28T19:26:31.678+0530][gc,phases   ] GC(112)   Merge Heap Roots: 5.3ms
[2025-03-28T19:26:31.678+0530][gc,phases   ] GC(112)   Evacuate Collection Set: 20.3ms
[2025-03-28T19:26:31.678+0530][gc,phases   ] GC(112)   Post Evacuate Collection Set: 0.7ms
[2025-03-28T19:26:31.678+0530][gc,phases   ] GC(112)   Other: 0.2ms
[2025-03-28T19:26:31.678+0530][gc,heap     ] GC(112) Eden regions: 49->0(45)
[2025-03-28T19:26:31.678+0530][gc,heap     ] GC(112) Survivor regions: 2->6(7)
[2025-03-28T19:26:31.678+0530][gc,heap     ] GC(112) Old regions: 67->67
[2025-03-28T19:26:31.678+0530][gc,heap     ] GC(112) Archive regions: 2->2
[2025-03-28T19:26:31.678+0530][gc,heap     ] GC(112) Humongous regions: 149->147
[2025-03-28T19:26:31.678+0530][gc,metaspace] GC(112) Metaspace: 49598K(50176K)->49598K(50176K) NonClass: 43980K(44288K)->43980K(44288K) Class: 5617K(5888K)->5617K(5888K)
[2025-03-28T19:26:31.678+0530][gc          ] GC(112) Pause Young (Normal) (G1 Evacuation Pause) 267M->220M(1024M) 26.867ms
[2025-03-28T19:26:31.678+0530][gc,cpu      ] GC(112) User=0.02s Sys=0.00s Real=0.04s
[2025-03-28T19:26:31.869+0530][gc,start    ] GC(113) Pause Young (Normal) (G1 Evacuation Pause)
[2025-03-28T19:26:31.869+0530][gc,task     ] GC(113) Using 2 workers of 2 for evacuation
[2025-03-28T19:26:31.875+0530][gc,phases   ] GC(113)   Pre Evacuate Collection Set: 1.4ms
[2025-03-28T19:26:31.875+0530][gc,phases   ] GC(113)   Merge Heap Roots: 0.1ms
[2025-03-28T19:26:31.875+0530][gc,phases   ] GC(113)   Evacuate Collection Set: 4.6ms
[2025-03-28T19:26:31.875+0530][gc,phases   ] GC(113)   Post Evacuate Collection Set: 0.5ms
[2025-03-28T19:26:31.875+0530][gc,phases   ] GC(113)   Other: 0.2ms
[2025-03-28T19:26:31.876+0530][gc,heap     ] GC(113) Eden regions: 45->0(49)
[2025-03-28T19:26:31.876+0530][gc,heap     ] GC(113) Survivor regions: 6->2(7)
[2025-03-28T19:26:31.876+0530][gc,heap     ] GC(113) Old regions: 67->68
[2025-03-28T19:26:31.876+0530][gc,heap     ] GC(113) Archive regions: 2->2
[2025-03-28T19:26:31.876+0530][gc,heap     ] GC(113) Humongous regions: 149->149
[2025-03-28T19:26:31.876+0530][gc,metaspace] GC(113) Metaspace: 49600K(50176K)->49600K(50176K) NonClass: 43983K(44288K)->43983K(44288K) Class: 5617K(5888K)->5617K(5888K)
[2025-03-28T19:26:31.876+0530][gc          ] GC(113) Pause Young (Normal) (G1 Evacuation Pause) 267M->219M(1024M) 6.829ms
[2025-03-28T19:26:31.876+0530][gc,cpu      ] GC(113) User=0.00s Sys=0.00s Real=0.01s
[2025-03-28T19:26:33.574+0530][gc,start    ] GC(155) Pause Young (Normal) (G1 Evacuation Pause)
[2025-03-28T19:26:33.575+0530][gc,task     ] GC(155) Using 2 workers of 2 for evacuation
[2025-03-28T19:26:33.597+0530][gc,mmu      ] GC(155) MMU target violated: 21.0ms (20.0ms/21.0ms)
[2025-03-28T19:26:33.597+0530][gc,phases   ] GC(155)   Pre Evacuate Collection Set: 0.7ms
[2025-03-28T19:26:33.597+0530][gc,phases   ] GC(155)   Merge Heap Roots: 0.5ms
[2025-03-28T19:26:33.597+0530][gc,phases   ] GC(155)   Evacuate Collection Set: 18.4ms
[2025-03-28T19:26:33.597+0530][gc,phases   ] GC(155)   Post Evacuate Collection Set: 2.3ms
[2025-03-28T19:26:33.597+0530][gc,phases   ] GC(155)   Other: 0.8ms
[2025-03-28T19:26:33.598+0530][gc,heap     ] GC(155) Eden regions: 81->0(49)
[2025-03-28T19:26:33.598+0530][gc,heap     ] GC(155) Survivor regions: 4->2(11)
[2025-03-28T19:26:33.598+0530][gc,heap     ] GC(155) Old regions: 125->125
[2025-03-28T19:26:33.598+0530][gc,heap     ] GC(155) Archive regions: 2->2
[2025-03-28T19:26:33.598+0530][gc,heap     ] GC(155) Humongous regions: 140->138
[2025-03-28T19:26:33.598+0530][gc,metaspace] GC(155) Metaspace: 50102K(50752K)->50102K(50752K) NonClass: 44440K(44800K)->44440K(44800K) Class: 5662K(5952K)->5662K(5952K)
[2025-03-28T19:26:33.599+0530][gc          ] GC(155) Pause Young (Normal) (G1 Evacuation Pause) 350M->265M(1024M) 24.285ms
[2025-03-28T19:26:33.599+0530][gc,cpu      ] GC(155) User=0.04s Sys=0.00s Real=0.03s
[2025-03-28T19:26:33.805+0530][gc,start    ] GC(156) Pause Young (Normal) (G1 Evacuation Pause)
[2025-03-28T19:26:33.805+0530][gc,task     ] GC(156) Using 2 workers of 2 for evacuation
[2025-03-28T19:26:33.821+0530][gc,phases   ] GC(156)   Pre Evacuate Collection Set: 0.2ms
[2025-03-28T19:26:33.821+0530][gc,phases   ] GC(156)   Merge Heap Roots: 0.1ms
[2025-03-28T19:26:33.821+0530][gc,phases   ] GC(156)   Evacuate Collection Set: 14.5ms
[2025-03-28T19:26:33.821+0530][gc,phases   ] GC(156)   Post Evacuate Collection Set: 0.7ms
[2025-03-28T19:26:33.821+0530][gc,phases   ] GC(156)   Other: 0.2ms
[2025-03-28T19:26:33.821+0530][gc,heap     ] GC(156) Eden regions: 49->0(44)
[2025-03-28T19:26:33.821+0530][gc,heap     ] GC(156) Survivor regions: 2->7(7)
[2025-03-28T19:26:33.821+0530][gc,heap     ] GC(156) Old regions: 125->126
[2025-03-28T19:26:33.821+0530][gc,heap     ] GC(156) Archive regions: 2->2
[2025-03-28T19:26:33.821+0530][gc,heap     ] GC(156) Humongous regions: 138->138
[2025-03-28T19:26:33.821+0530][gc,metaspace] GC(156) Metaspace: 50102K(50752K)->50102K(50752K) NonClass: 44440K(44800K)->44440K(44800K) Class: 5662K(5952K)->5662K(5952K)
[2025-03-28T19:26:33.821+0530][gc          ] GC(156) Pause Young (Normal) (G1 Evacuation Pause) 314M->271M(1024M) 15.856ms
[2025-03-28T19:26:33.821+0530][gc,cpu      ] GC(156) User=0.03s Sys=0.00s Real=0.01s
[2025-03-28T19:26:34.782+0530][gc,start    ] GC(114) Pause Young (Normal) (G1 Evacuation Pause)
[2025-03-28T19:26:34.782+0530][gc,task     ] GC(114) Using 2 workers of 2 for evacuation
[2025-03-28T19:26:34.788+0530][gc,phases   ] GC(114)   Pre Evacuate Collection Set: 0.3ms
[2025-03-28T19:26:34.788+0530][gc,phases   ] GC(114)   Merge Heap Roots: 0.1ms
[2025-03-28T19:26:34.788+0530][gc,phases   ] GC(114)   Evacuate Collection Set: 5.0ms
[2025-03-28T19:26:34.788+0530][gc,phases   ] GC(114)   Post Evacuate Collection Set: 0.7ms
[2025-03-28T19:26:34.788+0530][gc,phases   ] GC(114)   Other: 0.1ms
[2025-03-28T19:26:34.788+0530][gc,heap     ] GC(114) Eden regions: 49->0(53)
[2025-03-28T19:26:34.788+0530][gc,heap     ] GC(114) Survivor regions: 2->5(7)
[2025-03-28T19:26:34.788+0530][gc,heap     ] GC(114) Old regions: 68->68
[2025-03-28T19:26:34.788+0530][gc,heap     ] GC(114) Archive regions: 2->2
[2025-03-28T19:26:34.788+0530][gc,heap     ] GC(114) Humongous regions: 149->147
[2025-03-28T19:26:34.788+0530][gc,metaspace] GC(114) Metaspace: 49600K(50176K)->49600K(50176K) NonClass: 43983K(44288K)->43983K(44288K) Class: 5617K(5888K)->5617K(5888K)
[2025-03-28T19:26:34.788+0530][gc          ] GC(114) Pause Young (Normal) (G1 Evacuation Pause) 268M->220M(1024M) 6.344ms
[2025-03-28T19:26:34.788+0530][gc,cpu      ] GC(114) User=0.01s Sys=0.00s Real=0.01s
[2025-03-28T19:26:34.893+0530][gc,start    ] GC(115) Pause Young (Normal) (G1 Evacuation Pause)
[2025-03-28T19:26:34.893+0530][gc,task     ] GC(115) Using 2 workers of 2 for evacuation
[2025-03-28T19:26:34.899+0530][gc,phases   ] GC(115)   Pre Evacuate Collection Set: 0.2ms
[2025-03-28T19:26:34.899+0530][gc,phases   ] GC(115)   Merge Heap Roots: 0.1ms
[2025-03-28T19:26:34.899+0530][gc,phases   ] GC(115)   Evacuate Collection Set: 4.5ms
[2025-03-28T19:26:34.899+0530][gc,phases   ] GC(115)   Post Evacuate Collection Set: 0.8ms
[2025-03-28T19:26:34.899+0530][gc,phases   ] GC(115)   Other: 0.2ms
[2025-03-28T19:26:34.899+0530][gc,heap     ] GC(115) Eden regions: 53->0(106)
[2025-03-28T19:26:34.899+0530][gc,heap     ] GC(115) Survivor regions: 5->2(8)
[2025-03-28T19:26:34.899+0530][gc,heap     ] GC(115) Old regions: 68->69
[2025-03-28T19:26:34.899+0530][gc,heap     ] GC(115) Archive regions: 2->2
[2025-03-28T19:26:34.899+0530][gc,heap     ] GC(115) Humongous regions: 149->149
[2025-03-28T19:26:34.899+0530][gc,metaspace] GC(115) Metaspace: 49600K(50176K)->49600K(50176K) NonClass: 43983K(44288K)->43983K(44288K) Class: 5617K(5888K)->5617K(5888K)
[2025-03-28T19:26:34.899+0530][gc          ] GC(115) Pause Young (Normal) (G1 Evacuation Pause) 275M->220M(1024M) 5.815ms
[2025-03-28T19:26:34.899+0530][gc,cpu      ] GC(115) User=0.01s Sys=0.00s Real=0.01s
[2025-03-28T19:26:38.653+0530][gc,start    ] GC(157) Pause Young (Normal) (G1 Evacuation Pause)
[2025-03-28T19:26:38.653+0530][gc,task     ] GC(157) Using 2 workers of 2 for evacuation
[2025-03-28T19:26:38.694+0530][gc,mmu      ] GC(157) MMU target violated: 21.0ms (20.0ms/21.0ms)
[2025-03-28T19:26:38.695+0530][gc,phases   ] GC(157)   Pre Evacuate Collection Set: 0.6ms
[2025-03-28T19:26:38.695+0530][gc,phases   ] GC(157)   Merge Heap Roots: 0.6ms
[2025-03-28T19:26:38.695+0530][gc,phases   ] GC(157)   Evacuate Collection Set: 29.9ms
[2025-03-28T19:26:38.695+0530][gc,phases   ] GC(157)   Post Evacuate Collection Set: 9.8ms
[2025-03-28T19:26:38.695+0530][gc,phases   ] GC(157)   Other: 0.6ms
[2025-03-28T19:26:38.695+0530][gc,heap     ] GC(157) Eden regions: 44->0(50)
[2025-03-28T19:26:38.695+0530][gc,heap     ] GC(157) Survivor regions: 7->1(7)
[2025-03-28T19:26:38.695+0530][gc,heap     ] GC(157) Old regions: 126->127
[2025-03-28T19:26:38.695+0530][gc,heap     ] GC(157) Archive regions: 2->2
[2025-03-28T19:26:38.695+0530][gc,heap     ] GC(157) Humongous regions: 140->138
[2025-03-28T19:26:38.695+0530][gc,metaspace] GC(157) Metaspace: 50108K(50752K)->50108K(50752K) NonClass: 44446K(44800K)->44446K(44800K) Class: 5662K(5952K)->5662K(5952K)
[2025-03-28T19:26:38.695+0530][gc          ] GC(157) Pause Young (Normal) (G1 Evacuation Pause) 317M->266M(1024M) 42.095ms
[2025-03-28T19:26:38.695+0530][gc,cpu      ] GC(157) User=0.06s Sys=0.00s Real=0.05s
[2025-03-28T19:26:41.690+0530][gc,start    ] GC(158) Pause Young (Normal) (G1 Evacuation Pause)
[2025-03-28T19:26:41.690+0530][gc,task     ] GC(158) Using 2 workers of 2 for evacuation
[2025-03-28T19:26:41.734+0530][gc,mmu      ] GC(158) MMU target violated: 21.0ms (20.0ms/21.0ms)
[2025-03-28T19:26:41.734+0530][gc,phases   ] GC(158)   Pre Evacuate Collection Set: 17.0ms
[2025-03-28T19:26:41.734+0530][gc,phases   ] GC(158)   Merge Heap Roots: 0.7ms
[2025-03-28T19:26:41.734+0530][gc,phases   ] GC(158)   Evacuate Collection Set: 25.4ms
[2025-03-28T19:26:41.734+0530][gc,phases   ] GC(158)   Post Evacuate Collection Set: 0.7ms
[2025-03-28T19:26:41.734+0530][gc,phases   ] GC(158)   Other: 0.3ms
[2025-03-28T19:26:41.734+0530][gc,heap     ] GC(158) Eden regions: 50->0(44)
[2025-03-28T19:26:41.734+0530][gc,heap     ] GC(158) Survivor regions: 1->7(7)
[2025-03-28T19:26:41.734+0530][gc,heap     ] GC(158) Old regions: 127->127
[2025-03-28T19:26:41.734+0530][gc,heap     ] GC(158) Archive regions: 2->2
[2025-03-28T19:26:41.734+0530][gc,heap     ] GC(158) Humongous regions: 138->138
[2025-03-28T19:26:41.734+0530][gc,metaspace] GC(158) Metaspace: 50124K(50816K)->50124K(50816K) NonClass: 44462K(44864K)->44462K(44864K) Class: 5662K(5952K)->5662K(5952K)
[2025-03-28T19:26:41.734+0530][gc          ] GC(158) Pause Young (Normal) (G1 Evacuation Pause) 316M->272M(1024M) 44.253ms
[2025-03-28T19:26:41.734+0530][gc,cpu      ] GC(158) User=0.01s Sys=0.01s Real=0.04s
[2025-03-28T19:26:41.844+0530][gc,start    ] GC(116) Pause Young (Normal) (G1 Evacuation Pause)
[2025-03-28T19:26:41.844+0530][gc,task     ] GC(116) Using 2 workers of 2 for evacuation
[2025-03-28T19:26:41.851+0530][gc,phases   ] GC(116)   Pre Evacuate Collection Set: 0.2ms
[2025-03-28T19:26:41.851+0530][gc,phases   ] GC(116)   Merge Heap Roots: 0.1ms
[2025-03-28T19:26:41.851+0530][gc,phases   ] GC(116)   Evacuate Collection Set: 5.8ms
[2025-03-28T19:26:41.851+0530][gc,phases   ] GC(116)   Post Evacuate Collection Set: 0.7ms
[2025-03-28T19:26:41.851+0530][gc,phases   ] GC(116)   Other: 0.2ms
[2025-03-28T19:26:41.851+0530][gc,heap     ] GC(116) Eden regions: 106->0(145)
[2025-03-28T19:26:41.851+0530][gc,heap     ] GC(116) Survivor regions: 2->3(14)
[2025-03-28T19:26:41.851+0530][gc,heap     ] GC(116) Old regions: 69->69
[2025-03-28T19:26:41.851+0530][gc,heap     ] GC(116) Archive regions: 2->2
[2025-03-28T19:26:41.851+0530][gc,heap     ] GC(116) Humongous regions: 151->149
[2025-03-28T19:26:41.851+0530][gc,metaspace] GC(116) Metaspace: 49604K(50176K)->49604K(50176K) NonClass: 43987K(44288K)->43987K(44288K) Class: 5617K(5888K)->5617K(5888K)
[2025-03-28T19:26:41.851+0530][gc          ] GC(116) Pause Young (Normal) (G1 Evacuation Pause) 328M->220M(1024M) 7.147ms
[2025-03-28T19:26:41.851+0530][gc,cpu      ] GC(116) User=0.01s Sys=0.00s Real=0.00s
[2025-03-28T19:26:41.918+0530][gc,start    ] GC(159) Pause Young (Normal) (G1 Evacuation Pause)
[2025-03-28T19:26:41.918+0530][gc,task     ] GC(159) Using 2 workers of 2 for evacuation
[2025-03-28T19:26:41.954+0530][gc,mmu      ] GC(159) MMU target violated: 21.0ms (20.0ms/21.0ms)
[2025-03-28T19:26:41.954+0530][gc,phases   ] GC(159)   Pre Evacuate Collection Set: 18.8ms
[2025-03-28T19:26:41.954+0530][gc,phases   ] GC(159)   Merge Heap Roots: 0.2ms
[2025-03-28T19:26:41.954+0530][gc,phases   ] GC(159)   Evacuate Collection Set: 15.5ms
[2025-03-28T19:26:41.954+0530][gc,phases   ] GC(159)   Post Evacuate Collection Set: 0.8ms
[2025-03-28T19:26:41.954+0530][gc,phases   ] GC(159)   Other: 0.3ms
[2025-03-28T19:26:41.954+0530][gc,heap     ] GC(159) Eden regions: 44->0(49)
[2025-03-28T19:26:41.954+0530][gc,heap     ] GC(159) Survivor regions: 7->2(7)
[2025-03-28T19:26:41.954+0530][gc,heap     ] GC(159) Old regions: 127->129
[2025-03-28T19:26:41.954+0530][gc,heap     ] GC(159) Archive regions: 2->2
[2025-03-28T19:26:41.954+0530][gc,heap     ] GC(159) Humongous regions: 140->140
[2025-03-28T19:26:41.954+0530][gc,metaspace] GC(159) Metaspace: 50124K(50816K)->50124K(50816K) NonClass: 44462K(44864K)->44462K(44864K) Class: 5662K(5952K)->5662K(5952K)
[2025-03-28T19:26:41.954+0530][gc          ] GC(159) Pause Young (Normal) (G1 Evacuation Pause) 318M->270M(1024M) 35.687ms
[2025-03-28T19:26:41.954+0530][gc,cpu      ] GC(159) User=0.02s Sys=0.00s Real=0.03s
[2025-03-28T19:26:43.764+0530][gc,start    ] GC(160) Pause Young (Normal) (G1 Evacuation Pause)
[2025-03-28T19:26:43.764+0530][gc,task     ] GC(160) Using 2 workers of 2 for evacuation
[2025-03-28T19:26:43.780+0530][gc,phases   ] GC(160)   Pre Evacuate Collection Set: 0.3ms
[2025-03-28T19:26:43.780+0530][gc,phases   ] GC(160)   Merge Heap Roots: 0.1ms
[2025-03-28T19:26:43.780+0530][gc,phases   ] GC(160)   Evacuate Collection Set: 14.4ms
[2025-03-28T19:26:43.780+0530][gc,phases   ] GC(160)   Post Evacuate Collection Set: 0.6ms
[2025-03-28T19:26:43.780+0530][gc,phases   ] GC(160)   Other: 0.2ms
[2025-03-28T19:26:43.780+0530][gc,heap     ] GC(160) Eden regions: 49->0(44)
[2025-03-28T19:26:43.780+0530][gc,heap     ] GC(160) Survivor regions: 2->7(7)
[2025-03-28T19:26:43.780+0530][gc,heap     ] GC(160) Old regions: 129->129
[2025-03-28T19:26:43.780+0530][gc,heap     ] GC(160) Archive regions: 2->2
[2025-03-28T19:26:43.780+0530][gc,heap     ] GC(160) Humongous regions: 140->138
[2025-03-28T19:26:43.780+0530][gc,metaspace] GC(160) Metaspace: 50128K(50816K)->50128K(50816K) NonClass: 44466K(44864K)->44466K(44864K) Class: 5662K(5952K)->5662K(5952K)
[2025-03-28T19:26:43.780+0530][gc          ] GC(160) Pause Young (Normal) (G1 Evacuation Pause) 319M->273M(1024M) 15.826ms
[2025-03-28T19:26:43.780+0530][gc,cpu      ] GC(160) User=0.02s Sys=0.00s Real=0.02s
[2025-03-28T19:26:43.918+0530][gc,start    ] GC(161) Pause Young (Normal) (G1 Evacuation Pause)
[2025-03-28T19:26:43.918+0530][gc,task     ] GC(161) Using 2 workers of 2 for evacuation
[2025-03-28T19:26:43.932+0530][gc,phases   ] GC(161)   Pre Evacuate Collection Set: 1.3ms
[2025-03-28T19:26:43.932+0530][gc,phases   ] GC(161)   Merge Heap Roots: 0.5ms
[2025-03-28T19:26:43.932+0530][gc,phases   ] GC(161)   Evacuate Collection Set: 11.5ms
[2025-03-28T19:26:43.932+0530][gc,phases   ] GC(161)   Post Evacuate Collection Set: 1.0ms
[2025-03-28T19:26:43.932+0530][gc,phases   ] GC(161)   Other: 0.3ms
[2025-03-28T19:26:43.932+0530][gc,heap     ] GC(161) Eden regions: 44->0(49)
[2025-03-28T19:26:43.932+0530][gc,heap     ] GC(161) Survivor regions: 7->2(7)
[2025-03-28T19:26:43.932+0530][gc,heap     ] GC(161) Old regions: 129->130
[2025-03-28T19:26:43.932+0530][gc,heap     ] GC(161) Archive regions: 2->2
[2025-03-28T19:26:43.932+0530][gc,heap     ] GC(161) Humongous regions: 140->140
[2025-03-28T19:26:43.932+0530][gc,metaspace] GC(161) Metaspace: 50128K(50816K)->50128K(50816K) NonClass: 44466K(44864K)->44466K(44864K) Class: 5662K(5952K)->5662K(5952K)
[2025-03-28T19:26:43.932+0530][gc          ] GC(161) Pause Young (Normal) (G1 Evacuation Pause) 319M->272M(1024M) 14.927ms
[2025-03-28T19:26:43.932+0530][gc,cpu      ] GC(161) User=0.02s Sys=0.00s Real=0.01s
[2025-03-28T19:26:51.681+0530][gc,start    ] GC(162) Pause Young (Normal) (G1 Evacuation Pause)
[2025-03-28T19:26:51.681+0530][gc,task     ] GC(162) Using 2 workers of 2 for evacuation
[2025-03-28T19:26:51.709+0530][gc,start    ] GC(117) Pause Young (Normal) (G1 Evacuation Pause)
[2025-03-28T19:26:51.709+0530][gc,task     ] GC(117) Using 2 workers of 2 for evacuation
[2025-03-28T19:26:51.716+0530][gc,phases   ] GC(117)   Pre Evacuate Collection Set: 0.2ms
[2025-03-28T19:26:51.716+0530][gc,phases   ] GC(117)   Merge Heap Roots: 0.1ms
[2025-03-28T19:26:51.716+0530][gc,phases   ] GC(117)   Evacuate Collection Set: 5.8ms
[2025-03-28T19:26:51.716+0530][gc,phases   ] GC(117)   Post Evacuate Collection Set: 0.6ms
[2025-03-28T19:26:51.716+0530][gc,phases   ] GC(117)   Other: 0.2ms
[2025-03-28T19:26:51.716+0530][gc,heap     ] GC(117) Eden regions: 145->0(176)
[2025-03-28T19:26:51.716+0530][gc,heap     ] GC(117) Survivor regions: 3->6(19)
[2025-03-28T19:26:51.716+0530][gc,heap     ] GC(117) Old regions: 69->69
[2025-03-28T19:26:51.716+0530][gc,heap     ] GC(117) Archive regions: 2->2
[2025-03-28T19:26:51.716+0530][gc,heap     ] GC(117) Humongous regions: 151->147
[2025-03-28T19:26:51.716+0530][gc,metaspace] GC(117) Metaspace: 49620K(50176K)->49620K(50176K) NonClass: 44002K(44288K)->44002K(44288K) Class: 5617K(5888K)->5617K(5888K)
[2025-03-28T19:26:51.716+0530][gc          ] GC(117) Pause Young (Normal) (G1 Evacuation Pause) 367M->222M(1024M) 6.928ms
[2025-03-28T19:26:51.716+0530][gc,cpu      ] GC(117) User=0.01s Sys=0.00s Real=0.00s
[2025-03-28T19:26:51.723+0530][gc,mmu      ] GC(162) MMU target violated: 21.0ms (20.0ms/21.0ms)
[2025-03-28T19:26:51.723+0530][gc,phases   ] GC(162)   Pre Evacuate Collection Set: 1.1ms
[2025-03-28T19:26:51.723+0530][gc,phases   ] GC(162)   Merge Heap Roots: 0.3ms
[2025-03-28T19:26:51.723+0530][gc,phases   ] GC(162)   Evacuate Collection Set: 38.8ms
[2025-03-28T19:26:51.723+0530][gc,phases   ] GC(162)   Post Evacuate Collection Set: 2.2ms
[2025-03-28T19:26:51.723+0530][gc,phases   ] GC(162)   Other: 0.2ms
[2025-03-28T19:26:51.723+0530][gc,heap     ] GC(162) Eden regions: 49->0(45)
[2025-03-28T19:26:51.723+0530][gc,heap     ] GC(162) Survivor regions: 2->6(7)
[2025-03-28T19:26:51.723+0530][gc,heap     ] GC(162) Old regions: 130->130
[2025-03-28T19:26:51.723+0530][gc,heap     ] GC(162) Archive regions: 2->2
[2025-03-28T19:26:51.723+0530][gc,heap     ] GC(162) Humongous regions: 140->138
[2025-03-28T19:26:51.723+0530][gc,metaspace] GC(162) Metaspace: 50169K(50816K)->50169K(50816K) NonClass: 44507K(44864K)->44507K(44864K) Class: 5662K(5952K)->5662K(5952K)
[2025-03-28T19:26:51.723+0530][gc          ] GC(162) Pause Young (Normal) (G1 Evacuation Pause) 321M->273M(1024M) 42.671ms
[2025-03-28T19:26:51.723+0530][gc,cpu      ] GC(162) User=0.03s Sys=0.00s Real=0.05s
[2025-03-28T19:26:51.867+0530][gc,start    ] GC(163) Pause Young (Normal) (G1 Evacuation Pause)
[2025-03-28T19:26:51.867+0530][gc,task     ] GC(163) Using 2 workers of 2 for evacuation
[2025-03-28T19:26:51.879+0530][gc,phases   ] GC(163)   Pre Evacuate Collection Set: 0.3ms
[2025-03-28T19:26:51.880+0530][gc,phases   ] GC(163)   Merge Heap Roots: 0.1ms
[2025-03-28T19:26:51.880+0530][gc,phases   ] GC(163)   Evacuate Collection Set: 11.3ms
[2025-03-28T19:26:51.880+0530][gc,phases   ] GC(163)   Post Evacuate Collection Set: 0.5ms
[2025-03-28T19:26:51.880+0530][gc,phases   ] GC(163)   Other: 0.2ms
[2025-03-28T19:26:51.880+0530][gc,heap     ] GC(163) Eden regions: 45->0(49)
[2025-03-28T19:26:51.880+0530][gc,heap     ] GC(163) Survivor regions: 6->2(7)
[2025-03-28T19:26:51.880+0530][gc,heap     ] GC(163) Old regions: 130->131
[2025-03-28T19:26:51.880+0530][gc,heap     ] GC(163) Archive regions: 2->2
[2025-03-28T19:26:51.880+0530][gc,heap     ] GC(163) Humongous regions: 140->140
[2025-03-28T19:26:51.880+0530][gc,metaspace] GC(163) Metaspace: 50171K(50816K)->50171K(50816K) NonClass: 44509K(44864K)->44509K(44864K) Class: 5662K(5952K)->5662K(5952K)
[2025-03-28T19:26:51.880+0530][gc          ] GC(163) Pause Young (Normal) (G1 Evacuation Pause) 320M->272M(1024M) 12.425ms
[2025-03-28T19:26:51.880+0530][gc,cpu      ] GC(163) User=0.01s Sys=0.00s Real=0.02s
[2025-03-28T19:26:53.730+0530][gc,start    ] GC(164) Pause Young (Normal) (G1 Evacuation Pause)
[2025-03-28T19:26:53.730+0530][gc,task     ] GC(164) Using 2 workers of 2 for evacuation
[2025-03-28T19:26:53.744+0530][gc,phases   ] GC(164)   Pre Evacuate Collection Set: 0.3ms
[2025-03-28T19:26:53.744+0530][gc,phases   ] GC(164)   Merge Heap Roots: 0.1ms
[2025-03-28T19:26:53.744+0530][gc,phases   ] GC(164)   Evacuate Collection Set: 12.8ms
[2025-03-28T19:26:53.744+0530][gc,phases   ] GC(164)   Post Evacuate Collection Set: 0.9ms
[2025-03-28T19:26:53.744+0530][gc,phases   ] GC(164)   Other: 0.2ms
[2025-03-28T19:26:53.744+0530][gc,heap     ] GC(164) Eden regions: 49->0(46)
[2025-03-28T19:26:53.744+0530][gc,heap     ] GC(164) Survivor regions: 2->5(7)
[2025-03-28T19:26:53.744+0530][gc,heap     ] GC(164) Old regions: 131->131
[2025-03-28T19:26:53.744+0530][gc,heap     ] GC(164) Archive regions: 2->2
[2025-03-28T19:26:53.744+0530][gc,heap     ] GC(164) Humongous regions: 140->138
[2025-03-28T19:26:53.744+0530][gc,metaspace] GC(164) Metaspace: 50172K(50816K)->50172K(50816K) NonClass: 44510K(44864K)->44510K(44864K) Class: 5662K(5952K)->5662K(5952K)
[2025-03-28T19:26:53.744+0530][gc          ] GC(164) Pause Young (Normal) (G1 Evacuation Pause) 321M->274M(1024M) 14.592ms
[2025-03-28T19:26:53.744+0530][gc,cpu      ] GC(164) User=0.01s Sys=0.00s Real=0.01s
[2025-03-28T19:26:53.863+0530][gc,start    ] GC(165) Pause Young (Normal) (G1 Evacuation Pause)
[2025-03-28T19:26:53.863+0530][gc,task     ] GC(165) Using 2 workers of 2 for evacuation
[2025-03-28T19:26:53.868+0530][gc,phases   ] GC(165)   Pre Evacuate Collection Set: 0.2ms
[2025-03-28T19:26:53.868+0530][gc,phases   ] GC(165)   Merge Heap Roots: 0.1ms
[2025-03-28T19:26:53.868+0530][gc,phases   ] GC(165)   Evacuate Collection Set: 4.6ms
[2025-03-28T19:26:53.868+0530][gc,phases   ] GC(165)   Post Evacuate Collection Set: 0.5ms
[2025-03-28T19:26:53.868+0530][gc,phases   ] GC(165)   Other: 0.1ms
[2025-03-28T19:26:53.868+0530][gc,heap     ] GC(165) Eden regions: 46->0(89)
[2025-03-28T19:26:53.868+0530][gc,heap     ] GC(165) Survivor regions: 5->2(7)
[2025-03-28T19:26:53.868+0530][gc,heap     ] GC(165) Old regions: 131->132
[2025-03-28T19:26:53.868+0530][gc,heap     ] GC(165) Archive regions: 2->2
[2025-03-28T19:26:53.868+0530][gc,heap     ] GC(165) Humongous regions: 140->140
[2025-03-28T19:26:53.868+0530][gc,metaspace] GC(165) Metaspace: 50172K(50816K)->50172K(50816K) NonClass: 44510K(44864K)->44510K(44864K) Class: 5662K(5952K)->5662K(5952K)
[2025-03-28T19:26:53.869+0530][gc          ] GC(165) Pause Young (Normal) (G1 Evacuation Pause) 322M->274M(1024M) 5.593ms
[2025-03-28T19:26:53.869+0530][gc,cpu      ] GC(165) User=0.01s Sys=0.00s Real=0.01s
[2025-03-28T19:27:00.796+0530][gc,start    ] GC(118) Pause Young (Normal) (G1 Evacuation Pause)
[2025-03-28T19:27:00.796+0530][gc,task     ] GC(118) Using 2 workers of 2 for evacuation
[2025-03-28T19:27:00.826+0530][gc,mmu      ] GC(118) MMU target violated: 21.0ms (20.0ms/21.0ms)
[2025-03-28T19:27:00.826+0530][gc,phases   ] GC(118)   Pre Evacuate Collection Set: 0.2ms
[2025-03-28T19:27:00.826+0530][gc,phases   ] GC(118)   Merge Heap Roots: 0.2ms
[2025-03-28T19:27:00.826+0530][gc,phases   ] GC(118)   Evacuate Collection Set: 28.6ms
[2025-03-28T19:27:00.826+0530][gc,phases   ] GC(118)   Post Evacuate Collection Set: 0.8ms
[2025-03-28T19:27:00.826+0530][gc,phases   ] GC(118)   Other: 0.3ms
[2025-03-28T19:27:00.826+0530][gc,heap     ] GC(118) Eden regions: 176->0(321)
[2025-03-28T19:27:00.826+0530][gc,heap     ] GC(118) Survivor regions: 6->3(23)
[2025-03-28T19:27:00.826+0530][gc,heap     ] GC(118) Old regions: 69->69
[2025-03-28T19:27:00.826+0530][gc,heap     ] GC(118) Archive regions: 2->2
[2025-03-28T19:27:00.826+0530][gc,heap     ] GC(118) Humongous regions: 151->147
[2025-03-28T19:27:00.826+0530][gc,metaspace] GC(118) Metaspace: 49649K(50240K)->49649K(50240K) NonClass: 44031K(44352K)->44031K(44352K) Class: 5617K(5888K)->5617K(5888K)
[2025-03-28T19:27:00.826+0530][gc          ] GC(118) Pause Young (Normal) (G1 Evacuation Pause) 402M->219M(1024M) 30.283ms
[2025-03-28T19:27:00.826+0530][gc,cpu      ] GC(118) User=0.01s Sys=0.00s Real=0.03s
[2025-03-28T19:27:01.207+0530][gc,start    ] GC(166) Pause Young (Normal) (G1 Evacuation Pause)
[2025-03-28T19:27:01.207+0530][gc,task     ] GC(166) Using 2 workers of 2 for evacuation
[2025-03-28T19:27:01.223+0530][gc,phases   ] GC(166)   Pre Evacuate Collection Set: 0.3ms
[2025-03-28T19:27:01.223+0530][gc,phases   ] GC(166)   Merge Heap Roots: 0.2ms
[2025-03-28T19:27:01.223+0530][gc,phases   ] GC(166)   Evacuate Collection Set: 13.7ms
[2025-03-28T19:27:01.223+0530][gc,phases   ] GC(166)   Post Evacuate Collection Set: 1.5ms
[2025-03-28T19:27:01.223+0530][gc,phases   ] GC(166)   Other: 0.2ms
[2025-03-28T19:27:01.223+0530][gc,heap     ] GC(166) Eden regions: 89->0(125)
[2025-03-28T19:27:01.223+0530][gc,heap     ] GC(166) Survivor regions: 2->3(12)
[2025-03-28T19:27:01.223+0530][gc,heap     ] GC(166) Old regions: 132->132
[2025-03-28T19:27:01.223+0530][gc,heap     ] GC(166) Archive regions: 2->2
[2025-03-28T19:27:01.223+0530][gc,heap     ] GC(166) Humongous regions: 142->140
[2025-03-28T19:27:01.223+0530][gc,metaspace] GC(166) Metaspace: 50198K(50880K)->50198K(50880K) NonClass: 44536K(44928K)->44536K(44928K) Class: 5662K(5952K)->5662K(5952K)
[2025-03-28T19:27:01.223+0530][gc          ] GC(166) Pause Young (Normal) (G1 Evacuation Pause) 365M->275M(1024M) 16.027ms
[2025-03-28T19:27:01.223+0530][gc,cpu      ] GC(166) User=0.01s Sys=0.01s Real=0.01s
[2025-03-28T19:27:03.781+0530][gc,start    ] GC(167) Pause Young (Normal) (G1 Evacuation Pause)
[2025-03-28T19:27:03.781+0530][gc,task     ] GC(167) Using 2 workers of 2 for evacuation
[2025-03-28T19:27:03.794+0530][gc,phases   ] GC(167)   Pre Evacuate Collection Set: 0.2ms
[2025-03-28T19:27:03.794+0530][gc,phases   ] GC(167)   Merge Heap Roots: 0.1ms
[2025-03-28T19:27:03.794+0530][gc,phases   ] GC(167)   Evacuate Collection Set: 5.8ms
[2025-03-28T19:27:03.794+0530][gc,phases   ] GC(167)   Post Evacuate Collection Set: 6.4ms
[2025-03-28T19:27:03.794+0530][gc,phases   ] GC(167)   Other: 0.2ms
[2025-03-28T19:27:03.794+0530][gc,heap     ] GC(167) Eden regions: 125->0(156)
[2025-03-28T19:27:03.794+0530][gc,heap     ] GC(167) Survivor regions: 3->3(16)
[2025-03-28T19:27:03.794+0530][gc,heap     ] GC(167) Old regions: 132->132
[2025-03-28T19:27:03.794+0530][gc,heap     ] GC(167) Archive regions: 2->2
[2025-03-28T19:27:03.794+0530][gc,heap     ] GC(167) Humongous regions: 142->140
[2025-03-28T19:27:03.794+0530][gc,metaspace] GC(167) Metaspace: 50200K(50880K)->50200K(50880K) NonClass: 44538K(44928K)->44538K(44928K) Class: 5662K(5952K)->5662K(5952K)
[2025-03-28T19:27:03.794+0530][gc          ] GC(167) Pause Young (Normal) (G1 Evacuation Pause) 402M->275M(1024M) 12.825ms
[2025-03-28T19:27:03.794+0530][gc,cpu      ] GC(167) User=0.01s Sys=0.00s Real=0.01s
[2025-03-28T19:27:13.679+0530][gc,start    ] GC(168) Pause Young (Normal) (G1 Evacuation Pause)
[2025-03-28T19:27:13.679+0530][gc,task     ] GC(168) Using 2 workers of 2 for evacuation
[2025-03-28T19:27:13.724+0530][gc,mmu      ] GC(168) MMU target violated: 21.0ms (20.0ms/21.0ms)
[2025-03-28T19:27:13.724+0530][gc,phases   ] GC(168)   Pre Evacuate Collection Set: 0.5ms
[2025-03-28T19:27:13.724+0530][gc,phases   ] GC(168)   Merge Heap Roots: 0.8ms
[2025-03-28T19:27:13.724+0530][gc,phases   ] GC(168)   Evacuate Collection Set: 41.4ms
[2025-03-28T19:27:13.724+0530][gc,phases   ] GC(168)   Post Evacuate Collection Set: 1.6ms
[2025-03-28T19:27:13.724+0530][gc,phases   ] GC(168)   Other: 0.8ms
[2025-03-28T19:27:13.724+0530][gc,heap     ] GC(168) Eden regions: 131->0(47)
[2025-03-28T19:27:13.724+0530][gc,heap     ] GC(168) Survivor regions: 3->4(17)
[2025-03-28T19:27:13.724+0530][gc,heap     ] GC(168) Old regions: 132->132
[2025-03-28T19:27:13.724+0530][gc,heap     ] GC(168) Archive regions: 2->2
[2025-03-28T19:27:13.724+0530][gc,heap     ] GC(168) Humongous regions: 142->138
[2025-03-28T19:27:13.725+0530][gc,metaspace] GC(168) Metaspace: 50230K(50880K)->50230K(50880K) NonClass: 44568K(44928K)->44568K(44928K) Class: 5662K(5952K)->5662K(5952K)
[2025-03-28T19:27:13.725+0530][gc          ] GC(168) Pause Young (Normal) (G1 Evacuation Pause) 408M->274M(1024M) 45.367ms
[2025-03-28T19:27:13.725+0530][gc,cpu      ] GC(168) User=0.05s Sys=0.01s Real=0.05s
[2025-03-28T19:27:14.148+0530][gc,start    ] GC(169) Pause Young (Normal) (G1 Evacuation Pause)
[2025-03-28T19:27:14.148+0530][gc,task     ] GC(169) Using 2 workers of 2 for evacuation
[2025-03-28T19:27:14.181+0530][gc,mmu      ] GC(169) MMU target violated: 21.0ms (20.0ms/21.0ms)
[2025-03-28T19:27:14.181+0530][gc,phases   ] GC(169)   Pre Evacuate Collection Set: 0.7ms
[2025-03-28T19:27:14.181+0530][gc,phases   ] GC(169)   Merge Heap Roots: 0.6ms
[2025-03-28T19:27:14.181+0530][gc,phases   ] GC(169)   Evacuate Collection Set: 27.4ms
[2025-03-28T19:27:14.181+0530][gc,phases   ] GC(169)   Post Evacuate Collection Set: 1.4ms
[2025-03-28T19:27:14.181+0530][gc,phases   ] GC(169)   Other: 2.6ms
[2025-03-28T19:27:14.181+0530][gc,heap     ] GC(169) Eden regions: 47->0(48)
[2025-03-28T19:27:14.181+0530][gc,heap     ] GC(169) Survivor regions: 4->3(7)
[2025-03-28T19:27:14.181+0530][gc,heap     ] GC(169) Old regions: 132->132
[2025-03-28T19:27:14.181+0530][gc,heap     ] GC(169) Archive regions: 2->2
[2025-03-28T19:27:14.181+0530][gc,heap     ] GC(169) Humongous regions: 140->140
[2025-03-28T19:27:14.181+0530][gc,metaspace] GC(169) Metaspace: 50230K(50880K)->50230K(50880K) NonClass: 44568K(44928K)->44568K(44928K) Class: 5662K(5952K)->5662K(5952K)
[2025-03-28T19:27:14.181+0530][gc          ] GC(169) Pause Young (Normal) (G1 Evacuation Pause) 323M->275M(1024M) 32.851ms
[2025-03-28T19:27:14.181+0530][gc,cpu      ] GC(169) User=0.05s Sys=0.01s Real=0.03s
[2025-03-28T19:27:14.844+0530][gc,start    ] GC(119) Pause Young (Normal) (G1 Evacuation Pause)
[2025-03-28T19:27:14.844+0530][gc,task     ] GC(119) Using 2 workers of 2 for evacuation
[2025-03-28T19:27:14.871+0530][gc,mmu      ] GC(119) MMU target violated: 21.0ms (20.0ms/21.0ms)
[2025-03-28T19:27:14.872+0530][gc,phases   ] GC(119)   Pre Evacuate Collection Set: 1.3ms
[2025-03-28T19:27:14.872+0530][gc,phases   ] GC(119)   Merge Heap Roots: 0.3ms
[2025-03-28T19:27:14.872+0530][gc,phases   ] GC(119)   Evacuate Collection Set: 23.5ms
[2025-03-28T19:27:14.872+0530][gc,phases   ] GC(119)   Post Evacuate Collection Set: 1.8ms
[2025-03-28T19:27:14.872+0530][gc,phases   ] GC(119)   Other: 0.5ms
[2025-03-28T19:27:14.872+0530][gc,heap     ] GC(119) Eden regions: 321->0(130)
[2025-03-28T19:27:14.872+0530][gc,heap     ] GC(119) Survivor regions: 3->7(41)
[2025-03-28T19:27:14.872+0530][gc,heap     ] GC(119) Old regions: 69->69
[2025-03-28T19:27:14.872+0530][gc,heap     ] GC(119) Archive regions: 2->2
[2025-03-28T19:27:14.872+0530][gc,heap     ] GC(119) Humongous regions: 153->147
[2025-03-28T19:27:14.872+0530][gc,metaspace] GC(119) Metaspace: 49657K(50240K)->49657K(50240K) NonClass: 44040K(44352K)->44040K(44352K) Class: 5617K(5888K)->5617K(5888K)
[2025-03-28T19:27:14.872+0530][gc          ] GC(119) Pause Young (Normal) (G1 Evacuation Pause) 546M->222M(1024M) 27.932ms
[2025-03-28T19:27:14.872+0530][gc,cpu      ] GC(119) User=0.04s Sys=0.01s Real=0.03s
[2025-03-28T19:27:21.579+0530][gc,start    ] GC(170) Pause Young (Normal) (G1 Evacuation Pause)
[2025-03-28T19:27:21.579+0530][gc,task     ] GC(170) Using 2 workers of 2 for evacuation
[2025-03-28T19:27:21.648+0530][gc,mmu      ] GC(170) MMU target violated: 21.0ms (20.0ms/21.0ms)
[2025-03-28T19:27:21.648+0530][gc,phases   ] GC(170)   Pre Evacuate Collection Set: 1.5ms
[2025-03-28T19:27:21.648+0530][gc,phases   ] GC(170)   Merge Heap Roots: 0.7ms
[2025-03-28T19:27:21.648+0530][gc,phases   ] GC(170)   Evacuate Collection Set: 62.5ms
[2025-03-28T19:27:21.648+0530][gc,phases   ] GC(170)   Post Evacuate Collection Set: 3.3ms
[2025-03-28T19:27:21.648+0530][gc,phases   ] GC(170)   Other: 0.7ms
[2025-03-28T19:27:21.648+0530][gc,heap     ] GC(170) Eden regions: 48->0(48)
[2025-03-28T19:27:21.648+0530][gc,heap     ] GC(170) Survivor regions: 3->3(7)
[2025-03-28T19:27:21.648+0530][gc,heap     ] GC(170) Old regions: 132->132
[2025-03-28T19:27:21.648+0530][gc,heap     ] GC(170) Archive regions: 2->2
[2025-03-28T19:27:21.648+0530][gc,heap     ] GC(170) Humongous regions: 140->138
[2025-03-28T19:27:21.648+0530][gc,metaspace] GC(170) Metaspace: 50235K(50880K)->50235K(50880K) NonClass: 44573K(44928K)->44573K(44928K) Class: 5662K(5952K)->5662K(5952K)
[2025-03-28T19:27:21.649+0530][gc          ] GC(170) Pause Young (Normal) (G1 Evacuation Pause) 323M->273M(1024M) 69.413ms
[2025-03-28T19:27:21.649+0530][gc,cpu      ] GC(170) User=0.05s Sys=0.01s Real=0.08s
[2025-03-28T19:27:23.293+0530][gc,start    ] GC(171) Pause Young (Normal) (G1 Evacuation Pause)
[2025-03-28T19:27:23.293+0530][gc,task     ] GC(171) Using 2 workers of 2 for evacuation
[2025-03-28T19:27:23.422+0530][gc,mmu      ] GC(171) MMU target violated: 21.0ms (20.0ms/21.0ms)
[2025-03-28T19:27:23.422+0530][gc,phases   ] GC(171)   Pre Evacuate Collection Set: 0.8ms
[2025-03-28T19:27:23.422+0530][gc,phases   ] GC(171)   Merge Heap Roots: 0.4ms
[2025-03-28T19:27:23.422+0530][gc,phases   ] GC(171)   Evacuate Collection Set: 117.4ms
[2025-03-28T19:27:23.422+0530][gc,phases   ] GC(171)   Post Evacuate Collection Set: 9.3ms
[2025-03-28T19:27:23.422+0530][gc,phases   ] GC(171)   Other: 1.3ms
[2025-03-28T19:27:23.422+0530][gc,heap     ] GC(171) Eden regions: 48->0(48)
[2025-03-28T19:27:23.422+0530][gc,heap     ] GC(171) Survivor regions: 3->3(7)
[2025-03-28T19:27:23.422+0530][gc,heap     ] GC(171) Old regions: 132->132
[2025-03-28T19:27:23.422+0530][gc,heap     ] GC(171) Archive regions: 2->2
[2025-03-28T19:27:23.423+0530][gc,heap     ] GC(171) Humongous regions: 140->140
[2025-03-28T19:27:23.423+0530][gc,metaspace] GC(171) Metaspace: 50235K(50880K)->50235K(50880K) NonClass: 44573K(44928K)->44573K(44928K) Class: 5662K(5952K)->5662K(5952K)
[2025-03-28T19:27:23.423+0530][gc          ] GC(171) Pause Young (Normal) (G1 Evacuation Pause) 323M->275M(1024M) 129.681ms
[2025-03-28T19:27:23.423+0530][gc,cpu      ] GC(171) User=0.05s Sys=0.01s Real=0.13s
[2025-03-28T19:27:23.995+0530][gc,start    ] GC(172) Pause Young (Normal) (G1 Evacuation Pause)
[2025-03-28T19:27:23.995+0530][gc,task     ] GC(172) Using 2 workers of 2 for evacuation
[2025-03-28T19:27:24.074+0530][gc,mmu      ] GC(172) MMU target violated: 21.0ms (20.0ms/21.0ms)
[2025-03-28T19:27:24.075+0530][gc,phases   ] GC(172)   Pre Evacuate Collection Set: 0.8ms
[2025-03-28T19:27:24.075+0530][gc,phases   ] GC(172)   Merge Heap Roots: 0.4ms
[2025-03-28T19:27:24.075+0530][gc,phases   ] GC(172)   Evacuate Collection Set: 62.8ms
[2025-03-28T19:27:24.075+0530][gc,phases   ] GC(172)   Post Evacuate Collection Set: 14.7ms
[2025-03-28T19:27:24.075+0530][gc,phases   ] GC(172)   Other: 1.2ms
[2025-03-28T19:27:24.075+0530][gc,heap     ] GC(172) Eden regions: 48->0(48)
[2025-03-28T19:27:24.075+0530][gc,heap     ] GC(172) Survivor regions: 3->3(7)
[2025-03-28T19:27:24.075+0530][gc,heap     ] GC(172) Old regions: 132->132
[2025-03-28T19:27:24.075+0530][gc,heap     ] GC(172) Archive regions: 2->2
[2025-03-28T19:27:24.075+0530][gc,heap     ] GC(172) Humongous regions: 140->138
[2025-03-28T19:27:24.075+0530][gc,metaspace] GC(172) Metaspace: 50242K(50880K)->50242K(50880K) NonClass: 44580K(44928K)->44580K(44928K) Class: 5662K(5952K)->5662K(5952K)
[2025-03-28T19:27:24.075+0530][gc          ] GC(172) Pause Young (Normal) (G1 Evacuation Pause) 323M->273M(1024M) 80.394ms
[2025-03-28T19:27:24.075+0530][gc,cpu      ] GC(172) User=0.04s Sys=0.01s Real=0.08s
[2025-03-28T19:27:24.687+0530][gc,start    ] GC(120) Pause Young (Normal) (G1 Evacuation Pause)
[2025-03-28T19:27:24.687+0530][gc,task     ] GC(120) Using 2 workers of 2 for evacuation
[2025-03-28T19:27:24.888+0530][gc,mmu      ] GC(120) MMU target violated: 21.0ms (20.0ms/21.0ms)
[2025-03-28T19:27:24.888+0530][gc,phases   ] GC(120)   Pre Evacuate Collection Set: 0.8ms
[2025-03-28T19:27:24.888+0530][gc,phases   ] GC(120)   Merge Heap Roots: 0.5ms
[2025-03-28T19:27:24.888+0530][gc,phases   ] GC(120)   Evacuate Collection Set: 196.0ms
[2025-03-28T19:27:24.888+0530][gc,phases   ] GC(120)   Post Evacuate Collection Set: 3.5ms
[2025-03-28T19:27:24.888+0530][gc,phases   ] GC(120)   Other: 0.7ms
[2025-03-28T19:27:24.888+0530][gc,heap     ] GC(120) Eden regions: 130->0(48)
[2025-03-28T19:27:24.888+0530][gc,heap     ] GC(120) Survivor regions: 7->3(18)
[2025-03-28T19:27:24.888+0530][gc,heap     ] GC(120) Old regions: 69->69
[2025-03-28T19:27:24.888+0530][gc,heap     ] GC(120) Archive regions: 2->2
[2025-03-28T19:27:24.888+0530][gc,heap     ] GC(120) Humongous regions: 151->149
[2025-03-28T19:27:24.888+0530][gc,metaspace] GC(120) Metaspace: 49676K(50240K)->49676K(50240K) NonClass: 44058K(44352K)->44058K(44352K) Class: 5617K(5888K)->5617K(5888K)
[2025-03-28T19:27:24.889+0530][gc          ] GC(120) Pause Young (Normal) (G1 Evacuation Pause) 356M->221M(1024M) 201.802ms
[2025-03-28T19:27:24.889+0530][gc,cpu      ] GC(120) User=0.11s Sys=0.00s Real=0.20s
[2025-03-28T19:27:25.298+0530][gc,start    ] GC(121) Pause Young (Normal) (G1 Evacuation Pause)
[2025-03-28T19:27:25.298+0530][gc,task     ] GC(121) Using 2 workers of 2 for evacuation
[2025-03-28T19:27:25.379+0530][gc,mmu      ] GC(121) MMU target violated: 21.0ms (20.0ms/21.0ms)
[2025-03-28T19:27:25.379+0530][gc,phases   ] GC(121)   Pre Evacuate Collection Set: 0.6ms
[2025-03-28T19:27:25.379+0530][gc,phases   ] GC(121)   Merge Heap Roots: 0.2ms
[2025-03-28T19:27:25.379+0530][gc,phases   ] GC(121)   Evacuate Collection Set: 78.8ms
[2025-03-28T19:27:25.379+0530][gc,phases   ] GC(121)   Post Evacuate Collection Set: 1.1ms
[2025-03-28T19:27:25.380+0530][gc,phases   ] GC(121)   Other: 0.6ms
[2025-03-28T19:27:25.380+0530][gc,heap     ] GC(121) Eden regions: 48->0(45)
[2025-03-28T19:27:25.380+0530][gc,heap     ] GC(121) Survivor regions: 3->6(7)
[2025-03-28T19:27:25.380+0530][gc,heap     ] GC(121) Old regions: 69->69
[2025-03-28T19:27:25.380+0530][gc,heap     ] GC(121) Archive regions: 2->2
[2025-03-28T19:27:25.380+0530][gc,heap     ] GC(121) Humongous regions: 149->149
[2025-03-28T19:27:25.380+0530][gc,metaspace] GC(121) Metaspace: 49676K(50240K)->49676K(50240K) NonClass: 44058K(44352K)->44058K(44352K) Class: 5617K(5888K)->5617K(5888K)
[2025-03-28T19:27:25.380+0530][gc          ] GC(121) Pause Young (Normal) (G1 Evacuation Pause) 269M->224M(1024M) 81.630ms
[2025-03-28T19:27:25.380+0530][gc,cpu      ] GC(121) User=0.08s Sys=0.01s Real=0.09s
[2025-03-28T19:27:25.415+0530][gc,start    ] GC(173) Pause Young (Normal) (G1 Evacuation Pause)
[2025-03-28T19:27:25.415+0530][gc,task     ] GC(173) Using 2 workers of 2 for evacuation
[2025-03-28T19:27:25.611+0530][gc,mmu      ] GC(173) MMU target violated: 21.0ms (20.0ms/21.0ms)
[2025-03-28T19:27:25.611+0530][gc,phases   ] GC(173)   Pre Evacuate Collection Set: 17.7ms
[2025-03-28T19:27:25.611+0530][gc,phases   ] GC(173)   Merge Heap Roots: 0.6ms
[2025-03-28T19:27:25.611+0530][gc,phases   ] GC(173)   Evacuate Collection Set: 162.9ms
[2025-03-28T19:27:25.612+0530][gc,phases   ] GC(173)   Post Evacuate Collection Set: 13.8ms
[2025-03-28T19:27:25.612+0530][gc,phases   ] GC(173)   Other: 1.3ms
[2025-03-28T19:27:25.612+0530][gc,heap     ] GC(173) Eden regions: 48->0(48)
[2025-03-28T19:27:25.612+0530][gc,heap     ] GC(173) Survivor regions: 3->3(7)
[2025-03-28T19:27:25.612+0530][gc,heap     ] GC(173) Old regions: 132->132
[2025-03-28T19:27:25.612+0530][gc,heap     ] GC(173) Archive regions: 2->2
[2025-03-28T19:27:25.612+0530][gc,heap     ] GC(173) Humongous regions: 140->140
[2025-03-28T19:27:25.612+0530][gc,metaspace] GC(173) Metaspace: 50242K(50880K)->50242K(50880K) NonClass: 44580K(44928K)->44580K(44928K) Class: 5662K(5952K)->5662K(5952K)
[2025-03-28T19:27:25.612+0530][gc          ] GC(173) Pause Young (Normal) (G1 Evacuation Pause) 323M->275M(1024M) 196.798ms
[2025-03-28T19:27:25.612+0530][gc,cpu      ] GC(173) User=0.04s Sys=0.00s Real=0.19s
[2025-03-28T19:27:26.453+0530][gc,start    ] GC(122) Pause Young (Normal) (G1 Evacuation Pause)
[2025-03-28T19:27:26.453+0530][gc,task     ] GC(122) Using 2 workers of 2 for evacuation
[2025-03-28T19:27:26.479+0530][gc,mmu      ] GC(122) MMU target violated: 21.0ms (20.0ms/21.0ms)
[2025-03-28T19:27:26.479+0530][gc,phases   ] GC(122)   Pre Evacuate Collection Set: 0.9ms
[2025-03-28T19:27:26.479+0530][gc,phases   ] GC(122)   Merge Heap Roots: 0.6ms
[2025-03-28T19:27:26.479+0530][gc,phases   ] GC(122)   Evacuate Collection Set: 19.1ms
[2025-03-28T19:27:26.479+0530][gc,phases   ] GC(122)   Post Evacuate Collection Set: 4.8ms
[2025-03-28T19:27:26.480+0530][gc,phases   ] GC(122)   Other: 1.2ms
[2025-03-28T19:27:26.481+0530][gc,heap     ] GC(122) Eden regions: 45->0(48)
[2025-03-28T19:27:26.481+0530][gc,heap     ] GC(122) Survivor regions: 6->3(7)
[2025-03-28T19:27:26.481+0530][gc,heap     ] GC(122) Old regions: 69->69
[2025-03-28T19:27:26.481+0530][gc,heap     ] GC(122) Archive regions: 2->2
[2025-03-28T19:27:26.481+0530][gc,heap     ] GC(122) Humongous regions: 151->149
[2025-03-28T19:27:26.481+0530][gc,metaspace] GC(122) Metaspace: 49680K(50240K)->49680K(50240K) NonClass: 44062K(44352K)->44062K(44352K) Class: 5617K(5888K)->5617K(5888K)
[2025-03-28T19:27:26.481+0530][gc          ] GC(122) Pause Young (Normal) (G1 Evacuation Pause) 271M->221M(1024M) 28.606ms
[2025-03-28T19:27:26.481+0530][gc,cpu      ] GC(122) User=0.03s Sys=0.02s Real=0.03s
[2025-03-28T19:27:31.415+0530][gc,start    ] GC(174) Pause Young (Normal) (G1 Evacuation Pause)
[2025-03-28T19:27:31.415+0530][gc,task     ] GC(174) Using 2 workers of 2 for evacuation
[2025-03-28T19:27:31.530+0530][gc,mmu      ] GC(174) MMU target violated: 21.0ms (20.0ms/21.0ms)
[2025-03-28T19:27:31.531+0530][gc,phases   ] GC(174)   Pre Evacuate Collection Set: 0.9ms
[2025-03-28T19:27:31.531+0530][gc,phases   ] GC(174)   Merge Heap Roots: 0.6ms
[2025-03-28T19:27:31.531+0530][gc,phases   ] GC(174)   Evacuate Collection Set: 110.0ms
[2025-03-28T19:27:31.531+0530][gc,phases   ] GC(174)   Post Evacuate Collection Set: 3.0ms
[2025-03-28T19:27:31.531+0530][gc,phases   ] GC(174)   Other: 1.1ms
[2025-03-28T19:27:31.531+0530][gc,heap     ] GC(174) Eden regions: 48->0(48)
[2025-03-28T19:27:31.531+0530][gc,heap     ] GC(174) Survivor regions: 3->3(7)
[2025-03-28T19:27:31.531+0530][gc,heap     ] GC(174) Old regions: 132->132
[2025-03-28T19:27:31.531+0530][gc,heap     ] GC(174) Archive regions: 2->2
[2025-03-28T19:27:31.531+0530][gc,heap     ] GC(174) Humongous regions: 140->138
[2025-03-28T19:27:31.531+0530][gc,metaspace] GC(174) Metaspace: 50251K(50880K)->50251K(50880K) NonClass: 44589K(44928K)->44589K(44928K) Class: 5662K(5952K)->5662K(5952K)
[2025-03-28T19:27:31.532+0530][gc          ] GC(174) Pause Young (Normal) (G1 Evacuation Pause) 323M->272M(1024M) 116.469ms
[2025-03-28T19:27:31.532+0530][gc,cpu      ] GC(174) User=0.04s Sys=0.01s Real=0.11s
[2025-03-28T19:27:31.570+0530][gc,start    ] GC(123) Pause Young (Normal) (G1 Evacuation Pause)
[2025-03-28T19:27:31.570+0530][gc,task     ] GC(123) Using 2 workers of 2 for evacuation
[2025-03-28T19:27:31.613+0530][gc,mmu      ] GC(123) MMU target violated: 21.0ms (20.0ms/21.0ms)
[2025-03-28T19:27:31.613+0530][gc,phases   ] GC(123)   Pre Evacuate Collection Set: 0.7ms
[2025-03-28T19:27:31.613+0530][gc,phases   ] GC(123)   Merge Heap Roots: 0.4ms
[2025-03-28T19:27:31.613+0530][gc,phases   ] GC(123)   Evacuate Collection Set: 37.1ms
[2025-03-28T19:27:31.613+0530][gc,phases   ] GC(123)   Post Evacuate Collection Set: 4.3ms
[2025-03-28T19:27:31.613+0530][gc,phases   ] GC(123)   Other: 0.7ms
[2025-03-28T19:27:31.613+0530][gc,heap     ] GC(123) Eden regions: 48->0(48)
[2025-03-28T19:27:31.613+0530][gc,heap     ] GC(123) Survivor regions: 3->3(7)
[2025-03-28T19:27:31.613+0530][gc,heap     ] GC(123) Old regions: 69->69
[2025-03-28T19:27:31.613+0530][gc,heap     ] GC(123) Archive regions: 2->2
[2025-03-28T19:27:31.613+0530][gc,heap     ] GC(123) Humongous regions: 149->147
[2025-03-28T19:27:31.613+0530][gc,metaspace] GC(123) Metaspace: 49685K(50240K)->49685K(50240K) NonClass: 44068K(44352K)->44068K(44352K) Class: 5617K(5888K)->5617K(5888K)
[2025-03-28T19:27:31.614+0530][gc          ] GC(123) Pause Young (Normal) (G1 Evacuation Pause) 269M->218M(1024M) 43.697ms
[2025-03-28T19:27:31.614+0530][gc,cpu      ] GC(123) User=0.02s Sys=0.01s Real=0.05s
[2025-03-28T19:27:32.551+0530][gc,start    ] GC(175) Pause Young (Normal) (G1 Evacuation Pause)
[2025-03-28T19:27:32.551+0530][gc,task     ] GC(175) Using 2 workers of 2 for evacuation
[2025-03-28T19:27:32.723+0530][gc,mmu      ] GC(175) MMU target violated: 21.0ms (20.0ms/21.0ms)
[2025-03-28T19:27:32.723+0530][gc,phases   ] GC(175)   Pre Evacuate Collection Set: 0.5ms
[2025-03-28T19:27:32.723+0530][gc,phases   ] GC(175)   Merge Heap Roots: 0.3ms
[2025-03-28T19:27:32.723+0530][gc,phases   ] GC(175)   Evacuate Collection Set: 168.6ms
[2025-03-28T19:27:32.723+0530][gc,phases   ] GC(175)   Post Evacuate Collection Set: 2.3ms
[2025-03-28T19:27:32.724+0530][gc,phases   ] GC(175)   Other: 0.7ms
[2025-03-28T19:27:32.724+0530][gc,heap     ] GC(175) Eden regions: 48->0(44)
[2025-03-28T19:27:32.724+0530][gc,heap     ] GC(175) Survivor regions: 3->7(7)
[2025-03-28T19:27:32.724+0530][gc,heap     ] GC(175) Old regions: 132->133
[2025-03-28T19:27:32.724+0530][gc,heap     ] GC(175) Archive regions: 2->2
[2025-03-28T19:27:32.724+0530][gc,heap     ] GC(175) Humongous regions: 138->138
[2025-03-28T19:27:32.724+0530][gc,metaspace] GC(175) Metaspace: 50251K(50880K)->50251K(50880K) NonClass: 44589K(44928K)->44589K(44928K) Class: 5662K(5952K)->5662K(5952K)
[2025-03-28T19:27:32.724+0530][gc          ] GC(175) Pause Young (Normal) (G1 Evacuation Pause) 320M->278M(1024M) 172.873ms
[2025-03-28T19:27:32.724+0530][gc,cpu      ] GC(175) User=0.09s Sys=0.01s Real=0.18s
[2025-03-28T19:27:32.849+0530][gc,start    ] GC(124) Pause Young (Normal) (G1 Evacuation Pause)
[2025-03-28T19:27:32.849+0530][gc,task     ] GC(124) Using 2 workers of 2 for evacuation
[2025-03-28T19:27:32.924+0530][gc,mmu      ] GC(124) MMU target violated: 21.0ms (20.0ms/21.0ms)
[2025-03-28T19:27:32.925+0530][gc,phases   ] GC(124)   Pre Evacuate Collection Set: 0.7ms
[2025-03-28T19:27:32.925+0530][gc,phases   ] GC(124)   Merge Heap Roots: 0.2ms
[2025-03-28T19:27:32.925+0530][gc,phases   ] GC(124)   Evacuate Collection Set: 73.1ms
[2025-03-28T19:27:32.925+0530][gc,phases   ] GC(124)   Post Evacuate Collection Set: 1.5ms
[2025-03-28T19:27:32.925+0530][gc,phases   ] GC(124)   Other: 0.6ms
[2025-03-28T19:27:32.925+0530][gc,heap     ] GC(124) Eden regions: 48->0(48)
[2025-03-28T19:27:32.925+0530][gc,heap     ] GC(124) Survivor regions: 3->3(7)
[2025-03-28T19:27:32.925+0530][gc,heap     ] GC(124) Old regions: 69->69
[2025-03-28T19:27:32.925+0530][gc,heap     ] GC(124) Archive regions: 2->2
[2025-03-28T19:27:32.925+0530][gc,heap     ] GC(124) Humongous regions: 149->149
[2025-03-28T19:27:32.925+0530][gc,metaspace] GC(124) Metaspace: 49685K(50240K)->49685K(50240K) NonClass: 44068K(44352K)->44068K(44352K) Class: 5617K(5888K)->5617K(5888K)
[2025-03-28T19:27:32.925+0530][gc          ] GC(124) Pause Young (Normal) (G1 Evacuation Pause) 268M->220M(1024M) 76.353ms
[2025-03-28T19:27:32.925+0530][gc,cpu      ] GC(124) User=0.02s Sys=0.01s Real=0.08s
[2025-03-28T19:27:34.743+0530][gc,start    ] GC(125) Pause Young (Normal) (G1 Evacuation Pause)
[2025-03-28T19:27:34.743+0530][gc,task     ] GC(125) Using 2 workers of 2 for evacuation
[2025-03-28T19:27:34.771+0530][gc,mmu      ] GC(125) MMU target violated: 21.0ms (20.0ms/21.0ms)
[2025-03-28T19:27:34.771+0530][gc,phases   ] GC(125)   Pre Evacuate Collection Set: 0.6ms
[2025-03-28T19:27:34.771+0530][gc,phases   ] GC(125)   Merge Heap Roots: 0.3ms
[2025-03-28T19:27:34.771+0530][gc,phases   ] GC(125)   Evacuate Collection Set: 25.3ms
[2025-03-28T19:27:34.771+0530][gc,phases   ] GC(125)   Post Evacuate Collection Set: 1.8ms
[2025-03-28T19:27:34.772+0530][gc,phases   ] GC(125)   Other: 0.6ms
[2025-03-28T19:27:34.772+0530][gc,heap     ] GC(125) Eden regions: 48->0(48)
[2025-03-28T19:27:34.772+0530][gc,heap     ] GC(125) Survivor regions: 3->3(7)
[2025-03-28T19:27:34.772+0530][gc,heap     ] GC(125) Old regions: 69->69
[2025-03-28T19:27:34.772+0530][gc,heap     ] GC(125) Archive regions: 2->2
[2025-03-28T19:27:34.772+0530][gc,heap     ] GC(125) Humongous regions: 149->147
[2025-03-28T19:27:34.772+0530][gc,metaspace] GC(125) Metaspace: 49685K(50240K)->49685K(50240K) NonClass: 44068K(44352K)->44068K(44352K) Class: 5617K(5888K)->5617K(5888K)
[2025-03-28T19:27:34.772+0530][gc          ] GC(125) Pause Young (Normal) (G1 Evacuation Pause) 268M->218M(1024M) 28.910ms
[2025-03-28T19:27:34.772+0530][gc,cpu      ] GC(125) User=0.03s Sys=0.00s Real=0.02s
[2025-03-28T19:27:34.847+0530][gc,start    ] GC(176) Pause Young (Normal) (G1 Evacuation Pause)
[2025-03-28T19:27:34.847+0530][gc,task     ] GC(176) Using 2 workers of 2 for evacuation
[2025-03-28T19:27:34.905+0530][gc,mmu      ] GC(176) MMU target violated: 21.0ms (20.0ms/21.0ms)
[2025-03-28T19:27:34.905+0530][gc,phases   ] GC(176)   Pre Evacuate Collection Set: 0.9ms
[2025-03-28T19:27:34.905+0530][gc,phases   ] GC(176)   Merge Heap Roots: 3.8ms
[2025-03-28T19:27:34.905+0530][gc,phases   ] GC(176)   Evacuate Collection Set: 50.7ms
[2025-03-28T19:27:34.905+0530][gc,phases   ] GC(176)   Post Evacuate Collection Set: 2.6ms
[2025-03-28T19:27:34.905+0530][gc,phases   ] GC(176)   Other: 0.9ms
[2025-03-28T19:27:34.905+0530][gc,heap     ] GC(176) Eden regions: 44->0(50)
[2025-03-28T19:27:34.906+0530][gc,heap     ] GC(176) Survivor regions: 7->1(7)
[2025-03-28T19:27:34.906+0530][gc,heap     ] GC(176) Old regions: 133->135
[2025-03-28T19:27:34.906+0530][gc,heap     ] GC(176) Archive regions: 2->2
[2025-03-28T19:27:34.906+0530][gc,heap     ] GC(176) Humongous regions: 140->138
[2025-03-28T19:27:34.906+0530][gc,metaspace] GC(176) Metaspace: 50256K(50880K)->50256K(50880K) NonClass: 44594K(44928K)->44594K(44928K) Class: 5662K(5952K)->5662K(5952K)
[2025-03-28T19:27:34.906+0530][gc          ] GC(176) Pause Young (Normal) (G1 Evacuation Pause) 324M->274M(1024M) 59.177ms
[2025-03-28T19:27:34.906+0530][gc,cpu      ] GC(176) User=0.04s Sys=0.01s Real=0.06s
[2025-03-28T19:27:35.225+0530][gc,start    ] GC(177) Pause Young (Normal) (G1 Evacuation Pause)
[2025-03-28T19:27:35.225+0530][gc,task     ] GC(177) Using 2 workers of 2 for evacuation
[2025-03-28T19:27:35.275+0530][gc,mmu      ] GC(177) MMU target violated: 21.0ms (20.0ms/21.0ms)
[2025-03-28T19:27:35.275+0530][gc,phases   ] GC(177)   Pre Evacuate Collection Set: 0.6ms
[2025-03-28T19:27:35.275+0530][gc,phases   ] GC(177)   Merge Heap Roots: 0.4ms
[2025-03-28T19:27:35.276+0530][gc,phases   ] GC(177)   Evacuate Collection Set: 43.8ms
[2025-03-28T19:27:35.276+0530][gc,phases   ] GC(177)   Post Evacuate Collection Set: 5.0ms
[2025-03-28T19:27:35.276+0530][gc,phases   ] GC(177)   Other: 0.8ms
[2025-03-28T19:27:35.276+0530][gc,heap     ] GC(177) Eden regions: 50->0(44)
[2025-03-28T19:27:35.276+0530][gc,heap     ] GC(177) Survivor regions: 1->7(7)
[2025-03-28T19:27:35.276+0530][gc,heap     ] GC(177) Old regions: 135->135
[2025-03-28T19:27:35.276+0530][gc,heap     ] GC(177) Archive regions: 2->2
[2025-03-28T19:27:35.276+0530][gc,heap     ] GC(177) Humongous regions: 138->138
[2025-03-28T19:27:35.276+0530][gc,metaspace] GC(177) Metaspace: 50260K(50880K)->50260K(50880K) NonClass: 44598K(44928K)->44598K(44928K) Class: 5662K(5952K)->5662K(5952K)
[2025-03-28T19:27:35.276+0530][gc          ] GC(177) Pause Young (Normal) (G1 Evacuation Pause) 324M->280M(1024M) 51.188ms
[2025-03-28T19:27:35.276+0530][gc,cpu      ] GC(177) User=0.05s Sys=0.01s Real=0.05s
[2025-03-28T19:27:35.323+0530][gc,start    ] GC(126) Pause Young (Normal) (G1 Evacuation Pause)
[2025-03-28T19:27:35.323+0530][gc,task     ] GC(126) Using 2 workers of 2 for evacuation
[2025-03-28T19:27:35.342+0530][gc,phases   ] GC(126)   Pre Evacuate Collection Set: 0.6ms
[2025-03-28T19:27:35.342+0530][gc,phases   ] GC(126)   Merge Heap Roots: 0.3ms
[2025-03-28T19:27:35.342+0530][gc,phases   ] GC(126)   Evacuate Collection Set: 16.4ms
[2025-03-28T19:27:35.342+0530][gc,phases   ] GC(126)   Post Evacuate Collection Set: 1.1ms
[2025-03-28T19:27:35.342+0530][gc,phases   ] GC(126)   Other: 0.5ms
[2025-03-28T19:27:35.342+0530][gc,heap     ] GC(126) Eden regions: 48->0(48)
[2025-03-28T19:27:35.342+0530][gc,heap     ] GC(126) Survivor regions: 3->3(7)
[2025-03-28T19:27:35.342+0530][gc,heap     ] GC(126) Old regions: 69->69
[2025-03-28T19:27:35.342+0530][gc,heap     ] GC(126) Archive regions: 2->2
[2025-03-28T19:27:35.342+0530][gc,heap     ] GC(126) Humongous regions: 149->149
[2025-03-28T19:27:35.343+0530][gc,metaspace] GC(126) Metaspace: 49688K(50240K)->49688K(50240K) NonClass: 44071K(44352K)->44071K(44352K) Class: 5617K(5888K)->5617K(5888K)
[2025-03-28T19:27:35.343+0530][gc          ] GC(126) Pause Young (Normal) (G1 Evacuation Pause) 268M->221M(1024M) 19.341ms
[2025-03-28T19:27:35.343+0530][gc,cpu      ] GC(126) User=0.02s Sys=0.00s Real=0.01s
[2025-03-28T19:27:35.662+0530][gc,start    ] GC(178) Pause Young (Normal) (G1 Evacuation Pause)
[2025-03-28T19:27:35.662+0530][gc,task     ] GC(178) Using 2 workers of 2 for evacuation
[2025-03-28T19:27:35.715+0530][gc,mmu      ] GC(178) MMU target violated: 21.0ms (20.0ms/21.0ms)
[2025-03-28T19:27:35.715+0530][gc,phases   ] GC(178)   Pre Evacuate Collection Set: 17.1ms
[2025-03-28T19:27:35.715+0530][gc,phases   ] GC(178)   Merge Heap Roots: 0.3ms
[2025-03-28T19:27:35.716+0530][gc,phases   ] GC(178)   Evacuate Collection Set: 31.0ms
[2025-03-28T19:27:35.716+0530][gc,phases   ] GC(178)   Post Evacuate Collection Set: 4.2ms
[2025-03-28T19:27:35.716+0530][gc,phases   ] GC(178)   Other: 0.7ms
[2025-03-28T19:27:35.716+0530][gc,heap     ] GC(178) Eden regions: 44->0(49)
[2025-03-28T19:27:35.716+0530][gc,heap     ] GC(178) Survivor regions: 7->2(7)
[2025-03-28T19:27:35.716+0530][gc,heap     ] GC(178) Old regions: 135->136
[2025-03-28T19:27:35.716+0530][gc,heap     ] GC(178) Archive regions: 2->2
[2025-03-28T19:27:35.716+0530][gc,heap     ] GC(178) Humongous regions: 140->140
[2025-03-28T19:27:35.716+0530][gc,metaspace] GC(178) Metaspace: 50260K(50880K)->50260K(50880K) NonClass: 44598K(44928K)->44598K(44928K) Class: 5662K(5952K)->5662K(5952K)
[2025-03-28T19:27:35.716+0530][gc          ] GC(178) Pause Young (Normal) (G1 Evacuation Pause) 326M->278M(1024M) 53.856ms
[2025-03-28T19:27:35.716+0530][gc,cpu      ] GC(178) User=0.06s Sys=0.01s Real=0.06s
[2025-03-28T19:27:41.418+0530][gc,start    ] GC(127) Pause Young (Normal) (G1 Evacuation Pause)
[2025-03-28T19:27:41.418+0530][gc,task     ] GC(127) Using 2 workers of 2 for evacuation
[2025-03-28T19:27:41.438+0530][gc,phases   ] GC(127)   Pre Evacuate Collection Set: 0.5ms
[2025-03-28T19:27:41.439+0530][gc,phases   ] GC(127)   Merge Heap Roots: 0.2ms
[2025-03-28T19:27:41.439+0530][gc,phases   ] GC(127)   Evacuate Collection Set: 17.6ms
[2025-03-28T19:27:41.439+0530][gc,phases   ] GC(127)   Post Evacuate Collection Set: 1.6ms
[2025-03-28T19:27:41.439+0530][gc,phases   ] GC(127)   Other: 0.4ms
[2025-03-28T19:27:41.439+0530][gc,heap     ] GC(127) Eden regions: 48->0(49)
[2025-03-28T19:27:41.439+0530][gc,heap     ] GC(127) Survivor regions: 3->2(7)
[2025-03-28T19:27:41.439+0530][gc,heap     ] GC(127) Old regions: 69->69
[2025-03-28T19:27:41.439+0530][gc,heap     ] GC(127) Archive regions: 2->2
[2025-03-28T19:27:41.439+0530][gc,heap     ] GC(127) Humongous regions: 149->147
[2025-03-28T19:27:41.439+0530][gc,metaspace] GC(127) Metaspace: 49689K(50240K)->49689K(50240K) NonClass: 44072K(44352K)->44072K(44352K) Class: 5617K(5888K)->5617K(5888K)
[2025-03-28T19:27:41.439+0530][gc          ] GC(127) Pause Young (Normal) (G1 Evacuation Pause) 269M->218M(1024M) 20.727ms
[2025-03-28T19:27:41.439+0530][gc,cpu      ] GC(127) User=0.02s Sys=0.00s Real=0.03s
[2025-03-28T19:27:41.980+0530][gc,start    ] GC(179) Pause Young (Normal) (G1 Evacuation Pause)
[2025-03-28T19:27:41.980+0530][gc,task     ] GC(179) Using 2 workers of 2 for evacuation
[2025-03-28T19:27:42.037+0530][gc,mmu      ] GC(179) MMU target violated: 21.0ms (20.0ms/21.0ms)
[2025-03-28T19:27:42.037+0530][gc,phases   ] GC(179)   Pre Evacuate Collection Set: 0.6ms
[2025-03-28T19:27:42.037+0530][gc,phases   ] GC(179)   Merge Heap Roots: 0.5ms
[2025-03-28T19:27:42.037+0530][gc,phases   ] GC(179)   Evacuate Collection Set: 52.0ms
[2025-03-28T19:27:42.037+0530][gc,phases   ] GC(179)   Post Evacuate Collection Set: 2.8ms
[2025-03-28T19:27:42.037+0530][gc,phases   ] GC(179)   Other: 1.1ms
[2025-03-28T19:27:42.037+0530][gc,heap     ] GC(179) Eden regions: 49->0(45)
[2025-03-28T19:27:42.037+0530][gc,heap     ] GC(179) Survivor regions: 2->6(7)
[2025-03-28T19:27:42.037+0530][gc,heap     ] GC(179) Old regions: 136->136
[2025-03-28T19:27:42.038+0530][gc,heap     ] GC(179) Archive regions: 2->2
[2025-03-28T19:27:42.038+0530][gc,heap     ] GC(179) Humongous regions: 140->138
[2025-03-28T19:27:42.038+0530][gc,metaspace] GC(179) Metaspace: 50264K(50880K)->50264K(50880K) NonClass: 44602K(44928K)->44602K(44928K) Class: 5662K(5952K)->5662K(5952K)
[2025-03-28T19:27:42.038+0530][gc          ] GC(179) Pause Young (Normal) (G1 Evacuation Pause) 327M->280M(1024M) 57.552ms
[2025-03-28T19:27:42.038+0530][gc,cpu      ] GC(179) User=0.06s Sys=0.01s Real=0.06s
[2025-03-28T19:27:42.595+0530][gc,start    ] GC(128) Pause Young (Normal) (G1 Evacuation Pause)
[2025-03-28T19:27:42.595+0530][gc,task     ] GC(128) Using 2 workers of 2 for evacuation
[2025-03-28T19:27:42.711+0530][gc,mmu      ] GC(128) MMU target violated: 21.0ms (20.0ms/21.0ms)
[2025-03-28T19:27:42.711+0530][gc,phases   ] GC(128)   Pre Evacuate Collection Set: 2.0ms
[2025-03-28T19:27:42.711+0530][gc,phases   ] GC(128)   Merge Heap Roots: 23.3ms
[2025-03-28T19:27:42.711+0530][gc,phases   ] GC(128)   Evacuate Collection Set: 78.9ms
[2025-03-28T19:27:42.711+0530][gc,phases   ] GC(128)   Post Evacuate Collection Set: 10.8ms
[2025-03-28T19:27:42.711+0530][gc,phases   ] GC(128)   Other: 1.0ms
[2025-03-28T19:27:42.711+0530][gc,heap     ] GC(128) Eden regions: 49->0(48)
[2025-03-28T19:27:42.711+0530][gc,heap     ] GC(128) Survivor regions: 2->3(7)
[2025-03-28T19:27:42.711+0530][gc,heap     ] GC(128) Old regions: 69->69
[2025-03-28T19:27:42.712+0530][gc,heap     ] GC(128) Archive regions: 2->2
[2025-03-28T19:27:42.712+0530][gc,heap     ] GC(128) Humongous regions: 147->147
[2025-03-28T19:27:42.712+0530][gc,metaspace] GC(128) Metaspace: 49689K(50240K)->49689K(50240K) NonClass: 44072K(44352K)->44072K(44352K) Class: 5617K(5888K)->5617K(5888K)
[2025-03-28T19:27:42.712+0530][gc          ] GC(128) Pause Young (Normal) (G1 Evacuation Pause) 267M->218M(1024M) 116.589ms
[2025-03-28T19:27:42.712+0530][gc,cpu      ] GC(128) User=0.04s Sys=0.01s Real=0.11s
[2025-03-28T19:27:42.855+0530][gc,start    ] GC(180) Pause Young (Normal) (G1 Evacuation Pause)
[2025-03-28T19:27:42.855+0530][gc,task     ] GC(180) Using 2 workers of 2 for evacuation
[2025-03-28T19:27:42.914+0530][gc,mmu      ] GC(180) MMU target violated: 21.0ms (20.0ms/21.0ms)
[2025-03-28T19:27:42.914+0530][gc,phases   ] GC(180)   Pre Evacuate Collection Set: 0.6ms
[2025-03-28T19:27:42.914+0530][gc,phases   ] GC(180)   Merge Heap Roots: 0.4ms
[2025-03-28T19:27:42.914+0530][gc,phases   ] GC(180)   Evacuate Collection Set: 56.0ms
[2025-03-28T19:27:42.914+0530][gc,phases   ] GC(180)   Post Evacuate Collection Set: 1.5ms
[2025-03-28T19:27:42.914+0530][gc,phases   ] GC(180)   Other: 0.6ms
[2025-03-28T19:27:42.914+0530][gc,heap     ] GC(180) Eden regions: 45->0(49)
[2025-03-28T19:27:42.914+0530][gc,heap     ] GC(180) Survivor regions: 6->2(7)
[2025-03-28T19:27:42.914+0530][gc,heap     ] GC(180) Old regions: 136->137
[2025-03-28T19:27:42.914+0530][gc,heap     ] GC(180) Archive regions: 2->2
[2025-03-28T19:27:42.914+0530][gc,heap     ] GC(180) Humongous regions: 140->140
[2025-03-28T19:27:42.914+0530][gc,metaspace] GC(180) Metaspace: 50264K(50880K)->50264K(50880K) NonClass: 44602K(44928K)->44602K(44928K) Class: 5662K(5952K)->5662K(5952K)
[2025-03-28T19:27:42.915+0530][gc          ] GC(180) Pause Young (Normal) (G1 Evacuation Pause) 327M->279M(1024M) 59.462ms
[2025-03-28T19:27:42.915+0530][gc,cpu      ] GC(180) User=0.04s Sys=0.01s Real=0.05s
[2025-03-28T19:27:44.087+0530][gc,start    ] GC(181) Pause Young (Normal) (G1 Evacuation Pause)
[2025-03-28T19:27:44.087+0530][gc,task     ] GC(181) Using 2 workers of 2 for evacuation
[2025-03-28T19:27:44.120+0530][gc,mmu      ] GC(181) MMU target violated: 21.0ms (20.0ms/21.0ms)
[2025-03-28T19:27:44.120+0530][gc,phases   ] GC(181)   Pre Evacuate Collection Set: 0.4ms
[2025-03-28T19:27:44.120+0530][gc,phases   ] GC(181)   Merge Heap Roots: 0.2ms
[2025-03-28T19:27:44.120+0530][gc,phases   ] GC(181)   Evacuate Collection Set: 29.7ms
[2025-03-28T19:27:44.120+0530][gc,phases   ] GC(181)   Post Evacuate Collection Set: 2.4ms
[2025-03-28T19:27:44.121+0530][gc,phases   ] GC(181)   Other: 0.8ms
[2025-03-28T19:27:44.121+0530][gc,heap     ] GC(181) Eden regions: 49->0(46)
[2025-03-28T19:27:44.121+0530][gc,heap     ] GC(181) Survivor regions: 2->5(7)
[2025-03-28T19:27:44.121+0530][gc,heap     ] GC(181) Old regions: 137->137
[2025-03-28T19:27:44.121+0530][gc,heap     ] GC(181) Archive regions: 2->2
[2025-03-28T19:27:44.121+0530][gc,heap     ] GC(181) Humongous regions: 140->138
[2025-03-28T19:27:44.121+0530][gc,metaspace] GC(181) Metaspace: 50270K(50880K)->50270K(50880K) NonClass: 44608K(44928K)->44608K(44928K) Class: 5662K(5952K)->5662K(5952K)
[2025-03-28T19:27:44.121+0530][gc          ] GC(181) Pause Young (Normal) (G1 Evacuation Pause) 328M->280M(1024M) 34.079ms
[2025-03-28T19:27:44.121+0530][gc,cpu      ] GC(181) User=0.03s Sys=0.00s Real=0.05s
[2025-03-28T19:27:44.731+0530][gc,start    ] GC(129) Pause Young (Normal) (G1 Evacuation Pause)
[2025-03-28T19:27:44.731+0530][gc,task     ] GC(129) Using 2 workers of 2 for evacuation
[2025-03-28T19:27:44.752+0530][gc,start    ] GC(182) Pause Young (Normal) (G1 Evacuation Pause)
[2025-03-28T19:27:44.752+0530][gc,task     ] GC(182) Using 2 workers of 2 for evacuation
[2025-03-28T19:27:44.796+0530][gc,mmu      ] GC(129) MMU target violated: 21.0ms (20.0ms/21.0ms)
[2025-03-28T19:27:44.796+0530][gc,phases   ] GC(129)   Pre Evacuate Collection Set: 1.0ms
[2025-03-28T19:27:44.797+0530][gc,phases   ] GC(129)   Merge Heap Roots: 0.5ms
[2025-03-28T19:27:44.797+0530][gc,phases   ] GC(129)   Evacuate Collection Set: 54.0ms
[2025-03-28T19:27:44.797+0530][gc,phases   ] GC(129)   Post Evacuate Collection Set: 8.4ms
[2025-03-28T19:27:44.797+0530][gc,phases   ] GC(129)   Other: 1.6ms
[2025-03-28T19:27:44.797+0530][gc,heap     ] GC(129) Eden regions: 48->0(49)
[2025-03-28T19:27:44.797+0530][gc,heap     ] GC(129) Survivor regions: 3->2(7)
[2025-03-28T19:27:44.797+0530][gc,heap     ] GC(129) Old regions: 69->69
[2025-03-28T19:27:44.797+0530][gc,heap     ] GC(129) Archive regions: 2->2
[2025-03-28T19:27:44.797+0530][gc,heap     ] GC(129) Humongous regions: 149->147
[2025-03-28T19:27:44.797+0530][gc,metaspace] GC(129) Metaspace: 49690K(50240K)->49690K(50240K) NonClass: 44072K(44352K)->44072K(44352K) Class: 5617K(5888K)->5617K(5888K)
[2025-03-28T19:27:44.797+0530][gc          ] GC(129) Pause Young (Normal) (G1 Evacuation Pause) 268M->218M(1024M) 65.886ms
[2025-03-28T19:27:44.797+0530][gc,cpu      ] GC(129) User=0.03s Sys=0.00s Real=0.08s
[2025-03-28T19:27:44.815+0530][gc,mmu      ] GC(182) MMU target violated: 21.0ms (20.0ms/21.0ms)
[2025-03-28T19:27:44.816+0530][gc,phases   ] GC(182)   Pre Evacuate Collection Set: 0.5ms
[2025-03-28T19:27:44.816+0530][gc,phases   ] GC(182)   Merge Heap Roots: 0.3ms
[2025-03-28T19:27:44.816+0530][gc,phases   ] GC(182)   Evacuate Collection Set: 45.6ms
[2025-03-28T19:27:44.816+0530][gc,phases   ] GC(182)   Post Evacuate Collection Set: 16.9ms
[2025-03-28T19:27:44.816+0530][gc,phases   ] GC(182)   Other: 0.8ms
[2025-03-28T19:27:44.816+0530][gc,heap     ] GC(182) Eden regions: 46->0(49)
[2025-03-28T19:27:44.816+0530][gc,heap     ] GC(182) Survivor regions: 5->2(7)
[2025-03-28T19:27:44.816+0530][gc,heap     ] GC(182) Old regions: 137->138
[2025-03-28T19:27:44.816+0530][gc,heap     ] GC(182) Archive regions: 2->2
[2025-03-28T19:27:44.816+0530][gc,heap     ] GC(182) Humongous regions: 140->140
[2025-03-28T19:27:44.816+0530][gc,metaspace] GC(182) Metaspace: 50273K(50880K)->50273K(50880K) NonClass: 44611K(44928K)->44611K(44928K) Class: 5662K(5952K)->5662K(5952K)
[2025-03-28T19:27:44.816+0530][gc          ] GC(182) Pause Young (Normal) (G1 Evacuation Pause) 328M->280M(1024M) 64.588ms
[2025-03-28T19:27:44.817+0530][gc,cpu      ] GC(182) User=0.05s Sys=0.00s Real=0.07s
[2025-03-28T19:27:45.261+0530][gc,start    ] GC(130) Pause Young (Normal) (G1 Evacuation Pause)
[2025-03-28T19:27:45.261+0530][gc,task     ] GC(130) Using 2 workers of 2 for evacuation
[2025-03-28T19:27:45.288+0530][gc,mmu      ] GC(130) MMU target violated: 21.0ms (20.0ms/21.0ms)
[2025-03-28T19:27:45.289+0530][gc,phases   ] GC(130)   Pre Evacuate Collection Set: 0.8ms
[2025-03-28T19:27:45.289+0530][gc,phases   ] GC(130)   Merge Heap Roots: 0.2ms
[2025-03-28T19:27:45.289+0530][gc,phases   ] GC(130)   Evacuate Collection Set: 25.3ms
[2025-03-28T19:27:45.289+0530][gc,phases   ] GC(130)   Post Evacuate Collection Set: 1.2ms
[2025-03-28T19:27:45.289+0530][gc,phases   ] GC(130)   Other: 0.5ms
[2025-03-28T19:27:45.289+0530][gc,heap     ] GC(130) Eden regions: 49->0(44)
[2025-03-28T19:27:45.289+0530][gc,heap     ] GC(130) Survivor regions: 2->7(7)
[2025-03-28T19:27:45.289+0530][gc,heap     ] GC(130) Old regions: 69->69
[2025-03-28T19:27:45.289+0530][gc,heap     ] GC(130) Archive regions: 2->2
[2025-03-28T19:27:45.289+0530][gc,heap     ] GC(130) Humongous regions: 147->147
[2025-03-28T19:27:45.289+0530][gc,metaspace] GC(130) Metaspace: 49690K(50240K)->49690K(50240K) NonClass: 44072K(44352K)->44072K(44352K) Class: 5617K(5888K)->5617K(5888K)
[2025-03-28T19:27:45.289+0530][gc          ] GC(130) Pause Young (Normal) (G1 Evacuation Pause) 267M->223M(1024M) 28.479ms
[2025-03-28T19:27:45.289+0530][gc,cpu      ] GC(130) User=0.05s Sys=0.01s Real=0.03s
[2025-03-28T19:27:49.636+0530][gc,start    ] GC(131) Pause Young (Normal) (G1 Evacuation Pause)
[2025-03-28T19:27:49.636+0530][gc,task     ] GC(131) Using 2 workers of 2 for evacuation
[2025-03-28T19:27:49.658+0530][gc,mmu      ] GC(131) MMU target violated: 21.0ms (20.0ms/21.0ms)
[2025-03-28T19:27:49.659+0530][gc,phases   ] GC(131)   Pre Evacuate Collection Set: 2.8ms
[2025-03-28T19:27:49.659+0530][gc,phases   ] GC(131)   Merge Heap Roots: 0.8ms
[2025-03-28T19:27:49.659+0530][gc,phases   ] GC(131)   Evacuate Collection Set: 15.6ms
[2025-03-28T19:27:49.659+0530][gc,phases   ] GC(131)   Post Evacuate Collection Set: 2.7ms
[2025-03-28T19:27:49.659+0530][gc,phases   ] GC(131)   Other: 0.7ms
[2025-03-28T19:27:49.659+0530][gc,heap     ] GC(131) Eden regions: 44->0(50)
[2025-03-28T19:27:49.659+0530][gc,heap     ] GC(131) Survivor regions: 7->1(7)
[2025-03-28T19:27:49.659+0530][gc,heap     ] GC(131) Old regions: 69->70
[2025-03-28T19:27:49.659+0530][gc,heap     ] GC(131) Archive regions: 2->2
[2025-03-28T19:27:49.659+0530][gc,heap     ] GC(131) Humongous regions: 149->147
[2025-03-28T19:27:49.659+0530][gc,metaspace] GC(131) Metaspace: 49693K(50240K)->49693K(50240K) NonClass: 44076K(44352K)->44076K(44352K) Class: 5617K(5888K)->5617K(5888K)
[2025-03-28T19:27:49.659+0530][gc          ] GC(131) Pause Young (Normal) (G1 Evacuation Pause) 269M->218M(1024M) 23.433ms
[2025-03-28T19:27:49.659+0530][gc,cpu      ] GC(131) User=0.02s Sys=0.01s Real=0.04s
[2025-03-28T19:27:51.935+0530][gc,start    ] GC(132) Pause Young (Normal) (G1 Evacuation Pause)
[2025-03-28T19:27:51.935+0530][gc,task     ] GC(132) Using 2 workers of 2 for evacuation
[2025-03-28T19:27:52.191+0530][gc,mmu      ] GC(132) MMU target violated: 21.0ms (20.0ms/21.0ms)
[2025-03-28T19:27:52.192+0530][gc,phases   ] GC(132)   Pre Evacuate Collection Set: 34.3ms
[2025-03-28T19:27:52.192+0530][gc,phases   ] GC(132)   Merge Heap Roots: 4.9ms
[2025-03-28T19:27:52.192+0530][gc,phases   ] GC(132)   Evacuate Collection Set: 206.3ms
[2025-03-28T19:27:52.192+0530][gc,phases   ] GC(132)   Post Evacuate Collection Set: 10.1ms
[2025-03-28T19:27:52.192+0530][gc,phases   ] GC(132)   Other: 1.2ms
[2025-03-28T19:27:52.192+0530][gc,heap     ] GC(132) Eden regions: 50->0(44)
[2025-03-28T19:27:52.192+0530][gc,heap     ] GC(132) Survivor regions: 1->7(7)
[2025-03-28T19:27:52.192+0530][gc,heap     ] GC(132) Old regions: 70->70
[2025-03-28T19:27:52.192+0530][gc,heap     ] GC(132) Archive regions: 2->2
[2025-03-28T19:27:52.193+0530][gc,heap     ] GC(132) Humongous regions: 147->147
[2025-03-28T19:27:52.193+0530][gc,metaspace] GC(132) Metaspace: 49694K(50240K)->49694K(50240K) NonClass: 44077K(44352K)->44077K(44352K) Class: 5617K(5888K)->5617K(5888K)
[2025-03-28T19:27:52.193+0530][gc          ] GC(132) Pause Young (Normal) (G1 Evacuation Pause) 268M->224M(1024M) 257.588ms
[2025-03-28T19:27:52.193+0530][gc,cpu      ] GC(132) User=0.07s Sys=0.00s Real=0.26s
[2025-03-28T19:27:52.241+0530][gc,start    ] GC(183) Pause Young (Normal) (G1 Evacuation Pause)
[2025-03-28T19:27:52.242+0530][gc,task     ] GC(183) Using 2 workers of 2 for evacuation
[2025-03-28T19:27:52.311+0530][gc,mmu      ] GC(183) MMU target violated: 21.0ms (20.0ms/21.0ms)
[2025-03-28T19:27:52.311+0530][gc,phases   ] GC(183)   Pre Evacuate Collection Set: 0.7ms
[2025-03-28T19:27:52.311+0530][gc,phases   ] GC(183)   Merge Heap Roots: 0.5ms
[2025-03-28T19:27:52.311+0530][gc,phases   ] GC(183)   Evacuate Collection Set: 65.7ms
[2025-03-28T19:27:52.311+0530][gc,phases   ] GC(183)   Post Evacuate Collection Set: 1.9ms
[2025-03-28T19:27:52.311+0530][gc,phases   ] GC(183)   Other: 1.9ms
[2025-03-28T19:27:52.311+0530][gc,heap     ] GC(183) Eden regions: 49->0(46)
[2025-03-28T19:27:52.311+0530][gc,heap     ] GC(183) Survivor regions: 2->5(7)
[2025-03-28T19:27:52.311+0530][gc,heap     ] GC(183) Old regions: 138->138
[2025-03-28T19:27:52.311+0530][gc,heap     ] GC(183) Archive regions: 2->2
[2025-03-28T19:27:52.311+0530][gc,heap     ] GC(183) Humongous regions: 140->138
[2025-03-28T19:27:52.311+0530][gc,metaspace] GC(183) Metaspace: 50277K(50880K)->50277K(50880K) NonClass: 44615K(44928K)->44615K(44928K) Class: 5662K(5952K)->5662K(5952K)
[2025-03-28T19:27:52.311+0530][gc          ] GC(183) Pause Young (Normal) (G1 Evacuation Pause) 329M->281M(1024M) 69.954ms
[2025-03-28T19:27:52.312+0530][gc,cpu      ] GC(183) User=0.05s Sys=0.01s Real=0.07s
[2025-03-28T19:27:53.112+0530][gc,start    ] GC(133) Pause Young (Normal) (G1 Evacuation Pause)
[2025-03-28T19:27:53.112+0530][gc,task     ] GC(133) Using 2 workers of 2 for evacuation
[2025-03-28T19:27:53.168+0530][gc,mmu      ] GC(133) MMU target violated: 21.0ms (20.0ms/21.0ms)
[2025-03-28T19:27:53.168+0530][gc,phases   ] GC(133)   Pre Evacuate Collection Set: 0.4ms
[2025-03-28T19:27:53.168+0530][gc,phases   ] GC(133)   Merge Heap Roots: 0.2ms
[2025-03-28T19:27:53.168+0530][gc,phases   ] GC(133)   Evacuate Collection Set: 51.6ms
[2025-03-28T19:27:53.168+0530][gc,phases   ] GC(133)   Post Evacuate Collection Set: 3.0ms
[2025-03-28T19:27:53.168+0530][gc,phases   ] GC(133)   Other: 0.6ms
[2025-03-28T19:27:53.168+0530][gc,heap     ] GC(133) Eden regions: 44->0(49)
[2025-03-28T19:27:53.168+0530][gc,heap     ] GC(133) Survivor regions: 7->2(7)
[2025-03-28T19:27:53.168+0530][gc,heap     ] GC(133) Old regions: 70->71
[2025-03-28T19:27:53.168+0530][gc,heap     ] GC(133) Archive regions: 2->2
[2025-03-28T19:27:53.168+0530][gc,heap     ] GC(133) Humongous regions: 149->149
[2025-03-28T19:27:53.168+0530][gc,metaspace] GC(133) Metaspace: 49694K(50240K)->49694K(50240K) NonClass: 44077K(44352K)->44077K(44352K) Class: 5617K(5888K)->5617K(5888K)
[2025-03-28T19:27:53.168+0530][gc          ] GC(133) Pause Young (Normal) (G1 Evacuation Pause) 270M->222M(1024M) 56.324ms
[2025-03-28T19:27:53.168+0530][gc,cpu      ] GC(133) User=0.03s Sys=0.00s Real=0.06s
[2025-03-28T19:27:53.936+0530][gc,start    ] GC(184) Pause Young (Normal) (G1 Evacuation Pause)
[2025-03-28T19:27:53.936+0530][gc,task     ] GC(184) Using 2 workers of 2 for evacuation
[2025-03-28T19:27:54.004+0530][gc,mmu      ] GC(184) MMU target violated: 21.0ms (20.0ms/21.0ms)
[2025-03-28T19:27:54.005+0530][gc,phases   ] GC(184)   Pre Evacuate Collection Set: 1.3ms
[2025-03-28T19:27:54.005+0530][gc,phases   ] GC(184)   Merge Heap Roots: 0.8ms
[2025-03-28T19:27:54.005+0530][gc,phases   ] GC(184)   Evacuate Collection Set: 63.5ms
[2025-03-28T19:27:54.005+0530][gc,phases   ] GC(184)   Post Evacuate Collection Set: 2.8ms
[2025-03-28T19:27:54.005+0530][gc,phases   ] GC(184)   Other: 0.6ms
[2025-03-28T19:27:54.005+0530][gc,heap     ] GC(184) Eden regions: 46->0(48)
[2025-03-28T19:27:54.005+0530][gc,heap     ] GC(184) Survivor regions: 5->3(7)
[2025-03-28T19:27:54.005+0530][gc,heap     ] GC(184) Old regions: 138->139
[2025-03-28T19:27:54.005+0530][gc,heap     ] GC(184) Archive regions: 2->2
[2025-03-28T19:27:54.005+0530][gc,heap     ] GC(184) Humongous regions: 140->140
[2025-03-28T19:27:54.005+0530][gc,metaspace] GC(184) Metaspace: 50296K(50944K)->50296K(50944K) NonClass: 44634K(44992K)->44634K(44992K) Class: 5662K(5952K)->5662K(5952K)
[2025-03-28T19:27:54.005+0530][gc          ] GC(184) Pause Young (Normal) (G1 Evacuation Pause) 329M->281M(1024M) 69.619ms
[2025-03-28T19:27:54.005+0530][gc,cpu      ] GC(184) User=0.08s Sys=0.00s Real=0.07s
[2025-03-28T19:27:54.377+0530][gc,start    ] GC(185) Pause Young (Normal) (G1 Evacuation Pause)
[2025-03-28T19:27:54.377+0530][gc,task     ] GC(185) Using 2 workers of 2 for evacuation
[2025-03-28T19:27:54.410+0530][gc,mmu      ] GC(185) MMU target violated: 21.0ms (20.0ms/21.0ms)
[2025-03-28T19:27:54.410+0530][gc,phases   ] GC(185)   Pre Evacuate Collection Set: 1.6ms
[2025-03-28T19:27:54.410+0530][gc,phases   ] GC(185)   Merge Heap Roots: 0.3ms
[2025-03-28T19:27:54.410+0530][gc,phases   ] GC(185)   Evacuate Collection Set: 29.4ms
[2025-03-28T19:27:54.410+0530][gc,phases   ] GC(185)   Post Evacuate Collection Set: 1.3ms
[2025-03-28T19:27:54.410+0530][gc,phases   ] GC(185)   Other: 0.6ms
[2025-03-28T19:27:54.411+0530][gc,heap     ] GC(185) Eden regions: 48->0(47)
[2025-03-28T19:27:54.411+0530][gc,heap     ] GC(185) Survivor regions: 3->4(7)
[2025-03-28T19:27:54.411+0530][gc,heap     ] GC(185) Old regions: 139->139
[2025-03-28T19:27:54.411+0530][gc,heap     ] GC(185) Archive regions: 2->2
[2025-03-28T19:27:54.411+0530][gc,heap     ] GC(185) Humongous regions: 140->138
[2025-03-28T19:27:54.411+0530][gc,metaspace] GC(185) Metaspace: 50297K(50944K)->50297K(50944K) NonClass: 44635K(44992K)->44635K(44992K) Class: 5662K(5952K)->5662K(5952K)
[2025-03-28T19:27:54.411+0530][gc          ] GC(185) Pause Young (Normal) (G1 Evacuation Pause) 329M->281M(1024M) 34.335ms
[2025-03-28T19:27:54.411+0530][gc,cpu      ] GC(185) User=0.03s Sys=0.00s Real=0.03s
[2025-03-28T19:27:54.944+0530][gc,start    ] GC(186) Pause Young (Normal) (G1 Evacuation Pause)
[2025-03-28T19:27:54.945+0530][gc,task     ] GC(186) Using 2 workers of 2 for evacuation
[2025-03-28T19:27:55.013+0530][gc,mmu      ] GC(186) MMU target violated: 21.0ms (20.0ms/21.0ms)
[2025-03-28T19:27:55.013+0530][gc,phases   ] GC(186)   Pre Evacuate Collection Set: 0.9ms
[2025-03-28T19:27:55.013+0530][gc,phases   ] GC(186)   Merge Heap Roots: 0.6ms
[2025-03-28T19:27:55.013+0530][gc,phases   ] GC(186)   Evacuate Collection Set: 64.2ms
[2025-03-28T19:27:55.021+0530][gc,phases   ] GC(186)   Post Evacuate Collection Set: 2.3ms
[2025-03-28T19:27:55.021+0530][gc,phases   ] GC(186)   Other: 0.6ms
[2025-03-28T19:27:55.021+0530][gc,heap     ] GC(186) Eden regions: 47->0(48)
[2025-03-28T19:27:55.021+0530][gc,heap     ] GC(186) Survivor regions: 4->3(7)
[2025-03-28T19:27:55.021+0530][gc,heap     ] GC(186) Old regions: 139->139
[2025-03-28T19:27:55.021+0530][gc,heap     ] GC(186) Archive regions: 2->2
[2025-03-28T19:27:55.021+0530][gc,heap     ] GC(186) Humongous regions: 140->140
[2025-03-28T19:27:55.021+0530][gc,metaspace] GC(186) Metaspace: 50298K(50944K)->50298K(50944K) NonClass: 44636K(44992K)->44636K(44992K) Class: 5662K(5952K)->5662K(5952K)
[2025-03-28T19:27:55.021+0530][gc          ] GC(186) Pause Young (Normal) (G1 Evacuation Pause) 330M->282M(1024M) 77.004ms
[2025-03-28T19:27:55.022+0530][gc,cpu      ] GC(186) User=0.07s Sys=0.02s Real=0.08s
[2025-03-28T19:27:55.481+0530][gc,start    ] GC(134) Pause Young (Normal) (G1 Evacuation Pause)
[2025-03-28T19:27:55.481+0530][gc,task     ] GC(134) Using 2 workers of 2 for evacuation
[2025-03-28T19:27:55.530+0530][gc,mmu      ] GC(134) MMU target violated: 21.0ms (20.0ms/21.0ms)
[2025-03-28T19:27:55.530+0530][gc,phases   ] GC(134)   Pre Evacuate Collection Set: 0.5ms
[2025-03-28T19:27:55.530+0530][gc,phases   ] GC(134)   Merge Heap Roots: 0.4ms
[2025-03-28T19:27:55.530+0530][gc,phases   ] GC(134)   Evacuate Collection Set: 45.4ms
[2025-03-28T19:27:55.530+0530][gc,phases   ] GC(134)   Post Evacuate Collection Set: 2.1ms
[2025-03-28T19:27:55.530+0530][gc,phases   ] GC(134)   Other: 0.7ms
[2025-03-28T19:27:55.531+0530][gc,heap     ] GC(134) Eden regions: 49->0(44)
[2025-03-28T19:27:55.531+0530][gc,heap     ] GC(134) Survivor regions: 2->7(7)
[2025-03-28T19:27:55.531+0530][gc,heap     ] GC(134) Old regions: 71->71
[2025-03-28T19:27:55.531+0530][gc,heap     ] GC(134) Archive regions: 2->2
[2025-03-28T19:27:55.531+0530][gc,heap     ] GC(134) Humongous regions: 149->147
[2025-03-28T19:27:55.531+0530][gc,metaspace] GC(134) Metaspace: 49696K(50240K)->49696K(50240K) NonClass: 44079K(44352K)->44079K(44352K) Class: 5617K(5888K)->5617K(5888K)
[2025-03-28T19:27:55.531+0530][gc          ] GC(134) Pause Young (Normal) (G1 Evacuation Pause) 271M->224M(1024M) 49.366ms
[2025-03-28T19:27:55.531+0530][gc,cpu      ] GC(134) User=0.04s Sys=0.01s Real=0.05s
[2025-03-28T19:27:56.015+0530][gc,start    ] GC(135) Pause Young (Normal) (G1 Evacuation Pause)
[2025-03-28T19:27:56.016+0530][gc,task     ] GC(135) Using 2 workers of 2 for evacuation
[2025-03-28T19:27:56.044+0530][gc,mmu      ] GC(135) MMU target violated: 21.0ms (20.0ms/21.0ms)
[2025-03-28T19:27:56.044+0530][gc,phases   ] GC(135)   Pre Evacuate Collection Set: 0.4ms
[2025-03-28T19:27:56.044+0530][gc,phases   ] GC(135)   Merge Heap Roots: 0.4ms
[2025-03-28T19:27:56.044+0530][gc,phases   ] GC(135)   Evacuate Collection Set: 25.6ms
[2025-03-28T19:27:56.044+0530][gc,phases   ] GC(135)   Post Evacuate Collection Set: 1.7ms
[2025-03-28T19:27:56.044+0530][gc,phases   ] GC(135)   Other: 0.7ms
[2025-03-28T19:27:56.044+0530][gc,heap     ] GC(135) Eden regions: 44->0(49)
[2025-03-28T19:27:56.045+0530][gc,heap     ] GC(135) Survivor regions: 7->2(7)
[2025-03-28T19:27:56.045+0530][gc,heap     ] GC(135) Old regions: 71->72
[2025-03-28T19:27:56.045+0530][gc,heap     ] GC(135) Archive regions: 2->2
[2025-03-28T19:27:56.045+0530][gc,heap     ] GC(135) Humongous regions: 149->149
[2025-03-28T19:27:56.045+0530][gc,metaspace] GC(135) Metaspace: 49696K(50240K)->49696K(50240K) NonClass: 44079K(44352K)->44079K(44352K) Class: 5617K(5888K)->5617K(5888K)
[2025-03-28T19:27:56.045+0530][gc          ] GC(135) Pause Young (Normal) (G1 Evacuation Pause) 270M->223M(1024M) 29.375ms
[2025-03-28T19:27:56.045+0530][gc,cpu      ] GC(135) User=0.04s Sys=0.01s Real=0.03s
[2025-03-28T19:28:01.213+0530][gc,start    ] GC(187) Pause Young (Normal) (G1 Evacuation Pause)
[2025-03-28T19:28:01.213+0530][gc,task     ] GC(187) Using 2 workers of 2 for evacuation
[2025-03-28T19:28:01.232+0530][gc,phases   ] GC(187)   Pre Evacuate Collection Set: 0.7ms
[2025-03-28T19:28:01.232+0530][gc,phases   ] GC(187)   Merge Heap Roots: 0.5ms
[2025-03-28T19:28:01.232+0530][gc,phases   ] GC(187)   Evacuate Collection Set: 15.7ms
[2025-03-28T19:28:01.232+0530][gc,phases   ] GC(187)   Post Evacuate Collection Set: 1.6ms
[2025-03-28T19:28:01.232+0530][gc,phases   ] GC(187)   Other: 0.8ms
[2025-03-28T19:28:01.232+0530][gc,heap     ] GC(187) Eden regions: 48->0(48)
[2025-03-28T19:28:01.232+0530][gc,heap     ] GC(187) Survivor regions: 3->3(7)
[2025-03-28T19:28:01.232+0530][gc,heap     ] GC(187) Old regions: 139->139
[2025-03-28T19:28:01.232+0530][gc,heap     ] GC(187) Archive regions: 2->2
[2025-03-28T19:28:01.232+0530][gc,heap     ] GC(187) Humongous regions: 140->138
[2025-03-28T19:28:01.232+0530][gc,metaspace] GC(187) Metaspace: 50303K(50944K)->50303K(50944K) NonClass: 44640K(44992K)->44640K(44992K) Class: 5662K(5952K)->5662K(5952K)
[2025-03-28T19:28:01.232+0530][gc          ] GC(187) Pause Young (Normal) (G1 Evacuation Pause) 330M->280M(1024M) 19.744ms
[2025-03-28T19:28:01.232+0530][gc,cpu      ] GC(187) User=0.03s Sys=0.01s Real=0.01s
[2025-03-28T19:28:01.448+0530][gc,start    ] GC(136) Pause Young (Normal) (G1 Evacuation Pause)
[2025-03-28T19:28:01.448+0530][gc,task     ] GC(136) Using 2 workers of 2 for evacuation
[2025-03-28T19:28:01.479+0530][gc,mmu      ] GC(136) MMU target violated: 21.0ms (20.0ms/21.0ms)
[2025-03-28T19:28:01.480+0530][gc,phases   ] GC(136)   Pre Evacuate Collection Set: 0.9ms
[2025-03-28T19:28:01.480+0530][gc,phases   ] GC(136)   Merge Heap Roots: 0.2ms
[2025-03-28T19:28:01.480+0530][gc,phases   ] GC(136)   Evacuate Collection Set: 22.7ms
[2025-03-28T19:28:01.480+0530][gc,phases   ] GC(136)   Post Evacuate Collection Set: 7.6ms
[2025-03-28T19:28:01.480+0530][gc,phases   ] GC(136)   Other: 0.6ms
[2025-03-28T19:28:01.480+0530][gc,heap     ] GC(136) Eden regions: 49->0(45)
[2025-03-28T19:28:01.480+0530][gc,heap     ] GC(136) Survivor regions: 2->6(7)
[2025-03-28T19:28:01.480+0530][gc,heap     ] GC(136) Old regions: 72->72
[2025-03-28T19:28:01.480+0530][gc,heap     ] GC(136) Archive regions: 2->2
[2025-03-28T19:28:01.480+0530][gc,heap     ] GC(136) Humongous regions: 149->147
[2025-03-28T19:28:01.480+0530][gc,metaspace] GC(136) Metaspace: 49697K(50240K)->49697K(50240K) NonClass: 44079K(44352K)->44079K(44352K) Class: 5617K(5888K)->5617K(5888K)
[2025-03-28T19:28:01.493+0530][gc          ] GC(136) Pause Young (Normal) (G1 Evacuation Pause) 272M->225M(1024M) 45.237ms
[2025-03-28T19:28:01.493+0530][gc,cpu      ] GC(136) User=0.04s Sys=0.01s Real=0.05s
[2025-03-28T19:28:02.173+0530][gc,start    ] GC(137) Pause Young (Normal) (G1 Evacuation Pause)
[2025-03-28T19:28:02.173+0530][gc,task     ] GC(137) Using 2 workers of 2 for evacuation
[2025-03-28T19:28:02.237+0530][gc,mmu      ] GC(137) MMU target violated: 21.0ms (20.0ms/21.0ms)
[2025-03-28T19:28:02.238+0530][gc,phases   ] GC(137)   Pre Evacuate Collection Set: 0.7ms
[2025-03-28T19:28:02.238+0530][gc,phases   ] GC(137)   Merge Heap Roots: 0.7ms
[2025-03-28T19:28:02.238+0530][gc,phases   ] GC(137)   Evacuate Collection Set: 52.0ms
[2025-03-28T19:28:02.238+0530][gc,phases   ] GC(137)   Post Evacuate Collection Set: 10.4ms
[2025-03-28T19:28:02.238+0530][gc,phases   ] GC(137)   Other: 0.7ms
[2025-03-28T19:28:02.238+0530][gc,heap     ] GC(137) Eden regions: 45->0(49)
[2025-03-28T19:28:02.238+0530][gc,heap     ] GC(137) Survivor regions: 6->2(7)
[2025-03-28T19:28:02.238+0530][gc,heap     ] GC(137) Old regions: 72->73
[2025-03-28T19:28:02.238+0530][gc,heap     ] GC(137) Archive regions: 2->2
[2025-03-28T19:28:02.238+0530][gc,heap     ] GC(137) Humongous regions: 149->149
[2025-03-28T19:28:02.238+0530][gc,metaspace] GC(137) Metaspace: 49697K(50240K)->49697K(50240K) NonClass: 44079K(44352K)->44079K(44352K) Class: 5617K(5888K)->5617K(5888K)
[2025-03-28T19:28:02.238+0530][gc          ] GC(137) Pause Young (Normal) (G1 Evacuation Pause) 272M->224M(1024M) 65.064ms
[2025-03-28T19:28:02.239+0530][gc,cpu      ] GC(137) User=0.05s Sys=0.00s Real=0.06s
[2025-03-28T19:28:02.404+0530][gc,start    ] GC(188) Pause Young (Normal) (G1 Evacuation Pause)
[2025-03-28T19:28:02.404+0530][gc,task     ] GC(188) Using 2 workers of 2 for evacuation
[2025-03-28T19:28:02.600+0530][gc,mmu      ] GC(188) MMU target violated: 21.0ms (20.0ms/21.0ms)
[2025-03-28T19:28:02.617+0530][gc,phases   ] GC(188)   Pre Evacuate Collection Set: 0.7ms
[2025-03-28T19:28:02.618+0530][gc,phases   ] GC(188)   Merge Heap Roots: 0.6ms
[2025-03-28T19:28:02.618+0530][gc,phases   ] GC(188)   Evacuate Collection Set: 166.7ms
[2025-03-28T19:28:02.619+0530][gc,phases   ] GC(188)   Post Evacuate Collection Set: 27.6ms
[2025-03-28T19:28:02.619+0530][gc,phases   ] GC(188)   Other: 18.0ms
[2025-03-28T19:28:02.619+0530][gc,heap     ] GC(188) Eden regions: 48->0(48)
[2025-03-28T19:28:02.619+0530][gc,heap     ] GC(188) Survivor regions: 3->3(7)
[2025-03-28T19:28:02.619+0530][gc,heap     ] GC(188) Old regions: 139->139
[2025-03-28T19:28:02.619+0530][gc,heap     ] GC(188) Archive regions: 2->2
[2025-03-28T19:28:02.619+0530][gc,heap     ] GC(188) Humongous regions: 140->140
[2025-03-28T19:28:02.655+0530][gc,metaspace] GC(188) Metaspace: 50304K(50944K)->50304K(50944K) NonClass: 44642K(44992K)->44642K(44992K) Class: 5662K(5952K)->5662K(5952K)
[2025-03-28T19:28:02.655+0530][gc          ] GC(188) Pause Young (Normal) (G1 Evacuation Pause) 330M->282M(1024M) 251.815ms
[2025-03-28T19:28:02.656+0530][gc,cpu      ] GC(188) User=0.07s Sys=0.01s Real=0.26s
[2025-03-28T19:28:04.001+0530][gc,start    ] GC(189) Pause Young (Normal) (G1 Evacuation Pause)
[2025-03-28T19:28:04.001+0530][gc,task     ] GC(189) Using 2 workers of 2 for evacuation
[2025-03-28T19:28:04.047+0530][gc,mmu      ] GC(189) MMU target violated: 21.0ms (20.0ms/21.0ms)
[2025-03-28T19:28:04.047+0530][gc,phases   ] GC(189)   Pre Evacuate Collection Set: 0.7ms
[2025-03-28T19:28:04.047+0530][gc,phases   ] GC(189)   Merge Heap Roots: 0.4ms
[2025-03-28T19:28:04.047+0530][gc,phases   ] GC(189)   Evacuate Collection Set: 41.7ms
[2025-03-28T19:28:04.047+0530][gc,phases   ] GC(189)   Post Evacuate Collection Set: 2.5ms
[2025-03-28T19:28:04.047+0530][gc,phases   ] GC(189)   Other: 0.7ms
[2025-03-28T19:28:04.048+0530][gc,heap     ] GC(189) Eden regions: 48->0(48)
[2025-03-28T19:28:04.048+0530][gc,heap     ] GC(189) Survivor regions: 3->3(7)
[2025-03-28T19:28:04.048+0530][gc,heap     ] GC(189) Old regions: 139->139
[2025-03-28T19:28:04.048+0530][gc,heap     ] GC(189) Archive regions: 2->2
[2025-03-28T19:28:04.048+0530][gc,heap     ] GC(189) Humongous regions: 140->138
[2025-03-28T19:28:04.048+0530][gc,metaspace] GC(189) Metaspace: 50304K(50944K)->50304K(50944K) NonClass: 44642K(44992K)->44642K(44992K) Class: 5662K(5952K)->5662K(5952K)
[2025-03-28T19:28:04.048+0530][gc          ] GC(189) Pause Young (Normal) (G1 Evacuation Pause) 330M->280M(1024M) 46.543ms
[2025-03-28T19:28:04.048+0530][gc,cpu      ] GC(189) User=0.05s Sys=0.00s Real=0.05s
[2025-03-28T19:28:04.890+0530][gc,start    ] GC(138) Pause Young (Normal) (G1 Evacuation Pause)
[2025-03-28T19:28:04.890+0530][gc,task     ] GC(138) Using 2 workers of 2 for evacuation
[2025-03-28T19:28:05.280+0530][gc,start    ] GC(190) Pause Young (Normal) (G1 Evacuation Pause)
[2025-03-28T19:28:05.280+0530][gc,task     ] GC(190) Using 2 workers of 2 for evacuation
[2025-03-28T19:28:05.386+0530][gc,mmu      ] GC(190) MMU target violated: 21.0ms (20.0ms/21.0ms)
[2025-03-28T19:28:05.386+0530][gc,phases   ] GC(190)   Pre Evacuate Collection Set: 20.5ms
[2025-03-28T19:28:05.386+0530][gc,phases   ] GC(190)   Merge Heap Roots: 6.9ms
[2025-03-28T19:28:05.386+0530][gc,phases   ] GC(190)   Evacuate Collection Set: 74.8ms
[2025-03-28T19:28:05.386+0530][gc,phases   ] GC(190)   Post Evacuate Collection Set: 3.5ms
[2025-03-28T19:28:05.387+0530][gc,phases   ] GC(190)   Other: 0.8ms
[2025-03-28T19:28:05.387+0530][gc,heap     ] GC(190) Eden regions: 48->0(48)
[2025-03-28T19:28:05.387+0530][gc,heap     ] GC(190) Survivor regions: 3->3(7)
[2025-03-28T19:28:05.387+0530][gc,heap     ] GC(190) Old regions: 139->139
[2025-03-28T19:28:05.387+0530][gc,heap     ] GC(190) Archive regions: 2->2
[2025-03-28T19:28:05.387+0530][gc,heap     ] GC(190) Humongous regions: 140->140
[2025-03-28T19:28:05.387+0530][gc,metaspace] GC(190) Metaspace: 50304K(50944K)->50304K(50944K) NonClass: 44642K(44992K)->44642K(44992K) Class: 5662K(5952K)->5662K(5952K)
[2025-03-28T19:28:05.387+0530][gc          ] GC(190) Pause Young (Normal) (G1 Evacuation Pause) 330M->282M(1024M) 107.229ms
[2025-03-28T19:28:05.387+0530][gc,cpu      ] GC(190) User=0.13s Sys=0.01s Real=0.11s
[2025-03-28T19:28:06.217+0530][gc,mmu      ] GC(138) MMU target violated: 21.0ms (20.0ms/21.0ms)
[2025-03-28T19:28:06.218+0530][gc,phases   ] GC(138)   Pre Evacuate Collection Set: 0.6ms
[2025-03-28T19:28:06.219+0530][gc,phases   ] GC(138)   Merge Heap Roots: 0.3ms
[2025-03-28T19:28:06.219+0530][gc,phases   ] GC(138)   Evacuate Collection Set: 1320.3ms
[2025-03-28T19:28:06.219+0530][gc,phases   ] GC(138)   Post Evacuate Collection Set: 5.9ms
[2025-03-28T19:28:06.219+0530][gc,phases   ] GC(138)   Other: 1.2ms
[2025-03-28T19:28:06.219+0530][gc,heap     ] GC(138) Eden regions: 49->0(46)
[2025-03-28T19:28:06.219+0530][gc,heap     ] GC(138) Survivor regions: 2->5(7)
[2025-03-28T19:28:06.219+0530][gc,heap     ] GC(138) Old regions: 73->73
[2025-03-28T19:28:06.219+0530][gc,heap     ] GC(138) Archive regions: 2->2
[2025-03-28T19:28:06.219+0530][gc,heap     ] GC(138) Humongous regions: 149->147
[2025-03-28T19:28:06.219+0530][gc,metaspace] GC(138) Metaspace: 49697K(50240K)->49697K(50240K) NonClass: 44079K(44352K)->44079K(44352K) Class: 5617K(5888K)->5617K(5888K)
[2025-03-28T19:28:06.219+0530][gc          ] GC(138) Pause Young (Normal) (G1 Evacuation Pause) 273M->225M(1024M) 1329.456ms
[2025-03-28T19:28:06.220+0530][gc,cpu      ] GC(138) User=0.05s Sys=0.01s Real=1.33s
[2025-03-28T19:28:07.215+0530][gc,start    ] GC(139) Pause Young (Normal) (G1 Evacuation Pause)
[2025-03-28T19:28:07.215+0530][gc,task     ] GC(139) Using 2 workers of 2 for evacuation
[2025-03-28T19:28:07.237+0530][gc,mmu      ] GC(139) MMU target violated: 21.0ms (20.0ms/21.0ms)
[2025-03-28T19:28:07.237+0530][gc,phases   ] GC(139)   Pre Evacuate Collection Set: 0.5ms
[2025-03-28T19:28:07.238+0530][gc,phases   ] GC(139)   Merge Heap Roots: 0.2ms
[2025-03-28T19:28:07.238+0530][gc,phases   ] GC(139)   Evacuate Collection Set: 17.2ms
[2025-03-28T19:28:07.238+0530][gc,phases   ] GC(139)   Post Evacuate Collection Set: 4.1ms
[2025-03-28T19:28:07.238+0530][gc,phases   ] GC(139)   Other: 0.6ms
[2025-03-28T19:28:07.238+0530][gc,heap     ] GC(139) Eden regions: 46->0(49)
[2025-03-28T19:28:07.238+0530][gc,heap     ] GC(139) Survivor regions: 5->2(7)
[2025-03-28T19:28:07.238+0530][gc,heap     ] GC(139) Old regions: 73->74
[2025-03-28T19:28:07.238+0530][gc,heap     ] GC(139) Archive regions: 2->2
[2025-03-28T19:28:07.238+0530][gc,heap     ] GC(139) Humongous regions: 149->149
[2025-03-28T19:28:07.238+0530][gc,metaspace] GC(139) Metaspace: 49705K(50240K)->49705K(50240K) NonClass: 44087K(44352K)->44087K(44352K) Class: 5617K(5888K)->5617K(5888K)
[2025-03-28T19:28:07.238+0530][gc          ] GC(139) Pause Young (Normal) (G1 Evacuation Pause) 273M->225M(1024M) 22.822ms
[2025-03-28T19:28:07.238+0530][gc,cpu      ] GC(139) User=0.02s Sys=0.01s Real=0.03s
[2025-03-28T19:28:11.403+0530][gc,start    ] GC(191) Pause Young (Normal) (G1 Evacuation Pause)
[2025-03-28T19:28:11.403+0530][gc,task     ] GC(191) Using 2 workers of 2 for evacuation
[2025-03-28T19:28:11.497+0530][gc,mmu      ] GC(191) MMU target violated: 21.0ms (20.0ms/21.0ms)
[2025-03-28T19:28:11.497+0530][gc,phases   ] GC(191)   Pre Evacuate Collection Set: 0.7ms
[2025-03-28T19:28:11.497+0530][gc,phases   ] GC(191)   Merge Heap Roots: 0.5ms
[2025-03-28T19:28:11.497+0530][gc,phases   ] GC(191)   Evacuate Collection Set: 73.1ms
[2025-03-28T19:28:11.497+0530][gc,phases   ] GC(191)   Post Evacuate Collection Set: 18.8ms
[2025-03-28T19:28:11.497+0530][gc,phases   ] GC(191)   Other: 0.6ms
[2025-03-28T19:28:11.497+0530][gc,heap     ] GC(191) Eden regions: 48->0(49)
[2025-03-28T19:28:11.497+0530][gc,heap     ] GC(191) Survivor regions: 3->2(7)
[2025-03-28T19:28:11.497+0530][gc,heap     ] GC(191) Old regions: 139->139
[2025-03-28T19:28:11.497+0530][gc,heap     ] GC(191) Archive regions: 2->2
[2025-03-28T19:28:11.497+0530][gc,heap     ] GC(191) Humongous regions: 140->138
[2025-03-28T19:28:11.497+0530][gc,metaspace] GC(191) Metaspace: 50330K(51008K)->50330K(51008K) NonClass: 44667K(45056K)->44667K(45056K) Class: 5662K(5952K)->5662K(5952K)
[2025-03-28T19:28:11.497+0530][gc          ] GC(191) Pause Young (Normal) (G1 Evacuation Pause) 330M->279M(1024M) 94.282ms
[2025-03-28T19:28:11.498+0530][gc,cpu      ] GC(191) User=0.03s Sys=0.00s Real=0.11s
[2025-03-28T19:28:11.571+0530][gc,start    ] GC(140) Pause Young (Normal) (G1 Evacuation Pause)
[2025-03-28T19:28:11.571+0530][gc,task     ] GC(140) Using 2 workers of 2 for evacuation
[2025-03-28T19:28:11.610+0530][gc,mmu      ] GC(140) MMU target violated: 21.0ms (20.0ms/21.0ms)
[2025-03-28T19:28:11.611+0530][gc,phases   ] GC(140)   Pre Evacuate Collection Set: 0.7ms
[2025-03-28T19:28:11.611+0530][gc,phases   ] GC(140)   Merge Heap Roots: 0.3ms
[2025-03-28T19:28:11.611+0530][gc,phases   ] GC(140)   Evacuate Collection Set: 35.2ms
[2025-03-28T19:28:11.611+0530][gc,phases   ] GC(140)   Post Evacuate Collection Set: 2.7ms
[2025-03-28T19:28:11.611+0530][gc,phases   ] GC(140)   Other: 0.5ms
[2025-03-28T19:28:11.611+0530][gc,heap     ] GC(140) Eden regions: 49->0(47)
[2025-03-28T19:28:11.611+0530][gc,heap     ] GC(140) Survivor regions: 2->4(7)
[2025-03-28T19:28:11.611+0530][gc,heap     ] GC(140) Old regions: 74->74
[2025-03-28T19:28:11.611+0530][gc,heap     ] GC(140) Archive regions: 2->2
[2025-03-28T19:28:11.611+0530][gc,heap     ] GC(140) Humongous regions: 149->147
[2025-03-28T19:28:11.611+0530][gc,metaspace] GC(140) Metaspace: 49728K(50304K)->49728K(50304K) NonClass: 44110K(44416K)->44110K(44416K) Class: 5617K(5888K)->5617K(5888K)
[2025-03-28T19:28:11.611+0530][gc          ] GC(140) Pause Young (Normal) (G1 Evacuation Pause) 274M->225M(1024M) 40.056ms
[2025-03-28T19:28:11.611+0530][gc,cpu      ] GC(140) User=0.03s Sys=0.01s Real=0.04s
[2025-03-28T19:28:12.138+0530][gc,start    ] GC(141) Pause Young (Normal) (G1 Evacuation Pause)
[2025-03-28T19:28:12.138+0530][gc,task     ] GC(141) Using 2 workers of 2 for evacuation
[2025-03-28T19:28:12.176+0530][gc,mmu      ] GC(141) MMU target violated: 21.0ms (20.0ms/21.0ms)
[2025-03-28T19:28:12.176+0530][gc,phases   ] GC(141)   Pre Evacuate Collection Set: 0.8ms
[2025-03-28T19:28:12.176+0530][gc,phases   ] GC(141)   Merge Heap Roots: 0.9ms
[2025-03-28T19:28:12.176+0530][gc,phases   ] GC(141)   Evacuate Collection Set: 34.3ms
[2025-03-28T19:28:12.176+0530][gc,phases   ] GC(141)   Post Evacuate Collection Set: 1.6ms
[2025-03-28T19:28:12.176+0530][gc,phases   ] GC(141)   Other: 0.5ms
[2025-03-28T19:28:12.176+0530][gc,heap     ] GC(141) Eden regions: 47->0(49)
[2025-03-28T19:28:12.176+0530][gc,heap     ] GC(141) Survivor regions: 4->2(7)
[2025-03-28T19:28:12.176+0530][gc,heap     ] GC(141) Old regions: 74->75
[2025-03-28T19:28:12.176+0530][gc,heap     ] GC(141) Archive regions: 2->2
[2025-03-28T19:28:12.176+0530][gc,heap     ] GC(141) Humongous regions: 149->149
[2025-03-28T19:28:12.176+0530][gc,metaspace] GC(141) Metaspace: 49728K(50304K)->49728K(50304K) NonClass: 44111K(44416K)->44111K(44416K) Class: 5617K(5888K)->5617K(5888K)
[2025-03-28T19:28:12.177+0530][gc          ] GC(141) Pause Young (Normal) (G1 Evacuation Pause) 274M->226M(1024M) 38.473ms
[2025-03-28T19:28:12.177+0530][gc,cpu      ] GC(141) User=0.03s Sys=0.00s Real=0.04s
[2025-03-28T19:28:12.211+0530][gc,start    ] GC(192) Pause Young (Normal) (G1 Evacuation Pause)
[2025-03-28T19:28:12.211+0530][gc,task     ] GC(192) Using 2 workers of 2 for evacuation
[2025-03-28T19:28:12.290+0530][gc,mmu      ] GC(192) MMU target violated: 21.0ms (20.0ms/21.0ms)
[2025-03-28T19:28:12.290+0530][gc,phases   ] GC(192)   Pre Evacuate Collection Set: 0.7ms
[2025-03-28T19:28:12.290+0530][gc,phases   ] GC(192)   Merge Heap Roots: 0.6ms
[2025-03-28T19:28:12.290+0530][gc,phases   ] GC(192)   Evacuate Collection Set: 75.8ms
[2025-03-28T19:28:12.290+0530][gc,phases   ] GC(192)   Post Evacuate Collection Set: 1.6ms
[2025-03-28T19:28:12.291+0530][gc,phases   ] GC(192)   Other: 0.6ms
[2025-03-28T19:28:12.291+0530][gc,heap     ] GC(192) Eden regions: 49->0(44)
[2025-03-28T19:28:12.291+0530][gc,heap     ] GC(192) Survivor regions: 2->7(7)
[2025-03-28T19:28:12.291+0530][gc,heap     ] GC(192) Old regions: 139->140
[2025-03-28T19:28:12.291+0530][gc,heap     ] GC(192) Archive regions: 2->2
[2025-03-28T19:28:12.291+0530][gc,heap     ] GC(192) Humongous regions: 138->138
[2025-03-28T19:28:12.291+0530][gc,metaspace] GC(192) Metaspace: 50330K(51008K)->50330K(51008K) NonClass: 44667K(45056K)->44667K(45056K) Class: 5662K(5952K)->5662K(5952K)
[2025-03-28T19:28:12.291+0530][gc          ] GC(192) Pause Young (Normal) (G1 Evacuation Pause) 328M->285M(1024M) 80.373ms
[2025-03-28T19:28:12.292+0530][gc,cpu      ] GC(192) User=0.07s Sys=0.00s Real=0.08s
[2025-03-28T19:28:13.514+0530][gc,start    ] GC(193) Pause Young (Normal) (G1 Evacuation Pause)
[2025-03-28T19:28:13.517+0530][gc,task     ] GC(193) Using 2 workers of 2 for evacuation
[2025-03-28T19:28:13.560+0530][gc,mmu      ] GC(193) MMU target violated: 21.0ms (20.0ms/21.0ms)
[2025-03-28T19:28:13.560+0530][gc,phases   ] GC(193)   Pre Evacuate Collection Set: 13.0ms
[2025-03-28T19:28:13.560+0530][gc,phases   ] GC(193)   Merge Heap Roots: 0.4ms
[2025-03-28T19:28:13.560+0530][gc,phases   ] GC(193)   Evacuate Collection Set: 18.2ms
[2025-03-28T19:28:13.560+0530][gc,phases   ] GC(193)   Post Evacuate Collection Set: 10.8ms
[2025-03-28T19:28:13.560+0530][gc,phases   ] GC(193)   Other: 3.5ms
[2025-03-28T19:28:13.560+0530][gc,heap     ] GC(193) Eden regions: 44->0(50)
[2025-03-28T19:28:13.560+0530][gc,heap     ] GC(193) Survivor regions: 7->1(7)
[2025-03-28T19:28:13.560+0530][gc,heap     ] GC(193) Old regions: 140->141
[2025-03-28T19:28:13.560+0530][gc,heap     ] GC(193) Archive regions: 2->2
[2025-03-28T19:28:13.560+0530][gc,heap     ] GC(193) Humongous regions: 140->138
[2025-03-28T19:28:13.560+0530][gc,metaspace] GC(193) Metaspace: 50330K(51008K)->50330K(51008K) NonClass: 44667K(45056K)->44667K(45056K) Class: 5662K(5952K)->5662K(5952K)
[2025-03-28T19:28:13.561+0530][gc          ] GC(193) Pause Young (Normal) (G1 Evacuation Pause) 331M->280M(1024M) 46.407ms
[2025-03-28T19:28:13.561+0530][gc,cpu      ] GC(193) User=0.03s Sys=0.01s Real=0.06s
[2025-03-28T19:28:13.965+0530][gc,start    ] GC(194) Pause Young (Normal) (G1 Evacuation Pause)
[2025-03-28T19:28:13.966+0530][gc,task     ] GC(194) Using 2 workers of 2 for evacuation
[2025-03-28T19:28:13.994+0530][gc,mmu      ] GC(194) MMU target violated: 21.0ms (20.0ms/21.0ms)
[2025-03-28T19:28:13.994+0530][gc,phases   ] GC(194)   Pre Evacuate Collection Set: 0.7ms
[2025-03-28T19:28:13.994+0530][gc,phases   ] GC(194)   Merge Heap Roots: 0.4ms
[2025-03-28T19:28:13.994+0530][gc,phases   ] GC(194)   Evacuate Collection Set: 25.9ms
[2025-03-28T19:28:13.995+0530][gc,phases   ] GC(194)   Post Evacuate Collection Set: 1.5ms
[2025-03-28T19:28:13.995+0530][gc,phases   ] GC(194)   Other: 0.7ms
[2025-03-28T19:28:13.995+0530][gc,heap     ] GC(194) Eden regions: 50->0(44)
[2025-03-28T19:28:13.995+0530][gc,heap     ] GC(194) Survivor regions: 1->7(7)
[2025-03-28T19:28:13.995+0530][gc,heap     ] GC(194) Old regions: 141->141
[2025-03-28T19:28:13.995+0530][gc,heap     ] GC(194) Archive regions: 2->2
[2025-03-28T19:28:13.995+0530][gc,heap     ] GC(194) Humongous regions: 138->138
[2025-03-28T19:28:13.995+0530][gc,metaspace] GC(194) Metaspace: 50330K(51008K)->50330K(51008K) NonClass: 44667K(45056K)->44667K(45056K) Class: 5662K(5952K)->5662K(5952K)
[2025-03-28T19:28:13.995+0530][gc          ] GC(194) Pause Young (Normal) (G1 Evacuation Pause) 330M->286M(1024M) 29.734ms
[2025-03-28T19:28:13.995+0530][gc,cpu      ] GC(194) User=0.04s Sys=0.01s Real=0.04s
[2025-03-28T19:28:14.269+0530][gc,start    ] GC(195) Pause Young (Normal) (G1 Evacuation Pause)
[2025-03-28T19:28:14.269+0530][gc,task     ] GC(195) Using 2 workers of 2 for evacuation
[2025-03-28T19:28:14.302+0530][gc,mmu      ] GC(195) MMU target violated: 21.0ms (20.0ms/21.0ms)
[2025-03-28T19:28:14.302+0530][gc,phases   ] GC(195)   Pre Evacuate Collection Set: 0.6ms
[2025-03-28T19:28:14.302+0530][gc,phases   ] GC(195)   Merge Heap Roots: 1.0ms
[2025-03-28T19:28:14.302+0530][gc,phases   ] GC(195)   Evacuate Collection Set: 27.8ms
[2025-03-28T19:28:14.302+0530][gc,phases   ] GC(195)   Post Evacuate Collection Set: 2.1ms
[2025-03-28T19:28:14.302+0530][gc,phases   ] GC(195)   Other: 1.5ms
[2025-03-28T19:28:14.302+0530][gc,heap     ] GC(195) Eden regions: 44->0(50)
[2025-03-28T19:28:14.302+0530][gc,heap     ] GC(195) Survivor regions: 7->1(7)
[2025-03-28T19:28:14.302+0530][gc,heap     ] GC(195) Old regions: 141->143
[2025-03-28T19:28:14.302+0530][gc,heap     ] GC(195) Archive regions: 2->2
[2025-03-28T19:28:14.302+0530][gc,heap     ] GC(195) Humongous regions: 140->140
[2025-03-28T19:28:14.302+0530][gc,metaspace] GC(195) Metaspace: 50331K(51008K)->50331K(51008K) NonClass: 44669K(45056K)->44669K(45056K) Class: 5662K(5952K)->5662K(5952K)
[2025-03-28T19:28:14.303+0530][gc          ] GC(195) Pause Young (Normal) (G1 Evacuation Pause) 332M->284M(1024M) 33.511ms
[2025-03-28T19:28:14.303+0530][gc,cpu      ] GC(195) User=0.04s Sys=0.01s Real=0.03s
[2025-03-28T19:28:14.734+0530][gc,start    ] GC(142) Pause Young (Normal) (G1 Evacuation Pause)
[2025-03-28T19:28:14.734+0530][gc,task     ] GC(142) Using 2 workers of 2 for evacuation
[2025-03-28T19:28:14.763+0530][gc,mmu      ] GC(142) MMU target violated: 21.0ms (20.0ms/21.0ms)
[2025-03-28T19:28:14.764+0530][gc,phases   ] GC(142)   Pre Evacuate Collection Set: 0.8ms
[2025-03-28T19:28:14.764+0530][gc,phases   ] GC(142)   Merge Heap Roots: 0.4ms
[2025-03-28T19:28:14.764+0530][gc,phases   ] GC(142)   Evacuate Collection Set: 25.4ms
[2025-03-28T19:28:14.764+0530][gc,phases   ] GC(142)   Post Evacuate Collection Set: 2.7ms
[2025-03-28T19:28:14.764+0530][gc,phases   ] GC(142)   Other: 0.8ms
[2025-03-28T19:28:14.764+0530][gc,heap     ] GC(142) Eden regions: 49->0(47)
[2025-03-28T19:28:14.764+0530][gc,heap     ] GC(142) Survivor regions: 2->4(7)
[2025-03-28T19:28:14.764+0530][gc,heap     ] GC(142) Old regions: 75->75
[2025-03-28T19:28:14.764+0530][gc,heap     ] GC(142) Archive regions: 2->2
[2025-03-28T19:28:14.764+0530][gc,heap     ] GC(142) Humongous regions: 149->147
[2025-03-28T19:28:14.764+0530][gc,metaspace] GC(142) Metaspace: 49774K(50368K)->49774K(50368K) NonClass: 44156K(44480K)->44156K(44480K) Class: 5617K(5888K)->5617K(5888K)
[2025-03-28T19:28:14.764+0530][gc          ] GC(142) Pause Young (Normal) (G1 Evacuation Pause) 275M->225M(1024M) 30.405ms
[2025-03-28T19:28:14.764+0530][gc,cpu      ] GC(142) User=0.05s Sys=0.01s Real=0.03s
[2025-03-28T19:28:15.243+0530][gc,start    ] GC(143) Pause Young (Normal) (G1 Evacuation Pause)
[2025-03-28T19:28:15.243+0530][gc,task     ] GC(143) Using 2 workers of 2 for evacuation
[2025-03-28T19:28:15.267+0530][gc,mmu      ] GC(143) MMU target violated: 21.0ms (20.0ms/21.0ms)
[2025-03-28T19:28:15.267+0530][gc,phases   ] GC(143)   Pre Evacuate Collection Set: 0.5ms
[2025-03-28T19:28:15.267+0530][gc,phases   ] GC(143)   Merge Heap Roots: 0.4ms
[2025-03-28T19:28:15.267+0530][gc,phases   ] GC(143)   Evacuate Collection Set: 19.3ms
[2025-03-28T19:28:15.267+0530][gc,phases   ] GC(143)   Post Evacuate Collection Set: 3.7ms
[2025-03-28T19:28:15.268+0530][gc,phases   ] GC(143)   Other: 0.6ms
[2025-03-28T19:28:15.268+0530][gc,heap     ] GC(143) Eden regions: 47->0(48)
[2025-03-28T19:28:15.268+0530][gc,heap     ] GC(143) Survivor regions: 4->3(7)
[2025-03-28T19:28:15.268+0530][gc,heap     ] GC(143) Old regions: 75->75
[2025-03-28T19:28:15.268+0530][gc,heap     ] GC(143) Archive regions: 2->2
[2025-03-28T19:28:15.268+0530][gc,heap     ] GC(143) Humongous regions: 149->149
[2025-03-28T19:28:15.268+0530][gc,metaspace] GC(143) Metaspace: 49776K(50368K)->49776K(50368K) NonClass: 44158K(44480K)->44158K(44480K) Class: 5617K(5888K)->5617K(5888K)
[2025-03-28T19:28:15.268+0530][gc          ] GC(143) Pause Young (Normal) (G1 Evacuation Pause) 274M->226M(1024M) 25.470ms
[2025-03-28T19:28:15.268+0530][gc,cpu      ] GC(143) User=0.03s Sys=0.00s Real=0.03s
[2025-03-28T19:28:21.660+0530][gc,start    ] GC(144) Pause Young (Normal) (G1 Evacuation Pause)
[2025-03-28T19:28:21.660+0530][gc,task     ] GC(144) Using 2 workers of 2 for evacuation
[2025-03-28T19:28:21.771+0530][gc,mmu      ] GC(144) MMU target violated: 21.0ms (20.0ms/21.0ms)
[2025-03-28T19:28:21.771+0530][gc,phases   ] GC(144)   Pre Evacuate Collection Set: 2.4ms
[2025-03-28T19:28:21.771+0530][gc,phases   ] GC(144)   Merge Heap Roots: 1.1ms
[2025-03-28T19:28:21.771+0530][gc,phases   ] GC(144)   Evacuate Collection Set: 101.5ms
[2025-03-28T19:28:21.771+0530][gc,phases   ] GC(144)   Post Evacuate Collection Set: 5.2ms
[2025-03-28T19:28:21.771+0530][gc,phases   ] GC(144)   Other: 1.0ms
[2025-03-28T19:28:21.771+0530][gc,heap     ] GC(144) Eden regions: 48->0(48)
[2025-03-28T19:28:21.771+0530][gc,heap     ] GC(144) Survivor regions: 3->3(7)
[2025-03-28T19:28:21.771+0530][gc,heap     ] GC(144) Old regions: 75->75
[2025-03-28T19:28:21.771+0530][gc,heap     ] GC(144) Archive regions: 2->2
[2025-03-28T19:28:21.772+0530][gc,heap     ] GC(144) Humongous regions: 149->147
[2025-03-28T19:28:21.772+0530][gc,metaspace] GC(144) Metaspace: 49791K(50432K)->49791K(50432K) NonClass: 44173K(44544K)->44173K(44544K) Class: 5617K(5888K)->5617K(5888K)
[2025-03-28T19:28:21.772+0530][gc          ] GC(144) Pause Young (Normal) (G1 Evacuation Pause) 274M->225M(1024M) 111.743ms
[2025-03-28T19:28:21.772+0530][gc,cpu      ] GC(144) User=0.06s Sys=0.01s Real=0.11s
[2025-03-28T19:28:21.962+0530][gc,start    ] GC(196) Pause Young (Normal) (G1 Evacuation Pause)
[2025-03-28T19:28:21.962+0530][gc,task     ] GC(196) Using 2 workers of 2 for evacuation
[2025-03-28T19:28:22.083+0530][gc,mmu      ] GC(196) MMU target violated: 21.0ms (20.0ms/21.0ms)
[2025-03-28T19:28:22.083+0530][gc,phases   ] GC(196)   Pre Evacuate Collection Set: 0.7ms
[2025-03-28T19:28:22.083+0530][gc,phases   ] GC(196)   Merge Heap Roots: 0.4ms
[2025-03-28T19:28:22.084+0530][gc,phases   ] GC(196)   Evacuate Collection Set: 117.2ms
[2025-03-28T19:28:22.084+0530][gc,phases   ] GC(196)   Post Evacuate Collection Set: 2.2ms
[2025-03-28T19:28:22.084+0530][gc,phases   ] GC(196)   Other: 0.8ms
[2025-03-28T19:28:22.084+0530][gc,heap     ] GC(196) Eden regions: 50->0(44)
[2025-03-28T19:28:22.084+0530][gc,heap     ] GC(196) Survivor regions: 1->7(7)
[2025-03-28T19:28:22.084+0530][gc,heap     ] GC(196) Old regions: 143->143
[2025-03-28T19:28:22.084+0530][gc,heap     ] GC(196) Archive regions: 2->2
[2025-03-28T19:28:22.084+0530][gc,heap     ] GC(196) Humongous regions: 140->138
[2025-03-28T19:28:22.084+0530][gc,metaspace] GC(196) Metaspace: 50337K(51008K)->50337K(51008K) NonClass: 44674K(45056K)->44674K(45056K) Class: 5662K(5952K)->5662K(5952K)
[2025-03-28T19:28:22.084+0530][gc          ] GC(196) Pause Young (Normal) (G1 Evacuation Pause) 334M->287M(1024M) 121.906ms
[2025-03-28T19:28:22.084+0530][gc,cpu      ] GC(196) User=0.07s Sys=0.00s Real=0.12s
[2025-03-28T19:28:22.771+0530][gc,start    ] GC(145) Pause Young (Normal) (G1 Evacuation Pause)
[2025-03-28T19:28:22.772+0530][gc,task     ] GC(145) Using 2 workers of 2 for evacuation
[2025-03-28T19:28:22.845+0530][gc,mmu      ] GC(145) MMU target violated: 21.0ms (20.0ms/21.0ms)
[2025-03-28T19:28:22.845+0530][gc,phases   ] GC(145)   Pre Evacuate Collection Set: 0.8ms
[2025-03-28T19:28:22.845+0530][gc,phases   ] GC(145)   Merge Heap Roots: 0.2ms
[2025-03-28T19:28:22.845+0530][gc,phases   ] GC(145)   Evacuate Collection Set: 69.7ms
[2025-03-28T19:28:22.845+0530][gc,phases   ] GC(145)   Post Evacuate Collection Set: 2.4ms
[2025-03-28T19:28:22.845+0530][gc,phases   ] GC(145)   Other: 0.7ms
[2025-03-28T19:28:22.845+0530][gc,heap     ] GC(145) Eden regions: 48->0(48)
[2025-03-28T19:28:22.845+0530][gc,heap     ] GC(145) Survivor regions: 3->3(7)
[2025-03-28T19:28:22.845+0530][gc,heap     ] GC(145) Old regions: 75->75
[2025-03-28T19:28:22.845+0530][gc,heap     ] GC(145) Archive regions: 2->2
[2025-03-28T19:28:22.845+0530][gc,heap     ] GC(145) Humongous regions: 149->149
[2025-03-28T19:28:22.845+0530][gc,metaspace] GC(145) Metaspace: 49791K(50432K)->49791K(50432K) NonClass: 44173K(44544K)->44173K(44544K) Class: 5617K(5888K)->5617K(5888K)
[2025-03-28T19:28:22.846+0530][gc          ] GC(145) Pause Young (Normal) (G1 Evacuation Pause) 275M->226M(1024M) 74.159ms
[2025-03-28T19:28:22.846+0530][gc,cpu      ] GC(145) User=0.05s Sys=0.00s Real=0.07s
[2025-03-28T19:28:23.095+0530][gc,start    ] GC(197) Pause Young (Normal) (G1 Evacuation Pause)
[2025-03-28T19:28:23.095+0530][gc,task     ] GC(197) Using 2 workers of 2 for evacuation
[2025-03-28T19:28:23.185+0530][gc,mmu      ] GC(197) MMU target violated: 21.0ms (20.0ms/21.0ms)
[2025-03-28T19:28:23.185+0530][gc,phases   ] GC(197)   Pre Evacuate Collection Set: 0.7ms
[2025-03-28T19:28:23.185+0530][gc,phases   ] GC(197)   Merge Heap Roots: 0.4ms
[2025-03-28T19:28:23.185+0530][gc,phases   ] GC(197)   Evacuate Collection Set: 86.5ms
[2025-03-28T19:28:23.185+0530][gc,phases   ] GC(197)   Post Evacuate Collection Set: 1.6ms
[2025-03-28T19:28:23.185+0530][gc,phases   ] GC(197)   Other: 0.7ms
[2025-03-28T19:28:23.185+0530][gc,heap     ] GC(197) Eden regions: 44->0(49)
[2025-03-28T19:28:23.185+0530][gc,heap     ] GC(197) Survivor regions: 7->2(7)
[2025-03-28T19:28:23.185+0530][gc,heap     ] GC(197) Old regions: 143->144
[2025-03-28T19:28:23.185+0530][gc,heap     ] GC(197) Archive regions: 2->2
[2025-03-28T19:28:23.185+0530][gc,heap     ] GC(197) Humongous regions: 140->140
[2025-03-28T19:28:23.185+0530][gc,metaspace] GC(197) Metaspace: 50337K(51008K)->50337K(51008K) NonClass: 44674K(45056K)->44674K(45056K) Class: 5662K(5952K)->5662K(5952K)
[2025-03-28T19:28:23.185+0530][gc          ] GC(197) Pause Young (Normal) (G1 Evacuation Pause) 333M->285M(1024M) 90.255ms
[2025-03-28T19:28:23.185+0530][gc,cpu      ] GC(197) User=0.03s Sys=0.01s Real=0.09s
[2025-03-28T19:28:23.755+0530][gc,start    ] GC(198) Pause Young (Normal) (G1 Evacuation Pause)
[2025-03-28T19:28:23.755+0530][gc,task     ] GC(198) Using 2 workers of 2 for evacuation
[2025-03-28T19:28:23.776+0530][gc,phases   ] GC(198)   Pre Evacuate Collection Set: 0.4ms
[2025-03-28T19:28:23.776+0530][gc,phases   ] GC(198)   Merge Heap Roots: 0.2ms
[2025-03-28T19:28:23.776+0530][gc,phases   ] GC(198)   Evacuate Collection Set: 18.1ms
[2025-03-28T19:28:23.776+0530][gc,phases   ] GC(198)   Post Evacuate Collection Set: 1.4ms
[2025-03-28T19:28:23.776+0530][gc,phases   ] GC(198)   Other: 0.4ms
[2025-03-28T19:28:23.776+0530][gc,heap     ] GC(198) Eden regions: 49->0(45)
[2025-03-28T19:28:23.776+0530][gc,heap     ] GC(198) Survivor regions: 2->6(7)
[2025-03-28T19:28:23.776+0530][gc,heap     ] GC(198) Old regions: 144->144
[2025-03-28T19:28:23.776+0530][gc,heap     ] GC(198) Archive regions: 2->2
[2025-03-28T19:28:23.776+0530][gc,heap     ] GC(198) Humongous regions: 140->138
[2025-03-28T19:28:23.776+0530][gc,metaspace] GC(198) Metaspace: 50337K(51008K)->50337K(51008K) NonClass: 44674K(45056K)->44674K(45056K) Class: 5662K(5952K)->5662K(5952K)
[2025-03-28T19:28:23.777+0530][gc          ] GC(198) Pause Young (Normal) (G1 Evacuation Pause) 334M->287M(1024M) 21.404ms
[2025-03-28T19:28:23.777+0530][gc,cpu      ] GC(198) User=0.03s Sys=0.00s Real=0.04s
[2025-03-28T19:28:24.568+0530][gc,start    ] GC(199) Pause Young (Normal) (G1 Evacuation Pause)
[2025-03-28T19:28:24.568+0530][gc,task     ] GC(199) Using 2 workers of 2 for evacuation
[2025-03-28T19:28:24.637+0530][gc,mmu      ] GC(199) MMU target violated: 21.0ms (20.0ms/21.0ms)
[2025-03-28T19:28:24.638+0530][gc,phases   ] GC(199)   Pre Evacuate Collection Set: 1.1ms
[2025-03-28T19:28:24.638+0530][gc,phases   ] GC(199)   Merge Heap Roots: 0.6ms
[2025-03-28T19:28:24.638+0530][gc,phases   ] GC(199)   Evacuate Collection Set: 52.1ms
[2025-03-28T19:28:24.638+0530][gc,phases   ] GC(199)   Post Evacuate Collection Set: 15.2ms
[2025-03-28T19:28:24.638+0530][gc,phases   ] GC(199)   Other: 1.1ms
[2025-03-28T19:28:24.638+0530][gc,heap     ] GC(199) Eden regions: 45->0(49)
[2025-03-28T19:28:24.638+0530][gc,heap     ] GC(199) Survivor regions: 6->2(7)
[2025-03-28T19:28:24.638+0530][gc,heap     ] GC(199) Old regions: 144->145
[2025-03-28T19:28:24.638+0530][gc,heap     ] GC(199) Archive regions: 2->2
[2025-03-28T19:28:24.638+0530][gc,heap     ] GC(199) Humongous regions: 140->140
[2025-03-28T19:28:24.638+0530][gc,metaspace] GC(199) Metaspace: 50337K(51008K)->50337K(51008K) NonClass: 44674K(45056K)->44674K(45056K) Class: 5662K(5952K)->5662K(5952K)
[2025-03-28T19:28:24.638+0530][gc          ] GC(199) Pause Young (Normal) (G1 Evacuation Pause) 334M->287M(1024M) 70.461ms
[2025-03-28T19:28:24.638+0530][gc,cpu      ] GC(199) User=0.05s Sys=0.00s Real=0.07s
[2025-03-28T19:28:24.739+0530][gc,start    ] GC(146) Pause Young (Normal) (G1 Evacuation Pause)
[2025-03-28T19:28:24.739+0530][gc,task     ] GC(146) Using 2 workers of 2 for evacuation
[2025-03-28T19:28:24.805+0530][gc,mmu      ] GC(146) MMU target violated: 21.0ms (20.0ms/21.0ms)
[2025-03-28T19:28:24.805+0530][gc,phases   ] GC(146)   Pre Evacuate Collection Set: 0.9ms
[2025-03-28T19:28:24.805+0530][gc,phases   ] GC(146)   Merge Heap Roots: 0.4ms
[2025-03-28T19:28:24.805+0530][gc,phases   ] GC(146)   Evacuate Collection Set: 62.7ms
[2025-03-28T19:28:24.805+0530][gc,phases   ] GC(146)   Post Evacuate Collection Set: 1.5ms
[2025-03-28T19:28:24.805+0530][gc,phases   ] GC(146)   Other: 0.6ms
[2025-03-28T19:28:24.805+0530][gc,heap     ] GC(146) Eden regions: 48->0(48)
[2025-03-28T19:28:24.805+0530][gc,heap     ] GC(146) Survivor regions: 3->3(7)
[2025-03-28T19:28:24.805+0530][gc,heap     ] GC(146) Old regions: 75->75
[2025-03-28T19:28:24.805+0530][gc,heap     ] GC(146) Archive regions: 2->2
[2025-03-28T19:28:24.805+0530][gc,heap     ] GC(146) Humongous regions: 149->147
[2025-03-28T19:28:24.805+0530][gc,metaspace] GC(146) Metaspace: 49791K(50432K)->49791K(50432K) NonClass: 44173K(44544K)->44173K(44544K) Class: 5617K(5888K)->5617K(5888K)
[2025-03-28T19:28:24.805+0530][gc          ] GC(146) Pause Young (Normal) (G1 Evacuation Pause) 274M->224M(1024M) 66.327ms
[2025-03-28T19:28:24.806+0530][gc,cpu      ] GC(146) User=0.03s Sys=0.00s Real=0.06s
[2025-03-28T19:28:25.515+0530][gc,start    ] GC(147) Pause Young (Normal) (G1 Evacuation Pause)
[2025-03-28T19:28:25.516+0530][gc,task     ] GC(147) Using 2 workers of 2 for evacuation
[2025-03-28T19:28:25.566+0530][gc,mmu      ] GC(147) MMU target violated: 21.0ms (20.0ms/21.0ms)
[2025-03-28T19:28:25.567+0530][gc,phases   ] GC(147)   Pre Evacuate Collection Set: 0.7ms
[2025-03-28T19:28:25.567+0530][gc,phases   ] GC(147)   Merge Heap Roots: 2.8ms
[2025-03-28T19:28:25.567+0530][gc,phases   ] GC(147)   Evacuate Collection Set: 45.2ms
[2025-03-28T19:28:25.567+0530][gc,phases   ] GC(147)   Post Evacuate Collection Set: 1.7ms
[2025-03-28T19:28:25.567+0530][gc,phases   ] GC(147)   Other: 0.8ms
[2025-03-28T19:28:25.567+0530][gc,heap     ] GC(147) Eden regions: 48->0(48)
[2025-03-28T19:28:25.567+0530][gc,heap     ] GC(147) Survivor regions: 3->3(7)
[2025-03-28T19:28:25.567+0530][gc,heap     ] GC(147) Old regions: 75->75
[2025-03-28T19:28:25.567+0530][gc,heap     ] GC(147) Archive regions: 2->2
[2025-03-28T19:28:25.567+0530][gc,heap     ] GC(147) Humongous regions: 149->149
[2025-03-28T19:28:25.567+0530][gc,metaspace] GC(147) Metaspace: 49793K(50432K)->49793K(50432K) NonClass: 44175K(44544K)->44175K(44544K) Class: 5617K(5888K)->5617K(5888K)
[2025-03-28T19:28:25.567+0530][gc          ] GC(147) Pause Young (Normal) (G1 Evacuation Pause) 274M->226M(1024M) 51.745ms
[2025-03-28T19:28:25.567+0530][gc,cpu      ] GC(147) User=0.04s Sys=0.02s Real=0.05s
[2025-03-28T19:28:31.423+0530][gc,start    ] GC(148) Pause Young (Normal) (G1 Evacuation Pause)
[2025-03-28T19:28:31.423+0530][gc,task     ] GC(148) Using 2 workers of 2 for evacuation
[2025-03-28T19:28:31.463+0530][gc,mmu      ] GC(148) MMU target violated: 21.0ms (20.0ms/21.0ms)
[2025-03-28T19:28:31.463+0530][gc,phases   ] GC(148)   Pre Evacuate Collection Set: 4.1ms
[2025-03-28T19:28:31.463+0530][gc,phases   ] GC(148)   Merge Heap Roots: 0.5ms
[2025-03-28T19:28:31.463+0530][gc,phases   ] GC(148)   Evacuate Collection Set: 16.9ms
[2025-03-28T19:28:31.463+0530][gc,phases   ] GC(148)   Post Evacuate Collection Set: 18.0ms
[2025-03-28T19:28:31.463+0530][gc,phases   ] GC(148)   Other: 0.6ms
[2025-03-28T19:28:31.463+0530][gc,heap     ] GC(148) Eden regions: 48->0(49)
[2025-03-28T19:28:31.463+0530][gc,heap     ] GC(148) Survivor regions: 3->2(7)
[2025-03-28T19:28:31.463+0530][gc,heap     ] GC(148) Old regions: 75->75
[2025-03-28T19:28:31.463+0530][gc,heap     ] GC(148) Archive regions: 2->2
[2025-03-28T19:28:31.464+0530][gc,heap     ] GC(148) Humongous regions: 149->147
[2025-03-28T19:28:31.464+0530][gc,metaspace] GC(148) Metaspace: 49801K(50432K)->49801K(50432K) NonClass: 44183K(44544K)->44183K(44544K) Class: 5617K(5888K)->5617K(5888K)
[2025-03-28T19:28:31.464+0530][gc          ] GC(148) Pause Young (Normal) (G1 Evacuation Pause) 274M->224M(1024M) 40.574ms
[2025-03-28T19:28:31.464+0530][gc,cpu      ] GC(148) User=0.02s Sys=0.01s Real=0.05s
[2025-03-28T19:28:31.687+0530][gc,start    ] GC(200) Pause Young (Normal) (G1 Evacuation Pause)
[2025-03-28T19:28:31.687+0530][gc,task     ] GC(200) Using 2 workers of 2 for evacuation
[2025-03-28T19:28:31.759+0530][gc,mmu      ] GC(200) MMU target violated: 21.0ms (20.0ms/21.0ms)
[2025-03-28T19:28:31.759+0530][gc,phases   ] GC(200)   Pre Evacuate Collection Set: 0.7ms
[2025-03-28T19:28:31.759+0530][gc,phases   ] GC(200)   Merge Heap Roots: 0.4ms
[2025-03-28T19:28:31.759+0530][gc,phases   ] GC(200)   Evacuate Collection Set: 69.6ms
[2025-03-28T19:28:31.759+0530][gc,phases   ] GC(200)   Post Evacuate Collection Set: 1.5ms
[2025-03-28T19:28:31.759+0530][gc,phases   ] GC(200)   Other: 0.6ms
[2025-03-28T19:28:31.760+0530][gc,heap     ] GC(200) Eden regions: 49->0(46)
[2025-03-28T19:28:31.760+0530][gc,heap     ] GC(200) Survivor regions: 2->5(7)
[2025-03-28T19:28:31.760+0530][gc,heap     ] GC(200) Old regions: 145->145
[2025-03-28T19:28:31.760+0530][gc,heap     ] GC(200) Archive regions: 2->2
[2025-03-28T19:28:31.760+0530][gc,heap     ] GC(200) Humongous regions: 140->138
[2025-03-28T19:28:31.760+0530][gc,metaspace] GC(200) Metaspace: 50340K(51008K)->50340K(51008K) NonClass: 44678K(45056K)->44678K(45056K) Class: 5662K(5952K)->5662K(5952K)
[2025-03-28T19:28:31.760+0530][gc          ] GC(200) Pause Young (Normal) (G1 Evacuation Pause) 336M->287M(1024M) 73.166ms
[2025-03-28T19:28:31.760+0530][gc,cpu      ] GC(200) User=0.08s Sys=0.01s Real=0.08s
[2025-03-28T19:28:32.275+0530][gc,start    ] GC(201) Pause Young (Normal) (G1 Evacuation Pause)
[2025-03-28T19:28:32.275+0530][gc,task     ] GC(201) Using 2 workers of 2 for evacuation
[2025-03-28T19:28:32.295+0530][gc,start    ] GC(149) Pause Young (Normal) (G1 Evacuation Pause)
[2025-03-28T19:28:32.295+0530][gc,task     ] GC(149) Using 2 workers of 2 for evacuation
[2025-03-28T19:28:32.327+0530][gc,mmu      ] GC(201) MMU target violated: 21.0ms (20.0ms/21.0ms)
[2025-03-28T19:28:32.327+0530][gc,phases   ] GC(201)   Pre Evacuate Collection Set: 1.1ms
[2025-03-28T19:28:32.327+0530][gc,phases   ] GC(201)   Merge Heap Roots: 0.4ms
[2025-03-28T19:28:32.327+0530][gc,phases   ] GC(201)   Evacuate Collection Set: 48.6ms
[2025-03-28T19:28:32.327+0530][gc,phases   ] GC(201)   Post Evacuate Collection Set: 1.8ms
[2025-03-28T19:28:32.328+0530][gc,phases   ] GC(201)   Other: 1.0ms
[2025-03-28T19:28:32.328+0530][gc,heap     ] GC(201) Eden regions: 46->0(49)
[2025-03-28T19:28:32.328+0530][gc,heap     ] GC(201) Survivor regions: 5->2(7)
[2025-03-28T19:28:32.328+0530][gc,heap     ] GC(201) Old regions: 145->146
[2025-03-28T19:28:32.328+0530][gc,heap     ] GC(201) Archive regions: 2->2
[2025-03-28T19:28:32.328+0530][gc,heap     ] GC(201) Humongous regions: 140->140
[2025-03-28T19:28:32.328+0530][gc,metaspace] GC(201) Metaspace: 50341K(51008K)->50341K(51008K) NonClass: 44678K(45056K)->44678K(45056K) Class: 5662K(5952K)->5662K(5952K)
[2025-03-28T19:28:32.328+0530][gc          ] GC(201) Pause Young (Normal) (G1 Evacuation Pause) 335M->287M(1024M) 53.114ms
[2025-03-28T19:28:32.328+0530][gc,cpu      ] GC(201) User=0.04s Sys=0.01s Real=0.06s
[2025-03-28T19:28:32.435+0530][gc,mmu      ] GC(149) MMU target violated: 21.0ms (20.0ms/21.0ms)
[2025-03-28T19:28:32.435+0530][gc,phases   ] GC(149)   Pre Evacuate Collection Set: 0.7ms
[2025-03-28T19:28:32.435+0530][gc,phases   ] GC(149)   Merge Heap Roots: 0.2ms
[2025-03-28T19:28:32.435+0530][gc,phases   ] GC(149)   Evacuate Collection Set: 124.3ms
[2025-03-28T19:28:32.436+0530][gc,phases   ] GC(149)   Post Evacuate Collection Set: 15.1ms
[2025-03-28T19:28:32.436+0530][gc,phases   ] GC(149)   Other: 0.6ms
[2025-03-28T19:28:32.436+0530][gc,heap     ] GC(149) Eden regions: 49->0(44)
[2025-03-28T19:28:32.436+0530][gc,heap     ] GC(149) Survivor regions: 2->7(7)
[2025-03-28T19:28:32.436+0530][gc,heap     ] GC(149) Old regions: 75->76
[2025-03-28T19:28:32.436+0530][gc,heap     ] GC(149) Archive regions: 2->2
[2025-03-28T19:28:32.436+0530][gc,heap     ] GC(149) Humongous regions: 147->147
[2025-03-28T19:28:32.436+0530][gc,metaspace] GC(149) Metaspace: 49804K(50432K)->49804K(50432K) NonClass: 44187K(44544K)->44187K(44544K) Class: 5617K(5888K)->5617K(5888K)
[2025-03-28T19:28:32.436+0530][gc          ] GC(149) Pause Young (Normal) (G1 Evacuation Pause) 273M->229M(1024M) 141.417ms
[2025-03-28T19:28:32.436+0530][gc,cpu      ] GC(149) User=0.06s Sys=0.01s Real=0.15s
[2025-03-28T19:28:33.692+0530][gc,start    ] GC(202) Pause Young (Normal) (G1 Evacuation Pause)
[2025-03-28T19:28:33.692+0530][gc,task     ] GC(202) Using 2 workers of 2 for evacuation
[2025-03-28T19:28:33.708+0530][gc,phases   ] GC(202)   Pre Evacuate Collection Set: 0.6ms
[2025-03-28T19:28:33.708+0530][gc,phases   ] GC(202)   Merge Heap Roots: 0.3ms
[2025-03-28T19:28:33.708+0530][gc,phases   ] GC(202)   Evacuate Collection Set: 12.1ms
[2025-03-28T19:28:33.708+0530][gc,phases   ] GC(202)   Post Evacuate Collection Set: 2.1ms
[2025-03-28T19:28:33.708+0530][gc,phases   ] GC(202)   Other: 0.4ms
[2025-03-28T19:28:33.708+0530][gc,heap     ] GC(202) Eden regions: 49->0(47)
[2025-03-28T19:28:33.708+0530][gc,heap     ] GC(202) Survivor regions: 2->4(7)
[2025-03-28T19:28:33.708+0530][gc,heap     ] GC(202) Old regions: 146->146
[2025-03-28T19:28:33.708+0530][gc,heap     ] GC(202) Archive regions: 2->2
[2025-03-28T19:28:33.708+0530][gc,heap     ] GC(202) Humongous regions: 140->138
[2025-03-28T19:28:33.708+0530][gc,metaspace] GC(202) Metaspace: 50341K(51008K)->50341K(51008K) NonClass: 44678K(45056K)->44678K(45056K) Class: 5662K(5952K)->5662K(5952K)
[2025-03-28T19:28:33.708+0530][gc          ] GC(202) Pause Young (Normal) (G1 Evacuation Pause) 336M->287M(1024M) 16.282ms
[2025-03-28T19:28:33.708+0530][gc,cpu      ] GC(202) User=0.02s Sys=0.00s Real=0.02s
[2025-03-28T19:28:34.051+0530][gc,start    ] GC(203) Pause Young (Normal) (G1 Evacuation Pause)
[2025-03-28T19:28:34.051+0530][gc,task     ] GC(203) Using 2 workers of 2 for evacuation
[2025-03-28T19:28:34.085+0530][gc,mmu      ] GC(203) MMU target violated: 21.0ms (20.0ms/21.0ms)
[2025-03-28T19:28:34.086+0530][gc,phases   ] GC(203)   Pre Evacuate Collection Set: 1.1ms
[2025-03-28T19:28:34.086+0530][gc,phases   ] GC(203)   Merge Heap Roots: 0.4ms
[2025-03-28T19:28:34.086+0530][gc,phases   ] GC(203)   Evacuate Collection Set: 20.1ms
[2025-03-28T19:28:34.086+0530][gc,phases   ] GC(203)   Post Evacuate Collection Set: 12.6ms
[2025-03-28T19:28:34.086+0530][gc,phases   ] GC(203)   Other: 0.5ms
[2025-03-28T19:28:34.086+0530][gc,heap     ] GC(203) Eden regions: 47->0(49)
[2025-03-28T19:28:34.086+0530][gc,heap     ] GC(203) Survivor regions: 4->2(7)
[2025-03-28T19:28:34.086+0530][gc,heap     ] GC(203) Old regions: 146->146
[2025-03-28T19:28:34.086+0530][gc,heap     ] GC(203) Archive regions: 2->2
[2025-03-28T19:28:34.086+0530][gc,heap     ] GC(203) Humongous regions: 140->140
[2025-03-28T19:28:34.086+0530][gc,metaspace] GC(203) Metaspace: 50341K(51008K)->50341K(51008K) NonClass: 44678K(45056K)->44678K(45056K) Class: 5662K(5952K)->5662K(5952K)
[2025-03-28T19:28:34.086+0530][gc          ] GC(203) Pause Young (Normal) (G1 Evacuation Pause) 336M->288M(1024M) 35.056ms
[2025-03-28T19:28:34.086+0530][gc,cpu      ] GC(203) User=0.03s Sys=0.00s Real=0.04s
[2025-03-28T19:28:34.643+0530][gc,start    ] GC(150) Pause Young (Normal) (G1 Evacuation Pause)
[2025-03-28T19:28:34.643+0530][gc,task     ] GC(150) Using 2 workers of 2 for evacuation
[2025-03-28T19:28:34.661+0530][gc,phases   ] GC(150)   Pre Evacuate Collection Set: 0.6ms
[2025-03-28T19:28:34.661+0530][gc,phases   ] GC(150)   Merge Heap Roots: 0.9ms
[2025-03-28T19:28:34.661+0530][gc,phases   ] GC(150)   Evacuate Collection Set: 12.9ms
[2025-03-28T19:28:34.661+0530][gc,phases   ] GC(150)   Post Evacuate Collection Set: 3.0ms
[2025-03-28T19:28:34.661+0530][gc,phases   ] GC(150)   Other: 1.1ms
[2025-03-28T19:28:34.661+0530][gc,heap     ] GC(150) Eden regions: 44->0(50)
[2025-03-28T19:28:34.661+0530][gc,heap     ] GC(150) Survivor regions: 7->1(7)
[2025-03-28T19:28:34.661+0530][gc,heap     ] GC(150) Old regions: 76->76
[2025-03-28T19:28:34.661+0530][gc,heap     ] GC(150) Archive regions: 2->2
[2025-03-28T19:28:34.661+0530][gc,heap     ] GC(150) Humongous regions: 149->147
[2025-03-28T19:28:34.661+0530][gc,metaspace] GC(150) Metaspace: 49809K(50432K)->49809K(50432K) NonClass: 44192K(44544K)->44192K(44544K) Class: 5617K(5888K)->5617K(5888K)
[2025-03-28T19:28:34.661+0530][gc          ] GC(150) Pause Young (Normal) (G1 Evacuation Pause) 275M->224M(1024M) 18.351ms
[2025-03-28T19:28:34.661+0530][gc,cpu      ] GC(150) User=0.02s Sys=0.00s Real=0.02s
[2025-03-28T19:28:34.919+0530][gc,start    ] GC(151) Pause Young (Normal) (G1 Evacuation Pause)
[2025-03-28T19:28:34.919+0530][gc,task     ] GC(151) Using 2 workers of 2 for evacuation
[2025-03-28T19:28:34.948+0530][gc,mmu      ] GC(151) MMU target violated: 21.0ms (20.0ms/21.0ms)
[2025-03-28T19:28:34.948+0530][gc,phases   ] GC(151)   Pre Evacuate Collection Set: 0.8ms
[2025-03-28T19:28:34.948+0530][gc,phases   ] GC(151)   Merge Heap Roots: 0.3ms
[2025-03-28T19:28:34.948+0530][gc,phases   ] GC(151)   Evacuate Collection Set: 25.6ms
[2025-03-28T19:28:34.950+0530][gc,phases   ] GC(151)   Post Evacuate Collection Set: 1.7ms
[2025-03-28T19:28:34.950+0530][gc,phases   ] GC(151)   Other: 1.0ms
[2025-03-28T19:28:34.950+0530][gc,heap     ] GC(151) Eden regions: 50->0(44)
[2025-03-28T19:28:34.950+0530][gc,heap     ] GC(151) Survivor regions: 1->7(7)
[2025-03-28T19:28:34.950+0530][gc,heap     ] GC(151) Old regions: 76->76
[2025-03-28T19:28:34.950+0530][gc,heap     ] GC(151) Archive regions: 2->2
[2025-03-28T19:28:34.951+0530][gc,heap     ] GC(151) Humongous regions: 147->147
[2025-03-28T19:28:34.951+0530][gc,metaspace] GC(151) Metaspace: 49809K(50432K)->49809K(50432K) NonClass: 44192K(44544K)->44192K(44544K) Class: 5617K(5888K)->5617K(5888K)
[2025-03-28T19:28:34.951+0530][gc          ] GC(151) Pause Young (Normal) (G1 Evacuation Pause) 274M->230M(1024M) 31.928ms
[2025-03-28T19:28:34.951+0530][gc,cpu      ] GC(151) User=0.04s Sys=0.01s Real=0.03s
[2025-03-28T19:28:35.222+0530][gc,start    ] GC(152) Pause Young (Normal) (G1 Evacuation Pause)
[2025-03-28T19:28:35.223+0530][gc,task     ] GC(152) Using 2 workers of 2 for evacuation
[2025-03-28T19:28:35.250+0530][gc,mmu      ] GC(152) MMU target violated: 21.0ms (20.0ms/21.0ms)
[2025-03-28T19:28:35.250+0530][gc,phases   ] GC(152)   Pre Evacuate Collection Set: 0.5ms
[2025-03-28T19:28:35.250+0530][gc,phases   ] GC(152)   Merge Heap Roots: 0.3ms
[2025-03-28T19:28:35.250+0530][gc,phases   ] GC(152)   Evacuate Collection Set: 24.6ms
[2025-03-28T19:28:35.251+0530][gc,phases   ] GC(152)   Post Evacuate Collection Set: 1.8ms
[2025-03-28T19:28:35.251+0530][gc,phases   ] GC(152)   Other: 1.8ms
[2025-03-28T19:28:35.251+0530][gc,heap     ] GC(152) Eden regions: 44->0(50)
[2025-03-28T19:28:35.251+0530][gc,heap     ] GC(152) Survivor regions: 7->1(7)
[2025-03-28T19:28:35.251+0530][gc,heap     ] GC(152) Old regions: 76->78
[2025-03-28T19:28:35.251+0530][gc,heap     ] GC(152) Archive regions: 2->2
[2025-03-28T19:28:35.251+0530][gc,heap     ] GC(152) Humongous regions: 149->149
[2025-03-28T19:28:35.251+0530][gc,metaspace] GC(152) Metaspace: 49809K(50432K)->49809K(50432K) NonClass: 44192K(44544K)->44192K(44544K) Class: 5617K(5888K)->5617K(5888K)
[2025-03-28T19:28:35.251+0530][gc          ] GC(152) Pause Young (Normal) (G1 Evacuation Pause) 276M->228M(1024M) 29.369ms
[2025-03-28T19:28:35.251+0530][gc,cpu      ] GC(152) User=0.03s Sys=0.01s Real=0.03s
[2025-03-28T19:28:41.649+0530][gc,start    ] GC(204) Pause Young (Normal) (G1 Evacuation Pause)
[2025-03-28T19:28:41.650+0530][gc,task     ] GC(204) Using 2 workers of 2 for evacuation
[2025-03-28T19:28:41.687+0530][gc,mmu      ] GC(204) MMU target violated: 21.0ms (20.0ms/21.0ms)
[2025-03-28T19:28:41.687+0530][gc,phases   ] GC(204)   Pre Evacuate Collection Set: 1.4ms
[2025-03-28T19:28:41.687+0530][gc,phases   ] GC(204)   Merge Heap Roots: 0.5ms
[2025-03-28T19:28:41.687+0530][gc,phases   ] GC(204)   Evacuate Collection Set: 33.5ms
[2025-03-28T19:28:41.687+0530][gc,phases   ] GC(204)   Post Evacuate Collection Set: 2.0ms
[2025-03-28T19:28:41.687+0530][gc,phases   ] GC(204)   Other: 0.7ms
[2025-03-28T19:28:41.688+0530][gc,heap     ] GC(204) Eden regions: 49->0(47)
[2025-03-28T19:28:41.688+0530][gc,heap     ] GC(204) Survivor regions: 2->4(7)
[2025-03-28T19:28:41.688+0530][gc,heap     ] GC(204) Old regions: 146->146
[2025-03-28T19:28:41.688+0530][gc,heap     ] GC(204) Archive regions: 2->2
[2025-03-28T19:28:41.688+0530][gc,heap     ] GC(204) Humongous regions: 140->138
[2025-03-28T19:28:41.688+0530][gc,metaspace] GC(204) Metaspace: 50351K(51008K)->50351K(51008K) NonClass: 44689K(45056K)->44689K(45056K) Class: 5662K(5952K)->5662K(5952K)
[2025-03-28T19:28:41.688+0530][gc          ] GC(204) Pause Young (Normal) (G1 Evacuation Pause) 337M->288M(1024M) 38.309ms
[2025-03-28T19:28:41.688+0530][gc,cpu      ] GC(204) User=0.04s Sys=0.00s Real=0.03s
[2025-03-28T19:28:42.092+0530][gc,start    ] GC(153) Pause Young (Normal) (G1 Evacuation Pause)
[2025-03-28T19:28:42.092+0530][gc,task     ] GC(153) Using 2 workers of 2 for evacuation
[2025-03-28T19:28:42.155+0530][gc,mmu      ] GC(153) MMU target violated: 21.0ms (20.0ms/21.0ms)
[2025-03-28T19:28:42.155+0530][gc,phases   ] GC(153)   Pre Evacuate Collection Set: 0.6ms
[2025-03-28T19:28:42.155+0530][gc,phases   ] GC(153)   Merge Heap Roots: 0.3ms
[2025-03-28T19:28:42.155+0530][gc,phases   ] GC(153)   Evacuate Collection Set: 59.7ms
[2025-03-28T19:28:42.155+0530][gc,phases   ] GC(153)   Post Evacuate Collection Set: 1.3ms
[2025-03-28T19:28:42.155+0530][gc,phases   ] GC(153)   Other: 0.6ms
[2025-03-28T19:28:42.155+0530][gc,heap     ] GC(153) Eden regions: 50->0(44)
[2025-03-28T19:28:42.155+0530][gc,heap     ] GC(153) Survivor regions: 1->7(7)
[2025-03-28T19:28:42.155+0530][gc,heap     ] GC(153) Old regions: 78->78
[2025-03-28T19:28:42.155+0530][gc,heap     ] GC(153) Archive regions: 2->2
[2025-03-28T19:28:42.155+0530][gc,heap     ] GC(153) Humongous regions: 149->147
[2025-03-28T19:28:42.155+0530][gc,metaspace] GC(153) Metaspace: 49813K(50432K)->49813K(50432K) NonClass: 44195K(44544K)->44195K(44544K) Class: 5617K(5888K)->5617K(5888K)
[2025-03-28T19:28:42.155+0530][gc          ] GC(153) Pause Young (Normal) (G1 Evacuation Pause) 278M->231M(1024M) 62.844ms
[2025-03-28T19:28:42.155+0530][gc,cpu      ] GC(153) User=0.05s Sys=0.01s Real=0.06s
[2025-03-28T19:28:42.325+0530][gc,start    ] GC(205) Pause Young (Normal) (G1 Evacuation Pause)
[2025-03-28T19:28:42.325+0530][gc,task     ] GC(205) Using 2 workers of 2 for evacuation
[2025-03-28T19:28:42.437+0530][gc,mmu      ] GC(205) MMU target violated: 21.0ms (20.0ms/21.0ms)
[2025-03-28T19:28:42.437+0530][gc,phases   ] GC(205)   Pre Evacuate Collection Set: 0.6ms
[2025-03-28T19:28:42.437+0530][gc,phases   ] GC(205)   Merge Heap Roots: 0.4ms
[2025-03-28T19:28:42.437+0530][gc,phases   ] GC(205)   Evacuate Collection Set: 73.8ms
[2025-03-28T19:28:42.438+0530][gc,phases   ] GC(205)   Post Evacuate Collection Set: 36.8ms
[2025-03-28T19:28:42.438+0530][gc,phases   ] GC(205)   Other: 0.7ms
[2025-03-28T19:28:42.438+0530][gc,heap     ] GC(205) Eden regions: 47->0(48)
[2025-03-28T19:28:42.438+0530][gc,heap     ] GC(205) Survivor regions: 4->3(7)
[2025-03-28T19:28:42.438+0530][gc,heap     ] GC(205) Old regions: 146->146
[2025-03-28T19:28:42.438+0530][gc,heap     ] GC(205) Archive regions: 2->2
[2025-03-28T19:28:42.438+0530][gc,heap     ] GC(205) Humongous regions: 140->140
[2025-03-28T19:28:42.438+0530][gc,metaspace] GC(205) Metaspace: 50351K(51008K)->50351K(51008K) NonClass: 44689K(45056K)->44689K(45056K) Class: 5662K(5952K)->5662K(5952K)
[2025-03-28T19:28:42.438+0530][gc          ] GC(205) Pause Young (Normal) (G1 Evacuation Pause) 337M->289M(1024M) 112.799ms
[2025-03-28T19:28:42.438+0530][gc,cpu      ] GC(205) User=0.05s Sys=0.01s Real=0.13s
[2025-03-28T19:28:42.867+0530][gc,start    ] GC(154) Pause Young (Normal) (G1 Evacuation Pause)
[2025-03-28T19:28:42.867+0530][gc,task     ] GC(154) Using 2 workers of 2 for evacuation
[2025-03-28T19:28:42.889+0530][gc,mmu      ] GC(154) MMU target violated: 21.0ms (20.0ms/21.0ms)
[2025-03-28T19:28:42.889+0530][gc,phases   ] GC(154)   Pre Evacuate Collection Set: 0.6ms
[2025-03-28T19:28:42.889+0530][gc,phases   ] GC(154)   Merge Heap Roots: 0.2ms
[2025-03-28T19:28:42.889+0530][gc,phases   ] GC(154)   Evacuate Collection Set: 19.7ms
[2025-03-28T19:28:42.889+0530][gc,phases   ] GC(154)   Post Evacuate Collection Set: 1.4ms
[2025-03-28T19:28:42.889+0530][gc,phases   ] GC(154)   Other: 0.5ms
[2025-03-28T19:28:42.889+0530][gc,heap     ] GC(154) Eden regions: 44->0(49)
[2025-03-28T19:28:42.889+0530][gc,heap     ] GC(154) Survivor regions: 7->2(7)
[2025-03-28T19:28:42.889+0530][gc,heap     ] GC(154) Old regions: 78->79
[2025-03-28T19:28:42.889+0530][gc,heap     ] GC(154) Archive regions: 2->2
[2025-03-28T19:28:42.889+0530][gc,heap     ] GC(154) Humongous regions: 149->149
[2025-03-28T19:28:42.889+0530][gc,metaspace] GC(154) Metaspace: 49813K(50432K)->49813K(50432K) NonClass: 44195K(44544K)->44195K(44544K) Class: 5617K(5888K)->5617K(5888K)
[2025-03-28T19:28:42.889+0530][gc          ] GC(154) Pause Young (Normal) (G1 Evacuation Pause) 277M->230M(1024M) 22.701ms
[2025-03-28T19:28:42.890+0530][gc,cpu      ] GC(154) User=0.03s Sys=0.00s Real=0.02s
[2025-03-28T19:28:43.579+0530][gc,start    ] GC(206) Pause Young (Normal) (G1 Evacuation Pause)
[2025-03-28T19:28:43.580+0530][gc,task     ] GC(206) Using 2 workers of 2 for evacuation
[2025-03-28T19:28:43.594+0530][gc,phases   ] GC(206)   Pre Evacuate Collection Set: 0.6ms
[2025-03-28T19:28:43.595+0530][gc,phases   ] GC(206)   Merge Heap Roots: 0.5ms
[2025-03-28T19:28:43.595+0530][gc,phases   ] GC(206)   Evacuate Collection Set: 11.8ms
[2025-03-28T19:28:43.595+0530][gc,phases   ] GC(206)   Post Evacuate Collection Set: 1.4ms
[2025-03-28T19:28:43.595+0530][gc,phases   ] GC(206)   Other: 0.6ms
[2025-03-28T19:28:43.595+0530][gc,heap     ] GC(206) Eden regions: 48->0(48)
[2025-03-28T19:28:43.595+0530][gc,heap     ] GC(206) Survivor regions: 3->3(7)
[2025-03-28T19:28:43.595+0530][gc,heap     ] GC(206) Old regions: 146->146
[2025-03-28T19:28:43.595+0530][gc,heap     ] GC(206) Archive regions: 2->2
[2025-03-28T19:28:43.595+0530][gc,heap     ] GC(206) Humongous regions: 140->138
[2025-03-28T19:28:43.595+0530][gc,metaspace] GC(206) Metaspace: 50351K(51008K)->50351K(51008K) NonClass: 44689K(45056K)->44689K(45056K) Class: 5662K(5952K)->5662K(5952K)
[2025-03-28T19:28:43.595+0530][gc          ] GC(206) Pause Young (Normal) (G1 Evacuation Pause) 337M->287M(1024M) 15.415ms
[2025-03-28T19:28:43.595+0530][gc,cpu      ] GC(206) User=0.02s Sys=0.01s Real=0.02s
[2025-03-28T19:28:43.997+0530][gc,start    ] GC(207) Pause Young (Normal) (G1 Evacuation Pause)
[2025-03-28T19:28:43.997+0530][gc,task     ] GC(207) Using 2 workers of 2 for evacuation
[2025-03-28T19:28:44.019+0530][gc,mmu      ] GC(207) MMU target violated: 21.0ms (20.0ms/21.0ms)
[2025-03-28T19:28:44.019+0530][gc,phases   ] GC(207)   Pre Evacuate Collection Set: 0.7ms
[2025-03-28T19:28:44.019+0530][gc,phases   ] GC(207)   Merge Heap Roots: 0.4ms
[2025-03-28T19:28:44.019+0530][gc,phases   ] GC(207)   Evacuate Collection Set: 19.1ms
[2025-03-28T19:28:44.019+0530][gc,phases   ] GC(207)   Post Evacuate Collection Set: 1.4ms
[2025-03-28T19:28:44.020+0530][gc,phases   ] GC(207)   Other: 0.5ms
[2025-03-28T19:28:44.020+0530][gc,heap     ] GC(207) Eden regions: 48->0(48)
[2025-03-28T19:28:44.020+0530][gc,heap     ] GC(207) Survivor regions: 3->3(7)
[2025-03-28T19:28:44.020+0530][gc,heap     ] GC(207) Old regions: 146->146
[2025-03-28T19:28:44.020+0530][gc,heap     ] GC(207) Archive regions: 2->2
[2025-03-28T19:28:44.020+0530][gc,heap     ] GC(207) Humongous regions: 140->140
[2025-03-28T19:28:44.020+0530][gc,metaspace] GC(207) Metaspace: 50351K(51008K)->50351K(51008K) NonClass: 44689K(45056K)->44689K(45056K) Class: 5662K(5952K)->5662K(5952K)
[2025-03-28T19:28:44.020+0530][gc          ] GC(207) Pause Young (Normal) (G1 Evacuation Pause) 337M->289M(1024M) 22.779ms
[2025-03-28T19:28:44.020+0530][gc,cpu      ] GC(207) User=0.04s Sys=0.01s Real=0.03s
[2025-03-28T19:28:44.838+0530][gc,start    ] GC(155) Pause Young (Normal) (G1 Evacuation Pause)
[2025-03-28T19:28:44.839+0530][gc,task     ] GC(155) Using 2 workers of 2 for evacuation
[2025-03-28T19:28:44.863+0530][gc,mmu      ] GC(155) MMU target violated: 21.0ms (20.0ms/21.0ms)
[2025-03-28T19:28:44.863+0530][gc,phases   ] GC(155)   Pre Evacuate Collection Set: 0.6ms
[2025-03-28T19:28:44.863+0530][gc,phases   ] GC(155)   Merge Heap Roots: 0.4ms
[2025-03-28T19:28:44.864+0530][gc,phases   ] GC(155)   Evacuate Collection Set: 16.1ms
[2025-03-28T19:28:44.864+0530][gc,phases   ] GC(155)   Post Evacuate Collection Set: 7.0ms
[2025-03-28T19:28:44.864+0530][gc,phases   ] GC(155)   Other: 1.1ms
[2025-03-28T19:28:44.864+0530][gc,heap     ] GC(155) Eden regions: 49->0(45)
[2025-03-28T19:28:44.864+0530][gc,heap     ] GC(155) Survivor regions: 2->6(7)
[2025-03-28T19:28:44.864+0530][gc,heap     ] GC(155) Old regions: 79->79
[2025-03-28T19:28:44.864+0530][gc,heap     ] GC(155) Archive regions: 2->2
[2025-03-28T19:28:44.864+0530][gc,heap     ] GC(155) Humongous regions: 149->147
[2025-03-28T19:28:44.864+0530][gc,metaspace] GC(155) Metaspace: 49814K(50432K)->49814K(50432K) NonClass: 44197K(44544K)->44197K(44544K) Class: 5617K(5888K)->5617K(5888K)
[2025-03-28T19:28:44.864+0530][gc          ] GC(155) Pause Young (Normal) (G1 Evacuation Pause) 279M->232M(1024M) 25.813ms
[2025-03-28T19:28:44.864+0530][gc,cpu      ] GC(155) User=0.03s Sys=0.00s Real=0.02s
[2025-03-28T19:28:45.190+0530][gc,start    ] GC(156) Pause Young (Normal) (G1 Evacuation Pause)
[2025-03-28T19:28:45.190+0530][gc,task     ] GC(156) Using 2 workers of 2 for evacuation
[2025-03-28T19:28:45.210+0530][gc,phases   ] GC(156)   Pre Evacuate Collection Set: 0.9ms
[2025-03-28T19:28:45.210+0530][gc,phases   ] GC(156)   Merge Heap Roots: 0.4ms
[2025-03-28T19:28:45.210+0530][gc,phases   ] GC(156)   Evacuate Collection Set: 16.7ms
[2025-03-28T19:28:45.210+0530][gc,phases   ] GC(156)   Post Evacuate Collection Set: 1.4ms
[2025-03-28T19:28:45.210+0530][gc,phases   ] GC(156)   Other: 0.4ms
[2025-03-28T19:28:45.210+0530][gc,heap     ] GC(156) Eden regions: 45->0(49)
[2025-03-28T19:28:45.210+0530][gc,heap     ] GC(156) Survivor regions: 6->2(7)
[2025-03-28T19:28:45.210+0530][gc,heap     ] GC(156) Old regions: 79->80
[2025-03-28T19:28:45.210+0530][gc,heap     ] GC(156) Archive regions: 2->2
[2025-03-28T19:28:45.210+0530][gc,heap     ] GC(156) Humongous regions: 149->149
[2025-03-28T19:28:45.210+0530][gc,metaspace] GC(156) Metaspace: 49818K(50432K)->49818K(50432K) NonClass: 44200K(44544K)->44200K(44544K) Class: 5617K(5888K)->5617K(5888K)
[2025-03-28T19:28:45.210+0530][gc          ] GC(156) Pause Young (Normal) (G1 Evacuation Pause) 279M->231M(1024M) 20.331ms
[2025-03-28T19:28:45.210+0530][gc,cpu      ] GC(156) User=0.03s Sys=0.00s Real=0.02s
[2025-03-28T19:28:51.453+0530][gc,start    ] GC(208) Pause Young (Normal) (G1 Evacuation Pause)
[2025-03-28T19:28:51.453+0530][gc,task     ] GC(208) Using 2 workers of 2 for evacuation
[2025-03-28T19:28:51.531+0530][gc,mmu      ] GC(208) MMU target violated: 21.0ms (20.0ms/21.0ms)
[2025-03-28T19:28:51.531+0530][gc,phases   ] GC(208)   Pre Evacuate Collection Set: 0.7ms
[2025-03-28T19:28:51.531+0530][gc,phases   ] GC(208)   Merge Heap Roots: 0.5ms
[2025-03-28T19:28:51.531+0530][gc,phases   ] GC(208)   Evacuate Collection Set: 74.3ms
[2025-03-28T19:28:51.531+0530][gc,phases   ] GC(208)   Post Evacuate Collection Set: 1.5ms
[2025-03-28T19:28:51.531+0530][gc,phases   ] GC(208)   Other: 0.6ms
[2025-03-28T19:28:51.531+0530][gc,heap     ] GC(208) Eden regions: 48->0(48)
[2025-03-28T19:28:51.531+0530][gc,heap     ] GC(208) Survivor regions: 3->3(7)
[2025-03-28T19:28:51.531+0530][gc,heap     ] GC(208) Old regions: 146->146
[2025-03-28T19:28:51.531+0530][gc,heap     ] GC(208) Archive regions: 2->2
[2025-03-28T19:28:51.531+0530][gc,heap     ] GC(208) Humongous regions: 140->138
[2025-03-28T19:28:51.531+0530][gc,metaspace] GC(208) Metaspace: 50367K(51008K)->50367K(51008K) NonClass: 44704K(45056K)->44704K(45056K) Class: 5662K(5952K)->5662K(5952K)
[2025-03-28T19:28:51.531+0530][gc          ] GC(208) Pause Young (Normal) (G1 Evacuation Pause) 337M->287M(1024M) 78.125ms
[2025-03-28T19:28:51.531+0530][gc,cpu      ] GC(208) User=0.02s Sys=0.00s Real=0.08s
[2025-03-28T19:28:51.563+0530][gc,start    ] GC(157) Pause Young (Normal) (G1 Evacuation Pause)
[2025-03-28T19:28:51.563+0530][gc,task     ] GC(157) Using 2 workers of 2 for evacuation
[2025-03-28T19:28:51.613+0530][gc,mmu      ] GC(157) MMU target violated: 21.0ms (20.0ms/21.0ms)
[2025-03-28T19:28:51.613+0530][gc,phases   ] GC(157)   Pre Evacuate Collection Set: 0.6ms
[2025-03-28T19:28:51.613+0530][gc,phases   ] GC(157)   Merge Heap Roots: 0.3ms
[2025-03-28T19:28:51.613+0530][gc,phases   ] GC(157)   Evacuate Collection Set: 45.3ms
[2025-03-28T19:28:51.613+0530][gc,phases   ] GC(157)   Post Evacuate Collection Set: 3.4ms
[2025-03-28T19:28:51.614+0530][gc,phases   ] GC(157)   Other: 0.6ms
[2025-03-28T19:28:51.614+0530][gc,heap     ] GC(157) Eden regions: 49->0(46)
[2025-03-28T19:28:51.614+0530][gc,heap     ] GC(157) Survivor regions: 2->5(7)
[2025-03-28T19:28:51.614+0530][gc,heap     ] GC(157) Old regions: 80->80
[2025-03-28T19:28:51.614+0530][gc,heap     ] GC(157) Archive regions: 2->2
[2025-03-28T19:28:51.614+0530][gc,heap     ] GC(157) Humongous regions: 149->147
[2025-03-28T19:28:51.614+0530][gc,metaspace] GC(157) Metaspace: 49829K(50432K)->49829K(50432K) NonClass: 44212K(44544K)->44212K(44544K) Class: 5617K(5888K)->5617K(5888K)
[2025-03-28T19:28:51.614+0530][gc          ] GC(157) Pause Young (Normal) (G1 Evacuation Pause) 280M->231M(1024M) 50.433ms
[2025-03-28T19:28:51.614+0530][gc,cpu      ] GC(157) User=0.03s Sys=0.01s Real=0.05s
[2025-03-28T19:28:52.322+0530][gc,start    ] GC(209) Pause Young (Normal) (G1 Evacuation Pause)
[2025-03-28T19:28:52.322+0530][gc,task     ] GC(209) Using 2 workers of 2 for evacuation
[2025-03-28T19:28:52.359+0530][gc,mmu      ] GC(209) MMU target violated: 21.0ms (20.0ms/21.0ms)
[2025-03-28T19:28:52.359+0530][gc,phases   ] GC(209)   Pre Evacuate Collection Set: 0.5ms
[2025-03-28T19:28:52.359+0530][gc,phases   ] GC(209)   Merge Heap Roots: 0.4ms
[2025-03-28T19:28:52.359+0530][gc,phases   ] GC(209)   Evacuate Collection Set: 33.4ms
[2025-03-28T19:28:52.359+0530][gc,phases   ] GC(209)   Post Evacuate Collection Set: 2.0ms
[2025-03-28T19:28:52.359+0530][gc,phases   ] GC(209)   Other: 0.6ms
[2025-03-28T19:28:52.359+0530][gc,heap     ] GC(209) Eden regions: 48->0(48)
[2025-03-28T19:28:52.360+0530][gc,heap     ] GC(209) Survivor regions: 3->3(7)
[2025-03-28T19:28:52.360+0530][gc,heap     ] GC(209) Old regions: 146->146
[2025-03-28T19:28:52.360+0530][gc,heap     ] GC(209) Archive regions: 2->2
[2025-03-28T19:28:52.360+0530][gc,heap     ] GC(209) Humongous regions: 140->140
[2025-03-28T19:28:52.360+0530][gc,metaspace] GC(209) Metaspace: 50391K(51072K)->50391K(51072K) NonClass: 44728K(45120K)->44728K(45120K) Class: 5662K(5952K)->5662K(5952K)
[2025-03-28T19:28:52.360+0530][gc          ] GC(209) Pause Young (Normal) (G1 Evacuation Pause) 337M->289M(1024M) 37.462ms
[2025-03-28T19:28:52.360+0530][gc,cpu      ] GC(209) User=0.04s Sys=0.01s Real=0.04s
[2025-03-28T19:28:52.630+0530][gc,start    ] GC(158) Pause Young (Normal) (G1 Evacuation Pause)
[2025-03-28T19:28:52.630+0530][gc,task     ] GC(158) Using 2 workers of 2 for evacuation
[2025-03-28T19:28:52.702+0530][gc,mmu      ] GC(158) MMU target violated: 21.0ms (20.0ms/21.0ms)
[2025-03-28T19:28:52.703+0530][gc,phases   ] GC(158)   Pre Evacuate Collection Set: 0.6ms
[2025-03-28T19:28:52.703+0530][gc,phases   ] GC(158)   Merge Heap Roots: 0.2ms
[2025-03-28T19:28:52.703+0530][gc,phases   ] GC(158)   Evacuate Collection Set: 49.2ms
[2025-03-28T19:28:52.703+0530][gc,phases   ] GC(158)   Post Evacuate Collection Set: 21.8ms
[2025-03-28T19:28:52.703+0530][gc,phases   ] GC(158)   Other: 0.5ms
[2025-03-28T19:28:52.703+0530][gc,heap     ] GC(158) Eden regions: 46->0(49)
[2025-03-28T19:28:52.703+0530][gc,heap     ] GC(158) Survivor regions: 5->2(7)
[2025-03-28T19:28:52.703+0530][gc,heap     ] GC(158) Old regions: 80->81
[2025-03-28T19:28:52.703+0530][gc,heap     ] GC(158) Archive regions: 2->2
[2025-03-28T19:28:52.703+0530][gc,heap     ] GC(158) Humongous regions: 149->149
[2025-03-28T19:28:52.703+0530][gc,metaspace] GC(158) Metaspace: 49829K(50432K)->49829K(50432K) NonClass: 44212K(44544K)->44212K(44544K) Class: 5617K(5888K)->5617K(5888K)
[2025-03-28T19:28:52.703+0530][gc          ] GC(158) Pause Young (Normal) (G1 Evacuation Pause) 279M->232M(1024M) 72.914ms
[2025-03-28T19:28:52.703+0530][gc,cpu      ] GC(158) User=0.05s Sys=0.01s Real=0.08s
[2025-03-28T19:28:53.534+0530][gc,start    ] GC(210) Pause Young (Normal) (G1 Evacuation Pause)
[2025-03-28T19:28:53.535+0530][gc,task     ] GC(210) Using 2 workers of 2 for evacuation
[2025-03-28T19:28:53.551+0530][gc,phases   ] GC(210)   Pre Evacuate Collection Set: 0.4ms
[2025-03-28T19:28:53.551+0530][gc,phases   ] GC(210)   Merge Heap Roots: 0.3ms
[2025-03-28T19:28:53.551+0530][gc,phases   ] GC(210)   Evacuate Collection Set: 14.1ms
[2025-03-28T19:28:53.551+0530][gc,phases   ] GC(210)   Post Evacuate Collection Set: 1.4ms
[2025-03-28T19:28:53.551+0530][gc,phases   ] GC(210)   Other: 0.4ms
[2025-03-28T19:28:53.551+0530][gc,heap     ] GC(210) Eden regions: 48->0(49)
[2025-03-28T19:28:53.551+0530][gc,heap     ] GC(210) Survivor regions: 3->2(7)
[2025-03-28T19:28:53.551+0530][gc,heap     ] GC(210) Old regions: 146->146
[2025-03-28T19:28:53.551+0530][gc,heap     ] GC(210) Archive regions: 2->2
[2025-03-28T19:28:53.551+0530][gc,heap     ] GC(210) Humongous regions: 140->138
[2025-03-28T19:28:53.551+0530][gc,metaspace] GC(210) Metaspace: 50391K(51072K)->50391K(51072K) NonClass: 44728K(45120K)->44728K(45120K) Class: 5662K(5952K)->5662K(5952K)
[2025-03-28T19:28:53.552+0530][gc          ] GC(210) Pause Young (Normal) (G1 Evacuation Pause) 337M->286M(1024M) 17.051ms
[2025-03-28T19:28:53.552+0530][gc,cpu      ] GC(210) User=0.03s Sys=0.00s Real=0.02s
[2025-03-28T19:28:53.888+0530][gc,start    ] GC(211) Pause Young (Normal) (G1 Evacuation Pause)
[2025-03-28T19:28:53.889+0530][gc,task     ] GC(211) Using 2 workers of 2 for evacuation
[2025-03-28T19:28:53.931+0530][gc,mmu      ] GC(211) MMU target violated: 21.0ms (20.0ms/21.0ms)
[2025-03-28T19:28:53.931+0530][gc,phases   ] GC(211)   Pre Evacuate Collection Set: 0.7ms
[2025-03-28T19:28:53.931+0530][gc,phases   ] GC(211)   Merge Heap Roots: 0.6ms
[2025-03-28T19:28:53.931+0530][gc,phases   ] GC(211)   Evacuate Collection Set: 37.8ms
[2025-03-28T19:28:53.931+0530][gc,phases   ] GC(211)   Post Evacuate Collection Set: 2.5ms
[2025-03-28T19:28:53.931+0530][gc,phases   ] GC(211)   Other: 0.6ms
[2025-03-28T19:28:53.931+0530][gc,heap     ] GC(211) Eden regions: 49->0(44)
[2025-03-28T19:28:53.931+0530][gc,heap     ] GC(211) Survivor regions: 2->7(7)
[2025-03-28T19:28:53.931+0530][gc,heap     ] GC(211) Old regions: 146->147
[2025-03-28T19:28:53.931+0530][gc,heap     ] GC(211) Archive regions: 2->2
[2025-03-28T19:28:53.931+0530][gc,heap     ] GC(211) Humongous regions: 138->138
[2025-03-28T19:28:53.931+0530][gc,metaspace] GC(211) Metaspace: 50392K(51072K)->50392K(51072K) NonClass: 44729K(45120K)->44729K(45120K) Class: 5662K(5952K)->5662K(5952K)
[2025-03-28T19:28:53.931+0530][gc          ] GC(211) Pause Young (Normal) (G1 Evacuation Pause) 335M->292M(1024M) 42.688ms
[2025-03-28T19:28:53.931+0530][gc,cpu      ] GC(211) User=0.07s Sys=0.00s Real=0.05s
[2025-03-28T19:28:54.938+0530][gc,start    ] GC(159) Pause Young (Normal) (G1 Evacuation Pause)
[2025-03-28T19:28:54.938+0530][gc,task     ] GC(159) Using 2 workers of 2 for evacuation
[2025-03-28T19:28:54.965+0530][gc,mmu      ] GC(159) MMU target violated: 21.0ms (20.0ms/21.0ms)
[2025-03-28T19:28:54.965+0530][gc,phases   ] GC(159)   Pre Evacuate Collection Set: 0.7ms
[2025-03-28T19:28:54.965+0530][gc,phases   ] GC(159)   Merge Heap Roots: 0.3ms
[2025-03-28T19:28:54.965+0530][gc,phases   ] GC(159)   Evacuate Collection Set: 23.7ms
[2025-03-28T19:28:54.965+0530][gc,phases   ] GC(159)   Post Evacuate Collection Set: 2.0ms
[2025-03-28T19:28:54.965+0530][gc,phases   ] GC(159)   Other: 0.8ms
[2025-03-28T19:28:54.966+0530][gc,heap     ] GC(159) Eden regions: 49->0(47)
[2025-03-28T19:28:54.966+0530][gc,heap     ] GC(159) Survivor regions: 2->4(7)
[2025-03-28T19:28:54.966+0530][gc,heap     ] GC(159) Old regions: 81->81
[2025-03-28T19:28:54.966+0530][gc,heap     ] GC(159) Archive regions: 2->2
[2025-03-28T19:28:54.966+0530][gc,heap     ] GC(159) Humongous regions: 149->147
[2025-03-28T19:28:54.966+0530][gc,metaspace] GC(159) Metaspace: 49829K(50432K)->49829K(50432K) NonClass: 44212K(44544K)->44212K(44544K) Class: 5617K(5888K)->5617K(5888K)
[2025-03-28T19:28:54.966+0530][gc          ] GC(159) Pause Young (Normal) (G1 Evacuation Pause) 281M->231M(1024M) 28.096ms
[2025-03-28T19:28:54.966+0530][gc,cpu      ] GC(159) User=0.04s Sys=0.00s Real=0.04s
[2025-03-28T19:28:55.457+0530][gc,start    ] GC(160) Pause Young (Normal) (G1 Evacuation Pause)
[2025-03-28T19:28:55.458+0530][gc,task     ] GC(160) Using 2 workers of 2 for evacuation
[2025-03-28T19:28:55.478+0530][gc,mmu      ] GC(160) MMU target violated: 20.4ms (20.0ms/21.0ms)
[2025-03-28T19:28:55.479+0530][gc,phases   ] GC(160)   Pre Evacuate Collection Set: 1.9ms
[2025-03-28T19:28:55.479+0530][gc,phases   ] GC(160)   Merge Heap Roots: 0.6ms
[2025-03-28T19:28:55.479+0530][gc,phases   ] GC(160)   Evacuate Collection Set: 16.3ms
[2025-03-28T19:28:55.479+0530][gc,phases   ] GC(160)   Post Evacuate Collection Set: 1.7ms
[2025-03-28T19:28:55.479+0530][gc,phases   ] GC(160)   Other: 0.7ms
[2025-03-28T19:28:55.479+0530][gc,heap     ] GC(160) Eden regions: 47->0(49)
[2025-03-28T19:28:55.479+0530][gc,heap     ] GC(160) Survivor regions: 4->2(7)
[2025-03-28T19:28:55.479+0530][gc,heap     ] GC(160) Old regions: 81->82
[2025-03-28T19:28:55.479+0530][gc,heap     ] GC(160) Archive regions: 2->2
[2025-03-28T19:28:55.479+0530][gc,heap     ] GC(160) Humongous regions: 149->149
[2025-03-28T19:28:55.479+0530][gc,metaspace] GC(160) Metaspace: 49829K(50432K)->49829K(50432K) NonClass: 44212K(44544K)->44212K(44544K) Class: 5617K(5888K)->5617K(5888K)
[2025-03-28T19:28:55.479+0530][gc          ] GC(160) Pause Young (Normal) (G1 Evacuation Pause) 280M->232M(1024M) 21.834ms
[2025-03-28T19:28:55.479+0530][gc,cpu      ] GC(160) User=0.03s Sys=0.00s Real=0.03s
[2025-03-28T19:28:58.529+0530][gc,start    ] GC(212) Pause Young (Normal) (G1 Evacuation Pause)
[2025-03-28T19:28:58.529+0530][gc,task     ] GC(212) Using 2 workers of 2 for evacuation
[2025-03-28T19:28:58.602+0530][gc,mmu      ] GC(212) MMU target violated: 21.0ms (20.0ms/21.0ms)
[2025-03-28T19:28:58.604+0530][gc,phases   ] GC(212)   Pre Evacuate Collection Set: 0.8ms
[2025-03-28T19:28:58.604+0530][gc,phases   ] GC(212)   Merge Heap Roots: 1.1ms
[2025-03-28T19:28:58.604+0530][gc,phases   ] GC(212)   Evacuate Collection Set: 59.2ms
[2025-03-28T19:28:58.604+0530][gc,phases   ] GC(212)   Post Evacuate Collection Set: 12.0ms
[2025-03-28T19:28:58.604+0530][gc,phases   ] GC(212)   Other: 1.9ms
[2025-03-28T19:28:58.604+0530][gc,heap     ] GC(212) Eden regions: 44->0(50)
[2025-03-28T19:28:58.604+0530][gc,heap     ] GC(212) Survivor regions: 7->1(7)
[2025-03-28T19:28:58.604+0530][gc,heap     ] GC(212) Old regions: 147->148
[2025-03-28T19:28:58.604+0530][gc,heap     ] GC(212) Archive regions: 2->2
[2025-03-28T19:28:58.605+0530][gc,heap     ] GC(212) Humongous regions: 140->138
[2025-03-28T19:28:58.605+0530][gc,metaspace] GC(212) Metaspace: 50393K(51072K)->50393K(51072K) NonClass: 44730K(45120K)->44730K(45120K) Class: 5662K(5952K)->5662K(5952K)
[2025-03-28T19:28:58.605+0530][gc          ] GC(212) Pause Young (Normal) (G1 Evacuation Pause) 338M->287M(1024M) 75.807ms
[2025-03-28T19:28:58.605+0530][gc,cpu      ] GC(212) User=0.12s Sys=0.00s Real=0.07s
[2025-03-28T19:29:01.283+0530][gc,start    ] GC(161) Pause Young (Normal) (G1 Evacuation Pause)
[2025-03-28T19:29:01.283+0530][gc,task     ] GC(161) Using 2 workers of 2 for evacuation
[2025-03-28T19:29:01.349+0530][gc,mmu      ] GC(161) MMU target violated: 21.0ms (20.0ms/21.0ms)
[2025-03-28T19:29:01.353+0530][gc,phases   ] GC(161)   Pre Evacuate Collection Set: 33.6ms
[2025-03-28T19:29:01.353+0530][gc,phases   ] GC(161)   Merge Heap Roots: 0.9ms
[2025-03-28T19:29:01.353+0530][gc,phases   ] GC(161)   Evacuate Collection Set: 27.2ms
[2025-03-28T19:29:01.353+0530][gc,phases   ] GC(161)   Post Evacuate Collection Set: 3.6ms
[2025-03-28T19:29:01.353+0530][gc,phases   ] GC(161)   Other: 4.2ms
[2025-03-28T19:29:01.353+0530][gc,heap     ] GC(161) Eden regions: 49->0(48)
[2025-03-28T19:29:01.353+0530][gc,heap     ] GC(161) Survivor regions: 2->3(7)
[2025-03-28T19:29:01.353+0530][gc,heap     ] GC(161) Old regions: 82->82
[2025-03-28T19:29:01.353+0530][gc,heap     ] GC(161) Archive regions: 2->2
[2025-03-28T19:29:01.353+0530][gc,heap     ] GC(161) Humongous regions: 149->147
[2025-03-28T19:29:01.353+0530][gc,metaspace] GC(161) Metaspace: 49835K(50432K)->49835K(50432K) NonClass: 44217K(44544K)->44217K(44544K) Class: 5617K(5888K)->5617K(5888K)
[2025-03-28T19:29:01.353+0530][gc          ] GC(161) Pause Young (Normal) (G1 Evacuation Pause) 281M->231M(1024M) 69.910ms
[2025-03-28T19:29:01.353+0530][gc,cpu      ] GC(161) User=0.02s Sys=0.01s Real=0.07s
[2025-03-28T19:29:01.778+0530][gc,start    ] GC(213) Pause Young (Normal) (G1 Evacuation Pause)
[2025-03-28T19:29:01.778+0530][gc,task     ] GC(213) Using 2 workers of 2 for evacuation
[2025-03-28T19:29:01.939+0530][gc,mmu      ] GC(213) MMU target violated: 21.0ms (20.0ms/21.0ms)
[2025-03-28T19:29:01.939+0530][gc,phases   ] GC(213)   Pre Evacuate Collection Set: 12.0ms
[2025-03-28T19:29:01.939+0530][gc,phases   ] GC(213)   Merge Heap Roots: 3.5ms
[2025-03-28T19:29:01.940+0530][gc,phases   ] GC(213)   Evacuate Collection Set: 143.8ms
[2025-03-28T19:29:01.940+0530][gc,phases   ] GC(213)   Post Evacuate Collection Set: 1.9ms
[2025-03-28T19:29:01.940+0530][gc,phases   ] GC(213)   Other: 0.6ms
[2025-03-28T19:29:01.940+0530][gc,heap     ] GC(213) Eden regions: 50->0(44)
[2025-03-28T19:29:01.940+0530][gc,heap     ] GC(213) Survivor regions: 1->7(7)
[2025-03-28T19:29:01.940+0530][gc,heap     ] GC(213) Old regions: 148->148
[2025-03-28T19:29:01.940+0530][gc,heap     ] GC(213) Archive regions: 2->2
[2025-03-28T19:29:01.940+0530][gc,heap     ] GC(213) Humongous regions: 138->138
[2025-03-28T19:29:01.940+0530][gc,metaspace] GC(213) Metaspace: 50394K(51072K)->50394K(51072K) NonClass: 44731K(45120K)->44731K(45120K) Class: 5662K(5952K)->5662K(5952K)
[2025-03-28T19:29:01.940+0530][gc          ] GC(213) Pause Young (Normal) (G1 Evacuation Pause) 337M->293M(1024M) 162.232ms
[2025-03-28T19:29:01.940+0530][gc,cpu      ] GC(213) User=0.10s Sys=0.02s Real=0.16s
[2025-03-28T19:29:02.099+0530][gc,start    ] GC(162) Pause Young (Normal) (G1 Evacuation Pause)
[2025-03-28T19:29:02.099+0530][gc,task     ] GC(162) Using 2 workers of 2 for evacuation
[2025-03-28T19:29:02.184+0530][gc,mmu      ] GC(162) MMU target violated: 21.0ms (20.0ms/21.0ms)
[2025-03-28T19:29:02.184+0530][gc,phases   ] GC(162)   Pre Evacuate Collection Set: 0.6ms
[2025-03-28T19:29:02.184+0530][gc,phases   ] GC(162)   Merge Heap Roots: 0.2ms
[2025-03-28T19:29:02.184+0530][gc,phases   ] GC(162)   Evacuate Collection Set: 81.9ms
[2025-03-28T19:29:02.184+0530][gc,phases   ] GC(162)   Post Evacuate Collection Set: 2.0ms
[2025-03-28T19:29:02.184+0530][gc,phases   ] GC(162)   Other: 0.5ms
[2025-03-28T19:29:02.184+0530][gc,heap     ] GC(162) Eden regions: 48->0(48)
[2025-03-28T19:29:02.184+0530][gc,heap     ] GC(162) Survivor regions: 3->3(7)
[2025-03-28T19:29:02.184+0530][gc,heap     ] GC(162) Old regions: 82->82
[2025-03-28T19:29:02.184+0530][gc,heap     ] GC(162) Archive regions: 2->2
[2025-03-28T19:29:02.184+0530][gc,heap     ] GC(162) Humongous regions: 149->149
[2025-03-28T19:29:02.184+0530][gc,metaspace] GC(162) Metaspace: 49835K(50432K)->49835K(50432K) NonClass: 44217K(44544K)->44217K(44544K) Class: 5617K(5888K)->5617K(5888K)
[2025-03-28T19:29:02.184+0530][gc          ] GC(162) Pause Young (Normal) (G1 Evacuation Pause) 281M->233M(1024M) 85.543ms
[2025-03-28T19:29:02.184+0530][gc,cpu      ] GC(162) User=0.02s Sys=0.01s Real=0.09s
[2025-03-28T19:29:02.534+0530][gc,start    ] GC(214) Pause Young (Normal) (G1 Evacuation Pause)
[2025-03-28T19:29:02.535+0530][gc,task     ] GC(214) Using 2 workers of 2 for evacuation
[2025-03-28T19:29:02.581+0530][gc,mmu      ] GC(214) MMU target violated: 21.0ms (20.0ms/21.0ms)
[2025-03-28T19:29:02.581+0530][gc,phases   ] GC(214)   Pre Evacuate Collection Set: 0.7ms
[2025-03-28T19:29:02.581+0530][gc,phases   ] GC(214)   Merge Heap Roots: 13.2ms
[2025-03-28T19:29:02.581+0530][gc,phases   ] GC(214)   Evacuate Collection Set: 30.6ms
[2025-03-28T19:29:02.581+0530][gc,phases   ] GC(214)   Post Evacuate Collection Set: 1.6ms
[2025-03-28T19:29:02.581+0530][gc,phases   ] GC(214)   Other: 0.5ms
[2025-03-28T19:29:02.581+0530][gc,heap     ] GC(214) Eden regions: 44->0(49)
[2025-03-28T19:29:02.581+0530][gc,heap     ] GC(214) Survivor regions: 7->2(7)
[2025-03-28T19:29:02.581+0530][gc,heap     ] GC(214) Old regions: 148->149
[2025-03-28T19:29:02.581+0530][gc,heap     ] GC(214) Archive regions: 2->2
[2025-03-28T19:29:02.581+0530][gc,heap     ] GC(214) Humongous regions: 140->140
[2025-03-28T19:29:02.581+0530][gc,metaspace] GC(214) Metaspace: 50394K(51072K)->50394K(51072K) NonClass: 44732K(45120K)->44732K(45120K) Class: 5662K(5952K)->5662K(5952K)
[2025-03-28T19:29:02.581+0530][gc          ] GC(214) Pause Young (Normal) (G1 Evacuation Pause) 339M->291M(1024M) 46.960ms
[2025-03-28T19:29:02.581+0530][gc,cpu      ] GC(214) User=0.03s Sys=0.01s Real=0.04s
[2025-03-28T19:29:03.694+0530][gc,start    ] GC(215) Pause Young (Normal) (G1 Evacuation Pause)
[2025-03-28T19:29:03.694+0530][gc,task     ] GC(215) Using 2 workers of 2 for evacuation
[2025-03-28T19:29:03.734+0530][gc,mmu      ] GC(215) MMU target violated: 21.0ms (20.0ms/21.0ms)
[2025-03-28T19:29:03.734+0530][gc,phases   ] GC(215)   Pre Evacuate Collection Set: 0.6ms
[2025-03-28T19:29:03.734+0530][gc,phases   ] GC(215)   Merge Heap Roots: 0.3ms
[2025-03-28T19:29:03.734+0530][gc,phases   ] GC(215)   Evacuate Collection Set: 36.1ms
[2025-03-28T19:29:03.734+0530][gc,phases   ] GC(215)   Post Evacuate Collection Set: 1.7ms
[2025-03-28T19:29:03.734+0530][gc,phases   ] GC(215)   Other: 1.0ms
[2025-03-28T19:29:03.734+0530][gc,heap     ] GC(215) Eden regions: 49->0(45)
[2025-03-28T19:29:03.734+0530][gc,heap     ] GC(215) Survivor regions: 2->6(7)
[2025-03-28T19:29:03.734+0530][gc,heap     ] GC(215) Old regions: 149->149
[2025-03-28T19:29:03.734+0530][gc,heap     ] GC(215) Archive regions: 2->2
[2025-03-28T19:29:03.734+0530][gc,heap     ] GC(215) Humongous regions: 140->138
[2025-03-28T19:29:03.734+0530][gc,metaspace] GC(215) Metaspace: 50395K(51072K)->50395K(51072K) NonClass: 44732K(45120K)->44732K(45120K) Class: 5662K(5952K)->5662K(5952K)
[2025-03-28T19:29:03.734+0530][gc          ] GC(215) Pause Young (Normal) (G1 Evacuation Pause) 340M->293M(1024M) 40.219ms
[2025-03-28T19:29:03.735+0530][gc,cpu      ] GC(215) User=0.06s Sys=0.00s Real=0.04s
[2025-03-28T19:29:04.099+0530][gc,start    ] GC(216) Pause Young (Normal) (G1 Evacuation Pause)
[2025-03-28T19:29:04.100+0530][gc,task     ] GC(216) Using 2 workers of 2 for evacuation
[2025-03-28T19:29:04.138+0530][gc,mmu      ] GC(216) MMU target violated: 21.0ms (20.0ms/21.0ms)
[2025-03-28T19:29:04.139+0530][gc,phases   ] GC(216)   Pre Evacuate Collection Set: 1.1ms
[2025-03-28T19:29:04.139+0530][gc,phases   ] GC(216)   Merge Heap Roots: 0.4ms
[2025-03-28T19:29:04.139+0530][gc,phases   ] GC(216)   Evacuate Collection Set: 29.1ms
[2025-03-28T19:29:04.139+0530][gc,phases   ] GC(216)   Post Evacuate Collection Set: 7.9ms
[2025-03-28T19:29:04.139+0530][gc,phases   ] GC(216)   Other: 0.7ms
[2025-03-28T19:29:04.139+0530][gc,heap     ] GC(216) Eden regions: 45->0(49)
[2025-03-28T19:29:04.139+0530][gc,heap     ] GC(216) Survivor regions: 6->2(7)
[2025-03-28T19:29:04.139+0530][gc,heap     ] GC(216) Old regions: 149->151
[2025-03-28T19:29:04.139+0530][gc,heap     ] GC(216) Archive regions: 2->2
[2025-03-28T19:29:04.139+0530][gc,heap     ] GC(216) Humongous regions: 140->140
[2025-03-28T19:29:04.139+0530][gc,metaspace] GC(216) Metaspace: 50395K(51072K)->50395K(51072K) NonClass: 44733K(45120K)->44733K(45120K) Class: 5662K(5952K)->5662K(5952K)
[2025-03-28T19:29:04.139+0530][gc          ] GC(216) Pause Young (Normal) (G1 Evacuation Pause) 340M->292M(1024M) 39.447ms
[2025-03-28T19:29:04.139+0530][gc,cpu      ] GC(216) User=0.03s Sys=0.01s Real=0.05s
[2025-03-28T19:29:04.715+0530][gc,start    ] GC(163) Pause Young (Normal) (G1 Evacuation Pause)
[2025-03-28T19:29:04.715+0530][gc,task     ] GC(163) Using 2 workers of 2 for evacuation
[2025-03-28T19:29:04.730+0530][gc,phases   ] GC(163)   Pre Evacuate Collection Set: 0.9ms
[2025-03-28T19:29:04.730+0530][gc,phases   ] GC(163)   Merge Heap Roots: 0.6ms
[2025-03-28T19:29:04.730+0530][gc,phases   ] GC(163)   Evacuate Collection Set: 11.1ms
[2025-03-28T19:29:04.730+0530][gc,phases   ] GC(163)   Post Evacuate Collection Set: 1.8ms
[2025-03-28T19:29:04.730+0530][gc,phases   ] GC(163)   Other: 0.4ms
[2025-03-28T19:29:04.730+0530][gc,heap     ] GC(163) Eden regions: 48->0(48)
[2025-03-28T19:29:04.730+0530][gc,heap     ] GC(163) Survivor regions: 3->3(7)
[2025-03-28T19:29:04.730+0530][gc,heap     ] GC(163) Old regions: 82->82
[2025-03-28T19:29:04.730+0530][gc,heap     ] GC(163) Archive regions: 2->2
[2025-03-28T19:29:04.730+0530][gc,heap     ] GC(163) Humongous regions: 149->147
[2025-03-28T19:29:04.730+0530][gc,metaspace] GC(163) Metaspace: 49837K(50432K)->49837K(50432K) NonClass: 44219K(44544K)->44219K(44544K) Class: 5617K(5888K)->5617K(5888K)
[2025-03-28T19:29:04.730+0530][gc          ] GC(163) Pause Young (Normal) (G1 Evacuation Pause) 281M->231M(1024M) 15.554ms
[2025-03-28T19:29:04.731+0530][gc,cpu      ] GC(163) User=0.02s Sys=0.00s Real=0.02s
[2025-03-28T19:29:05.152+0530][gc,start    ] GC(164) Pause Young (Normal) (G1 Evacuation Pause)
[2025-03-28T19:29:05.152+0530][gc,task     ] GC(164) Using 2 workers of 2 for evacuation
[2025-03-28T19:29:05.170+0530][gc,phases   ] GC(164)   Pre Evacuate Collection Set: 0.7ms
[2025-03-28T19:29:05.170+0530][gc,phases   ] GC(164)   Merge Heap Roots: 0.2ms
[2025-03-28T19:29:05.170+0530][gc,phases   ] GC(164)   Evacuate Collection Set: 15.6ms
[2025-03-28T19:29:05.170+0530][gc,phases   ] GC(164)   Post Evacuate Collection Set: 1.3ms
[2025-03-28T19:29:05.170+0530][gc,phases   ] GC(164)   Other: 0.6ms
[2025-03-28T19:29:05.170+0530][gc,heap     ] GC(164) Eden regions: 48->0(48)
[2025-03-28T19:29:05.170+0530][gc,heap     ] GC(164) Survivor regions: 3->3(7)
[2025-03-28T19:29:05.170+0530][gc,heap     ] GC(164) Old regions: 82->82
[2025-03-28T19:29:05.170+0530][gc,heap     ] GC(164) Archive regions: 2->2
[2025-03-28T19:29:05.170+0530][gc,heap     ] GC(164) Humongous regions: 149->149
[2025-03-28T19:29:05.170+0530][gc,metaspace] GC(164) Metaspace: 49837K(50432K)->49837K(50432K) NonClass: 44219K(44544K)->44219K(44544K) Class: 5617K(5888K)->5617K(5888K)
[2025-03-28T19:29:05.170+0530][gc          ] GC(164) Pause Young (Normal) (G1 Evacuation Pause) 281M->233M(1024M) 18.750ms
[2025-03-28T19:29:05.170+0530][gc,cpu      ] GC(164) User=0.03s Sys=0.00s Real=0.02s
[2025-03-28T19:29:11.459+0530][gc,start    ] GC(165) Pause Young (Normal) (G1 Evacuation Pause)
[2025-03-28T19:29:11.459+0530][gc,task     ] GC(165) Using 2 workers of 2 for evacuation
[2025-03-28T19:29:11.505+0530][gc,mmu      ] GC(165) MMU target violated: 21.0ms (20.0ms/21.0ms)
[2025-03-28T19:29:11.505+0530][gc,phases   ] GC(165)   Pre Evacuate Collection Set: 0.9ms
[2025-03-28T19:29:11.505+0530][gc,phases   ] GC(165)   Merge Heap Roots: 0.2ms
[2025-03-28T19:29:11.505+0530][gc,phases   ] GC(165)   Evacuate Collection Set: 43.3ms
[2025-03-28T19:29:11.505+0530][gc,phases   ] GC(165)   Post Evacuate Collection Set: 1.6ms
[2025-03-28T19:29:11.505+0530][gc,phases   ] GC(165)   Other: 0.5ms
[2025-03-28T19:29:11.505+0530][gc,heap     ] GC(165) Eden regions: 48->0(49)
[2025-03-28T19:29:11.505+0530][gc,heap     ] GC(165) Survivor regions: 3->2(7)
[2025-03-28T19:29:11.505+0530][gc,heap     ] GC(165) Old regions: 82->82
[2025-03-28T19:29:11.505+0530][gc,heap     ] GC(165) Archive regions: 2->2
[2025-03-28T19:29:11.505+0530][gc,heap     ] GC(165) Humongous regions: 149->147
[2025-03-28T19:29:11.505+0530][gc,metaspace] GC(165) Metaspace: 49838K(50432K)->49838K(50432K) NonClass: 44220K(44544K)->44220K(44544K) Class: 5617K(5888K)->5617K(5888K)
[2025-03-28T19:29:11.506+0530][gc          ] GC(165) Pause Young (Normal) (G1 Evacuation Pause) 281M->230M(1024M) 46.886ms
[2025-03-28T19:29:11.506+0530][gc,cpu      ] GC(165) User=0.04s Sys=0.01s Real=0.05s
[2025-03-28T19:29:11.873+0530][gc,start    ] GC(217) Pause Young (Normal) (G1 Evacuation Pause)
[2025-03-28T19:29:11.873+0530][gc,task     ] GC(217) Using 2 workers of 2 for evacuation
[2025-03-28T19:29:11.976+0530][gc,mmu      ] GC(217) MMU target violated: 21.0ms (20.0ms/21.0ms)
[2025-03-28T19:29:11.977+0530][gc,phases   ] GC(217)   Pre Evacuate Collection Set: 8.8ms
[2025-03-28T19:29:11.977+0530][gc,phases   ] GC(217)   Merge Heap Roots: 0.7ms
[2025-03-28T19:29:11.977+0530][gc,phases   ] GC(217)   Evacuate Collection Set: 92.0ms
[2025-03-28T19:29:11.977+0530][gc,phases   ] GC(217)   Post Evacuate Collection Set: 1.4ms
[2025-03-28T19:29:11.977+0530][gc,phases   ] GC(217)   Other: 0.5ms
[2025-03-28T19:29:11.977+0530][gc,heap     ] GC(217) Eden regions: 49->0(45)
[2025-03-28T19:29:11.977+0530][gc,heap     ] GC(217) Survivor regions: 2->6(7)
[2025-03-28T19:29:11.977+0530][gc,heap     ] GC(217) Old regions: 151->151
[2025-03-28T19:29:11.977+0530][gc,heap     ] GC(217) Archive regions: 2->2
[2025-03-28T19:29:11.977+0530][gc,heap     ] GC(217) Humongous regions: 140->138
[2025-03-28T19:29:11.977+0530][gc,metaspace] GC(217) Metaspace: 50398K(51072K)->50398K(51072K) NonClass: 44735K(45120K)->44735K(45120K) Class: 5662K(5952K)->5662K(5952K)
[2025-03-28T19:29:11.977+0530][gc          ] GC(217) Pause Young (Normal) (G1 Evacuation Pause) 341M->294M(1024M) 103.664ms
[2025-03-28T19:29:11.977+0530][gc,cpu      ] GC(217) User=0.05s Sys=0.00s Real=0.10s
[2025-03-28T19:29:12.808+0530][gc,start    ] GC(166) Pause Young (Normal) (G1 Evacuation Pause)
[2025-03-28T19:29:12.808+0530][gc,task     ] GC(166) Using 2 workers of 2 for evacuation
[2025-03-28T19:29:12.909+0530][gc,mmu      ] GC(166) MMU target violated: 21.0ms (20.0ms/21.0ms)
[2025-03-28T19:29:12.909+0530][gc,phases   ] GC(166)   Pre Evacuate Collection Set: 0.7ms
[2025-03-28T19:29:12.909+0530][gc,phases   ] GC(166)   Merge Heap Roots: 0.2ms
[2025-03-28T19:29:12.909+0530][gc,phases   ] GC(166)   Evacuate Collection Set: 96.8ms
[2025-03-28T19:29:12.909+0530][gc,phases   ] GC(166)   Post Evacuate Collection Set: 3.0ms
[2025-03-28T19:29:12.909+0530][gc,phases   ] GC(166)   Other: 0.5ms
[2025-03-28T19:29:12.909+0530][gc,heap     ] GC(166) Eden regions: 49->0(48)
[2025-03-28T19:29:12.909+0530][gc,heap     ] GC(166) Survivor regions: 2->3(7)
[2025-03-28T19:29:12.909+0530][gc,heap     ] GC(166) Old regions: 82->82
[2025-03-28T19:29:12.909+0530][gc,heap     ] GC(166) Archive regions: 2->2
[2025-03-28T19:29:12.909+0530][gc,heap     ] GC(166) Humongous regions: 149->149
[2025-03-28T19:29:12.909+0530][gc,metaspace] GC(166) Metaspace: 49838K(50432K)->49838K(50432K) NonClass: 44221K(44544K)->44221K(44544K) Class: 5617K(5888K)->5617K(5888K)
[2025-03-28T19:29:12.909+0530][gc          ] GC(166) Pause Young (Normal) (G1 Evacuation Pause) 281M->233M(1024M) 101.820ms
[2025-03-28T19:29:12.909+0530][gc,cpu      ] GC(166) User=0.08s Sys=0.01s Real=0.10s
[2025-03-28T19:29:13.165+0530][gc,start    ] GC(218) Pause Young (Normal) (G1 Evacuation Pause)
[2025-03-28T19:29:13.165+0530][gc,task     ] GC(218) Using 2 workers of 2 for evacuation
[2025-03-28T19:29:13.226+0530][gc,mmu      ] GC(218) MMU target violated: 21.0ms (20.0ms/21.0ms)
[2025-03-28T19:29:13.227+0530][gc,phases   ] GC(218)   Pre Evacuate Collection Set: 0.7ms
[2025-03-28T19:29:13.227+0530][gc,phases   ] GC(218)   Merge Heap Roots: 0.6ms
[2025-03-28T19:29:13.227+0530][gc,phases   ] GC(218)   Evacuate Collection Set: 53.2ms
[2025-03-28T19:29:13.227+0530][gc,phases   ] GC(218)   Post Evacuate Collection Set: 6.4ms
[2025-03-28T19:29:13.227+0530][gc,phases   ] GC(218)   Other: 1.3ms
[2025-03-28T19:29:13.227+0530][gc,heap     ] GC(218) Eden regions: 45->0(49)
[2025-03-28T19:29:13.227+0530][gc,heap     ] GC(218) Survivor regions: 6->2(7)
[2025-03-28T19:29:13.227+0530][gc,heap     ] GC(218) Old regions: 151->152
[2025-03-28T19:29:13.227+0530][gc,heap     ] GC(218) Archive regions: 2->2
[2025-03-28T19:29:13.227+0530][gc,heap     ] GC(218) Humongous regions: 140->140
[2025-03-28T19:29:13.227+0530][gc,metaspace] GC(218) Metaspace: 50398K(51072K)->50398K(51072K) NonClass: 44735K(45120K)->44735K(45120K) Class: 5662K(5952K)->5662K(5952K)
[2025-03-28T19:29:13.227+0530][gc          ] GC(218) Pause Young (Normal) (G1 Evacuation Pause) 341M->293M(1024M) 62.552ms
[2025-03-28T19:29:13.227+0530][gc,cpu      ] GC(218) User=0.06s Sys=0.01s Real=0.07s
[2025-03-28T19:29:14.011+0530][gc,start    ] GC(219) Pause Young (Normal) (G1 Evacuation Pause)
[2025-03-28T19:29:14.011+0530][gc,task     ] GC(219) Using 2 workers of 2 for evacuation
[2025-03-28T19:29:14.036+0530][gc,mmu      ] GC(219) MMU target violated: 21.0ms (20.0ms/21.0ms)
[2025-03-28T19:29:14.036+0530][gc,phases   ] GC(219)   Pre Evacuate Collection Set: 0.8ms
[2025-03-28T19:29:14.036+0530][gc,phases   ] GC(219)   Merge Heap Roots: 0.3ms
[2025-03-28T19:29:14.036+0530][gc,phases   ] GC(219)   Evacuate Collection Set: 21.9ms
[2025-03-28T19:29:14.036+0530][gc,phases   ] GC(219)   Post Evacuate Collection Set: 1.9ms
[2025-03-28T19:29:14.036+0530][gc,phases   ] GC(219)   Other: 0.5ms
[2025-03-28T19:29:14.036+0530][gc,heap     ] GC(219) Eden regions: 49->0(47)
[2025-03-28T19:29:14.036+0530][gc,heap     ] GC(219) Survivor regions: 2->4(7)
[2025-03-28T19:29:14.036+0530][gc,heap     ] GC(219) Old regions: 152->152
[2025-03-28T19:29:14.036+0530][gc,heap     ] GC(219) Archive regions: 2->2
[2025-03-28T19:29:14.036+0530][gc,heap     ] GC(219) Humongous regions: 140->138
[2025-03-28T19:29:14.036+0530][gc,metaspace] GC(219) Metaspace: 50398K(51072K)->50398K(51072K) NonClass: 44735K(45120K)->44735K(45120K) Class: 5662K(5952K)->5662K(5952K)
[2025-03-28T19:29:14.037+0530][gc          ] GC(219) Pause Young (Normal) (G1 Evacuation Pause) 342M->293M(1024M) 25.641ms
[2025-03-28T19:29:14.037+0530][gc,cpu      ] GC(219) User=0.03s Sys=0.00s Real=0.03s
[2025-03-28T19:29:14.415+0530][gc,start    ] GC(220) Pause Young (Normal) (G1 Evacuation Pause)
[2025-03-28T19:29:14.415+0530][gc,task     ] GC(220) Using 2 workers of 2 for evacuation
[2025-03-28T19:29:14.431+0530][gc,phases   ] GC(220)   Pre Evacuate Collection Set: 1.0ms
[2025-03-28T19:29:14.431+0530][gc,phases   ] GC(220)   Merge Heap Roots: 0.2ms
[2025-03-28T19:29:14.431+0530][gc,phases   ] GC(220)   Evacuate Collection Set: 12.9ms
[2025-03-28T19:29:14.431+0530][gc,phases   ] GC(220)   Post Evacuate Collection Set: 1.5ms
[2025-03-28T19:29:14.431+0530][gc,phases   ] GC(220)   Other: 0.4ms
[2025-03-28T19:29:14.431+0530][gc,heap     ] GC(220) Eden regions: 47->0(49)
[2025-03-28T19:29:14.431+0530][gc,heap     ] GC(220) Survivor regions: 4->2(7)
[2025-03-28T19:29:14.431+0530][gc,heap     ] GC(220) Old regions: 152->152
[2025-03-28T19:29:14.431+0530][gc,heap     ] GC(220) Archive regions: 2->2
[2025-03-28T19:29:14.431+0530][gc,heap     ] GC(220) Humongous regions: 140->140
[2025-03-28T19:29:14.431+0530][gc,metaspace] GC(220) Metaspace: 50398K(51072K)->50398K(51072K) NonClass: 44736K(45120K)->44736K(45120K) Class: 5662K(5952K)->5662K(5952K)
[2025-03-28T19:29:14.431+0530][gc          ] GC(220) Pause Young (Normal) (G1 Evacuation Pause) 342M->294M(1024M) 16.381ms
[2025-03-28T19:29:14.431+0530][gc,cpu      ] GC(220) User=0.03s Sys=0.00s Real=0.01s
[2025-03-28T19:29:14.702+0530][gc,start    ] GC(167) Pause Young (Normal) (G1 Evacuation Pause)
[2025-03-28T19:29:14.702+0530][gc,task     ] GC(167) Using 2 workers of 2 for evacuation
[2025-03-28T19:29:14.722+0530][gc,phases   ] GC(167)   Pre Evacuate Collection Set: 0.9ms
[2025-03-28T19:29:14.722+0530][gc,phases   ] GC(167)   Merge Heap Roots: 0.3ms
[2025-03-28T19:29:14.722+0530][gc,phases   ] GC(167)   Evacuate Collection Set: 14.7ms
[2025-03-28T19:29:14.722+0530][gc,phases   ] GC(167)   Post Evacuate Collection Set: 4.0ms
[2025-03-28T19:29:14.722+0530][gc,phases   ] GC(167)   Other: 0.8ms
[2025-03-28T19:29:14.722+0530][gc,heap     ] GC(167) Eden regions: 48->0(49)
[2025-03-28T19:29:14.722+0530][gc,heap     ] GC(167) Survivor regions: 3->2(7)
[2025-03-28T19:29:14.722+0530][gc,heap     ] GC(167) Old regions: 82->82
[2025-03-28T19:29:14.722+0530][gc,heap     ] GC(167) Archive regions: 2->2
[2025-03-28T19:29:14.722+0530][gc,heap     ] GC(167) Humongous regions: 149->147
[2025-03-28T19:29:14.723+0530][gc,metaspace] GC(167) Metaspace: 49838K(50432K)->49838K(50432K) NonClass: 44221K(44544K)->44221K(44544K) Class: 5617K(5888K)->5617K(5888K)
[2025-03-28T19:29:14.723+0530][gc          ] GC(167) Pause Young (Normal) (G1 Evacuation Pause) 281M->230M(1024M) 21.068ms
[2025-03-28T19:29:14.723+0530][gc,cpu      ] GC(167) User=0.01s Sys=0.00s Real=0.02s
[2025-03-28T19:29:15.072+0530][gc,start    ] GC(168) Pause Young (Normal) (G1 Evacuation Pause)
[2025-03-28T19:29:15.072+0530][gc,task     ] GC(168) Using 2 workers of 2 for evacuation
[2025-03-28T19:29:15.128+0530][gc,mmu      ] GC(168) MMU target violated: 21.0ms (20.0ms/21.0ms)
[2025-03-28T19:29:15.128+0530][gc,phases   ] GC(168)   Pre Evacuate Collection Set: 0.8ms
[2025-03-28T19:29:15.128+0530][gc,phases   ] GC(168)   Merge Heap Roots: 0.3ms
[2025-03-28T19:29:15.128+0530][gc,phases   ] GC(168)   Evacuate Collection Set: 52.0ms
[2025-03-28T19:29:15.128+0530][gc,phases   ] GC(168)   Post Evacuate Collection Set: 2.5ms
[2025-03-28T19:29:15.128+0530][gc,phases   ] GC(168)   Other: 0.6ms
[2025-03-28T19:29:15.128+0530][gc,heap     ] GC(168) Eden regions: 49->0(44)
[2025-03-28T19:29:15.128+0530][gc,heap     ] GC(168) Survivor regions: 2->7(7)
[2025-03-28T19:29:15.128+0530][gc,heap     ] GC(168) Old regions: 82->82
[2025-03-28T19:29:15.128+0530][gc,heap     ] GC(168) Archive regions: 2->2
[2025-03-28T19:29:15.128+0530][gc,heap     ] GC(168) Humongous regions: 147->147
[2025-03-28T19:29:15.128+0530][gc,metaspace] GC(168) Metaspace: 49838K(50432K)->49838K(50432K) NonClass: 44221K(44544K)->44221K(44544K) Class: 5617K(5888K)->5617K(5888K)
[2025-03-28T19:29:15.128+0530][gc          ] GC(168) Pause Young (Normal) (G1 Evacuation Pause) 279M->236M(1024M) 56.632ms
[2025-03-28T19:29:15.128+0530][gc,cpu      ] GC(168) User=0.05s Sys=0.01s Real=0.06s
[2025-03-28T19:29:19.870+0530][gc,start    ] GC(169) Pause Young (Normal) (G1 Evacuation Pause)
[2025-03-28T19:29:19.870+0530][gc,task     ] GC(169) Using 2 workers of 2 for evacuation
[2025-03-28T19:29:19.889+0530][gc,phases   ] GC(169)   Pre Evacuate Collection Set: 0.8ms
[2025-03-28T19:29:19.890+0530][gc,phases   ] GC(169)   Merge Heap Roots: 0.6ms
[2025-03-28T19:29:19.890+0530][gc,phases   ] GC(169)   Evacuate Collection Set: 14.8ms
[2025-03-28T19:29:19.890+0530][gc,phases   ] GC(169)   Post Evacuate Collection Set: 1.8ms
[2025-03-28T19:29:19.890+0530][gc,phases   ] GC(169)   Other: 0.5ms
[2025-03-28T19:29:19.890+0530][gc,heap     ] GC(169) Eden regions: 44->0(50)
[2025-03-28T19:29:19.890+0530][gc,heap     ] GC(169) Survivor regions: 7->1(7)
[2025-03-28T19:29:19.890+0530][gc,heap     ] GC(169) Old regions: 82->82
[2025-03-28T19:29:19.890+0530][gc,heap     ] GC(169) Archive regions: 2->2
[2025-03-28T19:29:19.890+0530][gc,heap     ] GC(169) Humongous regions: 149->147
[2025-03-28T19:29:19.890+0530][gc,metaspace] GC(169) Metaspace: 49839K(50432K)->49839K(50432K) NonClass: 44221K(44544K)->44221K(44544K) Class: 5617K(5888K)->5617K(5888K)
[2025-03-28T19:29:19.890+0530][gc          ] GC(169) Pause Young (Normal) (G1 Evacuation Pause) 282M->230M(1024M) 20.331ms
[2025-03-28T19:29:19.891+0530][gc,cpu      ] GC(169) User=0.01s Sys=0.00s Real=0.02s
[2025-03-28T19:29:21.656+0530][gc,start    ] GC(221) Pause Young (Normal) (G1 Evacuation Pause)
[2025-03-28T19:29:21.656+0530][gc,task     ] GC(221) Using 2 workers of 2 for evacuation
[2025-03-28T19:29:21.722+0530][gc,mmu      ] GC(221) MMU target violated: 21.0ms (20.0ms/21.0ms)
[2025-03-28T19:29:21.722+0530][gc,phases   ] GC(221)   Pre Evacuate Collection Set: 0.4ms
[2025-03-28T19:29:21.722+0530][gc,phases   ] GC(221)   Merge Heap Roots: 8.1ms
[2025-03-28T19:29:21.722+0530][gc,phases   ] GC(221)   Evacuate Collection Set: 55.7ms
[2025-03-28T19:29:21.722+0530][gc,phases   ] GC(221)   Post Evacuate Collection Set: 2.0ms
[2025-03-28T19:29:21.723+0530][gc,phases   ] GC(221)   Other: 0.6ms
[2025-03-28T19:29:21.723+0530][gc,heap     ] GC(221) Eden regions: 49->0(47)
[2025-03-28T19:29:21.723+0530][gc,heap     ] GC(221) Survivor regions: 2->4(7)
[2025-03-28T19:29:21.723+0530][gc,heap     ] GC(221) Old regions: 152->152
[2025-03-28T19:29:21.723+0530][gc,heap     ] GC(221) Archive regions: 2->2
[2025-03-28T19:29:21.723+0530][gc,heap     ] GC(221) Humongous regions: 140->138
[2025-03-28T19:29:21.723+0530][gc,metaspace] GC(221) Metaspace: 50401K(51072K)->50401K(51072K) NonClass: 44738K(45120K)->44738K(45120K) Class: 5662K(5952K)->5662K(5952K)
[2025-03-28T19:29:21.723+0530][gc          ] GC(221) Pause Young (Normal) (G1 Evacuation Pause) 343M->294M(1024M) 67.594ms
[2025-03-28T19:29:21.723+0530][gc,cpu      ] GC(221) User=0.05s Sys=0.00s Real=0.07s
[2025-03-28T19:29:21.822+0530][gc,start    ] GC(170) Pause Young (Normal) (G1 Evacuation Pause)
[2025-03-28T19:29:21.822+0530][gc,task     ] GC(170) Using 2 workers of 2 for evacuation
[2025-03-28T19:29:21.904+0530][gc,mmu      ] GC(170) MMU target violated: 21.0ms (20.0ms/21.0ms)
[2025-03-28T19:29:21.904+0530][gc,phases   ] GC(170)   Pre Evacuate Collection Set: 0.6ms
[2025-03-28T19:29:21.904+0530][gc,phases   ] GC(170)   Merge Heap Roots: 0.2ms
[2025-03-28T19:29:21.904+0530][gc,phases   ] GC(170)   Evacuate Collection Set: 78.0ms
[2025-03-28T19:29:21.904+0530][gc,phases   ] GC(170)   Post Evacuate Collection Set: 2.7ms
[2025-03-28T19:29:21.905+0530][gc,phases   ] GC(170)   Other: 0.6ms
[2025-03-28T19:29:21.905+0530][gc,heap     ] GC(170) Eden regions: 50->0(44)
[2025-03-28T19:29:21.905+0530][gc,heap     ] GC(170) Survivor regions: 1->7(7)
[2025-03-28T19:29:21.905+0530][gc,heap     ] GC(170) Old regions: 82->82
[2025-03-28T19:29:21.905+0530][gc,heap     ] GC(170) Archive regions: 2->2
[2025-03-28T19:29:21.905+0530][gc,heap     ] GC(170) Humongous regions: 147->147
[2025-03-28T19:29:21.905+0530][gc,metaspace] GC(170) Metaspace: 49839K(50432K)->49839K(50432K) NonClass: 44222K(44544K)->44222K(44544K) Class: 5617K(5888K)->5617K(5888K)
[2025-03-28T19:29:21.905+0530][gc          ] GC(170) Pause Young (Normal) (G1 Evacuation Pause) 280M->236M(1024M) 82.516ms
[2025-03-28T19:29:21.905+0530][gc,cpu      ] GC(170) User=0.06s Sys=0.01s Real=0.09s
[2025-03-28T19:29:22.227+0530][gc,start    ] GC(222) Pause Young (Normal) (G1 Evacuation Pause)
[2025-03-28T19:29:22.227+0530][gc,task     ] GC(222) Using 2 workers of 2 for evacuation
[2025-03-28T19:29:22.258+0530][gc,mmu      ] GC(222) MMU target violated: 21.0ms (20.0ms/21.0ms)
[2025-03-28T19:29:22.258+0530][gc,phases   ] GC(222)   Pre Evacuate Collection Set: 0.5ms
[2025-03-28T19:29:22.258+0530][gc,phases   ] GC(222)   Merge Heap Roots: 0.3ms
[2025-03-28T19:29:22.258+0530][gc,phases   ] GC(222)   Evacuate Collection Set: 28.0ms
[2025-03-28T19:29:22.258+0530][gc,phases   ] GC(222)   Post Evacuate Collection Set: 1.4ms
[2025-03-28T19:29:22.258+0530][gc,phases   ] GC(222)   Other: 0.7ms
[2025-03-28T19:29:22.258+0530][gc,heap     ] GC(222) Eden regions: 47->0(48)
[2025-03-28T19:29:22.258+0530][gc,heap     ] GC(222) Survivor regions: 4->3(7)
[2025-03-28T19:29:22.258+0530][gc,heap     ] GC(222) Old regions: 152->152
[2025-03-28T19:29:22.258+0530][gc,heap     ] GC(222) Archive regions: 2->2
[2025-03-28T19:29:22.258+0530][gc,heap     ] GC(222) Humongous regions: 140->140
[2025-03-28T19:29:22.258+0530][gc,metaspace] GC(222) Metaspace: 50401K(51072K)->50401K(51072K) NonClass: 44738K(45120K)->44738K(45120K) Class: 5662K(5952K)->5662K(5952K)
[2025-03-28T19:29:22.258+0530][gc          ] GC(222) Pause Young (Normal) (G1 Evacuation Pause) 343M->295M(1024M) 31.267ms
[2025-03-28T19:29:22.258+0530][gc,cpu      ] GC(222) User=0.03s Sys=0.00s Real=0.04s
[2025-03-28T19:29:22.482+0530][gc,start    ] GC(171) Pause Young (Normal) (G1 Evacuation Pause)
[2025-03-28T19:29:22.483+0530][gc,task     ] GC(171) Using 2 workers of 2 for evacuation
[2025-03-28T19:29:22.519+0530][gc,mmu      ] GC(171) MMU target violated: 21.0ms (20.0ms/21.0ms)
[2025-03-28T19:29:22.519+0530][gc,phases   ] GC(171)   Pre Evacuate Collection Set: 0.8ms
[2025-03-28T19:29:22.519+0530][gc,phases   ] GC(171)   Merge Heap Roots: 0.7ms
[2025-03-28T19:29:22.519+0530][gc,phases   ] GC(171)   Evacuate Collection Set: 32.6ms
[2025-03-28T19:29:22.519+0530][gc,phases   ] GC(171)   Post Evacuate Collection Set: 1.6ms
[2025-03-28T19:29:22.519+0530][gc,phases   ] GC(171)   Other: 0.9ms
[2025-03-28T19:29:22.519+0530][gc,heap     ] GC(171) Eden regions: 44->0(50)
[2025-03-28T19:29:22.519+0530][gc,heap     ] GC(171) Survivor regions: 7->1(7)
[2025-03-28T19:29:22.519+0530][gc,heap     ] GC(171) Old regions: 82->84
[2025-03-28T19:29:22.519+0530][gc,heap     ] GC(171) Archive regions: 2->2
[2025-03-28T19:29:22.519+0530][gc,heap     ] GC(171) Humongous regions: 149->149
[2025-03-28T19:29:22.519+0530][gc,metaspace] GC(171) Metaspace: 49839K(50432K)->49839K(50432K) NonClass: 44222K(44544K)->44222K(44544K) Class: 5617K(5888K)->5617K(5888K)
[2025-03-28T19:29:22.519+0530][gc          ] GC(171) Pause Young (Normal) (G1 Evacuation Pause) 282M->234M(1024M) 36.967ms
[2025-03-28T19:29:22.520+0530][gc,cpu      ] GC(171) User=0.03s Sys=0.00s Real=0.03s
[2025-03-28T19:29:23.603+0530][gc,start    ] GC(223) Pause Young (Normal) (G1 Evacuation Pause)
[2025-03-28T19:29:23.603+0530][gc,task     ] GC(223) Using 2 workers of 2 for evacuation
[2025-03-28T19:29:23.620+0530][gc,phases   ] GC(223)   Pre Evacuate Collection Set: 0.6ms
[2025-03-28T19:29:23.620+0530][gc,phases   ] GC(223)   Merge Heap Roots: 0.4ms
[2025-03-28T19:29:23.621+0530][gc,phases   ] GC(223)   Evacuate Collection Set: 14.3ms
[2025-03-28T19:29:23.621+0530][gc,phases   ] GC(223)   Post Evacuate Collection Set: 1.6ms
[2025-03-28T19:29:23.621+0530][gc,phases   ] GC(223)   Other: 0.4ms
[2025-03-28T19:29:23.621+0530][gc,heap     ] GC(223) Eden regions: 48->0(48)
[2025-03-28T19:29:23.621+0530][gc,heap     ] GC(223) Survivor regions: 3->3(7)
[2025-03-28T19:29:23.621+0530][gc,heap     ] GC(223) Old regions: 152->152
[2025-03-28T19:29:23.621+0530][gc,heap     ] GC(223) Archive regions: 2->2
[2025-03-28T19:29:23.621+0530][gc,heap     ] GC(223) Humongous regions: 140->138
[2025-03-28T19:29:23.621+0530][gc,metaspace] GC(223) Metaspace: 50408K(51072K)->50408K(51072K) NonClass: 44746K(45120K)->44746K(45120K) Class: 5662K(5952K)->5662K(5952K)
[2025-03-28T19:29:23.621+0530][gc          ] GC(223) Pause Young (Normal) (G1 Evacuation Pause) 343M->293M(1024M) 17.751ms
[2025-03-28T19:29:23.621+0530][gc,cpu      ] GC(223) User=0.03s Sys=0.01s Real=0.02s
[2025-03-28T19:29:23.997+0530][gc,start    ] GC(224) Pause Young (Normal) (G1 Evacuation Pause)
[2025-03-28T19:29:23.997+0530][gc,task     ] GC(224) Using 2 workers of 2 for evacuation
[2025-03-28T19:29:24.017+0530][gc,phases   ] GC(224)   Pre Evacuate Collection Set: 0.5ms
[2025-03-28T19:29:24.017+0530][gc,phases   ] GC(224)   Merge Heap Roots: 0.4ms
[2025-03-28T19:29:24.017+0530][gc,phases   ] GC(224)   Evacuate Collection Set: 16.7ms
[2025-03-28T19:29:24.017+0530][gc,phases   ] GC(224)   Post Evacuate Collection Set: 2.3ms
[2025-03-28T19:29:24.017+0530][gc,phases   ] GC(224)   Other: 0.6ms
[2025-03-28T19:29:24.017+0530][gc,heap     ] GC(224) Eden regions: 48->0(48)
[2025-03-28T19:29:24.017+0530][gc,heap     ] GC(224) Survivor regions: 3->3(7)
[2025-03-28T19:29:24.017+0530][gc,heap     ] GC(224) Old regions: 152->152
[2025-03-28T19:29:24.017+0530][gc,heap     ] GC(224) Archive regions: 2->2
[2025-03-28T19:29:24.017+0530][gc,heap     ] GC(224) Humongous regions: 140->140
[2025-03-28T19:29:24.018+0530][gc,metaspace] GC(224) Metaspace: 50408K(51072K)->50408K(51072K) NonClass: 44746K(45120K)->44746K(45120K) Class: 5662K(5952K)->5662K(5952K)
[2025-03-28T19:29:24.018+0530][gc          ] GC(224) Pause Young (Normal) (G1 Evacuation Pause) 343M->295M(1024M) 20.991ms
[2025-03-28T19:29:24.018+0530][gc,cpu      ] GC(224) User=0.03s Sys=0.00s Real=0.02s
[2025-03-28T19:29:24.697+0530][gc,start    ] GC(172) Pause Young (Normal) (G1 Evacuation Pause)
[2025-03-28T19:29:24.698+0530][gc,task     ] GC(172) Using 2 workers of 2 for evacuation
[2025-03-28T19:29:24.703+0530][gc,phases   ] GC(172)   Pre Evacuate Collection Set: 0.2ms
[2025-03-28T19:29:24.703+0530][gc,phases   ] GC(172)   Merge Heap Roots: 0.1ms
[2025-03-28T19:29:24.703+0530][gc,phases   ] GC(172)   Evacuate Collection Set: 5.1ms
[2025-03-28T19:29:24.703+0530][gc,phases   ] GC(172)   Post Evacuate Collection Set: 0.4ms
[2025-03-28T19:29:24.703+0530][gc,phases   ] GC(172)   Other: 0.1ms
[2025-03-28T19:29:24.703+0530][gc,heap     ] GC(172) Eden regions: 50->0(44)
[2025-03-28T19:29:24.703+0530][gc,heap     ] GC(172) Survivor regions: 1->7(7)
[2025-03-28T19:29:24.703+0530][gc,heap     ] GC(172) Old regions: 84->84
[2025-03-28T19:29:24.703+0530][gc,heap     ] GC(172) Archive regions: 2->2
[2025-03-28T19:29:24.703+0530][gc,heap     ] GC(172) Humongous regions: 149->147
[2025-03-28T19:29:24.703+0530][gc,metaspace] GC(172) Metaspace: 49848K(50432K)->49848K(50432K) NonClass: 44230K(44544K)->44230K(44544K) Class: 5617K(5888K)->5617K(5888K)
[2025-03-28T19:29:24.704+0530][gc          ] GC(172) Pause Young (Normal) (G1 Evacuation Pause) 284M->237M(1024M) 6.045ms
[2025-03-28T19:29:24.704+0530][gc,cpu      ] GC(172) User=0.00s Sys=0.00s Real=0.00s
[2025-03-28T19:29:24.775+0530][gc,start    ] GC(173) Pause Young (Normal) (G1 Evacuation Pause)
[2025-03-28T19:29:24.775+0530][gc,task     ] GC(173) Using 2 workers of 2 for evacuation
[2025-03-28T19:29:24.779+0530][gc,phases   ] GC(173)   Pre Evacuate Collection Set: 0.2ms
[2025-03-28T19:29:24.779+0530][gc,phases   ] GC(173)   Merge Heap Roots: 0.1ms
[2025-03-28T19:29:24.779+0530][gc,phases   ] GC(173)   Evacuate Collection Set: 3.3ms
[2025-03-28T19:29:24.779+0530][gc,phases   ] GC(173)   Post Evacuate Collection Set: 0.4ms
[2025-03-28T19:29:24.779+0530][gc,phases   ] GC(173)   Other: 0.2ms
[2025-03-28T19:29:24.779+0530][gc,heap     ] GC(173) Eden regions: 44->0(49)
[2025-03-28T19:29:24.779+0530][gc,heap     ] GC(173) Survivor regions: 7->2(7)
[2025-03-28T19:29:24.779+0530][gc,heap     ] GC(173) Old regions: 84->85
[2025-03-28T19:29:24.779+0530][gc,heap     ] GC(173) Archive regions: 2->2
[2025-03-28T19:29:24.779+0530][gc,heap     ] GC(173) Humongous regions: 149->149
[2025-03-28T19:29:24.779+0530][gc,metaspace] GC(173) Metaspace: 49848K(50432K)->49848K(50432K) NonClass: 44230K(44544K)->44230K(44544K) Class: 5617K(5888K)->5617K(5888K)
[2025-03-28T19:29:24.779+0530][gc          ] GC(173) Pause Young (Normal) (G1 Evacuation Pause) 283M->236M(1024M) 4.091ms
[2025-03-28T19:29:24.779+0530][gc,cpu      ] GC(173) User=0.00s Sys=0.00s Real=0.00s
[2025-03-28T19:29:31.514+0530][gc,start    ] GC(225) Pause Young (Normal) (G1 Evacuation Pause)
[2025-03-28T19:29:31.514+0530][gc,task     ] GC(225) Using 2 workers of 2 for evacuation
[2025-03-28T19:29:31.521+0530][gc,start    ] GC(174) Pause Young (Normal) (G1 Evacuation Pause)
[2025-03-28T19:29:31.521+0530][gc,task     ] GC(174) Using 2 workers of 2 for evacuation
[2025-03-28T19:29:31.535+0530][gc,phases   ] GC(174)   Pre Evacuate Collection Set: 0.5ms
[2025-03-28T19:29:31.535+0530][gc,phases   ] GC(174)   Merge Heap Roots: 0.1ms
[2025-03-28T19:29:31.535+0530][gc,phases   ] GC(174)   Evacuate Collection Set: 12.7ms
[2025-03-28T19:29:31.535+0530][gc,phases   ] GC(174)   Post Evacuate Collection Set: 0.3ms
[2025-03-28T19:29:31.535+0530][gc,phases   ] GC(174)   Other: 0.1ms
[2025-03-28T19:29:31.535+0530][gc,heap     ] GC(174) Eden regions: 49->0(45)
[2025-03-28T19:29:31.535+0530][gc,heap     ] GC(174) Survivor regions: 2->6(7)
[2025-03-28T19:29:31.535+0530][gc,heap     ] GC(174) Old regions: 85->85
[2025-03-28T19:29:31.535+0530][gc,heap     ] GC(174) Archive regions: 2->2
[2025-03-28T19:29:31.535+0530][gc,heap     ] GC(174) Humongous regions: 149->147
[2025-03-28T19:29:31.535+0530][gc,metaspace] GC(174) Metaspace: 49854K(50432K)->49854K(50432K) NonClass: 44236K(44544K)->44236K(44544K) Class: 5617K(5888K)->5617K(5888K)
[2025-03-28T19:29:31.535+0530][gc          ] GC(174) Pause Young (Normal) (G1 Evacuation Pause) 285M->237M(1024M) 13.954ms
[2025-03-28T19:29:31.535+0530][gc,cpu      ] GC(174) User=0.01s Sys=0.01s Real=0.03s
[2025-03-28T19:29:31.555+0530][gc,mmu      ] GC(225) MMU target violated: 21.0ms (20.0ms/21.0ms)
[2025-03-28T19:29:31.555+0530][gc,phases   ] GC(225)   Pre Evacuate Collection Set: 7.9ms
[2025-03-28T19:29:31.555+0530][gc,phases   ] GC(225)   Merge Heap Roots: 0.2ms
[2025-03-28T19:29:31.555+0530][gc,phases   ] GC(225)   Evacuate Collection Set: 32.4ms
[2025-03-28T19:29:31.555+0530][gc,phases   ] GC(225)   Post Evacuate Collection Set: 0.4ms
[2025-03-28T19:29:31.555+0530][gc,phases   ] GC(225)   Other: 0.2ms
[2025-03-28T19:29:31.555+0530][gc,heap     ] GC(225) Eden regions: 48->0(48)
[2025-03-28T19:29:31.555+0530][gc,heap     ] GC(225) Survivor regions: 3->3(7)
[2025-03-28T19:29:31.555+0530][gc,heap     ] GC(225) Old regions: 152->152
[2025-03-28T19:29:31.555+0530][gc,heap     ] GC(225) Archive regions: 2->2
[2025-03-28T19:29:31.555+0530][gc,heap     ] GC(225) Humongous regions: 140->138
[2025-03-28T19:29:31.555+0530][gc,metaspace] GC(225) Metaspace: 50413K(51072K)->50413K(51072K) NonClass: 44750K(45120K)->44750K(45120K) Class: 5662K(5952K)->5662K(5952K)
[2025-03-28T19:29:31.555+0530][gc          ] GC(225) Pause Young (Normal) (G1 Evacuation Pause) 343M->293M(1024M) 41.172ms
[2025-03-28T19:29:31.555+0530][gc,cpu      ] GC(225) User=0.02s Sys=0.00s Real=0.04s
[2025-03-28T19:29:31.633+0530][gc,start    ] GC(175) Pause Young (Normal) (G1 Evacuation Pause)
[2025-03-28T19:29:31.633+0530][gc,task     ] GC(175) Using 2 workers of 2 for evacuation
[2025-03-28T19:29:31.658+0530][gc,mmu      ] GC(175) MMU target violated: 21.0ms (20.0ms/21.0ms)
[2025-03-28T19:29:31.658+0530][gc,phases   ] GC(175)   Pre Evacuate Collection Set: 0.2ms
[2025-03-28T19:29:31.658+0530][gc,phases   ] GC(175)   Merge Heap Roots: 0.1ms
[2025-03-28T19:29:31.658+0530][gc,phases   ] GC(175)   Evacuate Collection Set: 23.5ms
[2025-03-28T19:29:31.658+0530][gc,phases   ] GC(175)   Post Evacuate Collection Set: 0.3ms
[2025-03-28T19:29:31.658+0530][gc,phases   ] GC(175)   Other: 0.2ms
[2025-03-28T19:29:31.658+0530][gc,heap     ] GC(175) Eden regions: 45->0(49)
[2025-03-28T19:29:31.658+0530][gc,heap     ] GC(175) Survivor regions: 6->2(7)
[2025-03-28T19:29:31.658+0530][gc,heap     ] GC(175) Old regions: 85->86
[2025-03-28T19:29:31.658+0530][gc,heap     ] GC(175) Archive regions: 2->2
[2025-03-28T19:29:31.658+0530][gc,heap     ] GC(175) Humongous regions: 149->149
[2025-03-28T19:29:31.658+0530][gc,metaspace] GC(175) Metaspace: 49854K(50432K)->49854K(50432K) NonClass: 44236K(44544K)->44236K(44544K) Class: 5617K(5888K)->5617K(5888K)
[2025-03-28T19:29:31.658+0530][gc          ] GC(175) Pause Young (Normal) (G1 Evacuation Pause) 284M->237M(1024M) 24.530ms
[2025-03-28T19:29:31.658+0530][gc,cpu      ] GC(175) User=0.00s Sys=0.01s Real=0.03s
[2025-03-28T19:29:31.734+0530][gc,start    ] GC(226) Pause Young (Normal) (G1 Evacuation Pause)
[2025-03-28T19:29:31.734+0530][gc,task     ] GC(226) Using 2 workers of 2 for evacuation
[2025-03-28T19:29:31.741+0530][gc,phases   ] GC(226)   Pre Evacuate Collection Set: 0.2ms
[2025-03-28T19:29:31.741+0530][gc,phases   ] GC(226)   Merge Heap Roots: 0.1ms
[2025-03-28T19:29:31.741+0530][gc,phases   ] GC(226)   Evacuate Collection Set: 6.2ms
[2025-03-28T19:29:31.741+0530][gc,phases   ] GC(226)   Post Evacuate Collection Set: 0.5ms
[2025-03-28T19:29:31.741+0530][gc,phases   ] GC(226)   Other: 0.1ms
[2025-03-28T19:29:31.741+0530][gc,heap     ] GC(226) Eden regions: 48->0(48)
[2025-03-28T19:29:31.741+0530][gc,heap     ] GC(226) Survivor regions: 3->3(7)
[2025-03-28T19:29:31.741+0530][gc,heap     ] GC(226) Old regions: 152->152
[2025-03-28T19:29:31.741+0530][gc,heap     ] GC(226) Archive regions: 2->2
[2025-03-28T19:29:31.741+0530][gc,heap     ] GC(226) Humongous regions: 140->140
[2025-03-28T19:29:31.741+0530][gc,metaspace] GC(226) Metaspace: 50413K(51072K)->50413K(51072K) NonClass: 44750K(45120K)->44750K(45120K) Class: 5662K(5952K)->5662K(5952K)
[2025-03-28T19:29:31.741+0530][gc          ] GC(226) Pause Young (Normal) (G1 Evacuation Pause) 343M->295M(1024M) 7.283ms
[2025-03-28T19:29:31.741+0530][gc,cpu      ] GC(226) User=0.01s Sys=0.00s Real=0.01s
[2025-03-28T19:29:33.564+0530][gc,start    ] GC(227) Pause Young (Normal) (G1 Evacuation Pause)
[2025-03-28T19:29:33.564+0530][gc,task     ] GC(227) Using 2 workers of 2 for evacuation
[2025-03-28T19:29:33.575+0530][gc,phases   ] GC(227)   Pre Evacuate Collection Set: 0.6ms
[2025-03-28T19:29:33.575+0530][gc,phases   ] GC(227)   Merge Heap Roots: 0.9ms
[2025-03-28T19:29:33.575+0530][gc,phases   ] GC(227)   Evacuate Collection Set: 8.0ms
[2025-03-28T19:29:33.575+0530][gc,phases   ] GC(227)   Post Evacuate Collection Set: 1.1ms
[2025-03-28T19:29:33.575+0530][gc,phases   ] GC(227)   Other: 1.2ms
[2025-03-28T19:29:33.575+0530][gc,heap     ] GC(227) Eden regions: 48->0(48)
[2025-03-28T19:29:33.575+0530][gc,heap     ] GC(227) Survivor regions: 3->3(7)
[2025-03-28T19:29:33.575+0530][gc,heap     ] GC(227) Old regions: 152->152
[2025-03-28T19:29:33.575+0530][gc,heap     ] GC(227) Archive regions: 2->2
[2025-03-28T19:29:33.575+0530][gc,heap     ] GC(227) Humongous regions: 140->138
[2025-03-28T19:29:33.575+0530][gc,metaspace] GC(227) Metaspace: 50422K(51072K)->50422K(51072K) NonClass: 44759K(45120K)->44759K(45120K) Class: 5663K(5952K)->5663K(5952K)
[2025-03-28T19:29:33.576+0530][gc          ] GC(227) Pause Young (Normal) (G1 Evacuation Pause) 343M->292M(1024M) 11.982ms
[2025-03-28T19:29:33.576+0530][gc,cpu      ] GC(227) User=0.02s Sys=0.01s Real=0.02s
[2025-03-28T19:29:33.672+0530][gc,start    ] GC(228) Pause Young (Normal) (G1 Evacuation Pause)
[2025-03-28T19:29:33.672+0530][gc,task     ] GC(228) Using 2 workers of 2 for evacuation
[2025-03-28T19:29:33.686+0530][gc,phases   ] GC(228)   Pre Evacuate Collection Set: 0.2ms
[2025-03-28T19:29:33.686+0530][gc,phases   ] GC(228)   Merge Heap Roots: 0.1ms
[2025-03-28T19:29:33.686+0530][gc,phases   ] GC(228)   Evacuate Collection Set: 12.9ms
[2025-03-28T19:29:33.686+0530][gc,phases   ] GC(228)   Post Evacuate Collection Set: 0.6ms
[2025-03-28T19:29:33.686+0530][gc,phases   ] GC(228)   Other: 0.1ms
[2025-03-28T19:29:33.686+0530][gc,heap     ] GC(228) Eden regions: 48->0(44)
[2025-03-28T19:29:33.686+0530][gc,heap     ] GC(228) Survivor regions: 3->7(7)
[2025-03-28T19:29:33.686+0530][gc,heap     ] GC(228) Old regions: 152->153
[2025-03-28T19:29:33.686+0530][gc,heap     ] GC(228) Archive regions: 2->2
[2025-03-28T19:29:33.686+0530][gc,heap     ] GC(228) Humongous regions: 138->138
[2025-03-28T19:29:33.686+0530][gc,metaspace] GC(228) Metaspace: 50422K(51072K)->50422K(51072K) NonClass: 44759K(45120K)->44759K(45120K) Class: 5663K(5952K)->5663K(5952K)
[2025-03-28T19:29:33.686+0530][gc          ] GC(228) Pause Young (Normal) (G1 Evacuation Pause) 340M->298M(1024M) 14.071ms
[2025-03-28T19:29:33.686+0530][gc,cpu      ] GC(228) User=0.03s Sys=0.00s Real=0.02s
[2025-03-28T19:29:34.677+0530][gc,start    ] GC(176) Pause Young (Normal) (G1 Evacuation Pause)
[2025-03-28T19:29:34.677+0530][gc,task     ] GC(176) Using 2 workers of 2 for evacuation
[2025-03-28T19:29:34.681+0530][gc,phases   ] GC(176)   Pre Evacuate Collection Set: 0.2ms
[2025-03-28T19:29:34.681+0530][gc,phases   ] GC(176)   Merge Heap Roots: 0.1ms
[2025-03-28T19:29:34.681+0530][gc,phases   ] GC(176)   Evacuate Collection Set: 3.8ms
[2025-03-28T19:29:34.681+0530][gc,phases   ] GC(176)   Post Evacuate Collection Set: 0.4ms
[2025-03-28T19:29:34.681+0530][gc,phases   ] GC(176)   Other: 0.1ms
[2025-03-28T19:29:34.681+0530][gc,heap     ] GC(176) Eden regions: 49->0(46)
[2025-03-28T19:29:34.681+0530][gc,heap     ] GC(176) Survivor regions: 2->5(7)
[2025-03-28T19:29:34.681+0530][gc,heap     ] GC(176) Old regions: 86->86
[2025-03-28T19:29:34.681+0530][gc,heap     ] GC(176) Archive regions: 2->2
[2025-03-28T19:29:34.681+0530][gc,heap     ] GC(176) Humongous regions: 149->147
[2025-03-28T19:29:34.681+0530][gc,metaspace] GC(176) Metaspace: 49856K(50432K)->49856K(50432K) NonClass: 44237K(44544K)->44237K(44544K) Class: 5618K(5888K)->5618K(5888K)
[2025-03-28T19:29:34.681+0530][gc          ] GC(176) Pause Young (Normal) (G1 Evacuation Pause) 286M->237M(1024M) 4.816ms
[2025-03-28T19:29:34.681+0530][gc,cpu      ] GC(176) User=0.01s Sys=0.00s Real=0.00s
[2025-03-28T19:29:34.760+0530][gc,start    ] GC(177) Pause Young (Normal) (G1 Evacuation Pause)
[2025-03-28T19:29:34.760+0530][gc,task     ] GC(177) Using 2 workers of 2 for evacuation
[2025-03-28T19:29:34.766+0530][gc,phases   ] GC(177)   Pre Evacuate Collection Set: 0.2ms
[2025-03-28T19:29:34.766+0530][gc,phases   ] GC(177)   Merge Heap Roots: 0.1ms
[2025-03-28T19:29:34.766+0530][gc,phases   ] GC(177)   Evacuate Collection Set: 4.5ms
[2025-03-28T19:29:34.766+0530][gc,phases   ] GC(177)   Post Evacuate Collection Set: 0.5ms
[2025-03-28T19:29:34.766+0530][gc,phases   ] GC(177)   Other: 0.2ms
[2025-03-28T19:29:34.766+0530][gc,heap     ] GC(177) Eden regions: 46->0(64)
[2025-03-28T19:29:34.766+0530][gc,heap     ] GC(177) Survivor regions: 5->2(7)
[2025-03-28T19:29:34.766+0530][gc,heap     ] GC(177) Old regions: 86->87
[2025-03-28T19:29:34.766+0530][gc,heap     ] GC(177) Archive regions: 2->2
[2025-03-28T19:29:34.766+0530][gc,heap     ] GC(177) Humongous regions: 149->149
[2025-03-28T19:29:34.766+0530][gc,metaspace] GC(177) Metaspace: 49856K(50432K)->49856K(50432K) NonClass: 44237K(44544K)->44237K(44544K) Class: 5618K(5888K)->5618K(5888K)
[2025-03-28T19:29:34.766+0530][gc          ] GC(177) Pause Young (Normal) (G1 Evacuation Pause) 285M->237M(1024M) 5.590ms
[2025-03-28T19:29:34.766+0530][gc,cpu      ] GC(177) User=0.01s Sys=0.00s Real=0.01s
[2025-03-28T19:29:38.523+0530][gc,start    ] GC(229) Pause Young (Normal) (G1 Evacuation Pause)
[2025-03-28T19:29:38.523+0530][gc,task     ] GC(229) Using 2 workers of 2 for evacuation
[2025-03-28T19:29:38.554+0530][gc,mmu      ] GC(229) MMU target violated: 21.0ms (20.0ms/21.0ms)
[2025-03-28T19:29:38.554+0530][gc,phases   ] GC(229)   Pre Evacuate Collection Set: 0.6ms
[2025-03-28T19:29:38.554+0530][gc,phases   ] GC(229)   Merge Heap Roots: 0.5ms
[2025-03-28T19:29:38.554+0530][gc,phases   ] GC(229)   Evacuate Collection Set: 23.8ms
[2025-03-28T19:29:38.554+0530][gc,phases   ] GC(229)   Post Evacuate Collection Set: 6.3ms
[2025-03-28T19:29:38.554+0530][gc,phases   ] GC(229)   Other: 0.5ms
[2025-03-28T19:29:38.554+0530][gc,heap     ] GC(229) Eden regions: 44->0(50)
[2025-03-28T19:29:38.554+0530][gc,heap     ] GC(229) Survivor regions: 7->1(7)
[2025-03-28T19:29:38.554+0530][gc,heap     ] GC(229) Old regions: 153->160
[2025-03-28T19:29:38.554+0530][gc,heap     ] GC(229) Archive regions: 2->2
[2025-03-28T19:29:38.554+0530][gc,heap     ] GC(229) Humongous regions: 140->138
[2025-03-28T19:29:38.554+0530][gc,metaspace] GC(229) Metaspace: 50448K(51072K)->50448K(51072K) NonClass: 44784K(45120K)->44784K(45120K) Class: 5664K(5952K)->5664K(5952K)
[2025-03-28T19:29:38.555+0530][gc          ] GC(229) Pause Young (Normal) (G1 Evacuation Pause) 344M->299M(1024M) 31.854ms
[2025-03-28T19:29:38.555+0530][gc,cpu      ] GC(229) User=0.05s Sys=0.00s Real=0.03s
[2025-03-28T19:29:41.548+0530][gc,start    ] GC(178) Pause Young (Normal) (G1 Evacuation Pause)
[2025-03-28T19:29:41.548+0530][gc,task     ] GC(178) Using 2 workers of 2 for evacuation
[2025-03-28T19:29:41.576+0530][gc,mmu      ] GC(178) MMU target violated: 21.0ms (20.0ms/21.0ms)
[2025-03-28T19:29:41.576+0530][gc,phases   ] GC(178)   Pre Evacuate Collection Set: 0.2ms
[2025-03-28T19:29:41.576+0530][gc,phases   ] GC(178)   Merge Heap Roots: 0.1ms
[2025-03-28T19:29:41.576+0530][gc,phases   ] GC(178)   Evacuate Collection Set: 13.2ms
[2025-03-28T19:29:41.576+0530][gc,phases   ] GC(178)   Post Evacuate Collection Set: 14.2ms
[2025-03-28T19:29:41.576+0530][gc,phases   ] GC(178)   Other: 0.2ms
[2025-03-28T19:29:41.576+0530][gc,heap     ] GC(178) Eden regions: 64->0(45)
[2025-03-28T19:29:41.576+0530][gc,heap     ] GC(178) Survivor regions: 2->6(9)
[2025-03-28T19:29:41.576+0530][gc,heap     ] GC(178) Old regions: 87->87
[2025-03-28T19:29:41.576+0530][gc,heap     ] GC(178) Archive regions: 2->2
[2025-03-28T19:29:41.576+0530][gc,heap     ] GC(178) Humongous regions: 149->147
[2025-03-28T19:29:41.576+0530][gc,metaspace] GC(178) Metaspace: 49871K(50432K)->49871K(50432K) NonClass: 44253K(44544K)->44253K(44544K) Class: 5618K(5888K)->5618K(5888K)
[2025-03-28T19:29:41.576+0530][gc          ] GC(178) Pause Young (Normal) (G1 Evacuation Pause) 301M->240M(1024M) 28.057ms
[2025-03-28T19:29:41.576+0530][gc,cpu      ] GC(178) User=0.02s Sys=0.00s Real=0.03s
[2025-03-28T19:29:41.598+0530][gc,start    ] GC(230) Pause Young (Normal) (G1 Evacuation Pause)
[2025-03-28T19:29:41.598+0530][gc,task     ] GC(230) Using 2 workers of 2 for evacuation
[2025-03-28T19:29:41.687+0530][gc,mmu      ] GC(230) MMU target violated: 21.0ms (20.0ms/21.0ms)
[2025-03-28T19:29:41.687+0530][gc,phases   ] GC(230)   Pre Evacuate Collection Set: 0.3ms
[2025-03-28T19:29:41.687+0530][gc,phases   ] GC(230)   Merge Heap Roots: 0.2ms
[2025-03-28T19:29:41.687+0530][gc,phases   ] GC(230)   Evacuate Collection Set: 87.8ms
[2025-03-28T19:29:41.687+0530][gc,phases   ] GC(230)   Post Evacuate Collection Set: 0.6ms
[2025-03-28T19:29:41.687+0530][gc,phases   ] GC(230)   Other: 0.2ms
[2025-03-28T19:29:41.687+0530][gc,heap     ] GC(230) Eden regions: 50->0(44)
[2025-03-28T19:29:41.687+0530][gc,heap     ] GC(230) Survivor regions: 1->7(7)
[2025-03-28T19:29:41.687+0530][gc,heap     ] GC(230) Old regions: 160->160
[2025-03-28T19:29:41.687+0530][gc,heap     ] GC(230) Archive regions: 2->2
[2025-03-28T19:29:41.687+0530][gc,heap     ] GC(230) Humongous regions: 138->138
[2025-03-28T19:29:41.687+0530][gc,metaspace] GC(230) Metaspace: 50448K(51072K)->50448K(51072K) NonClass: 44784K(45120K)->44784K(45120K) Class: 5664K(5952K)->5664K(5952K)
[2025-03-28T19:29:41.687+0530][gc          ] GC(230) Pause Young (Normal) (G1 Evacuation Pause) 349M->305M(1024M) 89.196ms
[2025-03-28T19:29:41.687+0530][gc,cpu      ] GC(230) User=0.02s Sys=0.00s Real=0.09s
[2025-03-28T19:29:41.698+0530][gc,start    ] GC(179) Pause Young (Normal) (G1 Evacuation Pause)
[2025-03-28T19:29:41.698+0530][gc,task     ] GC(179) Using 2 workers of 2 for evacuation
[2025-03-28T19:29:41.717+0530][gc,phases   ] GC(179)   Pre Evacuate Collection Set: 0.2ms
[2025-03-28T19:29:41.717+0530][gc,phases   ] GC(179)   Merge Heap Roots: 0.1ms
[2025-03-28T19:29:41.717+0530][gc,phases   ] GC(179)   Evacuate Collection Set: 17.3ms
[2025-03-28T19:29:41.717+0530][gc,phases   ] GC(179)   Post Evacuate Collection Set: 0.6ms
[2025-03-28T19:29:41.717+0530][gc,phases   ] GC(179)   Other: 0.2ms
[2025-03-28T19:29:41.717+0530][gc,heap     ] GC(179) Eden regions: 45->0(49)
[2025-03-28T19:29:41.717+0530][gc,heap     ] GC(179) Survivor regions: 6->2(7)
[2025-03-28T19:29:41.717+0530][gc,heap     ] GC(179) Old regions: 87->88
[2025-03-28T19:29:41.717+0530][gc,heap     ] GC(179) Archive regions: 2->2
[2025-03-28T19:29:41.717+0530][gc,heap     ] GC(179) Humongous regions: 149->149
[2025-03-28T19:29:41.717+0530][gc,metaspace] GC(179) Metaspace: 49871K(50432K)->49871K(50432K) NonClass: 44253K(44544K)->44253K(44544K) Class: 5618K(5888K)->5618K(5888K)
[2025-03-28T19:29:41.717+0530][gc          ] GC(179) Pause Young (Normal) (G1 Evacuation Pause) 287M->239M(1024M) 18.583ms
[2025-03-28T19:29:41.717+0530][gc,cpu      ] GC(179) User=0.01s Sys=0.00s Real=0.02s
[2025-03-28T19:29:41.900+0530][gc,start    ] GC(231) Pause Young (Normal) (G1 Evacuation Pause)
[2025-03-28T19:29:41.900+0530][gc,task     ] GC(231) Using 2 workers of 2 for evacuation
[2025-03-28T19:29:41.926+0530][gc,mmu      ] GC(231) MMU target violated: 21.0ms (20.0ms/21.0ms)
[2025-03-28T19:29:41.926+0530][gc,phases   ] GC(231)   Pre Evacuate Collection Set: 0.2ms
[2025-03-28T19:29:41.926+0530][gc,phases   ] GC(231)   Merge Heap Roots: 0.1ms
[2025-03-28T19:29:41.926+0530][gc,phases   ] GC(231)   Evacuate Collection Set: 24.2ms
[2025-03-28T19:29:41.926+0530][gc,phases   ] GC(231)   Post Evacuate Collection Set: 0.8ms
[2025-03-28T19:29:41.926+0530][gc,phases   ] GC(231)   Other: 0.2ms
[2025-03-28T19:29:41.926+0530][gc,heap     ] GC(231) Eden regions: 44->0(49)
[2025-03-28T19:29:41.926+0530][gc,heap     ] GC(231) Survivor regions: 7->2(7)
[2025-03-28T19:29:41.926+0530][gc,heap     ] GC(231) Old regions: 160->161
[2025-03-28T19:29:41.926+0530][gc,heap     ] GC(231) Archive regions: 2->2
[2025-03-28T19:29:41.926+0530][gc,heap     ] GC(231) Humongous regions: 140->140
[2025-03-28T19:29:41.926+0530][gc,metaspace] GC(231) Metaspace: 50448K(51072K)->50448K(51072K) NonClass: 44784K(45120K)->44784K(45120K) Class: 5664K(5952K)->5664K(5952K)
[2025-03-28T19:29:41.926+0530][gc          ] GC(231) Pause Young (Normal) (G1 Evacuation Pause) 351M->303M(1024M) 25.697ms
[2025-03-28T19:29:41.926+0530][gc,cpu      ] GC(231) User=0.01s Sys=0.00s Real=0.01s
[2025-03-28T19:29:43.565+0530][gc,start    ] GC(232) Pause Young (Normal) (G1 Evacuation Pause)
[2025-03-28T19:29:43.565+0530][gc,task     ] GC(232) Using 2 workers of 2 for evacuation
[2025-03-28T19:29:43.574+0530][gc,phases   ] GC(232)   Pre Evacuate Collection Set: 0.3ms
[2025-03-28T19:29:43.574+0530][gc,phases   ] GC(232)   Merge Heap Roots: 0.1ms
[2025-03-28T19:29:43.574+0530][gc,phases   ] GC(232)   Evacuate Collection Set: 7.6ms
[2025-03-28T19:29:43.574+0530][gc,phases   ] GC(232)   Post Evacuate Collection Set: 0.7ms
[2025-03-28T19:29:43.574+0530][gc,phases   ] GC(232)   Other: 0.2ms
[2025-03-28T19:29:43.574+0530][gc,heap     ] GC(232) Eden regions: 49->0(45)
[2025-03-28T19:29:43.574+0530][gc,heap     ] GC(232) Survivor regions: 2->6(7)
[2025-03-28T19:29:43.574+0530][gc,heap     ] GC(232) Old regions: 161->161
[2025-03-28T19:29:43.574+0530][gc,heap     ] GC(232) Archive regions: 2->2
[2025-03-28T19:29:43.574+0530][gc,heap     ] GC(232) Humongous regions: 140->138
[2025-03-28T19:29:43.574+0530][gc,metaspace] GC(232) Metaspace: 50472K(51136K)->50472K(51136K) NonClass: 44803K(45184K)->44803K(45184K) Class: 5669K(5952K)->5669K(5952K)
[2025-03-28T19:29:43.574+0530][gc          ] GC(232) Pause Young (Normal) (G1 Evacuation Pause) 352M->305M(1024M) 9.005ms
[2025-03-28T19:29:43.574+0530][gc,cpu      ] GC(232) User=0.01s Sys=0.00s Real=0.00s
[2025-03-28T19:29:43.682+0530][gc,start    ] GC(233) Pause Young (Normal) (G1 Evacuation Pause)
[2025-03-28T19:29:43.682+0530][gc,task     ] GC(233) Using 2 workers of 2 for evacuation
[2025-03-28T19:29:43.689+0530][gc,phases   ] GC(233)   Pre Evacuate Collection Set: 0.2ms
[2025-03-28T19:29:43.689+0530][gc,phases   ] GC(233)   Merge Heap Roots: 0.1ms
[2025-03-28T19:29:43.689+0530][gc,phases   ] GC(233)   Evacuate Collection Set: 5.4ms
[2025-03-28T19:29:43.689+0530][gc,phases   ] GC(233)   Post Evacuate Collection Set: 1.1ms
[2025-03-28T19:29:43.689+0530][gc,phases   ] GC(233)   Other: 0.1ms
[2025-03-28T19:29:43.689+0530][gc,heap     ] GC(233) Eden regions: 45->0(49)
[2025-03-28T19:29:43.689+0530][gc,heap     ] GC(233) Survivor regions: 6->2(7)
[2025-03-28T19:29:43.689+0530][gc,heap     ] GC(233) Old regions: 161->162
[2025-03-28T19:29:43.689+0530][gc,heap     ] GC(233) Archive regions: 2->2
[2025-03-28T19:29:43.689+0530][gc,heap     ] GC(233) Humongous regions: 140->140
[2025-03-28T19:29:43.689+0530][gc,metaspace] GC(233) Metaspace: 50472K(51136K)->50472K(51136K) NonClass: 44803K(45184K)->44803K(45184K) Class: 5669K(5952K)->5669K(5952K)
[2025-03-28T19:29:43.689+0530][gc          ] GC(233) Pause Young (Normal) (G1 Evacuation Pause) 352M->304M(1024M) 6.967ms
[2025-03-28T19:29:43.689+0530][gc,cpu      ] GC(233) User=0.01s Sys=0.00s Real=0.01s
[2025-03-28T19:29:44.695+0530][gc,start    ] GC(180) Pause Young (Normal) (G1 Evacuation Pause)
[2025-03-28T19:29:44.695+0530][gc,task     ] GC(180) Using 2 workers of 2 for evacuation
[2025-03-28T19:29:44.700+0530][gc,phases   ] GC(180)   Pre Evacuate Collection Set: 0.2ms
[2025-03-28T19:29:44.700+0530][gc,phases   ] GC(180)   Merge Heap Roots: 0.1ms
[2025-03-28T19:29:44.700+0530][gc,phases   ] GC(180)   Evacuate Collection Set: 4.2ms
[2025-03-28T19:29:44.700+0530][gc,phases   ] GC(180)   Post Evacuate Collection Set: 0.4ms
[2025-03-28T19:29:44.700+0530][gc,phases   ] GC(180)   Other: 0.1ms
[2025-03-28T19:29:44.700+0530][gc,heap     ] GC(180) Eden regions: 49->0(46)
[2025-03-28T19:29:44.700+0530][gc,heap     ] GC(180) Survivor regions: 2->5(7)
[2025-03-28T19:29:44.700+0530][gc,heap     ] GC(180) Old regions: 88->88
[2025-03-28T19:29:44.700+0530][gc,heap     ] GC(180) Archive regions: 2->2
[2025-03-28T19:29:44.700+0530][gc,heap     ] GC(180) Humongous regions: 149->147
[2025-03-28T19:29:44.700+0530][gc,metaspace] GC(180) Metaspace: 49949K(50496K)->49949K(50496K) NonClass: 44313K(44608K)->44313K(44608K) Class: 5635K(5888K)->5635K(5888K)
[2025-03-28T19:29:44.700+0530][gc          ] GC(180) Pause Young (Normal) (G1 Evacuation Pause) 288M->240M(1024M) 5.197ms
[2025-03-28T19:29:44.700+0530][gc,cpu      ] GC(180) User=0.01s Sys=0.00s Real=0.00s
[2025-03-28T19:29:44.777+0530][gc,start    ] GC(181) Pause Young (Normal) (G1 Evacuation Pause)
[2025-03-28T19:29:44.777+0530][gc,task     ] GC(181) Using 2 workers of 2 for evacuation
[2025-03-28T19:29:44.781+0530][gc,phases   ] GC(181)   Pre Evacuate Collection Set: 0.2ms
[2025-03-28T19:29:44.781+0530][gc,phases   ] GC(181)   Merge Heap Roots: 0.0ms
[2025-03-28T19:29:44.781+0530][gc,phases   ] GC(181)   Evacuate Collection Set: 3.6ms
[2025-03-28T19:29:44.781+0530][gc,phases   ] GC(181)   Post Evacuate Collection Set: 0.4ms
[2025-03-28T19:29:44.781+0530][gc,phases   ] GC(181)   Other: 0.2ms
[2025-03-28T19:29:44.781+0530][gc,heap     ] GC(181) Eden regions: 46->0(136)
[2025-03-28T19:29:44.781+0530][gc,heap     ] GC(181) Survivor regions: 5->2(7)
[2025-03-28T19:29:44.781+0530][gc,heap     ] GC(181) Old regions: 88->89
[2025-03-28T19:29:44.781+0530][gc,heap     ] GC(181) Archive regions: 2->2
[2025-03-28T19:29:44.781+0530][gc,heap     ] GC(181) Humongous regions: 149->149
[2025-03-28T19:29:44.781+0530][gc,metaspace] GC(181) Metaspace: 49949K(50496K)->49949K(50496K) NonClass: 44313K(44608K)->44313K(44608K) Class: 5635K(5888K)->5635K(5888K)
[2025-03-28T19:29:44.781+0530][gc          ] GC(181) Pause Young (Normal) (G1 Evacuation Pause) 288M->239M(1024M) 4.517ms
[2025-03-28T19:29:44.781+0530][gc,cpu      ] GC(181) User=0.00s Sys=0.00s Real=0.00s
[2025-03-28T19:29:50.975+0530][gc,start    ] GC(234) Pause Young (Normal) (G1 Evacuation Pause)
[2025-03-28T19:29:50.975+0530][gc,task     ] GC(234) Using 2 workers of 2 for evacuation
[2025-03-28T19:29:50.997+0530][gc,mmu      ] GC(234) MMU target violated: 21.0ms (20.0ms/21.0ms)
[2025-03-28T19:29:50.997+0530][gc,phases   ] GC(234)   Pre Evacuate Collection Set: 0.3ms
[2025-03-28T19:29:50.997+0530][gc,phases   ] GC(234)   Merge Heap Roots: 0.1ms
[2025-03-28T19:29:50.997+0530][gc,phases   ] GC(234)   Evacuate Collection Set: 12.0ms
[2025-03-28T19:29:50.997+0530][gc,phases   ] GC(234)   Post Evacuate Collection Set: 8.7ms
[2025-03-28T19:29:50.997+0530][gc,phases   ] GC(234)   Other: 0.2ms
[2025-03-28T19:29:50.997+0530][gc,heap     ] GC(234) Eden regions: 49->0(45)
[2025-03-28T19:29:50.997+0530][gc,heap     ] GC(234) Survivor regions: 2->6(7)
[2025-03-28T19:29:50.997+0530][gc,heap     ] GC(234) Old regions: 162->162
[2025-03-28T19:29:50.997+0530][gc,heap     ] GC(234) Archive regions: 2->2
[2025-03-28T19:29:50.997+0530][gc,heap     ] GC(234) Humongous regions: 143->138
[2025-03-28T19:29:50.997+0530][gc,metaspace] GC(234) Metaspace: 50503K(51136K)->50503K(51136K) NonClass: 44834K(45184K)->44834K(45184K) Class: 5669K(5952K)->5669K(5952K)
[2025-03-28T19:29:50.997+0530][gc          ] GC(234) Pause Young (Normal) (G1 Evacuation Pause) 356M->306M(1024M) 21.426ms
[2025-03-28T19:29:50.997+0530][gc,cpu      ] GC(234) User=0.01s Sys=0.00s Real=0.03s
[2025-03-28T19:29:51.114+0530][gc,start    ] GC(235) Pause Young (Normal) (G1 Evacuation Pause)
[2025-03-28T19:29:51.114+0530][gc,task     ] GC(235) Using 2 workers of 2 for evacuation
[2025-03-28T19:29:51.142+0530][gc,mmu      ] GC(235) MMU target violated: 21.0ms (20.0ms/21.0ms)
[2025-03-28T19:29:51.142+0530][gc,phases   ] GC(235)   Pre Evacuate Collection Set: 0.2ms
[2025-03-28T19:29:51.142+0530][gc,phases   ] GC(235)   Merge Heap Roots: 0.1ms
[2025-03-28T19:29:51.142+0530][gc,phases   ] GC(235)   Evacuate Collection Set: 27.1ms
[2025-03-28T19:29:51.142+0530][gc,phases   ] GC(235)   Post Evacuate Collection Set: 0.3ms
[2025-03-28T19:29:51.142+0530][gc,phases   ] GC(235)   Other: 0.2ms
[2025-03-28T19:29:51.142+0530][gc,heap     ] GC(235) Eden regions: 45->0(55)
[2025-03-28T19:29:51.142+0530][gc,heap     ] GC(235) Survivor regions: 6->2(7)
[2025-03-28T19:29:51.142+0530][gc,heap     ] GC(235) Old regions: 162->163
[2025-03-28T19:29:51.142+0530][gc,heap     ] GC(235) Archive regions: 2->2
[2025-03-28T19:29:51.142+0530][gc,heap     ] GC(235) Humongous regions: 140->140
[2025-03-28T19:29:51.142+0530][gc,metaspace] GC(235) Metaspace: 50503K(51136K)->50503K(51136K) NonClass: 44834K(45184K)->44834K(45184K) Class: 5669K(5952K)->5669K(5952K)
[2025-03-28T19:29:51.142+0530][gc          ] GC(235) Pause Young (Normal) (G1 Evacuation Pause) 353M->305M(1024M) 27.948ms
[2025-03-28T19:29:51.142+0530][gc,cpu      ] GC(235) User=0.01s Sys=0.00s Real=0.03s
[2025-03-28T19:29:53.532+0530][gc,start    ] GC(236) Pause Young (Normal) (G1 Evacuation Pause)
[2025-03-28T19:29:53.532+0530][gc,task     ] GC(236) Using 2 workers of 2 for evacuation
[2025-03-28T19:29:53.539+0530][gc,phases   ] GC(236)   Pre Evacuate Collection Set: 0.2ms
[2025-03-28T19:29:53.540+0530][gc,phases   ] GC(236)   Merge Heap Roots: 0.1ms
[2025-03-28T19:29:53.540+0530][gc,phases   ] GC(236)   Evacuate Collection Set: 6.8ms
[2025-03-28T19:29:53.540+0530][gc,phases   ] GC(236)   Post Evacuate Collection Set: 0.6ms
[2025-03-28T19:29:53.540+0530][gc,phases   ] GC(236)   Other: 0.1ms
[2025-03-28T19:29:53.540+0530][gc,heap     ] GC(236) Eden regions: 55->0(62)
[2025-03-28T19:29:53.540+0530][gc,heap     ] GC(236) Survivor regions: 2->5(8)
[2025-03-28T19:29:53.540+0530][gc,heap     ] GC(236) Old regions: 163->163
[2025-03-28T19:29:53.540+0530][gc,heap     ] GC(236) Archive regions: 2->2
[2025-03-28T19:29:53.540+0530][gc,heap     ] GC(236) Humongous regions: 140->138
[2025-03-28T19:29:53.540+0530][gc,metaspace] GC(236) Metaspace: 50522K(51136K)->50522K(51136K) NonClass: 44853K(45184K)->44853K(45184K) Class: 5669K(5952K)->5669K(5952K)
[2025-03-28T19:29:53.540+0530][gc          ] GC(236) Pause Young (Normal) (G1 Evacuation Pause) 360M->306M(1024M) 7.839ms
[2025-03-28T19:29:53.540+0530][gc,cpu      ] GC(236) User=0.01s Sys=0.00s Real=0.01s
[2025-03-28T19:29:53.622+0530][gc,start    ] GC(237) Pause Young (Normal) (G1 Evacuation Pause)
[2025-03-28T19:29:53.622+0530][gc,task     ] GC(237) Using 2 workers of 2 for evacuation
[2025-03-28T19:29:53.626+0530][gc,phases   ] GC(237)   Pre Evacuate Collection Set: 0.2ms
[2025-03-28T19:29:53.626+0530][gc,phases   ] GC(237)   Merge Heap Roots: 0.1ms
[2025-03-28T19:29:53.626+0530][gc,phases   ] GC(237)   Evacuate Collection Set: 3.9ms
[2025-03-28T19:29:53.626+0530][gc,phases   ] GC(237)   Post Evacuate Collection Set: 0.5ms
[2025-03-28T19:29:53.626+0530][gc,phases   ] GC(237)   Other: 0.1ms
[2025-03-28T19:29:53.626+0530][gc,heap     ] GC(237) Eden regions: 62->0(143)
[2025-03-28T19:29:53.626+0530][gc,heap     ] GC(237) Survivor regions: 5->2(9)
[2025-03-28T19:29:53.626+0530][gc,heap     ] GC(237) Old regions: 163->164
[2025-03-28T19:29:53.626+0530][gc,heap     ] GC(237) Archive regions: 2->2
[2025-03-28T19:29:53.626+0530][gc,heap     ] GC(237) Humongous regions: 140->140
[2025-03-28T19:29:53.626+0530][gc,metaspace] GC(237) Metaspace: 50538K(51200K)->50538K(51200K) NonClass: 44869K(45248K)->44869K(45248K) Class: 5669K(5952K)->5669K(5952K)
[2025-03-28T19:29:53.626+0530][gc          ] GC(237) Pause Young (Normal) (G1 Evacuation Pause) 370M->306M(1024M) 4.913ms
[2025-03-28T19:29:53.626+0530][gc,cpu      ] GC(237) User=0.01s Sys=0.00s Real=0.01s
[2025-03-28T19:29:54.632+0530][gc,start    ] GC(182) Pause Young (Normal) (G1 Evacuation Pause)
[2025-03-28T19:29:54.632+0530][gc,task     ] GC(182) Using 2 workers of 2 for evacuation
[2025-03-28T19:29:54.637+0530][gc,phases   ] GC(182)   Pre Evacuate Collection Set: 0.2ms
[2025-03-28T19:29:54.637+0530][gc,phases   ] GC(182)   Merge Heap Roots: 0.1ms
[2025-03-28T19:29:54.637+0530][gc,phases   ] GC(182)   Evacuate Collection Set: 3.7ms
[2025-03-28T19:29:54.637+0530][gc,phases   ] GC(182)   Post Evacuate Collection Set: 0.8ms
[2025-03-28T19:29:54.637+0530][gc,phases   ] GC(182)   Other: 0.2ms
[2025-03-28T19:29:54.637+0530][gc,heap     ] GC(182) Eden regions: 136->0(243)
[2025-03-28T19:29:54.637+0530][gc,heap     ] GC(182) Survivor regions: 2->3(18)
[2025-03-28T19:29:54.637+0530][gc,heap     ] GC(182) Old regions: 89->89
[2025-03-28T19:29:54.637+0530][gc,heap     ] GC(182) Archive regions: 2->2
[2025-03-28T19:29:54.637+0530][gc,heap     ] GC(182) Humongous regions: 154->147
[2025-03-28T19:29:54.637+0530][gc,metaspace] GC(182) Metaspace: 50008K(50560K)->50008K(50560K) NonClass: 44373K(44672K)->44373K(44672K) Class: 5635K(5888K)->5635K(5888K)
[2025-03-28T19:29:54.637+0530][gc          ] GC(182) Pause Young (Normal) (G1 Evacuation Pause) 380M->238M(1024M) 5.145ms
[2025-03-28T19:29:54.637+0530][gc,cpu      ] GC(182) User=0.01s Sys=0.00s Real=0.01s
[2025-03-28T19:30:03.541+0530][gc,start    ] GC(238) Pause Young (Normal) (G1 Evacuation Pause)
[2025-03-28T19:30:03.541+0530][gc,task     ] GC(238) Using 2 workers of 2 for evacuation
[2025-03-28T19:30:03.555+0530][gc,phases   ] GC(238)   Pre Evacuate Collection Set: 0.3ms
[2025-03-28T19:30:03.555+0530][gc,phases   ] GC(238)   Merge Heap Roots: 0.1ms
[2025-03-28T19:30:03.555+0530][gc,phases   ] GC(238)   Evacuate Collection Set: 6.5ms
[2025-03-28T19:30:03.555+0530][gc,phases   ] GC(238)   Post Evacuate Collection Set: 6.6ms
[2025-03-28T19:30:03.555+0530][gc,phases   ] GC(238)   Other: 0.4ms
[2025-03-28T19:30:03.555+0530][gc,heap     ] GC(238) Eden regions: 143->0(121)
[2025-03-28T19:30:03.555+0530][gc,heap     ] GC(238) Survivor regions: 2->6(19)
[2025-03-28T19:30:03.555+0530][gc,heap     ] GC(238) Old regions: 164->164
[2025-03-28T19:30:03.555+0530][gc,heap     ] GC(238) Archive regions: 2->2
[2025-03-28T19:30:03.555+0530][gc,heap     ] GC(238) Humongous regions: 142->138
[2025-03-28T19:30:03.555+0530][gc,metaspace] GC(238) Metaspace: 50548K(51200K)->50548K(51200K) NonClass: 44879K(45248K)->44879K(45248K) Class: 5669K(5952K)->5669K(5952K)
[2025-03-28T19:30:03.555+0530][gc          ] GC(238) Pause Young (Normal) (G1 Evacuation Pause) 451M->308M(1024M) 14.059ms
[2025-03-28T19:30:03.555+0530][gc,cpu      ] GC(238) User=0.01s Sys=0.01s Real=0.03s
[2025-03-28T19:30:04.723+0530][gc,start    ] GC(183) Pause Young (Normal) (G1 Evacuation Pause)
[2025-03-28T19:30:04.723+0530][gc,task     ] GC(183) Using 2 workers of 2 for evacuation
[2025-03-28T19:30:04.732+0530][gc,phases   ] GC(183)   Pre Evacuate Collection Set: 0.2ms
[2025-03-28T19:30:04.732+0530][gc,phases   ] GC(183)   Merge Heap Roots: 0.1ms
[2025-03-28T19:30:04.732+0530][gc,phases   ] GC(183)   Evacuate Collection Set: 7.6ms
[2025-03-28T19:30:04.732+0530][gc,phases   ] GC(183)   Post Evacuate Collection Set: 0.7ms
[2025-03-28T19:30:04.732+0530][gc,phases   ] GC(183)   Other: 0.2ms
[2025-03-28T19:30:04.732+0530][gc,heap     ] GC(183) Eden regions: 243->0(195)
[2025-03-28T19:30:04.732+0530][gc,heap     ] GC(183) Survivor regions: 3->8(31)
[2025-03-28T19:30:04.732+0530][gc,heap     ] GC(183) Old regions: 89->89
[2025-03-28T19:30:04.732+0530][gc,heap     ] GC(183) Archive regions: 2->2
[2025-03-28T19:30:04.732+0530][gc,heap     ] GC(183) Humongous regions: 151->147
[2025-03-28T19:30:04.732+0530][gc,metaspace] GC(183) Metaspace: 50027K(50624K)->50027K(50624K) NonClass: 44392K(44736K)->44392K(44736K) Class: 5635K(5888K)->5635K(5888K)
[2025-03-28T19:30:04.732+0530][gc          ] GC(183) Pause Young (Normal) (G1 Evacuation Pause) 485M->244M(1024M) 8.985ms
[2025-03-28T19:30:04.732+0530][gc,cpu      ] GC(183) User=0.02s Sys=0.00s Real=0.01s
[2025-03-28T19:30:11.519+0530][gc,start    ] GC(239) Pause Young (Normal) (G1 Evacuation Pause)
[2025-03-28T19:30:11.519+0530][gc,task     ] GC(239) Using 2 workers of 2 for evacuation
[2025-03-28T19:30:11.543+0530][gc,mmu      ] GC(239) MMU target violated: 21.0ms (20.0ms/21.0ms)
[2025-03-28T19:30:11.543+0530][gc,phases   ] GC(239)   Pre Evacuate Collection Set: 15.9ms
[2025-03-28T19:30:11.543+0530][gc,phases   ] GC(239)   Merge Heap Roots: 0.2ms
[2025-03-28T19:30:11.543+0530][gc,phases   ] GC(239)   Evacuate Collection Set: 7.2ms
[2025-03-28T19:30:11.543+0530][gc,phases   ] GC(239)   Post Evacuate Collection Set: 0.5ms
[2025-03-28T19:30:11.543+0530][gc,phases   ] GC(239)   Other: 0.2ms
[2025-03-28T19:30:11.543+0530][gc,heap     ] GC(239) Eden regions: 107->0(44)
[2025-03-28T19:30:11.543+0530][gc,heap     ] GC(239) Survivor regions: 6->7(15)
[2025-03-28T19:30:11.543+0530][gc,heap     ] GC(239) Old regions: 164->164
[2025-03-28T19:30:11.543+0530][gc,heap     ] GC(239) Archive regions: 2->2
[2025-03-28T19:30:11.543+0530][gc,heap     ] GC(239) Humongous regions: 140->138
[2025-03-28T19:30:11.543+0530][gc,metaspace] GC(239) Metaspace: 50564K(51200K)->50564K(51200K) NonClass: 44895K(45248K)->44895K(45248K) Class: 5669K(5952K)->5669K(5952K)
[2025-03-28T19:30:11.543+0530][gc          ] GC(239) Pause Young (Normal) (G1 Evacuation Pause) 417M->309M(1024M) 23.986ms
[2025-03-28T19:30:11.543+0530][gc,cpu      ] GC(239) User=0.01s Sys=0.00s Real=0.02s
[2025-03-28T19:30:11.643+0530][gc,start    ] GC(240) Pause Young (Normal) (G1 Evacuation Pause)
[2025-03-28T19:30:11.643+0530][gc,task     ] GC(240) Using 2 workers of 2 for evacuation
[2025-03-28T19:30:11.650+0530][gc,phases   ] GC(240)   Pre Evacuate Collection Set: 0.2ms
[2025-03-28T19:30:11.650+0530][gc,phases   ] GC(240)   Merge Heap Roots: 0.1ms
[2025-03-28T19:30:11.650+0530][gc,phases   ] GC(240)   Evacuate Collection Set: 5.7ms
[2025-03-28T19:30:11.650+0530][gc,phases   ] GC(240)   Post Evacuate Collection Set: 1.2ms
[2025-03-28T19:30:11.650+0530][gc,phases   ] GC(240)   Other: 0.2ms
[2025-03-28T19:30:11.650+0530][gc,heap     ] GC(240) Eden regions: 44->0(111)
[2025-03-28T19:30:11.650+0530][gc,heap     ] GC(240) Survivor regions: 7->2(7)
[2025-03-28T19:30:11.650+0530][gc,heap     ] GC(240) Old regions: 164->166
[2025-03-28T19:30:11.650+0530][gc,heap     ] GC(240) Archive regions: 2->2
[2025-03-28T19:30:11.650+0530][gc,heap     ] GC(240) Humongous regions: 140->140
[2025-03-28T19:30:11.650+0530][gc,metaspace] GC(240) Metaspace: 50566K(51200K)->50566K(51200K) NonClass: 44896K(45248K)->44896K(45248K) Class: 5669K(5952K)->5669K(5952K)
[2025-03-28T19:30:11.650+0530][gc          ] GC(240) Pause Young (Normal) (G1 Evacuation Pause) 355M->308M(1024M) 7.435ms
[2025-03-28T19:30:11.650+0530][gc,cpu      ] GC(240) User=0.01s Sys=0.00s Real=0.01s
[2025-03-28T19:30:14.702+0530][gc,start    ] GC(184) Pause Young (Normal) (G1 Evacuation Pause)
[2025-03-28T19:30:14.702+0530][gc,task     ] GC(184) Using 2 workers of 2 for evacuation
[2025-03-28T19:30:14.709+0530][gc,phases   ] GC(184)   Pre Evacuate Collection Set: 0.2ms
[2025-03-28T19:30:14.709+0530][gc,phases   ] GC(184)   Merge Heap Roots: 0.1ms
[2025-03-28T19:30:14.709+0530][gc,phases   ] GC(184)   Evacuate Collection Set: 6.5ms
[2025-03-28T19:30:14.709+0530][gc,phases   ] GC(184)   Post Evacuate Collection Set: 0.6ms
[2025-03-28T19:30:14.709+0530][gc,phases   ] GC(184)   Other: 0.2ms
[2025-03-28T19:30:14.710+0530][gc,heap     ] GC(184) Eden regions: 195->0(338)
[2025-03-28T19:30:14.710+0530][gc,heap     ] GC(184) Survivor regions: 8->8(26)
[2025-03-28T19:30:14.710+0530][gc,heap     ] GC(184) Old regions: 89->89
[2025-03-28T19:30:14.710+0530][gc,heap     ] GC(184) Archive regions: 2->2
[2025-03-28T19:30:14.710+0530][gc,heap     ] GC(184) Humongous regions: 151->147
[2025-03-28T19:30:14.710+0530][gc,metaspace] GC(184) Metaspace: 50039K(50624K)->50039K(50624K) NonClass: 44404K(44736K)->44404K(44736K) Class: 5635K(5888K)->5635K(5888K)
[2025-03-28T19:30:14.710+0530][gc          ] GC(184) Pause Young (Normal) (G1 Evacuation Pause) 443M->244M(1024M) 7.657ms
[2025-03-28T19:30:14.710+0530][gc,cpu      ] GC(184) User=0.01s Sys=0.00s Real=0.01s
[2025-03-28T19:30:18.509+0530][gc,start    ] GC(241) Pause Young (Normal) (G1 Evacuation Pause)
[2025-03-28T19:30:18.509+0530][gc,task     ] GC(241) Using 2 workers of 2 for evacuation
[2025-03-28T19:30:18.647+0530][gc,mmu      ] GC(241) MMU target violated: 21.0ms (20.0ms/21.0ms)
[2025-03-28T19:30:18.647+0530][gc,phases   ] GC(241)   Pre Evacuate Collection Set: 0.5ms
[2025-03-28T19:30:18.647+0530][gc,phases   ] GC(241)   Merge Heap Roots: 0.4ms
[2025-03-28T19:30:18.647+0530][gc,phases   ] GC(241)   Evacuate Collection Set: 5.7ms
[2025-03-28T19:30:18.647+0530][gc,phases   ] GC(241)   Post Evacuate Collection Set: 131.3ms
[2025-03-28T19:30:18.647+0530][gc,phases   ] GC(241)   Other: 0.3ms
[2025-03-28T19:30:18.647+0530][gc,heap     ] GC(241) Eden regions: 111->0(50)
[2025-03-28T19:30:18.647+0530][gc,heap     ] GC(241) Survivor regions: 2->1(15)
[2025-03-28T19:30:18.647+0530][gc,heap     ] GC(241) Old regions: 166->166
[2025-03-28T19:30:18.647+0530][gc,heap     ] GC(241) Archive regions: 2->2
[2025-03-28T19:30:18.647+0530][gc,heap     ] GC(241) Humongous regions: 142->138
[2025-03-28T19:30:18.647+0530][gc,metaspace] GC(241) Metaspace: 50571K(51200K)->50571K(51200K) NonClass: 44902K(45248K)->44902K(45248K) Class: 5669K(5952K)->5669K(5952K)
[2025-03-28T19:30:18.647+0530][gc          ] GC(241) Pause Young (Normal) (G1 Evacuation Pause) 421M->304M(1024M) 138.174ms
[2025-03-28T19:30:18.647+0530][gc,cpu      ] GC(241) User=0.01s Sys=0.00s Real=0.14s
[2025-03-28T19:30:22.680+0530][gc,start    ] GC(242) Pause Young (Normal) (G1 Evacuation Pause)
[2025-03-28T19:30:22.680+0530][gc,task     ] GC(242) Using 2 workers of 2 for evacuation
[2025-03-28T19:30:22.725+0530][gc,mmu      ] GC(242) MMU target violated: 21.0ms (20.0ms/21.0ms)
[2025-03-28T19:30:22.725+0530][gc,phases   ] GC(242)   Pre Evacuate Collection Set: 0.2ms
[2025-03-28T19:30:22.725+0530][gc,phases   ] GC(242)   Merge Heap Roots: 0.2ms
[2025-03-28T19:30:22.725+0530][gc,phases   ] GC(242)   Evacuate Collection Set: 43.7ms
[2025-03-28T19:30:22.725+0530][gc,phases   ] GC(242)   Post Evacuate Collection Set: 0.6ms
[2025-03-28T19:30:22.725+0530][gc,phases   ] GC(242)   Other: 0.2ms
[2025-03-28T19:30:22.725+0530][gc,heap     ] GC(242) Eden regions: 50->0(44)
[2025-03-28T19:30:22.725+0530][gc,heap     ] GC(242) Survivor regions: 1->7(7)
[2025-03-28T19:30:22.725+0530][gc,heap     ] GC(242) Old regions: 166->166
[2025-03-28T19:30:22.725+0530][gc,heap     ] GC(242) Archive regions: 2->2
[2025-03-28T19:30:22.725+0530][gc,heap     ] GC(242) Humongous regions: 138->138
[2025-03-28T19:30:22.725+0530][gc,metaspace] GC(242) Metaspace: 50585K(51200K)->50585K(51200K) NonClass: 44915K(45248K)->44915K(45248K) Class: 5669K(5952K)->5669K(5952K)
[2025-03-28T19:30:22.725+0530][gc          ] GC(242) Pause Young (Normal) (G1 Evacuation Pause) 354M->310M(1024M) 45.015ms
[2025-03-28T19:30:22.725+0530][gc,cpu      ] GC(242) User=0.02s Sys=0.00s Real=0.05s
[2025-03-28T19:30:22.912+0530][gc,start    ] GC(243) Pause Young (Normal) (G1 Evacuation Pause)
[2025-03-28T19:30:22.913+0530][gc,task     ] GC(243) Using 2 workers of 2 for evacuation
[2025-03-28T19:30:22.922+0530][gc,phases   ] GC(243)   Pre Evacuate Collection Set: 0.3ms
[2025-03-28T19:30:22.922+0530][gc,phases   ] GC(243)   Merge Heap Roots: 0.2ms
[2025-03-28T19:30:22.922+0530][gc,phases   ] GC(243)   Evacuate Collection Set: 7.1ms
[2025-03-28T19:30:22.922+0530][gc,phases   ] GC(243)   Post Evacuate Collection Set: 1.6ms
[2025-03-28T19:30:22.922+0530][gc,phases   ] GC(243)   Other: 0.4ms
[2025-03-28T19:30:22.922+0530][gc,heap     ] GC(243) Eden regions: 44->0(49)
[2025-03-28T19:30:22.922+0530][gc,heap     ] GC(243) Survivor regions: 7->2(7)
[2025-03-28T19:30:22.922+0530][gc,heap     ] GC(243) Old regions: 166->167
[2025-03-28T19:30:22.922+0530][gc,heap     ] GC(243) Archive regions: 2->2
[2025-03-28T19:30:22.922+0530][gc,heap     ] GC(243) Humongous regions: 140->140
[2025-03-28T19:30:22.922+0530][gc,metaspace] GC(243) Metaspace: 50585K(51200K)->50585K(51200K) NonClass: 44915K(45248K)->44915K(45248K) Class: 5669K(5952K)->5669K(5952K)
[2025-03-28T19:30:22.923+0530][gc          ] GC(243) Pause Young (Normal) (G1 Evacuation Pause) 356M->309M(1024M) 10.285ms
[2025-03-28T19:30:22.923+0530][gc,cpu      ] GC(243) User=0.01s Sys=0.00s Real=0.00s
[2025-03-28T19:30:23.555+0530][gc,start    ] GC(244) Pause Young (Normal) (G1 Evacuation Pause)
[2025-03-28T19:30:23.555+0530][gc,task     ] GC(244) Using 2 workers of 2 for evacuation
[2025-03-28T19:30:23.561+0530][gc,phases   ] GC(244)   Pre Evacuate Collection Set: 0.2ms
[2025-03-28T19:30:23.561+0530][gc,phases   ] GC(244)   Merge Heap Roots: 0.1ms
[2025-03-28T19:30:23.561+0530][gc,phases   ] GC(244)   Evacuate Collection Set: 5.6ms
[2025-03-28T19:30:23.561+0530][gc,phases   ] GC(244)   Post Evacuate Collection Set: 0.4ms
[2025-03-28T19:30:23.561+0530][gc,phases   ] GC(244)   Other: 0.1ms
[2025-03-28T19:30:23.562+0530][gc,heap     ] GC(244) Eden regions: 49->0(45)
[2025-03-28T19:30:23.562+0530][gc,heap     ] GC(244) Survivor regions: 2->6(7)
[2025-03-28T19:30:23.562+0530][gc,heap     ] GC(244) Old regions: 167->167
[2025-03-28T19:30:23.562+0530][gc,heap     ] GC(244) Archive regions: 2->2
[2025-03-28T19:30:23.562+0530][gc,heap     ] GC(244) Humongous regions: 140->138
[2025-03-28T19:30:23.562+0530][gc,metaspace] GC(244) Metaspace: 50587K(51264K)->50587K(51264K) NonClass: 44917K(45312K)->44917K(45312K) Class: 5669K(5952K)->5669K(5952K)
[2025-03-28T19:30:23.562+0530][gc          ] GC(244) Pause Young (Normal) (G1 Evacuation Pause) 358M->311M(1024M) 7.069ms
[2025-03-28T19:30:23.562+0530][gc,cpu      ] GC(244) User=0.01s Sys=0.00s Real=0.01s
[2025-03-28T19:30:23.635+0530][gc,start    ] GC(245) Pause Young (Normal) (G1 Evacuation Pause)
[2025-03-28T19:30:23.635+0530][gc,task     ] GC(245) Using 2 workers of 2 for evacuation
[2025-03-28T19:30:23.642+0530][gc,phases   ] GC(245)   Pre Evacuate Collection Set: 0.3ms
[2025-03-28T19:30:23.642+0530][gc,phases   ] GC(245)   Merge Heap Roots: 0.2ms
[2025-03-28T19:30:23.642+0530][gc,phases   ] GC(245)   Evacuate Collection Set: 5.2ms
[2025-03-28T19:30:23.642+0530][gc,phases   ] GC(245)   Post Evacuate Collection Set: 0.5ms
[2025-03-28T19:30:23.642+0530][gc,phases   ] GC(245)   Other: 0.2ms
[2025-03-28T19:30:23.642+0530][gc,heap     ] GC(245) Eden regions: 45->0(49)
[2025-03-28T19:30:23.642+0530][gc,heap     ] GC(245) Survivor regions: 6->2(7)
[2025-03-28T19:30:23.642+0530][gc,heap     ] GC(245) Old regions: 167->168
[2025-03-28T19:30:23.642+0530][gc,heap     ] GC(245) Archive regions: 2->2
[2025-03-28T19:30:23.642+0530][gc,heap     ] GC(245) Humongous regions: 140->140
[2025-03-28T19:30:23.642+0530][gc,metaspace] GC(245) Metaspace: 50587K(51264K)->50587K(51264K) NonClass: 44917K(45312K)->44917K(45312K) Class: 5669K(5952K)->5669K(5952K)
[2025-03-28T19:30:23.642+0530][gc          ] GC(245) Pause Young (Normal) (G1 Evacuation Pause) 358M->310M(1024M) 6.547ms
[2025-03-28T19:30:23.642+0530][gc,cpu      ] GC(245) User=0.01s Sys=0.00s Real=0.01s
[2025-03-28T19:30:32.241+0530][gc,start    ] GC(246) Pause Young (Normal) (G1 Evacuation Pause)
[2025-03-28T19:30:32.241+0530][gc,task     ] GC(246) Using 2 workers of 2 for evacuation
[2025-03-28T19:30:32.256+0530][gc,phases   ] GC(246)   Pre Evacuate Collection Set: 0.2ms
[2025-03-28T19:30:32.256+0530][gc,phases   ] GC(246)   Merge Heap Roots: 0.1ms
[2025-03-28T19:30:32.256+0530][gc,phases   ] GC(246)   Evacuate Collection Set: 13.7ms
[2025-03-28T19:30:32.256+0530][gc,phases   ] GC(246)   Post Evacuate Collection Set: 0.7ms
[2025-03-28T19:30:32.256+0530][gc,phases   ] GC(246)   Other: 0.2ms
[2025-03-28T19:30:32.256+0530][gc,heap     ] GC(246) Eden regions: 49->0(46)
[2025-03-28T19:30:32.256+0530][gc,heap     ] GC(246) Survivor regions: 2->5(7)
[2025-03-28T19:30:32.256+0530][gc,heap     ] GC(246) Old regions: 168->168
[2025-03-28T19:30:32.256+0530][gc,heap     ] GC(246) Archive regions: 2->2
[2025-03-28T19:30:32.256+0530][gc,heap     ] GC(246) Humongous regions: 140->138
[2025-03-28T19:30:32.256+0530][gc,metaspace] GC(246) Metaspace: 50587K(51264K)->50587K(51264K) NonClass: 44917K(45312K)->44917K(45312K) Class: 5669K(5952K)->5669K(5952K)
[2025-03-28T19:30:32.256+0530][gc          ] GC(246) Pause Young (Normal) (G1 Evacuation Pause) 359M->311M(1024M) 15.082ms
[2025-03-28T19:30:32.256+0530][gc,cpu      ] GC(246) User=0.02s Sys=0.00s Real=0.02s
[2025-03-28T19:30:32.350+0530][gc,start    ] GC(247) Pause Young (Normal) (G1 Evacuation Pause)
[2025-03-28T19:30:32.350+0530][gc,task     ] GC(247) Using 2 workers of 2 for evacuation
[2025-03-28T19:30:32.357+0530][gc,phases   ] GC(247)   Pre Evacuate Collection Set: 0.4ms
[2025-03-28T19:30:32.357+0530][gc,phases   ] GC(247)   Merge Heap Roots: 0.2ms
[2025-03-28T19:30:32.357+0530][gc,phases   ] GC(247)   Evacuate Collection Set: 5.7ms
[2025-03-28T19:30:32.357+0530][gc,phases   ] GC(247)   Post Evacuate Collection Set: 0.5ms
[2025-03-28T19:30:32.357+0530][gc,phases   ] GC(247)   Other: 0.2ms
[2025-03-28T19:30:32.357+0530][gc,heap     ] GC(247) Eden regions: 46->0(49)
[2025-03-28T19:30:32.357+0530][gc,heap     ] GC(247) Survivor regions: 5->2(7)
[2025-03-28T19:30:32.357+0530][gc,heap     ] GC(247) Old regions: 168->169
[2025-03-28T19:30:32.357+0530][gc,heap     ] GC(247) Archive regions: 2->2
[2025-03-28T19:30:32.357+0530][gc,heap     ] GC(247) Humongous regions: 140->140
[2025-03-28T19:30:32.357+0530][gc,metaspace] GC(247) Metaspace: 50587K(51264K)->50587K(51264K) NonClass: 44917K(45312K)->44917K(45312K) Class: 5669K(5952K)->5669K(5952K)
[2025-03-28T19:30:32.357+0530][gc          ] GC(247) Pause Young (Normal) (G1 Evacuation Pause) 359M->311M(1024M) 7.015ms
[2025-03-28T19:30:32.357+0530][gc,cpu      ] GC(247) User=0.02s Sys=0.00s Real=0.01s
[2025-03-28T19:30:32.374+0530][gc,start    ] GC(185) Pause Young (Normal) (G1 Evacuation Pause)
[2025-03-28T19:30:32.374+0530][gc,task     ] GC(185) Using 2 workers of 2 for evacuation
[2025-03-28T19:30:32.379+0530][gc,phases   ] GC(185)   Pre Evacuate Collection Set: 0.3ms
[2025-03-28T19:30:32.379+0530][gc,phases   ] GC(185)   Merge Heap Roots: 0.1ms
[2025-03-28T19:30:32.379+0530][gc,phases   ] GC(185)   Evacuate Collection Set: 4.3ms
[2025-03-28T19:30:32.379+0530][gc,phases   ] GC(185)   Post Evacuate Collection Set: 0.7ms
[2025-03-28T19:30:32.379+0530][gc,phases   ] GC(185)   Other: 0.2ms
[2025-03-28T19:30:32.379+0530][gc,heap     ] GC(185) Eden regions: 338->0(611)
[2025-03-28T19:30:32.379+0530][gc,heap     ] GC(185) Survivor regions: 8->3(44)
[2025-03-28T19:30:32.379+0530][gc,heap     ] GC(185) Old regions: 89->89
[2025-03-28T19:30:32.379+0530][gc,heap     ] GC(185) Archive regions: 2->2
[2025-03-28T19:30:32.379+0530][gc,heap     ] GC(185) Humongous regions: 155->149
[2025-03-28T19:30:32.379+0530][gc,metaspace] GC(185) Metaspace: 50048K(50624K)->50048K(50624K) NonClass: 44412K(44736K)->44412K(44736K) Class: 5635K(5888K)->5635K(5888K)
[2025-03-28T19:30:32.379+0530][gc          ] GC(185) Pause Young (Normal) (G1 Evacuation Pause) 590M->241M(1024M) 5.708ms
[2025-03-28T19:30:32.379+0530][gc,cpu      ] GC(185) User=0.01s Sys=0.00s Real=0.01s
[2025-03-28T19:30:33.574+0530][gc,start    ] GC(248) Pause Young (Normal) (G1 Evacuation Pause)
[2025-03-28T19:30:33.574+0530][gc,task     ] GC(248) Using 2 workers of 2 for evacuation
[2025-03-28T19:30:33.583+0530][gc,phases   ] GC(248)   Pre Evacuate Collection Set: 0.3ms
[2025-03-28T19:30:33.583+0530][gc,phases   ] GC(248)   Merge Heap Roots: 0.3ms
[2025-03-28T19:30:33.583+0530][gc,phases   ] GC(248)   Evacuate Collection Set: 7.6ms
[2025-03-28T19:30:33.583+0530][gc,phases   ] GC(248)   Post Evacuate Collection Set: 0.9ms
[2025-03-28T19:30:33.583+0530][gc,phases   ] GC(248)   Other: 0.2ms
[2025-03-28T19:30:33.583+0530][gc,heap     ] GC(248) Eden regions: 49->0(47)
[2025-03-28T19:30:33.583+0530][gc,heap     ] GC(248) Survivor regions: 2->4(7)
[2025-03-28T19:30:33.583+0530][gc,heap     ] GC(248) Old regions: 169->169
[2025-03-28T19:30:33.583+0530][gc,heap     ] GC(248) Archive regions: 2->2
[2025-03-28T19:30:33.583+0530][gc,heap     ] GC(248) Humongous regions: 140->138
[2025-03-28T19:30:33.583+0530][gc,metaspace] GC(248) Metaspace: 50594K(51264K)->50594K(51264K) NonClass: 44925K(45312K)->44925K(45312K) Class: 5669K(5952K)->5669K(5952K)
[2025-03-28T19:30:33.583+0530][gc          ] GC(248) Pause Young (Normal) (G1 Evacuation Pause) 360M->311M(1024M) 9.326ms
[2025-03-28T19:30:33.583+0530][gc,cpu      ] GC(248) User=0.02s Sys=0.00s Real=0.01s
[2025-03-28T19:30:33.669+0530][gc,start    ] GC(249) Pause Young (Normal) (G1 Evacuation Pause)
[2025-03-28T19:30:33.669+0530][gc,task     ] GC(249) Using 2 workers of 2 for evacuation
[2025-03-28T19:30:33.675+0530][gc,phases   ] GC(249)   Pre Evacuate Collection Set: 0.2ms
[2025-03-28T19:30:33.675+0530][gc,phases   ] GC(249)   Merge Heap Roots: 0.1ms
[2025-03-28T19:30:33.675+0530][gc,phases   ] GC(249)   Evacuate Collection Set: 5.1ms
[2025-03-28T19:30:33.675+0530][gc,phases   ] GC(249)   Post Evacuate Collection Set: 0.5ms
[2025-03-28T19:30:33.675+0530][gc,phases   ] GC(249)   Other: 0.9ms
[2025-03-28T19:30:33.675+0530][gc,heap     ] GC(249) Eden regions: 47->0(49)
[2025-03-28T19:30:33.675+0530][gc,heap     ] GC(249) Survivor regions: 4->2(7)
[2025-03-28T19:30:33.675+0530][gc,heap     ] GC(249) Old regions: 169->170
[2025-03-28T19:30:33.675+0530][gc,heap     ] GC(249) Archive regions: 2->2
[2025-03-28T19:30:33.675+0530][gc,heap     ] GC(249) Humongous regions: 140->140
[2025-03-28T19:30:33.675+0530][gc,metaspace] GC(249) Metaspace: 50597K(51264K)->50597K(51264K) NonClass: 44928K(45312K)->44928K(45312K) Class: 5669K(5952K)->5669K(5952K)
[2025-03-28T19:30:33.675+0530][gc          ] GC(249) Pause Young (Normal) (G1 Evacuation Pause) 360M->312M(1024M) 6.810ms
[2025-03-28T19:30:33.675+0530][gc,cpu      ] GC(249) User=0.01s Sys=0.00s Real=0.02s
[2025-03-28T19:30:42.201+0530][gc,start    ] GC(250) Pause Young (Normal) (G1 Evacuation Pause)
[2025-03-28T19:30:42.201+0530][gc,task     ] GC(250) Using 2 workers of 2 for evacuation
[2025-03-28T19:30:42.215+0530][gc,phases   ] GC(250)   Pre Evacuate Collection Set: 0.2ms
[2025-03-28T19:30:42.215+0530][gc,phases   ] GC(250)   Merge Heap Roots: 0.1ms
[2025-03-28T19:30:42.215+0530][gc,phases   ] GC(250)   Evacuate Collection Set: 12.8ms
[2025-03-28T19:30:42.215+0530][gc,phases   ] GC(250)   Post Evacuate Collection Set: 0.8ms
[2025-03-28T19:30:42.215+0530][gc,phases   ] GC(250)   Other: 0.4ms
[2025-03-28T19:30:42.215+0530][gc,heap     ] GC(250) Eden regions: 49->0(47)
[2025-03-28T19:30:42.215+0530][gc,heap     ] GC(250) Survivor regions: 2->4(7)
[2025-03-28T19:30:42.215+0530][gc,heap     ] GC(250) Old regions: 170->170
[2025-03-28T19:30:42.215+0530][gc,heap     ] GC(250) Archive regions: 2->2
[2025-03-28T19:30:42.215+0530][gc,heap     ] GC(250) Humongous regions: 140->138
[2025-03-28T19:30:42.215+0530][gc,metaspace] GC(250) Metaspace: 50599K(51264K)->50599K(51264K) NonClass: 44930K(45312K)->44930K(45312K) Class: 5669K(5952K)->5669K(5952K)
[2025-03-28T19:30:42.215+0530][gc          ] GC(250) Pause Young (Normal) (G1 Evacuation Pause) 361M->311M(1024M) 14.579ms
[2025-03-28T19:30:42.215+0530][gc,cpu      ] GC(250) User=0.02s Sys=0.00s Real=0.02s
[2025-03-28T19:30:42.354+0530][gc,start    ] GC(251) Pause Young (Normal) (G1 Evacuation Pause)
[2025-03-28T19:30:42.354+0530][gc,task     ] GC(251) Using 2 workers of 2 for evacuation
[2025-03-28T19:30:42.365+0530][gc,phases   ] GC(251)   Pre Evacuate Collection Set: 0.2ms
[2025-03-28T19:30:42.365+0530][gc,phases   ] GC(251)   Merge Heap Roots: 0.1ms
[2025-03-28T19:30:42.365+0530][gc,phases   ] GC(251)   Evacuate Collection Set: 10.0ms
[2025-03-28T19:30:42.365+0530][gc,phases   ] GC(251)   Post Evacuate Collection Set: 0.4ms
[2025-03-28T19:30:42.365+0530][gc,phases   ] GC(251)   Other: 0.2ms
[2025-03-28T19:30:42.365+0530][gc,heap     ] GC(251) Eden regions: 47->0(67)
[2025-03-28T19:30:42.365+0530][gc,heap     ] GC(251) Survivor regions: 4->3(7)
[2025-03-28T19:30:42.365+0530][gc,heap     ] GC(251) Old regions: 170->170
[2025-03-28T19:30:42.365+0530][gc,heap     ] GC(251) Archive regions: 2->2
[2025-03-28T19:30:42.365+0530][gc,heap     ] GC(251) Humongous regions: 140->140
[2025-03-28T19:30:42.365+0530][gc,metaspace] GC(251) Metaspace: 50602K(51264K)->50602K(51264K) NonClass: 44932K(45312K)->44932K(45312K) Class: 5669K(5952K)->5669K(5952K)
[2025-03-28T19:30:42.365+0530][gc          ] GC(251) Pause Young (Normal) (G1 Evacuation Pause) 360M->312M(1024M) 11.124ms
[2025-03-28T19:30:42.366+0530][gc,cpu      ] GC(251) User=0.02s Sys=0.00s Real=0.02s
[2025-03-28T19:30:43.619+0530][gc,start    ] GC(252) Pause Young (Normal) (G1 Evacuation Pause)
[2025-03-28T19:30:43.619+0530][gc,task     ] GC(252) Using 2 workers of 2 for evacuation
[2025-03-28T19:30:43.631+0530][gc,phases   ] GC(252)   Pre Evacuate Collection Set: 0.2ms
[2025-03-28T19:30:43.631+0530][gc,phases   ] GC(252)   Merge Heap Roots: 0.1ms
[2025-03-28T19:30:43.631+0530][gc,phases   ] GC(252)   Evacuate Collection Set: 5.5ms
[2025-03-28T19:30:43.631+0530][gc,phases   ] GC(252)   Post Evacuate Collection Set: 0.6ms
[2025-03-28T19:30:43.631+0530][gc,phases   ] GC(252)   Other: 5.8ms
[2025-03-28T19:30:43.631+0530][gc,heap     ] GC(252) Eden regions: 67->0(45)
[2025-03-28T19:30:43.631+0530][gc,heap     ] GC(252) Survivor regions: 3->6(9)
[2025-03-28T19:30:43.631+0530][gc,heap     ] GC(252) Old regions: 170->170
[2025-03-28T19:30:43.631+0530][gc,heap     ] GC(252) Archive regions: 2->2
[2025-03-28T19:30:43.631+0530][gc,heap     ] GC(252) Humongous regions: 140->138
[2025-03-28T19:30:43.631+0530][gc,metaspace] GC(252) Metaspace: 50602K(51264K)->50602K(51264K) NonClass: 44932K(45312K)->44932K(45312K) Class: 5669K(5952K)->5669K(5952K)
[2025-03-28T19:30:43.631+0530][gc          ] GC(252) Pause Young (Normal) (G1 Evacuation Pause) 379M->313M(1024M) 12.286ms
[2025-03-28T19:30:43.631+0530][gc,cpu      ] GC(252) User=0.01s Sys=0.00s Real=0.01s
[2025-03-28T19:30:43.702+0530][gc,start    ] GC(253) Pause Young (Normal) (G1 Evacuation Pause)
[2025-03-28T19:30:43.702+0530][gc,task     ] GC(253) Using 2 workers of 2 for evacuation
[2025-03-28T19:30:43.708+0530][gc,phases   ] GC(253)   Pre Evacuate Collection Set: 0.3ms
[2025-03-28T19:30:43.708+0530][gc,phases   ] GC(253)   Merge Heap Roots: 0.1ms
[2025-03-28T19:30:43.708+0530][gc,phases   ] GC(253)   Evacuate Collection Set: 5.0ms
[2025-03-28T19:30:43.708+0530][gc,phases   ] GC(253)   Post Evacuate Collection Set: 0.5ms
[2025-03-28T19:30:43.708+0530][gc,phases   ] GC(253)   Other: 0.1ms
[2025-03-28T19:30:43.708+0530][gc,heap     ] GC(253) Eden regions: 45->0(154)
[2025-03-28T19:30:43.708+0530][gc,heap     ] GC(253) Survivor regions: 6->2(7)
[2025-03-28T19:30:43.708+0530][gc,heap     ] GC(253) Old regions: 170->171
[2025-03-28T19:30:43.708+0530][gc,heap     ] GC(253) Archive regions: 2->2
[2025-03-28T19:30:43.708+0530][gc,heap     ] GC(253) Humongous regions: 140->140
[2025-03-28T19:30:43.708+0530][gc,metaspace] GC(253) Metaspace: 50602K(51264K)->50602K(51264K) NonClass: 44932K(45312K)->44932K(45312K) Class: 5669K(5952K)->5669K(5952K)
[2025-03-28T19:30:43.708+0530][gc          ] GC(253) Pause Young (Normal) (G1 Evacuation Pause) 360M->313M(1024M) 6.059ms
[2025-03-28T19:30:43.708+0530][gc,cpu      ] GC(253) User=0.01s Sys=0.00s Real=0.01s
[2025-03-28T19:30:53.597+0530][gc,start    ] GC(254) Pause Young (Normal) (G1 Evacuation Pause)
[2025-03-28T19:30:53.597+0530][gc,task     ] GC(254) Using 2 workers of 2 for evacuation
[2025-03-28T19:30:53.610+0530][gc,phases   ] GC(254)   Pre Evacuate Collection Set: 0.2ms
[2025-03-28T19:30:53.610+0530][gc,phases   ] GC(254)   Merge Heap Roots: 0.2ms
[2025-03-28T19:30:53.610+0530][gc,phases   ] GC(254)   Evacuate Collection Set: 10.0ms
[2025-03-28T19:30:53.610+0530][gc,phases   ] GC(254)   Post Evacuate Collection Set: 2.3ms
[2025-03-28T19:30:53.610+0530][gc,phases   ] GC(254)   Other: 0.2ms
[2025-03-28T19:30:53.610+0530][gc,heap     ] GC(254) Eden regions: 154->0(152)
[2025-03-28T19:30:53.610+0530][gc,heap     ] GC(254) Survivor regions: 2->6(20)
[2025-03-28T19:30:53.610+0530][gc,heap     ] GC(254) Old regions: 171->171
[2025-03-28T19:30:53.610+0530][gc,heap     ] GC(254) Archive regions: 2->2
[2025-03-28T19:30:53.610+0530][gc,heap     ] GC(254) Humongous regions: 142->138
[2025-03-28T19:30:53.610+0530][gc,metaspace] GC(254) Metaspace: 50602K(51264K)->50602K(51264K) NonClass: 44933K(45312K)->44933K(45312K) Class: 5669K(5952K)->5669K(5952K)
[2025-03-28T19:30:53.610+0530][gc          ] GC(254) Pause Young (Normal) (G1 Evacuation Pause) 469M->314M(1024M) 13.110ms
[2025-03-28T19:30:53.610+0530][gc,cpu      ] GC(254) User=0.02s Sys=0.01s Real=0.01s
[2025-03-28T19:31:02.317+0530][gc,start    ] GC(255) Pause Young (Normal) (G1 Evacuation Pause)
[2025-03-28T19:31:02.317+0530][gc,task     ] GC(255) Using 2 workers of 2 for evacuation
[2025-03-28T19:31:02.324+0530][gc,phases   ] GC(255)   Pre Evacuate Collection Set: 0.2ms
[2025-03-28T19:31:02.324+0530][gc,phases   ] GC(255)   Merge Heap Roots: 0.1ms
[2025-03-28T19:31:02.324+0530][gc,phases   ] GC(255)   Evacuate Collection Set: 5.7ms
[2025-03-28T19:31:02.324+0530][gc,phases   ] GC(255)   Post Evacuate Collection Set: 0.6ms
[2025-03-28T19:31:02.324+0530][gc,phases   ] GC(255)   Other: 0.2ms
[2025-03-28T19:31:02.324+0530][gc,heap     ] GC(255) Eden regions: 140->0(340)
[2025-03-28T19:31:02.324+0530][gc,heap     ] GC(255) Survivor regions: 6->3(19)
[2025-03-28T19:31:02.324+0530][gc,heap     ] GC(255) Old regions: 171->171
[2025-03-28T19:31:02.324+0530][gc,heap     ] GC(255) Archive regions: 2->2
[2025-03-28T19:31:02.324+0530][gc,heap     ] GC(255) Humongous regions: 142->140
[2025-03-28T19:31:02.324+0530][gc,metaspace] GC(255) Metaspace: 50603K(51264K)->50603K(51264K) NonClass: 44933K(45312K)->44933K(45312K) Class: 5669K(5952K)->5669K(5952K)
[2025-03-28T19:31:02.324+0530][gc          ] GC(255) Pause Young (Normal) (G1 Evacuation Pause) 458M->314M(1024M) 6.814ms
[2025-03-28T19:31:02.324+0530][gc,cpu      ] GC(255) User=0.01s Sys=0.00s Real=0.00s
[2025-03-28T19:31:04.617+0530][gc,start    ] GC(186) Pause Young (Normal) (G1 Evacuation Pause)
[2025-03-28T19:31:04.618+0530][gc,task     ] GC(186) Using 2 workers of 2 for evacuation
[2025-03-28T19:31:04.634+0530][gc,phases   ] GC(186)   Pre Evacuate Collection Set: 0.6ms
[2025-03-28T19:31:04.634+0530][gc,phases   ] GC(186)   Merge Heap Roots: 0.5ms
[2025-03-28T19:31:04.634+0530][gc,phases   ] GC(186)   Evacuate Collection Set: 6.0ms
[2025-03-28T19:31:04.634+0530][gc,phases   ] GC(186)   Post Evacuate Collection Set: 8.6ms
[2025-03-28T19:31:04.634+0530][gc,phases   ] GC(186)   Other: 1.2ms
[2025-03-28T19:31:04.634+0530][gc,heap     ] GC(186) Eden regions: 611->0(51)
[2025-03-28T19:31:04.634+0530][gc,heap     ] GC(186) Survivor regions: 3->1(77)
[2025-03-28T19:31:04.634+0530][gc,heap     ] GC(186) Old regions: 89->89
[2025-03-28T19:31:04.634+0530][gc,heap     ] GC(186) Archive regions: 2->2
[2025-03-28T19:31:04.634+0530][gc,heap     ] GC(186) Humongous regions: 161->147
[2025-03-28T19:31:04.634+0530][gc,metaspace] GC(186) Metaspace: 50049K(50624K)->50049K(50624K) NonClass: 44414K(44736K)->44414K(44736K) Class: 5635K(5888K)->5635K(5888K)
[2025-03-28T19:31:04.635+0530][gc          ] GC(186) Pause Young (Normal) (G1 Evacuation Pause) 864M->236M(1024M) 17.554ms
[2025-03-28T19:31:04.635+0530][gc,cpu      ] GC(186) User=0.01s Sys=0.00s Real=0.03s
[2025-03-28T19:31:04.709+0530][gc,start    ] GC(187) Pause Young (Normal) (G1 Evacuation Pause)
[2025-03-28T19:31:04.710+0530][gc,task     ] GC(187) Using 2 workers of 2 for evacuation
[2025-03-28T19:31:04.720+0530][gc,phases   ] GC(187)   Pre Evacuate Collection Set: 0.4ms
[2025-03-28T19:31:04.720+0530][gc,phases   ] GC(187)   Merge Heap Roots: 0.2ms
[2025-03-28T19:31:04.720+0530][gc,phases   ] GC(187)   Evacuate Collection Set: 8.9ms
[2025-03-28T19:31:04.720+0530][gc,phases   ] GC(187)   Post Evacuate Collection Set: 0.7ms
[2025-03-28T19:31:04.720+0530][gc,phases   ] GC(187)   Other: 0.2ms
[2025-03-28T19:31:04.720+0530][gc,heap     ] GC(187) Eden regions: 51->0(44)
[2025-03-28T19:31:04.720+0530][gc,heap     ] GC(187) Survivor regions: 1->7(7)
[2025-03-28T19:31:04.720+0530][gc,heap     ] GC(187) Old regions: 89->89
[2025-03-28T19:31:04.720+0530][gc,heap     ] GC(187) Archive regions: 2->2
[2025-03-28T19:31:04.720+0530][gc,heap     ] GC(187) Humongous regions: 147->147
[2025-03-28T19:31:04.720+0530][gc,metaspace] GC(187) Metaspace: 50051K(50624K)->50051K(50624K) NonClass: 44416K(44736K)->44416K(44736K) Class: 5635K(5888K)->5635K(5888K)
[2025-03-28T19:31:04.720+0530][gc          ] GC(187) Pause Young (Normal) (G1 Evacuation Pause) 287M->243M(1024M) 10.389ms
[2025-03-28T19:31:04.720+0530][gc,cpu      ] GC(187) User=0.02s Sys=0.00s Real=0.01s
[2025-03-28T19:31:04.783+0530][gc,start    ] GC(188) Pause Young (Normal) (G1 Evacuation Pause)
[2025-03-28T19:31:04.783+0530][gc,task     ] GC(188) Using 2 workers of 2 for evacuation
[2025-03-28T19:31:04.788+0530][gc,phases   ] GC(188)   Pre Evacuate Collection Set: 0.3ms
[2025-03-28T19:31:04.788+0530][gc,phases   ] GC(188)   Merge Heap Roots: 0.1ms
[2025-03-28T19:31:04.789+0530][gc,phases   ] GC(188)   Evacuate Collection Set: 4.4ms
[2025-03-28T19:31:04.789+0530][gc,phases   ] GC(188)   Post Evacuate Collection Set: 0.5ms
[2025-03-28T19:31:04.789+0530][gc,phases   ] GC(188)   Other: 0.2ms
[2025-03-28T19:31:04.789+0530][gc,heap     ] GC(188) Eden regions: 44->0(64)
[2025-03-28T19:31:04.789+0530][gc,heap     ] GC(188) Survivor regions: 7->2(7)
[2025-03-28T19:31:04.789+0530][gc,heap     ] GC(188) Old regions: 89->90
[2025-03-28T19:31:04.789+0530][gc,heap     ] GC(188) Archive regions: 2->2
[2025-03-28T19:31:04.789+0530][gc,heap     ] GC(188) Humongous regions: 149->149
[2025-03-28T19:31:04.789+0530][gc,metaspace] GC(188) Metaspace: 50051K(50624K)->50051K(50624K) NonClass: 44416K(44736K)->44416K(44736K) Class: 5635K(5888K)->5635K(5888K)
[2025-03-28T19:31:04.789+0530][gc          ] GC(188) Pause Young (Normal) (G1 Evacuation Pause) 289M->241M(1024M) 5.657ms
[2025-03-28T19:31:04.789+0530][gc,cpu      ] GC(188) User=0.01s Sys=0.00s Real=0.01s
[2025-03-28T19:31:12.239+0530][gc,start    ] GC(189) Pause Young (Normal) (G1 Evacuation Pause)
[2025-03-28T19:31:12.239+0530][gc,task     ] GC(189) Using 2 workers of 2 for evacuation
[2025-03-28T19:31:12.247+0530][gc,phases   ] GC(189)   Pre Evacuate Collection Set: 0.2ms
[2025-03-28T19:31:12.247+0530][gc,phases   ] GC(189)   Merge Heap Roots: 0.1ms
[2025-03-28T19:31:12.247+0530][gc,phases   ] GC(189)   Evacuate Collection Set: 7.2ms
[2025-03-28T19:31:12.247+0530][gc,phases   ] GC(189)   Post Evacuate Collection Set: 0.5ms
[2025-03-28T19:31:12.247+0530][gc,phases   ] GC(189)   Other: 0.1ms
[2025-03-28T19:31:12.247+0530][gc,heap     ] GC(189) Eden regions: 64->0(58)
[2025-03-28T19:31:12.247+0530][gc,heap     ] GC(189) Survivor regions: 2->8(9)
[2025-03-28T19:31:12.247+0530][gc,heap     ] GC(189) Old regions: 90->90
[2025-03-28T19:31:12.247+0530][gc,heap     ] GC(189) Archive regions: 2->2
[2025-03-28T19:31:12.247+0530][gc,heap     ] GC(189) Humongous regions: 149->147
[2025-03-28T19:31:12.247+0530][gc,metaspace] GC(189) Metaspace: 50055K(50624K)->50055K(50624K) NonClass: 44419K(44736K)->44419K(44736K) Class: 5635K(5888K)->5635K(5888K)
[2025-03-28T19:31:12.247+0530][gc          ] GC(189) Pause Young (Normal) (G1 Evacuation Pause) 305M->245M(1024M) 8.174ms
[2025-03-28T19:31:12.247+0530][gc,cpu      ] GC(189) User=0.02s Sys=0.00s Real=0.01s
[2025-03-28T19:31:14.682+0530][gc,start    ] GC(190) Pause Young (Normal) (G1 Evacuation Pause)
[2025-03-28T19:31:14.682+0530][gc,task     ] GC(190) Using 2 workers of 2 for evacuation
[2025-03-28T19:31:14.687+0530][gc,phases   ] GC(190)   Pre Evacuate Collection Set: 0.2ms
[2025-03-28T19:31:14.687+0530][gc,phases   ] GC(190)   Merge Heap Roots: 0.1ms
[2025-03-28T19:31:14.687+0530][gc,phases   ] GC(190)   Evacuate Collection Set: 3.3ms
[2025-03-28T19:31:14.687+0530][gc,phases   ] GC(190)   Post Evacuate Collection Set: 0.5ms
[2025-03-28T19:31:14.687+0530][gc,phases   ] GC(190)   Other: 0.2ms
[2025-03-28T19:31:14.687+0530][gc,heap     ] GC(190) Eden regions: 58->0(109)
[2025-03-28T19:31:14.687+0530][gc,heap     ] GC(190) Survivor regions: 8->3(9)
[2025-03-28T19:31:14.687+0530][gc,heap     ] GC(190) Old regions: 90->90
[2025-03-28T19:31:14.687+0530][gc,heap     ] GC(190) Archive regions: 2->2
[2025-03-28T19:31:14.687+0530][gc,heap     ] GC(190) Humongous regions: 149->147
[2025-03-28T19:31:14.687+0530][gc,metaspace] GC(190) Metaspace: 50055K(50624K)->50055K(50624K) NonClass: 44419K(44736K)->44419K(44736K) Class: 5635K(5888K)->5635K(5888K)
[2025-03-28T19:31:14.687+0530][gc          ] GC(190) Pause Young (Normal) (G1 Evacuation Pause) 305M->240M(1024M) 4.497ms
[2025-03-28T19:31:14.687+0530][gc,cpu      ] GC(190) User=0.01s Sys=0.00s Real=0.01s
[2025-03-28T19:31:17.283+0530][gc,start    ] GC(256) Pause Young (Normal) (G1 Evacuation Pause)
[2025-03-28T19:31:17.283+0530][gc,task     ] GC(256) Using 2 workers of 2 for evacuation
[2025-03-28T19:31:17.366+0530][gc,mmu      ] GC(256) MMU target violated: 21.0ms (20.0ms/21.0ms)
[2025-03-28T19:31:17.366+0530][gc,phases   ] GC(256)   Pre Evacuate Collection Set: 0.7ms
[2025-03-28T19:31:17.366+0530][gc,phases   ] GC(256)   Merge Heap Roots: 0.6ms
[2025-03-28T19:31:17.366+0530][gc,phases   ] GC(256)   Evacuate Collection Set: 71.6ms
[2025-03-28T19:31:17.366+0530][gc,phases   ] GC(256)   Post Evacuate Collection Set: 9.6ms
[2025-03-28T19:31:17.366+0530][gc,phases   ] GC(256)   Other: 0.3ms
[2025-03-28T19:31:17.366+0530][gc,heap     ] GC(256) Eden regions: 301->0(47)
[2025-03-28T19:31:17.366+0530][gc,heap     ] GC(256) Survivor regions: 3->4(38)
[2025-03-28T19:31:17.366+0530][gc,heap     ] GC(256) Old regions: 171->171
[2025-03-28T19:31:17.366+0530][gc,heap     ] GC(256) Archive regions: 2->2
[2025-03-28T19:31:17.366+0530][gc,heap     ] GC(256) Humongous regions: 146->140
[2025-03-28T19:31:17.366+0530][gc,metaspace] GC(256) Metaspace: 50616K(51264K)->50616K(51264K) NonClass: 44947K(45312K)->44947K(45312K) Class: 5669K(5952K)->5669K(5952K)
[2025-03-28T19:31:17.366+0530][gc          ] GC(256) Pause Young (Normal) (G1 Evacuation Pause) 621M->314M(1024M) 82.939ms
[2025-03-28T19:31:17.366+0530][gc,cpu      ] GC(256) User=0.01s Sys=0.03s Real=0.09s
[2025-03-28T19:31:22.163+0530][gc,start    ] GC(257) Pause Young (Normal) (G1 Evacuation Pause)
[2025-03-28T19:31:22.195+0530][gc,task     ] GC(257) Using 2 workers of 2 for evacuation
[2025-03-28T19:31:22.168+0530][gc,start    ] GC(191) Pause Young (Normal) (G1 Evacuation Pause)
[2025-03-28T19:31:22.204+0530][gc,task     ] GC(191) Using 2 workers of 2 for evacuation
[2025-03-28T19:31:22.210+0530][gc,phases   ] GC(191)   Pre Evacuate Collection Set: 0.2ms
[2025-03-28T19:31:22.210+0530][gc,phases   ] GC(191)   Merge Heap Roots: 0.1ms
[2025-03-28T19:31:22.210+0530][gc,phases   ] GC(191)   Evacuate Collection Set: 4.2ms
[2025-03-28T19:31:22.210+0530][gc,phases   ] GC(191)   Post Evacuate Collection Set: 0.8ms
[2025-03-28T19:31:22.210+0530][gc,phases   ] GC(191)   Other: 37.0ms
[2025-03-28T19:31:22.210+0530][gc,heap     ] GC(191) Eden regions: 109->0(161)
[2025-03-28T19:31:22.210+0530][gc,heap     ] GC(191) Survivor regions: 3->4(14)
[2025-03-28T19:31:22.210+0530][gc,heap     ] GC(191) Old regions: 90->90
[2025-03-28T19:31:22.210+0530][gc,heap     ] GC(191) Archive regions: 2->2
[2025-03-28T19:31:22.210+0530][gc,heap     ] GC(191) Humongous regions: 149->147
[2025-03-28T19:31:22.210+0530][gc,metaspace] GC(191) Metaspace: 50056K(50624K)->50056K(50624K) NonClass: 44421K(44736K)->44421K(44736K) Class: 5635K(5888K)->5635K(5888K)
[2025-03-28T19:31:22.210+0530][gc          ] GC(191) Pause Young (Normal) (G1 Evacuation Pause) 351M->240M(1024M) 42.343ms
[2025-03-28T19:31:22.210+0530][gc,cpu      ] GC(191) User=0.01s Sys=0.00s Real=0.04s
[2025-03-28T19:31:22.261+0530][gc,mmu      ] GC(257) MMU target violated: 21.0ms (20.0ms/21.0ms)
[2025-03-28T19:31:22.261+0530][gc,phases   ] GC(257)   Pre Evacuate Collection Set: 0.2ms
[2025-03-28T19:31:22.261+0530][gc,phases   ] GC(257)   Merge Heap Roots: 0.1ms
[2025-03-28T19:31:22.261+0530][gc,phases   ] GC(257)   Evacuate Collection Set: 8.8ms
[2025-03-28T19:31:22.261+0530][gc,phases   ] GC(257)   Post Evacuate Collection Set: 56.7ms
[2025-03-28T19:31:22.262+0530][gc,phases   ] GC(257)   Other: 32.2ms
[2025-03-28T19:31:22.262+0530][gc,heap     ] GC(257) Eden regions: 47->0(47)
[2025-03-28T19:31:22.262+0530][gc,heap     ] GC(257) Survivor regions: 4->4(7)
[2025-03-28T19:31:22.262+0530][gc,heap     ] GC(257) Old regions: 171->171
[2025-03-28T19:31:22.262+0530][gc,heap     ] GC(257) Archive regions: 2->2
[2025-03-28T19:31:22.262+0530][gc,heap     ] GC(257) Humongous regions: 140->138
[2025-03-28T19:31:22.262+0530][gc,metaspace] GC(257) Metaspace: 50617K(51264K)->50617K(51264K) NonClass: 44948K(45312K)->44948K(45312K) Class: 5669K(5952K)->5669K(5952K)
[2025-03-28T19:31:22.262+0530][gc          ] GC(257) Pause Young (Normal) (G1 Evacuation Pause) 361M->313M(1024M) 98.958ms
[2025-03-28T19:31:22.262+0530][gc,cpu      ] GC(257) User=0.02s Sys=0.00s Real=0.10s
[2025-03-28T19:31:22.393+0530][gc,start    ] GC(258) Pause Young (Normal) (G1 Evacuation Pause)
[2025-03-28T19:31:22.393+0530][gc,task     ] GC(258) Using 2 workers of 2 for evacuation
[2025-03-28T19:31:22.406+0530][gc,phases   ] GC(258)   Pre Evacuate Collection Set: 0.3ms
[2025-03-28T19:31:22.406+0530][gc,phases   ] GC(258)   Merge Heap Roots: 0.2ms
[2025-03-28T19:31:22.406+0530][gc,phases   ] GC(258)   Evacuate Collection Set: 10.9ms
[2025-03-28T19:31:22.406+0530][gc,phases   ] GC(258)   Post Evacuate Collection Set: 0.7ms
[2025-03-28T19:31:22.406+0530][gc,phases   ] GC(258)   Other: 0.1ms
[2025-03-28T19:31:22.406+0530][gc,heap     ] GC(258) Eden regions: 47->0(48)
[2025-03-28T19:31:22.406+0530][gc,heap     ] GC(258) Survivor regions: 4->3(7)
[2025-03-28T19:31:22.406+0530][gc,heap     ] GC(258) Old regions: 171->172
[2025-03-28T19:31:22.406+0530][gc,heap     ] GC(258) Archive regions: 2->2
[2025-03-28T19:31:22.406+0530][gc,heap     ] GC(258) Humongous regions: 140->140
[2025-03-28T19:31:22.406+0530][gc,metaspace] GC(258) Metaspace: 50618K(51264K)->50618K(51264K) NonClass: 44948K(45312K)->44948K(45312K) Class: 5669K(5952K)->5669K(5952K)
[2025-03-28T19:31:22.406+0530][gc          ] GC(258) Pause Young (Normal) (G1 Evacuation Pause) 362M->314M(1024M) 12.359ms
[2025-03-28T19:31:22.406+0530][gc,cpu      ] GC(258) User=0.02s Sys=0.00s Real=0.01s
[2025-03-28T19:31:23.529+0530][gc,start    ] GC(259) Pause Young (Normal) (G1 Evacuation Pause)
[2025-03-28T19:31:23.529+0530][gc,task     ] GC(259) Using 2 workers of 2 for evacuation
[2025-03-28T19:31:23.535+0530][gc,phases   ] GC(259)   Pre Evacuate Collection Set: 0.3ms
[2025-03-28T19:31:23.535+0530][gc,phases   ] GC(259)   Merge Heap Roots: 0.2ms
[2025-03-28T19:31:23.535+0530][gc,phases   ] GC(259)   Evacuate Collection Set: 4.2ms
[2025-03-28T19:31:23.535+0530][gc,phases   ] GC(259)   Post Evacuate Collection Set: 0.4ms
[2025-03-28T19:31:23.535+0530][gc,phases   ] GC(259)   Other: 0.2ms
[2025-03-28T19:31:23.535+0530][gc,heap     ] GC(259) Eden regions: 48->0(48)
[2025-03-28T19:31:23.535+0530][gc,heap     ] GC(259) Survivor regions: 3->3(7)
[2025-03-28T19:31:23.535+0530][gc,heap     ] GC(259) Old regions: 172->172
[2025-03-28T19:31:23.535+0530][gc,heap     ] GC(259) Archive regions: 2->2
[2025-03-28T19:31:23.535+0530][gc,heap     ] GC(259) Humongous regions: 140->138
[2025-03-28T19:31:23.535+0530][gc,metaspace] GC(259) Metaspace: 50622K(51264K)->50622K(51264K) NonClass: 44952K(45312K)->44952K(45312K) Class: 5669K(5952K)->5669K(5952K)
[2025-03-28T19:31:23.535+0530][gc          ] GC(259) Pause Young (Normal) (G1 Evacuation Pause) 362M->312M(1024M) 5.334ms
[2025-03-28T19:31:23.535+0530][gc,cpu      ] GC(259) User=0.01s Sys=0.00s Real=0.00s
[2025-03-28T19:31:23.620+0530][gc,start    ] GC(260) Pause Young (Normal) (G1 Evacuation Pause)
[2025-03-28T19:31:23.621+0530][gc,task     ] GC(260) Using 2 workers of 2 for evacuation
[2025-03-28T19:31:23.626+0530][gc,phases   ] GC(260)   Pre Evacuate Collection Set: 0.2ms
[2025-03-28T19:31:23.626+0530][gc,phases   ] GC(260)   Merge Heap Roots: 0.1ms
[2025-03-28T19:31:23.626+0530][gc,phases   ] GC(260)   Evacuate Collection Set: 4.3ms
[2025-03-28T19:31:23.626+0530][gc,phases   ] GC(260)   Post Evacuate Collection Set: 0.5ms
[2025-03-28T19:31:23.626+0530][gc,phases   ] GC(260)   Other: 0.2ms
[2025-03-28T19:31:23.626+0530][gc,heap     ] GC(260) Eden regions: 48->0(48)
[2025-03-28T19:31:23.626+0530][gc,heap     ] GC(260) Survivor regions: 3->3(7)
[2025-03-28T19:31:23.626+0530][gc,heap     ] GC(260) Old regions: 172->172
[2025-03-28T19:31:23.626+0530][gc,heap     ] GC(260) Archive regions: 2->2
[2025-03-28T19:31:23.626+0530][gc,heap     ] GC(260) Humongous regions: 140->140
[2025-03-28T19:31:23.626+0530][gc,metaspace] GC(260) Metaspace: 50622K(51264K)->50622K(51264K) NonClass: 44952K(45312K)->44952K(45312K) Class: 5669K(5952K)->5669K(5952K)
[2025-03-28T19:31:23.626+0530][gc          ] GC(260) Pause Young (Normal) (G1 Evacuation Pause) 362M->314M(1024M) 5.329ms
[2025-03-28T19:31:23.626+0530][gc,cpu      ] GC(260) User=0.01s Sys=0.00s Real=0.01s
[2025-03-28T19:31:24.759+0530][gc,start    ] GC(192) Pause Young (Normal) (G1 Evacuation Pause)
[2025-03-28T19:31:24.759+0530][gc,task     ] GC(192) Using 2 workers of 2 for evacuation
[2025-03-28T19:31:24.763+0530][gc,phases   ] GC(192)   Pre Evacuate Collection Set: 0.2ms
[2025-03-28T19:31:24.764+0530][gc,phases   ] GC(192)   Merge Heap Roots: 0.1ms
[2025-03-28T19:31:24.764+0530][gc,phases   ] GC(192)   Evacuate Collection Set: 4.1ms
[2025-03-28T19:31:24.764+0530][gc,phases   ] GC(192)   Post Evacuate Collection Set: 0.5ms
[2025-03-28T19:31:24.764+0530][gc,phases   ] GC(192)   Other: 0.2ms
[2025-03-28T19:31:24.764+0530][gc,heap     ] GC(192) Eden regions: 161->0(221)
[2025-03-28T19:31:24.764+0530][gc,heap     ] GC(192) Survivor regions: 4->3(21)
[2025-03-28T19:31:24.764+0530][gc,heap     ] GC(192) Old regions: 90->90
[2025-03-28T19:31:24.764+0530][gc,heap     ] GC(192) Archive regions: 2->2
[2025-03-28T19:31:24.764+0530][gc,heap     ] GC(192) Humongous regions: 151->149
[2025-03-28T19:31:24.764+0530][gc,metaspace] GC(192) Metaspace: 50056K(50624K)->50056K(50624K) NonClass: 44421K(44736K)->44421K(44736K) Class: 5635K(5888K)->5635K(5888K)
[2025-03-28T19:31:24.764+0530][gc          ] GC(192) Pause Young (Normal) (G1 Evacuation Pause) 405M->242M(1024M) 5.101ms
[2025-03-28T19:31:24.764+0530][gc,cpu      ] GC(192) User=0.01s Sys=0.01s Real=0.00s
[2025-03-28T19:31:32.159+0530][gc,start    ] GC(261) Pause Young (Normal) (G1 Evacuation Pause)
[2025-03-28T19:31:32.159+0530][gc,task     ] GC(261) Using 2 workers of 2 for evacuation
[2025-03-28T19:31:32.181+0530][gc,mmu      ] GC(261) MMU target violated: 21.0ms (20.0ms/21.0ms)
[2025-03-28T19:31:32.181+0530][gc,phases   ] GC(261)   Pre Evacuate Collection Set: 0.3ms
[2025-03-28T19:31:32.181+0530][gc,phases   ] GC(261)   Merge Heap Roots: 0.2ms
[2025-03-28T19:31:32.181+0530][gc,phases   ] GC(261)   Evacuate Collection Set: 20.6ms
[2025-03-28T19:31:32.181+0530][gc,phases   ] GC(261)   Post Evacuate Collection Set: 0.4ms
[2025-03-28T19:31:32.181+0530][gc,phases   ] GC(261)   Other: 0.3ms
[2025-03-28T19:31:32.181+0530][gc,heap     ] GC(261) Eden regions: 48->0(49)
[2025-03-28T19:31:32.181+0530][gc,heap     ] GC(261) Survivor regions: 3->2(7)
[2025-03-28T19:31:32.181+0530][gc,heap     ] GC(261) Old regions: 172->172
[2025-03-28T19:31:32.181+0530][gc,heap     ] GC(261) Archive regions: 2->2
[2025-03-28T19:31:32.181+0530][gc,heap     ] GC(261) Humongous regions: 140->138
[2025-03-28T19:31:32.181+0530][gc,metaspace] GC(261) Metaspace: 50622K(51264K)->50622K(51264K) NonClass: 44952K(45312K)->44952K(45312K) Class: 5669K(5952K)->5669K(5952K)
[2025-03-28T19:31:32.181+0530][gc          ] GC(261) Pause Young (Normal) (G1 Evacuation Pause) 362M->312M(1024M) 21.876ms
[2025-03-28T19:31:32.181+0530][gc,cpu      ] GC(261) User=0.02s Sys=0.01s Real=0.02s
[2025-03-28T19:31:32.264+0530][gc,start    ] GC(262) Pause Young (Normal) (G1 Evacuation Pause)
[2025-03-28T19:31:32.264+0530][gc,task     ] GC(262) Using 2 workers of 2 for evacuation
[2025-03-28T19:31:32.292+0530][gc,mmu      ] GC(262) MMU target violated: 21.0ms (20.0ms/21.0ms)
[2025-03-28T19:31:32.292+0530][gc,phases   ] GC(262)   Pre Evacuate Collection Set: 0.2ms
[2025-03-28T19:31:32.292+0530][gc,phases   ] GC(262)   Merge Heap Roots: 0.1ms
[2025-03-28T19:31:32.292+0530][gc,phases   ] GC(262)   Evacuate Collection Set: 27.6ms
[2025-03-28T19:31:32.292+0530][gc,phases   ] GC(262)   Post Evacuate Collection Set: 0.6ms
[2025-03-28T19:31:32.292+0530][gc,phases   ] GC(262)   Other: 0.2ms
[2025-03-28T19:31:32.292+0530][gc,heap     ] GC(262) Eden regions: 49->0(44)
[2025-03-28T19:31:32.292+0530][gc,heap     ] GC(262) Survivor regions: 2->7(7)
[2025-03-28T19:31:32.292+0530][gc,heap     ] GC(262) Old regions: 172->173
[2025-03-28T19:31:32.292+0530][gc,heap     ] GC(262) Archive regions: 2->2
[2025-03-28T19:31:32.292+0530][gc,heap     ] GC(262) Humongous regions: 138->138
[2025-03-28T19:31:32.292+0530][gc,metaspace] GC(262) Metaspace: 50622K(51264K)->50622K(51264K) NonClass: 44952K(45312K)->44952K(45312K) Class: 5669K(5952K)->5669K(5952K)
[2025-03-28T19:31:32.292+0530][gc          ] GC(262) Pause Young (Normal) (G1 Evacuation Pause) 361M->318M(1024M) 28.782ms
[2025-03-28T19:31:32.292+0530][gc,cpu      ] GC(262) User=0.02s Sys=0.01s Real=0.03s
[2025-03-28T19:31:33.506+0530][gc,start    ] GC(263) Pause Young (Normal) (G1 Evacuation Pause)
[2025-03-28T19:31:33.506+0530][gc,task     ] GC(263) Using 2 workers of 2 for evacuation
[2025-03-28T19:31:33.524+0530][gc,phases   ] GC(263)   Pre Evacuate Collection Set: 0.8ms
[2025-03-28T19:31:33.524+0530][gc,phases   ] GC(263)   Merge Heap Roots: 0.6ms
[2025-03-28T19:31:33.524+0530][gc,phases   ] GC(263)   Evacuate Collection Set: 9.4ms
[2025-03-28T19:31:33.524+0530][gc,phases   ] GC(263)   Post Evacuate Collection Set: 6.4ms
[2025-03-28T19:31:33.524+0530][gc,phases   ] GC(263)   Other: 0.3ms
[2025-03-28T19:31:33.524+0530][gc,heap     ] GC(263) Eden regions: 44->0(50)
[2025-03-28T19:31:33.524+0530][gc,heap     ] GC(263) Survivor regions: 7->1(7)
[2025-03-28T19:31:33.524+0530][gc,heap     ] GC(263) Old regions: 173->174
[2025-03-28T19:31:33.524+0530][gc,heap     ] GC(263) Archive regions: 2->2
[2025-03-28T19:31:33.524+0530][gc,heap     ] GC(263) Humongous regions: 140->138
[2025-03-28T19:31:33.524+0530][gc,metaspace] GC(263) Metaspace: 50622K(51264K)->50622K(51264K) NonClass: 44952K(45312K)->44952K(45312K) Class: 5669K(5952K)->5669K(5952K)
[2025-03-28T19:31:33.524+0530][gc          ] GC(263) Pause Young (Normal) (G1 Evacuation Pause) 364M->313M(1024M) 17.679ms
[2025-03-28T19:31:33.524+0530][gc,cpu      ] GC(263) User=0.02s Sys=0.00s Real=0.02s
[2025-03-28T19:31:33.590+0530][gc,start    ] GC(264) Pause Young (Normal) (G1 Evacuation Pause)
[2025-03-28T19:31:33.590+0530][gc,task     ] GC(264) Using 2 workers of 2 for evacuation
[2025-03-28T19:31:33.600+0530][gc,phases   ] GC(264)   Pre Evacuate Collection Set: 0.2ms
[2025-03-28T19:31:33.600+0530][gc,phases   ] GC(264)   Merge Heap Roots: 0.1ms
[2025-03-28T19:31:33.600+0530][gc,phases   ] GC(264)   Evacuate Collection Set: 8.8ms
[2025-03-28T19:31:33.600+0530][gc,phases   ] GC(264)   Post Evacuate Collection Set: 0.5ms
[2025-03-28T19:31:33.600+0530][gc,phases   ] GC(264)   Other: 0.1ms
[2025-03-28T19:31:33.600+0530][gc,heap     ] GC(264) Eden regions: 50->0(44)
[2025-03-28T19:31:33.600+0530][gc,heap     ] GC(264) Survivor regions: 1->7(7)
[2025-03-28T19:31:33.600+0530][gc,heap     ] GC(264) Old regions: 174->174
[2025-03-28T19:31:33.600+0530][gc,heap     ] GC(264) Archive regions: 2->2
[2025-03-28T19:31:33.600+0530][gc,heap     ] GC(264) Humongous regions: 138->138
[2025-03-28T19:31:33.600+0530][gc,metaspace] GC(264) Metaspace: 50622K(51264K)->50622K(51264K) NonClass: 44952K(45312K)->44952K(45312K) Class: 5669K(5952K)->5669K(5952K)
[2025-03-28T19:31:33.600+0530][gc          ] GC(264) Pause Young (Normal) (G1 Evacuation Pause) 363M->319M(1024M) 9.794ms
[2025-03-28T19:31:33.600+0530][gc,cpu      ] GC(264) User=0.02s Sys=0.00s Real=0.01s
[2025-03-28T19:31:33.660+0530][gc,start    ] GC(265) Pause Young (Normal) (G1 Evacuation Pause)
[2025-03-28T19:31:33.660+0530][gc,task     ] GC(265) Using 2 workers of 2 for evacuation
[2025-03-28T19:31:33.665+0530][gc,phases   ] GC(265)   Pre Evacuate Collection Set: 0.2ms
[2025-03-28T19:31:33.666+0530][gc,phases   ] GC(265)   Merge Heap Roots: 0.1ms
[2025-03-28T19:31:33.666+0530][gc,phases   ] GC(265)   Evacuate Collection Set: 4.5ms
[2025-03-28T19:31:33.666+0530][gc,phases   ] GC(265)   Post Evacuate Collection Set: 0.6ms
[2025-03-28T19:31:33.666+0530][gc,phases   ] GC(265)   Other: 0.1ms
[2025-03-28T19:31:33.666+0530][gc,heap     ] GC(265) Eden regions: 44->0(50)
[2025-03-28T19:31:33.666+0530][gc,heap     ] GC(265) Survivor regions: 7->1(7)
[2025-03-28T19:31:33.666+0530][gc,heap     ] GC(265) Old regions: 174->175
[2025-03-28T19:31:33.666+0530][gc,heap     ] GC(265) Archive regions: 2->2
[2025-03-28T19:31:33.666+0530][gc,heap     ] GC(265) Humongous regions: 140->140
[2025-03-28T19:31:33.666+0530][gc,metaspace] GC(265) Metaspace: 50622K(51264K)->50622K(51264K) NonClass: 44952K(45312K)->44952K(45312K) Class: 5669K(5952K)->5669K(5952K)
[2025-03-28T19:31:33.666+0530][gc          ] GC(265) Pause Young (Normal) (G1 Evacuation Pause) 365M->316M(1024M) 5.603ms
[2025-03-28T19:31:33.666+0530][gc,cpu      ] GC(265) User=0.00s Sys=0.00s Real=0.01s
[2025-03-28T19:31:42.143+0530][gc,start    ] GC(193) Pause Young (Normal) (G1 Evacuation Pause)
[2025-03-28T19:31:42.143+0530][gc,task     ] GC(193) Using 2 workers of 2 for evacuation
[2025-03-28T19:31:42.151+0530][gc,phases   ] GC(193)   Pre Evacuate Collection Set: 0.4ms
[2025-03-28T19:31:42.152+0530][gc,phases   ] GC(193)   Merge Heap Roots: 0.6ms
[2025-03-28T19:31:42.152+0530][gc,phases   ] GC(193)   Evacuate Collection Set: 6.0ms
[2025-03-28T19:31:42.152+0530][gc,phases   ] GC(193)   Post Evacuate Collection Set: 1.5ms
[2025-03-28T19:31:42.152+0530][gc,phases   ] GC(193)   Other: 0.5ms
[2025-03-28T19:31:42.152+0530][gc,heap     ] GC(193) Eden regions: 221->0(190)
[2025-03-28T19:31:42.152+0530][gc,heap     ] GC(193) Survivor regions: 3->1(28)
[2025-03-28T19:31:42.152+0530][gc,heap     ] GC(193) Old regions: 90->90
[2025-03-28T19:31:42.152+0530][gc,heap     ] GC(193) Archive regions: 2->2
[2025-03-28T19:31:42.152+0530][gc,heap     ] GC(193) Humongous regions: 153->147
[2025-03-28T19:31:42.152+0530][gc,metaspace] GC(193) Metaspace: 50062K(50624K)->50062K(50624K) NonClass: 44426K(44736K)->44426K(44736K) Class: 5635K(5888K)->5635K(5888K)
[2025-03-28T19:31:42.152+0530][gc          ] GC(193) Pause Young (Normal) (G1 Evacuation Pause) 467M->238M(1024M) 9.434ms
[2025-03-28T19:31:42.152+0530][gc,cpu      ] GC(193) User=0.01s Sys=0.00s Real=0.01s
[2025-03-28T19:31:42.199+0530][gc,start    ] GC(266) Pause Young (Normal) (G1 Evacuation Pause)
[2025-03-28T19:31:42.199+0530][gc,task     ] GC(266) Using 2 workers of 2 for evacuation
[2025-03-28T19:31:42.206+0530][gc,phases   ] GC(266)   Pre Evacuate Collection Set: 0.2ms
[2025-03-28T19:31:42.206+0530][gc,phases   ] GC(266)   Merge Heap Roots: 0.1ms
[2025-03-28T19:31:42.206+0530][gc,phases   ] GC(266)   Evacuate Collection Set: 6.0ms
[2025-03-28T19:31:42.206+0530][gc,phases   ] GC(266)   Post Evacuate Collection Set: 0.4ms
[2025-03-28T19:31:42.206+0530][gc,phases   ] GC(266)   Other: 0.1ms
[2025-03-28T19:31:42.206+0530][gc,heap     ] GC(266) Eden regions: 50->0(44)
[2025-03-28T19:31:42.206+0530][gc,heap     ] GC(266) Survivor regions: 1->7(7)
[2025-03-28T19:31:42.206+0530][gc,heap     ] GC(266) Old regions: 175->175
[2025-03-28T19:31:42.206+0530][gc,heap     ] GC(266) Archive regions: 2->2
[2025-03-28T19:31:42.206+0530][gc,heap     ] GC(266) Humongous regions: 140->138
[2025-03-28T19:31:42.206+0530][gc,metaspace] GC(266) Metaspace: 50627K(51264K)->50627K(51264K) NonClass: 44958K(45312K)->44958K(45312K) Class: 5669K(5952K)->5669K(5952K)
[2025-03-28T19:31:42.206+0530][gc          ] GC(266) Pause Young (Normal) (G1 Evacuation Pause) 366M->320M(1024M) 6.815ms
[2025-03-28T19:31:42.206+0530][gc,cpu      ] GC(266) User=0.01s Sys=0.00s Real=0.00s
[2025-03-28T19:31:42.277+0530][gc,start    ] GC(267) Pause Young (Normal) (G1 Evacuation Pause)
[2025-03-28T19:31:42.277+0530][gc,task     ] GC(267) Using 2 workers of 2 for evacuation
[2025-03-28T19:31:42.287+0530][gc,phases   ] GC(267)   Pre Evacuate Collection Set: 0.2ms
[2025-03-28T19:31:42.287+0530][gc,phases   ] GC(267)   Merge Heap Roots: 0.1ms
[2025-03-28T19:31:42.287+0530][gc,phases   ] GC(267)   Evacuate Collection Set: 4.3ms
[2025-03-28T19:31:42.287+0530][gc,phases   ] GC(267)   Post Evacuate Collection Set: 5.3ms
[2025-03-28T19:31:42.287+0530][gc,phases   ] GC(267)   Other: 0.1ms
[2025-03-28T19:31:42.287+0530][gc,heap     ] GC(267) Eden regions: 44->0(49)
[2025-03-28T19:31:42.287+0530][gc,heap     ] GC(267) Survivor regions: 7->2(7)
[2025-03-28T19:31:42.287+0530][gc,heap     ] GC(267) Old regions: 175->177
[2025-03-28T19:31:42.287+0530][gc,heap     ] GC(267) Archive regions: 2->2
[2025-03-28T19:31:42.287+0530][gc,heap     ] GC(267) Humongous regions: 140->140
[2025-03-28T19:31:42.287+0530][gc,metaspace] GC(267) Metaspace: 50627K(51264K)->50627K(51264K) NonClass: 44958K(45312K)->44958K(45312K) Class: 5669K(5952K)->5669K(5952K)
[2025-03-28T19:31:42.287+0530][gc          ] GC(267) Pause Young (Normal) (G1 Evacuation Pause) 366M->319M(1024M) 10.142ms
[2025-03-28T19:31:42.287+0530][gc,cpu      ] GC(267) User=0.01s Sys=0.01s Real=0.01s
[2025-03-28T19:31:43.543+0530][gc,start    ] GC(268) Pause Young (Normal) (G1 Evacuation Pause)
[2025-03-28T19:31:43.543+0530][gc,task     ] GC(268) Using 2 workers of 2 for evacuation
[2025-03-28T19:31:43.553+0530][gc,phases   ] GC(268)   Pre Evacuate Collection Set: 0.2ms
[2025-03-28T19:31:43.553+0530][gc,phases   ] GC(268)   Merge Heap Roots: 0.1ms
[2025-03-28T19:31:43.553+0530][gc,phases   ] GC(268)   Evacuate Collection Set: 9.0ms
[2025-03-28T19:31:43.553+0530][gc,phases   ] GC(268)   Post Evacuate Collection Set: 0.3ms
[2025-03-28T19:31:43.553+0530][gc,phases   ] GC(268)   Other: 0.1ms
[2025-03-28T19:31:43.553+0530][gc,heap     ] GC(268) Eden regions: 49->0(55)
[2025-03-28T19:31:43.553+0530][gc,heap     ] GC(268) Survivor regions: 2->6(7)
[2025-03-28T19:31:43.553+0530][gc,heap     ] GC(268) Old regions: 177->177
[2025-03-28T19:31:43.553+0530][gc,heap     ] GC(268) Archive regions: 2->2
[2025-03-28T19:31:43.553+0530][gc,heap     ] GC(268) Humongous regions: 140->138
[2025-03-28T19:31:43.553+0530][gc,metaspace] GC(268) Metaspace: 50627K(51264K)->50627K(51264K) NonClass: 44958K(45312K)->44958K(45312K) Class: 5669K(5952K)->5669K(5952K)
[2025-03-28T19:31:43.553+0530][gc          ] GC(268) Pause Young (Normal) (G1 Evacuation Pause) 368M->320M(1024M) 9.970ms
[2025-03-28T19:31:43.553+0530][gc,cpu      ] GC(268) User=0.01s Sys=0.00s Real=0.01s
[2025-03-28T19:31:43.626+0530][gc,start    ] GC(269) Pause Young (Normal) (G1 Evacuation Pause)
[2025-03-28T19:31:43.626+0530][gc,task     ] GC(269) Using 2 workers of 2 for evacuation
[2025-03-28T19:31:43.634+0530][gc,phases   ] GC(269)   Pre Evacuate Collection Set: 0.3ms
[2025-03-28T19:31:43.634+0530][gc,phases   ] GC(269)   Merge Heap Roots: 0.1ms
[2025-03-28T19:31:43.634+0530][gc,phases   ] GC(269)   Evacuate Collection Set: 7.2ms
[2025-03-28T19:31:43.634+0530][gc,phases   ] GC(269)   Post Evacuate Collection Set: 0.3ms
[2025-03-28T19:31:43.634+0530][gc,phases   ] GC(269)   Other: 0.1ms
[2025-03-28T19:31:43.634+0530][gc,heap     ] GC(269) Eden regions: 55->0(104)
[2025-03-28T19:31:43.634+0530][gc,heap     ] GC(269) Survivor regions: 6->2(8)
[2025-03-28T19:31:43.634+0530][gc,heap     ] GC(269) Old regions: 177->178
[2025-03-28T19:31:43.634+0530][gc,heap     ] GC(269) Archive regions: 2->2
[2025-03-28T19:31:43.634+0530][gc,heap     ] GC(269) Humongous regions: 140->140
[2025-03-28T19:31:43.634+0530][gc,metaspace] GC(269) Metaspace: 50627K(51264K)->50627K(51264K) NonClass: 44958K(45312K)->44958K(45312K) Class: 5669K(5952K)->5669K(5952K)
[2025-03-28T19:31:43.634+0530][gc          ] GC(269) Pause Young (Normal) (G1 Evacuation Pause) 377M->319M(1024M) 8.045ms
[2025-03-28T19:31:43.634+0530][gc,cpu      ] GC(269) User=0.01s Sys=0.00s Real=0.00s
[2025-03-28T19:31:44.741+0530][gc,start    ] GC(194) Pause Young (Normal) (G1 Evacuation Pause)
[2025-03-28T19:31:44.741+0530][gc,task     ] GC(194) Using 2 workers of 2 for evacuation
[2025-03-28T19:31:44.746+0530][gc,phases   ] GC(194)   Pre Evacuate Collection Set: 0.2ms
[2025-03-28T19:31:44.746+0530][gc,phases   ] GC(194)   Merge Heap Roots: 0.1ms
[2025-03-28T19:31:44.746+0530][gc,phases   ] GC(194)   Evacuate Collection Set: 3.9ms
[2025-03-28T19:31:44.746+0530][gc,phases   ] GC(194)   Post Evacuate Collection Set: 0.7ms
[2025-03-28T19:31:44.746+0530][gc,phases   ] GC(194)   Other: 0.2ms
[2025-03-28T19:31:44.746+0530][gc,heap     ] GC(194) Eden regions: 190->0(272)
[2025-03-28T19:31:44.746+0530][gc,heap     ] GC(194) Survivor regions: 1->3(24)
[2025-03-28T19:31:44.746+0530][gc,heap     ] GC(194) Old regions: 90->90
[2025-03-28T19:31:44.746+0530][gc,heap     ] GC(194) Archive regions: 2->2
[2025-03-28T19:31:44.746+0530][gc,heap     ] GC(194) Humongous regions: 151->149
[2025-03-28T19:31:44.746+0530][gc,metaspace] GC(194) Metaspace: 50062K(50624K)->50062K(50624K) NonClass: 44426K(44736K)->44426K(44736K) Class: 5635K(5888K)->5635K(5888K)
[2025-03-28T19:31:44.746+0530][gc          ] GC(194) Pause Young (Normal) (G1 Evacuation Pause) 432M->242M(1024M) 5.154ms
[2025-03-28T19:31:44.746+0530][gc,cpu      ] GC(194) User=0.01s Sys=0.00s Real=0.01s
[2025-03-28T19:31:52.523+0530][gc,start    ] GC(270) Pause Young (Normal) (G1 Evacuation Pause)
[2025-03-28T19:31:52.523+0530][gc,task     ] GC(270) Using 2 workers of 2 for evacuation
[2025-03-28T19:31:52.545+0530][gc,mmu      ] GC(270) MMU target violated: 21.0ms (20.0ms/21.0ms)
[2025-03-28T19:31:52.545+0530][gc,phases   ] GC(270)   Pre Evacuate Collection Set: 0.2ms
[2025-03-28T19:31:52.545+0530][gc,phases   ] GC(270)   Merge Heap Roots: 0.1ms
[2025-03-28T19:31:52.545+0530][gc,phases   ] GC(270)   Evacuate Collection Set: 21.6ms
[2025-03-28T19:31:52.545+0530][gc,phases   ] GC(270)   Post Evacuate Collection Set: 0.5ms
[2025-03-28T19:31:52.545+0530][gc,phases   ] GC(270)   Other: 0.2ms
[2025-03-28T19:31:52.545+0530][gc,heap     ] GC(270) Eden regions: 104->0(70)
[2025-03-28T19:31:52.545+0530][gc,heap     ] GC(270) Survivor regions: 2->3(14)
[2025-03-28T19:31:52.545+0530][gc,heap     ] GC(270) Old regions: 178->178
[2025-03-28T19:31:52.545+0530][gc,heap     ] GC(270) Archive regions: 2->2
[2025-03-28T19:31:52.546+0530][gc,heap     ] GC(270) Humongous regions: 142->140
[2025-03-28T19:31:52.546+0530][gc,metaspace] GC(270) Metaspace: 50628K(51264K)->50628K(51264K) NonClass: 44958K(45312K)->44958K(45312K) Class: 5669K(5952K)->5669K(5952K)
[2025-03-28T19:31:52.546+0530][gc          ] GC(270) Pause Young (Normal) (G1 Evacuation Pause) 425M->320M(1024M) 22.709ms
[2025-03-28T19:31:52.546+0530][gc,cpu      ] GC(270) User=0.02s Sys=0.00s Real=0.03s
[2025-03-28T19:31:53.623+0530][gc,start    ] GC(271) Pause Young (Normal) (G1 Evacuation Pause)
[2025-03-28T19:31:53.623+0530][gc,task     ] GC(271) Using 2 workers of 2 for evacuation
[2025-03-28T19:31:53.629+0530][gc,phases   ] GC(271)   Pre Evacuate Collection Set: 0.2ms
[2025-03-28T19:31:53.629+0530][gc,phases   ] GC(271)   Merge Heap Roots: 0.1ms
[2025-03-28T19:31:53.629+0530][gc,phases   ] GC(271)   Evacuate Collection Set: 5.1ms
[2025-03-28T19:31:53.629+0530][gc,phases   ] GC(271)   Post Evacuate Collection Set: 1.2ms
[2025-03-28T19:31:53.629+0530][gc,phases   ] GC(271)   Other: 0.2ms
[2025-03-28T19:31:53.629+0530][gc,heap     ] GC(271) Eden regions: 70->0(100)
[2025-03-28T19:31:53.629+0530][gc,heap     ] GC(271) Survivor regions: 3->3(10)
[2025-03-28T19:31:53.630+0530][gc,heap     ] GC(271) Old regions: 178->178
[2025-03-28T19:31:53.630+0530][gc,heap     ] GC(271) Archive regions: 2->2
[2025-03-28T19:31:53.630+0530][gc,heap     ] GC(271) Humongous regions: 142->140
[2025-03-28T19:31:53.630+0530][gc,metaspace] GC(271) Metaspace: 50628K(51264K)->50628K(51264K) NonClass: 44958K(45312K)->44958K(45312K) Class: 5669K(5952K)->5669K(5952K)
[2025-03-28T19:31:53.630+0530][gc          ] GC(271) Pause Young (Normal) (G1 Evacuation Pause) 392M->320M(1024M) 6.943ms
[2025-03-28T19:31:53.630+0530][gc,cpu      ] GC(271) User=0.01s Sys=0.00s Real=0.01s
[2025-03-28T19:32:02.257+0530][gc,start    ] GC(272) Pause Young (Normal) (G1 Evacuation Pause)
[2025-03-28T19:32:02.257+0530][gc,task     ] GC(272) Using 2 workers of 2 for evacuation
[2025-03-28T19:32:02.269+0530][gc,phases   ] GC(272)   Pre Evacuate Collection Set: 0.4ms
[2025-03-28T19:32:02.269+0530][gc,phases   ] GC(272)   Merge Heap Roots: 0.1ms
[2025-03-28T19:32:02.269+0530][gc,phases   ] GC(272)   Evacuate Collection Set: 10.5ms
[2025-03-28T19:32:02.269+0530][gc,phases   ] GC(272)   Post Evacuate Collection Set: 0.6ms
[2025-03-28T19:32:02.269+0530][gc,phases   ] GC(272)   Other: 0.2ms
[2025-03-28T19:32:02.269+0530][gc,heap     ] GC(272) Eden regions: 100->0(122)
[2025-03-28T19:32:02.269+0530][gc,heap     ] GC(272) Survivor regions: 3->3(13)
[2025-03-28T19:32:02.269+0530][gc,heap     ] GC(272) Old regions: 178->178
[2025-03-28T19:32:02.269+0530][gc,heap     ] GC(272) Archive regions: 2->2
[2025-03-28T19:32:02.269+0530][gc,heap     ] GC(272) Humongous regions: 142->140
[2025-03-28T19:32:02.269+0530][gc,metaspace] GC(272) Metaspace: 50628K(51264K)->50628K(51264K) NonClass: 44958K(45312K)->44958K(45312K) Class: 5669K(5952K)->5669K(5952K)
[2025-03-28T19:32:02.269+0530][gc          ] GC(272) Pause Young (Normal) (G1 Evacuation Pause) 422M->321M(1024M) 11.847ms
[2025-03-28T19:32:02.269+0530][gc,cpu      ] GC(272) User=0.02s Sys=0.00s Real=0.01s
[2025-03-28T19:32:02.274+0530][gc,start    ] GC(195) Pause Young (Normal) (G1 Evacuation Pause)
[2025-03-28T19:32:02.274+0530][gc,task     ] GC(195) Using 2 workers of 2 for evacuation
[2025-03-28T19:32:02.289+0530][gc,phases   ] GC(195)   Pre Evacuate Collection Set: 0.1ms
[2025-03-28T19:32:02.289+0530][gc,phases   ] GC(195)   Merge Heap Roots: 0.1ms
[2025-03-28T19:32:02.289+0530][gc,phases   ] GC(195)   Evacuate Collection Set: 13.8ms
[2025-03-28T19:32:02.289+0530][gc,phases   ] GC(195)   Post Evacuate Collection Set: 0.8ms
[2025-03-28T19:32:02.289+0530][gc,phases   ] GC(195)   Other: 0.1ms
[2025-03-28T19:32:02.289+0530][gc,heap     ] GC(195) Eden regions: 272->0(273)
[2025-03-28T19:32:02.289+0530][gc,heap     ] GC(195) Survivor regions: 3->3(35)
[2025-03-28T19:32:02.289+0530][gc,heap     ] GC(195) Old regions: 90->90
[2025-03-28T19:32:02.289+0530][gc,heap     ] GC(195) Archive regions: 2->2
[2025-03-28T19:32:02.289+0530][gc,heap     ] GC(195) Humongous regions: 155->149
[2025-03-28T19:32:02.289+0530][gc,metaspace] GC(195) Metaspace: 50091K(50624K)->50091K(50624K) NonClass: 44456K(44736K)->44456K(44736K) Class: 5635K(5888K)->5635K(5888K)
[2025-03-28T19:32:02.289+0530][gc          ] GC(195) Pause Young (Normal) (G1 Evacuation Pause) 520M->242M(1024M) 15.139ms
[2025-03-28T19:32:02.289+0530][gc,cpu      ] GC(195) User=0.01s Sys=0.00s Real=0.02s
[2025-03-28T19:32:03.621+0530][gc,start    ] GC(273) Pause Young (Normal) (G1 Evacuation Pause)
[2025-03-28T19:32:03.621+0530][gc,task     ] GC(273) Using 2 workers of 2 for evacuation
[2025-03-28T19:32:03.628+0530][gc,phases   ] GC(273)   Pre Evacuate Collection Set: 0.3ms
[2025-03-28T19:32:03.628+0530][gc,phases   ] GC(273)   Merge Heap Roots: 0.1ms
[2025-03-28T19:32:03.628+0530][gc,phases   ] GC(273)   Evacuate Collection Set: 6.0ms
[2025-03-28T19:32:03.628+0530][gc,phases   ] GC(273)   Post Evacuate Collection Set: 0.5ms
[2025-03-28T19:32:03.628+0530][gc,phases   ] GC(273)   Other: 0.1ms
[2025-03-28T19:32:03.628+0530][gc,heap     ] GC(273) Eden regions: 122->0(177)
[2025-03-28T19:32:03.628+0530][gc,heap     ] GC(273) Survivor regions: 3->3(16)
[2025-03-28T19:32:03.628+0530][gc,heap     ] GC(273) Old regions: 178->178
[2025-03-28T19:32:03.628+0530][gc,heap     ] GC(273) Archive regions: 2->2
[2025-03-28T19:32:03.628+0530][gc,heap     ] GC(273) Humongous regions: 142->140
[2025-03-28T19:32:03.628+0530][gc,metaspace] GC(273) Metaspace: 50628K(51264K)->50628K(51264K) NonClass: 44958K(45312K)->44958K(45312K) Class: 5669K(5952K)->5669K(5952K)
[2025-03-28T19:32:03.628+0530][gc          ] GC(273) Pause Young (Normal) (G1 Evacuation Pause) 445M->321M(1024M) 7.083ms
[2025-03-28T19:32:03.628+0530][gc,cpu      ] GC(273) User=0.02s Sys=0.01s Real=0.01s
[2025-03-28T19:32:13.581+0530][gc,start    ] GC(274) Pause Young (Normal) (G1 Evacuation Pause)
[2025-03-28T19:32:13.581+0530][gc,task     ] GC(274) Using 2 workers of 2 for evacuation
[2025-03-28T19:32:13.591+0530][gc,phases   ] GC(274)   Pre Evacuate Collection Set: 0.3ms
[2025-03-28T19:32:13.591+0530][gc,phases   ] GC(274)   Merge Heap Roots: 0.1ms
[2025-03-28T19:32:13.591+0530][gc,phases   ] GC(274)   Evacuate Collection Set: 7.9ms
[2025-03-28T19:32:13.591+0530][gc,phases   ] GC(274)   Post Evacuate Collection Set: 0.8ms
[2025-03-28T19:32:13.591+0530][gc,phases   ] GC(274)   Other: 0.1ms
[2025-03-28T19:32:13.591+0530][gc,heap     ] GC(274) Eden regions: 177->0(237)
[2025-03-28T19:32:13.591+0530][gc,heap     ] GC(274) Survivor regions: 3->3(23)
[2025-03-28T19:32:13.591+0530][gc,heap     ] GC(274) Old regions: 178->178
[2025-03-28T19:32:13.591+0530][gc,heap     ] GC(274) Archive regions: 2->2
[2025-03-28T19:32:13.591+0530][gc,heap     ] GC(274) Humongous regions: 144->140
[2025-03-28T19:32:13.591+0530][gc,metaspace] GC(274) Metaspace: 50629K(51264K)->50629K(51264K) NonClass: 44960K(45312K)->44960K(45312K) Class: 5669K(5952K)->5669K(5952K)
[2025-03-28T19:32:13.591+0530][gc          ] GC(274) Pause Young (Normal) (G1 Evacuation Pause) 502M->321M(1024M) 9.366ms
[2025-03-28T19:32:13.591+0530][gc,cpu      ] GC(274) User=0.01s Sys=0.00s Real=0.01s
[2025-03-28T19:32:14.668+0530][gc,start    ] GC(196) Pause Young (Normal) (G1 Evacuation Pause)
[2025-03-28T19:32:14.668+0530][gc,task     ] GC(196) Using 2 workers of 2 for evacuation
[2025-03-28T19:32:14.676+0530][gc,phases   ] GC(196)   Pre Evacuate Collection Set: 0.3ms
[2025-03-28T19:32:14.676+0530][gc,phases   ] GC(196)   Merge Heap Roots: 0.1ms
[2025-03-28T19:32:14.676+0530][gc,phases   ] GC(196)   Evacuate Collection Set: 7.1ms
[2025-03-28T19:32:14.676+0530][gc,phases   ] GC(196)   Post Evacuate Collection Set: 0.6ms
[2025-03-28T19:32:14.676+0530][gc,phases   ] GC(196)   Other: 0.3ms
[2025-03-28T19:32:14.676+0530][gc,heap     ] GC(196) Eden regions: 273->0(330)
[2025-03-28T19:32:14.676+0530][gc,heap     ] GC(196) Survivor regions: 3->6(35)
[2025-03-28T19:32:14.676+0530][gc,heap     ] GC(196) Old regions: 90->90
[2025-03-28T19:32:14.676+0530][gc,heap     ] GC(196) Archive regions: 2->2
[2025-03-28T19:32:14.676+0530][gc,heap     ] GC(196) Humongous regions: 153->147
[2025-03-28T19:32:14.676+0530][gc,metaspace] GC(196) Metaspace: 50098K(50624K)->50098K(50624K) NonClass: 44462K(44736K)->44462K(44736K) Class: 5635K(5888K)->5635K(5888K)
[2025-03-28T19:32:14.676+0530][gc          ] GC(196) Pause Young (Normal) (G1 Evacuation Pause) 519M->243M(1024M) 8.527ms
[2025-03-28T19:32:14.676+0530][gc,cpu      ] GC(196) User=0.01s Sys=0.00s Real=0.01s
[2025-03-28T19:32:23.615+0530][gc,start    ] GC(275) Pause Young (Normal) (G1 Evacuation Pause)
[2025-03-28T19:32:24.026+0530][gc,task     ] GC(275) Using 2 workers of 2 for evacuation
[2025-03-28T19:32:24.053+0530][gc,mmu      ] GC(275) MMU target violated: 21.0ms (20.0ms/21.0ms)
[2025-03-28T19:32:24.053+0530][gc,phases   ] GC(275)   Pre Evacuate Collection Set: 1.4ms
[2025-03-28T19:32:24.053+0530][gc,phases   ] GC(275)   Merge Heap Roots: 0.5ms
[2025-03-28T19:32:24.053+0530][gc,phases   ] GC(275)   Evacuate Collection Set: 23.1ms
[2025-03-28T19:32:24.053+0530][gc,phases   ] GC(275)   Post Evacuate Collection Set: 1.2ms
[2025-03-28T19:32:24.053+0530][gc,phases   ] GC(275)   Other: 412.0ms
[2025-03-28T19:32:24.053+0530][gc,heap     ] GC(275) Eden regions: 231->0(137)
[2025-03-28T19:32:24.053+0530][gc,heap     ] GC(275) Survivor regions: 3->4(30)
[2025-03-28T19:32:24.053+0530][gc,heap     ] GC(275) Old regions: 178->178
[2025-03-28T19:32:24.053+0530][gc,heap     ] GC(275) Archive regions: 2->2
[2025-03-28T19:32:24.053+0530][gc,heap     ] GC(275) Humongous regions: 144->140
[2025-03-28T19:32:24.053+0530][gc,metaspace] GC(275) Metaspace: 50635K(51264K)->50635K(51264K) NonClass: 44966K(45312K)->44966K(45312K) Class: 5669K(5952K)->5669K(5952K)
[2025-03-28T19:32:24.053+0530][gc          ] GC(275) Pause Young (Normal) (G1 Evacuation Pause) 556M->321M(1024M) 438.365ms
[2025-03-28T19:32:24.053+0530][gc,cpu      ] GC(275) User=0.04s Sys=0.00s Real=0.44s
[2025-03-28T19:32:32.297+0530][gc,start    ] GC(197) Pause Young (Normal) (G1 Evacuation Pause)
[2025-03-28T19:32:32.297+0530][gc,task     ] GC(197) Using 2 workers of 2 for evacuation
[2025-03-28T19:32:32.302+0530][gc,phases   ] GC(197)   Pre Evacuate Collection Set: 0.2ms
[2025-03-28T19:32:32.302+0530][gc,phases   ] GC(197)   Merge Heap Roots: 0.2ms
[2025-03-28T19:32:32.302+0530][gc,phases   ] GC(197)   Evacuate Collection Set: 4.2ms
[2025-03-28T19:32:32.302+0530][gc,phases   ] GC(197)   Post Evacuate Collection Set: 0.6ms
[2025-03-28T19:32:32.303+0530][gc,phases   ] GC(197)   Other: 0.2ms
[2025-03-28T19:32:32.303+0530][gc,heap     ] GC(197) Eden regions: 330->0(520)
[2025-03-28T19:32:32.303+0530][gc,heap     ] GC(197) Survivor regions: 6->3(42)
[2025-03-28T19:32:32.303+0530][gc,heap     ] GC(197) Old regions: 90->90
[2025-03-28T19:32:32.303+0530][gc,heap     ] GC(197) Archive regions: 2->2
[2025-03-28T19:32:32.303+0530][gc,heap     ] GC(197) Humongous regions: 155->149
[2025-03-28T19:32:32.303+0530][gc,metaspace] GC(197) Metaspace: 50098K(50624K)->50098K(50624K) NonClass: 44463K(44736K)->44463K(44736K) Class: 5635K(5888K)->5635K(5888K)
[2025-03-28T19:32:32.303+0530][gc          ] GC(197) Pause Young (Normal) (G1 Evacuation Pause) 581M->242M(1024M) 5.502ms
[2025-03-28T19:32:32.303+0530][gc,cpu      ] GC(197) User=0.01s Sys=0.00s Real=0.01s
[2025-03-28T19:32:33.518+0530][gc,start    ] GC(276) Pause Young (Normal) (G1 Evacuation Pause)
[2025-03-28T19:32:33.518+0530][gc,task     ] GC(276) Using 2 workers of 2 for evacuation
[2025-03-28T19:32:33.527+0530][gc,phases   ] GC(276)   Pre Evacuate Collection Set: 0.4ms
[2025-03-28T19:32:33.527+0530][gc,phases   ] GC(276)   Merge Heap Roots: 0.2ms
[2025-03-28T19:32:33.527+0530][gc,phases   ] GC(276)   Evacuate Collection Set: 8.2ms
[2025-03-28T19:32:33.527+0530][gc,phases   ] GC(276)   Post Evacuate Collection Set: 0.7ms
[2025-03-28T19:32:33.528+0530][gc,phases   ] GC(276)   Other: 0.2ms
[2025-03-28T19:32:33.528+0530][gc,heap     ] GC(276) Eden regions: 118->0(241)
[2025-03-28T19:32:33.528+0530][gc,heap     ] GC(276) Survivor regions: 4->3(16)
[2025-03-28T19:32:33.528+0530][gc,heap     ] GC(276) Old regions: 178->178
[2025-03-28T19:32:33.528+0530][gc,heap     ] GC(276) Archive regions: 2->2
[2025-03-28T19:32:33.528+0530][gc,heap     ] GC(276) Humongous regions: 142->138
[2025-03-28T19:32:33.528+0530][gc,metaspace] GC(276) Metaspace: 50635K(51264K)->50635K(51264K) NonClass: 44966K(45312K)->44966K(45312K) Class: 5669K(5952K)->5669K(5952K)
[2025-03-28T19:32:33.528+0530][gc          ] GC(276) Pause Young (Normal) (G1 Evacuation Pause) 441M->318M(1024M) 9.873ms
[2025-03-28T19:32:33.528+0530][gc,cpu      ] GC(276) User=0.02s Sys=0.00s Real=0.02s
[2025-03-28T19:32:43.575+0530][gc,start    ] GC(277) Pause Young (Normal) (G1 Evacuation Pause)
[2025-03-28T19:32:43.575+0530][gc,task     ] GC(277) Using 2 workers of 2 for evacuation
[2025-03-28T19:32:43.594+0530][gc,phases   ] GC(277)   Pre Evacuate Collection Set: 0.3ms
[2025-03-28T19:32:43.594+0530][gc,phases   ] GC(277)   Merge Heap Roots: 0.4ms
[2025-03-28T19:32:43.594+0530][gc,phases   ] GC(277)   Evacuate Collection Set: 17.3ms
[2025-03-28T19:32:43.594+0530][gc,phases   ] GC(277)   Post Evacuate Collection Set: 1.1ms
[2025-03-28T19:32:43.594+0530][gc,phases   ] GC(277)   Other: 0.5ms
[2025-03-28T19:32:43.594+0530][gc,heap     ] GC(277) Eden regions: 205->0(220)
[2025-03-28T19:32:43.594+0530][gc,heap     ] GC(277) Survivor regions: 3->3(26)
[2025-03-28T19:32:43.594+0530][gc,heap     ] GC(277) Old regions: 178->178
[2025-03-28T19:32:43.594+0530][gc,heap     ] GC(277) Archive regions: 2->2
[2025-03-28T19:32:43.594+0530][gc,heap     ] GC(277) Humongous regions: 142->138
[2025-03-28T19:32:43.594+0530][gc,metaspace] GC(277) Metaspace: 50710K(51392K)->50710K(51392K) NonClass: 45020K(45376K)->45020K(45376K) Class: 5689K(6016K)->5689K(6016K)
[2025-03-28T19:32:43.594+0530][gc          ] GC(277) Pause Young (Normal) (G1 Evacuation Pause) 527M->319M(1024M) 19.582ms
[2025-03-28T19:32:43.594+0530][gc,cpu      ] GC(277) User=0.04s Sys=0.01s Real=0.02s
[2025-03-28T19:32:52.264+0530][gc,start    ] GC(278) Pause Young (Normal) (G1 Evacuation Pause)
[2025-03-28T19:32:52.264+0530][gc,task     ] GC(278) Using 2 workers of 2 for evacuation
[2025-03-28T19:32:52.285+0530][gc,mmu      ] GC(278) MMU target violated: 21.0ms (20.0ms/21.0ms)
[2025-03-28T19:32:52.285+0530][gc,phases   ] GC(278)   Pre Evacuate Collection Set: 0.7ms
[2025-03-28T19:32:52.285+0530][gc,phases   ] GC(278)   Merge Heap Roots: 0.2ms
[2025-03-28T19:32:52.285+0530][gc,phases   ] GC(278)   Evacuate Collection Set: 19.6ms
[2025-03-28T19:32:52.285+0530][gc,phases   ] GC(278)   Post Evacuate Collection Set: 0.5ms
[2025-03-28T19:32:52.285+0530][gc,phases   ] GC(278)   Other: 0.2ms
[2025-03-28T19:32:52.285+0530][gc,heap     ] GC(278) Eden regions: 166->0(193)
[2025-03-28T19:32:52.285+0530][gc,heap     ] GC(278) Survivor regions: 3->4(22)
[2025-03-28T19:32:52.285+0530][gc,heap     ] GC(278) Old regions: 178->178
[2025-03-28T19:32:52.285+0530][gc,heap     ] GC(278) Archive regions: 2->2
[2025-03-28T19:32:52.285+0530][gc,heap     ] GC(278) Humongous regions: 145->140
[2025-03-28T19:32:52.285+0530][gc,metaspace] GC(278) Metaspace: 50710K(51392K)->50710K(51392K) NonClass: 45020K(45376K)->45020K(45376K) Class: 5689K(6016K)->5689K(6016K)
[2025-03-28T19:32:52.286+0530][gc          ] GC(278) Pause Young (Normal) (G1 Evacuation Pause) 492M->321M(1024M) 21.299ms
[2025-03-28T19:32:52.286+0530][gc,cpu      ] GC(278) User=0.03s Sys=0.00s Real=0.04s
[2025-03-28T19:32:53.608+0530][gc,start    ] GC(279) Pause Young (Normal) (G1 Evacuation Pause)
[2025-03-28T19:32:53.608+0530][gc,task     ] GC(279) Using 2 workers of 2 for evacuation
[2025-03-28T19:32:53.623+0530][gc,phases   ] GC(279)   Pre Evacuate Collection Set: 0.2ms
[2025-03-28T19:32:53.623+0530][gc,phases   ] GC(279)   Merge Heap Roots: 0.1ms
[2025-03-28T19:32:53.623+0530][gc,phases   ] GC(279)   Evacuate Collection Set: 7.7ms
[2025-03-28T19:32:53.623+0530][gc,phases   ] GC(279)   Post Evacuate Collection Set: 6.5ms
[2025-03-28T19:32:53.623+0530][gc,phases   ] GC(279)   Other: 0.2ms
[2025-03-28T19:32:53.623+0530][gc,heap     ] GC(279) Eden regions: 117->0(168)
[2025-03-28T19:32:53.623+0530][gc,heap     ] GC(279) Survivor regions: 4->4(16)
[2025-03-28T19:32:53.623+0530][gc,heap     ] GC(279) Old regions: 178->178
[2025-03-28T19:32:53.623+0530][gc,heap     ] GC(279) Archive regions: 2->2
[2025-03-28T19:32:53.623+0530][gc,heap     ] GC(279) Humongous regions: 142->140
[2025-03-28T19:32:53.623+0530][gc,metaspace] GC(279) Metaspace: 50710K(51392K)->50710K(51392K) NonClass: 45020K(45376K)->45020K(45376K) Class: 5689K(6016K)->5689K(6016K)
[2025-03-28T19:32:53.623+0530][gc          ] GC(279) Pause Young (Normal) (G1 Evacuation Pause) 440M->321M(1024M) 14.870ms
[2025-03-28T19:32:53.623+0530][gc,cpu      ] GC(279) User=0.01s Sys=0.00s Real=0.01s
[2025-03-28T19:32:54.753+0530][gc,start    ] GC(198) Pause Young (Normal) (G1 Evacuation Pause)
[2025-03-28T19:32:54.753+0530][gc,task     ] GC(198) Using 2 workers of 2 for evacuation
[2025-03-28T19:32:54.762+0530][gc,phases   ] GC(198)   Pre Evacuate Collection Set: 0.2ms
[2025-03-28T19:32:54.762+0530][gc,phases   ] GC(198)   Merge Heap Roots: 0.1ms
[2025-03-28T19:32:54.762+0530][gc,phases   ] GC(198)   Evacuate Collection Set: 7.5ms
[2025-03-28T19:32:54.762+0530][gc,phases   ] GC(198)   Post Evacuate Collection Set: 1.1ms
[2025-03-28T19:32:54.762+0530][gc,phases   ] GC(198)   Other: 0.2ms
[2025-03-28T19:32:54.762+0530][gc,heap     ] GC(198) Eden regions: 520->0(592)
[2025-03-28T19:32:54.762+0530][gc,heap     ] GC(198) Survivor regions: 3->3(66)
[2025-03-28T19:32:54.762+0530][gc,heap     ] GC(198) Old regions: 90->90
[2025-03-28T19:32:54.762+0530][gc,heap     ] GC(198) Archive regions: 2->2
[2025-03-28T19:32:54.762+0530][gc,heap     ] GC(198) Humongous regions: 162->149
[2025-03-28T19:32:54.762+0530][gc,metaspace] GC(198) Metaspace: 50253K(50816K)->50253K(50816K) NonClass: 44575K(44864K)->44575K(44864K) Class: 5677K(5952K)->5677K(5952K)
[2025-03-28T19:32:54.762+0530][gc          ] GC(198) Pause Young (Normal) (G1 Evacuation Pause) 775M->242M(1024M) 9.205ms
[2025-03-28T19:32:54.762+0530][gc,cpu      ] GC(198) User=0.02s Sys=0.00s Real=0.01s
[2025-03-28T19:33:03.480+0530][gc,start    ] GC(280) Pause Young (Normal) (G1 Evacuation Pause)
[2025-03-28T19:33:03.480+0530][gc,task     ] GC(280) Using 2 workers of 2 for evacuation
[2025-03-28T19:33:03.501+0530][gc,phases   ] GC(280)   Pre Evacuate Collection Set: 0.7ms
[2025-03-28T19:33:03.501+0530][gc,phases   ] GC(280)   Merge Heap Roots: 0.9ms
[2025-03-28T19:33:03.501+0530][gc,phases   ] GC(280)   Evacuate Collection Set: 17.5ms
[2025-03-28T19:33:03.501+0530][gc,phases   ] GC(280)   Post Evacuate Collection Set: 0.7ms
[2025-03-28T19:33:03.501+0530][gc,phases   ] GC(280)   Other: 0.6ms
[2025-03-28T19:33:03.501+0530][gc,heap     ] GC(280) Eden regions: 108->0(259)
[2025-03-28T19:33:03.501+0530][gc,heap     ] GC(280) Survivor regions: 4->2(14)
[2025-03-28T19:33:03.501+0530][gc,heap     ] GC(280) Old regions: 178->178
[2025-03-28T19:33:03.501+0530][gc,heap     ] GC(280) Archive regions: 2->2
[2025-03-28T19:33:03.501+0530][gc,heap     ] GC(280) Humongous regions: 142->138
[2025-03-28T19:33:03.501+0530][gc,metaspace] GC(280) Metaspace: 50716K(51392K)->50716K(51392K) NonClass: 45026K(45376K)->45026K(45376K) Class: 5689K(6016K)->5689K(6016K)
[2025-03-28T19:33:03.501+0530][gc          ] GC(280) Pause Young (Normal) (G1 Evacuation Pause) 431M->317M(1024M) 20.603ms
[2025-03-28T19:33:03.501+0530][gc,cpu      ] GC(280) User=0.03s Sys=0.00s Real=0.02s
[2025-03-28T19:33:12.198+0530][gc,start    ] GC(281) Pause Young (Normal) (G1 Evacuation Pause)
[2025-03-28T19:33:12.198+0530][gc,task     ] GC(281) Using 2 workers of 2 for evacuation
[2025-03-28T19:33:12.209+0530][gc,phases   ] GC(281)   Pre Evacuate Collection Set: 0.4ms
[2025-03-28T19:33:12.209+0530][gc,phases   ] GC(281)   Merge Heap Roots: 0.3ms
[2025-03-28T19:33:12.209+0530][gc,phases   ] GC(281)   Evacuate Collection Set: 10.0ms
[2025-03-28T19:33:12.209+0530][gc,phases   ] GC(281)   Post Evacuate Collection Set: 0.5ms
[2025-03-28T19:33:12.209+0530][gc,phases   ] GC(281)   Other: 0.1ms
[2025-03-28T19:33:12.209+0530][gc,heap     ] GC(281) Eden regions: 148->0(43)
[2025-03-28T19:33:12.209+0530][gc,heap     ] GC(281) Survivor regions: 2->8(19)
[2025-03-28T19:33:12.209+0530][gc,heap     ] GC(281) Old regions: 178->178
[2025-03-28T19:33:12.209+0530][gc,heap     ] GC(281) Archive regions: 2->2
[2025-03-28T19:33:12.209+0530][gc,heap     ] GC(281) Humongous regions: 140->138
[2025-03-28T19:33:12.209+0530][gc,metaspace] GC(281) Metaspace: 50723K(51392K)->50723K(51392K) NonClass: 45033K(45376K)->45033K(45376K) Class: 5689K(6016K)->5689K(6016K)
[2025-03-28T19:33:12.209+0530][gc          ] GC(281) Pause Young (Normal) (G1 Evacuation Pause) 467M->323M(1024M) 11.429ms
[2025-03-28T19:33:12.209+0530][gc,cpu      ] GC(281) User=0.02s Sys=0.00s Real=0.01s
[2025-03-28T19:33:12.288+0530][gc,start    ] GC(282) Pause Young (Normal) (G1 Evacuation Pause)
[2025-03-28T19:33:12.288+0530][gc,task     ] GC(282) Using 2 workers of 2 for evacuation
[2025-03-28T19:33:12.302+0530][gc,phases   ] GC(282)   Pre Evacuate Collection Set: 0.2ms
[2025-03-28T19:33:12.307+0530][gc,phases   ] GC(282)   Merge Heap Roots: 0.1ms
[2025-03-28T19:33:12.307+0530][gc,phases   ] GC(282)   Evacuate Collection Set: 12.6ms
[2025-03-28T19:33:12.307+0530][gc,phases   ] GC(282)   Post Evacuate Collection Set: 0.4ms
[2025-03-28T19:33:12.307+0530][gc,phases   ] GC(282)   Other: 0.1ms
[2025-03-28T19:33:12.307+0530][gc,heap     ] GC(282) Eden regions: 43->0(144)
[2025-03-28T19:33:12.307+0530][gc,heap     ] GC(282) Survivor regions: 8->2(7)
[2025-03-28T19:33:12.307+0530][gc,heap     ] GC(282) Old regions: 178->180
[2025-03-28T19:33:12.307+0530][gc,heap     ] GC(282) Archive regions: 2->2
[2025-03-28T19:33:12.307+0530][gc,heap     ] GC(282) Humongous regions: 140->140
[2025-03-28T19:33:12.307+0530][gc,metaspace] GC(282) Metaspace: 50723K(51392K)->50723K(51392K) NonClass: 45033K(45376K)->45033K(45376K) Class: 5689K(6016K)->5689K(6016K)
[2025-03-28T19:33:12.307+0530][gc          ] GC(282) Pause Young (Normal) (G1 Evacuation Pause) 368M->322M(1024M) 18.733ms
[2025-03-28T19:33:12.307+0530][gc,cpu      ] GC(282) User=0.02s Sys=0.00s Real=0.02s
[2025-03-28T19:33:22.219+0530][gc,start    ] GC(283) Pause Young (Normal) (G1 Evacuation Pause)
[2025-03-28T19:33:22.219+0530][gc,task     ] GC(283) Using 2 workers of 2 for evacuation
[2025-03-28T19:33:22.228+0530][gc,phases   ] GC(283)   Pre Evacuate Collection Set: 0.3ms
[2025-03-28T19:33:22.228+0530][gc,phases   ] GC(283)   Merge Heap Roots: 0.1ms
[2025-03-28T19:33:22.228+0530][gc,phases   ] GC(283)   Evacuate Collection Set: 7.9ms
[2025-03-28T19:33:22.228+0530][gc,phases   ] GC(283)   Post Evacuate Collection Set: 0.6ms
[2025-03-28T19:33:22.228+0530][gc,phases   ] GC(283)   Other: 0.1ms
[2025-03-28T19:33:22.228+0530][gc,heap     ] GC(283) Eden regions: 144->0(132)
[2025-03-28T19:33:22.228+0530][gc,heap     ] GC(283) Survivor regions: 2->5(19)
[2025-03-28T19:33:22.228+0530][gc,heap     ] GC(283) Old regions: 180->180
[2025-03-28T19:33:22.228+0530][gc,heap     ] GC(283) Archive regions: 2->2
[2025-03-28T19:33:22.228+0530][gc,heap     ] GC(283) Humongous regions: 142->138
[2025-03-28T19:33:22.228+0530][gc,metaspace] GC(283) Metaspace: 50729K(51392K)->50729K(51392K) NonClass: 45038K(45376K)->45038K(45376K) Class: 5690K(6016K)->5690K(6016K)
[2025-03-28T19:33:22.228+0530][gc          ] GC(283) Pause Young (Normal) (G1 Evacuation Pause) 468M->323M(1024M) 9.077ms
[2025-03-28T19:33:22.228+0530][gc,cpu      ] GC(283) User=0.01s Sys=0.00s Real=0.00s
[2025-03-28T19:33:23.618+0530][gc,start    ] GC(284) Pause Young (Normal) (G1 Evacuation Pause)
[2025-03-28T19:33:23.618+0530][gc,task     ] GC(284) Using 2 workers of 2 for evacuation
[2025-03-28T19:33:23.624+0530][gc,phases   ] GC(284)   Pre Evacuate Collection Set: 0.2ms
[2025-03-28T19:33:23.624+0530][gc,phases   ] GC(284)   Merge Heap Roots: 0.1ms
[2025-03-28T19:33:23.624+0530][gc,phases   ] GC(284)   Evacuate Collection Set: 5.0ms
[2025-03-28T19:33:23.624+0530][gc,phases   ] GC(284)   Post Evacuate Collection Set: 0.6ms
[2025-03-28T19:33:23.624+0530][gc,phases   ] GC(284)   Other: 0.2ms
[2025-03-28T19:33:23.624+0530][gc,heap     ] GC(284) Eden regions: 132->0(447)
[2025-03-28T19:33:23.624+0530][gc,heap     ] GC(284) Survivor regions: 5->3(18)
[2025-03-28T19:33:23.624+0530][gc,heap     ] GC(284) Old regions: 180->180
[2025-03-28T19:33:23.624+0530][gc,heap     ] GC(284) Archive regions: 2->2
[2025-03-28T19:33:23.624+0530][gc,heap     ] GC(284) Humongous regions: 142->140
[2025-03-28T19:33:23.624+0530][gc,metaspace] GC(284) Metaspace: 50729K(51392K)->50729K(51392K) NonClass: 45038K(45376K)->45038K(45376K) Class: 5690K(6016K)->5690K(6016K)
[2025-03-28T19:33:23.624+0530][gc          ] GC(284) Pause Young (Normal) (G1 Evacuation Pause) 459M->323M(1024M) 6.171ms
[2025-03-28T19:33:23.624+0530][gc,cpu      ] GC(284) User=0.01s Sys=0.00s Real=0.00s
[2025-03-28T19:33:24.854+0530][gc,start    ] GC(199) Pause Young (Normal) (G1 Evacuation Pause)
[2025-03-28T19:33:24.854+0530][gc,task     ] GC(199) Using 2 workers of 2 for evacuation
[2025-03-28T19:33:24.862+0530][gc,phases   ] GC(199)   Pre Evacuate Collection Set: 0.2ms
[2025-03-28T19:33:24.862+0530][gc,phases   ] GC(199)   Merge Heap Roots: 0.1ms
[2025-03-28T19:33:24.862+0530][gc,phases   ] GC(199)   Evacuate Collection Set: 5.4ms
[2025-03-28T19:33:24.862+0530][gc,phases   ] GC(199)   Post Evacuate Collection Set: 2.2ms
[2025-03-28T19:33:24.862+0530][gc,phases   ] GC(199)   Other: 0.2ms
[2025-03-28T19:33:24.862+0530][gc,heap     ] GC(199) Eden regions: 592->0(611)
[2025-03-28T19:33:24.862+0530][gc,heap     ] GC(199) Survivor regions: 3->3(75)
[2025-03-28T19:33:24.862+0530][gc,heap     ] GC(199) Old regions: 90->90
[2025-03-28T19:33:24.862+0530][gc,heap     ] GC(199) Archive regions: 2->2
[2025-03-28T19:33:24.862+0530][gc,heap     ] GC(199) Humongous regions: 161->149
[2025-03-28T19:33:24.862+0530][gc,metaspace] GC(199) Metaspace: 50263K(50816K)->50263K(50816K) NonClass: 44586K(44864K)->44586K(44864K) Class: 5677K(5952K)->5677K(5952K)
[2025-03-28T19:33:24.862+0530][gc          ] GC(199) Pause Young (Normal) (G1 Evacuation Pause) 846M->242M(1024M) 8.289ms
[2025-03-28T19:33:24.862+0530][gc,cpu      ] GC(199) User=0.02s Sys=0.00s Real=0.01s
[2025-03-28T19:33:50.419+0530][gc,start    ] GC(285) Pause Young (Normal) (G1 Evacuation Pause)
[2025-03-28T19:33:50.419+0530][gc,task     ] GC(285) Using 2 workers of 2 for evacuation
[2025-03-28T19:33:50.441+0530][gc,mmu      ] GC(285) MMU target violated: 21.0ms (20.0ms/21.0ms)
[2025-03-28T19:33:50.442+0530][gc,phases   ] GC(285)   Pre Evacuate Collection Set: 0.2ms
[2025-03-28T19:33:50.442+0530][gc,phases   ] GC(285)   Merge Heap Roots: 0.2ms
[2025-03-28T19:33:50.442+0530][gc,phases   ] GC(285)   Evacuate Collection Set: 9.9ms
[2025-03-28T19:33:50.442+0530][gc,phases   ] GC(285)   Post Evacuate Collection Set: 10.1ms
[2025-03-28T19:33:50.442+0530][gc,phases   ] GC(285)   Other: 2.4ms
[2025-03-28T19:33:50.442+0530][gc,heap     ] GC(285) Eden regions: 447->0(239)
[2025-03-28T19:33:50.442+0530][gc,heap     ] GC(285) Survivor regions: 3->2(57)
[2025-03-28T19:33:50.442+0530][gc,heap     ] GC(285) Old regions: 180->180
[2025-03-28T19:33:50.442+0530][gc,heap     ] GC(285) Archive regions: 2->2
[2025-03-28T19:33:50.442+0530][gc,heap     ] GC(285) Humongous regions: 148->138
[2025-03-28T19:33:50.442+0530][gc,metaspace] GC(285) Metaspace: 50948K(51584K)->50948K(51584K) NonClass: 45216K(45568K)->45216K(45568K) Class: 5731K(6016K)->5731K(6016K)
[2025-03-28T19:33:50.442+0530][gc          ] GC(285) Pause Young (Normal) (G1 Evacuation Pause) 778M->320M(1024M) 22.948ms
[2025-03-28T19:33:50.442+0530][gc,cpu      ] GC(285) User=0.01s Sys=0.00s Real=0.02s
[2025-03-28T19:33:54.832+0530][gc,start    ] GC(200) Pause Young (Normal) (G1 Evacuation Pause)
[2025-03-28T19:33:54.832+0530][gc,task     ] GC(200) Using 2 workers of 2 for evacuation
[2025-03-28T19:33:54.845+0530][gc,phases   ] GC(200)   Pre Evacuate Collection Set: 0.2ms
[2025-03-28T19:33:54.845+0530][gc,phases   ] GC(200)   Merge Heap Roots: 0.2ms
[2025-03-28T19:33:54.845+0530][gc,phases   ] GC(200)   Evacuate Collection Set: 9.4ms
[2025-03-28T19:33:54.845+0530][gc,phases   ] GC(200)   Post Evacuate Collection Set: 3.1ms
[2025-03-28T19:33:54.845+0530][gc,phases   ] GC(200)   Other: 0.2ms
[2025-03-28T19:33:54.845+0530][gc,heap     ] GC(200) Eden regions: 611->0(611)
[2025-03-28T19:33:54.845+0530][gc,heap     ] GC(200) Survivor regions: 3->3(77)
[2025-03-28T19:33:54.845+0530][gc,heap     ] GC(200) Old regions: 90->90
[2025-03-28T19:33:54.845+0530][gc,heap     ] GC(200) Archive regions: 2->2
[2025-03-28T19:33:54.845+0530][gc,heap     ] GC(200) Humongous regions: 164->149
[2025-03-28T19:33:54.845+0530][gc,metaspace] GC(200) Metaspace: 50315K(50880K)->50315K(50880K) NonClass: 44630K(44928K)->44630K(44928K) Class: 5684K(5952K)->5684K(5952K)
[2025-03-28T19:33:54.845+0530][gc          ] GC(200) Pause Young (Normal) (G1 Evacuation Pause) 868M->242M(1024M) 13.201ms
[2025-03-28T19:33:54.845+0530][gc,cpu      ] GC(200) User=0.01s Sys=0.00s Real=0.02s
[2025-03-28T19:34:02.007+0530][gc,start    ] GC(286) Pause Young (Normal) (G1 Evacuation Pause)
[2025-03-28T19:34:02.007+0530][gc,task     ] GC(286) Using 2 workers of 2 for evacuation
[2025-03-28T19:34:02.129+0530][gc,mmu      ] GC(286) MMU target violated: 21.0ms (20.0ms/21.0ms)
[2025-03-28T19:34:02.130+0530][gc,phases   ] GC(286)   Pre Evacuate Collection Set: 3.5ms
[2025-03-28T19:34:02.130+0530][gc,phases   ] GC(286)   Merge Heap Roots: 0.3ms
[2025-03-28T19:34:02.130+0530][gc,phases   ] GC(286)   Evacuate Collection Set: 84.8ms
[2025-03-28T19:34:02.130+0530][gc,phases   ] GC(286)   Post Evacuate Collection Set: 33.3ms
[2025-03-28T19:34:02.130+0530][gc,phases   ] GC(286)   Other: 0.2ms
[2025-03-28T19:34:02.130+0530][gc,heap     ] GC(286) Eden regions: 239->0(45)
[2025-03-28T19:34:02.130+0530][gc,heap     ] GC(286) Survivor regions: 2->6(31)
[2025-03-28T19:34:02.130+0530][gc,heap     ] GC(286) Old regions: 180->180
[2025-03-28T19:34:02.130+0530][gc,heap     ] GC(286) Archive regions: 2->2
[2025-03-28T19:34:02.130+0530][gc,heap     ] GC(286) Humongous regions: 145->138
[2025-03-28T19:34:02.130+0530][gc,metaspace] GC(286) Metaspace: 51063K(51776K)->51063K(51776K) NonClass: 45302K(45696K)->45302K(45696K) Class: 5760K(6080K)->5760K(6080K)
[2025-03-28T19:34:02.130+0530][gc          ] GC(286) Pause Young (Normal) (G1 Evacuation Pause) 566M->324M(1024M) 122.209ms
[2025-03-28T19:34:02.130+0530][gc,cpu      ] GC(286) User=0.02s Sys=0.00s Real=0.13s
[2025-03-28T19:34:02.244+0530][gc,start    ] GC(287) Pause Young (Normal) (G1 Evacuation Pause)
[2025-03-28T19:34:02.244+0530][gc,task     ] GC(287) Using 2 workers of 2 for evacuation
[2025-03-28T19:34:02.283+0530][gc,mmu      ] GC(287) MMU target violated: 21.0ms (20.0ms/21.0ms)
[2025-03-28T19:34:02.283+0530][gc,phases   ] GC(287)   Pre Evacuate Collection Set: 13.7ms
[2025-03-28T19:34:02.283+0530][gc,phases   ] GC(287)   Merge Heap Roots: 0.3ms
[2025-03-28T19:34:02.283+0530][gc,phases   ] GC(287)   Evacuate Collection Set: 18.9ms
[2025-03-28T19:34:02.283+0530][gc,phases   ] GC(287)   Post Evacuate Collection Set: 5.7ms
[2025-03-28T19:34:02.283+0530][gc,phases   ] GC(287)   Other: 0.2ms
[2025-03-28T19:34:02.283+0530][gc,heap     ] GC(287) Eden regions: 45->0(49)
[2025-03-28T19:34:02.283+0530][gc,heap     ] GC(287) Survivor regions: 6->2(7)
[2025-03-28T19:34:02.283+0530][gc,heap     ] GC(287) Old regions: 180->182
[2025-03-28T19:34:02.283+0530][gc,heap     ] GC(287) Archive regions: 2->2
[2025-03-28T19:34:02.283+0530][gc,heap     ] GC(287) Humongous regions: 140->140
[2025-03-28T19:34:02.283+0530][gc,metaspace] GC(287) Metaspace: 51063K(51776K)->51063K(51776K) NonClass: 45302K(45696K)->45302K(45696K) Class: 5760K(6080K)->5760K(6080K)
[2025-03-28T19:34:02.283+0530][gc          ] GC(287) Pause Young (Normal) (G1 Evacuation Pause) 371M->324M(1024M) 38.840ms
[2025-03-28T19:34:02.283+0530][gc,cpu      ] GC(287) User=0.01s Sys=0.00s Real=0.04s
[2025-03-28T19:34:03.550+0530][gc,start    ] GC(288) Pause Young (Normal) (G1 Evacuation Pause)
[2025-03-28T19:34:03.550+0530][gc,task     ] GC(288) Using 2 workers of 2 for evacuation
[2025-03-28T19:34:03.562+0530][gc,phases   ] GC(288)   Pre Evacuate Collection Set: 0.2ms
[2025-03-28T19:34:03.562+0530][gc,phases   ] GC(288)   Merge Heap Roots: 0.2ms
[2025-03-28T19:34:03.562+0530][gc,phases   ] GC(288)   Evacuate Collection Set: 10.3ms
[2025-03-28T19:34:03.562+0530][gc,phases   ] GC(288)   Post Evacuate Collection Set: 0.8ms
[2025-03-28T19:34:03.562+0530][gc,phases   ] GC(288)   Other: 0.1ms
[2025-03-28T19:34:03.562+0530][gc,heap     ] GC(288) Eden regions: 49->0(47)
[2025-03-28T19:34:03.562+0530][gc,heap     ] GC(288) Survivor regions: 2->4(7)
[2025-03-28T19:34:03.562+0530][gc,heap     ] GC(288) Old regions: 182->182
[2025-03-28T19:34:03.562+0530][gc,heap     ] GC(288) Archive regions: 2->2
[2025-03-28T19:34:03.562+0530][gc,heap     ] GC(288) Humongous regions: 140->138
[2025-03-28T19:34:03.562+0530][gc,metaspace] GC(288) Metaspace: 51079K(51776K)->51079K(51776K) NonClass: 45318K(45696K)->45318K(45696K) Class: 5760K(6080K)->5760K(6080K)
[2025-03-28T19:34:03.562+0530][gc          ] GC(288) Pause Young (Normal) (G1 Evacuation Pause) 373M->324M(1024M) 11.900ms
[2025-03-28T19:34:03.562+0530][gc,cpu      ] GC(288) User=0.01s Sys=0.00s Real=0.02s
[2025-03-28T19:34:03.670+0530][gc,start    ] GC(289) Pause Young (Normal) (G1 Evacuation Pause)
[2025-03-28T19:34:03.670+0530][gc,task     ] GC(289) Using 2 workers of 2 for evacuation
[2025-03-28T19:34:03.678+0530][gc,phases   ] GC(289)   Pre Evacuate Collection Set: 0.2ms
[2025-03-28T19:34:03.678+0530][gc,phases   ] GC(289)   Merge Heap Roots: 0.1ms
[2025-03-28T19:34:03.678+0530][gc,phases   ] GC(289)   Evacuate Collection Set: 7.0ms
[2025-03-28T19:34:03.678+0530][gc,phases   ] GC(289)   Post Evacuate Collection Set: 0.8ms
[2025-03-28T19:34:03.678+0530][gc,phases   ] GC(289)   Other: 0.2ms
[2025-03-28T19:34:03.678+0530][gc,heap     ] GC(289) Eden regions: 47->0(49)
[2025-03-28T19:34:03.678+0530][gc,heap     ] GC(289) Survivor regions: 4->2(7)
[2025-03-28T19:34:03.678+0530][gc,heap     ] GC(289) Old regions: 182->183
[2025-03-28T19:34:03.678+0530][gc,heap     ] GC(289) Archive regions: 2->2
[2025-03-28T19:34:03.678+0530][gc,heap     ] GC(289) Humongous regions: 140->140
[2025-03-28T19:34:03.678+0530][gc,metaspace] GC(289) Metaspace: 51079K(51776K)->51079K(51776K) NonClass: 45318K(45696K)->45318K(45696K) Class: 5760K(6080K)->5760K(6080K)
[2025-03-28T19:34:03.678+0530][gc          ] GC(289) Pause Young (Normal) (G1 Evacuation Pause) 373M->325M(1024M) 8.413ms
[2025-03-28T19:34:03.678+0530][gc,cpu      ] GC(289) User=0.00s Sys=0.00s Real=0.01s
[2025-03-28T19:34:12.455+0530][gc,start    ] GC(290) Pause Young (Normal) (G1 Evacuation Pause)
[2025-03-28T19:34:12.455+0530][gc,task     ] GC(290) Using 2 workers of 2 for evacuation
[2025-03-28T19:34:12.500+0530][gc,mmu      ] GC(290) MMU target violated: 21.0ms (20.0ms/21.0ms)
[2025-03-28T19:34:12.501+0530][gc,phases   ] GC(290)   Pre Evacuate Collection Set: 0.2ms
[2025-03-28T19:34:12.501+0530][gc,phases   ] GC(290)   Merge Heap Roots: 0.1ms
[2025-03-28T19:34:12.501+0530][gc,phases   ] GC(290)   Evacuate Collection Set: 30.3ms
[2025-03-28T19:34:12.501+0530][gc,phases   ] GC(290)   Post Evacuate Collection Set: 14.6ms
[2025-03-28T19:34:12.501+0530][gc,phases   ] GC(290)   Other: 0.2ms
[2025-03-28T19:34:12.501+0530][gc,heap     ] GC(290) Eden regions: 49->0(47)
[2025-03-28T19:34:12.501+0530][gc,heap     ] GC(290) Survivor regions: 2->4(7)
[2025-03-28T19:34:12.501+0530][gc,heap     ] GC(290) Old regions: 183->183
[2025-03-28T19:34:12.501+0530][gc,heap     ] GC(290) Archive regions: 2->2
[2025-03-28T19:34:12.501+0530][gc,heap     ] GC(290) Humongous regions: 143->138
[2025-03-28T19:34:12.501+0530][gc,metaspace] GC(290) Metaspace: 51085K(51776K)->51085K(51776K) NonClass: 45324K(45696K)->45324K(45696K) Class: 5760K(6080K)->5760K(6080K)
[2025-03-28T19:34:12.501+0530][gc          ] GC(290) Pause Young (Normal) (G1 Evacuation Pause) 377M->324M(1024M) 45.576ms
[2025-03-28T19:34:12.501+0530][gc,cpu      ] GC(290) User=0.00s Sys=0.01s Real=0.05s
[2025-03-28T19:34:12.840+0530][gc,start    ] GC(291) Pause Young (Normal) (G1 Evacuation Pause)
[2025-03-28T19:34:12.840+0530][gc,task     ] GC(291) Using 2 workers of 2 for evacuation
[2025-03-28T19:34:12.845+0530][gc,phases   ] GC(291)   Pre Evacuate Collection Set: 0.3ms
[2025-03-28T19:34:12.846+0530][gc,phases   ] GC(291)   Merge Heap Roots: 0.1ms
[2025-03-28T19:34:12.846+0530][gc,phases   ] GC(291)   Evacuate Collection Set: 4.3ms
[2025-03-28T19:34:12.846+0530][gc,phases   ] GC(291)   Post Evacuate Collection Set: 0.4ms
[2025-03-28T19:34:12.846+0530][gc,phases   ] GC(291)   Other: 2.8ms
[2025-03-28T19:34:12.846+0530][gc,heap     ] GC(291) Eden regions: 47->0(48)
[2025-03-28T19:34:12.846+0530][gc,heap     ] GC(291) Survivor regions: 4->3(7)
[2025-03-28T19:34:12.846+0530][gc,heap     ] GC(291) Old regions: 183->183
[2025-03-28T19:34:12.846+0530][gc,heap     ] GC(291) Archive regions: 2->2
[2025-03-28T19:34:12.846+0530][gc,heap     ] GC(291) Humongous regions: 140->140
[2025-03-28T19:34:12.846+0530][gc,metaspace] GC(291) Metaspace: 51085K(51776K)->51085K(51776K) NonClass: 45324K(45696K)->45324K(45696K) Class: 5760K(6080K)->5760K(6080K)
[2025-03-28T19:34:12.846+0530][gc          ] GC(291) Pause Young (Normal) (G1 Evacuation Pause) 373M->325M(1024M) 5.302ms
[2025-03-28T19:34:12.846+0530][gc,cpu      ] GC(291) User=0.01s Sys=0.00s Real=0.00s
[2025-03-28T19:34:13.513+0530][gc,start    ] GC(292) Pause Young (Normal) (G1 Evacuation Pause)
[2025-03-28T19:34:13.513+0530][gc,task     ] GC(292) Using 2 workers of 2 for evacuation
[2025-03-28T19:34:13.525+0530][gc,phases   ] GC(292)   Pre Evacuate Collection Set: 0.2ms
[2025-03-28T19:34:13.525+0530][gc,phases   ] GC(292)   Merge Heap Roots: 0.1ms
[2025-03-28T19:34:13.526+0530][gc,phases   ] GC(292)   Evacuate Collection Set: 11.4ms
[2025-03-28T19:34:13.526+0530][gc,phases   ] GC(292)   Post Evacuate Collection Set: 0.6ms
[2025-03-28T19:34:13.526+0530][gc,phases   ] GC(292)   Other: 0.1ms
[2025-03-28T19:34:13.526+0530][gc,heap     ] GC(292) Eden regions: 48->0(174)
[2025-03-28T19:34:13.526+0530][gc,heap     ] GC(292) Survivor regions: 3->3(7)
[2025-03-28T19:34:13.526+0530][gc,heap     ] GC(292) Old regions: 183->183
[2025-03-28T19:34:13.526+0530][gc,heap     ] GC(292) Archive regions: 2->2
[2025-03-28T19:34:13.526+0530][gc,heap     ] GC(292) Humongous regions: 140->138
[2025-03-28T19:34:13.526+0530][gc,metaspace] GC(292) Metaspace: 51085K(51776K)->51085K(51776K) NonClass: 45324K(45696K)->45324K(45696K) Class: 5760K(6080K)->5760K(6080K)
[2025-03-28T19:34:13.526+0530][gc          ] GC(292) Pause Young (Normal) (G1 Evacuation Pause) 373M->323M(1024M) 12.570ms
[2025-03-28T19:34:13.526+0530][gc,cpu      ] GC(292) User=0.01s Sys=0.00s Real=0.02s
[2025-03-28T19:34:22.456+0530][gc,start    ] GC(293) Pause Young (Normal) (G1 Evacuation Pause)
[2025-03-28T19:34:22.456+0530][gc,task     ] GC(293) Using 2 workers of 2 for evacuation
[2025-03-28T19:34:22.477+0530][gc,mmu      ] GC(293) MMU target violated: 21.0ms (20.0ms/21.0ms)
[2025-03-28T19:34:22.477+0530][gc,phases   ] GC(293)   Pre Evacuate Collection Set: 0.2ms
[2025-03-28T19:34:22.477+0530][gc,phases   ] GC(293)   Merge Heap Roots: 0.1ms
[2025-03-28T19:34:22.477+0530][gc,phases   ] GC(293)   Evacuate Collection Set: 20.1ms
[2025-03-28T19:34:22.477+0530][gc,phases   ] GC(293)   Post Evacuate Collection Set: 0.7ms
[2025-03-28T19:34:22.477+0530][gc,phases   ] GC(293)   Other: 0.3ms
[2025-03-28T19:34:22.477+0530][gc,heap     ] GC(293) Eden regions: 174->0(311)
[2025-03-28T19:34:22.477+0530][gc,heap     ] GC(293) Survivor regions: 3->3(23)
[2025-03-28T19:34:22.477+0530][gc,heap     ] GC(293) Old regions: 183->183
[2025-03-28T19:34:22.477+0530][gc,heap     ] GC(293) Archive regions: 2->2
[2025-03-28T19:34:22.477+0530][gc,heap     ] GC(293) Humongous regions: 142->140
[2025-03-28T19:34:22.477+0530][gc,metaspace] GC(293) Metaspace: 51092K(51776K)->51092K(51776K) NonClass: 45331K(45696K)->45331K(45696K) Class: 5760K(6080K)->5760K(6080K)
[2025-03-28T19:34:22.477+0530][gc          ] GC(293) Pause Young (Normal) (G1 Evacuation Pause) 501M->326M(1024M) 21.543ms
[2025-03-28T19:34:22.477+0530][gc,cpu      ] GC(293) User=0.01s Sys=0.00s Real=0.02s
[2025-03-28T19:34:24.756+0530][gc,start    ] GC(201) Pause Young (Normal) (G1 Evacuation Pause)
[2025-03-28T19:34:24.756+0530][gc,task     ] GC(201) Using 2 workers of 2 for evacuation
[2025-03-28T19:34:24.778+0530][gc,mmu      ] GC(201) MMU target violated: 21.0ms (20.0ms/21.0ms)
[2025-03-28T19:34:24.779+0530][gc,phases   ] GC(201)   Pre Evacuate Collection Set: 0.5ms
[2025-03-28T19:34:24.779+0530][gc,phases   ] GC(201)   Merge Heap Roots: 0.2ms
[2025-03-28T19:34:24.779+0530][gc,phases   ] GC(201)   Evacuate Collection Set: 20.4ms
[2025-03-28T19:34:24.779+0530][gc,phases   ] GC(201)   Post Evacuate Collection Set: 1.5ms
[2025-03-28T19:34:24.779+0530][gc,phases   ] GC(201)   Other: 0.2ms
[2025-03-28T19:34:24.779+0530][gc,heap     ] GC(201) Eden regions: 611->0(611)
[2025-03-28T19:34:24.779+0530][gc,heap     ] GC(201) Survivor regions: 3->3(77)
[2025-03-28T19:34:24.779+0530][gc,heap     ] GC(201) Old regions: 90->90
[2025-03-28T19:34:24.779+0530][gc,heap     ] GC(201) Archive regions: 2->2
[2025-03-28T19:34:24.779+0530][gc,heap     ] GC(201) Humongous regions: 164->149
[2025-03-28T19:34:24.779+0530][gc,metaspace] GC(201) Metaspace: 50350K(50944K)->50350K(50944K) NonClass: 44660K(44992K)->44660K(44992K) Class: 5689K(5952K)->5689K(5952K)
[2025-03-28T19:34:24.779+0530][gc          ] GC(201) Pause Young (Normal) (G1 Evacuation Pause) 868M->242M(1024M) 22.826ms
[2025-03-28T19:34:24.779+0530][gc,cpu      ] GC(201) User=0.02s Sys=0.01s Real=0.03s
[2025-03-28T19:34:33.694+0530][gc,start    ] GC(294) Pause Young (Normal) (G1 Evacuation Pause)
[2025-03-28T19:34:33.695+0530][gc,task     ] GC(294) Using 2 workers of 2 for evacuation
[2025-03-28T19:34:33.716+0530][gc,mmu      ] GC(294) MMU target violated: 21.0ms (20.0ms/21.0ms)
[2025-03-28T19:34:33.716+0530][gc,phases   ] GC(294)   Pre Evacuate Collection Set: 0.3ms
[2025-03-28T19:34:33.716+0530][gc,phases   ] GC(294)   Merge Heap Roots: 0.1ms
[2025-03-28T19:34:33.716+0530][gc,phases   ] GC(294)   Evacuate Collection Set: 19.6ms
[2025-03-28T19:34:33.716+0530][gc,phases   ] GC(294)   Post Evacuate Collection Set: 1.2ms
[2025-03-28T19:34:33.716+0530][gc,phases   ] GC(294)   Other: 0.2ms
[2025-03-28T19:34:33.716+0530][gc,heap     ] GC(294) Eden regions: 311->0(94)
[2025-03-28T19:34:33.716+0530][gc,heap     ] GC(294) Survivor regions: 3->3(40)
[2025-03-28T19:34:33.716+0530][gc,heap     ] GC(294) Old regions: 183->183
[2025-03-28T19:34:33.716+0530][gc,heap     ] GC(294) Archive regions: 2->2
[2025-03-28T19:34:33.716+0530][gc,heap     ] GC(294) Humongous regions: 146->140
[2025-03-28T19:34:33.716+0530][gc,metaspace] GC(294) Metaspace: 51094K(51776K)->51094K(51776K) NonClass: 45333K(45696K)->45333K(45696K) Class: 5760K(6080K)->5760K(6080K)
[2025-03-28T19:34:33.716+0530][gc          ] GC(294) Pause Young (Normal) (G1 Evacuation Pause) 643M->326M(1024M) 21.464ms
[2025-03-28T19:34:33.716+0530][gc,cpu      ] GC(294) User=0.01s Sys=0.00s Real=0.03s
[2025-03-28T19:34:42.539+0530][gc,start    ] GC(295) Pause Young (Normal) (G1 Evacuation Pause)
[2025-03-28T19:34:42.539+0530][gc,task     ] GC(295) Using 2 workers of 2 for evacuation
[2025-03-28T19:34:42.560+0530][gc,mmu      ] GC(295) MMU target violated: 20.9ms (20.0ms/21.0ms)
[2025-03-28T19:34:42.560+0530][gc,phases   ] GC(295)   Pre Evacuate Collection Set: 0.3ms
[2025-03-28T19:34:42.560+0530][gc,phases   ] GC(295)   Merge Heap Roots: 0.2ms
[2025-03-28T19:34:42.560+0530][gc,phases   ] GC(295)   Evacuate Collection Set: 11.4ms
[2025-03-28T19:34:42.560+0530][gc,phases   ] GC(295)   Post Evacuate Collection Set: 9.0ms
[2025-03-28T19:34:42.560+0530][gc,phases   ] GC(295)   Other: 0.2ms
[2025-03-28T19:34:42.560+0530][gc,heap     ] GC(295) Eden regions: 94->0(111)
[2025-03-28T19:34:42.560+0530][gc,heap     ] GC(295) Survivor regions: 3->3(13)
[2025-03-28T19:34:42.560+0530][gc,heap     ] GC(295) Old regions: 183->183
[2025-03-28T19:34:42.560+0530][gc,heap     ] GC(295) Archive regions: 2->2
[2025-03-28T19:34:42.560+0530][gc,heap     ] GC(295) Humongous regions: 142->140
[2025-03-28T19:34:42.560+0530][gc,metaspace] GC(295) Metaspace: 51098K(51776K)->51098K(51776K) NonClass: 45337K(45696K)->45337K(45696K) Class: 5760K(6080K)->5760K(6080K)
[2025-03-28T19:34:42.567+0530][gc          ] GC(295) Pause Young (Normal) (G1 Evacuation Pause) 422M->326M(1024M) 27.563ms
[2025-03-28T19:34:42.567+0530][gc,cpu      ] GC(295) User=0.01s Sys=0.00s Real=0.02s
[2025-03-28T19:34:43.647+0530][gc,start    ] GC(296) Pause Young (Normal) (G1 Evacuation Pause)
[2025-03-28T19:34:43.647+0530][gc,task     ] GC(296) Using 2 workers of 2 for evacuation
[2025-03-28T19:34:43.657+0530][gc,phases   ] GC(296)   Pre Evacuate Collection Set: 0.2ms
[2025-03-28T19:34:43.657+0530][gc,phases   ] GC(296)   Merge Heap Roots: 0.1ms
[2025-03-28T19:34:43.657+0530][gc,phases   ] GC(296)   Evacuate Collection Set: 9.1ms
[2025-03-28T19:34:43.657+0530][gc,phases   ] GC(296)   Post Evacuate Collection Set: 0.5ms
[2025-03-28T19:34:43.657+0530][gc,phases   ] GC(296)   Other: 0.1ms
[2025-03-28T19:34:43.657+0530][gc,heap     ] GC(296) Eden regions: 111->0(309)
[2025-03-28T19:34:43.657+0530][gc,heap     ] GC(296) Survivor regions: 3->3(15)
[2025-03-28T19:34:43.657+0530][gc,heap     ] GC(296) Old regions: 183->183
[2025-03-28T19:34:43.657+0530][gc,heap     ] GC(296) Archive regions: 2->2
[2025-03-28T19:34:43.657+0530][gc,heap     ] GC(296) Humongous regions: 142->140
[2025-03-28T19:34:43.657+0530][gc,metaspace] GC(296) Metaspace: 51098K(51776K)->51098K(51776K) NonClass: 45337K(45696K)->45337K(45696K) Class: 5760K(6080K)->5760K(6080K)
[2025-03-28T19:34:43.657+0530][gc          ] GC(296) Pause Young (Normal) (G1 Evacuation Pause) 439M->326M(1024M) 10.172ms
[2025-03-28T19:34:43.657+0530][gc,cpu      ] GC(296) User=0.01s Sys=0.00s Real=0.01s
[2025-03-28T19:34:54.790+0530][gc,start    ] GC(202) Pause Young (Normal) (G1 Evacuation Pause)
[2025-03-28T19:34:54.790+0530][gc,task     ] GC(202) Using 2 workers of 2 for evacuation
[2025-03-28T19:34:54.798+0530][gc,phases   ] GC(202)   Pre Evacuate Collection Set: 0.2ms
[2025-03-28T19:34:54.798+0530][gc,phases   ] GC(202)   Merge Heap Roots: 0.2ms
[2025-03-28T19:34:54.798+0530][gc,phases   ] GC(202)   Evacuate Collection Set: 6.5ms
[2025-03-28T19:34:54.798+0530][gc,phases   ] GC(202)   Post Evacuate Collection Set: 0.9ms
[2025-03-28T19:34:54.798+0530][gc,phases   ] GC(202)   Other: 0.2ms
[2025-03-28T19:34:54.798+0530][gc,heap     ] GC(202) Eden regions: 611->0(611)
[2025-03-28T19:34:54.798+0530][gc,heap     ] GC(202) Survivor regions: 3->3(77)
[2025-03-28T19:34:54.798+0530][gc,heap     ] GC(202) Old regions: 90->90
[2025-03-28T19:34:54.798+0530][gc,heap     ] GC(202) Archive regions: 2->2
[2025-03-28T19:34:54.798+0530][gc,heap     ] GC(202) Humongous regions: 161->149
[2025-03-28T19:34:54.798+0530][gc,metaspace] GC(202) Metaspace: 50377K(51008K)->50377K(51008K) NonClass: 44687K(45056K)->44687K(45056K) Class: 5689K(5952K)->5689K(5952K)
[2025-03-28T19:34:54.798+0530][gc          ] GC(202) Pause Young (Normal) (G1 Evacuation Pause) 865M->242M(1024M) 8.103ms
[2025-03-28T19:34:54.798+0530][gc,cpu      ] GC(202) User=0.00s Sys=0.01s Real=0.01s
[2025-03-28T19:35:02.248+0530][gc,start    ] GC(297) Pause Young (Normal) (G1 Evacuation Pause)
[2025-03-28T19:35:02.248+0530][gc,task     ] GC(297) Using 2 workers of 2 for evacuation
[2025-03-28T19:35:02.291+0530][gc,mmu      ] GC(297) MMU target violated: 21.0ms (20.0ms/21.0ms)
[2025-03-28T19:35:02.291+0530][gc,phases   ] GC(297)   Pre Evacuate Collection Set: 17.7ms
[2025-03-28T19:35:02.291+0530][gc,phases   ] GC(297)   Merge Heap Roots: 0.3ms
[2025-03-28T19:35:02.291+0530][gc,phases   ] GC(297)   Evacuate Collection Set: 24.2ms
[2025-03-28T19:35:02.291+0530][gc,phases   ] GC(297)   Post Evacuate Collection Set: 0.6ms
[2025-03-28T19:35:02.291+0530][gc,phases   ] GC(297)   Other: 0.2ms
[2025-03-28T19:35:02.291+0530][gc,heap     ] GC(297) Eden regions: 292->0(47)
[2025-03-28T19:35:02.291+0530][gc,heap     ] GC(297) Survivor regions: 3->4(37)
[2025-03-28T19:35:02.291+0530][gc,heap     ] GC(297) Old regions: 183->183
[2025-03-28T19:35:02.291+0530][gc,heap     ] GC(297) Archive regions: 2->2
[2025-03-28T19:35:02.291+0530][gc,heap     ] GC(297) Humongous regions: 146->140
[2025-03-28T19:35:02.291+0530][gc,metaspace] GC(297) Metaspace: 51128K(51840K)->51128K(51840K) NonClass: 45367K(45760K)->45367K(45760K) Class: 5760K(6080K)->5760K(6080K)
[2025-03-28T19:35:02.291+0530][gc          ] GC(297) Pause Young (Normal) (G1 Evacuation Pause) 624M->326M(1024M) 42.976ms
[2025-03-28T19:35:02.291+0530][gc,cpu      ] GC(297) User=0.01s Sys=0.00s Real=0.03s
[2025-03-28T19:35:03.524+0530][gc,start    ] GC(298) Pause Young (Normal) (G1 Evacuation Pause)
[2025-03-28T19:35:03.524+0530][gc,task     ] GC(298) Using 2 workers of 2 for evacuation
[2025-03-28T19:35:03.545+0530][gc,mmu      ] GC(298) MMU target violated: 21.0ms (20.0ms/21.0ms)
[2025-03-28T19:35:03.545+0530][gc,phases   ] GC(298)   Pre Evacuate Collection Set: 0.3ms
[2025-03-28T19:35:03.545+0530][gc,phases   ] GC(298)   Merge Heap Roots: 0.2ms
[2025-03-28T19:35:03.545+0530][gc,phases   ] GC(298)   Evacuate Collection Set: 19.5ms
[2025-03-28T19:35:03.545+0530][gc,phases   ] GC(298)   Post Evacuate Collection Set: 1.5ms
[2025-03-28T19:35:03.545+0530][gc,phases   ] GC(298)   Other: 0.3ms
[2025-03-28T19:35:03.545+0530][gc,heap     ] GC(298) Eden regions: 47->0(46)
[2025-03-28T19:35:03.545+0530][gc,heap     ] GC(298) Survivor regions: 4->5(7)
[2025-03-28T19:35:03.545+0530][gc,heap     ] GC(298) Old regions: 183->183
[2025-03-28T19:35:03.545+0530][gc,heap     ] GC(298) Archive regions: 2->2
[2025-03-28T19:35:03.545+0530][gc,heap     ] GC(298) Humongous regions: 140->138
[2025-03-28T19:35:03.545+0530][gc,metaspace] GC(298) Metaspace: 51128K(51840K)->51128K(51840K) NonClass: 45367K(45760K)->45367K(45760K) Class: 5760K(6080K)->5760K(6080K)
[2025-03-28T19:35:03.545+0530][gc          ] GC(298) Pause Young (Normal) (G1 Evacuation Pause) 373M->325M(1024M) 21.813ms
[2025-03-28T19:35:03.545+0530][gc,cpu      ] GC(298) User=0.01s Sys=0.00s Real=0.03s
[2025-03-28T19:35:03.663+0530][gc,start    ] GC(299) Pause Young (Normal) (G1 Evacuation Pause)
[2025-03-28T19:35:03.663+0530][gc,task     ] GC(299) Using 2 workers of 2 for evacuation
[2025-03-28T19:35:03.674+0530][gc,phases   ] GC(299)   Pre Evacuate Collection Set: 0.1ms
[2025-03-28T19:35:03.675+0530][gc,phases   ] GC(299)   Merge Heap Roots: 0.1ms
[2025-03-28T19:35:03.675+0530][gc,phases   ] GC(299)   Evacuate Collection Set: 10.0ms
[2025-03-28T19:35:03.675+0530][gc,phases   ] GC(299)   Post Evacuate Collection Set: 0.7ms
[2025-03-28T19:35:03.675+0530][gc,phases   ] GC(299)   Other: 0.3ms
[2025-03-28T19:35:03.675+0530][gc,heap     ] GC(299) Eden regions: 46->0(100)
[2025-03-28T19:35:03.675+0530][gc,heap     ] GC(299) Survivor regions: 5->2(7)
[2025-03-28T19:35:03.675+0530][gc,heap     ] GC(299) Old regions: 183->184
[2025-03-28T19:35:03.675+0530][gc,heap     ] GC(299) Archive regions: 2->2
[2025-03-28T19:35:03.675+0530][gc,heap     ] GC(299) Humongous regions: 140->140
[2025-03-28T19:35:03.675+0530][gc,metaspace] GC(299) Metaspace: 51128K(51840K)->51128K(51840K) NonClass: 45367K(45760K)->45367K(45760K) Class: 5760K(6080K)->5760K(6080K)
[2025-03-28T19:35:03.675+0530][gc          ] GC(299) Pause Young (Normal) (G1 Evacuation Pause) 373M->326M(1024M) 11.339ms
[2025-03-28T19:35:03.675+0530][gc,cpu      ] GC(299) User=0.02s Sys=0.00s Real=0.02s
[2025-03-28T19:35:12.348+0530][gc,start    ] GC(300) Pause Young (Normal) (G1 Evacuation Pause)
[2025-03-28T19:35:12.349+0530][gc,task     ] GC(300) Using 2 workers of 2 for evacuation
[2025-03-28T19:35:12.379+0530][gc,mmu      ] GC(300) MMU target violated: 21.0ms (20.0ms/21.0ms)
[2025-03-28T19:35:12.379+0530][gc,phases   ] GC(300)   Pre Evacuate Collection Set: 0.5ms
[2025-03-28T19:35:12.379+0530][gc,phases   ] GC(300)   Merge Heap Roots: 0.2ms
[2025-03-28T19:35:12.379+0530][gc,phases   ] GC(300)   Evacuate Collection Set: 29.1ms
[2025-03-28T19:35:12.379+0530][gc,phases   ] GC(300)   Post Evacuate Collection Set: 0.6ms
[2025-03-28T19:35:12.379+0530][gc,phases   ] GC(300)   Other: 0.2ms
[2025-03-28T19:35:12.379+0530][gc,heap     ] GC(300) Eden regions: 100->0(215)
[2025-03-28T19:35:12.379+0530][gc,heap     ] GC(300) Survivor regions: 2->3(13)
[2025-03-28T19:35:12.379+0530][gc,heap     ] GC(300) Old regions: 184->184
[2025-03-28T19:35:12.379+0530][gc,heap     ] GC(300) Archive regions: 2->2
[2025-03-28T19:35:12.379+0530][gc,heap     ] GC(300) Humongous regions: 142->140
[2025-03-28T19:35:12.379+0530][gc,metaspace] GC(300) Metaspace: 51129K(51840K)->51129K(51840K) NonClass: 45368K(45760K)->45368K(45760K) Class: 5760K(6080K)->5760K(6080K)
[2025-03-28T19:35:12.379+0530][gc          ] GC(300) Pause Young (Normal) (G1 Evacuation Pause) 428M->327M(1024M) 30.618ms
[2025-03-28T19:35:12.379+0530][gc,cpu      ] GC(300) User=0.01s Sys=0.01s Real=0.03s
[2025-03-28T19:35:22.702+0530][gc,start    ] GC(301) Pause Young (Normal) (G1 Evacuation Pause)
[2025-03-28T19:35:22.703+0530][gc,task     ] GC(301) Using 2 workers of 2 for evacuation
[2025-03-28T19:35:22.715+0530][gc,phases   ] GC(301)   Pre Evacuate Collection Set: 4.6ms
[2025-03-28T19:35:22.715+0530][gc,phases   ] GC(301)   Merge Heap Roots: 0.1ms
[2025-03-28T19:35:22.715+0530][gc,phases   ] GC(301)   Evacuate Collection Set: 4.8ms
[2025-03-28T19:35:22.715+0530][gc,phases   ] GC(301)   Post Evacuate Collection Set: 3.0ms
[2025-03-28T19:35:22.715+0530][gc,phases   ] GC(301)   Other: 0.1ms
[2025-03-28T19:35:22.715+0530][gc,heap     ] GC(301) Eden regions: 215->0(287)
[2025-03-28T19:35:22.715+0530][gc,heap     ] GC(301) Survivor regions: 3->3(28)
[2025-03-28T19:35:22.715+0530][gc,heap     ] GC(301) Old regions: 184->184
[2025-03-28T19:35:22.715+0530][gc,heap     ] GC(301) Archive regions: 2->2
[2025-03-28T19:35:22.715+0530][gc,heap     ] GC(301) Humongous regions: 144->140
[2025-03-28T19:35:22.715+0530][gc,metaspace] GC(301) Metaspace: 51171K(51840K)->51171K(51840K) NonClass: 45410K(45760K)->45410K(45760K) Class: 5760K(6080K)->5760K(6080K)
[2025-03-28T19:35:22.715+0530][gc          ] GC(301) Pause Young (Normal) (G1 Evacuation Pause) 546M->327M(1024M) 12.720ms
[2025-03-28T19:35:22.715+0530][gc,cpu      ] GC(301) User=0.01s Sys=0.01s Real=0.02s
[2025-03-28T19:35:24.785+0530][gc,start    ] GC(203) Pause Young (Normal) (G1 Evacuation Pause)
[2025-03-28T19:35:24.785+0530][gc,task     ] GC(203) Using 2 workers of 2 for evacuation
[2025-03-28T19:35:24.795+0530][gc,phases   ] GC(203)   Pre Evacuate Collection Set: 0.3ms
[2025-03-28T19:35:24.795+0530][gc,phases   ] GC(203)   Merge Heap Roots: 0.2ms
[2025-03-28T19:35:24.795+0530][gc,phases   ] GC(203)   Evacuate Collection Set: 8.6ms
[2025-03-28T19:35:24.795+0530][gc,phases   ] GC(203)   Post Evacuate Collection Set: 1.3ms
[2025-03-28T19:35:24.795+0530][gc,phases   ] GC(203)   Other: 0.2ms
[2025-03-28T19:35:24.795+0530][gc,heap     ] GC(203) Eden regions: 611->0(611)
[2025-03-28T19:35:24.795+0530][gc,heap     ] GC(203) Survivor regions: 3->3(77)
[2025-03-28T19:35:24.795+0530][gc,heap     ] GC(203) Old regions: 90->90
[2025-03-28T19:35:24.795+0530][gc,heap     ] GC(203) Archive regions: 2->2
[2025-03-28T19:35:24.795+0530][gc,heap     ] GC(203) Humongous regions: 161->149
[2025-03-28T19:35:24.795+0530][gc,metaspace] GC(203) Metaspace: 50399K(51008K)->50399K(51008K) NonClass: 44709K(45056K)->44709K(45056K) Class: 5690K(5952K)->5690K(5952K)
[2025-03-28T19:35:24.795+0530][gc          ] GC(203) Pause Young (Normal) (G1 Evacuation Pause) 865M->242M(1024M) 10.607ms
[2025-03-28T19:35:24.795+0530][gc,cpu      ] GC(203) User=0.01s Sys=0.00s Real=0.02s
[2025-03-28T19:35:33.654+0530][gc,start    ] GC(302) Pause Young (Normal) (G1 Evacuation Pause)
[2025-03-28T19:35:33.654+0530][gc,task     ] GC(302) Using 2 workers of 2 for evacuation
[2025-03-28T19:35:33.664+0530][gc,phases   ] GC(302)   Pre Evacuate Collection Set: 0.2ms
[2025-03-28T19:35:33.664+0530][gc,phases   ] GC(302)   Merge Heap Roots: 0.2ms
[2025-03-28T19:35:33.664+0530][gc,phases   ] GC(302)   Evacuate Collection Set: 7.6ms
[2025-03-28T19:35:33.664+0530][gc,phases   ] GC(302)   Post Evacuate Collection Set: 1.0ms
[2025-03-28T19:35:33.664+0530][gc,phases   ] GC(302)   Other: 0.2ms
[2025-03-28T19:35:33.664+0530][gc,heap     ] GC(302) Eden regions: 287->0(437)
[2025-03-28T19:35:33.664+0530][gc,heap     ] GC(302) Survivor regions: 3->3(37)
[2025-03-28T19:35:33.664+0530][gc,heap     ] GC(302) Old regions: 184->184
[2025-03-28T19:35:33.664+0530][gc,heap     ] GC(302) Archive regions: 2->2
[2025-03-28T19:35:33.664+0530][gc,heap     ] GC(302) Humongous regions: 146->140
[2025-03-28T19:35:33.664+0530][gc,metaspace] GC(302) Metaspace: 51174K(51840K)->51174K(51840K) NonClass: 45413K(45760K)->45413K(45760K) Class: 5760K(6080K)->5760K(6080K)
[2025-03-28T19:35:33.664+0530][gc          ] GC(302) Pause Young (Normal) (G1 Evacuation Pause) 620M->327M(1024M) 9.385ms
[2025-03-28T19:35:33.664+0530][gc,cpu      ] GC(302) User=0.01s Sys=0.00s Real=0.01s
[2025-03-28T19:35:53.702+0530][gc,start    ] GC(303) Pause Young (Normal) (G1 Evacuation Pause)
[2025-03-28T19:35:53.702+0530][gc,task     ] GC(303) Using 2 workers of 2 for evacuation
[2025-03-28T19:35:53.717+0530][gc,phases   ] GC(303)   Pre Evacuate Collection Set: 0.3ms
[2025-03-28T19:35:53.717+0530][gc,phases   ] GC(303)   Merge Heap Roots: 0.1ms
[2025-03-28T19:35:53.717+0530][gc,phases   ] GC(303)   Evacuate Collection Set: 7.5ms
[2025-03-28T19:35:53.717+0530][gc,phases   ] GC(303)   Post Evacuate Collection Set: 7.1ms
[2025-03-28T19:35:53.717+0530][gc,phases   ] GC(303)   Other: 0.3ms
[2025-03-28T19:35:53.717+0530][gc,heap     ] GC(303) Eden regions: 437->0(514)
[2025-03-28T19:35:53.717+0530][gc,heap     ] GC(303) Survivor regions: 3->3(55)
[2025-03-28T19:35:53.717+0530][gc,heap     ] GC(303) Old regions: 184->184
[2025-03-28T19:35:53.717+0530][gc,heap     ] GC(303) Archive regions: 2->2
[2025-03-28T19:35:53.717+0530][gc,heap     ] GC(303) Humongous regions: 148->140
[2025-03-28T19:35:53.717+0530][gc,metaspace] GC(303) Metaspace: 51185K(51840K)->51185K(51840K) NonClass: 45424K(45760K)->45424K(45760K) Class: 5760K(6080K)->5760K(6080K)
[2025-03-28T19:35:53.717+0530][gc          ] GC(303) Pause Young (Normal) (G1 Evacuation Pause) 772M->327M(1024M) 15.503ms
[2025-03-28T19:35:53.717+0530][gc,cpu      ] GC(303) User=0.01s Sys=0.01s Real=0.02s
[2025-03-28T19:35:54.730+0530][gc,start    ] GC(204) Pause Young (Normal) (G1 Evacuation Pause)
[2025-03-28T19:35:54.730+0530][gc,task     ] GC(204) Using 2 workers of 2 for evacuation
[2025-03-28T19:35:54.745+0530][gc,phases   ] GC(204)   Pre Evacuate Collection Set: 0.3ms
[2025-03-28T19:35:54.745+0530][gc,phases   ] GC(204)   Merge Heap Roots: 0.2ms
[2025-03-28T19:35:54.745+0530][gc,phases   ] GC(204)   Evacuate Collection Set: 13.5ms
[2025-03-28T19:35:54.745+0530][gc,phases   ] GC(204)   Post Evacuate Collection Set: 0.8ms
[2025-03-28T19:35:54.745+0530][gc,phases   ] GC(204)   Other: 0.2ms
[2025-03-28T19:35:54.745+0530][gc,heap     ] GC(204) Eden regions: 611->0(611)
[2025-03-28T19:35:54.745+0530][gc,heap     ] GC(204) Survivor regions: 3->3(77)
[2025-03-28T19:35:54.745+0530][gc,heap     ] GC(204) Old regions: 90->90
[2025-03-28T19:35:54.745+0530][gc,heap     ] GC(204) Archive regions: 2->2
[2025-03-28T19:35:54.745+0530][gc,heap     ] GC(204) Humongous regions: 161->149
[2025-03-28T19:35:54.745+0530][gc,metaspace] GC(204) Metaspace: 50411K(51008K)->50411K(51008K) NonClass: 44720K(45056K)->44720K(45056K) Class: 5690K(5952K)->5690K(5952K)
[2025-03-28T19:35:54.745+0530][gc          ] GC(204) Pause Young (Normal) (G1 Evacuation Pause) 865M->242M(1024M) 15.072ms
[2025-03-28T19:35:54.745+0530][gc,cpu      ] GC(204) User=0.02s Sys=0.00s Real=0.02s
[2025-03-28T19:36:23.473+0530][gc,start    ] GC(304) Pause Young (Normal) (G1 Evacuation Pause)
[2025-03-28T19:36:23.769+0530][gc,task     ] GC(304) Using 2 workers of 2 for evacuation
[2025-03-28T19:36:24.126+0530][gc,mmu      ] GC(304) MMU target violated: 21.0ms (20.0ms/21.0ms)
[2025-03-28T19:36:24.126+0530][gc,phases   ] GC(304)   Pre Evacuate Collection Set: 0.3ms
[2025-03-28T19:36:24.126+0530][gc,phases   ] GC(304)   Merge Heap Roots: 1.3ms
[2025-03-28T19:36:24.126+0530][gc,phases   ] GC(304)   Evacuate Collection Set: 92.8ms
[2025-03-28T19:36:24.126+0530][gc,phases   ] GC(304)   Post Evacuate Collection Set: 262.5ms
[2025-03-28T19:36:24.126+0530][gc,phases   ] GC(304)   Other: 296.2ms
[2025-03-28T19:36:24.126+0530][gc,heap     ] GC(304) Eden regions: 514->0(49)
[2025-03-28T19:36:24.126+0530][gc,heap     ] GC(304) Survivor regions: 3->2(65)
[2025-03-28T19:36:24.126+0530][gc,heap     ] GC(304) Old regions: 184->184
[2025-03-28T19:36:24.126+0530][gc,heap     ] GC(304) Archive regions: 2->2
[2025-03-28T19:36:24.126+0530][gc,heap     ] GC(304) Humongous regions: 150->138
[2025-03-28T19:36:24.126+0530][gc,metaspace] GC(304) Metaspace: 51218K(51840K)->51218K(51840K) NonClass: 45457K(45760K)->45457K(45760K) Class: 5760K(6080K)->5760K(6080K)
[2025-03-28T19:36:24.126+0530][gc          ] GC(304) Pause Young (Normal) (G1 Evacuation Pause) 851M->323M(1024M) 653.254ms
[2025-03-28T19:36:24.126+0530][gc,cpu      ] GC(304) User=0.04s Sys=0.01s Real=0.66s
[2025-03-28T19:36:24.209+0530][gc,start    ] GC(305) Pause Young (Normal) (G1 Evacuation Pause)
[2025-03-28T19:36:24.209+0530][gc,task     ] GC(305) Using 2 workers of 2 for evacuation
[2025-03-28T19:36:24.223+0530][gc,phases   ] GC(305)   Pre Evacuate Collection Set: 0.2ms
[2025-03-28T19:36:24.224+0530][gc,phases   ] GC(305)   Merge Heap Roots: 0.2ms
[2025-03-28T19:36:24.224+0530][gc,phases   ] GC(305)   Evacuate Collection Set: 13.5ms
[2025-03-28T19:36:24.224+0530][gc,phases   ] GC(305)   Post Evacuate Collection Set: 0.6ms
[2025-03-28T19:36:24.224+0530][gc,phases   ] GC(305)   Other: 0.2ms
[2025-03-28T19:36:24.224+0530][gc,heap     ] GC(305) Eden regions: 49->0(44)
[2025-03-28T19:36:24.224+0530][gc,heap     ] GC(305) Survivor regions: 2->7(7)
[2025-03-28T19:36:24.224+0530][gc,heap     ] GC(305) Old regions: 184->184
[2025-03-28T19:36:24.224+0530][gc,heap     ] GC(305) Archive regions: 2->2
[2025-03-28T19:36:24.224+0530][gc,heap     ] GC(305) Humongous regions: 138->138
[2025-03-28T19:36:24.224+0530][gc,metaspace] GC(305) Metaspace: 51219K(51840K)->51219K(51840K) NonClass: 45458K(45760K)->45458K(45760K) Class: 5760K(6080K)->5760K(6080K)
[2025-03-28T19:36:24.224+0530][gc          ] GC(305) Pause Young (Normal) (G1 Evacuation Pause) 372M->329M(1024M) 14.644ms
[2025-03-28T19:36:24.224+0530][gc,cpu      ] GC(305) User=0.02s Sys=0.00s Real=0.01s
[2025-03-28T19:36:24.335+0530][gc,start    ] GC(306) Pause Young (Normal) (G1 Evacuation Pause)
[2025-03-28T19:36:24.335+0530][gc,task     ] GC(306) Using 2 workers of 2 for evacuation
[2025-03-28T19:36:24.344+0530][gc,phases   ] GC(306)   Pre Evacuate Collection Set: 0.2ms
[2025-03-28T19:36:24.344+0530][gc,phases   ] GC(306)   Merge Heap Roots: 0.1ms
[2025-03-28T19:36:24.344+0530][gc,phases   ] GC(306)   Evacuate Collection Set: 7.1ms
[2025-03-28T19:36:24.344+0530][gc,phases   ] GC(306)   Post Evacuate Collection Set: 1.1ms
[2025-03-28T19:36:24.344+0530][gc,phases   ] GC(306)   Other: 0.2ms
[2025-03-28T19:36:24.344+0530][gc,heap     ] GC(306) Eden regions: 44->0(49)
[2025-03-28T19:36:24.344+0530][gc,heap     ] GC(306) Survivor regions: 7->2(7)
[2025-03-28T19:36:24.344+0530][gc,heap     ] GC(306) Old regions: 184->186
[2025-03-28T19:36:24.344+0530][gc,heap     ] GC(306) Archive regions: 2->2
[2025-03-28T19:36:24.345+0530][gc,heap     ] GC(306) Humongous regions: 140->140
[2025-03-28T19:36:24.345+0530][gc,metaspace] GC(306) Metaspace: 51219K(51840K)->51219K(51840K) NonClass: 45458K(45760K)->45458K(45760K) Class: 5760K(6080K)->5760K(6080K)
[2025-03-28T19:36:24.345+0530][gc          ] GC(306) Pause Young (Normal) (G1 Evacuation Pause) 375M->328M(1024M) 9.197ms
[2025-03-28T19:36:24.345+0530][gc,cpu      ] GC(306) User=0.02s Sys=0.00s Real=0.00s
[2025-03-28T19:36:24.857+0530][gc,start    ] GC(205) Pause Young (Normal) (G1 Evacuation Pause)
[2025-03-28T19:36:24.857+0530][gc,task     ] GC(205) Using 2 workers of 2 for evacuation
[2025-03-28T19:36:24.868+0530][gc,phases   ] GC(205)   Pre Evacuate Collection Set: 0.3ms
[2025-03-28T19:36:24.868+0530][gc,phases   ] GC(205)   Merge Heap Roots: 0.2ms
[2025-03-28T19:36:24.868+0530][gc,phases   ] GC(205)   Evacuate Collection Set: 6.6ms
[2025-03-28T19:36:24.868+0530][gc,phases   ] GC(205)   Post Evacuate Collection Set: 3.8ms
[2025-03-28T19:36:24.868+0530][gc,phases   ] GC(205)   Other: 0.2ms
[2025-03-28T19:36:24.868+0530][gc,heap     ] GC(205) Eden regions: 611->0(611)
[2025-03-28T19:36:24.868+0530][gc,heap     ] GC(205) Survivor regions: 3->3(77)
[2025-03-28T19:36:24.868+0530][gc,heap     ] GC(205) Old regions: 90->90
[2025-03-28T19:36:24.868+0530][gc,heap     ] GC(205) Archive regions: 2->2
[2025-03-28T19:36:24.868+0530][gc,heap     ] GC(205) Humongous regions: 161->149
[2025-03-28T19:36:24.868+0530][gc,metaspace] GC(205) Metaspace: 50444K(51008K)->50444K(51008K) NonClass: 44753K(45056K)->44753K(45056K) Class: 5690K(5952K)->5690K(5952K)
[2025-03-28T19:36:24.868+0530][gc          ] GC(205) Pause Young (Normal) (G1 Evacuation Pause) 865M->242M(1024M) 11.177ms
[2025-03-28T19:36:24.868+0530][gc,cpu      ] GC(205) User=0.01s Sys=0.00s Real=0.01s
[2025-03-28T19:36:33.040+0530][gc,start    ] GC(307) Pause Young (Normal) (G1 Evacuation Pause)
[2025-03-28T19:36:33.069+0530][gc,task     ] GC(307) Using 2 workers of 2 for evacuation
[2025-03-28T19:36:33.083+0530][gc,phases   ] GC(307)   Pre Evacuate Collection Set: 0.4ms
[2025-03-28T19:36:33.083+0530][gc,phases   ] GC(307)   Merge Heap Roots: 0.1ms
[2025-03-28T19:36:33.083+0530][gc,phases   ] GC(307)   Evacuate Collection Set: 13.6ms
[2025-03-28T19:36:33.083+0530][gc,phases   ] GC(307)   Post Evacuate Collection Set: 0.5ms
[2025-03-28T19:36:33.083+0530][gc,phases   ] GC(307)   Other: 28.3ms
[2025-03-28T19:36:33.083+0530][gc,heap     ] GC(307) Eden regions: 49->0(45)
[2025-03-28T19:36:33.083+0530][gc,heap     ] GC(307) Survivor regions: 2->6(7)
[2025-03-28T19:36:33.083+0530][gc,heap     ] GC(307) Old regions: 186->186
[2025-03-28T19:36:33.083+0530][gc,heap     ] GC(307) Archive regions: 2->2
[2025-03-28T19:36:33.083+0530][gc,heap     ] GC(307) Humongous regions: 140->138
[2025-03-28T19:36:33.083+0530][gc,metaspace] GC(307) Metaspace: 51233K(51840K)->51233K(51840K) NonClass: 45472K(45760K)->45472K(45760K) Class: 5760K(6080K)->5760K(6080K)
[2025-03-28T19:36:33.083+0530][gc          ] GC(307) Pause Young (Normal) (G1 Evacuation Pause) 377M->329M(1024M) 43.011ms
[2025-03-28T19:36:33.083+0530][gc,cpu      ] GC(307) User=0.00s Sys=0.01s Real=0.04s
[2025-03-28T19:36:33.282+0530][gc,start    ] GC(308) Pause Young (Normal) (G1 Evacuation Pause)
[2025-03-28T19:36:33.282+0530][gc,task     ] GC(308) Using 2 workers of 2 for evacuation
[2025-03-28T19:36:33.322+0530][gc,mmu      ] GC(308) MMU target violated: 21.0ms (20.0ms/21.0ms)
[2025-03-28T19:36:33.322+0530][gc,phases   ] GC(308)   Pre Evacuate Collection Set: 0.2ms
[2025-03-28T19:36:33.322+0530][gc,phases   ] GC(308)   Merge Heap Roots: 0.1ms
[2025-03-28T19:36:33.322+0530][gc,phases   ] GC(308)   Evacuate Collection Set: 38.5ms
[2025-03-28T19:36:33.322+0530][gc,phases   ] GC(308)   Post Evacuate Collection Set: 0.4ms
[2025-03-28T19:36:33.322+0530][gc,phases   ] GC(308)   Other: 0.2ms
[2025-03-28T19:36:33.322+0530][gc,heap     ] GC(308) Eden regions: 45->0(49)
[2025-03-28T19:36:33.322+0530][gc,heap     ] GC(308) Survivor regions: 6->2(7)
[2025-03-28T19:36:33.322+0530][gc,heap     ] GC(308) Old regions: 186->187
[2025-03-28T19:36:33.322+0530][gc,heap     ] GC(308) Archive regions: 2->2
[2025-03-28T19:36:33.322+0530][gc,heap     ] GC(308) Humongous regions: 140->140
[2025-03-28T19:36:33.322+0530][gc,metaspace] GC(308) Metaspace: 51233K(51840K)->51233K(51840K) NonClass: 45472K(45760K)->45472K(45760K) Class: 5760K(6080K)->5760K(6080K)
[2025-03-28T19:36:33.322+0530][gc          ] GC(308) Pause Young (Normal) (G1 Evacuation Pause) 376M->329M(1024M) 39.563ms
[2025-03-28T19:36:33.322+0530][gc,cpu      ] GC(308) User=0.00s Sys=0.00s Real=0.04s
[2025-03-28T19:36:33.631+0530][gc,start    ] GC(309) Pause Young (Normal) (G1 Evacuation Pause)
[2025-03-28T19:36:33.631+0530][gc,task     ] GC(309) Using 2 workers of 2 for evacuation
[2025-03-28T19:36:33.656+0530][gc,mmu      ] GC(309) MMU target violated: 21.0ms (20.0ms/21.0ms)
[2025-03-28T19:36:33.656+0530][gc,phases   ] GC(309)   Pre Evacuate Collection Set: 6.9ms
[2025-03-28T19:36:33.656+0530][gc,phases   ] GC(309)   Merge Heap Roots: 0.1ms
[2025-03-28T19:36:33.656+0530][gc,phases   ] GC(309)   Evacuate Collection Set: 17.1ms
[2025-03-28T19:36:33.656+0530][gc,phases   ] GC(309)   Post Evacuate Collection Set: 0.6ms
[2025-03-28T19:36:33.656+0530][gc,phases   ] GC(309)   Other: 0.2ms
[2025-03-28T19:36:33.656+0530][gc,heap     ] GC(309) Eden regions: 49->0(47)
[2025-03-28T19:36:33.656+0530][gc,heap     ] GC(309) Survivor regions: 2->4(7)
[2025-03-28T19:36:33.656+0530][gc,heap     ] GC(309) Old regions: 187->187
[2025-03-28T19:36:33.656+0530][gc,heap     ] GC(309) Archive regions: 2->2
[2025-03-28T19:36:33.656+0530][gc,heap     ] GC(309) Humongous regions: 140->138
[2025-03-28T19:36:33.656+0530][gc,metaspace] GC(309) Metaspace: 51233K(51840K)->51233K(51840K) NonClass: 45472K(45760K)->45472K(45760K) Class: 5760K(6080K)->5760K(6080K)
[2025-03-28T19:36:33.656+0530][gc          ] GC(309) Pause Young (Normal) (G1 Evacuation Pause) 378M->329M(1024M) 25.017ms
[2025-03-28T19:36:33.656+0530][gc,cpu      ] GC(309) User=0.00s Sys=0.00s Real=0.03s
[2025-03-28T19:36:33.826+0530][gc,start    ] GC(310) Pause Young (Normal) (G1 Evacuation Pause)
[2025-03-28T19:36:33.826+0530][gc,task     ] GC(310) Using 2 workers of 2 for evacuation
[2025-03-28T19:36:33.856+0530][gc,mmu      ] GC(310) MMU target violated: 21.0ms (20.0ms/21.0ms)
[2025-03-28T19:36:33.856+0530][gc,phases   ] GC(310)   Pre Evacuate Collection Set: 0.2ms
[2025-03-28T19:36:33.856+0530][gc,phases   ] GC(310)   Merge Heap Roots: 0.1ms
[2025-03-28T19:36:33.856+0530][gc,phases   ] GC(310)   Evacuate Collection Set: 29.0ms
[2025-03-28T19:36:33.856+0530][gc,phases   ] GC(310)   Post Evacuate Collection Set: 0.4ms
[2025-03-28T19:36:33.856+0530][gc,phases   ] GC(310)   Other: 0.2ms
[2025-03-28T19:36:33.856+0530][gc,heap     ] GC(310) Eden regions: 47->0(49)
[2025-03-28T19:36:33.856+0530][gc,heap     ] GC(310) Survivor regions: 4->2(7)
[2025-03-28T19:36:33.856+0530][gc,heap     ] GC(310) Old regions: 187->188
[2025-03-28T19:36:33.856+0530][gc,heap     ] GC(310) Archive regions: 2->2
[2025-03-28T19:36:33.856+0530][gc,heap     ] GC(310) Humongous regions: 140->140
[2025-03-28T19:36:33.856+0530][gc,metaspace] GC(310) Metaspace: 51234K(51840K)->51234K(51840K) NonClass: 45473K(45760K)->45473K(45760K) Class: 5760K(6080K)->5760K(6080K)
[2025-03-28T19:36:33.856+0530][gc          ] GC(310) Pause Young (Normal) (G1 Evacuation Pause) 378M->330M(1024M) 29.918ms
[2025-03-28T19:36:33.856+0530][gc,cpu      ] GC(310) User=0.01s Sys=0.00s Real=0.03s
[2025-03-28T19:36:40.730+0530][gc,start    ] GC(311) Pause Young (Normal) (G1 Evacuation Pause)
[2025-03-28T19:36:40.730+0530][gc,task     ] GC(311) Using 2 workers of 2 for evacuation
[2025-03-28T19:36:40.756+0530][gc,mmu      ] GC(311) MMU target violated: 21.0ms (20.0ms/21.0ms)
[2025-03-28T19:36:40.756+0530][gc,phases   ] GC(311)   Pre Evacuate Collection Set: 0.2ms
[2025-03-28T19:36:40.756+0530][gc,phases   ] GC(311)   Merge Heap Roots: 0.1ms
[2025-03-28T19:36:40.756+0530][gc,phases   ] GC(311)   Evacuate Collection Set: 24.6ms
[2025-03-28T19:36:40.756+0530][gc,phases   ] GC(311)   Post Evacuate Collection Set: 0.7ms
[2025-03-28T19:36:40.756+0530][gc,phases   ] GC(311)   Other: 0.2ms
[2025-03-28T19:36:40.756+0530][gc,heap     ] GC(311) Eden regions: 49->0(47)
[2025-03-28T19:36:40.756+0530][gc,heap     ] GC(311) Survivor regions: 2->4(7)
[2025-03-28T19:36:40.756+0530][gc,heap     ] GC(311) Old regions: 188->188
[2025-03-28T19:36:40.756+0530][gc,heap     ] GC(311) Archive regions: 2->2
[2025-03-28T19:36:40.756+0530][gc,heap     ] GC(311) Humongous regions: 140->138
[2025-03-28T19:36:40.756+0530][gc,metaspace] GC(311) Metaspace: 51344K(52032K)->51344K(52032K) NonClass: 45551K(45952K)->45551K(45952K) Class: 5793K(6080K)->5793K(6080K)
[2025-03-28T19:36:40.756+0530][gc          ] GC(311) Pause Young (Normal) (G1 Evacuation Pause) 379M->329M(1024M) 25.924ms
[2025-03-28T19:36:40.756+0530][gc,cpu      ] GC(311) User=0.01s Sys=0.00s Real=0.03s
[2025-03-28T19:36:40.955+0530][gc,start    ] GC(312) Pause Young (Normal) (G1 Evacuation Pause)
[2025-03-28T19:36:40.955+0530][gc,task     ] GC(312) Using 2 workers of 2 for evacuation
[2025-03-28T19:36:40.974+0530][gc,phases   ] GC(312)   Pre Evacuate Collection Set: 0.2ms
[2025-03-28T19:36:40.974+0530][gc,phases   ] GC(312)   Merge Heap Roots: 0.1ms
[2025-03-28T19:36:40.974+0530][gc,phases   ] GC(312)   Evacuate Collection Set: 10.0ms
[2025-03-28T19:36:40.974+0530][gc,phases   ] GC(312)   Post Evacuate Collection Set: 8.2ms
[2025-03-28T19:36:40.974+0530][gc,phases   ] GC(312)   Other: 0.1ms
[2025-03-28T19:36:40.974+0530][gc,heap     ] GC(312) Eden regions: 47->0(48)
[2025-03-28T19:36:40.974+0530][gc,heap     ] GC(312) Survivor regions: 4->3(7)
[2025-03-28T19:36:40.974+0530][gc,heap     ] GC(312) Old regions: 188->188
[2025-03-28T19:36:40.974+0530][gc,heap     ] GC(312) Archive regions: 2->2
[2025-03-28T19:36:40.974+0530][gc,heap     ] GC(312) Humongous regions: 140->140
[2025-03-28T19:36:40.974+0530][gc,metaspace] GC(312) Metaspace: 51344K(52032K)->51344K(52032K) NonClass: 45551K(45952K)->45551K(45952K) Class: 5793K(6080K)->5793K(6080K)
[2025-03-28T19:36:40.974+0530][gc          ] GC(312) Pause Young (Normal) (G1 Evacuation Pause) 378M->330M(1024M) 18.740ms
[2025-03-28T19:36:40.974+0530][gc,cpu      ] GC(312) User=0.01s Sys=0.00s Real=0.01s
[2025-03-28T19:36:43.516+0530][gc,start    ] GC(313) Pause Young (Normal) (G1 Evacuation Pause)
[2025-03-28T19:36:43.516+0530][gc,task     ] GC(313) Using 2 workers of 2 for evacuation
[2025-03-28T19:36:43.528+0530][gc,phases   ] GC(313)   Pre Evacuate Collection Set: 0.4ms
[2025-03-28T19:36:43.528+0530][gc,phases   ] GC(313)   Merge Heap Roots: 0.2ms
[2025-03-28T19:36:43.528+0530][gc,phases   ] GC(313)   Evacuate Collection Set: 11.0ms
[2025-03-28T19:36:43.528+0530][gc,phases   ] GC(313)   Post Evacuate Collection Set: 0.6ms
[2025-03-28T19:36:43.528+0530][gc,phases   ] GC(313)   Other: 0.2ms
[2025-03-28T19:36:43.528+0530][gc,heap     ] GC(313) Eden regions: 48->0(48)
[2025-03-28T19:36:43.528+0530][gc,heap     ] GC(313) Survivor regions: 3->3(7)
[2025-03-28T19:36:43.528+0530][gc,heap     ] GC(313) Old regions: 188->188
[2025-03-28T19:36:43.528+0530][gc,heap     ] GC(313) Archive regions: 2->2
[2025-03-28T19:36:43.528+0530][gc,heap     ] GC(313) Humongous regions: 140->138
[2025-03-28T19:36:43.528+0530][gc,metaspace] GC(313) Metaspace: 51346K(52032K)->51346K(52032K) NonClass: 45553K(45952K)->45553K(45952K) Class: 5793K(6080K)->5793K(6080K)
[2025-03-28T19:36:43.528+0530][gc          ] GC(313) Pause Young (Normal) (G1 Evacuation Pause) 378M->328M(1024M) 12.463ms
[2025-03-28T19:36:43.528+0530][gc,cpu      ] GC(313) User=0.01s Sys=0.00s Real=0.01s
[2025-03-28T19:36:43.696+0530][gc,start    ] GC(314) Pause Young (Normal) (G1 Evacuation Pause)
[2025-03-28T19:36:43.696+0530][gc,task     ] GC(314) Using 2 workers of 2 for evacuation
[2025-03-28T19:36:43.702+0530][gc,phases   ] GC(314)   Pre Evacuate Collection Set: 0.2ms
[2025-03-28T19:36:43.702+0530][gc,phases   ] GC(314)   Merge Heap Roots: 0.1ms
[2025-03-28T19:36:43.702+0530][gc,phases   ] GC(314)   Evacuate Collection Set: 4.8ms
[2025-03-28T19:36:43.702+0530][gc,phases   ] GC(314)   Post Evacuate Collection Set: 0.5ms
[2025-03-28T19:36:43.702+0530][gc,phases   ] GC(314)   Other: 0.1ms
[2025-03-28T19:36:43.702+0530][gc,heap     ] GC(314) Eden regions: 48->0(48)
[2025-03-28T19:36:43.702+0530][gc,heap     ] GC(314) Survivor regions: 3->3(7)
[2025-03-28T19:36:43.702+0530][gc,heap     ] GC(314) Old regions: 188->188
[2025-03-28T19:36:43.702+0530][gc,heap     ] GC(314) Archive regions: 2->2
[2025-03-28T19:36:43.702+0530][gc,heap     ] GC(314) Humongous regions: 140->140
[2025-03-28T19:36:43.702+0530][gc,metaspace] GC(314) Metaspace: 51346K(52032K)->51346K(52032K) NonClass: 45553K(45952K)->45553K(45952K) Class: 5793K(6080K)->5793K(6080K)
[2025-03-28T19:36:43.704+0530][gc          ] GC(314) Pause Young (Normal) (G1 Evacuation Pause) 378M->331M(1024M) 8.481ms
[2025-03-28T19:36:43.705+0530][gc,cpu      ] GC(314) User=0.00s Sys=0.01s Real=0.00s
[2025-03-28T19:36:52.135+0530][gc,start    ] GC(315) Pause Young (Normal) (G1 Evacuation Pause)
[2025-03-28T19:36:52.136+0530][gc,task     ] GC(315) Using 2 workers of 2 for evacuation
[2025-03-28T19:36:52.142+0530][gc,phases   ] GC(315)   Pre Evacuate Collection Set: 0.2ms
[2025-03-28T19:36:52.142+0530][gc,phases   ] GC(315)   Merge Heap Roots: 0.1ms
[2025-03-28T19:36:52.142+0530][gc,phases   ] GC(315)   Evacuate Collection Set: 5.2ms
[2025-03-28T19:36:52.142+0530][gc,phases   ] GC(315)   Post Evacuate Collection Set: 0.5ms
[2025-03-28T19:36:52.142+0530][gc,phases   ] GC(315)   Other: 0.1ms
[2025-03-28T19:36:52.142+0530][gc,heap     ] GC(315) Eden regions: 48->0(49)
[2025-03-28T19:36:52.142+0530][gc,heap     ] GC(315) Survivor regions: 3->2(7)
[2025-03-28T19:36:52.142+0530][gc,heap     ] GC(315) Old regions: 188->188
[2025-03-28T19:36:52.142+0530][gc,heap     ] GC(315) Archive regions: 2->2
[2025-03-28T19:36:52.142+0530][gc,heap     ] GC(315) Humongous regions: 143->138
[2025-03-28T19:36:52.142+0530][gc,metaspace] GC(315) Metaspace: 51346K(52032K)->51346K(52032K) NonClass: 45553K(45952K)->45553K(45952K) Class: 5793K(6080K)->5793K(6080K)
[2025-03-28T19:36:52.142+0530][gc          ] GC(315) Pause Young (Normal) (G1 Evacuation Pause) 382M->328M(1024M) 6.292ms
[2025-03-28T19:36:52.142+0530][gc,cpu      ] GC(315) User=0.00s Sys=0.00s Real=0.01s
[2025-03-28T19:36:52.280+0530][gc,start    ] GC(316) Pause Young (Normal) (G1 Evacuation Pause)
[2025-03-28T19:36:52.280+0530][gc,task     ] GC(316) Using 2 workers of 2 for evacuation
[2025-03-28T19:36:52.297+0530][gc,phases   ] GC(316)   Pre Evacuate Collection Set: 0.3ms
[2025-03-28T19:36:52.297+0530][gc,phases   ] GC(316)   Merge Heap Roots: 0.1ms
[2025-03-28T19:36:52.297+0530][gc,phases   ] GC(316)   Evacuate Collection Set: 16.2ms
[2025-03-28T19:36:52.297+0530][gc,phases   ] GC(316)   Post Evacuate Collection Set: 0.8ms
[2025-03-28T19:36:52.298+0530][gc,phases   ] GC(316)   Other: 0.2ms
[2025-03-28T19:36:52.298+0530][gc,heap     ] GC(316) Eden regions: 49->0(44)
[2025-03-28T19:36:52.298+0530][gc,heap     ] GC(316) Survivor regions: 2->7(7)
[2025-03-28T19:36:52.298+0530][gc,heap     ] GC(316) Old regions: 188->188
[2025-03-28T19:36:52.298+0530][gc,heap     ] GC(316) Archive regions: 2->2
[2025-03-28T19:36:52.298+0530][gc,heap     ] GC(316) Humongous regions: 138->138
[2025-03-28T19:36:52.298+0530][gc,metaspace] GC(316) Metaspace: 51346K(52032K)->51346K(52032K) NonClass: 45553K(45952K)->45553K(45952K) Class: 5793K(6080K)->5793K(6080K)
[2025-03-28T19:36:52.298+0530][gc          ] GC(316) Pause Young (Normal) (G1 Evacuation Pause) 377M->333M(1024M) 17.732ms
[2025-03-28T19:36:52.298+0530][gc,cpu      ] GC(316) User=0.02s Sys=0.00s Real=0.02s
[2025-03-28T19:36:52.365+0530][gc,start    ] GC(317) Pause Young (Normal) (G1 Evacuation Pause)
[2025-03-28T19:36:52.365+0530][gc,task     ] GC(317) Using 2 workers of 2 for evacuation
[2025-03-28T19:36:52.380+0530][gc,phases   ] GC(317)   Pre Evacuate Collection Set: 0.2ms
[2025-03-28T19:36:52.380+0530][gc,phases   ] GC(317)   Merge Heap Roots: 0.1ms
[2025-03-28T19:36:52.380+0530][gc,phases   ] GC(317)   Evacuate Collection Set: 15.1ms
[2025-03-28T19:36:52.380+0530][gc,phases   ] GC(317)   Post Evacuate Collection Set: 0.4ms
[2025-03-28T19:36:52.380+0530][gc,phases   ] GC(317)   Other: 0.1ms
[2025-03-28T19:36:52.380+0530][gc,heap     ] GC(317) Eden regions: 44->0(50)
[2025-03-28T19:36:52.381+0530][gc,heap     ] GC(317) Survivor regions: 7->1(7)
[2025-03-28T19:36:52.381+0530][gc,heap     ] GC(317) Old regions: 188->195
[2025-03-28T19:36:52.381+0530][gc,heap     ] GC(317) Archive regions: 2->2
[2025-03-28T19:36:52.381+0530][gc,heap     ] GC(317) Humongous regions: 140->140
[2025-03-28T19:36:52.381+0530][gc,metaspace] GC(317) Metaspace: 51346K(52032K)->51346K(52032K) NonClass: 45553K(45952K)->45553K(45952K) Class: 5793K(6080K)->5793K(6080K)
[2025-03-28T19:36:52.381+0530][gc          ] GC(317) Pause Young (Normal) (G1 Evacuation Pause) 379M->336M(1024M) 16.067ms
[2025-03-28T19:36:52.381+0530][gc,cpu      ] GC(317) User=0.01s Sys=0.00s Real=0.02s
[2025-03-28T19:36:53.523+0530][gc,start    ] GC(318) Pause Young (Normal) (G1 Evacuation Pause)
[2025-03-28T19:36:53.523+0530][gc,task     ] GC(318) Using 2 workers of 2 for evacuation
[2025-03-28T19:36:53.540+0530][gc,phases   ] GC(318)   Pre Evacuate Collection Set: 0.2ms
[2025-03-28T19:36:53.540+0530][gc,phases   ] GC(318)   Merge Heap Roots: 0.1ms
[2025-03-28T19:36:53.540+0530][gc,phases   ] GC(318)   Evacuate Collection Set: 16.4ms
[2025-03-28T19:36:53.540+0530][gc,phases   ] GC(318)   Post Evacuate Collection Set: 0.5ms
[2025-03-28T19:36:53.540+0530][gc,phases   ] GC(318)   Other: 0.1ms
[2025-03-28T19:36:53.540+0530][gc,heap     ] GC(318) Eden regions: 50->0(44)
[2025-03-28T19:36:53.541+0530][gc,heap     ] GC(318) Survivor regions: 1->7(7)
[2025-03-28T19:36:53.541+0530][gc,heap     ] GC(318) Old regions: 195->195
[2025-03-28T19:36:53.541+0530][gc,heap     ] GC(318) Archive regions: 2->2
[2025-03-28T19:36:53.541+0530][gc,heap     ] GC(318) Humongous regions: 140->138
[2025-03-28T19:36:53.541+0530][gc,metaspace] GC(318) Metaspace: 51349K(52032K)->51349K(52032K) NonClass: 45555K(45952K)->45555K(45952K) Class: 5793K(6080K)->5793K(6080K)
[2025-03-28T19:36:53.541+0530][gc          ] GC(318) Pause Young (Normal) (G1 Evacuation Pause) 386M->340M(1024M) 17.398ms
[2025-03-28T19:36:53.541+0530][gc,cpu      ] GC(318) User=0.01s Sys=0.00s Real=0.02s
[2025-03-28T19:36:53.617+0530][gc,start    ] GC(319) Pause Young (Normal) (G1 Evacuation Pause)
[2025-03-28T19:36:53.617+0530][gc,task     ] GC(319) Using 2 workers of 2 for evacuation
[2025-03-28T19:36:53.623+0530][gc,phases   ] GC(319)   Pre Evacuate Collection Set: 0.2ms
[2025-03-28T19:36:53.623+0530][gc,phases   ] GC(319)   Merge Heap Roots: 0.1ms
[2025-03-28T19:36:53.623+0530][gc,phases   ] GC(319)   Evacuate Collection Set: 5.1ms
[2025-03-28T19:36:53.623+0530][gc,phases   ] GC(319)   Post Evacuate Collection Set: 0.3ms
[2025-03-28T19:36:53.623+0530][gc,phases   ] GC(319)   Other: 0.2ms
[2025-03-28T19:36:53.623+0530][gc,heap     ] GC(319) Eden regions: 44->0(84)
[2025-03-28T19:36:53.623+0530][gc,heap     ] GC(319) Survivor regions: 7->2(7)
[2025-03-28T19:36:53.623+0530][gc,heap     ] GC(319) Old regions: 195->197
[2025-03-28T19:36:53.623+0530][gc,heap     ] GC(319) Archive regions: 2->2
[2025-03-28T19:36:53.623+0530][gc,heap     ] GC(319) Humongous regions: 140->140
[2025-03-28T19:36:53.623+0530][gc,metaspace] GC(319) Metaspace: 51349K(52032K)->51349K(52032K) NonClass: 45555K(45952K)->45555K(45952K) Class: 5793K(6080K)->5793K(6080K)
[2025-03-28T19:36:53.623+0530][gc          ] GC(319) Pause Young (Normal) (G1 Evacuation Pause) 386M->338M(1024M) 5.984ms
[2025-03-28T19:36:53.623+0530][gc,cpu      ] GC(319) User=0.01s Sys=0.00s Real=0.00s
[2025-03-28T19:36:59.633+0530][gc,start    ] GC(206) Pause Young (Normal) (G1 Evacuation Pause)
[2025-03-28T19:36:59.634+0530][gc,task     ] GC(206) Using 2 workers of 2 for evacuation
[2025-03-28T19:36:59.681+0530][gc,mmu      ] GC(206) MMU target violated: 21.0ms (20.0ms/21.0ms)
[2025-03-28T19:36:59.681+0530][gc,phases   ] GC(206)   Pre Evacuate Collection Set: 3.6ms
[2025-03-28T19:36:59.681+0530][gc,phases   ] GC(206)   Merge Heap Roots: 0.5ms
[2025-03-28T19:36:59.681+0530][gc,phases   ] GC(206)   Evacuate Collection Set: 32.3ms
[2025-03-28T19:36:59.681+0530][gc,phases   ] GC(206)   Post Evacuate Collection Set: 10.5ms
[2025-03-28T19:36:59.681+0530][gc,phases   ] GC(206)   Other: 0.9ms
[2025-03-28T19:36:59.681+0530][gc,heap     ] GC(206) Eden regions: 611->0(49)
[2025-03-28T19:36:59.681+0530][gc,heap     ] GC(206) Survivor regions: 3->2(77)
[2025-03-28T19:36:59.681+0530][gc,heap     ] GC(206) Old regions: 90->90
[2025-03-28T19:36:59.681+0530][gc,heap     ] GC(206) Archive regions: 2->2
[2025-03-28T19:36:59.681+0530][gc,heap     ] GC(206) Humongous regions: 164->147
[2025-03-28T19:36:59.681+0530][gc,metaspace] GC(206) Metaspace: 50497K(51072K)->50497K(51072K) NonClass: 44800K(45120K)->44800K(45120K) Class: 5696K(5952K)->5696K(5952K)
[2025-03-28T19:36:59.681+0530][gc          ] GC(206) Pause Young (Normal) (G1 Evacuation Pause) 868M->238M(1024M) 48.094ms
[2025-03-28T19:36:59.682+0530][gc,cpu      ] GC(206) User=0.05s Sys=0.01s Real=0.05s
[2025-03-28T19:37:02.213+0530][gc,start    ] GC(207) Pause Young (Normal) (G1 Evacuation Pause)
[2025-03-28T19:37:02.213+0530][gc,task     ] GC(207) Using 2 workers of 2 for evacuation
[2025-03-28T19:37:02.231+0530][gc,phases   ] GC(207)   Pre Evacuate Collection Set: 0.3ms
[2025-03-28T19:37:02.231+0530][gc,phases   ] GC(207)   Merge Heap Roots: 0.1ms
[2025-03-28T19:37:02.231+0530][gc,phases   ] GC(207)   Evacuate Collection Set: 17.1ms
[2025-03-28T19:37:02.231+0530][gc,phases   ] GC(207)   Post Evacuate Collection Set: 0.5ms
[2025-03-28T19:37:02.231+0530][gc,phases   ] GC(207)   Other: 0.1ms
[2025-03-28T19:37:02.231+0530][gc,heap     ] GC(207) Eden regions: 49->0(44)
[2025-03-28T19:37:02.231+0530][gc,heap     ] GC(207) Survivor regions: 2->7(7)
[2025-03-28T19:37:02.231+0530][gc,heap     ] GC(207) Old regions: 90->90
[2025-03-28T19:37:02.231+0530][gc,heap     ] GC(207) Archive regions: 2->2
[2025-03-28T19:37:02.231+0530][gc,heap     ] GC(207) Humongous regions: 147->147
[2025-03-28T19:37:02.231+0530][gc,metaspace] GC(207) Metaspace: 50497K(51072K)->50497K(51072K) NonClass: 44800K(45120K)->44800K(45120K) Class: 5696K(5952K)->5696K(5952K)
[2025-03-28T19:37:02.231+0530][gc          ] GC(207) Pause Young (Normal) (G1 Evacuation Pause) 287M->244M(1024M) 18.213ms
[2025-03-28T19:37:02.231+0530][gc,cpu      ] GC(207) User=0.02s Sys=0.00s Real=0.03s
[2025-03-28T19:37:02.280+0530][gc,start    ] GC(320) Pause Young (Normal) (G1 Evacuation Pause)
[2025-03-28T19:37:02.280+0530][gc,task     ] GC(320) Using 2 workers of 2 for evacuation
[2025-03-28T19:37:02.293+0530][gc,phases   ] GC(320)   Pre Evacuate Collection Set: 0.3ms
[2025-03-28T19:37:02.293+0530][gc,phases   ] GC(320)   Merge Heap Roots: 0.1ms
[2025-03-28T19:37:02.293+0530][gc,phases   ] GC(320)   Evacuate Collection Set: 12.1ms
[2025-03-28T19:37:02.293+0530][gc,phases   ] GC(320)   Post Evacuate Collection Set: 1.0ms
[2025-03-28T19:37:02.293+0530][gc,phases   ] GC(320)   Other: 0.2ms
[2025-03-28T19:37:02.293+0530][gc,heap     ] GC(320) Eden regions: 84->0(109)
[2025-03-28T19:37:02.293+0530][gc,heap     ] GC(320) Survivor regions: 2->3(11)
[2025-03-28T19:37:02.293+0530][gc,heap     ] GC(320) Old regions: 197->197
[2025-03-28T19:37:02.293+0530][gc,heap     ] GC(320) Archive regions: 2->2
[2025-03-28T19:37:02.293+0530][gc,heap     ] GC(320) Humongous regions: 142->140
[2025-03-28T19:37:02.293+0530][gc,metaspace] GC(320) Metaspace: 51349K(52032K)->51349K(52032K) NonClass: 45555K(45952K)->45555K(45952K) Class: 5793K(6080K)->5793K(6080K)
[2025-03-28T19:37:02.293+0530][gc          ] GC(320) Pause Young (Normal) (G1 Evacuation Pause) 424M->339M(1024M) 13.780ms
[2025-03-28T19:37:02.293+0530][gc,cpu      ] GC(320) User=0.02s Sys=0.00s Real=0.01s
[2025-03-28T19:37:02.306+0530][gc,start    ] GC(208) Pause Young (Normal) (G1 Evacuation Pause)
[2025-03-28T19:37:02.306+0530][gc,task     ] GC(208) Using 2 workers of 2 for evacuation
[2025-03-28T19:37:02.320+0530][gc,phases   ] GC(208)   Pre Evacuate Collection Set: 0.3ms
[2025-03-28T19:37:02.320+0530][gc,phases   ] GC(208)   Merge Heap Roots: 0.1ms
[2025-03-28T19:37:02.320+0530][gc,phases   ] GC(208)   Evacuate Collection Set: 10.3ms
[2025-03-28T19:37:02.320+0530][gc,phases   ] GC(208)   Post Evacuate Collection Set: 2.8ms
[2025-03-28T19:37:02.320+0530][gc,phases   ] GC(208)   Other: 0.1ms
[2025-03-28T19:37:02.320+0530][gc,heap     ] GC(208) Eden regions: 44->0(49)
[2025-03-28T19:37:02.320+0530][gc,heap     ] GC(208) Survivor regions: 7->2(7)
[2025-03-28T19:37:02.320+0530][gc,heap     ] GC(208) Old regions: 90->92
[2025-03-28T19:37:02.320+0530][gc,heap     ] GC(208) Archive regions: 2->2
[2025-03-28T19:37:02.320+0530][gc,heap     ] GC(208) Humongous regions: 149->149
[2025-03-28T19:37:02.320+0530][gc,metaspace] GC(208) Metaspace: 50497K(51072K)->50497K(51072K) NonClass: 44801K(45120K)->44801K(45120K) Class: 5696K(5952K)->5696K(5952K)
[2025-03-28T19:37:02.320+0530][gc          ] GC(208) Pause Young (Normal) (G1 Evacuation Pause) 290M->243M(1024M) 13.842ms
[2025-03-28T19:37:02.320+0530][gc,cpu      ] GC(208) User=0.01s Sys=0.00s Real=0.03s
[2025-03-28T19:37:03.600+0530][gc,start    ] GC(321) Pause Young (Normal) (G1 Evacuation Pause)
[2025-03-28T19:37:03.600+0530][gc,task     ] GC(321) Using 2 workers of 2 for evacuation
[2025-03-28T19:37:03.608+0530][gc,phases   ] GC(321)   Pre Evacuate Collection Set: 0.3ms
[2025-03-28T19:37:03.608+0530][gc,phases   ] GC(321)   Merge Heap Roots: 0.2ms
[2025-03-28T19:37:03.609+0530][gc,phases   ] GC(321)   Evacuate Collection Set: 6.4ms
[2025-03-28T19:37:03.609+0530][gc,phases   ] GC(321)   Post Evacuate Collection Set: 1.5ms
[2025-03-28T19:37:03.609+0530][gc,phases   ] GC(321)   Other: 0.2ms
[2025-03-28T19:37:03.609+0530][gc,heap     ] GC(321) Eden regions: 109->0(147)
[2025-03-28T19:37:03.609+0530][gc,heap     ] GC(321) Survivor regions: 3->3(14)
[2025-03-28T19:37:03.609+0530][gc,heap     ] GC(321) Old regions: 197->197
[2025-03-28T19:37:03.609+0530][gc,heap     ] GC(321) Archive regions: 2->2
[2025-03-28T19:37:03.609+0530][gc,heap     ] GC(321) Humongous regions: 142->140
[2025-03-28T19:37:03.609+0530][gc,metaspace] GC(321) Metaspace: 51349K(52032K)->51349K(52032K) NonClass: 45555K(45952K)->45555K(45952K) Class: 5793K(6080K)->5793K(6080K)
[2025-03-28T19:37:03.609+0530][gc          ] GC(321) Pause Young (Normal) (G1 Evacuation Pause) 450M->339M(1024M) 8.733ms
[2025-03-28T19:37:03.609+0530][gc,cpu      ] GC(321) User=0.01s Sys=0.00s Real=0.01s
[2025-03-28T19:37:04.648+0530][gc,start    ] GC(209) Pause Young (Normal) (G1 Evacuation Pause)
[2025-03-28T19:37:04.648+0530][gc,task     ] GC(209) Using 2 workers of 2 for evacuation
[2025-03-28T19:37:04.662+0530][gc,phases   ] GC(209)   Pre Evacuate Collection Set: 0.2ms
[2025-03-28T19:37:04.662+0530][gc,phases   ] GC(209)   Merge Heap Roots: 0.1ms
[2025-03-28T19:37:04.662+0530][gc,phases   ] GC(209)   Evacuate Collection Set: 13.0ms
[2025-03-28T19:37:04.662+0530][gc,phases   ] GC(209)   Post Evacuate Collection Set: 0.7ms
[2025-03-28T19:37:04.662+0530][gc,phases   ] GC(209)   Other: 0.2ms
[2025-03-28T19:37:04.662+0530][gc,heap     ] GC(209) Eden regions: 49->0(45)
[2025-03-28T19:37:04.662+0530][gc,heap     ] GC(209) Survivor regions: 2->6(7)
[2025-03-28T19:37:04.662+0530][gc,heap     ] GC(209) Old regions: 92->92
[2025-03-28T19:37:04.662+0530][gc,heap     ] GC(209) Archive regions: 2->2
[2025-03-28T19:37:04.662+0530][gc,heap     ] GC(209) Humongous regions: 149->147
[2025-03-28T19:37:04.662+0530][gc,metaspace] GC(209) Metaspace: 50502K(51072K)->50502K(51072K) NonClass: 44806K(45120K)->44806K(45120K) Class: 5696K(5952K)->5696K(5952K)
[2025-03-28T19:37:04.662+0530][gc          ] GC(209) Pause Young (Normal) (G1 Evacuation Pause) 292M->245M(1024M) 14.350ms
[2025-03-28T19:37:04.662+0530][gc,cpu      ] GC(209) User=0.02s Sys=0.00s Real=0.01s
[2025-03-28T19:37:04.761+0530][gc,start    ] GC(210) Pause Young (Normal) (G1 Evacuation Pause)
[2025-03-28T19:37:04.761+0530][gc,task     ] GC(210) Using 2 workers of 2 for evacuation
[2025-03-28T19:37:04.770+0530][gc,phases   ] GC(210)   Pre Evacuate Collection Set: 0.2ms
[2025-03-28T19:37:04.770+0530][gc,phases   ] GC(210)   Merge Heap Roots: 0.1ms
[2025-03-28T19:37:04.770+0530][gc,phases   ] GC(210)   Evacuate Collection Set: 4.4ms
[2025-03-28T19:37:04.770+0530][gc,phases   ] GC(210)   Post Evacuate Collection Set: 4.1ms
[2025-03-28T19:37:04.770+0530][gc,phases   ] GC(210)   Other: 0.2ms
[2025-03-28T19:37:04.770+0530][gc,heap     ] GC(210) Eden regions: 45->0(49)
[2025-03-28T19:37:04.770+0530][gc,heap     ] GC(210) Survivor regions: 6->2(7)
[2025-03-28T19:37:04.770+0530][gc,heap     ] GC(210) Old regions: 92->93
[2025-03-28T19:37:04.770+0530][gc,heap     ] GC(210) Archive regions: 2->2
[2025-03-28T19:37:04.770+0530][gc,heap     ] GC(210) Humongous regions: 149->149
[2025-03-28T19:37:04.770+0530][gc,metaspace] GC(210) Metaspace: 50502K(51072K)->50502K(51072K) NonClass: 44806K(45120K)->44806K(45120K) Class: 5696K(5952K)->5696K(5952K)
[2025-03-28T19:37:04.770+0530][gc          ] GC(210) Pause Young (Normal) (G1 Evacuation Pause) 292M->244M(1024M) 9.069ms
[2025-03-28T19:37:04.770+0530][gc,cpu      ] GC(210) User=0.01s Sys=0.00s Real=0.01s
[2025-03-28T19:37:12.240+0530][gc,start    ] GC(211) Pause Young (Normal) (G1 Evacuation Pause)
[2025-03-28T19:37:12.240+0530][gc,task     ] GC(211) Using 2 workers of 2 for evacuation
[2025-03-28T19:37:12.255+0530][gc,phases   ] GC(211)   Pre Evacuate Collection Set: 0.3ms
[2025-03-28T19:37:12.255+0530][gc,phases   ] GC(211)   Merge Heap Roots: 0.2ms
[2025-03-28T19:37:12.255+0530][gc,phases   ] GC(211)   Evacuate Collection Set: 13.8ms
[2025-03-28T19:37:12.255+0530][gc,phases   ] GC(211)   Post Evacuate Collection Set: 0.5ms
[2025-03-28T19:37:12.255+0530][gc,phases   ] GC(211)   Other: 0.2ms
[2025-03-28T19:37:12.255+0530][gc,heap     ] GC(211) Eden regions: 49->0(46)
[2025-03-28T19:37:12.255+0530][gc,heap     ] GC(211) Survivor regions: 2->5(7)
[2025-03-28T19:37:12.255+0530][gc,heap     ] GC(211) Old regions: 93->93
[2025-03-28T19:37:12.255+0530][gc,heap     ] GC(211) Archive regions: 2->2
[2025-03-28T19:37:12.255+0530][gc,heap     ] GC(211) Humongous regions: 149->147
[2025-03-28T19:37:12.255+0530][gc,metaspace] GC(211) Metaspace: 50502K(51072K)->50502K(51072K) NonClass: 44806K(45120K)->44806K(45120K) Class: 5696K(5952K)->5696K(5952K)
[2025-03-28T19:37:12.255+0530][gc          ] GC(211) Pause Young (Normal) (G1 Evacuation Pause) 293M->245M(1024M) 15.068ms
[2025-03-28T19:37:12.255+0530][gc,cpu      ] GC(211) User=0.02s Sys=0.00s Real=0.01s
[2025-03-28T19:37:12.403+0530][gc,start    ] GC(212) Pause Young (Normal) (G1 Evacuation Pause)
[2025-03-28T19:37:12.404+0530][gc,task     ] GC(212) Using 2 workers of 2 for evacuation
[2025-03-28T19:37:12.416+0530][gc,phases   ] GC(212)   Pre Evacuate Collection Set: 0.2ms
[2025-03-28T19:37:12.416+0530][gc,phases   ] GC(212)   Merge Heap Roots: 0.1ms
[2025-03-28T19:37:12.416+0530][gc,phases   ] GC(212)   Evacuate Collection Set: 11.1ms
[2025-03-28T19:37:12.416+0530][gc,phases   ] GC(212)   Post Evacuate Collection Set: 0.6ms
[2025-03-28T19:37:12.416+0530][gc,phases   ] GC(212)   Other: 0.2ms
[2025-03-28T19:37:12.416+0530][gc,heap     ] GC(212) Eden regions: 46->0(75)
[2025-03-28T19:37:12.416+0530][gc,heap     ] GC(212) Survivor regions: 5->2(7)
[2025-03-28T19:37:12.416+0530][gc,heap     ] GC(212) Old regions: 93->94
[2025-03-28T19:37:12.416+0530][gc,heap     ] GC(212) Archive regions: 2->2
[2025-03-28T19:37:12.416+0530][gc,heap     ] GC(212) Humongous regions: 149->149
[2025-03-28T19:37:12.416+0530][gc,metaspace] GC(212) Metaspace: 50502K(51072K)->50502K(51072K) NonClass: 44806K(45120K)->44806K(45120K) Class: 5696K(5952K)->5696K(5952K)
[2025-03-28T19:37:12.416+0530][gc          ] GC(212) Pause Young (Normal) (G1 Evacuation Pause) 293M->245M(1024M) 12.277ms
[2025-03-28T19:37:12.416+0530][gc,cpu      ] GC(212) User=0.01s Sys=0.00s Real=0.02s
[2025-03-28T19:37:13.535+0530][gc,start    ] GC(322) Pause Young (Normal) (G1 Evacuation Pause)
[2025-03-28T19:37:13.535+0530][gc,task     ] GC(322) Using 2 workers of 2 for evacuation
[2025-03-28T19:37:13.542+0530][gc,phases   ] GC(322)   Pre Evacuate Collection Set: 0.2ms
[2025-03-28T19:37:13.542+0530][gc,phases   ] GC(322)   Merge Heap Roots: 0.1ms
[2025-03-28T19:37:13.542+0530][gc,phases   ] GC(322)   Evacuate Collection Set: 6.3ms
[2025-03-28T19:37:13.542+0530][gc,phases   ] GC(322)   Post Evacuate Collection Set: 0.6ms
[2025-03-28T19:37:13.542+0530][gc,phases   ] GC(322)   Other: 0.1ms
[2025-03-28T19:37:13.542+0530][gc,heap     ] GC(322) Eden regions: 147->0(196)
[2025-03-28T19:37:13.542+0530][gc,heap     ] GC(322) Survivor regions: 3->4(19)
[2025-03-28T19:37:13.542+0530][gc,heap     ] GC(322) Old regions: 197->197
[2025-03-28T19:37:13.542+0530][gc,heap     ] GC(322) Archive regions: 2->2
[2025-03-28T19:37:13.542+0530][gc,heap     ] GC(322) Humongous regions: 142->138
[2025-03-28T19:37:13.542+0530][gc,metaspace] GC(322) Metaspace: 51349K(52032K)->51349K(52032K) NonClass: 45555K(45952K)->45555K(45952K) Class: 5793K(6080K)->5793K(6080K)
[2025-03-28T19:37:13.542+0530][gc          ] GC(322) Pause Young (Normal) (G1 Evacuation Pause) 488M->338M(1024M) 7.459ms
[2025-03-28T19:37:13.542+0530][gc,cpu      ] GC(322) User=0.02s Sys=0.00s Real=0.00s
[2025-03-28T19:37:14.700+0530][gc,start    ] GC(213) Pause Young (Normal) (G1 Evacuation Pause)
[2025-03-28T19:37:14.700+0530][gc,task     ] GC(213) Using 2 workers of 2 for evacuation
[2025-03-28T19:37:14.707+0530][gc,phases   ] GC(213)   Pre Evacuate Collection Set: 0.2ms
[2025-03-28T19:37:14.707+0530][gc,phases   ] GC(213)   Merge Heap Roots: 0.1ms
[2025-03-28T19:37:14.707+0530][gc,phases   ] GC(213)   Evacuate Collection Set: 5.8ms
[2025-03-28T19:37:14.707+0530][gc,phases   ] GC(213)   Post Evacuate Collection Set: 0.7ms
[2025-03-28T19:37:14.707+0530][gc,phases   ] GC(213)   Other: 0.2ms
[2025-03-28T19:37:14.707+0530][gc,heap     ] GC(213) Eden regions: 75->0(48)
[2025-03-28T19:37:14.707+0530][gc,heap     ] GC(213) Survivor regions: 2->7(10)
[2025-03-28T19:37:14.707+0530][gc,heap     ] GC(213) Old regions: 94->94
[2025-03-28T19:37:14.707+0530][gc,heap     ] GC(213) Archive regions: 2->2
[2025-03-28T19:37:14.707+0530][gc,heap     ] GC(213) Humongous regions: 149->147
[2025-03-28T19:37:14.707+0530][gc,metaspace] GC(213) Metaspace: 50502K(51072K)->50502K(51072K) NonClass: 44806K(45120K)->44806K(45120K) Class: 5696K(5952K)->5696K(5952K)
[2025-03-28T19:37:14.707+0530][gc          ] GC(213) Pause Young (Normal) (G1 Evacuation Pause) 320M->248M(1024M) 6.987ms
[2025-03-28T19:37:14.707+0530][gc,cpu      ] GC(213) User=0.01s Sys=0.00s Real=0.01s
[2025-03-28T19:37:14.782+0530][gc,start    ] GC(214) Pause Young (Normal) (GCLocker Initiated GC)
[2025-03-28T19:37:14.782+0530][gc,task     ] GC(214) Using 2 workers of 2 for evacuation
[2025-03-28T19:37:14.793+0530][gc,phases   ] GC(214)   Pre Evacuate Collection Set: 0.3ms
[2025-03-28T19:37:14.793+0530][gc,phases   ] GC(214)   Merge Heap Roots: 0.1ms
[2025-03-28T19:37:14.793+0530][gc,phases   ] GC(214)   Evacuate Collection Set: 9.1ms
[2025-03-28T19:37:14.793+0530][gc,phases   ] GC(214)   Post Evacuate Collection Set: 1.3ms
[2025-03-28T19:37:14.793+0530][gc,phases   ] GC(214)   Other: 0.1ms
[2025-03-28T19:37:14.793+0530][gc,heap     ] GC(214) Eden regions: 49->0(77)
[2025-03-28T19:37:14.793+0530][gc,heap     ] GC(214) Survivor regions: 7->2(7)
[2025-03-28T19:37:14.793+0530][gc,heap     ] GC(214) Old regions: 94->95
[2025-03-28T19:37:14.793+0530][gc,heap     ] GC(214) Archive regions: 2->2
[2025-03-28T19:37:14.793+0530][gc,heap     ] GC(214) Humongous regions: 149->149
[2025-03-28T19:37:14.793+0530][gc,metaspace] GC(214) Metaspace: 50502K(51072K)->50502K(51072K) NonClass: 44806K(45120K)->44806K(45120K) Class: 5696K(5952K)->5696K(5952K)
[2025-03-28T19:37:14.793+0530][gc          ] GC(214) Pause Young (Normal) (GCLocker Initiated GC) 298M->246M(1024M) 11.052ms
[2025-03-28T19:37:14.793+0530][gc,cpu      ] GC(214) User=0.01s Sys=0.00s Real=0.01s
[2025-03-28T19:37:22.273+0530][gc,start    ] GC(215) Pause Young (Normal) (G1 Evacuation Pause)
[2025-03-28T19:37:22.273+0530][gc,task     ] GC(215) Using 2 workers of 2 for evacuation
[2025-03-28T19:37:22.292+0530][gc,phases   ] GC(215)   Pre Evacuate Collection Set: 0.3ms
[2025-03-28T19:37:22.292+0530][gc,phases   ] GC(215)   Merge Heap Roots: 0.1ms
[2025-03-28T19:37:22.292+0530][gc,phases   ] GC(215)   Evacuate Collection Set: 17.1ms
[2025-03-28T19:37:22.292+0530][gc,phases   ] GC(215)   Post Evacuate Collection Set: 0.5ms
[2025-03-28T19:37:22.292+0530][gc,phases   ] GC(215)   Other: 0.1ms
[2025-03-28T19:37:22.292+0530][gc,heap     ] GC(215) Eden regions: 77->0(73)
[2025-03-28T19:37:22.292+0530][gc,heap     ] GC(215) Survivor regions: 2->3(10)
[2025-03-28T19:37:22.292+0530][gc,heap     ] GC(215) Old regions: 95->95
[2025-03-28T19:37:22.292+0530][gc,heap     ] GC(215) Archive regions: 2->2
[2025-03-28T19:37:22.292+0530][gc,heap     ] GC(215) Humongous regions: 151->149
[2025-03-28T19:37:22.292+0530][gc,metaspace] GC(215) Metaspace: 50502K(51072K)->50502K(51072K) NonClass: 44806K(45120K)->44806K(45120K) Class: 5696K(5952K)->5696K(5952K)
[2025-03-28T19:37:22.292+0530][gc          ] GC(215) Pause Young (Normal) (G1 Evacuation Pause) 325M->247M(1024M) 18.306ms
[2025-03-28T19:37:22.292+0530][gc,cpu      ] GC(215) User=0.01s Sys=0.00s Real=0.02s
[2025-03-28T19:37:23.537+0530][gc,start    ] GC(323) Pause Young (Normal) (G1 Evacuation Pause)
[2025-03-28T19:37:23.537+0530][gc,task     ] GC(323) Using 2 workers of 2 for evacuation
[2025-03-28T19:37:23.549+0530][gc,phases   ] GC(323)   Pre Evacuate Collection Set: 0.3ms
[2025-03-28T19:37:23.549+0530][gc,phases   ] GC(323)   Merge Heap Roots: 0.3ms
[2025-03-28T19:37:23.549+0530][gc,phases   ] GC(323)   Evacuate Collection Set: 10.2ms
[2025-03-28T19:37:23.549+0530][gc,phases   ] GC(323)   Post Evacuate Collection Set: 1.1ms
[2025-03-28T19:37:23.549+0530][gc,phases   ] GC(323)   Other: 0.3ms
[2025-03-28T19:37:23.549+0530][gc,heap     ] GC(323) Eden regions: 196->0(214)
[2025-03-28T19:37:23.549+0530][gc,heap     ] GC(323) Survivor regions: 4->3(25)
[2025-03-28T19:37:23.549+0530][gc,heap     ] GC(323) Old regions: 197->197
[2025-03-28T19:37:23.549+0530][gc,heap     ] GC(323) Archive regions: 2->2
[2025-03-28T19:37:23.549+0530][gc,heap     ] GC(323) Humongous regions: 142->138
[2025-03-28T19:37:23.549+0530][gc,metaspace] GC(323) Metaspace: 51349K(52032K)->51349K(52032K) NonClass: 45556K(45952K)->45556K(45952K) Class: 5793K(6080K)->5793K(6080K)
[2025-03-28T19:37:23.549+0530][gc          ] GC(323) Pause Young (Normal) (G1 Evacuation Pause) 538M->337M(1024M) 12.314ms
[2025-03-28T19:37:23.549+0530][gc,cpu      ] GC(323) User=0.02s Sys=0.00s Real=0.01s
[2025-03-28T19:37:24.673+0530][gc,start    ] GC(216) Pause Young (Normal) (G1 Evacuation Pause)
[2025-03-28T19:37:24.673+0530][gc,task     ] GC(216) Using 2 workers of 2 for evacuation
[2025-03-28T19:37:24.685+0530][gc,phases   ] GC(216)   Pre Evacuate Collection Set: 0.2ms
[2025-03-28T19:37:24.685+0530][gc,phases   ] GC(216)   Merge Heap Roots: 0.1ms
[2025-03-28T19:37:24.685+0530][gc,phases   ] GC(216)   Evacuate Collection Set: 11.0ms
[2025-03-28T19:37:24.685+0530][gc,phases   ] GC(216)   Post Evacuate Collection Set: 0.7ms
[2025-03-28T19:37:24.685+0530][gc,phases   ] GC(216)   Other: 0.3ms
[2025-03-28T19:37:24.685+0530][gc,heap     ] GC(216) Eden regions: 73->0(71)
[2025-03-28T19:37:24.685+0530][gc,heap     ] GC(216) Survivor regions: 3->7(10)
[2025-03-28T19:37:24.685+0530][gc,heap     ] GC(216) Old regions: 95->95
[2025-03-28T19:37:24.685+0530][gc,heap     ] GC(216) Archive regions: 2->2
[2025-03-28T19:37:24.685+0530][gc,heap     ] GC(216) Humongous regions: 149->147
[2025-03-28T19:37:24.685+0530][gc,metaspace] GC(216) Metaspace: 50504K(51072K)->50504K(51072K) NonClass: 44807K(45120K)->44807K(45120K) Class: 5696K(5952K)->5696K(5952K)
[2025-03-28T19:37:24.686+0530][gc          ] GC(216) Pause Young (Normal) (G1 Evacuation Pause) 320M->248M(1024M) 12.442ms
[2025-03-28T19:37:24.686+0530][gc,cpu      ] GC(216) User=0.01s Sys=0.00s Real=0.02s
[2025-03-28T19:37:32.191+0530][gc,start    ] GC(217) Pause Young (Normal) (G1 Evacuation Pause)
[2025-03-28T19:37:32.191+0530][gc,task     ] GC(217) Using 2 workers of 2 for evacuation
[2025-03-28T19:37:32.209+0530][gc,phases   ] GC(217)   Pre Evacuate Collection Set: 0.5ms
[2025-03-28T19:37:32.209+0530][gc,phases   ] GC(217)   Merge Heap Roots: 0.3ms
[2025-03-28T19:37:32.209+0530][gc,phases   ] GC(217)   Evacuate Collection Set: 13.8ms
[2025-03-28T19:37:32.209+0530][gc,phases   ] GC(217)   Post Evacuate Collection Set: 2.6ms
[2025-03-28T19:37:32.209+0530][gc,phases   ] GC(217)   Other: 0.6ms
[2025-03-28T19:37:32.209+0530][gc,heap     ] GC(217) Eden regions: 71->0(84)
[2025-03-28T19:37:32.209+0530][gc,heap     ] GC(217) Survivor regions: 7->3(10)
[2025-03-28T19:37:32.209+0530][gc,heap     ] GC(217) Old regions: 95->95
[2025-03-28T19:37:32.209+0530][gc,heap     ] GC(217) Archive regions: 2->2
[2025-03-28T19:37:32.209+0530][gc,heap     ] GC(217) Humongous regions: 149->147
[2025-03-28T19:37:32.209+0530][gc,metaspace] GC(217) Metaspace: 50504K(51072K)->50504K(51072K) NonClass: 44807K(45120K)->44807K(45120K) Class: 5696K(5952K)->5696K(5952K)
[2025-03-28T19:37:32.209+0530][gc          ] GC(217) Pause Young (Normal) (G1 Evacuation Pause) 321M->245M(1024M) 18.401ms
[2025-03-28T19:37:32.209+0530][gc,cpu      ] GC(217) User=0.02s Sys=0.00s Real=0.02s
[2025-03-28T19:37:32.346+0530][gc,start    ] GC(218) Pause Young (Normal) (G1 Evacuation Pause)
[2025-03-28T19:37:32.346+0530][gc,task     ] GC(218) Using 2 workers of 2 for evacuation
[2025-03-28T19:37:32.354+0530][gc,phases   ] GC(218)   Pre Evacuate Collection Set: 0.2ms
[2025-03-28T19:37:32.354+0530][gc,phases   ] GC(218)   Merge Heap Roots: 0.1ms
[2025-03-28T19:37:32.354+0530][gc,phases   ] GC(218)   Evacuate Collection Set: 7.5ms
[2025-03-28T19:37:32.355+0530][gc,phases   ] GC(218)   Post Evacuate Collection Set: 0.4ms
[2025-03-28T19:37:32.355+0530][gc,phases   ] GC(218)   Other: 0.1ms
[2025-03-28T19:37:32.355+0530][gc,heap     ] GC(218) Eden regions: 84->0(112)
[2025-03-28T19:37:32.355+0530][gc,heap     ] GC(218) Survivor regions: 3->3(11)
[2025-03-28T19:37:32.355+0530][gc,heap     ] GC(218) Old regions: 95->95
[2025-03-28T19:37:32.355+0530][gc,heap     ] GC(218) Archive regions: 2->2
[2025-03-28T19:37:32.355+0530][gc,heap     ] GC(218) Humongous regions: 149->149
[2025-03-28T19:37:32.355+0530][gc,metaspace] GC(218) Metaspace: 50504K(51072K)->50504K(51072K) NonClass: 44807K(45120K)->44807K(45120K) Class: 5696K(5952K)->5696K(5952K)
[2025-03-28T19:37:32.355+0530][gc          ] GC(218) Pause Young (Normal) (G1 Evacuation Pause) 331M->247M(1024M) 8.397ms
[2025-03-28T19:37:32.355+0530][gc,cpu      ] GC(218) User=0.01s Sys=0.00s Real=0.00s
[2025-03-28T19:37:33.588+0530][gc,start    ] GC(324) Pause Young (Normal) (G1 Evacuation Pause)
[2025-03-28T19:37:33.589+0530][gc,task     ] GC(324) Using 2 workers of 2 for evacuation
[2025-03-28T19:37:33.598+0530][gc,phases   ] GC(324)   Pre Evacuate Collection Set: 0.3ms
[2025-03-28T19:37:33.598+0530][gc,phases   ] GC(324)   Merge Heap Roots: 0.2ms
[2025-03-28T19:37:33.598+0530][gc,phases   ] GC(324)   Evacuate Collection Set: 8.2ms
[2025-03-28T19:37:33.598+0530][gc,phases   ] GC(324)   Post Evacuate Collection Set: 1.0ms
[2025-03-28T19:37:33.598+0530][gc,phases   ] GC(324)   Other: 0.2ms
[2025-03-28T19:37:33.598+0530][gc,heap     ] GC(324) Eden regions: 214->0(261)
[2025-03-28T19:37:33.598+0530][gc,heap     ] GC(324) Survivor regions: 3->4(28)
[2025-03-28T19:37:33.598+0530][gc,heap     ] GC(324) Old regions: 197->197
[2025-03-28T19:37:33.598+0530][gc,heap     ] GC(324) Archive regions: 2->2
[2025-03-28T19:37:33.598+0530][gc,heap     ] GC(324) Humongous regions: 142->138
[2025-03-28T19:37:33.598+0530][gc,metaspace] GC(324) Metaspace: 51349K(52032K)->51349K(52032K) NonClass: 45556K(45952K)->45556K(45952K) Class: 5793K(6080K)->5793K(6080K)
[2025-03-28T19:37:33.599+0530][gc          ] GC(324) Pause Young (Normal) (G1 Evacuation Pause) 555M->339M(1024M) 10.044ms
[2025-03-28T19:37:33.599+0530][gc,cpu      ] GC(324) User=0.01s Sys=0.01s Real=0.01s
[2025-03-28T19:37:42.149+0530][gc,start    ] GC(219) Pause Young (Normal) (G1 Evacuation Pause)
[2025-03-28T19:37:42.149+0530][gc,task     ] GC(219) Using 2 workers of 2 for evacuation
[2025-03-28T19:37:42.162+0530][gc,phases   ] GC(219)   Pre Evacuate Collection Set: 0.6ms
[2025-03-28T19:37:42.162+0530][gc,phases   ] GC(219)   Merge Heap Roots: 0.6ms
[2025-03-28T19:37:42.162+0530][gc,phases   ] GC(219)   Evacuate Collection Set: 9.7ms
[2025-03-28T19:37:42.162+0530][gc,phases   ] GC(219)   Post Evacuate Collection Set: 1.0ms
[2025-03-28T19:37:42.162+0530][gc,phases   ] GC(219)   Other: 1.2ms
[2025-03-28T19:37:42.162+0530][gc,heap     ] GC(219) Eden regions: 112->0(176)
[2025-03-28T19:37:42.162+0530][gc,heap     ] GC(219) Survivor regions: 3->2(15)
[2025-03-28T19:37:42.162+0530][gc,heap     ] GC(219) Old regions: 95->95
[2025-03-28T19:37:42.162+0530][gc,heap     ] GC(219) Archive regions: 2->2
[2025-03-28T19:37:42.162+0530][gc,heap     ] GC(219) Humongous regions: 151->147
[2025-03-28T19:37:42.162+0530][gc,metaspace] GC(219) Metaspace: 50506K(51072K)->50506K(51072K) NonClass: 44809K(45120K)->44809K(45120K) Class: 5696K(5952K)->5696K(5952K)
[2025-03-28T19:37:42.162+0530][gc          ] GC(219) Pause Young (Normal) (G1 Evacuation Pause) 361M->243M(1024M) 13.344ms
[2025-03-28T19:37:42.162+0530][gc,cpu      ] GC(219) User=0.01s Sys=0.00s Real=0.01s
[2025-03-28T19:37:43.643+0530][gc,start    ] GC(325) Pause Young (Normal) (G1 Evacuation Pause)
[2025-03-28T19:37:43.643+0530][gc,task     ] GC(325) Using 2 workers of 2 for evacuation
[2025-03-28T19:37:43.655+0530][gc,phases   ] GC(325)   Pre Evacuate Collection Set: 0.3ms
[2025-03-28T19:37:43.655+0530][gc,phases   ] GC(325)   Merge Heap Roots: 0.2ms
[2025-03-28T19:37:43.655+0530][gc,phases   ] GC(325)   Evacuate Collection Set: 10.2ms
[2025-03-28T19:37:43.655+0530][gc,phases   ] GC(325)   Post Evacuate Collection Set: 0.7ms
[2025-03-28T19:37:43.655+0530][gc,phases   ] GC(325)   Other: 0.2ms
[2025-03-28T19:37:43.655+0530][gc,heap     ] GC(325) Eden regions: 259->0(332)
[2025-03-28T19:37:43.655+0530][gc,heap     ] GC(325) Survivor regions: 4->4(33)
[2025-03-28T19:37:43.655+0530][gc,heap     ] GC(325) Old regions: 197->197
[2025-03-28T19:37:43.655+0530][gc,heap     ] GC(325) Archive regions: 2->2
[2025-03-28T19:37:43.655+0530][gc,heap     ] GC(325) Humongous regions: 144->140
[2025-03-28T19:37:43.655+0530][gc,metaspace] GC(325) Metaspace: 51349K(52032K)->51349K(52032K) NonClass: 45556K(45952K)->45556K(45952K) Class: 5793K(6080K)->5793K(6080K)
[2025-03-28T19:37:43.655+0530][gc          ] GC(325) Pause Young (Normal) (G1 Evacuation Pause) 604M->340M(1024M) 11.630ms
[2025-03-28T19:37:43.655+0530][gc,cpu      ] GC(325) User=0.02s Sys=0.00s Real=0.02s
[2025-03-28T19:37:44.760+0530][gc,start    ] GC(220) Pause Young (Normal) (G1 Evacuation Pause)
[2025-03-28T19:37:44.760+0530][gc,task     ] GC(220) Using 2 workers of 2 for evacuation
[2025-03-28T19:37:44.766+0530][gc,phases   ] GC(220)   Pre Evacuate Collection Set: 0.2ms
[2025-03-28T19:37:44.766+0530][gc,phases   ] GC(220)   Merge Heap Roots: 0.1ms
[2025-03-28T19:37:44.766+0530][gc,phases   ] GC(220)   Evacuate Collection Set: 4.8ms
[2025-03-28T19:37:44.766+0530][gc,phases   ] GC(220)   Post Evacuate Collection Set: 0.7ms
[2025-03-28T19:37:44.766+0530][gc,phases   ] GC(220)   Other: 0.2ms
[2025-03-28T19:37:44.766+0530][gc,heap     ] GC(220) Eden regions: 176->0(251)
[2025-03-28T19:37:44.766+0530][gc,heap     ] GC(220) Survivor regions: 2->3(23)
[2025-03-28T19:37:44.766+0530][gc,heap     ] GC(220) Old regions: 95->95
[2025-03-28T19:37:44.766+0530][gc,heap     ] GC(220) Archive regions: 2->2
[2025-03-28T19:37:44.766+0530][gc,heap     ] GC(220) Humongous regions: 151->149
[2025-03-28T19:37:44.766+0530][gc,metaspace] GC(220) Metaspace: 50506K(51072K)->50506K(51072K) NonClass: 44810K(45120K)->44810K(45120K) Class: 5696K(5952K)->5696K(5952K)
[2025-03-28T19:37:44.766+0530][gc          ] GC(220) Pause Young (Normal) (G1 Evacuation Pause) 423M->247M(1024M) 6.021ms
[2025-03-28T19:37:44.766+0530][gc,cpu      ] GC(220) User=0.01s Sys=0.00s Real=0.01s
[2025-03-28T19:38:02.183+0530][gc,start    ] GC(221) Pause Young (Normal) (G1 Evacuation Pause)
[2025-03-28T19:38:02.183+0530][gc,task     ] GC(221) Using 2 workers of 2 for evacuation
[2025-03-28T19:38:02.192+0530][gc,phases   ] GC(221)   Pre Evacuate Collection Set: 0.3ms
[2025-03-28T19:38:02.192+0530][gc,phases   ] GC(221)   Merge Heap Roots: 0.1ms
[2025-03-28T19:38:02.192+0530][gc,phases   ] GC(221)   Evacuate Collection Set: 8.2ms
[2025-03-28T19:38:02.192+0530][gc,phases   ] GC(221)   Post Evacuate Collection Set: 0.6ms
[2025-03-28T19:38:02.192+0530][gc,phases   ] GC(221)   Other: 0.2ms
[2025-03-28T19:38:02.192+0530][gc,heap     ] GC(221) Eden regions: 251->0(360)
[2025-03-28T19:38:02.192+0530][gc,heap     ] GC(221) Survivor regions: 3->4(32)
[2025-03-28T19:38:02.192+0530][gc,heap     ] GC(221) Old regions: 95->95
[2025-03-28T19:38:02.192+0530][gc,heap     ] GC(221) Archive regions: 2->2
[2025-03-28T19:38:02.192+0530][gc,heap     ] GC(221) Humongous regions: 153->147
[2025-03-28T19:38:02.192+0530][gc,metaspace] GC(221) Metaspace: 50510K(51072K)->50510K(51072K) NonClass: 44813K(45120K)->44813K(45120K) Class: 5696K(5952K)->5696K(5952K)
[2025-03-28T19:38:02.192+0530][gc          ] GC(221) Pause Young (Normal) (G1 Evacuation Pause) 502M->246M(1024M) 9.476ms
[2025-03-28T19:38:02.192+0530][gc,cpu      ] GC(221) User=0.01s Sys=0.00s Real=0.00s
[2025-03-28T19:38:02.282+0530][gc,start    ] GC(326) Pause Young (Normal) (G1 Evacuation Pause)
[2025-03-28T19:38:02.282+0530][gc,task     ] GC(326) Using 2 workers of 2 for evacuation
[2025-03-28T19:38:02.296+0530][gc,phases   ] GC(326)   Pre Evacuate Collection Set: 0.2ms
[2025-03-28T19:38:02.296+0530][gc,phases   ] GC(326)   Merge Heap Roots: 0.1ms
[2025-03-28T19:38:02.296+0530][gc,phases   ] GC(326)   Evacuate Collection Set: 7.1ms
[2025-03-28T19:38:02.296+0530][gc,phases   ] GC(326)   Post Evacuate Collection Set: 6.3ms
[2025-03-28T19:38:02.296+0530][gc,phases   ] GC(326)   Other: 0.1ms
[2025-03-28T19:38:02.296+0530][gc,heap     ] GC(326) Eden regions: 327->0(352)
[2025-03-28T19:38:02.296+0530][gc,heap     ] GC(326) Survivor regions: 4->4(42)
[2025-03-28T19:38:02.296+0530][gc,heap     ] GC(326) Old regions: 197->197
[2025-03-28T19:38:02.296+0530][gc,heap     ] GC(326) Archive regions: 2->2
[2025-03-28T19:38:02.296+0530][gc,heap     ] GC(326) Humongous regions: 146->140
[2025-03-28T19:38:02.296+0530][gc,metaspace] GC(326) Metaspace: 51353K(52032K)->51353K(52032K) NonClass: 45559K(45952K)->45559K(45952K) Class: 5793K(6080K)->5793K(6080K)
[2025-03-28T19:38:02.296+0530][gc          ] GC(326) Pause Young (Normal) (G1 Evacuation Pause) 673M->341M(1024M) 13.860ms
[2025-03-28T19:38:02.296+0530][gc,cpu      ] GC(326) User=0.02s Sys=0.00s Real=0.02s
[2025-03-28T19:38:14.753+0530][gc,start    ] GC(222) Pause Young (Normal) (G1 Evacuation Pause)
[2025-03-28T19:38:14.753+0530][gc,task     ] GC(222) Using 2 workers of 2 for evacuation
[2025-03-28T19:38:14.761+0530][gc,phases   ] GC(222)   Pre Evacuate Collection Set: 0.3ms
[2025-03-28T19:38:14.761+0530][gc,phases   ] GC(222)   Merge Heap Roots: 0.1ms
[2025-03-28T19:38:14.761+0530][gc,phases   ] GC(222)   Evacuate Collection Set: 6.8ms
[2025-03-28T19:38:14.761+0530][gc,phases   ] GC(222)   Post Evacuate Collection Set: 0.7ms
[2025-03-28T19:38:14.761+0530][gc,phases   ] GC(222)   Other: 0.1ms
[2025-03-28T19:38:14.761+0530][gc,heap     ] GC(222) Eden regions: 360->0(521)
[2025-03-28T19:38:14.761+0530][gc,heap     ] GC(222) Survivor regions: 4->3(46)
[2025-03-28T19:38:14.761+0530][gc,heap     ] GC(222) Old regions: 95->95
[2025-03-28T19:38:14.761+0530][gc,heap     ] GC(222) Archive regions: 2->2
[2025-03-28T19:38:14.761+0530][gc,heap     ] GC(222) Humongous regions: 155->149
[2025-03-28T19:38:14.761+0530][gc,metaspace] GC(222) Metaspace: 50515K(51136K)->50515K(51136K) NonClass: 44818K(45184K)->44818K(45184K) Class: 5696K(5952K)->5696K(5952K)
[2025-03-28T19:38:14.761+0530][gc          ] GC(222) Pause Young (Normal) (G1 Evacuation Pause) 614M->247M(1024M) 8.233ms
[2025-03-28T19:38:14.761+0530][gc,cpu      ] GC(222) User=0.01s Sys=0.00s Real=0.02s
[2025-03-28T19:38:22.176+0530][gc,start    ] GC(327) Pause Young (Normal) (G1 Evacuation Pause)
[2025-03-28T19:38:22.176+0530][gc,task     ] GC(327) Using 2 workers of 2 for evacuation
[2025-03-28T19:38:22.201+0530][gc,mmu      ] GC(327) MMU target violated: 21.0ms (20.0ms/21.0ms)
[2025-03-28T19:38:22.201+0530][gc,phases   ] GC(327)   Pre Evacuate Collection Set: 0.3ms
[2025-03-28T19:38:22.201+0530][gc,phases   ] GC(327)   Merge Heap Roots: 0.2ms
[2025-03-28T19:38:22.201+0530][gc,phases   ] GC(327)   Evacuate Collection Set: 22.5ms
[2025-03-28T19:38:22.201+0530][gc,phases   ] GC(327)   Post Evacuate Collection Set: 2.2ms
[2025-03-28T19:38:22.201+0530][gc,phases   ] GC(327)   Other: 0.2ms
[2025-03-28T19:38:22.201+0530][gc,heap     ] GC(327) Eden regions: 344->0(45)
[2025-03-28T19:38:22.201+0530][gc,heap     ] GC(327) Survivor regions: 4->6(44)
[2025-03-28T19:38:22.201+0530][gc,heap     ] GC(327) Old regions: 197->197
[2025-03-28T19:38:22.201+0530][gc,heap     ] GC(327) Archive regions: 2->2
[2025-03-28T19:38:22.201+0530][gc,heap     ] GC(327) Humongous regions: 146->138
[2025-03-28T19:38:22.201+0530][gc,metaspace] GC(327) Metaspace: 51364K(52032K)->51364K(52032K) NonClass: 45571K(45952K)->45571K(45952K) Class: 5793K(6080K)->5793K(6080K)
[2025-03-28T19:38:22.201+0530][gc          ] GC(327) Pause Young (Normal) (G1 Evacuation Pause) 691M->341M(1024M) 25.442ms
[2025-03-28T19:38:22.201+0530][gc,cpu      ] GC(327) User=0.02s Sys=0.00s Real=0.02s
[2025-03-28T19:38:22.307+0530][gc,start    ] GC(328) Pause Young (Normal) (G1 Evacuation Pause)
[2025-03-28T19:38:22.307+0530][gc,task     ] GC(328) Using 2 workers of 2 for evacuation
[2025-03-28T19:38:22.330+0530][gc,mmu      ] GC(328) MMU target violated: 21.0ms (20.0ms/21.0ms)
[2025-03-28T19:38:22.330+0530][gc,phases   ] GC(328)   Pre Evacuate Collection Set: 0.2ms
[2025-03-28T19:38:22.330+0530][gc,phases   ] GC(328)   Merge Heap Roots: 0.1ms
[2025-03-28T19:38:22.330+0530][gc,phases   ] GC(328)   Evacuate Collection Set: 21.8ms
[2025-03-28T19:38:22.330+0530][gc,phases   ] GC(328)   Post Evacuate Collection Set: 0.3ms
[2025-03-28T19:38:22.330+0530][gc,phases   ] GC(328)   Other: 0.2ms
[2025-03-28T19:38:22.330+0530][gc,heap     ] GC(328) Eden regions: 45->0(251)
[2025-03-28T19:38:22.330+0530][gc,heap     ] GC(328) Survivor regions: 6->3(7)
[2025-03-28T19:38:22.330+0530][gc,heap     ] GC(328) Old regions: 197->199
[2025-03-28T19:38:22.330+0530][gc,heap     ] GC(328) Archive regions: 2->2
[2025-03-28T19:38:22.330+0530][gc,heap     ] GC(328) Humongous regions: 140->140
[2025-03-28T19:38:22.330+0530][gc,metaspace] GC(328) Metaspace: 51364K(52032K)->51364K(52032K) NonClass: 45571K(45952K)->45571K(45952K) Class: 5793K(6080K)->5793K(6080K)
[2025-03-28T19:38:22.330+0530][gc          ] GC(328) Pause Young (Normal) (G1 Evacuation Pause) 388M->342M(1024M) 22.636ms
[2025-03-28T19:38:22.330+0530][gc,cpu      ] GC(328) User=0.02s Sys=0.00s Real=0.03s
[2025-03-28T19:38:33.533+0530][gc,start    ] GC(329) Pause Young (Normal) (G1 Evacuation Pause)
[2025-03-28T19:38:33.534+0530][gc,task     ] GC(329) Using 2 workers of 2 for evacuation
[2025-03-28T19:38:33.542+0530][gc,phases   ] GC(329)   Pre Evacuate Collection Set: 0.2ms
[2025-03-28T19:38:33.542+0530][gc,phases   ] GC(329)   Merge Heap Roots: 0.2ms
[2025-03-28T19:38:33.542+0530][gc,phases   ] GC(329)   Evacuate Collection Set: 5.5ms
[2025-03-28T19:38:33.542+0530][gc,phases   ] GC(329)   Post Evacuate Collection Set: 2.0ms
[2025-03-28T19:38:33.542+0530][gc,phases   ] GC(329)   Other: 0.2ms
[2025-03-28T19:38:33.542+0530][gc,heap     ] GC(329) Eden regions: 251->0(381)
[2025-03-28T19:38:33.542+0530][gc,heap     ] GC(329) Survivor regions: 3->3(32)
[2025-03-28T19:38:33.542+0530][gc,heap     ] GC(329) Old regions: 199->199
[2025-03-28T19:38:33.542+0530][gc,heap     ] GC(329) Archive regions: 2->2
[2025-03-28T19:38:33.542+0530][gc,heap     ] GC(329) Humongous regions: 144->138
[2025-03-28T19:38:33.542+0530][gc,metaspace] GC(329) Metaspace: 51364K(52032K)->51364K(52032K) NonClass: 45571K(45952K)->45571K(45952K) Class: 5793K(6080K)->5793K(6080K)
[2025-03-28T19:38:33.542+0530][gc          ] GC(329) Pause Young (Normal) (G1 Evacuation Pause) 597M->340M(1024M) 8.214ms
[2025-03-28T19:38:33.542+0530][gc,cpu      ] GC(329) User=0.01s Sys=0.00s Real=0.01s
[2025-03-28T19:38:42.527+0530][gc,start    ] GC(223) Pause Young (Normal) (G1 Evacuation Pause)
[2025-03-28T19:38:42.527+0530][gc,task     ] GC(223) Using 2 workers of 2 for evacuation
[2025-03-28T19:38:42.540+0530][gc,phases   ] GC(223)   Pre Evacuate Collection Set: 0.3ms
[2025-03-28T19:38:42.540+0530][gc,phases   ] GC(223)   Merge Heap Roots: 0.1ms
[2025-03-28T19:38:42.540+0530][gc,phases   ] GC(223)   Evacuate Collection Set: 11.8ms
[2025-03-28T19:38:42.540+0530][gc,phases   ] GC(223)   Post Evacuate Collection Set: 1.0ms
[2025-03-28T19:38:42.540+0530][gc,phases   ] GC(223)   Other: 0.2ms
[2025-03-28T19:38:42.540+0530][gc,heap     ] GC(223) Eden regions: 521->0(328)
[2025-03-28T19:38:42.540+0530][gc,heap     ] GC(223) Survivor regions: 3->3(66)
[2025-03-28T19:38:42.540+0530][gc,heap     ] GC(223) Old regions: 95->95
[2025-03-28T19:38:42.540+0530][gc,heap     ] GC(223) Archive regions: 2->2
[2025-03-28T19:38:42.540+0530][gc,heap     ] GC(223) Humongous regions: 159->149
[2025-03-28T19:38:42.540+0530][gc,metaspace] GC(223) Metaspace: 50515K(51136K)->50515K(51136K) NonClass: 44819K(45184K)->44819K(45184K) Class: 5696K(5952K)->5696K(5952K)
[2025-03-28T19:38:42.540+0530][gc          ] GC(223) Pause Young (Normal) (G1 Evacuation Pause) 778M->247M(1024M) 13.428ms
[2025-03-28T19:38:42.540+0530][gc,cpu      ] GC(223) User=0.01s Sys=0.00s Real=0.01s
[2025-03-28T19:38:52.341+0530][gc,start    ] GC(330) Pause Young (Normal) (G1 Evacuation Pause)
[2025-03-28T19:38:52.341+0530][gc,task     ] GC(330) Using 2 workers of 2 for evacuation
[2025-03-28T19:38:52.348+0530][gc,phases   ] GC(330)   Pre Evacuate Collection Set: 0.2ms
[2025-03-28T19:38:52.348+0530][gc,phases   ] GC(330)   Merge Heap Roots: 0.1ms
[2025-03-28T19:38:52.348+0530][gc,phases   ] GC(330)   Evacuate Collection Set: 6.0ms
[2025-03-28T19:38:52.348+0530][gc,phases   ] GC(330)   Post Evacuate Collection Set: 0.6ms
[2025-03-28T19:38:52.348+0530][gc,phases   ] GC(330)   Other: 0.2ms
[2025-03-28T19:38:52.348+0530][gc,heap     ] GC(330) Eden regions: 381->0(542)
[2025-03-28T19:38:52.348+0530][gc,heap     ] GC(330) Survivor regions: 3->3(48)
[2025-03-28T19:38:52.348+0530][gc,heap     ] GC(330) Old regions: 199->199
[2025-03-28T19:38:52.348+0530][gc,heap     ] GC(330) Archive regions: 2->2
[2025-03-28T19:38:52.348+0530][gc,heap     ] GC(330) Humongous regions: 146->140
[2025-03-28T19:38:52.348+0530][gc,metaspace] GC(330) Metaspace: 51365K(52032K)->51365K(52032K) NonClass: 45572K(45952K)->45572K(45952K) Class: 5793K(6080K)->5793K(6080K)
[2025-03-28T19:38:52.348+0530][gc          ] GC(330) Pause Young (Normal) (G1 Evacuation Pause) 729M->342M(1024M) 7.183ms
[2025-03-28T19:38:52.348+0530][gc,cpu      ] GC(330) User=0.01s Sys=0.00s Real=0.00s
[2025-03-28T19:48:49.425+0530][gc,start    ] GC(224) Pause Young (Normal) (G1 Evacuation Pause)
[2025-03-28T19:48:49.454+0530][gc,task     ] GC(224) Using 2 workers of 2 for evacuation
[2025-03-28T19:48:50.085+0530][gc,mmu      ] GC(224) MMU target violated: 21.0ms (20.0ms/21.0ms)
[2025-03-28T19:48:50.085+0530][gc,phases   ] GC(224)   Pre Evacuate Collection Set: 444.5ms
[2025-03-28T19:48:50.085+0530][gc,phases   ] GC(224)   Merge Heap Roots: 94.9ms
[2025-03-28T19:48:50.085+0530][gc,phases   ] GC(224)   Evacuate Collection Set: 56.2ms
[2025-03-28T19:48:50.085+0530][gc,phases   ] GC(224)   Post Evacuate Collection Set: 23.1ms
[2025-03-28T19:48:50.085+0530][gc,phases   ] GC(224)   Other: 338.6ms
[2025-03-28T19:48:50.085+0530][gc,heap     ] GC(224) Eden regions: 328->0(41)
[2025-03-28T19:48:50.085+0530][gc,heap     ] GC(224) Survivor regions: 3->10(42)
[2025-03-28T19:48:50.085+0530][gc,heap     ] GC(224) Old regions: 95->95
[2025-03-28T19:48:50.085+0530][gc,heap     ] GC(224) Archive regions: 2->2
[2025-03-28T19:48:50.085+0530][gc,heap     ] GC(224) Humongous regions: 153->147
[2025-03-28T19:48:50.085+0530][gc,metaspace] GC(224) Metaspace: 51039K(51712K)->51039K(51712K) NonClass: 45274K(45632K)->45274K(45632K) Class: 5764K(6080K)->5764K(6080K)
[2025-03-28T19:48:50.085+0530][gc          ] GC(224) Pause Young (Normal) (G1 Evacuation Pause) 579M->252M(1024M) 659.976ms
[2025-03-28T19:48:50.085+0530][gc,cpu      ] GC(224) User=0.01s Sys=0.02s Real=0.66s
[2025-03-28T19:48:51.173+0530][gc,start    ] GC(225) Pause Young (Normal) (G1 Evacuation Pause)
[2025-03-28T19:48:51.173+0530][gc,task     ] GC(225) Using 2 workers of 2 for evacuation
[2025-03-28T19:48:51.206+0530][gc,mmu      ] GC(225) MMU target violated: 21.0ms (20.0ms/21.0ms)
[2025-03-28T19:48:51.207+0530][gc,phases   ] GC(225)   Pre Evacuate Collection Set: 0.5ms
[2025-03-28T19:48:51.207+0530][gc,phases   ] GC(225)   Merge Heap Roots: 0.2ms
[2025-03-28T19:48:51.207+0530][gc,phases   ] GC(225)   Evacuate Collection Set: 31.2ms
[2025-03-28T19:48:51.207+0530][gc,phases   ] GC(225)   Post Evacuate Collection Set: 1.2ms
[2025-03-28T19:48:51.207+0530][gc,phases   ] GC(225)   Other: 0.6ms
[2025-03-28T19:48:51.207+0530][gc,heap     ] GC(225) Eden regions: 41->0(45)
[2025-03-28T19:48:51.207+0530][gc,heap     ] GC(225) Survivor regions: 10->6(7)
[2025-03-28T19:48:51.207+0530][gc,heap     ] GC(225) Old regions: 95->105
[2025-03-28T19:48:51.207+0530][gc,heap     ] GC(225) Archive regions: 2->2
[2025-03-28T19:48:51.207+0530][gc,heap     ] GC(225) Humongous regions: 147->147
[2025-03-28T19:48:51.207+0530][gc,metaspace] GC(225) Metaspace: 51218K(51904K)->51218K(51904K) NonClass: 45403K(45760K)->45403K(45760K) Class: 5815K(6144K)->5815K(6144K)
[2025-03-28T19:48:51.208+0530][gc          ] GC(225) Pause Young (Normal) (G1 Evacuation Pause) 293M->258M(1024M) 33.966ms
[2025-03-28T19:48:51.208+0530][gc,cpu      ] GC(225) User=0.04s Sys=0.00s Real=0.04s
[2025-03-28T19:48:51.613+0530][gc,start    ] GC(226) Pause Young (Normal) (GCLocker Initiated GC)
[2025-03-28T19:48:51.613+0530][gc,task     ] GC(226) Using 2 workers of 2 for evacuation
[2025-03-28T19:48:51.641+0530][gc,mmu      ] GC(226) MMU target violated: 21.0ms (20.0ms/21.0ms)
[2025-03-28T19:48:51.641+0530][gc,phases   ] GC(226)   Pre Evacuate Collection Set: 0.2ms
[2025-03-28T19:48:51.641+0530][gc,phases   ] GC(226)   Merge Heap Roots: 0.1ms
[2025-03-28T19:48:51.641+0530][gc,phases   ] GC(226)   Evacuate Collection Set: 25.7ms
[2025-03-28T19:48:51.641+0530][gc,phases   ] GC(226)   Post Evacuate Collection Set: 2.0ms
[2025-03-28T19:48:51.641+0530][gc,phases   ] GC(226)   Other: 0.2ms
[2025-03-28T19:48:51.641+0530][gc,heap     ] GC(226) Eden regions: 45->0(47)
[2025-03-28T19:48:51.641+0530][gc,heap     ] GC(226) Survivor regions: 6->4(7)
[2025-03-28T19:48:51.641+0530][gc,heap     ] GC(226) Old regions: 105->110
[2025-03-28T19:48:51.641+0530][gc,heap     ] GC(226) Archive regions: 2->2
[2025-03-28T19:48:51.641+0530][gc,heap     ] GC(226) Humongous regions: 151->151
[2025-03-28T19:48:51.641+0530][gc,metaspace] GC(226) Metaspace: 51310K(52032K)->51310K(52032K) NonClass: 45481K(45824K)->45481K(45824K) Class: 5829K(6208K)->5829K(6208K)
[2025-03-28T19:48:51.642+0530][gc          ] GC(226) Pause Young (Normal) (GCLocker Initiated GC) 307M->264M(1024M) 28.273ms
[2025-03-28T19:48:51.642+0530][gc,cpu      ] GC(226) User=0.03s Sys=0.00s Real=0.03s
[2025-03-28T19:48:51.754+0530][gc,start    ] GC(227) Pause Young (Normal) (GCLocker Initiated GC)
[2025-03-28T19:48:51.754+0530][gc,task     ] GC(227) Using 2 workers of 2 for evacuation
[2025-03-28T19:48:51.772+0530][gc,phases   ] GC(227)   Pre Evacuate Collection Set: 0.7ms
[2025-03-28T19:48:51.772+0530][gc,phases   ] GC(227)   Merge Heap Roots: 0.1ms
[2025-03-28T19:48:51.772+0530][gc,phases   ] GC(227)   Evacuate Collection Set: 15.6ms
[2025-03-28T19:48:51.772+0530][gc,phases   ] GC(227)   Post Evacuate Collection Set: 1.5ms
[2025-03-28T19:48:51.772+0530][gc,phases   ] GC(227)   Other: 0.2ms
[2025-03-28T19:48:51.772+0530][gc,heap     ] GC(227) Eden regions: 50->0(48)
[2025-03-28T19:48:51.772+0530][gc,heap     ] GC(227) Survivor regions: 4->3(7)
[2025-03-28T19:48:51.772+0530][gc,heap     ] GC(227) Old regions: 110->110
[2025-03-28T19:48:51.772+0530][gc,heap     ] GC(227) Archive regions: 2->2
[2025-03-28T19:48:51.772+0530][gc,heap     ] GC(227) Humongous regions: 151->151
[2025-03-28T19:48:51.772+0530][gc,metaspace] GC(227) Metaspace: 51427K(52160K)->51427K(52160K) NonClass: 45575K(45952K)->45575K(45952K) Class: 5852K(6208K)->5852K(6208K)
[2025-03-28T19:48:51.772+0530][gc          ] GC(227) Pause Young (Normal) (GCLocker Initiated GC) 314M->264M(1024M) 18.250ms
[2025-03-28T19:48:51.772+0530][gc,cpu      ] GC(227) User=0.01s Sys=0.00s Real=0.01s
[2025-03-28T19:48:52.551+0530][gc,start    ] GC(228) Pause Young (Normal) (G1 Evacuation Pause)
[2025-03-28T19:48:52.551+0530][gc,task     ] GC(228) Using 2 workers of 2 for evacuation
[2025-03-28T19:48:52.565+0530][gc,phases   ] GC(228)   Pre Evacuate Collection Set: 0.2ms
[2025-03-28T19:48:52.565+0530][gc,phases   ] GC(228)   Merge Heap Roots: 0.1ms
[2025-03-28T19:48:52.565+0530][gc,phases   ] GC(228)   Evacuate Collection Set: 11.7ms
[2025-03-28T19:48:52.565+0530][gc,phases   ] GC(228)   Post Evacuate Collection Set: 2.3ms
[2025-03-28T19:48:52.565+0530][gc,phases   ] GC(228)   Other: 0.2ms
[2025-03-28T19:48:52.565+0530][gc,heap     ] GC(228) Eden regions: 48->0(44)
[2025-03-28T19:48:52.565+0530][gc,heap     ] GC(228) Survivor regions: 3->7(7)
[2025-03-28T19:48:52.565+0530][gc,heap     ] GC(228) Old regions: 110->110
[2025-03-28T19:48:52.565+0530][gc,heap     ] GC(228) Archive regions: 2->2
[2025-03-28T19:48:52.565+0530][gc,heap     ] GC(228) Humongous regions: 151->147
[2025-03-28T19:48:52.565+0530][gc,metaspace] GC(228) Metaspace: 51513K(52224K)->51513K(52224K) NonClass: 45645K(46016K)->45645K(46016K) Class: 5867K(6208K)->5867K(6208K)
[2025-03-28T19:48:52.565+0530][gc          ] GC(228) Pause Young (Normal) (G1 Evacuation Pause) 312M->264M(1024M) 14.556ms
[2025-03-28T19:48:52.565+0530][gc,cpu      ] GC(228) User=0.01s Sys=0.01s Real=0.02s
[2025-03-28T19:48:52.780+0530][gc,start    ] GC(229) Pause Young (Normal) (G1 Evacuation Pause)
[2025-03-28T19:48:52.780+0530][gc,task     ] GC(229) Using 2 workers of 2 for evacuation
[2025-03-28T19:48:52.869+0530][gc,mmu      ] GC(229) MMU target violated: 21.0ms (20.0ms/21.0ms)
[2025-03-28T19:48:52.869+0530][gc,phases   ] GC(229)   Pre Evacuate Collection Set: 0.3ms
[2025-03-28T19:48:52.869+0530][gc,phases   ] GC(229)   Merge Heap Roots: 0.1ms
[2025-03-28T19:48:52.869+0530][gc,phases   ] GC(229)   Evacuate Collection Set: 77.9ms
[2025-03-28T19:48:52.869+0530][gc,phases   ] GC(229)   Post Evacuate Collection Set: 10.4ms
[2025-03-28T19:48:52.869+0530][gc,phases   ] GC(229)   Other: 0.2ms
[2025-03-28T19:48:52.869+0530][gc,heap     ] GC(229) Eden regions: 44->0(44)
[2025-03-28T19:48:52.869+0530][gc,heap     ] GC(229) Survivor regions: 7->7(7)
[2025-03-28T19:48:52.869+0530][gc,heap     ] GC(229) Old regions: 110->117
[2025-03-28T19:48:52.869+0530][gc,heap     ] GC(229) Archive regions: 2->2
[2025-03-28T19:48:52.869+0530][gc,heap     ] GC(229) Humongous regions: 147->147
[2025-03-28T19:48:52.869+0530][gc,metaspace] GC(229) Metaspace: 51514K(52224K)->51514K(52224K) NonClass: 45646K(46016K)->45646K(46016K) Class: 5867K(6208K)->5867K(6208K)
[2025-03-28T19:48:52.869+0530][gc          ] GC(229) Pause Young (Normal) (G1 Evacuation Pause) 308M->271M(1024M) 88.951ms
[2025-03-28T19:48:52.869+0530][gc,cpu      ] GC(229) User=0.03s Sys=0.01s Real=0.09s
[2025-03-28T19:48:52.962+0530][gc,start    ] GC(230) Pause Young (Normal) (G1 Evacuation Pause)
[2025-03-28T19:48:52.962+0530][gc,task     ] GC(230) Using 2 workers of 2 for evacuation
[2025-03-28T19:48:52.995+0530][gc,mmu      ] GC(230) MMU target violated: 21.0ms (20.0ms/21.0ms)
[2025-03-28T19:48:52.995+0530][gc,phases   ] GC(230)   Pre Evacuate Collection Set: 0.2ms
[2025-03-28T19:48:52.995+0530][gc,phases   ] GC(230)   Merge Heap Roots: 0.1ms
[2025-03-28T19:48:52.995+0530][gc,phases   ] GC(230)   Evacuate Collection Set: 31.8ms
[2025-03-28T19:48:52.995+0530][gc,phases   ] GC(230)   Post Evacuate Collection Set: 1.1ms
[2025-03-28T19:48:52.995+0530][gc,phases   ] GC(230)   Other: 0.2ms
[2025-03-28T19:48:52.995+0530][gc,heap     ] GC(230) Eden regions: 44->0(47)
[2025-03-28T19:48:52.995+0530][gc,heap     ] GC(230) Survivor regions: 7->4(7)
[2025-03-28T19:48:52.995+0530][gc,heap     ] GC(230) Old regions: 117->123
[2025-03-28T19:48:52.995+0530][gc,heap     ] GC(230) Archive regions: 2->2
[2025-03-28T19:48:52.995+0530][gc,heap     ] GC(230) Humongous regions: 149->149
[2025-03-28T19:48:52.995+0530][gc,metaspace] GC(230) Metaspace: 51514K(52224K)->51514K(52224K) NonClass: 45646K(46016K)->45646K(46016K) Class: 5867K(6208K)->5867K(6208K)
[2025-03-28T19:48:52.995+0530][gc          ] GC(230) Pause Young (Normal) (G1 Evacuation Pause) 317M->276M(1024M) 33.470ms
[2025-03-28T19:48:52.995+0530][gc,cpu      ] GC(230) User=0.02s Sys=0.01s Real=0.04s
[2025-03-28T19:48:53.651+0530][gc,start    ] GC(231) Pause Young (Normal) (G1 Evacuation Pause)
[2025-03-28T19:48:53.652+0530][gc,task     ] GC(231) Using 2 workers of 2 for evacuation
[2025-03-28T19:48:56.320+0530][gc,mmu      ] GC(231) MMU target violated: 21.0ms (20.0ms/21.0ms)
[2025-03-28T19:48:56.333+0530][gc,phases   ] GC(231)   Pre Evacuate Collection Set: 0.8ms
[2025-03-28T19:48:56.333+0530][gc,phases   ] GC(231)   Merge Heap Roots: 0.3ms
[2025-03-28T19:48:56.333+0530][gc,phases   ] GC(231)   Evacuate Collection Set: 76.5ms
[2025-03-28T19:48:56.333+0530][gc,phases   ] GC(231)   Post Evacuate Collection Set: 2590.5ms
[2025-03-28T19:48:56.333+0530][gc,phases   ] GC(231)   Other: 13.3ms
[2025-03-28T19:48:56.339+0530][gc,heap     ] GC(231) Eden regions: 47->0(46)
[2025-03-28T19:48:56.339+0530][gc,heap     ] GC(231) Survivor regions: 4->5(7)
[2025-03-28T19:48:56.339+0530][gc,heap     ] GC(231) Old regions: 123->123
[2025-03-28T19:48:56.339+0530][gc,heap     ] GC(231) Archive regions: 2->2
[2025-03-28T19:48:56.340+0530][gc,heap     ] GC(231) Humongous regions: 154->149
[2025-03-28T19:48:56.340+0530][gc,metaspace] GC(231) Metaspace: 51514K(52224K)->51514K(52224K) NonClass: 45647K(46016K)->45647K(46016K) Class: 5867K(6208K)->5867K(6208K)
[2025-03-28T19:48:56.340+0530][gc          ] GC(231) Pause Young (Normal) (G1 Evacuation Pause) 328M->277M(1024M) 2688.479ms
[2025-03-28T19:48:56.340+0530][gc,cpu      ] GC(231) User=0.08s Sys=0.00s Real=2.68s
[2025-03-28T19:48:57.473+0530][gc,start    ] GC(232) Pause Young (Normal) (G1 Evacuation Pause)
[2025-03-28T19:48:57.473+0530][gc,task     ] GC(232) Using 2 workers of 2 for evacuation
[2025-03-28T19:48:57.575+0530][gc,mmu      ] GC(232) MMU target violated: 21.0ms (20.0ms/21.0ms)
[2025-03-28T19:48:57.575+0530][gc,phases   ] GC(232)   Pre Evacuate Collection Set: 0.2ms
[2025-03-28T19:48:57.575+0530][gc,phases   ] GC(232)   Merge Heap Roots: 0.1ms
[2025-03-28T19:48:57.575+0530][gc,phases   ] GC(232)   Evacuate Collection Set: 86.8ms
[2025-03-28T19:48:57.575+0530][gc,phases   ] GC(232)   Post Evacuate Collection Set: 14.5ms
[2025-03-28T19:48:57.575+0530][gc,phases   ] GC(232)   Other: 0.2ms
[2025-03-28T19:48:57.575+0530][gc,heap     ] GC(232) Eden regions: 46->0(46)
[2025-03-28T19:48:57.575+0530][gc,heap     ] GC(232) Survivor regions: 5->5(7)
[2025-03-28T19:48:57.575+0530][gc,heap     ] GC(232) Old regions: 123->127
[2025-03-28T19:48:57.575+0530][gc,heap     ] GC(232) Archive regions: 2->2
[2025-03-28T19:48:57.575+0530][gc,heap     ] GC(232) Humongous regions: 149->149
[2025-03-28T19:48:57.575+0530][gc,metaspace] GC(232) Metaspace: 51516K(52224K)->51516K(52224K) NonClass: 45648K(46016K)->45648K(46016K) Class: 5867K(6208K)->5867K(6208K)
[2025-03-28T19:48:57.575+0530][gc          ] GC(232) Pause Young (Normal) (G1 Evacuation Pause) 323M->280M(1024M) 101.953ms
[2025-03-28T19:48:57.575+0530][gc,cpu      ] GC(232) User=0.02s Sys=0.00s Real=0.10s
[2025-03-28T19:48:57.918+0530][gc,start    ] GC(233) Pause Young (Normal) (G1 Evacuation Pause)
[2025-03-28T19:48:57.918+0530][gc,task     ] GC(233) Using 2 workers of 2 for evacuation
[2025-03-28T19:48:58.015+0530][gc,mmu      ] GC(233) MMU target violated: 21.0ms (20.0ms/21.0ms)
[2025-03-28T19:48:58.015+0530][gc,phases   ] GC(233)   Pre Evacuate Collection Set: 0.2ms
[2025-03-28T19:48:58.015+0530][gc,phases   ] GC(233)   Merge Heap Roots: 0.1ms
[2025-03-28T19:48:58.015+0530][gc,phases   ] GC(233)   Evacuate Collection Set: 77.8ms
[2025-03-28T19:48:58.015+0530][gc,phases   ] GC(233)   Post Evacuate Collection Set: 19.3ms
[2025-03-28T19:48:58.015+0530][gc,phases   ] GC(233)   Other: 0.2ms
[2025-03-28T19:48:58.015+0530][gc,heap     ] GC(233) Eden regions: 46->0(48)
[2025-03-28T19:48:58.015+0530][gc,heap     ] GC(233) Survivor regions: 5->3(7)
[2025-03-28T19:48:58.015+0530][gc,heap     ] GC(233) Old regions: 127->128
[2025-03-28T19:48:58.015+0530][gc,heap     ] GC(233) Archive regions: 2->2
[2025-03-28T19:48:58.015+0530][gc,heap     ] GC(233) Humongous regions: 151->149
[2025-03-28T19:48:58.016+0530][gc,metaspace] GC(233) Metaspace: 51519K(52224K)->51519K(52224K) NonClass: 45652K(46016K)->45652K(46016K) Class: 5867K(6208K)->5867K(6208K)
[2025-03-28T19:48:58.016+0530][gc          ] GC(233) Pause Young (Normal) (G1 Evacuation Pause) 328M->280M(1024M) 97.681ms
[2025-03-28T19:48:58.016+0530][gc,cpu      ] GC(233) User=0.01s Sys=0.00s Real=0.10s
[2025-03-28T19:49:01.890+0530][gc,start    ] GC(234) Pause Young (Normal) (G1 Evacuation Pause)
[2025-03-28T19:49:01.901+0530][gc,task     ] GC(234) Using 2 workers of 2 for evacuation
[2025-03-28T19:49:01.934+0530][gc,mmu      ] GC(234) MMU target violated: 21.0ms (20.0ms/21.0ms)
[2025-03-28T19:49:01.934+0530][gc,phases   ] GC(234)   Pre Evacuate Collection Set: 0.3ms
[2025-03-28T19:49:01.934+0530][gc,phases   ] GC(234)   Merge Heap Roots: 0.2ms
[2025-03-28T19:49:01.934+0530][gc,phases   ] GC(234)   Evacuate Collection Set: 7.0ms
[2025-03-28T19:49:01.934+0530][gc,phases   ] GC(234)   Post Evacuate Collection Set: 25.2ms
[2025-03-28T19:49:01.934+0530][gc,phases   ] GC(234)   Other: 11.0ms
[2025-03-28T19:49:01.934+0530][gc,heap     ] GC(234) Eden regions: 48->0(49)
[2025-03-28T19:49:01.934+0530][gc,heap     ] GC(234) Survivor regions: 3->2(7)
[2025-03-28T19:49:01.934+0530][gc,heap     ] GC(234) Old regions: 128->128
[2025-03-28T19:49:01.934+0530][gc,heap     ] GC(234) Archive regions: 2->2
[2025-03-28T19:49:01.934+0530][gc,heap     ] GC(234) Humongous regions: 152->147
[2025-03-28T19:49:01.934+0530][gc,metaspace] GC(234) Metaspace: 51520K(52224K)->51520K(52224K) NonClass: 45652K(46016K)->45652K(46016K) Class: 5867K(6208K)->5867K(6208K)
[2025-03-28T19:49:01.934+0530][gc          ] GC(234) Pause Young (Normal) (G1 Evacuation Pause) 331M->277M(1024M) 43.954ms
[2025-03-28T19:49:01.934+0530][gc,cpu      ] GC(234) User=0.01s Sys=0.00s Real=0.04s
[2025-03-28T19:49:02.061+0530][gc,start    ] GC(235) Pause Young (Normal) (G1 Evacuation Pause)
[2025-03-28T19:49:02.061+0530][gc,task     ] GC(235) Using 2 workers of 2 for evacuation
[2025-03-28T19:49:02.083+0530][gc,mmu      ] GC(235) MMU target violated: 21.0ms (20.0ms/21.0ms)
[2025-03-28T19:49:02.083+0530][gc,phases   ] GC(235)   Pre Evacuate Collection Set: 0.2ms
[2025-03-28T19:49:02.083+0530][gc,phases   ] GC(235)   Merge Heap Roots: 0.1ms
[2025-03-28T19:49:02.083+0530][gc,phases   ] GC(235)   Evacuate Collection Set: 20.3ms
[2025-03-28T19:49:02.083+0530][gc,phases   ] GC(235)   Post Evacuate Collection Set: 1.1ms
[2025-03-28T19:49:02.083+0530][gc,phases   ] GC(235)   Other: 0.4ms
[2025-03-28T19:49:02.083+0530][gc,heap     ] GC(235) Eden regions: 49->0(44)
[2025-03-28T19:49:02.083+0530][gc,heap     ] GC(235) Survivor regions: 2->7(7)
[2025-03-28T19:49:02.083+0530][gc,heap     ] GC(235) Old regions: 128->129
[2025-03-28T19:49:02.083+0530][gc,heap     ] GC(235) Archive regions: 2->2
[2025-03-28T19:49:02.083+0530][gc,heap     ] GC(235) Humongous regions: 147->147
[2025-03-28T19:49:02.083+0530][gc,metaspace] GC(235) Metaspace: 51520K(52224K)->51520K(52224K) NonClass: 45652K(46016K)->45652K(46016K) Class: 5867K(6208K)->5867K(6208K)
[2025-03-28T19:49:02.083+0530][gc          ] GC(235) Pause Young (Normal) (G1 Evacuation Pause) 326M->283M(1024M) 22.112ms
[2025-03-28T19:49:02.083+0530][gc,cpu      ] GC(235) User=0.01s Sys=0.00s Real=0.02s
[2025-03-28T19:49:02.492+0530][gc,start    ] GC(331) Pause Young (Concurrent Start) (G1 Humongous Allocation)
[2025-03-28T19:49:02.492+0530][gc,task     ] GC(331) Using 2 workers of 2 for evacuation
[2025-03-28T19:49:02.669+0530][gc,mmu      ] GC(331) MMU target violated: 21.0ms (20.0ms/21.0ms)
[2025-03-28T19:49:02.669+0530][gc,phases   ] GC(331)   Pre Evacuate Collection Set: 33.4ms
[2025-03-28T19:49:02.669+0530][gc,phases   ] GC(331)   Merge Heap Roots: 10.6ms
[2025-03-28T19:49:02.669+0530][gc,phases   ] GC(331)   Evacuate Collection Set: 79.4ms
[2025-03-28T19:49:02.669+0530][gc,phases   ] GC(331)   Post Evacuate Collection Set: 48.0ms
[2025-03-28T19:49:02.670+0530][gc,phases   ] GC(331)   Other: 6.9ms
[2025-03-28T19:49:02.670+0530][gc,heap     ] GC(331) Eden regions: 479->0(44)
[2025-03-28T19:49:02.670+0530][gc,heap     ] GC(331) Survivor regions: 3->7(69)
[2025-03-28T19:49:02.670+0530][gc,heap     ] GC(331) Old regions: 199->199
[2025-03-28T19:49:02.670+0530][gc,heap     ] GC(331) Archive regions: 2->2
[2025-03-28T19:49:02.670+0530][gc,heap     ] GC(331) Humongous regions: 157->149
[2025-03-28T19:49:02.670+0530][gc,metaspace] GC(331) Metaspace: 51611K(52352K)->51611K(52352K) NonClass: 45801K(46208K)->45801K(46208K) Class: 5810K(6144K)->5810K(6144K)
[2025-03-28T19:49:02.670+0530][gc          ] GC(331) Pause Young (Concurrent Start) (G1 Humongous Allocation) 838M->355M(1024M) 177.360ms
[2025-03-28T19:49:02.670+0530][gc,cpu      ] GC(331) User=0.02s Sys=0.02s Real=0.18s
[2025-03-28T19:49:02.672+0530][gc          ] GC(332) Concurrent Undo Cycle
[2025-03-28T19:49:02.673+0530][gc,marking  ] GC(332) Concurrent Cleanup for Next Mark
[2025-03-28T19:49:03.129+0530][gc,start    ] GC(333) Pause Young (Normal) (G1 Evacuation Pause)
[2025-03-28T19:49:03.129+0530][gc,task     ] GC(333) Using 2 workers of 2 for evacuation
[2025-03-28T19:49:03.175+0530][gc,mmu      ] GC(333) MMU target violated: 21.0ms (20.0ms/21.0ms)
[2025-03-28T19:49:03.175+0530][gc,phases   ] GC(333)   Pre Evacuate Collection Set: 0.5ms
[2025-03-28T19:49:03.175+0530][gc,phases   ] GC(333)   Merge Heap Roots: 0.4ms
[2025-03-28T19:49:03.175+0530][gc,phases   ] GC(333)   Evacuate Collection Set: 40.5ms
[2025-03-28T19:49:03.175+0530][gc,phases   ] GC(333)   Post Evacuate Collection Set: 4.4ms
[2025-03-28T19:49:03.175+0530][gc,phases   ] GC(333)   Other: 0.2ms
[2025-03-28T19:49:03.175+0530][gc,heap     ] GC(333) Eden regions: 44->0(45)
[2025-03-28T19:49:03.175+0530][gc,heap     ] GC(333) Survivor regions: 7->6(7)
[2025-03-28T19:49:03.175+0530][gc,heap     ] GC(333) Old regions: 199->203
[2025-03-28T19:49:03.175+0530][gc,heap     ] GC(333) Archive regions: 2->2
[2025-03-28T19:49:03.175+0530][gc,heap     ] GC(333) Humongous regions: 152->147
[2025-03-28T19:49:03.175+0530][gc,metaspace] GC(333) Metaspace: 51611K(52352K)->51611K(52352K) NonClass: 45801K(46208K)->45801K(46208K) Class: 5810K(6144K)->5810K(6144K)
[2025-03-28T19:49:03.175+0530][gc          ] GC(333) Pause Young (Normal) (G1 Evacuation Pause) 402M->355M(1024M) 46.016ms
[2025-03-28T19:49:03.175+0530][gc,cpu      ] GC(333) User=0.03s Sys=0.00s Real=0.05s
[2025-03-28T19:49:03.447+0530][gc,start    ] GC(334) Pause Young (Normal) (G1 Evacuation Pause)
[2025-03-28T19:49:03.447+0530][gc,task     ] GC(334) Using 2 workers of 2 for evacuation
[2025-03-28T19:49:03.473+0530][gc,mmu      ] GC(334) MMU target violated: 21.0ms (20.0ms/21.0ms)
[2025-03-28T19:49:03.473+0530][gc,phases   ] GC(334)   Pre Evacuate Collection Set: 0.4ms
[2025-03-28T19:49:03.473+0530][gc,phases   ] GC(334)   Merge Heap Roots: 0.1ms
[2025-03-28T19:49:03.473+0530][gc,phases   ] GC(334)   Evacuate Collection Set: 24.4ms
[2025-03-28T19:49:03.473+0530][gc,phases   ] GC(334)   Post Evacuate Collection Set: 0.5ms
[2025-03-28T19:49:03.473+0530][gc,phases   ] GC(334)   Other: 0.2ms
[2025-03-28T19:49:03.473+0530][gc,heap     ] GC(334) Eden regions: 45->0(45)
[2025-03-28T19:49:03.473+0530][gc,heap     ] GC(334) Survivor regions: 6->6(7)
[2025-03-28T19:49:03.473+0530][gc,heap     ] GC(334) Old regions: 203->208
[2025-03-28T19:49:03.473+0530][gc,heap     ] GC(334) Archive regions: 2->2
[2025-03-28T19:49:03.473+0530][gc,heap     ] GC(334) Humongous regions: 147->147
[2025-03-28T19:49:03.473+0530][gc,metaspace] GC(334) Metaspace: 51611K(52352K)->51611K(52352K) NonClass: 45801K(46208K)->45801K(46208K) Class: 5810K(6144K)->5810K(6144K)
[2025-03-28T19:49:03.473+0530][gc          ] GC(334) Pause Young (Normal) (G1 Evacuation Pause) 400M->361M(1024M) 25.776ms
[2025-03-28T19:49:03.473+0530][gc,cpu      ] GC(334) User=0.02s Sys=0.00s Real=0.02s
[2025-03-28T19:49:03.548+0530][gc,start    ] GC(335) Pause Young (Normal) (G1 Evacuation Pause)
[2025-03-28T19:49:03.548+0530][gc,task     ] GC(335) Using 2 workers of 2 for evacuation
[2025-03-28T19:49:03.559+0530][gc,phases   ] GC(335)   Pre Evacuate Collection Set: 0.2ms
[2025-03-28T19:49:03.559+0530][gc,phases   ] GC(335)   Merge Heap Roots: 0.1ms
[2025-03-28T19:49:03.559+0530][gc,phases   ] GC(335)   Evacuate Collection Set: 9.5ms
[2025-03-28T19:49:03.559+0530][gc,phases   ] GC(335)   Post Evacuate Collection Set: 0.5ms
[2025-03-28T19:49:03.559+0530][gc,phases   ] GC(335)   Other: 0.2ms
[2025-03-28T19:49:03.559+0530][gc,heap     ] GC(335) Eden regions: 45->0(49)
[2025-03-28T19:49:03.559+0530][gc,heap     ] GC(335) Survivor regions: 6->2(7)
[2025-03-28T19:49:03.559+0530][gc,heap     ] GC(335) Old regions: 208->214
[2025-03-28T19:49:03.559+0530][gc,heap     ] GC(335) Archive regions: 2->2
[2025-03-28T19:49:03.559+0530][gc,heap     ] GC(335) Humongous regions: 149->149
[2025-03-28T19:49:03.559+0530][gc,metaspace] GC(335) Metaspace: 51611K(52352K)->51611K(52352K) NonClass: 45801K(46208K)->45801K(46208K) Class: 5810K(6144K)->5810K(6144K)
[2025-03-28T19:49:03.559+0530][gc          ] GC(335) Pause Young (Normal) (G1 Evacuation Pause) 408M->365M(1024M) 10.652ms
[2025-03-28T19:49:03.559+0530][gc,cpu      ] GC(335) User=0.02s Sys=0.01s Real=0.00s
[2025-03-28T19:49:03.668+0530][gc,start    ] GC(336) Pause Young (Normal) (G1 Evacuation Pause)
[2025-03-28T19:49:03.668+0530][gc,task     ] GC(336) Using 2 workers of 2 for evacuation
[2025-03-28T19:49:03.689+0530][gc,mmu      ] GC(336) MMU target violated: 21.0ms (20.0ms/21.0ms)
[2025-03-28T19:49:03.689+0530][gc,phases   ] GC(336)   Pre Evacuate Collection Set: 0.2ms
[2025-03-28T19:49:03.689+0530][gc,phases   ] GC(336)   Merge Heap Roots: 0.1ms
[2025-03-28T19:49:03.689+0530][gc,phases   ] GC(336)   Evacuate Collection Set: 4.3ms
[2025-03-28T19:49:03.689+0530][gc,phases   ] GC(336)   Post Evacuate Collection Set: 16.5ms
[2025-03-28T19:49:03.689+0530][gc,phases   ] GC(336)   Other: 0.2ms
[2025-03-28T19:49:03.689+0530][gc,heap     ] GC(336) Eden regions: 49->0(48)
[2025-03-28T19:49:03.689+0530][gc,heap     ] GC(336) Survivor regions: 2->3(7)
[2025-03-28T19:49:03.689+0530][gc,heap     ] GC(336) Old regions: 214->214
[2025-03-28T19:49:03.689+0530][gc,heap     ] GC(336) Archive regions: 2->2
[2025-03-28T19:49:03.689+0530][gc,heap     ] GC(336) Humongous regions: 151->149
[2025-03-28T19:49:03.689+0530][gc,metaspace] GC(336) Metaspace: 51614K(52352K)->51614K(52352K) NonClass: 45803K(46208K)->45803K(46208K) Class: 5810K(6144K)->5810K(6144K)
[2025-03-28T19:49:03.689+0530][gc          ] GC(336) Pause Young (Normal) (G1 Evacuation Pause) 416M->365M(1024M) 21.359ms
[2025-03-28T19:49:03.689+0530][gc,cpu      ] GC(336) User=0.01s Sys=0.00s Real=0.02s
[2025-03-28T19:49:03.850+0530][gc,start    ] GC(337) Pause Young (Normal) (G1 Evacuation Pause)
[2025-03-28T19:49:03.850+0530][gc,task     ] GC(337) Using 2 workers of 2 for evacuation
[2025-03-28T19:49:03.861+0530][gc,phases   ] GC(337)   Pre Evacuate Collection Set: 0.2ms
[2025-03-28T19:49:03.861+0530][gc,phases   ] GC(337)   Merge Heap Roots: 0.1ms
[2025-03-28T19:49:03.861+0530][gc,phases   ] GC(337)   Evacuate Collection Set: 8.9ms
[2025-03-28T19:49:03.861+0530][gc,phases   ] GC(337)   Post Evacuate Collection Set: 2.2ms
[2025-03-28T19:49:03.861+0530][gc,phases   ] GC(337)   Other: 0.2ms
[2025-03-28T19:49:03.861+0530][gc,heap     ] GC(337) Eden regions: 48->0(44)
[2025-03-28T19:49:03.861+0530][gc,heap     ] GC(337) Survivor regions: 3->7(7)
[2025-03-28T19:49:03.861+0530][gc,heap     ] GC(337) Old regions: 214->215
[2025-03-28T19:49:03.861+0530][gc,heap     ] GC(337) Archive regions: 2->2
[2025-03-28T19:49:03.861+0530][gc,heap     ] GC(337) Humongous regions: 152->147
[2025-03-28T19:49:03.861+0530][gc,metaspace] GC(337) Metaspace: 51614K(52352K)->51614K(52352K) NonClass: 45803K(46208K)->45803K(46208K) Class: 5810K(6144K)->5810K(6144K)
[2025-03-28T19:49:03.861+0530][gc          ] GC(337) Pause Young (Normal) (G1 Evacuation Pause) 416M->369M(1024M) 11.663ms
[2025-03-28T19:49:03.861+0530][gc,cpu      ] GC(337) User=0.01s Sys=0.00s Real=0.01s
[2025-03-28T19:49:03.993+0530][gc,start    ] GC(338) Pause Young (Normal) (G1 Evacuation Pause)
[2025-03-28T19:49:03.993+0530][gc,task     ] GC(338) Using 2 workers of 2 for evacuation
[2025-03-28T19:49:04.002+0530][gc,phases   ] GC(338)   Pre Evacuate Collection Set: 0.1ms
[2025-03-28T19:49:04.002+0530][gc,phases   ] GC(338)   Merge Heap Roots: 0.1ms
[2025-03-28T19:49:04.002+0530][gc,phases   ] GC(338)   Evacuate Collection Set: 7.7ms
[2025-03-28T19:49:04.002+0530][gc,phases   ] GC(338)   Post Evacuate Collection Set: 1.0ms
[2025-03-28T19:49:04.002+0530][gc,phases   ] GC(338)   Other: 0.1ms
[2025-03-28T19:49:04.002+0530][gc,heap     ] GC(338) Eden regions: 44->0(49)
[2025-03-28T19:49:04.002+0530][gc,heap     ] GC(338) Survivor regions: 7->2(7)
[2025-03-28T19:49:04.002+0530][gc,heap     ] GC(338) Old regions: 215->218
[2025-03-28T19:49:04.002+0530][gc,heap     ] GC(338) Archive regions: 2->2
[2025-03-28T19:49:04.002+0530][gc,heap     ] GC(338) Humongous regions: 149->149
[2025-03-28T19:49:04.002+0530][gc,metaspace] GC(338) Metaspace: 51614K(52352K)->51614K(52352K) NonClass: 45803K(46208K)->45803K(46208K) Class: 5810K(6144K)->5810K(6144K)
[2025-03-28T19:49:04.002+0530][gc          ] GC(338) Pause Young (Normal) (G1 Evacuation Pause) 415M->369M(1024M) 9.121ms
[2025-03-28T19:49:04.002+0530][gc,cpu      ] GC(338) User=0.01s Sys=0.00s Real=0.01s
[2025-03-28T19:49:04.069+0530][gc,marking  ] GC(332) Concurrent Cleanup for Next Mark 1396.037ms
[2025-03-28T19:49:04.069+0530][gc          ] GC(332) Concurrent Undo Cycle 1397.057ms
[2025-03-28T19:49:04.617+0530][gc,start    ] GC(236) Pause Young (Normal) (G1 Evacuation Pause)
[2025-03-28T19:49:04.617+0530][gc,task     ] GC(236) Using 2 workers of 2 for evacuation
[2025-03-28T19:49:04.629+0530][gc,phases   ] GC(236)   Pre Evacuate Collection Set: 0.3ms
[2025-03-28T19:49:04.629+0530][gc,phases   ] GC(236)   Merge Heap Roots: 0.2ms
[2025-03-28T19:49:04.629+0530][gc,phases   ] GC(236)   Evacuate Collection Set: 7.8ms
[2025-03-28T19:49:04.629+0530][gc,phases   ] GC(236)   Post Evacuate Collection Set: 3.0ms
[2025-03-28T19:49:04.629+0530][gc,phases   ] GC(236)   Other: 0.3ms
[2025-03-28T19:49:04.629+0530][gc,heap     ] GC(236) Eden regions: 44->0(50)
[2025-03-28T19:49:04.629+0530][gc,heap     ] GC(236) Survivor regions: 7->1(7)
[2025-03-28T19:49:04.629+0530][gc,heap     ] GC(236) Old regions: 129->130
[2025-03-28T19:49:04.629+0530][gc,heap     ] GC(236) Archive regions: 2->2
[2025-03-28T19:49:04.629+0530][gc,heap     ] GC(236) Humongous regions: 149->147
[2025-03-28T19:49:04.629+0530][gc,metaspace] GC(236) Metaspace: 51526K(52224K)->51526K(52224K) NonClass: 45658K(46016K)->45658K(46016K) Class: 5867K(6208K)->5867K(6208K)
[2025-03-28T19:49:04.629+0530][gc          ] GC(236) Pause Young (Normal) (G1 Evacuation Pause) 329M->278M(1024M) 11.862ms
[2025-03-28T19:49:04.629+0530][gc,cpu      ] GC(236) User=0.01s Sys=0.01s Real=0.01s
[2025-03-28T19:49:04.689+0530][gc,start    ] GC(237) Pause Young (Normal) (G1 Evacuation Pause)
[2025-03-28T19:49:04.689+0530][gc,task     ] GC(237) Using 2 workers of 2 for evacuation
[2025-03-28T19:49:04.702+0530][gc,phases   ] GC(237)   Pre Evacuate Collection Set: 0.3ms
[2025-03-28T19:49:04.702+0530][gc,phases   ] GC(237)   Merge Heap Roots: 0.2ms
[2025-03-28T19:49:04.702+0530][gc,phases   ] GC(237)   Evacuate Collection Set: 10.7ms
[2025-03-28T19:49:04.702+0530][gc,phases   ] GC(237)   Post Evacuate Collection Set: 0.9ms
[2025-03-28T19:49:04.702+0530][gc,phases   ] GC(237)   Other: 0.2ms
[2025-03-28T19:49:04.702+0530][gc,heap     ] GC(237) Eden regions: 50->0(44)
[2025-03-28T19:49:04.702+0530][gc,heap     ] GC(237) Survivor regions: 1->7(7)
[2025-03-28T19:49:04.702+0530][gc,heap     ] GC(237) Old regions: 130->130
[2025-03-28T19:49:04.702+0530][gc,heap     ] GC(237) Archive regions: 2->2
[2025-03-28T19:49:04.702+0530][gc,heap     ] GC(237) Humongous regions: 147->147
[2025-03-28T19:49:04.702+0530][gc,metaspace] GC(237) Metaspace: 51526K(52224K)->51526K(52224K) NonClass: 45658K(46016K)->45658K(46016K) Class: 5867K(6208K)->5867K(6208K)
[2025-03-28T19:49:04.702+0530][gc          ] GC(237) Pause Young (Normal) (G1 Evacuation Pause) 328M->284M(1024M) 12.419ms
[2025-03-28T19:49:04.702+0530][gc,cpu      ] GC(237) User=0.02s Sys=0.00s Real=0.01s
[2025-03-28T19:49:04.781+0530][gc,start    ] GC(238) Pause Young (Normal) (G1 Evacuation Pause)
[2025-03-28T19:49:04.781+0530][gc,task     ] GC(238) Using 2 workers of 2 for evacuation
[2025-03-28T19:49:04.785+0530][gc,phases   ] GC(238)   Pre Evacuate Collection Set: 0.2ms
[2025-03-28T19:49:04.785+0530][gc,phases   ] GC(238)   Merge Heap Roots: 0.0ms
[2025-03-28T19:49:04.785+0530][gc,phases   ] GC(238)   Evacuate Collection Set: 3.4ms
[2025-03-28T19:49:04.785+0530][gc,phases   ] GC(238)   Post Evacuate Collection Set: 0.6ms
[2025-03-28T19:49:04.785+0530][gc,phases   ] GC(238)   Other: 0.1ms
[2025-03-28T19:49:04.785+0530][gc,heap     ] GC(238) Eden regions: 44->0(49)
[2025-03-28T19:49:04.785+0530][gc,heap     ] GC(238) Survivor regions: 7->2(7)
[2025-03-28T19:49:04.785+0530][gc,heap     ] GC(238) Old regions: 130->131
[2025-03-28T19:49:04.785+0530][gc,heap     ] GC(238) Archive regions: 2->2
[2025-03-28T19:49:04.785+0530][gc,heap     ] GC(238) Humongous regions: 149->149
[2025-03-28T19:49:04.785+0530][gc,metaspace] GC(238) Metaspace: 51526K(52224K)->51526K(52224K) NonClass: 45658K(46016K)->45658K(46016K) Class: 5867K(6208K)->5867K(6208K)
[2025-03-28T19:49:04.785+0530][gc          ] GC(238) Pause Young (Normal) (G1 Evacuation Pause) 330M->282M(1024M) 4.501ms
[2025-03-28T19:49:04.785+0530][gc,cpu      ] GC(238) User=0.01s Sys=0.00s Real=0.01s
[2025-03-28T19:49:12.526+0530][gc,start    ] GC(339) Pause Young (Normal) (G1 Evacuation Pause)
[2025-03-28T19:49:12.526+0530][gc,task     ] GC(339) Using 2 workers of 2 for evacuation
[2025-03-28T19:49:12.584+0530][gc,start    ] GC(239) Pause Young (Normal) (G1 Evacuation Pause)
[2025-03-28T19:49:12.584+0530][gc,task     ] GC(239) Using 2 workers of 2 for evacuation
[2025-03-28T19:49:12.605+0530][gc,mmu      ] GC(339) MMU target violated: 21.0ms (20.0ms/21.0ms)
[2025-03-28T19:49:12.605+0530][gc,phases   ] GC(339)   Pre Evacuate Collection Set: 0.2ms
[2025-03-28T19:49:12.605+0530][gc,phases   ] GC(339)   Merge Heap Roots: 0.1ms
[2025-03-28T19:49:12.605+0530][gc,phases   ] GC(339)   Evacuate Collection Set: 76.9ms
[2025-03-28T19:49:12.605+0530][gc,phases   ] GC(339)   Post Evacuate Collection Set: 1.6ms
[2025-03-28T19:49:12.605+0530][gc,phases   ] GC(339)   Other: 0.2ms
[2025-03-28T19:49:12.605+0530][gc,heap     ] GC(339) Eden regions: 49->0(46)
[2025-03-28T19:49:12.605+0530][gc,heap     ] GC(339) Survivor regions: 2->5(7)
[2025-03-28T19:49:12.605+0530][gc,heap     ] GC(339) Old regions: 218->218
[2025-03-28T19:49:12.605+0530][gc,heap     ] GC(339) Archive regions: 2->2
[2025-03-28T19:49:12.605+0530][gc,heap     ] GC(339) Humongous regions: 149->147
[2025-03-28T19:49:12.605+0530][gc,metaspace] GC(339) Metaspace: 51615K(52352K)->51615K(52352K) NonClass: 45805K(46208K)->45805K(46208K) Class: 5810K(6144K)->5810K(6144K)
[2025-03-28T19:49:12.605+0530][gc          ] GC(339) Pause Young (Normal) (G1 Evacuation Pause) 418M->370M(1024M) 79.025ms
[2025-03-28T19:49:12.605+0530][gc,cpu      ] GC(339) User=0.01s Sys=0.00s Real=0.08s
[2025-03-28T19:49:12.627+0530][gc,mmu      ] GC(239) MMU target violated: 21.0ms (20.0ms/21.0ms)
[2025-03-28T19:49:12.627+0530][gc,phases   ] GC(239)   Pre Evacuate Collection Set: 0.2ms
[2025-03-28T19:49:12.627+0530][gc,phases   ] GC(239)   Merge Heap Roots: 0.1ms
[2025-03-28T19:49:12.627+0530][gc,phases   ] GC(239)   Evacuate Collection Set: 19.2ms
[2025-03-28T19:49:12.627+0530][gc,phases   ] GC(239)   Post Evacuate Collection Set: 23.5ms
[2025-03-28T19:49:12.627+0530][gc,phases   ] GC(239)   Other: 0.2ms
[2025-03-28T19:49:12.627+0530][gc,heap     ] GC(239) Eden regions: 49->0(45)
[2025-03-28T19:49:12.627+0530][gc,heap     ] GC(239) Survivor regions: 2->6(7)
[2025-03-28T19:49:12.627+0530][gc,heap     ] GC(239) Old regions: 131->131
[2025-03-28T19:49:12.627+0530][gc,heap     ] GC(239) Archive regions: 2->2
[2025-03-28T19:49:12.627+0530][gc,heap     ] GC(239) Humongous regions: 149->147
[2025-03-28T19:49:12.627+0530][gc,metaspace] GC(239) Metaspace: 51544K(52224K)->51544K(52224K) NonClass: 45676K(46016K)->45676K(46016K) Class: 5867K(6208K)->5867K(6208K)
[2025-03-28T19:49:12.628+0530][gc          ] GC(239) Pause Young (Normal) (G1 Evacuation Pause) 331M->283M(1024M) 43.324ms
[2025-03-28T19:49:12.628+0530][gc,cpu      ] GC(239) User=0.02s Sys=0.00s Real=0.04s
[2025-03-28T19:49:12.923+0530][gc,start    ] GC(240) Pause Young (Normal) (G1 Evacuation Pause)
[2025-03-28T19:49:12.923+0530][gc,task     ] GC(240) Using 2 workers of 2 for evacuation
[2025-03-28T19:49:12.976+0530][gc,mmu      ] GC(240) MMU target violated: 21.0ms (20.0ms/21.0ms)
[2025-03-28T19:49:12.976+0530][gc,phases   ] GC(240)   Pre Evacuate Collection Set: 0.2ms
[2025-03-28T19:49:12.976+0530][gc,phases   ] GC(240)   Merge Heap Roots: 0.1ms
[2025-03-28T19:49:12.976+0530][gc,phases   ] GC(240)   Evacuate Collection Set: 53.0ms
[2025-03-28T19:49:12.976+0530][gc,phases   ] GC(240)   Post Evacuate Collection Set: 0.5ms
[2025-03-28T19:49:12.976+0530][gc,phases   ] GC(240)   Other: 0.2ms
[2025-03-28T19:49:12.976+0530][gc,heap     ] GC(240) Eden regions: 45->0(49)
[2025-03-28T19:49:12.976+0530][gc,heap     ] GC(240) Survivor regions: 6->2(7)
[2025-03-28T19:49:12.976+0530][gc,heap     ] GC(240) Old regions: 131->132
[2025-03-28T19:49:12.976+0530][gc,heap     ] GC(240) Archive regions: 2->2
[2025-03-28T19:49:12.976+0530][gc,heap     ] GC(240) Humongous regions: 149->149
[2025-03-28T19:49:12.976+0530][gc,metaspace] GC(240) Metaspace: 51545K(52224K)->51545K(52224K) NonClass: 45677K(46016K)->45677K(46016K) Class: 5867K(6208K)->5867K(6208K)
[2025-03-28T19:49:12.977+0530][gc          ] GC(240) Pause Young (Normal) (G1 Evacuation Pause) 330M->283M(1024M) 54.019ms
[2025-03-28T19:49:12.977+0530][gc,cpu      ] GC(240) User=0.01s Sys=0.01s Real=0.06s
[2025-03-28T19:49:13.055+0530][gc,start    ] GC(340) Pause Young (Concurrent Start) (G1 Humongous Allocation)
[2025-03-28T19:49:13.055+0530][gc,task     ] GC(340) Using 2 workers of 2 for evacuation
[2025-03-28T19:49:13.106+0530][gc,mmu      ] GC(340) MMU target violated: 21.0ms (20.0ms/21.0ms)
[2025-03-28T19:49:13.106+0530][gc,phases   ] GC(340)   Pre Evacuate Collection Set: 25.4ms
[2025-03-28T19:49:13.106+0530][gc,phases   ] GC(340)   Merge Heap Roots: 0.1ms
[2025-03-28T19:49:13.106+0530][gc,phases   ] GC(340)   Evacuate Collection Set: 25.2ms
[2025-03-28T19:49:13.106+0530][gc,phases   ] GC(340)   Post Evacuate Collection Set: 0.4ms
[2025-03-28T19:49:13.106+0530][gc,phases   ] GC(340)   Other: 0.2ms
[2025-03-28T19:49:13.106+0530][gc,heap     ] GC(340) Eden regions: 29->0(49)
[2025-03-28T19:49:13.106+0530][gc,heap     ] GC(340) Survivor regions: 5->2(7)
[2025-03-28T19:49:13.106+0530][gc,heap     ] GC(340) Old regions: 218->219
[2025-03-28T19:49:13.106+0530][gc,heap     ] GC(340) Archive regions: 2->2
[2025-03-28T19:49:13.106+0530][gc,heap     ] GC(340) Humongous regions: 147->147
[2025-03-28T19:49:13.106+0530][gc,metaspace] GC(340) Metaspace: 51615K(52352K)->51615K(52352K) NonClass: 45805K(46208K)->45805K(46208K) Class: 5810K(6144K)->5810K(6144K)
[2025-03-28T19:49:13.106+0530][gc          ] GC(340) Pause Young (Concurrent Start) (G1 Humongous Allocation) 399M->368M(1024M) 51.392ms
[2025-03-28T19:49:13.106+0530][gc,cpu      ] GC(340) User=0.01s Sys=0.00s Real=0.04s
[2025-03-28T19:49:13.107+0530][gc          ] GC(341) Concurrent Mark Cycle
[2025-03-28T19:49:13.107+0530][gc,marking  ] GC(341) Concurrent Clear Claimed Marks
[2025-03-28T19:49:13.107+0530][gc,marking  ] GC(341) Concurrent Clear Claimed Marks 0.088ms
[2025-03-28T19:49:13.107+0530][gc,marking  ] GC(341) Concurrent Scan Root Regions
[2025-03-28T19:49:13.110+0530][gc,marking  ] GC(341) Concurrent Scan Root Regions 3.238ms
[2025-03-28T19:49:13.110+0530][gc,marking  ] GC(341) Concurrent Mark
[2025-03-28T19:49:13.110+0530][gc,marking  ] GC(341) Concurrent Mark From Roots
[2025-03-28T19:49:13.110+0530][gc,task     ] GC(341) Using 1 workers of 1 for marking
[2025-03-28T19:49:13.396+0530][gc,marking  ] GC(341) Concurrent Mark From Roots 286.293ms
[2025-03-28T19:49:13.396+0530][gc,marking  ] GC(341) Concurrent Preclean
[2025-03-28T19:49:13.397+0530][gc,marking  ] GC(341) Concurrent Preclean 0.341ms
[2025-03-28T19:49:13.397+0530][gc,start    ] GC(341) Pause Remark
[2025-03-28T19:49:15.702+0530][gc,start    ] GC(241) Pause Young (Normal) (G1 Evacuation Pause)
[2025-03-28T19:49:15.702+0530][gc,task     ] GC(241) Using 2 workers of 2 for evacuation
[2025-03-28T19:49:15.719+0530][gc,phases   ] GC(241)   Pre Evacuate Collection Set: 0.3ms
[2025-03-28T19:49:15.719+0530][gc,phases   ] GC(241)   Merge Heap Roots: 0.1ms
[2025-03-28T19:49:15.719+0530][gc,phases   ] GC(241)   Evacuate Collection Set: 16.2ms
[2025-03-28T19:49:15.719+0530][gc,phases   ] GC(241)   Post Evacuate Collection Set: 0.5ms
[2025-03-28T19:49:15.719+0530][gc,phases   ] GC(241)   Other: 0.2ms
[2025-03-28T19:49:15.719+0530][gc,heap     ] GC(241) Eden regions: 49->0(46)
[2025-03-28T19:49:15.719+0530][gc,heap     ] GC(241) Survivor regions: 2->5(7)
[2025-03-28T19:49:15.719+0530][gc,heap     ] GC(241) Old regions: 132->132
[2025-03-28T19:49:15.719+0530][gc,heap     ] GC(241) Archive regions: 2->2
[2025-03-28T19:49:15.719+0530][gc,heap     ] GC(241) Humongous regions: 149->147
[2025-03-28T19:49:15.719+0530][gc,metaspace] GC(241) Metaspace: 51546K(52224K)->51546K(52224K) NonClass: 45678K(46016K)->45678K(46016K) Class: 5867K(6208K)->5867K(6208K)
[2025-03-28T19:49:15.719+0530][gc          ] GC(241) Pause Young (Normal) (G1 Evacuation Pause) 332M->283M(1024M) 17.345ms
[2025-03-28T19:49:15.719+0530][gc,cpu      ] GC(241) User=0.01s Sys=0.00s Real=0.02s
[2025-03-28T19:49:15.820+0530][gc,start    ] GC(242) Pause Young (Normal) (G1 Evacuation Pause)
[2025-03-28T19:49:15.821+0530][gc,task     ] GC(242) Using 2 workers of 2 for evacuation
[2025-03-28T19:49:16.663+0530][gc,mmu      ] GC(242) MMU target violated: 21.0ms (20.0ms/21.0ms)
[2025-03-28T19:49:16.663+0530][gc,phases   ] GC(242)   Pre Evacuate Collection Set: 0.3ms
[2025-03-28T19:49:16.663+0530][gc,phases   ] GC(242)   Merge Heap Roots: 0.1ms
[2025-03-28T19:49:16.663+0530][gc,phases   ] GC(242)   Evacuate Collection Set: 4.6ms
[2025-03-28T19:49:16.663+0530][gc,phases   ] GC(242)   Post Evacuate Collection Set: 837.3ms
[2025-03-28T19:49:16.663+0530][gc,phases   ] GC(242)   Other: 1.1ms
[2025-03-28T19:49:16.663+0530][gc,heap     ] GC(242) Eden regions: 46->0(49)
[2025-03-28T19:49:16.663+0530][gc,heap     ] GC(242) Survivor regions: 5->2(7)
[2025-03-28T19:49:16.663+0530][gc,heap     ] GC(242) Old regions: 132->133
[2025-03-28T19:49:16.663+0530][gc,heap     ] GC(242) Archive regions: 2->2
[2025-03-28T19:49:16.663+0530][gc,heap     ] GC(242) Humongous regions: 149->149
[2025-03-28T19:49:16.663+0530][gc,metaspace] GC(242) Metaspace: 51546K(52224K)->51546K(52224K) NonClass: 45678K(46016K)->45678K(46016K) Class: 5867K(6208K)->5867K(6208K)
[2025-03-28T19:49:16.663+0530][gc          ] GC(242) Pause Young (Normal) (G1 Evacuation Pause) 331M->284M(1024M) 843.558ms
[2025-03-28T19:49:16.664+0530][gc,cpu      ] GC(242) User=0.01s Sys=0.01s Real=0.84s
[2025-03-28T19:49:17.791+0530][gc,mmu      ] GC(341) MMU target violated: 21.0ms (20.0ms/21.0ms)
[2025-03-28T19:49:17.791+0530][gc          ] GC(341) Pause Remark 409M->357M(1024M) 4394.717ms
[2025-03-28T19:49:17.791+0530][gc,cpu      ] GC(341) User=0.04s Sys=0.13s Real=4.40s
[2025-03-28T19:49:17.799+0530][gc,marking  ] GC(341) Concurrent Mark 4688.992ms
[2025-03-28T19:49:17.799+0530][gc,marking  ] GC(341) Concurrent Rebuild Remembered Sets
[2025-03-28T19:49:18.703+0530][gc,marking  ] GC(341) Concurrent Rebuild Remembered Sets 903.550ms
[2025-03-28T19:49:18.879+0530][gc,start    ] GC(341) Pause Cleanup
[2025-03-28T19:49:18.879+0530][gc          ] GC(341) Pause Cleanup 358M->358M(1024M) 0.386ms
[2025-03-28T19:49:18.879+0530][gc,cpu      ] GC(341) User=0.00s Sys=0.00s Real=0.00s
[2025-03-28T19:49:18.879+0530][gc,marking  ] GC(341) Concurrent Cleanup for Next Mark
[2025-03-28T19:49:19.044+0530][gc,start    ] GC(342) Pause Young (Prepare Mixed) (G1 Evacuation Pause)
[2025-03-28T19:49:19.044+0530][gc,task     ] GC(342) Using 2 workers of 2 for evacuation
[2025-03-28T19:49:19.064+0530][gc,phases   ] GC(342)   Pre Evacuate Collection Set: 0.3ms
[2025-03-28T19:49:19.064+0530][gc,phases   ] GC(342)   Merge Heap Roots: 0.1ms
[2025-03-28T19:49:19.064+0530][gc,phases   ] GC(342)   Evacuate Collection Set: 11.5ms
[2025-03-28T19:49:19.064+0530][gc,phases   ] GC(342)   Post Evacuate Collection Set: 7.8ms
[2025-03-28T19:49:19.064+0530][gc,phases   ] GC(342)   Other: 0.2ms
[2025-03-28T19:49:19.064+0530][gc,heap     ] GC(342) Eden regions: 49->0(49)
[2025-03-28T19:49:19.064+0530][gc,heap     ] GC(342) Survivor regions: 2->2(7)
[2025-03-28T19:49:19.064+0530][gc,heap     ] GC(342) Old regions: 167->167
[2025-03-28T19:49:19.064+0530][gc,heap     ] GC(342) Archive regions: 2->2
[2025-03-28T19:49:19.064+0530][gc,heap     ] GC(342) Humongous regions: 149->147
[2025-03-28T19:49:19.064+0530][gc,metaspace] GC(342) Metaspace: 51544K(52352K)->51544K(52352K) NonClass: 45754K(46208K)->45754K(46208K) Class: 5790K(6144K)->5790K(6144K)
[2025-03-28T19:49:19.064+0530][gc          ] GC(342) Pause Young (Prepare Mixed) (G1 Evacuation Pause) 367M->315M(1024M) 20.223ms
[2025-03-28T19:49:19.064+0530][gc,cpu      ] GC(342) User=0.01s Sys=0.00s Real=0.02s
[2025-03-28T19:49:19.701+0530][gc,marking  ] GC(341) Concurrent Cleanup for Next Mark 821.889ms
[2025-03-28T19:49:19.701+0530][gc          ] GC(341) Concurrent Mark Cycle 6594.758ms
[2025-03-28T19:49:21.288+0530][gc,start    ] GC(243) Pause Young (Normal) (G1 Evacuation Pause)
[2025-03-28T19:49:21.288+0530][gc,task     ] GC(243) Using 2 workers of 2 for evacuation
[2025-03-28T19:49:21.334+0530][gc,mmu      ] GC(243) MMU target violated: 21.0ms (20.0ms/21.0ms)
[2025-03-28T19:49:21.334+0530][gc,phases   ] GC(243)   Pre Evacuate Collection Set: 0.2ms
[2025-03-28T19:49:21.334+0530][gc,phases   ] GC(243)   Merge Heap Roots: 0.1ms
[2025-03-28T19:49:21.334+0530][gc,phases   ] GC(243)   Evacuate Collection Set: 43.8ms
[2025-03-28T19:49:21.334+0530][gc,phases   ] GC(243)   Post Evacuate Collection Set: 2.1ms
[2025-03-28T19:49:21.334+0530][gc,phases   ] GC(243)   Other: 0.2ms
[2025-03-28T19:49:21.334+0530][gc,heap     ] GC(243) Eden regions: 49->0(48)
[2025-03-28T19:49:21.334+0530][gc,heap     ] GC(243) Survivor regions: 2->3(7)
[2025-03-28T19:49:21.334+0530][gc,heap     ] GC(243) Old regions: 133->133
[2025-03-28T19:49:21.334+0530][gc,heap     ] GC(243) Archive regions: 2->2
[2025-03-28T19:49:21.334+0530][gc,heap     ] GC(243) Humongous regions: 149->147
[2025-03-28T19:49:21.334+0530][gc,metaspace] GC(243) Metaspace: 51552K(52224K)->51552K(52224K) NonClass: 45685K(46016K)->45685K(46016K) Class: 5867K(6208K)->5867K(6208K)
[2025-03-28T19:49:21.334+0530][gc          ] GC(243) Pause Young (Normal) (G1 Evacuation Pause) 333M->283M(1024M) 46.481ms
[2025-03-28T19:49:21.334+0530][gc,cpu      ] GC(243) User=0.00s Sys=0.00s Real=0.05s
[2025-03-28T19:49:21.335+0530][gc,start    ] GC(343) Pause Young (Mixed) (G1 Evacuation Pause)
[2025-03-28T19:49:21.335+0530][gc,task     ] GC(343) Using 2 workers of 2 for evacuation
[2025-03-28T19:49:21.388+0530][gc,mmu      ] GC(343) MMU target violated: 21.0ms (20.0ms/21.0ms)
[2025-03-28T19:49:21.388+0530][gc,phases   ] GC(343)   Pre Evacuate Collection Set: 0.3ms
[2025-03-28T19:49:21.388+0530][gc,phases   ] GC(343)   Merge Heap Roots: 0.1ms
[2025-03-28T19:49:21.388+0530][gc,phases   ] GC(343)   Evacuate Collection Set: 51.0ms
[2025-03-28T19:49:21.388+0530][gc,phases   ] GC(343)   Post Evacuate Collection Set: 1.9ms
[2025-03-28T19:49:21.388+0530][gc,phases   ] GC(343)   Other: 0.2ms
[2025-03-28T19:49:21.388+0530][gc,heap     ] GC(343) Eden regions: 49->0(44)
[2025-03-28T19:49:21.388+0530][gc,heap     ] GC(343) Survivor regions: 2->7(7)
[2025-03-28T19:49:21.388+0530][gc,heap     ] GC(343) Old regions: 167->155
[2025-03-28T19:49:21.388+0530][gc,heap     ] GC(343) Archive regions: 2->2
[2025-03-28T19:49:21.388+0530][gc,heap     ] GC(343) Humongous regions: 147->147
[2025-03-28T19:49:21.388+0530][gc,metaspace] GC(343) Metaspace: 51544K(52352K)->51544K(52352K) NonClass: 45754K(46208K)->45754K(46208K) Class: 5790K(6144K)->5790K(6144K)
[2025-03-28T19:49:21.388+0530][gc          ] GC(343) Pause Young (Mixed) (G1 Evacuation Pause) 364M->309M(1024M) 53.511ms
[2025-03-28T19:49:21.388+0530][gc,cpu      ] GC(343) User=0.01s Sys=0.00s Real=0.06s
[2025-03-28T19:49:21.592+0530][gc,start    ] GC(344) Pause Young (Mixed) (G1 Evacuation Pause)
[2025-03-28T19:49:21.592+0530][gc,task     ] GC(344) Using 2 workers of 2 for evacuation
[2025-03-28T19:49:21.611+0530][gc,start    ] GC(244) Pause Young (Normal) (G1 Evacuation Pause)
[2025-03-28T19:49:21.611+0530][gc,task     ] GC(244) Using 2 workers of 2 for evacuation
[2025-03-28T19:49:21.656+0530][gc,mmu      ] GC(244) MMU target violated: 21.0ms (20.0ms/21.0ms)
[2025-03-28T19:49:21.656+0530][gc,phases   ] GC(244)   Pre Evacuate Collection Set: 0.3ms
[2025-03-28T19:49:21.656+0530][gc,phases   ] GC(244)   Merge Heap Roots: 0.1ms
[2025-03-28T19:49:21.656+0530][gc,phases   ] GC(244)   Evacuate Collection Set: 43.8ms
[2025-03-28T19:49:21.656+0530][gc,phases   ] GC(244)   Post Evacuate Collection Set: 0.6ms
[2025-03-28T19:49:21.656+0530][gc,phases   ] GC(244)   Other: 0.2ms
[2025-03-28T19:49:21.656+0530][gc,heap     ] GC(244) Eden regions: 48->0(48)
[2025-03-28T19:49:21.656+0530][gc,heap     ] GC(244) Survivor regions: 3->3(7)
[2025-03-28T19:49:21.656+0530][gc,heap     ] GC(244) Old regions: 133->133
[2025-03-28T19:49:21.656+0530][gc,heap     ] GC(244) Archive regions: 2->2
[2025-03-28T19:49:21.656+0530][gc,heap     ] GC(244) Humongous regions: 149->149
[2025-03-28T19:49:21.656+0530][gc,metaspace] GC(244) Metaspace: 51552K(52224K)->51552K(52224K) NonClass: 45685K(46016K)->45685K(46016K) Class: 5867K(6208K)->5867K(6208K)
[2025-03-28T19:49:21.656+0530][gc          ] GC(244) Pause Young (Normal) (G1 Evacuation Pause) 333M->284M(1024M) 45.068ms
[2025-03-28T19:49:21.656+0530][gc,cpu      ] GC(244) User=0.01s Sys=0.00s Real=0.05s
[2025-03-28T19:49:21.791+0530][gc,mmu      ] GC(344) MMU target violated: 21.0ms (20.0ms/21.0ms)
[2025-03-28T19:49:21.791+0530][gc,phases   ] GC(344)   Pre Evacuate Collection Set: 0.2ms
[2025-03-28T19:49:21.791+0530][gc,phases   ] GC(344)   Merge Heap Roots: 5.6ms
[2025-03-28T19:49:21.791+0530][gc,phases   ] GC(344)   Evacuate Collection Set: 191.8ms
[2025-03-28T19:49:21.791+0530][gc,phases   ] GC(344)   Post Evacuate Collection Set: 1.2ms
[2025-03-28T19:49:21.791+0530][gc,phases   ] GC(344)   Other: 0.2ms
[2025-03-28T19:49:21.791+0530][gc,heap     ] GC(344) Eden regions: 44->0(44)
[2025-03-28T19:49:21.791+0530][gc,heap     ] GC(344) Survivor regions: 7->7(7)
[2025-03-28T19:49:21.791+0530][gc,heap     ] GC(344) Old regions: 155->150
[2025-03-28T19:49:21.791+0530][gc,heap     ] GC(344) Archive regions: 2->2
[2025-03-28T19:49:21.791+0530][gc,heap     ] GC(344) Humongous regions: 147->147
[2025-03-28T19:49:21.791+0530][gc,metaspace] GC(344) Metaspace: 51544K(52352K)->51544K(52352K) NonClass: 45754K(46208K)->45754K(46208K) Class: 5790K(6144K)->5790K(6144K)
[2025-03-28T19:49:21.791+0530][gc          ] GC(344) Pause Young (Mixed) (G1 Evacuation Pause) 353M->303M(1024M) 198.998ms
[2025-03-28T19:49:21.791+0530][gc,cpu      ] GC(344) User=0.02s Sys=0.00s Real=0.20s
[2025-03-28T19:49:21.958+0530][gc,start    ] GC(345) Pause Young (Mixed) (G1 Evacuation Pause)
[2025-03-28T19:49:21.958+0530][gc,task     ] GC(345) Using 2 workers of 2 for evacuation
[2025-03-28T19:49:22.007+0530][gc,mmu      ] GC(345) MMU target violated: 21.0ms (20.0ms/21.0ms)
[2025-03-28T19:49:22.007+0530][gc,phases   ] GC(345)   Pre Evacuate Collection Set: 0.3ms
[2025-03-28T19:49:22.007+0530][gc,phases   ] GC(345)   Merge Heap Roots: 0.6ms
[2025-03-28T19:49:22.007+0530][gc,phases   ] GC(345)   Evacuate Collection Set: 46.9ms
[2025-03-28T19:49:22.007+0530][gc,phases   ] GC(345)   Post Evacuate Collection Set: 0.8ms
[2025-03-28T19:49:22.007+0530][gc,phases   ] GC(345)   Other: 0.2ms
[2025-03-28T19:49:22.007+0530][gc,heap     ] GC(345) Eden regions: 44->0(47)
[2025-03-28T19:49:22.007+0530][gc,heap     ] GC(345) Survivor regions: 7->4(7)
[2025-03-28T19:49:22.007+0530][gc,heap     ] GC(345) Old regions: 150->144
[2025-03-28T19:49:22.007+0530][gc,heap     ] GC(345) Archive regions: 2->2
[2025-03-28T19:49:22.007+0530][gc,heap     ] GC(345) Humongous regions: 151->151
[2025-03-28T19:49:22.007+0530][gc,metaspace] GC(345) Metaspace: 51544K(52352K)->51544K(52352K) NonClass: 45754K(46208K)->45754K(46208K) Class: 5790K(6144K)->5790K(6144K)
[2025-03-28T19:49:22.007+0530][gc          ] GC(345) Pause Young (Mixed) (G1 Evacuation Pause) 351M->299M(1024M) 48.774ms
[2025-03-28T19:49:22.007+0530][gc,cpu      ] GC(345) User=0.02s Sys=0.01s Real=0.04s
[2025-03-28T19:49:22.053+0530][gc,start    ] GC(346) Pause Young (Mixed) (G1 Evacuation Pause)
[2025-03-28T19:49:22.053+0530][gc,task     ] GC(346) Using 2 workers of 2 for evacuation
[2025-03-28T19:49:22.081+0530][gc,mmu      ] GC(346) MMU target violated: 21.0ms (20.0ms/21.0ms)
[2025-03-28T19:49:22.081+0530][gc,phases   ] GC(346)   Pre Evacuate Collection Set: 0.3ms
[2025-03-28T19:49:22.081+0530][gc,phases   ] GC(346)   Merge Heap Roots: 0.1ms
[2025-03-28T19:49:22.081+0530][gc,phases   ] GC(346)   Evacuate Collection Set: 25.9ms
[2025-03-28T19:49:22.081+0530][gc,phases   ] GC(346)   Post Evacuate Collection Set: 1.0ms
[2025-03-28T19:49:22.081+0530][gc,phases   ] GC(346)   Other: 0.2ms
[2025-03-28T19:49:22.081+0530][gc,heap     ] GC(346) Eden regions: 47->0(48)
[2025-03-28T19:49:22.081+0530][gc,heap     ] GC(346) Survivor regions: 4->3(7)
[2025-03-28T19:49:22.081+0530][gc,heap     ] GC(346) Old regions: 144->133
[2025-03-28T19:49:22.081+0530][gc,heap     ] GC(346) Archive regions: 2->2
[2025-03-28T19:49:22.081+0530][gc,heap     ] GC(346) Humongous regions: 151->149
[2025-03-28T19:49:22.081+0530][gc,metaspace] GC(346) Metaspace: 51544K(52352K)->51544K(52352K) NonClass: 45754K(46208K)->45754K(46208K) Class: 5790K(6144K)->5790K(6144K)
[2025-03-28T19:49:22.081+0530][gc          ] GC(346) Pause Young (Mixed) (G1 Evacuation Pause) 346M->285M(1024M) 27.711ms
[2025-03-28T19:49:22.081+0530][gc,cpu      ] GC(346) User=0.01s Sys=0.01s Real=0.02s
[2025-03-28T19:49:23.537+0530][gc,start    ] GC(347) Pause Young (Mixed) (G1 Evacuation Pause)
[2025-03-28T19:49:23.537+0530][gc,task     ] GC(347) Using 2 workers of 2 for evacuation
[2025-03-28T19:49:23.551+0530][gc,phases   ] GC(347)   Pre Evacuate Collection Set: 0.4ms
[2025-03-28T19:49:23.551+0530][gc,phases   ] GC(347)   Merge Heap Roots: 0.1ms
[2025-03-28T19:49:23.551+0530][gc,phases   ] GC(347)   Evacuate Collection Set: 12.4ms
[2025-03-28T19:49:23.551+0530][gc,phases   ] GC(347)   Post Evacuate Collection Set: 1.1ms
[2025-03-28T19:49:23.551+0530][gc,phases   ] GC(347)   Other: 0.5ms
[2025-03-28T19:49:23.551+0530][gc,heap     ] GC(347) Eden regions: 48->0(44)
[2025-03-28T19:49:23.551+0530][gc,heap     ] GC(347) Survivor regions: 3->7(7)
[2025-03-28T19:49:23.551+0530][gc,heap     ] GC(347) Old regions: 133->122
[2025-03-28T19:49:23.551+0530][gc,heap     ] GC(347) Archive regions: 2->2
[2025-03-28T19:49:23.551+0530][gc,heap     ] GC(347) Humongous regions: 149->147
[2025-03-28T19:49:23.551+0530][gc,metaspace] GC(347) Metaspace: 51545K(52352K)->51545K(52352K) NonClass: 45754K(46208K)->45754K(46208K) Class: 5790K(6144K)->5790K(6144K)
[2025-03-28T19:49:23.551+0530][gc          ] GC(347) Pause Young (Mixed) (G1 Evacuation Pause) 333M->276M(1024M) 14.524ms
[2025-03-28T19:49:23.551+0530][gc,cpu      ] GC(347) User=0.03s Sys=0.00s Real=0.01s
[2025-03-28T19:49:23.657+0530][gc,start    ] GC(348) Pause Young (Mixed) (G1 Evacuation Pause)
[2025-03-28T19:49:23.657+0530][gc,task     ] GC(348) Using 2 workers of 2 for evacuation
[2025-03-28T19:49:23.666+0530][gc,phases   ] GC(348)   Pre Evacuate Collection Set: 0.2ms
[2025-03-28T19:49:23.666+0530][gc,phases   ] GC(348)   Merge Heap Roots: 0.1ms
[2025-03-28T19:49:23.666+0530][gc,phases   ] GC(348)   Evacuate Collection Set: 7.2ms
[2025-03-28T19:49:23.666+0530][gc,phases   ] GC(348)   Post Evacuate Collection Set: 1.7ms
[2025-03-28T19:49:23.666+0530][gc,phases   ] GC(348)   Other: 0.2ms
[2025-03-28T19:49:23.666+0530][gc,heap     ] GC(348) Eden regions: 44->0(49)
[2025-03-28T19:49:23.666+0530][gc,heap     ] GC(348) Survivor regions: 7->2(7)
[2025-03-28T19:49:23.666+0530][gc,heap     ] GC(348) Old regions: 122->114
[2025-03-28T19:49:23.666+0530][gc,heap     ] GC(348) Archive regions: 2->2
[2025-03-28T19:49:23.666+0530][gc,heap     ] GC(348) Humongous regions: 149->149
[2025-03-28T19:49:23.666+0530][gc,metaspace] GC(348) Metaspace: 51545K(52352K)->51545K(52352K) NonClass: 45754K(46208K)->45754K(46208K) Class: 5790K(6144K)->5790K(6144K)
[2025-03-28T19:49:23.667+0530][gc          ] GC(348) Pause Young (Mixed) (G1 Evacuation Pause) 322M->265M(1024M) 9.455ms
[2025-03-28T19:49:23.667+0530][gc,cpu      ] GC(348) User=0.01s Sys=0.00s Real=0.01s
[2025-03-28T19:49:24.624+0530][gc,start    ] GC(245) Pause Young (Normal) (G1 Evacuation Pause)
[2025-03-28T19:49:24.624+0530][gc,task     ] GC(245) Using 2 workers of 2 for evacuation
[2025-03-28T19:49:24.628+0530][gc,phases   ] GC(245)   Pre Evacuate Collection Set: 0.3ms
[2025-03-28T19:49:24.628+0530][gc,phases   ] GC(245)   Merge Heap Roots: 0.1ms
[2025-03-28T19:49:24.628+0530][gc,phases   ] GC(245)   Evacuate Collection Set: 2.8ms
[2025-03-28T19:49:24.628+0530][gc,phases   ] GC(245)   Post Evacuate Collection Set: 0.7ms
[2025-03-28T19:49:24.628+0530][gc,phases   ] GC(245)   Other: 0.1ms
[2025-03-28T19:49:24.628+0530][gc,heap     ] GC(245) Eden regions: 48->0(48)
[2025-03-28T19:49:24.628+0530][gc,heap     ] GC(245) Survivor regions: 3->3(7)
[2025-03-28T19:49:24.628+0530][gc,heap     ] GC(245) Old regions: 133->133
[2025-03-28T19:49:24.628+0530][gc,heap     ] GC(245) Archive regions: 2->2
[2025-03-28T19:49:24.628+0530][gc,heap     ] GC(245) Humongous regions: 149->147
[2025-03-28T19:49:24.628+0530][gc,metaspace] GC(245) Metaspace: 51558K(52224K)->51558K(52224K) NonClass: 45691K(46016K)->45691K(46016K) Class: 5867K(6208K)->5867K(6208K)
[2025-03-28T19:49:24.628+0530][gc          ] GC(245) Pause Young (Normal) (G1 Evacuation Pause) 332M->282M(1024M) 4.192ms
[2025-03-28T19:49:24.628+0530][gc,cpu      ] GC(245) User=0.00s Sys=0.00s Real=0.01s
[2025-03-28T19:49:24.774+0530][gc,start    ] GC(246) Pause Young (Normal) (G1 Evacuation Pause)
[2025-03-28T19:49:24.774+0530][gc,task     ] GC(246) Using 2 workers of 2 for evacuation
[2025-03-28T19:49:24.784+0530][gc,phases   ] GC(246)   Pre Evacuate Collection Set: 0.2ms
[2025-03-28T19:49:24.784+0530][gc,phases   ] GC(246)   Merge Heap Roots: 0.1ms
[2025-03-28T19:49:24.784+0530][gc,phases   ] GC(246)   Evacuate Collection Set: 9.5ms
[2025-03-28T19:49:24.784+0530][gc,phases   ] GC(246)   Post Evacuate Collection Set: 0.4ms
[2025-03-28T19:49:24.784+0530][gc,phases   ] GC(246)   Other: 0.1ms
[2025-03-28T19:49:24.784+0530][gc,heap     ] GC(246) Eden regions: 48->0(48)
[2025-03-28T19:49:24.784+0530][gc,heap     ] GC(246) Survivor regions: 3->3(7)
[2025-03-28T19:49:24.784+0530][gc,heap     ] GC(246) Old regions: 133->133
[2025-03-28T19:49:24.784+0530][gc,heap     ] GC(246) Archive regions: 2->2
[2025-03-28T19:49:24.784+0530][gc,heap     ] GC(246) Humongous regions: 147->147
[2025-03-28T19:49:24.784+0530][gc,metaspace] GC(246) Metaspace: 51558K(52224K)->51558K(52224K) NonClass: 45691K(46016K)->45691K(46016K) Class: 5867K(6208K)->5867K(6208K)
[2025-03-28T19:49:24.784+0530][gc          ] GC(246) Pause Young (Normal) (G1 Evacuation Pause) 330M->282M(1024M) 10.521ms
[2025-03-28T19:49:24.785+0530][gc,cpu      ] GC(246) User=0.01s Sys=0.00s Real=0.01s
[2025-03-28T19:49:29.217+0530][gc,start    ] GC(349) Pause Young (Mixed) (G1 Evacuation Pause)
[2025-03-28T19:49:29.217+0530][gc,task     ] GC(349) Using 2 workers of 2 for evacuation
[2025-03-28T19:49:29.247+0530][gc,mmu      ] GC(349) MMU target violated: 21.0ms (20.0ms/21.0ms)
[2025-03-28T19:49:29.247+0530][gc,phases   ] GC(349)   Pre Evacuate Collection Set: 0.8ms
[2025-03-28T19:49:29.247+0530][gc,phases   ] GC(349)   Merge Heap Roots: 0.1ms
[2025-03-28T19:49:29.247+0530][gc,phases   ] GC(349)   Evacuate Collection Set: 26.9ms
[2025-03-28T19:49:29.247+0530][gc,phases   ] GC(349)   Post Evacuate Collection Set: 1.9ms
[2025-03-28T19:49:29.247+0530][gc,phases   ] GC(349)   Other: 0.2ms
[2025-03-28T19:49:29.247+0530][gc,heap     ] GC(349) Eden regions: 49->0(47)
[2025-03-28T19:49:29.247+0530][gc,heap     ] GC(349) Survivor regions: 2->4(7)
[2025-03-28T19:49:29.247+0530][gc,heap     ] GC(349) Old regions: 114->102
[2025-03-28T19:49:29.247+0530][gc,heap     ] GC(349) Archive regions: 2->2
[2025-03-28T19:49:29.247+0530][gc,heap     ] GC(349) Humongous regions: 149->147
[2025-03-28T19:49:29.247+0530][gc,metaspace] GC(349) Metaspace: 51545K(52352K)->51545K(52352K) NonClass: 45755K(46208K)->45755K(46208K) Class: 5790K(6144K)->5790K(6144K)
[2025-03-28T19:49:29.247+0530][gc          ] GC(349) Pause Young (Mixed) (G1 Evacuation Pause) 314M->252M(1024M) 30.122ms
[2025-03-28T19:49:29.247+0530][gc,cpu      ] GC(349) User=0.01s Sys=0.00s Real=0.04s
[2025-03-28T19:49:29.433+0530][gc,start    ] GC(350) Pause Young (Mixed) (G1 Evacuation Pause)
[2025-03-28T19:49:29.433+0530][gc,task     ] GC(350) Using 2 workers of 2 for evacuation
[2025-03-28T19:49:29.459+0530][gc,mmu      ] GC(350) MMU target violated: 21.0ms (20.0ms/21.0ms)
[2025-03-28T19:49:29.459+0530][gc,phases   ] GC(350)   Pre Evacuate Collection Set: 0.2ms
[2025-03-28T19:49:29.459+0530][gc,phases   ] GC(350)   Merge Heap Roots: 0.1ms
[2025-03-28T19:49:29.459+0530][gc,phases   ] GC(350)   Evacuate Collection Set: 25.4ms
[2025-03-28T19:49:29.459+0530][gc,phases   ] GC(350)   Post Evacuate Collection Set: 0.5ms
[2025-03-28T19:49:29.459+0530][gc,phases   ] GC(350)   Other: 0.2ms
[2025-03-28T19:49:29.459+0530][gc,heap     ] GC(350) Eden regions: 47->0(48)
[2025-03-28T19:49:29.459+0530][gc,heap     ] GC(350) Survivor regions: 4->3(7)
[2025-03-28T19:49:29.459+0530][gc,heap     ] GC(350) Old regions: 102->95
[2025-03-28T19:49:29.459+0530][gc,heap     ] GC(350) Archive regions: 2->2
[2025-03-28T19:49:29.459+0530][gc,heap     ] GC(350) Humongous regions: 149->149
[2025-03-28T19:49:29.459+0530][gc,metaspace] GC(350) Metaspace: 51545K(52352K)->51545K(52352K) NonClass: 45755K(46208K)->45755K(46208K) Class: 5790K(6144K)->5790K(6144K)
[2025-03-28T19:49:29.459+0530][gc          ] GC(350) Pause Young (Mixed) (G1 Evacuation Pause) 301M->247M(1024M) 26.424ms
[2025-03-28T19:49:29.459+0530][gc,cpu      ] GC(350) User=0.01s Sys=0.00s Real=0.03s
[2025-03-28T19:49:33.388+0530][gc,start    ] GC(247) Pause Young (Normal) (G1 Evacuation Pause)
[2025-03-28T19:49:33.388+0530][gc,task     ] GC(247) Using 2 workers of 2 for evacuation
[2025-03-28T19:49:33.398+0530][gc,phases   ] GC(247)   Pre Evacuate Collection Set: 5.6ms
[2025-03-28T19:49:33.398+0530][gc,phases   ] GC(247)   Merge Heap Roots: 0.2ms
[2025-03-28T19:49:33.398+0530][gc,phases   ] GC(247)   Evacuate Collection Set: 3.2ms
[2025-03-28T19:49:33.398+0530][gc,phases   ] GC(247)   Post Evacuate Collection Set: 0.5ms
[2025-03-28T19:49:33.398+0530][gc,phases   ] GC(247)   Other: 0.2ms
[2025-03-28T19:49:33.398+0530][gc,heap     ] GC(247) Eden regions: 48->0(49)
[2025-03-28T19:49:33.398+0530][gc,heap     ] GC(247) Survivor regions: 3->2(7)
[2025-03-28T19:49:33.398+0530][gc,heap     ] GC(247) Old regions: 133->133
[2025-03-28T19:49:33.398+0530][gc,heap     ] GC(247) Archive regions: 2->2
[2025-03-28T19:49:33.398+0530][gc,heap     ] GC(247) Humongous regions: 149->147
[2025-03-28T19:49:33.398+0530][gc,metaspace] GC(247) Metaspace: 51569K(52224K)->51569K(52224K) NonClass: 45700K(46016K)->45700K(46016K) Class: 5868K(6208K)->5868K(6208K)
[2025-03-28T19:49:33.398+0530][gc          ] GC(247) Pause Young (Normal) (G1 Evacuation Pause) 332M->281M(1024M) 9.813ms
[2025-03-28T19:49:33.398+0530][gc,cpu      ] GC(247) User=0.00s Sys=0.01s Real=0.00s
[2025-03-28T19:49:33.504+0530][gc,start    ] GC(248) Pause Young (Normal) (G1 Evacuation Pause)
[2025-03-28T19:49:33.504+0530][gc,task     ] GC(248) Using 2 workers of 2 for evacuation
[2025-03-28T19:49:33.534+0530][gc,mmu      ] GC(248) MMU target violated: 21.0ms (20.0ms/21.0ms)
[2025-03-28T19:49:33.534+0530][gc,phases   ] GC(248)   Pre Evacuate Collection Set: 2.4ms
[2025-03-28T19:49:33.534+0530][gc,phases   ] GC(248)   Merge Heap Roots: 0.1ms
[2025-03-28T19:49:33.534+0530][gc,phases   ] GC(248)   Evacuate Collection Set: 25.8ms
[2025-03-28T19:49:33.534+0530][gc,phases   ] GC(248)   Post Evacuate Collection Set: 1.5ms
[2025-03-28T19:49:33.534+0530][gc,phases   ] GC(248)   Other: 0.3ms
[2025-03-28T19:49:33.534+0530][gc,heap     ] GC(248) Eden regions: 49->0(44)
[2025-03-28T19:49:33.534+0530][gc,heap     ] GC(248) Survivor regions: 2->7(7)
[2025-03-28T19:49:33.534+0530][gc,heap     ] GC(248) Old regions: 133->133
[2025-03-28T19:49:33.534+0530][gc,heap     ] GC(248) Archive regions: 2->2
[2025-03-28T19:49:33.534+0530][gc,heap     ] GC(248) Humongous regions: 147->147
[2025-03-28T19:49:33.534+0530][gc,metaspace] GC(248) Metaspace: 51569K(52224K)->51569K(52224K) NonClass: 45700K(46016K)->45700K(46016K) Class: 5868K(6208K)->5868K(6208K)
[2025-03-28T19:49:33.534+0530][gc          ] GC(248) Pause Young (Normal) (G1 Evacuation Pause) 330M->287M(1024M) 30.198ms
[2025-03-28T19:49:33.534+0530][gc,cpu      ] GC(248) User=0.03s Sys=0.00s Real=0.03s
[2025-03-28T19:49:33.547+0530][gc,start    ] GC(351) Pause Young (Normal) (G1 Evacuation Pause)
[2025-03-28T19:49:33.547+0530][gc,task     ] GC(351) Using 2 workers of 2 for evacuation
[2025-03-28T19:49:33.561+0530][gc,phases   ] GC(351)   Pre Evacuate Collection Set: 0.2ms
[2025-03-28T19:49:33.561+0530][gc,phases   ] GC(351)   Merge Heap Roots: 0.1ms
[2025-03-28T19:49:33.561+0530][gc,phases   ] GC(351)   Evacuate Collection Set: 10.3ms
[2025-03-28T19:49:33.561+0530][gc,phases   ] GC(351)   Post Evacuate Collection Set: 2.9ms
[2025-03-28T19:49:33.561+0530][gc,phases   ] GC(351)   Other: 0.2ms
[2025-03-28T19:49:33.561+0530][gc,heap     ] GC(351) Eden regions: 48->0(48)
[2025-03-28T19:49:33.561+0530][gc,heap     ] GC(351) Survivor regions: 3->3(7)
[2025-03-28T19:49:33.561+0530][gc,heap     ] GC(351) Old regions: 95->95
[2025-03-28T19:49:33.561+0530][gc,heap     ] GC(351) Archive regions: 2->2
[2025-03-28T19:49:33.561+0530][gc,heap     ] GC(351) Humongous regions: 149->147
[2025-03-28T19:49:33.561+0530][gc,metaspace] GC(351) Metaspace: 51547K(52352K)->51547K(52352K) NonClass: 45756K(46208K)->45756K(46208K) Class: 5790K(6144K)->5790K(6144K)
[2025-03-28T19:49:33.561+0530][gc          ] GC(351) Pause Young (Normal) (G1 Evacuation Pause) 295M->245M(1024M) 13.955ms
[2025-03-28T19:49:33.561+0530][gc,cpu      ] GC(351) User=0.02s Sys=0.00s Real=0.01s
[2025-03-28T19:49:34.197+0530][gc,start    ] GC(249) Pause Young (Normal) (G1 Evacuation Pause)
[2025-03-28T19:49:34.197+0530][gc,task     ] GC(249) Using 2 workers of 2 for evacuation
[2025-03-28T19:49:34.209+0530][gc,phases   ] GC(249)   Pre Evacuate Collection Set: 0.3ms
[2025-03-28T19:49:34.209+0530][gc,phases   ] GC(249)   Merge Heap Roots: 0.1ms
[2025-03-28T19:49:34.209+0530][gc,phases   ] GC(249)   Evacuate Collection Set: 11.0ms
[2025-03-28T19:49:34.209+0530][gc,phases   ] GC(249)   Post Evacuate Collection Set: 0.7ms
[2025-03-28T19:49:34.209+0530][gc,phases   ] GC(249)   Other: 0.3ms
[2025-03-28T19:49:34.209+0530][gc,heap     ] GC(249) Eden regions: 44->0(50)
[2025-03-28T19:49:34.209+0530][gc,heap     ] GC(249) Survivor regions: 7->1(7)
[2025-03-28T19:49:34.209+0530][gc,heap     ] GC(249) Old regions: 133->140
[2025-03-28T19:49:34.209+0530][gc,heap     ] GC(249) Archive regions: 2->2
[2025-03-28T19:49:34.209+0530][gc,heap     ] GC(249) Humongous regions: 149->149
[2025-03-28T19:49:34.209+0530][gc,metaspace] GC(249) Metaspace: 51569K(52224K)->51569K(52224K) NonClass: 45701K(46016K)->45701K(46016K) Class: 5868K(6208K)->5868K(6208K)
[2025-03-28T19:49:34.210+0530][gc          ] GC(249) Pause Young (Normal) (G1 Evacuation Pause) 333M->290M(1024M) 12.501ms
[2025-03-28T19:49:34.210+0530][gc,cpu      ] GC(249) User=0.02s Sys=0.00s Real=0.01s
[2025-03-28T19:49:34.356+0530][gc,start    ] GC(352) Pause Young (Normal) (G1 Evacuation Pause)
[2025-03-28T19:49:34.356+0530][gc,task     ] GC(352) Using 2 workers of 2 for evacuation
[2025-03-28T19:49:34.382+0530][gc,mmu      ] GC(352) MMU target violated: 21.0ms (20.0ms/21.0ms)
[2025-03-28T19:49:34.382+0530][gc,phases   ] GC(352)   Pre Evacuate Collection Set: 0.3ms
[2025-03-28T19:49:34.382+0530][gc,phases   ] GC(352)   Merge Heap Roots: 0.2ms
[2025-03-28T19:49:34.382+0530][gc,phases   ] GC(352)   Evacuate Collection Set: 24.7ms
[2025-03-28T19:49:34.382+0530][gc,phases   ] GC(352)   Post Evacuate Collection Set: 0.7ms
[2025-03-28T19:49:34.382+0530][gc,phases   ] GC(352)   Other: 0.2ms
[2025-03-28T19:49:34.382+0530][gc,heap     ] GC(352) Eden regions: 48->0(48)
[2025-03-28T19:49:34.382+0530][gc,heap     ] GC(352) Survivor regions: 3->3(7)
[2025-03-28T19:49:34.382+0530][gc,heap     ] GC(352) Old regions: 95->95
[2025-03-28T19:49:34.382+0530][gc,heap     ] GC(352) Archive regions: 2->2
[2025-03-28T19:49:34.382+0530][gc,heap     ] GC(352) Humongous regions: 149->149
[2025-03-28T19:49:34.382+0530][gc,metaspace] GC(352) Metaspace: 51547K(52352K)->51547K(52352K) NonClass: 45756K(46208K)->45756K(46208K) Class: 5790K(6144K)->5790K(6144K)
[2025-03-28T19:49:34.385+0530][gc          ] GC(352) Pause Young (Normal) (G1 Evacuation Pause) 295M->247M(1024M) 28.743ms
[2025-03-28T19:49:34.385+0530][gc,cpu      ] GC(352) User=0.02s Sys=0.00s Real=0.03s
[2025-03-28T19:49:35.631+0530][gc,start    ] GC(250) Pause Young (Normal) (G1 Evacuation Pause)
[2025-03-28T19:49:35.631+0530][gc,task     ] GC(250) Using 2 workers of 2 for evacuation
[2025-03-28T19:49:35.642+0530][gc,phases   ] GC(250)   Pre Evacuate Collection Set: 0.6ms
[2025-03-28T19:49:35.642+0530][gc,phases   ] GC(250)   Merge Heap Roots: 0.1ms
[2025-03-28T19:49:35.642+0530][gc,phases   ] GC(250)   Evacuate Collection Set: 8.9ms
[2025-03-28T19:49:35.642+0530][gc,phases   ] GC(250)   Post Evacuate Collection Set: 1.1ms
[2025-03-28T19:49:35.642+0530][gc,phases   ] GC(250)   Other: 0.2ms
[2025-03-28T19:49:35.642+0530][gc,heap     ] GC(250) Eden regions: 50->0(45)
[2025-03-28T19:49:35.642+0530][gc,heap     ] GC(250) Survivor regions: 1->6(7)
[2025-03-28T19:49:35.642+0530][gc,heap     ] GC(250) Old regions: 140->140
[2025-03-28T19:49:35.642+0530][gc,heap     ] GC(250) Archive regions: 2->2
[2025-03-28T19:49:35.642+0530][gc,heap     ] GC(250) Humongous regions: 149->147
[2025-03-28T19:49:35.642+0530][gc,metaspace] GC(250) Metaspace: 51571K(52224K)->51571K(52224K) NonClass: 45703K(46016K)->45703K(46016K) Class: 5868K(6208K)->5868K(6208K)
[2025-03-28T19:49:35.642+0530][gc          ] GC(250) Pause Young (Normal) (G1 Evacuation Pause) 340M->293M(1024M) 11.050ms
[2025-03-28T19:49:35.642+0530][gc,cpu      ] GC(250) User=0.01s Sys=0.00s Real=0.01s
[2025-03-28T19:49:35.767+0530][gc,start    ] GC(251) Pause Young (Normal) (G1 Evacuation Pause)
[2025-03-28T19:49:35.767+0530][gc,task     ] GC(251) Using 2 workers of 2 for evacuation
[2025-03-28T19:49:35.771+0530][gc,phases   ] GC(251)   Pre Evacuate Collection Set: 0.2ms
[2025-03-28T19:49:35.771+0530][gc,phases   ] GC(251)   Merge Heap Roots: 0.0ms
[2025-03-28T19:49:35.771+0530][gc,phases   ] GC(251)   Evacuate Collection Set: 3.5ms
[2025-03-28T19:49:35.771+0530][gc,phases   ] GC(251)   Post Evacuate Collection Set: 0.3ms
[2025-03-28T19:49:35.771+0530][gc,phases   ] GC(251)   Other: 0.2ms
[2025-03-28T19:49:35.771+0530][gc,heap     ] GC(251) Eden regions: 45->0(49)
[2025-03-28T19:49:35.771+0530][gc,heap     ] GC(251) Survivor regions: 6->2(7)
[2025-03-28T19:49:35.771+0530][gc,heap     ] GC(251) Old regions: 140->141
[2025-03-28T19:49:35.771+0530][gc,heap     ] GC(251) Archive regions: 2->2
[2025-03-28T19:49:35.771+0530][gc,heap     ] GC(251) Humongous regions: 149->149
[2025-03-28T19:49:35.771+0530][gc,metaspace] GC(251) Metaspace: 51571K(52224K)->51571K(52224K) NonClass: 45703K(46016K)->45703K(46016K) Class: 5868K(6208K)->5868K(6208K)
[2025-03-28T19:49:35.771+0530][gc          ] GC(251) Pause Young (Normal) (G1 Evacuation Pause) 340M->292M(1024M) 4.311ms
[2025-03-28T19:49:35.771+0530][gc,cpu      ] GC(251) User=0.01s Sys=0.00s Real=0.00s
[2025-03-28T19:49:39.060+0530][gc,start    ] GC(353) Pause Young (Normal) (G1 Evacuation Pause)
[2025-03-28T19:49:39.060+0530][gc,task     ] GC(353) Using 2 workers of 2 for evacuation
[2025-03-28T19:49:39.099+0530][gc,mmu      ] GC(353) MMU target violated: 21.0ms (20.0ms/21.0ms)
[2025-03-28T19:49:39.099+0530][gc,phases   ] GC(353)   Pre Evacuate Collection Set: 0.2ms
[2025-03-28T19:49:39.099+0530][gc,phases   ] GC(353)   Merge Heap Roots: 0.1ms
[2025-03-28T19:49:39.099+0530][gc,phases   ] GC(353)   Evacuate Collection Set: 28.8ms
[2025-03-28T19:49:39.099+0530][gc,phases   ] GC(353)   Post Evacuate Collection Set: 9.3ms
[2025-03-28T19:49:39.099+0530][gc,phases   ] GC(353)   Other: 0.2ms
[2025-03-28T19:49:39.099+0530][gc,heap     ] GC(353) Eden regions: 48->0(49)
[2025-03-28T19:49:39.099+0530][gc,heap     ] GC(353) Survivor regions: 3->2(7)
[2025-03-28T19:49:39.099+0530][gc,heap     ] GC(353) Old regions: 95->95
[2025-03-28T19:49:39.099+0530][gc,heap     ] GC(353) Archive regions: 2->2
[2025-03-28T19:49:39.099+0530][gc,heap     ] GC(353) Humongous regions: 149->147
[2025-03-28T19:49:39.099+0530][gc,metaspace] GC(353) Metaspace: 51555K(52352K)->51555K(52352K) NonClass: 45764K(46208K)->45764K(46208K) Class: 5790K(6144K)->5790K(6144K)
[2025-03-28T19:49:39.099+0530][gc          ] GC(353) Pause Young (Normal) (G1 Evacuation Pause) 295M->244M(1024M) 38.922ms
[2025-03-28T19:49:39.099+0530][gc,cpu      ] GC(353) User=0.01s Sys=0.01s Real=0.04s
[2025-03-28T19:49:39.244+0530][gc,start    ] GC(354) Pause Young (Normal) (G1 Evacuation Pause)
[2025-03-28T19:49:39.244+0530][gc,task     ] GC(354) Using 2 workers of 2 for evacuation
[2025-03-28T19:49:39.293+0530][gc,mmu      ] GC(354) MMU target violated: 21.0ms (20.0ms/21.0ms)
[2025-03-28T19:49:39.293+0530][gc,phases   ] GC(354)   Pre Evacuate Collection Set: 2.7ms
[2025-03-28T19:49:39.293+0530][gc,phases   ] GC(354)   Merge Heap Roots: 0.1ms
[2025-03-28T19:49:39.293+0530][gc,phases   ] GC(354)   Evacuate Collection Set: 45.4ms
[2025-03-28T19:49:39.293+0530][gc,phases   ] GC(354)   Post Evacuate Collection Set: 0.7ms
[2025-03-28T19:49:39.293+0530][gc,phases   ] GC(354)   Other: 0.3ms
[2025-03-28T19:49:39.293+0530][gc,heap     ] GC(354) Eden regions: 49->0(44)
[2025-03-28T19:49:39.293+0530][gc,heap     ] GC(354) Survivor regions: 2->7(7)
[2025-03-28T19:49:39.293+0530][gc,heap     ] GC(354) Old regions: 95->96
[2025-03-28T19:49:39.293+0530][gc,heap     ] GC(354) Archive regions: 2->2
[2025-03-28T19:49:39.293+0530][gc,heap     ] GC(354) Humongous regions: 147->147
[2025-03-28T19:49:39.293+0530][gc,metaspace] GC(354) Metaspace: 51555K(52352K)->51555K(52352K) NonClass: 45765K(46208K)->45765K(46208K) Class: 5790K(6144K)->5790K(6144K)
[2025-03-28T19:49:39.293+0530][gc          ] GC(354) Pause Young (Normal) (G1 Evacuation Pause) 293M->250M(1024M) 49.315ms
[2025-03-28T19:49:39.293+0530][gc,cpu      ] GC(354) User=0.02s Sys=0.01s Real=0.06s
[2025-03-28T19:49:39.422+0530][gc,start    ] GC(355) Pause Young (Normal) (G1 Evacuation Pause)
[2025-03-28T19:49:39.422+0530][gc,task     ] GC(355) Using 2 workers of 2 for evacuation
[2025-03-28T19:49:39.579+0530][gc,mmu      ] GC(355) MMU target violated: 21.0ms (20.0ms/21.0ms)
[2025-03-28T19:49:39.579+0530][gc,phases   ] GC(355)   Pre Evacuate Collection Set: 0.2ms
[2025-03-28T19:49:39.579+0530][gc,phases   ] GC(355)   Merge Heap Roots: 0.1ms
[2025-03-28T19:49:39.579+0530][gc,phases   ] GC(355)   Evacuate Collection Set: 156.1ms
[2025-03-28T19:49:39.579+0530][gc,phases   ] GC(355)   Post Evacuate Collection Set: 0.5ms
[2025-03-28T19:49:39.579+0530][gc,phases   ] GC(355)   Other: 0.3ms
[2025-03-28T19:49:39.579+0530][gc,heap     ] GC(355) Eden regions: 44->0(49)
[2025-03-28T19:49:39.579+0530][gc,heap     ] GC(355) Survivor regions: 7->2(7)
[2025-03-28T19:49:39.579+0530][gc,heap     ] GC(355) Old regions: 96->103
[2025-03-28T19:49:39.579+0530][gc,heap     ] GC(355) Archive regions: 2->2
[2025-03-28T19:49:39.579+0530][gc,heap     ] GC(355) Humongous regions: 149->149
[2025-03-28T19:49:39.579+0530][gc,metaspace] GC(355) Metaspace: 51555K(52352K)->51555K(52352K) NonClass: 45765K(46208K)->45765K(46208K) Class: 5790K(6144K)->5790K(6144K)
[2025-03-28T19:49:39.579+0530][gc          ] GC(355) Pause Young (Normal) (G1 Evacuation Pause) 296M->253M(1024M) 157.107ms
[2025-03-28T19:49:39.579+0530][gc,cpu      ] GC(355) User=0.02s Sys=0.02s Real=0.16s
[2025-03-28T19:49:43.589+0530][gc,start    ] GC(356) Pause Young (Normal) (G1 Evacuation Pause)
[2025-03-28T19:49:43.589+0530][gc,task     ] GC(356) Using 2 workers of 2 for evacuation
[2025-03-28T19:49:43.608+0530][gc,phases   ] GC(356)   Pre Evacuate Collection Set: 0.2ms
[2025-03-28T19:49:43.608+0530][gc,phases   ] GC(356)   Merge Heap Roots: 0.2ms
[2025-03-28T19:49:43.608+0530][gc,phases   ] GC(356)   Evacuate Collection Set: 17.3ms
[2025-03-28T19:49:43.608+0530][gc,phases   ] GC(356)   Post Evacuate Collection Set: 0.7ms
[2025-03-28T19:49:43.608+0530][gc,phases   ] GC(356)   Other: 0.2ms
[2025-03-28T19:49:43.608+0530][gc,heap     ] GC(356) Eden regions: 49->0(45)
[2025-03-28T19:49:43.608+0530][gc,heap     ] GC(356) Survivor regions: 2->6(7)
[2025-03-28T19:49:43.608+0530][gc,heap     ] GC(356) Old regions: 103->103
[2025-03-28T19:49:43.608+0530][gc,heap     ] GC(356) Archive regions: 2->2
[2025-03-28T19:49:43.608+0530][gc,heap     ] GC(356) Humongous regions: 149->147
[2025-03-28T19:49:43.608+0530][gc,metaspace] GC(356) Metaspace: 51558K(52352K)->51558K(52352K) NonClass: 45768K(46208K)->45768K(46208K) Class: 5790K(6144K)->5790K(6144K)
[2025-03-28T19:49:43.608+0530][gc          ] GC(356) Pause Young (Normal) (G1 Evacuation Pause) 302M->256M(1024M) 19.013ms
[2025-03-28T19:49:43.608+0530][gc,cpu      ] GC(356) User=0.02s Sys=0.00s Real=0.02s
[2025-03-28T19:49:43.822+0530][gc,start    ] GC(357) Pause Young (Normal) (G1 Evacuation Pause)
[2025-03-28T19:49:43.822+0530][gc,task     ] GC(357) Using 2 workers of 2 for evacuation
[2025-03-28T19:49:44.013+0530][gc,start    ] GC(252) Pause Young (Normal) (G1 Evacuation Pause)
[2025-03-28T19:49:44.014+0530][gc,task     ] GC(252) Using 2 workers of 2 for evacuation
[2025-03-28T19:49:44.020+0530][gc,phases   ] GC(252)   Pre Evacuate Collection Set: 0.3ms
[2025-03-28T19:49:44.020+0530][gc,phases   ] GC(252)   Merge Heap Roots: 0.1ms
[2025-03-28T19:49:44.020+0530][gc,phases   ] GC(252)   Evacuate Collection Set: 5.4ms
[2025-03-28T19:49:44.020+0530][gc,phases   ] GC(252)   Post Evacuate Collection Set: 0.9ms
[2025-03-28T19:49:44.020+0530][gc,phases   ] GC(252)   Other: 0.2ms
[2025-03-28T19:49:44.020+0530][gc,heap     ] GC(252) Eden regions: 49->0(46)
[2025-03-28T19:49:44.020+0530][gc,heap     ] GC(252) Survivor regions: 2->5(7)
[2025-03-28T19:49:44.020+0530][gc,heap     ] GC(252) Old regions: 141->141
[2025-03-28T19:49:44.020+0530][gc,heap     ] GC(252) Archive regions: 2->2
[2025-03-28T19:49:44.020+0530][gc,heap     ] GC(252) Humongous regions: 149->147
[2025-03-28T19:49:44.020+0530][gc,metaspace] GC(252) Metaspace: 51584K(52224K)->51584K(52224K) NonClass: 45715K(46016K)->45715K(46016K) Class: 5868K(6208K)->5868K(6208K)
[2025-03-28T19:49:44.020+0530][gc          ] GC(252) Pause Young (Normal) (G1 Evacuation Pause) 341M->293M(1024M) 6.865ms
[2025-03-28T19:49:44.020+0530][gc,cpu      ] GC(252) User=0.01s Sys=0.00s Real=0.01s
[2025-03-28T19:49:44.220+0530][gc,start    ] GC(253) Pause Young (Normal) (G1 Evacuation Pause)
[2025-03-28T19:49:44.220+0530][gc,task     ] GC(253) Using 2 workers of 2 for evacuation
[2025-03-28T19:49:44.248+0530][gc,mmu      ] GC(253) MMU target violated: 21.0ms (20.0ms/21.0ms)
[2025-03-28T19:49:44.248+0530][gc,phases   ] GC(253)   Pre Evacuate Collection Set: 0.2ms
[2025-03-28T19:49:44.248+0530][gc,phases   ] GC(253)   Merge Heap Roots: 0.1ms
[2025-03-28T19:49:44.248+0530][gc,phases   ] GC(253)   Evacuate Collection Set: 26.9ms
[2025-03-28T19:49:44.248+0530][gc,phases   ] GC(253)   Post Evacuate Collection Set: 0.5ms
[2025-03-28T19:49:44.248+0530][gc,phases   ] GC(253)   Other: 0.2ms
[2025-03-28T19:49:44.248+0530][gc,heap     ] GC(253) Eden regions: 46->0(49)
[2025-03-28T19:49:44.248+0530][gc,heap     ] GC(253) Survivor regions: 5->2(7)
[2025-03-28T19:49:44.248+0530][gc,heap     ] GC(253) Old regions: 141->142
[2025-03-28T19:49:44.248+0530][gc,heap     ] GC(253) Archive regions: 2->2
[2025-03-28T19:49:44.248+0530][gc,heap     ] GC(253) Humongous regions: 149->149
[2025-03-28T19:49:44.248+0530][gc,metaspace] GC(253) Metaspace: 51584K(52224K)->51584K(52224K) NonClass: 45715K(46016K)->45715K(46016K) Class: 5868K(6208K)->5868K(6208K)
[2025-03-28T19:49:44.248+0530][gc          ] GC(253) Pause Young (Normal) (G1 Evacuation Pause) 341M->293M(1024M) 27.999ms
[2025-03-28T19:49:44.248+0530][gc,cpu      ] GC(253) User=0.01s Sys=0.00s Real=0.03s
[2025-03-28T19:49:44.637+0530][gc,start    ] GC(254) Pause Young (Normal) (G1 Evacuation Pause)
[2025-03-28T19:49:44.637+0530][gc,task     ] GC(254) Using 2 workers of 2 for evacuation
[2025-03-28T19:49:44.645+0530][gc,phases   ] GC(254)   Pre Evacuate Collection Set: 0.3ms
[2025-03-28T19:49:44.645+0530][gc,phases   ] GC(254)   Merge Heap Roots: 0.2ms
[2025-03-28T19:49:44.645+0530][gc,phases   ] GC(254)   Evacuate Collection Set: 5.3ms
[2025-03-28T19:49:44.645+0530][gc,phases   ] GC(254)   Post Evacuate Collection Set: 1.9ms
[2025-03-28T19:49:44.645+0530][gc,phases   ] GC(254)   Other: 0.4ms
[2025-03-28T19:49:44.645+0530][gc,heap     ] GC(254) Eden regions: 49->0(47)
[2025-03-28T19:49:44.645+0530][gc,heap     ] GC(254) Survivor regions: 2->4(7)
[2025-03-28T19:49:44.645+0530][gc,heap     ] GC(254) Old regions: 142->142
[2025-03-28T19:49:44.645+0530][gc,heap     ] GC(254) Archive regions: 2->2
[2025-03-28T19:49:44.645+0530][gc,heap     ] GC(254) Humongous regions: 149->147
[2025-03-28T19:49:44.645+0530][gc,metaspace] GC(254) Metaspace: 51587K(52288K)->51587K(52288K) NonClass: 45719K(46080K)->45719K(46080K) Class: 5868K(6208K)->5868K(6208K)
[2025-03-28T19:49:44.645+0530][gc          ] GC(254) Pause Young (Normal) (G1 Evacuation Pause) 342M->293M(1024M) 8.194ms
[2025-03-28T19:49:44.645+0530][gc,cpu      ] GC(254) User=0.01s Sys=0.01s Real=0.01s
[2025-03-28T19:49:44.702+0530][gc,mmu      ] GC(357) MMU target violated: 21.0ms (20.0ms/21.0ms)
[2025-03-28T19:49:44.703+0530][gc,phases   ] GC(357)   Pre Evacuate Collection Set: 0.9ms
[2025-03-28T19:49:44.703+0530][gc,phases   ] GC(357)   Merge Heap Roots: 0.1ms
[2025-03-28T19:49:44.703+0530][gc,phases   ] GC(357)   Evacuate Collection Set: 326.2ms
[2025-03-28T19:49:44.703+0530][gc,phases   ] GC(357)   Post Evacuate Collection Set: 1.3ms
[2025-03-28T19:49:44.703+0530][gc,phases   ] GC(357)   Other: 552.3ms
[2025-03-28T19:49:44.703+0530][gc,heap     ] GC(357) Eden regions: 45->0(49)
[2025-03-28T19:49:44.703+0530][gc,heap     ] GC(357) Survivor regions: 6->2(7)
[2025-03-28T19:49:44.703+0530][gc,heap     ] GC(357) Old regions: 103->104
[2025-03-28T19:49:44.703+0530][gc,heap     ] GC(357) Archive regions: 2->2
[2025-03-28T19:49:44.703+0530][gc,heap     ] GC(357) Humongous regions: 149->149
[2025-03-28T19:49:44.703+0530][gc,metaspace] GC(357) Metaspace: 51559K(52352K)->51559K(52352K) NonClass: 45768K(46208K)->45768K(46208K) Class: 5790K(6144K)->5790K(6144K)
[2025-03-28T19:49:44.703+0530][gc          ] GC(357) Pause Young (Normal) (G1 Evacuation Pause) 303M->255M(1024M) 880.944ms
[2025-03-28T19:49:44.703+0530][gc,cpu      ] GC(357) User=0.08s Sys=0.00s Real=0.88s
[2025-03-28T19:49:45.526+0530][gc,start    ] GC(255) Pause Young (Normal) (G1 Evacuation Pause)
[2025-03-28T19:49:45.526+0530][gc,task     ] GC(255) Using 2 workers of 2 for evacuation
[2025-03-28T19:49:45.544+0530][gc,phases   ] GC(255)   Pre Evacuate Collection Set: 0.2ms
[2025-03-28T19:49:45.544+0530][gc,phases   ] GC(255)   Merge Heap Roots: 0.1ms
[2025-03-28T19:49:45.544+0530][gc,phases   ] GC(255)   Evacuate Collection Set: 17.1ms
[2025-03-28T19:49:45.544+0530][gc,phases   ] GC(255)   Post Evacuate Collection Set: 0.6ms
[2025-03-28T19:49:45.544+0530][gc,phases   ] GC(255)   Other: 0.2ms
[2025-03-28T19:49:45.544+0530][gc,heap     ] GC(255) Eden regions: 47->0(48)
[2025-03-28T19:49:45.544+0530][gc,heap     ] GC(255) Survivor regions: 4->3(7)
[2025-03-28T19:49:45.544+0530][gc,heap     ] GC(255) Old regions: 142->142
[2025-03-28T19:49:45.544+0530][gc,heap     ] GC(255) Archive regions: 2->2
[2025-03-28T19:49:45.544+0530][gc,heap     ] GC(255) Humongous regions: 149->149
[2025-03-28T19:49:45.544+0530][gc,metaspace] GC(255) Metaspace: 51589K(52288K)->51589K(52288K) NonClass: 45720K(46080K)->45720K(46080K) Class: 5868K(6208K)->5868K(6208K)
[2025-03-28T19:49:45.544+0530][gc          ] GC(255) Pause Young (Normal) (G1 Evacuation Pause) 342M->294M(1024M) 18.252ms
[2025-03-28T19:49:45.544+0530][gc,cpu      ] GC(255) User=0.01s Sys=0.00s Real=0.01s
[2025-03-28T19:49:50.801+0530][gc,start    ] GC(256) Pause Young (Normal) (G1 Evacuation Pause)
[2025-03-28T19:49:50.801+0530][gc,task     ] GC(256) Using 2 workers of 2 for evacuation
[2025-03-28T19:49:50.825+0530][gc,mmu      ] GC(256) MMU target violated: 21.0ms (20.0ms/21.0ms)
[2025-03-28T19:49:50.825+0530][gc,phases   ] GC(256)   Pre Evacuate Collection Set: 0.3ms
[2025-03-28T19:49:50.825+0530][gc,phases   ] GC(256)   Merge Heap Roots: 0.1ms
[2025-03-28T19:49:50.825+0530][gc,phases   ] GC(256)   Evacuate Collection Set: 23.0ms
[2025-03-28T19:49:50.825+0530][gc,phases   ] GC(256)   Post Evacuate Collection Set: 0.7ms
[2025-03-28T19:49:50.825+0530][gc,phases   ] GC(256)   Other: 0.2ms
[2025-03-28T19:49:50.825+0530][gc,heap     ] GC(256) Eden regions: 48->0(48)
[2025-03-28T19:49:50.825+0530][gc,heap     ] GC(256) Survivor regions: 3->3(7)
[2025-03-28T19:49:50.825+0530][gc,heap     ] GC(256) Old regions: 142->142
[2025-03-28T19:49:50.825+0530][gc,heap     ] GC(256) Archive regions: 2->2
[2025-03-28T19:49:50.825+0530][gc,heap     ] GC(256) Humongous regions: 149->147
[2025-03-28T19:49:50.825+0530][gc,metaspace] GC(256) Metaspace: 51605K(52352K)->51605K(52352K) NonClass: 45736K(46144K)->45736K(46144K) Class: 5868K(6208K)->5868K(6208K)
[2025-03-28T19:49:50.825+0530][gc          ] GC(256) Pause Young (Normal) (G1 Evacuation Pause) 342M->292M(1024M) 24.406ms
[2025-03-28T19:49:50.825+0530][gc,cpu      ] GC(256) User=0.02s Sys=0.00s Real=0.03s
[2025-03-28T19:49:50.849+0530][gc,start    ] GC(358) Pause Young (Normal) (G1 Evacuation Pause)
[2025-03-28T19:49:50.849+0530][gc,task     ] GC(358) Using 2 workers of 2 for evacuation
[2025-03-28T19:49:50.869+0530][gc,mmu      ] GC(358) MMU target violated: 20.4ms (20.0ms/21.0ms)
[2025-03-28T19:49:50.869+0530][gc,phases   ] GC(358)   Pre Evacuate Collection Set: 0.2ms
[2025-03-28T19:49:50.869+0530][gc,phases   ] GC(358)   Merge Heap Roots: 0.1ms
[2025-03-28T19:49:50.869+0530][gc,phases   ] GC(358)   Evacuate Collection Set: 19.7ms
[2025-03-28T19:49:50.869+0530][gc,phases   ] GC(358)   Post Evacuate Collection Set: 0.5ms
[2025-03-28T19:49:50.869+0530][gc,phases   ] GC(358)   Other: 0.2ms
[2025-03-28T19:49:50.869+0530][gc,heap     ] GC(358) Eden regions: 49->0(46)
[2025-03-28T19:49:50.869+0530][gc,heap     ] GC(358) Survivor regions: 2->5(7)
[2025-03-28T19:49:50.869+0530][gc,heap     ] GC(358) Old regions: 104->104
[2025-03-28T19:49:50.869+0530][gc,heap     ] GC(358) Archive regions: 2->2
[2025-03-28T19:49:50.869+0530][gc,heap     ] GC(358) Humongous regions: 149->147
[2025-03-28T19:49:50.869+0530][gc,metaspace] GC(358) Metaspace: 51574K(52352K)->51574K(52352K) NonClass: 45784K(46208K)->45784K(46208K) Class: 5790K(6144K)->5790K(6144K)
[2025-03-28T19:49:50.869+0530][gc          ] GC(358) Pause Young (Normal) (G1 Evacuation Pause) 304M->256M(1024M) 20.638ms
[2025-03-28T19:49:50.869+0530][gc,cpu      ] GC(358) User=0.01s Sys=0.00s Real=0.02s
[2025-03-28T19:49:51.114+0530][gc,start    ] GC(359) Pause Young (Normal) (G1 Evacuation Pause)
[2025-03-28T19:49:51.114+0530][gc,task     ] GC(359) Using 2 workers of 2 for evacuation
[2025-03-28T19:49:51.153+0530][gc,start    ] GC(257) Pause Young (Normal) (G1 Evacuation Pause)
[2025-03-28T19:49:51.153+0530][gc,task     ] GC(257) Using 2 workers of 2 for evacuation
[2025-03-28T19:49:51.164+0530][gc,phases   ] GC(257)   Pre Evacuate Collection Set: 0.2ms
[2025-03-28T19:49:51.164+0530][gc,phases   ] GC(257)   Merge Heap Roots: 0.1ms
[2025-03-28T19:49:51.164+0530][gc,phases   ] GC(257)   Evacuate Collection Set: 9.5ms
[2025-03-28T19:49:51.164+0530][gc,phases   ] GC(257)   Post Evacuate Collection Set: 0.5ms
[2025-03-28T19:49:51.164+0530][gc,phases   ] GC(257)   Other: 0.1ms
[2025-03-28T19:49:51.164+0530][gc,heap     ] GC(257) Eden regions: 48->0(48)
[2025-03-28T19:49:51.164+0530][gc,heap     ] GC(257) Survivor regions: 3->3(7)
[2025-03-28T19:49:51.164+0530][gc,heap     ] GC(257) Old regions: 142->142
[2025-03-28T19:49:51.164+0530][gc,heap     ] GC(257) Archive regions: 2->2
[2025-03-28T19:49:51.164+0530][gc,heap     ] GC(257) Humongous regions: 149->149
[2025-03-28T19:49:51.164+0530][gc,metaspace] GC(257) Metaspace: 51605K(52352K)->51605K(52352K) NonClass: 45736K(46144K)->45736K(46144K) Class: 5868K(6208K)->5868K(6208K)
[2025-03-28T19:49:51.164+0530][gc          ] GC(257) Pause Young (Normal) (G1 Evacuation Pause) 342M->294M(1024M) 10.674ms
[2025-03-28T19:49:51.164+0530][gc,cpu      ] GC(257) User=0.01s Sys=0.00s Real=0.01s
[2025-03-28T19:49:51.430+0530][gc,mmu      ] GC(359) MMU target violated: 21.0ms (20.0ms/21.0ms)
[2025-03-28T19:49:51.430+0530][gc,phases   ] GC(359)   Pre Evacuate Collection Set: 0.2ms
[2025-03-28T19:49:51.430+0530][gc,phases   ] GC(359)   Merge Heap Roots: 0.1ms
[2025-03-28T19:49:51.430+0530][gc,phases   ] GC(359)   Evacuate Collection Set: 315.0ms
[2025-03-28T19:49:51.430+0530][gc,phases   ] GC(359)   Post Evacuate Collection Set: 0.3ms
[2025-03-28T19:49:51.430+0530][gc,phases   ] GC(359)   Other: 0.2ms
[2025-03-28T19:49:51.430+0530][gc,heap     ] GC(359) Eden regions: 46->0(49)
[2025-03-28T19:49:51.430+0530][gc,heap     ] GC(359) Survivor regions: 5->2(7)
[2025-03-28T19:49:51.430+0530][gc,heap     ] GC(359) Old regions: 104->105
[2025-03-28T19:49:51.430+0530][gc,heap     ] GC(359) Archive regions: 2->2
[2025-03-28T19:49:51.430+0530][gc,heap     ] GC(359) Humongous regions: 149->149
[2025-03-28T19:49:51.430+0530][gc,metaspace] GC(359) Metaspace: 51574K(52352K)->51574K(52352K) NonClass: 45784K(46208K)->45784K(46208K) Class: 5790K(6144K)->5790K(6144K)
[2025-03-28T19:49:51.430+0530][gc          ] GC(359) Pause Young (Normal) (G1 Evacuation Pause) 304M->256M(1024M) 315.844ms
[2025-03-28T19:49:51.430+0530][gc,cpu      ] GC(359) User=0.02s Sys=0.00s Real=0.31s
[2025-03-28T19:49:53.509+0530][gc,start    ] GC(360) Pause Young (Normal) (G1 Evacuation Pause)
[2025-03-28T19:49:53.509+0530][gc,task     ] GC(360) Using 2 workers of 2 for evacuation
[2025-03-28T19:49:53.528+0530][gc,phases   ] GC(360)   Pre Evacuate Collection Set: 0.3ms
[2025-03-28T19:49:53.528+0530][gc,phases   ] GC(360)   Merge Heap Roots: 0.9ms
[2025-03-28T19:49:53.528+0530][gc,phases   ] GC(360)   Evacuate Collection Set: 16.5ms
[2025-03-28T19:49:53.528+0530][gc,phases   ] GC(360)   Post Evacuate Collection Set: 1.0ms
[2025-03-28T19:49:53.528+0530][gc,phases   ] GC(360)   Other: 0.2ms
[2025-03-28T19:49:53.528+0530][gc,heap     ] GC(360) Eden regions: 49->0(47)
[2025-03-28T19:49:53.528+0530][gc,heap     ] GC(360) Survivor regions: 2->4(7)
[2025-03-28T19:49:53.528+0530][gc,heap     ] GC(360) Old regions: 105->105
[2025-03-28T19:49:53.528+0530][gc,heap     ] GC(360) Archive regions: 2->2
[2025-03-28T19:49:53.528+0530][gc,heap     ] GC(360) Humongous regions: 149->147
[2025-03-28T19:49:53.528+0530][gc,metaspace] GC(360) Metaspace: 51574K(52352K)->51574K(52352K) NonClass: 45784K(46208K)->45784K(46208K) Class: 5790K(6144K)->5790K(6144K)
[2025-03-28T19:49:53.528+0530][gc          ] GC(360) Pause Young (Normal) (G1 Evacuation Pause) 305M->256M(1024M) 18.987ms
[2025-03-28T19:49:53.528+0530][gc,cpu      ] GC(360) User=0.02s Sys=0.01s Real=0.03s
[2025-03-28T19:49:53.655+0530][gc,start    ] GC(361) Pause Young (Normal) (G1 Evacuation Pause)
[2025-03-28T19:49:53.655+0530][gc,task     ] GC(361) Using 2 workers of 2 for evacuation
[2025-03-28T19:49:53.803+0530][gc,mmu      ] GC(361) MMU target violated: 21.0ms (20.0ms/21.0ms)
[2025-03-28T19:49:53.803+0530][gc,phases   ] GC(361)   Pre Evacuate Collection Set: 0.2ms
[2025-03-28T19:49:53.803+0530][gc,phases   ] GC(361)   Merge Heap Roots: 0.1ms
[2025-03-28T19:49:53.803+0530][gc,phases   ] GC(361)   Evacuate Collection Set: 132.8ms
[2025-03-28T19:49:53.803+0530][gc,phases   ] GC(361)   Post Evacuate Collection Set: 0.3ms
[2025-03-28T19:49:53.803+0530][gc,phases   ] GC(361)   Other: 14.2ms
[2025-03-28T19:49:53.803+0530][gc,heap     ] GC(361) Eden regions: 47->0(49)
[2025-03-28T19:49:53.803+0530][gc,heap     ] GC(361) Survivor regions: 4->2(7)
[2025-03-28T19:49:53.803+0530][gc,heap     ] GC(361) Old regions: 105->106
[2025-03-28T19:49:53.803+0530][gc,heap     ] GC(361) Archive regions: 2->2
[2025-03-28T19:49:53.803+0530][gc,heap     ] GC(361) Humongous regions: 149->149
[2025-03-28T19:49:53.803+0530][gc,metaspace] GC(361) Metaspace: 51574K(52352K)->51574K(52352K) NonClass: 45784K(46208K)->45784K(46208K) Class: 5790K(6144K)->5790K(6144K)
[2025-03-28T19:49:53.803+0530][gc          ] GC(361) Pause Young (Normal) (G1 Evacuation Pause) 305M->257M(1024M) 147.661ms
[2025-03-28T19:49:53.803+0530][gc,cpu      ] GC(361) User=0.01s Sys=0.00s Real=0.15s
[2025-03-28T19:49:54.614+0530][gc,start    ] GC(258) Pause Young (Normal) (G1 Evacuation Pause)
[2025-03-28T19:49:54.614+0530][gc,task     ] GC(258) Using 2 workers of 2 for evacuation
[2025-03-28T19:49:54.617+0530][gc,phases   ] GC(258)   Pre Evacuate Collection Set: 0.1ms
[2025-03-28T19:49:54.617+0530][gc,phases   ] GC(258)   Merge Heap Roots: 0.1ms
[2025-03-28T19:49:54.617+0530][gc,phases   ] GC(258)   Evacuate Collection Set: 2.4ms
[2025-03-28T19:49:54.617+0530][gc,phases   ] GC(258)   Post Evacuate Collection Set: 0.4ms
[2025-03-28T19:49:54.617+0530][gc,phases   ] GC(258)   Other: 0.1ms
[2025-03-28T19:49:54.617+0530][gc,heap     ] GC(258) Eden regions: 48->0(49)
[2025-03-28T19:49:54.617+0530][gc,heap     ] GC(258) Survivor regions: 3->2(7)
[2025-03-28T19:49:54.617+0530][gc,heap     ] GC(258) Old regions: 142->142
[2025-03-28T19:49:54.617+0530][gc,heap     ] GC(258) Archive regions: 2->2
[2025-03-28T19:49:54.617+0530][gc,heap     ] GC(258) Humongous regions: 149->147
[2025-03-28T19:49:54.617+0530][gc,metaspace] GC(258) Metaspace: 51609K(52352K)->51609K(52352K) NonClass: 45741K(46144K)->45741K(46144K) Class: 5868K(6208K)->5868K(6208K)
[2025-03-28T19:49:54.617+0530][gc          ] GC(258) Pause Young (Normal) (G1 Evacuation Pause) 342M->291M(1024M) 3.251ms
[2025-03-28T19:49:54.618+0530][gc,cpu      ] GC(258) User=0.00s Sys=0.00s Real=0.01s
[2025-03-28T19:49:54.700+0530][gc,start    ] GC(259) Pause Young (Normal) (G1 Evacuation Pause)
[2025-03-28T19:49:54.700+0530][gc,task     ] GC(259) Using 2 workers of 2 for evacuation
[2025-03-28T19:49:54.711+0530][gc,phases   ] GC(259)   Pre Evacuate Collection Set: 0.2ms
[2025-03-28T19:49:54.711+0530][gc,phases   ] GC(259)   Merge Heap Roots: 0.1ms
[2025-03-28T19:49:54.711+0530][gc,phases   ] GC(259)   Evacuate Collection Set: 7.8ms
[2025-03-28T19:49:54.711+0530][gc,phases   ] GC(259)   Post Evacuate Collection Set: 2.5ms
[2025-03-28T19:49:54.711+0530][gc,phases   ] GC(259)   Other: 0.2ms
[2025-03-28T19:49:54.711+0530][gc,heap     ] GC(259) Eden regions: 49->0(44)
[2025-03-28T19:49:54.711+0530][gc,heap     ] GC(259) Survivor regions: 2->7(7)
[2025-03-28T19:49:54.711+0530][gc,heap     ] GC(259) Old regions: 142->143
[2025-03-28T19:49:54.711+0530][gc,heap     ] GC(259) Archive regions: 2->2
[2025-03-28T19:49:54.711+0530][gc,heap     ] GC(259) Humongous regions: 147->147
[2025-03-28T19:49:54.711+0530][gc,metaspace] GC(259) Metaspace: 51615K(52352K)->51615K(52352K) NonClass: 45746K(46144K)->45746K(46144K) Class: 5868K(6208K)->5868K(6208K)
[2025-03-28T19:49:54.711+0530][gc          ] GC(259) Pause Young (Normal) (G1 Evacuation Pause) 340M->297M(1024M) 10.942ms
[2025-03-28T19:49:54.711+0530][gc,cpu      ] GC(259) User=0.01s Sys=0.00s Real=0.01s
[2025-03-28T19:49:59.643+0530][gc,start    ] GC(260) Pause Young (Normal) (G1 Evacuation Pause)
[2025-03-28T19:49:59.643+0530][gc,task     ] GC(260) Using 2 workers of 2 for evacuation
[2025-03-28T19:49:59.692+0530][gc,mmu      ] GC(260) MMU target violated: 21.0ms (20.0ms/21.0ms)
[2025-03-28T19:49:59.692+0530][gc,phases   ] GC(260)   Pre Evacuate Collection Set: 0.9ms
[2025-03-28T19:49:59.692+0530][gc,phases   ] GC(260)   Merge Heap Roots: 0.8ms
[2025-03-28T19:49:59.692+0530][gc,phases   ] GC(260)   Evacuate Collection Set: 43.1ms
[2025-03-28T19:49:59.692+0530][gc,phases   ] GC(260)   Post Evacuate Collection Set: 3.8ms
[2025-03-28T19:49:59.692+0530][gc,phases   ] GC(260)   Other: 0.8ms
[2025-03-28T19:49:59.692+0530][gc,heap     ] GC(260) Eden regions: 44->0(50)
[2025-03-28T19:49:59.692+0530][gc,heap     ] GC(260) Survivor regions: 7->1(7)
[2025-03-28T19:49:59.692+0530][gc,heap     ] GC(260) Old regions: 143->143
[2025-03-28T19:49:59.692+0530][gc,heap     ] GC(260) Archive regions: 2->2
[2025-03-28T19:49:59.692+0530][gc,heap     ] GC(260) Humongous regions: 149->147
[2025-03-28T19:49:59.692+0530][gc,metaspace] GC(260) Metaspace: 51620K(52352K)->51620K(52352K) NonClass: 45751K(46144K)->45751K(46144K) Class: 5868K(6208K)->5868K(6208K)
[2025-03-28T19:49:59.692+0530][gc          ] GC(260) Pause Young (Normal) (G1 Evacuation Pause) 343M->291M(1024M) 49.518ms
[2025-03-28T19:49:59.692+0530][gc,cpu      ] GC(260) User=0.04s Sys=0.00s Real=0.05s
[2025-03-28T19:50:02.249+0530][gc,start    ] GC(362) Pause Young (Normal) (G1 Evacuation Pause)
[2025-03-28T19:50:02.249+0530][gc,task     ] GC(362) Using 2 workers of 2 for evacuation
[2025-03-28T19:50:02.287+0530][gc,mmu      ] GC(362) MMU target violated: 21.0ms (20.0ms/21.0ms)
[2025-03-28T19:50:02.287+0530][gc,phases   ] GC(362)   Pre Evacuate Collection Set: 2.1ms
[2025-03-28T19:50:02.287+0530][gc,phases   ] GC(362)   Merge Heap Roots: 0.1ms
[2025-03-28T19:50:02.287+0530][gc,phases   ] GC(362)   Evacuate Collection Set: 34.2ms
[2025-03-28T19:50:02.287+0530][gc,phases   ] GC(362)   Post Evacuate Collection Set: 1.6ms
[2025-03-28T19:50:02.287+0530][gc,phases   ] GC(362)   Other: 0.2ms
[2025-03-28T19:50:02.287+0530][gc,heap     ] GC(362) Eden regions: 49->0(48)
[2025-03-28T19:50:02.287+0530][gc,heap     ] GC(362) Survivor regions: 2->3(7)
[2025-03-28T19:50:02.287+0530][gc,heap     ] GC(362) Old regions: 106->106
[2025-03-28T19:50:02.287+0530][gc,heap     ] GC(362) Archive regions: 2->2
[2025-03-28T19:50:02.287+0530][gc,heap     ] GC(362) Humongous regions: 149->147
[2025-03-28T19:50:02.287+0530][gc,metaspace] GC(362) Metaspace: 51584K(52352K)->51584K(52352K) NonClass: 45794K(46208K)->45794K(46208K) Class: 5790K(6144K)->5790K(6144K)
[2025-03-28T19:50:02.287+0530][gc          ] GC(362) Pause Young (Normal) (G1 Evacuation Pause) 306M->256M(1024M) 38.244ms
[2025-03-28T19:50:02.287+0530][gc,cpu      ] GC(362) User=0.01s Sys=0.00s Real=0.05s
[2025-03-28T19:50:02.297+0530][gc,start    ] GC(261) Pause Young (Normal) (G1 Evacuation Pause)
[2025-03-28T19:50:02.297+0530][gc,task     ] GC(261) Using 2 workers of 2 for evacuation
[2025-03-28T19:50:02.312+0530][gc,phases   ] GC(261)   Pre Evacuate Collection Set: 0.2ms
[2025-03-28T19:50:02.312+0530][gc,phases   ] GC(261)   Merge Heap Roots: 0.1ms
[2025-03-28T19:50:02.312+0530][gc,phases   ] GC(261)   Evacuate Collection Set: 13.7ms
[2025-03-28T19:50:02.312+0530][gc,phases   ] GC(261)   Post Evacuate Collection Set: 0.5ms
[2025-03-28T19:50:02.312+0530][gc,phases   ] GC(261)   Other: 0.1ms
[2025-03-28T19:50:02.312+0530][gc,heap     ] GC(261) Eden regions: 50->0(44)
[2025-03-28T19:50:02.312+0530][gc,heap     ] GC(261) Survivor regions: 1->7(7)
[2025-03-28T19:50:02.312+0530][gc,heap     ] GC(261) Old regions: 143->143
[2025-03-28T19:50:02.312+0530][gc,heap     ] GC(261) Archive regions: 2->2
[2025-03-28T19:50:02.312+0530][gc,heap     ] GC(261) Humongous regions: 147->147
[2025-03-28T19:50:02.312+0530][gc,metaspace] GC(261) Metaspace: 51633K(52352K)->51633K(52352K) NonClass: 45765K(46144K)->45765K(46144K) Class: 5868K(6208K)->5868K(6208K)
[2025-03-28T19:50:02.312+0530][gc          ] GC(261) Pause Young (Normal) (G1 Evacuation Pause) 341M->297M(1024M) 14.790ms
[2025-03-28T19:50:02.312+0530][gc,cpu      ] GC(261) User=0.01s Sys=0.01s Real=0.01s
[2025-03-28T19:50:02.465+0530][gc,start    ] GC(262) Pause Young (Normal) (G1 Evacuation Pause)
[2025-03-28T19:50:02.465+0530][gc,task     ] GC(262) Using 2 workers of 2 for evacuation
[2025-03-28T19:50:02.476+0530][gc,phases   ] GC(262)   Pre Evacuate Collection Set: 1.6ms
[2025-03-28T19:50:02.476+0530][gc,phases   ] GC(262)   Merge Heap Roots: 0.1ms
[2025-03-28T19:50:02.476+0530][gc,phases   ] GC(262)   Evacuate Collection Set: 8.6ms
[2025-03-28T19:50:02.476+0530][gc,phases   ] GC(262)   Post Evacuate Collection Set: 0.7ms
[2025-03-28T19:50:02.476+0530][gc,phases   ] GC(262)   Other: 0.1ms
[2025-03-28T19:50:02.476+0530][gc,heap     ] GC(262) Eden regions: 44->0(49)
[2025-03-28T19:50:02.476+0530][gc,heap     ] GC(262) Survivor regions: 7->2(7)
[2025-03-28T19:50:02.476+0530][gc,heap     ] GC(262) Old regions: 143->144
[2025-03-28T19:50:02.476+0530][gc,heap     ] GC(262) Archive regions: 2->2
[2025-03-28T19:50:02.476+0530][gc,heap     ] GC(262) Humongous regions: 149->149
[2025-03-28T19:50:02.476+0530][gc,metaspace] GC(262) Metaspace: 51636K(52352K)->51636K(52352K) NonClass: 45767K(46144K)->45767K(46144K) Class: 5868K(6208K)->5868K(6208K)
[2025-03-28T19:50:02.476+0530][gc          ] GC(262) Pause Young (Normal) (G1 Evacuation Pause) 343M->295M(1024M) 11.522ms
[2025-03-28T19:50:02.476+0530][gc,cpu      ] GC(262) User=0.01s Sys=0.00s Real=0.03s
[2025-03-28T19:50:02.631+0530][gc,start    ] GC(363) Pause Young (Normal) (G1 Evacuation Pause)
[2025-03-28T19:50:02.631+0530][gc,task     ] GC(363) Using 2 workers of 2 for evacuation
[2025-03-28T19:50:02.656+0530][gc,mmu      ] GC(363) MMU target violated: 21.0ms (20.0ms/21.0ms)
[2025-03-28T19:50:02.656+0530][gc,phases   ] GC(363)   Pre Evacuate Collection Set: 0.2ms
[2025-03-28T19:50:02.656+0530][gc,phases   ] GC(363)   Merge Heap Roots: 0.1ms
[2025-03-28T19:50:02.656+0530][gc,phases   ] GC(363)   Evacuate Collection Set: 24.7ms
[2025-03-28T19:50:02.656+0530][gc,phases   ] GC(363)   Post Evacuate Collection Set: 0.4ms
[2025-03-28T19:50:02.656+0530][gc,phases   ] GC(363)   Other: 0.2ms
[2025-03-28T19:50:02.656+0530][gc,heap     ] GC(363) Eden regions: 48->0(48)
[2025-03-28T19:50:02.656+0530][gc,heap     ] GC(363) Survivor regions: 3->3(7)
[2025-03-28T19:50:02.656+0530][gc,heap     ] GC(363) Old regions: 106->106
[2025-03-28T19:50:02.656+0530][gc,heap     ] GC(363) Archive regions: 2->2
[2025-03-28T19:50:02.656+0530][gc,heap     ] GC(363) Humongous regions: 149->149
[2025-03-28T19:50:02.657+0530][gc,metaspace] GC(363) Metaspace: 51586K(52352K)->51586K(52352K) NonClass: 45796K(46208K)->45796K(46208K) Class: 5790K(6144K)->5790K(6144K)
[2025-03-28T19:50:02.657+0530][gc          ] GC(363) Pause Young (Normal) (G1 Evacuation Pause) 306M->257M(1024M) 25.636ms
[2025-03-28T19:50:02.657+0530][gc,cpu      ] GC(363) User=0.01s Sys=0.00s Real=0.03s
[2025-03-28T19:50:03.491+0530][gc,start    ] GC(364) Pause Young (Normal) (G1 Evacuation Pause)
[2025-03-28T19:50:03.491+0530][gc,task     ] GC(364) Using 2 workers of 2 for evacuation
[2025-03-28T19:50:03.494+0530][gc,phases   ] GC(364)   Pre Evacuate Collection Set: 0.3ms
[2025-03-28T19:50:03.494+0530][gc,phases   ] GC(364)   Merge Heap Roots: 0.1ms
[2025-03-28T19:50:03.494+0530][gc,phases   ] GC(364)   Evacuate Collection Set: 2.8ms
[2025-03-28T19:50:03.494+0530][gc,phases   ] GC(364)   Post Evacuate Collection Set: 0.4ms
[2025-03-28T19:50:03.494+0530][gc,phases   ] GC(364)   Other: 0.1ms
[2025-03-28T19:50:03.494+0530][gc,heap     ] GC(364) Eden regions: 48->0(48)
[2025-03-28T19:50:03.494+0530][gc,heap     ] GC(364) Survivor regions: 3->3(7)
[2025-03-28T19:50:03.494+0530][gc,heap     ] GC(364) Old regions: 106->106
[2025-03-28T19:50:03.494+0530][gc,heap     ] GC(364) Archive regions: 2->2
[2025-03-28T19:50:03.494+0530][gc,heap     ] GC(364) Humongous regions: 149->147
[2025-03-28T19:50:03.494+0530][gc,metaspace] GC(364) Metaspace: 51593K(52352K)->51593K(52352K) NonClass: 45802K(46208K)->45802K(46208K) Class: 5790K(6144K)->5790K(6144K)
[2025-03-28T19:50:03.494+0530][gc          ] GC(364) Pause Young (Normal) (G1 Evacuation Pause) 305M->255M(1024M) 3.843ms
[2025-03-28T19:50:03.494+0530][gc,cpu      ] GC(364) User=0.00s Sys=0.00s Real=0.01s
[2025-03-28T19:50:03.581+0530][gc,start    ] GC(365) Pause Young (Normal) (G1 Evacuation Pause)
[2025-03-28T19:50:03.581+0530][gc,task     ] GC(365) Using 2 workers of 2 for evacuation
[2025-03-28T19:50:03.586+0530][gc,phases   ] GC(365)   Pre Evacuate Collection Set: 0.1ms
[2025-03-28T19:50:03.586+0530][gc,phases   ] GC(365)   Merge Heap Roots: 0.1ms
[2025-03-28T19:50:03.586+0530][gc,phases   ] GC(365)   Evacuate Collection Set: 4.3ms
[2025-03-28T19:50:03.586+0530][gc,phases   ] GC(365)   Post Evacuate Collection Set: 0.5ms
[2025-03-28T19:50:03.586+0530][gc,phases   ] GC(365)   Other: 0.1ms
[2025-03-28T19:50:03.586+0530][gc,heap     ] GC(365) Eden regions: 48->0(48)
[2025-03-28T19:50:03.586+0530][gc,heap     ] GC(365) Survivor regions: 3->3(7)
[2025-03-28T19:50:03.586+0530][gc,heap     ] GC(365) Old regions: 106->106
[2025-03-28T19:50:03.586+0530][gc,heap     ] GC(365) Archive regions: 2->2
[2025-03-28T19:50:03.586+0530][gc,heap     ] GC(365) Humongous regions: 149->149
[2025-03-28T19:50:03.586+0530][gc,metaspace] GC(365) Metaspace: 51594K(52352K)->51594K(52352K) NonClass: 45803K(46208K)->45803K(46208K) Class: 5790K(6144K)->5790K(6144K)
[2025-03-28T19:50:03.586+0530][gc          ] GC(365) Pause Young (Normal) (G1 Evacuation Pause) 305M->258M(1024M) 5.207ms
[2025-03-28T19:50:03.586+0530][gc,cpu      ] GC(365) User=0.01s Sys=0.00s Real=0.00s
[2025-03-28T19:50:04.648+0530][gc,start    ] GC(263) Pause Young (Normal) (G1 Evacuation Pause)
[2025-03-28T19:50:04.648+0530][gc,task     ] GC(263) Using 2 workers of 2 for evacuation
[2025-03-28T19:50:04.655+0530][gc,phases   ] GC(263)   Pre Evacuate Collection Set: 0.3ms
[2025-03-28T19:50:04.655+0530][gc,phases   ] GC(263)   Merge Heap Roots: 0.1ms
[2025-03-28T19:50:04.655+0530][gc,phases   ] GC(263)   Evacuate Collection Set: 6.0ms
[2025-03-28T19:50:04.655+0530][gc,phases   ] GC(263)   Post Evacuate Collection Set: 1.0ms
[2025-03-28T19:50:04.655+0530][gc,phases   ] GC(263)   Other: 0.1ms
[2025-03-28T19:50:04.655+0530][gc,heap     ] GC(263) Eden regions: 49->0(46)
[2025-03-28T19:50:04.655+0530][gc,heap     ] GC(263) Survivor regions: 2->5(7)
[2025-03-28T19:50:04.655+0530][gc,heap     ] GC(263) Old regions: 144->144
[2025-03-28T19:50:04.655+0530][gc,heap     ] GC(263) Archive regions: 2->2
[2025-03-28T19:50:04.655+0530][gc,heap     ] GC(263) Humongous regions: 149->147
[2025-03-28T19:50:04.655+0530][gc,metaspace] GC(263) Metaspace: 51646K(52352K)->51646K(52352K) NonClass: 45778K(46144K)->45778K(46144K) Class: 5868K(6208K)->5868K(6208K)
[2025-03-28T19:50:04.655+0530][gc          ] GC(263) Pause Young (Normal) (G1 Evacuation Pause) 344M->296M(1024M) 7.574ms
[2025-03-28T19:50:04.655+0530][gc,cpu      ] GC(263) User=0.01s Sys=0.00s Real=0.01s
[2025-03-28T19:50:04.766+0530][gc,start    ] GC(264) Pause Young (Normal) (G1 Evacuation Pause)
[2025-03-28T19:50:04.766+0530][gc,task     ] GC(264) Using 2 workers of 2 for evacuation
[2025-03-28T19:50:04.774+0530][gc,phases   ] GC(264)   Pre Evacuate Collection Set: 0.2ms
[2025-03-28T19:50:04.774+0530][gc,phases   ] GC(264)   Merge Heap Roots: 0.1ms
[2025-03-28T19:50:04.774+0530][gc,phases   ] GC(264)   Evacuate Collection Set: 6.4ms
[2025-03-28T19:50:04.774+0530][gc,phases   ] GC(264)   Post Evacuate Collection Set: 0.5ms
[2025-03-28T19:50:04.774+0530][gc,phases   ] GC(264)   Other: 0.1ms
[2025-03-28T19:50:04.774+0530][gc,heap     ] GC(264) Eden regions: 46->0(58)
[2025-03-28T19:50:04.774+0530][gc,heap     ] GC(264) Survivor regions: 5->2(7)
[2025-03-28T19:50:04.774+0530][gc,heap     ] GC(264) Old regions: 144->145
[2025-03-28T19:50:04.774+0530][gc,heap     ] GC(264) Archive regions: 2->2
[2025-03-28T19:50:04.774+0530][gc,heap     ] GC(264) Humongous regions: 149->149
[2025-03-28T19:50:04.774+0530][gc,metaspace] GC(264) Metaspace: 51646K(52352K)->51646K(52352K) NonClass: 45778K(46144K)->45778K(46144K) Class: 5868K(6208K)->5868K(6208K)
[2025-03-28T19:50:04.774+0530][gc          ] GC(264) Pause Young (Normal) (G1 Evacuation Pause) 344M->296M(1024M) 7.449ms
[2025-03-28T19:50:04.774+0530][gc,cpu      ] GC(264) User=0.01s Sys=0.00s Real=0.00s
[2025-03-28T19:50:08.937+0530][gc,start    ] GC(366) Pause Young (Normal) (G1 Evacuation Pause)
[2025-03-28T19:50:08.937+0530][gc,task     ] GC(366) Using 2 workers of 2 for evacuation
[2025-03-28T19:50:08.961+0530][gc,mmu      ] GC(366) MMU target violated: 21.0ms (20.0ms/21.0ms)
[2025-03-28T19:50:08.961+0530][gc,phases   ] GC(366)   Pre Evacuate Collection Set: 1.5ms
[2025-03-28T19:50:08.961+0530][gc,phases   ] GC(366)   Merge Heap Roots: 0.2ms
[2025-03-28T19:50:08.961+0530][gc,phases   ] GC(366)   Evacuate Collection Set: 20.7ms
[2025-03-28T19:50:08.961+0530][gc,phases   ] GC(366)   Post Evacuate Collection Set: 1.3ms
[2025-03-28T19:50:08.961+0530][gc,phases   ] GC(366)   Other: 0.3ms
[2025-03-28T19:50:08.961+0530][gc,heap     ] GC(366) Eden regions: 48->0(49)
[2025-03-28T19:50:08.961+0530][gc,heap     ] GC(366) Survivor regions: 3->2(7)
[2025-03-28T19:50:08.961+0530][gc,heap     ] GC(366) Old regions: 106->106
[2025-03-28T19:50:08.961+0530][gc,heap     ] GC(366) Archive regions: 2->2
[2025-03-28T19:50:08.961+0530][gc,heap     ] GC(366) Humongous regions: 149->147
[2025-03-28T19:50:08.961+0530][gc,metaspace] GC(366) Metaspace: 51598K(52352K)->51598K(52352K) NonClass: 45808K(46208K)->45808K(46208K) Class: 5790K(6144K)->5790K(6144K)
[2025-03-28T19:50:08.961+0530][gc          ] GC(366) Pause Young (Normal) (G1 Evacuation Pause) 306M->255M(1024M) 24.165ms
[2025-03-28T19:50:08.961+0530][gc,cpu      ] GC(366) User=0.02s Sys=0.01s Real=0.02s
[2025-03-28T19:50:09.111+0530][gc,start    ] GC(367) Pause Young (Normal) (G1 Evacuation Pause)
[2025-03-28T19:50:09.111+0530][gc,task     ] GC(367) Using 2 workers of 2 for evacuation
[2025-03-28T19:50:09.168+0530][gc,mmu      ] GC(367) MMU target violated: 21.0ms (20.0ms/21.0ms)
[2025-03-28T19:50:09.168+0530][gc,phases   ] GC(367)   Pre Evacuate Collection Set: 10.8ms
[2025-03-28T19:50:09.168+0530][gc,phases   ] GC(367)   Merge Heap Roots: 0.1ms
[2025-03-28T19:50:09.168+0530][gc,phases   ] GC(367)   Evacuate Collection Set: 45.7ms
[2025-03-28T19:50:09.168+0530][gc,phases   ] GC(367)   Post Evacuate Collection Set: 0.5ms
[2025-03-28T19:50:09.168+0530][gc,phases   ] GC(367)   Other: 0.2ms
[2025-03-28T19:50:09.168+0530][gc,heap     ] GC(367) Eden regions: 49->0(44)
[2025-03-28T19:50:09.168+0530][gc,heap     ] GC(367) Survivor regions: 2->7(7)
[2025-03-28T19:50:09.168+0530][gc,heap     ] GC(367) Old regions: 106->106
[2025-03-28T19:50:09.168+0530][gc,heap     ] GC(367) Archive regions: 2->2
[2025-03-28T19:50:09.168+0530][gc,heap     ] GC(367) Humongous regions: 147->147
[2025-03-28T19:50:09.168+0530][gc,metaspace] GC(367) Metaspace: 51601K(52352K)->51601K(52352K) NonClass: 45810K(46208K)->45810K(46208K) Class: 5790K(6144K)->5790K(6144K)
[2025-03-28T19:50:09.168+0530][gc          ] GC(367) Pause Young (Normal) (G1 Evacuation Pause) 304M->260M(1024M) 57.210ms
[2025-03-28T19:50:09.169+0530][gc,cpu      ] GC(367) User=0.02s Sys=0.00s Real=0.06s
[2025-03-28T19:50:09.302+0530][gc,start    ] GC(368) Pause Young (Normal) (G1 Evacuation Pause)
[2025-03-28T19:50:09.302+0530][gc,task     ] GC(368) Using 2 workers of 2 for evacuation
[2025-03-28T19:50:09.404+0530][gc,mmu      ] GC(368) MMU target violated: 21.0ms (20.0ms/21.0ms)
[2025-03-28T19:50:09.404+0530][gc,phases   ] GC(368)   Pre Evacuate Collection Set: 0.2ms
[2025-03-28T19:50:09.404+0530][gc,phases   ] GC(368)   Merge Heap Roots: 0.1ms
[2025-03-28T19:50:09.404+0530][gc,phases   ] GC(368)   Evacuate Collection Set: 101.5ms
[2025-03-28T19:50:09.404+0530][gc,phases   ] GC(368)   Post Evacuate Collection Set: 0.5ms
[2025-03-28T19:50:09.404+0530][gc,phases   ] GC(368)   Other: 0.2ms
[2025-03-28T19:50:09.404+0530][gc,heap     ] GC(368) Eden regions: 44->0(49)
[2025-03-28T19:50:09.404+0530][gc,heap     ] GC(368) Survivor regions: 7->2(7)
[2025-03-28T19:50:09.404+0530][gc,heap     ] GC(368) Old regions: 106->113
[2025-03-28T19:50:09.404+0530][gc,heap     ] GC(368) Archive regions: 2->2
[2025-03-28T19:50:09.404+0530][gc,heap     ] GC(368) Humongous regions: 149->149
[2025-03-28T19:50:09.404+0530][gc,metaspace] GC(368) Metaspace: 51601K(52352K)->51601K(52352K) NonClass: 45810K(46208K)->45810K(46208K) Class: 5790K(6144K)->5790K(6144K)
[2025-03-28T19:50:09.404+0530][gc          ] GC(368) Pause Young (Normal) (G1 Evacuation Pause) 306M->264M(1024M) 102.563ms
[2025-03-28T19:50:09.404+0530][gc,cpu      ] GC(368) User=0.02s Sys=0.01s Real=0.10s
[2025-03-28T19:50:13.669+0530][gc,start    ] GC(265) Pause Young (Normal) (G1 Evacuation Pause)
[2025-03-28T19:50:13.669+0530][gc,task     ] GC(265) Using 2 workers of 2 for evacuation
[2025-03-28T19:50:13.681+0530][gc,phases   ] GC(265)   Pre Evacuate Collection Set: 0.2ms
[2025-03-28T19:50:13.681+0530][gc,phases   ] GC(265)   Merge Heap Roots: 0.1ms
[2025-03-28T19:50:13.681+0530][gc,phases   ] GC(265)   Evacuate Collection Set: 11.6ms
[2025-03-28T19:50:13.681+0530][gc,phases   ] GC(265)   Post Evacuate Collection Set: 0.4ms
[2025-03-28T19:50:13.681+0530][gc,phases   ] GC(265)   Other: 0.1ms
[2025-03-28T19:50:13.681+0530][gc,heap     ] GC(265) Eden regions: 58->0(73)
[2025-03-28T19:50:13.681+0530][gc,heap     ] GC(265) Survivor regions: 2->5(8)
[2025-03-28T19:50:13.681+0530][gc,heap     ] GC(265) Old regions: 145->145
[2025-03-28T19:50:13.681+0530][gc,heap     ] GC(265) Archive regions: 2->2
[2025-03-28T19:50:13.681+0530][gc,heap     ] GC(265) Humongous regions: 149->147
[2025-03-28T19:50:13.681+0530][gc,metaspace] GC(265) Metaspace: 51843K(52544K)->51843K(52544K) NonClass: 45975K(46336K)->45975K(46336K) Class: 5868K(6208K)->5868K(6208K)
[2025-03-28T19:50:13.681+0530][gc          ] GC(265) Pause Young (Normal) (G1 Evacuation Pause) 354M->297M(1024M) 12.583ms
[2025-03-28T19:50:13.682+0530][gc,cpu      ] GC(265) User=0.01s Sys=0.00s Real=0.01s
[2025-03-28T19:50:13.688+0530][gc,start    ] GC(369) Pause Young (Normal) (G1 Evacuation Pause)
[2025-03-28T19:50:13.688+0530][gc,task     ] GC(369) Using 2 workers of 2 for evacuation
[2025-03-28T19:50:13.748+0530][gc,mmu      ] GC(369) MMU target violated: 21.0ms (20.0ms/21.0ms)
[2025-03-28T19:50:13.748+0530][gc,phases   ] GC(369)   Pre Evacuate Collection Set: 3.0ms
[2025-03-28T19:50:13.748+0530][gc,phases   ] GC(369)   Merge Heap Roots: 7.5ms
[2025-03-28T19:50:13.748+0530][gc,phases   ] GC(369)   Evacuate Collection Set: 43.1ms
[2025-03-28T19:50:13.748+0530][gc,phases   ] GC(369)   Post Evacuate Collection Set: 5.8ms
[2025-03-28T19:50:13.748+0530][gc,phases   ] GC(369)   Other: 0.2ms
[2025-03-28T19:50:13.748+0530][gc,heap     ] GC(369) Eden regions: 49->0(44)
[2025-03-28T19:50:13.748+0530][gc,heap     ] GC(369) Survivor regions: 2->7(7)
[2025-03-28T19:50:13.748+0530][gc,heap     ] GC(369) Old regions: 113->113
[2025-03-28T19:50:13.748+0530][gc,heap     ] GC(369) Archive regions: 2->2
[2025-03-28T19:50:13.748+0530][gc,heap     ] GC(369) Humongous regions: 149->147
[2025-03-28T19:50:13.748+0530][gc,metaspace] GC(369) Metaspace: 51637K(52352K)->51637K(52352K) NonClass: 45847K(46208K)->45847K(46208K) Class: 5790K(6144K)->5790K(6144K)
[2025-03-28T19:50:13.748+0530][gc          ] GC(369) Pause Young (Normal) (G1 Evacuation Pause) 313M->266M(1024M) 59.684ms
[2025-03-28T19:50:13.748+0530][gc,cpu      ] GC(369) User=0.01s Sys=0.00s Real=0.06s
[2025-03-28T19:50:13.893+0530][gc,start    ] GC(370) Pause Young (Normal) (G1 Evacuation Pause)
[2025-03-28T19:50:13.912+0530][gc,task     ] GC(370) Using 2 workers of 2 for evacuation
[2025-03-28T19:50:13.944+0530][gc,mmu      ] GC(370) MMU target violated: 21.0ms (20.0ms/21.0ms)
[2025-03-28T19:50:13.944+0530][gc,phases   ] GC(370)   Pre Evacuate Collection Set: 0.3ms
[2025-03-28T19:50:13.944+0530][gc,phases   ] GC(370)   Merge Heap Roots: 0.1ms
[2025-03-28T19:50:13.944+0530][gc,phases   ] GC(370)   Evacuate Collection Set: 27.3ms
[2025-03-28T19:50:13.944+0530][gc,phases   ] GC(370)   Post Evacuate Collection Set: 4.1ms
[2025-03-28T19:50:13.944+0530][gc,phases   ] GC(370)   Other: 19.6ms
[2025-03-28T19:50:13.944+0530][gc,heap     ] GC(370) Eden regions: 44->0(49)
[2025-03-28T19:50:13.944+0530][gc,heap     ] GC(370) Survivor regions: 7->2(7)
[2025-03-28T19:50:13.944+0530][gc,heap     ] GC(370) Old regions: 113->114
[2025-03-28T19:50:13.944+0530][gc,heap     ] GC(370) Archive regions: 2->2
[2025-03-28T19:50:13.944+0530][gc,heap     ] GC(370) Humongous regions: 149->149
[2025-03-28T19:50:13.944+0530][gc,metaspace] GC(370) Metaspace: 51655K(52416K)->51655K(52416K) NonClass: 45865K(46272K)->45865K(46272K) Class: 5790K(6144K)->5790K(6144K)
[2025-03-28T19:50:13.944+0530][gc          ] GC(370) Pause Young (Normal) (G1 Evacuation Pause) 312M->265M(1024M) 51.378ms
[2025-03-28T19:50:13.944+0530][gc,cpu      ] GC(370) User=0.00s Sys=0.01s Real=0.06s
[2025-03-28T19:50:14.612+0530][gc,start    ] GC(266) Pause Young (Normal) (G1 Evacuation Pause)
[2025-03-28T19:50:14.612+0530][gc,task     ] GC(266) Using 2 workers of 2 for evacuation
[2025-03-28T19:50:14.619+0530][gc,phases   ] GC(266)   Pre Evacuate Collection Set: 0.2ms
[2025-03-28T19:50:14.619+0530][gc,phases   ] GC(266)   Merge Heap Roots: 0.1ms
[2025-03-28T19:50:14.619+0530][gc,phases   ] GC(266)   Evacuate Collection Set: 6.8ms
[2025-03-28T19:50:14.619+0530][gc,phases   ] GC(266)   Post Evacuate Collection Set: 0.4ms
[2025-03-28T19:50:14.619+0530][gc,phases   ] GC(266)   Other: 0.1ms
[2025-03-28T19:50:14.619+0530][gc,heap     ] GC(266) Eden regions: 73->0(187)
[2025-03-28T19:50:14.619+0530][gc,heap     ] GC(266) Survivor regions: 5->2(10)
[2025-03-28T19:50:14.619+0530][gc,heap     ] GC(266) Old regions: 145->145
[2025-03-28T19:50:14.619+0530][gc,heap     ] GC(266) Archive regions: 2->2
[2025-03-28T19:50:14.619+0530][gc,heap     ] GC(266) Humongous regions: 149->147
[2025-03-28T19:50:14.619+0530][gc,metaspace] GC(266) Metaspace: 51862K(52544K)->51862K(52544K) NonClass: 45994K(46336K)->45994K(46336K) Class: 5868K(6208K)->5868K(6208K)
[2025-03-28T19:50:14.619+0530][gc          ] GC(266) Pause Young (Normal) (G1 Evacuation Pause) 372M->294M(1024M) 7.693ms
[2025-03-28T19:50:14.619+0530][gc,cpu      ] GC(266) User=0.00s Sys=0.00s Real=0.01s
[2025-03-28T19:50:19.794+0530][gc,start    ] GC(371) Pause Young (Normal) (G1 Evacuation Pause)
[2025-03-28T19:50:19.794+0530][gc,task     ] GC(371) Using 2 workers of 2 for evacuation
[2025-03-28T19:50:19.848+0530][gc,mmu      ] GC(371) MMU target violated: 21.0ms (20.0ms/21.0ms)
[2025-03-28T19:50:19.848+0530][gc,phases   ] GC(371)   Pre Evacuate Collection Set: 9.6ms
[2025-03-28T19:50:19.849+0530][gc,phases   ] GC(371)   Merge Heap Roots: 0.2ms
[2025-03-28T19:50:19.849+0530][gc,phases   ] GC(371)   Evacuate Collection Set: 21.2ms
[2025-03-28T19:50:19.849+0530][gc,phases   ] GC(371)   Post Evacuate Collection Set: 22.9ms
[2025-03-28T19:50:19.849+0530][gc,phases   ] GC(371)   Other: 0.2ms
[2025-03-28T19:50:19.849+0530][gc,heap     ] GC(371) Eden regions: 49->0(46)
[2025-03-28T19:50:19.849+0530][gc,heap     ] GC(371) Survivor regions: 2->5(7)
[2025-03-28T19:50:19.849+0530][gc,heap     ] GC(371) Old regions: 114->114
[2025-03-28T19:50:19.849+0530][gc,heap     ] GC(371) Archive regions: 2->2
[2025-03-28T19:50:19.849+0530][gc,heap     ] GC(371) Humongous regions: 149->147
[2025-03-28T19:50:19.849+0530][gc,metaspace] GC(371) Metaspace: 51688K(52416K)->51688K(52416K) NonClass: 45897K(46272K)->45897K(46272K) Class: 5790K(6144K)->5790K(6144K)
[2025-03-28T19:50:19.849+0530][gc          ] GC(371) Pause Young (Normal) (G1 Evacuation Pause) 314M->266M(1024M) 54.249ms
[2025-03-28T19:50:19.849+0530][gc,cpu      ] GC(371) User=0.01s Sys=0.00s Real=0.05s
[2025-03-28T19:50:20.128+0530][gc,start    ] GC(372) Pause Young (Normal) (G1 Evacuation Pause)
[2025-03-28T19:50:20.128+0530][gc,task     ] GC(372) Using 2 workers of 2 for evacuation
[2025-03-28T19:50:20.161+0530][gc,mmu      ] GC(372) MMU target violated: 21.0ms (20.0ms/21.0ms)
[2025-03-28T19:50:20.161+0530][gc,phases   ] GC(372)   Pre Evacuate Collection Set: 17.7ms
[2025-03-28T19:50:20.161+0530][gc,phases   ] GC(372)   Merge Heap Roots: 3.1ms
[2025-03-28T19:50:20.161+0530][gc,phases   ] GC(372)   Evacuate Collection Set: 10.9ms
[2025-03-28T19:50:20.161+0530][gc,phases   ] GC(372)   Post Evacuate Collection Set: 1.0ms
[2025-03-28T19:50:20.161+0530][gc,phases   ] GC(372)   Other: 0.2ms
[2025-03-28T19:50:20.161+0530][gc,heap     ] GC(372) Eden regions: 46->0(49)
[2025-03-28T19:50:20.161+0530][gc,heap     ] GC(372) Survivor regions: 5->2(7)
[2025-03-28T19:50:20.161+0530][gc,heap     ] GC(372) Old regions: 114->115
[2025-03-28T19:50:20.161+0530][gc,heap     ] GC(372) Archive regions: 2->2
[2025-03-28T19:50:20.161+0530][gc,heap     ] GC(372) Humongous regions: 149->149
[2025-03-28T19:50:20.161+0530][gc,metaspace] GC(372) Metaspace: 51698K(52416K)->51698K(52416K) NonClass: 45908K(46272K)->45908K(46272K) Class: 5790K(6144K)->5790K(6144K)
[2025-03-28T19:50:20.161+0530][gc          ] GC(372) Pause Young (Normal) (G1 Evacuation Pause) 314M->266M(1024M) 32.991ms
[2025-03-28T19:50:20.161+0530][gc,cpu      ] GC(372) User=0.01s Sys=0.00s Real=0.03s
[2025-03-28T19:50:23.542+0530][gc,start    ] GC(373) Pause Young (Normal) (G1 Evacuation Pause)
[2025-03-28T19:50:23.542+0530][gc,task     ] GC(373) Using 2 workers of 2 for evacuation
[2025-03-28T19:50:23.553+0530][gc,phases   ] GC(373)   Pre Evacuate Collection Set: 0.2ms
[2025-03-28T19:50:23.553+0530][gc,phases   ] GC(373)   Merge Heap Roots: 0.1ms
[2025-03-28T19:50:23.553+0530][gc,phases   ] GC(373)   Evacuate Collection Set: 10.0ms
[2025-03-28T19:50:23.553+0530][gc,phases   ] GC(373)   Post Evacuate Collection Set: 0.7ms
[2025-03-28T19:50:23.553+0530][gc,phases   ] GC(373)   Other: 0.2ms
[2025-03-28T19:50:23.553+0530][gc,heap     ] GC(373) Eden regions: 49->0(47)
[2025-03-28T19:50:23.553+0530][gc,heap     ] GC(373) Survivor regions: 2->4(7)
[2025-03-28T19:50:23.553+0530][gc,heap     ] GC(373) Old regions: 115->115
[2025-03-28T19:50:23.553+0530][gc,heap     ] GC(373) Archive regions: 2->2
[2025-03-28T19:50:23.553+0530][gc,heap     ] GC(373) Humongous regions: 149->147
[2025-03-28T19:50:23.553+0530][gc,metaspace] GC(373) Metaspace: 51708K(52416K)->51708K(52416K) NonClass: 45918K(46272K)->45918K(46272K) Class: 5790K(6144K)->5790K(6144K)
[2025-03-28T19:50:23.553+0530][gc          ] GC(373) Pause Young (Normal) (G1 Evacuation Pause) 315M->266M(1024M) 11.253ms
[2025-03-28T19:50:23.553+0530][gc,cpu      ] GC(373) User=0.01s Sys=0.00s Real=0.01s
[2025-03-28T19:50:23.712+0530][gc,start    ] GC(374) Pause Young (Normal) (G1 Evacuation Pause)
[2025-03-28T19:50:23.712+0530][gc,task     ] GC(374) Using 2 workers of 2 for evacuation
[2025-03-28T19:50:23.723+0530][gc,phases   ] GC(374)   Pre Evacuate Collection Set: 0.2ms
[2025-03-28T19:50:23.723+0530][gc,phases   ] GC(374)   Merge Heap Roots: 0.1ms
[2025-03-28T19:50:23.723+0530][gc,phases   ] GC(374)   Evacuate Collection Set: 10.0ms
[2025-03-28T19:50:23.723+0530][gc,phases   ] GC(374)   Post Evacuate Collection Set: 0.6ms
[2025-03-28T19:50:23.723+0530][gc,phases   ] GC(374)   Other: 0.2ms
[2025-03-28T19:50:23.723+0530][gc,heap     ] GC(374) Eden regions: 47->0(48)
[2025-03-28T19:50:23.723+0530][gc,heap     ] GC(374) Survivor regions: 4->3(7)
[2025-03-28T19:50:23.724+0530][gc,heap     ] GC(374) Old regions: 115->115
[2025-03-28T19:50:23.724+0530][gc,heap     ] GC(374) Archive regions: 2->2
[2025-03-28T19:50:23.724+0530][gc,heap     ] GC(374) Humongous regions: 149->149
[2025-03-28T19:50:23.724+0530][gc,metaspace] GC(374) Metaspace: 51714K(52416K)->51714K(52416K) NonClass: 45924K(46272K)->45924K(46272K) Class: 5790K(6144K)->5790K(6144K)
[2025-03-28T19:50:23.724+0530][gc          ] GC(374) Pause Young (Normal) (G1 Evacuation Pause) 315M->267M(1024M) 11.221ms
[2025-03-28T19:50:23.724+0530][gc,cpu      ] GC(374) User=0.02s Sys=0.00s Real=0.01s
[2025-03-28T19:50:23.822+0530][gc,start    ] GC(267) Pause Young (Normal) (G1 Evacuation Pause)
[2025-03-28T19:50:23.822+0530][gc,task     ] GC(267) Using 2 workers of 2 for evacuation
[2025-03-28T19:50:23.830+0530][gc,phases   ] GC(267)   Pre Evacuate Collection Set: 0.2ms
[2025-03-28T19:50:23.830+0530][gc,phases   ] GC(267)   Merge Heap Roots: 0.1ms
[2025-03-28T19:50:23.830+0530][gc,phases   ] GC(267)   Evacuate Collection Set: 7.2ms
[2025-03-28T19:50:23.830+0530][gc,phases   ] GC(267)   Post Evacuate Collection Set: 0.5ms
[2025-03-28T19:50:23.830+0530][gc,phases   ] GC(267)   Other: 0.2ms
[2025-03-28T19:50:23.830+0530][gc,heap     ] GC(267) Eden regions: 187->0(260)
[2025-03-28T19:50:23.830+0530][gc,heap     ] GC(267) Survivor regions: 2->3(24)
[2025-03-28T19:50:23.830+0530][gc,heap     ] GC(267) Old regions: 145->145
[2025-03-28T19:50:23.830+0530][gc,heap     ] GC(267) Archive regions: 2->2
[2025-03-28T19:50:23.830+0530][gc,heap     ] GC(267) Humongous regions: 151->149
[2025-03-28T19:50:23.830+0530][gc,metaspace] GC(267) Metaspace: 51904K(52544K)->51904K(52544K) NonClass: 46035K(46336K)->46035K(46336K) Class: 5868K(6208K)->5868K(6208K)
[2025-03-28T19:50:23.830+0530][gc          ] GC(267) Pause Young (Normal) (G1 Evacuation Pause) 485M->297M(1024M) 8.308ms
[2025-03-28T19:50:23.830+0530][gc,cpu      ] GC(267) User=0.01s Sys=0.00s Real=0.01s
[2025-03-28T19:50:31.548+0530][gc,start    ] GC(375) Pause Young (Normal) (G1 Evacuation Pause)
[2025-03-28T19:50:31.548+0530][gc,task     ] GC(375) Using 2 workers of 2 for evacuation
[2025-03-28T19:50:31.584+0530][gc,mmu      ] GC(375) MMU target violated: 21.0ms (20.0ms/21.0ms)
[2025-03-28T19:50:31.584+0530][gc,phases   ] GC(375)   Pre Evacuate Collection Set: 0.2ms
[2025-03-28T19:50:31.584+0530][gc,phases   ] GC(375)   Merge Heap Roots: 0.2ms
[2025-03-28T19:50:31.584+0530][gc,phases   ] GC(375)   Evacuate Collection Set: 14.2ms
[2025-03-28T19:50:31.584+0530][gc,phases   ] GC(375)   Post Evacuate Collection Set: 21.2ms
[2025-03-28T19:50:31.584+0530][gc,phases   ] GC(375)   Other: 0.2ms
[2025-03-28T19:50:31.584+0530][gc,heap     ] GC(375) Eden regions: 48->0(48)
[2025-03-28T19:50:31.584+0530][gc,heap     ] GC(375) Survivor regions: 3->3(7)
[2025-03-28T19:50:31.584+0530][gc,heap     ] GC(375) Old regions: 115->115
[2025-03-28T19:50:31.584+0530][gc,heap     ] GC(375) Archive regions: 2->2
[2025-03-28T19:50:31.584+0530][gc,heap     ] GC(375) Humongous regions: 149->147
[2025-03-28T19:50:31.584+0530][gc,metaspace] GC(375) Metaspace: 51726K(52416K)->51726K(52416K) NonClass: 45935K(46272K)->45935K(46272K) Class: 5790K(6144K)->5790K(6144K)
[2025-03-28T19:50:31.584+0530][gc          ] GC(375) Pause Young (Normal) (G1 Evacuation Pause) 315M->265M(1024M) 36.146ms
[2025-03-28T19:50:31.584+0530][gc,cpu      ] GC(375) User=0.00s Sys=0.01s Real=0.04s
[2025-03-28T19:50:32.036+0530][gc,start    ] GC(376) Pause Young (Normal) (G1 Evacuation Pause)
[2025-03-28T19:50:32.036+0530][gc,task     ] GC(376) Using 2 workers of 2 for evacuation
[2025-03-28T19:50:32.041+0530][gc,phases   ] GC(376)   Pre Evacuate Collection Set: 0.2ms
[2025-03-28T19:50:32.041+0530][gc,phases   ] GC(376)   Merge Heap Roots: 0.1ms
[2025-03-28T19:50:32.041+0530][gc,phases   ] GC(376)   Evacuate Collection Set: 4.2ms
[2025-03-28T19:50:32.041+0530][gc,phases   ] GC(376)   Post Evacuate Collection Set: 0.5ms
[2025-03-28T19:50:32.041+0530][gc,phases   ] GC(376)   Other: 0.1ms
[2025-03-28T19:50:32.041+0530][gc,heap     ] GC(376) Eden regions: 48->0(48)
[2025-03-28T19:50:32.041+0530][gc,heap     ] GC(376) Survivor regions: 3->3(7)
[2025-03-28T19:50:32.041+0530][gc,heap     ] GC(376) Old regions: 115->115
[2025-03-28T19:50:32.041+0530][gc,heap     ] GC(376) Archive regions: 2->2
[2025-03-28T19:50:32.041+0530][gc,heap     ] GC(376) Humongous regions: 149->149
[2025-03-28T19:50:32.041+0530][gc,metaspace] GC(376) Metaspace: 51750K(52480K)->51750K(52480K) NonClass: 45960K(46336K)->45960K(46336K) Class: 5790K(6144K)->5790K(6144K)
[2025-03-28T19:50:32.041+0530][gc          ] GC(376) Pause Young (Normal) (G1 Evacuation Pause) 315M->267M(1024M) 5.141ms
[2025-03-28T19:50:32.041+0530][gc,cpu      ] GC(376) User=0.01s Sys=0.01s Real=0.00s
[2025-03-28T19:50:33.582+0530][gc,start    ] GC(377) Pause Young (Normal) (G1 Evacuation Pause)
[2025-03-28T19:50:33.582+0530][gc,task     ] GC(377) Using 2 workers of 2 for evacuation
[2025-03-28T19:50:33.597+0530][gc,phases   ] GC(377)   Pre Evacuate Collection Set: 0.4ms
[2025-03-28T19:50:33.597+0530][gc,phases   ] GC(377)   Merge Heap Roots: 0.2ms
[2025-03-28T19:50:33.597+0530][gc,phases   ] GC(377)   Evacuate Collection Set: 12.5ms
[2025-03-28T19:50:33.597+0530][gc,phases   ] GC(377)   Post Evacuate Collection Set: 2.0ms
[2025-03-28T19:50:33.597+0530][gc,phases   ] GC(377)   Other: 0.2ms
[2025-03-28T19:50:33.597+0530][gc,heap     ] GC(377) Eden regions: 48->0(49)
[2025-03-28T19:50:33.597+0530][gc,heap     ] GC(377) Survivor regions: 3->2(7)
[2025-03-28T19:50:33.597+0530][gc,heap     ] GC(377) Old regions: 115->115
[2025-03-28T19:50:33.597+0530][gc,heap     ] GC(377) Archive regions: 2->2
[2025-03-28T19:50:33.597+0530][gc,heap     ] GC(377) Humongous regions: 149->147
[2025-03-28T19:50:33.597+0530][gc,metaspace] GC(377) Metaspace: 51754K(52480K)->51754K(52480K) NonClass: 45963K(46336K)->45963K(46336K) Class: 5790K(6144K)->5790K(6144K)
[2025-03-28T19:50:33.597+0530][gc          ] GC(377) Pause Young (Normal) (G1 Evacuation Pause) 315M->264M(1024M) 15.395ms
[2025-03-28T19:50:33.597+0530][gc,cpu      ] GC(377) User=0.01s Sys=0.00s Real=0.02s
[2025-03-28T19:50:33.724+0530][gc,start    ] GC(378) Pause Young (Normal) (G1 Evacuation Pause)
[2025-03-28T19:50:33.724+0530][gc,task     ] GC(378) Using 2 workers of 2 for evacuation
[2025-03-28T19:50:33.751+0530][gc,mmu      ] GC(378) MMU target violated: 21.0ms (20.0ms/21.0ms)
[2025-03-28T19:50:33.752+0530][gc,phases   ] GC(378)   Pre Evacuate Collection Set: 0.2ms
[2025-03-28T19:50:33.752+0530][gc,phases   ] GC(378)   Merge Heap Roots: 0.1ms
[2025-03-28T19:50:33.752+0530][gc,phases   ] GC(378)   Evacuate Collection Set: 26.7ms
[2025-03-28T19:50:33.752+0530][gc,phases   ] GC(378)   Post Evacuate Collection Set: 0.5ms
[2025-03-28T19:50:33.752+0530][gc,phases   ] GC(378)   Other: 0.2ms
[2025-03-28T19:50:33.752+0530][gc,heap     ] GC(378) Eden regions: 49->0(44)
[2025-03-28T19:50:33.752+0530][gc,heap     ] GC(378) Survivor regions: 2->7(7)
[2025-03-28T19:50:33.752+0530][gc,heap     ] GC(378) Old regions: 115->116
[2025-03-28T19:50:33.752+0530][gc,heap     ] GC(378) Archive regions: 2->2
[2025-03-28T19:50:33.752+0530][gc,heap     ] GC(378) Humongous regions: 147->147
[2025-03-28T19:50:33.752+0530][gc,metaspace] GC(378) Metaspace: 51772K(52480K)->51772K(52480K) NonClass: 45982K(46336K)->45982K(46336K) Class: 5790K(6144K)->5790K(6144K)
[2025-03-28T19:50:33.752+0530][gc          ] GC(378) Pause Young (Normal) (G1 Evacuation Pause) 313M->270M(1024M) 27.784ms
[2025-03-28T19:50:33.752+0530][gc,cpu      ] GC(378) User=0.03s Sys=0.00s Real=0.03s
[2025-03-28T19:50:34.648+0530][gc,start    ] GC(268) Pause Young (Normal) (G1 Evacuation Pause)
[2025-03-28T19:50:34.648+0530][gc,task     ] GC(268) Using 2 workers of 2 for evacuation
[2025-03-28T19:50:34.661+0530][gc,phases   ] GC(268)   Pre Evacuate Collection Set: 0.2ms
[2025-03-28T19:50:34.661+0530][gc,phases   ] GC(268)   Merge Heap Roots: 0.1ms
[2025-03-28T19:50:34.661+0530][gc,phases   ] GC(268)   Evacuate Collection Set: 5.2ms
[2025-03-28T19:50:34.661+0530][gc,phases   ] GC(268)   Post Evacuate Collection Set: 7.5ms
[2025-03-28T19:50:34.661+0530][gc,phases   ] GC(268)   Other: 0.2ms
[2025-03-28T19:50:34.661+0530][gc,heap     ] GC(268) Eden regions: 260->0(251)
[2025-03-28T19:50:34.661+0530][gc,heap     ] GC(268) Survivor regions: 3->6(33)
[2025-03-28T19:50:34.661+0530][gc,heap     ] GC(268) Old regions: 145->145
[2025-03-28T19:50:34.661+0530][gc,heap     ] GC(268) Archive regions: 2->2
[2025-03-28T19:50:34.661+0530][gc,heap     ] GC(268) Humongous regions: 153->147
[2025-03-28T19:50:34.661+0530][gc,metaspace] GC(268) Metaspace: 51969K(52608K)->51969K(52608K) NonClass: 46101K(46400K)->46101K(46400K) Class: 5868K(6208K)->5868K(6208K)
[2025-03-28T19:50:34.661+0530][gc          ] GC(268) Pause Young (Normal) (G1 Evacuation Pause) 561M->298M(1024M) 13.387ms
[2025-03-28T19:50:34.661+0530][gc,cpu      ] GC(268) User=0.01s Sys=0.00s Real=0.01s
[2025-03-28T19:50:38.485+0530][gc,start    ] GC(379) Pause Young (Normal) (G1 Evacuation Pause)
[2025-03-28T19:50:38.485+0530][gc,task     ] GC(379) Using 2 workers of 2 for evacuation
[2025-03-28T19:50:38.543+0530][gc,mmu      ] GC(379) MMU target violated: 21.0ms (20.0ms/21.0ms)
[2025-03-28T19:50:38.543+0530][gc,phases   ] GC(379)   Pre Evacuate Collection Set: 0.3ms
[2025-03-28T19:50:38.543+0530][gc,phases   ] GC(379)   Merge Heap Roots: 0.1ms
[2025-03-28T19:50:38.543+0530][gc,phases   ] GC(379)   Evacuate Collection Set: 56.7ms
[2025-03-28T19:50:38.543+0530][gc,phases   ] GC(379)   Post Evacuate Collection Set: 0.5ms
[2025-03-28T19:50:38.543+0530][gc,phases   ] GC(379)   Other: 0.2ms
[2025-03-28T19:50:38.543+0530][gc,heap     ] GC(379) Eden regions: 44->0(50)
[2025-03-28T19:50:38.543+0530][gc,heap     ] GC(379) Survivor regions: 7->1(7)
[2025-03-28T19:50:38.543+0530][gc,heap     ] GC(379) Old regions: 116->123
[2025-03-28T19:50:38.543+0530][gc,heap     ] GC(379) Archive regions: 2->2
[2025-03-28T19:50:38.543+0530][gc,heap     ] GC(379) Humongous regions: 149->147
[2025-03-28T19:50:38.543+0530][gc,metaspace] GC(379) Metaspace: 51773K(52480K)->51773K(52480K) NonClass: 45982K(46336K)->45982K(46336K) Class: 5790K(6144K)->5790K(6144K)
[2025-03-28T19:50:38.543+0530][gc          ] GC(379) Pause Young (Normal) (G1 Evacuation Pause) 316M->271M(1024M) 57.887ms
[2025-03-28T19:50:38.543+0530][gc,cpu      ] GC(379) User=0.01s Sys=0.01s Real=0.06s
[2025-03-28T19:50:42.256+0530][gc,start    ] GC(380) Pause Young (Normal) (G1 Evacuation Pause)
[2025-03-28T19:50:42.256+0530][gc,task     ] GC(380) Using 2 workers of 2 for evacuation
[2025-03-28T19:50:42.263+0530][gc,phases   ] GC(380)   Pre Evacuate Collection Set: 0.1ms
[2025-03-28T19:50:42.263+0530][gc,phases   ] GC(380)   Merge Heap Roots: 0.1ms
[2025-03-28T19:50:42.263+0530][gc,phases   ] GC(380)   Evacuate Collection Set: 6.4ms
[2025-03-28T19:50:42.263+0530][gc,phases   ] GC(380)   Post Evacuate Collection Set: 0.5ms
[2025-03-28T19:50:42.263+0530][gc,phases   ] GC(380)   Other: 0.1ms
[2025-03-28T19:50:42.263+0530][gc,heap     ] GC(380) Eden regions: 50->0(44)
[2025-03-28T19:50:42.263+0530][gc,heap     ] GC(380) Survivor regions: 1->7(7)
[2025-03-28T19:50:42.263+0530][gc,heap     ] GC(380) Old regions: 123->123
[2025-03-28T19:50:42.263+0530][gc,heap     ] GC(380) Archive regions: 2->2
[2025-03-28T19:50:42.263+0530][gc,heap     ] GC(380) Humongous regions: 147->147
[2025-03-28T19:50:42.263+0530][gc,metaspace] GC(380) Metaspace: 51774K(52480K)->51774K(52480K) NonClass: 45984K(46336K)->45984K(46336K) Class: 5790K(6144K)->5790K(6144K)
[2025-03-28T19:50:42.263+0530][gc          ] GC(380) Pause Young (Normal) (G1 Evacuation Pause) 321M->276M(1024M) 7.358ms
[2025-03-28T19:50:42.263+0530][gc,cpu      ] GC(380) User=0.01s Sys=0.00s Real=0.00s
[2025-03-28T19:50:42.445+0530][gc,start    ] GC(381) Pause Young (Normal) (G1 Evacuation Pause)
[2025-03-28T19:50:42.445+0530][gc,task     ] GC(381) Using 2 workers of 2 for evacuation
[2025-03-28T19:50:42.465+0530][gc,phases   ] GC(381)   Pre Evacuate Collection Set: 3.9ms
[2025-03-28T19:50:42.465+0530][gc,phases   ] GC(381)   Merge Heap Roots: 0.1ms
[2025-03-28T19:50:42.465+0530][gc,phases   ] GC(381)   Evacuate Collection Set: 15.3ms
[2025-03-28T19:50:42.465+0530][gc,phases   ] GC(381)   Post Evacuate Collection Set: 0.4ms
[2025-03-28T19:50:42.465+0530][gc,phases   ] GC(381)   Other: 0.1ms
[2025-03-28T19:50:42.465+0530][gc,heap     ] GC(381) Eden regions: 44->0(49)
[2025-03-28T19:50:42.465+0530][gc,heap     ] GC(381) Survivor regions: 7->2(7)
[2025-03-28T19:50:42.465+0530][gc,heap     ] GC(381) Old regions: 123->124
[2025-03-28T19:50:42.465+0530][gc,heap     ] GC(381) Archive regions: 2->2
[2025-03-28T19:50:42.465+0530][gc,heap     ] GC(381) Humongous regions: 149->149
[2025-03-28T19:50:42.465+0530][gc,metaspace] GC(381) Metaspace: 51774K(52480K)->51774K(52480K) NonClass: 45984K(46336K)->45984K(46336K) Class: 5790K(6144K)->5790K(6144K)
[2025-03-28T19:50:42.465+0530][gc          ] GC(381) Pause Young (Normal) (G1 Evacuation Pause) 322M->275M(1024M) 20.019ms
[2025-03-28T19:50:42.465+0530][gc,cpu      ] GC(381) User=0.01s Sys=0.00s Real=0.01s
[2025-03-28T19:50:43.534+0530][gc,start    ] GC(382) Pause Young (Normal) (G1 Evacuation Pause)
[2025-03-28T19:50:43.534+0530][gc,task     ] GC(382) Using 2 workers of 2 for evacuation
[2025-03-28T19:50:43.541+0530][gc,phases   ] GC(382)   Pre Evacuate Collection Set: 0.2ms
[2025-03-28T19:50:43.541+0530][gc,phases   ] GC(382)   Merge Heap Roots: 0.1ms
[2025-03-28T19:50:43.541+0530][gc,phases   ] GC(382)   Evacuate Collection Set: 5.7ms
[2025-03-28T19:50:43.541+0530][gc,phases   ] GC(382)   Post Evacuate Collection Set: 0.8ms
[2025-03-28T19:50:43.541+0530][gc,phases   ] GC(382)   Other: 0.2ms
[2025-03-28T19:50:43.541+0530][gc,heap     ] GC(382) Eden regions: 49->0(45)
[2025-03-28T19:50:43.541+0530][gc,heap     ] GC(382) Survivor regions: 2->6(7)
[2025-03-28T19:50:43.541+0530][gc,heap     ] GC(382) Old regions: 124->124
[2025-03-28T19:50:43.541+0530][gc,heap     ] GC(382) Archive regions: 2->2
[2025-03-28T19:50:43.541+0530][gc,heap     ] GC(382) Humongous regions: 149->147
[2025-03-28T19:50:43.541+0530][gc,metaspace] GC(382) Metaspace: 51774K(52480K)->51774K(52480K) NonClass: 45984K(46336K)->45984K(46336K) Class: 5790K(6144K)->5790K(6144K)
[2025-03-28T19:50:43.541+0530][gc          ] GC(382) Pause Young (Normal) (G1 Evacuation Pause) 324M->277M(1024M) 7.024ms
[2025-03-28T19:50:43.541+0530][gc,cpu      ] GC(382) User=0.01s Sys=0.01s Real=0.01s
[2025-03-28T19:50:43.670+0530][gc,start    ] GC(383) Pause Young (Normal) (G1 Evacuation Pause)
[2025-03-28T19:50:43.670+0530][gc,task     ] GC(383) Using 2 workers of 2 for evacuation
[2025-03-28T19:50:43.677+0530][gc,phases   ] GC(383)   Pre Evacuate Collection Set: 0.3ms
[2025-03-28T19:50:43.677+0530][gc,phases   ] GC(383)   Merge Heap Roots: 0.1ms
[2025-03-28T19:50:43.677+0530][gc,phases   ] GC(383)   Evacuate Collection Set: 4.9ms
[2025-03-28T19:50:43.677+0530][gc,phases   ] GC(383)   Post Evacuate Collection Set: 0.7ms
[2025-03-28T19:50:43.677+0530][gc,phases   ] GC(383)   Other: 0.2ms
[2025-03-28T19:50:43.677+0530][gc,heap     ] GC(383) Eden regions: 45->0(56)
[2025-03-28T19:50:43.677+0530][gc,heap     ] GC(383) Survivor regions: 6->2(7)
[2025-03-28T19:50:43.677+0530][gc,heap     ] GC(383) Old regions: 124->125
[2025-03-28T19:50:43.677+0530][gc,heap     ] GC(383) Archive regions: 2->2
[2025-03-28T19:50:43.677+0530][gc,heap     ] GC(383) Humongous regions: 149->149
[2025-03-28T19:50:43.677+0530][gc,metaspace] GC(383) Metaspace: 51775K(52480K)->51775K(52480K) NonClass: 45985K(46336K)->45985K(46336K) Class: 5790K(6144K)->5790K(6144K)
[2025-03-28T19:50:43.677+0530][gc          ] GC(383) Pause Young (Normal) (G1 Evacuation Pause) 324M->276M(1024M) 6.250ms
[2025-03-28T19:50:43.677+0530][gc,cpu      ] GC(383) User=0.01s Sys=0.00s Real=0.01s
[2025-03-28T19:50:44.737+0530][gc,start    ] GC(269) Pause Young (Normal) (G1 Evacuation Pause)
[2025-03-28T19:50:44.737+0530][gc,task     ] GC(269) Using 2 workers of 2 for evacuation
[2025-03-28T19:50:44.743+0530][gc,phases   ] GC(269)   Pre Evacuate Collection Set: 0.2ms
[2025-03-28T19:50:44.743+0530][gc,phases   ] GC(269)   Merge Heap Roots: 0.1ms
[2025-03-28T19:50:44.743+0530][gc,phases   ] GC(269)   Evacuate Collection Set: 4.6ms
[2025-03-28T19:50:44.743+0530][gc,phases   ] GC(269)   Post Evacuate Collection Set: 0.6ms
[2025-03-28T19:50:44.743+0530][gc,phases   ] GC(269)   Other: 0.1ms
[2025-03-28T19:50:44.743+0530][gc,heap     ] GC(269) Eden regions: 251->0(434)
[2025-03-28T19:50:44.743+0530][gc,heap     ] GC(269) Survivor regions: 6->3(33)
[2025-03-28T19:50:44.743+0530][gc,heap     ] GC(269) Old regions: 145->145
[2025-03-28T19:50:44.743+0530][gc,heap     ] GC(269) Archive regions: 2->2
[2025-03-28T19:50:44.743+0530][gc,heap     ] GC(269) Humongous regions: 153->149
[2025-03-28T19:50:44.743+0530][gc,metaspace] GC(269) Metaspace: 51982K(52672K)->51982K(52672K) NonClass: 46113K(46464K)->46113K(46464K) Class: 5868K(6208K)->5868K(6208K)
[2025-03-28T19:50:44.743+0530][gc          ] GC(269) Pause Young (Normal) (G1 Evacuation Pause) 555M->297M(1024M) 5.703ms
[2025-03-28T19:50:44.743+0530][gc,cpu      ] GC(269) User=0.00s Sys=0.00s Real=0.00s
[2025-03-28T19:50:49.710+0530][gc,start    ] GC(384) Pause Young (Normal) (G1 Evacuation Pause)
[2025-03-28T19:50:49.710+0530][gc,task     ] GC(384) Using 2 workers of 2 for evacuation
[2025-03-28T19:50:49.725+0530][gc,phases   ] GC(384)   Pre Evacuate Collection Set: 2.1ms
[2025-03-28T19:50:49.726+0530][gc,phases   ] GC(384)   Merge Heap Roots: 0.1ms
[2025-03-28T19:50:49.726+0530][gc,phases   ] GC(384)   Evacuate Collection Set: 12.8ms
[2025-03-28T19:50:49.726+0530][gc,phases   ] GC(384)   Post Evacuate Collection Set: 0.5ms
[2025-03-28T19:50:49.726+0530][gc,phases   ] GC(384)   Other: 0.1ms
[2025-03-28T19:50:49.726+0530][gc,heap     ] GC(384) Eden regions: 56->0(45)
[2025-03-28T19:50:49.726+0530][gc,heap     ] GC(384) Survivor regions: 2->6(8)
[2025-03-28T19:50:49.726+0530][gc,heap     ] GC(384) Old regions: 125->125
[2025-03-28T19:50:49.726+0530][gc,heap     ] GC(384) Archive regions: 2->2
[2025-03-28T19:50:49.726+0530][gc,heap     ] GC(384) Humongous regions: 149->147
[2025-03-28T19:50:49.726+0530][gc,metaspace] GC(384) Metaspace: 51776K(52480K)->51776K(52480K) NonClass: 45986K(46336K)->45986K(46336K) Class: 5790K(6144K)->5790K(6144K)
[2025-03-28T19:50:49.726+0530][gc          ] GC(384) Pause Young (Normal) (G1 Evacuation Pause) 332M->277M(1024M) 15.711ms
[2025-03-28T19:50:49.726+0530][gc,cpu      ] GC(384) User=0.01s Sys=0.00s Real=0.03s
[2025-03-28T19:50:49.855+0530][gc,start    ] GC(385) Pause Young (Normal) (G1 Evacuation Pause)
[2025-03-28T19:50:49.855+0530][gc,task     ] GC(385) Using 2 workers of 2 for evacuation
[2025-03-28T19:50:49.861+0530][gc,phases   ] GC(385)   Pre Evacuate Collection Set: 0.3ms
[2025-03-28T19:50:49.861+0530][gc,phases   ] GC(385)   Merge Heap Roots: 0.1ms
[2025-03-28T19:50:49.861+0530][gc,phases   ] GC(385)   Evacuate Collection Set: 5.0ms
[2025-03-28T19:50:49.861+0530][gc,phases   ] GC(385)   Post Evacuate Collection Set: 0.4ms
[2025-03-28T19:50:49.861+0530][gc,phases   ] GC(385)   Other: 0.3ms
[2025-03-28T19:50:49.861+0530][gc,heap     ] GC(385) Eden regions: 45->0(122)
[2025-03-28T19:50:49.861+0530][gc,heap     ] GC(385) Survivor regions: 6->2(7)
[2025-03-28T19:50:49.861+0530][gc,heap     ] GC(385) Old regions: 125->126
[2025-03-28T19:50:49.861+0530][gc,heap     ] GC(385) Archive regions: 2->2
[2025-03-28T19:50:49.861+0530][gc,heap     ] GC(385) Humongous regions: 149->149
[2025-03-28T19:50:49.861+0530][gc,metaspace] GC(385) Metaspace: 51776K(52480K)->51776K(52480K) NonClass: 45986K(46336K)->45986K(46336K) Class: 5790K(6144K)->5790K(6144K)
[2025-03-28T19:50:49.861+0530][gc          ] GC(385) Pause Young (Normal) (G1 Evacuation Pause) 324M->277M(1024M) 5.997ms
[2025-03-28T19:50:49.861+0530][gc,cpu      ] GC(385) User=0.01s Sys=0.00s Real=0.00s
[2025-03-28T19:50:58.491+0530][gc,start    ] GC(386) Pause Young (Normal) (G1 Evacuation Pause)
[2025-03-28T19:50:58.491+0530][gc,task     ] GC(386) Using 2 workers of 2 for evacuation
[2025-03-28T19:50:58.534+0530][gc,mmu      ] GC(386) MMU target violated: 21.0ms (20.0ms/21.0ms)
[2025-03-28T19:50:58.534+0530][gc,phases   ] GC(386)   Pre Evacuate Collection Set: 0.6ms
[2025-03-28T19:50:58.534+0530][gc,phases   ] GC(386)   Merge Heap Roots: 0.4ms
[2025-03-28T19:50:58.534+0530][gc,phases   ] GC(386)   Evacuate Collection Set: 40.3ms
[2025-03-28T19:50:58.534+0530][gc,phases   ] GC(386)   Post Evacuate Collection Set: 0.8ms
[2025-03-28T19:50:58.534+0530][gc,phases   ] GC(386)   Other: 0.4ms
[2025-03-28T19:50:58.534+0530][gc,heap     ] GC(386) Eden regions: 122->0(50)
[2025-03-28T19:50:58.534+0530][gc,heap     ] GC(386) Survivor regions: 2->1(16)
[2025-03-28T19:50:58.534+0530][gc,heap     ] GC(386) Old regions: 126->126
[2025-03-28T19:50:58.534+0530][gc,heap     ] GC(386) Archive regions: 2->2
[2025-03-28T19:50:58.534+0530][gc,heap     ] GC(386) Humongous regions: 151->147
[2025-03-28T19:50:58.534+0530][gc,metaspace] GC(386) Metaspace: 51778K(52480K)->51778K(52480K) NonClass: 45987K(46336K)->45987K(46336K) Class: 5790K(6144K)->5790K(6144K)
[2025-03-28T19:50:58.534+0530][gc          ] GC(386) Pause Young (Normal) (G1 Evacuation Pause) 401M->274M(1024M) 42.605ms
[2025-03-28T19:50:58.534+0530][gc,cpu      ] GC(386) User=0.04s Sys=0.01s Real=0.04s
[2025-03-28T19:51:00.556+0530][gc,start    ] GC(387) Pause Young (Normal) (G1 Evacuation Pause)
[2025-03-28T19:51:00.556+0530][gc,task     ] GC(387) Using 2 workers of 2 for evacuation
[2025-03-28T19:51:00.607+0530][gc,mmu      ] GC(387) MMU target violated: 21.0ms (20.0ms/21.0ms)
[2025-03-28T19:51:00.607+0530][gc,phases   ] GC(387)   Pre Evacuate Collection Set: 0.2ms
[2025-03-28T19:51:00.607+0530][gc,phases   ] GC(387)   Merge Heap Roots: 0.1ms
[2025-03-28T19:51:00.607+0530][gc,phases   ] GC(387)   Evacuate Collection Set: 49.8ms
[2025-03-28T19:51:00.607+0530][gc,phases   ] GC(387)   Post Evacuate Collection Set: 0.5ms
[2025-03-28T19:51:00.607+0530][gc,phases   ] GC(387)   Other: 0.2ms
[2025-03-28T19:51:00.607+0530][gc,heap     ] GC(387) Eden regions: 50->0(44)
[2025-03-28T19:51:00.607+0530][gc,heap     ] GC(387) Survivor regions: 1->7(7)
[2025-03-28T19:51:00.607+0530][gc,heap     ] GC(387) Old regions: 126->126
[2025-03-28T19:51:00.607+0530][gc,heap     ] GC(387) Archive regions: 2->2
[2025-03-28T19:51:00.607+0530][gc,heap     ] GC(387) Humongous regions: 147->147
[2025-03-28T19:51:00.607+0530][gc,metaspace] GC(387) Metaspace: 51778K(52480K)->51778K(52480K) NonClass: 45987K(46336K)->45987K(46336K) Class: 5790K(6144K)->5790K(6144K)
[2025-03-28T19:51:00.607+0530][gc          ] GC(387) Pause Young (Normal) (G1 Evacuation Pause) 324M->279M(1024M) 51.029ms
[2025-03-28T19:51:00.607+0530][gc,cpu      ] GC(387) User=0.01s Sys=0.01s Real=0.06s
[2025-03-28T19:51:00.785+0530][gc,start    ] GC(388) Pause Young (Normal) (G1 Evacuation Pause)
[2025-03-28T19:51:00.785+0530][gc,task     ] GC(388) Using 2 workers of 2 for evacuation
[2025-03-28T19:51:00.797+0530][gc,phases   ] GC(388)   Pre Evacuate Collection Set: 1.1ms
[2025-03-28T19:51:00.797+0530][gc,phases   ] GC(388)   Merge Heap Roots: 0.2ms
[2025-03-28T19:51:00.797+0530][gc,phases   ] GC(388)   Evacuate Collection Set: 8.7ms
[2025-03-28T19:51:00.797+0530][gc,phases   ] GC(388)   Post Evacuate Collection Set: 1.5ms
[2025-03-28T19:51:00.797+0530][gc,phases   ] GC(388)   Other: 0.2ms
[2025-03-28T19:51:00.797+0530][gc,heap     ] GC(388) Eden regions: 44->0(49)
[2025-03-28T19:51:00.797+0530][gc,heap     ] GC(388) Survivor regions: 7->2(7)
[2025-03-28T19:51:00.797+0530][gc,heap     ] GC(388) Old regions: 126->127
[2025-03-28T19:51:00.797+0530][gc,heap     ] GC(388) Archive regions: 2->2
[2025-03-28T19:51:00.797+0530][gc,heap     ] GC(388) Humongous regions: 149->149
[2025-03-28T19:51:00.797+0530][gc,metaspace] GC(388) Metaspace: 51778K(52480K)->51778K(52480K) NonClass: 45987K(46336K)->45987K(46336K) Class: 5790K(6144K)->5790K(6144K)
[2025-03-28T19:51:00.797+0530][gc          ] GC(388) Pause Young (Normal) (G1 Evacuation Pause) 325M->278M(1024M) 11.796ms
[2025-03-28T19:51:00.797+0530][gc,cpu      ] GC(388) User=0.01s Sys=0.00s Real=0.02s
[2025-03-28T19:51:03.607+0530][gc,start    ] GC(389) Pause Young (Normal) (G1 Evacuation Pause)
[2025-03-28T19:51:03.607+0530][gc,task     ] GC(389) Using 2 workers of 2 for evacuation
[2025-03-28T19:51:03.613+0530][gc,phases   ] GC(389)   Pre Evacuate Collection Set: 0.3ms
[2025-03-28T19:51:03.613+0530][gc,phases   ] GC(389)   Merge Heap Roots: 0.2ms
[2025-03-28T19:51:03.613+0530][gc,phases   ] GC(389)   Evacuate Collection Set: 4.9ms
[2025-03-28T19:51:03.613+0530][gc,phases   ] GC(389)   Post Evacuate Collection Set: 0.6ms
[2025-03-28T19:51:03.613+0530][gc,phases   ] GC(389)   Other: 0.1ms
[2025-03-28T19:51:03.613+0530][gc,heap     ] GC(389) Eden regions: 49->0(45)
[2025-03-28T19:51:03.613+0530][gc,heap     ] GC(389) Survivor regions: 2->6(7)
[2025-03-28T19:51:03.613+0530][gc,heap     ] GC(389) Old regions: 127->127
[2025-03-28T19:51:03.613+0530][gc,heap     ] GC(389) Archive regions: 2->2
[2025-03-28T19:51:03.613+0530][gc,heap     ] GC(389) Humongous regions: 149->147
[2025-03-28T19:51:03.613+0530][gc,metaspace] GC(389) Metaspace: 51784K(52480K)->51784K(52480K) NonClass: 45993K(46336K)->45993K(46336K) Class: 5791K(6144K)->5791K(6144K)
[2025-03-28T19:51:03.613+0530][gc          ] GC(389) Pause Young (Normal) (G1 Evacuation Pause) 327M->279M(1024M) 6.083ms
[2025-03-28T19:51:03.613+0530][gc,cpu      ] GC(389) User=0.01s Sys=0.00s Real=0.01s
[2025-03-28T19:51:03.699+0530][gc,start    ] GC(390) Pause Young (Normal) (G1 Evacuation Pause)
[2025-03-28T19:51:03.700+0530][gc,task     ] GC(390) Using 2 workers of 2 for evacuation
[2025-03-28T19:51:03.705+0530][gc,phases   ] GC(390)   Pre Evacuate Collection Set: 0.1ms
[2025-03-28T19:51:03.705+0530][gc,phases   ] GC(390)   Merge Heap Roots: 0.2ms
[2025-03-28T19:51:03.705+0530][gc,phases   ] GC(390)   Evacuate Collection Set: 4.2ms
[2025-03-28T19:51:03.705+0530][gc,phases   ] GC(390)   Post Evacuate Collection Set: 0.5ms
[2025-03-28T19:51:03.705+0530][gc,phases   ] GC(390)   Other: 0.1ms
[2025-03-28T19:51:03.705+0530][gc,heap     ] GC(390) Eden regions: 45->0(49)
[2025-03-28T19:51:03.705+0530][gc,heap     ] GC(390) Survivor regions: 6->2(7)
[2025-03-28T19:51:03.705+0530][gc,heap     ] GC(390) Old regions: 127->128
[2025-03-28T19:51:03.705+0530][gc,heap     ] GC(390) Archive regions: 2->2
[2025-03-28T19:51:03.705+0530][gc,heap     ] GC(390) Humongous regions: 149->149
[2025-03-28T19:51:03.705+0530][gc,metaspace] GC(390) Metaspace: 51784K(52480K)->51784K(52480K) NonClass: 45993K(46336K)->45993K(46336K) Class: 5791K(6144K)->5791K(6144K)
[2025-03-28T19:51:03.705+0530][gc          ] GC(390) Pause Young (Normal) (G1 Evacuation Pause) 326M->279M(1024M) 5.221ms
[2025-03-28T19:51:03.705+0530][gc,cpu      ] GC(390) User=0.01s Sys=0.00s Real=0.00s
[2025-03-28T19:51:11.204+0530][gc,start    ] GC(391) Pause Young (Normal) (G1 Evacuation Pause)
[2025-03-28T19:51:11.204+0530][gc,task     ] GC(391) Using 2 workers of 2 for evacuation
[2025-03-28T19:51:11.243+0530][gc,mmu      ] GC(391) MMU target violated: 21.0ms (20.0ms/21.0ms)
[2025-03-28T19:51:11.243+0530][gc,phases   ] GC(391)   Pre Evacuate Collection Set: 0.3ms
[2025-03-28T19:51:11.243+0530][gc,phases   ] GC(391)   Merge Heap Roots: 0.1ms
[2025-03-28T19:51:11.243+0530][gc,phases   ] GC(391)   Evacuate Collection Set: 36.4ms
[2025-03-28T19:51:11.243+0530][gc,phases   ] GC(391)   Post Evacuate Collection Set: 1.7ms
[2025-03-28T19:51:11.243+0530][gc,phases   ] GC(391)   Other: 0.3ms
[2025-03-28T19:51:11.243+0530][gc,heap     ] GC(391) Eden regions: 49->0(47)
[2025-03-28T19:51:11.243+0530][gc,heap     ] GC(391) Survivor regions: 2->4(7)
[2025-03-28T19:51:11.243+0530][gc,heap     ] GC(391) Old regions: 128->128
[2025-03-28T19:51:11.243+0530][gc,heap     ] GC(391) Archive regions: 2->2
[2025-03-28T19:51:11.243+0530][gc,heap     ] GC(391) Humongous regions: 149->147
[2025-03-28T19:51:11.243+0530][gc,metaspace] GC(391) Metaspace: 51792K(52480K)->51792K(52480K) NonClass: 46001K(46336K)->46001K(46336K) Class: 5791K(6144K)->5791K(6144K)
[2025-03-28T19:51:11.244+0530][gc          ] GC(391) Pause Young (Normal) (G1 Evacuation Pause) 328M->279M(1024M) 39.525ms
[2025-03-28T19:51:11.244+0530][gc,cpu      ] GC(391) User=0.01s Sys=0.00s Real=0.04s
[2025-03-28T19:51:11.590+0530][gc,start    ] GC(392) Pause Young (Normal) (G1 Evacuation Pause)
[2025-03-28T19:51:11.590+0530][gc,task     ] GC(392) Using 2 workers of 2 for evacuation
[2025-03-28T19:51:11.609+0530][gc,phases   ] GC(392)   Pre Evacuate Collection Set: 0.4ms
[2025-03-28T19:51:11.609+0530][gc,phases   ] GC(392)   Merge Heap Roots: 0.1ms
[2025-03-28T19:51:11.609+0530][gc,phases   ] GC(392)   Evacuate Collection Set: 17.9ms
[2025-03-28T19:51:11.609+0530][gc,phases   ] GC(392)   Post Evacuate Collection Set: 0.6ms
[2025-03-28T19:51:11.609+0530][gc,phases   ] GC(392)   Other: 0.2ms
[2025-03-28T19:51:11.609+0530][gc,heap     ] GC(392) Eden regions: 47->0(49)
[2025-03-28T19:51:11.609+0530][gc,heap     ] GC(392) Survivor regions: 4->2(7)
[2025-03-28T19:51:11.609+0530][gc,heap     ] GC(392) Old regions: 128->129
[2025-03-28T19:51:11.609+0530][gc,heap     ] GC(392) Archive regions: 2->2
[2025-03-28T19:51:11.609+0530][gc,heap     ] GC(392) Humongous regions: 149->149
[2025-03-28T19:51:11.609+0530][gc,metaspace] GC(392) Metaspace: 51793K(52480K)->51793K(52480K) NonClass: 46002K(46336K)->46002K(46336K) Class: 5791K(6144K)->5791K(6144K)
[2025-03-28T19:51:11.609+0530][gc          ] GC(392) Pause Young (Normal) (G1 Evacuation Pause) 328M->280M(1024M) 19.283ms
[2025-03-28T19:51:11.609+0530][gc,cpu      ] GC(392) User=0.01s Sys=0.00s Real=0.04s
[2025-03-28T19:51:11.764+0530][gc,start    ] GC(270) Pause Young (Normal) (G1 Evacuation Pause)
[2025-03-28T19:51:11.764+0530][gc,task     ] GC(270) Using 2 workers of 2 for evacuation
[2025-03-28T19:51:11.838+0530][gc,mmu      ] GC(270) MMU target violated: 21.0ms (20.0ms/21.0ms)
[2025-03-28T19:51:11.838+0530][gc,phases   ] GC(270)   Pre Evacuate Collection Set: 0.2ms
[2025-03-28T19:51:11.838+0530][gc,phases   ] GC(270)   Merge Heap Roots: 0.1ms
[2025-03-28T19:51:11.838+0530][gc,phases   ] GC(270)   Evacuate Collection Set: 72.0ms
[2025-03-28T19:51:11.838+0530][gc,phases   ] GC(270)   Post Evacuate Collection Set: 1.5ms
[2025-03-28T19:51:11.838+0530][gc,phases   ] GC(270)   Other: 0.2ms
[2025-03-28T19:51:11.838+0530][gc,heap     ] GC(270) Eden regions: 434->0(47)
[2025-03-28T19:51:11.838+0530][gc,heap     ] GC(270) Survivor regions: 3->4(55)
[2025-03-28T19:51:11.838+0530][gc,heap     ] GC(270) Old regions: 145->145
[2025-03-28T19:51:11.838+0530][gc,heap     ] GC(270) Archive regions: 2->2
[2025-03-28T19:51:11.838+0530][gc,heap     ] GC(270) Humongous regions: 157->149
[2025-03-28T19:51:11.838+0530][gc,metaspace] GC(270) Metaspace: 52063K(52736K)->52063K(52736K) NonClass: 46195K(46528K)->46195K(46528K) Class: 5868K(6208K)->5868K(6208K)
[2025-03-28T19:51:11.838+0530][gc          ] GC(270) Pause Young (Normal) (G1 Evacuation Pause) 739M->298M(1024M) 74.065ms
[2025-03-28T19:51:11.839+0530][gc,cpu      ] GC(270) User=0.02s Sys=0.01s Real=0.08s
[2025-03-28T19:51:13.493+0530][gc,start    ] GC(393) Pause Young (Normal) (G1 Evacuation Pause)
[2025-03-28T19:51:13.493+0530][gc,task     ] GC(393) Using 2 workers of 2 for evacuation
[2025-03-28T19:51:13.503+0530][gc,phases   ] GC(393)   Pre Evacuate Collection Set: 1.3ms
[2025-03-28T19:51:13.503+0530][gc,phases   ] GC(393)   Merge Heap Roots: 0.1ms
[2025-03-28T19:51:13.503+0530][gc,phases   ] GC(393)   Evacuate Collection Set: 8.0ms
[2025-03-28T19:51:13.503+0530][gc,phases   ] GC(393)   Post Evacuate Collection Set: 0.5ms
[2025-03-28T19:51:13.503+0530][gc,phases   ] GC(393)   Other: 0.1ms
[2025-03-28T19:51:13.503+0530][gc,heap     ] GC(393) Eden regions: 49->0(49)
[2025-03-28T19:51:13.503+0530][gc,heap     ] GC(393) Survivor regions: 2->3(7)
[2025-03-28T19:51:13.503+0530][gc,heap     ] GC(393) Old regions: 129->129
[2025-03-28T19:51:13.503+0530][gc,heap     ] GC(393) Archive regions: 2->2
[2025-03-28T19:51:13.503+0530][gc,heap     ] GC(393) Humongous regions: 149->147
[2025-03-28T19:51:13.503+0530][gc,metaspace] GC(393) Metaspace: 51799K(52480K)->51799K(52480K) NonClass: 46008K(46336K)->46008K(46336K) Class: 5791K(6144K)->5791K(6144K)
[2025-03-28T19:51:13.503+0530][gc          ] GC(393) Pause Young (Normal) (G1 Evacuation Pause) 329M->279M(1024M) 10.170ms
[2025-03-28T19:51:13.503+0530][gc,cpu      ] GC(393) User=0.01s Sys=0.00s Real=0.01s
[2025-03-28T19:51:13.599+0530][gc,start    ] GC(394) Pause Young (Normal) (G1 Evacuation Pause)
[2025-03-28T19:51:13.599+0530][gc,task     ] GC(394) Using 2 workers of 2 for evacuation
[2025-03-28T19:51:13.609+0530][gc,phases   ] GC(394)   Pre Evacuate Collection Set: 0.2ms
[2025-03-28T19:51:13.609+0530][gc,phases   ] GC(394)   Merge Heap Roots: 0.1ms
[2025-03-28T19:51:13.609+0530][gc,phases   ] GC(394)   Evacuate Collection Set: 8.4ms
[2025-03-28T19:51:13.609+0530][gc,phases   ] GC(394)   Post Evacuate Collection Set: 0.4ms
[2025-03-28T19:51:13.609+0530][gc,phases   ] GC(394)   Other: 0.1ms
[2025-03-28T19:51:13.609+0530][gc,heap     ] GC(394) Eden regions: 49->0(78)
[2025-03-28T19:51:13.609+0530][gc,heap     ] GC(394) Survivor regions: 3->3(7)
[2025-03-28T19:51:13.609+0530][gc,heap     ] GC(394) Old regions: 129->129
[2025-03-28T19:51:13.609+0530][gc,heap     ] GC(394) Archive regions: 2->2
[2025-03-28T19:51:13.609+0530][gc,heap     ] GC(394) Humongous regions: 149->149
[2025-03-28T19:51:13.609+0530][gc,metaspace] GC(394) Metaspace: 51799K(52480K)->51799K(52480K) NonClass: 46008K(46336K)->46008K(46336K) Class: 5791K(6144K)->5791K(6144K)
[2025-03-28T19:51:13.609+0530][gc          ] GC(394) Pause Young (Normal) (G1 Evacuation Pause) 330M->281M(1024M) 9.372ms
[2025-03-28T19:51:13.609+0530][gc,cpu      ] GC(394) User=0.01s Sys=0.00s Real=0.00s
[2025-03-28T19:51:15.456+0530][gc,start    ] GC(271) Pause Young (Normal) (G1 Evacuation Pause)
[2025-03-28T19:51:15.456+0530][gc,task     ] GC(271) Using 2 workers of 2 for evacuation
[2025-03-28T19:51:15.474+0530][gc,phases   ] GC(271)   Pre Evacuate Collection Set: 0.2ms
[2025-03-28T19:51:15.474+0530][gc,phases   ] GC(271)   Merge Heap Roots: 0.1ms
[2025-03-28T19:51:15.474+0530][gc,phases   ] GC(271)   Evacuate Collection Set: 11.9ms
[2025-03-28T19:51:15.474+0530][gc,phases   ] GC(271)   Post Evacuate Collection Set: 6.1ms
[2025-03-28T19:51:15.474+0530][gc,phases   ] GC(271)   Other: 0.1ms
[2025-03-28T19:51:15.474+0530][gc,heap     ] GC(271) Eden regions: 47->0(45)
[2025-03-28T19:51:15.474+0530][gc,heap     ] GC(271) Survivor regions: 4->6(7)
[2025-03-28T19:51:15.474+0530][gc,heap     ] GC(271) Old regions: 145->145
[2025-03-28T19:51:15.474+0530][gc,heap     ] GC(271) Archive regions: 2->2
[2025-03-28T19:51:15.474+0530][gc,heap     ] GC(271) Humongous regions: 149->147
[2025-03-28T19:51:15.474+0530][gc,metaspace] GC(271) Metaspace: 52086K(52736K)->52086K(52736K) NonClass: 46217K(46528K)->46217K(46528K) Class: 5868K(6208K)->5868K(6208K)
[2025-03-28T19:51:15.475+0530][gc          ] GC(271) Pause Young (Normal) (G1 Evacuation Pause) 345M->298M(1024M) 18.569ms
[2025-03-28T19:51:15.475+0530][gc,cpu      ] GC(271) User=0.01s Sys=0.00s Real=0.01s
[2025-03-28T19:51:15.573+0530][gc,start    ] GC(272) Pause Young (Normal) (G1 Evacuation Pause)
[2025-03-28T19:51:15.573+0530][gc,task     ] GC(272) Using 2 workers of 2 for evacuation
[2025-03-28T19:51:15.580+0530][gc,phases   ] GC(272)   Pre Evacuate Collection Set: 0.2ms
[2025-03-28T19:51:15.580+0530][gc,phases   ] GC(272)   Merge Heap Roots: 0.1ms
[2025-03-28T19:51:15.580+0530][gc,phases   ] GC(272)   Evacuate Collection Set: 5.6ms
[2025-03-28T19:51:15.580+0530][gc,phases   ] GC(272)   Post Evacuate Collection Set: 0.4ms
[2025-03-28T19:51:15.580+0530][gc,phases   ] GC(272)   Other: 0.3ms
[2025-03-28T19:51:15.580+0530][gc,heap     ] GC(272) Eden regions: 45->0(49)
[2025-03-28T19:51:15.580+0530][gc,heap     ] GC(272) Survivor regions: 6->2(7)
[2025-03-28T19:51:15.580+0530][gc,heap     ] GC(272) Old regions: 145->147
[2025-03-28T19:51:15.580+0530][gc,heap     ] GC(272) Archive regions: 2->2
[2025-03-28T19:51:15.580+0530][gc,heap     ] GC(272) Humongous regions: 149->149
[2025-03-28T19:51:15.580+0530][gc,metaspace] GC(272) Metaspace: 52086K(52736K)->52086K(52736K) NonClass: 46217K(46528K)->46217K(46528K) Class: 5868K(6208K)->5868K(6208K)
[2025-03-28T19:51:15.580+0530][gc          ] GC(272) Pause Young (Normal) (G1 Evacuation Pause) 345M->298M(1024M) 6.768ms
[2025-03-28T19:51:15.580+0530][gc,cpu      ] GC(272) User=0.01s Sys=0.00s Real=0.01s
[2025-03-28T19:51:15.667+0530][gc,start    ] GC(273) Pause Young (Normal) (G1 Evacuation Pause)
[2025-03-28T19:51:15.667+0530][gc,task     ] GC(273) Using 2 workers of 2 for evacuation
[2025-03-28T19:51:15.674+0530][gc,phases   ] GC(273)   Pre Evacuate Collection Set: 0.2ms
[2025-03-28T19:51:15.674+0530][gc,phases   ] GC(273)   Merge Heap Roots: 0.1ms
[2025-03-28T19:51:15.674+0530][gc,phases   ] GC(273)   Evacuate Collection Set: 5.6ms
[2025-03-28T19:51:15.674+0530][gc,phases   ] GC(273)   Post Evacuate Collection Set: 0.4ms
[2025-03-28T19:51:15.674+0530][gc,phases   ] GC(273)   Other: 0.2ms
[2025-03-28T19:51:15.674+0530][gc,heap     ] GC(273) Eden regions: 49->0(46)
[2025-03-28T19:51:15.674+0530][gc,heap     ] GC(273) Survivor regions: 2->5(7)
[2025-03-28T19:51:15.674+0530][gc,heap     ] GC(273) Old regions: 147->147
[2025-03-28T19:51:15.674+0530][gc,heap     ] GC(273) Archive regions: 2->2
[2025-03-28T19:51:15.674+0530][gc,heap     ] GC(273) Humongous regions: 149->147
[2025-03-28T19:51:15.674+0530][gc,metaspace] GC(273) Metaspace: 52086K(52736K)->52086K(52736K) NonClass: 46217K(46528K)->46217K(46528K) Class: 5868K(6208K)->5868K(6208K)
[2025-03-28T19:51:15.674+0530][gc          ] GC(273) Pause Young (Normal) (G1 Evacuation Pause) 347M->298M(1024M) 6.547ms
[2025-03-28T19:51:15.674+0530][gc,cpu      ] GC(273) User=0.01s Sys=0.00s Real=0.00s
[2025-03-28T19:51:15.805+0530][gc,start    ] GC(274) Pause Young (Normal) (G1 Evacuation Pause)
[2025-03-28T19:51:15.805+0530][gc,task     ] GC(274) Using 2 workers of 2 for evacuation
[2025-03-28T19:51:15.812+0530][gc,phases   ] GC(274)   Pre Evacuate Collection Set: 0.2ms
[2025-03-28T19:51:15.812+0530][gc,phases   ] GC(274)   Merge Heap Roots: 0.1ms
[2025-03-28T19:51:15.812+0530][gc,phases   ] GC(274)   Evacuate Collection Set: 5.6ms
[2025-03-28T19:51:15.812+0530][gc,phases   ] GC(274)   Post Evacuate Collection Set: 0.6ms
[2025-03-28T19:51:15.812+0530][gc,phases   ] GC(274)   Other: 0.1ms
[2025-03-28T19:51:15.812+0530][gc,heap     ] GC(274) Eden regions: 46->0(49)
[2025-03-28T19:51:15.812+0530][gc,heap     ] GC(274) Survivor regions: 5->2(7)
[2025-03-28T19:51:15.812+0530][gc,heap     ] GC(274) Old regions: 147->147
[2025-03-28T19:51:15.812+0530][gc,heap     ] GC(274) Archive regions: 2->2
[2025-03-28T19:51:15.812+0530][gc,heap     ] GC(274) Humongous regions: 149->149
[2025-03-28T19:51:15.812+0530][gc,metaspace] GC(274) Metaspace: 52086K(52736K)->52086K(52736K) NonClass: 46217K(46528K)->46217K(46528K) Class: 5868K(6208K)->5868K(6208K)
[2025-03-28T19:51:15.812+0530][gc          ] GC(274) Pause Young (Normal) (G1 Evacuation Pause) 346M->298M(1024M) 6.740ms
[2025-03-28T19:51:15.812+0530][gc,cpu      ] GC(274) User=0.01s Sys=0.00s Real=0.00s
[2025-03-28T19:51:19.637+0530][gc,start    ] GC(275) Pause Young (Normal) (G1 Evacuation Pause)
[2025-03-28T19:51:19.637+0530][gc,task     ] GC(275) Using 2 workers of 2 for evacuation
[2025-03-28T19:51:19.642+0530][gc,phases   ] GC(275)   Pre Evacuate Collection Set: 0.2ms
[2025-03-28T19:51:19.642+0530][gc,phases   ] GC(275)   Merge Heap Roots: 0.1ms
[2025-03-28T19:51:19.642+0530][gc,phases   ] GC(275)   Evacuate Collection Set: 3.9ms
[2025-03-28T19:51:19.642+0530][gc,phases   ] GC(275)   Post Evacuate Collection Set: 0.4ms
[2025-03-28T19:51:19.642+0530][gc,phases   ] GC(275)   Other: 0.2ms
[2025-03-28T19:51:19.642+0530][gc,heap     ] GC(275) Eden regions: 49->0(47)
[2025-03-28T19:51:19.642+0530][gc,heap     ] GC(275) Survivor regions: 2->4(7)
[2025-03-28T19:51:19.642+0530][gc,heap     ] GC(275) Old regions: 147->147
[2025-03-28T19:51:19.642+0530][gc,heap     ] GC(275) Archive regions: 2->2
[2025-03-28T19:51:19.642+0530][gc,heap     ] GC(275) Humongous regions: 149->147
[2025-03-28T19:51:19.642+0530][gc,metaspace] GC(275) Metaspace: 52086K(52800K)->52086K(52800K) NonClass: 46217K(46592K)->46217K(46592K) Class: 5868K(6208K)->5868K(6208K)
[2025-03-28T19:51:19.642+0530][gc          ] GC(275) Pause Young (Normal) (G1 Evacuation Pause) 347M->298M(1024M) 4.792ms
[2025-03-28T19:51:19.642+0530][gc,cpu      ] GC(275) User=0.01s Sys=0.00s Real=0.00s
[2025-03-28T19:51:19.727+0530][gc,start    ] GC(276) Pause Young (Normal) (G1 Evacuation Pause)
[2025-03-28T19:51:19.727+0530][gc,task     ] GC(276) Using 2 workers of 2 for evacuation
[2025-03-28T19:51:19.733+0530][gc,phases   ] GC(276)   Pre Evacuate Collection Set: 0.2ms
[2025-03-28T19:51:19.733+0530][gc,phases   ] GC(276)   Merge Heap Roots: 0.1ms
[2025-03-28T19:51:19.733+0530][gc,phases   ] GC(276)   Evacuate Collection Set: 4.9ms
[2025-03-28T19:51:19.733+0530][gc,phases   ] GC(276)   Post Evacuate Collection Set: 0.6ms
[2025-03-28T19:51:19.733+0530][gc,phases   ] GC(276)   Other: 0.1ms
[2025-03-28T19:51:19.733+0530][gc,heap     ] GC(276) Eden regions: 47->0(106)
[2025-03-28T19:51:19.733+0530][gc,heap     ] GC(276) Survivor regions: 4->3(7)
[2025-03-28T19:51:19.733+0530][gc,heap     ] GC(276) Old regions: 147->147
[2025-03-28T19:51:19.733+0530][gc,heap     ] GC(276) Archive regions: 2->2
[2025-03-28T19:51:19.733+0530][gc,heap     ] GC(276) Humongous regions: 149->149
[2025-03-28T19:51:19.733+0530][gc,metaspace] GC(276) Metaspace: 52086K(52800K)->52086K(52800K) NonClass: 46217K(46592K)->46217K(46592K) Class: 5868K(6208K)->5868K(6208K)
[2025-03-28T19:51:19.733+0530][gc          ] GC(276) Pause Young (Normal) (G1 Evacuation Pause) 347M->299M(1024M) 5.935ms
[2025-03-28T19:51:19.733+0530][gc,cpu      ] GC(276) User=0.01s Sys=0.00s Real=0.00s
[2025-03-28T19:51:21.488+0530][gc,start    ] GC(395) Pause Young (Normal) (G1 Evacuation Pause)
[2025-03-28T19:51:21.488+0530][gc,task     ] GC(395) Using 2 workers of 2 for evacuation
[2025-03-28T19:51:21.530+0530][gc,mmu      ] GC(395) MMU target violated: 21.0ms (20.0ms/21.0ms)
[2025-03-28T19:51:21.531+0530][gc,phases   ] GC(395)   Pre Evacuate Collection Set: 0.9ms
[2025-03-28T19:51:21.531+0530][gc,phases   ] GC(395)   Merge Heap Roots: 9.7ms
[2025-03-28T19:51:21.531+0530][gc,phases   ] GC(395)   Evacuate Collection Set: 30.4ms
[2025-03-28T19:51:21.531+0530][gc,phases   ] GC(395)   Post Evacuate Collection Set: 1.5ms
[2025-03-28T19:51:21.531+0530][gc,phases   ] GC(395)   Other: 0.2ms
[2025-03-28T19:51:21.531+0530][gc,heap     ] GC(395) Eden regions: 78->0(45)
[2025-03-28T19:51:21.531+0530][gc,heap     ] GC(395) Survivor regions: 3->6(11)
[2025-03-28T19:51:21.531+0530][gc,heap     ] GC(395) Old regions: 129->129
[2025-03-28T19:51:21.531+0530][gc,heap     ] GC(395) Archive regions: 2->2
[2025-03-28T19:51:21.531+0530][gc,heap     ] GC(395) Humongous regions: 149->147
[2025-03-28T19:51:21.531+0530][gc,metaspace] GC(395) Metaspace: 51800K(52480K)->51800K(52480K) NonClass: 46009K(46336K)->46009K(46336K) Class: 5791K(6144K)->5791K(6144K)
[2025-03-28T19:51:21.531+0530][gc          ] GC(395) Pause Young (Normal) (G1 Evacuation Pause) 359M->282M(1024M) 42.702ms
[2025-03-28T19:51:21.531+0530][gc,cpu      ] GC(395) User=0.02s Sys=0.01s Real=0.05s
[2025-03-28T19:51:21.684+0530][gc,start    ] GC(396) Pause Young (Normal) (G1 Evacuation Pause)
[2025-03-28T19:51:21.684+0530][gc,task     ] GC(396) Using 2 workers of 2 for evacuation
[2025-03-28T19:51:21.709+0530][gc,mmu      ] GC(396) MMU target violated: 21.0ms (20.0ms/21.0ms)
[2025-03-28T19:51:21.709+0530][gc,phases   ] GC(396)   Pre Evacuate Collection Set: 0.2ms
[2025-03-28T19:51:21.709+0530][gc,phases   ] GC(396)   Merge Heap Roots: 0.1ms
[2025-03-28T19:51:21.709+0530][gc,phases   ] GC(396)   Evacuate Collection Set: 24.9ms
[2025-03-28T19:51:21.709+0530][gc,phases   ] GC(396)   Post Evacuate Collection Set: 0.4ms
[2025-03-28T19:51:21.709+0530][gc,phases   ] GC(396)   Other: 0.2ms
[2025-03-28T19:51:21.709+0530][gc,heap     ] GC(396) Eden regions: 45->0(92)
[2025-03-28T19:51:21.709+0530][gc,heap     ] GC(396) Survivor regions: 6->2(7)
[2025-03-28T19:51:21.709+0530][gc,heap     ] GC(396) Old regions: 129->130
[2025-03-28T19:51:21.709+0530][gc,heap     ] GC(396) Archive regions: 2->2
[2025-03-28T19:51:21.709+0530][gc,heap     ] GC(396) Humongous regions: 149->149
[2025-03-28T19:51:21.709+0530][gc,metaspace] GC(396) Metaspace: 51800K(52480K)->51800K(52480K) NonClass: 46009K(46336K)->46009K(46336K) Class: 5791K(6144K)->5791K(6144K)
[2025-03-28T19:51:21.709+0530][gc          ] GC(396) Pause Young (Normal) (G1 Evacuation Pause) 329M->281M(1024M) 25.881ms
[2025-03-28T19:51:21.709+0530][gc,cpu      ] GC(396) User=0.01s Sys=0.00s Real=0.04s
[2025-03-28T19:51:23.627+0530][gc,start    ] GC(397) Pause Young (Normal) (G1 Evacuation Pause)
[2025-03-28T19:51:23.627+0530][gc,task     ] GC(397) Using 2 workers of 2 for evacuation
[2025-03-28T19:51:23.632+0530][gc,phases   ] GC(397)   Pre Evacuate Collection Set: 0.2ms
[2025-03-28T19:51:23.632+0530][gc,phases   ] GC(397)   Merge Heap Roots: 0.1ms
[2025-03-28T19:51:23.632+0530][gc,phases   ] GC(397)   Evacuate Collection Set: 4.1ms
[2025-03-28T19:51:23.632+0530][gc,phases   ] GC(397)   Post Evacuate Collection Set: 0.5ms
[2025-03-28T19:51:23.632+0530][gc,phases   ] GC(397)   Other: 0.2ms
[2025-03-28T19:51:23.632+0530][gc,heap     ] GC(397) Eden regions: 92->0(175)
[2025-03-28T19:51:23.632+0530][gc,heap     ] GC(397) Survivor regions: 2->3(12)
[2025-03-28T19:51:23.632+0530][gc,heap     ] GC(397) Old regions: 130->130
[2025-03-28T19:51:23.632+0530][gc,heap     ] GC(397) Archive regions: 2->2
[2025-03-28T19:51:23.632+0530][gc,heap     ] GC(397) Humongous regions: 151->149
[2025-03-28T19:51:23.632+0530][gc,metaspace] GC(397) Metaspace: 51800K(52480K)->51800K(52480K) NonClass: 46009K(46336K)->46009K(46336K) Class: 5791K(6144K)->5791K(6144K)
[2025-03-28T19:51:23.632+0530][gc          ] GC(397) Pause Young (Normal) (G1 Evacuation Pause) 375M->282M(1024M) 5.170ms
[2025-03-28T19:51:23.632+0530][gc,cpu      ] GC(397) User=0.01s Sys=0.00s Real=0.00s
[2025-03-28T19:51:28.746+0530][gc,start    ] GC(277) Pause Young (Normal) (G1 Evacuation Pause)
[2025-03-28T19:51:28.746+0530][gc,task     ] GC(277) Using 2 workers of 2 for evacuation
[2025-03-28T19:51:28.754+0530][gc,phases   ] GC(277)   Pre Evacuate Collection Set: 0.1ms
[2025-03-28T19:51:28.754+0530][gc,phases   ] GC(277)   Merge Heap Roots: 0.1ms
[2025-03-28T19:51:28.754+0530][gc,phases   ] GC(277)   Evacuate Collection Set: 4.1ms
[2025-03-28T19:51:28.754+0530][gc,phases   ] GC(277)   Post Evacuate Collection Set: 3.5ms
[2025-03-28T19:51:28.754+0530][gc,phases   ] GC(277)   Other: 0.1ms
[2025-03-28T19:51:28.754+0530][gc,heap     ] GC(277) Eden regions: 106->0(132)
[2025-03-28T19:51:28.754+0530][gc,heap     ] GC(277) Survivor regions: 3->3(14)
[2025-03-28T19:51:28.754+0530][gc,heap     ] GC(277) Old regions: 147->147
[2025-03-28T19:51:28.754+0530][gc,heap     ] GC(277) Archive regions: 2->2
[2025-03-28T19:51:28.754+0530][gc,heap     ] GC(277) Humongous regions: 151->149
[2025-03-28T19:51:28.754+0530][gc,metaspace] GC(277) Metaspace: 52098K(52800K)->52098K(52800K) NonClass: 46229K(46592K)->46229K(46592K) Class: 5868K(6208K)->5868K(6208K)
[2025-03-28T19:51:28.754+0530][gc          ] GC(277) Pause Young (Normal) (G1 Evacuation Pause) 407M->299M(1024M) 8.169ms
[2025-03-28T19:51:28.754+0530][gc,cpu      ] GC(277) User=0.00s Sys=0.00s Real=0.00s
[2025-03-28T19:51:29.780+0530][gc,start    ] GC(278) Pause Young (Normal) (G1 Evacuation Pause)
[2025-03-28T19:51:29.780+0530][gc,task     ] GC(278) Using 2 workers of 2 for evacuation
[2025-03-28T19:51:29.785+0530][gc,phases   ] GC(278)   Pre Evacuate Collection Set: 0.2ms
[2025-03-28T19:51:29.785+0530][gc,phases   ] GC(278)   Merge Heap Roots: 0.1ms
[2025-03-28T19:51:29.785+0530][gc,phases   ] GC(278)   Evacuate Collection Set: 4.5ms
[2025-03-28T19:51:29.785+0530][gc,phases   ] GC(278)   Post Evacuate Collection Set: 0.5ms
[2025-03-28T19:51:29.785+0530][gc,phases   ] GC(278)   Other: 0.1ms
[2025-03-28T19:51:29.785+0530][gc,heap     ] GC(278) Eden regions: 132->0(213)
[2025-03-28T19:51:29.785+0530][gc,heap     ] GC(278) Survivor regions: 3->3(17)
[2025-03-28T19:51:29.785+0530][gc,heap     ] GC(278) Old regions: 147->147
[2025-03-28T19:51:29.785+0530][gc,heap     ] GC(278) Archive regions: 2->2
[2025-03-28T19:51:29.785+0530][gc,heap     ] GC(278) Humongous regions: 151->149
[2025-03-28T19:51:29.785+0530][gc,metaspace] GC(278) Metaspace: 52109K(52800K)->52109K(52800K) NonClass: 46241K(46592K)->46241K(46592K) Class: 5868K(6208K)->5868K(6208K)
[2025-03-28T19:51:29.785+0530][gc          ] GC(278) Pause Young (Normal) (G1 Evacuation Pause) 433M->299M(1024M) 5.506ms
[2025-03-28T19:51:29.785+0530][gc,cpu      ] GC(278) User=0.01s Sys=0.00s Real=0.00s
[2025-03-28T19:51:33.610+0530][gc,start    ] GC(398) Pause Young (Normal) (G1 Evacuation Pause)
[2025-03-28T19:51:33.610+0530][gc,task     ] GC(398) Using 2 workers of 2 for evacuation
[2025-03-28T19:51:33.637+0530][gc,mmu      ] GC(398) MMU target violated: 21.0ms (20.0ms/21.0ms)
[2025-03-28T19:51:33.637+0530][gc,phases   ] GC(398)   Pre Evacuate Collection Set: 0.4ms
[2025-03-28T19:51:33.638+0530][gc,phases   ] GC(398)   Merge Heap Roots: 3.2ms
[2025-03-28T19:51:33.638+0530][gc,phases   ] GC(398)   Evacuate Collection Set: 22.7ms
[2025-03-28T19:51:33.638+0530][gc,phases   ] GC(398)   Post Evacuate Collection Set: 0.9ms
[2025-03-28T19:51:33.638+0530][gc,phases   ] GC(398)   Other: 0.2ms
[2025-03-28T19:51:33.638+0530][gc,heap     ] GC(398) Eden regions: 175->0(46)
[2025-03-28T19:51:33.638+0530][gc,heap     ] GC(398) Survivor regions: 3->7(23)
[2025-03-28T19:51:33.638+0530][gc,heap     ] GC(398) Old regions: 130->130
[2025-03-28T19:51:33.638+0530][gc,heap     ] GC(398) Archive regions: 2->2
[2025-03-28T19:51:33.638+0530][gc,heap     ] GC(398) Humongous regions: 151->147
[2025-03-28T19:51:33.638+0530][gc,metaspace] GC(398) Metaspace: 51841K(52544K)->51841K(52544K) NonClass: 46050K(46400K)->46050K(46400K) Class: 5791K(6144K)->5791K(6144K)
[2025-03-28T19:51:33.638+0530][gc          ] GC(398) Pause Young (Normal) (G1 Evacuation Pause) 459M->284M(1024M) 27.444ms
[2025-03-28T19:51:33.638+0530][gc,cpu      ] GC(398) User=0.02s Sys=0.01s Real=0.03s
[2025-03-28T19:51:33.770+0530][gc,start    ] GC(399) Pause Young (Normal) (G1 Evacuation Pause)
[2025-03-28T19:51:33.770+0530][gc,task     ] GC(399) Using 2 workers of 2 for evacuation
[2025-03-28T19:51:33.780+0530][gc,phases   ] GC(399)   Pre Evacuate Collection Set: 0.2ms
[2025-03-28T19:51:33.780+0530][gc,phases   ] GC(399)   Merge Heap Roots: 0.1ms
[2025-03-28T19:51:33.780+0530][gc,phases   ] GC(399)   Evacuate Collection Set: 9.1ms
[2025-03-28T19:51:33.780+0530][gc,phases   ] GC(399)   Post Evacuate Collection Set: 0.5ms
[2025-03-28T19:51:33.780+0530][gc,phases   ] GC(399)   Other: 0.2ms
[2025-03-28T19:51:33.780+0530][gc,heap     ] GC(399) Eden regions: 46->0(153)
[2025-03-28T19:51:33.780+0530][gc,heap     ] GC(399) Survivor regions: 7->2(7)
[2025-03-28T19:51:33.780+0530][gc,heap     ] GC(399) Old regions: 130->132
[2025-03-28T19:51:33.780+0530][gc,heap     ] GC(399) Archive regions: 2->2
[2025-03-28T19:51:33.780+0530][gc,heap     ] GC(399) Humongous regions: 149->149
[2025-03-28T19:51:33.780+0530][gc,metaspace] GC(399) Metaspace: 51845K(52544K)->51845K(52544K) NonClass: 46054K(46400K)->46054K(46400K) Class: 5791K(6144K)->5791K(6144K)
[2025-03-28T19:51:33.780+0530][gc          ] GC(399) Pause Young (Normal) (G1 Evacuation Pause) 332M->283M(1024M) 10.275ms
[2025-03-28T19:51:33.780+0530][gc,cpu      ] GC(399) User=0.02s Sys=0.00s Real=0.01s
[2025-03-28T19:51:43.525+0530][gc,start    ] GC(400) Pause Young (Normal) (G1 Evacuation Pause)
[2025-03-28T19:51:43.525+0530][gc,task     ] GC(400) Using 2 workers of 2 for evacuation
[2025-03-28T19:51:43.532+0530][gc,phases   ] GC(400)   Pre Evacuate Collection Set: 0.3ms
[2025-03-28T19:51:43.532+0530][gc,phases   ] GC(400)   Merge Heap Roots: 0.1ms
[2025-03-28T19:51:43.532+0530][gc,phases   ] GC(400)   Evacuate Collection Set: 6.3ms
[2025-03-28T19:51:43.532+0530][gc,phases   ] GC(400)   Post Evacuate Collection Set: 0.5ms
[2025-03-28T19:51:43.532+0530][gc,phases   ] GC(400)   Other: 0.1ms
[2025-03-28T19:51:43.532+0530][gc,heap     ] GC(400) Eden regions: 153->0(195)
[2025-03-28T19:51:43.532+0530][gc,heap     ] GC(400) Survivor regions: 2->6(20)
[2025-03-28T19:51:43.532+0530][gc,heap     ] GC(400) Old regions: 132->132
[2025-03-28T19:51:43.532+0530][gc,heap     ] GC(400) Archive regions: 2->2
[2025-03-28T19:51:43.532+0530][gc,heap     ] GC(400) Humongous regions: 151->147
[2025-03-28T19:51:43.532+0530][gc,metaspace] GC(400) Metaspace: 51846K(52544K)->51846K(52544K) NonClass: 46055K(46400K)->46055K(46400K) Class: 5791K(6144K)->5791K(6144K)
[2025-03-28T19:51:43.532+0530][gc          ] GC(400) Pause Young (Normal) (G1 Evacuation Pause) 438M->284M(1024M) 7.384ms
[2025-03-28T19:51:43.532+0530][gc,cpu      ] GC(400) User=0.01s Sys=0.00s Real=0.02s
[2025-03-28T19:51:44.612+0530][gc,start    ] GC(279) Pause Young (Normal) (G1 Evacuation Pause)
[2025-03-28T19:51:44.612+0530][gc,task     ] GC(279) Using 2 workers of 2 for evacuation
[2025-03-28T19:51:44.632+0530][gc,phases   ] GC(279)   Pre Evacuate Collection Set: 1.1ms
[2025-03-28T19:51:44.632+0530][gc,phases   ] GC(279)   Merge Heap Roots: 0.6ms
[2025-03-28T19:51:44.632+0530][gc,phases   ] GC(279)   Evacuate Collection Set: 14.8ms
[2025-03-28T19:51:44.632+0530][gc,phases   ] GC(279)   Post Evacuate Collection Set: 2.3ms
[2025-03-28T19:51:44.632+0530][gc,phases   ] GC(279)   Other: 0.5ms
[2025-03-28T19:51:44.632+0530][gc,heap     ] GC(279) Eden regions: 213->0(151)
[2025-03-28T19:51:44.632+0530][gc,heap     ] GC(279) Survivor regions: 3->1(27)
[2025-03-28T19:51:44.632+0530][gc,heap     ] GC(279) Old regions: 147->147
[2025-03-28T19:51:44.632+0530][gc,heap     ] GC(279) Archive regions: 2->2
[2025-03-28T19:51:44.632+0530][gc,heap     ] GC(279) Humongous regions: 153->147
[2025-03-28T19:51:44.632+0530][gc,metaspace] GC(279) Metaspace: 52149K(52864K)->52149K(52864K) NonClass: 46280K(46656K)->46280K(46656K) Class: 5868K(6208K)->5868K(6208K)
[2025-03-28T19:51:44.632+0530][gc          ] GC(279) Pause Young (Normal) (G1 Evacuation Pause) 516M->295M(1024M) 20.011ms
[2025-03-28T19:51:44.632+0530][gc,cpu      ] GC(279) User=0.02s Sys=0.00s Real=0.02s
[2025-03-28T19:51:50.306+0530][gc,start    ] GC(280) Pause Young (Normal) (G1 Evacuation Pause)
[2025-03-28T19:51:50.306+0530][gc,task     ] GC(280) Using 2 workers of 2 for evacuation
[2025-03-28T19:51:50.324+0530][gc,phases   ] GC(280)   Pre Evacuate Collection Set: 2.6ms
[2025-03-28T19:51:50.324+0530][gc,phases   ] GC(280)   Merge Heap Roots: 0.1ms
[2025-03-28T19:51:50.324+0530][gc,phases   ] GC(280)   Evacuate Collection Set: 14.1ms
[2025-03-28T19:51:50.324+0530][gc,phases   ] GC(280)   Post Evacuate Collection Set: 0.7ms
[2025-03-28T19:51:50.324+0530][gc,phases   ] GC(280)   Other: 0.2ms
[2025-03-28T19:51:50.324+0530][gc,heap     ] GC(280) Eden regions: 151->0(44)
[2025-03-28T19:51:50.324+0530][gc,heap     ] GC(280) Survivor regions: 1->7(19)
[2025-03-28T19:51:50.324+0530][gc,heap     ] GC(280) Old regions: 147->147
[2025-03-28T19:51:50.324+0530][gc,heap     ] GC(280) Archive regions: 2->2
[2025-03-28T19:51:50.324+0530][gc,heap     ] GC(280) Humongous regions: 149->147
[2025-03-28T19:51:50.324+0530][gc,metaspace] GC(280) Metaspace: 52253K(52992K)->52253K(52992K) NonClass: 46359K(46720K)->46359K(46720K) Class: 5893K(6272K)->5893K(6272K)
[2025-03-28T19:51:50.324+0530][gc          ] GC(280) Pause Young (Normal) (G1 Evacuation Pause) 448M->301M(1024M) 17.959ms
[2025-03-28T19:51:50.324+0530][gc,cpu      ] GC(280) User=0.02s Sys=0.00s Real=0.01s
[2025-03-28T19:51:50.429+0530][gc,start    ] GC(281) Pause Young (Normal) (G1 Evacuation Pause)
[2025-03-28T19:51:50.429+0530][gc,task     ] GC(281) Using 2 workers of 2 for evacuation
[2025-03-28T19:51:50.438+0530][gc,phases   ] GC(281)   Pre Evacuate Collection Set: 0.2ms
[2025-03-28T19:51:50.438+0530][gc,phases   ] GC(281)   Merge Heap Roots: 0.1ms
[2025-03-28T19:51:50.438+0530][gc,phases   ] GC(281)   Evacuate Collection Set: 8.0ms
[2025-03-28T19:51:50.438+0530][gc,phases   ] GC(281)   Post Evacuate Collection Set: 0.5ms
[2025-03-28T19:51:50.438+0530][gc,phases   ] GC(281)   Other: 0.1ms
[2025-03-28T19:51:50.438+0530][gc,heap     ] GC(281) Eden regions: 44->0(132)
[2025-03-28T19:51:50.438+0530][gc,heap     ] GC(281) Survivor regions: 7->2(7)
[2025-03-28T19:51:50.438+0530][gc,heap     ] GC(281) Old regions: 147->149
[2025-03-28T19:51:50.438+0530][gc,heap     ] GC(281) Archive regions: 2->2
[2025-03-28T19:51:50.438+0530][gc,heap     ] GC(281) Humongous regions: 149->149
[2025-03-28T19:51:50.438+0530][gc,metaspace] GC(281) Metaspace: 52259K(52992K)->52259K(52992K) NonClass: 46366K(46720K)->46366K(46720K) Class: 5893K(6272K)->5893K(6272K)
[2025-03-28T19:51:50.438+0530][gc          ] GC(281) Pause Young (Normal) (G1 Evacuation Pause) 347M->299M(1024M) 9.012ms
[2025-03-28T19:51:50.438+0530][gc,cpu      ] GC(281) User=0.01s Sys=0.00s Real=0.01s
[2025-03-28T19:51:53.570+0530][gc,start    ] GC(401) Pause Young (Normal) (G1 Evacuation Pause)
[2025-03-28T19:51:53.570+0530][gc,task     ] GC(401) Using 2 workers of 2 for evacuation
[2025-03-28T19:51:53.590+0530][gc,mmu      ] GC(401) MMU target violated: 20.0ms (20.0ms/21.0ms)
[2025-03-28T19:51:53.590+0530][gc,phases   ] GC(401)   Pre Evacuate Collection Set: 0.3ms
[2025-03-28T19:51:53.590+0530][gc,phases   ] GC(401)   Merge Heap Roots: 0.1ms
[2025-03-28T19:51:53.590+0530][gc,phases   ] GC(401)   Evacuate Collection Set: 19.0ms
[2025-03-28T19:51:53.590+0530][gc,phases   ] GC(401)   Post Evacuate Collection Set: 0.7ms
[2025-03-28T19:51:53.590+0530][gc,phases   ] GC(401)   Other: 0.2ms
[2025-03-28T19:51:53.590+0530][gc,heap     ] GC(401) Eden regions: 195->0(426)
[2025-03-28T19:51:53.591+0530][gc,heap     ] GC(401) Survivor regions: 6->4(26)
[2025-03-28T19:51:53.591+0530][gc,heap     ] GC(401) Old regions: 132->132
[2025-03-28T19:51:53.591+0530][gc,heap     ] GC(401) Archive regions: 2->2
[2025-03-28T19:51:53.591+0530][gc,heap     ] GC(401) Humongous regions: 151->147
[2025-03-28T19:51:53.591+0530][gc,metaspace] GC(401) Metaspace: 51875K(52544K)->51875K(52544K) NonClass: 46079K(46400K)->46079K(46400K) Class: 5796K(6144K)->5796K(6144K)
[2025-03-28T19:51:53.591+0530][gc          ] GC(401) Pause Young (Normal) (G1 Evacuation Pause) 483M->282M(1024M) 20.352ms
[2025-03-28T19:51:53.591+0530][gc,cpu      ] GC(401) User=0.00s Sys=0.00s Real=0.03s
[2025-03-28T19:51:59.620+0530][gc,start    ] GC(282) Pause Young (Normal) (G1 Evacuation Pause)
[2025-03-28T19:51:59.620+0530][gc,task     ] GC(282) Using 2 workers of 2 for evacuation
[2025-03-28T19:51:59.626+0530][gc,phases   ] GC(282)   Pre Evacuate Collection Set: 0.2ms
[2025-03-28T19:51:59.626+0530][gc,phases   ] GC(282)   Merge Heap Roots: 0.1ms
[2025-03-28T19:51:59.626+0530][gc,phases   ] GC(282)   Evacuate Collection Set: 3.3ms
[2025-03-28T19:51:59.626+0530][gc,phases   ] GC(282)   Post Evacuate Collection Set: 2.5ms
[2025-03-28T19:51:59.626+0530][gc,phases   ] GC(282)   Other: 0.2ms
[2025-03-28T19:51:59.626+0530][gc,heap     ] GC(282) Eden regions: 132->0(269)
[2025-03-28T19:51:59.626+0530][gc,heap     ] GC(282) Survivor regions: 2->2(17)
[2025-03-28T19:51:59.626+0530][gc,heap     ] GC(282) Old regions: 149->149
[2025-03-28T19:51:59.626+0530][gc,heap     ] GC(282) Archive regions: 2->2
[2025-03-28T19:51:59.626+0530][gc,heap     ] GC(282) Humongous regions: 154->147
[2025-03-28T19:51:59.626+0530][gc,metaspace] GC(282) Metaspace: 52276K(52992K)->52276K(52992K) NonClass: 46383K(46720K)->46383K(46720K) Class: 5893K(6272K)->5893K(6272K)
[2025-03-28T19:51:59.626+0530][gc          ] GC(282) Pause Young (Normal) (G1 Evacuation Pause) 436M->298M(1024M) 6.355ms
[2025-03-28T19:51:59.626+0530][gc,cpu      ] GC(282) User=0.01s Sys=0.00s Real=0.01s
[2025-03-28T19:52:09.793+0530][gc,start    ] GC(283) Pause Young (Normal) (G1 Evacuation Pause)
[2025-03-28T19:52:09.793+0530][gc,task     ] GC(283) Using 2 workers of 2 for evacuation
[2025-03-28T19:52:09.812+0530][gc,phases   ] GC(283)   Pre Evacuate Collection Set: 0.2ms
[2025-03-28T19:52:09.812+0530][gc,phases   ] GC(283)   Merge Heap Roots: 0.1ms
[2025-03-28T19:52:09.812+0530][gc,phases   ] GC(283)   Evacuate Collection Set: 17.8ms
[2025-03-28T19:52:09.812+0530][gc,phases   ] GC(283)   Post Evacuate Collection Set: 0.6ms
[2025-03-28T19:52:09.812+0530][gc,phases   ] GC(283)   Other: 0.2ms
[2025-03-28T19:52:09.812+0530][gc,heap     ] GC(283) Eden regions: 269->0(423)
[2025-03-28T19:52:09.812+0530][gc,heap     ] GC(283) Survivor regions: 2->3(34)
[2025-03-28T19:52:09.812+0530][gc,heap     ] GC(283) Old regions: 149->149
[2025-03-28T19:52:09.812+0530][gc,heap     ] GC(283) Archive regions: 2->2
[2025-03-28T19:52:09.812+0530][gc,heap     ] GC(283) Humongous regions: 153->149
[2025-03-28T19:52:09.812+0530][gc,metaspace] GC(283) Metaspace: 52287K(53056K)->52287K(53056K) NonClass: 46394K(46784K)->46394K(46784K) Class: 5893K(6272K)->5893K(6272K)
[2025-03-28T19:52:09.812+0530][gc          ] GC(283) Pause Young (Normal) (G1 Evacuation Pause) 573M->301M(1024M) 18.922ms
[2025-03-28T19:52:09.812+0530][gc,cpu      ] GC(283) User=0.01s Sys=0.00s Real=0.02s
[2025-03-28T19:52:13.553+0530][gc,start    ] GC(402) Pause Young (Normal) (G1 Evacuation Pause)
[2025-03-28T19:52:13.553+0530][gc,task     ] GC(402) Using 2 workers of 2 for evacuation
[2025-03-28T19:52:13.560+0530][gc,phases   ] GC(402)   Pre Evacuate Collection Set: 0.2ms
[2025-03-28T19:52:13.561+0530][gc,phases   ] GC(402)   Merge Heap Roots: 0.1ms
[2025-03-28T19:52:13.561+0530][gc,phases   ] GC(402)   Evacuate Collection Set: 6.4ms
[2025-03-28T19:52:13.561+0530][gc,phases   ] GC(402)   Post Evacuate Collection Set: 0.6ms
[2025-03-28T19:52:13.561+0530][gc,phases   ] GC(402)   Other: 0.1ms
[2025-03-28T19:52:13.561+0530][gc,heap     ] GC(402) Eden regions: 420->0(609)
[2025-03-28T19:52:13.561+0530][gc,heap     ] GC(402) Survivor regions: 4->5(53)
[2025-03-28T19:52:13.561+0530][gc,heap     ] GC(402) Old regions: 132->132
[2025-03-28T19:52:13.561+0530][gc,heap     ] GC(402) Archive regions: 2->2
[2025-03-28T19:52:13.561+0530][gc,heap     ] GC(402) Humongous regions: 155->147
[2025-03-28T19:52:13.561+0530][gc,metaspace] GC(402) Metaspace: 51914K(52608K)->51914K(52608K) NonClass: 46118K(46464K)->46118K(46464K) Class: 5796K(6144K)->5796K(6144K)
[2025-03-28T19:52:13.561+0530][gc          ] GC(402) Pause Young (Normal) (G1 Evacuation Pause) 710M->283M(1024M) 7.539ms
[2025-03-28T19:52:13.561+0530][gc,cpu      ] GC(402) User=0.01s Sys=0.00s Real=0.01s
[2025-03-28T19:52:13.638+0530][gc,start    ] GC(403) Pause Young (Concurrent Start) (G1 Humongous Allocation)
[2025-03-28T19:52:13.638+0530][gc,task     ] GC(403) Using 2 workers of 2 for evacuation
[2025-03-28T19:52:13.647+0530][gc,phases   ] GC(403)   Pre Evacuate Collection Set: 0.2ms
[2025-03-28T19:52:13.647+0530][gc,phases   ] GC(403)   Merge Heap Roots: 0.1ms
[2025-03-28T19:52:13.647+0530][gc,phases   ] GC(403)   Evacuate Collection Set: 8.2ms
[2025-03-28T19:52:13.647+0530][gc,phases   ] GC(403)   Post Evacuate Collection Set: 0.6ms
[2025-03-28T19:52:13.647+0530][gc,phases   ] GC(403)   Other: 0.2ms
[2025-03-28T19:52:13.647+0530][gc,heap     ] GC(403) Eden regions: 35->0(369)
[2025-03-28T19:52:13.647+0530][gc,heap     ] GC(403) Survivor regions: 5->4(77)
[2025-03-28T19:52:13.647+0530][gc,heap     ] GC(403) Old regions: 132->132
[2025-03-28T19:52:13.647+0530][gc,heap     ] GC(403) Archive regions: 2->2
[2025-03-28T19:52:13.647+0530][gc,heap     ] GC(403) Humongous regions: 147->147
[2025-03-28T19:52:13.647+0530][gc,metaspace] GC(403) Metaspace: 51914K(52608K)->51914K(52608K) NonClass: 46118K(46464K)->46118K(46464K) Class: 5796K(6144K)->5796K(6144K)
[2025-03-28T19:52:13.647+0530][gc          ] GC(403) Pause Young (Concurrent Start) (G1 Humongous Allocation) 317M->282M(1024M) 9.404ms
[2025-03-28T19:52:13.647+0530][gc,cpu      ] GC(403) User=0.01s Sys=0.01s Real=0.01s
[2025-03-28T19:52:13.647+0530][gc          ] GC(404) Concurrent Mark Cycle
[2025-03-28T19:52:13.647+0530][gc,marking  ] GC(404) Concurrent Clear Claimed Marks
[2025-03-28T19:52:13.647+0530][gc,marking  ] GC(404) Concurrent Clear Claimed Marks 0.077ms
[2025-03-28T19:52:13.647+0530][gc,marking  ] GC(404) Concurrent Scan Root Regions
[2025-03-28T19:52:13.653+0530][gc,marking  ] GC(404) Concurrent Scan Root Regions 5.172ms
[2025-03-28T19:52:13.653+0530][gc,marking  ] GC(404) Concurrent Mark
[2025-03-28T19:52:13.653+0530][gc,marking  ] GC(404) Concurrent Mark From Roots
[2025-03-28T19:52:13.653+0530][gc,task     ] GC(404) Using 1 workers of 1 for marking
[2025-03-28T19:52:13.710+0530][gc,marking  ] GC(404) Concurrent Mark From Roots 57.408ms
[2025-03-28T19:52:13.710+0530][gc,marking  ] GC(404) Concurrent Preclean
[2025-03-28T19:52:13.710+0530][gc,marking  ] GC(404) Concurrent Preclean 0.150ms
[2025-03-28T19:52:13.710+0530][gc,start    ] GC(404) Pause Remark
[2025-03-28T19:52:13.722+0530][gc          ] GC(404) Pause Remark 323M->302M(1024M) 11.742ms
[2025-03-28T19:52:13.722+0530][gc,cpu      ] GC(404) User=0.02s Sys=0.00s Real=0.01s
[2025-03-28T19:52:13.722+0530][gc,marking  ] GC(404) Concurrent Mark 69.631ms
[2025-03-28T19:52:13.722+0530][gc,marking  ] GC(404) Concurrent Rebuild Remembered Sets
[2025-03-28T19:52:13.755+0530][gc,marking  ] GC(404) Concurrent Rebuild Remembered Sets 32.831ms
[2025-03-28T19:52:13.755+0530][gc,start    ] GC(404) Pause Cleanup
[2025-03-28T19:52:13.755+0530][gc          ] GC(404) Pause Cleanup 302M->302M(1024M) 0.227ms
[2025-03-28T19:52:13.755+0530][gc,cpu      ] GC(404) User=0.00s Sys=0.00s Real=0.00s
[2025-03-28T19:52:13.756+0530][gc,marking  ] GC(404) Concurrent Cleanup for Next Mark
[2025-03-28T19:52:13.757+0530][gc,marking  ] GC(404) Concurrent Cleanup for Next Mark 1.688ms
[2025-03-28T19:52:13.757+0530][gc          ] GC(404) Concurrent Mark Cycle 110.045ms
[2025-03-28T19:52:29.712+0530][gc,start    ] GC(284) Pause Young (Normal) (G1 Evacuation Pause)
[2025-03-28T19:52:29.940+0530][gc,task     ] GC(284) Using 2 workers of 2 for evacuation
[2025-03-28T19:52:30.063+0530][gc,mmu      ] GC(284) MMU target violated: 21.0ms (20.0ms/21.0ms)
[2025-03-28T19:52:30.063+0530][gc,phases   ] GC(284)   Pre Evacuate Collection Set: 16.6ms
[2025-03-28T19:52:30.063+0530][gc,phases   ] GC(284)   Merge Heap Roots: 0.6ms
[2025-03-28T19:52:30.064+0530][gc,phases   ] GC(284)   Evacuate Collection Set: 101.4ms
[2025-03-28T19:52:30.064+0530][gc,phases   ] GC(284)   Post Evacuate Collection Set: 4.3ms
[2025-03-28T19:52:30.064+0530][gc,phases   ] GC(284)   Other: 228.4ms
[2025-03-28T19:52:30.064+0530][gc,heap     ] GC(284) Eden regions: 413->0(43)
[2025-03-28T19:52:30.064+0530][gc,heap     ] GC(284) Survivor regions: 3->8(52)
[2025-03-28T19:52:30.064+0530][gc,heap     ] GC(284) Old regions: 149->149
[2025-03-28T19:52:30.064+0530][gc,heap     ] GC(284) Archive regions: 2->2
[2025-03-28T19:52:30.064+0530][gc,heap     ] GC(284) Humongous regions: 155->147
[2025-03-28T19:52:30.064+0530][gc,metaspace] GC(284) Metaspace: 52337K(53056K)->52337K(53056K) NonClass: 46443K(46784K)->46443K(46784K) Class: 5893K(6272K)->5893K(6272K)
[2025-03-28T19:52:30.064+0530][gc          ] GC(284) Pause Young (Normal) (G1 Evacuation Pause) 720M->304M(1024M) 351.497ms
[2025-03-28T19:52:30.064+0530][gc,cpu      ] GC(284) User=0.07s Sys=0.01s Real=0.35s
[2025-03-28T19:52:30.231+0530][gc,start    ] GC(285) Pause Young (Normal) (G1 Evacuation Pause)
[2025-03-28T19:52:30.232+0530][gc,task     ] GC(285) Using 2 workers of 2 for evacuation
[2025-03-28T19:52:30.259+0530][gc,mmu      ] GC(285) MMU target violated: 21.0ms (20.0ms/21.0ms)
[2025-03-28T19:52:30.259+0530][gc,phases   ] GC(285)   Pre Evacuate Collection Set: 0.6ms
[2025-03-28T19:52:30.259+0530][gc,phases   ] GC(285)   Merge Heap Roots: 0.3ms
[2025-03-28T19:52:30.259+0530][gc,phases   ] GC(285)   Evacuate Collection Set: 23.1ms
[2025-03-28T19:52:30.259+0530][gc,phases   ] GC(285)   Post Evacuate Collection Set: 2.8ms
[2025-03-28T19:52:30.259+0530][gc,phases   ] GC(285)   Other: 0.8ms
[2025-03-28T19:52:30.259+0530][gc,heap     ] GC(285) Eden regions: 43->0(50)
[2025-03-28T19:52:30.259+0530][gc,heap     ] GC(285) Survivor regions: 8->1(7)
[2025-03-28T19:52:30.259+0530][gc,heap     ] GC(285) Old regions: 149->151
[2025-03-28T19:52:30.259+0530][gc,heap     ] GC(285) Archive regions: 2->2
[2025-03-28T19:52:30.259+0530][gc,heap     ] GC(285) Humongous regions: 149->149
[2025-03-28T19:52:30.259+0530][gc,metaspace] GC(285) Metaspace: 52337K(53056K)->52337K(53056K) NonClass: 46443K(46784K)->46443K(46784K) Class: 5893K(6272K)->5893K(6272K)
[2025-03-28T19:52:30.260+0530][gc          ] GC(285) Pause Young (Normal) (G1 Evacuation Pause) 349M->301M(1024M) 28.070ms
[2025-03-28T19:52:30.260+0530][gc,cpu      ] GC(285) User=0.05s Sys=0.00s Real=0.03s
[2025-03-28T19:52:33.683+0530][gc,start    ] GC(405) Pause Young (Prepare Mixed) (G1 Evacuation Pause)
[2025-03-28T19:52:33.683+0530][gc,task     ] GC(405) Using 2 workers of 2 for evacuation
[2025-03-28T19:52:33.714+0530][gc,mmu      ] GC(405) MMU target violated: 21.0ms (20.0ms/21.0ms)
[2025-03-28T19:52:33.714+0530][gc,phases   ] GC(405)   Pre Evacuate Collection Set: 0.3ms
[2025-03-28T19:52:33.714+0530][gc,phases   ] GC(405)   Merge Heap Roots: 0.3ms
[2025-03-28T19:52:33.714+0530][gc,phases   ] GC(405)   Evacuate Collection Set: 28.5ms
[2025-03-28T19:52:33.714+0530][gc,phases   ] GC(405)   Post Evacuate Collection Set: 1.4ms
[2025-03-28T19:52:33.714+0530][gc,phases   ] GC(405)   Other: 0.3ms
[2025-03-28T19:52:33.714+0530][gc,heap     ] GC(405) Eden regions: 406->0(43)
[2025-03-28T19:52:33.714+0530][gc,heap     ] GC(405) Survivor regions: 4->8(52)
[2025-03-28T19:52:33.714+0530][gc,heap     ] GC(405) Old regions: 110->110
[2025-03-28T19:52:33.714+0530][gc,heap     ] GC(405) Archive regions: 2->2
[2025-03-28T19:52:33.714+0530][gc,heap     ] GC(405) Humongous regions: 155->147
[2025-03-28T19:52:33.714+0530][gc,metaspace] GC(405) Metaspace: 51933K(52608K)->51933K(52608K) NonClass: 46137K(46464K)->46137K(46464K) Class: 5796K(6144K)->5796K(6144K)
[2025-03-28T19:52:33.714+0530][gc          ] GC(405) Pause Young (Prepare Mixed) (G1 Evacuation Pause) 675M->265M(1024M) 30.725ms
[2025-03-28T19:52:33.714+0530][gc,cpu      ] GC(405) User=0.02s Sys=0.00s Real=0.03s
[2025-03-28T19:52:33.867+0530][gc,start    ] GC(406) Pause Young (Mixed) (G1 Evacuation Pause)
[2025-03-28T19:52:33.867+0530][gc,task     ] GC(406) Using 2 workers of 2 for evacuation
[2025-03-28T19:52:33.887+0530][gc,mmu      ] GC(406) MMU target violated: 20.2ms (20.0ms/21.0ms)
[2025-03-28T19:52:33.887+0530][gc,phases   ] GC(406)   Pre Evacuate Collection Set: 0.2ms
[2025-03-28T19:52:33.887+0530][gc,phases   ] GC(406)   Merge Heap Roots: 0.1ms
[2025-03-28T19:52:33.887+0530][gc,phases   ] GC(406)   Evacuate Collection Set: 18.7ms
[2025-03-28T19:52:33.887+0530][gc,phases   ] GC(406)   Merge Optional Heap Roots: 0.0ms
[2025-03-28T19:52:33.887+0530][gc,phases   ] GC(406)   Evacuate Optional Collection Set: 0.6ms
[2025-03-28T19:52:33.887+0530][gc,phases   ] GC(406)   Post Evacuate Collection Set: 0.4ms
[2025-03-28T19:52:33.887+0530][gc,phases   ] GC(406)   Other: 0.2ms
[2025-03-28T19:52:33.887+0530][gc,heap     ] GC(406) Eden regions: 43->0(49)
[2025-03-28T19:52:33.887+0530][gc,heap     ] GC(406) Survivor regions: 8->2(7)
[2025-03-28T19:52:33.887+0530][gc,heap     ] GC(406) Old regions: 110->89
[2025-03-28T19:52:33.887+0530][gc,heap     ] GC(406) Archive regions: 2->2
[2025-03-28T19:52:33.887+0530][gc,heap     ] GC(406) Humongous regions: 149->149
[2025-03-28T19:52:33.887+0530][gc,metaspace] GC(406) Metaspace: 51939K(52608K)->51939K(52608K) NonClass: 46142K(46464K)->46142K(46464K) Class: 5796K(6144K)->5796K(6144K)
[2025-03-28T19:52:33.887+0530][gc          ] GC(406) Pause Young (Mixed) (G1 Evacuation Pause) 310M->239M(1024M) 20.423ms
[2025-03-28T19:52:33.887+0530][gc,cpu      ] GC(406) User=0.02s Sys=0.00s Real=0.02s
[2025-03-28T19:52:38.589+0530][gc,start    ] GC(286) Pause Young (Normal) (G1 Evacuation Pause)
[2025-03-28T19:52:38.589+0530][gc,task     ] GC(286) Using 2 workers of 2 for evacuation
[2025-03-28T19:52:38.653+0530][gc,mmu      ] GC(286) MMU target violated: 21.0ms (20.0ms/21.0ms)
[2025-03-28T19:52:38.653+0530][gc,phases   ] GC(286)   Pre Evacuate Collection Set: 0.2ms
[2025-03-28T19:52:38.653+0530][gc,phases   ] GC(286)   Merge Heap Roots: 0.1ms
[2025-03-28T19:52:38.653+0530][gc,phases   ] GC(286)   Evacuate Collection Set: 53.0ms
[2025-03-28T19:52:38.653+0530][gc,phases   ] GC(286)   Post Evacuate Collection Set: 10.3ms
[2025-03-28T19:52:38.653+0530][gc,phases   ] GC(286)   Other: 0.2ms
[2025-03-28T19:52:38.653+0530][gc,heap     ] GC(286) Eden regions: 50->0(45)
[2025-03-28T19:52:38.653+0530][gc,heap     ] GC(286) Survivor regions: 1->6(7)
[2025-03-28T19:52:38.653+0530][gc,heap     ] GC(286) Old regions: 151->151
[2025-03-28T19:52:38.653+0530][gc,heap     ] GC(286) Archive regions: 2->2
[2025-03-28T19:52:38.653+0530][gc,heap     ] GC(286) Humongous regions: 149->147
[2025-03-28T19:52:38.653+0530][gc,metaspace] GC(286) Metaspace: 52345K(53056K)->52345K(53056K) NonClass: 46451K(46784K)->46451K(46784K) Class: 5893K(6272K)->5893K(6272K)
[2025-03-28T19:52:38.653+0530][gc          ] GC(286) Pause Young (Normal) (G1 Evacuation Pause) 351M->304M(1024M) 63.912ms
[2025-03-28T19:52:38.653+0530][gc,cpu      ] GC(286) User=0.01s Sys=0.00s Real=0.06s
[2025-03-28T19:52:38.902+0530][gc,start    ] GC(287) Pause Young (Normal) (G1 Evacuation Pause)
[2025-03-28T19:52:38.902+0530][gc,task     ] GC(287) Using 2 workers of 2 for evacuation
[2025-03-28T19:52:38.914+0530][gc,phases   ] GC(287)   Pre Evacuate Collection Set: 1.2ms
[2025-03-28T19:52:38.914+0530][gc,phases   ] GC(287)   Merge Heap Roots: 0.2ms
[2025-03-28T19:52:38.914+0530][gc,phases   ] GC(287)   Evacuate Collection Set: 9.5ms
[2025-03-28T19:52:38.914+0530][gc,phases   ] GC(287)   Post Evacuate Collection Set: 0.9ms
[2025-03-28T19:52:38.914+0530][gc,phases   ] GC(287)   Other: 0.1ms
[2025-03-28T19:52:38.914+0530][gc,heap     ] GC(287) Eden regions: 45->0(49)
[2025-03-28T19:52:38.914+0530][gc,heap     ] GC(287) Survivor regions: 6->2(7)
[2025-03-28T19:52:38.914+0530][gc,heap     ] GC(287) Old regions: 151->152
[2025-03-28T19:52:38.914+0530][gc,heap     ] GC(287) Archive regions: 2->2
[2025-03-28T19:52:38.914+0530][gc,heap     ] GC(287) Humongous regions: 149->149
[2025-03-28T19:52:38.914+0530][gc,metaspace] GC(287) Metaspace: 52351K(53120K)->52351K(53120K) NonClass: 46457K(46848K)->46457K(46848K) Class: 5893K(6272K)->5893K(6272K)
[2025-03-28T19:52:38.914+0530][gc          ] GC(287) Pause Young (Normal) (G1 Evacuation Pause) 351M->303M(1024M) 12.130ms
[2025-03-28T19:52:38.914+0530][gc,cpu      ] GC(287) User=0.00s Sys=0.01s Real=0.02s
[2025-03-28T19:52:39.649+0530][gc,start    ] GC(288) Pause Young (Normal) (G1 Evacuation Pause)
[2025-03-28T19:52:39.649+0530][gc,task     ] GC(288) Using 2 workers of 2 for evacuation
[2025-03-28T19:52:39.654+0530][gc,phases   ] GC(288)   Pre Evacuate Collection Set: 0.2ms
[2025-03-28T19:52:39.654+0530][gc,phases   ] GC(288)   Merge Heap Roots: 0.1ms
[2025-03-28T19:52:39.654+0530][gc,phases   ] GC(288)   Evacuate Collection Set: 3.9ms
[2025-03-28T19:52:39.654+0530][gc,phases   ] GC(288)   Post Evacuate Collection Set: 0.5ms
[2025-03-28T19:52:39.654+0530][gc,phases   ] GC(288)   Other: 0.1ms
[2025-03-28T19:52:39.654+0530][gc,heap     ] GC(288) Eden regions: 49->0(47)
[2025-03-28T19:52:39.654+0530][gc,heap     ] GC(288) Survivor regions: 2->4(7)
[2025-03-28T19:52:39.654+0530][gc,heap     ] GC(288) Old regions: 152->152
[2025-03-28T19:52:39.654+0530][gc,heap     ] GC(288) Archive regions: 2->2
[2025-03-28T19:52:39.654+0530][gc,heap     ] GC(288) Humongous regions: 149->147
[2025-03-28T19:52:39.654+0530][gc,metaspace] GC(288) Metaspace: 52351K(53120K)->52351K(53120K) NonClass: 46457K(46848K)->46457K(46848K) Class: 5893K(6272K)->5893K(6272K)
[2025-03-28T19:52:39.654+0530][gc          ] GC(288) Pause Young (Normal) (G1 Evacuation Pause) 352M->303M(1024M) 4.867ms
[2025-03-28T19:52:39.654+0530][gc,cpu      ] GC(288) User=0.00s Sys=0.00s Real=0.00s
[2025-03-28T19:52:39.803+0530][gc,start    ] GC(289) Pause Young (Normal) (G1 Evacuation Pause)
[2025-03-28T19:52:39.803+0530][gc,task     ] GC(289) Using 2 workers of 2 for evacuation
[2025-03-28T19:52:39.824+0530][gc,mmu      ] GC(289) MMU target violated: 20.9ms (20.0ms/21.0ms)
[2025-03-28T19:52:39.824+0530][gc,phases   ] GC(289)   Pre Evacuate Collection Set: 1.4ms
[2025-03-28T19:52:39.824+0530][gc,phases   ] GC(289)   Merge Heap Roots: 1.8ms
[2025-03-28T19:52:39.824+0530][gc,phases   ] GC(289)   Evacuate Collection Set: 16.4ms
[2025-03-28T19:52:39.824+0530][gc,phases   ] GC(289)   Post Evacuate Collection Set: 1.4ms
[2025-03-28T19:52:39.824+0530][gc,phases   ] GC(289)   Other: 0.2ms
[2025-03-28T19:52:39.824+0530][gc,heap     ] GC(289) Eden regions: 47->0(48)
[2025-03-28T19:52:39.824+0530][gc,heap     ] GC(289) Survivor regions: 4->3(7)
[2025-03-28T19:52:39.824+0530][gc,heap     ] GC(289) Old regions: 152->153
[2025-03-28T19:52:39.824+0530][gc,heap     ] GC(289) Archive regions: 2->2
[2025-03-28T19:52:39.824+0530][gc,heap     ] GC(289) Humongous regions: 149->149
[2025-03-28T19:52:39.824+0530][gc,metaspace] GC(289) Metaspace: 52354K(53120K)->52354K(53120K) NonClass: 46461K(46848K)->46461K(46848K) Class: 5893K(6272K)->5893K(6272K)
[2025-03-28T19:52:39.824+0530][gc          ] GC(289) Pause Young (Normal) (G1 Evacuation Pause) 352M->304M(1024M) 21.199ms
[2025-03-28T19:52:39.824+0530][gc,cpu      ] GC(289) User=0.01s Sys=0.00s Real=0.03s
[2025-03-28T19:52:42.427+0530][gc,start    ] GC(407) Pause Young (Mixed) (G1 Evacuation Pause)
[2025-03-28T19:52:42.427+0530][gc,task     ] GC(407) Using 2 workers of 2 for evacuation
[2025-03-28T19:52:42.434+0530][gc,phases   ] GC(407)   Pre Evacuate Collection Set: 0.2ms
[2025-03-28T19:52:42.434+0530][gc,phases   ] GC(407)   Merge Heap Roots: 0.1ms
[2025-03-28T19:52:42.434+0530][gc,phases   ] GC(407)   Evacuate Collection Set: 6.0ms
[2025-03-28T19:52:42.434+0530][gc,phases   ] GC(407)   Post Evacuate Collection Set: 0.5ms
[2025-03-28T19:52:42.434+0530][gc,phases   ] GC(407)   Other: 0.1ms
[2025-03-28T19:52:42.434+0530][gc,heap     ] GC(407) Eden regions: 49->0(331)
[2025-03-28T19:52:42.434+0530][gc,heap     ] GC(407) Survivor regions: 2->5(7)
[2025-03-28T19:52:42.434+0530][gc,heap     ] GC(407) Old regions: 89->77
[2025-03-28T19:52:42.434+0530][gc,heap     ] GC(407) Archive regions: 2->2
[2025-03-28T19:52:42.434+0530][gc,heap     ] GC(407) Humongous regions: 149->147
[2025-03-28T19:52:42.434+0530][gc,metaspace] GC(407) Metaspace: 51974K(52608K)->51974K(52608K) NonClass: 46178K(46464K)->46178K(46464K) Class: 5796K(6144K)->5796K(6144K)
[2025-03-28T19:52:42.434+0530][gc          ] GC(407) Pause Young (Mixed) (G1 Evacuation Pause) 288M->229M(1024M) 7.017ms
[2025-03-28T19:52:42.434+0530][gc,cpu      ] GC(407) User=0.01s Sys=0.01s Real=0.00s
[2025-03-28T19:52:48.532+0530][gc,start    ] GC(290) Pause Young (Normal) (G1 Evacuation Pause)
[2025-03-28T19:52:48.532+0530][gc,task     ] GC(290) Using 2 workers of 2 for evacuation
[2025-03-28T19:52:48.541+0530][gc,phases   ] GC(290)   Pre Evacuate Collection Set: 0.3ms
[2025-03-28T19:52:48.541+0530][gc,phases   ] GC(290)   Merge Heap Roots: 0.3ms
[2025-03-28T19:52:48.541+0530][gc,phases   ] GC(290)   Evacuate Collection Set: 7.9ms
[2025-03-28T19:52:48.541+0530][gc,phases   ] GC(290)   Post Evacuate Collection Set: 0.4ms
[2025-03-28T19:52:48.541+0530][gc,phases   ] GC(290)   Other: 0.1ms
[2025-03-28T19:52:48.541+0530][gc,heap     ] GC(290) Eden regions: 48->0(48)
[2025-03-28T19:52:48.541+0530][gc,heap     ] GC(290) Survivor regions: 3->3(7)
[2025-03-28T19:52:48.541+0530][gc,heap     ] GC(290) Old regions: 153->153
[2025-03-28T19:52:48.541+0530][gc,heap     ] GC(290) Archive regions: 2->2
[2025-03-28T19:52:48.541+0530][gc,heap     ] GC(290) Humongous regions: 149->147
[2025-03-28T19:52:48.541+0530][gc,metaspace] GC(290) Metaspace: 52379K(53120K)->52379K(53120K) NonClass: 46486K(46848K)->46486K(46848K) Class: 5893K(6272K)->5893K(6272K)
[2025-03-28T19:52:48.541+0530][gc          ] GC(290) Pause Young (Normal) (G1 Evacuation Pause) 352M->302M(1024M) 9.196ms
[2025-03-28T19:52:48.542+0530][gc,cpu      ] GC(290) User=0.01s Sys=0.00s Real=0.01s
[2025-03-28T19:52:48.633+0530][gc,start    ] GC(291) Pause Young (Normal) (G1 Evacuation Pause)
[2025-03-28T19:52:48.633+0530][gc,task     ] GC(291) Using 2 workers of 2 for evacuation
[2025-03-28T19:52:48.643+0530][gc,phases   ] GC(291)   Pre Evacuate Collection Set: 0.2ms
[2025-03-28T19:52:48.643+0530][gc,phases   ] GC(291)   Merge Heap Roots: 0.1ms
[2025-03-28T19:52:48.643+0530][gc,phases   ] GC(291)   Evacuate Collection Set: 9.7ms
[2025-03-28T19:52:48.643+0530][gc,phases   ] GC(291)   Post Evacuate Collection Set: 0.8ms
[2025-03-28T19:52:48.643+0530][gc,phases   ] GC(291)   Other: 0.2ms
[2025-03-28T19:52:48.643+0530][gc,heap     ] GC(291) Eden regions: 48->0(44)
[2025-03-28T19:52:48.644+0530][gc,heap     ] GC(291) Survivor regions: 3->7(7)
[2025-03-28T19:52:48.644+0530][gc,heap     ] GC(291) Old regions: 153->154
[2025-03-28T19:52:48.644+0530][gc,heap     ] GC(291) Archive regions: 2->2
[2025-03-28T19:52:48.644+0530][gc,heap     ] GC(291) Humongous regions: 147->147
[2025-03-28T19:52:48.644+0530][gc,metaspace] GC(291) Metaspace: 52379K(53120K)->52379K(53120K) NonClass: 46486K(46848K)->46486K(46848K) Class: 5893K(6272K)->5893K(6272K)
[2025-03-28T19:52:48.644+0530][gc          ] GC(291) Pause Young (Normal) (G1 Evacuation Pause) 350M->308M(1024M) 11.028ms
[2025-03-28T19:52:48.644+0530][gc,cpu      ] GC(291) User=0.02s Sys=0.01s Real=0.01s
[2025-03-28T19:52:49.641+0530][gc,start    ] GC(292) Pause Young (Normal) (G1 Evacuation Pause)
[2025-03-28T19:52:49.642+0530][gc,task     ] GC(292) Using 2 workers of 2 for evacuation
[2025-03-28T19:52:49.654+0530][gc,phases   ] GC(292)   Pre Evacuate Collection Set: 1.5ms
[2025-03-28T19:52:49.655+0530][gc,phases   ] GC(292)   Merge Heap Roots: 0.6ms
[2025-03-28T19:52:49.655+0530][gc,phases   ] GC(292)   Evacuate Collection Set: 9.8ms
[2025-03-28T19:52:49.655+0530][gc,phases   ] GC(292)   Post Evacuate Collection Set: 0.9ms
[2025-03-28T19:52:49.655+0530][gc,phases   ] GC(292)   Other: 0.4ms
[2025-03-28T19:52:49.655+0530][gc,heap     ] GC(292) Eden regions: 44->0(50)
[2025-03-28T19:52:49.655+0530][gc,heap     ] GC(292) Survivor regions: 7->1(7)
[2025-03-28T19:52:49.655+0530][gc,heap     ] GC(292) Old regions: 154->155
[2025-03-28T19:52:49.655+0530][gc,heap     ] GC(292) Archive regions: 2->2
[2025-03-28T19:52:49.655+0530][gc,heap     ] GC(292) Humongous regions: 149->147
[2025-03-28T19:52:49.655+0530][gc,metaspace] GC(292) Metaspace: 52379K(53120K)->52379K(53120K) NonClass: 46486K(46848K)->46486K(46848K) Class: 5893K(6272K)->5893K(6272K)
[2025-03-28T19:52:49.655+0530][gc          ] GC(292) Pause Young (Normal) (G1 Evacuation Pause) 354M->303M(1024M) 13.322ms
[2025-03-28T19:52:49.655+0530][gc,cpu      ] GC(292) User=0.01s Sys=0.00s Real=0.02s
[2025-03-28T19:52:49.716+0530][gc,start    ] GC(293) Pause Young (Normal) (G1 Evacuation Pause)
[2025-03-28T19:52:49.717+0530][gc,task     ] GC(293) Using 2 workers of 2 for evacuation
[2025-03-28T19:52:49.723+0530][gc,phases   ] GC(293)   Pre Evacuate Collection Set: 0.3ms
[2025-03-28T19:52:49.723+0530][gc,phases   ] GC(293)   Merge Heap Roots: 0.1ms
[2025-03-28T19:52:49.723+0530][gc,phases   ] GC(293)   Evacuate Collection Set: 5.5ms
[2025-03-28T19:52:49.723+0530][gc,phases   ] GC(293)   Post Evacuate Collection Set: 0.6ms
[2025-03-28T19:52:49.723+0530][gc,phases   ] GC(293)   Other: 0.2ms
[2025-03-28T19:52:49.723+0530][gc,heap     ] GC(293) Eden regions: 50->0(44)
[2025-03-28T19:52:49.723+0530][gc,heap     ] GC(293) Survivor regions: 1->7(7)
[2025-03-28T19:52:49.723+0530][gc,heap     ] GC(293) Old regions: 155->155
[2025-03-28T19:52:49.723+0530][gc,heap     ] GC(293) Archive regions: 2->2
[2025-03-28T19:52:49.723+0530][gc,heap     ] GC(293) Humongous regions: 147->147
[2025-03-28T19:52:49.723+0530][gc,metaspace] GC(293) Metaspace: 52379K(53120K)->52379K(53120K) NonClass: 46486K(46848K)->46486K(46848K) Class: 5893K(6272K)->5893K(6272K)
[2025-03-28T19:52:49.723+0530][gc          ] GC(293) Pause Young (Normal) (G1 Evacuation Pause) 353M->309M(1024M) 6.717ms
[2025-03-28T19:52:49.723+0530][gc,cpu      ] GC(293) User=0.01s Sys=0.00s Real=0.00s
[2025-03-28T19:52:49.800+0530][gc,start    ] GC(294) Pause Young (Normal) (G1 Evacuation Pause)
[2025-03-28T19:52:49.800+0530][gc,task     ] GC(294) Using 2 workers of 2 for evacuation
[2025-03-28T19:52:49.805+0530][gc,phases   ] GC(294)   Pre Evacuate Collection Set: 0.4ms
[2025-03-28T19:52:49.805+0530][gc,phases   ] GC(294)   Merge Heap Roots: 0.1ms
[2025-03-28T19:52:49.805+0530][gc,phases   ] GC(294)   Evacuate Collection Set: 3.8ms
[2025-03-28T19:52:49.805+0530][gc,phases   ] GC(294)   Post Evacuate Collection Set: 0.5ms
[2025-03-28T19:52:49.805+0530][gc,phases   ] GC(294)   Other: 0.1ms
[2025-03-28T19:52:49.805+0530][gc,heap     ] GC(294) Eden regions: 44->0(66)
[2025-03-28T19:52:49.805+0530][gc,heap     ] GC(294) Survivor regions: 7->2(7)
[2025-03-28T19:52:49.805+0530][gc,heap     ] GC(294) Old regions: 155->156
[2025-03-28T19:52:49.805+0530][gc,heap     ] GC(294) Archive regions: 2->2
[2025-03-28T19:52:49.805+0530][gc,heap     ] GC(294) Humongous regions: 149->149
[2025-03-28T19:52:49.805+0530][gc,metaspace] GC(294) Metaspace: 52379K(53120K)->52379K(53120K) NonClass: 46486K(46848K)->46486K(46848K) Class: 5893K(6272K)->5893K(6272K)
[2025-03-28T19:52:49.805+0530][gc          ] GC(294) Pause Young (Normal) (G1 Evacuation Pause) 355M->307M(1024M) 4.950ms
[2025-03-28T19:52:49.805+0530][gc,cpu      ] GC(294) User=0.01s Sys=0.00s Real=0.02s
[2025-03-28T19:52:53.642+0530][gc,start    ] GC(408) Pause Young (Normal) (G1 Evacuation Pause)
[2025-03-28T19:52:53.642+0530][gc,task     ] GC(408) Using 2 workers of 2 for evacuation
[2025-03-28T19:52:53.666+0530][gc,mmu      ] GC(408) MMU target violated: 21.0ms (20.0ms/21.0ms)
[2025-03-28T19:52:53.666+0530][gc,phases   ] GC(408)   Pre Evacuate Collection Set: 0.2ms
[2025-03-28T19:52:53.666+0530][gc,phases   ] GC(408)   Merge Heap Roots: 1.2ms
[2025-03-28T19:52:53.666+0530][gc,phases   ] GC(408)   Evacuate Collection Set: 21.7ms
[2025-03-28T19:52:53.666+0530][gc,phases   ] GC(408)   Post Evacuate Collection Set: 0.7ms
[2025-03-28T19:52:53.666+0530][gc,phases   ] GC(408)   Other: 0.2ms
[2025-03-28T19:52:53.666+0530][gc,heap     ] GC(408) Eden regions: 331->0(226)
[2025-03-28T19:52:53.666+0530][gc,heap     ] GC(408) Survivor regions: 5->8(42)
[2025-03-28T19:52:53.666+0530][gc,heap     ] GC(408) Old regions: 77->77
[2025-03-28T19:52:53.666+0530][gc,heap     ] GC(408) Archive regions: 2->2
[2025-03-28T19:52:53.666+0530][gc,heap     ] GC(408) Humongous regions: 153->147
[2025-03-28T19:52:53.666+0530][gc,metaspace] GC(408) Metaspace: 51986K(52672K)->51986K(52672K) NonClass: 46189K(46528K)->46189K(46528K) Class: 5796K(6144K)->5796K(6144K)
[2025-03-28T19:52:53.666+0530][gc          ] GC(408) Pause Young (Normal) (G1 Evacuation Pause) 566M->232M(1024M) 24.028ms
[2025-03-28T19:52:53.666+0530][gc,cpu      ] GC(408) User=0.02s Sys=0.00s Real=0.03s
[2025-03-28T19:52:57.270+0530][gc,start    ] GC(295) Pause Young (Normal) (G1 Evacuation Pause)
[2025-03-28T19:52:57.270+0530][gc,task     ] GC(295) Using 2 workers of 2 for evacuation
[2025-03-28T19:52:57.278+0530][gc,phases   ] GC(295)   Pre Evacuate Collection Set: 0.1ms
[2025-03-28T19:52:57.278+0530][gc,phases   ] GC(295)   Merge Heap Roots: 0.2ms
[2025-03-28T19:52:57.278+0530][gc,phases   ] GC(295)   Evacuate Collection Set: 7.2ms
[2025-03-28T19:52:57.278+0530][gc,phases   ] GC(295)   Post Evacuate Collection Set: 0.5ms
[2025-03-28T19:52:57.278+0530][gc,phases   ] GC(295)   Other: 0.1ms
[2025-03-28T19:52:57.278+0530][gc,heap     ] GC(295) Eden regions: 66->0(53)
[2025-03-28T19:52:57.278+0530][gc,heap     ] GC(295) Survivor regions: 2->8(9)
[2025-03-28T19:52:57.278+0530][gc,heap     ] GC(295) Old regions: 156->156
[2025-03-28T19:52:57.278+0530][gc,heap     ] GC(295) Archive regions: 2->2
[2025-03-28T19:52:57.278+0530][gc,heap     ] GC(295) Humongous regions: 149->147
[2025-03-28T19:52:57.278+0530][gc,metaspace] GC(295) Metaspace: 52379K(53120K)->52379K(53120K) NonClass: 46486K(46848K)->46486K(46848K) Class: 5893K(6272K)->5893K(6272K)
[2025-03-28T19:52:57.278+0530][gc          ] GC(295) Pause Young (Normal) (G1 Evacuation Pause) 373M->310M(1024M) 8.226ms
[2025-03-28T19:52:57.278+0530][gc,cpu      ] GC(295) User=0.01s Sys=0.00s Real=0.01s
[2025-03-28T19:52:59.607+0530][gc,start    ] GC(296) Pause Young (Normal) (G1 Evacuation Pause)
[2025-03-28T19:52:59.607+0530][gc,task     ] GC(296) Using 2 workers of 2 for evacuation
[2025-03-28T19:52:59.615+0530][gc,phases   ] GC(296)   Pre Evacuate Collection Set: 0.2ms
[2025-03-28T19:52:59.616+0530][gc,phases   ] GC(296)   Merge Heap Roots: 0.1ms
[2025-03-28T19:52:59.616+0530][gc,phases   ] GC(296)   Evacuate Collection Set: 7.5ms
[2025-03-28T19:52:59.616+0530][gc,phases   ] GC(296)   Post Evacuate Collection Set: 0.4ms
[2025-03-28T19:52:59.616+0530][gc,phases   ] GC(296)   Other: 0.1ms
[2025-03-28T19:52:59.616+0530][gc,heap     ] GC(296) Eden regions: 53->0(135)
[2025-03-28T19:52:59.616+0530][gc,heap     ] GC(296) Survivor regions: 8->1(8)
[2025-03-28T19:52:59.616+0530][gc,heap     ] GC(296) Old regions: 156->156
[2025-03-28T19:52:59.616+0530][gc,heap     ] GC(296) Archive regions: 2->2
[2025-03-28T19:52:59.616+0530][gc,heap     ] GC(296) Humongous regions: 149->147
[2025-03-28T19:52:59.616+0530][gc,metaspace] GC(296) Metaspace: 52438K(53184K)->52438K(53184K) NonClass: 46545K(46912K)->46545K(46912K) Class: 5893K(6272K)->5893K(6272K)
[2025-03-28T19:52:59.616+0530][gc          ] GC(296) Pause Young (Normal) (G1 Evacuation Pause) 365M->304M(1024M) 8.419ms
[2025-03-28T19:52:59.616+0530][gc,cpu      ] GC(296) User=0.01s Sys=0.00s Real=0.01s
[2025-03-28T19:53:03.651+0530][gc,start    ] GC(409) Pause Young (Normal) (G1 Evacuation Pause)
[2025-03-28T19:53:03.651+0530][gc,task     ] GC(409) Using 2 workers of 2 for evacuation
[2025-03-28T19:53:03.664+0530][gc,phases   ] GC(409)   Pre Evacuate Collection Set: 0.5ms
[2025-03-28T19:53:03.664+0530][gc,phases   ] GC(409)   Merge Heap Roots: 0.2ms
[2025-03-28T19:53:03.664+0530][gc,phases   ] GC(409)   Evacuate Collection Set: 11.9ms
[2025-03-28T19:53:03.664+0530][gc,phases   ] GC(409)   Post Evacuate Collection Set: 0.6ms
[2025-03-28T19:53:03.664+0530][gc,phases   ] GC(409)   Other: 0.2ms
[2025-03-28T19:53:03.664+0530][gc,heap     ] GC(409) Eden regions: 226->0(610)
[2025-03-28T19:53:03.664+0530][gc,heap     ] GC(409) Survivor regions: 8->4(30)
[2025-03-28T19:53:03.664+0530][gc,heap     ] GC(409) Old regions: 77->77
[2025-03-28T19:53:03.664+0530][gc,heap     ] GC(409) Archive regions: 2->2
[2025-03-28T19:53:03.664+0530][gc,heap     ] GC(409) Humongous regions: 153->149
[2025-03-28T19:53:03.664+0530][gc,metaspace] GC(409) Metaspace: 51986K(52672K)->51986K(52672K) NonClass: 46189K(46528K)->46189K(46528K) Class: 5796K(6144K)->5796K(6144K)
[2025-03-28T19:53:03.664+0530][gc          ] GC(409) Pause Young (Normal) (G1 Evacuation Pause) 464M->230M(1024M) 13.472ms
[2025-03-28T19:53:03.664+0530][gc,cpu      ] GC(409) User=0.02s Sys=0.00s Real=0.02s
[2025-03-28T19:53:08.217+0530][gc,start    ] GC(297) Pause Young (Normal) (G1 Evacuation Pause)
[2025-03-28T19:53:08.217+0530][gc,task     ] GC(297) Using 2 workers of 2 for evacuation
[2025-03-28T19:53:08.231+0530][gc,phases   ] GC(297)   Pre Evacuate Collection Set: 0.2ms
[2025-03-28T19:53:08.231+0530][gc,phases   ] GC(297)   Merge Heap Roots: 0.1ms
[2025-03-28T19:53:08.231+0530][gc,phases   ] GC(297)   Evacuate Collection Set: 13.5ms
[2025-03-28T19:53:08.231+0530][gc,phases   ] GC(297)   Post Evacuate Collection Set: 0.6ms
[2025-03-28T19:53:08.231+0530][gc,phases   ] GC(297)   Other: 0.1ms
[2025-03-28T19:53:08.231+0530][gc,heap     ] GC(297) Eden regions: 135->0(176)
[2025-03-28T19:53:08.231+0530][gc,heap     ] GC(297) Survivor regions: 1->4(17)
[2025-03-28T19:53:08.231+0530][gc,heap     ] GC(297) Old regions: 156->156
[2025-03-28T19:53:08.231+0530][gc,heap     ] GC(297) Archive regions: 2->2
[2025-03-28T19:53:08.231+0530][gc,heap     ] GC(297) Humongous regions: 149->147
[2025-03-28T19:53:08.231+0530][gc,metaspace] GC(297) Metaspace: 52443K(53184K)->52443K(53184K) NonClass: 46550K(46912K)->46550K(46912K) Class: 5893K(6272K)->5893K(6272K)
[2025-03-28T19:53:08.231+0530][gc          ] GC(297) Pause Young (Normal) (G1 Evacuation Pause) 441M->307M(1024M) 14.708ms
[2025-03-28T19:53:08.231+0530][gc,cpu      ] GC(297) User=0.01s Sys=0.00s Real=0.02s
[2025-03-28T19:53:09.848+0530][gc,start    ] GC(298) Pause Young (Normal) (G1 Evacuation Pause)
[2025-03-28T19:53:09.848+0530][gc,task     ] GC(298) Using 2 workers of 2 for evacuation
[2025-03-28T19:53:09.860+0530][gc,phases   ] GC(298)   Pre Evacuate Collection Set: 0.3ms
[2025-03-28T19:53:09.860+0530][gc,phases   ] GC(298)   Merge Heap Roots: 0.1ms
[2025-03-28T19:53:09.860+0530][gc,phases   ] GC(298)   Evacuate Collection Set: 9.8ms
[2025-03-28T19:53:09.860+0530][gc,phases   ] GC(298)   Post Evacuate Collection Set: 1.6ms
[2025-03-28T19:53:09.860+0530][gc,phases   ] GC(298)   Other: 0.1ms
[2025-03-28T19:53:09.860+0530][gc,heap     ] GC(298) Eden regions: 176->0(140)
[2025-03-28T19:53:09.860+0530][gc,heap     ] GC(298) Survivor regions: 4->3(23)
[2025-03-28T19:53:09.860+0530][gc,heap     ] GC(298) Old regions: 156->156
[2025-03-28T19:53:09.860+0530][gc,heap     ] GC(298) Archive regions: 2->2
[2025-03-28T19:53:09.860+0530][gc,heap     ] GC(298) Humongous regions: 151->149
[2025-03-28T19:53:09.860+0530][gc,metaspace] GC(298) Metaspace: 52446K(53184K)->52446K(53184K) NonClass: 46552K(46912K)->46552K(46912K) Class: 5893K(6272K)->5893K(6272K)
[2025-03-28T19:53:09.860+0530][gc          ] GC(298) Pause Young (Normal) (G1 Evacuation Pause) 487M->308M(1024M) 11.952ms
[2025-03-28T19:53:09.860+0530][gc,cpu      ] GC(298) User=0.01s Sys=0.00s Real=0.02s
[2025-03-28T19:53:12.669+0530][gc,start    ] GC(410) Pause Young (Concurrent Start) (G1 Humongous Allocation)
[2025-03-28T19:53:12.669+0530][gc,task     ] GC(410) Using 2 workers of 2 for evacuation
[2025-03-28T19:53:12.702+0530][gc,mmu      ] GC(410) MMU target violated: 21.0ms (20.0ms/21.0ms)
[2025-03-28T19:53:12.703+0530][gc,phases   ] GC(410)   Pre Evacuate Collection Set: 0.3ms
[2025-03-28T19:53:12.703+0530][gc,phases   ] GC(410)   Merge Heap Roots: 0.1ms
[2025-03-28T19:53:12.703+0530][gc,phases   ] GC(410)   Evacuate Collection Set: 32.0ms
[2025-03-28T19:53:12.703+0530][gc,phases   ] GC(410)   Post Evacuate Collection Set: 0.5ms
[2025-03-28T19:53:12.703+0530][gc,phases   ] GC(410)   Other: 0.3ms
[2025-03-28T19:53:12.703+0530][gc,heap     ] GC(410) Eden regions: 99->0(610)
[2025-03-28T19:53:12.703+0530][gc,heap     ] GC(410) Survivor regions: 4->4(77)
[2025-03-28T19:53:12.703+0530][gc,heap     ] GC(410) Old regions: 77->77
[2025-03-28T19:53:12.703+0530][gc,heap     ] GC(410) Archive regions: 2->2
[2025-03-28T19:53:12.703+0530][gc,heap     ] GC(410) Humongous regions: 149->147
[2025-03-28T19:53:12.703+0530][gc,metaspace] GC(410) Metaspace: 51986K(52672K)->51986K(52672K) NonClass: 46189K(46528K)->46189K(46528K) Class: 5796K(6144K)->5796K(6144K)
[2025-03-28T19:53:12.703+0530][gc          ] GC(410) Pause Young (Concurrent Start) (G1 Humongous Allocation) 328M->228M(1024M) 33.267ms
[2025-03-28T19:53:12.703+0530][gc,cpu      ] GC(410) User=0.01s Sys=0.00s Real=0.02s
[2025-03-28T19:53:12.703+0530][gc          ] GC(411) Concurrent Mark Cycle
[2025-03-28T19:53:12.703+0530][gc,marking  ] GC(411) Concurrent Clear Claimed Marks
[2025-03-28T19:53:12.703+0530][gc,marking  ] GC(411) Concurrent Clear Claimed Marks 0.080ms
[2025-03-28T19:53:12.703+0530][gc,marking  ] GC(411) Concurrent Scan Root Regions
[2025-03-28T19:53:12.745+0530][gc,marking  ] GC(411) Concurrent Scan Root Regions 42.367ms
[2025-03-28T19:53:12.745+0530][gc,marking  ] GC(411) Concurrent Mark
[2025-03-28T19:53:12.745+0530][gc,marking  ] GC(411) Concurrent Mark From Roots
[2025-03-28T19:53:12.745+0530][gc,task     ] GC(411) Using 1 workers of 1 for marking
[2025-03-28T19:53:12.907+0530][gc,marking  ] GC(411) Concurrent Mark From Roots 161.593ms
[2025-03-28T19:53:12.907+0530][gc,marking  ] GC(411) Concurrent Preclean
[2025-03-28T19:53:12.907+0530][gc,marking  ] GC(411) Concurrent Preclean 0.147ms
[2025-03-28T19:53:12.908+0530][gc,start    ] GC(411) Pause Remark
[2025-03-28T19:53:12.932+0530][gc,mmu      ] GC(411) MMU target violated: 21.0ms (20.0ms/21.0ms)
[2025-03-28T19:53:12.933+0530][gc          ] GC(411) Pause Remark 268M->268M(1024M) 24.431ms
[2025-03-28T19:53:12.933+0530][gc,cpu      ] GC(411) User=0.02s Sys=0.00s Real=0.02s
[2025-03-28T19:53:12.933+0530][gc,marking  ] GC(411) Concurrent Mark 187.713ms
[2025-03-28T19:53:12.933+0530][gc,marking  ] GC(411) Concurrent Rebuild Remembered Sets
[2025-03-28T19:53:12.991+0530][gc,marking  ] GC(411) Concurrent Rebuild Remembered Sets 57.794ms
[2025-03-28T19:53:12.991+0530][gc,start    ] GC(411) Pause Cleanup
[2025-03-28T19:53:12.991+0530][gc          ] GC(411) Pause Cleanup 269M->269M(1024M) 0.234ms
[2025-03-28T19:53:12.991+0530][gc,cpu      ] GC(411) User=0.00s Sys=0.00s Real=0.00s
[2025-03-28T19:53:12.991+0530][gc,marking  ] GC(411) Concurrent Cleanup for Next Mark
[2025-03-28T19:53:12.993+0530][gc,marking  ] GC(411) Concurrent Cleanup for Next Mark 1.695ms
[2025-03-28T19:53:12.993+0530][gc          ] GC(411) Concurrent Mark Cycle 290.208ms
[2025-03-28T19:53:19.656+0530][gc,start    ] GC(299) Pause Young (Normal) (G1 Evacuation Pause)
[2025-03-28T19:53:19.656+0530][gc,task     ] GC(299) Using 2 workers of 2 for evacuation
[2025-03-28T19:53:19.668+0530][gc,phases   ] GC(299)   Pre Evacuate Collection Set: 0.2ms
[2025-03-28T19:53:19.668+0530][gc,phases   ] GC(299)   Merge Heap Roots: 0.1ms
[2025-03-28T19:53:19.668+0530][gc,phases   ] GC(299)   Evacuate Collection Set: 4.7ms
[2025-03-28T19:53:19.668+0530][gc,phases   ] GC(299)   Post Evacuate Collection Set: 6.2ms
[2025-03-28T19:53:19.668+0530][gc,phases   ] GC(299)   Other: 0.2ms
[2025-03-28T19:53:19.668+0530][gc,heap     ] GC(299) Eden regions: 129->0(169)
[2025-03-28T19:53:19.668+0530][gc,heap     ] GC(299) Survivor regions: 3->3(17)
[2025-03-28T19:53:19.668+0530][gc,heap     ] GC(299) Old regions: 156->156
[2025-03-28T19:53:19.668+0530][gc,heap     ] GC(299) Archive regions: 2->2
[2025-03-28T19:53:19.668+0530][gc,heap     ] GC(299) Humongous regions: 151->147
[2025-03-28T19:53:19.668+0530][gc,metaspace] GC(299) Metaspace: 52491K(53184K)->52491K(53184K) NonClass: 46597K(46912K)->46597K(46912K) Class: 5893K(6272K)->5893K(6272K)
[2025-03-28T19:53:19.668+0530][gc          ] GC(299) Pause Young (Normal) (G1 Evacuation Pause) 439M->306M(1024M) 11.670ms
[2025-03-28T19:53:19.668+0530][gc,cpu      ] GC(299) User=0.01s Sys=0.00s Real=0.02s
[2025-03-28T19:53:28.649+0530][gc,start    ] GC(300) Pause Young (Normal) (G1 Evacuation Pause)
[2025-03-28T19:53:28.650+0530][gc,task     ] GC(300) Using 2 workers of 2 for evacuation
[2025-03-28T19:53:28.658+0530][gc,phases   ] GC(300)   Pre Evacuate Collection Set: 0.4ms
[2025-03-28T19:53:28.658+0530][gc,phases   ] GC(300)   Merge Heap Roots: 0.3ms
[2025-03-28T19:53:28.658+0530][gc,phases   ] GC(300)   Evacuate Collection Set: 7.1ms
[2025-03-28T19:53:28.658+0530][gc,phases   ] GC(300)   Post Evacuate Collection Set: 0.6ms
[2025-03-28T19:53:28.658+0530][gc,phases   ] GC(300)   Other: 0.2ms
[2025-03-28T19:53:28.658+0530][gc,heap     ] GC(300) Eden regions: 169->0(251)
[2025-03-28T19:53:28.658+0530][gc,heap     ] GC(300) Survivor regions: 3->3(22)
[2025-03-28T19:53:28.658+0530][gc,heap     ] GC(300) Old regions: 156->156
[2025-03-28T19:53:28.658+0530][gc,heap     ] GC(300) Archive regions: 2->2
[2025-03-28T19:53:28.658+0530][gc,heap     ] GC(300) Humongous regions: 151->149
[2025-03-28T19:53:28.658+0530][gc,metaspace] GC(300) Metaspace: 52502K(53248K)->52502K(53248K) NonClass: 46609K(46976K)->46609K(46976K) Class: 5893K(6272K)->5893K(6272K)
[2025-03-28T19:53:28.658+0530][gc          ] GC(300) Pause Young (Normal) (G1 Evacuation Pause) 479M->308M(1024M) 8.711ms
[2025-03-28T19:53:28.658+0530][gc,cpu      ] GC(300) User=0.02s Sys=0.00s Real=0.01s
[2025-03-28T19:53:39.617+0530][gc,start    ] GC(301) Pause Young (Normal) (G1 Evacuation Pause)
[2025-03-28T19:53:39.637+0530][gc,task     ] GC(301) Using 2 workers of 2 for evacuation
[2025-03-28T19:53:39.673+0530][gc,mmu      ] GC(301) MMU target violated: 21.0ms (20.0ms/21.0ms)
[2025-03-28T19:53:39.673+0530][gc,phases   ] GC(301)   Pre Evacuate Collection Set: 0.5ms
[2025-03-28T19:53:39.673+0530][gc,phases   ] GC(301)   Merge Heap Roots: 0.4ms
[2025-03-28T19:53:39.673+0530][gc,phases   ] GC(301)   Evacuate Collection Set: 17.2ms
[2025-03-28T19:53:39.673+0530][gc,phases   ] GC(301)   Post Evacuate Collection Set: 17.8ms
[2025-03-28T19:53:39.673+0530][gc,phases   ] GC(301)   Other: 19.8ms
[2025-03-28T19:53:39.673+0530][gc,heap     ] GC(301) Eden regions: 251->0(53)
[2025-03-28T19:53:39.673+0530][gc,heap     ] GC(301) Survivor regions: 3->2(32)
[2025-03-28T19:53:39.673+0530][gc,heap     ] GC(301) Old regions: 156->156
[2025-03-28T19:53:39.673+0530][gc,heap     ] GC(301) Archive regions: 2->2
[2025-03-28T19:53:39.673+0530][gc,heap     ] GC(301) Humongous regions: 153->147
[2025-03-28T19:53:39.673+0530][gc,metaspace] GC(301) Metaspace: 52518K(53248K)->52518K(53248K) NonClass: 46625K(46976K)->46625K(46976K) Class: 5893K(6272K)->5893K(6272K)
[2025-03-28T19:53:39.673+0530][gc          ] GC(301) Pause Young (Normal) (G1 Evacuation Pause) 563M->305M(1024M) 55.811ms
[2025-03-28T19:53:39.673+0530][gc,cpu      ] GC(301) User=0.01s Sys=0.00s Real=0.05s
[2025-03-28T19:53:39.802+0530][gc,start    ] GC(302) Pause Young (Normal) (G1 Evacuation Pause)
[2025-03-28T19:53:39.802+0530][gc,task     ] GC(302) Using 2 workers of 2 for evacuation
[2025-03-28T19:53:39.812+0530][gc,phases   ] GC(302)   Pre Evacuate Collection Set: 0.2ms
[2025-03-28T19:53:39.812+0530][gc,phases   ] GC(302)   Merge Heap Roots: 0.1ms
[2025-03-28T19:53:39.812+0530][gc,phases   ] GC(302)   Evacuate Collection Set: 9.2ms
[2025-03-28T19:53:39.812+0530][gc,phases   ] GC(302)   Post Evacuate Collection Set: 0.5ms
[2025-03-28T19:53:39.812+0530][gc,phases   ] GC(302)   Other: 0.1ms
[2025-03-28T19:53:39.812+0530][gc,heap     ] GC(302) Eden regions: 53->0(44)
[2025-03-28T19:53:39.812+0530][gc,heap     ] GC(302) Survivor regions: 2->7(7)
[2025-03-28T19:53:39.812+0530][gc,heap     ] GC(302) Old regions: 156->157
[2025-03-28T19:53:39.812+0530][gc,heap     ] GC(302) Archive regions: 2->2
[2025-03-28T19:53:39.812+0530][gc,heap     ] GC(302) Humongous regions: 147->147
[2025-03-28T19:53:39.812+0530][gc,metaspace] GC(302) Metaspace: 52518K(53248K)->52518K(53248K) NonClass: 46625K(46976K)->46625K(46976K) Class: 5893K(6272K)->5893K(6272K)
[2025-03-28T19:53:39.812+0530][gc          ] GC(302) Pause Young (Normal) (G1 Evacuation Pause) 358M->311M(1024M) 10.210ms
[2025-03-28T19:53:39.812+0530][gc,cpu      ] GC(302) User=0.01s Sys=0.00s Real=0.00s
[2025-03-28T19:53:39.885+0530][gc,start    ] GC(303) Pause Young (Normal) (G1 Evacuation Pause)
[2025-03-28T19:53:39.885+0530][gc,task     ] GC(303) Using 2 workers of 2 for evacuation
[2025-03-28T19:53:39.900+0530][gc,phases   ] GC(303)   Pre Evacuate Collection Set: 0.2ms
[2025-03-28T19:53:39.900+0530][gc,phases   ] GC(303)   Merge Heap Roots: 0.1ms
[2025-03-28T19:53:39.900+0530][gc,phases   ] GC(303)   Evacuate Collection Set: 11.3ms
[2025-03-28T19:53:39.900+0530][gc,phases   ] GC(303)   Post Evacuate Collection Set: 3.2ms
[2025-03-28T19:53:39.900+0530][gc,phases   ] GC(303)   Other: 0.2ms
[2025-03-28T19:53:39.900+0530][gc,heap     ] GC(303) Eden regions: 44->0(63)
[2025-03-28T19:53:39.900+0530][gc,heap     ] GC(303) Survivor regions: 7->1(7)
[2025-03-28T19:53:39.900+0530][gc,heap     ] GC(303) Old regions: 157->164
[2025-03-28T19:53:39.900+0530][gc,heap     ] GC(303) Archive regions: 2->2
[2025-03-28T19:53:39.900+0530][gc,heap     ] GC(303) Humongous regions: 149->149
[2025-03-28T19:53:39.900+0530][gc,metaspace] GC(303) Metaspace: 52518K(53248K)->52518K(53248K) NonClass: 46625K(46976K)->46625K(46976K) Class: 5893K(6272K)->5893K(6272K)
[2025-03-28T19:53:39.901+0530][gc          ] GC(303) Pause Young (Normal) (G1 Evacuation Pause) 357M->314M(1024M) 15.439ms
[2025-03-28T19:53:39.901+0530][gc,cpu      ] GC(303) User=0.02s Sys=0.00s Real=0.01s
[2025-03-28T19:53:42.432+0530][gc,start    ] GC(412) Pause Young (Prepare Mixed) (G1 Evacuation Pause)
[2025-03-28T19:53:42.432+0530][gc,task     ] GC(412) Using 2 workers of 2 for evacuation
[2025-03-28T19:53:42.459+0530][gc,mmu      ] GC(412) MMU target violated: 21.0ms (20.0ms/21.0ms)
[2025-03-28T19:53:42.459+0530][gc,phases   ] GC(412)   Pre Evacuate Collection Set: 0.3ms
[2025-03-28T19:53:42.459+0530][gc,phases   ] GC(412)   Merge Heap Roots: 0.3ms
[2025-03-28T19:53:42.459+0530][gc,phases   ] GC(412)   Evacuate Collection Set: 18.5ms
[2025-03-28T19:53:42.459+0530][gc,phases   ] GC(412)   Post Evacuate Collection Set: 7.5ms
[2025-03-28T19:53:42.459+0530][gc,phases   ] GC(412)   Other: 0.8ms
[2025-03-28T19:53:42.459+0530][gc,heap     ] GC(412) Eden regions: 610->0(44)
[2025-03-28T19:53:42.459+0530][gc,heap     ] GC(412) Survivor regions: 4->7(77)
[2025-03-28T19:53:42.459+0530][gc,heap     ] GC(412) Old regions: 77->77
[2025-03-28T19:53:42.459+0530][gc,heap     ] GC(412) Archive regions: 2->2
[2025-03-28T19:53:42.459+0530][gc,heap     ] GC(412) Humongous regions: 159->147
[2025-03-28T19:53:42.459+0530][gc,metaspace] GC(412) Metaspace: 52019K(52672K)->52019K(52672K) NonClass: 46223K(46528K)->46223K(46528K) Class: 5796K(6144K)->5796K(6144K)
[2025-03-28T19:53:42.459+0530][gc          ] GC(412) Pause Young (Prepare Mixed) (G1 Evacuation Pause) 850M->231M(1024M) 27.448ms
[2025-03-28T19:53:42.459+0530][gc,cpu      ] GC(412) User=0.02s Sys=0.00s Real=0.03s
[2025-03-28T19:53:42.546+0530][gc,start    ] GC(413) Pause Young (Mixed) (G1 Evacuation Pause)
[2025-03-28T19:53:42.546+0530][gc,task     ] GC(413) Using 2 workers of 2 for evacuation
[2025-03-28T19:53:42.571+0530][gc,mmu      ] GC(413) MMU target violated: 21.0ms (20.0ms/21.0ms)
[2025-03-28T19:53:42.571+0530][gc,phases   ] GC(413)   Pre Evacuate Collection Set: 0.2ms
[2025-03-28T19:53:42.571+0530][gc,phases   ] GC(413)   Merge Heap Roots: 0.1ms
[2025-03-28T19:53:42.571+0530][gc,phases   ] GC(413)   Evacuate Collection Set: 24.2ms
[2025-03-28T19:53:42.571+0530][gc,phases   ] GC(413)   Post Evacuate Collection Set: 0.4ms
[2025-03-28T19:53:42.571+0530][gc,phases   ] GC(413)   Other: 0.2ms
[2025-03-28T19:53:42.571+0530][gc,heap     ] GC(413) Eden regions: 44->0(107)
[2025-03-28T19:53:42.571+0530][gc,heap     ] GC(413) Survivor regions: 7->2(7)
[2025-03-28T19:53:42.571+0530][gc,heap     ] GC(413) Old regions: 77->73
[2025-03-28T19:53:42.571+0530][gc,heap     ] GC(413) Archive regions: 2->2
[2025-03-28T19:53:42.571+0530][gc,heap     ] GC(413) Humongous regions: 149->149
[2025-03-28T19:53:42.571+0530][gc,metaspace] GC(413) Metaspace: 52019K(52672K)->52019K(52672K) NonClass: 46223K(46528K)->46223K(46528K) Class: 5796K(6144K)->5796K(6144K)
[2025-03-28T19:53:42.571+0530][gc          ] GC(413) Pause Young (Mixed) (G1 Evacuation Pause) 277M->224M(1024M) 25.167ms
[2025-03-28T19:53:42.571+0530][gc,cpu      ] GC(413) User=0.03s Sys=0.00s Real=0.03s
[2025-03-28T19:53:43.615+0530][gc,start    ] GC(414) Pause Young (Normal) (G1 Evacuation Pause)
[2025-03-28T19:53:43.615+0530][gc,task     ] GC(414) Using 2 workers of 2 for evacuation
[2025-03-28T19:53:43.621+0530][gc,phases   ] GC(414)   Pre Evacuate Collection Set: 0.3ms
[2025-03-28T19:53:43.621+0530][gc,phases   ] GC(414)   Merge Heap Roots: 0.1ms
[2025-03-28T19:53:43.621+0530][gc,phases   ] GC(414)   Evacuate Collection Set: 4.0ms
[2025-03-28T19:53:43.621+0530][gc,phases   ] GC(414)   Post Evacuate Collection Set: 0.6ms
[2025-03-28T19:53:43.621+0530][gc,phases   ] GC(414)   Other: 0.1ms
[2025-03-28T19:53:43.621+0530][gc,heap     ] GC(414) Eden regions: 107->0(373)
[2025-03-28T19:53:43.621+0530][gc,heap     ] GC(414) Survivor regions: 2->3(14)
[2025-03-28T19:53:43.621+0530][gc,heap     ] GC(414) Old regions: 73->73
[2025-03-28T19:53:43.621+0530][gc,heap     ] GC(414) Archive regions: 2->2
[2025-03-28T19:53:43.621+0530][gc,heap     ] GC(414) Humongous regions: 151->149
[2025-03-28T19:53:43.621+0530][gc,metaspace] GC(414) Metaspace: 52021K(52672K)->52021K(52672K) NonClass: 46224K(46528K)->46224K(46528K) Class: 5796K(6144K)->5796K(6144K)
[2025-03-28T19:53:43.621+0530][gc          ] GC(414) Pause Young (Normal) (G1 Evacuation Pause) 333M->224M(1024M) 5.232ms
[2025-03-28T19:53:43.621+0530][gc,cpu      ] GC(414) User=0.01s Sys=0.00s Real=0.01s
[2025-03-28T19:53:48.622+0530][gc,start    ] GC(304) Pause Young (Normal) (G1 Evacuation Pause)
[2025-03-28T19:53:48.622+0530][gc,task     ] GC(304) Using 2 workers of 2 for evacuation
[2025-03-28T19:53:48.643+0530][gc,mmu      ] GC(304) MMU target violated: 20.1ms (20.0ms/21.0ms)
[2025-03-28T19:53:48.643+0530][gc,phases   ] GC(304)   Pre Evacuate Collection Set: 0.4ms
[2025-03-28T19:53:48.643+0530][gc,phases   ] GC(304)   Merge Heap Roots: 0.1ms
[2025-03-28T19:53:48.643+0530][gc,phases   ] GC(304)   Evacuate Collection Set: 18.7ms
[2025-03-28T19:53:48.643+0530][gc,phases   ] GC(304)   Post Evacuate Collection Set: 0.8ms
[2025-03-28T19:53:48.643+0530][gc,phases   ] GC(304)   Other: 0.2ms
[2025-03-28T19:53:48.643+0530][gc,heap     ] GC(304) Eden regions: 63->0(43)
[2025-03-28T19:53:48.643+0530][gc,heap     ] GC(304) Survivor regions: 1->8(8)
[2025-03-28T19:53:48.643+0530][gc,heap     ] GC(304) Old regions: 164->164
[2025-03-28T19:53:48.643+0530][gc,heap     ] GC(304) Archive regions: 2->2
[2025-03-28T19:53:48.643+0530][gc,heap     ] GC(304) Humongous regions: 149->147
[2025-03-28T19:53:48.643+0530][gc,metaspace] GC(304) Metaspace: 52524K(53248K)->52524K(53248K) NonClass: 46630K(46976K)->46630K(46976K) Class: 5893K(6272K)->5893K(6272K)
[2025-03-28T19:53:48.643+0530][gc          ] GC(304) Pause Young (Normal) (G1 Evacuation Pause) 377M->319M(1024M) 20.343ms
[2025-03-28T19:53:48.643+0530][gc,cpu      ] GC(304) User=0.02s Sys=0.00s Real=0.02s
[2025-03-28T19:53:48.704+0530][gc,start    ] GC(305) Pause Young (Normal) (G1 Evacuation Pause)
[2025-03-28T19:53:48.704+0530][gc,task     ] GC(305) Using 2 workers of 2 for evacuation
[2025-03-28T19:53:48.725+0530][gc,mmu      ] GC(305) MMU target violated: 21.0ms (20.0ms/21.0ms)
[2025-03-28T19:53:48.725+0530][gc,phases   ] GC(305)   Pre Evacuate Collection Set: 5.2ms
[2025-03-28T19:53:48.725+0530][gc,phases   ] GC(305)   Merge Heap Roots: 0.1ms
[2025-03-28T19:53:48.725+0530][gc,phases   ] GC(305)   Evacuate Collection Set: 15.8ms
[2025-03-28T19:53:48.725+0530][gc,phases   ] GC(305)   Post Evacuate Collection Set: 0.5ms
[2025-03-28T19:53:48.725+0530][gc,phases   ] GC(305)   Other: 0.2ms
[2025-03-28T19:53:48.725+0530][gc,heap     ] GC(305) Eden regions: 43->0(76)
[2025-03-28T19:53:48.725+0530][gc,heap     ] GC(305) Survivor regions: 8->1(7)
[2025-03-28T19:53:48.725+0530][gc,heap     ] GC(305) Old regions: 164->167
[2025-03-28T19:53:48.725+0530][gc,heap     ] GC(305) Archive regions: 2->2
[2025-03-28T19:53:48.725+0530][gc,heap     ] GC(305) Humongous regions: 149->149
[2025-03-28T19:53:48.725+0530][gc,metaspace] GC(305) Metaspace: 52524K(53248K)->52524K(53248K) NonClass: 46630K(46976K)->46630K(46976K) Class: 5893K(6272K)->5893K(6272K)
[2025-03-28T19:53:48.725+0530][gc          ] GC(305) Pause Young (Normal) (G1 Evacuation Pause) 364M->317M(1024M) 21.882ms
[2025-03-28T19:53:48.725+0530][gc,cpu      ] GC(305) User=0.01s Sys=0.01s Real=0.03s
[2025-03-28T19:53:49.750+0530][gc,start    ] GC(306) Pause Young (Normal) (G1 Evacuation Pause)
[2025-03-28T19:53:49.750+0530][gc,task     ] GC(306) Using 2 workers of 2 for evacuation
[2025-03-28T19:53:49.756+0530][gc,phases   ] GC(306)   Pre Evacuate Collection Set: 0.4ms
[2025-03-28T19:53:49.756+0530][gc,phases   ] GC(306)   Merge Heap Roots: 0.2ms
[2025-03-28T19:53:49.756+0530][gc,phases   ] GC(306)   Evacuate Collection Set: 5.1ms
[2025-03-28T19:53:49.756+0530][gc,phases   ] GC(306)   Post Evacuate Collection Set: 0.5ms
[2025-03-28T19:53:49.756+0530][gc,phases   ] GC(306)   Other: 0.1ms
[2025-03-28T19:53:49.756+0530][gc,heap     ] GC(306) Eden regions: 76->0(100)
[2025-03-28T19:53:49.756+0530][gc,heap     ] GC(306) Survivor regions: 1->3(10)
[2025-03-28T19:53:49.756+0530][gc,heap     ] GC(306) Old regions: 167->167
[2025-03-28T19:53:49.756+0530][gc,heap     ] GC(306) Archive regions: 2->2
[2025-03-28T19:53:49.756+0530][gc,heap     ] GC(306) Humongous regions: 151->149
[2025-03-28T19:53:49.756+0530][gc,metaspace] GC(306) Metaspace: 52524K(53248K)->52524K(53248K) NonClass: 46630K(46976K)->46630K(46976K) Class: 5893K(6272K)->5893K(6272K)
[2025-03-28T19:53:49.756+0530][gc          ] GC(306) Pause Young (Normal) (G1 Evacuation Pause) 395M->318M(1024M) 6.386ms
[2025-03-28T19:53:49.756+0530][gc,cpu      ] GC(306) User=0.01s Sys=0.00s Real=0.01s
[2025-03-28T19:53:58.665+0530][gc,start    ] GC(307) Pause Young (Normal) (G1 Evacuation Pause)
[2025-03-28T19:53:58.666+0530][gc,task     ] GC(307) Using 2 workers of 2 for evacuation
[2025-03-28T19:53:58.676+0530][gc,phases   ] GC(307)   Pre Evacuate Collection Set: 0.2ms
[2025-03-28T19:53:58.676+0530][gc,phases   ] GC(307)   Merge Heap Roots: 0.1ms
[2025-03-28T19:53:58.676+0530][gc,phases   ] GC(307)   Evacuate Collection Set: 8.0ms
[2025-03-28T19:53:58.676+0530][gc,phases   ] GC(307)   Post Evacuate Collection Set: 1.6ms
[2025-03-28T19:53:58.676+0530][gc,phases   ] GC(307)   Other: 0.4ms
[2025-03-28T19:53:58.676+0530][gc,heap     ] GC(307) Eden regions: 100->0(78)
[2025-03-28T19:53:58.676+0530][gc,heap     ] GC(307) Survivor regions: 3->8(13)
[2025-03-28T19:53:58.676+0530][gc,heap     ] GC(307) Old regions: 167->167
[2025-03-28T19:53:58.676+0530][gc,heap     ] GC(307) Archive regions: 2->2
[2025-03-28T19:53:58.676+0530][gc,heap     ] GC(307) Humongous regions: 149->147
[2025-03-28T19:53:58.676+0530][gc,metaspace] GC(307) Metaspace: 52525K(53248K)->52525K(53248K) NonClass: 46631K(46976K)->46631K(46976K) Class: 5893K(6272K)->5893K(6272K)
[2025-03-28T19:53:58.676+0530][gc          ] GC(307) Pause Young (Normal) (G1 Evacuation Pause) 418M->321M(1024M) 10.491ms
[2025-03-28T19:53:58.676+0530][gc,cpu      ] GC(307) User=0.01s Sys=0.00s Real=0.02s
[2025-03-28T19:53:59.659+0530][gc,start    ] GC(308) Pause Young (Normal) (G1 Evacuation Pause)
[2025-03-28T19:53:59.659+0530][gc,task     ] GC(308) Using 2 workers of 2 for evacuation
[2025-03-28T19:53:59.668+0530][gc,phases   ] GC(308)   Pre Evacuate Collection Set: 0.2ms
[2025-03-28T19:53:59.668+0530][gc,phases   ] GC(308)   Merge Heap Roots: 0.1ms
[2025-03-28T19:53:59.668+0530][gc,phases   ] GC(308)   Evacuate Collection Set: 7.2ms
[2025-03-28T19:53:59.668+0530][gc,phases   ] GC(308)   Post Evacuate Collection Set: 1.4ms
[2025-03-28T19:53:59.668+0530][gc,phases   ] GC(308)   Other: 0.1ms
[2025-03-28T19:53:59.668+0530][gc,heap     ] GC(308) Eden regions: 78->0(161)
[2025-03-28T19:53:59.668+0530][gc,heap     ] GC(308) Survivor regions: 8->5(11)
[2025-03-28T19:53:59.668+0530][gc,heap     ] GC(308) Old regions: 167->167
[2025-03-28T19:53:59.668+0530][gc,heap     ] GC(308) Archive regions: 2->2
[2025-03-28T19:53:59.668+0530][gc,heap     ] GC(308) Humongous regions: 149->147
[2025-03-28T19:53:59.668+0530][gc,metaspace] GC(308) Metaspace: 52525K(53248K)->52525K(53248K) NonClass: 46631K(46976K)->46631K(46976K) Class: 5893K(6272K)->5893K(6272K)
[2025-03-28T19:53:59.668+0530][gc          ] GC(308) Pause Young (Normal) (G1 Evacuation Pause) 401M->318M(1024M) 9.248ms
[2025-03-28T19:53:59.668+0530][gc,cpu      ] GC(308) User=0.02s Sys=0.00s Real=0.01s
[2025-03-28T19:54:03.570+0530][gc,start    ] GC(415) Pause Young (Normal) (G1 Evacuation Pause)
[2025-03-28T19:54:03.570+0530][gc,task     ] GC(415) Using 2 workers of 2 for evacuation
[2025-03-28T19:54:03.584+0530][gc,phases   ] GC(415)   Pre Evacuate Collection Set: 0.3ms
[2025-03-28T19:54:03.584+0530][gc,phases   ] GC(415)   Merge Heap Roots: 0.2ms
[2025-03-28T19:54:03.584+0530][gc,phases   ] GC(415)   Evacuate Collection Set: 12.9ms
[2025-03-28T19:54:03.584+0530][gc,phases   ] GC(415)   Post Evacuate Collection Set: 0.8ms
[2025-03-28T19:54:03.584+0530][gc,phases   ] GC(415)   Other: 0.1ms
[2025-03-28T19:54:03.584+0530][gc,heap     ] GC(415) Eden regions: 373->0(332)
[2025-03-28T19:54:03.584+0530][gc,heap     ] GC(415) Survivor regions: 3->6(47)
[2025-03-28T19:54:03.584+0530][gc,heap     ] GC(415) Old regions: 73->73
[2025-03-28T19:54:03.584+0530][gc,heap     ] GC(415) Archive regions: 2->2
[2025-03-28T19:54:03.584+0530][gc,heap     ] GC(415) Humongous regions: 155->147
[2025-03-28T19:54:03.584+0530][gc,metaspace] GC(415) Metaspace: 52027K(52672K)->52027K(52672K) NonClass: 46231K(46528K)->46231K(46528K) Class: 5796K(6144K)->5796K(6144K)
[2025-03-28T19:54:03.584+0530][gc          ] GC(415) Pause Young (Normal) (G1 Evacuation Pause) 603M->226M(1024M) 14.599ms
[2025-03-28T19:54:03.584+0530][gc,cpu      ] GC(415) User=0.02s Sys=0.00s Real=0.01s
[2025-03-28T19:54:08.750+0530][gc,start    ] GC(309) Pause Young (Normal) (G1 Evacuation Pause)
[2025-03-28T19:54:08.750+0530][gc,task     ] GC(309) Using 2 workers of 2 for evacuation
[2025-03-28T19:54:08.759+0530][gc,phases   ] GC(309)   Pre Evacuate Collection Set: 0.3ms
[2025-03-28T19:54:08.759+0530][gc,phases   ] GC(309)   Merge Heap Roots: 0.1ms
[2025-03-28T19:54:08.759+0530][gc,phases   ] GC(309)   Evacuate Collection Set: 6.5ms
[2025-03-28T19:54:08.759+0530][gc,phases   ] GC(309)   Post Evacuate Collection Set: 1.7ms
[2025-03-28T19:54:08.759+0530][gc,phases   ] GC(309)   Other: 0.2ms
[2025-03-28T19:54:08.759+0530][gc,heap     ] GC(309) Eden regions: 161->0(192)
[2025-03-28T19:54:08.759+0530][gc,heap     ] GC(309) Survivor regions: 5->3(21)
[2025-03-28T19:54:08.759+0530][gc,heap     ] GC(309) Old regions: 167->167
[2025-03-28T19:54:08.759+0530][gc,heap     ] GC(309) Archive regions: 2->2
[2025-03-28T19:54:08.759+0530][gc,heap     ] GC(309) Humongous regions: 151->149
[2025-03-28T19:54:08.759+0530][gc,metaspace] GC(309) Metaspace: 52525K(53248K)->52525K(53248K) NonClass: 46631K(46976K)->46631K(46976K) Class: 5893K(6272K)->5893K(6272K)
[2025-03-28T19:54:08.759+0530][gc          ] GC(309) Pause Young (Normal) (G1 Evacuation Pause) 483M->319M(1024M) 8.981ms
[2025-03-28T19:54:08.759+0530][gc,cpu      ] GC(309) User=0.01s Sys=0.00s Real=0.01s
[2025-03-28T19:54:18.700+0530][gc,start    ] GC(310) Pause Young (Normal) (G1 Evacuation Pause)
[2025-03-28T19:54:18.701+0530][gc,task     ] GC(310) Using 2 workers of 2 for evacuation
[2025-03-28T19:54:18.722+0530][gc,mmu      ] GC(310) MMU target violated: 21.0ms (20.0ms/21.0ms)
[2025-03-28T19:54:18.722+0530][gc,phases   ] GC(310)   Pre Evacuate Collection Set: 1.0ms
[2025-03-28T19:54:18.722+0530][gc,phases   ] GC(310)   Merge Heap Roots: 2.8ms
[2025-03-28T19:54:18.722+0530][gc,phases   ] GC(310)   Evacuate Collection Set: 16.8ms
[2025-03-28T19:54:18.722+0530][gc,phases   ] GC(310)   Post Evacuate Collection Set: 0.6ms
[2025-03-28T19:54:18.722+0530][gc,phases   ] GC(310)   Other: 0.4ms
[2025-03-28T19:54:18.722+0530][gc,heap     ] GC(310) Eden regions: 192->0(120)
[2025-03-28T19:54:18.722+0530][gc,heap     ] GC(310) Survivor regions: 3->8(25)
[2025-03-28T19:54:18.722+0530][gc,heap     ] GC(310) Old regions: 167->167
[2025-03-28T19:54:18.722+0530][gc,heap     ] GC(310) Archive regions: 2->2
[2025-03-28T19:54:18.722+0530][gc,heap     ] GC(310) Humongous regions: 151->147
[2025-03-28T19:54:18.722+0530][gc,metaspace] GC(310) Metaspace: 52528K(53248K)->52528K(53248K) NonClass: 46634K(46976K)->46634K(46976K) Class: 5893K(6272K)->5893K(6272K)
[2025-03-28T19:54:18.722+0530][gc          ] GC(310) Pause Young (Normal) (G1 Evacuation Pause) 513M->322M(1024M) 21.645ms
[2025-03-28T19:54:18.722+0530][gc,cpu      ] GC(310) User=0.02s Sys=0.00s Real=0.02s
[2025-03-28T19:54:19.761+0530][gc,start    ] GC(311) Pause Young (Normal) (G1 Evacuation Pause)
[2025-03-28T19:54:19.761+0530][gc,task     ] GC(311) Using 2 workers of 2 for evacuation
[2025-03-28T19:54:19.773+0530][gc,phases   ] GC(311)   Pre Evacuate Collection Set: 0.3ms
[2025-03-28T19:54:19.773+0530][gc,phases   ] GC(311)   Merge Heap Roots: 0.1ms
[2025-03-28T19:54:19.773+0530][gc,phases   ] GC(311)   Evacuate Collection Set: 11.0ms
[2025-03-28T19:54:19.773+0530][gc,phases   ] GC(311)   Post Evacuate Collection Set: 0.7ms
[2025-03-28T19:54:19.773+0530][gc,phases   ] GC(311)   Other: 0.2ms
[2025-03-28T19:54:19.773+0530][gc,heap     ] GC(311) Eden regions: 120->0(107)
[2025-03-28T19:54:19.773+0530][gc,heap     ] GC(311) Survivor regions: 8->4(16)
[2025-03-28T19:54:19.773+0530][gc,heap     ] GC(311) Old regions: 167->167
[2025-03-28T19:54:19.773+0530][gc,heap     ] GC(311) Archive regions: 2->2
[2025-03-28T19:54:19.773+0530][gc,heap     ] GC(311) Humongous regions: 151->149
[2025-03-28T19:54:19.773+0530][gc,metaspace] GC(311) Metaspace: 52528K(53248K)->52528K(53248K) NonClass: 46634K(46976K)->46634K(46976K) Class: 5893K(6272K)->5893K(6272K)
[2025-03-28T19:54:19.773+0530][gc          ] GC(311) Pause Young (Normal) (G1 Evacuation Pause) 446M->319M(1024M) 12.426ms
[2025-03-28T19:54:19.773+0530][gc,cpu      ] GC(311) User=0.02s Sys=0.00s Real=0.01s
[2025-03-28T19:54:22.681+0530][gc,start    ] GC(416) Pause Young (Normal) (G1 Evacuation Pause)
[2025-03-28T19:54:22.681+0530][gc,task     ] GC(416) Using 2 workers of 2 for evacuation
[2025-03-28T19:54:22.692+0530][gc,phases   ] GC(416)   Pre Evacuate Collection Set: 0.2ms
[2025-03-28T19:54:22.692+0530][gc,phases   ] GC(416)   Merge Heap Roots: 0.1ms
[2025-03-28T19:54:22.692+0530][gc,phases   ] GC(416)   Evacuate Collection Set: 9.9ms
[2025-03-28T19:54:22.692+0530][gc,phases   ] GC(416)   Post Evacuate Collection Set: 0.7ms
[2025-03-28T19:54:22.692+0530][gc,phases   ] GC(416)   Other: 0.2ms
[2025-03-28T19:54:22.692+0530][gc,heap     ] GC(416) Eden regions: 332->0(212)
[2025-03-28T19:54:22.692+0530][gc,heap     ] GC(416) Survivor regions: 6->9(43)
[2025-03-28T19:54:22.692+0530][gc,heap     ] GC(416) Old regions: 73->73
[2025-03-28T19:54:22.692+0530][gc,heap     ] GC(416) Archive regions: 2->2
[2025-03-28T19:54:22.692+0530][gc,heap     ] GC(416) Humongous regions: 153->147
[2025-03-28T19:54:22.692+0530][gc,metaspace] GC(416) Metaspace: 52027K(52672K)->52027K(52672K) NonClass: 46231K(46528K)->46231K(46528K) Class: 5796K(6144K)->5796K(6144K)
[2025-03-28T19:54:22.692+0530][gc          ] GC(416) Pause Young (Normal) (G1 Evacuation Pause) 564M->228M(1024M) 11.130ms
[2025-03-28T19:54:22.692+0530][gc,cpu      ] GC(416) User=0.02s Sys=0.00s Real=0.01s
[2025-03-28T19:54:28.682+0530][gc,start    ] GC(312) Pause Young (Normal) (G1 Evacuation Pause)
[2025-03-28T19:54:28.682+0530][gc,task     ] GC(312) Using 2 workers of 2 for evacuation
[2025-03-28T19:54:28.691+0530][gc,phases   ] GC(312)   Pre Evacuate Collection Set: 0.2ms
[2025-03-28T19:54:28.691+0530][gc,phases   ] GC(312)   Merge Heap Roots: 0.2ms
[2025-03-28T19:54:28.691+0530][gc,phases   ] GC(312)   Evacuate Collection Set: 7.4ms
[2025-03-28T19:54:28.691+0530][gc,phases   ] GC(312)   Post Evacuate Collection Set: 0.6ms
[2025-03-28T19:54:28.691+0530][gc,phases   ] GC(312)   Other: 0.1ms
[2025-03-28T19:54:28.691+0530][gc,heap     ] GC(312) Eden regions: 107->0(206)
[2025-03-28T19:54:28.691+0530][gc,heap     ] GC(312) Survivor regions: 4->4(14)
[2025-03-28T19:54:28.691+0530][gc,heap     ] GC(312) Old regions: 167->167
[2025-03-28T19:54:28.691+0530][gc,heap     ] GC(312) Archive regions: 2->2
[2025-03-28T19:54:28.691+0530][gc,heap     ] GC(312) Humongous regions: 151->149
[2025-03-28T19:54:28.691+0530][gc,metaspace] GC(312) Metaspace: 52529K(53248K)->52529K(53248K) NonClass: 46635K(46976K)->46635K(46976K) Class: 5893K(6272K)->5893K(6272K)
[2025-03-28T19:54:28.691+0530][gc          ] GC(312) Pause Young (Normal) (G1 Evacuation Pause) 428M->319M(1024M) 8.563ms
[2025-03-28T19:54:28.691+0530][gc,cpu      ] GC(312) User=0.01s Sys=0.00s Real=0.01s
[2025-03-28T19:54:32.379+0530][gc,start    ] GC(417) Pause Young (Normal) (G1 Evacuation Pause)
[2025-03-28T19:54:32.379+0530][gc,task     ] GC(417) Using 2 workers of 2 for evacuation
[2025-03-28T19:54:32.408+0530][gc,mmu      ] GC(417) MMU target violated: 21.0ms (20.0ms/21.0ms)
[2025-03-28T19:54:32.408+0530][gc,phases   ] GC(417)   Pre Evacuate Collection Set: 1.7ms
[2025-03-28T19:54:32.408+0530][gc,phases   ] GC(417)   Merge Heap Roots: 0.6ms
[2025-03-28T19:54:32.408+0530][gc,phases   ] GC(417)   Evacuate Collection Set: 24.9ms
[2025-03-28T19:54:32.408+0530][gc,phases   ] GC(417)   Post Evacuate Collection Set: 1.3ms
[2025-03-28T19:54:32.408+0530][gc,phases   ] GC(417)   Other: 0.5ms
[2025-03-28T19:54:32.408+0530][gc,heap     ] GC(417) Eden regions: 161->0(48)
[2025-03-28T19:54:32.408+0530][gc,heap     ] GC(417) Survivor regions: 9->3(22)
[2025-03-28T19:54:32.408+0530][gc,heap     ] GC(417) Old regions: 73->73
[2025-03-28T19:54:32.408+0530][gc,heap     ] GC(417) Archive regions: 2->2
[2025-03-28T19:54:32.408+0530][gc,heap     ] GC(417) Humongous regions: 151->147
[2025-03-28T19:54:32.408+0530][gc,metaspace] GC(417) Metaspace: 52027K(52672K)->52027K(52672K) NonClass: 46231K(46528K)->46231K(46528K) Class: 5796K(6144K)->5796K(6144K)
[2025-03-28T19:54:32.408+0530][gc          ] GC(417) Pause Young (Normal) (G1 Evacuation Pause) 393M->222M(1024M) 29.157ms
[2025-03-28T19:54:32.409+0530][gc,cpu      ] GC(417) User=0.04s Sys=0.01s Real=0.03s
[2025-03-28T19:54:32.488+0530][gc,start    ] GC(418) Pause Young (Normal) (G1 Evacuation Pause)
[2025-03-28T19:54:32.488+0530][gc,task     ] GC(418) Using 2 workers of 2 for evacuation
[2025-03-28T19:54:32.526+0530][gc,mmu      ] GC(418) MMU target violated: 21.0ms (20.0ms/21.0ms)
[2025-03-28T19:54:32.526+0530][gc,phases   ] GC(418)   Pre Evacuate Collection Set: 0.2ms
[2025-03-28T19:54:32.526+0530][gc,phases   ] GC(418)   Merge Heap Roots: 0.1ms
[2025-03-28T19:54:32.526+0530][gc,phases   ] GC(418)   Evacuate Collection Set: 36.9ms
[2025-03-28T19:54:32.526+0530][gc,phases   ] GC(418)   Post Evacuate Collection Set: 0.5ms
[2025-03-28T19:54:32.526+0530][gc,phases   ] GC(418)   Other: 0.2ms
[2025-03-28T19:54:32.526+0530][gc,heap     ] GC(418) Eden regions: 48->0(44)
[2025-03-28T19:54:32.526+0530][gc,heap     ] GC(418) Survivor regions: 3->7(7)
[2025-03-28T19:54:32.526+0530][gc,heap     ] GC(418) Old regions: 73->73
[2025-03-28T19:54:32.526+0530][gc,heap     ] GC(418) Archive regions: 2->2
[2025-03-28T19:54:32.526+0530][gc,heap     ] GC(418) Humongous regions: 147->147
[2025-03-28T19:54:32.526+0530][gc,metaspace] GC(418) Metaspace: 52027K(52672K)->52027K(52672K) NonClass: 46231K(46528K)->46231K(46528K) Class: 5796K(6144K)->5796K(6144K)
[2025-03-28T19:54:32.526+0530][gc          ] GC(418) Pause Young (Normal) (G1 Evacuation Pause) 270M->227M(1024M) 38.006ms
[2025-03-28T19:54:32.526+0530][gc,cpu      ] GC(418) User=0.02s Sys=0.00s Real=0.04s
[2025-03-28T19:54:32.602+0530][gc,start    ] GC(419) Pause Young (Normal) (G1 Evacuation Pause)
[2025-03-28T19:54:32.602+0530][gc,task     ] GC(419) Using 2 workers of 2 for evacuation
[2025-03-28T19:54:32.612+0530][gc,phases   ] GC(419)   Pre Evacuate Collection Set: 0.3ms
[2025-03-28T19:54:32.612+0530][gc,phases   ] GC(419)   Merge Heap Roots: 0.2ms
[2025-03-28T19:54:32.612+0530][gc,phases   ] GC(419)   Evacuate Collection Set: 8.1ms
[2025-03-28T19:54:32.612+0530][gc,phases   ] GC(419)   Post Evacuate Collection Set: 0.5ms
[2025-03-28T19:54:32.612+0530][gc,phases   ] GC(419)   Other: 0.1ms
[2025-03-28T19:54:32.612+0530][gc,heap     ] GC(419) Eden regions: 44->0(49)
[2025-03-28T19:54:32.612+0530][gc,heap     ] GC(419) Survivor regions: 7->2(7)
[2025-03-28T19:54:32.612+0530][gc,heap     ] GC(419) Old regions: 73->76
[2025-03-28T19:54:32.612+0530][gc,heap     ] GC(419) Archive regions: 2->2
[2025-03-28T19:54:32.612+0530][gc,heap     ] GC(419) Humongous regions: 149->149
[2025-03-28T19:54:32.612+0530][gc,metaspace] GC(419) Metaspace: 52027K(52672K)->52027K(52672K) NonClass: 46231K(46528K)->46231K(46528K) Class: 5796K(6144K)->5796K(6144K)
[2025-03-28T19:54:32.612+0530][gc          ] GC(419) Pause Young (Normal) (G1 Evacuation Pause) 273M->226M(1024M) 9.354ms
[2025-03-28T19:54:32.612+0530][gc,cpu      ] GC(419) User=0.01s Sys=0.00s Real=0.01s
[2025-03-28T19:54:33.633+0530][gc,start    ] GC(420) Pause Young (Normal) (G1 Evacuation Pause)
[2025-03-28T19:54:33.633+0530][gc,task     ] GC(420) Using 2 workers of 2 for evacuation
[2025-03-28T19:54:33.644+0530][gc,phases   ] GC(420)   Pre Evacuate Collection Set: 0.1ms
[2025-03-28T19:54:33.644+0530][gc,phases   ] GC(420)   Merge Heap Roots: 0.1ms
[2025-03-28T19:54:33.644+0530][gc,phases   ] GC(420)   Evacuate Collection Set: 10.0ms
[2025-03-28T19:54:33.644+0530][gc,phases   ] GC(420)   Post Evacuate Collection Set: 0.6ms
[2025-03-28T19:54:33.644+0530][gc,phases   ] GC(420)   Other: 0.1ms
[2025-03-28T19:54:33.644+0530][gc,heap     ] GC(420) Eden regions: 49->0(44)
[2025-03-28T19:54:33.644+0530][gc,heap     ] GC(420) Survivor regions: 2->7(7)
[2025-03-28T19:54:33.644+0530][gc,heap     ] GC(420) Old regions: 76->76
[2025-03-28T19:54:33.644+0530][gc,heap     ] GC(420) Archive regions: 2->2
[2025-03-28T19:54:33.644+0530][gc,heap     ] GC(420) Humongous regions: 149->147
[2025-03-28T19:54:33.644+0530][gc,metaspace] GC(420) Metaspace: 52027K(52672K)->52027K(52672K) NonClass: 46231K(46528K)->46231K(46528K) Class: 5796K(6144K)->5796K(6144K)
[2025-03-28T19:54:33.644+0530][gc          ] GC(420) Pause Young (Normal) (G1 Evacuation Pause) 275M->229M(1024M) 11.113ms
[2025-03-28T19:54:33.644+0530][gc,cpu      ] GC(420) User=0.02s Sys=0.00s Real=0.01s
[2025-03-28T19:54:33.719+0530][gc,start    ] GC(421) Pause Young (Normal) (G1 Evacuation Pause)
[2025-03-28T19:54:33.720+0530][gc,task     ] GC(421) Using 2 workers of 2 for evacuation
[2025-03-28T19:54:33.725+0530][gc,phases   ] GC(421)   Pre Evacuate Collection Set: 0.2ms
[2025-03-28T19:54:33.725+0530][gc,phases   ] GC(421)   Merge Heap Roots: 0.1ms
[2025-03-28T19:54:33.725+0530][gc,phases   ] GC(421)   Evacuate Collection Set: 4.9ms
[2025-03-28T19:54:33.725+0530][gc,phases   ] GC(421)   Post Evacuate Collection Set: 0.5ms
[2025-03-28T19:54:33.725+0530][gc,phases   ] GC(421)   Other: 0.1ms
[2025-03-28T19:54:33.725+0530][gc,heap     ] GC(421) Eden regions: 44->0(78)
[2025-03-28T19:54:33.725+0530][gc,heap     ] GC(421) Survivor regions: 7->2(7)
[2025-03-28T19:54:33.725+0530][gc,heap     ] GC(421) Old regions: 76->78
[2025-03-28T19:54:33.725+0530][gc,heap     ] GC(421) Archive regions: 2->2
[2025-03-28T19:54:33.725+0530][gc,heap     ] GC(421) Humongous regions: 149->149
[2025-03-28T19:54:33.725+0530][gc,metaspace] GC(421) Metaspace: 52027K(52672K)->52027K(52672K) NonClass: 46231K(46528K)->46231K(46528K) Class: 5796K(6144K)->5796K(6144K)
[2025-03-28T19:54:33.725+0530][gc          ] GC(421) Pause Young (Normal) (G1 Evacuation Pause) 275M->229M(1024M) 5.907ms
[2025-03-28T19:54:33.725+0530][gc,cpu      ] GC(421) User=0.01s Sys=0.00s Real=0.01s
[2025-03-28T19:54:38.666+0530][gc,start    ] GC(313) Pause Young (Normal) (G1 Evacuation Pause)
[2025-03-28T19:54:38.666+0530][gc,task     ] GC(313) Using 2 workers of 2 for evacuation
[2025-03-28T19:54:38.691+0530][gc,mmu      ] GC(313) MMU target violated: 21.0ms (20.0ms/21.0ms)
[2025-03-28T19:54:38.691+0530][gc,phases   ] GC(313)   Pre Evacuate Collection Set: 3.3ms
[2025-03-28T19:54:38.691+0530][gc,phases   ] GC(313)   Merge Heap Roots: 0.2ms
[2025-03-28T19:54:38.691+0530][gc,phases   ] GC(313)   Evacuate Collection Set: 19.5ms
[2025-03-28T19:54:38.691+0530][gc,phases   ] GC(313)   Post Evacuate Collection Set: 1.7ms
[2025-03-28T19:54:38.691+0530][gc,phases   ] GC(313)   Other: 0.2ms
[2025-03-28T19:54:38.691+0530][gc,heap     ] GC(313) Eden regions: 206->0(53)
[2025-03-28T19:54:38.691+0530][gc,heap     ] GC(313) Survivor regions: 4->9(27)
[2025-03-28T19:54:38.691+0530][gc,heap     ] GC(313) Old regions: 167->167
[2025-03-28T19:54:38.691+0530][gc,heap     ] GC(313) Archive regions: 2->2
[2025-03-28T19:54:38.691+0530][gc,heap     ] GC(313) Humongous regions: 151->147
[2025-03-28T19:54:38.691+0530][gc,metaspace] GC(313) Metaspace: 52531K(53248K)->52531K(53248K) NonClass: 46637K(46976K)->46637K(46976K) Class: 5893K(6272K)->5893K(6272K)
[2025-03-28T19:54:38.691+0530][gc          ] GC(313) Pause Young (Normal) (G1 Evacuation Pause) 527M->322M(1024M) 24.942ms
[2025-03-28T19:54:38.691+0530][gc,cpu      ] GC(313) User=0.03s Sys=0.00s Real=0.04s
[2025-03-28T19:54:39.651+0530][gc,start    ] GC(314) Pause Young (Normal) (G1 Evacuation Pause)
[2025-03-28T19:54:39.651+0530][gc,task     ] GC(314) Using 2 workers of 2 for evacuation
[2025-03-28T19:54:39.662+0530][gc,phases   ] GC(314)   Pre Evacuate Collection Set: 0.8ms
[2025-03-28T19:54:39.662+0530][gc,phases   ] GC(314)   Merge Heap Roots: 0.2ms
[2025-03-28T19:54:39.662+0530][gc,phases   ] GC(314)   Evacuate Collection Set: 9.2ms
[2025-03-28T19:54:39.662+0530][gc,phases   ] GC(314)   Post Evacuate Collection Set: 1.0ms
[2025-03-28T19:54:39.662+0530][gc,phases   ] GC(314)   Other: 0.3ms
[2025-03-28T19:54:39.662+0530][gc,heap     ] GC(314) Eden regions: 53->0(257)
[2025-03-28T19:54:39.662+0530][gc,heap     ] GC(314) Survivor regions: 9->2(8)
[2025-03-28T19:54:39.662+0530][gc,heap     ] GC(314) Old regions: 167->168
[2025-03-28T19:54:39.662+0530][gc,heap     ] GC(314) Archive regions: 2->2
[2025-03-28T19:54:39.662+0530][gc,heap     ] GC(314) Humongous regions: 149->147
[2025-03-28T19:54:39.662+0530][gc,metaspace] GC(314) Metaspace: 52531K(53248K)->52531K(53248K) NonClass: 46637K(46976K)->46637K(46976K) Class: 5893K(6272K)->5893K(6272K)
[2025-03-28T19:54:39.662+0530][gc          ] GC(314) Pause Young (Normal) (G1 Evacuation Pause) 377M->316M(1024M) 11.537ms
[2025-03-28T19:54:39.662+0530][gc,cpu      ] GC(314) User=0.02s Sys=0.00s Real=0.02s
[2025-03-28T19:54:42.504+0530][gc,start    ] GC(422) Pause Young (Normal) (G1 Evacuation Pause)
[2025-03-28T19:54:42.504+0530][gc,task     ] GC(422) Using 2 workers of 2 for evacuation
[2025-03-28T19:54:42.527+0530][gc,mmu      ] GC(422) MMU target violated: 21.0ms (20.0ms/21.0ms)
[2025-03-28T19:54:42.527+0530][gc,phases   ] GC(422)   Pre Evacuate Collection Set: 0.2ms
[2025-03-28T19:54:42.527+0530][gc,phases   ] GC(422)   Merge Heap Roots: 0.1ms
[2025-03-28T19:54:42.527+0530][gc,phases   ] GC(422)   Evacuate Collection Set: 21.5ms
[2025-03-28T19:54:42.527+0530][gc,phases   ] GC(422)   Post Evacuate Collection Set: 0.5ms
[2025-03-28T19:54:42.527+0530][gc,phases   ] GC(422)   Other: 0.3ms
[2025-03-28T19:54:42.527+0530][gc,heap     ] GC(422) Eden regions: 78->0(44)
[2025-03-28T19:54:42.527+0530][gc,heap     ] GC(422) Survivor regions: 2->7(10)
[2025-03-28T19:54:42.527+0530][gc,heap     ] GC(422) Old regions: 78->78
[2025-03-28T19:54:42.527+0530][gc,heap     ] GC(422) Archive regions: 2->2
[2025-03-28T19:54:42.527+0530][gc,heap     ] GC(422) Humongous regions: 149->147
[2025-03-28T19:54:42.527+0530][gc,metaspace] GC(422) Metaspace: 52027K(52672K)->52027K(52672K) NonClass: 46231K(46528K)->46231K(46528K) Class: 5796K(6144K)->5796K(6144K)
[2025-03-28T19:54:42.527+0530][gc          ] GC(422) Pause Young (Normal) (G1 Evacuation Pause) 307M->232M(1024M) 22.827ms
[2025-03-28T19:54:42.527+0530][gc,cpu      ] GC(422) User=0.01s Sys=0.01s Real=0.03s
[2025-03-28T19:54:42.650+0530][gc,start    ] GC(423) Pause Young (Normal) (G1 Evacuation Pause)
[2025-03-28T19:54:42.650+0530][gc,task     ] GC(423) Using 2 workers of 2 for evacuation
[2025-03-28T19:54:42.668+0530][gc,phases   ] GC(423)   Pre Evacuate Collection Set: 0.2ms
[2025-03-28T19:54:42.668+0530][gc,phases   ] GC(423)   Merge Heap Roots: 0.1ms
[2025-03-28T19:54:42.668+0530][gc,phases   ] GC(423)   Evacuate Collection Set: 16.1ms
[2025-03-28T19:54:42.668+0530][gc,phases   ] GC(423)   Post Evacuate Collection Set: 1.4ms
[2025-03-28T19:54:42.668+0530][gc,phases   ] GC(423)   Other: 0.2ms
[2025-03-28T19:54:42.668+0530][gc,heap     ] GC(423) Eden regions: 44->0(68)
[2025-03-28T19:54:42.668+0530][gc,heap     ] GC(423) Survivor regions: 7->2(7)
[2025-03-28T19:54:42.668+0530][gc,heap     ] GC(423) Old regions: 78->79
[2025-03-28T19:54:42.668+0530][gc,heap     ] GC(423) Archive regions: 2->2
[2025-03-28T19:54:42.668+0530][gc,heap     ] GC(423) Humongous regions: 149->149
[2025-03-28T19:54:42.668+0530][gc,metaspace] GC(423) Metaspace: 52027K(52672K)->52027K(52672K) NonClass: 46231K(46528K)->46231K(46528K) Class: 5796K(6144K)->5796K(6144K)
[2025-03-28T19:54:42.668+0530][gc          ] GC(423) Pause Young (Normal) (G1 Evacuation Pause) 278M->230M(1024M) 18.320ms
[2025-03-28T19:54:42.668+0530][gc,cpu      ] GC(423) User=0.02s Sys=0.00s Real=0.02s
[2025-03-28T19:54:43.775+0530][gc,start    ] GC(424) Pause Young (Normal) (G1 Evacuation Pause)
[2025-03-28T19:54:43.775+0530][gc,task     ] GC(424) Using 2 workers of 2 for evacuation
[2025-03-28T19:54:43.809+0530][gc,mmu      ] GC(424) MMU target violated: 21.0ms (20.0ms/21.0ms)
[2025-03-28T19:54:43.809+0530][gc,phases   ] GC(424)   Pre Evacuate Collection Set: 0.4ms
[2025-03-28T19:54:43.809+0530][gc,phases   ] GC(424)   Merge Heap Roots: 0.2ms
[2025-03-28T19:54:43.809+0530][gc,phases   ] GC(424)   Evacuate Collection Set: 29.7ms
[2025-03-28T19:54:43.809+0530][gc,phases   ] GC(424)   Post Evacuate Collection Set: 4.2ms
[2025-03-28T19:54:43.809+0530][gc,phases   ] GC(424)   Other: 0.2ms
[2025-03-28T19:54:43.809+0530][gc,heap     ] GC(424) Eden regions: 68->0(43)
[2025-03-28T19:54:43.809+0530][gc,heap     ] GC(424) Survivor regions: 2->8(9)
[2025-03-28T19:54:43.809+0530][gc,heap     ] GC(424) Old regions: 79->79
[2025-03-28T19:54:43.809+0530][gc,heap     ] GC(424) Archive regions: 2->2
[2025-03-28T19:54:43.809+0530][gc,heap     ] GC(424) Humongous regions: 149->147
[2025-03-28T19:54:43.809+0530][gc,metaspace] GC(424) Metaspace: 52027K(52672K)->52027K(52672K) NonClass: 46231K(46528K)->46231K(46528K) Class: 5796K(6144K)->5796K(6144K)
[2025-03-28T19:54:43.809+0530][gc          ] GC(424) Pause Young (Normal) (G1 Evacuation Pause) 298M->234M(1024M) 34.845ms
[2025-03-28T19:54:43.809+0530][gc,cpu      ] GC(424) User=0.01s Sys=0.02s Real=0.04s
[2025-03-28T19:54:48.455+0530][gc,start    ] GC(425) Pause Young (Normal) (G1 Evacuation Pause)
[2025-03-28T19:54:48.455+0530][gc,task     ] GC(425) Using 2 workers of 2 for evacuation
[2025-03-28T19:54:48.458+0530][gc,phases   ] GC(425)   Pre Evacuate Collection Set: 0.2ms
[2025-03-28T19:54:48.458+0530][gc,phases   ] GC(425)   Merge Heap Roots: 0.1ms
[2025-03-28T19:54:48.458+0530][gc,phases   ] GC(425)   Evacuate Collection Set: 1.8ms
[2025-03-28T19:54:48.458+0530][gc,phases   ] GC(425)   Post Evacuate Collection Set: 0.5ms
[2025-03-28T19:54:48.458+0530][gc,phases   ] GC(425)   Other: 0.1ms
[2025-03-28T19:54:48.458+0530][gc,heap     ] GC(425) Eden regions: 43->0(83)
[2025-03-28T19:54:48.458+0530][gc,heap     ] GC(425) Survivor regions: 8->1(7)
[2025-03-28T19:54:48.458+0530][gc,heap     ] GC(425) Old regions: 79->80
[2025-03-28T19:54:48.458+0530][gc,heap     ] GC(425) Archive regions: 2->2
[2025-03-28T19:54:48.458+0530][gc,heap     ] GC(425) Humongous regions: 149->147
[2025-03-28T19:54:48.458+0530][gc,metaspace] GC(425) Metaspace: 52027K(52672K)->52027K(52672K) NonClass: 46231K(46528K)->46231K(46528K) Class: 5796K(6144K)->5796K(6144K)
[2025-03-28T19:54:48.458+0530][gc          ] GC(425) Pause Young (Normal) (G1 Evacuation Pause) 279M->228M(1024M) 2.826ms
[2025-03-28T19:54:48.458+0530][gc,cpu      ] GC(425) User=0.00s Sys=0.00s Real=0.00s
[2025-03-28T19:54:49.763+0530][gc,start    ] GC(315) Pause Young (Normal) (G1 Evacuation Pause)
[2025-03-28T19:54:49.763+0530][gc,task     ] GC(315) Using 2 workers of 2 for evacuation
[2025-03-28T19:54:49.825+0530][gc,mmu      ] GC(315) MMU target violated: 21.0ms (20.0ms/21.0ms)
[2025-03-28T19:54:49.825+0530][gc,phases   ] GC(315)   Pre Evacuate Collection Set: 9.2ms
[2025-03-28T19:54:49.825+0530][gc,phases   ] GC(315)   Merge Heap Roots: 15.6ms
[2025-03-28T19:54:49.825+0530][gc,phases   ] GC(315)   Evacuate Collection Set: 28.8ms
[2025-03-28T19:54:49.825+0530][gc,phases   ] GC(315)   Post Evacuate Collection Set: 8.7ms
[2025-03-28T19:54:49.825+0530][gc,phases   ] GC(315)   Other: 0.4ms
[2025-03-28T19:54:49.825+0530][gc,heap     ] GC(315) Eden regions: 257->0(44)
[2025-03-28T19:54:49.825+0530][gc,heap     ] GC(315) Survivor regions: 2->7(33)
[2025-03-28T19:54:49.825+0530][gc,heap     ] GC(315) Old regions: 168->168
[2025-03-28T19:54:49.825+0530][gc,heap     ] GC(315) Archive regions: 2->2
[2025-03-28T19:54:49.825+0530][gc,heap     ] GC(315) Humongous regions: 151->147
[2025-03-28T19:54:49.825+0530][gc,metaspace] GC(315) Metaspace: 52538K(53248K)->52538K(53248K) NonClass: 46644K(46976K)->46644K(46976K) Class: 5893K(6272K)->5893K(6272K)
[2025-03-28T19:54:49.825+0530][gc          ] GC(315) Pause Young (Normal) (G1 Evacuation Pause) 577M->321M(1024M) 62.760ms
[2025-03-28T19:54:49.827+0530][gc,cpu      ] GC(315) User=0.04s Sys=0.01s Real=0.07s
[2025-03-28T19:54:50.216+0530][gc,start    ] GC(316) Pause Young (Normal) (G1 Evacuation Pause)
[2025-03-28T19:54:50.216+0530][gc,task     ] GC(316) Using 2 workers of 2 for evacuation
[2025-03-28T19:54:50.227+0530][gc,phases   ] GC(316)   Pre Evacuate Collection Set: 0.4ms
[2025-03-28T19:54:50.227+0530][gc,phases   ] GC(316)   Merge Heap Roots: 0.2ms
[2025-03-28T19:54:50.227+0530][gc,phases   ] GC(316)   Evacuate Collection Set: 9.5ms
[2025-03-28T19:54:50.227+0530][gc,phases   ] GC(316)   Post Evacuate Collection Set: 0.8ms
[2025-03-28T19:54:50.227+0530][gc,phases   ] GC(316)   Other: 0.2ms
[2025-03-28T19:54:50.227+0530][gc,heap     ] GC(316) Eden regions: 44->0(49)
[2025-03-28T19:54:50.227+0530][gc,heap     ] GC(316) Survivor regions: 7->2(7)
[2025-03-28T19:54:50.227+0530][gc,heap     ] GC(316) Old regions: 168->169
[2025-03-28T19:54:50.227+0530][gc,heap     ] GC(316) Archive regions: 2->2
[2025-03-28T19:54:50.227+0530][gc,heap     ] GC(316) Humongous regions: 149->149
[2025-03-28T19:54:50.227+0530][gc,metaspace] GC(316) Metaspace: 52538K(53248K)->52538K(53248K) NonClass: 46644K(46976K)->46644K(46976K) Class: 5893K(6272K)->5893K(6272K)
[2025-03-28T19:54:50.227+0530][gc          ] GC(316) Pause Young (Normal) (G1 Evacuation Pause) 367M->320M(1024M) 11.185ms
[2025-03-28T19:54:50.227+0530][gc,cpu      ] GC(316) User=0.02s Sys=0.00s Real=0.01s
[2025-03-28T19:54:52.530+0530][gc,start    ] GC(426) Pause Young (Normal) (G1 Evacuation Pause)
[2025-03-28T19:54:52.530+0530][gc,task     ] GC(426) Using 2 workers of 2 for evacuation
[2025-03-28T19:54:52.541+0530][gc,phases   ] GC(426)   Pre Evacuate Collection Set: 0.2ms
[2025-03-28T19:54:52.541+0530][gc,phases   ] GC(426)   Merge Heap Roots: 0.1ms
[2025-03-28T19:54:52.541+0530][gc,phases   ] GC(426)   Evacuate Collection Set: 4.8ms
[2025-03-28T19:54:52.541+0530][gc,phases   ] GC(426)   Post Evacuate Collection Set: 5.9ms
[2025-03-28T19:54:52.541+0530][gc,phases   ] GC(426)   Other: 0.2ms
[2025-03-28T19:54:52.541+0530][gc,heap     ] GC(426) Eden regions: 83->0(93)
[2025-03-28T19:54:52.541+0530][gc,heap     ] GC(426) Survivor regions: 1->3(11)
[2025-03-28T19:54:52.541+0530][gc,heap     ] GC(426) Old regions: 80->80
[2025-03-28T19:54:52.541+0530][gc,heap     ] GC(426) Archive regions: 2->2
[2025-03-28T19:54:52.541+0530][gc,heap     ] GC(426) Humongous regions: 149->149
[2025-03-28T19:54:52.541+0530][gc,metaspace] GC(426) Metaspace: 52027K(52672K)->52027K(52672K) NonClass: 46231K(46528K)->46231K(46528K) Class: 5796K(6144K)->5796K(6144K)
[2025-03-28T19:54:52.541+0530][gc          ] GC(426) Pause Young (Normal) (G1 Evacuation Pause) 313M->231M(1024M) 11.235ms
[2025-03-28T19:54:52.541+0530][gc,cpu      ] GC(426) User=0.01s Sys=0.00s Real=0.01s
[2025-03-28T19:54:53.612+0530][gc,start    ] GC(427) Pause Young (Normal) (G1 Evacuation Pause)
[2025-03-28T19:54:53.612+0530][gc,task     ] GC(427) Using 2 workers of 2 for evacuation
[2025-03-28T19:54:53.623+0530][gc,phases   ] GC(427)   Pre Evacuate Collection Set: 0.2ms
[2025-03-28T19:54:53.623+0530][gc,phases   ] GC(427)   Merge Heap Roots: 0.1ms
[2025-03-28T19:54:53.623+0530][gc,phases   ] GC(427)   Evacuate Collection Set: 9.8ms
[2025-03-28T19:54:53.623+0530][gc,phases   ] GC(427)   Post Evacuate Collection Set: 0.5ms
[2025-03-28T19:54:53.623+0530][gc,phases   ] GC(427)   Other: 0.1ms
[2025-03-28T19:54:53.623+0530][gc,heap     ] GC(427) Eden regions: 93->0(139)
[2025-03-28T19:54:53.623+0530][gc,heap     ] GC(427) Survivor regions: 3->3(12)
[2025-03-28T19:54:53.623+0530][gc,heap     ] GC(427) Old regions: 80->80
[2025-03-28T19:54:53.623+0530][gc,heap     ] GC(427) Archive regions: 2->2
[2025-03-28T19:54:53.623+0530][gc,heap     ] GC(427) Humongous regions: 151->149
[2025-03-28T19:54:53.623+0530][gc,metaspace] GC(427) Metaspace: 52027K(52672K)->52027K(52672K) NonClass: 46231K(46528K)->46231K(46528K) Class: 5796K(6144K)->5796K(6144K)
[2025-03-28T19:54:53.623+0530][gc          ] GC(427) Pause Young (Normal) (G1 Evacuation Pause) 326M->231M(1024M) 10.928ms
[2025-03-28T19:54:53.623+0530][gc,cpu      ] GC(427) User=0.01s Sys=0.00s Real=0.01s
[2025-03-28T19:54:58.813+0530][gc,start    ] GC(317) Pause Young (Normal) (G1 Evacuation Pause)
[2025-03-28T19:54:58.813+0530][gc,task     ] GC(317) Using 2 workers of 2 for evacuation
[2025-03-28T19:54:58.830+0530][gc,phases   ] GC(317)   Pre Evacuate Collection Set: 0.2ms
[2025-03-28T19:54:58.830+0530][gc,phases   ] GC(317)   Merge Heap Roots: 0.1ms
[2025-03-28T19:54:58.830+0530][gc,phases   ] GC(317)   Evacuate Collection Set: 15.2ms
[2025-03-28T19:54:58.830+0530][gc,phases   ] GC(317)   Post Evacuate Collection Set: 0.6ms
[2025-03-28T19:54:58.830+0530][gc,phases   ] GC(317)   Other: 0.1ms
[2025-03-28T19:54:58.830+0530][gc,heap     ] GC(317) Eden regions: 49->0(46)
[2025-03-28T19:54:58.830+0530][gc,heap     ] GC(317) Survivor regions: 2->5(7)
[2025-03-28T19:54:58.830+0530][gc,heap     ] GC(317) Old regions: 169->169
[2025-03-28T19:54:58.830+0530][gc,heap     ] GC(317) Archive regions: 2->2
[2025-03-28T19:54:58.830+0530][gc,heap     ] GC(317) Humongous regions: 149->147
[2025-03-28T19:54:58.830+0530][gc,metaspace] GC(317) Metaspace: 52538K(53248K)->52538K(53248K) NonClass: 46644K(46976K)->46644K(46976K) Class: 5893K(6272K)->5893K(6272K)
[2025-03-28T19:54:58.830+0530][gc          ] GC(317) Pause Young (Normal) (G1 Evacuation Pause) 369M->321M(1024M) 16.366ms
[2025-03-28T19:54:58.830+0530][gc,cpu      ] GC(317) User=0.02s Sys=0.01s Real=0.02s
[2025-03-28T19:54:59.016+0530][gc,start    ] GC(318) Pause Young (Normal) (G1 Evacuation Pause)
[2025-03-28T19:54:59.016+0530][gc,task     ] GC(318) Using 2 workers of 2 for evacuation
[2025-03-28T19:54:59.037+0530][gc,mmu      ] GC(318) MMU target violated: 20.5ms (20.0ms/21.0ms)
[2025-03-28T19:54:59.037+0530][gc,phases   ] GC(318)   Pre Evacuate Collection Set: 0.3ms
[2025-03-28T19:54:59.037+0530][gc,phases   ] GC(318)   Merge Heap Roots: 0.1ms
[2025-03-28T19:54:59.037+0530][gc,phases   ] GC(318)   Evacuate Collection Set: 19.7ms
[2025-03-28T19:54:59.037+0530][gc,phases   ] GC(318)   Post Evacuate Collection Set: 0.4ms
[2025-03-28T19:54:59.037+0530][gc,phases   ] GC(318)   Other: 0.2ms
[2025-03-28T19:54:59.037+0530][gc,heap     ] GC(318) Eden regions: 46->0(49)
[2025-03-28T19:54:59.037+0530][gc,heap     ] GC(318) Survivor regions: 5->2(7)
[2025-03-28T19:54:59.037+0530][gc,heap     ] GC(318) Old regions: 169->170
[2025-03-28T19:54:59.037+0530][gc,heap     ] GC(318) Archive regions: 2->2
[2025-03-28T19:54:59.037+0530][gc,heap     ] GC(318) Humongous regions: 149->149
[2025-03-28T19:54:59.037+0530][gc,metaspace] GC(318) Metaspace: 52538K(53248K)->52538K(53248K) NonClass: 46644K(46976K)->46644K(46976K) Class: 5893K(6272K)->5893K(6272K)
[2025-03-28T19:54:59.037+0530][gc          ] GC(318) Pause Young (Normal) (G1 Evacuation Pause) 369M->321M(1024M) 20.874ms
[2025-03-28T19:54:59.037+0530][gc,cpu      ] GC(318) User=0.01s Sys=0.00s Real=0.02s
[2025-03-28T19:54:59.786+0530][gc,start    ] GC(319) Pause Young (Normal) (G1 Evacuation Pause)
[2025-03-28T19:54:59.786+0530][gc,task     ] GC(319) Using 2 workers of 2 for evacuation
[2025-03-28T19:54:59.797+0530][gc,phases   ] GC(319)   Pre Evacuate Collection Set: 0.3ms
[2025-03-28T19:54:59.797+0530][gc,phases   ] GC(319)   Merge Heap Roots: 0.2ms
[2025-03-28T19:54:59.797+0530][gc,phases   ] GC(319)   Evacuate Collection Set: 8.5ms
[2025-03-28T19:54:59.797+0530][gc,phases   ] GC(319)   Post Evacuate Collection Set: 1.5ms
[2025-03-28T19:54:59.797+0530][gc,phases   ] GC(319)   Other: 0.2ms
[2025-03-28T19:54:59.797+0530][gc,heap     ] GC(319) Eden regions: 49->0(47)
[2025-03-28T19:54:59.797+0530][gc,heap     ] GC(319) Survivor regions: 2->4(7)
[2025-03-28T19:54:59.797+0530][gc,heap     ] GC(319) Old regions: 170->170
[2025-03-28T19:54:59.797+0530][gc,heap     ] GC(319) Archive regions: 2->2
[2025-03-28T19:54:59.797+0530][gc,heap     ] GC(319) Humongous regions: 149->147
[2025-03-28T19:54:59.797+0530][gc,metaspace] GC(319) Metaspace: 52538K(53248K)->52538K(53248K) NonClass: 46644K(46976K)->46644K(46976K) Class: 5893K(6272K)->5893K(6272K)
[2025-03-28T19:54:59.797+0530][gc          ] GC(319) Pause Young (Normal) (G1 Evacuation Pause) 370M->320M(1024M) 10.790ms
[2025-03-28T19:54:59.797+0530][gc,cpu      ] GC(319) User=0.01s Sys=0.00s Real=0.01s
[2025-03-28T19:54:59.930+0530][gc,start    ] GC(320) Pause Young (Normal) (G1 Evacuation Pause)
[2025-03-28T19:54:59.930+0530][gc,task     ] GC(320) Using 2 workers of 2 for evacuation
[2025-03-28T19:54:59.936+0530][gc,phases   ] GC(320)   Pre Evacuate Collection Set: 0.3ms
[2025-03-28T19:54:59.936+0530][gc,phases   ] GC(320)   Merge Heap Roots: 0.1ms
[2025-03-28T19:54:59.936+0530][gc,phases   ] GC(320)   Evacuate Collection Set: 5.6ms
[2025-03-28T19:54:59.936+0530][gc,phases   ] GC(320)   Post Evacuate Collection Set: 0.5ms
[2025-03-28T19:54:59.936+0530][gc,phases   ] GC(320)   Other: 0.2ms
[2025-03-28T19:54:59.936+0530][gc,heap     ] GC(320) Eden regions: 47->0(91)
[2025-03-28T19:54:59.936+0530][gc,heap     ] GC(320) Survivor regions: 4->3(7)
[2025-03-28T19:54:59.936+0530][gc,heap     ] GC(320) Old regions: 170->170
[2025-03-28T19:54:59.936+0530][gc,heap     ] GC(320) Archive regions: 2->2
[2025-03-28T19:54:59.936+0530][gc,heap     ] GC(320) Humongous regions: 149->149
[2025-03-28T19:54:59.936+0530][gc,metaspace] GC(320) Metaspace: 52538K(53248K)->52538K(53248K) NonClass: 46644K(46976K)->46644K(46976K) Class: 5893K(6272K)->5893K(6272K)
[2025-03-28T19:54:59.936+0530][gc          ] GC(320) Pause Young (Normal) (G1 Evacuation Pause) 369M->321M(1024M) 6.789ms
[2025-03-28T19:54:59.937+0530][gc,cpu      ] GC(320) User=0.01s Sys=0.00s Real=0.01s
[2025-03-28T19:55:02.534+0530][gc,start    ] GC(428) Pause Young (Normal) (G1 Evacuation Pause)
[2025-03-28T19:55:02.534+0530][gc,task     ] GC(428) Using 2 workers of 2 for evacuation
[2025-03-28T19:55:02.541+0530][gc,phases   ] GC(428)   Pre Evacuate Collection Set: 0.1ms
[2025-03-28T19:55:02.541+0530][gc,phases   ] GC(428)   Merge Heap Roots: 0.1ms
[2025-03-28T19:55:02.541+0530][gc,phases   ] GC(428)   Evacuate Collection Set: 6.1ms
[2025-03-28T19:55:02.541+0530][gc,phases   ] GC(428)   Post Evacuate Collection Set: 0.6ms
[2025-03-28T19:55:02.541+0530][gc,phases   ] GC(428)   Other: 0.1ms
[2025-03-28T19:55:02.541+0530][gc,heap     ] GC(428) Eden regions: 139->0(199)
[2025-03-28T19:55:02.541+0530][gc,heap     ] GC(428) Survivor regions: 3->3(18)
[2025-03-28T19:55:02.541+0530][gc,heap     ] GC(428) Old regions: 80->80
[2025-03-28T19:55:02.541+0530][gc,heap     ] GC(428) Archive regions: 2->2
[2025-03-28T19:55:02.541+0530][gc,heap     ] GC(428) Humongous regions: 151->149
[2025-03-28T19:55:02.541+0530][gc,metaspace] GC(428) Metaspace: 52027K(52672K)->52027K(52672K) NonClass: 46231K(46528K)->46231K(46528K) Class: 5796K(6144K)->5796K(6144K)
[2025-03-28T19:55:02.541+0530][gc          ] GC(428) Pause Young (Normal) (G1 Evacuation Pause) 372M->232M(1024M) 7.199ms
[2025-03-28T19:55:02.541+0530][gc,cpu      ] GC(428) User=0.01s Sys=0.00s Real=0.00s
[2025-03-28T19:55:08.471+0530][gc,start    ] GC(321) Pause Young (Normal) (G1 Evacuation Pause)
[2025-03-28T19:55:08.471+0530][gc,task     ] GC(321) Using 2 workers of 2 for evacuation
[2025-03-28T19:55:08.490+0530][gc,phases   ] GC(321)   Pre Evacuate Collection Set: 0.2ms
[2025-03-28T19:55:08.490+0530][gc,phases   ] GC(321)   Merge Heap Roots: 0.1ms
[2025-03-28T19:55:08.490+0530][gc,phases   ] GC(321)   Evacuate Collection Set: 18.5ms
[2025-03-28T19:55:08.490+0530][gc,phases   ] GC(321)   Post Evacuate Collection Set: 0.5ms
[2025-03-28T19:55:08.490+0530][gc,phases   ] GC(321)   Other: 0.3ms
[2025-03-28T19:55:08.490+0530][gc,heap     ] GC(321) Eden regions: 91->0(43)
[2025-03-28T19:55:08.490+0530][gc,heap     ] GC(321) Survivor regions: 3->8(12)
[2025-03-28T19:55:08.490+0530][gc,heap     ] GC(321) Old regions: 170->170
[2025-03-28T19:55:08.490+0530][gc,heap     ] GC(321) Archive regions: 2->2
[2025-03-28T19:55:08.490+0530][gc,heap     ] GC(321) Humongous regions: 149->147
[2025-03-28T19:55:08.490+0530][gc,metaspace] GC(321) Metaspace: 52538K(53248K)->52538K(53248K) NonClass: 46644K(46976K)->46644K(46976K) Class: 5893K(6272K)->5893K(6272K)
[2025-03-28T19:55:08.490+0530][gc          ] GC(321) Pause Young (Normal) (G1 Evacuation Pause) 412M->324M(1024M) 19.607ms
[2025-03-28T19:55:08.491+0530][gc,cpu      ] GC(321) User=0.01s Sys=0.01s Real=0.02s
[2025-03-28T19:55:08.586+0530][gc,start    ] GC(322) Pause Young (Normal) (G1 Evacuation Pause)
[2025-03-28T19:55:08.586+0530][gc,task     ] GC(322) Using 2 workers of 2 for evacuation
[2025-03-28T19:55:08.592+0530][gc,phases   ] GC(322)   Pre Evacuate Collection Set: 0.2ms
[2025-03-28T19:55:08.592+0530][gc,phases   ] GC(322)   Merge Heap Roots: 0.1ms
[2025-03-28T19:55:08.592+0530][gc,phases   ] GC(322)   Evacuate Collection Set: 4.9ms
[2025-03-28T19:55:08.592+0530][gc,phases   ] GC(322)   Post Evacuate Collection Set: 0.5ms
[2025-03-28T19:55:08.592+0530][gc,phases   ] GC(322)   Other: 0.5ms
[2025-03-28T19:55:08.592+0530][gc,heap     ] GC(322) Eden regions: 43->0(85)
[2025-03-28T19:55:08.592+0530][gc,heap     ] GC(322) Survivor regions: 8->2(7)
[2025-03-28T19:55:08.592+0530][gc,heap     ] GC(322) Old regions: 170->171
[2025-03-28T19:55:08.592+0530][gc,heap     ] GC(322) Archive regions: 2->2
[2025-03-28T19:55:08.592+0530][gc,heap     ] GC(322) Humongous regions: 149->149
[2025-03-28T19:55:08.592+0530][gc,metaspace] GC(322) Metaspace: 52538K(53248K)->52538K(53248K) NonClass: 46644K(46976K)->46644K(46976K) Class: 5893K(6272K)->5893K(6272K)
[2025-03-28T19:55:08.592+0530][gc          ] GC(322) Pause Young (Normal) (G1 Evacuation Pause) 369M->322M(1024M) 6.334ms
[2025-03-28T19:55:08.592+0530][gc,cpu      ] GC(322) User=0.01s Sys=0.00s Real=0.00s
[2025-03-28T19:55:09.808+0530][gc,start    ] GC(323) Pause Young (Normal) (G1 Evacuation Pause)
[2025-03-28T19:55:09.808+0530][gc,task     ] GC(323) Using 2 workers of 2 for evacuation
[2025-03-28T19:55:09.816+0530][gc,phases   ] GC(323)   Pre Evacuate Collection Set: 0.2ms
[2025-03-28T19:55:09.816+0530][gc,phases   ] GC(323)   Merge Heap Roots: 0.1ms
[2025-03-28T19:55:09.816+0530][gc,phases   ] GC(323)   Evacuate Collection Set: 6.7ms
[2025-03-28T19:55:09.816+0530][gc,phases   ] GC(323)   Post Evacuate Collection Set: 0.9ms
[2025-03-28T19:55:09.816+0530][gc,phases   ] GC(323)   Other: 0.3ms
[2025-03-28T19:55:09.816+0530][gc,heap     ] GC(323) Eden regions: 85->0(115)
[2025-03-28T19:55:09.816+0530][gc,heap     ] GC(323) Survivor regions: 2->3(11)
[2025-03-28T19:55:09.816+0530][gc,heap     ] GC(323) Old regions: 171->171
[2025-03-28T19:55:09.816+0530][gc,heap     ] GC(323) Archive regions: 2->2
[2025-03-28T19:55:09.816+0530][gc,heap     ] GC(323) Humongous regions: 151->149
[2025-03-28T19:55:09.816+0530][gc,metaspace] GC(323) Metaspace: 52538K(53248K)->52538K(53248K) NonClass: 46644K(46976K)->46644K(46976K) Class: 5893K(6272K)->5893K(6272K)
[2025-03-28T19:55:09.816+0530][gc          ] GC(323) Pause Young (Normal) (G1 Evacuation Pause) 409M->323M(1024M) 8.268ms
[2025-03-28T19:55:09.816+0530][gc,cpu      ] GC(323) User=0.01s Sys=0.00s Real=0.01s
[2025-03-28T19:55:12.511+0530][gc,start    ] GC(429) Pause Young (Normal) (G1 Evacuation Pause)
[2025-03-28T19:55:12.511+0530][gc,task     ] GC(429) Using 2 workers of 2 for evacuation
[2025-03-28T19:55:12.521+0530][gc,phases   ] GC(429)   Pre Evacuate Collection Set: 0.2ms
[2025-03-28T19:55:12.521+0530][gc,phases   ] GC(429)   Merge Heap Roots: 0.2ms
[2025-03-28T19:55:12.521+0530][gc,phases   ] GC(429)   Evacuate Collection Set: 9.2ms
[2025-03-28T19:55:12.521+0530][gc,phases   ] GC(429)   Post Evacuate Collection Set: 0.7ms
[2025-03-28T19:55:12.521+0530][gc,phases   ] GC(429)   Other: 0.2ms
[2025-03-28T19:55:12.521+0530][gc,heap     ] GC(429) Eden regions: 195->0(247)
[2025-03-28T19:55:12.521+0530][gc,heap     ] GC(429) Survivor regions: 3->4(25)
[2025-03-28T19:55:12.521+0530][gc,heap     ] GC(429) Old regions: 80->80
[2025-03-28T19:55:12.521+0530][gc,heap     ] GC(429) Archive regions: 2->2
[2025-03-28T19:55:12.521+0530][gc,heap     ] GC(429) Humongous regions: 153->149
[2025-03-28T19:55:12.521+0530][gc,metaspace] GC(429) Metaspace: 52027K(52672K)->52027K(52672K) NonClass: 46231K(46528K)->46231K(46528K) Class: 5796K(6144K)->5796K(6144K)
[2025-03-28T19:55:12.521+0530][gc          ] GC(429) Pause Young (Normal) (G1 Evacuation Pause) 431M->232M(1024M) 10.538ms
[2025-03-28T19:55:12.522+0530][gc,cpu      ] GC(429) User=0.02s Sys=0.00s Real=0.01s
[2025-03-28T19:55:18.745+0530][gc,start    ] GC(324) Pause Young (Normal) (G1 Evacuation Pause)
[2025-03-28T19:55:18.746+0530][gc,task     ] GC(324) Using 2 workers of 2 for evacuation
[2025-03-28T19:55:18.765+0530][gc,phases   ] GC(324)   Pre Evacuate Collection Set: 0.4ms
[2025-03-28T19:55:18.765+0530][gc,phases   ] GC(324)   Merge Heap Roots: 0.2ms
[2025-03-28T19:55:18.765+0530][gc,phases   ] GC(324)   Evacuate Collection Set: 12.1ms
[2025-03-28T19:55:18.765+0530][gc,phases   ] GC(324)   Post Evacuate Collection Set: 6.4ms
[2025-03-28T19:55:18.765+0530][gc,phases   ] GC(324)   Other: 0.5ms
[2025-03-28T19:55:18.765+0530][gc,heap     ] GC(324) Eden regions: 115->0(100)
[2025-03-28T19:55:18.765+0530][gc,heap     ] GC(324) Survivor regions: 3->3(15)
[2025-03-28T19:55:18.765+0530][gc,heap     ] GC(324) Old regions: 171->171
[2025-03-28T19:55:18.765+0530][gc,heap     ] GC(324) Archive regions: 2->2
[2025-03-28T19:55:18.765+0530][gc,heap     ] GC(324) Humongous regions: 151->149
[2025-03-28T19:55:18.765+0530][gc,metaspace] GC(324) Metaspace: 52538K(53248K)->52538K(53248K) NonClass: 46644K(46976K)->46644K(46976K) Class: 5893K(6272K)->5893K(6272K)
[2025-03-28T19:55:18.765+0530][gc          ] GC(324) Pause Young (Normal) (G1 Evacuation Pause) 440M->323M(1024M) 19.695ms
[2025-03-28T19:55:18.765+0530][gc,cpu      ] GC(324) User=0.02s Sys=0.00s Real=0.04s
[2025-03-28T19:55:19.773+0530][gc,start    ] GC(325) Pause Young (Normal) (G1 Evacuation Pause)
[2025-03-28T19:55:19.773+0530][gc,task     ] GC(325) Using 2 workers of 2 for evacuation
[2025-03-28T19:55:19.782+0530][gc,phases   ] GC(325)   Pre Evacuate Collection Set: 0.3ms
[2025-03-28T19:55:19.782+0530][gc,phases   ] GC(325)   Merge Heap Roots: 0.1ms
[2025-03-28T19:55:19.782+0530][gc,phases   ] GC(325)   Evacuate Collection Set: 6.9ms
[2025-03-28T19:55:19.782+0530][gc,phases   ] GC(325)   Post Evacuate Collection Set: 0.7ms
[2025-03-28T19:55:19.782+0530][gc,phases   ] GC(325)   Other: 0.1ms
[2025-03-28T19:55:19.782+0530][gc,heap     ] GC(325) Eden regions: 100->0(151)
[2025-03-28T19:55:19.782+0530][gc,heap     ] GC(325) Survivor regions: 3->3(13)
[2025-03-28T19:55:19.782+0530][gc,heap     ] GC(325) Old regions: 171->171
[2025-03-28T19:55:19.782+0530][gc,heap     ] GC(325) Archive regions: 2->2
[2025-03-28T19:55:19.782+0530][gc,heap     ] GC(325) Humongous regions: 151->149
[2025-03-28T19:55:19.782+0530][gc,metaspace] GC(325) Metaspace: 52538K(53248K)->52538K(53248K) NonClass: 46644K(46976K)->46644K(46976K) Class: 5893K(6272K)->5893K(6272K)
[2025-03-28T19:55:19.782+0530][gc          ] GC(325) Pause Young (Normal) (G1 Evacuation Pause) 425M->323M(1024M) 8.266ms
[2025-03-28T19:55:19.782+0530][gc,cpu      ] GC(325) User=0.02s Sys=0.00s Real=0.01s
[2025-03-28T19:55:23.518+0530][gc,start    ] GC(430) Pause Young (Normal) (G1 Evacuation Pause)
[2025-03-28T19:55:23.518+0530][gc,task     ] GC(430) Using 2 workers of 2 for evacuation
[2025-03-28T19:55:23.526+0530][gc,phases   ] GC(430)   Pre Evacuate Collection Set: 0.3ms
[2025-03-28T19:55:23.526+0530][gc,phases   ] GC(430)   Merge Heap Roots: 0.2ms
[2025-03-28T19:55:23.526+0530][gc,phases   ] GC(430)   Evacuate Collection Set: 6.8ms
[2025-03-28T19:55:23.526+0530][gc,phases   ] GC(430)   Post Evacuate Collection Set: 0.6ms
[2025-03-28T19:55:23.526+0530][gc,phases   ] GC(430)   Other: 0.2ms
[2025-03-28T19:55:23.526+0530][gc,heap     ] GC(430) Eden regions: 236->0(419)
[2025-03-28T19:55:23.526+0530][gc,heap     ] GC(430) Survivor regions: 4->2(30)
[2025-03-28T19:55:23.526+0530][gc,heap     ] GC(430) Old regions: 80->80
[2025-03-28T19:55:23.526+0530][gc,heap     ] GC(430) Archive regions: 2->2
[2025-03-28T19:55:23.526+0530][gc,heap     ] GC(430) Humongous regions: 153->147
[2025-03-28T19:55:23.526+0530][gc,metaspace] GC(430) Metaspace: 52027K(52672K)->52027K(52672K) NonClass: 46231K(46528K)->46231K(46528K) Class: 5796K(6144K)->5796K(6144K)
[2025-03-28T19:55:23.526+0530][gc          ] GC(430) Pause Young (Normal) (G1 Evacuation Pause) 472M->228M(1024M) 8.243ms
[2025-03-28T19:55:23.526+0530][gc,cpu      ] GC(430) User=0.01s Sys=0.00s Real=0.01s
[2025-03-28T19:55:29.699+0530][gc,start    ] GC(326) Pause Young (Normal) (G1 Evacuation Pause)
[2025-03-28T19:55:29.699+0530][gc,task     ] GC(326) Using 2 workers of 2 for evacuation
[2025-03-28T19:55:29.709+0530][gc,phases   ] GC(326)   Pre Evacuate Collection Set: 0.3ms
[2025-03-28T19:55:29.709+0530][gc,phases   ] GC(326)   Merge Heap Roots: 0.3ms
[2025-03-28T19:55:29.709+0530][gc,phases   ] GC(326)   Evacuate Collection Set: 8.5ms
[2025-03-28T19:55:29.709+0530][gc,phases   ] GC(326)   Post Evacuate Collection Set: 0.7ms
[2025-03-28T19:55:29.709+0530][gc,phases   ] GC(326)   Other: 0.4ms
[2025-03-28T19:55:29.709+0530][gc,heap     ] GC(326) Eden regions: 151->0(216)
[2025-03-28T19:55:29.709+0530][gc,heap     ] GC(326) Survivor regions: 3->2(20)
[2025-03-28T19:55:29.709+0530][gc,heap     ] GC(326) Old regions: 171->171
[2025-03-28T19:55:29.709+0530][gc,heap     ] GC(326) Archive regions: 2->2
[2025-03-28T19:55:29.709+0530][gc,heap     ] GC(326) Humongous regions: 151->147
[2025-03-28T19:55:29.709+0530][gc,metaspace] GC(326) Metaspace: 52538K(53248K)->52538K(53248K) NonClass: 46644K(46976K)->46644K(46976K) Class: 5893K(6272K)->5893K(6272K)
[2025-03-28T19:55:29.709+0530][gc          ] GC(326) Pause Young (Normal) (G1 Evacuation Pause) 476M->320M(1024M) 10.309ms
[2025-03-28T19:55:29.709+0530][gc,cpu      ] GC(326) User=0.02s Sys=0.00s Real=0.01s
[2025-03-28T19:55:39.628+0530][gc,start    ] GC(327) Pause Young (Normal) (G1 Evacuation Pause)
[2025-03-28T19:55:39.628+0530][gc,task     ] GC(327) Using 2 workers of 2 for evacuation
[2025-03-28T19:55:39.643+0530][gc,phases   ] GC(327)   Pre Evacuate Collection Set: 0.6ms
[2025-03-28T19:55:39.643+0530][gc,phases   ] GC(327)   Merge Heap Roots: 0.8ms
[2025-03-28T19:55:39.643+0530][gc,phases   ] GC(327)   Evacuate Collection Set: 12.5ms
[2025-03-28T19:55:39.643+0530][gc,phases   ] GC(327)   Post Evacuate Collection Set: 1.2ms
[2025-03-28T19:55:39.643+0530][gc,phases   ] GC(327)   Other: 0.5ms
[2025-03-28T19:55:39.643+0530][gc,heap     ] GC(327) Eden regions: 206->0(160)
[2025-03-28T19:55:39.643+0530][gc,heap     ] GC(327) Survivor regions: 2->2(26)
[2025-03-28T19:55:39.644+0530][gc,heap     ] GC(327) Old regions: 171->171
[2025-03-28T19:55:39.644+0530][gc,heap     ] GC(327) Archive regions: 2->2
[2025-03-28T19:55:39.644+0530][gc,heap     ] GC(327) Humongous regions: 151->147
[2025-03-28T19:55:39.644+0530][gc,metaspace] GC(327) Metaspace: 52551K(53248K)->52551K(53248K) NonClass: 46657K(46976K)->46657K(46976K) Class: 5894K(6272K)->5894K(6272K)
[2025-03-28T19:55:39.644+0530][gc          ] GC(327) Pause Young (Normal) (G1 Evacuation Pause) 530M->319M(1024M) 15.673ms
[2025-03-28T19:55:39.644+0530][gc,cpu      ] GC(327) User=0.03s Sys=0.00s Real=0.01s
[2025-03-28T19:55:42.507+0530][gc,start    ] GC(431) Pause Young (Normal) (G1 Evacuation Pause)
[2025-03-28T19:55:42.507+0530][gc,task     ] GC(431) Using 2 workers of 2 for evacuation
[2025-03-28T19:55:42.521+0530][gc,phases   ] GC(431)   Pre Evacuate Collection Set: 0.2ms
[2025-03-28T19:55:42.521+0530][gc,phases   ] GC(431)   Merge Heap Roots: 0.1ms
[2025-03-28T19:55:42.521+0530][gc,phases   ] GC(431)   Evacuate Collection Set: 13.5ms
[2025-03-28T19:55:42.521+0530][gc,phases   ] GC(431)   Post Evacuate Collection Set: 0.7ms
[2025-03-28T19:55:42.521+0530][gc,phases   ] GC(431)   Other: 0.2ms
[2025-03-28T19:55:42.521+0530][gc,heap     ] GC(431) Eden regions: 395->0(281)
[2025-03-28T19:55:42.521+0530][gc,heap     ] GC(431) Survivor regions: 2->4(50)
[2025-03-28T19:55:42.521+0530][gc,heap     ] GC(431) Old regions: 80->80
[2025-03-28T19:55:42.521+0530][gc,heap     ] GC(431) Archive regions: 2->2
[2025-03-28T19:55:42.521+0530][gc,heap     ] GC(431) Humongous regions: 155->149
[2025-03-28T19:55:42.521+0530][gc,metaspace] GC(431) Metaspace: 52027K(52672K)->52027K(52672K) NonClass: 46231K(46528K)->46231K(46528K) Class: 5796K(6144K)->5796K(6144K)
[2025-03-28T19:55:42.522+0530][gc          ] GC(431) Pause Young (Normal) (G1 Evacuation Pause) 631M->233M(1024M) 14.814ms
[2025-03-28T19:55:42.522+0530][gc,cpu      ] GC(431) User=0.02s Sys=0.00s Real=0.01s
[2025-03-28T19:55:48.555+0530][gc,start    ] GC(328) Pause Young (Normal) (G1 Evacuation Pause)
[2025-03-28T19:55:48.555+0530][gc,task     ] GC(328) Using 2 workers of 2 for evacuation
[2025-03-28T19:55:48.563+0530][gc,phases   ] GC(328)   Pre Evacuate Collection Set: 0.2ms
[2025-03-28T19:55:48.563+0530][gc,phases   ] GC(328)   Merge Heap Roots: 0.2ms
[2025-03-28T19:55:48.563+0530][gc,phases   ] GC(328)   Evacuate Collection Set: 6.9ms
[2025-03-28T19:55:48.563+0530][gc,phases   ] GC(328)   Post Evacuate Collection Set: 0.5ms
[2025-03-28T19:55:48.563+0530][gc,phases   ] GC(328)   Other: 0.3ms
[2025-03-28T19:55:48.563+0530][gc,heap     ] GC(328) Eden regions: 145->0(65)
[2025-03-28T19:55:48.563+0530][gc,heap     ] GC(328) Survivor regions: 2->6(19)
[2025-03-28T19:55:48.563+0530][gc,heap     ] GC(328) Old regions: 171->171
[2025-03-28T19:55:48.563+0530][gc,heap     ] GC(328) Archive regions: 2->2
[2025-03-28T19:55:48.563+0530][gc,heap     ] GC(328) Humongous regions: 149->147
[2025-03-28T19:55:48.563+0530][gc,metaspace] GC(328) Metaspace: 52554K(53248K)->52554K(53248K) NonClass: 46660K(46976K)->46660K(46976K) Class: 5894K(6272K)->5894K(6272K)
[2025-03-28T19:55:48.563+0530][gc          ] GC(328) Pause Young (Normal) (G1 Evacuation Pause) 466M->323M(1024M) 8.168ms
[2025-03-28T19:55:48.563+0530][gc,cpu      ] GC(328) User=0.01s Sys=0.01s Real=0.01s
[2025-03-28T19:55:48.663+0530][gc,start    ] GC(329) Pause Young (Normal) (G1 Evacuation Pause)
[2025-03-28T19:55:48.663+0530][gc,task     ] GC(329) Using 2 workers of 2 for evacuation
[2025-03-28T19:55:48.675+0530][gc,phases   ] GC(329)   Pre Evacuate Collection Set: 0.2ms
[2025-03-28T19:55:48.675+0530][gc,phases   ] GC(329)   Merge Heap Roots: 0.1ms
[2025-03-28T19:55:48.675+0530][gc,phases   ] GC(329)   Evacuate Collection Set: 10.7ms
[2025-03-28T19:55:48.675+0530][gc,phases   ] GC(329)   Post Evacuate Collection Set: 1.1ms
[2025-03-28T19:55:48.675+0530][gc,phases   ] GC(329)   Other: 0.3ms
[2025-03-28T19:55:48.675+0530][gc,heap     ] GC(329) Eden regions: 65->0(179)
[2025-03-28T19:55:48.675+0530][gc,heap     ] GC(329) Survivor regions: 6->3(9)
[2025-03-28T19:55:48.675+0530][gc,heap     ] GC(329) Old regions: 171->172
[2025-03-28T19:55:48.675+0530][gc,heap     ] GC(329) Archive regions: 2->2
[2025-03-28T19:55:48.675+0530][gc,heap     ] GC(329) Humongous regions: 149->149
[2025-03-28T19:55:48.675+0530][gc,metaspace] GC(329) Metaspace: 52554K(53248K)->52554K(53248K) NonClass: 46660K(46976K)->46660K(46976K) Class: 5894K(6272K)->5894K(6272K)
[2025-03-28T19:55:48.675+0530][gc          ] GC(329) Pause Young (Normal) (G1 Evacuation Pause) 390M->324M(1024M) 12.561ms
[2025-03-28T19:55:48.675+0530][gc,cpu      ] GC(329) User=0.02s Sys=0.00s Real=0.02s
[2025-03-28T19:55:53.599+0530][gc,start    ] GC(432) Pause Young (Normal) (G1 Evacuation Pause)
[2025-03-28T19:55:53.599+0530][gc,task     ] GC(432) Using 2 workers of 2 for evacuation
[2025-03-28T19:55:53.619+0530][gc,mmu      ] GC(432) MMU target violated: 20.4ms (20.0ms/21.0ms)
[2025-03-28T19:55:53.620+0530][gc,phases   ] GC(432)   Pre Evacuate Collection Set: 0.2ms
[2025-03-28T19:55:53.620+0530][gc,phases   ] GC(432)   Merge Heap Roots: 0.1ms
[2025-03-28T19:55:53.620+0530][gc,phases   ] GC(432)   Evacuate Collection Set: 19.3ms
[2025-03-28T19:55:53.620+0530][gc,phases   ] GC(432)   Post Evacuate Collection Set: 0.7ms
[2025-03-28T19:55:53.620+0530][gc,phases   ] GC(432)   Other: 0.2ms
[2025-03-28T19:55:53.620+0530][gc,heap     ] GC(432) Eden regions: 281->0(43)
[2025-03-28T19:55:53.620+0530][gc,heap     ] GC(432) Survivor regions: 4->8(36)
[2025-03-28T19:55:53.620+0530][gc,heap     ] GC(432) Old regions: 80->80
[2025-03-28T19:55:53.620+0530][gc,heap     ] GC(432) Archive regions: 2->2
[2025-03-28T19:55:53.620+0530][gc,heap     ] GC(432) Humongous regions: 153->147
[2025-03-28T19:55:53.620+0530][gc,metaspace] GC(432) Metaspace: 52028K(52672K)->52028K(52672K) NonClass: 46232K(46528K)->46232K(46528K) Class: 5796K(6144K)->5796K(6144K)
[2025-03-28T19:55:53.620+0530][gc          ] GC(432) Pause Young (Normal) (G1 Evacuation Pause) 518M->234M(1024M) 20.747ms
[2025-03-28T19:55:53.620+0530][gc,cpu      ] GC(432) User=0.02s Sys=0.00s Real=0.02s
[2025-03-28T19:55:53.693+0530][gc,start    ] GC(433) Pause Young (Normal) (G1 Evacuation Pause)
[2025-03-28T19:55:53.693+0530][gc,task     ] GC(433) Using 2 workers of 2 for evacuation
[2025-03-28T19:55:53.704+0530][gc,phases   ] GC(433)   Pre Evacuate Collection Set: 0.1ms
[2025-03-28T19:55:53.704+0530][gc,phases   ] GC(433)   Merge Heap Roots: 0.1ms
[2025-03-28T19:55:53.704+0530][gc,phases   ] GC(433)   Evacuate Collection Set: 10.0ms
[2025-03-28T19:55:53.704+0530][gc,phases   ] GC(433)   Post Evacuate Collection Set: 0.6ms
[2025-03-28T19:55:53.704+0530][gc,phases   ] GC(433)   Other: 0.2ms
[2025-03-28T19:55:53.704+0530][gc,heap     ] GC(433) Eden regions: 43->0(334)
[2025-03-28T19:55:53.705+0530][gc,heap     ] GC(433) Survivor regions: 8->2(7)
[2025-03-28T19:55:53.705+0530][gc,heap     ] GC(433) Old regions: 80->82
[2025-03-28T19:55:53.705+0530][gc,heap     ] GC(433) Archive regions: 2->2
[2025-03-28T19:55:53.705+0530][gc,heap     ] GC(433) Humongous regions: 149->149
[2025-03-28T19:55:53.705+0530][gc,metaspace] GC(433) Metaspace: 52028K(52672K)->52028K(52672K) NonClass: 46232K(46528K)->46232K(46528K) Class: 5796K(6144K)->5796K(6144K)
[2025-03-28T19:55:53.705+0530][gc          ] GC(433) Pause Young (Normal) (G1 Evacuation Pause) 279M->233M(1024M) 11.157ms
[2025-03-28T19:55:53.705+0530][gc,cpu      ] GC(433) User=0.02s Sys=0.00s Real=0.01s
[2025-03-28T19:55:58.909+0530][gc,start    ] GC(330) Pause Young (Normal) (G1 Evacuation Pause)
[2025-03-28T19:55:58.909+0530][gc,task     ] GC(330) Using 2 workers of 2 for evacuation
[2025-03-28T19:55:58.937+0530][gc,mmu      ] GC(330) MMU target violated: 21.0ms (20.0ms/21.0ms)
[2025-03-28T19:55:58.937+0530][gc,phases   ] GC(330)   Pre Evacuate Collection Set: 0.2ms
[2025-03-28T19:55:58.937+0530][gc,phases   ] GC(330)   Merge Heap Roots: 0.1ms
[2025-03-28T19:55:58.937+0530][gc,phases   ] GC(330)   Evacuate Collection Set: 26.6ms
[2025-03-28T19:55:58.937+0530][gc,phases   ] GC(330)   Post Evacuate Collection Set: 1.7ms
[2025-03-28T19:55:58.937+0530][gc,phases   ] GC(330)   Other: 0.3ms
[2025-03-28T19:55:58.937+0530][gc,heap     ] GC(330) Eden regions: 179->0(42)
[2025-03-28T19:55:58.937+0530][gc,heap     ] GC(330) Survivor regions: 3->9(23)
[2025-03-28T19:55:58.937+0530][gc,heap     ] GC(330) Old regions: 172->172
[2025-03-28T19:55:58.937+0530][gc,heap     ] GC(330) Archive regions: 2->2
[2025-03-28T19:55:58.937+0530][gc,heap     ] GC(330) Humongous regions: 151->147
[2025-03-28T19:55:58.937+0530][gc,metaspace] GC(330) Metaspace: 52555K(53248K)->52555K(53248K) NonClass: 46661K(46976K)->46661K(46976K) Class: 5894K(6272K)->5894K(6272K)
[2025-03-28T19:55:58.937+0530][gc          ] GC(330) Pause Young (Normal) (G1 Evacuation Pause) 505M->327M(1024M) 28.869ms
[2025-03-28T19:55:58.938+0530][gc,cpu      ] GC(330) User=0.04s Sys=0.00s Real=0.03s
[2025-03-28T19:55:59.617+0530][gc,start    ] GC(331) Pause Young (Normal) (G1 Evacuation Pause)
[2025-03-28T19:55:59.617+0530][gc,task     ] GC(331) Using 2 workers of 2 for evacuation
[2025-03-28T19:55:59.639+0530][gc,mmu      ] GC(331) MMU target violated: 21.0ms (20.0ms/21.0ms)
[2025-03-28T19:55:59.639+0530][gc,phases   ] GC(331)   Pre Evacuate Collection Set: 0.7ms
[2025-03-28T19:55:59.639+0530][gc,phases   ] GC(331)   Merge Heap Roots: 0.6ms
[2025-03-28T19:55:59.640+0530][gc,phases   ] GC(331)   Evacuate Collection Set: 15.7ms
[2025-03-28T19:55:59.640+0530][gc,phases   ] GC(331)   Post Evacuate Collection Set: 4.4ms
[2025-03-28T19:55:59.640+0530][gc,phases   ] GC(331)   Other: 0.7ms
[2025-03-28T19:55:59.640+0530][gc,heap     ] GC(331) Eden regions: 42->0(50)
[2025-03-28T19:55:59.640+0530][gc,heap     ] GC(331) Survivor regions: 9->1(7)
[2025-03-28T19:55:59.640+0530][gc,heap     ] GC(331) Old regions: 172->172
[2025-03-28T19:55:59.640+0530][gc,heap     ] GC(331) Archive regions: 2->2
[2025-03-28T19:55:59.640+0530][gc,heap     ] GC(331) Humongous regions: 149->147
[2025-03-28T19:55:59.640+0530][gc,metaspace] GC(331) Metaspace: 52555K(53248K)->52555K(53248K) NonClass: 46661K(46976K)->46661K(46976K) Class: 5894K(6272K)->5894K(6272K)
[2025-03-28T19:55:59.640+0530][gc          ] GC(331) Pause Young (Normal) (G1 Evacuation Pause) 371M->320M(1024M) 23.190ms
[2025-03-28T19:55:59.641+0530][gc,cpu      ] GC(331) User=0.03s Sys=0.01s Real=0.02s
[2025-03-28T19:55:59.720+0530][gc,start    ] GC(332) Pause Young (Normal) (G1 Evacuation Pause)
[2025-03-28T19:55:59.720+0530][gc,task     ] GC(332) Using 2 workers of 2 for evacuation
[2025-03-28T19:55:59.726+0530][gc,phases   ] GC(332)   Pre Evacuate Collection Set: 0.1ms
[2025-03-28T19:55:59.726+0530][gc,phases   ] GC(332)   Merge Heap Roots: 0.1ms
[2025-03-28T19:55:59.726+0530][gc,phases   ] GC(332)   Evacuate Collection Set: 4.9ms
[2025-03-28T19:55:59.726+0530][gc,phases   ] GC(332)   Post Evacuate Collection Set: 0.4ms
[2025-03-28T19:55:59.726+0530][gc,phases   ] GC(332)   Other: 0.1ms
[2025-03-28T19:55:59.726+0530][gc,heap     ] GC(332) Eden regions: 50->0(45)
[2025-03-28T19:55:59.726+0530][gc,heap     ] GC(332) Survivor regions: 1->6(7)
[2025-03-28T19:55:59.726+0530][gc,heap     ] GC(332) Old regions: 172->172
[2025-03-28T19:55:59.726+0530][gc,heap     ] GC(332) Archive regions: 2->2
[2025-03-28T19:55:59.726+0530][gc,heap     ] GC(332) Humongous regions: 147->147
[2025-03-28T19:55:59.726+0530][gc,metaspace] GC(332) Metaspace: 52555K(53248K)->52555K(53248K) NonClass: 46661K(46976K)->46661K(46976K) Class: 5894K(6272K)->5894K(6272K)
[2025-03-28T19:55:59.726+0530][gc          ] GC(332) Pause Young (Normal) (G1 Evacuation Pause) 370M->325M(1024M) 5.800ms
[2025-03-28T19:55:59.726+0530][gc,cpu      ] GC(332) User=0.01s Sys=0.00s Real=0.01s
[2025-03-28T19:55:59.799+0530][gc,start    ] GC(333) Pause Young (Normal) (G1 Evacuation Pause)
[2025-03-28T19:55:59.799+0530][gc,task     ] GC(333) Using 2 workers of 2 for evacuation
[2025-03-28T19:55:59.804+0530][gc,phases   ] GC(333)   Pre Evacuate Collection Set: 0.2ms
[2025-03-28T19:55:59.804+0530][gc,phases   ] GC(333)   Merge Heap Roots: 0.0ms
[2025-03-28T19:55:59.804+0530][gc,phases   ] GC(333)   Evacuate Collection Set: 3.9ms
[2025-03-28T19:55:59.804+0530][gc,phases   ] GC(333)   Post Evacuate Collection Set: 0.8ms
[2025-03-28T19:55:59.804+0530][gc,phases   ] GC(333)   Other: 0.1ms
[2025-03-28T19:55:59.804+0530][gc,heap     ] GC(333) Eden regions: 45->0(49)
[2025-03-28T19:55:59.804+0530][gc,heap     ] GC(333) Survivor regions: 6->2(7)
[2025-03-28T19:55:59.804+0530][gc,heap     ] GC(333) Old regions: 172->173
[2025-03-28T19:55:59.804+0530][gc,heap     ] GC(333) Archive regions: 2->2
[2025-03-28T19:55:59.804+0530][gc,heap     ] GC(333) Humongous regions: 149->149
[2025-03-28T19:55:59.804+0530][gc,metaspace] GC(333) Metaspace: 52555K(53248K)->52555K(53248K) NonClass: 46661K(46976K)->46661K(46976K) Class: 5894K(6272K)->5894K(6272K)
[2025-03-28T19:55:59.804+0530][gc          ] GC(333) Pause Young (Normal) (G1 Evacuation Pause) 372M->324M(1024M) 5.242ms
[2025-03-28T19:55:59.804+0530][gc,cpu      ] GC(333) User=0.01s Sys=0.00s Real=0.01s
[2025-03-28T19:56:08.642+0530][gc,start    ] GC(334) Pause Young (Normal) (G1 Evacuation Pause)
[2025-03-28T19:56:08.642+0530][gc,task     ] GC(334) Using 2 workers of 2 for evacuation
[2025-03-28T19:56:08.676+0530][gc,mmu      ] GC(334) MMU target violated: 21.0ms (20.0ms/21.0ms)
[2025-03-28T19:56:08.676+0530][gc,phases   ] GC(334)   Pre Evacuate Collection Set: 2.9ms
[2025-03-28T19:56:08.676+0530][gc,phases   ] GC(334)   Merge Heap Roots: 0.2ms
[2025-03-28T19:56:08.676+0530][gc,phases   ] GC(334)   Evacuate Collection Set: 30.8ms
[2025-03-28T19:56:08.676+0530][gc,phases   ] GC(334)   Post Evacuate Collection Set: 0.8ms
[2025-03-28T19:56:08.676+0530][gc,phases   ] GC(334)   Other: 0.2ms
[2025-03-28T19:56:08.676+0530][gc,heap     ] GC(334) Eden regions: 49->0(51)
[2025-03-28T19:56:08.676+0530][gc,heap     ] GC(334) Survivor regions: 2->5(7)
[2025-03-28T19:56:08.677+0530][gc,heap     ] GC(334) Old regions: 173->173
[2025-03-28T19:56:08.677+0530][gc,heap     ] GC(334) Archive regions: 2->2
[2025-03-28T19:56:08.677+0530][gc,heap     ] GC(334) Humongous regions: 149->147
[2025-03-28T19:56:08.677+0530][gc,metaspace] GC(334) Metaspace: 52555K(53248K)->52555K(53248K) NonClass: 46661K(46976K)->46661K(46976K) Class: 5894K(6272K)->5894K(6272K)
[2025-03-28T19:56:08.677+0530][gc          ] GC(334) Pause Young (Normal) (G1 Evacuation Pause) 373M->324M(1024M) 34.916ms
[2025-03-28T19:56:08.677+0530][gc,cpu      ] GC(334) User=0.01s Sys=0.00s Real=0.04s
[2025-03-28T19:56:08.770+0530][gc,start    ] GC(335) Pause Young (Normal) (G1 Evacuation Pause)
[2025-03-28T19:56:08.770+0530][gc,task     ] GC(335) Using 2 workers of 2 for evacuation
[2025-03-28T19:56:08.784+0530][gc,phases   ] GC(335)   Pre Evacuate Collection Set: 0.3ms
[2025-03-28T19:56:08.784+0530][gc,phases   ] GC(335)   Merge Heap Roots: 0.1ms
[2025-03-28T19:56:08.784+0530][gc,phases   ] GC(335)   Evacuate Collection Set: 12.9ms
[2025-03-28T19:56:08.784+0530][gc,phases   ] GC(335)   Post Evacuate Collection Set: 0.9ms
[2025-03-28T19:56:08.784+0530][gc,phases   ] GC(335)   Other: 0.1ms
[2025-03-28T19:56:08.784+0530][gc,heap     ] GC(335) Eden regions: 51->0(88)
[2025-03-28T19:56:08.784+0530][gc,heap     ] GC(335) Survivor regions: 5->2(7)
[2025-03-28T19:56:08.784+0530][gc,heap     ] GC(335) Old regions: 173->174
[2025-03-28T19:56:08.784+0530][gc,heap     ] GC(335) Archive regions: 2->2
[2025-03-28T19:56:08.784+0530][gc,heap     ] GC(335) Humongous regions: 149->149
[2025-03-28T19:56:08.784+0530][gc,metaspace] GC(335) Metaspace: 52555K(53248K)->52555K(53248K) NonClass: 46661K(46976K)->46661K(46976K) Class: 5894K(6272K)->5894K(6272K)
[2025-03-28T19:56:08.784+0530][gc          ] GC(335) Pause Young (Normal) (G1 Evacuation Pause) 377M->325M(1024M) 14.389ms
[2025-03-28T19:56:08.784+0530][gc,cpu      ] GC(335) User=0.01s Sys=0.00s Real=0.01s
[2025-03-28T19:56:09.699+0530][gc,start    ] GC(336) Pause Young (Normal) (G1 Evacuation Pause)
[2025-03-28T19:56:09.699+0530][gc,task     ] GC(336) Using 2 workers of 2 for evacuation
[2025-03-28T19:56:09.712+0530][gc,phases   ] GC(336)   Pre Evacuate Collection Set: 0.3ms
[2025-03-28T19:56:09.712+0530][gc,phases   ] GC(336)   Merge Heap Roots: 0.2ms
[2025-03-28T19:56:09.712+0530][gc,phases   ] GC(336)   Evacuate Collection Set: 11.3ms
[2025-03-28T19:56:09.712+0530][gc,phases   ] GC(336)   Post Evacuate Collection Set: 0.7ms
[2025-03-28T19:56:09.712+0530][gc,phases   ] GC(336)   Other: 0.2ms
[2025-03-28T19:56:09.712+0530][gc,heap     ] GC(336) Eden regions: 88->0(58)
[2025-03-28T19:56:09.712+0530][gc,heap     ] GC(336) Survivor regions: 2->8(12)
[2025-03-28T19:56:09.712+0530][gc,heap     ] GC(336) Old regions: 174->174
[2025-03-28T19:56:09.712+0530][gc,heap     ] GC(336) Archive regions: 2->2
[2025-03-28T19:56:09.712+0530][gc,heap     ] GC(336) Humongous regions: 149->147
[2025-03-28T19:56:09.712+0530][gc,metaspace] GC(336) Metaspace: 52555K(53248K)->52555K(53248K) NonClass: 46661K(46976K)->46661K(46976K) Class: 5894K(6272K)->5894K(6272K)
[2025-03-28T19:56:09.712+0530][gc          ] GC(336) Pause Young (Normal) (G1 Evacuation Pause) 413M->329M(1024M) 12.833ms
[2025-03-28T19:56:09.712+0530][gc,cpu      ] GC(336) User=0.03s Sys=0.00s Real=0.01s
[2025-03-28T19:56:12.786+0530][gc,start    ] GC(434) Pause Young (Normal) (G1 Evacuation Pause)
[2025-03-28T19:56:12.786+0530][gc,task     ] GC(434) Using 2 workers of 2 for evacuation
[2025-03-28T19:56:12.793+0530][gc,phases   ] GC(434)   Pre Evacuate Collection Set: 0.2ms
[2025-03-28T19:56:12.793+0530][gc,phases   ] GC(434)   Merge Heap Roots: 0.1ms
[2025-03-28T19:56:12.793+0530][gc,phases   ] GC(434)   Evacuate Collection Set: 5.7ms
[2025-03-28T19:56:12.793+0530][gc,phases   ] GC(434)   Post Evacuate Collection Set: 0.7ms
[2025-03-28T19:56:12.793+0530][gc,phases   ] GC(434)   Other: 0.2ms
[2025-03-28T19:56:12.793+0530][gc,heap     ] GC(434) Eden regions: 334->0(455)
[2025-03-28T19:56:12.793+0530][gc,heap     ] GC(434) Survivor regions: 2->3(42)
[2025-03-28T19:56:12.793+0530][gc,heap     ] GC(434) Old regions: 82->82
[2025-03-28T19:56:12.793+0530][gc,heap     ] GC(434) Archive regions: 2->2
[2025-03-28T19:56:12.793+0530][gc,heap     ] GC(434) Humongous regions: 155->149
[2025-03-28T19:56:12.793+0530][gc,metaspace] GC(434) Metaspace: 52028K(52672K)->52028K(52672K) NonClass: 46232K(46528K)->46232K(46528K) Class: 5796K(6144K)->5796K(6144K)
[2025-03-28T19:56:12.793+0530][gc          ] GC(434) Pause Young (Normal) (G1 Evacuation Pause) 573M->234M(1024M) 6.983ms
[2025-03-28T19:56:12.793+0530][gc,cpu      ] GC(434) User=0.01s Sys=0.00s Real=0.00s
[2025-03-28T19:56:18.504+0530][gc,start    ] GC(337) Pause Young (Normal) (G1 Evacuation Pause)
[2025-03-28T19:56:18.504+0530][gc,task     ] GC(337) Using 2 workers of 2 for evacuation
[2025-03-28T19:56:18.510+0530][gc,phases   ] GC(337)   Pre Evacuate Collection Set: 0.2ms
[2025-03-28T19:56:18.510+0530][gc,phases   ] GC(337)   Merge Heap Roots: 0.1ms
[2025-03-28T19:56:18.510+0530][gc,phases   ] GC(337)   Evacuate Collection Set: 3.5ms
[2025-03-28T19:56:18.510+0530][gc,phases   ] GC(337)   Post Evacuate Collection Set: 1.6ms
[2025-03-28T19:56:18.510+0530][gc,phases   ] GC(337)   Other: 0.2ms
[2025-03-28T19:56:18.510+0530][gc,heap     ] GC(337) Eden regions: 58->0(158)
[2025-03-28T19:56:18.510+0530][gc,heap     ] GC(337) Survivor regions: 8->2(9)
[2025-03-28T19:56:18.510+0530][gc,heap     ] GC(337) Old regions: 174->174
[2025-03-28T19:56:18.510+0530][gc,heap     ] GC(337) Archive regions: 2->2
[2025-03-28T19:56:18.510+0530][gc,heap     ] GC(337) Humongous regions: 149->147
[2025-03-28T19:56:18.510+0530][gc,metaspace] GC(337) Metaspace: 52556K(53248K)->52556K(53248K) NonClass: 46661K(46976K)->46661K(46976K) Class: 5894K(6272K)->5894K(6272K)
[2025-03-28T19:56:18.510+0530][gc          ] GC(337) Pause Young (Normal) (G1 Evacuation Pause) 389M->323M(1024M) 5.714ms
[2025-03-28T19:56:18.510+0530][gc,cpu      ] GC(337) User=0.01s Sys=0.00s Real=0.01s
[2025-03-28T19:56:19.719+0530][gc,start    ] GC(338) Pause Young (Normal) (G1 Evacuation Pause)
[2025-03-28T19:56:19.719+0530][gc,task     ] GC(338) Using 2 workers of 2 for evacuation
[2025-03-28T19:56:19.728+0530][gc,phases   ] GC(338)   Pre Evacuate Collection Set: 0.2ms
[2025-03-28T19:56:19.728+0530][gc,phases   ] GC(338)   Merge Heap Roots: 0.1ms
[2025-03-28T19:56:19.728+0530][gc,phases   ] GC(338)   Evacuate Collection Set: 8.2ms
[2025-03-28T19:56:19.728+0530][gc,phases   ] GC(338)   Post Evacuate Collection Set: 0.8ms
[2025-03-28T19:56:19.728+0530][gc,phases   ] GC(338)   Other: 0.1ms
[2025-03-28T19:56:19.728+0530][gc,heap     ] GC(338) Eden regions: 158->0(150)
[2025-03-28T19:56:19.728+0530][gc,heap     ] GC(338) Survivor regions: 2->8(20)
[2025-03-28T19:56:19.728+0530][gc,heap     ] GC(338) Old regions: 174->174
[2025-03-28T19:56:19.728+0530][gc,heap     ] GC(338) Archive regions: 2->2
[2025-03-28T19:56:19.728+0530][gc,heap     ] GC(338) Humongous regions: 149->147
[2025-03-28T19:56:19.728+0530][gc,metaspace] GC(338) Metaspace: 52557K(53248K)->52557K(53248K) NonClass: 46662K(46976K)->46662K(46976K) Class: 5894K(6272K)->5894K(6272K)
[2025-03-28T19:56:19.728+0530][gc          ] GC(338) Pause Young (Normal) (G1 Evacuation Pause) 483M->329M(1024M) 9.496ms
[2025-03-28T19:56:19.728+0530][gc,cpu      ] GC(338) User=0.01s Sys=0.00s Real=0.01s
[2025-03-28T19:56:28.726+0530][gc,start    ] GC(339) Pause Young (Normal) (G1 Evacuation Pause)
[2025-03-28T19:56:28.726+0530][gc,task     ] GC(339) Using 2 workers of 2 for evacuation
[2025-03-28T19:56:28.753+0530][gc,mmu      ] GC(339) MMU target violated: 21.0ms (20.0ms/21.0ms)
[2025-03-28T19:56:28.754+0530][gc,phases   ] GC(339)   Pre Evacuate Collection Set: 0.2ms
[2025-03-28T19:56:28.754+0530][gc,phases   ] GC(339)   Merge Heap Roots: 0.3ms
[2025-03-28T19:56:28.754+0530][gc,phases   ] GC(339)   Evacuate Collection Set: 26.2ms
[2025-03-28T19:56:28.754+0530][gc,phases   ] GC(339)   Post Evacuate Collection Set: 0.5ms
[2025-03-28T19:56:28.754+0530][gc,phases   ] GC(339)   Other: 0.2ms
[2025-03-28T19:56:28.754+0530][gc,heap     ] GC(339) Eden regions: 150->0(90)
[2025-03-28T19:56:28.754+0530][gc,heap     ] GC(339) Survivor regions: 8->4(20)
[2025-03-28T19:56:28.754+0530][gc,heap     ] GC(339) Old regions: 174->174
[2025-03-28T19:56:28.754+0530][gc,heap     ] GC(339) Archive regions: 2->2
[2025-03-28T19:56:28.754+0530][gc,heap     ] GC(339) Humongous regions: 151->149
[2025-03-28T19:56:28.754+0530][gc,metaspace] GC(339) Metaspace: 52671K(53376K)->52671K(53376K) NonClass: 46751K(47104K)->46751K(47104K) Class: 5920K(6272K)->5920K(6272K)
[2025-03-28T19:56:28.754+0530][gc          ] GC(339) Pause Young (Normal) (G1 Evacuation Pause) 483M->327M(1024M) 27.632ms
[2025-03-28T19:56:28.754+0530][gc,cpu      ] GC(339) User=0.01s Sys=0.00s Real=0.03s
[2025-03-28T19:56:29.771+0530][gc,start    ] GC(340) Pause Young (Normal) (G1 Evacuation Pause)
[2025-03-28T19:56:29.771+0530][gc,task     ] GC(340) Using 2 workers of 2 for evacuation
[2025-03-28T19:56:29.786+0530][gc,phases   ] GC(340)   Pre Evacuate Collection Set: 0.2ms
[2025-03-28T19:56:29.786+0530][gc,phases   ] GC(340)   Merge Heap Roots: 0.1ms
[2025-03-28T19:56:29.786+0530][gc,phases   ] GC(340)   Evacuate Collection Set: 7.2ms
[2025-03-28T19:56:29.786+0530][gc,phases   ] GC(340)   Post Evacuate Collection Set: 7.3ms
[2025-03-28T19:56:29.786+0530][gc,phases   ] GC(340)   Other: 0.2ms
[2025-03-28T19:56:29.786+0530][gc,heap     ] GC(340) Eden regions: 87->0(102)
[2025-03-28T19:56:29.787+0530][gc,heap     ] GC(340) Survivor regions: 4->3(12)
[2025-03-28T19:56:29.787+0530][gc,heap     ] GC(340) Old regions: 174->174
[2025-03-28T19:56:29.787+0530][gc,heap     ] GC(340) Archive regions: 2->2
[2025-03-28T19:56:29.787+0530][gc,heap     ] GC(340) Humongous regions: 151->149
[2025-03-28T19:56:29.787+0530][gc,metaspace] GC(340) Metaspace: 52671K(53376K)->52671K(53376K) NonClass: 46751K(47104K)->46751K(47104K) Class: 5920K(6272K)->5920K(6272K)
[2025-03-28T19:56:29.787+0530][gc          ] GC(340) Pause Young (Normal) (G1 Evacuation Pause) 416M->326M(1024M) 15.121ms
[2025-03-28T19:56:29.787+0530][gc,cpu      ] GC(340) User=0.02s Sys=0.00s Real=0.02s
[2025-03-28T19:56:32.679+0530][gc,start    ] GC(435) Pause Young (Concurrent Start) (G1 Humongous Allocation)
[2025-03-28T19:56:32.679+0530][gc,task     ] GC(435) Using 2 workers of 2 for evacuation
[2025-03-28T19:56:32.699+0530][gc,phases   ] GC(435)   Pre Evacuate Collection Set: 0.4ms
[2025-03-28T19:56:32.699+0530][gc,phases   ] GC(435)   Merge Heap Roots: 0.1ms
[2025-03-28T19:56:32.699+0530][gc,phases   ] GC(435)   Evacuate Collection Set: 18.2ms
[2025-03-28T19:56:32.699+0530][gc,phases   ] GC(435)   Post Evacuate Collection Set: 1.2ms
[2025-03-28T19:56:32.699+0530][gc,phases   ] GC(435)   Other: 0.2ms
[2025-03-28T19:56:32.699+0530][gc,heap     ] GC(435) Eden regions: 433->0(419)
[2025-03-28T19:56:32.699+0530][gc,heap     ] GC(435) Survivor regions: 3->5(58)
[2025-03-28T19:56:32.699+0530][gc,heap     ] GC(435) Old regions: 82->82
[2025-03-28T19:56:32.699+0530][gc,heap     ] GC(435) Archive regions: 2->2
[2025-03-28T19:56:32.699+0530][gc,heap     ] GC(435) Humongous regions: 157->149
[2025-03-28T19:56:32.699+0530][gc,metaspace] GC(435) Metaspace: 52446K(53120K)->52446K(53120K) NonClass: 46578K(46912K)->46578K(46912K) Class: 5867K(6208K)->5867K(6208K)
[2025-03-28T19:56:32.699+0530][gc          ] GC(435) Pause Young (Concurrent Start) (G1 Humongous Allocation) 675M->236M(1024M) 20.330ms
[2025-03-28T19:56:32.699+0530][gc,cpu      ] GC(435) User=0.01s Sys=0.00s Real=0.02s
[2025-03-28T19:56:32.699+0530][gc          ] GC(436) Concurrent Undo Cycle
[2025-03-28T19:56:32.699+0530][gc,marking  ] GC(436) Concurrent Cleanup for Next Mark
[2025-03-28T19:56:32.707+0530][gc,marking  ] GC(436) Concurrent Cleanup for Next Mark 7.492ms
[2025-03-28T19:56:32.707+0530][gc          ] GC(436) Concurrent Undo Cycle 7.547ms
[2025-03-28T19:56:38.827+0530][gc,start    ] GC(341) Pause Young (Normal) (G1 Evacuation Pause)
[2025-03-28T19:56:38.827+0530][gc,task     ] GC(341) Using 2 workers of 2 for evacuation
[2025-03-28T19:56:38.851+0530][gc,mmu      ] GC(341) MMU target violated: 21.0ms (20.0ms/21.0ms)
[2025-03-28T19:56:38.851+0530][gc,phases   ] GC(341)   Pre Evacuate Collection Set: 0.3ms
[2025-03-28T19:56:38.851+0530][gc,phases   ] GC(341)   Merge Heap Roots: 0.2ms
[2025-03-28T19:56:38.851+0530][gc,phases   ] GC(341)   Evacuate Collection Set: 22.2ms
[2025-03-28T19:56:38.851+0530][gc,phases   ] GC(341)   Post Evacuate Collection Set: 0.6ms
[2025-03-28T19:56:38.851+0530][gc,phases   ] GC(341)   Other: 0.3ms
[2025-03-28T19:56:38.851+0530][gc,heap     ] GC(341) Eden regions: 102->0(55)
[2025-03-28T19:56:38.851+0530][gc,heap     ] GC(341) Survivor regions: 3->4(14)
[2025-03-28T19:56:38.851+0530][gc,heap     ] GC(341) Old regions: 174->174
[2025-03-28T19:56:38.851+0530][gc,heap     ] GC(341) Archive regions: 2->2
[2025-03-28T19:56:38.851+0530][gc,heap     ] GC(341) Humongous regions: 154->149
[2025-03-28T19:56:38.851+0530][gc,metaspace] GC(341) Metaspace: 52706K(53376K)->52706K(53376K) NonClass: 46782K(47104K)->46782K(47104K) Class: 5923K(6272K)->5923K(6272K)
[2025-03-28T19:56:38.851+0530][gc          ] GC(341) Pause Young (Normal) (G1 Evacuation Pause) 433M->327M(1024M) 23.563ms
[2025-03-28T19:56:38.851+0530][gc,cpu      ] GC(341) User=0.02s Sys=0.00s Real=0.01s
[2025-03-28T19:56:39.646+0530][gc,start    ] GC(342) Pause Young (Normal) (G1 Evacuation Pause)
[2025-03-28T19:56:39.646+0530][gc,task     ] GC(342) Using 2 workers of 2 for evacuation
[2025-03-28T19:56:39.660+0530][gc,phases   ] GC(342)   Pre Evacuate Collection Set: 0.4ms
[2025-03-28T19:56:39.660+0530][gc,phases   ] GC(342)   Merge Heap Roots: 0.1ms
[2025-03-28T19:56:39.660+0530][gc,phases   ] GC(342)   Evacuate Collection Set: 5.8ms
[2025-03-28T19:56:39.660+0530][gc,phases   ] GC(342)   Post Evacuate Collection Set: 7.1ms
[2025-03-28T19:56:39.660+0530][gc,phases   ] GC(342)   Other: 0.2ms
[2025-03-28T19:56:39.660+0530][gc,heap     ] GC(342) Eden regions: 55->0(62)
[2025-03-28T19:56:39.660+0530][gc,heap     ] GC(342) Survivor regions: 4->4(8)
[2025-03-28T19:56:39.660+0530][gc,heap     ] GC(342) Old regions: 174->174
[2025-03-28T19:56:39.660+0530][gc,heap     ] GC(342) Archive regions: 2->2
[2025-03-28T19:56:39.660+0530][gc,heap     ] GC(342) Humongous regions: 149->147
[2025-03-28T19:56:39.660+0530][gc,metaspace] GC(342) Metaspace: 52706K(53376K)->52706K(53376K) NonClass: 46782K(47104K)->46782K(47104K) Class: 5923K(6272K)->5923K(6272K)
[2025-03-28T19:56:39.660+0530][gc          ] GC(342) Pause Young (Normal) (G1 Evacuation Pause) 382M->325M(1024M) 13.647ms
[2025-03-28T19:56:39.660+0530][gc,cpu      ] GC(342) User=0.01s Sys=0.00s Real=0.02s
[2025-03-28T19:56:39.761+0530][gc,start    ] GC(343) Pause Young (Normal) (G1 Evacuation Pause)
[2025-03-28T19:56:39.761+0530][gc,task     ] GC(343) Using 2 workers of 2 for evacuation
[2025-03-28T19:56:39.768+0530][gc,phases   ] GC(343)   Pre Evacuate Collection Set: 0.2ms
[2025-03-28T19:56:39.768+0530][gc,phases   ] GC(343)   Merge Heap Roots: 0.1ms
[2025-03-28T19:56:39.768+0530][gc,phases   ] GC(343)   Evacuate Collection Set: 6.6ms
[2025-03-28T19:56:39.768+0530][gc,phases   ] GC(343)   Post Evacuate Collection Set: 0.5ms
[2025-03-28T19:56:39.768+0530][gc,phases   ] GC(343)   Other: 0.2ms
[2025-03-28T19:56:39.768+0530][gc,heap     ] GC(343) Eden regions: 62->0(134)
[2025-03-28T19:56:39.768+0530][gc,heap     ] GC(343) Survivor regions: 4->4(9)
[2025-03-28T19:56:39.768+0530][gc,heap     ] GC(343) Old regions: 174->174
[2025-03-28T19:56:39.768+0530][gc,heap     ] GC(343) Archive regions: 2->2
[2025-03-28T19:56:39.768+0530][gc,heap     ] GC(343) Humongous regions: 149->149
[2025-03-28T19:56:39.768+0530][gc,metaspace] GC(343) Metaspace: 52706K(53376K)->52706K(53376K) NonClass: 46782K(47104K)->46782K(47104K) Class: 5923K(6272K)->5923K(6272K)
[2025-03-28T19:56:39.768+0530][gc          ] GC(343) Pause Young (Normal) (G1 Evacuation Pause) 389M->327M(1024M) 7.611ms
[2025-03-28T19:56:39.768+0530][gc,cpu      ] GC(343) User=0.02s Sys=0.00s Real=0.01s
[2025-03-28T19:56:48.751+0530][gc,start    ] GC(344) Pause Young (Normal) (G1 Evacuation Pause)
[2025-03-28T19:56:48.751+0530][gc,task     ] GC(344) Using 2 workers of 2 for evacuation
[2025-03-28T19:56:48.785+0530][gc,mmu      ] GC(344) MMU target violated: 21.0ms (20.0ms/21.0ms)
[2025-03-28T19:56:48.785+0530][gc,phases   ] GC(344)   Pre Evacuate Collection Set: 0.2ms
[2025-03-28T19:56:48.785+0530][gc,phases   ] GC(344)   Merge Heap Roots: 0.2ms
[2025-03-28T19:56:48.785+0530][gc,phases   ] GC(344)   Evacuate Collection Set: 32.4ms
[2025-03-28T19:56:48.785+0530][gc,phases   ] GC(344)   Post Evacuate Collection Set: 1.3ms
[2025-03-28T19:56:48.785+0530][gc,phases   ] GC(344)   Other: 0.2ms
[2025-03-28T19:56:48.785+0530][gc,heap     ] GC(344) Eden regions: 134->0(69)
[2025-03-28T19:56:48.785+0530][gc,heap     ] GC(344) Survivor regions: 4->4(18)
[2025-03-28T19:56:48.785+0530][gc,heap     ] GC(344) Old regions: 174->174
[2025-03-28T19:56:48.785+0530][gc,heap     ] GC(344) Archive regions: 2->2
[2025-03-28T19:56:48.785+0530][gc,heap     ] GC(344) Humongous regions: 151->149
[2025-03-28T19:56:48.785+0530][gc,metaspace] GC(344) Metaspace: 52719K(53376K)->52719K(53376K) NonClass: 46793K(47104K)->46793K(47104K) Class: 5926K(6272K)->5926K(6272K)
[2025-03-28T19:56:48.785+0530][gc          ] GC(344) Pause Young (Normal) (G1 Evacuation Pause) 463M->326M(1024M) 34.434ms
[2025-03-28T19:56:48.785+0530][gc,cpu      ] GC(344) User=0.02s Sys=0.00s Real=0.05s
[2025-03-28T19:56:49.810+0530][gc,start    ] GC(345) Pause Young (Normal) (G1 Evacuation Pause)
[2025-03-28T19:56:49.811+0530][gc,task     ] GC(345) Using 2 workers of 2 for evacuation
[2025-03-28T19:56:49.820+0530][gc,phases   ] GC(345)   Pre Evacuate Collection Set: 0.3ms
[2025-03-28T19:56:49.820+0530][gc,phases   ] GC(345)   Merge Heap Roots: 0.1ms
[2025-03-28T19:56:49.820+0530][gc,phases   ] GC(345)   Evacuate Collection Set: 8.2ms
[2025-03-28T19:56:49.820+0530][gc,phases   ] GC(345)   Post Evacuate Collection Set: 0.9ms
[2025-03-28T19:56:49.820+0530][gc,phases   ] GC(345)   Other: 0.1ms
[2025-03-28T19:56:49.820+0530][gc,heap     ] GC(345) Eden regions: 69->0(134)
[2025-03-28T19:56:49.820+0530][gc,heap     ] GC(345) Survivor regions: 4->4(10)
[2025-03-28T19:56:49.820+0530][gc,heap     ] GC(345) Old regions: 174->174
[2025-03-28T19:56:49.820+0530][gc,heap     ] GC(345) Archive regions: 2->2
[2025-03-28T19:56:49.820+0530][gc,heap     ] GC(345) Humongous regions: 151->149
[2025-03-28T19:56:49.820+0530][gc,metaspace] GC(345) Metaspace: 52719K(53376K)->52719K(53376K) NonClass: 46793K(47104K)->46793K(47104K) Class: 5926K(6272K)->5926K(6272K)
[2025-03-28T19:56:49.820+0530][gc          ] GC(345) Pause Young (Normal) (G1 Evacuation Pause) 397M->327M(1024M) 9.705ms
[2025-03-28T19:56:49.820+0530][gc,cpu      ] GC(345) User=0.02s Sys=0.00s Real=0.01s
[2025-03-28T19:56:52.452+0530][gc,start    ] GC(437) Pause Young (Normal) (G1 Evacuation Pause)
[2025-03-28T19:56:52.452+0530][gc,task     ] GC(437) Using 2 workers of 2 for evacuation
[2025-03-28T19:56:52.477+0530][gc,mmu      ] GC(437) MMU target violated: 21.0ms (20.0ms/21.0ms)
[2025-03-28T19:56:52.477+0530][gc,phases   ] GC(437)   Pre Evacuate Collection Set: 0.4ms
[2025-03-28T19:56:52.477+0530][gc,phases   ] GC(437)   Merge Heap Roots: 0.2ms
[2025-03-28T19:56:52.477+0530][gc,phases   ] GC(437)   Evacuate Collection Set: 23.1ms
[2025-03-28T19:56:52.477+0530][gc,phases   ] GC(437)   Post Evacuate Collection Set: 1.1ms
[2025-03-28T19:56:52.477+0530][gc,phases   ] GC(437)   Other: 0.3ms
[2025-03-28T19:56:52.477+0530][gc,heap     ] GC(437) Eden regions: 383->0(101)
[2025-03-28T19:56:52.477+0530][gc,heap     ] GC(437) Survivor regions: 5->9(49)
[2025-03-28T19:56:52.477+0530][gc,heap     ] GC(437) Old regions: 82->82
[2025-03-28T19:56:52.477+0530][gc,heap     ] GC(437) Archive regions: 2->2
[2025-03-28T19:56:52.477+0530][gc,heap     ] GC(437) Humongous regions: 158->147
[2025-03-28T19:56:52.477+0530][gc,metaspace] GC(437) Metaspace: 52454K(53120K)->52454K(53120K) NonClass: 46586K(46912K)->46586K(46912K) Class: 5867K(6208K)->5867K(6208K)
[2025-03-28T19:56:52.477+0530][gc          ] GC(437) Pause Young (Normal) (G1 Evacuation Pause) 628M->238M(1024M) 25.214ms
[2025-03-28T19:56:52.477+0530][gc,cpu      ] GC(437) User=0.02s Sys=0.01s Real=0.03s
[2025-03-28T19:56:53.555+0530][gc,start    ] GC(438) Pause Young (Normal) (G1 Evacuation Pause)
[2025-03-28T19:56:53.555+0530][gc,task     ] GC(438) Using 2 workers of 2 for evacuation
[2025-03-28T19:56:53.565+0530][gc,phases   ] GC(438)   Pre Evacuate Collection Set: 0.2ms
[2025-03-28T19:56:53.565+0530][gc,phases   ] GC(438)   Merge Heap Roots: 0.1ms
[2025-03-28T19:56:53.565+0530][gc,phases   ] GC(438)   Evacuate Collection Set: 9.4ms
[2025-03-28T19:56:53.565+0530][gc,phases   ] GC(438)   Post Evacuate Collection Set: 0.4ms
[2025-03-28T19:56:53.565+0530][gc,phases   ] GC(438)   Other: 0.1ms
[2025-03-28T19:56:53.565+0530][gc,heap     ] GC(438) Eden regions: 101->0(444)
[2025-03-28T19:56:53.565+0530][gc,heap     ] GC(438) Survivor regions: 9->7(14)
[2025-03-28T19:56:53.565+0530][gc,heap     ] GC(438) Old regions: 82->84
[2025-03-28T19:56:53.565+0530][gc,heap     ] GC(438) Archive regions: 2->2
[2025-03-28T19:56:53.565+0530][gc,heap     ] GC(438) Humongous regions: 149->147
[2025-03-28T19:56:53.565+0530][gc,metaspace] GC(438) Metaspace: 52458K(53120K)->52458K(53120K) NonClass: 46591K(46912K)->46591K(46912K) Class: 5867K(6208K)->5867K(6208K)
[2025-03-28T19:56:53.565+0530][gc          ] GC(438) Pause Young (Normal) (G1 Evacuation Pause) 341M->238M(1024M) 10.289ms
[2025-03-28T19:56:53.565+0530][gc,cpu      ] GC(438) User=0.02s Sys=0.00s Real=0.02s
[2025-03-28T19:56:58.699+0530][gc,start    ] GC(346) Pause Young (Normal) (G1 Evacuation Pause)
[2025-03-28T19:56:58.699+0530][gc,task     ] GC(346) Using 2 workers of 2 for evacuation
[2025-03-28T19:56:58.717+0530][gc,phases   ] GC(346)   Pre Evacuate Collection Set: 0.2ms
[2025-03-28T19:56:58.717+0530][gc,phases   ] GC(346)   Merge Heap Roots: 0.1ms
[2025-03-28T19:56:58.717+0530][gc,phases   ] GC(346)   Evacuate Collection Set: 17.9ms
[2025-03-28T19:56:58.718+0530][gc,phases   ] GC(346)   Post Evacuate Collection Set: 0.5ms
[2025-03-28T19:56:58.718+0530][gc,phases   ] GC(346)   Other: 0.1ms
[2025-03-28T19:56:58.718+0530][gc,heap     ] GC(346) Eden regions: 134->0(164)
[2025-03-28T19:56:58.718+0530][gc,heap     ] GC(346) Survivor regions: 4->4(18)
[2025-03-28T19:56:58.718+0530][gc,heap     ] GC(346) Old regions: 174->174
[2025-03-28T19:56:58.718+0530][gc,heap     ] GC(346) Archive regions: 2->2
[2025-03-28T19:56:58.718+0530][gc,heap     ] GC(346) Humongous regions: 151->149
[2025-03-28T19:56:58.718+0530][gc,metaspace] GC(346) Metaspace: 52720K(53376K)->52720K(53376K) NonClass: 46794K(47104K)->46794K(47104K) Class: 5926K(6272K)->5926K(6272K)
[2025-03-28T19:56:58.718+0530][gc          ] GC(346) Pause Young (Normal) (G1 Evacuation Pause) 463M->327M(1024M) 19.044ms
[2025-03-28T19:56:58.718+0530][gc,cpu      ] GC(346) User=0.01s Sys=0.00s Real=0.02s
[2025-03-28T19:57:08.628+0530][gc,start    ] GC(347) Pause Young (Normal) (G1 Evacuation Pause)
[2025-03-28T19:57:08.629+0530][gc,task     ] GC(347) Using 2 workers of 2 for evacuation
[2025-03-28T19:57:08.687+0530][gc,mmu      ] GC(347) MMU target violated: 21.0ms (20.0ms/21.0ms)
[2025-03-28T19:57:08.687+0530][gc,phases   ] GC(347)   Pre Evacuate Collection Set: 0.2ms
[2025-03-28T19:57:08.687+0530][gc,phases   ] GC(347)   Merge Heap Roots: 0.2ms
[2025-03-28T19:57:08.687+0530][gc,phases   ] GC(347)   Evacuate Collection Set: 56.9ms
[2025-03-28T19:57:08.687+0530][gc,phases   ] GC(347)   Post Evacuate Collection Set: 1.4ms
[2025-03-28T19:57:08.687+0530][gc,phases   ] GC(347)   Other: 0.2ms
[2025-03-28T19:57:08.687+0530][gc,heap     ] GC(347) Eden regions: 164->0(45)
[2025-03-28T19:57:08.687+0530][gc,heap     ] GC(347) Survivor regions: 4->6(21)
[2025-03-28T19:57:08.687+0530][gc,heap     ] GC(347) Old regions: 174->174
[2025-03-28T19:57:08.687+0530][gc,heap     ] GC(347) Archive regions: 2->2
[2025-03-28T19:57:08.687+0530][gc,heap     ] GC(347) Humongous regions: 151->147
[2025-03-28T19:57:08.688+0530][gc,metaspace] GC(347) Metaspace: 52723K(53376K)->52723K(53376K) NonClass: 46797K(47104K)->46797K(47104K) Class: 5926K(6272K)->5926K(6272K)
[2025-03-28T19:57:08.688+0530][gc          ] GC(347) Pause Young (Normal) (G1 Evacuation Pause) 493M->327M(1024M) 59.055ms
[2025-03-28T19:57:08.688+0530][gc,cpu      ] GC(347) User=0.03s Sys=0.00s Real=0.07s
[2025-03-28T19:57:08.872+0530][gc,start    ] GC(348) Pause Young (Normal) (G1 Evacuation Pause)
[2025-03-28T19:57:08.872+0530][gc,task     ] GC(348) Using 2 workers of 2 for evacuation
[2025-03-28T19:57:08.885+0530][gc,phases   ] GC(348)   Pre Evacuate Collection Set: 0.1ms
[2025-03-28T19:57:08.885+0530][gc,phases   ] GC(348)   Merge Heap Roots: 0.1ms
[2025-03-28T19:57:08.885+0530][gc,phases   ] GC(348)   Evacuate Collection Set: 11.8ms
[2025-03-28T19:57:08.885+0530][gc,phases   ] GC(348)   Post Evacuate Collection Set: 0.6ms
[2025-03-28T19:57:08.885+0530][gc,phases   ] GC(348)   Other: 0.1ms
[2025-03-28T19:57:08.885+0530][gc,heap     ] GC(348) Eden regions: 45->0(102)
[2025-03-28T19:57:08.885+0530][gc,heap     ] GC(348) Survivor regions: 6->2(7)
[2025-03-28T19:57:08.885+0530][gc,heap     ] GC(348) Old regions: 174->176
[2025-03-28T19:57:08.885+0530][gc,heap     ] GC(348) Archive regions: 2->2
[2025-03-28T19:57:08.885+0530][gc,heap     ] GC(348) Humongous regions: 149->149
[2025-03-28T19:57:08.885+0530][gc,metaspace] GC(348) Metaspace: 52723K(53376K)->52723K(53376K) NonClass: 46797K(47104K)->46797K(47104K) Class: 5926K(6272K)->5926K(6272K)
[2025-03-28T19:57:08.885+0530][gc          ] GC(348) Pause Young (Normal) (G1 Evacuation Pause) 374M->327M(1024M) 13.024ms
[2025-03-28T19:57:08.885+0530][gc,cpu      ] GC(348) User=0.02s Sys=0.00s Real=0.02s
[2025-03-28T19:57:09.838+0530][gc,start    ] GC(349) Pause Young (Normal) (G1 Evacuation Pause)
[2025-03-28T19:57:09.838+0530][gc,task     ] GC(349) Using 2 workers of 2 for evacuation
[2025-03-28T19:57:09.846+0530][gc,phases   ] GC(349)   Pre Evacuate Collection Set: 0.4ms
[2025-03-28T19:57:09.846+0530][gc,phases   ] GC(349)   Merge Heap Roots: 0.2ms
[2025-03-28T19:57:09.846+0530][gc,phases   ] GC(349)   Evacuate Collection Set: 6.7ms
[2025-03-28T19:57:09.846+0530][gc,phases   ] GC(349)   Post Evacuate Collection Set: 0.6ms
[2025-03-28T19:57:09.846+0530][gc,phases   ] GC(349)   Other: 0.2ms
[2025-03-28T19:57:09.846+0530][gc,heap     ] GC(349) Eden regions: 102->0(171)
[2025-03-28T19:57:09.846+0530][gc,heap     ] GC(349) Survivor regions: 2->3(13)
[2025-03-28T19:57:09.846+0530][gc,heap     ] GC(349) Old regions: 176->176
[2025-03-28T19:57:09.846+0530][gc,heap     ] GC(349) Archive regions: 2->2
[2025-03-28T19:57:09.846+0530][gc,heap     ] GC(349) Humongous regions: 151->149
[2025-03-28T19:57:09.846+0530][gc,metaspace] GC(349) Metaspace: 52723K(53376K)->52723K(53376K) NonClass: 46797K(47104K)->46797K(47104K) Class: 5926K(6272K)->5926K(6272K)
[2025-03-28T19:57:09.846+0530][gc          ] GC(349) Pause Young (Normal) (G1 Evacuation Pause) 431M->328M(1024M) 8.106ms
[2025-03-28T19:57:09.846+0530][gc,cpu      ] GC(349) User=0.02s Sys=0.00s Real=0.01s
[2025-03-28T19:57:13.632+0530][gc,start    ] GC(439) Pause Young (Normal) (G1 Evacuation Pause)
[2025-03-28T19:57:13.632+0530][gc,task     ] GC(439) Using 2 workers of 2 for evacuation
[2025-03-28T19:57:13.645+0530][gc,phases   ] GC(439)   Pre Evacuate Collection Set: 0.3ms
[2025-03-28T19:57:13.645+0530][gc,phases   ] GC(439)   Merge Heap Roots: 0.1ms
[2025-03-28T19:57:13.645+0530][gc,phases   ] GC(439)   Evacuate Collection Set: 11.4ms
[2025-03-28T19:57:13.645+0530][gc,phases   ] GC(439)   Post Evacuate Collection Set: 1.0ms
[2025-03-28T19:57:13.645+0530][gc,phases   ] GC(439)   Other: 0.2ms
[2025-03-28T19:57:13.645+0530][gc,heap     ] GC(439) Eden regions: 444->0(500)
[2025-03-28T19:57:13.645+0530][gc,heap     ] GC(439) Survivor regions: 7->8(57)
[2025-03-28T19:57:13.645+0530][gc,heap     ] GC(439) Old regions: 84->84
[2025-03-28T19:57:13.645+0530][gc,heap     ] GC(439) Archive regions: 2->2
[2025-03-28T19:57:13.645+0530][gc,heap     ] GC(439) Humongous regions: 155->147
[2025-03-28T19:57:13.645+0530][gc,metaspace] GC(439) Metaspace: 52462K(53120K)->52462K(53120K) NonClass: 46594K(46912K)->46594K(46912K) Class: 5867K(6208K)->5867K(6208K)
[2025-03-28T19:57:13.645+0530][gc          ] GC(439) Pause Young (Normal) (G1 Evacuation Pause) 690M->239M(1024M) 13.591ms
[2025-03-28T19:57:13.645+0530][gc,cpu      ] GC(439) User=0.02s Sys=0.00s Real=0.02s
[2025-03-28T19:57:13.676+0530][gc,start    ] GC(440) Pause Young (Concurrent Start) (G1 Humongous Allocation)
[2025-03-28T19:57:13.676+0530][gc,task     ] GC(440) Using 2 workers of 2 for evacuation
[2025-03-28T19:57:13.684+0530][gc,phases   ] GC(440)   Pre Evacuate Collection Set: 0.3ms
[2025-03-28T19:57:13.684+0530][gc,phases   ] GC(440)   Merge Heap Roots: 0.1ms
[2025-03-28T19:57:13.684+0530][gc,phases   ] GC(440)   Evacuate Collection Set: 6.6ms
[2025-03-28T19:57:13.684+0530][gc,phases   ] GC(440)   Post Evacuate Collection Set: 0.9ms
[2025-03-28T19:57:13.684+0530][gc,phases   ] GC(440)   Other: 0.2ms
[2025-03-28T19:57:13.684+0530][gc,heap     ] GC(440) Eden regions: 5->0(119)
[2025-03-28T19:57:13.684+0530][gc,heap     ] GC(440) Survivor regions: 8->4(64)
[2025-03-28T19:57:13.684+0530][gc,heap     ] GC(440) Old regions: 84->84
[2025-03-28T19:57:13.684+0530][gc,heap     ] GC(440) Archive regions: 2->2
[2025-03-28T19:57:13.684+0530][gc,heap     ] GC(440) Humongous regions: 147->147
[2025-03-28T19:57:13.684+0530][gc,metaspace] GC(440) Metaspace: 52462K(53120K)->52462K(53120K) NonClass: 46594K(46912K)->46594K(46912K) Class: 5867K(6208K)->5867K(6208K)
[2025-03-28T19:57:13.684+0530][gc          ] GC(440) Pause Young (Concurrent Start) (G1 Humongous Allocation) 244M->235M(1024M) 8.405ms
[2025-03-28T19:57:13.685+0530][gc,cpu      ] GC(440) User=0.01s Sys=0.00s Real=0.00s
[2025-03-28T19:57:13.685+0530][gc          ] GC(441) Concurrent Mark Cycle
[2025-03-28T19:57:13.685+0530][gc,marking  ] GC(441) Concurrent Clear Claimed Marks
[2025-03-28T19:57:13.685+0530][gc,marking  ] GC(441) Concurrent Clear Claimed Marks 0.431ms
[2025-03-28T19:57:13.685+0530][gc,marking  ] GC(441) Concurrent Scan Root Regions
[2025-03-28T19:57:13.692+0530][gc,marking  ] GC(441) Concurrent Scan Root Regions 6.334ms
[2025-03-28T19:57:13.692+0530][gc,marking  ] GC(441) Concurrent Mark
[2025-03-28T19:57:13.692+0530][gc,marking  ] GC(441) Concurrent Mark From Roots
[2025-03-28T19:57:13.692+0530][gc,task     ] GC(441) Using 1 workers of 1 for marking
[2025-03-28T19:57:13.769+0530][gc,marking  ] GC(441) Concurrent Mark From Roots 77.272ms
[2025-03-28T19:57:13.769+0530][gc,marking  ] GC(441) Concurrent Preclean
[2025-03-28T19:57:13.769+0530][gc,marking  ] GC(441) Concurrent Preclean 0.129ms
[2025-03-28T19:57:13.769+0530][gc,start    ] GC(441) Pause Remark
[2025-03-28T19:57:13.786+0530][gc          ] GC(441) Pause Remark 276M->274M(1024M) 17.065ms
[2025-03-28T19:57:13.786+0530][gc,cpu      ] GC(441) User=0.04s Sys=0.00s Real=0.02s
[2025-03-28T19:57:13.786+0530][gc,marking  ] GC(441) Concurrent Mark 94.711ms
[2025-03-28T19:57:13.786+0530][gc,marking  ] GC(441) Concurrent Rebuild Remembered Sets
[2025-03-28T19:57:13.834+0530][gc,marking  ] GC(441) Concurrent Rebuild Remembered Sets 47.808ms
[2025-03-28T19:57:13.834+0530][gc,start    ] GC(441) Pause Cleanup
[2025-03-28T19:57:13.835+0530][gc          ] GC(441) Pause Cleanup 274M->274M(1024M) 0.264ms
[2025-03-28T19:57:13.835+0530][gc,cpu      ] GC(441) User=0.00s Sys=0.00s Real=0.00s
[2025-03-28T19:57:13.835+0530][gc,marking  ] GC(441) Concurrent Cleanup for Next Mark
[2025-03-28T19:57:13.838+0530][gc,marking  ] GC(441) Concurrent Cleanup for Next Mark 3.518ms
[2025-03-28T19:57:13.838+0530][gc          ] GC(441) Concurrent Mark Cycle 153.474ms
[2025-03-28T19:57:19.704+0530][gc,start    ] GC(350) Pause Young (Normal) (G1 Evacuation Pause)
[2025-03-28T19:57:19.704+0530][gc,task     ] GC(350) Using 2 workers of 2 for evacuation
[2025-03-28T19:57:19.718+0530][gc,phases   ] GC(350)   Pre Evacuate Collection Set: 0.2ms
[2025-03-28T19:57:19.718+0530][gc,phases   ] GC(350)   Merge Heap Roots: 0.2ms
[2025-03-28T19:57:19.718+0530][gc,phases   ] GC(350)   Evacuate Collection Set: 5.8ms
[2025-03-28T19:57:19.718+0530][gc,phases   ] GC(350)   Post Evacuate Collection Set: 7.8ms
[2025-03-28T19:57:19.718+0530][gc,phases   ] GC(350)   Other: 0.2ms
[2025-03-28T19:57:19.718+0530][gc,heap     ] GC(350) Eden regions: 171->0(136)
[2025-03-28T19:57:19.718+0530][gc,heap     ] GC(350) Survivor regions: 3->4(22)
[2025-03-28T19:57:19.718+0530][gc,heap     ] GC(350) Old regions: 176->176
[2025-03-28T19:57:19.718+0530][gc,heap     ] GC(350) Archive regions: 2->2
[2025-03-28T19:57:19.718+0530][gc,heap     ] GC(350) Humongous regions: 151->147
[2025-03-28T19:57:19.718+0530][gc,metaspace] GC(350) Metaspace: 52734K(53376K)->52734K(53376K) NonClass: 46807K(47104K)->46807K(47104K) Class: 5926K(6272K)->5926K(6272K)
[2025-03-28T19:57:19.719+0530][gc          ] GC(350) Pause Young (Normal) (G1 Evacuation Pause) 501M->327M(1024M) 15.017ms
[2025-03-28T19:57:19.719+0530][gc,cpu      ] GC(350) User=0.01s Sys=0.00s Real=0.02s
[2025-03-28T19:57:22.517+0530][gc,start    ] GC(442) Pause Young (Prepare Mixed) (G1 Evacuation Pause)
[2025-03-28T19:57:22.517+0530][gc,task     ] GC(442) Using 2 workers of 2 for evacuation
[2025-03-28T19:57:22.524+0530][gc,phases   ] GC(442)   Pre Evacuate Collection Set: 0.3ms
[2025-03-28T19:57:22.524+0530][gc,phases   ] GC(442)   Merge Heap Roots: 0.2ms
[2025-03-28T19:57:22.524+0530][gc,phases   ] GC(442)   Evacuate Collection Set: 6.2ms
[2025-03-28T19:57:22.524+0530][gc,phases   ] GC(442)   Post Evacuate Collection Set: 0.5ms
[2025-03-28T19:57:22.524+0530][gc,phases   ] GC(442)   Other: 0.1ms
[2025-03-28T19:57:22.524+0530][gc,heap     ] GC(442) Eden regions: 130->0(47)
[2025-03-28T19:57:22.524+0530][gc,heap     ] GC(442) Survivor regions: 4->4(17)
[2025-03-28T19:57:22.524+0530][gc,heap     ] GC(442) Old regions: 82->82
[2025-03-28T19:57:22.524+0530][gc,heap     ] GC(442) Archive regions: 2->2
[2025-03-28T19:57:22.524+0530][gc,heap     ] GC(442) Humongous regions: 151->149
[2025-03-28T19:57:22.524+0530][gc,metaspace] GC(442) Metaspace: 52470K(53120K)->52470K(53120K) NonClass: 46603K(46912K)->46603K(46912K) Class: 5867K(6208K)->5867K(6208K)
[2025-03-28T19:57:22.524+0530][gc          ] GC(442) Pause Young (Prepare Mixed) (G1 Evacuation Pause) 367M->235M(1024M) 7.382ms
[2025-03-28T19:57:22.524+0530][gc,cpu      ] GC(442) User=0.01s Sys=0.00s Real=0.00s
[2025-03-28T19:57:23.529+0530][gc,start    ] GC(443) Pause Young (Mixed) (G1 Evacuation Pause)
[2025-03-28T19:57:23.529+0530][gc,task     ] GC(443) Using 2 workers of 2 for evacuation
[2025-03-28T19:57:23.536+0530][gc,phases   ] GC(443)   Pre Evacuate Collection Set: 0.2ms
[2025-03-28T19:57:23.536+0530][gc,phases   ] GC(443)   Merge Heap Roots: 0.1ms
[2025-03-28T19:57:23.536+0530][gc,phases   ] GC(443)   Evacuate Collection Set: 5.8ms
[2025-03-28T19:57:23.536+0530][gc,phases   ] GC(443)   Post Evacuate Collection Set: 1.0ms
[2025-03-28T19:57:23.536+0530][gc,phases   ] GC(443)   Other: 0.1ms
[2025-03-28T19:57:23.536+0530][gc,heap     ] GC(443) Eden regions: 47->0(212)
[2025-03-28T19:57:23.536+0530][gc,heap     ] GC(443) Survivor regions: 4->4(7)
[2025-03-28T19:57:23.536+0530][gc,heap     ] GC(443) Old regions: 82->75
[2025-03-28T19:57:23.536+0530][gc,heap     ] GC(443) Archive regions: 2->2
[2025-03-28T19:57:23.536+0530][gc,heap     ] GC(443) Humongous regions: 149->147
[2025-03-28T19:57:23.536+0530][gc,metaspace] GC(443) Metaspace: 52473K(53120K)->52473K(53120K) NonClass: 46606K(46912K)->46606K(46912K) Class: 5867K(6208K)->5867K(6208K)
[2025-03-28T19:57:23.536+0530][gc          ] GC(443) Pause Young (Mixed) (G1 Evacuation Pause) 282M->225M(1024M) 7.354ms
[2025-03-28T19:57:23.536+0530][gc,cpu      ] GC(443) User=0.00s Sys=0.01s Real=0.02s
[2025-03-28T19:57:28.578+0530][gc,start    ] GC(351) Pause Young (Normal) (G1 Evacuation Pause)
[2025-03-28T19:57:28.578+0530][gc,task     ] GC(351) Using 2 workers of 2 for evacuation
[2025-03-28T19:57:28.597+0530][gc,phases   ] GC(351)   Pre Evacuate Collection Set: 0.2ms
[2025-03-28T19:57:28.597+0530][gc,phases   ] GC(351)   Merge Heap Roots: 0.2ms
[2025-03-28T19:57:28.597+0530][gc,phases   ] GC(351)   Evacuate Collection Set: 17.7ms
[2025-03-28T19:57:28.597+0530][gc,phases   ] GC(351)   Post Evacuate Collection Set: 0.5ms
[2025-03-28T19:57:28.597+0530][gc,phases   ] GC(351)   Other: 0.2ms
[2025-03-28T19:57:28.597+0530][gc,heap     ] GC(351) Eden regions: 136->0(46)
[2025-03-28T19:57:28.597+0530][gc,heap     ] GC(351) Survivor regions: 4->7(18)
[2025-03-28T19:57:28.597+0530][gc,heap     ] GC(351) Old regions: 176->176
[2025-03-28T19:57:28.597+0530][gc,heap     ] GC(351) Archive regions: 2->2
[2025-03-28T19:57:28.597+0530][gc,heap     ] GC(351) Humongous regions: 149->147
[2025-03-28T19:57:28.597+0530][gc,metaspace] GC(351) Metaspace: 52734K(53376K)->52734K(53376K) NonClass: 46808K(47104K)->46808K(47104K) Class: 5926K(6272K)->5926K(6272K)
[2025-03-28T19:57:28.597+0530][gc          ] GC(351) Pause Young (Normal) (G1 Evacuation Pause) 465M->330M(1024M) 19.019ms
[2025-03-28T19:57:28.597+0530][gc,cpu      ] GC(351) User=0.02s Sys=0.00s Real=0.00s
[2025-03-28T19:57:28.712+0530][gc,start    ] GC(352) Pause Young (Normal) (G1 Evacuation Pause)
[2025-03-28T19:57:28.712+0530][gc,task     ] GC(352) Using 2 workers of 2 for evacuation
[2025-03-28T19:57:28.725+0530][gc,phases   ] GC(352)   Pre Evacuate Collection Set: 0.6ms
[2025-03-28T19:57:28.725+0530][gc,phases   ] GC(352)   Merge Heap Roots: 0.2ms
[2025-03-28T19:57:28.725+0530][gc,phases   ] GC(352)   Evacuate Collection Set: 10.4ms
[2025-03-28T19:57:28.725+0530][gc,phases   ] GC(352)   Post Evacuate Collection Set: 1.1ms
[2025-03-28T19:57:28.725+0530][gc,phases   ] GC(352)   Other: 0.3ms
[2025-03-28T19:57:28.725+0530][gc,heap     ] GC(352) Eden regions: 46->0(198)
[2025-03-28T19:57:28.725+0530][gc,heap     ] GC(352) Survivor regions: 7->2(7)
[2025-03-28T19:57:28.725+0530][gc,heap     ] GC(352) Old regions: 176->178
[2025-03-28T19:57:28.725+0530][gc,heap     ] GC(352) Archive regions: 2->2
[2025-03-28T19:57:28.725+0530][gc,heap     ] GC(352) Humongous regions: 149->149
[2025-03-28T19:57:28.725+0530][gc,metaspace] GC(352) Metaspace: 52734K(53376K)->52734K(53376K) NonClass: 46808K(47104K)->46808K(47104K) Class: 5926K(6272K)->5926K(6272K)
[2025-03-28T19:57:28.725+0530][gc          ] GC(352) Pause Young (Normal) (G1 Evacuation Pause) 378M->329M(1024M) 12.655ms
[2025-03-28T19:57:28.725+0530][gc,cpu      ] GC(352) User=0.02s Sys=0.00s Real=0.02s
[2025-03-28T19:57:33.551+0530][gc,start    ] GC(444) Pause Young (Normal) (G1 Evacuation Pause)
[2025-03-28T19:57:33.551+0530][gc,task     ] GC(444) Using 2 workers of 2 for evacuation
[2025-03-28T19:57:33.564+0530][gc,phases   ] GC(444)   Pre Evacuate Collection Set: 0.2ms
[2025-03-28T19:57:33.565+0530][gc,phases   ] GC(444)   Merge Heap Roots: 0.1ms
[2025-03-28T19:57:33.565+0530][gc,phases   ] GC(444)   Evacuate Collection Set: 10.7ms
[2025-03-28T19:57:33.565+0530][gc,phases   ] GC(444)   Post Evacuate Collection Set: 2.3ms
[2025-03-28T19:57:33.565+0530][gc,phases   ] GC(444)   Other: 0.2ms
[2025-03-28T19:57:33.565+0530][gc,heap     ] GC(444) Eden regions: 212->0(255)
[2025-03-28T19:57:33.565+0530][gc,heap     ] GC(444) Survivor regions: 4->4(27)
[2025-03-28T19:57:33.565+0530][gc,heap     ] GC(444) Old regions: 75->75
[2025-03-28T19:57:33.565+0530][gc,heap     ] GC(444) Archive regions: 2->2
[2025-03-28T19:57:33.565+0530][gc,heap     ] GC(444) Humongous regions: 151->147
[2025-03-28T19:57:33.565+0530][gc,metaspace] GC(444) Metaspace: 52501K(53120K)->52501K(53120K) NonClass: 46634K(46912K)->46634K(46912K) Class: 5867K(6208K)->5867K(6208K)
[2025-03-28T19:57:33.565+0530][gc          ] GC(444) Pause Young (Normal) (G1 Evacuation Pause) 441M->225M(1024M) 13.573ms
[2025-03-28T19:57:33.565+0530][gc,cpu      ] GC(444) User=0.02s Sys=0.00s Real=0.01s
[2025-03-28T19:57:38.608+0530][gc,start    ] GC(353) Pause Young (Normal) (G1 Evacuation Pause)
[2025-03-28T19:57:38.608+0530][gc,task     ] GC(353) Using 2 workers of 2 for evacuation
[2025-03-28T19:57:38.621+0530][gc,phases   ] GC(353)   Pre Evacuate Collection Set: 0.4ms
[2025-03-28T19:57:38.621+0530][gc,phases   ] GC(353)   Merge Heap Roots: 0.1ms
[2025-03-28T19:57:38.621+0530][gc,phases   ] GC(353)   Evacuate Collection Set: 5.6ms
[2025-03-28T19:57:38.621+0530][gc,phases   ] GC(353)   Post Evacuate Collection Set: 6.2ms
[2025-03-28T19:57:38.621+0530][gc,phases   ] GC(353)   Other: 0.2ms
[2025-03-28T19:57:38.621+0530][gc,heap     ] GC(353) Eden regions: 198->0(265)
[2025-03-28T19:57:38.621+0530][gc,heap     ] GC(353) Survivor regions: 2->3(25)
[2025-03-28T19:57:38.621+0530][gc,heap     ] GC(353) Old regions: 178->178
[2025-03-28T19:57:38.621+0530][gc,heap     ] GC(353) Archive regions: 2->2
[2025-03-28T19:57:38.621+0530][gc,heap     ] GC(353) Humongous regions: 153->149
[2025-03-28T19:57:38.621+0530][gc,metaspace] GC(353) Metaspace: 52752K(53504K)->52752K(53504K) NonClass: 46826K(47232K)->46826K(47232K) Class: 5926K(6272K)->5926K(6272K)
[2025-03-28T19:57:38.621+0530][gc          ] GC(353) Pause Young (Normal) (G1 Evacuation Pause) 531M->330M(1024M) 12.604ms
[2025-03-28T19:57:38.621+0530][gc,cpu      ] GC(353) User=0.02s Sys=0.00s Real=0.02s
[2025-03-28T19:57:43.611+0530][gc,start    ] GC(445) Pause Young (Normal) (G1 Evacuation Pause)
[2025-03-28T19:57:43.611+0530][gc,task     ] GC(445) Using 2 workers of 2 for evacuation
[2025-03-28T19:57:43.622+0530][gc,phases   ] GC(445)   Pre Evacuate Collection Set: 0.2ms
[2025-03-28T19:57:43.622+0530][gc,phases   ] GC(445)   Merge Heap Roots: 0.1ms
[2025-03-28T19:57:43.622+0530][gc,phases   ] GC(445)   Evacuate Collection Set: 9.7ms
[2025-03-28T19:57:43.622+0530][gc,phases   ] GC(445)   Post Evacuate Collection Set: 0.6ms
[2025-03-28T19:57:43.622+0530][gc,phases   ] GC(445)   Other: 0.2ms
[2025-03-28T19:57:43.622+0530][gc,heap     ] GC(445) Eden regions: 255->0(173)
[2025-03-28T19:57:43.622+0530][gc,heap     ] GC(445) Survivor regions: 4->9(33)
[2025-03-28T19:57:43.622+0530][gc,heap     ] GC(445) Old regions: 75->75
[2025-03-28T19:57:43.622+0530][gc,heap     ] GC(445) Archive regions: 2->2
[2025-03-28T19:57:43.622+0530][gc,heap     ] GC(445) Humongous regions: 151->147
[2025-03-28T19:57:43.622+0530][gc,metaspace] GC(445) Metaspace: 52501K(53120K)->52501K(53120K) NonClass: 46634K(46912K)->46634K(46912K) Class: 5867K(6208K)->5867K(6208K)
[2025-03-28T19:57:43.622+0530][gc          ] GC(445) Pause Young (Normal) (G1 Evacuation Pause) 484M->230M(1024M) 10.888ms
[2025-03-28T19:57:43.622+0530][gc,cpu      ] GC(445) User=0.02s Sys=0.00s Real=0.01s
[2025-03-28T19:57:49.718+0530][gc,start    ] GC(354) Pause Young (Normal) (G1 Evacuation Pause)
[2025-03-28T19:57:49.718+0530][gc,task     ] GC(354) Using 2 workers of 2 for evacuation
[2025-03-28T19:57:49.745+0530][gc,mmu      ] GC(354) MMU target violated: 21.0ms (20.0ms/21.0ms)
[2025-03-28T19:57:49.745+0530][gc,phases   ] GC(354)   Pre Evacuate Collection Set: 0.5ms
[2025-03-28T19:57:49.745+0530][gc,phases   ] GC(354)   Merge Heap Roots: 0.7ms
[2025-03-28T19:57:49.745+0530][gc,phases   ] GC(354)   Evacuate Collection Set: 13.1ms
[2025-03-28T19:57:49.745+0530][gc,phases   ] GC(354)   Post Evacuate Collection Set: 13.0ms
[2025-03-28T19:57:49.745+0530][gc,phases   ] GC(354)   Other: 0.4ms
[2025-03-28T19:57:49.745+0530][gc,heap     ] GC(354) Eden regions: 265->0(79)
[2025-03-28T19:57:49.745+0530][gc,heap     ] GC(354) Survivor regions: 3->3(34)
[2025-03-28T19:57:49.745+0530][gc,heap     ] GC(354) Old regions: 178->178
[2025-03-28T19:57:49.745+0530][gc,heap     ] GC(354) Archive regions: 2->2
[2025-03-28T19:57:49.745+0530][gc,heap     ] GC(354) Humongous regions: 153->147
[2025-03-28T19:57:49.745+0530][gc,metaspace] GC(354) Metaspace: 52752K(53504K)->52752K(53504K) NonClass: 46826K(47232K)->46826K(47232K) Class: 5926K(6272K)->5926K(6272K)
[2025-03-28T19:57:49.745+0530][gc          ] GC(354) Pause Young (Normal) (G1 Evacuation Pause) 599M->328M(1024M) 27.855ms
[2025-03-28T19:57:49.745+0530][gc,cpu      ] GC(354) User=0.02s Sys=0.00s Real=0.03s
[2025-03-28T19:57:49.893+0530][gc,start    ] GC(355) Pause Young (Normal) (G1 Evacuation Pause)
[2025-03-28T19:57:49.893+0530][gc,task     ] GC(355) Using 2 workers of 2 for evacuation
[2025-03-28T19:57:49.909+0530][gc,phases   ] GC(355)   Pre Evacuate Collection Set: 0.3ms
[2025-03-28T19:57:49.909+0530][gc,phases   ] GC(355)   Merge Heap Roots: 0.2ms
[2025-03-28T19:57:49.909+0530][gc,phases   ] GC(355)   Evacuate Collection Set: 14.9ms
[2025-03-28T19:57:49.909+0530][gc,phases   ] GC(355)   Post Evacuate Collection Set: 0.5ms
[2025-03-28T19:57:49.909+0530][gc,phases   ] GC(355)   Other: 0.1ms
[2025-03-28T19:57:49.909+0530][gc,heap     ] GC(355) Eden regions: 79->0(117)
[2025-03-28T19:57:49.909+0530][gc,heap     ] GC(355) Survivor regions: 3->4(11)
[2025-03-28T19:57:49.909+0530][gc,heap     ] GC(355) Old regions: 178->178
[2025-03-28T19:57:49.909+0530][gc,heap     ] GC(355) Archive regions: 2->2
[2025-03-28T19:57:49.909+0530][gc,heap     ] GC(355) Humongous regions: 149->149
[2025-03-28T19:57:49.909+0530][gc,metaspace] GC(355) Metaspace: 52752K(53504K)->52752K(53504K) NonClass: 46826K(47232K)->46826K(47232K) Class: 5926K(6272K)->5926K(6272K)
[2025-03-28T19:57:49.909+0530][gc          ] GC(355) Pause Young (Normal) (G1 Evacuation Pause) 409M->331M(1024M) 16.151ms
[2025-03-28T19:57:49.909+0530][gc,cpu      ] GC(355) User=0.01s Sys=0.00s Real=0.02s
[2025-03-28T19:57:53.505+0530][gc,start    ] GC(446) Pause Young (Normal) (G1 Evacuation Pause)
[2025-03-28T19:57:53.505+0530][gc,task     ] GC(446) Using 2 workers of 2 for evacuation
[2025-03-28T19:57:53.518+0530][gc,phases   ] GC(446)   Pre Evacuate Collection Set: 0.2ms
[2025-03-28T19:57:53.518+0530][gc,phases   ] GC(446)   Merge Heap Roots: 0.9ms
[2025-03-28T19:57:53.518+0530][gc,phases   ] GC(446)   Evacuate Collection Set: 11.1ms
[2025-03-28T19:57:53.518+0530][gc,phases   ] GC(446)   Post Evacuate Collection Set: 0.9ms
[2025-03-28T19:57:53.518+0530][gc,phases   ] GC(446)   Other: 0.2ms
[2025-03-28T19:57:53.518+0530][gc,heap     ] GC(446) Eden regions: 173->0(324)
[2025-03-28T19:57:53.518+0530][gc,heap     ] GC(446) Survivor regions: 9->5(23)
[2025-03-28T19:57:53.518+0530][gc,heap     ] GC(446) Old regions: 75->75
[2025-03-28T19:57:53.518+0530][gc,heap     ] GC(446) Archive regions: 2->2
[2025-03-28T19:57:53.518+0530][gc,heap     ] GC(446) Humongous regions: 151->147
[2025-03-28T19:57:53.518+0530][gc,metaspace] GC(446) Metaspace: 52501K(53120K)->52501K(53120K) NonClass: 46634K(46912K)->46634K(46912K) Class: 5867K(6208K)->5867K(6208K)
[2025-03-28T19:57:53.518+0530][gc          ] GC(446) Pause Young (Normal) (G1 Evacuation Pause) 407M->226M(1024M) 13.406ms
[2025-03-28T19:57:53.518+0530][gc,cpu      ] GC(446) User=0.01s Sys=0.00s Real=0.02s
[2025-03-28T19:57:58.355+0530][gc,start    ] GC(356) Pause Young (Normal) (G1 Evacuation Pause)
[2025-03-28T19:57:58.355+0530][gc,task     ] GC(356) Using 2 workers of 2 for evacuation
[2025-03-28T19:57:58.371+0530][gc,phases   ] GC(356)   Pre Evacuate Collection Set: 0.2ms
[2025-03-28T19:57:58.371+0530][gc,phases   ] GC(356)   Merge Heap Roots: 0.2ms
[2025-03-28T19:57:58.371+0530][gc,phases   ] GC(356)   Evacuate Collection Set: 15.4ms
[2025-03-28T19:57:58.371+0530][gc,phases   ] GC(356)   Post Evacuate Collection Set: 0.8ms
[2025-03-28T19:57:58.371+0530][gc,phases   ] GC(356)   Other: 0.2ms
[2025-03-28T19:57:58.371+0530][gc,heap     ] GC(356) Eden regions: 91->0(177)
[2025-03-28T19:57:58.371+0530][gc,heap     ] GC(356) Survivor regions: 4->4(12)
[2025-03-28T19:57:58.372+0530][gc,heap     ] GC(356) Old regions: 178->178
[2025-03-28T19:57:58.372+0530][gc,heap     ] GC(356) Archive regions: 2->2
[2025-03-28T19:57:58.372+0530][gc,heap     ] GC(356) Humongous regions: 151->149
[2025-03-28T19:57:58.372+0530][gc,metaspace] GC(356) Metaspace: 52752K(53504K)->52752K(53504K) NonClass: 46826K(47232K)->46826K(47232K) Class: 5926K(6272K)->5926K(6272K)
[2025-03-28T19:57:58.372+0530][gc          ] GC(356) Pause Young (Normal) (G1 Evacuation Pause) 424M->331M(1024M) 16.937ms
[2025-03-28T19:57:58.372+0530][gc,cpu      ] GC(356) User=0.01s Sys=0.00s Real=0.03s
[2025-03-28T19:58:03.594+0530][gc,start    ] GC(357) Pause Young (Normal) (G1 Evacuation Pause)
[2025-03-28T19:58:03.595+0530][gc,task     ] GC(357) Using 2 workers of 2 for evacuation
[2025-03-28T19:58:03.610+0530][gc,phases   ] GC(357)   Pre Evacuate Collection Set: 0.2ms
[2025-03-28T19:58:03.610+0530][gc,phases   ] GC(357)   Merge Heap Roots: 0.2ms
[2025-03-28T19:58:03.610+0530][gc,phases   ] GC(357)   Evacuate Collection Set: 14.5ms
[2025-03-28T19:58:03.610+0530][gc,phases   ] GC(357)   Post Evacuate Collection Set: 0.6ms
[2025-03-28T19:58:03.610+0530][gc,phases   ] GC(357)   Other: 0.2ms
[2025-03-28T19:58:03.610+0530][gc,heap     ] GC(357) Eden regions: 140->0(411)
[2025-03-28T19:58:03.610+0530][gc,heap     ] GC(357) Survivor regions: 4->2(18)
[2025-03-28T19:58:03.610+0530][gc,heap     ] GC(357) Old regions: 178->178
[2025-03-28T19:58:03.610+0530][gc,heap     ] GC(357) Archive regions: 2->2
[2025-03-28T19:58:03.610+0530][gc,heap     ] GC(357) Humongous regions: 151->147
[2025-03-28T19:58:03.610+0530][gc,metaspace] GC(357) Metaspace: 52756K(53504K)->52756K(53504K) NonClass: 46830K(47232K)->46830K(47232K) Class: 5926K(6272K)->5926K(6272K)
[2025-03-28T19:58:03.610+0530][gc          ] GC(357) Pause Young (Normal) (G1 Evacuation Pause) 473M->326M(1024M) 15.829ms
[2025-03-28T19:58:03.610+0530][gc,cpu      ] GC(357) User=0.01s Sys=0.00s Real=0.02s
[2025-03-28T19:58:12.127+0530][gc,start    ] GC(447) Pause Young (Normal) (G1 Evacuation Pause)
[2025-03-28T19:58:12.127+0530][gc,task     ] GC(447) Using 2 workers of 2 for evacuation
[2025-03-28T19:58:12.152+0530][gc,mmu      ] GC(447) MMU target violated: 21.0ms (20.0ms/21.0ms)
[2025-03-28T19:58:12.152+0530][gc,phases   ] GC(447)   Pre Evacuate Collection Set: 0.3ms
[2025-03-28T19:58:12.152+0530][gc,phases   ] GC(447)   Merge Heap Roots: 0.3ms
[2025-03-28T19:58:12.152+0530][gc,phases   ] GC(447)   Evacuate Collection Set: 22.3ms
[2025-03-28T19:58:12.152+0530][gc,phases   ] GC(447)   Post Evacuate Collection Set: 1.9ms
[2025-03-28T19:58:12.152+0530][gc,phases   ] GC(447)   Other: 0.8ms
[2025-03-28T19:58:12.152+0530][gc,heap     ] GC(447) Eden regions: 313->0(117)
[2025-03-28T19:58:12.152+0530][gc,heap     ] GC(447) Survivor regions: 5->3(40)
[2025-03-28T19:58:12.152+0530][gc,heap     ] GC(447) Old regions: 75->75
[2025-03-28T19:58:12.152+0530][gc,heap     ] GC(447) Archive regions: 2->2
[2025-03-28T19:58:12.152+0530][gc,heap     ] GC(447) Humongous regions: 153->147
[2025-03-28T19:58:12.152+0530][gc,metaspace] GC(447) Metaspace: 52535K(53184K)->52535K(53184K) NonClass: 46668K(46976K)->46668K(46976K) Class: 5867K(6208K)->5867K(6208K)
[2025-03-28T19:58:12.152+0530][gc          ] GC(447) Pause Young (Normal) (G1 Evacuation Pause) 545M->224M(1024M) 25.922ms
[2025-03-28T19:58:12.153+0530][gc,cpu      ] GC(447) User=0.05s Sys=0.00s Real=0.03s
[2025-03-28T19:58:13.524+0530][gc,start    ] GC(448) Pause Young (Normal) (G1 Evacuation Pause)
[2025-03-28T19:58:13.524+0530][gc,task     ] GC(448) Using 2 workers of 2 for evacuation
[2025-03-28T19:58:13.538+0530][gc,phases   ] GC(448)   Pre Evacuate Collection Set: 0.6ms
[2025-03-28T19:58:13.538+0530][gc,phases   ] GC(448)   Merge Heap Roots: 0.2ms
[2025-03-28T19:58:13.538+0530][gc,phases   ] GC(448)   Evacuate Collection Set: 12.9ms
[2025-03-28T19:58:13.538+0530][gc,phases   ] GC(448)   Post Evacuate Collection Set: 0.8ms
[2025-03-28T19:58:13.538+0530][gc,phases   ] GC(448)   Other: 0.4ms
[2025-03-28T19:58:13.538+0530][gc,heap     ] GC(448) Eden regions: 109->0(85)
[2025-03-28T19:58:13.539+0530][gc,heap     ] GC(448) Survivor regions: 3->4(14)
[2025-03-28T19:58:13.539+0530][gc,heap     ] GC(448) Old regions: 75->75
[2025-03-28T19:58:13.539+0530][gc,heap     ] GC(448) Archive regions: 2->2
[2025-03-28T19:58:13.539+0530][gc,heap     ] GC(448) Humongous regions: 149->147
[2025-03-28T19:58:13.539+0530][gc,metaspace] GC(448) Metaspace: 52535K(53184K)->52535K(53184K) NonClass: 46668K(46976K)->46668K(46976K) Class: 5867K(6208K)->5867K(6208K)
[2025-03-28T19:58:13.539+0530][gc          ] GC(448) Pause Young (Normal) (G1 Evacuation Pause) 335M->225M(1024M) 14.838ms
[2025-03-28T19:58:13.539+0530][gc,cpu      ] GC(448) User=0.02s Sys=0.00s Real=0.02s
[2025-03-28T19:58:13.721+0530][gc,start    ] GC(449) Pause Young (Normal) (G1 Evacuation Pause)
[2025-03-28T19:58:13.721+0530][gc,task     ] GC(449) Using 2 workers of 2 for evacuation
[2025-03-28T19:58:13.729+0530][gc,phases   ] GC(449)   Pre Evacuate Collection Set: 0.2ms
[2025-03-28T19:58:13.729+0530][gc,phases   ] GC(449)   Merge Heap Roots: 0.1ms
[2025-03-28T19:58:13.729+0530][gc,phases   ] GC(449)   Evacuate Collection Set: 7.7ms
[2025-03-28T19:58:13.729+0530][gc,phases   ] GC(449)   Post Evacuate Collection Set: 0.5ms
[2025-03-28T19:58:13.729+0530][gc,phases   ] GC(449)   Other: 0.2ms
[2025-03-28T19:58:13.729+0530][gc,heap     ] GC(449) Eden regions: 85->0(70)
[2025-03-28T19:58:13.729+0530][gc,heap     ] GC(449) Survivor regions: 4->5(12)
[2025-03-28T19:58:13.729+0530][gc,heap     ] GC(449) Old regions: 75->75
[2025-03-28T19:58:13.729+0530][gc,heap     ] GC(449) Archive regions: 2->2
[2025-03-28T19:58:13.729+0530][gc,heap     ] GC(449) Humongous regions: 149->149
[2025-03-28T19:58:13.729+0530][gc,metaspace] GC(449) Metaspace: 52535K(53184K)->52535K(53184K) NonClass: 46668K(46976K)->46668K(46976K) Class: 5867K(6208K)->5867K(6208K)
[2025-03-28T19:58:13.729+0530][gc          ] GC(449) Pause Young (Normal) (G1 Evacuation Pause) 312M->228M(1024M) 8.759ms
[2025-03-28T19:58:13.729+0530][gc,cpu      ] GC(449) User=0.01s Sys=0.00s Real=0.01s
[2025-03-28T19:58:18.658+0530][gc,start    ] GC(358) Pause Young (Normal) (G1 Evacuation Pause)
[2025-03-28T19:58:18.658+0530][gc,task     ] GC(358) Using 2 workers of 2 for evacuation
[2025-03-28T19:58:18.678+0530][gc,phases   ] GC(358)   Pre Evacuate Collection Set: 0.2ms
[2025-03-28T19:58:18.678+0530][gc,phases   ] GC(358)   Merge Heap Roots: 0.2ms
[2025-03-28T19:58:18.678+0530][gc,phases   ] GC(358)   Evacuate Collection Set: 19.0ms
[2025-03-28T19:58:18.678+0530][gc,phases   ] GC(358)   Post Evacuate Collection Set: 0.5ms
[2025-03-28T19:58:18.678+0530][gc,phases   ] GC(358)   Other: 0.2ms
[2025-03-28T19:58:18.678+0530][gc,heap     ] GC(358) Eden regions: 269->0(43)
[2025-03-28T19:58:18.678+0530][gc,heap     ] GC(358) Survivor regions: 2->8(34)
[2025-03-28T19:58:18.678+0530][gc,heap     ] GC(358) Old regions: 178->178
[2025-03-28T19:58:18.678+0530][gc,heap     ] GC(358) Archive regions: 2->2
[2025-03-28T19:58:18.678+0530][gc,heap     ] GC(358) Humongous regions: 151->147
[2025-03-28T19:58:18.678+0530][gc,metaspace] GC(358) Metaspace: 52764K(53504K)->52764K(53504K) NonClass: 46838K(47232K)->46838K(47232K) Class: 5926K(6272K)->5926K(6272K)
[2025-03-28T19:58:18.678+0530][gc          ] GC(358) Pause Young (Normal) (G1 Evacuation Pause) 599M->333M(1024M) 20.119ms
[2025-03-28T19:58:18.678+0530][gc,cpu      ] GC(358) User=0.02s Sys=0.00s Real=0.02s
[2025-03-28T19:58:18.760+0530][gc,start    ] GC(359) Pause Young (Normal) (G1 Evacuation Pause)
[2025-03-28T19:58:18.760+0530][gc,task     ] GC(359) Using 2 workers of 2 for evacuation
[2025-03-28T19:58:18.781+0530][gc,mmu      ] GC(359) MMU target violated: 21.0ms (20.0ms/21.0ms)
[2025-03-28T19:58:18.782+0530][gc,phases   ] GC(359)   Pre Evacuate Collection Set: 0.2ms
[2025-03-28T19:58:18.782+0530][gc,phases   ] GC(359)   Merge Heap Roots: 0.1ms
[2025-03-28T19:58:18.782+0530][gc,phases   ] GC(359)   Evacuate Collection Set: 20.3ms
[2025-03-28T19:58:18.782+0530][gc,phases   ] GC(359)   Post Evacuate Collection Set: 0.6ms
[2025-03-28T19:58:18.782+0530][gc,phases   ] GC(359)   Other: 0.6ms
[2025-03-28T19:58:18.782+0530][gc,heap     ] GC(359) Eden regions: 43->0(261)
[2025-03-28T19:58:18.782+0530][gc,heap     ] GC(359) Survivor regions: 8->2(7)
[2025-03-28T19:58:18.782+0530][gc,heap     ] GC(359) Old regions: 178->181
[2025-03-28T19:58:18.782+0530][gc,heap     ] GC(359) Archive regions: 2->2
[2025-03-28T19:58:18.782+0530][gc,heap     ] GC(359) Humongous regions: 149->149
[2025-03-28T19:58:18.782+0530][gc,metaspace] GC(359) Metaspace: 52764K(53504K)->52764K(53504K) NonClass: 46838K(47232K)->46838K(47232K) Class: 5926K(6272K)->5926K(6272K)
[2025-03-28T19:58:18.782+0530][gc          ] GC(359) Pause Young (Normal) (G1 Evacuation Pause) 378M->331M(1024M) 21.897ms
[2025-03-28T19:58:18.782+0530][gc,cpu      ] GC(359) User=0.01s Sys=0.00s Real=0.02s
[2025-03-28T19:58:22.449+0530][gc,start    ] GC(450) Pause Young (Normal) (G1 Evacuation Pause)
[2025-03-28T19:58:22.449+0530][gc,task     ] GC(450) Using 2 workers of 2 for evacuation
[2025-03-28T19:58:22.474+0530][gc,mmu      ] GC(450) MMU target violated: 21.0ms (20.0ms/21.0ms)
[2025-03-28T19:58:22.474+0530][gc,phases   ] GC(450)   Pre Evacuate Collection Set: 0.2ms
[2025-03-28T19:58:22.474+0530][gc,phases   ] GC(450)   Merge Heap Roots: 0.1ms
[2025-03-28T19:58:22.474+0530][gc,phases   ] GC(450)   Evacuate Collection Set: 23.2ms
[2025-03-28T19:58:22.474+0530][gc,phases   ] GC(450)   Post Evacuate Collection Set: 0.8ms
[2025-03-28T19:58:22.474+0530][gc,phases   ] GC(450)   Other: 0.3ms
[2025-03-28T19:58:22.474+0530][gc,heap     ] GC(450) Eden regions: 70->0(42)
[2025-03-28T19:58:22.474+0530][gc,heap     ] GC(450) Survivor regions: 5->9(10)
[2025-03-28T19:58:22.474+0530][gc,heap     ] GC(450) Old regions: 75->75
[2025-03-28T19:58:22.474+0530][gc,heap     ] GC(450) Archive regions: 2->2
[2025-03-28T19:58:22.474+0530][gc,heap     ] GC(450) Humongous regions: 149->147
[2025-03-28T19:58:22.474+0530][gc,metaspace] GC(450) Metaspace: 52536K(53184K)->52536K(53184K) NonClass: 46669K(46976K)->46669K(46976K) Class: 5867K(6208K)->5867K(6208K)
[2025-03-28T19:58:22.474+0530][gc          ] GC(450) Pause Young (Normal) (G1 Evacuation Pause) 298M->230M(1024M) 24.602ms
[2025-03-28T19:58:22.474+0530][gc,cpu      ] GC(450) User=0.03s Sys=0.00s Real=0.02s
[2025-03-28T19:58:22.557+0530][gc,start    ] GC(451) Pause Young (Normal) (G1 Evacuation Pause)
[2025-03-28T19:58:22.557+0530][gc,task     ] GC(451) Using 2 workers of 2 for evacuation
[2025-03-28T19:58:22.574+0530][gc,phases   ] GC(451)   Pre Evacuate Collection Set: 0.3ms
[2025-03-28T19:58:22.575+0530][gc,phases   ] GC(451)   Merge Heap Roots: 0.2ms
[2025-03-28T19:58:22.575+0530][gc,phases   ] GC(451)   Evacuate Collection Set: 16.2ms
[2025-03-28T19:58:22.575+0530][gc,phases   ] GC(451)   Post Evacuate Collection Set: 0.6ms
[2025-03-28T19:58:22.575+0530][gc,phases   ] GC(451)   Other: 0.1ms
[2025-03-28T19:58:22.575+0530][gc,heap     ] GC(451) Eden regions: 42->0(219)
[2025-03-28T19:58:22.575+0530][gc,heap     ] GC(451) Survivor regions: 9->2(7)
[2025-03-28T19:58:22.575+0530][gc,heap     ] GC(451) Old regions: 75->78
[2025-03-28T19:58:22.575+0530][gc,heap     ] GC(451) Archive regions: 2->2
[2025-03-28T19:58:22.575+0530][gc,heap     ] GC(451) Humongous regions: 149->149
[2025-03-28T19:58:22.575+0530][gc,metaspace] GC(451) Metaspace: 52536K(53184K)->52536K(53184K) NonClass: 46669K(46976K)->46669K(46976K) Class: 5867K(6208K)->5867K(6208K)
[2025-03-28T19:58:22.575+0530][gc          ] GC(451) Pause Young (Normal) (G1 Evacuation Pause) 274M->229M(1024M) 17.482ms
[2025-03-28T19:58:22.575+0530][gc,cpu      ] GC(451) User=0.01s Sys=0.00s Real=0.02s
[2025-03-28T19:58:29.698+0530][gc,start    ] GC(360) Pause Young (Normal) (G1 Evacuation Pause)
[2025-03-28T19:58:29.698+0530][gc,task     ] GC(360) Using 2 workers of 2 for evacuation
[2025-03-28T19:58:29.714+0530][gc,phases   ] GC(360)   Pre Evacuate Collection Set: 0.2ms
[2025-03-28T19:58:29.714+0530][gc,phases   ] GC(360)   Merge Heap Roots: 0.1ms
[2025-03-28T19:58:29.714+0530][gc,phases   ] GC(360)   Evacuate Collection Set: 8.8ms
[2025-03-28T19:58:29.714+0530][gc,phases   ] GC(360)   Post Evacuate Collection Set: 7.3ms
[2025-03-28T19:58:29.714+0530][gc,phases   ] GC(360)   Other: 0.2ms
[2025-03-28T19:58:29.714+0530][gc,heap     ] GC(360) Eden regions: 261->0(196)
[2025-03-28T19:58:29.714+0530][gc,heap     ] GC(360) Survivor regions: 2->4(33)
[2025-03-28T19:58:29.714+0530][gc,heap     ] GC(360) Old regions: 181->181
[2025-03-28T19:58:29.714+0530][gc,heap     ] GC(360) Archive regions: 2->2
[2025-03-28T19:58:29.714+0530][gc,heap     ] GC(360) Humongous regions: 153->147
[2025-03-28T19:58:29.714+0530][gc,metaspace] GC(360) Metaspace: 52764K(53504K)->52764K(53504K) NonClass: 46838K(47232K)->46838K(47232K) Class: 5926K(6272K)->5926K(6272K)
[2025-03-28T19:58:29.714+0530][gc          ] GC(360) Pause Young (Normal) (G1 Evacuation Pause) 596M->331M(1024M) 16.777ms
[2025-03-28T19:58:29.714+0530][gc,cpu      ] GC(360) User=0.02s Sys=0.00s Real=0.01s
[2025-03-28T19:58:32.630+0530][gc,start    ] GC(452) Pause Young (Normal) (G1 Evacuation Pause)
[2025-03-28T19:58:32.630+0530][gc,task     ] GC(452) Using 2 workers of 2 for evacuation
[2025-03-28T19:58:32.639+0530][gc,phases   ] GC(452)   Pre Evacuate Collection Set: 0.2ms
[2025-03-28T19:58:32.639+0530][gc,phases   ] GC(452)   Merge Heap Roots: 0.1ms
[2025-03-28T19:58:32.639+0530][gc,phases   ] GC(452)   Evacuate Collection Set: 7.7ms
[2025-03-28T19:58:32.639+0530][gc,phases   ] GC(452)   Post Evacuate Collection Set: 1.5ms
[2025-03-28T19:58:32.639+0530][gc,phases   ] GC(452)   Other: 0.2ms
[2025-03-28T19:58:32.639+0530][gc,heap     ] GC(452) Eden regions: 219->0(279)
[2025-03-28T19:58:32.639+0530][gc,heap     ] GC(452) Survivor regions: 2->3(28)
[2025-03-28T19:58:32.639+0530][gc,heap     ] GC(452) Old regions: 78->78
[2025-03-28T19:58:32.639+0530][gc,heap     ] GC(452) Archive regions: 2->2
[2025-03-28T19:58:32.639+0530][gc,heap     ] GC(452) Humongous regions: 153->149
[2025-03-28T19:58:32.639+0530][gc,metaspace] GC(452) Metaspace: 52539K(53184K)->52539K(53184K) NonClass: 46671K(46976K)->46671K(46976K) Class: 5867K(6208K)->5867K(6208K)
[2025-03-28T19:58:32.639+0530][gc          ] GC(452) Pause Young (Normal) (G1 Evacuation Pause) 452M->230M(1024M) 9.868ms
[2025-03-28T19:58:32.639+0530][gc,cpu      ] GC(452) User=0.01s Sys=0.00s Real=0.01s
[2025-03-28T19:58:39.645+0530][gc,start    ] GC(361) Pause Young (Normal) (G1 Evacuation Pause)
[2025-03-28T19:58:39.645+0530][gc,task     ] GC(361) Using 2 workers of 2 for evacuation
[2025-03-28T19:58:39.667+0530][gc,mmu      ] GC(361) MMU target violated: 21.0ms (20.0ms/21.0ms)
[2025-03-28T19:58:39.667+0530][gc,phases   ] GC(361)   Pre Evacuate Collection Set: 0.7ms
[2025-03-28T19:58:39.667+0530][gc,phases   ] GC(361)   Merge Heap Roots: 0.7ms
[2025-03-28T19:58:39.667+0530][gc,phases   ] GC(361)   Evacuate Collection Set: 18.7ms
[2025-03-28T19:58:39.667+0530][gc,phases   ] GC(361)   Post Evacuate Collection Set: 1.5ms
[2025-03-28T19:58:39.667+0530][gc,phases   ] GC(361)   Other: 0.5ms
[2025-03-28T19:58:39.667+0530][gc,heap     ] GC(361) Eden regions: 196->0(49)
[2025-03-28T19:58:39.667+0530][gc,heap     ] GC(361) Survivor regions: 4->2(25)
[2025-03-28T19:58:39.667+0530][gc,heap     ] GC(361) Old regions: 181->181
[2025-03-28T19:58:39.667+0530][gc,heap     ] GC(361) Archive regions: 2->2
[2025-03-28T19:58:39.667+0530][gc,heap     ] GC(361) Humongous regions: 151->147
[2025-03-28T19:58:39.667+0530][gc,metaspace] GC(361) Metaspace: 52773K(53504K)->52773K(53504K) NonClass: 46847K(47232K)->46847K(47232K) Class: 5926K(6272K)->5926K(6272K)
[2025-03-28T19:58:39.667+0530][gc          ] GC(361) Pause Young (Normal) (G1 Evacuation Pause) 531M->329M(1024M) 22.378ms
[2025-03-28T19:58:39.667+0530][gc,cpu      ] GC(361) User=0.04s Sys=0.00s Real=0.02s
[2025-03-28T19:58:39.728+0530][gc,start    ] GC(362) Pause Young (Normal) (G1 Evacuation Pause)
[2025-03-28T19:58:39.728+0530][gc,task     ] GC(362) Using 2 workers of 2 for evacuation
[2025-03-28T19:58:39.742+0530][gc,phases   ] GC(362)   Pre Evacuate Collection Set: 0.3ms
[2025-03-28T19:58:39.742+0530][gc,phases   ] GC(362)   Merge Heap Roots: 0.3ms
[2025-03-28T19:58:39.742+0530][gc,phases   ] GC(362)   Evacuate Collection Set: 12.4ms
[2025-03-28T19:58:39.742+0530][gc,phases   ] GC(362)   Post Evacuate Collection Set: 0.8ms
[2025-03-28T19:58:39.742+0530][gc,phases   ] GC(362)   Other: 0.2ms
[2025-03-28T19:58:39.743+0530][gc,heap     ] GC(362) Eden regions: 49->0(44)
[2025-03-28T19:58:39.743+0530][gc,heap     ] GC(362) Survivor regions: 2->7(7)
[2025-03-28T19:58:39.743+0530][gc,heap     ] GC(362) Old regions: 181->181
[2025-03-28T19:58:39.743+0530][gc,heap     ] GC(362) Archive regions: 2->2
[2025-03-28T19:58:39.743+0530][gc,heap     ] GC(362) Humongous regions: 147->147
[2025-03-28T19:58:39.743+0530][gc,metaspace] GC(362) Metaspace: 52773K(53504K)->52773K(53504K) NonClass: 46847K(47232K)->46847K(47232K) Class: 5926K(6272K)->5926K(6272K)
[2025-03-28T19:58:39.743+0530][gc          ] GC(362) Pause Young (Normal) (G1 Evacuation Pause) 378M->335M(1024M) 14.472ms
[2025-03-28T19:58:39.743+0530][gc,cpu      ] GC(362) User=0.02s Sys=0.00s Real=0.01s
[2025-03-28T19:58:39.830+0530][gc,start    ] GC(363) Pause Young (Normal) (G1 Evacuation Pause)
[2025-03-28T19:58:39.830+0530][gc,task     ] GC(363) Using 2 workers of 2 for evacuation
[2025-03-28T19:58:39.840+0530][gc,phases   ] GC(363)   Pre Evacuate Collection Set: 0.2ms
[2025-03-28T19:58:39.840+0530][gc,phases   ] GC(363)   Merge Heap Roots: 0.2ms
[2025-03-28T19:58:39.840+0530][gc,phases   ] GC(363)   Evacuate Collection Set: 8.9ms
[2025-03-28T19:58:39.840+0530][gc,phases   ] GC(363)   Post Evacuate Collection Set: 0.7ms
[2025-03-28T19:58:39.841+0530][gc,phases   ] GC(363)   Other: 0.2ms
[2025-03-28T19:58:39.841+0530][gc,heap     ] GC(363) Eden regions: 44->0(53)
[2025-03-28T19:58:39.841+0530][gc,heap     ] GC(363) Survivor regions: 7->2(7)
[2025-03-28T19:58:39.841+0530][gc,heap     ] GC(363) Old regions: 181->183
[2025-03-28T19:58:39.841+0530][gc,heap     ] GC(363) Archive regions: 2->2
[2025-03-28T19:58:39.841+0530][gc,heap     ] GC(363) Humongous regions: 149->149
[2025-03-28T19:58:39.841+0530][gc,metaspace] GC(363) Metaspace: 52773K(53504K)->52773K(53504K) NonClass: 46847K(47232K)->46847K(47232K) Class: 5926K(6272K)->5926K(6272K)
[2025-03-28T19:58:39.841+0530][gc          ] GC(363) Pause Young (Normal) (G1 Evacuation Pause) 381M->333M(1024M) 10.204ms
[2025-03-28T19:58:39.841+0530][gc,cpu      ] GC(363) User=0.01s Sys=0.00s Real=0.01s
[2025-03-28T19:58:43.586+0530][gc,start    ] GC(453) Pause Young (Normal) (G1 Evacuation Pause)
[2025-03-28T19:58:43.586+0530][gc,task     ] GC(453) Using 2 workers of 2 for evacuation
[2025-03-28T19:58:43.596+0530][gc,phases   ] GC(453)   Pre Evacuate Collection Set: 0.2ms
[2025-03-28T19:58:43.596+0530][gc,phases   ] GC(453)   Merge Heap Roots: 0.1ms
[2025-03-28T19:58:43.596+0530][gc,phases   ] GC(453)   Evacuate Collection Set: 9.4ms
[2025-03-28T19:58:43.596+0530][gc,phases   ] GC(453)   Post Evacuate Collection Set: 0.6ms
[2025-03-28T19:58:43.596+0530][gc,phases   ] GC(453)   Other: 0.1ms
[2025-03-28T19:58:43.596+0530][gc,heap     ] GC(453) Eden regions: 279->0(180)
[2025-03-28T19:58:43.596+0530][gc,heap     ] GC(453) Survivor regions: 3->7(36)
[2025-03-28T19:58:43.596+0530][gc,heap     ] GC(453) Old regions: 78->78
[2025-03-28T19:58:43.596+0530][gc,heap     ] GC(453) Archive regions: 2->2
[2025-03-28T19:58:43.596+0530][gc,heap     ] GC(453) Humongous regions: 153->147
[2025-03-28T19:58:43.596+0530][gc,metaspace] GC(453) Metaspace: 52568K(53184K)->52568K(53184K) NonClass: 46700K(46976K)->46700K(46976K) Class: 5867K(6208K)->5867K(6208K)
[2025-03-28T19:58:43.596+0530][gc          ] GC(453) Pause Young (Normal) (G1 Evacuation Pause) 513M->232M(1024M) 10.586ms
[2025-03-28T19:58:43.596+0530][gc,cpu      ] GC(453) User=0.02s Sys=0.00s Real=0.01s
[2025-03-28T19:58:48.547+0530][gc,start    ] GC(364) Pause Young (Normal) (G1 Evacuation Pause)
[2025-03-28T19:58:48.547+0530][gc,task     ] GC(364) Using 2 workers of 2 for evacuation
[2025-03-28T19:58:48.558+0530][gc,phases   ] GC(364)   Pre Evacuate Collection Set: 0.2ms
[2025-03-28T19:58:48.558+0530][gc,phases   ] GC(364)   Merge Heap Roots: 0.1ms
[2025-03-28T19:58:48.558+0530][gc,phases   ] GC(364)   Evacuate Collection Set: 10.6ms
[2025-03-28T19:58:48.558+0530][gc,phases   ] GC(364)   Post Evacuate Collection Set: 0.5ms
[2025-03-28T19:58:48.558+0530][gc,phases   ] GC(364)   Other: 0.2ms
[2025-03-28T19:58:48.558+0530][gc,heap     ] GC(364) Eden regions: 53->0(54)
[2025-03-28T19:58:48.558+0530][gc,heap     ] GC(364) Survivor regions: 2->5(7)
[2025-03-28T19:58:48.558+0530][gc,heap     ] GC(364) Old regions: 183->183
[2025-03-28T19:58:48.558+0530][gc,heap     ] GC(364) Archive regions: 2->2
[2025-03-28T19:58:48.558+0530][gc,heap     ] GC(364) Humongous regions: 149->147
[2025-03-28T19:58:48.558+0530][gc,metaspace] GC(364) Metaspace: 52773K(53504K)->52773K(53504K) NonClass: 46847K(47232K)->46847K(47232K) Class: 5926K(6272K)->5926K(6272K)
[2025-03-28T19:58:48.558+0530][gc          ] GC(364) Pause Young (Normal) (G1 Evacuation Pause) 386M->334M(1024M) 11.615ms
[2025-03-28T19:58:48.559+0530][gc,cpu      ] GC(364) User=0.01s Sys=0.00s Real=0.01s
[2025-03-28T19:58:48.687+0530][gc,start    ] GC(365) Pause Young (Normal) (G1 Evacuation Pause)
[2025-03-28T19:58:48.687+0530][gc,task     ] GC(365) Using 2 workers of 2 for evacuation
[2025-03-28T19:58:48.729+0530][gc,mmu      ] GC(365) MMU target violated: 21.0ms (20.0ms/21.0ms)
[2025-03-28T19:58:48.729+0530][gc,phases   ] GC(365)   Pre Evacuate Collection Set: 0.3ms
[2025-03-28T19:58:48.729+0530][gc,phases   ] GC(365)   Merge Heap Roots: 0.2ms
[2025-03-28T19:58:48.729+0530][gc,phases   ] GC(365)   Evacuate Collection Set: 24.8ms
[2025-03-28T19:58:48.729+0530][gc,phases   ] GC(365)   Post Evacuate Collection Set: 17.0ms
[2025-03-28T19:58:48.729+0530][gc,phases   ] GC(365)   Other: 0.3ms
[2025-03-28T19:58:48.729+0530][gc,heap     ] GC(365) Eden regions: 54->0(49)
[2025-03-28T19:58:48.729+0530][gc,heap     ] GC(365) Survivor regions: 5->2(8)
[2025-03-28T19:58:48.729+0530][gc,heap     ] GC(365) Old regions: 183->184
[2025-03-28T19:58:48.729+0530][gc,heap     ] GC(365) Archive regions: 2->2
[2025-03-28T19:58:48.729+0530][gc,heap     ] GC(365) Humongous regions: 149->149
[2025-03-28T19:58:48.729+0530][gc,metaspace] GC(365) Metaspace: 52773K(53504K)->52773K(53504K) NonClass: 46847K(47232K)->46847K(47232K) Class: 5926K(6272K)->5926K(6272K)
[2025-03-28T19:58:48.729+0530][gc          ] GC(365) Pause Young (Normal) (G1 Evacuation Pause) 390M->335M(1024M) 42.728ms
[2025-03-28T19:58:48.729+0530][gc,cpu      ] GC(365) User=0.03s Sys=0.00s Real=0.04s
[2025-03-28T19:58:49.732+0530][gc,start    ] GC(366) Pause Young (Normal) (G1 Evacuation Pause)
[2025-03-28T19:58:49.732+0530][gc,task     ] GC(366) Using 2 workers of 2 for evacuation
[2025-03-28T19:58:49.743+0530][gc,phases   ] GC(366)   Pre Evacuate Collection Set: 0.3ms
[2025-03-28T19:58:49.743+0530][gc,phases   ] GC(366)   Merge Heap Roots: 0.2ms
[2025-03-28T19:58:49.743+0530][gc,phases   ] GC(366)   Evacuate Collection Set: 9.4ms
[2025-03-28T19:58:49.743+0530][gc,phases   ] GC(366)   Post Evacuate Collection Set: 0.7ms
[2025-03-28T19:58:49.743+0530][gc,phases   ] GC(366)   Other: 0.2ms
[2025-03-28T19:58:49.743+0530][gc,heap     ] GC(366) Eden regions: 49->0(47)
[2025-03-28T19:58:49.743+0530][gc,heap     ] GC(366) Survivor regions: 2->4(7)
[2025-03-28T19:58:49.743+0530][gc,heap     ] GC(366) Old regions: 184->184
[2025-03-28T19:58:49.743+0530][gc,heap     ] GC(366) Archive regions: 2->2
[2025-03-28T19:58:49.743+0530][gc,heap     ] GC(366) Humongous regions: 149->147
[2025-03-28T19:58:49.743+0530][gc,metaspace] GC(366) Metaspace: 52773K(53504K)->52773K(53504K) NonClass: 46847K(47232K)->46847K(47232K) Class: 5926K(6272K)->5926K(6272K)
[2025-03-28T19:58:49.743+0530][gc          ] GC(366) Pause Young (Normal) (G1 Evacuation Pause) 384M->335M(1024M) 11.390ms
[2025-03-28T19:58:49.743+0530][gc,cpu      ] GC(366) User=0.00s Sys=0.00s Real=0.01s
[2025-03-28T19:58:49.835+0530][gc,start    ] GC(367) Pause Young (Normal) (G1 Evacuation Pause)
[2025-03-28T19:58:49.835+0530][gc,task     ] GC(367) Using 2 workers of 2 for evacuation
[2025-03-28T19:58:49.841+0530][gc,phases   ] GC(367)   Pre Evacuate Collection Set: 0.6ms
[2025-03-28T19:58:49.841+0530][gc,phases   ] GC(367)   Merge Heap Roots: 0.1ms
[2025-03-28T19:58:49.841+0530][gc,phases   ] GC(367)   Evacuate Collection Set: 4.2ms
[2025-03-28T19:58:49.841+0530][gc,phases   ] GC(367)   Post Evacuate Collection Set: 1.1ms
[2025-03-28T19:58:49.841+0530][gc,phases   ] GC(367)   Other: 0.1ms
[2025-03-28T19:58:49.841+0530][gc,heap     ] GC(367) Eden regions: 47->0(53)
[2025-03-28T19:58:49.841+0530][gc,heap     ] GC(367) Survivor regions: 4->2(7)
[2025-03-28T19:58:49.841+0530][gc,heap     ] GC(367) Old regions: 184->184
[2025-03-28T19:58:49.841+0530][gc,heap     ] GC(367) Archive regions: 2->2
[2025-03-28T19:58:49.841+0530][gc,heap     ] GC(367) Humongous regions: 149->149
[2025-03-28T19:58:49.841+0530][gc,metaspace] GC(367) Metaspace: 52773K(53504K)->52773K(53504K) NonClass: 46847K(47232K)->46847K(47232K) Class: 5926K(6272K)->5926K(6272K)
[2025-03-28T19:58:49.841+0530][gc          ] GC(367) Pause Young (Normal) (G1 Evacuation Pause) 384M->335M(1024M) 6.259ms
[2025-03-28T19:58:49.841+0530][gc,cpu      ] GC(367) User=0.01s Sys=0.00s Real=0.02s
[2025-03-28T19:58:53.523+0530][gc,start    ] GC(454) Pause Young (Normal) (G1 Evacuation Pause)
[2025-03-28T19:58:53.523+0530][gc,task     ] GC(454) Using 2 workers of 2 for evacuation
[2025-03-28T19:58:53.532+0530][gc,phases   ] GC(454)   Pre Evacuate Collection Set: 0.2ms
[2025-03-28T19:58:53.532+0530][gc,phases   ] GC(454)   Merge Heap Roots: 0.2ms
[2025-03-28T19:58:53.532+0530][gc,phases   ] GC(454)   Evacuate Collection Set: 7.1ms
[2025-03-28T19:58:53.532+0530][gc,phases   ] GC(454)   Post Evacuate Collection Set: 0.9ms
[2025-03-28T19:58:53.532+0530][gc,phases   ] GC(454)   Other: 0.4ms
[2025-03-28T19:58:53.532+0530][gc,heap     ] GC(454) Eden regions: 180->0(537)
[2025-03-28T19:58:53.532+0530][gc,heap     ] GC(454) Survivor regions: 7->3(24)
[2025-03-28T19:58:53.532+0530][gc,heap     ] GC(454) Old regions: 78->78
[2025-03-28T19:58:53.532+0530][gc,heap     ] GC(454) Archive regions: 2->2
[2025-03-28T19:58:53.532+0530][gc,heap     ] GC(454) Humongous regions: 151->147
[2025-03-28T19:58:53.532+0530][gc,metaspace] GC(454) Metaspace: 52570K(53184K)->52570K(53184K) NonClass: 46702K(46976K)->46702K(46976K) Class: 5867K(6208K)->5867K(6208K)
[2025-03-28T19:58:53.532+0530][gc          ] GC(454) Pause Young (Normal) (G1 Evacuation Pause) 416M->228M(1024M) 8.921ms
[2025-03-28T19:58:53.532+0530][gc,cpu      ] GC(454) User=0.01s Sys=0.00s Real=0.01s
[2025-03-28T19:58:53.639+0530][gc,start    ] GC(455) Pause Young (Concurrent Start) (G1 Humongous Allocation)
[2025-03-28T19:58:53.639+0530][gc,task     ] GC(455) Using 2 workers of 2 for evacuation
[2025-03-28T19:58:53.651+0530][gc,phases   ] GC(455)   Pre Evacuate Collection Set: 0.3ms
[2025-03-28T19:58:53.651+0530][gc,phases   ] GC(455)   Merge Heap Roots: 0.2ms
[2025-03-28T19:58:53.651+0530][gc,phases   ] GC(455)   Evacuate Collection Set: 10.7ms
[2025-03-28T19:58:53.651+0530][gc,phases   ] GC(455)   Post Evacuate Collection Set: 0.8ms
[2025-03-28T19:58:53.651+0530][gc,phases   ] GC(455)   Other: 0.2ms
[2025-03-28T19:58:53.651+0530][gc,heap     ] GC(455) Eden regions: 53->0(256)
[2025-03-28T19:58:53.651+0530][gc,heap     ] GC(455) Survivor regions: 3->4(68)
[2025-03-28T19:58:53.651+0530][gc,heap     ] GC(455) Old regions: 78->78
[2025-03-28T19:58:53.651+0530][gc,heap     ] GC(455) Archive regions: 2->2
[2025-03-28T19:58:53.651+0530][gc,heap     ] GC(455) Humongous regions: 147->147
[2025-03-28T19:58:53.651+0530][gc,metaspace] GC(455) Metaspace: 52570K(53184K)->52570K(53184K) NonClass: 46702K(46976K)->46702K(46976K) Class: 5867K(6208K)->5867K(6208K)
[2025-03-28T19:58:53.651+0530][gc          ] GC(455) Pause Young (Concurrent Start) (G1 Humongous Allocation) 280M->228M(1024M) 12.397ms
[2025-03-28T19:58:53.651+0530][gc,cpu      ] GC(455) User=0.02s Sys=0.01s Real=0.01s
[2025-03-28T19:58:53.652+0530][gc          ] GC(456) Concurrent Mark Cycle
[2025-03-28T19:58:53.652+0530][gc,marking  ] GC(456) Concurrent Clear Claimed Marks
[2025-03-28T19:58:53.652+0530][gc,marking  ] GC(456) Concurrent Clear Claimed Marks 0.119ms
[2025-03-28T19:58:53.652+0530][gc,marking  ] GC(456) Concurrent Scan Root Regions
[2025-03-28T19:58:53.659+0530][gc,marking  ] GC(456) Concurrent Scan Root Regions 7.506ms
[2025-03-28T19:58:53.659+0530][gc,marking  ] GC(456) Concurrent Mark
[2025-03-28T19:58:53.659+0530][gc,marking  ] GC(456) Concurrent Mark From Roots
[2025-03-28T19:58:53.659+0530][gc,task     ] GC(456) Using 1 workers of 1 for marking
[2025-03-28T19:58:53.739+0530][gc,marking  ] GC(456) Concurrent Mark From Roots 79.495ms
[2025-03-28T19:58:53.739+0530][gc,marking  ] GC(456) Concurrent Preclean
[2025-03-28T19:58:53.739+0530][gc,marking  ] GC(456) Concurrent Preclean 0.142ms
[2025-03-28T19:58:53.739+0530][gc,start    ] GC(456) Pause Remark
[2025-03-28T19:58:53.750+0530][gc          ] GC(456) Pause Remark 270M->269M(1024M) 11.266ms
[2025-03-28T19:58:53.750+0530][gc,cpu      ] GC(456) User=0.02s Sys=0.00s Real=0.01s
[2025-03-28T19:58:53.751+0530][gc,marking  ] GC(456) Concurrent Mark 91.238ms
[2025-03-28T19:58:53.751+0530][gc,marking  ] GC(456) Concurrent Rebuild Remembered Sets
[2025-03-28T19:58:53.783+0530][gc,marking  ] GC(456) Concurrent Rebuild Remembered Sets 32.448ms
[2025-03-28T19:58:53.783+0530][gc,start    ] GC(456) Pause Cleanup
[2025-03-28T19:58:53.783+0530][gc          ] GC(456) Pause Cleanup 269M->269M(1024M) 0.233ms
[2025-03-28T19:58:53.783+0530][gc,cpu      ] GC(456) User=0.00s Sys=0.00s Real=0.00s
[2025-03-28T19:58:53.784+0530][gc,marking  ] GC(456) Concurrent Cleanup for Next Mark
[2025-03-28T19:58:53.786+0530][gc,marking  ] GC(456) Concurrent Cleanup for Next Mark 2.432ms
[2025-03-28T19:58:53.786+0530][gc          ] GC(456) Concurrent Mark Cycle 134.445ms
[2025-03-28T19:58:58.561+0530][gc,start    ] GC(368) Pause Young (Normal) (G1 Evacuation Pause)
[2025-03-28T19:58:58.561+0530][gc,task     ] GC(368) Using 2 workers of 2 for evacuation
[2025-03-28T19:58:58.566+0530][gc,phases   ] GC(368)   Pre Evacuate Collection Set: 0.2ms
[2025-03-28T19:58:58.567+0530][gc,phases   ] GC(368)   Merge Heap Roots: 0.1ms
[2025-03-28T19:58:58.567+0530][gc,phases   ] GC(368)   Evacuate Collection Set: 4.2ms
[2025-03-28T19:58:58.567+0530][gc,phases   ] GC(368)   Post Evacuate Collection Set: 0.5ms
[2025-03-28T19:58:58.567+0530][gc,phases   ] GC(368)   Other: 0.1ms
[2025-03-28T19:58:58.567+0530][gc,heap     ] GC(368) Eden regions: 53->0(122)
[2025-03-28T19:58:58.567+0530][gc,heap     ] GC(368) Survivor regions: 2->3(7)
[2025-03-28T19:58:58.567+0530][gc,heap     ] GC(368) Old regions: 184->184
[2025-03-28T19:58:58.567+0530][gc,heap     ] GC(368) Archive regions: 2->2
[2025-03-28T19:58:58.567+0530][gc,heap     ] GC(368) Humongous regions: 149->147
[2025-03-28T19:58:58.567+0530][gc,metaspace] GC(368) Metaspace: 52774K(53504K)->52774K(53504K) NonClass: 46847K(47232K)->46847K(47232K) Class: 5926K(6272K)->5926K(6272K)
[2025-03-28T19:58:58.567+0530][gc          ] GC(368) Pause Young (Normal) (G1 Evacuation Pause) 388M->334M(1024M) 5.201ms
[2025-03-28T19:58:58.567+0530][gc,cpu      ] GC(368) User=0.00s Sys=0.00s Real=0.00s
[2025-03-28T19:58:59.740+0530][gc,start    ] GC(369) Pause Young (Normal) (G1 Evacuation Pause)
[2025-03-28T19:58:59.740+0530][gc,task     ] GC(369) Using 2 workers of 2 for evacuation
[2025-03-28T19:58:59.749+0530][gc,phases   ] GC(369)   Pre Evacuate Collection Set: 0.2ms
[2025-03-28T19:58:59.749+0530][gc,phases   ] GC(369)   Merge Heap Roots: 0.1ms
[2025-03-28T19:58:59.749+0530][gc,phases   ] GC(369)   Evacuate Collection Set: 7.9ms
[2025-03-28T19:58:59.749+0530][gc,phases   ] GC(369)   Post Evacuate Collection Set: 0.9ms
[2025-03-28T19:58:59.749+0530][gc,phases   ] GC(369)   Other: 0.3ms
[2025-03-28T19:58:59.749+0530][gc,heap     ] GC(369) Eden regions: 122->0(162)
[2025-03-28T19:58:59.749+0530][gc,heap     ] GC(369) Survivor regions: 3->5(16)
[2025-03-28T19:58:59.749+0530][gc,heap     ] GC(369) Old regions: 184->184
[2025-03-28T19:58:59.749+0530][gc,heap     ] GC(369) Archive regions: 2->2
[2025-03-28T19:58:59.749+0530][gc,heap     ] GC(369) Humongous regions: 149->147
[2025-03-28T19:58:59.749+0530][gc,metaspace] GC(369) Metaspace: 52774K(53504K)->52774K(53504K) NonClass: 46847K(47232K)->46847K(47232K) Class: 5926K(6272K)->5926K(6272K)
[2025-03-28T19:58:59.749+0530][gc          ] GC(369) Pause Young (Normal) (G1 Evacuation Pause) 458M->336M(1024M) 9.387ms
[2025-03-28T19:58:59.749+0530][gc,cpu      ] GC(369) User=0.02s Sys=0.01s Real=0.01s
[2025-03-28T19:59:08.687+0530][gc,start    ] GC(370) Pause Young (Normal) (G1 Evacuation Pause)
[2025-03-28T19:59:08.687+0530][gc,task     ] GC(370) Using 2 workers of 2 for evacuation
[2025-03-28T19:59:08.700+0530][gc,phases   ] GC(370)   Pre Evacuate Collection Set: 0.2ms
[2025-03-28T19:59:08.701+0530][gc,phases   ] GC(370)   Merge Heap Roots: 0.1ms
[2025-03-28T19:59:08.701+0530][gc,phases   ] GC(370)   Evacuate Collection Set: 11.6ms
[2025-03-28T19:59:08.701+0530][gc,phases   ] GC(370)   Post Evacuate Collection Set: 1.5ms
[2025-03-28T19:59:08.701+0530][gc,phases   ] GC(370)   Other: 0.3ms
[2025-03-28T19:59:08.701+0530][gc,heap     ] GC(370) Eden regions: 143->0(60)
[2025-03-28T19:59:08.701+0530][gc,heap     ] GC(370) Survivor regions: 5->9(19)
[2025-03-28T19:59:08.701+0530][gc,heap     ] GC(370) Old regions: 184->184
[2025-03-28T19:59:08.701+0530][gc,heap     ] GC(370) Archive regions: 2->2
[2025-03-28T19:59:08.701+0530][gc,heap     ] GC(370) Humongous regions: 149->147
[2025-03-28T19:59:08.701+0530][gc,metaspace] GC(370) Metaspace: 52777K(53504K)->52777K(53504K) NonClass: 46851K(47232K)->46851K(47232K) Class: 5926K(6272K)->5926K(6272K)
[2025-03-28T19:59:08.701+0530][gc          ] GC(370) Pause Young (Normal) (G1 Evacuation Pause) 481M->340M(1024M) 13.886ms
[2025-03-28T19:59:08.701+0530][gc,cpu      ] GC(370) User=0.02s Sys=0.00s Real=0.01s
[2025-03-28T19:59:09.645+0530][gc,start    ] GC(371) Pause Young (Normal) (G1 Evacuation Pause)
[2025-03-28T19:59:09.645+0530][gc,task     ] GC(371) Using 2 workers of 2 for evacuation
[2025-03-28T19:59:09.653+0530][gc,phases   ] GC(371)   Pre Evacuate Collection Set: 0.2ms
[2025-03-28T19:59:09.653+0530][gc,phases   ] GC(371)   Merge Heap Roots: 0.1ms
[2025-03-28T19:59:09.653+0530][gc,phases   ] GC(371)   Evacuate Collection Set: 6.9ms
[2025-03-28T19:59:09.653+0530][gc,phases   ] GC(371)   Post Evacuate Collection Set: 0.6ms
[2025-03-28T19:59:09.653+0530][gc,phases   ] GC(371)   Other: 1.0ms
[2025-03-28T19:59:09.653+0530][gc,heap     ] GC(371) Eden regions: 60->0(350)
[2025-03-28T19:59:09.653+0530][gc,heap     ] GC(371) Survivor regions: 9->3(9)
[2025-03-28T19:59:09.653+0530][gc,heap     ] GC(371) Old regions: 184->185
[2025-03-28T19:59:09.653+0530][gc,heap     ] GC(371) Archive regions: 2->2
[2025-03-28T19:59:09.653+0530][gc,heap     ] GC(371) Humongous regions: 149->147
[2025-03-28T19:59:09.654+0530][gc,metaspace] GC(371) Metaspace: 52777K(53504K)->52777K(53504K) NonClass: 46851K(47232K)->46851K(47232K) Class: 5926K(6272K)->5926K(6272K)
[2025-03-28T19:59:09.654+0530][gc          ] GC(371) Pause Young (Normal) (G1 Evacuation Pause) 402M->335M(1024M) 8.877ms
[2025-03-28T19:59:09.654+0530][gc,cpu      ] GC(371) User=0.01s Sys=0.00s Real=0.01s
[2025-03-28T19:59:12.439+0530][gc,start    ] GC(457) Pause Young (Prepare Mixed) (G1 Evacuation Pause)
[2025-03-28T19:59:12.439+0530][gc,task     ] GC(457) Using 2 workers of 2 for evacuation
[2025-03-28T19:59:12.450+0530][gc,phases   ] GC(457)   Pre Evacuate Collection Set: 0.3ms
[2025-03-28T19:59:12.450+0530][gc,phases   ] GC(457)   Merge Heap Roots: 0.3ms
[2025-03-28T19:59:12.450+0530][gc,phases   ] GC(457)   Evacuate Collection Set: 9.4ms
[2025-03-28T19:59:12.450+0530][gc,phases   ] GC(457)   Post Evacuate Collection Set: 0.9ms
[2025-03-28T19:59:12.450+0530][gc,phases   ] GC(457)   Other: 0.2ms
[2025-03-28T19:59:12.450+0530][gc,heap     ] GC(457) Eden regions: 279->0(47)
[2025-03-28T19:59:12.450+0530][gc,heap     ] GC(457) Survivor regions: 4->4(36)
[2025-03-28T19:59:12.450+0530][gc,heap     ] GC(457) Old regions: 77->77
[2025-03-28T19:59:12.450+0530][gc,heap     ] GC(457) Archive regions: 2->2
[2025-03-28T19:59:12.450+0530][gc,heap     ] GC(457) Humongous regions: 153->147
[2025-03-28T19:59:12.450+0530][gc,metaspace] GC(457) Metaspace: 52571K(53184K)->52571K(53184K) NonClass: 46703K(46976K)->46703K(46976K) Class: 5867K(6208K)->5867K(6208K)
[2025-03-28T19:59:12.450+0530][gc          ] GC(457) Pause Young (Prepare Mixed) (G1 Evacuation Pause) 513M->228M(1024M) 11.248ms
[2025-03-28T19:59:12.450+0530][gc,cpu      ] GC(457) User=0.02s Sys=0.00s Real=0.01s
[2025-03-28T19:59:12.563+0530][gc,start    ] GC(458) Pause Young (Mixed) (G1 Evacuation Pause)
[2025-03-28T19:59:12.563+0530][gc,task     ] GC(458) Using 2 workers of 2 for evacuation
[2025-03-28T19:59:12.577+0530][gc,phases   ] GC(458)   Pre Evacuate Collection Set: 0.2ms
[2025-03-28T19:59:12.577+0530][gc,phases   ] GC(458)   Merge Heap Roots: 0.2ms
[2025-03-28T19:59:12.577+0530][gc,phases   ] GC(458)   Evacuate Collection Set: 12.6ms
[2025-03-28T19:59:12.577+0530][gc,phases   ] GC(458)   Post Evacuate Collection Set: 0.8ms
[2025-03-28T19:59:12.577+0530][gc,phases   ] GC(458)   Other: 0.2ms
[2025-03-28T19:59:12.577+0530][gc,heap     ] GC(458) Eden regions: 47->0(176)
[2025-03-28T19:59:12.577+0530][gc,heap     ] GC(458) Survivor regions: 4->7(7)
[2025-03-28T19:59:12.577+0530][gc,heap     ] GC(458) Old regions: 77->72
[2025-03-28T19:59:12.577+0530][gc,heap     ] GC(458) Archive regions: 2->2
[2025-03-28T19:59:12.577+0530][gc,heap     ] GC(458) Humongous regions: 147->147
[2025-03-28T19:59:12.577+0530][gc,metaspace] GC(458) Metaspace: 52571K(53184K)->52571K(53184K) NonClass: 46703K(46976K)->46703K(46976K) Class: 5867K(6208K)->5867K(6208K)
[2025-03-28T19:59:12.578+0530][gc          ] GC(458) Pause Young (Mixed) (G1 Evacuation Pause) 275M->226M(1024M) 14.076ms
[2025-03-28T19:59:12.578+0530][gc,cpu      ] GC(458) User=0.03s Sys=0.00s Real=0.02s
[2025-03-28T19:59:14.458+0530][gc,start    ] GC(459) Pause Young (Normal) (G1 Evacuation Pause)
[2025-03-28T19:59:14.459+0530][gc,task     ] GC(459) Using 2 workers of 2 for evacuation
[2025-03-28T19:59:14.481+0530][gc,mmu      ] GC(459) MMU target violated: 21.0ms (20.0ms/21.0ms)
[2025-03-28T19:59:14.481+0530][gc,phases   ] GC(459)   Pre Evacuate Collection Set: 0.4ms
[2025-03-28T19:59:14.481+0530][gc,phases   ] GC(459)   Merge Heap Roots: 0.3ms
[2025-03-28T19:59:14.481+0530][gc,phases   ] GC(459)   Evacuate Collection Set: 18.1ms
[2025-03-28T19:59:14.481+0530][gc,phases   ] GC(459)   Post Evacuate Collection Set: 3.0ms
[2025-03-28T19:59:14.481+0530][gc,phases   ] GC(459)   Other: 0.6ms
[2025-03-28T19:59:14.481+0530][gc,heap     ] GC(459) Eden regions: 147->0(106)
[2025-03-28T19:59:14.481+0530][gc,heap     ] GC(459) Survivor regions: 7->2(20)
[2025-03-28T19:59:14.481+0530][gc,heap     ] GC(459) Old regions: 72->72
[2025-03-28T19:59:14.481+0530][gc,heap     ] GC(459) Archive regions: 2->2
[2025-03-28T19:59:14.481+0530][gc,heap     ] GC(459) Humongous regions: 151->147
[2025-03-28T19:59:14.482+0530][gc,metaspace] GC(459) Metaspace: 52571K(53184K)->52571K(53184K) NonClass: 46703K(46976K)->46703K(46976K) Class: 5867K(6208K)->5867K(6208K)
[2025-03-28T19:59:14.482+0530][gc          ] GC(459) Pause Young (Normal) (G1 Evacuation Pause) 377M->221M(1024M) 23.116ms
[2025-03-28T19:59:14.482+0530][gc,cpu      ] GC(459) User=0.04s Sys=0.00s Real=0.02s
[2025-03-28T19:59:22.452+0530][gc,start    ] GC(460) Pause Young (Normal) (G1 Evacuation Pause)
[2025-03-28T19:59:22.452+0530][gc,task     ] GC(460) Using 2 workers of 2 for evacuation
[2025-03-28T19:59:22.467+0530][gc,phases   ] GC(460)   Pre Evacuate Collection Set: 0.2ms
[2025-03-28T19:59:22.467+0530][gc,phases   ] GC(460)   Merge Heap Roots: 0.1ms
[2025-03-28T19:59:22.467+0530][gc,phases   ] GC(460)   Evacuate Collection Set: 8.8ms
[2025-03-28T19:59:22.467+0530][gc,phases   ] GC(460)   Post Evacuate Collection Set: 5.9ms
[2025-03-28T19:59:22.467+0530][gc,phases   ] GC(460)   Other: 0.1ms
[2025-03-28T19:59:22.467+0530][gc,heap     ] GC(460) Eden regions: 54->0(44)
[2025-03-28T19:59:22.467+0530][gc,heap     ] GC(460) Survivor regions: 2->7(7)
[2025-03-28T19:59:22.467+0530][gc,heap     ] GC(460) Old regions: 72->73
[2025-03-28T19:59:22.467+0530][gc,heap     ] GC(460) Archive regions: 2->2
[2025-03-28T19:59:22.467+0530][gc,heap     ] GC(460) Humongous regions: 147->147
[2025-03-28T19:59:22.467+0530][gc,metaspace] GC(460) Metaspace: 52571K(53184K)->52571K(53184K) NonClass: 46703K(46976K)->46703K(46976K) Class: 5867K(6208K)->5867K(6208K)
[2025-03-28T19:59:22.467+0530][gc          ] GC(460) Pause Young (Normal) (G1 Evacuation Pause) 275M->227M(1024M) 15.130ms
[2025-03-28T19:59:22.467+0530][gc,cpu      ] GC(460) User=0.01s Sys=0.01s Real=0.01s
[2025-03-28T19:59:22.539+0530][gc,start    ] GC(461) Pause Young (Normal) (G1 Evacuation Pause)
[2025-03-28T19:59:22.539+0530][gc,task     ] GC(461) Using 2 workers of 2 for evacuation
[2025-03-28T19:59:22.553+0530][gc,phases   ] GC(461)   Pre Evacuate Collection Set: 0.2ms
[2025-03-28T19:59:22.553+0530][gc,phases   ] GC(461)   Merge Heap Roots: 0.1ms
[2025-03-28T19:59:22.553+0530][gc,phases   ] GC(461)   Evacuate Collection Set: 12.7ms
[2025-03-28T19:59:22.553+0530][gc,phases   ] GC(461)   Post Evacuate Collection Set: 0.4ms
[2025-03-28T19:59:22.553+0530][gc,phases   ] GC(461)   Other: 0.1ms
[2025-03-28T19:59:22.553+0530][gc,heap     ] GC(461) Eden regions: 44->0(61)
[2025-03-28T19:59:22.553+0530][gc,heap     ] GC(461) Survivor regions: 7->2(7)
[2025-03-28T19:59:22.553+0530][gc,heap     ] GC(461) Old regions: 73->75
[2025-03-28T19:59:22.553+0530][gc,heap     ] GC(461) Archive regions: 2->2
[2025-03-28T19:59:22.553+0530][gc,heap     ] GC(461) Humongous regions: 149->149
[2025-03-28T19:59:22.553+0530][gc,metaspace] GC(461) Metaspace: 52571K(53184K)->52571K(53184K) NonClass: 46703K(46976K)->46703K(46976K) Class: 5867K(6208K)->5867K(6208K)
[2025-03-28T19:59:22.553+0530][gc          ] GC(461) Pause Young (Normal) (G1 Evacuation Pause) 273M->226M(1024M) 13.694ms
[2025-03-28T19:59:22.553+0530][gc,cpu      ] GC(461) User=0.01s Sys=0.00s Real=0.01s
[2025-03-28T19:59:23.602+0530][gc,start    ] GC(462) Pause Young (Normal) (G1 Evacuation Pause)
[2025-03-28T19:59:23.602+0530][gc,task     ] GC(462) Using 2 workers of 2 for evacuation
[2025-03-28T19:59:23.610+0530][gc,phases   ] GC(462)   Pre Evacuate Collection Set: 0.2ms
[2025-03-28T19:59:23.610+0530][gc,phases   ] GC(462)   Merge Heap Roots: 0.1ms
[2025-03-28T19:59:23.610+0530][gc,phases   ] GC(462)   Evacuate Collection Set: 7.2ms
[2025-03-28T19:59:23.610+0530][gc,phases   ] GC(462)   Post Evacuate Collection Set: 0.5ms
[2025-03-28T19:59:23.610+0530][gc,phases   ] GC(462)   Other: 0.1ms
[2025-03-28T19:59:23.610+0530][gc,heap     ] GC(462) Eden regions: 61->0(45)
[2025-03-28T19:59:23.610+0530][gc,heap     ] GC(462) Survivor regions: 2->6(8)
[2025-03-28T19:59:23.610+0530][gc,heap     ] GC(462) Old regions: 75->75
[2025-03-28T19:59:23.610+0530][gc,heap     ] GC(462) Archive regions: 2->2
[2025-03-28T19:59:23.610+0530][gc,heap     ] GC(462) Humongous regions: 149->147
[2025-03-28T19:59:23.610+0530][gc,metaspace] GC(462) Metaspace: 52571K(53184K)->52571K(53184K) NonClass: 46703K(46976K)->46703K(46976K) Class: 5867K(6208K)->5867K(6208K)
[2025-03-28T19:59:23.610+0530][gc          ] GC(462) Pause Young (Normal) (G1 Evacuation Pause) 287M->228M(1024M) 8.301ms
[2025-03-28T19:59:23.610+0530][gc,cpu      ] GC(462) User=0.01s Sys=0.00s Real=0.01s
[2025-03-28T19:59:23.718+0530][gc,start    ] GC(463) Pause Young (Normal) (G1 Evacuation Pause)
[2025-03-28T19:59:23.718+0530][gc,task     ] GC(463) Using 2 workers of 2 for evacuation
[2025-03-28T19:59:23.723+0530][gc,phases   ] GC(463)   Pre Evacuate Collection Set: 0.2ms
[2025-03-28T19:59:23.724+0530][gc,phases   ] GC(463)   Merge Heap Roots: 0.1ms
[2025-03-28T19:59:23.724+0530][gc,phases   ] GC(463)   Evacuate Collection Set: 5.1ms
[2025-03-28T19:59:23.724+0530][gc,phases   ] GC(463)   Post Evacuate Collection Set: 0.4ms
[2025-03-28T19:59:23.724+0530][gc,phases   ] GC(463)   Other: 0.1ms
[2025-03-28T19:59:23.724+0530][gc,heap     ] GC(463) Eden regions: 45->0(175)
[2025-03-28T19:59:23.724+0530][gc,heap     ] GC(463) Survivor regions: 6->2(7)
[2025-03-28T19:59:23.724+0530][gc,heap     ] GC(463) Old regions: 75->77
[2025-03-28T19:59:23.724+0530][gc,heap     ] GC(463) Archive regions: 2->2
[2025-03-28T19:59:23.724+0530][gc,heap     ] GC(463) Humongous regions: 149->149
[2025-03-28T19:59:23.724+0530][gc,metaspace] GC(463) Metaspace: 52571K(53184K)->52571K(53184K) NonClass: 46703K(46976K)->46703K(46976K) Class: 5867K(6208K)->5867K(6208K)
[2025-03-28T19:59:23.724+0530][gc          ] GC(463) Pause Young (Normal) (G1 Evacuation Pause) 275M->227M(1024M) 5.905ms
[2025-03-28T19:59:23.724+0530][gc,cpu      ] GC(463) User=0.01s Sys=0.00s Real=0.00s
[2025-03-28T19:59:28.607+0530][gc,start    ] GC(372) Pause Young (Normal) (G1 Evacuation Pause)
[2025-03-28T19:59:28.607+0530][gc,task     ] GC(372) Using 2 workers of 2 for evacuation
[2025-03-28T19:59:28.622+0530][gc,phases   ] GC(372)   Pre Evacuate Collection Set: 0.2ms
[2025-03-28T19:59:28.622+0530][gc,phases   ] GC(372)   Merge Heap Roots: 0.1ms
[2025-03-28T19:59:28.622+0530][gc,phases   ] GC(372)   Evacuate Collection Set: 7.2ms
[2025-03-28T19:59:28.622+0530][gc,phases   ] GC(372)   Post Evacuate Collection Set: 7.5ms
[2025-03-28T19:59:28.622+0530][gc,phases   ] GC(372)   Other: 0.2ms
[2025-03-28T19:59:28.622+0530][gc,heap     ] GC(372) Eden regions: 350->0(325)
[2025-03-28T19:59:28.622+0530][gc,heap     ] GC(372) Survivor regions: 3->6(45)
[2025-03-28T19:59:28.623+0530][gc,heap     ] GC(372) Old regions: 185->185
[2025-03-28T19:59:28.623+0530][gc,heap     ] GC(372) Archive regions: 2->2
[2025-03-28T19:59:28.623+0530][gc,heap     ] GC(372) Humongous regions: 153->147
[2025-03-28T19:59:28.623+0530][gc,metaspace] GC(372) Metaspace: 52784K(53504K)->52784K(53504K) NonClass: 46858K(47232K)->46858K(47232K) Class: 5926K(6272K)->5926K(6272K)
[2025-03-28T19:59:28.623+0530][gc          ] GC(372) Pause Young (Normal) (G1 Evacuation Pause) 691M->338M(1024M) 15.297ms
[2025-03-28T19:59:28.623+0530][gc,cpu      ] GC(372) User=0.02s Sys=0.01s Real=0.01s
[2025-03-28T19:59:33.563+0530][gc,start    ] GC(464) Pause Young (Normal) (G1 Evacuation Pause)
[2025-03-28T19:59:33.564+0530][gc,task     ] GC(464) Using 2 workers of 2 for evacuation
[2025-03-28T19:59:33.575+0530][gc,phases   ] GC(464)   Pre Evacuate Collection Set: 0.2ms
[2025-03-28T19:59:33.575+0530][gc,phases   ] GC(464)   Merge Heap Roots: 0.1ms
[2025-03-28T19:59:33.575+0530][gc,phases   ] GC(464)   Evacuate Collection Set: 8.6ms
[2025-03-28T19:59:33.575+0530][gc,phases   ] GC(464)   Post Evacuate Collection Set: 1.6ms
[2025-03-28T19:59:33.575+0530][gc,phases   ] GC(464)   Other: 0.7ms
[2025-03-28T19:59:33.575+0530][gc,heap     ] GC(464) Eden regions: 175->0(139)
[2025-03-28T19:59:33.575+0530][gc,heap     ] GC(464) Survivor regions: 2->7(23)
[2025-03-28T19:59:33.575+0530][gc,heap     ] GC(464) Old regions: 77->77
[2025-03-28T19:59:33.575+0530][gc,heap     ] GC(464) Archive regions: 2->2
[2025-03-28T19:59:33.575+0530][gc,heap     ] GC(464) Humongous regions: 151->147
[2025-03-28T19:59:33.575+0530][gc,metaspace] GC(464) Metaspace: 52571K(53184K)->52571K(53184K) NonClass: 46703K(46976K)->46703K(46976K) Class: 5867K(6208K)->5867K(6208K)
[2025-03-28T19:59:33.575+0530][gc          ] GC(464) Pause Young (Normal) (G1 Evacuation Pause) 404M->230M(1024M) 11.349ms
[2025-03-28T19:59:33.575+0530][gc,cpu      ] GC(464) User=0.02s Sys=0.00s Real=0.02s
[2025-03-28T19:59:38.715+0530][gc,start    ] GC(373) Pause Young (Normal) (G1 Evacuation Pause)
[2025-03-28T19:59:38.715+0530][gc,task     ] GC(373) Using 2 workers of 2 for evacuation
[2025-03-28T19:59:38.744+0530][gc,mmu      ] GC(373) MMU target violated: 21.0ms (20.0ms/21.0ms)
[2025-03-28T19:59:38.744+0530][gc,phases   ] GC(373)   Pre Evacuate Collection Set: 0.3ms
[2025-03-28T19:59:38.744+0530][gc,phases   ] GC(373)   Merge Heap Roots: 0.2ms
[2025-03-28T19:59:38.744+0530][gc,phases   ] GC(373)   Evacuate Collection Set: 27.9ms
[2025-03-28T19:59:38.744+0530][gc,phases   ] GC(373)   Post Evacuate Collection Set: 0.7ms
[2025-03-28T19:59:38.744+0530][gc,phases   ] GC(373)   Other: 0.2ms
[2025-03-28T19:59:38.744+0530][gc,heap     ] GC(373) Eden regions: 266->0(71)
[2025-03-28T19:59:38.744+0530][gc,heap     ] GC(373) Survivor regions: 6->4(34)
[2025-03-28T19:59:38.744+0530][gc,heap     ] GC(373) Old regions: 185->185
[2025-03-28T19:59:38.744+0530][gc,heap     ] GC(373) Archive regions: 2->2
[2025-03-28T19:59:38.744+0530][gc,heap     ] GC(373) Humongous regions: 153->149
[2025-03-28T19:59:38.744+0530][gc,metaspace] GC(373) Metaspace: 52785K(53504K)->52785K(53504K) NonClass: 46859K(47232K)->46859K(47232K) Class: 5926K(6272K)->5926K(6272K)
[2025-03-28T19:59:38.744+0530][gc          ] GC(373) Pause Young (Normal) (G1 Evacuation Pause) 610M->337M(1024M) 29.310ms
[2025-03-28T19:59:38.744+0530][gc,cpu      ] GC(373) User=0.02s Sys=0.00s Real=0.02s
[2025-03-28T19:59:39.750+0530][gc,start    ] GC(374) Pause Young (Normal) (G1 Evacuation Pause)
[2025-03-28T19:59:39.750+0530][gc,task     ] GC(374) Using 2 workers of 2 for evacuation
[2025-03-28T19:59:39.760+0530][gc,phases   ] GC(374)   Pre Evacuate Collection Set: 0.2ms
[2025-03-28T19:59:39.760+0530][gc,phases   ] GC(374)   Merge Heap Roots: 0.1ms
[2025-03-28T19:59:39.760+0530][gc,phases   ] GC(374)   Evacuate Collection Set: 8.8ms
[2025-03-28T19:59:39.760+0530][gc,phases   ] GC(374)   Post Evacuate Collection Set: 0.5ms
[2025-03-28T19:59:39.760+0530][gc,phases   ] GC(374)   Other: 0.1ms
[2025-03-28T19:59:39.760+0530][gc,heap     ] GC(374) Eden regions: 71->0(48)
[2025-03-28T19:59:39.760+0530][gc,heap     ] GC(374) Survivor regions: 4->7(10)
[2025-03-28T19:59:39.760+0530][gc,heap     ] GC(374) Old regions: 185->185
[2025-03-28T19:59:39.760+0530][gc,heap     ] GC(374) Archive regions: 2->2
[2025-03-28T19:59:39.760+0530][gc,heap     ] GC(374) Humongous regions: 149->147
[2025-03-28T19:59:39.760+0530][gc,metaspace] GC(374) Metaspace: 52785K(53504K)->52785K(53504K) NonClass: 46859K(47232K)->46859K(47232K) Class: 5926K(6272K)->5926K(6272K)
[2025-03-28T19:59:39.760+0530][gc          ] GC(374) Pause Young (Normal) (G1 Evacuation Pause) 408M->339M(1024M) 9.836ms
[2025-03-28T19:59:39.760+0530][gc,cpu      ] GC(374) User=0.01s Sys=0.00s Real=0.01s
[2025-03-28T19:59:39.836+0530][gc,start    ] GC(375) Pause Young (Normal) (G1 Evacuation Pause)
[2025-03-28T19:59:39.836+0530][gc,task     ] GC(375) Using 2 workers of 2 for evacuation
[2025-03-28T19:59:39.851+0530][gc,phases   ] GC(375)   Pre Evacuate Collection Set: 0.2ms
[2025-03-28T19:59:39.851+0530][gc,phases   ] GC(375)   Merge Heap Roots: 0.1ms
[2025-03-28T19:59:39.851+0530][gc,phases   ] GC(375)   Evacuate Collection Set: 7.1ms
[2025-03-28T19:59:39.851+0530][gc,phases   ] GC(375)   Post Evacuate Collection Set: 7.0ms
[2025-03-28T19:59:39.851+0530][gc,phases   ] GC(375)   Other: 0.3ms
[2025-03-28T19:59:39.851+0530][gc,heap     ] GC(375) Eden regions: 48->0(190)
[2025-03-28T19:59:39.851+0530][gc,heap     ] GC(375) Survivor regions: 7->2(7)
[2025-03-28T19:59:39.851+0530][gc,heap     ] GC(375) Old regions: 185->187
[2025-03-28T19:59:39.851+0530][gc,heap     ] GC(375) Archive regions: 2->2
[2025-03-28T19:59:39.851+0530][gc,heap     ] GC(375) Humongous regions: 149->149
[2025-03-28T19:59:39.851+0530][gc,metaspace] GC(375) Metaspace: 52785K(53504K)->52785K(53504K) NonClass: 46859K(47232K)->46859K(47232K) Class: 5926K(6272K)->5926K(6272K)
[2025-03-28T19:59:39.852+0530][gc          ] GC(375) Pause Young (Normal) (G1 Evacuation Pause) 389M->338M(1024M) 15.413ms
[2025-03-28T19:59:39.852+0530][gc,cpu      ] GC(375) User=0.02s Sys=0.00s Real=0.01s
[2025-03-28T19:59:42.530+0530][gc,start    ] GC(465) Pause Young (Normal) (G1 Evacuation Pause)
[2025-03-28T19:59:42.530+0530][gc,task     ] GC(465) Using 2 workers of 2 for evacuation
[2025-03-28T19:59:42.557+0530][gc,mmu      ] GC(465) MMU target violated: 21.0ms (20.0ms/21.0ms)
[2025-03-28T19:59:42.557+0530][gc,phases   ] GC(465)   Pre Evacuate Collection Set: 0.3ms
[2025-03-28T19:59:42.557+0530][gc,phases   ] GC(465)   Merge Heap Roots: 0.2ms
[2025-03-28T19:59:42.557+0530][gc,phases   ] GC(465)   Evacuate Collection Set: 25.9ms
[2025-03-28T19:59:42.557+0530][gc,phases   ] GC(465)   Post Evacuate Collection Set: 0.5ms
[2025-03-28T19:59:42.557+0530][gc,phases   ] GC(465)   Other: 0.2ms
[2025-03-28T19:59:42.557+0530][gc,heap     ] GC(465) Eden regions: 139->0(57)
[2025-03-28T19:59:42.557+0530][gc,heap     ] GC(465) Survivor regions: 7->4(19)
[2025-03-28T19:59:42.557+0530][gc,heap     ] GC(465) Old regions: 77->77
[2025-03-28T19:59:42.557+0530][gc,heap     ] GC(465) Archive regions: 2->2
[2025-03-28T19:59:42.557+0530][gc,heap     ] GC(465) Humongous regions: 151->149
[2025-03-28T19:59:42.557+0530][gc,metaspace] GC(465) Metaspace: 52571K(53184K)->52571K(53184K) NonClass: 46703K(46976K)->46703K(46976K) Class: 5867K(6208K)->5867K(6208K)
[2025-03-28T19:59:42.557+0530][gc          ] GC(465) Pause Young (Normal) (G1 Evacuation Pause) 373M->229M(1024M) 27.188ms
[2025-03-28T19:59:42.557+0530][gc,cpu      ] GC(465) User=0.02s Sys=0.00s Real=0.02s
[2025-03-28T19:59:43.581+0530][gc,start    ] GC(466) Pause Young (Normal) (G1 Evacuation Pause)
[2025-03-28T19:59:43.581+0530][gc,task     ] GC(466) Using 2 workers of 2 for evacuation
[2025-03-28T19:59:43.588+0530][gc,phases   ] GC(466)   Pre Evacuate Collection Set: 0.2ms
[2025-03-28T19:59:43.588+0530][gc,phases   ] GC(466)   Merge Heap Roots: 0.1ms
[2025-03-28T19:59:43.588+0530][gc,phases   ] GC(466)   Evacuate Collection Set: 5.7ms
[2025-03-28T19:59:43.588+0530][gc,phases   ] GC(466)   Post Evacuate Collection Set: 0.5ms
[2025-03-28T19:59:43.588+0530][gc,phases   ] GC(466)   Other: 0.1ms
[2025-03-28T19:59:43.588+0530][gc,heap     ] GC(466) Eden regions: 57->0(117)
[2025-03-28T19:59:43.588+0530][gc,heap     ] GC(466) Survivor regions: 4->5(8)
[2025-03-28T19:59:43.588+0530][gc,heap     ] GC(466) Old regions: 77->77
[2025-03-28T19:59:43.588+0530][gc,heap     ] GC(466) Archive regions: 2->2
[2025-03-28T19:59:43.588+0530][gc,heap     ] GC(466) Humongous regions: 149->147
[2025-03-28T19:59:43.588+0530][gc,metaspace] GC(466) Metaspace: 52571K(53184K)->52571K(53184K) NonClass: 46703K(46976K)->46703K(46976K) Class: 5867K(6208K)->5867K(6208K)
[2025-03-28T19:59:43.588+0530][gc          ] GC(466) Pause Young (Normal) (G1 Evacuation Pause) 286M->228M(1024M) 6.809ms
[2025-03-28T19:59:43.588+0530][gc,cpu      ] GC(466) User=0.01s Sys=0.00s Real=0.01s
[2025-03-28T19:59:49.727+0530][gc,start    ] GC(376) Pause Young (Normal) (G1 Evacuation Pause)
[2025-03-28T19:59:49.727+0530][gc,task     ] GC(376) Using 2 workers of 2 for evacuation
[2025-03-28T19:59:49.736+0530][gc,phases   ] GC(376)   Pre Evacuate Collection Set: 0.3ms
[2025-03-28T19:59:49.736+0530][gc,phases   ] GC(376)   Merge Heap Roots: 0.2ms
[2025-03-28T19:59:49.736+0530][gc,phases   ] GC(376)   Evacuate Collection Set: 7.6ms
[2025-03-28T19:59:49.736+0530][gc,phases   ] GC(376)   Post Evacuate Collection Set: 0.7ms
[2025-03-28T19:59:49.736+0530][gc,phases   ] GC(376)   Other: 0.3ms
[2025-03-28T19:59:49.736+0530][gc,heap     ] GC(376) Eden regions: 190->0(335)
[2025-03-28T19:59:49.736+0530][gc,heap     ] GC(376) Survivor regions: 2->3(24)
[2025-03-28T19:59:49.736+0530][gc,heap     ] GC(376) Old regions: 187->187
[2025-03-28T19:59:49.736+0530][gc,heap     ] GC(376) Archive regions: 2->2
[2025-03-28T19:59:49.736+0530][gc,heap     ] GC(376) Humongous regions: 153->149
[2025-03-28T19:59:49.736+0530][gc,metaspace] GC(376) Metaspace: 52785K(53504K)->52785K(53504K) NonClass: 46859K(47232K)->46859K(47232K) Class: 5926K(6272K)->5926K(6272K)
[2025-03-28T19:59:49.736+0530][gc          ] GC(376) Pause Young (Normal) (G1 Evacuation Pause) 532M->339M(1024M) 9.280ms
[2025-03-28T19:59:49.737+0530][gc,cpu      ] GC(376) User=0.01s Sys=0.00s Real=0.01s
[2025-03-28T19:59:52.499+0530][gc,start    ] GC(467) Pause Young (Normal) (G1 Evacuation Pause)
[2025-03-28T19:59:52.499+0530][gc,task     ] GC(467) Using 2 workers of 2 for evacuation
[2025-03-28T19:59:52.509+0530][gc,phases   ] GC(467)   Pre Evacuate Collection Set: 0.2ms
[2025-03-28T19:59:52.509+0530][gc,phases   ] GC(467)   Merge Heap Roots: 0.1ms
[2025-03-28T19:59:52.509+0530][gc,phases   ] GC(467)   Evacuate Collection Set: 8.8ms
[2025-03-28T19:59:52.509+0530][gc,phases   ] GC(467)   Post Evacuate Collection Set: 0.7ms
[2025-03-28T19:59:52.509+0530][gc,phases   ] GC(467)   Other: 0.2ms
[2025-03-28T19:59:52.509+0530][gc,heap     ] GC(467) Eden regions: 117->0(172)
[2025-03-28T19:59:52.509+0530][gc,heap     ] GC(467) Survivor regions: 5->6(16)
[2025-03-28T19:59:52.509+0530][gc,heap     ] GC(467) Old regions: 77->77
[2025-03-28T19:59:52.509+0530][gc,heap     ] GC(467) Archive regions: 2->2
[2025-03-28T19:59:52.509+0530][gc,heap     ] GC(467) Humongous regions: 149->147
[2025-03-28T19:59:52.509+0530][gc,metaspace] GC(467) Metaspace: 52576K(53184K)->52576K(53184K) NonClass: 46708K(46976K)->46708K(46976K) Class: 5867K(6208K)->5867K(6208K)
[2025-03-28T19:59:52.509+0530][gc          ] GC(467) Pause Young (Normal) (G1 Evacuation Pause) 347M->229M(1024M) 10.107ms
[2025-03-28T19:59:52.509+0530][gc,cpu      ] GC(467) User=0.02s Sys=0.00s Real=0.02s
[2025-03-28T19:59:53.653+0530][gc,start    ] GC(468) Pause Young (Normal) (G1 Evacuation Pause)
[2025-03-28T19:59:53.653+0530][gc,task     ] GC(468) Using 2 workers of 2 for evacuation
[2025-03-28T19:59:53.662+0530][gc,phases   ] GC(468)   Pre Evacuate Collection Set: 0.2ms
[2025-03-28T19:59:53.662+0530][gc,phases   ] GC(468)   Merge Heap Roots: 0.2ms
[2025-03-28T19:59:53.662+0530][gc,phases   ] GC(468)   Evacuate Collection Set: 7.8ms
[2025-03-28T19:59:53.662+0530][gc,phases   ] GC(468)   Post Evacuate Collection Set: 0.8ms
[2025-03-28T19:59:53.662+0530][gc,phases   ] GC(468)   Other: 0.2ms
[2025-03-28T19:59:53.662+0530][gc,heap     ] GC(468) Eden regions: 172->0(435)
[2025-03-28T19:59:53.662+0530][gc,heap     ] GC(468) Survivor regions: 6->4(23)
[2025-03-28T19:59:53.662+0530][gc,heap     ] GC(468) Old regions: 77->77
[2025-03-28T19:59:53.662+0530][gc,heap     ] GC(468) Archive regions: 2->2
[2025-03-28T19:59:53.662+0530][gc,heap     ] GC(468) Humongous regions: 151->149
[2025-03-28T19:59:53.662+0530][gc,metaspace] GC(468) Metaspace: 52576K(53184K)->52576K(53184K) NonClass: 46708K(46976K)->46708K(46976K) Class: 5867K(6208K)->5867K(6208K)
[2025-03-28T19:59:53.662+0530][gc          ] GC(468) Pause Young (Normal) (G1 Evacuation Pause) 405M->229M(1024M) 9.154ms
[2025-03-28T19:59:53.662+0530][gc,cpu      ] GC(468) User=0.02s Sys=0.00s Real=0.01s
[2025-03-28T20:00:08.699+0530][gc,start    ] GC(377) Pause Young (Normal) (G1 Evacuation Pause)
[2025-03-28T20:00:08.699+0530][gc,task     ] GC(377) Using 2 workers of 2 for evacuation
[2025-03-28T20:00:08.723+0530][gc,mmu      ] GC(377) MMU target violated: 21.0ms (20.0ms/21.0ms)
[2025-03-28T20:00:08.723+0530][gc,phases   ] GC(377)   Pre Evacuate Collection Set: 0.3ms
[2025-03-28T20:00:08.723+0530][gc,phases   ] GC(377)   Merge Heap Roots: 0.3ms
[2025-03-28T20:00:08.723+0530][gc,phases   ] GC(377)   Evacuate Collection Set: 16.0ms
[2025-03-28T20:00:08.723+0530][gc,phases   ] GC(377)   Post Evacuate Collection Set: 7.2ms
[2025-03-28T20:00:08.723+0530][gc,phases   ] GC(377)   Other: 0.3ms
[2025-03-28T20:00:08.723+0530][gc,heap     ] GC(377) Eden regions: 335->0(117)
[2025-03-28T20:00:08.723+0530][gc,heap     ] GC(377) Survivor regions: 3->4(43)
[2025-03-28T20:00:08.723+0530][gc,heap     ] GC(377) Old regions: 187->187
[2025-03-28T20:00:08.723+0530][gc,heap     ] GC(377) Archive regions: 2->2
[2025-03-28T20:00:08.723+0530][gc,heap     ] GC(377) Humongous regions: 155->149
[2025-03-28T20:00:08.723+0530][gc,metaspace] GC(377) Metaspace: 52786K(53504K)->52786K(53504K) NonClass: 46860K(47232K)->46860K(47232K) Class: 5926K(6272K)->5926K(6272K)
[2025-03-28T20:00:08.723+0530][gc          ] GC(377) Pause Young (Normal) (G1 Evacuation Pause) 680M->339M(1024M) 24.182ms
[2025-03-28T20:00:08.723+0530][gc,cpu      ] GC(377) User=0.02s Sys=0.00s Real=0.02s
[2025-03-28T20:00:09.831+0530][gc,start    ] GC(378) Pause Young (Normal) (G1 Evacuation Pause)
[2025-03-28T20:00:09.831+0530][gc,task     ] GC(378) Using 2 workers of 2 for evacuation
[2025-03-28T20:00:09.846+0530][gc,phases   ] GC(378)   Pre Evacuate Collection Set: 0.3ms
[2025-03-28T20:00:09.846+0530][gc,phases   ] GC(378)   Merge Heap Roots: 0.2ms
[2025-03-28T20:00:09.846+0530][gc,phases   ] GC(378)   Evacuate Collection Set: 7.8ms
[2025-03-28T20:00:09.846+0530][gc,phases   ] GC(378)   Post Evacuate Collection Set: 6.4ms
[2025-03-28T20:00:09.846+0530][gc,phases   ] GC(378)   Other: 0.2ms
[2025-03-28T20:00:09.846+0530][gc,heap     ] GC(378) Eden regions: 117->0(194)
[2025-03-28T20:00:09.846+0530][gc,heap     ] GC(378) Survivor regions: 4->4(16)
[2025-03-28T20:00:09.846+0530][gc,heap     ] GC(378) Old regions: 187->187
[2025-03-28T20:00:09.846+0530][gc,heap     ] GC(378) Archive regions: 2->2
[2025-03-28T20:00:09.846+0530][gc,heap     ] GC(378) Humongous regions: 151->149
[2025-03-28T20:00:09.846+0530][gc,metaspace] GC(378) Metaspace: 52786K(53504K)->52786K(53504K) NonClass: 46860K(47232K)->46860K(47232K) Class: 5926K(6272K)->5926K(6272K)
[2025-03-28T20:00:09.846+0530][gc          ] GC(378) Pause Young (Normal) (G1 Evacuation Pause) 458M->339M(1024M) 14.993ms
[2025-03-28T20:00:09.846+0530][gc,cpu      ] GC(378) User=0.01s Sys=0.00s Real=0.02s
[2025-03-28T20:00:13.726+0530][gc,start    ] GC(469) Pause Young (Normal) (G1 Evacuation Pause)
[2025-03-28T20:00:13.726+0530][gc,task     ] GC(469) Using 2 workers of 2 for evacuation
[2025-03-28T20:00:13.736+0530][gc,phases   ] GC(469)   Pre Evacuate Collection Set: 0.4ms
[2025-03-28T20:00:13.736+0530][gc,phases   ] GC(469)   Merge Heap Roots: 0.2ms
[2025-03-28T20:00:13.736+0530][gc,phases   ] GC(469)   Evacuate Collection Set: 8.5ms
[2025-03-28T20:00:13.736+0530][gc,phases   ] GC(469)   Post Evacuate Collection Set: 0.7ms
[2025-03-28T20:00:13.736+0530][gc,phases   ] GC(469)   Other: 0.2ms
[2025-03-28T20:00:13.736+0530][gc,heap     ] GC(469) Eden regions: 435->0(605)
[2025-03-28T20:00:13.736+0530][gc,heap     ] GC(469) Survivor regions: 4->4(55)
[2025-03-28T20:00:13.736+0530][gc,heap     ] GC(469) Old regions: 77->77
[2025-03-28T20:00:13.736+0530][gc,heap     ] GC(469) Archive regions: 2->2
[2025-03-28T20:00:13.736+0530][gc,heap     ] GC(469) Humongous regions: 157->149
[2025-03-28T20:00:13.736+0530][gc,metaspace] GC(469) Metaspace: 52576K(53184K)->52576K(53184K) NonClass: 46708K(46976K)->46708K(46976K) Class: 5867K(6208K)->5867K(6208K)
[2025-03-28T20:00:13.736+0530][gc          ] GC(469) Pause Young (Normal) (G1 Evacuation Pause) 672M->229M(1024M) 10.066ms
[2025-03-28T20:00:13.737+0530][gc,cpu      ] GC(469) User=0.02s Sys=0.00s Real=0.02s
[2025-03-28T20:00:19.799+0530][gc,start    ] GC(379) Pause Young (Normal) (G1 Evacuation Pause)
[2025-03-28T20:00:19.799+0530][gc,task     ] GC(379) Using 2 workers of 2 for evacuation
[2025-03-28T20:00:19.811+0530][gc,phases   ] GC(379)   Pre Evacuate Collection Set: 0.2ms
[2025-03-28T20:00:19.811+0530][gc,phases   ] GC(379)   Merge Heap Roots: 0.2ms
[2025-03-28T20:00:19.811+0530][gc,phases   ] GC(379)   Evacuate Collection Set: 10.8ms
[2025-03-28T20:00:19.811+0530][gc,phases   ] GC(379)   Post Evacuate Collection Set: 0.8ms
[2025-03-28T20:00:19.811+0530][gc,phases   ] GC(379)   Other: 0.4ms
[2025-03-28T20:00:19.811+0530][gc,heap     ] GC(379) Eden regions: 194->0(42)
[2025-03-28T20:00:19.811+0530][gc,heap     ] GC(379) Survivor regions: 4->9(25)
[2025-03-28T20:00:19.811+0530][gc,heap     ] GC(379) Old regions: 187->187
[2025-03-28T20:00:19.811+0530][gc,heap     ] GC(379) Archive regions: 2->2
[2025-03-28T20:00:19.811+0530][gc,heap     ] GC(379) Humongous regions: 151->147
[2025-03-28T20:00:19.811+0530][gc,metaspace] GC(379) Metaspace: 52786K(53504K)->52786K(53504K) NonClass: 46860K(47232K)->46860K(47232K) Class: 5926K(6272K)->5926K(6272K)
[2025-03-28T20:00:19.811+0530][gc          ] GC(379) Pause Young (Normal) (G1 Evacuation Pause) 535M->342M(1024M) 12.474ms
[2025-03-28T20:00:19.811+0530][gc,cpu      ] GC(379) User=0.02s Sys=0.00s Real=0.03s
[2025-03-28T20:00:19.872+0530][gc,start    ] GC(380) Pause Young (Normal) (G1 Evacuation Pause)
[2025-03-28T20:00:19.872+0530][gc,task     ] GC(380) Using 2 workers of 2 for evacuation
[2025-03-28T20:00:19.883+0530][gc,phases   ] GC(380)   Pre Evacuate Collection Set: 0.3ms
[2025-03-28T20:00:19.883+0530][gc,phases   ] GC(380)   Merge Heap Roots: 0.3ms
[2025-03-28T20:00:19.883+0530][gc,phases   ] GC(380)   Evacuate Collection Set: 10.0ms
[2025-03-28T20:00:19.883+0530][gc,phases   ] GC(380)   Post Evacuate Collection Set: 0.4ms
[2025-03-28T20:00:19.883+0530][gc,phases   ] GC(380)   Other: 0.1ms
[2025-03-28T20:00:19.883+0530][gc,heap     ] GC(380) Eden regions: 42->0(106)
[2025-03-28T20:00:19.883+0530][gc,heap     ] GC(380) Survivor regions: 9->1(7)
[2025-03-28T20:00:19.883+0530][gc,heap     ] GC(380) Old regions: 187->190
[2025-03-28T20:00:19.883+0530][gc,heap     ] GC(380) Archive regions: 2->2
[2025-03-28T20:00:19.883+0530][gc,heap     ] GC(380) Humongous regions: 149->149
[2025-03-28T20:00:19.883+0530][gc,metaspace] GC(380) Metaspace: 52786K(53504K)->52786K(53504K) NonClass: 46860K(47232K)->46860K(47232K) Class: 5926K(6272K)->5926K(6272K)
[2025-03-28T20:00:19.883+0530][gc          ] GC(380) Pause Young (Normal) (G1 Evacuation Pause) 386M->340M(1024M) 11.172ms
[2025-03-28T20:00:19.883+0530][gc,cpu      ] GC(380) User=0.01s Sys=0.00s Real=0.01s
[2025-03-28T20:00:22.557+0530][gc,start    ] GC(470) Pause Young (Concurrent Start) (G1 Humongous Allocation)
[2025-03-28T20:00:22.557+0530][gc,task     ] GC(470) Using 2 workers of 2 for evacuation
[2025-03-28T20:00:22.574+0530][gc,phases   ] GC(470)   Pre Evacuate Collection Set: 0.3ms
[2025-03-28T20:00:22.574+0530][gc,phases   ] GC(470)   Merge Heap Roots: 0.1ms
[2025-03-28T20:00:22.574+0530][gc,phases   ] GC(470)   Evacuate Collection Set: 16.0ms
[2025-03-28T20:00:22.574+0530][gc,phases   ] GC(470)   Post Evacuate Collection Set: 0.5ms
[2025-03-28T20:00:22.574+0530][gc,phases   ] GC(470)   Other: 0.2ms
[2025-03-28T20:00:22.574+0530][gc,heap     ] GC(470) Eden regions: 72->0(566)
[2025-03-28T20:00:22.574+0530][gc,heap     ] GC(470) Survivor regions: 4->5(75)
[2025-03-28T20:00:22.574+0530][gc,heap     ] GC(470) Old regions: 77->77
[2025-03-28T20:00:22.574+0530][gc,heap     ] GC(470) Archive regions: 2->2
[2025-03-28T20:00:22.574+0530][gc,heap     ] GC(470) Humongous regions: 149->147
[2025-03-28T20:00:22.574+0530][gc,metaspace] GC(470) Metaspace: 52585K(53248K)->52585K(53248K) NonClass: 46717K(47040K)->46717K(47040K) Class: 5867K(6208K)->5867K(6208K)
[2025-03-28T20:00:22.574+0530][gc          ] GC(470) Pause Young (Concurrent Start) (G1 Humongous Allocation) 301M->228M(1024M) 17.371ms
[2025-03-28T20:00:22.574+0530][gc,cpu      ] GC(470) User=0.02s Sys=0.01s Real=0.02s
[2025-03-28T20:00:22.574+0530][gc          ] GC(471) Concurrent Mark Cycle
[2025-03-28T20:00:22.574+0530][gc,marking  ] GC(471) Concurrent Clear Claimed Marks
[2025-03-28T20:00:22.574+0530][gc,marking  ] GC(471) Concurrent Clear Claimed Marks 0.111ms
[2025-03-28T20:00:22.574+0530][gc,marking  ] GC(471) Concurrent Scan Root Regions
[2025-03-28T20:00:22.586+0530][gc,marking  ] GC(471) Concurrent Scan Root Regions 11.952ms
[2025-03-28T20:00:22.586+0530][gc,marking  ] GC(471) Concurrent Mark
[2025-03-28T20:00:22.586+0530][gc,marking  ] GC(471) Concurrent Mark From Roots
[2025-03-28T20:00:22.586+0530][gc,task     ] GC(471) Using 1 workers of 1 for marking
[2025-03-28T20:00:22.700+0530][gc,marking  ] GC(471) Concurrent Mark From Roots 113.187ms
[2025-03-28T20:00:22.700+0530][gc,marking  ] GC(471) Concurrent Preclean
[2025-03-28T20:00:22.700+0530][gc,marking  ] GC(471) Concurrent Preclean 0.165ms
[2025-03-28T20:00:22.700+0530][gc,start    ] GC(471) Pause Remark
[2025-03-28T20:00:22.721+0530][gc,mmu      ] GC(471) MMU target violated: 21.0ms (20.0ms/21.0ms)
[2025-03-28T20:00:22.721+0530][gc          ] GC(471) Pause Remark 269M->268M(1024M) 21.311ms
[2025-03-28T20:00:22.721+0530][gc,cpu      ] GC(471) User=0.03s Sys=0.00s Real=0.02s
[2025-03-28T20:00:22.721+0530][gc,marking  ] GC(471) Concurrent Mark 134.996ms
[2025-03-28T20:00:22.721+0530][gc,marking  ] GC(471) Concurrent Rebuild Remembered Sets
[2025-03-28T20:00:22.753+0530][gc,marking  ] GC(471) Concurrent Rebuild Remembered Sets 31.564ms
[2025-03-28T20:00:22.753+0530][gc,start    ] GC(471) Pause Cleanup
[2025-03-28T20:00:22.754+0530][gc          ] GC(471) Pause Cleanup 268M->268M(1024M) 0.277ms
[2025-03-28T20:00:22.754+0530][gc,cpu      ] GC(471) User=0.00s Sys=0.00s Real=0.00s
[2025-03-28T20:00:22.754+0530][gc,marking  ] GC(471) Concurrent Cleanup for Next Mark
[2025-03-28T20:00:22.756+0530][gc,marking  ] GC(471) Concurrent Cleanup for Next Mark 1.965ms
[2025-03-28T20:00:22.756+0530][gc          ] GC(471) Concurrent Mark Cycle 181.428ms
[2025-03-28T20:00:28.800+0530][gc,start    ] GC(381) Pause Young (Normal) (G1 Evacuation Pause)
[2025-03-28T20:00:28.800+0530][gc,task     ] GC(381) Using 2 workers of 2 for evacuation
[2025-03-28T20:00:28.820+0530][gc,mmu      ] GC(381) MMU target violated: 20.0ms (20.0ms/21.0ms)
[2025-03-28T20:00:28.820+0530][gc,phases   ] GC(381)   Pre Evacuate Collection Set: 0.3ms
[2025-03-28T20:00:28.820+0530][gc,phases   ] GC(381)   Merge Heap Roots: 0.2ms
[2025-03-28T20:00:28.820+0530][gc,phases   ] GC(381)   Evacuate Collection Set: 18.8ms
[2025-03-28T20:00:28.820+0530][gc,phases   ] GC(381)   Post Evacuate Collection Set: 0.7ms
[2025-03-28T20:00:28.820+0530][gc,phases   ] GC(381)   Other: 0.2ms
[2025-03-28T20:00:28.820+0530][gc,heap     ] GC(381) Eden regions: 106->0(54)
[2025-03-28T20:00:28.820+0530][gc,heap     ] GC(381) Survivor regions: 1->3(14)
[2025-03-28T20:00:28.820+0530][gc,heap     ] GC(381) Old regions: 190->190
[2025-03-28T20:00:28.820+0530][gc,heap     ] GC(381) Archive regions: 2->2
[2025-03-28T20:00:28.820+0530][gc,heap     ] GC(381) Humongous regions: 151->149
[2025-03-28T20:00:28.820+0530][gc,metaspace] GC(381) Metaspace: 52786K(53504K)->52786K(53504K) NonClass: 46860K(47232K)->46860K(47232K) Class: 5926K(6272K)->5926K(6272K)
[2025-03-28T20:00:28.820+0530][gc          ] GC(381) Pause Young (Normal) (G1 Evacuation Pause) 448M->342M(1024M) 20.337ms
[2025-03-28T20:00:28.820+0530][gc,cpu      ] GC(381) User=0.01s Sys=0.00s Real=0.02s
[2025-03-28T20:00:29.728+0530][gc,start    ] GC(382) Pause Young (Normal) (G1 Evacuation Pause)
[2025-03-28T20:00:29.728+0530][gc,task     ] GC(382) Using 2 workers of 2 for evacuation
[2025-03-28T20:00:29.743+0530][gc,phases   ] GC(382)   Pre Evacuate Collection Set: 0.2ms
[2025-03-28T20:00:29.743+0530][gc,phases   ] GC(382)   Merge Heap Roots: 0.1ms
[2025-03-28T20:00:29.743+0530][gc,phases   ] GC(382)   Evacuate Collection Set: 8.2ms
[2025-03-28T20:00:29.743+0530][gc,phases   ] GC(382)   Post Evacuate Collection Set: 7.0ms
[2025-03-28T20:00:29.743+0530][gc,phases   ] GC(382)   Other: 0.3ms
[2025-03-28T20:00:29.743+0530][gc,heap     ] GC(382) Eden regions: 54->0(45)
[2025-03-28T20:00:29.743+0530][gc,heap     ] GC(382) Survivor regions: 3->6(8)
[2025-03-28T20:00:29.743+0530][gc,heap     ] GC(382) Old regions: 190->190
[2025-03-28T20:00:29.743+0530][gc,heap     ] GC(382) Archive regions: 2->2
[2025-03-28T20:00:29.743+0530][gc,heap     ] GC(382) Humongous regions: 149->147
[2025-03-28T20:00:29.743+0530][gc,metaspace] GC(382) Metaspace: 52786K(53504K)->52786K(53504K) NonClass: 46860K(47232K)->46860K(47232K) Class: 5926K(6272K)->5926K(6272K)
[2025-03-28T20:00:29.744+0530][gc          ] GC(382) Pause Young (Normal) (G1 Evacuation Pause) 396M->342M(1024M) 15.872ms
[2025-03-28T20:00:29.744+0530][gc,cpu      ] GC(382) User=0.01s Sys=0.01s Real=0.02s
[2025-03-28T20:00:29.818+0530][gc,start    ] GC(383) Pause Young (Normal) (G1 Evacuation Pause)
[2025-03-28T20:00:29.818+0530][gc,task     ] GC(383) Using 2 workers of 2 for evacuation
[2025-03-28T20:00:29.832+0530][gc,phases   ] GC(383)   Pre Evacuate Collection Set: 0.1ms
[2025-03-28T20:00:29.832+0530][gc,phases   ] GC(383)   Merge Heap Roots: 0.1ms
[2025-03-28T20:00:29.832+0530][gc,phases   ] GC(383)   Evacuate Collection Set: 6.6ms
[2025-03-28T20:00:29.832+0530][gc,phases   ] GC(383)   Post Evacuate Collection Set: 7.0ms
[2025-03-28T20:00:29.832+0530][gc,phases   ] GC(383)   Other: 0.3ms
[2025-03-28T20:00:29.832+0530][gc,heap     ] GC(383) Eden regions: 45->0(67)
[2025-03-28T20:00:29.832+0530][gc,heap     ] GC(383) Survivor regions: 6->2(7)
[2025-03-28T20:00:29.832+0530][gc,heap     ] GC(383) Old regions: 190->191
[2025-03-28T20:00:29.832+0530][gc,heap     ] GC(383) Archive regions: 2->2
[2025-03-28T20:00:29.832+0530][gc,heap     ] GC(383) Humongous regions: 149->149
[2025-03-28T20:00:29.832+0530][gc,metaspace] GC(383) Metaspace: 52786K(53504K)->52786K(53504K) NonClass: 46860K(47232K)->46860K(47232K) Class: 5926K(6272K)->5926K(6272K)
[2025-03-28T20:00:29.833+0530][gc          ] GC(383) Pause Young (Normal) (G1 Evacuation Pause) 389M->342M(1024M) 15.007ms
[2025-03-28T20:00:29.833+0530][gc,cpu      ] GC(383) User=0.02s Sys=0.01s Real=0.01s
[2025-03-28T20:00:38.623+0530][gc,start    ] GC(384) Pause Young (Normal) (G1 Evacuation Pause)
[2025-03-28T20:00:38.623+0530][gc,task     ] GC(384) Using 2 workers of 2 for evacuation
[2025-03-28T20:00:38.644+0530][gc,mmu      ] GC(384) MMU target violated: 21.0ms (20.0ms/21.0ms)
[2025-03-28T20:00:38.644+0530][gc,phases   ] GC(384)   Pre Evacuate Collection Set: 0.3ms
[2025-03-28T20:00:38.644+0530][gc,phases   ] GC(384)   Merge Heap Roots: 0.2ms
[2025-03-28T20:00:38.644+0530][gc,phases   ] GC(384)   Evacuate Collection Set: 20.1ms
[2025-03-28T20:00:38.644+0530][gc,phases   ] GC(384)   Post Evacuate Collection Set: 0.6ms
[2025-03-28T20:00:38.644+0530][gc,phases   ] GC(384)   Other: 0.2ms
[2025-03-28T20:00:38.644+0530][gc,heap     ] GC(384) Eden regions: 67->0(45)
[2025-03-28T20:00:38.644+0530][gc,heap     ] GC(384) Survivor regions: 2->6(9)
[2025-03-28T20:00:38.644+0530][gc,heap     ] GC(384) Old regions: 191->191
[2025-03-28T20:00:38.644+0530][gc,heap     ] GC(384) Archive regions: 2->2
[2025-03-28T20:00:38.644+0530][gc,heap     ] GC(384) Humongous regions: 149->147
[2025-03-28T20:00:38.644+0530][gc,metaspace] GC(384) Metaspace: 52786K(53504K)->52786K(53504K) NonClass: 46860K(47232K)->46860K(47232K) Class: 5926K(6272K)->5926K(6272K)
[2025-03-28T20:00:38.644+0530][gc          ] GC(384) Pause Young (Normal) (G1 Evacuation Pause) 409M->343M(1024M) 21.531ms
[2025-03-28T20:00:38.644+0530][gc,cpu      ] GC(384) User=0.01s Sys=0.00s Real=0.02s
[2025-03-28T20:00:38.731+0530][gc,start    ] GC(385) Pause Young (Normal) (G1 Evacuation Pause)
[2025-03-28T20:00:38.731+0530][gc,task     ] GC(385) Using 2 workers of 2 for evacuation
[2025-03-28T20:00:38.742+0530][gc,phases   ] GC(385)   Pre Evacuate Collection Set: 0.6ms
[2025-03-28T20:00:38.742+0530][gc,phases   ] GC(385)   Merge Heap Roots: 0.1ms
[2025-03-28T20:00:38.742+0530][gc,phases   ] GC(385)   Evacuate Collection Set: 9.4ms
[2025-03-28T20:00:38.742+0530][gc,phases   ] GC(385)   Post Evacuate Collection Set: 0.5ms
[2025-03-28T20:00:38.742+0530][gc,phases   ] GC(385)   Other: 0.1ms
[2025-03-28T20:00:38.742+0530][gc,heap     ] GC(385) Eden regions: 45->0(153)
[2025-03-28T20:00:38.742+0530][gc,heap     ] GC(385) Survivor regions: 6->2(7)
[2025-03-28T20:00:38.742+0530][gc,heap     ] GC(385) Old regions: 191->192
[2025-03-28T20:00:38.742+0530][gc,heap     ] GC(385) Archive regions: 2->2
[2025-03-28T20:00:38.742+0530][gc,heap     ] GC(385) Humongous regions: 149->149
[2025-03-28T20:00:38.742+0530][gc,metaspace] GC(385) Metaspace: 52786K(53504K)->52786K(53504K) NonClass: 46860K(47232K)->46860K(47232K) Class: 5926K(6272K)->5926K(6272K)
[2025-03-28T20:00:38.742+0530][gc          ] GC(385) Pause Young (Normal) (G1 Evacuation Pause) 390M->343M(1024M) 10.787ms
[2025-03-28T20:00:38.742+0530][gc,cpu      ] GC(385) User=0.01s Sys=0.00s Real=0.02s
[2025-03-28T20:00:43.649+0530][gc,start    ] GC(472) Pause Young (Prepare Mixed) (G1 Evacuation Pause)
[2025-03-28T20:00:43.649+0530][gc,task     ] GC(472) Using 2 workers of 2 for evacuation
[2025-03-28T20:00:43.662+0530][gc,phases   ] GC(472)   Pre Evacuate Collection Set: 0.2ms
[2025-03-28T20:00:43.662+0530][gc,phases   ] GC(472)   Merge Heap Roots: 0.2ms
[2025-03-28T20:00:43.662+0530][gc,phases   ] GC(472)   Evacuate Collection Set: 8.5ms
[2025-03-28T20:00:43.662+0530][gc,phases   ] GC(472)   Post Evacuate Collection Set: 3.4ms
[2025-03-28T20:00:43.662+0530][gc,phases   ] GC(472)   Other: 0.2ms
[2025-03-28T20:00:43.662+0530][gc,heap     ] GC(472) Eden regions: 551->0(46)
[2025-03-28T20:00:43.662+0530][gc,heap     ] GC(472) Survivor regions: 5->5(70)
[2025-03-28T20:00:43.662+0530][gc,heap     ] GC(472) Old regions: 75->75
[2025-03-28T20:00:43.662+0530][gc,heap     ] GC(472) Archive regions: 2->2
[2025-03-28T20:00:43.662+0530][gc,heap     ] GC(472) Humongous regions: 159->149
[2025-03-28T20:00:43.662+0530][gc,metaspace] GC(472) Metaspace: 52587K(53248K)->52587K(53248K) NonClass: 46719K(47040K)->46719K(47040K) Class: 5867K(6208K)->5867K(6208K)
[2025-03-28T20:00:43.662+0530][gc          ] GC(472) Pause Young (Prepare Mixed) (G1 Evacuation Pause) 790M->229M(1024M) 12.711ms
[2025-03-28T20:00:43.662+0530][gc,cpu      ] GC(472) User=0.02s Sys=0.00s Real=0.01s
[2025-03-28T20:00:48.590+0530][gc,start    ] GC(386) Pause Young (Normal) (G1 Evacuation Pause)
[2025-03-28T20:00:48.590+0530][gc,task     ] GC(386) Using 2 workers of 2 for evacuation
[2025-03-28T20:00:48.614+0530][gc,mmu      ] GC(386) MMU target violated: 21.0ms (20.0ms/21.0ms)
[2025-03-28T20:00:48.614+0530][gc,phases   ] GC(386)   Pre Evacuate Collection Set: 1.1ms
[2025-03-28T20:00:48.614+0530][gc,phases   ] GC(386)   Merge Heap Roots: 0.5ms
[2025-03-28T20:00:48.614+0530][gc,phases   ] GC(386)   Evacuate Collection Set: 13.1ms
[2025-03-28T20:00:48.614+0530][gc,phases   ] GC(386)   Post Evacuate Collection Set: 9.5ms
[2025-03-28T20:00:48.614+0530][gc,phases   ] GC(386)   Other: 0.3ms
[2025-03-28T20:00:48.614+0530][gc,heap     ] GC(386) Eden regions: 153->0(129)
[2025-03-28T20:00:48.614+0530][gc,heap     ] GC(386) Survivor regions: 2->3(20)
[2025-03-28T20:00:48.614+0530][gc,heap     ] GC(386) Old regions: 192->192
[2025-03-28T20:00:48.614+0530][gc,heap     ] GC(386) Archive regions: 2->2
[2025-03-28T20:00:48.614+0530][gc,heap     ] GC(386) Humongous regions: 151->147
[2025-03-28T20:00:48.614+0530][gc,metaspace] GC(386) Metaspace: 52789K(53504K)->52789K(53504K) NonClass: 46863K(47232K)->46863K(47232K) Class: 5926K(6272K)->5926K(6272K)
[2025-03-28T20:00:48.614+0530][gc          ] GC(386) Pause Young (Normal) (G1 Evacuation Pause) 498M->342M(1024M) 24.635ms
[2025-03-28T20:00:48.614+0530][gc,cpu      ] GC(386) User=0.01s Sys=0.00s Real=0.02s
[2025-03-28T20:00:49.752+0530][gc,start    ] GC(387) Pause Young (Normal) (G1 Evacuation Pause)
[2025-03-28T20:00:49.752+0530][gc,task     ] GC(387) Using 2 workers of 2 for evacuation
[2025-03-28T20:00:49.760+0530][gc,phases   ] GC(387)   Pre Evacuate Collection Set: 0.2ms
[2025-03-28T20:00:49.760+0530][gc,phases   ] GC(387)   Merge Heap Roots: 0.1ms
[2025-03-28T20:00:49.760+0530][gc,phases   ] GC(387)   Evacuate Collection Set: 7.7ms
[2025-03-28T20:00:49.760+0530][gc,phases   ] GC(387)   Post Evacuate Collection Set: 0.4ms
[2025-03-28T20:00:49.760+0530][gc,phases   ] GC(387)   Other: 0.1ms
[2025-03-28T20:00:49.760+0530][gc,heap     ] GC(387) Eden regions: 129->0(163)
[2025-03-28T20:00:49.760+0530][gc,heap     ] GC(387) Survivor regions: 3->6(17)
[2025-03-28T20:00:49.760+0530][gc,heap     ] GC(387) Old regions: 192->192
[2025-03-28T20:00:49.760+0530][gc,heap     ] GC(387) Archive regions: 2->2
[2025-03-28T20:00:49.760+0530][gc,heap     ] GC(387) Humongous regions: 149->147
[2025-03-28T20:00:49.760+0530][gc,metaspace] GC(387) Metaspace: 52808K(53504K)->52808K(53504K) NonClass: 46882K(47232K)->46882K(47232K) Class: 5926K(6272K)->5926K(6272K)
[2025-03-28T20:00:49.760+0530][gc          ] GC(387) Pause Young (Normal) (G1 Evacuation Pause) 473M->345M(1024M) 8.659ms
[2025-03-28T20:00:49.761+0530][gc,cpu      ] GC(387) User=0.02s Sys=0.00s Real=0.01s
[2025-03-28T20:00:52.185+0530][gc,start    ] GC(473) Pause Young (Mixed) (G1 Evacuation Pause)
[2025-03-28T20:00:52.185+0530][gc,task     ] GC(473) Using 2 workers of 2 for evacuation
[2025-03-28T20:00:52.203+0530][gc,phases   ] GC(473)   Pre Evacuate Collection Set: 1.0ms
[2025-03-28T20:00:52.203+0530][gc,phases   ] GC(473)   Merge Heap Roots: 0.5ms
[2025-03-28T20:00:52.203+0530][gc,phases   ] GC(473)   Evacuate Collection Set: 15.4ms
[2025-03-28T20:00:52.203+0530][gc,phases   ] GC(473)   Post Evacuate Collection Set: 1.0ms
[2025-03-28T20:00:52.203+0530][gc,phases   ] GC(473)   Other: 0.4ms
[2025-03-28T20:00:52.203+0530][gc,heap     ] GC(473) Eden regions: 46->0(611)
[2025-03-28T20:00:52.203+0530][gc,heap     ] GC(473) Survivor regions: 5->3(7)
[2025-03-28T20:00:52.203+0530][gc,heap     ] GC(473) Old regions: 75->70
[2025-03-28T20:00:52.203+0530][gc,heap     ] GC(473) Archive regions: 2->2
[2025-03-28T20:00:52.203+0530][gc,heap     ] GC(473) Humongous regions: 149->147
[2025-03-28T20:00:52.203+0530][gc,metaspace] GC(473) Metaspace: 52587K(53248K)->52587K(53248K) NonClass: 46719K(47040K)->46719K(47040K) Class: 5867K(6208K)->5867K(6208K)
[2025-03-28T20:00:52.203+0530][gc          ] GC(473) Pause Young (Mixed) (G1 Evacuation Pause) 275M->220M(1024M) 18.427ms
[2025-03-28T20:00:52.203+0530][gc,cpu      ] GC(473) User=0.03s Sys=0.00s Real=0.02s
[2025-03-28T20:00:58.873+0530][gc,start    ] GC(388) Pause Young (Normal) (G1 Evacuation Pause)
[2025-03-28T20:00:58.873+0530][gc,task     ] GC(388) Using 2 workers of 2 for evacuation
[2025-03-28T20:00:58.900+0530][gc,mmu      ] GC(388) MMU target violated: 21.0ms (20.0ms/21.0ms)
[2025-03-28T20:00:58.900+0530][gc,phases   ] GC(388)   Pre Evacuate Collection Set: 0.3ms
[2025-03-28T20:00:58.900+0530][gc,phases   ] GC(388)   Merge Heap Roots: 0.2ms
[2025-03-28T20:00:58.900+0530][gc,phases   ] GC(388)   Evacuate Collection Set: 24.9ms
[2025-03-28T20:00:58.900+0530][gc,phases   ] GC(388)   Post Evacuate Collection Set: 1.8ms
[2025-03-28T20:00:58.900+0530][gc,phases   ] GC(388)   Other: 0.2ms
[2025-03-28T20:00:58.900+0530][gc,heap     ] GC(388) Eden regions: 144->0(103)
[2025-03-28T20:00:58.900+0530][gc,heap     ] GC(388) Survivor regions: 6->4(19)
[2025-03-28T20:00:58.900+0530][gc,heap     ] GC(388) Old regions: 192->192
[2025-03-28T20:00:58.900+0530][gc,heap     ] GC(388) Archive regions: 2->2
[2025-03-28T20:00:58.900+0530][gc,heap     ] GC(388) Humongous regions: 151->149
[2025-03-28T20:00:58.900+0530][gc,metaspace] GC(388) Metaspace: 52822K(53504K)->52822K(53504K) NonClass: 46895K(47232K)->46895K(47232K) Class: 5926K(6272K)->5926K(6272K)
[2025-03-28T20:00:58.900+0530][gc          ] GC(388) Pause Young (Normal) (G1 Evacuation Pause) 493M->344M(1024M) 27.487ms
[2025-03-28T20:00:58.900+0530][gc,cpu      ] GC(388) User=0.02s Sys=0.01s Real=0.03s
[2025-03-28T20:00:59.775+0530][gc,start    ] GC(389) Pause Young (Normal) (G1 Evacuation Pause)
[2025-03-28T20:00:59.775+0530][gc,task     ] GC(389) Using 2 workers of 2 for evacuation
[2025-03-28T20:00:59.783+0530][gc,phases   ] GC(389)   Pre Evacuate Collection Set: 0.3ms
[2025-03-28T20:00:59.783+0530][gc,phases   ] GC(389)   Merge Heap Roots: 0.1ms
[2025-03-28T20:00:59.783+0530][gc,phases   ] GC(389)   Evacuate Collection Set: 6.7ms
[2025-03-28T20:00:59.783+0530][gc,phases   ] GC(389)   Post Evacuate Collection Set: 1.1ms
[2025-03-28T20:00:59.783+0530][gc,phases   ] GC(389)   Other: 0.2ms
[2025-03-28T20:00:59.783+0530][gc,heap     ] GC(389) Eden regions: 103->0(243)
[2025-03-28T20:00:59.783+0530][gc,heap     ] GC(389) Survivor regions: 4->4(14)
[2025-03-28T20:00:59.783+0530][gc,heap     ] GC(389) Old regions: 192->192
[2025-03-28T20:00:59.783+0530][gc,heap     ] GC(389) Archive regions: 2->2
[2025-03-28T20:00:59.783+0530][gc,heap     ] GC(389) Humongous regions: 151->149
[2025-03-28T20:00:59.783+0530][gc,metaspace] GC(389) Metaspace: 52836K(53568K)->52836K(53568K) NonClass: 46910K(47296K)->46910K(47296K) Class: 5926K(6272K)->5926K(6272K)
[2025-03-28T20:00:59.783+0530][gc          ] GC(389) Pause Young (Normal) (G1 Evacuation Pause) 449M->344M(1024M) 8.413ms
[2025-03-28T20:00:59.783+0530][gc,cpu      ] GC(389) User=0.01s Sys=0.00s Real=0.01s
[2025-03-28T20:01:09.799+0530][gc,start    ] GC(390) Pause Young (Normal) (G1 Evacuation Pause)
[2025-03-28T20:01:09.799+0530][gc,task     ] GC(390) Using 2 workers of 2 for evacuation
[2025-03-28T20:01:09.825+0530][gc,mmu      ] GC(390) MMU target violated: 21.0ms (20.0ms/21.0ms)
[2025-03-28T20:01:09.825+0530][gc,phases   ] GC(390)   Pre Evacuate Collection Set: 0.2ms
[2025-03-28T20:01:09.825+0530][gc,phases   ] GC(390)   Merge Heap Roots: 0.2ms
[2025-03-28T20:01:09.826+0530][gc,phases   ] GC(390)   Evacuate Collection Set: 21.3ms
[2025-03-28T20:01:09.826+0530][gc,phases   ] GC(390)   Post Evacuate Collection Set: 4.5ms
[2025-03-28T20:01:09.826+0530][gc,phases   ] GC(390)   Other: 0.4ms
[2025-03-28T20:01:09.826+0530][gc,heap     ] GC(390) Eden regions: 200->0(43)
[2025-03-28T20:01:09.826+0530][gc,heap     ] GC(390) Survivor regions: 4->8(26)
[2025-03-28T20:01:09.826+0530][gc,heap     ] GC(390) Old regions: 192->192
[2025-03-28T20:01:09.826+0530][gc,heap     ] GC(390) Archive regions: 2->2
[2025-03-28T20:01:09.826+0530][gc,heap     ] GC(390) Humongous regions: 151->147
[2025-03-28T20:01:09.826+0530][gc,metaspace] GC(390) Metaspace: 52852K(53568K)->52852K(53568K) NonClass: 46925K(47296K)->46925K(47296K) Class: 5926K(6272K)->5926K(6272K)
[2025-03-28T20:01:09.826+0530][gc          ] GC(390) Pause Young (Normal) (G1 Evacuation Pause) 546M->346M(1024M) 27.215ms
[2025-03-28T20:01:09.826+0530][gc,cpu      ] GC(390) User=0.04s Sys=0.00s Real=0.03s
[2025-03-28T20:01:09.935+0530][gc,start    ] GC(391) Pause Young (Normal) (G1 Evacuation Pause)
[2025-03-28T20:01:09.935+0530][gc,task     ] GC(391) Using 2 workers of 2 for evacuation
[2025-03-28T20:01:09.943+0530][gc,phases   ] GC(391)   Pre Evacuate Collection Set: 0.2ms
[2025-03-28T20:01:09.943+0530][gc,phases   ] GC(391)   Merge Heap Roots: 0.1ms
[2025-03-28T20:01:09.943+0530][gc,phases   ] GC(391)   Evacuate Collection Set: 7.2ms
[2025-03-28T20:01:09.943+0530][gc,phases   ] GC(391)   Post Evacuate Collection Set: 0.4ms
[2025-03-28T20:01:09.943+0530][gc,phases   ] GC(391)   Other: 0.2ms
[2025-03-28T20:01:09.943+0530][gc,heap     ] GC(391) Eden regions: 43->0(259)
[2025-03-28T20:01:09.943+0530][gc,heap     ] GC(391) Survivor regions: 8->2(7)
[2025-03-28T20:01:09.943+0530][gc,heap     ] GC(391) Old regions: 192->194
[2025-03-28T20:01:09.944+0530][gc,heap     ] GC(391) Archive regions: 2->2
[2025-03-28T20:01:09.944+0530][gc,heap     ] GC(391) Humongous regions: 149->149
[2025-03-28T20:01:09.944+0530][gc,metaspace] GC(391) Metaspace: 52855K(53568K)->52855K(53568K) NonClass: 46929K(47296K)->46929K(47296K) Class: 5926K(6272K)->5926K(6272K)
[2025-03-28T20:01:09.944+0530][gc          ] GC(391) Pause Young (Normal) (G1 Evacuation Pause) 391M->345M(1024M) 8.147ms
[2025-03-28T20:01:09.944+0530][gc,cpu      ] GC(391) User=0.02s Sys=0.01s Real=0.01s
[2025-03-28T20:01:13.707+0530][gc,start    ] GC(474) Pause Young (Normal) (G1 Evacuation Pause)
[2025-03-28T20:01:13.707+0530][gc,task     ] GC(474) Using 2 workers of 2 for evacuation
[2025-03-28T20:01:13.734+0530][gc,mmu      ] GC(474) MMU target violated: 21.0ms (20.0ms/21.0ms)
[2025-03-28T20:01:13.734+0530][gc,phases   ] GC(474)   Pre Evacuate Collection Set: 0.3ms
[2025-03-28T20:01:13.734+0530][gc,phases   ] GC(474)   Merge Heap Roots: 0.2ms
[2025-03-28T20:01:13.734+0530][gc,phases   ] GC(474)   Evacuate Collection Set: 25.1ms
[2025-03-28T20:01:13.734+0530][gc,phases   ] GC(474)   Post Evacuate Collection Set: 0.9ms
[2025-03-28T20:01:13.734+0530][gc,phases   ] GC(474)   Other: 0.2ms
[2025-03-28T20:01:13.734+0530][gc,heap     ] GC(474) Eden regions: 611->0(610)
[2025-03-28T20:01:13.734+0530][gc,heap     ] GC(474) Survivor regions: 3->4(77)
[2025-03-28T20:01:13.734+0530][gc,heap     ] GC(474) Old regions: 70->70
[2025-03-28T20:01:13.734+0530][gc,heap     ] GC(474) Archive regions: 2->2
[2025-03-28T20:01:13.734+0530][gc,heap     ] GC(474) Humongous regions: 159->149
[2025-03-28T20:01:13.734+0530][gc,metaspace] GC(474) Metaspace: 52670K(53312K)->52670K(53312K) NonClass: 46802K(47104K)->46802K(47104K) Class: 5867K(6208K)->5867K(6208K)
[2025-03-28T20:01:13.734+0530][gc          ] GC(474) Pause Young (Normal) (G1 Evacuation Pause) 843M->223M(1024M) 26.894ms
[2025-03-28T20:01:13.734+0530][gc,cpu      ] GC(474) User=0.02s Sys=0.00s Real=0.03s
[2025-03-28T20:01:22.565+0530][gc,start    ] GC(475) Pause Young (Concurrent Start) (G1 Humongous Allocation)
[2025-03-28T20:01:22.565+0530][gc,task     ] GC(475) Using 2 workers of 2 for evacuation
[2025-03-28T20:01:22.576+0530][gc,phases   ] GC(475)   Pre Evacuate Collection Set: 2.8ms
[2025-03-28T20:01:22.576+0530][gc,phases   ] GC(475)   Merge Heap Roots: 0.2ms
[2025-03-28T20:01:22.576+0530][gc,phases   ] GC(475)   Evacuate Collection Set: 7.9ms
[2025-03-28T20:01:22.576+0530][gc,phases   ] GC(475)   Post Evacuate Collection Set: 0.5ms
[2025-03-28T20:01:22.576+0530][gc,phases   ] GC(475)   Other: 0.4ms
[2025-03-28T20:01:22.576+0530][gc,heap     ] GC(475) Eden regions: 92->0(563)
[2025-03-28T20:01:22.576+0530][gc,heap     ] GC(475) Survivor regions: 4->5(77)
[2025-03-28T20:01:22.576+0530][gc,heap     ] GC(475) Old regions: 70->70
[2025-03-28T20:01:22.576+0530][gc,heap     ] GC(475) Archive regions: 2->2
[2025-03-28T20:01:22.576+0530][gc,heap     ] GC(475) Humongous regions: 149->147
[2025-03-28T20:01:22.576+0530][gc,metaspace] GC(475) Metaspace: 52672K(53376K)->52672K(53376K) NonClass: 46804K(47168K)->46804K(47168K) Class: 5867K(6208K)->5867K(6208K)
[2025-03-28T20:01:22.576+0530][gc          ] GC(475) Pause Young (Concurrent Start) (G1 Humongous Allocation) 314M->221M(1024M) 11.800ms
[2025-03-28T20:01:22.576+0530][gc,cpu      ] GC(475) User=0.01s Sys=0.00s Real=0.01s
[2025-03-28T20:01:22.584+0530][gc          ] GC(476) Concurrent Mark Cycle
[2025-03-28T20:01:22.584+0530][gc,marking  ] GC(476) Concurrent Clear Claimed Marks
[2025-03-28T20:01:22.584+0530][gc,marking  ] GC(476) Concurrent Clear Claimed Marks 0.160ms
[2025-03-28T20:01:22.584+0530][gc,marking  ] GC(476) Concurrent Scan Root Regions
[2025-03-28T20:01:22.589+0530][gc,marking  ] GC(476) Concurrent Scan Root Regions 5.310ms
[2025-03-28T20:01:22.589+0530][gc,marking  ] GC(476) Concurrent Mark
[2025-03-28T20:01:22.589+0530][gc,marking  ] GC(476) Concurrent Mark From Roots
[2025-03-28T20:01:22.589+0530][gc,task     ] GC(476) Using 1 workers of 1 for marking
[2025-03-28T20:01:22.697+0530][gc,marking  ] GC(476) Concurrent Mark From Roots 108.133ms
[2025-03-28T20:01:22.697+0530][gc,marking  ] GC(476) Concurrent Preclean
[2025-03-28T20:01:22.698+0530][gc,marking  ] GC(476) Concurrent Preclean 0.161ms
[2025-03-28T20:01:22.698+0530][gc,start    ] GC(476) Pause Remark
[2025-03-28T20:01:22.710+0530][gc          ] GC(476) Pause Remark 263M->263M(1024M) 11.728ms
[2025-03-28T20:01:22.710+0530][gc,cpu      ] GC(476) User=0.02s Sys=0.01s Real=0.01s
[2025-03-28T20:01:22.710+0530][gc,marking  ] GC(476) Concurrent Mark 120.410ms
[2025-03-28T20:01:22.710+0530][gc,marking  ] GC(476) Concurrent Rebuild Remembered Sets
[2025-03-28T20:01:22.745+0530][gc,marking  ] GC(476) Concurrent Rebuild Remembered Sets 35.459ms
[2025-03-28T20:01:22.745+0530][gc,start    ] GC(476) Pause Cleanup
[2025-03-28T20:01:22.746+0530][gc          ] GC(476) Pause Cleanup 263M->263M(1024M) 0.274ms
[2025-03-28T20:01:22.746+0530][gc,cpu      ] GC(476) User=0.00s Sys=0.00s Real=0.00s
[2025-03-28T20:01:22.746+0530][gc,marking  ] GC(476) Concurrent Cleanup for Next Mark
[2025-03-28T20:01:22.748+0530][gc,marking  ] GC(476) Concurrent Cleanup for Next Mark 1.928ms
[2025-03-28T20:01:22.748+0530][gc          ] GC(476) Concurrent Mark Cycle 164.134ms
[2025-03-28T20:01:28.529+0530][gc,start    ] GC(392) Pause Young (Normal) (G1 Evacuation Pause)
[2025-03-28T20:01:28.529+0530][gc,task     ] GC(392) Using 2 workers of 2 for evacuation
[2025-03-28T20:01:28.561+0530][gc,mmu      ] GC(392) MMU target violated: 21.0ms (20.0ms/21.0ms)
[2025-03-28T20:01:28.561+0530][gc,phases   ] GC(392)   Pre Evacuate Collection Set: 0.2ms
[2025-03-28T20:01:28.561+0530][gc,phases   ] GC(392)   Merge Heap Roots: 0.1ms
[2025-03-28T20:01:28.561+0530][gc,phases   ] GC(392)   Evacuate Collection Set: 6.0ms
[2025-03-28T20:01:28.561+0530][gc,phases   ] GC(392)   Post Evacuate Collection Set: 26.1ms
[2025-03-28T20:01:28.561+0530][gc,phases   ] GC(392)   Other: 0.2ms
[2025-03-28T20:01:28.561+0530][gc,heap     ] GC(392) Eden regions: 259->0(47)
[2025-03-28T20:01:28.561+0530][gc,heap     ] GC(392) Survivor regions: 2->4(33)
[2025-03-28T20:01:28.561+0530][gc,heap     ] GC(392) Old regions: 194->194
[2025-03-28T20:01:28.561+0530][gc,heap     ] GC(392) Archive regions: 2->2
[2025-03-28T20:01:28.561+0530][gc,heap     ] GC(392) Humongous regions: 153->147
[2025-03-28T20:01:28.561+0530][gc,metaspace] GC(392) Metaspace: 52857K(53568K)->52857K(53568K) NonClass: 46931K(47296K)->46931K(47296K) Class: 5926K(6272K)->5926K(6272K)
[2025-03-28T20:01:28.561+0530][gc          ] GC(392) Pause Young (Normal) (G1 Evacuation Pause) 608M->345M(1024M) 32.685ms
[2025-03-28T20:01:28.561+0530][gc,cpu      ] GC(392) User=0.01s Sys=0.00s Real=0.03s
[2025-03-28T20:01:28.709+0530][gc,start    ] GC(393) Pause Young (Normal) (G1 Evacuation Pause)
[2025-03-28T20:01:28.709+0530][gc,task     ] GC(393) Using 2 workers of 2 for evacuation
[2025-03-28T20:01:28.739+0530][gc,mmu      ] GC(393) MMU target violated: 21.0ms (20.0ms/21.0ms)
[2025-03-28T20:01:28.739+0530][gc,phases   ] GC(393)   Pre Evacuate Collection Set: 0.2ms
[2025-03-28T20:01:28.739+0530][gc,phases   ] GC(393)   Merge Heap Roots: 0.1ms
[2025-03-28T20:01:28.739+0530][gc,phases   ] GC(393)   Evacuate Collection Set: 29.5ms
[2025-03-28T20:01:28.739+0530][gc,phases   ] GC(393)   Post Evacuate Collection Set: 0.5ms
[2025-03-28T20:01:28.739+0530][gc,phases   ] GC(393)   Other: 0.2ms
[2025-03-28T20:01:28.739+0530][gc,heap     ] GC(393) Eden regions: 47->0(47)
[2025-03-28T20:01:28.739+0530][gc,heap     ] GC(393) Survivor regions: 4->4(7)
[2025-03-28T20:01:28.739+0530][gc,heap     ] GC(393) Old regions: 194->194
[2025-03-28T20:01:28.739+0530][gc,heap     ] GC(393) Archive regions: 2->2
[2025-03-28T20:01:28.739+0530][gc,heap     ] GC(393) Humongous regions: 149->149
[2025-03-28T20:01:28.739+0530][gc,metaspace] GC(393) Metaspace: 52857K(53568K)->52857K(53568K) NonClass: 46931K(47296K)->46931K(47296K) Class: 5926K(6272K)->5926K(6272K)
[2025-03-28T20:01:28.739+0530][gc          ] GC(393) Pause Young (Normal) (G1 Evacuation Pause) 394M->346M(1024M) 30.571ms
[2025-03-28T20:01:28.739+0530][gc,cpu      ] GC(393) User=0.02s Sys=0.00s Real=0.03s
[2025-03-28T20:01:29.644+0530][gc,start    ] GC(394) Pause Young (Normal) (G1 Evacuation Pause)
[2025-03-28T20:01:29.644+0530][gc,task     ] GC(394) Using 2 workers of 2 for evacuation
[2025-03-28T20:01:29.652+0530][gc,phases   ] GC(394)   Pre Evacuate Collection Set: 0.2ms
[2025-03-28T20:01:29.652+0530][gc,phases   ] GC(394)   Merge Heap Roots: 0.2ms
[2025-03-28T20:01:29.652+0530][gc,phases   ] GC(394)   Evacuate Collection Set: 7.7ms
[2025-03-28T20:01:29.652+0530][gc,phases   ] GC(394)   Post Evacuate Collection Set: 0.5ms
[2025-03-28T20:01:29.652+0530][gc,phases   ] GC(394)   Other: 0.2ms
[2025-03-28T20:01:29.652+0530][gc,heap     ] GC(394) Eden regions: 47->0(50)
[2025-03-28T20:01:29.652+0530][gc,heap     ] GC(394) Survivor regions: 4->2(7)
[2025-03-28T20:01:29.652+0530][gc,heap     ] GC(394) Old regions: 194->194
[2025-03-28T20:01:29.652+0530][gc,heap     ] GC(394) Archive regions: 2->2
[2025-03-28T20:01:29.652+0530][gc,heap     ] GC(394) Humongous regions: 149->147
[2025-03-28T20:01:29.652+0530][gc,metaspace] GC(394) Metaspace: 52861K(53568K)->52861K(53568K) NonClass: 46934K(47296K)->46934K(47296K) Class: 5927K(6272K)->5927K(6272K)
[2025-03-28T20:01:29.653+0530][gc          ] GC(394) Pause Young (Normal) (G1 Evacuation Pause) 393M->343M(1024M) 8.897ms
[2025-03-28T20:01:29.653+0530][gc,cpu      ] GC(394) User=0.02s Sys=0.00s Real=0.01s
[2025-03-28T20:01:29.710+0530][gc,start    ] GC(395) Pause Young (Normal) (G1 Evacuation Pause)
[2025-03-28T20:01:29.710+0530][gc,task     ] GC(395) Using 2 workers of 2 for evacuation
[2025-03-28T20:01:29.720+0530][gc,phases   ] GC(395)   Pre Evacuate Collection Set: 0.2ms
[2025-03-28T20:01:29.720+0530][gc,phases   ] GC(395)   Merge Heap Roots: 0.1ms
[2025-03-28T20:01:29.720+0530][gc,phases   ] GC(395)   Evacuate Collection Set: 8.6ms
[2025-03-28T20:01:29.720+0530][gc,phases   ] GC(395)   Post Evacuate Collection Set: 0.5ms
[2025-03-28T20:01:29.720+0530][gc,phases   ] GC(395)   Other: 0.1ms
[2025-03-28T20:01:29.720+0530][gc,heap     ] GC(395) Eden regions: 50->0(44)
[2025-03-28T20:01:29.720+0530][gc,heap     ] GC(395) Survivor regions: 2->7(7)
[2025-03-28T20:01:29.720+0530][gc,heap     ] GC(395) Old regions: 194->195
[2025-03-28T20:01:29.720+0530][gc,heap     ] GC(395) Archive regions: 2->2
[2025-03-28T20:01:29.720+0530][gc,heap     ] GC(395) Humongous regions: 147->147
[2025-03-28T20:01:29.720+0530][gc,metaspace] GC(395) Metaspace: 52861K(53568K)->52861K(53568K) NonClass: 46934K(47296K)->46934K(47296K) Class: 5927K(6272K)->5927K(6272K)
[2025-03-28T20:01:29.720+0530][gc          ] GC(395) Pause Young (Normal) (G1 Evacuation Pause) 393M->349M(1024M) 9.754ms
[2025-03-28T20:01:29.720+0530][gc,cpu      ] GC(395) User=0.01s Sys=0.00s Real=0.01s
[2025-03-28T20:01:29.794+0530][gc,start    ] GC(396) Pause Young (Normal) (G1 Evacuation Pause)
[2025-03-28T20:01:29.794+0530][gc,task     ] GC(396) Using 2 workers of 2 for evacuation
[2025-03-28T20:01:29.813+0530][gc,phases   ] GC(396)   Pre Evacuate Collection Set: 0.3ms
[2025-03-28T20:01:29.813+0530][gc,phases   ] GC(396)   Merge Heap Roots: 0.2ms
[2025-03-28T20:01:29.813+0530][gc,phases   ] GC(396)   Evacuate Collection Set: 16.7ms
[2025-03-28T20:01:29.813+0530][gc,phases   ] GC(396)   Post Evacuate Collection Set: 1.1ms
[2025-03-28T20:01:29.813+0530][gc,phases   ] GC(396)   Other: 0.3ms
[2025-03-28T20:01:29.813+0530][gc,heap     ] GC(396) Eden regions: 44->0(51)
[2025-03-28T20:01:29.813+0530][gc,heap     ] GC(396) Survivor regions: 7->2(7)
[2025-03-28T20:01:29.813+0530][gc,heap     ] GC(396) Old regions: 195->202
[2025-03-28T20:01:29.813+0530][gc,heap     ] GC(396) Archive regions: 2->2
[2025-03-28T20:01:29.813+0530][gc,heap     ] GC(396) Humongous regions: 149->149
[2025-03-28T20:01:29.813+0530][gc,metaspace] GC(396) Metaspace: 52863K(53568K)->52863K(53568K) NonClass: 46936K(47296K)->46936K(47296K) Class: 5927K(6272K)->5927K(6272K)
[2025-03-28T20:01:29.813+0530][gc          ] GC(396) Pause Young (Normal) (G1 Evacuation Pause) 395M->352M(1024M) 18.763ms
[2025-03-28T20:01:29.813+0530][gc,cpu      ] GC(396) User=0.03s Sys=0.00s Real=0.02s
[2025-03-28T20:01:38.583+0530][gc,start    ] GC(397) Pause Young (Normal) (G1 Evacuation Pause)
[2025-03-28T20:01:38.583+0530][gc,task     ] GC(397) Using 2 workers of 2 for evacuation
[2025-03-28T20:01:38.601+0530][gc,phases   ] GC(397)   Pre Evacuate Collection Set: 0.3ms
[2025-03-28T20:01:38.601+0530][gc,phases   ] GC(397)   Merge Heap Roots: 0.1ms
[2025-03-28T20:01:38.601+0530][gc,phases   ] GC(397)   Evacuate Collection Set: 16.9ms
[2025-03-28T20:01:38.601+0530][gc,phases   ] GC(397)   Post Evacuate Collection Set: 0.3ms
[2025-03-28T20:01:38.601+0530][gc,phases   ] GC(397)   Other: 0.2ms
[2025-03-28T20:01:38.601+0530][gc,heap     ] GC(397) Eden regions: 51->0(44)
[2025-03-28T20:01:38.601+0530][gc,heap     ] GC(397) Survivor regions: 2->7(7)
[2025-03-28T20:01:38.601+0530][gc,heap     ] GC(397) Old regions: 202->202
[2025-03-28T20:01:38.601+0530][gc,heap     ] GC(397) Archive regions: 2->2
[2025-03-28T20:01:38.601+0530][gc,heap     ] GC(397) Humongous regions: 149->147
[2025-03-28T20:01:38.601+0530][gc,metaspace] GC(397) Metaspace: 52863K(53568K)->52863K(53568K) NonClass: 46936K(47296K)->46936K(47296K) Class: 5927K(6272K)->5927K(6272K)
[2025-03-28T20:01:38.601+0530][gc          ] GC(397) Pause Young (Normal) (G1 Evacuation Pause) 403M->355M(1024M) 18.083ms
[2025-03-28T20:01:38.601+0530][gc,cpu      ] GC(397) User=0.03s Sys=0.00s Real=0.02s
[2025-03-28T20:01:38.683+0530][gc,start    ] GC(398) Pause Young (Normal) (G1 Evacuation Pause)
[2025-03-28T20:01:38.683+0530][gc,task     ] GC(398) Using 2 workers of 2 for evacuation
[2025-03-28T20:01:38.690+0530][gc,phases   ] GC(398)   Pre Evacuate Collection Set: 0.2ms
[2025-03-28T20:01:38.690+0530][gc,phases   ] GC(398)   Merge Heap Roots: 0.1ms
[2025-03-28T20:01:38.690+0530][gc,phases   ] GC(398)   Evacuate Collection Set: 6.4ms
[2025-03-28T20:01:38.690+0530][gc,phases   ] GC(398)   Post Evacuate Collection Set: 0.4ms
[2025-03-28T20:01:38.690+0530][gc,phases   ] GC(398)   Other: 0.1ms
[2025-03-28T20:01:38.690+0530][gc,heap     ] GC(398) Eden regions: 44->0(94)
[2025-03-28T20:01:38.690+0530][gc,heap     ] GC(398) Survivor regions: 7->2(7)
[2025-03-28T20:01:38.690+0530][gc,heap     ] GC(398) Old regions: 202->204
[2025-03-28T20:01:38.690+0530][gc,heap     ] GC(398) Archive regions: 2->2
[2025-03-28T20:01:38.690+0530][gc,heap     ] GC(398) Humongous regions: 149->149
[2025-03-28T20:01:38.690+0530][gc,metaspace] GC(398) Metaspace: 52863K(53568K)->52863K(53568K) NonClass: 46936K(47296K)->46936K(47296K) Class: 5927K(6272K)->5927K(6272K)
[2025-03-28T20:01:38.690+0530][gc          ] GC(398) Pause Young (Normal) (G1 Evacuation Pause) 401M->355M(1024M) 7.296ms
[2025-03-28T20:01:38.691+0530][gc,cpu      ] GC(398) User=0.01s Sys=0.00s Real=0.00s
[2025-03-28T20:01:39.773+0530][gc,start    ] GC(399) Pause Young (Normal) (G1 Evacuation Pause)
[2025-03-28T20:01:39.773+0530][gc,task     ] GC(399) Using 2 workers of 2 for evacuation
[2025-03-28T20:01:39.778+0530][gc,phases   ] GC(399)   Pre Evacuate Collection Set: 0.2ms
[2025-03-28T20:01:39.778+0530][gc,phases   ] GC(399)   Merge Heap Roots: 0.1ms
[2025-03-28T20:01:39.778+0530][gc,phases   ] GC(399)   Evacuate Collection Set: 4.5ms
[2025-03-28T20:01:39.778+0530][gc,phases   ] GC(399)   Post Evacuate Collection Set: 0.5ms
[2025-03-28T20:01:39.778+0530][gc,phases   ] GC(399)   Other: 0.1ms
[2025-03-28T20:01:39.778+0530][gc,heap     ] GC(399) Eden regions: 94->0(134)
[2025-03-28T20:01:39.778+0530][gc,heap     ] GC(399) Survivor regions: 2->3(12)
[2025-03-28T20:01:39.778+0530][gc,heap     ] GC(399) Old regions: 204->204
[2025-03-28T20:01:39.778+0530][gc,heap     ] GC(399) Archive regions: 2->2
[2025-03-28T20:01:39.778+0530][gc,heap     ] GC(399) Humongous regions: 151->149
[2025-03-28T20:01:39.778+0530][gc,metaspace] GC(399) Metaspace: 52863K(53568K)->52863K(53568K) NonClass: 46936K(47296K)->46936K(47296K) Class: 5927K(6272K)->5927K(6272K)
[2025-03-28T20:01:39.778+0530][gc          ] GC(399) Pause Young (Normal) (G1 Evacuation Pause) 451M->355M(1024M) 5.494ms
[2025-03-28T20:01:39.778+0530][gc,cpu      ] GC(399) User=0.01s Sys=0.00s Real=0.01s
[2025-03-28T20:01:42.424+0530][gc,start    ] GC(477) Pause Young (Prepare Mixed) (G1 Evacuation Pause)
[2025-03-28T20:01:42.424+0530][gc,task     ] GC(477) Using 2 workers of 2 for evacuation
[2025-03-28T20:01:42.444+0530][gc,phases   ] GC(477)   Pre Evacuate Collection Set: 0.7ms
[2025-03-28T20:01:42.444+0530][gc,phases   ] GC(477)   Merge Heap Roots: 0.4ms
[2025-03-28T20:01:42.444+0530][gc,phases   ] GC(477)   Evacuate Collection Set: 17.5ms
[2025-03-28T20:01:42.444+0530][gc,phases   ] GC(477)   Post Evacuate Collection Set: 1.2ms
[2025-03-28T20:01:42.444+0530][gc,phases   ] GC(477)   Other: 0.2ms
[2025-03-28T20:01:42.444+0530][gc,heap     ] GC(477) Eden regions: 398->0(45)
[2025-03-28T20:01:42.444+0530][gc,heap     ] GC(477) Survivor regions: 5->6(51)
[2025-03-28T20:01:42.444+0530][gc,heap     ] GC(477) Old regions: 70->70
[2025-03-28T20:01:42.444+0530][gc,heap     ] GC(477) Archive regions: 2->2
[2025-03-28T20:01:42.444+0530][gc,heap     ] GC(477) Humongous regions: 155->147
[2025-03-28T20:01:42.444+0530][gc,metaspace] GC(477) Metaspace: 52673K(53376K)->52673K(53376K) NonClass: 46805K(47168K)->46805K(47168K) Class: 5867K(6208K)->5867K(6208K)
[2025-03-28T20:01:42.444+0530][gc          ] GC(477) Pause Young (Prepare Mixed) (G1 Evacuation Pause) 627M->223M(1024M) 20.153ms
[2025-03-28T20:01:42.444+0530][gc,cpu      ] GC(477) User=0.03s Sys=0.00s Real=0.02s
[2025-03-28T20:01:42.547+0530][gc,start    ] GC(478) Pause Young (Mixed) (G1 Evacuation Pause)
[2025-03-28T20:01:42.547+0530][gc,task     ] GC(478) Using 2 workers of 2 for evacuation
[2025-03-28T20:01:42.829+0530][gc,mmu      ] GC(478) MMU target violated: 21.0ms (20.0ms/21.0ms)
[2025-03-28T20:01:42.829+0530][gc,phases   ] GC(478)   Pre Evacuate Collection Set: 0.2ms
[2025-03-28T20:01:42.829+0530][gc,phases   ] GC(478)   Merge Heap Roots: 0.1ms
[2025-03-28T20:01:42.829+0530][gc,phases   ] GC(478)   Evacuate Collection Set: 277.7ms
[2025-03-28T20:01:42.829+0530][gc,phases   ] GC(478)   Post Evacuate Collection Set: 3.8ms
[2025-03-28T20:01:42.829+0530][gc,phases   ] GC(478)   Other: 0.4ms
[2025-03-28T20:01:42.829+0530][gc,heap     ] GC(478) Eden regions: 45->0(49)
[2025-03-28T20:01:42.829+0530][gc,heap     ] GC(478) Survivor regions: 6->2(7)
[2025-03-28T20:01:42.829+0530][gc,heap     ] GC(478) Old regions: 70->67
[2025-03-28T20:01:42.829+0530][gc,heap     ] GC(478) Archive regions: 2->2
[2025-03-28T20:01:42.829+0530][gc,heap     ] GC(478) Humongous regions: 149->149
[2025-03-28T20:01:42.829+0530][gc,metaspace] GC(478) Metaspace: 52673K(53376K)->52673K(53376K) NonClass: 46805K(47168K)->46805K(47168K) Class: 5867K(6208K)->5867K(6208K)
[2025-03-28T20:01:42.830+0530][gc          ] GC(478) Pause Young (Mixed) (G1 Evacuation Pause) 270M->218M(1024M) 283.091ms
[2025-03-28T20:01:42.830+0530][gc,cpu      ] GC(478) User=0.02s Sys=0.01s Real=0.29s
[2025-03-28T20:01:43.610+0530][gc,start    ] GC(479) Pause Young (Normal) (G1 Evacuation Pause)
[2025-03-28T20:01:43.611+0530][gc,task     ] GC(479) Using 2 workers of 2 for evacuation
[2025-03-28T20:01:43.615+0530][gc,phases   ] GC(479)   Pre Evacuate Collection Set: 0.3ms
[2025-03-28T20:01:43.615+0530][gc,phases   ] GC(479)   Merge Heap Roots: 0.1ms
[2025-03-28T20:01:43.615+0530][gc,phases   ] GC(479)   Evacuate Collection Set: 3.3ms
[2025-03-28T20:01:43.615+0530][gc,phases   ] GC(479)   Post Evacuate Collection Set: 0.5ms
[2025-03-28T20:01:43.615+0530][gc,phases   ] GC(479)   Other: 1.4ms
[2025-03-28T20:01:43.615+0530][gc,heap     ] GC(479) Eden regions: 49->0(48)
[2025-03-28T20:01:43.615+0530][gc,heap     ] GC(479) Survivor regions: 2->3(7)
[2025-03-28T20:01:43.615+0530][gc,heap     ] GC(479) Old regions: 67->67
[2025-03-28T20:01:43.615+0530][gc,heap     ] GC(479) Archive regions: 2->2
[2025-03-28T20:01:43.615+0530][gc,heap     ] GC(479) Humongous regions: 149->147
[2025-03-28T20:01:43.615+0530][gc,metaspace] GC(479) Metaspace: 52673K(53376K)->52673K(53376K) NonClass: 46805K(47168K)->46805K(47168K) Class: 5867K(6208K)->5867K(6208K)
[2025-03-28T20:01:43.615+0530][gc          ] GC(479) Pause Young (Normal) (G1 Evacuation Pause) 267M->216M(1024M) 4.888ms
[2025-03-28T20:01:43.615+0530][gc,cpu      ] GC(479) User=0.01s Sys=0.00s Real=0.01s
[2025-03-28T20:01:43.698+0530][gc,start    ] GC(480) Pause Young (Normal) (G1 Evacuation Pause)
[2025-03-28T20:01:43.698+0530][gc,task     ] GC(480) Using 2 workers of 2 for evacuation
[2025-03-28T20:01:43.715+0530][gc,phases   ] GC(480)   Pre Evacuate Collection Set: 0.2ms
[2025-03-28T20:01:43.715+0530][gc,phases   ] GC(480)   Merge Heap Roots: 0.2ms
[2025-03-28T20:01:43.715+0530][gc,phases   ] GC(480)   Evacuate Collection Set: 15.9ms
[2025-03-28T20:01:43.715+0530][gc,phases   ] GC(480)   Post Evacuate Collection Set: 0.5ms
[2025-03-28T20:01:43.715+0530][gc,phases   ] GC(480)   Other: 0.1ms
[2025-03-28T20:01:43.715+0530][gc,heap     ] GC(480) Eden regions: 48->0(44)
[2025-03-28T20:01:43.715+0530][gc,heap     ] GC(480) Survivor regions: 3->7(7)
[2025-03-28T20:01:43.715+0530][gc,heap     ] GC(480) Old regions: 67->68
[2025-03-28T20:01:43.715+0530][gc,heap     ] GC(480) Archive regions: 2->2
[2025-03-28T20:01:43.715+0530][gc,heap     ] GC(480) Humongous regions: 147->147
[2025-03-28T20:01:43.715+0530][gc,metaspace] GC(480) Metaspace: 52673K(53376K)->52673K(53376K) NonClass: 46805K(47168K)->46805K(47168K) Class: 5867K(6208K)->5867K(6208K)
[2025-03-28T20:01:43.715+0530][gc          ] GC(480) Pause Young (Normal) (G1 Evacuation Pause) 264M->222M(1024M) 17.023ms
[2025-03-28T20:01:43.715+0530][gc,cpu      ] GC(480) User=0.02s Sys=0.00s Real=0.02s
[2025-03-28T20:01:48.491+0530][gc,start    ] GC(481) Pause Young (Normal) (G1 Evacuation Pause)
[2025-03-28T20:01:48.491+0530][gc,task     ] GC(481) Using 2 workers of 2 for evacuation
[2025-03-28T20:01:48.495+0530][gc,phases   ] GC(481)   Pre Evacuate Collection Set: 0.2ms
[2025-03-28T20:01:48.496+0530][gc,phases   ] GC(481)   Merge Heap Roots: 0.2ms
[2025-03-28T20:01:48.496+0530][gc,phases   ] GC(481)   Evacuate Collection Set: 3.1ms
[2025-03-28T20:01:48.496+0530][gc,phases   ] GC(481)   Post Evacuate Collection Set: 0.6ms
[2025-03-28T20:01:48.496+0530][gc,phases   ] GC(481)   Other: 0.2ms
[2025-03-28T20:01:48.496+0530][gc,heap     ] GC(481) Eden regions: 44->0(50)
[2025-03-28T20:01:48.496+0530][gc,heap     ] GC(481) Survivor regions: 7->1(7)
[2025-03-28T20:01:48.496+0530][gc,heap     ] GC(481) Old regions: 68->68
[2025-03-28T20:01:48.496+0530][gc,heap     ] GC(481) Archive regions: 2->2
[2025-03-28T20:01:48.496+0530][gc,heap     ] GC(481) Humongous regions: 149->147
[2025-03-28T20:01:48.496+0530][gc,metaspace] GC(481) Metaspace: 52673K(53376K)->52673K(53376K) NonClass: 46805K(47168K)->46805K(47168K) Class: 5867K(6208K)->5867K(6208K)
[2025-03-28T20:01:48.496+0530][gc          ] GC(481) Pause Young (Normal) (G1 Evacuation Pause) 268M->216M(1024M) 4.554ms
[2025-03-28T20:01:48.496+0530][gc,cpu      ] GC(481) User=0.00s Sys=0.01s Real=0.01s
[2025-03-28T20:01:48.664+0530][gc,start    ] GC(400) Pause Young (Normal) (G1 Evacuation Pause)
[2025-03-28T20:01:48.664+0530][gc,task     ] GC(400) Using 2 workers of 2 for evacuation
[2025-03-28T20:01:48.683+0530][gc,phases   ] GC(400)   Pre Evacuate Collection Set: 0.2ms
[2025-03-28T20:01:48.683+0530][gc,phases   ] GC(400)   Merge Heap Roots: 0.1ms
[2025-03-28T20:01:48.683+0530][gc,phases   ] GC(400)   Evacuate Collection Set: 11.4ms
[2025-03-28T20:01:48.683+0530][gc,phases   ] GC(400)   Post Evacuate Collection Set: 7.5ms
[2025-03-28T20:01:48.683+0530][gc,phases   ] GC(400)   Other: 0.2ms
[2025-03-28T20:01:48.683+0530][gc,heap     ] GC(400) Eden regions: 134->0(109)
[2025-03-28T20:01:48.683+0530][gc,heap     ] GC(400) Survivor regions: 3->3(18)
[2025-03-28T20:01:48.683+0530][gc,heap     ] GC(400) Old regions: 204->204
[2025-03-28T20:01:48.683+0530][gc,heap     ] GC(400) Archive regions: 2->2
[2025-03-28T20:01:48.683+0530][gc,heap     ] GC(400) Humongous regions: 151->149
[2025-03-28T20:01:48.683+0530][gc,metaspace] GC(400) Metaspace: 52863K(53568K)->52863K(53568K) NonClass: 46936K(47296K)->46936K(47296K) Class: 5927K(6272K)->5927K(6272K)
[2025-03-28T20:01:48.684+0530][gc          ] GC(400) Pause Young (Normal) (G1 Evacuation Pause) 491M->356M(1024M) 19.494ms
[2025-03-28T20:01:48.684+0530][gc,cpu      ] GC(400) User=0.01s Sys=0.00s Real=0.02s
[2025-03-28T20:01:49.744+0530][gc,start    ] GC(401) Pause Young (Normal) (G1 Evacuation Pause)
[2025-03-28T20:01:49.745+0530][gc,task     ] GC(401) Using 2 workers of 2 for evacuation
[2025-03-28T20:01:49.758+0530][gc,phases   ] GC(401)   Pre Evacuate Collection Set: 0.3ms
[2025-03-28T20:01:49.758+0530][gc,phases   ] GC(401)   Merge Heap Roots: 0.1ms
[2025-03-28T20:01:49.758+0530][gc,phases   ] GC(401)   Evacuate Collection Set: 12.3ms
[2025-03-28T20:01:49.758+0530][gc,phases   ] GC(401)   Post Evacuate Collection Set: 0.5ms
[2025-03-28T20:01:49.758+0530][gc,phases   ] GC(401)   Other: 0.2ms
[2025-03-28T20:01:49.758+0530][gc,heap     ] GC(401) Eden regions: 109->0(155)
[2025-03-28T20:01:49.758+0530][gc,heap     ] GC(401) Survivor regions: 3->3(14)
[2025-03-28T20:01:49.758+0530][gc,heap     ] GC(401) Old regions: 204->204
[2025-03-28T20:01:49.758+0530][gc,heap     ] GC(401) Archive regions: 2->2
[2025-03-28T20:01:49.758+0530][gc,heap     ] GC(401) Humongous regions: 151->149
[2025-03-28T20:01:49.758+0530][gc,metaspace] GC(401) Metaspace: 52867K(53568K)->52867K(53568K) NonClass: 46939K(47296K)->46939K(47296K) Class: 5927K(6272K)->5927K(6272K)
[2025-03-28T20:01:49.758+0530][gc          ] GC(401) Pause Young (Normal) (G1 Evacuation Pause) 467M->356M(1024M) 13.490ms
[2025-03-28T20:01:49.758+0530][gc,cpu      ] GC(401) User=0.01s Sys=0.00s Real=0.02s
[2025-03-28T20:01:52.460+0530][gc,start    ] GC(482) Pause Young (Normal) (G1 Evacuation Pause)
[2025-03-28T20:01:52.460+0530][gc,task     ] GC(482) Using 2 workers of 2 for evacuation
[2025-03-28T20:01:52.467+0530][gc,phases   ] GC(482)   Pre Evacuate Collection Set: 0.2ms
[2025-03-28T20:01:52.467+0530][gc,phases   ] GC(482)   Merge Heap Roots: 0.1ms
[2025-03-28T20:01:52.467+0530][gc,phases   ] GC(482)   Evacuate Collection Set: 5.6ms
[2025-03-28T20:01:52.467+0530][gc,phases   ] GC(482)   Post Evacuate Collection Set: 0.4ms
[2025-03-28T20:01:52.467+0530][gc,phases   ] GC(482)   Other: 0.1ms
[2025-03-28T20:01:52.467+0530][gc,heap     ] GC(482) Eden regions: 50->0(44)
[2025-03-28T20:01:52.467+0530][gc,heap     ] GC(482) Survivor regions: 1->7(7)
[2025-03-28T20:01:52.467+0530][gc,heap     ] GC(482) Old regions: 68->68
[2025-03-28T20:01:52.467+0530][gc,heap     ] GC(482) Archive regions: 2->2
[2025-03-28T20:01:52.467+0530][gc,heap     ] GC(482) Humongous regions: 147->147
[2025-03-28T20:01:52.467+0530][gc,metaspace] GC(482) Metaspace: 52673K(53376K)->52673K(53376K) NonClass: 46805K(47168K)->46805K(47168K) Class: 5867K(6208K)->5867K(6208K)
[2025-03-28T20:01:52.467+0530][gc          ] GC(482) Pause Young (Normal) (G1 Evacuation Pause) 266M->221M(1024M) 6.531ms
[2025-03-28T20:01:52.467+0530][gc,cpu      ] GC(482) User=0.01s Sys=0.00s Real=0.00s
[2025-03-28T20:01:52.553+0530][gc,start    ] GC(483) Pause Young (Normal) (G1 Evacuation Pause)
[2025-03-28T20:01:52.553+0530][gc,task     ] GC(483) Using 2 workers of 2 for evacuation
[2025-03-28T20:01:52.559+0530][gc,phases   ] GC(483)   Pre Evacuate Collection Set: 0.3ms
[2025-03-28T20:01:52.559+0530][gc,phases   ] GC(483)   Merge Heap Roots: 0.1ms
[2025-03-28T20:01:52.559+0530][gc,phases   ] GC(483)   Evacuate Collection Set: 5.2ms
[2025-03-28T20:01:52.559+0530][gc,phases   ] GC(483)   Post Evacuate Collection Set: 0.4ms
[2025-03-28T20:01:52.559+0530][gc,phases   ] GC(483)   Other: 0.4ms
[2025-03-28T20:01:52.559+0530][gc,heap     ] GC(483) Eden regions: 44->0(49)
[2025-03-28T20:01:52.559+0530][gc,heap     ] GC(483) Survivor regions: 7->2(7)
[2025-03-28T20:01:52.559+0530][gc,heap     ] GC(483) Old regions: 68->69
[2025-03-28T20:01:52.559+0530][gc,heap     ] GC(483) Archive regions: 2->2
[2025-03-28T20:01:52.559+0530][gc,heap     ] GC(483) Humongous regions: 149->149
[2025-03-28T20:01:52.559+0530][gc,metaspace] GC(483) Metaspace: 52673K(53376K)->52673K(53376K) NonClass: 46805K(47168K)->46805K(47168K) Class: 5867K(6208K)->5867K(6208K)
[2025-03-28T20:01:52.559+0530][gc          ] GC(483) Pause Young (Normal) (G1 Evacuation Pause) 267M->220M(1024M) 6.203ms
[2025-03-28T20:01:52.559+0530][gc,cpu      ] GC(483) User=0.01s Sys=0.00s Real=0.00s
[2025-03-28T20:01:53.590+0530][gc,start    ] GC(484) Pause Young (Normal) (G1 Evacuation Pause)
[2025-03-28T20:01:53.590+0530][gc,task     ] GC(484) Using 2 workers of 2 for evacuation
[2025-03-28T20:01:53.596+0530][gc,phases   ] GC(484)   Pre Evacuate Collection Set: 0.2ms
[2025-03-28T20:01:53.596+0530][gc,phases   ] GC(484)   Merge Heap Roots: 0.1ms
[2025-03-28T20:01:53.596+0530][gc,phases   ] GC(484)   Evacuate Collection Set: 4.8ms
[2025-03-28T20:01:53.596+0530][gc,phases   ] GC(484)   Post Evacuate Collection Set: 0.8ms
[2025-03-28T20:01:53.596+0530][gc,phases   ] GC(484)   Other: 0.1ms
[2025-03-28T20:01:53.596+0530][gc,heap     ] GC(484) Eden regions: 49->0(46)
[2025-03-28T20:01:53.596+0530][gc,heap     ] GC(484) Survivor regions: 2->5(7)
[2025-03-28T20:01:53.596+0530][gc,heap     ] GC(484) Old regions: 69->69
[2025-03-28T20:01:53.596+0530][gc,heap     ] GC(484) Archive regions: 2->2
[2025-03-28T20:01:53.596+0530][gc,heap     ] GC(484) Humongous regions: 149->147
[2025-03-28T20:01:53.596+0530][gc,metaspace] GC(484) Metaspace: 52674K(53376K)->52674K(53376K) NonClass: 46807K(47168K)->46807K(47168K) Class: 5867K(6208K)->5867K(6208K)
[2025-03-28T20:01:53.596+0530][gc          ] GC(484) Pause Young (Normal) (G1 Evacuation Pause) 269M->220M(1024M) 6.101ms
[2025-03-28T20:01:53.596+0530][gc,cpu      ] GC(484) User=0.01s Sys=0.00s Real=0.01s
[2025-03-28T20:01:53.676+0530][gc,start    ] GC(485) Pause Young (Normal) (G1 Evacuation Pause)
[2025-03-28T20:01:53.676+0530][gc,task     ] GC(485) Using 2 workers of 2 for evacuation
[2025-03-28T20:01:53.684+0530][gc,phases   ] GC(485)   Pre Evacuate Collection Set: 0.2ms
[2025-03-28T20:01:53.685+0530][gc,phases   ] GC(485)   Merge Heap Roots: 0.1ms
[2025-03-28T20:01:53.685+0530][gc,phases   ] GC(485)   Evacuate Collection Set: 8.0ms
[2025-03-28T20:01:53.685+0530][gc,phases   ] GC(485)   Post Evacuate Collection Set: 0.5ms
[2025-03-28T20:01:53.685+0530][gc,phases   ] GC(485)   Other: 0.1ms
[2025-03-28T20:01:53.685+0530][gc,heap     ] GC(485) Eden regions: 46->0(49)
[2025-03-28T20:01:53.685+0530][gc,heap     ] GC(485) Survivor regions: 5->2(7)
[2025-03-28T20:01:53.685+0530][gc,heap     ] GC(485) Old regions: 69->70
[2025-03-28T20:01:53.685+0530][gc,heap     ] GC(485) Archive regions: 2->2
[2025-03-28T20:01:53.685+0530][gc,heap     ] GC(485) Humongous regions: 149->149
[2025-03-28T20:01:53.685+0530][gc,metaspace] GC(485) Metaspace: 52674K(53376K)->52674K(53376K) NonClass: 46807K(47168K)->46807K(47168K) Class: 5867K(6208K)->5867K(6208K)
[2025-03-28T20:01:53.685+0530][gc          ] GC(485) Pause Young (Normal) (G1 Evacuation Pause) 268M->221M(1024M) 8.939ms
[2025-03-28T20:01:53.685+0530][gc,cpu      ] GC(485) User=0.01s Sys=0.00s Real=0.01s
[2025-03-28T20:01:59.728+0530][gc,start    ] GC(402) Pause Young (Normal) (G1 Evacuation Pause)
[2025-03-28T20:01:59.728+0530][gc,task     ] GC(402) Using 2 workers of 2 for evacuation
[2025-03-28T20:01:59.741+0530][gc,phases   ] GC(402)   Pre Evacuate Collection Set: 0.3ms
[2025-03-28T20:01:59.741+0530][gc,phases   ] GC(402)   Merge Heap Roots: 0.3ms
[2025-03-28T20:01:59.741+0530][gc,phases   ] GC(402)   Evacuate Collection Set: 10.6ms
[2025-03-28T20:01:59.741+0530][gc,phases   ] GC(402)   Post Evacuate Collection Set: 0.9ms
[2025-03-28T20:01:59.741+0530][gc,phases   ] GC(402)   Other: 0.2ms
[2025-03-28T20:01:59.741+0530][gc,heap     ] GC(402) Eden regions: 143->0(186)
[2025-03-28T20:01:59.741+0530][gc,heap     ] GC(402) Survivor regions: 3->4(19)
[2025-03-28T20:01:59.741+0530][gc,heap     ] GC(402) Old regions: 204->204
[2025-03-28T20:01:59.741+0530][gc,heap     ] GC(402) Archive regions: 2->2
[2025-03-28T20:01:59.741+0530][gc,heap     ] GC(402) Humongous regions: 151->147
[2025-03-28T20:01:59.741+0530][gc,metaspace] GC(402) Metaspace: 52868K(53568K)->52868K(53568K) NonClass: 46941K(47296K)->46941K(47296K) Class: 5927K(6272K)->5927K(6272K)
[2025-03-28T20:01:59.741+0530][gc          ] GC(402) Pause Young (Normal) (G1 Evacuation Pause) 501M->354M(1024M) 12.632ms
[2025-03-28T20:01:59.741+0530][gc,cpu      ] GC(402) User=0.02s Sys=0.00s Real=0.01s
[2025-03-28T20:02:02.453+0530][gc,start    ] GC(486) Pause Young (Normal) (G1 Evacuation Pause)
[2025-03-28T20:02:02.453+0530][gc,task     ] GC(486) Using 2 workers of 2 for evacuation
[2025-03-28T20:02:02.460+0530][gc,phases   ] GC(486)   Pre Evacuate Collection Set: 0.1ms
[2025-03-28T20:02:02.460+0530][gc,phases   ] GC(486)   Merge Heap Roots: 0.1ms
[2025-03-28T20:02:02.460+0530][gc,phases   ] GC(486)   Evacuate Collection Set: 5.8ms
[2025-03-28T20:02:02.460+0530][gc,phases   ] GC(486)   Post Evacuate Collection Set: 0.7ms
[2025-03-28T20:02:02.460+0530][gc,phases   ] GC(486)   Other: 0.2ms
[2025-03-28T20:02:02.460+0530][gc,heap     ] GC(486) Eden regions: 49->0(48)
[2025-03-28T20:02:02.460+0530][gc,heap     ] GC(486) Survivor regions: 2->3(7)
[2025-03-28T20:02:02.460+0530][gc,heap     ] GC(486) Old regions: 70->70
[2025-03-28T20:02:02.460+0530][gc,heap     ] GC(486) Archive regions: 2->2
[2025-03-28T20:02:02.460+0530][gc,heap     ] GC(486) Humongous regions: 149->147
[2025-03-28T20:02:02.460+0530][gc,metaspace] GC(486) Metaspace: 52676K(53376K)->52676K(53376K) NonClass: 46808K(47168K)->46808K(47168K) Class: 5867K(6208K)->5867K(6208K)
[2025-03-28T20:02:02.460+0530][gc          ] GC(486) Pause Young (Normal) (G1 Evacuation Pause) 270M->220M(1024M) 7.021ms
[2025-03-28T20:02:02.460+0530][gc,cpu      ] GC(486) User=0.02s Sys=0.00s Real=0.01s
[2025-03-28T20:02:02.562+0530][gc,start    ] GC(487) Pause Young (Normal) (G1 Evacuation Pause)
[2025-03-28T20:02:02.562+0530][gc,task     ] GC(487) Using 2 workers of 2 for evacuation
[2025-03-28T20:02:02.567+0530][gc,phases   ] GC(487)   Pre Evacuate Collection Set: 0.2ms
[2025-03-28T20:02:02.567+0530][gc,phases   ] GC(487)   Merge Heap Roots: 0.1ms
[2025-03-28T20:02:02.568+0530][gc,phases   ] GC(487)   Evacuate Collection Set: 4.9ms
[2025-03-28T20:02:02.568+0530][gc,phases   ] GC(487)   Post Evacuate Collection Set: 0.5ms
[2025-03-28T20:02:02.568+0530][gc,phases   ] GC(487)   Other: 0.1ms
[2025-03-28T20:02:02.568+0530][gc,heap     ] GC(487) Eden regions: 48->0(48)
[2025-03-28T20:02:02.568+0530][gc,heap     ] GC(487) Survivor regions: 3->3(7)
[2025-03-28T20:02:02.568+0530][gc,heap     ] GC(487) Old regions: 70->70
[2025-03-28T20:02:02.568+0530][gc,heap     ] GC(487) Archive regions: 2->2
[2025-03-28T20:02:02.568+0530][gc,heap     ] GC(487) Humongous regions: 149->149
[2025-03-28T20:02:02.568+0530][gc,metaspace] GC(487) Metaspace: 52676K(53376K)->52676K(53376K) NonClass: 46808K(47168K)->46808K(47168K) Class: 5867K(6208K)->5867K(6208K)
[2025-03-28T20:02:02.568+0530][gc          ] GC(487) Pause Young (Normal) (G1 Evacuation Pause) 270M->222M(1024M) 5.826ms
[2025-03-28T20:02:02.568+0530][gc,cpu      ] GC(487) User=0.01s Sys=0.00s Real=0.01s
[2025-03-28T20:02:03.482+0530][gc,start    ] GC(488) Pause Young (Normal) (G1 Evacuation Pause)
[2025-03-28T20:02:03.482+0530][gc,task     ] GC(488) Using 2 workers of 2 for evacuation
[2025-03-28T20:02:03.489+0530][gc,phases   ] GC(488)   Pre Evacuate Collection Set: 0.2ms
[2025-03-28T20:02:03.489+0530][gc,phases   ] GC(488)   Merge Heap Roots: 0.1ms
[2025-03-28T20:02:03.489+0530][gc,phases   ] GC(488)   Evacuate Collection Set: 6.0ms
[2025-03-28T20:02:03.489+0530][gc,phases   ] GC(488)   Post Evacuate Collection Set: 0.6ms
[2025-03-28T20:02:03.489+0530][gc,phases   ] GC(488)   Other: 0.1ms
[2025-03-28T20:02:03.489+0530][gc,heap     ] GC(488) Eden regions: 48->0(83)
[2025-03-28T20:02:03.489+0530][gc,heap     ] GC(488) Survivor regions: 3->2(7)
[2025-03-28T20:02:03.489+0530][gc,heap     ] GC(488) Old regions: 70->70
[2025-03-28T20:02:03.489+0530][gc,heap     ] GC(488) Archive regions: 2->2
[2025-03-28T20:02:03.489+0530][gc,heap     ] GC(488) Humongous regions: 149->147
[2025-03-28T20:02:03.489+0530][gc,metaspace] GC(488) Metaspace: 52676K(53376K)->52676K(53376K) NonClass: 46808K(47168K)->46808K(47168K) Class: 5867K(6208K)->5867K(6208K)
[2025-03-28T20:02:03.489+0530][gc          ] GC(488) Pause Young (Normal) (G1 Evacuation Pause) 270M->218M(1024M) 7.156ms
[2025-03-28T20:02:03.489+0530][gc,cpu      ] GC(488) User=0.00s Sys=0.00s Real=0.01s
[2025-03-28T20:02:03.650+0530][gc,start    ] GC(489) Pause Young (Normal) (G1 Evacuation Pause)
[2025-03-28T20:02:03.650+0530][gc,task     ] GC(489) Using 2 workers of 2 for evacuation
[2025-03-28T20:02:03.656+0530][gc,phases   ] GC(489)   Pre Evacuate Collection Set: 0.3ms
[2025-03-28T20:02:03.656+0530][gc,phases   ] GC(489)   Merge Heap Roots: 0.1ms
[2025-03-28T20:02:03.656+0530][gc,phases   ] GC(489)   Evacuate Collection Set: 5.0ms
[2025-03-28T20:02:03.656+0530][gc,phases   ] GC(489)   Post Evacuate Collection Set: 0.6ms
[2025-03-28T20:02:03.656+0530][gc,phases   ] GC(489)   Other: 0.2ms
[2025-03-28T20:02:03.656+0530][gc,heap     ] GC(489) Eden regions: 83->0(96)
[2025-03-28T20:02:03.656+0530][gc,heap     ] GC(489) Survivor regions: 2->3(11)
[2025-03-28T20:02:03.656+0530][gc,heap     ] GC(489) Old regions: 70->70
[2025-03-28T20:02:03.656+0530][gc,heap     ] GC(489) Archive regions: 2->2
[2025-03-28T20:02:03.656+0530][gc,heap     ] GC(489) Humongous regions: 149->149
[2025-03-28T20:02:03.656+0530][gc,metaspace] GC(489) Metaspace: 52676K(53376K)->52676K(53376K) NonClass: 46808K(47168K)->46808K(47168K) Class: 5867K(6208K)->5867K(6208K)
[2025-03-28T20:02:03.656+0530][gc          ] GC(489) Pause Young (Normal) (G1 Evacuation Pause) 303M->222M(1024M) 6.287ms
[2025-03-28T20:02:03.656+0530][gc,cpu      ] GC(489) User=0.01s Sys=0.01s Real=0.01s
[2025-03-28T20:02:08.750+0530][gc,start    ] GC(403) Pause Young (Normal) (G1 Evacuation Pause)
[2025-03-28T20:02:08.750+0530][gc,task     ] GC(403) Using 2 workers of 2 for evacuation
[2025-03-28T20:02:08.759+0530][gc,phases   ] GC(403)   Pre Evacuate Collection Set: 0.2ms
[2025-03-28T20:02:08.759+0530][gc,phases   ] GC(403)   Merge Heap Roots: 0.1ms
[2025-03-28T20:02:08.759+0530][gc,phases   ] GC(403)   Evacuate Collection Set: 8.0ms
[2025-03-28T20:02:08.759+0530][gc,phases   ] GC(403)   Post Evacuate Collection Set: 0.7ms
[2025-03-28T20:02:08.759+0530][gc,phases   ] GC(403)   Other: 0.2ms
[2025-03-28T20:02:08.759+0530][gc,heap     ] GC(403) Eden regions: 159->0(267)
[2025-03-28T20:02:08.759+0530][gc,heap     ] GC(403) Survivor regions: 4->4(21)
[2025-03-28T20:02:08.759+0530][gc,heap     ] GC(403) Old regions: 204->204
[2025-03-28T20:02:08.759+0530][gc,heap     ] GC(403) Archive regions: 2->2
[2025-03-28T20:02:08.759+0530][gc,heap     ] GC(403) Humongous regions: 151->149
[2025-03-28T20:02:08.759+0530][gc,metaspace] GC(403) Metaspace: 52871K(53568K)->52871K(53568K) NonClass: 46943K(47296K)->46943K(47296K) Class: 5927K(6272K)->5927K(6272K)
[2025-03-28T20:02:08.760+0530][gc          ] GC(403) Pause Young (Normal) (G1 Evacuation Pause) 517M->357M(1024M) 9.332ms
[2025-03-28T20:02:08.760+0530][gc,cpu      ] GC(403) User=0.01s Sys=0.00s Real=0.01s
[2025-03-28T20:02:12.349+0530][gc,start    ] GC(490) Pause Young (Normal) (G1 Evacuation Pause)
[2025-03-28T20:02:12.349+0530][gc,task     ] GC(490) Using 2 workers of 2 for evacuation
[2025-03-28T20:02:12.356+0530][gc,phases   ] GC(490)   Pre Evacuate Collection Set: 0.3ms
[2025-03-28T20:02:12.356+0530][gc,phases   ] GC(490)   Merge Heap Roots: 0.1ms
[2025-03-28T20:02:12.356+0530][gc,phases   ] GC(490)   Evacuate Collection Set: 5.8ms
[2025-03-28T20:02:12.356+0530][gc,phases   ] GC(490)   Post Evacuate Collection Set: 0.6ms
[2025-03-28T20:02:12.356+0530][gc,phases   ] GC(490)   Other: 0.2ms
[2025-03-28T20:02:12.356+0530][gc,heap     ] GC(490) Eden regions: 96->0(134)
[2025-03-28T20:02:12.356+0530][gc,heap     ] GC(490) Survivor regions: 3->3(13)
[2025-03-28T20:02:12.356+0530][gc,heap     ] GC(490) Old regions: 70->70
[2025-03-28T20:02:12.356+0530][gc,heap     ] GC(490) Archive regions: 2->2
[2025-03-28T20:02:12.356+0530][gc,heap     ] GC(490) Humongous regions: 151->149
[2025-03-28T20:02:12.356+0530][gc,metaspace] GC(490) Metaspace: 52683K(53376K)->52683K(53376K) NonClass: 46815K(47168K)->46815K(47168K) Class: 5867K(6208K)->5867K(6208K)
[2025-03-28T20:02:12.356+0530][gc          ] GC(490) Pause Young (Normal) (G1 Evacuation Pause) 320M->222M(1024M) 7.057ms
[2025-03-28T20:02:12.356+0530][gc,cpu      ] GC(490) User=0.01s Sys=0.00s Real=0.02s
[2025-03-28T20:02:13.718+0530][gc,start    ] GC(491) Pause Young (Normal) (G1 Evacuation Pause)
[2025-03-28T20:02:13.718+0530][gc,task     ] GC(491) Using 2 workers of 2 for evacuation
[2025-03-28T20:02:13.725+0530][gc,phases   ] GC(491)   Pre Evacuate Collection Set: 0.2ms
[2025-03-28T20:02:13.725+0530][gc,phases   ] GC(491)   Merge Heap Roots: 0.1ms
[2025-03-28T20:02:13.725+0530][gc,phases   ] GC(491)   Evacuate Collection Set: 5.4ms
[2025-03-28T20:02:13.725+0530][gc,phases   ] GC(491)   Post Evacuate Collection Set: 0.6ms
[2025-03-28T20:02:13.725+0530][gc,phases   ] GC(491)   Other: 0.2ms
[2025-03-28T20:02:13.725+0530][gc,heap     ] GC(491) Eden regions: 134->0(189)
[2025-03-28T20:02:13.725+0530][gc,heap     ] GC(491) Survivor regions: 3->3(18)
[2025-03-28T20:02:13.725+0530][gc,heap     ] GC(491) Old regions: 70->70
[2025-03-28T20:02:13.725+0530][gc,heap     ] GC(491) Archive regions: 2->2
[2025-03-28T20:02:13.725+0530][gc,heap     ] GC(491) Humongous regions: 151->149
[2025-03-28T20:02:13.725+0530][gc,metaspace] GC(491) Metaspace: 52703K(53376K)->52703K(53376K) NonClass: 46835K(47168K)->46835K(47168K) Class: 5867K(6208K)->5867K(6208K)
[2025-03-28T20:02:13.725+0530][gc          ] GC(491) Pause Young (Normal) (G1 Evacuation Pause) 358M->222M(1024M) 6.577ms
[2025-03-28T20:02:13.725+0530][gc,cpu      ] GC(491) User=0.02s Sys=0.00s Real=0.00s
[2025-03-28T20:02:18.701+0530][gc,start    ] GC(404) Pause Young (Normal) (G1 Evacuation Pause)
[2025-03-28T20:02:18.701+0530][gc,task     ] GC(404) Using 2 workers of 2 for evacuation
[2025-03-28T20:02:18.725+0530][gc,mmu      ] GC(404) MMU target violated: 21.0ms (20.0ms/21.0ms)
[2025-03-28T20:02:18.725+0530][gc,phases   ] GC(404)   Pre Evacuate Collection Set: 0.2ms
[2025-03-28T20:02:18.725+0530][gc,phases   ] GC(404)   Merge Heap Roots: 0.2ms
[2025-03-28T20:02:18.725+0530][gc,phases   ] GC(404)   Evacuate Collection Set: 22.3ms
[2025-03-28T20:02:18.725+0530][gc,phases   ] GC(404)   Post Evacuate Collection Set: 1.2ms
[2025-03-28T20:02:18.725+0530][gc,phases   ] GC(404)   Other: 0.2ms
[2025-03-28T20:02:18.725+0530][gc,heap     ] GC(404) Eden regions: 212->0(42)
[2025-03-28T20:02:18.725+0530][gc,heap     ] GC(404) Survivor regions: 4->9(27)
[2025-03-28T20:02:18.725+0530][gc,heap     ] GC(404) Old regions: 204->204
[2025-03-28T20:02:18.725+0530][gc,heap     ] GC(404) Archive regions: 2->2
[2025-03-28T20:02:18.725+0530][gc,heap     ] GC(404) Humongous regions: 151->147
[2025-03-28T20:02:18.725+0530][gc,metaspace] GC(404) Metaspace: 52907K(53568K)->52907K(53568K) NonClass: 46980K(47296K)->46980K(47296K) Class: 5927K(6272K)->5927K(6272K)
[2025-03-28T20:02:18.725+0530][gc          ] GC(404) Pause Young (Normal) (G1 Evacuation Pause) 571M->360M(1024M) 24.217ms
[2025-03-28T20:02:18.725+0530][gc,cpu      ] GC(404) User=0.03s Sys=0.00s Real=0.02s
[2025-03-28T20:02:18.822+0530][gc,start    ] GC(405) Pause Young (Normal) (G1 Evacuation Pause)
[2025-03-28T20:02:18.823+0530][gc,task     ] GC(405) Using 2 workers of 2 for evacuation
[2025-03-28T20:02:18.841+0530][gc,phases   ] GC(405)   Pre Evacuate Collection Set: 0.2ms
[2025-03-28T20:02:18.841+0530][gc,phases   ] GC(405)   Merge Heap Roots: 0.1ms
[2025-03-28T20:02:18.841+0530][gc,phases   ] GC(405)   Evacuate Collection Set: 17.0ms
[2025-03-28T20:02:18.841+0530][gc,phases   ] GC(405)   Post Evacuate Collection Set: 0.6ms
[2025-03-28T20:02:18.841+0530][gc,phases   ] GC(405)   Other: 0.8ms
[2025-03-28T20:02:18.841+0530][gc,heap     ] GC(405) Eden regions: 42->0(96)
[2025-03-28T20:02:18.841+0530][gc,heap     ] GC(405) Survivor regions: 9->2(7)
[2025-03-28T20:02:18.841+0530][gc,heap     ] GC(405) Old regions: 204->207
[2025-03-28T20:02:18.841+0530][gc,heap     ] GC(405) Archive regions: 2->2
[2025-03-28T20:02:18.841+0530][gc,heap     ] GC(405) Humongous regions: 149->149
[2025-03-28T20:02:18.841+0530][gc,metaspace] GC(405) Metaspace: 52907K(53568K)->52907K(53568K) NonClass: 46980K(47296K)->46980K(47296K) Class: 5927K(6272K)->5927K(6272K)
[2025-03-28T20:02:18.841+0530][gc          ] GC(405) Pause Young (Normal) (G1 Evacuation Pause) 404M->357M(1024M) 18.927ms
[2025-03-28T20:02:18.841+0530][gc,cpu      ] GC(405) User=0.02s Sys=0.00s Real=0.02s
[2025-03-28T20:02:19.774+0530][gc,start    ] GC(406) Pause Young (Concurrent Start) (G1 Humongous Allocation)
[2025-03-28T20:02:19.774+0530][gc,task     ] GC(406) Using 2 workers of 2 for evacuation
[2025-03-28T20:02:19.802+0530][gc,mmu      ] GC(406) MMU target violated: 21.0ms (20.0ms/21.0ms)
[2025-03-28T20:02:19.802+0530][gc,phases   ] GC(406)   Pre Evacuate Collection Set: 0.3ms
[2025-03-28T20:02:19.802+0530][gc,phases   ] GC(406)   Merge Heap Roots: 0.1ms
[2025-03-28T20:02:19.802+0530][gc,phases   ] GC(406)   Evacuate Collection Set: 19.5ms
[2025-03-28T20:02:19.802+0530][gc,phases   ] GC(406)   Post Evacuate Collection Set: 0.5ms
[2025-03-28T20:02:19.802+0530][gc,phases   ] GC(406)   Other: 7.6ms
[2025-03-28T20:02:19.802+0530][gc,heap     ] GC(406) Eden regions: 73->0(107)
[2025-03-28T20:02:19.802+0530][gc,heap     ] GC(406) Survivor regions: 2->3(13)
[2025-03-28T20:02:19.802+0530][gc,heap     ] GC(406) Old regions: 207->207
[2025-03-28T20:02:19.802+0530][gc,heap     ] GC(406) Archive regions: 2->2
[2025-03-28T20:02:19.802+0530][gc,heap     ] GC(406) Humongous regions: 149->147
[2025-03-28T20:02:19.802+0530][gc,metaspace] GC(406) Metaspace: 52907K(53568K)->52907K(53568K) NonClass: 46980K(47296K)->46980K(47296K) Class: 5927K(6272K)->5927K(6272K)
[2025-03-28T20:02:19.802+0530][gc          ] GC(406) Pause Young (Concurrent Start) (G1 Humongous Allocation) 430M->356M(1024M) 28.040ms
[2025-03-28T20:02:19.802+0530][gc,cpu      ] GC(406) User=0.05s Sys=0.00s Real=0.03s
[2025-03-28T20:02:19.803+0530][gc          ] GC(407) Concurrent Undo Cycle
[2025-03-28T20:02:19.803+0530][gc,marking  ] GC(407) Concurrent Cleanup for Next Mark
[2025-03-28T20:02:20.552+0530][gc,marking  ] GC(407) Concurrent Cleanup for Next Mark 748.667ms
[2025-03-28T20:02:20.552+0530][gc          ] GC(407) Concurrent Undo Cycle 749.110ms
[2025-03-28T20:02:23.690+0530][gc,start    ] GC(492) Pause Young (Normal) (G1 Evacuation Pause)
[2025-03-28T20:02:23.690+0530][gc,task     ] GC(492) Using 2 workers of 2 for evacuation
[2025-03-28T20:02:23.698+0530][gc,phases   ] GC(492)   Pre Evacuate Collection Set: 0.2ms
[2025-03-28T20:02:23.698+0530][gc,phases   ] GC(492)   Merge Heap Roots: 0.1ms
[2025-03-28T20:02:23.698+0530][gc,phases   ] GC(492)   Evacuate Collection Set: 6.1ms
[2025-03-28T20:02:23.698+0530][gc,phases   ] GC(492)   Post Evacuate Collection Set: 0.6ms
[2025-03-28T20:02:23.698+0530][gc,phases   ] GC(492)   Other: 0.2ms
[2025-03-28T20:02:23.698+0530][gc,heap     ] GC(492) Eden regions: 188->0(243)
[2025-03-28T20:02:23.698+0530][gc,heap     ] GC(492) Survivor regions: 3->4(24)
[2025-03-28T20:02:23.698+0530][gc,heap     ] GC(492) Old regions: 70->70
[2025-03-28T20:02:23.698+0530][gc,heap     ] GC(492) Archive regions: 2->2
[2025-03-28T20:02:23.698+0530][gc,heap     ] GC(492) Humongous regions: 153->149
[2025-03-28T20:02:23.698+0530][gc,metaspace] GC(492) Metaspace: 52711K(53376K)->52711K(53376K) NonClass: 46843K(47168K)->46843K(47168K) Class: 5867K(6208K)->5867K(6208K)
[2025-03-28T20:02:23.698+0530][gc          ] GC(492) Pause Young (Normal) (G1 Evacuation Pause) 414M->222M(1024M) 7.437ms
[2025-03-28T20:02:23.698+0530][gc,cpu      ] GC(492) User=0.01s Sys=0.00s Real=0.01s
[2025-03-28T20:02:28.738+0530][gc,start    ] GC(408) Pause Young (Normal) (G1 Evacuation Pause)
[2025-03-28T20:02:28.738+0530][gc,task     ] GC(408) Using 2 workers of 2 for evacuation
[2025-03-28T20:02:28.752+0530][gc,phases   ] GC(408)   Pre Evacuate Collection Set: 0.3ms
[2025-03-28T20:02:28.752+0530][gc,phases   ] GC(408)   Merge Heap Roots: 0.2ms
[2025-03-28T20:02:28.752+0530][gc,phases   ] GC(408)   Evacuate Collection Set: 12.7ms
[2025-03-28T20:02:28.752+0530][gc,phases   ] GC(408)   Post Evacuate Collection Set: 0.6ms
[2025-03-28T20:02:28.752+0530][gc,phases   ] GC(408)   Other: 0.1ms
[2025-03-28T20:02:28.752+0530][gc,heap     ] GC(408) Eden regions: 107->0(77)
[2025-03-28T20:02:28.752+0530][gc,heap     ] GC(408) Survivor regions: 3->8(14)
[2025-03-28T20:02:28.752+0530][gc,heap     ] GC(408) Old regions: 207->207
[2025-03-28T20:02:28.752+0530][gc,heap     ] GC(408) Archive regions: 2->2
[2025-03-28T20:02:28.752+0530][gc,heap     ] GC(408) Humongous regions: 149->147
[2025-03-28T20:02:28.752+0530][gc,metaspace] GC(408) Metaspace: 52907K(53568K)->52907K(53568K) NonClass: 46980K(47296K)->46980K(47296K) Class: 5927K(6272K)->5927K(6272K)
[2025-03-28T20:02:28.752+0530][gc          ] GC(408) Pause Young (Normal) (G1 Evacuation Pause) 465M->362M(1024M) 13.894ms
[2025-03-28T20:02:28.752+0530][gc,cpu      ] GC(408) User=0.01s Sys=0.00s Real=0.01s
[2025-03-28T20:02:29.713+0530][gc,start    ] GC(409) Pause Young (Normal) (G1 Evacuation Pause)
[2025-03-28T20:02:29.714+0530][gc,task     ] GC(409) Using 2 workers of 2 for evacuation
[2025-03-28T20:02:29.720+0530][gc,phases   ] GC(409)   Pre Evacuate Collection Set: 0.2ms
[2025-03-28T20:02:29.720+0530][gc,phases   ] GC(409)   Merge Heap Roots: 0.1ms
[2025-03-28T20:02:29.720+0530][gc,phases   ] GC(409)   Evacuate Collection Set: 5.8ms
[2025-03-28T20:02:29.720+0530][gc,phases   ] GC(409)   Post Evacuate Collection Set: 0.5ms
[2025-03-28T20:02:29.720+0530][gc,phases   ] GC(409)   Other: 0.3ms
[2025-03-28T20:02:29.720+0530][gc,heap     ] GC(409) Eden regions: 77->0(212)
[2025-03-28T20:02:29.720+0530][gc,heap     ] GC(409) Survivor regions: 8->4(11)
[2025-03-28T20:02:29.720+0530][gc,heap     ] GC(409) Old regions: 207->207
[2025-03-28T20:02:29.720+0530][gc,heap     ] GC(409) Archive regions: 2->2
[2025-03-28T20:02:29.720+0530][gc,heap     ] GC(409) Humongous regions: 149->147
[2025-03-28T20:02:29.720+0530][gc,metaspace] GC(409) Metaspace: 52907K(53568K)->52907K(53568K) NonClass: 46980K(47296K)->46980K(47296K) Class: 5927K(6272K)->5927K(6272K)
[2025-03-28T20:02:29.720+0530][gc          ] GC(409) Pause Young (Normal) (G1 Evacuation Pause) 441M->358M(1024M) 6.985ms
[2025-03-28T20:02:29.720+0530][gc,cpu      ] GC(409) User=0.00s Sys=0.00s Real=0.01s
[2025-03-28T20:02:33.721+0530][gc,start    ] GC(493) Pause Young (Normal) (G1 Evacuation Pause)
[2025-03-28T20:02:33.721+0530][gc,task     ] GC(493) Using 2 workers of 2 for evacuation
[2025-03-28T20:02:33.729+0530][gc,phases   ] GC(493)   Pre Evacuate Collection Set: 0.3ms
[2025-03-28T20:02:33.729+0530][gc,phases   ] GC(493)   Merge Heap Roots: 0.1ms
[2025-03-28T20:02:33.729+0530][gc,phases   ] GC(493)   Evacuate Collection Set: 6.9ms
[2025-03-28T20:02:33.730+0530][gc,phases   ] GC(493)   Post Evacuate Collection Set: 0.9ms
[2025-03-28T20:02:33.730+0530][gc,phases   ] GC(493)   Other: 0.2ms
[2025-03-28T20:02:33.730+0530][gc,heap     ] GC(493) Eden regions: 243->0(338)
[2025-03-28T20:02:33.730+0530][gc,heap     ] GC(493) Survivor regions: 4->4(31)
[2025-03-28T20:02:33.730+0530][gc,heap     ] GC(493) Old regions: 70->70
[2025-03-28T20:02:33.730+0530][gc,heap     ] GC(493) Archive regions: 2->2
[2025-03-28T20:02:33.730+0530][gc,heap     ] GC(493) Humongous regions: 153->149
[2025-03-28T20:02:33.730+0530][gc,metaspace] GC(493) Metaspace: 52712K(53376K)->52712K(53376K) NonClass: 46844K(47168K)->46844K(47168K) Class: 5867K(6208K)->5867K(6208K)
[2025-03-28T20:02:33.730+0530][gc          ] GC(493) Pause Young (Normal) (G1 Evacuation Pause) 469M->222M(1024M) 8.470ms
[2025-03-28T20:02:33.730+0530][gc,cpu      ] GC(493) User=0.02s Sys=0.00s Real=0.01s
[2025-03-28T20:02:38.656+0530][gc,start    ] GC(410) Pause Young (Concurrent Start) (G1 Humongous Allocation)
[2025-03-28T20:02:38.656+0530][gc,task     ] GC(410) Using 2 workers of 2 for evacuation
[2025-03-28T20:02:38.663+0530][gc,phases   ] GC(410)   Pre Evacuate Collection Set: 0.3ms
[2025-03-28T20:02:38.663+0530][gc,phases   ] GC(410)   Merge Heap Roots: 0.1ms
[2025-03-28T20:02:38.663+0530][gc,phases   ] GC(410)   Evacuate Collection Set: 6.1ms
[2025-03-28T20:02:38.663+0530][gc,phases   ] GC(410)   Post Evacuate Collection Set: 0.6ms
[2025-03-28T20:02:38.663+0530][gc,phases   ] GC(410)   Other: 0.2ms
[2025-03-28T20:02:38.663+0530][gc,heap     ] GC(410) Eden regions: 147->0(321)
[2025-03-28T20:02:38.663+0530][gc,heap     ] GC(410) Survivor regions: 4->3(27)
[2025-03-28T20:02:38.663+0530][gc,heap     ] GC(410) Old regions: 207->207
[2025-03-28T20:02:38.663+0530][gc,heap     ] GC(410) Archive regions: 2->2
[2025-03-28T20:02:38.663+0530][gc,heap     ] GC(410) Humongous regions: 149->147
[2025-03-28T20:02:38.663+0530][gc,metaspace] GC(410) Metaspace: 52908K(53568K)->52908K(53568K) NonClass: 46981K(47296K)->46981K(47296K) Class: 5927K(6272K)->5927K(6272K)
[2025-03-28T20:02:38.663+0530][gc          ] GC(410) Pause Young (Concurrent Start) (G1 Humongous Allocation) 507M->357M(1024M) 7.303ms
[2025-03-28T20:02:38.663+0530][gc,cpu      ] GC(410) User=0.01s Sys=0.00s Real=0.01s
[2025-03-28T20:02:38.663+0530][gc          ] GC(411) Concurrent Undo Cycle
[2025-03-28T20:02:38.663+0530][gc,marking  ] GC(411) Concurrent Cleanup for Next Mark
[2025-03-28T20:02:38.665+0530][gc,marking  ] GC(411) Concurrent Cleanup for Next Mark 1.995ms
[2025-03-28T20:02:38.665+0530][gc          ] GC(411) Concurrent Undo Cycle 2.039ms
[2025-03-28T20:02:39.733+0530][gc,start    ] GC(412) Pause Young (Concurrent Start) (G1 Humongous Allocation)
[2025-03-28T20:02:39.733+0530][gc,task     ] GC(412) Using 2 workers of 2 for evacuation
[2025-03-28T20:02:39.740+0530][gc,phases   ] GC(412)   Pre Evacuate Collection Set: 0.3ms
[2025-03-28T20:02:39.740+0530][gc,phases   ] GC(412)   Merge Heap Roots: 0.2ms
[2025-03-28T20:02:39.740+0530][gc,phases   ] GC(412)   Evacuate Collection Set: 6.4ms
[2025-03-28T20:02:39.740+0530][gc,phases   ] GC(412)   Post Evacuate Collection Set: 0.5ms
[2025-03-28T20:02:39.740+0530][gc,phases   ] GC(412)   Other: 0.4ms
[2025-03-28T20:02:39.740+0530][gc,heap     ] GC(412) Eden regions: 108->0(426)
[2025-03-28T20:02:39.740+0530][gc,heap     ] GC(412) Survivor regions: 3->3(41)
[2025-03-28T20:02:39.740+0530][gc,heap     ] GC(412) Old regions: 207->207
[2025-03-28T20:02:39.741+0530][gc,heap     ] GC(412) Archive regions: 2->2
[2025-03-28T20:02:39.741+0530][gc,heap     ] GC(412) Humongous regions: 149->147
[2025-03-28T20:02:39.741+0530][gc,metaspace] GC(412) Metaspace: 52908K(53568K)->52908K(53568K) NonClass: 46981K(47296K)->46981K(47296K) Class: 5927K(6272K)->5927K(6272K)
[2025-03-28T20:02:39.741+0530][gc          ] GC(412) Pause Young (Concurrent Start) (G1 Humongous Allocation) 467M->357M(1024M) 7.874ms
[2025-03-28T20:02:39.741+0530][gc,cpu      ] GC(412) User=0.02s Sys=0.00s Real=0.01s
[2025-03-28T20:02:39.741+0530][gc          ] GC(413) Concurrent Undo Cycle
[2025-03-28T20:02:39.741+0530][gc,marking  ] GC(413) Concurrent Cleanup for Next Mark
[2025-03-28T20:02:39.742+0530][gc,marking  ] GC(413) Concurrent Cleanup for Next Mark 1.594ms
[2025-03-28T20:02:39.742+0530][gc          ] GC(413) Concurrent Undo Cycle 1.631ms
[2025-03-28T20:02:48.667+0530][gc,start    ] GC(414) Pause Young (Concurrent Start) (G1 Humongous Allocation)
[2025-03-28T20:02:48.667+0530][gc,task     ] GC(414) Using 2 workers of 2 for evacuation
[2025-03-28T20:02:48.688+0530][gc,mmu      ] GC(414) MMU target violated: 20.8ms (20.0ms/21.0ms)
[2025-03-28T20:02:48.688+0530][gc,phases   ] GC(414)   Pre Evacuate Collection Set: 0.3ms
[2025-03-28T20:02:48.688+0530][gc,phases   ] GC(414)   Merge Heap Roots: 0.2ms
[2025-03-28T20:02:48.688+0530][gc,phases   ] GC(414)   Evacuate Collection Set: 19.4ms
[2025-03-28T20:02:48.688+0530][gc,phases   ] GC(414)   Post Evacuate Collection Set: 0.9ms
[2025-03-28T20:02:48.688+0530][gc,phases   ] GC(414)   Other: 0.3ms
[2025-03-28T20:02:48.688+0530][gc,heap     ] GC(414) Eden regions: 112->0(192)
[2025-03-28T20:02:48.688+0530][gc,heap     ] GC(414) Survivor regions: 3->4(54)
[2025-03-28T20:02:48.688+0530][gc,heap     ] GC(414) Old regions: 207->207
[2025-03-28T20:02:48.688+0530][gc,heap     ] GC(414) Archive regions: 2->2
[2025-03-28T20:02:48.688+0530][gc,heap     ] GC(414) Humongous regions: 149->147
[2025-03-28T20:02:48.688+0530][gc,metaspace] GC(414) Metaspace: 52908K(53568K)->52908K(53568K) NonClass: 46981K(47296K)->46981K(47296K) Class: 5927K(6272K)->5927K(6272K)
[2025-03-28T20:02:48.688+0530][gc          ] GC(414) Pause Young (Concurrent Start) (G1 Humongous Allocation) 471M->357M(1024M) 21.166ms
[2025-03-28T20:02:48.689+0530][gc,cpu      ] GC(414) User=0.01s Sys=0.00s Real=0.02s
[2025-03-28T20:02:48.689+0530][gc          ] GC(415) Concurrent Undo Cycle
[2025-03-28T20:02:48.689+0530][gc,marking  ] GC(415) Concurrent Cleanup for Next Mark
[2025-03-28T20:02:48.690+0530][gc,marking  ] GC(415) Concurrent Cleanup for Next Mark 1.844ms
[2025-03-28T20:02:48.690+0530][gc          ] GC(415) Concurrent Undo Cycle 1.912ms
[2025-03-28T20:02:49.734+0530][gc,start    ] GC(416) Pause Young (Concurrent Start) (G1 Humongous Allocation)
[2025-03-28T20:02:49.734+0530][gc,task     ] GC(416) Using 2 workers of 2 for evacuation
[2025-03-28T20:02:49.743+0530][gc,phases   ] GC(416)   Pre Evacuate Collection Set: 0.3ms
[2025-03-28T20:02:49.743+0530][gc,phases   ] GC(416)   Merge Heap Roots: 0.2ms
[2025-03-28T20:02:49.743+0530][gc,phases   ] GC(416)   Evacuate Collection Set: 7.4ms
[2025-03-28T20:02:49.743+0530][gc,phases   ] GC(416)   Post Evacuate Collection Set: 0.5ms
[2025-03-28T20:02:49.743+0530][gc,phases   ] GC(416)   Other: 0.2ms
[2025-03-28T20:02:49.743+0530][gc,heap     ] GC(416) Eden regions: 108->0(323)
[2025-03-28T20:02:49.743+0530][gc,heap     ] GC(416) Survivor regions: 4->4(25)
[2025-03-28T20:02:49.743+0530][gc,heap     ] GC(416) Old regions: 207->207
[2025-03-28T20:02:49.743+0530][gc,heap     ] GC(416) Archive regions: 2->2
[2025-03-28T20:02:49.743+0530][gc,heap     ] GC(416) Humongous regions: 149->147
[2025-03-28T20:02:49.743+0530][gc,metaspace] GC(416) Metaspace: 52908K(53568K)->52908K(53568K) NonClass: 46981K(47296K)->46981K(47296K) Class: 5927K(6272K)->5927K(6272K)
[2025-03-28T20:02:49.743+0530][gc          ] GC(416) Pause Young (Concurrent Start) (G1 Humongous Allocation) 467M->357M(1024M) 8.775ms
[2025-03-28T20:02:49.743+0530][gc,cpu      ] GC(416) User=0.02s Sys=0.00s Real=0.01s
[2025-03-28T20:02:49.743+0530][gc          ] GC(417) Concurrent Undo Cycle
[2025-03-28T20:02:49.743+0530][gc,marking  ] GC(417) Concurrent Cleanup for Next Mark
[2025-03-28T20:02:49.745+0530][gc,marking  ] GC(417) Concurrent Cleanup for Next Mark 1.630ms
[2025-03-28T20:02:49.745+0530][gc          ] GC(417) Concurrent Undo Cycle 1.679ms
[2025-03-28T20:02:53.493+0530][gc,start    ] GC(494) Pause Young (Normal) (G1 Evacuation Pause)
[2025-03-28T20:02:53.493+0530][gc,task     ] GC(494) Using 2 workers of 2 for evacuation
[2025-03-28T20:02:53.506+0530][gc,phases   ] GC(494)   Pre Evacuate Collection Set: 0.3ms
[2025-03-28T20:02:53.506+0530][gc,phases   ] GC(494)   Merge Heap Roots: 0.2ms
[2025-03-28T20:02:53.506+0530][gc,phases   ] GC(494)   Evacuate Collection Set: 11.1ms
[2025-03-28T20:02:53.506+0530][gc,phases   ] GC(494)   Post Evacuate Collection Set: 0.9ms
[2025-03-28T20:02:53.506+0530][gc,phases   ] GC(494)   Other: 0.2ms
[2025-03-28T20:02:53.506+0530][gc,heap     ] GC(494) Eden regions: 333->0(612)
[2025-03-28T20:02:53.506+0530][gc,heap     ] GC(494) Survivor regions: 4->2(43)
[2025-03-28T20:02:53.506+0530][gc,heap     ] GC(494) Old regions: 70->70
[2025-03-28T20:02:53.506+0530][gc,heap     ] GC(494) Archive regions: 2->2
[2025-03-28T20:02:53.506+0530][gc,heap     ] GC(494) Humongous regions: 155->147
[2025-03-28T20:02:53.506+0530][gc,metaspace] GC(494) Metaspace: 52712K(53376K)->52712K(53376K) NonClass: 46844K(47168K)->46844K(47168K) Class: 5867K(6208K)->5867K(6208K)
[2025-03-28T20:02:53.506+0530][gc          ] GC(494) Pause Young (Normal) (G1 Evacuation Pause) 561M->219M(1024M) 12.789ms
[2025-03-28T20:02:53.506+0530][gc,cpu      ] GC(494) User=0.01s Sys=0.00s Real=0.02s
[2025-03-28T20:02:53.642+0530][gc,start    ] GC(495) Pause Young (Concurrent Start) (G1 Humongous Allocation)
[2025-03-28T20:02:53.642+0530][gc,task     ] GC(495) Using 2 workers of 2 for evacuation
[2025-03-28T20:02:53.651+0530][gc,phases   ] GC(495)   Pre Evacuate Collection Set: 0.2ms
[2025-03-28T20:02:53.651+0530][gc,phases   ] GC(495)   Merge Heap Roots: 0.2ms
[2025-03-28T20:02:53.651+0530][gc,phases   ] GC(495)   Evacuate Collection Set: 7.8ms
[2025-03-28T20:02:53.651+0530][gc,phases   ] GC(495)   Post Evacuate Collection Set: 0.8ms
[2025-03-28T20:02:53.651+0530][gc,phases   ] GC(495)   Other: 0.2ms
[2025-03-28T20:02:53.651+0530][gc,heap     ] GC(495) Eden regions: 67->0(262)
[2025-03-28T20:02:53.651+0530][gc,heap     ] GC(495) Survivor regions: 2->4(77)
[2025-03-28T20:02:53.651+0530][gc,heap     ] GC(495) Old regions: 70->70
[2025-03-28T20:02:53.651+0530][gc,heap     ] GC(495) Archive regions: 2->2
[2025-03-28T20:02:53.651+0530][gc,heap     ] GC(495) Humongous regions: 147->147
[2025-03-28T20:02:53.651+0530][gc,metaspace] GC(495) Metaspace: 52712K(53376K)->52712K(53376K) NonClass: 46844K(47168K)->46844K(47168K) Class: 5867K(6208K)->5867K(6208K)
[2025-03-28T20:02:53.651+0530][gc          ] GC(495) Pause Young (Concurrent Start) (G1 Humongous Allocation) 285M->221M(1024M) 9.289ms
[2025-03-28T20:02:53.652+0530][gc,cpu      ] GC(495) User=0.01s Sys=0.00s Real=0.01s
[2025-03-28T20:02:53.652+0530][gc          ] GC(496) Concurrent Mark Cycle
[2025-03-28T20:02:53.652+0530][gc,marking  ] GC(496) Concurrent Clear Claimed Marks
[2025-03-28T20:02:53.652+0530][gc,marking  ] GC(496) Concurrent Clear Claimed Marks 0.100ms
[2025-03-28T20:02:53.652+0530][gc,marking  ] GC(496) Concurrent Scan Root Regions
[2025-03-28T20:02:53.657+0530][gc,marking  ] GC(496) Concurrent Scan Root Regions 5.067ms
[2025-03-28T20:02:53.657+0530][gc,marking  ] GC(496) Concurrent Mark
[2025-03-28T20:02:53.657+0530][gc,marking  ] GC(496) Concurrent Mark From Roots
[2025-03-28T20:02:53.657+0530][gc,task     ] GC(496) Using 1 workers of 1 for marking
[2025-03-28T20:02:53.715+0530][gc,marking  ] GC(496) Concurrent Mark From Roots 58.529ms
[2025-03-28T20:02:53.715+0530][gc,marking  ] GC(496) Concurrent Preclean
[2025-03-28T20:02:53.715+0530][gc,marking  ] GC(496) Concurrent Preclean 0.127ms
[2025-03-28T20:02:53.716+0530][gc,start    ] GC(496) Pause Remark
[2025-03-28T20:02:53.729+0530][gc          ] GC(496) Pause Remark 262M->261M(1024M) 13.312ms
[2025-03-28T20:02:53.729+0530][gc,cpu      ] GC(496) User=0.02s Sys=0.01s Real=0.03s
[2025-03-28T20:02:53.729+0530][gc,marking  ] GC(496) Concurrent Mark 72.314ms
[2025-03-28T20:02:53.729+0530][gc,marking  ] GC(496) Concurrent Rebuild Remembered Sets
[2025-03-28T20:02:53.759+0530][gc,marking  ] GC(496) Concurrent Rebuild Remembered Sets 29.944ms
[2025-03-28T20:02:53.759+0530][gc,start    ] GC(496) Pause Cleanup
[2025-03-28T20:02:53.760+0530][gc          ] GC(496) Pause Cleanup 261M->261M(1024M) 0.227ms
[2025-03-28T20:02:53.760+0530][gc,cpu      ] GC(496) User=0.00s Sys=0.00s Real=0.00s
[2025-03-28T20:02:53.760+0530][gc,marking  ] GC(496) Concurrent Cleanup for Next Mark
[2025-03-28T20:02:53.761+0530][gc,marking  ] GC(496) Concurrent Cleanup for Next Mark 1.686ms
[2025-03-28T20:02:53.761+0530][gc          ] GC(496) Concurrent Mark Cycle 109.891ms
[2025-03-28T20:02:58.606+0530][gc,start    ] GC(418) Pause Young (Concurrent Start) (G1 Humongous Allocation)
[2025-03-28T20:02:58.606+0530][gc,task     ] GC(418) Using 2 workers of 2 for evacuation
[2025-03-28T20:02:58.625+0530][gc,phases   ] GC(418)   Pre Evacuate Collection Set: 0.3ms
[2025-03-28T20:02:58.625+0530][gc,phases   ] GC(418)   Merge Heap Roots: 0.3ms
[2025-03-28T20:02:58.625+0530][gc,phases   ] GC(418)   Evacuate Collection Set: 16.3ms
[2025-03-28T20:02:58.625+0530][gc,phases   ] GC(418)   Post Evacuate Collection Set: 1.9ms
[2025-03-28T20:02:58.625+0530][gc,phases   ] GC(418)   Other: 0.2ms
[2025-03-28T20:02:58.625+0530][gc,heap     ] GC(418) Eden regions: 112->0(356)
[2025-03-28T20:02:58.625+0530][gc,heap     ] GC(418) Survivor regions: 4->4(33)
[2025-03-28T20:02:58.625+0530][gc,heap     ] GC(418) Old regions: 207->207
[2025-03-28T20:02:58.625+0530][gc,heap     ] GC(418) Archive regions: 2->2
[2025-03-28T20:02:58.625+0530][gc,heap     ] GC(418) Humongous regions: 149->147
[2025-03-28T20:02:58.625+0530][gc,metaspace] GC(418) Metaspace: 52910K(53568K)->52910K(53568K) NonClass: 46982K(47296K)->46982K(47296K) Class: 5927K(6272K)->5927K(6272K)
[2025-03-28T20:02:58.625+0530][gc          ] GC(418) Pause Young (Concurrent Start) (G1 Humongous Allocation) 471M->358M(1024M) 19.109ms
[2025-03-28T20:02:58.625+0530][gc,cpu      ] GC(418) User=0.01s Sys=0.00s Real=0.02s
[2025-03-28T20:02:58.625+0530][gc          ] GC(419) Concurrent Undo Cycle
[2025-03-28T20:02:58.625+0530][gc,marking  ] GC(419) Concurrent Cleanup for Next Mark
[2025-03-28T20:02:58.630+0530][gc,marking  ] GC(419) Concurrent Cleanup for Next Mark 4.583ms
[2025-03-28T20:02:58.630+0530][gc          ] GC(419) Concurrent Undo Cycle 4.663ms
[2025-03-28T20:02:59.807+0530][gc,start    ] GC(420) Pause Young (Concurrent Start) (G1 Humongous Allocation)
[2025-03-28T20:02:59.807+0530][gc,task     ] GC(420) Using 2 workers of 2 for evacuation
[2025-03-28T20:02:59.817+0530][gc,phases   ] GC(420)   Pre Evacuate Collection Set: 0.3ms
[2025-03-28T20:02:59.817+0530][gc,phases   ] GC(420)   Merge Heap Roots: 0.2ms
[2025-03-28T20:02:59.817+0530][gc,phases   ] GC(420)   Evacuate Collection Set: 8.1ms
[2025-03-28T20:02:59.817+0530][gc,phases   ] GC(420)   Post Evacuate Collection Set: 0.6ms
[2025-03-28T20:02:59.817+0530][gc,phases   ] GC(420)   Other: 0.2ms
[2025-03-28T20:02:59.817+0530][gc,heap     ] GC(420) Eden regions: 108->0(506)
[2025-03-28T20:02:59.817+0530][gc,heap     ] GC(420) Survivor regions: 4->4(45)
[2025-03-28T20:02:59.817+0530][gc,heap     ] GC(420) Old regions: 207->207
[2025-03-28T20:02:59.817+0530][gc,heap     ] GC(420) Archive regions: 2->2
[2025-03-28T20:02:59.817+0530][gc,heap     ] GC(420) Humongous regions: 149->147
[2025-03-28T20:02:59.817+0530][gc,metaspace] GC(420) Metaspace: 52910K(53568K)->52910K(53568K) NonClass: 46982K(47296K)->46982K(47296K) Class: 5927K(6272K)->5927K(6272K)
[2025-03-28T20:02:59.817+0530][gc          ] GC(420) Pause Young (Concurrent Start) (G1 Humongous Allocation) 468M->358M(1024M) 9.542ms
[2025-03-28T20:02:59.817+0530][gc,cpu      ] GC(420) User=0.02s Sys=0.00s Real=0.01s
[2025-03-28T20:02:59.817+0530][gc          ] GC(421) Concurrent Undo Cycle
[2025-03-28T20:02:59.817+0530][gc,marking  ] GC(421) Concurrent Cleanup for Next Mark
[2025-03-28T20:02:59.822+0530][gc,marking  ] GC(421) Concurrent Cleanup for Next Mark 5.062ms
[2025-03-28T20:02:59.822+0530][gc          ] GC(421) Concurrent Undo Cycle 5.100ms
[2025-03-28T20:03:08.643+0530][gc,start    ] GC(422) Pause Young (Concurrent Start) (G1 Humongous Allocation)
[2025-03-28T20:03:08.644+0530][gc,task     ] GC(422) Using 2 workers of 2 for evacuation
[2025-03-28T20:03:08.658+0530][gc,phases   ] GC(422)   Pre Evacuate Collection Set: 0.6ms
[2025-03-28T20:03:08.658+0530][gc,phases   ] GC(422)   Merge Heap Roots: 0.5ms
[2025-03-28T20:03:08.658+0530][gc,phases   ] GC(422)   Evacuate Collection Set: 12.3ms
[2025-03-28T20:03:08.658+0530][gc,phases   ] GC(422)   Post Evacuate Collection Set: 0.7ms
[2025-03-28T20:03:08.658+0530][gc,phases   ] GC(422)   Other: 0.2ms
[2025-03-28T20:03:08.658+0530][gc,heap     ] GC(422) Eden regions: 111->0(546)
[2025-03-28T20:03:08.658+0530][gc,heap     ] GC(422) Survivor regions: 4->4(42)
[2025-03-28T20:03:08.658+0530][gc,heap     ] GC(422) Old regions: 207->207
[2025-03-28T20:03:08.658+0530][gc,heap     ] GC(422) Archive regions: 2->2
[2025-03-28T20:03:08.658+0530][gc,heap     ] GC(422) Humongous regions: 149->147
[2025-03-28T20:03:08.658+0530][gc,metaspace] GC(422) Metaspace: 52910K(53568K)->52910K(53568K) NonClass: 46982K(47296K)->46982K(47296K) Class: 5927K(6272K)->5927K(6272K)
[2025-03-28T20:03:08.658+0530][gc          ] GC(422) Pause Young (Concurrent Start) (G1 Humongous Allocation) 471M->358M(1024M) 14.403ms
[2025-03-28T20:03:08.658+0530][gc,cpu      ] GC(422) User=0.01s Sys=0.00s Real=0.02s
[2025-03-28T20:03:08.658+0530][gc          ] GC(423) Concurrent Undo Cycle
[2025-03-28T20:03:08.658+0530][gc,marking  ] GC(423) Concurrent Cleanup for Next Mark
[2025-03-28T20:03:08.664+0530][gc,marking  ] GC(423) Concurrent Cleanup for Next Mark 5.918ms
[2025-03-28T20:03:08.664+0530][gc          ] GC(423) Concurrent Undo Cycle 5.968ms
[2025-03-28T20:03:09.759+0530][gc,start    ] GC(424) Pause Young (Concurrent Start) (G1 Humongous Allocation)
[2025-03-28T20:03:09.759+0530][gc,task     ] GC(424) Using 2 workers of 2 for evacuation
[2025-03-28T20:03:09.772+0530][gc,phases   ] GC(424)   Pre Evacuate Collection Set: 0.5ms
[2025-03-28T20:03:09.772+0530][gc,phases   ] GC(424)   Merge Heap Roots: 0.2ms
[2025-03-28T20:03:09.772+0530][gc,phases   ] GC(424)   Evacuate Collection Set: 11.4ms
[2025-03-28T20:03:09.772+0530][gc,phases   ] GC(424)   Post Evacuate Collection Set: 0.7ms
[2025-03-28T20:03:09.772+0530][gc,phases   ] GC(424)   Other: 0.2ms
[2025-03-28T20:03:09.772+0530][gc,heap     ] GC(424) Eden regions: 108->0(547)
[2025-03-28T20:03:09.772+0530][gc,heap     ] GC(424) Survivor regions: 4->4(69)
[2025-03-28T20:03:09.772+0530][gc,heap     ] GC(424) Old regions: 207->207
[2025-03-28T20:03:09.772+0530][gc,heap     ] GC(424) Archive regions: 2->2
[2025-03-28T20:03:09.772+0530][gc,heap     ] GC(424) Humongous regions: 149->147
[2025-03-28T20:03:09.772+0530][gc,metaspace] GC(424) Metaspace: 52912K(53568K)->52912K(53568K) NonClass: 46985K(47296K)->46985K(47296K) Class: 5927K(6272K)->5927K(6272K)
[2025-03-28T20:03:09.772+0530][gc          ] GC(424) Pause Young (Concurrent Start) (G1 Humongous Allocation) 468M->358M(1024M) 13.065ms
[2025-03-28T20:03:09.772+0530][gc,cpu      ] GC(424) User=0.03s Sys=0.00s Real=0.01s
[2025-03-28T20:03:09.772+0530][gc          ] GC(425) Concurrent Undo Cycle
[2025-03-28T20:03:09.772+0530][gc,marking  ] GC(425) Concurrent Cleanup for Next Mark
[2025-03-28T20:03:09.781+0530][gc,marking  ] GC(425) Concurrent Cleanup for Next Mark 8.490ms
[2025-03-28T20:03:09.781+0530][gc          ] GC(425) Concurrent Undo Cycle 8.576ms
[2025-03-28T20:03:12.183+0530][gc,start    ] GC(497) Pause Young (Prepare Mixed) (G1 Evacuation Pause)
[2025-03-28T20:03:12.183+0530][gc,task     ] GC(497) Using 2 workers of 2 for evacuation
[2025-03-28T20:03:12.192+0530][gc,phases   ] GC(497)   Pre Evacuate Collection Set: 0.2ms
[2025-03-28T20:03:12.192+0530][gc,phases   ] GC(497)   Merge Heap Roots: 0.1ms
[2025-03-28T20:03:12.192+0530][gc,phases   ] GC(497)   Evacuate Collection Set: 7.4ms
[2025-03-28T20:03:12.192+0530][gc,phases   ] GC(497)   Post Evacuate Collection Set: 0.8ms
[2025-03-28T20:03:12.192+0530][gc,phases   ] GC(497)   Other: 0.1ms
[2025-03-28T20:03:12.192+0530][gc,heap     ] GC(497) Eden regions: 293->0(45)
[2025-03-28T20:03:12.192+0530][gc,heap     ] GC(497) Survivor regions: 4->6(38)
[2025-03-28T20:03:12.192+0530][gc,heap     ] GC(497) Old regions: 68->68
[2025-03-28T20:03:12.192+0530][gc,heap     ] GC(497) Archive regions: 2->2
[2025-03-28T20:03:12.192+0530][gc,heap     ] GC(497) Humongous regions: 153->147
[2025-03-28T20:03:12.192+0530][gc,metaspace] GC(497) Metaspace: 52717K(53376K)->52717K(53376K) NonClass: 46849K(47168K)->46849K(47168K) Class: 5867K(6208K)->5867K(6208K)
[2025-03-28T20:03:12.192+0530][gc          ] GC(497) Pause Young (Prepare Mixed) (G1 Evacuation Pause) 518M->221M(1024M) 8.787ms
[2025-03-28T20:03:12.192+0530][gc,cpu      ] GC(497) User=0.01s Sys=0.00s Real=0.01s
[2025-03-28T20:03:12.270+0530][gc,start    ] GC(498) Pause Young (Mixed) (G1 Evacuation Pause)
[2025-03-28T20:03:12.270+0530][gc,task     ] GC(498) Using 2 workers of 2 for evacuation
[2025-03-28T20:03:12.283+0530][gc,phases   ] GC(498)   Pre Evacuate Collection Set: 0.4ms
[2025-03-28T20:03:12.283+0530][gc,phases   ] GC(498)   Merge Heap Roots: 0.2ms
[2025-03-28T20:03:12.283+0530][gc,phases   ] GC(498)   Evacuate Collection Set: 11.3ms
[2025-03-28T20:03:12.283+0530][gc,phases   ] GC(498)   Post Evacuate Collection Set: 1.0ms
[2025-03-28T20:03:12.283+0530][gc,phases   ] GC(498)   Other: 0.1ms
[2025-03-28T20:03:12.283+0530][gc,heap     ] GC(498) Eden regions: 45->0(522)
[2025-03-28T20:03:12.283+0530][gc,heap     ] GC(498) Survivor regions: 6->2(7)
[2025-03-28T20:03:12.283+0530][gc,heap     ] GC(498) Old regions: 68->65
[2025-03-28T20:03:12.283+0530][gc,heap     ] GC(498) Archive regions: 2->2
[2025-03-28T20:03:12.283+0530][gc,heap     ] GC(498) Humongous regions: 149->149
[2025-03-28T20:03:12.283+0530][gc,metaspace] GC(498) Metaspace: 52717K(53376K)->52717K(53376K) NonClass: 46849K(47168K)->46849K(47168K) Class: 5867K(6208K)->5867K(6208K)
[2025-03-28T20:03:12.284+0530][gc          ] GC(498) Pause Young (Mixed) (G1 Evacuation Pause) 268M->216M(1024M) 13.134ms
[2025-03-28T20:03:12.284+0530][gc,cpu      ] GC(498) User=0.02s Sys=0.01s Real=0.01s
[2025-03-28T20:03:18.800+0530][gc,start    ] GC(426) Pause Young (Concurrent Start) (G1 Humongous Allocation)
[2025-03-28T20:03:18.800+0530][gc,task     ] GC(426) Using 2 workers of 2 for evacuation
[2025-03-28T20:03:18.812+0530][gc,phases   ] GC(426)   Pre Evacuate Collection Set: 0.6ms
[2025-03-28T20:03:18.812+0530][gc,phases   ] GC(426)   Merge Heap Roots: 0.4ms
[2025-03-28T20:03:18.812+0530][gc,phases   ] GC(426)   Evacuate Collection Set: 10.0ms
[2025-03-28T20:03:18.812+0530][gc,phases   ] GC(426)   Post Evacuate Collection Set: 0.6ms
[2025-03-28T20:03:18.812+0530][gc,phases   ] GC(426)   Other: 0.3ms
[2025-03-28T20:03:18.812+0530][gc,heap     ] GC(426) Eden regions: 112->0(548)
[2025-03-28T20:03:18.812+0530][gc,heap     ] GC(426) Survivor regions: 4->5(69)
[2025-03-28T20:03:18.812+0530][gc,heap     ] GC(426) Old regions: 207->207
[2025-03-28T20:03:18.812+0530][gc,heap     ] GC(426) Archive regions: 2->2
[2025-03-28T20:03:18.812+0530][gc,heap     ] GC(426) Humongous regions: 149->147
[2025-03-28T20:03:18.812+0530][gc,metaspace] GC(426) Metaspace: 52912K(53568K)->52912K(53568K) NonClass: 46985K(47296K)->46985K(47296K) Class: 5927K(6272K)->5927K(6272K)
[2025-03-28T20:03:18.812+0530][gc          ] GC(426) Pause Young (Concurrent Start) (G1 Humongous Allocation) 472M->359M(1024M) 11.879ms
[2025-03-28T20:03:18.812+0530][gc,cpu      ] GC(426) User=0.02s Sys=0.01s Real=0.00s
[2025-03-28T20:03:18.812+0530][gc          ] GC(427) Concurrent Undo Cycle
[2025-03-28T20:03:18.812+0530][gc,marking  ] GC(427) Concurrent Cleanup for Next Mark
[2025-03-28T20:03:18.819+0530][gc,marking  ] GC(427) Concurrent Cleanup for Next Mark 6.986ms
[2025-03-28T20:03:18.819+0530][gc          ] GC(427) Concurrent Undo Cycle 7.074ms
[2025-03-28T20:03:19.752+0530][gc,start    ] GC(428) Pause Young (Concurrent Start) (G1 Humongous Allocation)
[2025-03-28T20:03:19.752+0530][gc,task     ] GC(428) Using 2 workers of 2 for evacuation
[2025-03-28T20:03:19.769+0530][gc,phases   ] GC(428)   Pre Evacuate Collection Set: 0.3ms
[2025-03-28T20:03:19.769+0530][gc,phases   ] GC(428)   Merge Heap Roots: 0.2ms
[2025-03-28T20:03:19.769+0530][gc,phases   ] GC(428)   Evacuate Collection Set: 15.8ms
[2025-03-28T20:03:19.769+0530][gc,phases   ] GC(428)   Post Evacuate Collection Set: 0.6ms
[2025-03-28T20:03:19.769+0530][gc,phases   ] GC(428)   Other: 0.2ms
[2025-03-28T20:03:19.769+0530][gc,heap     ] GC(428) Eden regions: 109->0(549)
[2025-03-28T20:03:19.769+0530][gc,heap     ] GC(428) Survivor regions: 5->5(70)
[2025-03-28T20:03:19.769+0530][gc,heap     ] GC(428) Old regions: 207->207
[2025-03-28T20:03:19.769+0530][gc,heap     ] GC(428) Archive regions: 2->2
[2025-03-28T20:03:19.769+0530][gc,heap     ] GC(428) Humongous regions: 149->147
[2025-03-28T20:03:19.769+0530][gc,metaspace] GC(428) Metaspace: 52912K(53568K)->52912K(53568K) NonClass: 46985K(47296K)->46985K(47296K) Class: 5927K(6272K)->5927K(6272K)
[2025-03-28T20:03:19.769+0530][gc          ] GC(428) Pause Young (Concurrent Start) (G1 Humongous Allocation) 469M->359M(1024M) 17.192ms
[2025-03-28T20:03:19.769+0530][gc,cpu      ] GC(428) User=0.02s Sys=0.01s Real=0.02s
[2025-03-28T20:03:19.769+0530][gc          ] GC(429) Concurrent Undo Cycle
[2025-03-28T20:03:19.769+0530][gc,marking  ] GC(429) Concurrent Cleanup for Next Mark
[2025-03-28T20:03:19.773+0530][gc,marking  ] GC(429) Concurrent Cleanup for Next Mark 4.218ms
[2025-03-28T20:03:19.773+0530][gc          ] GC(429) Concurrent Undo Cycle 4.298ms
[2025-03-28T20:03:28.641+0530][gc,start    ] GC(430) Pause Young (Concurrent Start) (G1 Humongous Allocation)
[2025-03-28T20:03:28.641+0530][gc,task     ] GC(430) Using 2 workers of 2 for evacuation
[2025-03-28T20:03:28.667+0530][gc,mmu      ] GC(430) MMU target violated: 21.0ms (20.0ms/21.0ms)
[2025-03-28T20:03:28.667+0530][gc,phases   ] GC(430)   Pre Evacuate Collection Set: 0.2ms
[2025-03-28T20:03:28.667+0530][gc,phases   ] GC(430)   Merge Heap Roots: 0.3ms
[2025-03-28T20:03:28.667+0530][gc,phases   ] GC(430)   Evacuate Collection Set: 24.4ms
[2025-03-28T20:03:28.667+0530][gc,phases   ] GC(430)   Post Evacuate Collection Set: 0.6ms
[2025-03-28T20:03:28.667+0530][gc,phases   ] GC(430)   Other: 0.2ms
[2025-03-28T20:03:28.667+0530][gc,heap     ] GC(430) Eden regions: 112->0(257)
[2025-03-28T20:03:28.667+0530][gc,heap     ] GC(430) Survivor regions: 5->5(70)
[2025-03-28T20:03:28.667+0530][gc,heap     ] GC(430) Old regions: 207->207
[2025-03-28T20:03:28.667+0530][gc,heap     ] GC(430) Archive regions: 2->2
[2025-03-28T20:03:28.667+0530][gc,heap     ] GC(430) Humongous regions: 149->147
[2025-03-28T20:03:28.667+0530][gc,metaspace] GC(430) Metaspace: 52913K(53568K)->52913K(53568K) NonClass: 46986K(47296K)->46986K(47296K) Class: 5927K(6272K)->5927K(6272K)
[2025-03-28T20:03:28.667+0530][gc          ] GC(430) Pause Young (Concurrent Start) (G1 Humongous Allocation) 472M->359M(1024M) 25.802ms
[2025-03-28T20:03:28.667+0530][gc,cpu      ] GC(430) User=0.03s Sys=0.00s Real=0.03s
[2025-03-28T20:03:28.667+0530][gc          ] GC(431) Concurrent Undo Cycle
[2025-03-28T20:03:28.667+0530][gc,marking  ] GC(431) Concurrent Cleanup for Next Mark
[2025-03-28T20:03:28.683+0530][gc,marking  ] GC(431) Concurrent Cleanup for Next Mark 16.052ms
[2025-03-28T20:03:28.683+0530][gc          ] GC(431) Concurrent Undo Cycle 16.133ms
[2025-03-28T20:03:29.764+0530][gc,start    ] GC(432) Pause Young (Concurrent Start) (G1 Humongous Allocation)
[2025-03-28T20:03:29.764+0530][gc,task     ] GC(432) Using 2 workers of 2 for evacuation
[2025-03-28T20:03:29.779+0530][gc,phases   ] GC(432)   Pre Evacuate Collection Set: 0.3ms
[2025-03-28T20:03:29.779+0530][gc,phases   ] GC(432)   Merge Heap Roots: 0.2ms
[2025-03-28T20:03:29.779+0530][gc,phases   ] GC(432)   Evacuate Collection Set: 13.5ms
[2025-03-28T20:03:29.779+0530][gc,phases   ] GC(432)   Post Evacuate Collection Set: 0.8ms
[2025-03-28T20:03:29.779+0530][gc,phases   ] GC(432)   Other: 0.3ms
[2025-03-28T20:03:29.779+0530][gc,heap     ] GC(432) Eden regions: 109->0(513)
[2025-03-28T20:03:29.779+0530][gc,heap     ] GC(432) Survivor regions: 5->5(33)
[2025-03-28T20:03:29.779+0530][gc,heap     ] GC(432) Old regions: 207->207
[2025-03-28T20:03:29.779+0530][gc,heap     ] GC(432) Archive regions: 2->2
[2025-03-28T20:03:29.779+0530][gc,heap     ] GC(432) Humongous regions: 149->147
[2025-03-28T20:03:29.779+0530][gc,metaspace] GC(432) Metaspace: 52913K(53568K)->52913K(53568K) NonClass: 46986K(47296K)->46986K(47296K) Class: 5927K(6272K)->5927K(6272K)
[2025-03-28T20:03:29.779+0530][gc          ] GC(432) Pause Young (Concurrent Start) (G1 Humongous Allocation) 469M->359M(1024M) 15.110ms
[2025-03-28T20:03:29.779+0530][gc,cpu      ] GC(432) User=0.03s Sys=0.00s Real=0.02s
[2025-03-28T20:03:29.779+0530][gc          ] GC(433) Concurrent Undo Cycle
[2025-03-28T20:03:29.779+0530][gc,marking  ] GC(433) Concurrent Cleanup for Next Mark
[2025-03-28T20:03:29.786+0530][gc,marking  ] GC(433) Concurrent Cleanup for Next Mark 6.534ms
[2025-03-28T20:03:29.786+0530][gc          ] GC(433) Concurrent Undo Cycle 6.629ms
[2025-03-28T20:03:33.668+0530][gc,start    ] GC(499) Pause Young (Normal) (G1 Evacuation Pause)
[2025-03-28T20:03:33.668+0530][gc,task     ] GC(499) Using 2 workers of 2 for evacuation
[2025-03-28T20:03:33.681+0530][gc,phases   ] GC(499)   Pre Evacuate Collection Set: 0.4ms
[2025-03-28T20:03:33.681+0530][gc,phases   ] GC(499)   Merge Heap Roots: 0.2ms
[2025-03-28T20:03:33.681+0530][gc,phases   ] GC(499)   Evacuate Collection Set: 11.3ms
[2025-03-28T20:03:33.681+0530][gc,phases   ] GC(499)   Post Evacuate Collection Set: 0.9ms
[2025-03-28T20:03:33.681+0530][gc,phases   ] GC(499)   Other: 0.2ms
[2025-03-28T20:03:33.681+0530][gc,heap     ] GC(499) Eden regions: 522->0(128)
[2025-03-28T20:03:33.681+0530][gc,heap     ] GC(499) Survivor regions: 2->8(66)
[2025-03-28T20:03:33.681+0530][gc,heap     ] GC(499) Old regions: 65->65
[2025-03-28T20:03:33.681+0530][gc,heap     ] GC(499) Archive regions: 2->2
[2025-03-28T20:03:33.681+0530][gc,heap     ] GC(499) Humongous regions: 157->147
[2025-03-28T20:03:33.681+0530][gc,metaspace] GC(499) Metaspace: 52717K(53376K)->52717K(53376K) NonClass: 46849K(47168K)->46849K(47168K) Class: 5867K(6208K)->5867K(6208K)
[2025-03-28T20:03:33.681+0530][gc          ] GC(499) Pause Young (Normal) (G1 Evacuation Pause) 746M->220M(1024M) 13.284ms
[2025-03-28T20:03:33.681+0530][gc,cpu      ] GC(499) User=0.02s Sys=0.00s Real=0.01s
[2025-03-28T20:03:38.383+0530][gc,start    ] GC(434) Pause Young (Concurrent Start) (G1 Humongous Allocation)
[2025-03-28T20:03:38.383+0530][gc,task     ] GC(434) Using 2 workers of 2 for evacuation
[2025-03-28T20:03:38.394+0530][gc,phases   ] GC(434)   Pre Evacuate Collection Set: 0.3ms
[2025-03-28T20:03:38.394+0530][gc,phases   ] GC(434)   Merge Heap Roots: 0.2ms
[2025-03-28T20:03:38.394+0530][gc,phases   ] GC(434)   Evacuate Collection Set: 10.1ms
[2025-03-28T20:03:38.394+0530][gc,phases   ] GC(434)   Post Evacuate Collection Set: 0.6ms
[2025-03-28T20:03:38.394+0530][gc,phases   ] GC(434)   Other: 0.3ms
[2025-03-28T20:03:38.394+0530][gc,heap     ] GC(434) Eden regions: 111->0(551)
[2025-03-28T20:03:38.394+0530][gc,heap     ] GC(434) Survivor regions: 5->5(65)
[2025-03-28T20:03:38.394+0530][gc,heap     ] GC(434) Old regions: 207->207
[2025-03-28T20:03:38.394+0530][gc,heap     ] GC(434) Archive regions: 2->2
[2025-03-28T20:03:38.394+0530][gc,heap     ] GC(434) Humongous regions: 149->147
[2025-03-28T20:03:38.394+0530][gc,metaspace] GC(434) Metaspace: 52913K(53568K)->52913K(53568K) NonClass: 46986K(47296K)->46986K(47296K) Class: 5927K(6272K)->5927K(6272K)
[2025-03-28T20:03:38.394+0530][gc          ] GC(434) Pause Young (Concurrent Start) (G1 Humongous Allocation) 472M->359M(1024M) 11.504ms
[2025-03-28T20:03:38.394+0530][gc,cpu      ] GC(434) User=0.02s Sys=0.01s Real=0.00s
[2025-03-28T20:03:38.394+0530][gc          ] GC(435) Concurrent Undo Cycle
[2025-03-28T20:03:38.394+0530][gc,marking  ] GC(435) Concurrent Cleanup for Next Mark
[2025-03-28T20:03:38.396+0530][gc,marking  ] GC(435) Concurrent Cleanup for Next Mark 1.498ms
[2025-03-28T20:03:38.396+0530][gc          ] GC(435) Concurrent Undo Cycle 1.526ms
[2025-03-28T20:03:39.781+0530][gc,start    ] GC(436) Pause Young (Concurrent Start) (G1 Humongous Allocation)
[2025-03-28T20:03:39.781+0530][gc,task     ] GC(436) Using 2 workers of 2 for evacuation
[2025-03-28T20:03:39.798+0530][gc,phases   ] GC(436)   Pre Evacuate Collection Set: 0.3ms
[2025-03-28T20:03:39.798+0530][gc,phases   ] GC(436)   Merge Heap Roots: 0.2ms
[2025-03-28T20:03:39.798+0530][gc,phases   ] GC(436)   Evacuate Collection Set: 16.0ms
[2025-03-28T20:03:39.798+0530][gc,phases   ] GC(436)   Post Evacuate Collection Set: 0.6ms
[2025-03-28T20:03:39.798+0530][gc,phases   ] GC(436)   Other: 0.2ms
[2025-03-28T20:03:39.798+0530][gc,heap     ] GC(436) Eden regions: 109->0(551)
[2025-03-28T20:03:39.798+0530][gc,heap     ] GC(436) Survivor regions: 5->5(70)
[2025-03-28T20:03:39.798+0530][gc,heap     ] GC(436) Old regions: 207->207
[2025-03-28T20:03:39.798+0530][gc,heap     ] GC(436) Archive regions: 2->2
[2025-03-28T20:03:39.799+0530][gc,heap     ] GC(436) Humongous regions: 149->147
[2025-03-28T20:03:39.799+0530][gc,metaspace] GC(436) Metaspace: 52913K(53568K)->52913K(53568K) NonClass: 46986K(47296K)->46986K(47296K) Class: 5927K(6272K)->5927K(6272K)
[2025-03-28T20:03:39.799+0530][gc          ] GC(436) Pause Young (Concurrent Start) (G1 Humongous Allocation) 470M->359M(1024M) 17.323ms
[2025-03-28T20:03:39.799+0530][gc,cpu      ] GC(436) User=0.03s Sys=0.00s Real=0.02s
[2025-03-28T20:03:39.799+0530][gc          ] GC(437) Concurrent Undo Cycle
[2025-03-28T20:03:39.799+0530][gc,marking  ] GC(437) Concurrent Cleanup for Next Mark
[2025-03-28T20:03:39.807+0530][gc,marking  ] GC(437) Concurrent Cleanup for Next Mark 8.074ms
[2025-03-28T20:03:39.807+0530][gc          ] GC(437) Concurrent Undo Cycle 8.142ms
[2025-03-28T20:03:42.495+0530][gc,start    ] GC(500) Pause Young (Normal) (G1 Evacuation Pause)
[2025-03-28T20:03:42.495+0530][gc,task     ] GC(500) Using 2 workers of 2 for evacuation
[2025-03-28T20:03:42.502+0530][gc,phases   ] GC(500)   Pre Evacuate Collection Set: 0.2ms
[2025-03-28T20:03:42.502+0530][gc,phases   ] GC(500)   Merge Heap Roots: 0.1ms
[2025-03-28T20:03:42.502+0530][gc,phases   ] GC(500)   Evacuate Collection Set: 6.5ms
[2025-03-28T20:03:42.502+0530][gc,phases   ] GC(500)   Post Evacuate Collection Set: 0.5ms
[2025-03-28T20:03:42.502+0530][gc,phases   ] GC(500)   Other: 0.1ms
[2025-03-28T20:03:42.502+0530][gc,heap     ] GC(500) Eden regions: 128->0(610)
[2025-03-28T20:03:42.502+0530][gc,heap     ] GC(500) Survivor regions: 8->4(17)
[2025-03-28T20:03:42.502+0530][gc,heap     ] GC(500) Old regions: 65->65
[2025-03-28T20:03:42.502+0530][gc,heap     ] GC(500) Archive regions: 2->2
[2025-03-28T20:03:42.502+0530][gc,heap     ] GC(500) Humongous regions: 151->149
[2025-03-28T20:03:42.502+0530][gc,metaspace] GC(500) Metaspace: 52717K(53376K)->52717K(53376K) NonClass: 46849K(47168K)->46849K(47168K) Class: 5867K(6208K)->5867K(6208K)
[2025-03-28T20:03:42.502+0530][gc          ] GC(500) Pause Young (Normal) (G1 Evacuation Pause) 352M->218M(1024M) 7.547ms
[2025-03-28T20:03:42.502+0530][gc,cpu      ] GC(500) User=0.02s Sys=0.00s Real=0.01s
[2025-03-28T20:03:43.641+0530][gc,start    ] GC(501) Pause Young (Concurrent Start) (G1 Humongous Allocation)
[2025-03-28T20:03:43.641+0530][gc,task     ] GC(501) Using 2 workers of 2 for evacuation
[2025-03-28T20:03:43.653+0530][gc,phases   ] GC(501)   Pre Evacuate Collection Set: 0.4ms
[2025-03-28T20:03:43.653+0530][gc,phases   ] GC(501)   Merge Heap Roots: 0.1ms
[2025-03-28T20:03:43.653+0530][gc,phases   ] GC(501)   Evacuate Collection Set: 10.4ms
[2025-03-28T20:03:43.653+0530][gc,phases   ] GC(501)   Post Evacuate Collection Set: 0.7ms
[2025-03-28T20:03:43.653+0530][gc,phases   ] GC(501)   Other: 0.2ms
[2025-03-28T20:03:43.653+0530][gc,heap     ] GC(501) Eden regions: 96->0(610)
[2025-03-28T20:03:43.653+0530][gc,heap     ] GC(501) Survivor regions: 4->4(77)
[2025-03-28T20:03:43.653+0530][gc,heap     ] GC(501) Old regions: 65->65
[2025-03-28T20:03:43.653+0530][gc,heap     ] GC(501) Archive regions: 2->2
[2025-03-28T20:03:43.653+0530][gc,heap     ] GC(501) Humongous regions: 149->147
[2025-03-28T20:03:43.653+0530][gc,metaspace] GC(501) Metaspace: 52717K(53376K)->52717K(53376K) NonClass: 46849K(47168K)->46849K(47168K) Class: 5867K(6208K)->5867K(6208K)
[2025-03-28T20:03:43.653+0530][gc          ] GC(501) Pause Young (Concurrent Start) (G1 Humongous Allocation) 313M->216M(1024M) 11.867ms
[2025-03-28T20:03:43.653+0530][gc,cpu      ] GC(501) User=0.02s Sys=0.00s Real=0.01s
[2025-03-28T20:03:43.653+0530][gc          ] GC(502) Concurrent Mark Cycle
[2025-03-28T20:03:43.653+0530][gc,marking  ] GC(502) Concurrent Clear Claimed Marks
[2025-03-28T20:03:43.653+0530][gc,marking  ] GC(502) Concurrent Clear Claimed Marks 0.113ms
[2025-03-28T20:03:43.653+0530][gc,marking  ] GC(502) Concurrent Scan Root Regions
[2025-03-28T20:03:43.660+0530][gc,marking  ] GC(502) Concurrent Scan Root Regions 6.588ms
[2025-03-28T20:03:43.660+0530][gc,marking  ] GC(502) Concurrent Mark
[2025-03-28T20:03:43.660+0530][gc,marking  ] GC(502) Concurrent Mark From Roots
[2025-03-28T20:03:43.660+0530][gc,task     ] GC(502) Using 1 workers of 1 for marking
[2025-03-28T20:03:43.738+0530][gc,marking  ] GC(502) Concurrent Mark From Roots 77.935ms
[2025-03-28T20:03:43.738+0530][gc,marking  ] GC(502) Concurrent Preclean
[2025-03-28T20:03:43.738+0530][gc,marking  ] GC(502) Concurrent Preclean 0.167ms
[2025-03-28T20:03:43.739+0530][gc,start    ] GC(502) Pause Remark
[2025-03-28T20:03:43.752+0530][gc          ] GC(502) Pause Remark 258M->258M(1024M) 13.538ms
[2025-03-28T20:03:43.752+0530][gc,cpu      ] GC(502) User=0.01s Sys=0.01s Real=0.01s
[2025-03-28T20:03:43.752+0530][gc,marking  ] GC(502) Concurrent Mark 92.219ms
[2025-03-28T20:03:43.752+0530][gc,marking  ] GC(502) Concurrent Rebuild Remembered Sets
[2025-03-28T20:03:43.787+0530][gc,marking  ] GC(502) Concurrent Rebuild Remembered Sets 34.623ms
[2025-03-28T20:03:43.787+0530][gc,start    ] GC(502) Pause Cleanup
[2025-03-28T20:03:43.787+0530][gc          ] GC(502) Pause Cleanup 258M->258M(1024M) 0.204ms
[2025-03-28T20:03:43.787+0530][gc,cpu      ] GC(502) User=0.00s Sys=0.00s Real=0.00s
[2025-03-28T20:03:43.787+0530][gc,marking  ] GC(502) Concurrent Cleanup for Next Mark
[2025-03-28T20:03:43.789+0530][gc,marking  ] GC(502) Concurrent Cleanup for Next Mark 1.711ms
[2025-03-28T20:03:43.789+0530][gc          ] GC(502) Concurrent Mark Cycle 135.803ms
[2025-03-28T20:03:48.553+0530][gc,start    ] GC(438) Pause Young (Concurrent Start) (G1 Humongous Allocation)
[2025-03-28T20:03:48.553+0530][gc,task     ] GC(438) Using 2 workers of 2 for evacuation
[2025-03-28T20:03:48.579+0530][gc,mmu      ] GC(438) MMU target violated: 21.0ms (20.0ms/21.0ms)
[2025-03-28T20:03:48.580+0530][gc,phases   ] GC(438)   Pre Evacuate Collection Set: 0.4ms
[2025-03-28T20:03:48.580+0530][gc,phases   ] GC(438)   Merge Heap Roots: 0.3ms
[2025-03-28T20:03:48.580+0530][gc,phases   ] GC(438)   Evacuate Collection Set: 24.9ms
[2025-03-28T20:03:48.580+0530][gc,phases   ] GC(438)   Post Evacuate Collection Set: 0.5ms
[2025-03-28T20:03:48.580+0530][gc,phases   ] GC(438)   Other: 0.3ms
[2025-03-28T20:03:48.580+0530][gc,heap     ] GC(438) Eden regions: 112->0(552)
[2025-03-28T20:03:48.580+0530][gc,heap     ] GC(438) Survivor regions: 5->5(70)
[2025-03-28T20:03:48.580+0530][gc,heap     ] GC(438) Old regions: 207->207
[2025-03-28T20:03:48.580+0530][gc,heap     ] GC(438) Archive regions: 2->2
[2025-03-28T20:03:48.580+0530][gc,heap     ] GC(438) Humongous regions: 149->147
[2025-03-28T20:03:48.580+0530][gc,metaspace] GC(438) Metaspace: 52913K(53568K)->52913K(53568K) NonClass: 46986K(47296K)->46986K(47296K) Class: 5927K(6272K)->5927K(6272K)
[2025-03-28T20:03:48.580+0530][gc          ] GC(438) Pause Young (Concurrent Start) (G1 Humongous Allocation) 473M->359M(1024M) 26.505ms
[2025-03-28T20:03:48.580+0530][gc,cpu      ] GC(438) User=0.03s Sys=0.00s Real=0.03s
[2025-03-28T20:03:48.580+0530][gc          ] GC(439) Concurrent Undo Cycle
[2025-03-28T20:03:48.580+0530][gc,marking  ] GC(439) Concurrent Cleanup for Next Mark
[2025-03-28T20:03:48.594+0530][gc,marking  ] GC(439) Concurrent Cleanup for Next Mark 13.891ms
[2025-03-28T20:03:48.594+0530][gc          ] GC(439) Concurrent Undo Cycle 13.949ms
[2025-03-28T20:03:49.865+0530][gc,start    ] GC(440) Pause Young (Concurrent Start) (G1 Humongous Allocation)
[2025-03-28T20:03:49.865+0530][gc,task     ] GC(440) Using 2 workers of 2 for evacuation
[2025-03-28T20:03:49.881+0530][gc,phases   ] GC(440)   Pre Evacuate Collection Set: 0.3ms
[2025-03-28T20:03:49.881+0530][gc,phases   ] GC(440)   Merge Heap Roots: 0.2ms
[2025-03-28T20:03:49.881+0530][gc,phases   ] GC(440)   Evacuate Collection Set: 14.0ms
[2025-03-28T20:03:49.881+0530][gc,phases   ] GC(440)   Post Evacuate Collection Set: 0.6ms
[2025-03-28T20:03:49.881+0530][gc,phases   ] GC(440)   Other: 0.2ms
[2025-03-28T20:03:49.881+0530][gc,heap     ] GC(440) Eden regions: 109->0(551)
[2025-03-28T20:03:49.881+0530][gc,heap     ] GC(440) Survivor regions: 5->5(70)
[2025-03-28T20:03:49.881+0530][gc,heap     ] GC(440) Old regions: 207->208
[2025-03-28T20:03:49.881+0530][gc,heap     ] GC(440) Archive regions: 2->2
[2025-03-28T20:03:49.881+0530][gc,heap     ] GC(440) Humongous regions: 149->147
[2025-03-28T20:03:49.881+0530][gc,metaspace] GC(440) Metaspace: 52913K(53568K)->52913K(53568K) NonClass: 46986K(47296K)->46986K(47296K) Class: 5927K(6272K)->5927K(6272K)
[2025-03-28T20:03:49.881+0530][gc          ] GC(440) Pause Young (Concurrent Start) (G1 Humongous Allocation) 470M->359M(1024M) 15.409ms
[2025-03-28T20:03:49.881+0530][gc,cpu      ] GC(440) User=0.03s Sys=0.00s Real=0.01s
[2025-03-28T20:03:49.881+0530][gc          ] GC(441) Concurrent Undo Cycle
[2025-03-28T20:03:49.881+0530][gc,marking  ] GC(441) Concurrent Cleanup for Next Mark
[2025-03-28T20:03:49.883+0530][gc,marking  ] GC(441) Concurrent Cleanup for Next Mark 2.303ms
[2025-03-28T20:03:49.883+0530][gc          ] GC(441) Concurrent Undo Cycle 2.358ms
[2025-03-28T20:03:58.369+0530][gc,start    ] GC(442) Pause Young (Concurrent Start) (G1 Humongous Allocation)
[2025-03-28T20:03:58.369+0530][gc,task     ] GC(442) Using 2 workers of 2 for evacuation
[2025-03-28T20:03:58.394+0530][gc,mmu      ] GC(442) MMU target violated: 21.0ms (20.0ms/21.0ms)
[2025-03-28T20:03:58.394+0530][gc,phases   ] GC(442)   Pre Evacuate Collection Set: 0.4ms
[2025-03-28T20:03:58.394+0530][gc,phases   ] GC(442)   Merge Heap Roots: 0.3ms
[2025-03-28T20:03:58.394+0530][gc,phases   ] GC(442)   Evacuate Collection Set: 22.9ms
[2025-03-28T20:03:58.394+0530][gc,phases   ] GC(442)   Post Evacuate Collection Set: 0.8ms
[2025-03-28T20:03:58.394+0530][gc,phases   ] GC(442)   Other: 0.2ms
[2025-03-28T20:03:58.394+0530][gc,heap     ] GC(442) Eden regions: 112->0(551)
[2025-03-28T20:03:58.394+0530][gc,heap     ] GC(442) Survivor regions: 5->5(70)
[2025-03-28T20:03:58.394+0530][gc,heap     ] GC(442) Old regions: 208->208
[2025-03-28T20:03:58.394+0530][gc,heap     ] GC(442) Archive regions: 2->2
[2025-03-28T20:03:58.394+0530][gc,heap     ] GC(442) Humongous regions: 149->147
[2025-03-28T20:03:58.394+0530][gc,metaspace] GC(442) Metaspace: 52913K(53568K)->52913K(53568K) NonClass: 46986K(47296K)->46986K(47296K) Class: 5927K(6272K)->5927K(6272K)
[2025-03-28T20:03:58.394+0530][gc          ] GC(442) Pause Young (Concurrent Start) (G1 Humongous Allocation) 472M->359M(1024M) 24.761ms
[2025-03-28T20:03:58.394+0530][gc,cpu      ] GC(442) User=0.01s Sys=0.00s Real=0.02s
[2025-03-28T20:03:58.394+0530][gc          ] GC(443) Concurrent Undo Cycle
[2025-03-28T20:03:58.394+0530][gc,marking  ] GC(443) Concurrent Cleanup for Next Mark
[2025-03-28T20:03:58.396+0530][gc,marking  ] GC(443) Concurrent Cleanup for Next Mark 1.631ms
[2025-03-28T20:03:58.396+0530][gc          ] GC(443) Concurrent Undo Cycle 1.668ms
[2025-03-28T20:03:59.883+0530][gc,start    ] GC(444) Pause Young (Concurrent Start) (G1 Humongous Allocation)
[2025-03-28T20:03:59.883+0530][gc,task     ] GC(444) Using 2 workers of 2 for evacuation
[2025-03-28T20:03:59.941+0530][gc,mmu      ] GC(444) MMU target violated: 21.0ms (20.0ms/21.0ms)
[2025-03-28T20:03:59.941+0530][gc,phases   ] GC(444)   Pre Evacuate Collection Set: 5.0ms
[2025-03-28T20:03:59.941+0530][gc,phases   ] GC(444)   Merge Heap Roots: 2.9ms
[2025-03-28T20:03:59.941+0530][gc,phases   ] GC(444)   Evacuate Collection Set: 49.4ms
[2025-03-28T20:03:59.941+0530][gc,phases   ] GC(444)   Post Evacuate Collection Set: 0.8ms
[2025-03-28T20:03:59.941+0530][gc,phases   ] GC(444)   Other: 1.8ms
[2025-03-28T20:03:59.941+0530][gc,heap     ] GC(444) Eden regions: 109->0(46)
[2025-03-28T20:03:59.941+0530][gc,heap     ] GC(444) Survivor regions: 5->5(70)
[2025-03-28T20:03:59.941+0530][gc,heap     ] GC(444) Old regions: 208->208
[2025-03-28T20:03:59.942+0530][gc,heap     ] GC(444) Archive regions: 2->2
[2025-03-28T20:03:59.942+0530][gc,heap     ] GC(444) Humongous regions: 149->147
[2025-03-28T20:03:59.942+0530][gc,metaspace] GC(444) Metaspace: 52913K(53568K)->52913K(53568K) NonClass: 46986K(47296K)->46986K(47296K) Class: 5927K(6272K)->5927K(6272K)
[2025-03-28T20:03:59.942+0530][gc          ] GC(444) Pause Young (Concurrent Start) (G1 Humongous Allocation) 470M->360M(1024M) 58.898ms
[2025-03-28T20:03:59.942+0530][gc,cpu      ] GC(444) User=0.06s Sys=0.00s Real=0.06s
[2025-03-28T20:03:59.942+0530][gc          ] GC(445) Concurrent Undo Cycle
[2025-03-28T20:03:59.942+0530][gc,marking  ] GC(445) Concurrent Cleanup for Next Mark
[2025-03-28T20:03:59.944+0530][gc,marking  ] GC(445) Concurrent Cleanup for Next Mark 2.511ms
[2025-03-28T20:03:59.944+0530][gc          ] GC(445) Concurrent Undo Cycle 2.582ms
[2025-03-28T20:04:04.668+0530][gc,start    ] GC(446) Pause Young (Normal) (G1 Evacuation Pause)
[2025-03-28T20:04:04.668+0530][gc,task     ] GC(446) Using 2 workers of 2 for evacuation
[2025-03-28T20:04:04.711+0530][gc,mmu      ] GC(446) MMU target violated: 21.0ms (20.0ms/21.0ms)
[2025-03-28T20:04:04.711+0530][gc,phases   ] GC(446)   Pre Evacuate Collection Set: 0.8ms
[2025-03-28T20:04:04.711+0530][gc,phases   ] GC(446)   Merge Heap Roots: 1.1ms
[2025-03-28T20:04:04.711+0530][gc,phases   ] GC(446)   Evacuate Collection Set: 39.7ms
[2025-03-28T20:04:04.711+0530][gc,phases   ] GC(446)   Post Evacuate Collection Set: 1.1ms
[2025-03-28T20:04:04.711+0530][gc,phases   ] GC(446)   Other: 0.6ms
[2025-03-28T20:04:04.711+0530][gc,heap     ] GC(446) Eden regions: 46->0(49)
[2025-03-28T20:04:04.711+0530][gc,heap     ] GC(446) Survivor regions: 5->2(7)
[2025-03-28T20:04:04.711+0530][gc,heap     ] GC(446) Old regions: 208->209
[2025-03-28T20:04:04.711+0530][gc,heap     ] GC(446) Archive regions: 2->2
[2025-03-28T20:04:04.711+0530][gc,heap     ] GC(446) Humongous regions: 149->147
[2025-03-28T20:04:04.711+0530][gc,metaspace] GC(446) Metaspace: 52913K(53568K)->52913K(53568K) NonClass: 46986K(47296K)->46986K(47296K) Class: 5927K(6272K)->5927K(6272K)
[2025-03-28T20:04:04.711+0530][gc          ] GC(446) Pause Young (Normal) (G1 Evacuation Pause) 408M->358M(1024M) 43.432ms
[2025-03-28T20:04:04.711+0530][gc,cpu      ] GC(446) User=0.07s Sys=0.00s Real=0.04s
[2025-03-28T20:04:08.604+0530][gc,start    ] GC(447) Pause Young (Normal) (G1 Evacuation Pause)
[2025-03-28T20:04:08.604+0530][gc,task     ] GC(447) Using 2 workers of 2 for evacuation
[2025-03-28T20:04:08.629+0530][gc,mmu      ] GC(447) MMU target violated: 21.0ms (20.0ms/21.0ms)
[2025-03-28T20:04:08.629+0530][gc,phases   ] GC(447)   Pre Evacuate Collection Set: 0.3ms
[2025-03-28T20:04:08.629+0530][gc,phases   ] GC(447)   Merge Heap Roots: 0.2ms
[2025-03-28T20:04:08.629+0530][gc,phases   ] GC(447)   Evacuate Collection Set: 23.1ms
[2025-03-28T20:04:08.629+0530][gc,phases   ] GC(447)   Post Evacuate Collection Set: 0.8ms
[2025-03-28T20:04:08.629+0530][gc,phases   ] GC(447)   Other: 0.2ms
[2025-03-28T20:04:08.629+0530][gc,heap     ] GC(447) Eden regions: 49->0(44)
[2025-03-28T20:04:08.629+0530][gc,heap     ] GC(447) Survivor regions: 2->7(7)
[2025-03-28T20:04:08.629+0530][gc,heap     ] GC(447) Old regions: 209->209
[2025-03-28T20:04:08.629+0530][gc,heap     ] GC(447) Archive regions: 2->2
[2025-03-28T20:04:08.629+0530][gc,heap     ] GC(447) Humongous regions: 147->147
[2025-03-28T20:04:08.629+0530][gc,metaspace] GC(447) Metaspace: 52913K(53568K)->52913K(53568K) NonClass: 46986K(47296K)->46986K(47296K) Class: 5927K(6272K)->5927K(6272K)
[2025-03-28T20:04:08.629+0530][gc          ] GC(447) Pause Young (Normal) (G1 Evacuation Pause) 407M->363M(1024M) 24.745ms
[2025-03-28T20:04:08.629+0530][gc,cpu      ] GC(447) User=0.01s Sys=0.00s Real=0.03s
[2025-03-28T20:04:08.692+0530][gc,start    ] GC(448) Pause Young (Concurrent Start) (G1 Humongous Allocation)
[2025-03-28T20:04:08.692+0530][gc,task     ] GC(448) Using 2 workers of 2 for evacuation
[2025-03-28T20:04:08.711+0530][gc,phases   ] GC(448)   Pre Evacuate Collection Set: 0.3ms
[2025-03-28T20:04:08.711+0530][gc,phases   ] GC(448)   Merge Heap Roots: 0.4ms
[2025-03-28T20:04:08.711+0530][gc,phases   ] GC(448)   Evacuate Collection Set: 17.8ms
[2025-03-28T20:04:08.711+0530][gc,phases   ] GC(448)   Post Evacuate Collection Set: 0.6ms
[2025-03-28T20:04:08.711+0530][gc,phases   ] GC(448)   Other: 0.3ms
[2025-03-28T20:04:08.711+0530][gc,heap     ] GC(448) Eden regions: 17->0(49)
[2025-03-28T20:04:08.711+0530][gc,heap     ] GC(448) Survivor regions: 7->2(7)
[2025-03-28T20:04:08.711+0530][gc,heap     ] GC(448) Old regions: 209->212
[2025-03-28T20:04:08.711+0530][gc,heap     ] GC(448) Archive regions: 2->2
[2025-03-28T20:04:08.711+0530][gc,heap     ] GC(448) Humongous regions: 147->147
[2025-03-28T20:04:08.711+0530][gc,metaspace] GC(448) Metaspace: 52913K(53568K)->52913K(53568K) NonClass: 46986K(47296K)->46986K(47296K) Class: 5927K(6272K)->5927K(6272K)
[2025-03-28T20:04:08.711+0530][gc          ] GC(448) Pause Young (Concurrent Start) (G1 Humongous Allocation) 380M->361M(1024M) 19.528ms
[2025-03-28T20:04:08.711+0530][gc,cpu      ] GC(448) User=0.02s Sys=0.00s Real=0.02s
[2025-03-28T20:04:08.712+0530][gc          ] GC(449) Concurrent Mark Cycle
[2025-03-28T20:04:08.712+0530][gc,marking  ] GC(449) Concurrent Clear Claimed Marks
[2025-03-28T20:04:08.712+0530][gc,marking  ] GC(449) Concurrent Clear Claimed Marks 0.091ms
[2025-03-28T20:04:08.712+0530][gc,marking  ] GC(449) Concurrent Scan Root Regions
[2025-03-28T20:04:08.734+0530][gc,marking  ] GC(449) Concurrent Scan Root Regions 22.075ms
[2025-03-28T20:04:08.734+0530][gc,marking  ] GC(449) Concurrent Mark
[2025-03-28T20:04:08.734+0530][gc,marking  ] GC(449) Concurrent Mark From Roots
[2025-03-28T20:04:08.734+0530][gc,task     ] GC(449) Using 1 workers of 1 for marking
[2025-03-28T20:04:08.863+0530][gc,marking  ] GC(449) Concurrent Mark From Roots 129.080ms
[2025-03-28T20:04:08.863+0530][gc,marking  ] GC(449) Concurrent Preclean
[2025-03-28T20:04:08.863+0530][gc,marking  ] GC(449) Concurrent Preclean 0.343ms
[2025-03-28T20:04:08.863+0530][gc,start    ] GC(449) Pause Remark
[2025-03-28T20:04:09.420+0530][gc,mmu      ] GC(449) MMU target violated: 21.0ms (20.0ms/21.0ms)
[2025-03-28T20:04:09.420+0530][gc          ] GC(449) Pause Remark 402M->361M(1024M) 556.983ms
[2025-03-28T20:04:09.420+0530][gc,cpu      ] GC(449) User=0.06s Sys=0.06s Real=0.56s
[2025-03-28T20:04:09.422+0530][gc,marking  ] GC(449) Concurrent Mark 688.144ms
[2025-03-28T20:04:09.422+0530][gc,marking  ] GC(449) Concurrent Rebuild Remembered Sets
[2025-03-28T20:04:09.550+0530][gc,marking  ] GC(449) Concurrent Rebuild Remembered Sets 127.730ms
[2025-03-28T20:04:09.550+0530][gc,start    ] GC(449) Pause Cleanup
[2025-03-28T20:04:09.550+0530][gc          ] GC(449) Pause Cleanup 362M->362M(1024M) 0.284ms
[2025-03-28T20:04:09.550+0530][gc,cpu      ] GC(449) User=0.00s Sys=0.00s Real=0.00s
[2025-03-28T20:04:09.550+0530][gc,marking  ] GC(449) Concurrent Cleanup for Next Mark
[2025-03-28T20:04:09.615+0530][gc,start    ] GC(450) Pause Young (Prepare Mixed) (G1 Evacuation Pause)
[2025-03-28T20:04:09.615+0530][gc,task     ] GC(450) Using 2 workers of 2 for evacuation
[2025-03-28T20:04:09.620+0530][gc,phases   ] GC(450)   Pre Evacuate Collection Set: 0.2ms
[2025-03-28T20:04:09.620+0530][gc,phases   ] GC(450)   Merge Heap Roots: 0.1ms
[2025-03-28T20:04:09.620+0530][gc,phases   ] GC(450)   Evacuate Collection Set: 2.9ms
[2025-03-28T20:04:09.620+0530][gc,phases   ] GC(450)   Post Evacuate Collection Set: 1.5ms
[2025-03-28T20:04:09.620+0530][gc,phases   ] GC(450)   Other: 0.1ms
[2025-03-28T20:04:09.620+0530][gc,heap     ] GC(450) Eden regions: 49->0(49)
[2025-03-28T20:04:09.620+0530][gc,heap     ] GC(450) Survivor regions: 2->2(7)
[2025-03-28T20:04:09.620+0530][gc,heap     ] GC(450) Old regions: 171->171
[2025-03-28T20:04:09.620+0530][gc,heap     ] GC(450) Archive regions: 2->2
[2025-03-28T20:04:09.620+0530][gc,heap     ] GC(450) Humongous regions: 149->147
[2025-03-28T20:04:09.620+0530][gc,metaspace] GC(450) Metaspace: 52833K(53568K)->52833K(53568K) NonClass: 46925K(47296K)->46925K(47296K) Class: 5907K(6272K)->5907K(6272K)
[2025-03-28T20:04:09.620+0530][gc          ] GC(450) Pause Young (Prepare Mixed) (G1 Evacuation Pause) 371M->319M(1024M) 4.844ms
[2025-03-28T20:04:09.620+0530][gc,cpu      ] GC(450) User=0.00s Sys=0.00s Real=0.00s
[2025-03-28T20:04:09.691+0530][gc,start    ] GC(451) Pause Young (Mixed) (G1 Evacuation Pause)
[2025-03-28T20:04:09.691+0530][gc,task     ] GC(451) Using 2 workers of 2 for evacuation
[2025-03-28T20:04:09.701+0530][gc,phases   ] GC(451)   Pre Evacuate Collection Set: 0.1ms
[2025-03-28T20:04:09.701+0530][gc,phases   ] GC(451)   Merge Heap Roots: 0.3ms
[2025-03-28T20:04:09.701+0530][gc,phases   ] GC(451)   Evacuate Collection Set: 8.4ms
[2025-03-28T20:04:09.701+0530][gc,phases   ] GC(451)   Post Evacuate Collection Set: 1.1ms
[2025-03-28T20:04:09.701+0530][gc,phases   ] GC(451)   Other: 0.2ms
[2025-03-28T20:04:09.701+0530][gc,heap     ] GC(451) Eden regions: 49->0(44)
[2025-03-28T20:04:09.701+0530][gc,heap     ] GC(451) Survivor regions: 2->7(7)
[2025-03-28T20:04:09.701+0530][gc,heap     ] GC(451) Old regions: 171->159
[2025-03-28T20:04:09.701+0530][gc,heap     ] GC(451) Archive regions: 2->2
[2025-03-28T20:04:09.701+0530][gc,heap     ] GC(451) Humongous regions: 147->147
[2025-03-28T20:04:09.701+0530][gc,metaspace] GC(451) Metaspace: 52833K(53568K)->52833K(53568K) NonClass: 46925K(47296K)->46925K(47296K) Class: 5907K(6272K)->5907K(6272K)
[2025-03-28T20:04:09.701+0530][gc          ] GC(451) Pause Young (Mixed) (G1 Evacuation Pause) 368M->313M(1024M) 10.304ms
[2025-03-28T20:04:09.701+0530][gc,cpu      ] GC(451) User=0.02s Sys=0.00s Real=0.01s
[2025-03-28T20:04:09.789+0530][gc,start    ] GC(452) Pause Young (Mixed) (G1 Evacuation Pause)
[2025-03-28T20:04:09.789+0530][gc,task     ] GC(452) Using 2 workers of 2 for evacuation
[2025-03-28T20:04:09.795+0530][gc,phases   ] GC(452)   Pre Evacuate Collection Set: 0.2ms
[2025-03-28T20:04:09.795+0530][gc,phases   ] GC(452)   Merge Heap Roots: 0.3ms
[2025-03-28T20:04:09.795+0530][gc,phases   ] GC(452)   Evacuate Collection Set: 4.2ms
[2025-03-28T20:04:09.795+0530][gc,phases   ] GC(452)   Post Evacuate Collection Set: 0.8ms
[2025-03-28T20:04:09.795+0530][gc,phases   ] GC(452)   Other: 0.1ms
[2025-03-28T20:04:09.795+0530][gc,heap     ] GC(452) Eden regions: 44->0(49)
[2025-03-28T20:04:09.795+0530][gc,heap     ] GC(452) Survivor regions: 7->2(7)
[2025-03-28T20:04:09.795+0530][gc,heap     ] GC(452) Old regions: 159->148
[2025-03-28T20:04:09.795+0530][gc,heap     ] GC(452) Archive regions: 2->2
[2025-03-28T20:04:09.795+0530][gc,heap     ] GC(452) Humongous regions: 149->149
[2025-03-28T20:04:09.795+0530][gc,metaspace] GC(452) Metaspace: 52833K(53568K)->52833K(53568K) NonClass: 46925K(47296K)->46925K(47296K) Class: 5907K(6272K)->5907K(6272K)
[2025-03-28T20:04:09.795+0530][gc          ] GC(452) Pause Young (Mixed) (G1 Evacuation Pause) 359M->299M(1024M) 5.807ms
[2025-03-28T20:04:09.795+0530][gc,cpu      ] GC(452) User=0.01s Sys=0.00s Real=0.01s
[2025-03-28T20:04:09.842+0530][gc,marking  ] GC(449) Concurrent Cleanup for Next Mark 291.432ms
[2025-03-28T20:04:09.842+0530][gc          ] GC(449) Concurrent Mark Cycle 1130.109ms
[2025-03-28T20:04:13.514+0530][gc,start    ] GC(503) Pause Young (Prepare Mixed) (G1 Evacuation Pause)
[2025-03-28T20:04:13.514+0530][gc,task     ] GC(503) Using 2 workers of 2 for evacuation
[2025-03-28T20:04:13.524+0530][gc,phases   ] GC(503)   Pre Evacuate Collection Set: 0.2ms
[2025-03-28T20:04:13.524+0530][gc,phases   ] GC(503)   Merge Heap Roots: 0.3ms
[2025-03-28T20:04:13.524+0530][gc,phases   ] GC(503)   Evacuate Collection Set: 7.3ms
[2025-03-28T20:04:13.524+0530][gc,phases   ] GC(503)   Post Evacuate Collection Set: 1.8ms
[2025-03-28T20:04:13.524+0530][gc,phases   ] GC(503)   Other: 0.3ms
[2025-03-28T20:04:13.524+0530][gc,heap     ] GC(503) Eden regions: 610->0(46)
[2025-03-28T20:04:13.524+0530][gc,heap     ] GC(503) Survivor regions: 4->5(77)
[2025-03-28T20:04:13.524+0530][gc,heap     ] GC(503) Old regions: 65->65
[2025-03-28T20:04:13.524+0530][gc,heap     ] GC(503) Archive regions: 2->2
[2025-03-28T20:04:13.524+0530][gc,heap     ] GC(503) Humongous regions: 159->147
[2025-03-28T20:04:13.524+0530][gc,metaspace] GC(503) Metaspace: 52718K(53376K)->52718K(53376K) NonClass: 46850K(47168K)->46850K(47168K) Class: 5867K(6208K)->5867K(6208K)
[2025-03-28T20:04:13.524+0530][gc          ] GC(503) Pause Young (Prepare Mixed) (G1 Evacuation Pause) 838M->217M(1024M) 9.960ms
[2025-03-28T20:04:13.524+0530][gc,cpu      ] GC(503) User=0.01s Sys=0.00s Real=0.01s
[2025-03-28T20:04:13.606+0530][gc,start    ] GC(504) Pause Young (Mixed) (G1 Evacuation Pause)
[2025-03-28T20:04:13.606+0530][gc,task     ] GC(504) Using 2 workers of 2 for evacuation
[2025-03-28T20:04:13.615+0530][gc,phases   ] GC(504)   Pre Evacuate Collection Set: 0.2ms
[2025-03-28T20:04:13.615+0530][gc,phases   ] GC(504)   Merge Heap Roots: 0.1ms
[2025-03-28T20:04:13.615+0530][gc,phases   ] GC(504)   Evacuate Collection Set: 8.0ms
[2025-03-28T20:04:13.615+0530][gc,phases   ] GC(504)   Post Evacuate Collection Set: 0.5ms
[2025-03-28T20:04:13.615+0530][gc,phases   ] GC(504)   Other: 0.1ms
[2025-03-28T20:04:13.615+0530][gc,heap     ] GC(504) Eden regions: 46->0(612)
[2025-03-28T20:04:13.615+0530][gc,heap     ] GC(504) Survivor regions: 5->2(7)
[2025-03-28T20:04:13.615+0530][gc,heap     ] GC(504) Old regions: 65->62
[2025-03-28T20:04:13.615+0530][gc,heap     ] GC(504) Archive regions: 2->2
[2025-03-28T20:04:13.615+0530][gc,heap     ] GC(504) Humongous regions: 149->149
[2025-03-28T20:04:13.615+0530][gc,metaspace] GC(504) Metaspace: 52718K(53376K)->52718K(53376K) NonClass: 46850K(47168K)->46850K(47168K) Class: 5867K(6208K)->5867K(6208K)
[2025-03-28T20:04:13.615+0530][gc          ] GC(504) Pause Young (Mixed) (G1 Evacuation Pause) 265M->213M(1024M) 9.136ms
[2025-03-28T20:04:13.615+0530][gc,cpu      ] GC(504) User=0.02s Sys=0.00s Real=0.01s
[2025-03-28T20:04:18.628+0530][gc,start    ] GC(453) Pause Young (Mixed) (G1 Evacuation Pause)
[2025-03-28T20:04:18.628+0530][gc,task     ] GC(453) Using 2 workers of 2 for evacuation
[2025-03-28T20:04:18.653+0530][gc,mmu      ] GC(453) MMU target violated: 21.0ms (20.0ms/21.0ms)
[2025-03-28T20:04:18.653+0530][gc,phases   ] GC(453)   Pre Evacuate Collection Set: 0.5ms
[2025-03-28T20:04:18.653+0530][gc,phases   ] GC(453)   Merge Heap Roots: 0.2ms
[2025-03-28T20:04:18.653+0530][gc,phases   ] GC(453)   Evacuate Collection Set: 23.4ms
[2025-03-28T20:04:18.653+0530][gc,phases   ] GC(453)   Post Evacuate Collection Set: 0.5ms
[2025-03-28T20:04:18.653+0530][gc,phases   ] GC(453)   Other: 0.2ms
[2025-03-28T20:04:18.653+0530][gc,heap     ] GC(453) Eden regions: 49->0(46)
[2025-03-28T20:04:18.653+0530][gc,heap     ] GC(453) Survivor regions: 2->5(7)
[2025-03-28T20:04:18.653+0530][gc,heap     ] GC(453) Old regions: 148->136
[2025-03-28T20:04:18.653+0530][gc,heap     ] GC(453) Archive regions: 2->2
[2025-03-28T20:04:18.653+0530][gc,heap     ] GC(453) Humongous regions: 149->147
[2025-03-28T20:04:18.653+0530][gc,metaspace] GC(453) Metaspace: 52833K(53568K)->52833K(53568K) NonClass: 46926K(47296K)->46926K(47296K) Class: 5907K(6272K)->5907K(6272K)
[2025-03-28T20:04:18.653+0530][gc          ] GC(453) Pause Young (Mixed) (G1 Evacuation Pause) 348M->288M(1024M) 24.838ms
[2025-03-28T20:04:18.653+0530][gc,cpu      ] GC(453) User=0.03s Sys=0.01s Real=0.02s
[2025-03-28T20:04:18.750+0530][gc,start    ] GC(454) Pause Young (Mixed) (G1 Evacuation Pause)
[2025-03-28T20:04:18.751+0530][gc,task     ] GC(454) Using 2 workers of 2 for evacuation
[2025-03-28T20:04:18.757+0530][gc,phases   ] GC(454)   Pre Evacuate Collection Set: 0.2ms
[2025-03-28T20:04:18.757+0530][gc,phases   ] GC(454)   Merge Heap Roots: 0.1ms
[2025-03-28T20:04:18.757+0530][gc,phases   ] GC(454)   Evacuate Collection Set: 5.6ms
[2025-03-28T20:04:18.757+0530][gc,phases   ] GC(454)   Post Evacuate Collection Set: 0.5ms
[2025-03-28T20:04:18.757+0530][gc,phases   ] GC(454)   Other: 0.1ms
[2025-03-28T20:04:18.757+0530][gc,heap     ] GC(454) Eden regions: 46->0(49)
[2025-03-28T20:04:18.757+0530][gc,heap     ] GC(454) Survivor regions: 5->2(7)
[2025-03-28T20:04:18.757+0530][gc,heap     ] GC(454) Old regions: 136->126
[2025-03-28T20:04:18.757+0530][gc,heap     ] GC(454) Archive regions: 2->2
[2025-03-28T20:04:18.757+0530][gc,heap     ] GC(454) Humongous regions: 149->149
[2025-03-28T20:04:18.757+0530][gc,metaspace] GC(454) Metaspace: 52833K(53568K)->52833K(53568K) NonClass: 46926K(47296K)->46926K(47296K) Class: 5907K(6272K)->5907K(6272K)
[2025-03-28T20:04:18.757+0530][gc          ] GC(454) Pause Young (Mixed) (G1 Evacuation Pause) 336M->276M(1024M) 6.646ms
[2025-03-28T20:04:18.757+0530][gc,cpu      ] GC(454) User=0.01s Sys=0.00s Real=0.01s
[2025-03-28T20:04:19.638+0530][gc,start    ] GC(455) Pause Young (Mixed) (G1 Evacuation Pause)
[2025-03-28T20:04:19.638+0530][gc,task     ] GC(455) Using 2 workers of 2 for evacuation
[2025-03-28T20:04:19.645+0530][gc,phases   ] GC(455)   Pre Evacuate Collection Set: 0.2ms
[2025-03-28T20:04:19.645+0530][gc,phases   ] GC(455)   Merge Heap Roots: 0.1ms
[2025-03-28T20:04:19.645+0530][gc,phases   ] GC(455)   Evacuate Collection Set: 5.8ms
[2025-03-28T20:04:19.645+0530][gc,phases   ] GC(455)   Post Evacuate Collection Set: 0.7ms
[2025-03-28T20:04:19.645+0530][gc,phases   ] GC(455)   Other: 0.2ms
[2025-03-28T20:04:19.645+0530][gc,heap     ] GC(455) Eden regions: 49->0(48)
[2025-03-28T20:04:19.645+0530][gc,heap     ] GC(455) Survivor regions: 2->3(7)
[2025-03-28T20:04:19.645+0530][gc,heap     ] GC(455) Old regions: 126->114
[2025-03-28T20:04:19.645+0530][gc,heap     ] GC(455) Archive regions: 2->2
[2025-03-28T20:04:19.645+0530][gc,heap     ] GC(455) Humongous regions: 149->147
[2025-03-28T20:04:19.645+0530][gc,metaspace] GC(455) Metaspace: 52833K(53568K)->52833K(53568K) NonClass: 46926K(47296K)->46926K(47296K) Class: 5907K(6272K)->5907K(6272K)
[2025-03-28T20:04:19.645+0530][gc          ] GC(455) Pause Young (Mixed) (G1 Evacuation Pause) 325M->264M(1024M) 7.047ms
[2025-03-28T20:04:19.645+0530][gc,cpu      ] GC(455) User=0.01s Sys=0.00s Real=0.00s
[2025-03-28T20:04:19.731+0530][gc,start    ] GC(456) Pause Young (Mixed) (G1 Evacuation Pause)
[2025-03-28T20:04:19.731+0530][gc,task     ] GC(456) Using 2 workers of 2 for evacuation
[2025-03-28T20:04:19.750+0530][gc,phases   ] GC(456)   Pre Evacuate Collection Set: 0.3ms
[2025-03-28T20:04:19.750+0530][gc,phases   ] GC(456)   Merge Heap Roots: 0.3ms
[2025-03-28T20:04:19.751+0530][gc,phases   ] GC(456)   Evacuate Collection Set: 13.1ms
[2025-03-28T20:04:19.751+0530][gc,phases   ] GC(456)   Merge Optional Heap Roots: 0.2ms
[2025-03-28T20:04:19.751+0530][gc,phases   ] GC(456)   Evacuate Optional Collection Set: 4.5ms
[2025-03-28T20:04:19.751+0530][gc,phases   ] GC(456)   Post Evacuate Collection Set: 1.0ms
[2025-03-28T20:04:19.751+0530][gc,phases   ] GC(456)   Other: 0.1ms
[2025-03-28T20:04:19.751+0530][gc,heap     ] GC(456) Eden regions: 48->0(48)
[2025-03-28T20:04:19.751+0530][gc,heap     ] GC(456) Survivor regions: 3->3(7)
[2025-03-28T20:04:19.751+0530][gc,heap     ] GC(456) Old regions: 114->96
[2025-03-28T20:04:19.751+0530][gc,heap     ] GC(456) Archive regions: 2->2
[2025-03-28T20:04:19.751+0530][gc,heap     ] GC(456) Humongous regions: 149->149
[2025-03-28T20:04:19.751+0530][gc,metaspace] GC(456) Metaspace: 52833K(53568K)->52833K(53568K) NonClass: 46926K(47296K)->46926K(47296K) Class: 5907K(6272K)->5907K(6272K)
[2025-03-28T20:04:19.751+0530][gc          ] GC(456) Pause Young (Mixed) (G1 Evacuation Pause) 314M->248M(1024M) 19.787ms
[2025-03-28T20:04:19.751+0530][gc,cpu      ] GC(456) User=0.01s Sys=0.00s Real=0.02s
[2025-03-28T20:04:28.533+0530][gc,start    ] GC(457) Pause Young (Mixed) (G1 Evacuation Pause)
[2025-03-28T20:04:28.533+0530][gc,task     ] GC(457) Using 2 workers of 2 for evacuation
[2025-03-28T20:04:28.548+0530][gc,phases   ] GC(457)   Pre Evacuate Collection Set: 0.3ms
[2025-03-28T20:04:28.548+0530][gc,phases   ] GC(457)   Merge Heap Roots: 0.3ms
[2025-03-28T20:04:28.548+0530][gc,phases   ] GC(457)   Evacuate Collection Set: 13.3ms
[2025-03-28T20:04:28.548+0530][gc,phases   ] GC(457)   Post Evacuate Collection Set: 1.0ms
[2025-03-28T20:04:28.548+0530][gc,phases   ] GC(457)   Other: 0.1ms
[2025-03-28T20:04:28.548+0530][gc,heap     ] GC(457) Eden regions: 48->0(49)
[2025-03-28T20:04:28.548+0530][gc,heap     ] GC(457) Survivor regions: 3->2(7)
[2025-03-28T20:04:28.548+0530][gc,heap     ] GC(457) Old regions: 96->84
[2025-03-28T20:04:28.548+0530][gc,heap     ] GC(457) Archive regions: 2->2
[2025-03-28T20:04:28.548+0530][gc,heap     ] GC(457) Humongous regions: 149->147
[2025-03-28T20:04:28.548+0530][gc,metaspace] GC(457) Metaspace: 52837K(53568K)->52837K(53568K) NonClass: 46929K(47296K)->46929K(47296K) Class: 5907K(6272K)->5907K(6272K)
[2025-03-28T20:04:28.548+0530][gc          ] GC(457) Pause Young (Mixed) (G1 Evacuation Pause) 296M->233M(1024M) 15.192ms
[2025-03-28T20:04:28.548+0530][gc,cpu      ] GC(457) User=0.01s Sys=0.00s Real=0.02s
[2025-03-28T20:04:28.673+0530][gc,start    ] GC(458) Pause Young (Mixed) (G1 Evacuation Pause)
[2025-03-28T20:04:28.673+0530][gc,task     ] GC(458) Using 2 workers of 2 for evacuation
[2025-03-28T20:04:28.701+0530][gc,mmu      ] GC(458) MMU target violated: 21.0ms (20.0ms/21.0ms)
[2025-03-28T20:04:28.701+0530][gc,phases   ] GC(458)   Pre Evacuate Collection Set: 0.8ms
[2025-03-28T20:04:28.701+0530][gc,phases   ] GC(458)   Merge Heap Roots: 0.5ms
[2025-03-28T20:04:28.701+0530][gc,phases   ] GC(458)   Evacuate Collection Set: 25.7ms
[2025-03-28T20:04:28.701+0530][gc,phases   ] GC(458)   Post Evacuate Collection Set: 0.6ms
[2025-03-28T20:04:28.701+0530][gc,phases   ] GC(458)   Other: 0.2ms
[2025-03-28T20:04:28.701+0530][gc,heap     ] GC(458) Eden regions: 49->0(44)
[2025-03-28T20:04:28.701+0530][gc,heap     ] GC(458) Survivor regions: 2->7(7)
[2025-03-28T20:04:28.701+0530][gc,heap     ] GC(458) Old regions: 84->83
[2025-03-28T20:04:28.701+0530][gc,heap     ] GC(458) Archive regions: 2->2
[2025-03-28T20:04:28.701+0530][gc,heap     ] GC(458) Humongous regions: 147->147
[2025-03-28T20:04:28.701+0530][gc,metaspace] GC(458) Metaspace: 52837K(53568K)->52837K(53568K) NonClass: 46929K(47296K)->46929K(47296K) Class: 5908K(6272K)->5908K(6272K)
[2025-03-28T20:04:28.701+0530][gc          ] GC(458) Pause Young (Mixed) (G1 Evacuation Pause) 282M->237M(1024M) 28.054ms
[2025-03-28T20:04:28.701+0530][gc,cpu      ] GC(458) User=0.02s Sys=0.00s Real=0.04s
[2025-03-28T20:04:28.798+0530][gc,start    ] GC(459) Pause Young (Normal) (G1 Evacuation Pause)
[2025-03-28T20:04:28.798+0530][gc,task     ] GC(459) Using 2 workers of 2 for evacuation
[2025-03-28T20:04:28.832+0530][gc,mmu      ] GC(459) MMU target violated: 21.0ms (20.0ms/21.0ms)
[2025-03-28T20:04:28.832+0530][gc,phases   ] GC(459)   Pre Evacuate Collection Set: 0.3ms
[2025-03-28T20:04:28.832+0530][gc,phases   ] GC(459)   Merge Heap Roots: 0.1ms
[2025-03-28T20:04:28.832+0530][gc,phases   ] GC(459)   Evacuate Collection Set: 33.0ms
[2025-03-28T20:04:28.832+0530][gc,phases   ] GC(459)   Post Evacuate Collection Set: 0.4ms
[2025-03-28T20:04:28.832+0530][gc,phases   ] GC(459)   Other: 0.3ms
[2025-03-28T20:04:28.832+0530][gc,heap     ] GC(459) Eden regions: 44->0(50)
[2025-03-28T20:04:28.832+0530][gc,heap     ] GC(459) Survivor regions: 7->1(7)
[2025-03-28T20:04:28.832+0530][gc,heap     ] GC(459) Old regions: 83->90
[2025-03-28T20:04:28.832+0530][gc,heap     ] GC(459) Archive regions: 2->2
[2025-03-28T20:04:28.832+0530][gc,heap     ] GC(459) Humongous regions: 149->149
[2025-03-28T20:04:28.832+0530][gc,metaspace] GC(459) Metaspace: 52837K(53568K)->52837K(53568K) NonClass: 46929K(47296K)->46929K(47296K) Class: 5908K(6272K)->5908K(6272K)
[2025-03-28T20:04:28.832+0530][gc          ] GC(459) Pause Young (Normal) (G1 Evacuation Pause) 283M->239M(1024M) 34.166ms
[2025-03-28T20:04:28.832+0530][gc,cpu      ] GC(459) User=0.02s Sys=0.00s Real=0.04s
[2025-03-28T20:04:29.718+0530][gc,start    ] GC(460) Pause Young (Normal) (G1 Evacuation Pause)
[2025-03-28T20:04:29.718+0530][gc,task     ] GC(460) Using 2 workers of 2 for evacuation
[2025-03-28T20:04:29.726+0530][gc,phases   ] GC(460)   Pre Evacuate Collection Set: 0.2ms
[2025-03-28T20:04:29.726+0530][gc,phases   ] GC(460)   Merge Heap Roots: 0.1ms
[2025-03-28T20:04:29.726+0530][gc,phases   ] GC(460)   Evacuate Collection Set: 7.0ms
[2025-03-28T20:04:29.726+0530][gc,phases   ] GC(460)   Post Evacuate Collection Set: 0.5ms
[2025-03-28T20:04:29.726+0530][gc,phases   ] GC(460)   Other: 0.1ms
[2025-03-28T20:04:29.726+0530][gc,heap     ] GC(460) Eden regions: 50->0(44)
[2025-03-28T20:04:29.726+0530][gc,heap     ] GC(460) Survivor regions: 1->7(7)
[2025-03-28T20:04:29.726+0530][gc,heap     ] GC(460) Old regions: 90->90
[2025-03-28T20:04:29.726+0530][gc,heap     ] GC(460) Archive regions: 2->2
[2025-03-28T20:04:29.726+0530][gc,heap     ] GC(460) Humongous regions: 149->147
[2025-03-28T20:04:29.726+0530][gc,metaspace] GC(460) Metaspace: 52837K(53568K)->52837K(53568K) NonClass: 46929K(47296K)->46929K(47296K) Class: 5908K(6272K)->5908K(6272K)
[2025-03-28T20:04:29.726+0530][gc          ] GC(460) Pause Young (Normal) (G1 Evacuation Pause) 289M->243M(1024M) 8.046ms
[2025-03-28T20:04:29.726+0530][gc,cpu      ] GC(460) User=0.02s Sys=0.00s Real=0.01s
[2025-03-28T20:04:29.800+0530][gc,start    ] GC(461) Pause Young (Normal) (G1 Evacuation Pause)
[2025-03-28T20:04:29.800+0530][gc,task     ] GC(461) Using 2 workers of 2 for evacuation
[2025-03-28T20:04:29.827+0530][gc,mmu      ] GC(461) MMU target violated: 21.0ms (20.0ms/21.0ms)
[2025-03-28T20:04:29.827+0530][gc,phases   ] GC(461)   Pre Evacuate Collection Set: 0.3ms
[2025-03-28T20:04:29.827+0530][gc,phases   ] GC(461)   Merge Heap Roots: 0.1ms
[2025-03-28T20:04:29.827+0530][gc,phases   ] GC(461)   Evacuate Collection Set: 25.5ms
[2025-03-28T20:04:29.827+0530][gc,phases   ] GC(461)   Post Evacuate Collection Set: 0.4ms
[2025-03-28T20:04:29.827+0530][gc,phases   ] GC(461)   Other: 0.6ms
[2025-03-28T20:04:29.827+0530][gc,heap     ] GC(461) Eden regions: 44->0(49)
[2025-03-28T20:04:29.827+0530][gc,heap     ] GC(461) Survivor regions: 7->2(7)
[2025-03-28T20:04:29.827+0530][gc,heap     ] GC(461) Old regions: 90->92
[2025-03-28T20:04:29.827+0530][gc,heap     ] GC(461) Archive regions: 2->2
[2025-03-28T20:04:29.827+0530][gc,heap     ] GC(461) Humongous regions: 149->149
[2025-03-28T20:04:29.827+0530][gc,metaspace] GC(461) Metaspace: 52837K(53568K)->52837K(53568K) NonClass: 46929K(47296K)->46929K(47296K) Class: 5908K(6272K)->5908K(6272K)
[2025-03-28T20:04:29.827+0530][gc          ] GC(461) Pause Young (Normal) (G1 Evacuation Pause) 289M->243M(1024M) 26.977ms
[2025-03-28T20:04:29.827+0530][gc,cpu      ] GC(461) User=0.02s Sys=0.00s Real=0.03s
[2025-03-28T20:04:38.545+0530][gc,start    ] GC(462) Pause Young (Normal) (G1 Evacuation Pause)
[2025-03-28T20:04:38.545+0530][gc,task     ] GC(462) Using 2 workers of 2 for evacuation
[2025-03-28T20:04:38.551+0530][gc,phases   ] GC(462)   Pre Evacuate Collection Set: 0.2ms
[2025-03-28T20:04:38.551+0530][gc,phases   ] GC(462)   Merge Heap Roots: 0.1ms
[2025-03-28T20:04:38.551+0530][gc,phases   ] GC(462)   Evacuate Collection Set: 4.6ms
[2025-03-28T20:04:38.551+0530][gc,phases   ] GC(462)   Post Evacuate Collection Set: 0.5ms
[2025-03-28T20:04:38.551+0530][gc,phases   ] GC(462)   Other: 0.1ms
[2025-03-28T20:04:38.551+0530][gc,heap     ] GC(462) Eden regions: 49->0(47)
[2025-03-28T20:04:38.551+0530][gc,heap     ] GC(462) Survivor regions: 2->4(7)
[2025-03-28T20:04:38.551+0530][gc,heap     ] GC(462) Old regions: 92->92
[2025-03-28T20:04:38.551+0530][gc,heap     ] GC(462) Archive regions: 2->2
[2025-03-28T20:04:38.551+0530][gc,heap     ] GC(462) Humongous regions: 149->147
[2025-03-28T20:04:38.551+0530][gc,metaspace] GC(462) Metaspace: 52837K(53568K)->52837K(53568K) NonClass: 46929K(47296K)->46929K(47296K) Class: 5908K(6272K)->5908K(6272K)
[2025-03-28T20:04:38.551+0530][gc          ] GC(462) Pause Young (Normal) (G1 Evacuation Pause) 292M->242M(1024M) 5.689ms
[2025-03-28T20:04:38.551+0530][gc,cpu      ] GC(462) User=0.01s Sys=0.00s Real=0.00s
[2025-03-28T20:04:38.734+0530][gc,start    ] GC(463) Pause Young (Normal) (G1 Evacuation Pause)
[2025-03-28T20:04:38.734+0530][gc,task     ] GC(463) Using 2 workers of 2 for evacuation
[2025-03-28T20:04:38.746+0530][gc,phases   ] GC(463)   Pre Evacuate Collection Set: 0.2ms
[2025-03-28T20:04:38.746+0530][gc,phases   ] GC(463)   Merge Heap Roots: 0.1ms
[2025-03-28T20:04:38.746+0530][gc,phases   ] GC(463)   Evacuate Collection Set: 10.8ms
[2025-03-28T20:04:38.746+0530][gc,phases   ] GC(463)   Post Evacuate Collection Set: 0.9ms
[2025-03-28T20:04:38.746+0530][gc,phases   ] GC(463)   Other: 0.3ms
[2025-03-28T20:04:38.746+0530][gc,heap     ] GC(463) Eden regions: 47->0(52)
[2025-03-28T20:04:38.746+0530][gc,heap     ] GC(463) Survivor regions: 4->3(7)
[2025-03-28T20:04:38.746+0530][gc,heap     ] GC(463) Old regions: 92->92
[2025-03-28T20:04:38.746+0530][gc,heap     ] GC(463) Archive regions: 2->2
[2025-03-28T20:04:38.746+0530][gc,heap     ] GC(463) Humongous regions: 149->149
[2025-03-28T20:04:38.746+0530][gc,metaspace] GC(463) Metaspace: 52837K(53568K)->52837K(53568K) NonClass: 46929K(47296K)->46929K(47296K) Class: 5908K(6272K)->5908K(6272K)
[2025-03-28T20:04:38.746+0530][gc          ] GC(463) Pause Young (Normal) (G1 Evacuation Pause) 291M->243M(1024M) 12.474ms
[2025-03-28T20:04:38.746+0530][gc,cpu      ] GC(463) User=0.01s Sys=0.00s Real=0.02s
[2025-03-28T20:04:39.640+0530][gc,start    ] GC(464) Pause Young (Normal) (G1 Evacuation Pause)
[2025-03-28T20:04:39.640+0530][gc,task     ] GC(464) Using 2 workers of 2 for evacuation
[2025-03-28T20:04:39.648+0530][gc,phases   ] GC(464)   Pre Evacuate Collection Set: 0.2ms
[2025-03-28T20:04:39.648+0530][gc,phases   ] GC(464)   Merge Heap Roots: 0.2ms
[2025-03-28T20:04:39.648+0530][gc,phases   ] GC(464)   Evacuate Collection Set: 6.4ms
[2025-03-28T20:04:39.648+0530][gc,phases   ] GC(464)   Post Evacuate Collection Set: 0.9ms
[2025-03-28T20:04:39.648+0530][gc,phases   ] GC(464)   Other: 0.2ms
[2025-03-28T20:04:39.648+0530][gc,heap     ] GC(464) Eden regions: 52->0(98)
[2025-03-28T20:04:39.648+0530][gc,heap     ] GC(464) Survivor regions: 3->3(7)
[2025-03-28T20:04:39.648+0530][gc,heap     ] GC(464) Old regions: 92->92
[2025-03-28T20:04:39.648+0530][gc,heap     ] GC(464) Archive regions: 2->2
[2025-03-28T20:04:39.648+0530][gc,heap     ] GC(464) Humongous regions: 149->147
[2025-03-28T20:04:39.648+0530][gc,metaspace] GC(464) Metaspace: 52837K(53568K)->52837K(53568K) NonClass: 46929K(47296K)->46929K(47296K) Class: 5908K(6272K)->5908K(6272K)
[2025-03-28T20:04:39.648+0530][gc          ] GC(464) Pause Young (Normal) (G1 Evacuation Pause) 295M->241M(1024M) 7.997ms
[2025-03-28T20:04:39.648+0530][gc,cpu      ] GC(464) User=0.02s Sys=0.00s Real=0.01s
[2025-03-28T20:04:43.544+0530][gc,start    ] GC(505) Pause Young (Normal) (G1 Evacuation Pause)
[2025-03-28T20:04:43.546+0530][gc,task     ] GC(505) Using 2 workers of 2 for evacuation
[2025-03-28T20:04:43.560+0530][gc,phases   ] GC(505)   Pre Evacuate Collection Set: 0.3ms
[2025-03-28T20:04:43.560+0530][gc,phases   ] GC(505)   Merge Heap Roots: 0.1ms
[2025-03-28T20:04:43.560+0530][gc,phases   ] GC(505)   Evacuate Collection Set: 7.4ms
[2025-03-28T20:04:43.560+0530][gc,phases   ] GC(505)   Post Evacuate Collection Set: 1.0ms
[2025-03-28T20:04:43.560+0530][gc,phases   ] GC(505)   Other: 7.0ms
[2025-03-28T20:04:43.560+0530][gc,heap     ] GC(505) Eden regions: 612->0(609)
[2025-03-28T20:04:43.560+0530][gc,heap     ] GC(505) Survivor regions: 2->5(77)
[2025-03-28T20:04:43.560+0530][gc,heap     ] GC(505) Old regions: 62->62
[2025-03-28T20:04:43.560+0530][gc,heap     ] GC(505) Archive regions: 2->2
[2025-03-28T20:04:43.560+0530][gc,heap     ] GC(505) Humongous regions: 159->147
[2025-03-28T20:04:43.560+0530][gc,metaspace] GC(505) Metaspace: 52721K(53376K)->52721K(53376K) NonClass: 46853K(47168K)->46853K(47168K) Class: 5867K(6208K)->5867K(6208K)
[2025-03-28T20:04:43.561+0530][gc          ] GC(505) Pause Young (Normal) (G1 Evacuation Pause) 835M->214M(1024M) 16.088ms
[2025-03-28T20:04:43.561+0530][gc,cpu      ] GC(505) User=0.02s Sys=0.00s Real=0.02s
[2025-03-28T20:04:43.638+0530][gc,start    ] GC(506) Pause Young (Concurrent Start) (G1 Humongous Allocation)
[2025-03-28T20:04:43.638+0530][gc,task     ] GC(506) Using 2 workers of 2 for evacuation
[2025-03-28T20:04:43.649+0530][gc,phases   ] GC(506)   Pre Evacuate Collection Set: 0.4ms
[2025-03-28T20:04:43.649+0530][gc,phases   ] GC(506)   Merge Heap Roots: 0.3ms
[2025-03-28T20:04:43.649+0530][gc,phases   ] GC(506)   Evacuate Collection Set: 9.6ms
[2025-03-28T20:04:43.649+0530][gc,phases   ] GC(506)   Post Evacuate Collection Set: 0.5ms
[2025-03-28T20:04:43.649+0530][gc,phases   ] GC(506)   Other: 0.2ms
[2025-03-28T20:04:43.649+0530][gc,heap     ] GC(506) Eden regions: 30->0(355)
[2025-03-28T20:04:43.649+0530][gc,heap     ] GC(506) Survivor regions: 5->3(77)
[2025-03-28T20:04:43.649+0530][gc,heap     ] GC(506) Old regions: 62->62
[2025-03-28T20:04:43.649+0530][gc,heap     ] GC(506) Archive regions: 2->2
[2025-03-28T20:04:43.649+0530][gc,heap     ] GC(506) Humongous regions: 147->147
[2025-03-28T20:04:43.649+0530][gc,metaspace] GC(506) Metaspace: 52721K(53376K)->52721K(53376K) NonClass: 46853K(47168K)->46853K(47168K) Class: 5867K(6208K)->5867K(6208K)
[2025-03-28T20:04:43.649+0530][gc          ] GC(506) Pause Young (Concurrent Start) (G1 Humongous Allocation) 244M->212M(1024M) 11.124ms
[2025-03-28T20:04:43.649+0530][gc,cpu      ] GC(506) User=0.02s Sys=0.00s Real=0.01s
[2025-03-28T20:04:43.649+0530][gc          ] GC(507) Concurrent Mark Cycle
[2025-03-28T20:04:43.649+0530][gc,marking  ] GC(507) Concurrent Clear Claimed Marks
[2025-03-28T20:04:43.649+0530][gc,marking  ] GC(507) Concurrent Clear Claimed Marks 0.076ms
[2025-03-28T20:04:43.649+0530][gc,marking  ] GC(507) Concurrent Scan Root Regions
[2025-03-28T20:04:43.657+0530][gc,marking  ] GC(507) Concurrent Scan Root Regions 7.140ms
[2025-03-28T20:04:43.657+0530][gc,marking  ] GC(507) Concurrent Mark
[2025-03-28T20:04:43.657+0530][gc,marking  ] GC(507) Concurrent Mark From Roots
[2025-03-28T20:04:43.657+0530][gc,task     ] GC(507) Using 1 workers of 1 for marking
[2025-03-28T20:04:43.725+0530][gc,marking  ] GC(507) Concurrent Mark From Roots 68.559ms
[2025-03-28T20:04:43.725+0530][gc,marking  ] GC(507) Concurrent Preclean
[2025-03-28T20:04:43.725+0530][gc,marking  ] GC(507) Concurrent Preclean 0.132ms
[2025-03-28T20:04:43.725+0530][gc,start    ] GC(507) Pause Remark
[2025-03-28T20:04:43.739+0530][gc          ] GC(507) Pause Remark 253M->253M(1024M) 13.649ms
[2025-03-28T20:04:43.739+0530][gc,cpu      ] GC(507) User=0.03s Sys=0.00s Real=0.01s
[2025-03-28T20:04:43.739+0530][gc,marking  ] GC(507) Concurrent Mark 82.564ms
[2025-03-28T20:04:43.739+0530][gc,marking  ] GC(507) Concurrent Rebuild Remembered Sets
[2025-03-28T20:04:43.774+0530][gc,marking  ] GC(507) Concurrent Rebuild Remembered Sets 34.622ms
[2025-03-28T20:04:43.774+0530][gc,start    ] GC(507) Pause Cleanup
[2025-03-28T20:04:43.774+0530][gc          ] GC(507) Pause Cleanup 253M->253M(1024M) 0.191ms
[2025-03-28T20:04:43.774+0530][gc,cpu      ] GC(507) User=0.00s Sys=0.00s Real=0.00s
[2025-03-28T20:04:43.774+0530][gc,marking  ] GC(507) Concurrent Cleanup for Next Mark
[2025-03-28T20:04:43.777+0530][gc,marking  ] GC(507) Concurrent Cleanup for Next Mark 2.458ms
[2025-03-28T20:04:43.777+0530][gc          ] GC(507) Concurrent Mark Cycle 127.389ms
[2025-03-28T20:04:46.108+0530][gc,start    ] GC(465) Pause Young (Normal) (G1 Evacuation Pause)
[2025-03-28T20:04:46.108+0530][gc,task     ] GC(465) Using 2 workers of 2 for evacuation
[2025-03-28T20:04:46.114+0530][gc,phases   ] GC(465)   Pre Evacuate Collection Set: 0.2ms
[2025-03-28T20:04:46.114+0530][gc,phases   ] GC(465)   Merge Heap Roots: 0.1ms
[2025-03-28T20:04:46.114+0530][gc,phases   ] GC(465)   Evacuate Collection Set: 4.2ms
[2025-03-28T20:04:46.114+0530][gc,phases   ] GC(465)   Post Evacuate Collection Set: 0.7ms
[2025-03-28T20:04:46.114+0530][gc,phases   ] GC(465)   Other: 0.2ms
[2025-03-28T20:04:46.114+0530][gc,heap     ] GC(465) Eden regions: 98->0(198)
[2025-03-28T20:04:46.114+0530][gc,heap     ] GC(465) Survivor regions: 3->2(13)
[2025-03-28T20:04:46.114+0530][gc,heap     ] GC(465) Old regions: 92->92
[2025-03-28T20:04:46.114+0530][gc,heap     ] GC(465) Archive regions: 2->2
[2025-03-28T20:04:46.114+0530][gc,heap     ] GC(465) Humongous regions: 149->147
[2025-03-28T20:04:46.114+0530][gc,metaspace] GC(465) Metaspace: 52837K(53568K)->52837K(53568K) NonClass: 46929K(47296K)->46929K(47296K) Class: 5908K(6272K)->5908K(6272K)
[2025-03-28T20:04:46.114+0530][gc          ] GC(465) Pause Young (Normal) (G1 Evacuation Pause) 341M->240M(1024M) 5.505ms
[2025-03-28T20:04:46.114+0530][gc,cpu      ] GC(465) User=0.01s Sys=0.00s Real=0.00s
[2025-03-28T20:04:49.750+0530][gc,start    ] GC(466) Pause Young (Normal) (G1 Evacuation Pause)
[2025-03-28T20:04:49.750+0530][gc,task     ] GC(466) Using 2 workers of 2 for evacuation
[2025-03-28T20:04:49.758+0530][gc,phases   ] GC(466)   Pre Evacuate Collection Set: 0.4ms
[2025-03-28T20:04:49.758+0530][gc,phases   ] GC(466)   Merge Heap Roots: 0.1ms
[2025-03-28T20:04:49.758+0530][gc,phases   ] GC(466)   Evacuate Collection Set: 6.3ms
[2025-03-28T20:04:49.758+0530][gc,phases   ] GC(466)   Post Evacuate Collection Set: 0.8ms
[2025-03-28T20:04:49.758+0530][gc,phases   ] GC(466)   Other: 0.2ms
[2025-03-28T20:04:49.758+0530][gc,heap     ] GC(466) Eden regions: 198->0(208)
[2025-03-28T20:04:49.758+0530][gc,heap     ] GC(466) Survivor regions: 2->4(25)
[2025-03-28T20:04:49.758+0530][gc,heap     ] GC(466) Old regions: 92->92
[2025-03-28T20:04:49.758+0530][gc,heap     ] GC(466) Archive regions: 2->2
[2025-03-28T20:04:49.758+0530][gc,heap     ] GC(466) Humongous regions: 151->149
[2025-03-28T20:04:49.758+0530][gc,metaspace] GC(466) Metaspace: 52847K(53568K)->52847K(53568K) NonClass: 46939K(47296K)->46939K(47296K) Class: 5908K(6272K)->5908K(6272K)
[2025-03-28T20:04:49.758+0530][gc          ] GC(466) Pause Young (Normal) (G1 Evacuation Pause) 442M->244M(1024M) 7.881ms
[2025-03-28T20:04:49.758+0530][gc,cpu      ] GC(466) User=0.02s Sys=0.00s Real=0.02s
[2025-03-28T20:04:59.777+0530][gc,start    ] GC(467) Pause Young (Normal) (G1 Evacuation Pause)
[2025-03-28T20:04:59.777+0530][gc,task     ] GC(467) Using 2 workers of 2 for evacuation
[2025-03-28T20:04:59.789+0530][gc,phases   ] GC(467)   Pre Evacuate Collection Set: 0.3ms
[2025-03-28T20:04:59.789+0530][gc,phases   ] GC(467)   Merge Heap Roots: 0.3ms
[2025-03-28T20:04:59.789+0530][gc,phases   ] GC(467)   Evacuate Collection Set: 9.8ms
[2025-03-28T20:04:59.789+0530][gc,phases   ] GC(467)   Post Evacuate Collection Set: 0.9ms
[2025-03-28T20:04:59.789+0530][gc,phases   ] GC(467)   Other: 0.2ms
[2025-03-28T20:04:59.789+0530][gc,heap     ] GC(467) Eden regions: 202->0(228)
[2025-03-28T20:04:59.789+0530][gc,heap     ] GC(467) Survivor regions: 4->4(26)
[2025-03-28T20:04:59.789+0530][gc,heap     ] GC(467) Old regions: 92->92
[2025-03-28T20:04:59.789+0530][gc,heap     ] GC(467) Archive regions: 2->2
[2025-03-28T20:04:59.789+0530][gc,heap     ] GC(467) Humongous regions: 153->149
[2025-03-28T20:04:59.789+0530][gc,metaspace] GC(467) Metaspace: 52847K(53568K)->52847K(53568K) NonClass: 46939K(47296K)->46939K(47296K) Class: 5908K(6272K)->5908K(6272K)
[2025-03-28T20:04:59.789+0530][gc          ] GC(467) Pause Young (Normal) (G1 Evacuation Pause) 450M->244M(1024M) 11.536ms
[2025-03-28T20:04:59.789+0530][gc,cpu      ] GC(467) User=0.02s Sys=0.00s Real=0.01s
[2025-03-28T20:05:03.626+0530][gc,start    ] GC(508) Pause Young (Prepare Mixed) (G1 Evacuation Pause)
[2025-03-28T20:05:03.626+0530][gc,task     ] GC(508) Using 2 workers of 2 for evacuation
[2025-03-28T20:05:03.634+0530][gc,phases   ] GC(508)   Pre Evacuate Collection Set: 0.3ms
[2025-03-28T20:05:03.634+0530][gc,phases   ] GC(508)   Merge Heap Roots: 0.1ms
[2025-03-28T20:05:03.634+0530][gc,phases   ] GC(508)   Evacuate Collection Set: 6.6ms
[2025-03-28T20:05:03.634+0530][gc,phases   ] GC(508)   Post Evacuate Collection Set: 0.8ms
[2025-03-28T20:05:03.634+0530][gc,phases   ] GC(508)   Other: 0.2ms
[2025-03-28T20:05:03.634+0530][gc,heap     ] GC(508) Eden regions: 397->0(46)
[2025-03-28T20:05:03.634+0530][gc,heap     ] GC(508) Survivor regions: 3->5(50)
[2025-03-28T20:05:03.634+0530][gc,heap     ] GC(508) Old regions: 61->61
[2025-03-28T20:05:03.634+0530][gc,heap     ] GC(508) Archive regions: 2->2
[2025-03-28T20:05:03.634+0530][gc,heap     ] GC(508) Humongous regions: 155->147
[2025-03-28T20:05:03.634+0530][gc,metaspace] GC(508) Metaspace: 52721K(53376K)->52721K(53376K) NonClass: 46853K(47168K)->46853K(47168K) Class: 5867K(6208K)->5867K(6208K)
[2025-03-28T20:05:03.634+0530][gc          ] GC(508) Pause Young (Prepare Mixed) (G1 Evacuation Pause) 616M->213M(1024M) 8.122ms
[2025-03-28T20:05:03.634+0530][gc,cpu      ] GC(508) User=0.01s Sys=0.00s Real=0.00s
[2025-03-28T20:05:03.723+0530][gc,start    ] GC(509) Pause Young (Mixed) (G1 Evacuation Pause)
[2025-03-28T20:05:03.723+0530][gc,task     ] GC(509) Using 2 workers of 2 for evacuation
[2025-03-28T20:05:03.731+0530][gc,phases   ] GC(509)   Pre Evacuate Collection Set: 0.2ms
[2025-03-28T20:05:03.731+0530][gc,phases   ] GC(509)   Merge Heap Roots: 0.1ms
[2025-03-28T20:05:03.731+0530][gc,phases   ] GC(509)   Evacuate Collection Set: 7.5ms
[2025-03-28T20:05:03.731+0530][gc,phases   ] GC(509)   Post Evacuate Collection Set: 0.4ms
[2025-03-28T20:05:03.731+0530][gc,phases   ] GC(509)   Other: 0.1ms
[2025-03-28T20:05:03.731+0530][gc,heap     ] GC(509) Eden regions: 46->0(612)
[2025-03-28T20:05:03.731+0530][gc,heap     ] GC(509) Survivor regions: 5->2(7)
[2025-03-28T20:05:03.731+0530][gc,heap     ] GC(509) Old regions: 61->58
[2025-03-28T20:05:03.731+0530][gc,heap     ] GC(509) Archive regions: 2->2
[2025-03-28T20:05:03.731+0530][gc,heap     ] GC(509) Humongous regions: 149->149
[2025-03-28T20:05:03.731+0530][gc,metaspace] GC(509) Metaspace: 52721K(53376K)->52721K(53376K) NonClass: 46853K(47168K)->46853K(47168K) Class: 5867K(6208K)->5867K(6208K)
[2025-03-28T20:05:03.731+0530][gc          ] GC(509) Pause Young (Mixed) (G1 Evacuation Pause) 261M->209M(1024M) 8.590ms
[2025-03-28T20:05:03.731+0530][gc,cpu      ] GC(509) User=0.01s Sys=0.00s Real=0.01s
[2025-03-28T20:05:09.829+0530][gc,start    ] GC(468) Pause Young (Normal) (G1 Evacuation Pause)
[2025-03-28T20:05:09.829+0530][gc,task     ] GC(468) Using 2 workers of 2 for evacuation
[2025-03-28T20:05:09.840+0530][gc,phases   ] GC(468)   Pre Evacuate Collection Set: 0.3ms
[2025-03-28T20:05:09.840+0530][gc,phases   ] GC(468)   Merge Heap Roots: 0.2ms
[2025-03-28T20:05:09.840+0530][gc,phases   ] GC(468)   Evacuate Collection Set: 9.8ms
[2025-03-28T20:05:09.840+0530][gc,phases   ] GC(468)   Post Evacuate Collection Set: 0.8ms
[2025-03-28T20:05:09.840+0530][gc,phases   ] GC(468)   Other: 0.1ms
[2025-03-28T20:05:09.840+0530][gc,heap     ] GC(468) Eden regions: 213->0(264)
[2025-03-28T20:05:09.840+0530][gc,heap     ] GC(468) Survivor regions: 4->4(28)
[2025-03-28T20:05:09.840+0530][gc,heap     ] GC(468) Old regions: 92->92
[2025-03-28T20:05:09.840+0530][gc,heap     ] GC(468) Archive regions: 2->2
[2025-03-28T20:05:09.840+0530][gc,heap     ] GC(468) Humongous regions: 153->149
[2025-03-28T20:05:09.840+0530][gc,metaspace] GC(468) Metaspace: 52852K(53568K)->52852K(53568K) NonClass: 46944K(47296K)->46944K(47296K) Class: 5908K(6272K)->5908K(6272K)
[2025-03-28T20:05:09.840+0530][gc          ] GC(468) Pause Young (Normal) (G1 Evacuation Pause) 461M->244M(1024M) 11.387ms
[2025-03-28T20:05:09.840+0530][gc,cpu      ] GC(468) User=0.02s Sys=0.01s Real=0.01s
[2025-03-28T20:05:19.754+0530][gc,start    ] GC(469) Pause Young (Normal) (G1 Evacuation Pause)
[2025-03-28T20:05:19.755+0530][gc,task     ] GC(469) Using 2 workers of 2 for evacuation
[2025-03-28T20:05:19.766+0530][gc,phases   ] GC(469)   Pre Evacuate Collection Set: 0.2ms
[2025-03-28T20:05:19.766+0530][gc,phases   ] GC(469)   Merge Heap Roots: 0.2ms
[2025-03-28T20:05:19.766+0530][gc,phases   ] GC(469)   Evacuate Collection Set: 10.3ms
[2025-03-28T20:05:19.766+0530][gc,phases   ] GC(469)   Post Evacuate Collection Set: 0.9ms
[2025-03-28T20:05:19.766+0530][gc,phases   ] GC(469)   Other: 0.1ms
[2025-03-28T20:05:19.766+0530][gc,heap     ] GC(469) Eden regions: 243->0(302)
[2025-03-28T20:05:19.766+0530][gc,heap     ] GC(469) Survivor regions: 4->4(31)
[2025-03-28T20:05:19.766+0530][gc,heap     ] GC(469) Old regions: 92->92
[2025-03-28T20:05:19.766+0530][gc,heap     ] GC(469) Archive regions: 2->2
[2025-03-28T20:05:19.766+0530][gc,heap     ] GC(469) Humongous regions: 153->149
[2025-03-28T20:05:19.766+0530][gc,metaspace] GC(469) Metaspace: 52853K(53568K)->52853K(53568K) NonClass: 46945K(47296K)->46945K(47296K) Class: 5908K(6272K)->5908K(6272K)
[2025-03-28T20:05:19.766+0530][gc          ] GC(469) Pause Young (Normal) (G1 Evacuation Pause) 491M->245M(1024M) 11.829ms
[2025-03-28T20:05:19.766+0530][gc,cpu      ] GC(469) User=0.02s Sys=0.00s Real=0.02s
[2025-03-28T20:05:33.527+0530][gc,start    ] GC(510) Pause Young (Normal) (G1 Evacuation Pause)
[2025-03-28T20:05:33.528+0530][gc,task     ] GC(510) Using 2 workers of 2 for evacuation
[2025-03-28T20:05:33.536+0530][gc,phases   ] GC(510)   Pre Evacuate Collection Set: 0.3ms
[2025-03-28T20:05:33.536+0530][gc,phases   ] GC(510)   Merge Heap Roots: 0.1ms
[2025-03-28T20:05:33.536+0530][gc,phases   ] GC(510)   Evacuate Collection Set: 7.0ms
[2025-03-28T20:05:33.536+0530][gc,phases   ] GC(510)   Post Evacuate Collection Set: 0.8ms
[2025-03-28T20:05:33.536+0530][gc,phases   ] GC(510)   Other: 0.2ms
[2025-03-28T20:05:33.536+0530][gc,heap     ] GC(510) Eden regions: 612->0(608)
[2025-03-28T20:05:33.536+0530][gc,heap     ] GC(510) Survivor regions: 2->6(77)
[2025-03-28T20:05:33.536+0530][gc,heap     ] GC(510) Old regions: 58->58
[2025-03-28T20:05:33.536+0530][gc,heap     ] GC(510) Archive regions: 2->2
[2025-03-28T20:05:33.536+0530][gc,heap     ] GC(510) Humongous regions: 159->147
[2025-03-28T20:05:33.536+0530][gc,metaspace] GC(510) Metaspace: 52722K(53376K)->52722K(53376K) NonClass: 46854K(47168K)->46854K(47168K) Class: 5867K(6208K)->5867K(6208K)
[2025-03-28T20:05:33.536+0530][gc          ] GC(510) Pause Young (Normal) (G1 Evacuation Pause) 831M->211M(1024M) 8.515ms
[2025-03-28T20:05:33.536+0530][gc,cpu      ] GC(510) User=0.01s Sys=0.00s Real=0.01s
[2025-03-28T20:05:33.605+0530][gc,start    ] GC(511) Pause Young (Concurrent Start) (G1 Humongous Allocation)
[2025-03-28T20:05:33.606+0530][gc,task     ] GC(511) Using 2 workers of 2 for evacuation
[2025-03-28T20:05:33.613+0530][gc,phases   ] GC(511)   Pre Evacuate Collection Set: 0.3ms
[2025-03-28T20:05:33.613+0530][gc,phases   ] GC(511)   Merge Heap Roots: 0.1ms
[2025-03-28T20:05:33.613+0530][gc,phases   ] GC(511)   Evacuate Collection Set: 6.0ms
[2025-03-28T20:05:33.613+0530][gc,phases   ] GC(511)   Post Evacuate Collection Set: 0.6ms
[2025-03-28T20:05:33.613+0530][gc,phases   ] GC(511)   Other: 0.2ms
[2025-03-28T20:05:33.613+0530][gc,heap     ] GC(511) Eden regions: 29->0(480)
[2025-03-28T20:05:33.613+0530][gc,heap     ] GC(511) Survivor regions: 6->4(77)
[2025-03-28T20:05:33.613+0530][gc,heap     ] GC(511) Old regions: 58->58
[2025-03-28T20:05:33.613+0530][gc,heap     ] GC(511) Archive regions: 2->2
[2025-03-28T20:05:33.613+0530][gc,heap     ] GC(511) Humongous regions: 147->147
[2025-03-28T20:05:33.613+0530][gc,metaspace] GC(511) Metaspace: 52722K(53376K)->52722K(53376K) NonClass: 46854K(47168K)->46854K(47168K) Class: 5867K(6208K)->5867K(6208K)
[2025-03-28T20:05:33.613+0530][gc          ] GC(511) Pause Young (Concurrent Start) (G1 Humongous Allocation) 239M->209M(1024M) 7.215ms
[2025-03-28T20:05:33.613+0530][gc,cpu      ] GC(511) User=0.01s Sys=0.00s Real=0.00s
[2025-03-28T20:05:33.613+0530][gc          ] GC(512) Concurrent Mark Cycle
[2025-03-28T20:05:33.613+0530][gc,marking  ] GC(512) Concurrent Clear Claimed Marks
[2025-03-28T20:05:33.613+0530][gc,marking  ] GC(512) Concurrent Clear Claimed Marks 0.084ms
[2025-03-28T20:05:33.613+0530][gc,marking  ] GC(512) Concurrent Scan Root Regions
[2025-03-28T20:05:33.618+0530][gc,marking  ] GC(512) Concurrent Scan Root Regions 5.461ms
[2025-03-28T20:05:33.618+0530][gc,marking  ] GC(512) Concurrent Mark
[2025-03-28T20:05:33.618+0530][gc,marking  ] GC(512) Concurrent Mark From Roots
[2025-03-28T20:05:33.618+0530][gc,task     ] GC(512) Using 1 workers of 1 for marking
[2025-03-28T20:05:33.677+0530][gc,marking  ] GC(512) Concurrent Mark From Roots 58.657ms
[2025-03-28T20:05:33.677+0530][gc,marking  ] GC(512) Concurrent Preclean
[2025-03-28T20:05:33.677+0530][gc,marking  ] GC(512) Concurrent Preclean 0.125ms
[2025-03-28T20:05:33.677+0530][gc,start    ] GC(512) Pause Remark
[2025-03-28T20:05:33.689+0530][gc          ] GC(512) Pause Remark 251M->251M(1024M) 11.498ms
[2025-03-28T20:05:33.689+0530][gc,cpu      ] GC(512) User=0.02s Sys=0.00s Real=0.01s
[2025-03-28T20:05:33.689+0530][gc,marking  ] GC(512) Concurrent Mark 70.541ms
[2025-03-28T20:05:33.689+0530][gc,marking  ] GC(512) Concurrent Rebuild Remembered Sets
[2025-03-28T20:05:33.719+0530][gc,marking  ] GC(512) Concurrent Rebuild Remembered Sets 29.689ms
[2025-03-28T20:05:33.719+0530][gc,start    ] GC(512) Pause Cleanup
[2025-03-28T20:05:33.719+0530][gc          ] GC(512) Pause Cleanup 251M->251M(1024M) 0.425ms
[2025-03-28T20:05:33.719+0530][gc,cpu      ] GC(512) User=0.00s Sys=0.00s Real=0.01s
[2025-03-28T20:05:33.719+0530][gc,marking  ] GC(512) Concurrent Cleanup for Next Mark
[2025-03-28T20:05:33.721+0530][gc,marking  ] GC(512) Concurrent Cleanup for Next Mark 1.970ms
[2025-03-28T20:05:33.721+0530][gc          ] GC(512) Concurrent Mark Cycle 108.459ms
[2025-03-28T20:05:38.529+0530][gc,start    ] GC(470) Pause Young (Normal) (G1 Evacuation Pause)
[2025-03-28T20:05:38.529+0530][gc,task     ] GC(470) Using 2 workers of 2 for evacuation
[2025-03-28T20:05:38.542+0530][gc,phases   ] GC(470)   Pre Evacuate Collection Set: 0.4ms
[2025-03-28T20:05:38.542+0530][gc,phases   ] GC(470)   Merge Heap Roots: 0.3ms
[2025-03-28T20:05:38.542+0530][gc,phases   ] GC(470)   Evacuate Collection Set: 10.7ms
[2025-03-28T20:05:38.542+0530][gc,phases   ] GC(470)   Post Evacuate Collection Set: 0.6ms
[2025-03-28T20:05:38.542+0530][gc,phases   ] GC(470)   Other: 0.2ms
[2025-03-28T20:05:38.542+0530][gc,heap     ] GC(470) Eden regions: 268->0(271)
[2025-03-28T20:05:38.542+0530][gc,heap     ] GC(470) Survivor regions: 4->6(34)
[2025-03-28T20:05:38.542+0530][gc,heap     ] GC(470) Old regions: 92->92
[2025-03-28T20:05:38.542+0530][gc,heap     ] GC(470) Archive regions: 2->2
[2025-03-28T20:05:38.542+0530][gc,heap     ] GC(470) Humongous regions: 153->147
[2025-03-28T20:05:38.542+0530][gc,metaspace] GC(470) Metaspace: 52855K(53568K)->52855K(53568K) NonClass: 46947K(47296K)->46947K(47296K) Class: 5908K(6272K)->5908K(6272K)
[2025-03-28T20:05:38.542+0530][gc          ] GC(470) Pause Young (Normal) (G1 Evacuation Pause) 517M->244M(1024M) 12.383ms
[2025-03-28T20:05:38.542+0530][gc,cpu      ] GC(470) User=0.02s Sys=0.01s Real=0.01s
[2025-03-28T20:05:48.646+0530][gc,start    ] GC(471) Pause Young (Normal) (G1 Evacuation Pause)
[2025-03-28T20:05:48.646+0530][gc,task     ] GC(471) Using 2 workers of 2 for evacuation
[2025-03-28T20:05:48.671+0530][gc,mmu      ] GC(471) MMU target violated: 21.0ms (20.0ms/21.0ms)
[2025-03-28T20:05:48.671+0530][gc,phases   ] GC(471)   Pre Evacuate Collection Set: 0.2ms
[2025-03-28T20:05:48.671+0530][gc,phases   ] GC(471)   Merge Heap Roots: 0.2ms
[2025-03-28T20:05:48.671+0530][gc,phases   ] GC(471)   Evacuate Collection Set: 24.0ms
[2025-03-28T20:05:48.671+0530][gc,phases   ] GC(471)   Post Evacuate Collection Set: 0.7ms
[2025-03-28T20:05:48.671+0530][gc,phases   ] GC(471)   Other: 0.2ms
[2025-03-28T20:05:48.671+0530][gc,heap     ] GC(471) Eden regions: 271->0(209)
[2025-03-28T20:05:48.671+0530][gc,heap     ] GC(471) Survivor regions: 6->5(35)
[2025-03-28T20:05:48.671+0530][gc,heap     ] GC(471) Old regions: 92->92
[2025-03-28T20:05:48.671+0530][gc,heap     ] GC(471) Archive regions: 2->2
[2025-03-28T20:05:48.671+0530][gc,heap     ] GC(471) Humongous regions: 153->149
[2025-03-28T20:05:48.671+0530][gc,metaspace] GC(471) Metaspace: 52856K(53568K)->52856K(53568K) NonClass: 46948K(47296K)->46948K(47296K) Class: 5908K(6272K)->5908K(6272K)
[2025-03-28T20:05:48.671+0530][gc          ] GC(471) Pause Young (Normal) (G1 Evacuation Pause) 521M->246M(1024M) 25.247ms
[2025-03-28T20:05:48.671+0530][gc,cpu      ] GC(471) User=0.03s Sys=0.01s Real=0.03s
[2025-03-28T20:05:58.832+0530][gc,start    ] GC(472) Pause Young (Normal) (G1 Evacuation Pause)
[2025-03-28T20:05:58.832+0530][gc,task     ] GC(472) Using 2 workers of 2 for evacuation
[2025-03-28T20:05:58.879+0530][gc,mmu      ] GC(472) MMU target violated: 21.0ms (20.0ms/21.0ms)
[2025-03-28T20:05:58.879+0530][gc,phases   ] GC(472)   Pre Evacuate Collection Set: 0.2ms
[2025-03-28T20:05:58.879+0530][gc,phases   ] GC(472)   Merge Heap Roots: 0.3ms
[2025-03-28T20:05:58.879+0530][gc,phases   ] GC(472)   Evacuate Collection Set: 45.3ms
[2025-03-28T20:05:58.879+0530][gc,phases   ] GC(472)   Post Evacuate Collection Set: 0.6ms
[2025-03-28T20:05:58.879+0530][gc,phases   ] GC(472)   Other: 0.2ms
[2025-03-28T20:05:58.879+0530][gc,heap     ] GC(472) Eden regions: 209->0(65)
[2025-03-28T20:05:58.879+0530][gc,heap     ] GC(472) Survivor regions: 5->5(27)
[2025-03-28T20:05:58.879+0530][gc,heap     ] GC(472) Old regions: 92->92
[2025-03-28T20:05:58.879+0530][gc,heap     ] GC(472) Archive regions: 2->2
[2025-03-28T20:05:58.879+0530][gc,heap     ] GC(472) Humongous regions: 153->149
[2025-03-28T20:05:58.879+0530][gc,metaspace] GC(472) Metaspace: 52856K(53568K)->52856K(53568K) NonClass: 46948K(47296K)->46948K(47296K) Class: 5908K(6272K)->5908K(6272K)
[2025-03-28T20:05:58.879+0530][gc          ] GC(472) Pause Young (Normal) (G1 Evacuation Pause) 459M->245M(1024M) 46.701ms
[2025-03-28T20:05:58.879+0530][gc,cpu      ] GC(472) User=0.02s Sys=0.00s Real=0.05s
[2025-03-28T20:05:59.631+0530][gc,start    ] GC(473) Pause Young (Normal) (G1 Evacuation Pause)
[2025-03-28T20:05:59.631+0530][gc,task     ] GC(473) Using 2 workers of 2 for evacuation
[2025-03-28T20:05:59.662+0530][gc,mmu      ] GC(473) MMU target violated: 21.0ms (20.0ms/21.0ms)
[2025-03-28T20:05:59.662+0530][gc,phases   ] GC(473)   Pre Evacuate Collection Set: 0.3ms
[2025-03-28T20:05:59.662+0530][gc,phases   ] GC(473)   Merge Heap Roots: 0.2ms
[2025-03-28T20:05:59.662+0530][gc,phases   ] GC(473)   Evacuate Collection Set: 29.3ms
[2025-03-28T20:05:59.662+0530][gc,phases   ] GC(473)   Post Evacuate Collection Set: 0.7ms
[2025-03-28T20:05:59.662+0530][gc,phases   ] GC(473)   Other: 0.4ms
[2025-03-28T20:05:59.662+0530][gc,heap     ] GC(473) Eden regions: 65->0(45)
[2025-03-28T20:05:59.662+0530][gc,heap     ] GC(473) Survivor regions: 5->6(9)
[2025-03-28T20:05:59.662+0530][gc,heap     ] GC(473) Old regions: 92->92
[2025-03-28T20:05:59.662+0530][gc,heap     ] GC(473) Archive regions: 2->2
[2025-03-28T20:05:59.662+0530][gc,heap     ] GC(473) Humongous regions: 149->147
[2025-03-28T20:05:59.662+0530][gc,metaspace] GC(473) Metaspace: 52856K(53568K)->52856K(53568K) NonClass: 46948K(47296K)->46948K(47296K) Class: 5908K(6272K)->5908K(6272K)
[2025-03-28T20:05:59.662+0530][gc          ] GC(473) Pause Young (Normal) (G1 Evacuation Pause) 310M->245M(1024M) 30.735ms
[2025-03-28T20:05:59.662+0530][gc,cpu      ] GC(473) User=0.02s Sys=0.00s Real=0.04s
[2025-03-28T20:05:59.745+0530][gc,start    ] GC(474) Pause Young (Normal) (G1 Evacuation Pause)
[2025-03-28T20:05:59.745+0530][gc,task     ] GC(474) Using 2 workers of 2 for evacuation
[2025-03-28T20:05:59.772+0530][gc,mmu      ] GC(474) MMU target violated: 21.0ms (20.0ms/21.0ms)
[2025-03-28T20:05:59.772+0530][gc,phases   ] GC(474)   Pre Evacuate Collection Set: 0.4ms
[2025-03-28T20:05:59.772+0530][gc,phases   ] GC(474)   Merge Heap Roots: 0.3ms
[2025-03-28T20:05:59.772+0530][gc,phases   ] GC(474)   Evacuate Collection Set: 26.1ms
[2025-03-28T20:05:59.772+0530][gc,phases   ] GC(474)   Post Evacuate Collection Set: 0.4ms
[2025-03-28T20:05:59.772+0530][gc,phases   ] GC(474)   Other: 0.2ms
[2025-03-28T20:05:59.772+0530][gc,heap     ] GC(474) Eden regions: 45->0(49)
[2025-03-28T20:05:59.772+0530][gc,heap     ] GC(474) Survivor regions: 6->3(7)
[2025-03-28T20:05:59.772+0530][gc,heap     ] GC(474) Old regions: 92->94
[2025-03-28T20:05:59.772+0530][gc,heap     ] GC(474) Archive regions: 2->2
[2025-03-28T20:05:59.772+0530][gc,heap     ] GC(474) Humongous regions: 149->149
[2025-03-28T20:05:59.772+0530][gc,metaspace] GC(474) Metaspace: 52856K(53568K)->52856K(53568K) NonClass: 46948K(47296K)->46948K(47296K) Class: 5908K(6272K)->5908K(6272K)
[2025-03-28T20:05:59.772+0530][gc          ] GC(474) Pause Young (Normal) (G1 Evacuation Pause) 292M->246M(1024M) 27.486ms
[2025-03-28T20:05:59.772+0530][gc,cpu      ] GC(474) User=0.02s Sys=0.00s Real=0.02s
[2025-03-28T20:06:02.465+0530][gc,start    ] GC(513) Pause Young (Prepare Mixed) (G1 Evacuation Pause)
[2025-03-28T20:06:02.465+0530][gc,task     ] GC(513) Using 2 workers of 2 for evacuation
[2025-03-28T20:06:02.502+0530][gc,mmu      ] GC(513) MMU target violated: 21.0ms (20.0ms/21.0ms)
[2025-03-28T20:06:02.502+0530][gc,phases   ] GC(513)   Pre Evacuate Collection Set: 0.3ms
[2025-03-28T20:06:02.502+0530][gc,phases   ] GC(513)   Merge Heap Roots: 0.4ms
[2025-03-28T20:06:02.502+0530][gc,phases   ] GC(513)   Evacuate Collection Set: 35.0ms
[2025-03-28T20:06:02.502+0530][gc,phases   ] GC(513)   Post Evacuate Collection Set: 0.8ms
[2025-03-28T20:06:02.502+0530][gc,phases   ] GC(513)   Other: 0.3ms
[2025-03-28T20:06:02.502+0530][gc,heap     ] GC(513) Eden regions: 535->0(42)
[2025-03-28T20:06:02.502+0530][gc,heap     ] GC(513) Survivor regions: 4->9(68)
[2025-03-28T20:06:02.502+0530][gc,heap     ] GC(513) Old regions: 58->58
[2025-03-28T20:06:02.502+0530][gc,heap     ] GC(513) Archive regions: 2->2
[2025-03-28T20:06:02.502+0530][gc,heap     ] GC(513) Humongous regions: 157->147
[2025-03-28T20:06:02.502+0530][gc,metaspace] GC(513) Metaspace: 52722K(53376K)->52722K(53376K) NonClass: 46854K(47168K)->46854K(47168K) Class: 5867K(6208K)->5867K(6208K)
[2025-03-28T20:06:02.502+0530][gc          ] GC(513) Pause Young (Prepare Mixed) (G1 Evacuation Pause) 754M->214M(1024M) 36.882ms
[2025-03-28T20:06:02.502+0530][gc,cpu      ] GC(513) User=0.04s Sys=0.00s Real=0.04s
[2025-03-28T20:06:02.606+0530][gc,start    ] GC(514) Pause Young (Mixed) (G1 Evacuation Pause)
[2025-03-28T20:06:02.606+0530][gc,task     ] GC(514) Using 2 workers of 2 for evacuation
[2025-03-28T20:06:02.635+0530][gc,mmu      ] GC(514) MMU target violated: 21.0ms (20.0ms/21.0ms)
[2025-03-28T20:06:02.635+0530][gc,phases   ] GC(514)   Pre Evacuate Collection Set: 0.2ms
[2025-03-28T20:06:02.635+0530][gc,phases   ] GC(514)   Merge Heap Roots: 0.1ms
[2025-03-28T20:06:02.635+0530][gc,phases   ] GC(514)   Evacuate Collection Set: 27.8ms
[2025-03-28T20:06:02.635+0530][gc,phases   ] GC(514)   Post Evacuate Collection Set: 0.7ms
[2025-03-28T20:06:02.635+0530][gc,phases   ] GC(514)   Other: 0.3ms
[2025-03-28T20:06:02.635+0530][gc,heap     ] GC(514) Eden regions: 42->0(141)
[2025-03-28T20:06:02.635+0530][gc,heap     ] GC(514) Survivor regions: 9->2(7)
[2025-03-28T20:06:02.635+0530][gc,heap     ] GC(514) Old regions: 58->57
[2025-03-28T20:06:02.635+0530][gc,heap     ] GC(514) Archive regions: 2->2
[2025-03-28T20:06:02.635+0530][gc,heap     ] GC(514) Humongous regions: 149->149
[2025-03-28T20:06:02.635+0530][gc,metaspace] GC(514) Metaspace: 52722K(53376K)->52722K(53376K) NonClass: 46854K(47168K)->46854K(47168K) Class: 5867K(6208K)->5867K(6208K)
[2025-03-28T20:06:02.635+0530][gc          ] GC(514) Pause Young (Mixed) (G1 Evacuation Pause) 258M->207M(1024M) 29.269ms
[2025-03-28T20:06:02.635+0530][gc,cpu      ] GC(514) User=0.03s Sys=0.00s Real=0.03s
[2025-03-28T20:06:08.543+0530][gc,start    ] GC(475) Pause Young (Normal) (G1 Evacuation Pause)
[2025-03-28T20:06:08.543+0530][gc,task     ] GC(475) Using 2 workers of 2 for evacuation
[2025-03-28T20:06:08.554+0530][gc,phases   ] GC(475)   Pre Evacuate Collection Set: 1.3ms
[2025-03-28T20:06:08.554+0530][gc,phases   ] GC(475)   Merge Heap Roots: 0.1ms
[2025-03-28T20:06:08.554+0530][gc,phases   ] GC(475)   Evacuate Collection Set: 9.1ms
[2025-03-28T20:06:08.554+0530][gc,phases   ] GC(475)   Post Evacuate Collection Set: 0.4ms
[2025-03-28T20:06:08.554+0530][gc,phases   ] GC(475)   Other: 0.2ms
[2025-03-28T20:06:08.554+0530][gc,heap     ] GC(475) Eden regions: 49->0(177)
[2025-03-28T20:06:08.554+0530][gc,heap     ] GC(475) Survivor regions: 3->2(7)
[2025-03-28T20:06:08.554+0530][gc,heap     ] GC(475) Old regions: 94->94
[2025-03-28T20:06:08.554+0530][gc,heap     ] GC(475) Archive regions: 2->2
[2025-03-28T20:06:08.554+0530][gc,heap     ] GC(475) Humongous regions: 149->147
[2025-03-28T20:06:08.554+0530][gc,metaspace] GC(475) Metaspace: 52857K(53568K)->52857K(53568K) NonClass: 46949K(47296K)->46949K(47296K) Class: 5908K(6272K)->5908K(6272K)
[2025-03-28T20:06:08.554+0530][gc          ] GC(475) Pause Young (Normal) (G1 Evacuation Pause) 295M->243M(1024M) 11.173ms
[2025-03-28T20:06:08.554+0530][gc,cpu      ] GC(475) User=0.01s Sys=0.00s Real=0.01s
[2025-03-28T20:06:09.759+0530][gc,start    ] GC(476) Pause Young (Normal) (G1 Evacuation Pause)
[2025-03-28T20:06:09.759+0530][gc,task     ] GC(476) Using 2 workers of 2 for evacuation
[2025-03-28T20:06:09.766+0530][gc,phases   ] GC(476)   Pre Evacuate Collection Set: 0.2ms
[2025-03-28T20:06:09.766+0530][gc,phases   ] GC(476)   Merge Heap Roots: 0.1ms
[2025-03-28T20:06:09.766+0530][gc,phases   ] GC(476)   Evacuate Collection Set: 5.6ms
[2025-03-28T20:06:09.766+0530][gc,phases   ] GC(476)   Post Evacuate Collection Set: 0.7ms
[2025-03-28T20:06:09.766+0530][gc,phases   ] GC(476)   Other: 0.1ms
[2025-03-28T20:06:09.766+0530][gc,heap     ] GC(476) Eden regions: 177->0(268)
[2025-03-28T20:06:09.766+0530][gc,heap     ] GC(476) Survivor regions: 2->3(23)
[2025-03-28T20:06:09.766+0530][gc,heap     ] GC(476) Old regions: 94->94
[2025-03-28T20:06:09.766+0530][gc,heap     ] GC(476) Archive regions: 2->2
[2025-03-28T20:06:09.766+0530][gc,heap     ] GC(476) Humongous regions: 151->149
[2025-03-28T20:06:09.766+0530][gc,metaspace] GC(476) Metaspace: 52857K(53568K)->52857K(53568K) NonClass: 46949K(47296K)->46949K(47296K) Class: 5908K(6272K)->5908K(6272K)
[2025-03-28T20:06:09.766+0530][gc          ] GC(476) Pause Young (Normal) (G1 Evacuation Pause) 424M->246M(1024M) 6.948ms
[2025-03-28T20:06:09.766+0530][gc,cpu      ] GC(476) User=0.01s Sys=0.00s Real=0.01s
[2025-03-28T20:06:12.427+0530][gc,start    ] GC(515) Pause Young (Normal) (G1 Evacuation Pause)
[2025-03-28T20:06:12.427+0530][gc,task     ] GC(515) Using 2 workers of 2 for evacuation
[2025-03-28T20:06:12.438+0530][gc,phases   ] GC(515)   Pre Evacuate Collection Set: 0.3ms
[2025-03-28T20:06:12.438+0530][gc,phases   ] GC(515)   Merge Heap Roots: 0.1ms
[2025-03-28T20:06:12.438+0530][gc,phases   ] GC(515)   Evacuate Collection Set: 10.4ms
[2025-03-28T20:06:12.438+0530][gc,phases   ] GC(515)   Post Evacuate Collection Set: 0.7ms
[2025-03-28T20:06:12.438+0530][gc,phases   ] GC(515)   Other: 0.2ms
[2025-03-28T20:06:12.438+0530][gc,heap     ] GC(515) Eden regions: 141->0(196)
[2025-03-28T20:06:12.438+0530][gc,heap     ] GC(515) Survivor regions: 2->4(18)
[2025-03-28T20:06:12.438+0530][gc,heap     ] GC(515) Old regions: 57->57
[2025-03-28T20:06:12.438+0530][gc,heap     ] GC(515) Archive regions: 2->2
[2025-03-28T20:06:12.438+0530][gc,heap     ] GC(515) Humongous regions: 151->147
[2025-03-28T20:06:12.438+0530][gc,metaspace] GC(515) Metaspace: 52722K(53376K)->52722K(53376K) NonClass: 46855K(47168K)->46855K(47168K) Class: 5867K(6208K)->5867K(6208K)
[2025-03-28T20:06:12.438+0530][gc          ] GC(515) Pause Young (Normal) (G1 Evacuation Pause) 350M->207M(1024M) 11.824ms
[2025-03-28T20:06:12.438+0530][gc,cpu      ] GC(515) User=0.01s Sys=0.00s Real=0.01s
[2025-03-28T20:06:19.906+0530][gc,start    ] GC(516) Pause Young (Normal) (G1 Evacuation Pause)
[2025-03-28T20:06:19.906+0530][gc,task     ] GC(516) Using 2 workers of 2 for evacuation
[2025-03-28T20:06:19.911+0530][gc,phases   ] GC(516)   Pre Evacuate Collection Set: 0.2ms
[2025-03-28T20:06:19.911+0530][gc,phases   ] GC(516)   Merge Heap Roots: 0.1ms
[2025-03-28T20:06:19.911+0530][gc,phases   ] GC(516)   Evacuate Collection Set: 4.1ms
[2025-03-28T20:06:19.911+0530][gc,phases   ] GC(516)   Post Evacuate Collection Set: 0.6ms
[2025-03-28T20:06:19.911+0530][gc,phases   ] GC(516)   Other: 0.1ms
[2025-03-28T20:06:19.911+0530][gc,heap     ] GC(516) Eden regions: 196->0(474)
[2025-03-28T20:06:19.911+0530][gc,heap     ] GC(516) Survivor regions: 4->2(25)
[2025-03-28T20:06:19.911+0530][gc,heap     ] GC(516) Old regions: 57->57
[2025-03-28T20:06:19.911+0530][gc,heap     ] GC(516) Archive regions: 2->2
[2025-03-28T20:06:19.911+0530][gc,heap     ] GC(516) Humongous regions: 151->147
[2025-03-28T20:06:19.911+0530][gc,metaspace] GC(516) Metaspace: 52722K(53376K)->52722K(53376K) NonClass: 46855K(47168K)->46855K(47168K) Class: 5867K(6208K)->5867K(6208K)
[2025-03-28T20:06:19.911+0530][gc          ] GC(516) Pause Young (Normal) (G1 Evacuation Pause) 407M->205M(1024M) 5.192ms
[2025-03-28T20:06:19.911+0530][gc,cpu      ] GC(516) User=0.01s Sys=0.00s Real=0.00s
[2025-03-28T20:06:28.532+0530][gc,start    ] GC(477) Pause Young (Normal) (G1 Evacuation Pause)
[2025-03-28T20:06:28.532+0530][gc,task     ] GC(477) Using 2 workers of 2 for evacuation
[2025-03-28T20:06:28.553+0530][gc,mmu      ] GC(477) MMU target violated: 21.0ms (20.0ms/21.0ms)
[2025-03-28T20:06:28.554+0530][gc,phases   ] GC(477)   Pre Evacuate Collection Set: 0.4ms
[2025-03-28T20:06:28.554+0530][gc,phases   ] GC(477)   Merge Heap Roots: 0.1ms
[2025-03-28T20:06:28.554+0530][gc,phases   ] GC(477)   Evacuate Collection Set: 20.3ms
[2025-03-28T20:06:28.554+0530][gc,phases   ] GC(477)   Post Evacuate Collection Set: 0.5ms
[2025-03-28T20:06:28.554+0530][gc,phases   ] GC(477)   Other: 0.2ms
[2025-03-28T20:06:28.554+0530][gc,heap     ] GC(477) Eden regions: 268->0(418)
[2025-03-28T20:06:28.554+0530][gc,heap     ] GC(477) Survivor regions: 3->4(34)
[2025-03-28T20:06:28.554+0530][gc,heap     ] GC(477) Old regions: 94->94
[2025-03-28T20:06:28.554+0530][gc,heap     ] GC(477) Archive regions: 2->2
[2025-03-28T20:06:28.554+0530][gc,heap     ] GC(477) Humongous regions: 153->147
[2025-03-28T20:06:28.554+0530][gc,metaspace] GC(477) Metaspace: 52858K(53568K)->52858K(53568K) NonClass: 46949K(47296K)->46949K(47296K) Class: 5908K(6272K)->5908K(6272K)
[2025-03-28T20:06:28.554+0530][gc          ] GC(477) Pause Young (Normal) (G1 Evacuation Pause) 518M->244M(1024M) 21.636ms
[2025-03-28T20:06:28.554+0530][gc,cpu      ] GC(477) User=0.02s Sys=0.01s Real=0.03s
[2025-03-28T20:06:41.408+0530][gc,start    ] GC(478) Pause Young (Normal) (G1 Evacuation Pause)
[2025-03-28T20:06:41.408+0530][gc,task     ] GC(478) Using 2 workers of 2 for evacuation
[2025-03-28T20:06:41.451+0530][gc,mmu      ] GC(478) MMU target violated: 21.0ms (20.0ms/21.0ms)
[2025-03-28T20:06:41.451+0530][gc,phases   ] GC(478)   Pre Evacuate Collection Set: 0.7ms
[2025-03-28T20:06:41.451+0530][gc,phases   ] GC(478)   Merge Heap Roots: 0.6ms
[2025-03-28T20:06:41.451+0530][gc,phases   ] GC(478)   Evacuate Collection Set: 36.9ms
[2025-03-28T20:06:41.451+0530][gc,phases   ] GC(478)   Post Evacuate Collection Set: 4.2ms
[2025-03-28T20:06:41.451+0530][gc,phases   ] GC(478)   Other: 1.0ms
[2025-03-28T20:06:41.451+0530][gc,heap     ] GC(478) Eden regions: 418->0(54)
[2025-03-28T20:06:41.451+0530][gc,heap     ] GC(478) Survivor regions: 4->2(53)
[2025-03-28T20:06:41.452+0530][gc,heap     ] GC(478) Old regions: 94->94
[2025-03-28T20:06:41.452+0530][gc,heap     ] GC(478) Archive regions: 2->2
[2025-03-28T20:06:41.452+0530][gc,heap     ] GC(478) Humongous regions: 155->147
[2025-03-28T20:06:41.452+0530][gc,metaspace] GC(478) Metaspace: 52858K(53568K)->52858K(53568K) NonClass: 46949K(47296K)->46949K(47296K) Class: 5908K(6272K)->5908K(6272K)
[2025-03-28T20:06:41.452+0530][gc          ] GC(478) Pause Young (Normal) (G1 Evacuation Pause) 670M->243M(1024M) 43.886ms
[2025-03-28T20:06:41.452+0530][gc,cpu      ] GC(478) User=0.07s Sys=0.00s Real=0.04s
[2025-03-28T20:06:42.417+0530][gc,start    ] GC(517) Pause Young (Normal) (G1 Evacuation Pause)
[2025-03-28T20:06:42.417+0530][gc,task     ] GC(517) Using 2 workers of 2 for evacuation
[2025-03-28T20:06:42.426+0530][gc,phases   ] GC(517)   Pre Evacuate Collection Set: 0.2ms
[2025-03-28T20:06:42.426+0530][gc,phases   ] GC(517)   Merge Heap Roots: 0.1ms
[2025-03-28T20:06:42.426+0530][gc,phases   ] GC(517)   Evacuate Collection Set: 7.3ms
[2025-03-28T20:06:42.426+0530][gc,phases   ] GC(517)   Post Evacuate Collection Set: 0.7ms
[2025-03-28T20:06:42.426+0530][gc,phases   ] GC(517)   Other: 0.1ms
[2025-03-28T20:06:42.426+0530][gc,heap     ] GC(517) Eden regions: 474->0(344)
[2025-03-28T20:06:42.426+0530][gc,heap     ] GC(517) Survivor regions: 2->7(60)
[2025-03-28T20:06:42.426+0530][gc,heap     ] GC(517) Old regions: 57->57
[2025-03-28T20:06:42.426+0530][gc,heap     ] GC(517) Archive regions: 2->2
[2025-03-28T20:06:42.426+0530][gc,heap     ] GC(517) Humongous regions: 155->147
[2025-03-28T20:06:42.426+0530][gc,metaspace] GC(517) Metaspace: 52722K(53376K)->52722K(53376K) NonClass: 46855K(47168K)->46855K(47168K) Class: 5867K(6208K)->5867K(6208K)
[2025-03-28T20:06:42.426+0530][gc          ] GC(517) Pause Young (Normal) (G1 Evacuation Pause) 687M->210M(1024M) 8.586ms
[2025-03-28T20:06:42.426+0530][gc,cpu      ] GC(517) User=0.01s Sys=0.00s Real=0.00s
[2025-03-28T20:06:48.201+0530][gc,start    ] GC(479) Pause Young (Normal) (G1 Evacuation Pause)
[2025-03-28T20:06:48.201+0530][gc,task     ] GC(479) Using 2 workers of 2 for evacuation
[2025-03-28T20:06:48.224+0530][gc,mmu      ] GC(479) MMU target violated: 21.0ms (20.0ms/21.0ms)
[2025-03-28T20:06:48.224+0530][gc,phases   ] GC(479)   Pre Evacuate Collection Set: 0.4ms
[2025-03-28T20:06:48.224+0530][gc,phases   ] GC(479)   Merge Heap Roots: 0.3ms
[2025-03-28T20:06:48.224+0530][gc,phases   ] GC(479)   Evacuate Collection Set: 21.1ms
[2025-03-28T20:06:48.224+0530][gc,phases   ] GC(479)   Post Evacuate Collection Set: 0.9ms
[2025-03-28T20:06:48.224+0530][gc,phases   ] GC(479)   Other: 0.2ms
[2025-03-28T20:06:48.224+0530][gc,heap     ] GC(479) Eden regions: 54->0(44)
[2025-03-28T20:06:48.224+0530][gc,heap     ] GC(479) Survivor regions: 2->7(7)
[2025-03-28T20:06:48.224+0530][gc,heap     ] GC(479) Old regions: 94->95
[2025-03-28T20:06:48.224+0530][gc,heap     ] GC(479) Archive regions: 2->2
[2025-03-28T20:06:48.224+0530][gc,heap     ] GC(479) Humongous regions: 147->147
[2025-03-28T20:06:48.224+0530][gc,metaspace] GC(479) Metaspace: 52858K(53568K)->52858K(53568K) NonClass: 46949K(47296K)->46949K(47296K) Class: 5908K(6272K)->5908K(6272K)
[2025-03-28T20:06:48.224+0530][gc          ] GC(479) Pause Young (Normal) (G1 Evacuation Pause) 297M->248M(1024M) 22.828ms
[2025-03-28T20:06:48.224+0530][gc,cpu      ] GC(479) User=0.02s Sys=0.00s Real=0.02s
[2025-03-28T20:06:48.302+0530][gc,start    ] GC(480) Pause Young (Normal) (G1 Evacuation Pause)
[2025-03-28T20:06:48.302+0530][gc,task     ] GC(480) Using 2 workers of 2 for evacuation
[2025-03-28T20:06:48.334+0530][gc,mmu      ] GC(480) MMU target violated: 21.0ms (20.0ms/21.0ms)
[2025-03-28T20:06:48.334+0530][gc,phases   ] GC(480)   Pre Evacuate Collection Set: 0.3ms
[2025-03-28T20:06:48.334+0530][gc,phases   ] GC(480)   Merge Heap Roots: 0.3ms
[2025-03-28T20:06:48.334+0530][gc,phases   ] GC(480)   Evacuate Collection Set: 30.1ms
[2025-03-28T20:06:48.334+0530][gc,phases   ] GC(480)   Post Evacuate Collection Set: 0.8ms
[2025-03-28T20:06:48.334+0530][gc,phases   ] GC(480)   Other: 0.3ms
[2025-03-28T20:06:48.334+0530][gc,heap     ] GC(480) Eden regions: 44->0(49)
[2025-03-28T20:06:48.334+0530][gc,heap     ] GC(480) Survivor regions: 7->2(7)
[2025-03-28T20:06:48.334+0530][gc,heap     ] GC(480) Old regions: 95->97
[2025-03-28T20:06:48.334+0530][gc,heap     ] GC(480) Archive regions: 2->2
[2025-03-28T20:06:48.334+0530][gc,heap     ] GC(480) Humongous regions: 149->149
[2025-03-28T20:06:48.334+0530][gc,metaspace] GC(480) Metaspace: 52858K(53568K)->52858K(53568K) NonClass: 46949K(47296K)->46949K(47296K) Class: 5908K(6272K)->5908K(6272K)
[2025-03-28T20:06:48.334+0530][gc          ] GC(480) Pause Young (Normal) (G1 Evacuation Pause) 294M->247M(1024M) 32.024ms
[2025-03-28T20:06:48.334+0530][gc,cpu      ] GC(480) User=0.02s Sys=0.00s Real=0.03s
[2025-03-28T20:06:49.674+0530][gc,start    ] GC(481) Pause Young (Normal) (G1 Evacuation Pause)
[2025-03-28T20:06:49.674+0530][gc,task     ] GC(481) Using 2 workers of 2 for evacuation
[2025-03-28T20:06:49.681+0530][gc,phases   ] GC(481)   Pre Evacuate Collection Set: 0.3ms
[2025-03-28T20:06:49.681+0530][gc,phases   ] GC(481)   Merge Heap Roots: 0.1ms
[2025-03-28T20:06:49.681+0530][gc,phases   ] GC(481)   Evacuate Collection Set: 5.7ms
[2025-03-28T20:06:49.681+0530][gc,phases   ] GC(481)   Post Evacuate Collection Set: 0.4ms
[2025-03-28T20:06:49.681+0530][gc,phases   ] GC(481)   Other: 0.1ms
[2025-03-28T20:06:49.681+0530][gc,heap     ] GC(481) Eden regions: 49->0(46)
[2025-03-28T20:06:49.681+0530][gc,heap     ] GC(481) Survivor regions: 2->5(7)
[2025-03-28T20:06:49.681+0530][gc,heap     ] GC(481) Old regions: 97->97
[2025-03-28T20:06:49.681+0530][gc,heap     ] GC(481) Archive regions: 2->2
[2025-03-28T20:06:49.681+0530][gc,heap     ] GC(481) Humongous regions: 149->147
[2025-03-28T20:06:49.681+0530][gc,metaspace] GC(481) Metaspace: 52858K(53568K)->52858K(53568K) NonClass: 46949K(47296K)->46949K(47296K) Class: 5908K(6272K)->5908K(6272K)
[2025-03-28T20:06:49.681+0530][gc          ] GC(481) Pause Young (Normal) (G1 Evacuation Pause) 296M->248M(1024M) 6.800ms
[2025-03-28T20:06:49.681+0530][gc,cpu      ] GC(481) User=0.01s Sys=0.00s Real=0.01s
[2025-03-28T20:06:49.763+0530][gc,start    ] GC(482) Pause Young (Normal) (G1 Evacuation Pause)
[2025-03-28T20:06:49.763+0530][gc,task     ] GC(482) Using 2 workers of 2 for evacuation
[2025-03-28T20:06:49.779+0530][gc,phases   ] GC(482)   Pre Evacuate Collection Set: 0.4ms
[2025-03-28T20:06:49.779+0530][gc,phases   ] GC(482)   Merge Heap Roots: 0.1ms
[2025-03-28T20:06:49.779+0530][gc,phases   ] GC(482)   Evacuate Collection Set: 15.0ms
[2025-03-28T20:06:49.779+0530][gc,phases   ] GC(482)   Post Evacuate Collection Set: 0.5ms
[2025-03-28T20:06:49.779+0530][gc,phases   ] GC(482)   Other: 0.7ms
[2025-03-28T20:06:49.779+0530][gc,heap     ] GC(482) Eden regions: 46->0(49)
[2025-03-28T20:06:49.779+0530][gc,heap     ] GC(482) Survivor regions: 5->2(7)
[2025-03-28T20:06:49.779+0530][gc,heap     ] GC(482) Old regions: 97->98
[2025-03-28T20:06:49.779+0530][gc,heap     ] GC(482) Archive regions: 2->2
[2025-03-28T20:06:49.779+0530][gc,heap     ] GC(482) Humongous regions: 149->149
[2025-03-28T20:06:49.779+0530][gc,metaspace] GC(482) Metaspace: 52858K(53568K)->52858K(53568K) NonClass: 46949K(47296K)->46949K(47296K) Class: 5908K(6272K)->5908K(6272K)
[2025-03-28T20:06:49.780+0530][gc          ] GC(482) Pause Young (Normal) (G1 Evacuation Pause) 296M->249M(1024M) 16.743ms
[2025-03-28T20:06:49.780+0530][gc,cpu      ] GC(482) User=0.00s Sys=0.00s Real=0.03s
[2025-03-28T20:06:53.600+0530][gc,start    ] GC(518) Pause Young (Normal) (G1 Evacuation Pause)
[2025-03-28T20:06:53.600+0530][gc,task     ] GC(518) Using 2 workers of 2 for evacuation
[2025-03-28T20:06:53.612+0530][gc,phases   ] GC(518)   Pre Evacuate Collection Set: 0.2ms
[2025-03-28T20:06:53.612+0530][gc,phases   ] GC(518)   Merge Heap Roots: 0.1ms
[2025-03-28T20:06:53.612+0530][gc,phases   ] GC(518)   Evacuate Collection Set: 10.3ms
[2025-03-28T20:06:53.612+0530][gc,phases   ] GC(518)   Post Evacuate Collection Set: 1.0ms
[2025-03-28T20:06:53.612+0530][gc,phases   ] GC(518)   Other: 0.2ms
[2025-03-28T20:06:53.612+0530][gc,heap     ] GC(518) Eden regions: 344->0(179)
[2025-03-28T20:06:53.612+0530][gc,heap     ] GC(518) Survivor regions: 7->10(44)
[2025-03-28T20:06:53.612+0530][gc,heap     ] GC(518) Old regions: 57->57
[2025-03-28T20:06:53.612+0530][gc,heap     ] GC(518) Archive regions: 2->2
[2025-03-28T20:06:53.612+0530][gc,heap     ] GC(518) Humongous regions: 153->147
[2025-03-28T20:06:53.612+0530][gc,metaspace] GC(518) Metaspace: 52722K(53376K)->52722K(53376K) NonClass: 46855K(47168K)->46855K(47168K) Class: 5867K(6208K)->5867K(6208K)
[2025-03-28T20:06:53.612+0530][gc          ] GC(518) Pause Young (Normal) (G1 Evacuation Pause) 560M->213M(1024M) 11.831ms
[2025-03-28T20:06:53.612+0530][gc,cpu      ] GC(518) User=0.02s Sys=0.01s Real=0.01s
[2025-03-28T20:06:58.610+0530][gc,start    ] GC(483) Pause Young (Normal) (G1 Evacuation Pause)
[2025-03-28T20:06:58.610+0530][gc,task     ] GC(483) Using 2 workers of 2 for evacuation
[2025-03-28T20:06:58.626+0530][gc,phases   ] GC(483)   Pre Evacuate Collection Set: 3.9ms
[2025-03-28T20:06:58.626+0530][gc,phases   ] GC(483)   Merge Heap Roots: 0.1ms
[2025-03-28T20:06:58.626+0530][gc,phases   ] GC(483)   Evacuate Collection Set: 10.1ms
[2025-03-28T20:06:58.626+0530][gc,phases   ] GC(483)   Post Evacuate Collection Set: 1.1ms
[2025-03-28T20:06:58.626+0530][gc,phases   ] GC(483)   Other: 0.2ms
[2025-03-28T20:06:58.626+0530][gc,heap     ] GC(483) Eden regions: 49->0(48)
[2025-03-28T20:06:58.626+0530][gc,heap     ] GC(483) Survivor regions: 2->3(7)
[2025-03-28T20:06:58.626+0530][gc,heap     ] GC(483) Old regions: 98->98
[2025-03-28T20:06:58.626+0530][gc,heap     ] GC(483) Archive regions: 2->2
[2025-03-28T20:06:58.626+0530][gc,heap     ] GC(483) Humongous regions: 149->147
[2025-03-28T20:06:58.626+0530][gc,metaspace] GC(483) Metaspace: 52858K(53568K)->52858K(53568K) NonClass: 46949K(47296K)->46949K(47296K) Class: 5908K(6272K)->5908K(6272K)
[2025-03-28T20:06:58.626+0530][gc          ] GC(483) Pause Young (Normal) (G1 Evacuation Pause) 298M->247M(1024M) 15.576ms
[2025-03-28T20:06:58.626+0530][gc,cpu      ] GC(483) User=0.01s Sys=0.00s Real=0.02s
[2025-03-28T20:06:58.746+0530][gc,start    ] GC(484) Pause Young (Normal) (G1 Evacuation Pause)
[2025-03-28T20:06:58.746+0530][gc,task     ] GC(484) Using 2 workers of 2 for evacuation
[2025-03-28T20:06:58.782+0530][gc,mmu      ] GC(484) MMU target violated: 21.0ms (20.0ms/21.0ms)
[2025-03-28T20:06:58.782+0530][gc,phases   ] GC(484)   Pre Evacuate Collection Set: 0.3ms
[2025-03-28T20:06:58.782+0530][gc,phases   ] GC(484)   Merge Heap Roots: 0.2ms
[2025-03-28T20:06:58.782+0530][gc,phases   ] GC(484)   Evacuate Collection Set: 35.1ms
[2025-03-28T20:06:58.782+0530][gc,phases   ] GC(484)   Post Evacuate Collection Set: 0.7ms
[2025-03-28T20:06:58.782+0530][gc,phases   ] GC(484)   Other: 0.3ms
[2025-03-28T20:06:58.782+0530][gc,heap     ] GC(484) Eden regions: 48->0(44)
[2025-03-28T20:06:58.782+0530][gc,heap     ] GC(484) Survivor regions: 3->7(7)
[2025-03-28T20:06:58.782+0530][gc,heap     ] GC(484) Old regions: 98->99
[2025-03-28T20:06:58.782+0530][gc,heap     ] GC(484) Archive regions: 2->2
[2025-03-28T20:06:58.783+0530][gc,heap     ] GC(484) Humongous regions: 147->147
[2025-03-28T20:06:58.783+0530][gc,metaspace] GC(484) Metaspace: 52858K(53568K)->52858K(53568K) NonClass: 46949K(47296K)->46949K(47296K) Class: 5908K(6272K)->5908K(6272K)
[2025-03-28T20:06:58.783+0530][gc          ] GC(484) Pause Young (Normal) (G1 Evacuation Pause) 295M->253M(1024M) 37.467ms
[2025-03-28T20:06:58.783+0530][gc,cpu      ] GC(484) User=0.02s Sys=0.00s Real=0.03s
[2025-03-28T20:06:59.623+0530][gc,start    ] GC(485) Pause Young (Normal) (G1 Evacuation Pause)
[2025-03-28T20:06:59.624+0530][gc,task     ] GC(485) Using 2 workers of 2 for evacuation
[2025-03-28T20:06:59.683+0530][gc,mmu      ] GC(485) MMU target violated: 21.0ms (20.0ms/21.0ms)
[2025-03-28T20:06:59.683+0530][gc,phases   ] GC(485)   Pre Evacuate Collection Set: 0.7ms
[2025-03-28T20:06:59.683+0530][gc,phases   ] GC(485)   Merge Heap Roots: 0.5ms
[2025-03-28T20:06:59.683+0530][gc,phases   ] GC(485)   Evacuate Collection Set: 56.1ms
[2025-03-28T20:06:59.683+0530][gc,phases   ] GC(485)   Post Evacuate Collection Set: 1.3ms
[2025-03-28T20:06:59.683+0530][gc,phases   ] GC(485)   Other: 1.4ms
[2025-03-28T20:06:59.684+0530][gc,heap     ] GC(485) Eden regions: 44->0(50)
[2025-03-28T20:06:59.684+0530][gc,heap     ] GC(485) Survivor regions: 7->1(7)
[2025-03-28T20:06:59.684+0530][gc,heap     ] GC(485) Old regions: 99->100
[2025-03-28T20:06:59.684+0530][gc,heap     ] GC(485) Archive regions: 2->2
[2025-03-28T20:06:59.684+0530][gc,heap     ] GC(485) Humongous regions: 149->147
[2025-03-28T20:06:59.684+0530][gc,metaspace] GC(485) Metaspace: 52858K(53568K)->52858K(53568K) NonClass: 46949K(47296K)->46949K(47296K) Class: 5908K(6272K)->5908K(6272K)
[2025-03-28T20:06:59.684+0530][gc          ] GC(485) Pause Young (Normal) (G1 Evacuation Pause) 299M->248M(1024M) 60.276ms
[2025-03-28T20:06:59.684+0530][gc,cpu      ] GC(485) User=0.04s Sys=0.01s Real=0.06s
[2025-03-28T20:06:59.752+0530][gc,start    ] GC(486) Pause Young (Normal) (G1 Evacuation Pause)
[2025-03-28T20:06:59.752+0530][gc,task     ] GC(486) Using 2 workers of 2 for evacuation
[2025-03-28T20:06:59.758+0530][gc,phases   ] GC(486)   Pre Evacuate Collection Set: 0.2ms
[2025-03-28T20:06:59.759+0530][gc,phases   ] GC(486)   Merge Heap Roots: 0.1ms
[2025-03-28T20:06:59.759+0530][gc,phases   ] GC(486)   Evacuate Collection Set: 5.1ms
[2025-03-28T20:06:59.759+0530][gc,phases   ] GC(486)   Post Evacuate Collection Set: 1.0ms
[2025-03-28T20:06:59.759+0530][gc,phases   ] GC(486)   Other: 0.1ms
[2025-03-28T20:06:59.759+0530][gc,heap     ] GC(486) Eden regions: 50->0(44)
[2025-03-28T20:06:59.759+0530][gc,heap     ] GC(486) Survivor regions: 1->7(7)
[2025-03-28T20:06:59.759+0530][gc,heap     ] GC(486) Old regions: 100->100
[2025-03-28T20:06:59.759+0530][gc,heap     ] GC(486) Archive regions: 2->2
[2025-03-28T20:06:59.759+0530][gc,heap     ] GC(486) Humongous regions: 147->147
[2025-03-28T20:06:59.759+0530][gc,metaspace] GC(486) Metaspace: 52858K(53568K)->52858K(53568K) NonClass: 46949K(47296K)->46949K(47296K) Class: 5908K(6272K)->5908K(6272K)
[2025-03-28T20:06:59.759+0530][gc          ] GC(486) Pause Young (Normal) (G1 Evacuation Pause) 298M->253M(1024M) 6.672ms
[2025-03-28T20:06:59.759+0530][gc,cpu      ] GC(486) User=0.01s Sys=0.00s Real=0.01s
[2025-03-28T20:06:59.834+0530][gc,start    ] GC(487) Pause Young (Normal) (G1 Evacuation Pause)
[2025-03-28T20:06:59.834+0530][gc,task     ] GC(487) Using 2 workers of 2 for evacuation
[2025-03-28T20:06:59.864+0530][gc,mmu      ] GC(487) MMU target violated: 21.0ms (20.0ms/21.0ms)
[2025-03-28T20:06:59.864+0530][gc,phases   ] GC(487)   Pre Evacuate Collection Set: 0.1ms
[2025-03-28T20:06:59.864+0530][gc,phases   ] GC(487)   Merge Heap Roots: 0.1ms
[2025-03-28T20:06:59.864+0530][gc,phases   ] GC(487)   Evacuate Collection Set: 28.9ms
[2025-03-28T20:06:59.864+0530][gc,phases   ] GC(487)   Post Evacuate Collection Set: 0.5ms
[2025-03-28T20:06:59.864+0530][gc,phases   ] GC(487)   Other: 0.3ms
[2025-03-28T20:06:59.864+0530][gc,heap     ] GC(487) Eden regions: 44->0(49)
[2025-03-28T20:06:59.864+0530][gc,heap     ] GC(487) Survivor regions: 7->2(7)
[2025-03-28T20:06:59.864+0530][gc,heap     ] GC(487) Old regions: 100->101
[2025-03-28T20:06:59.864+0530][gc,heap     ] GC(487) Archive regions: 2->2
[2025-03-28T20:06:59.864+0530][gc,heap     ] GC(487) Humongous regions: 149->149
[2025-03-28T20:06:59.864+0530][gc,metaspace] GC(487) Metaspace: 52858K(53568K)->52858K(53568K) NonClass: 46949K(47296K)->46949K(47296K) Class: 5908K(6272K)->5908K(6272K)
[2025-03-28T20:06:59.864+0530][gc          ] GC(487) Pause Young (Normal) (G1 Evacuation Pause) 299M->252M(1024M) 29.948ms
[2025-03-28T20:06:59.864+0530][gc,cpu      ] GC(487) User=0.01s Sys=0.00s Real=0.03s
[2025-03-28T20:07:03.529+0530][gc,start    ] GC(519) Pause Young (Normal) (G1 Evacuation Pause)
[2025-03-28T20:07:03.529+0530][gc,task     ] GC(519) Using 2 workers of 2 for evacuation
[2025-03-28T20:07:03.537+0530][gc,phases   ] GC(519)   Pre Evacuate Collection Set: 0.3ms
[2025-03-28T20:07:03.537+0530][gc,phases   ] GC(519)   Merge Heap Roots: 0.2ms
[2025-03-28T20:07:03.537+0530][gc,phases   ] GC(519)   Evacuate Collection Set: 6.9ms
[2025-03-28T20:07:03.537+0530][gc,phases   ] GC(519)   Post Evacuate Collection Set: 0.8ms
[2025-03-28T20:07:03.537+0530][gc,phases   ] GC(519)   Other: 0.2ms
[2025-03-28T20:07:03.537+0530][gc,heap     ] GC(519) Eden regions: 179->0(609)
[2025-03-28T20:07:03.537+0530][gc,heap     ] GC(519) Survivor regions: 10->5(24)
[2025-03-28T20:07:03.537+0530][gc,heap     ] GC(519) Old regions: 57->57
[2025-03-28T20:07:03.537+0530][gc,heap     ] GC(519) Archive regions: 2->2
[2025-03-28T20:07:03.537+0530][gc,heap     ] GC(519) Humongous regions: 151->147
[2025-03-28T20:07:03.537+0530][gc,metaspace] GC(519) Metaspace: 52726K(53376K)->52726K(53376K) NonClass: 46858K(47168K)->46858K(47168K) Class: 5867K(6208K)->5867K(6208K)
[2025-03-28T20:07:03.537+0530][gc          ] GC(519) Pause Young (Normal) (G1 Evacuation Pause) 396M->209M(1024M) 8.476ms
[2025-03-28T20:07:03.537+0530][gc,cpu      ] GC(519) User=0.01s Sys=0.00s Real=0.01s
[2025-03-28T20:07:03.618+0530][gc,start    ] GC(520) Pause Young (Concurrent Start) (G1 Humongous Allocation)
[2025-03-28T20:07:03.618+0530][gc,task     ] GC(520) Using 2 workers of 2 for evacuation
[2025-03-28T20:07:03.627+0530][gc,phases   ] GC(520)   Pre Evacuate Collection Set: 0.5ms
[2025-03-28T20:07:03.627+0530][gc,phases   ] GC(520)   Merge Heap Roots: 0.1ms
[2025-03-28T20:07:03.627+0530][gc,phases   ] GC(520)   Evacuate Collection Set: 7.6ms
[2025-03-28T20:07:03.627+0530][gc,phases   ] GC(520)   Post Evacuate Collection Set: 0.5ms
[2025-03-28T20:07:03.627+0530][gc,phases   ] GC(520)   Other: 0.2ms
[2025-03-28T20:07:03.627+0530][gc,heap     ] GC(520) Eden regions: 43->0(507)
[2025-03-28T20:07:03.627+0530][gc,heap     ] GC(520) Survivor regions: 5->5(77)
[2025-03-28T20:07:03.627+0530][gc,heap     ] GC(520) Old regions: 57->57
[2025-03-28T20:07:03.627+0530][gc,heap     ] GC(520) Archive regions: 2->2
[2025-03-28T20:07:03.627+0530][gc,heap     ] GC(520) Humongous regions: 147->147
[2025-03-28T20:07:03.627+0530][gc,metaspace] GC(520) Metaspace: 52730K(53376K)->52730K(53376K) NonClass: 46862K(47168K)->46862K(47168K) Class: 5867K(6208K)->5867K(6208K)
[2025-03-28T20:07:03.627+0530][gc          ] GC(520) Pause Young (Concurrent Start) (G1 Humongous Allocation) 251M->208M(1024M) 8.971ms
[2025-03-28T20:07:03.627+0530][gc,cpu      ] GC(520) User=0.02s Sys=0.00s Real=0.02s
[2025-03-28T20:07:03.627+0530][gc          ] GC(521) Concurrent Mark Cycle
[2025-03-28T20:07:03.627+0530][gc,marking  ] GC(521) Concurrent Clear Claimed Marks
[2025-03-28T20:07:03.628+0530][gc,marking  ] GC(521) Concurrent Clear Claimed Marks 0.083ms
[2025-03-28T20:07:03.628+0530][gc,marking  ] GC(521) Concurrent Scan Root Regions
[2025-03-28T20:07:03.633+0530][gc,marking  ] GC(521) Concurrent Scan Root Regions 5.083ms
[2025-03-28T20:07:03.633+0530][gc,marking  ] GC(521) Concurrent Mark
[2025-03-28T20:07:03.633+0530][gc,marking  ] GC(521) Concurrent Mark From Roots
[2025-03-28T20:07:03.633+0530][gc,task     ] GC(521) Using 1 workers of 1 for marking
[2025-03-28T20:07:03.699+0530][gc,marking  ] GC(521) Concurrent Mark From Roots 66.371ms
[2025-03-28T20:07:03.699+0530][gc,marking  ] GC(521) Concurrent Preclean
[2025-03-28T20:07:03.699+0530][gc,marking  ] GC(521) Concurrent Preclean 0.140ms
[2025-03-28T20:07:03.699+0530][gc,start    ] GC(521) Pause Remark
[2025-03-28T20:07:03.712+0530][gc          ] GC(521) Pause Remark 250M->248M(1024M) 12.930ms
[2025-03-28T20:07:03.712+0530][gc,cpu      ] GC(521) User=0.02s Sys=0.01s Real=0.01s
[2025-03-28T20:07:03.712+0530][gc,marking  ] GC(521) Concurrent Mark 79.679ms
[2025-03-28T20:07:03.712+0530][gc,marking  ] GC(521) Concurrent Rebuild Remembered Sets
[2025-03-28T20:07:03.747+0530][gc,marking  ] GC(521) Concurrent Rebuild Remembered Sets 34.985ms
[2025-03-28T20:07:03.747+0530][gc,start    ] GC(521) Pause Cleanup
[2025-03-28T20:07:03.748+0530][gc          ] GC(521) Pause Cleanup 249M->249M(1024M) 0.186ms
[2025-03-28T20:07:03.748+0530][gc,cpu      ] GC(521) User=0.00s Sys=0.00s Real=0.00s
[2025-03-28T20:07:03.748+0530][gc,marking  ] GC(521) Concurrent Cleanup for Next Mark
[2025-03-28T20:07:03.749+0530][gc,marking  ] GC(521) Concurrent Cleanup for Next Mark 1.765ms
[2025-03-28T20:07:03.750+0530][gc          ] GC(521) Concurrent Mark Cycle 122.043ms
[2025-03-28T20:07:08.545+0530][gc,start    ] GC(488) Pause Young (Normal) (G1 Evacuation Pause)
[2025-03-28T20:07:08.545+0530][gc,task     ] GC(488) Using 2 workers of 2 for evacuation
[2025-03-28T20:07:08.557+0530][gc,phases   ] GC(488)   Pre Evacuate Collection Set: 0.4ms
[2025-03-28T20:07:08.557+0530][gc,phases   ] GC(488)   Merge Heap Roots: 0.1ms
[2025-03-28T20:07:08.557+0530][gc,phases   ] GC(488)   Evacuate Collection Set: 11.4ms
[2025-03-28T20:07:08.557+0530][gc,phases   ] GC(488)   Post Evacuate Collection Set: 0.4ms
[2025-03-28T20:07:08.557+0530][gc,phases   ] GC(488)   Other: 0.2ms
[2025-03-28T20:07:08.557+0530][gc,heap     ] GC(488) Eden regions: 49->0(46)
[2025-03-28T20:07:08.557+0530][gc,heap     ] GC(488) Survivor regions: 2->5(7)
[2025-03-28T20:07:08.557+0530][gc,heap     ] GC(488) Old regions: 101->101
[2025-03-28T20:07:08.557+0530][gc,heap     ] GC(488) Archive regions: 2->2
[2025-03-28T20:07:08.557+0530][gc,heap     ] GC(488) Humongous regions: 149->147
[2025-03-28T20:07:08.557+0530][gc,metaspace] GC(488) Metaspace: 52858K(53568K)->52858K(53568K) NonClass: 46949K(47296K)->46949K(47296K) Class: 5908K(6272K)->5908K(6272K)
[2025-03-28T20:07:08.557+0530][gc          ] GC(488) Pause Young (Normal) (G1 Evacuation Pause) 301M->252M(1024M) 12.627ms
[2025-03-28T20:07:08.557+0530][gc,cpu      ] GC(488) User=0.01s Sys=0.00s Real=0.02s
[2025-03-28T20:07:08.641+0530][gc,start    ] GC(489) Pause Young (Normal) (G1 Evacuation Pause)
[2025-03-28T20:07:08.641+0530][gc,task     ] GC(489) Using 2 workers of 2 for evacuation
[2025-03-28T20:07:08.677+0530][gc,mmu      ] GC(489) MMU target violated: 21.0ms (20.0ms/21.0ms)
[2025-03-28T20:07:08.677+0530][gc,phases   ] GC(489)   Pre Evacuate Collection Set: 0.2ms
[2025-03-28T20:07:08.677+0530][gc,phases   ] GC(489)   Merge Heap Roots: 0.1ms
[2025-03-28T20:07:08.677+0530][gc,phases   ] GC(489)   Evacuate Collection Set: 35.9ms
[2025-03-28T20:07:08.677+0530][gc,phases   ] GC(489)   Post Evacuate Collection Set: 0.4ms
[2025-03-28T20:07:08.677+0530][gc,phases   ] GC(489)   Other: 0.2ms
[2025-03-28T20:07:08.677+0530][gc,heap     ] GC(489) Eden regions: 46->0(49)
[2025-03-28T20:07:08.677+0530][gc,heap     ] GC(489) Survivor regions: 5->2(7)
[2025-03-28T20:07:08.677+0530][gc,heap     ] GC(489) Old regions: 101->102
[2025-03-28T20:07:08.677+0530][gc,heap     ] GC(489) Archive regions: 2->2
[2025-03-28T20:07:08.677+0530][gc,heap     ] GC(489) Humongous regions: 149->149
[2025-03-28T20:07:08.677+0530][gc,metaspace] GC(489) Metaspace: 52858K(53568K)->52858K(53568K) NonClass: 46949K(47296K)->46949K(47296K) Class: 5908K(6272K)->5908K(6272K)
[2025-03-28T20:07:08.678+0530][gc          ] GC(489) Pause Young (Normal) (G1 Evacuation Pause) 300M->253M(1024M) 36.848ms
[2025-03-28T20:07:08.678+0530][gc,cpu      ] GC(489) User=0.02s Sys=0.00s Real=0.04s
[2025-03-28T20:07:09.654+0530][gc,start    ] GC(490) Pause Young (Normal) (G1 Evacuation Pause)
[2025-03-28T20:07:09.654+0530][gc,task     ] GC(490) Using 2 workers of 2 for evacuation
[2025-03-28T20:07:09.658+0530][gc,phases   ] GC(490)   Pre Evacuate Collection Set: 0.2ms
[2025-03-28T20:07:09.658+0530][gc,phases   ] GC(490)   Merge Heap Roots: 0.1ms
[2025-03-28T20:07:09.658+0530][gc,phases   ] GC(490)   Evacuate Collection Set: 3.0ms
[2025-03-28T20:07:09.658+0530][gc,phases   ] GC(490)   Post Evacuate Collection Set: 0.4ms
[2025-03-28T20:07:09.658+0530][gc,phases   ] GC(490)   Other: 0.1ms
[2025-03-28T20:07:09.658+0530][gc,heap     ] GC(490) Eden regions: 49->0(48)
[2025-03-28T20:07:09.658+0530][gc,heap     ] GC(490) Survivor regions: 2->3(7)
[2025-03-28T20:07:09.658+0530][gc,heap     ] GC(490) Old regions: 102->102
[2025-03-28T20:07:09.658+0530][gc,heap     ] GC(490) Archive regions: 2->2
[2025-03-28T20:07:09.658+0530][gc,heap     ] GC(490) Humongous regions: 149->147
[2025-03-28T20:07:09.658+0530][gc,metaspace] GC(490) Metaspace: 52858K(53568K)->52858K(53568K) NonClass: 46949K(47296K)->46949K(47296K) Class: 5908K(6272K)->5908K(6272K)
[2025-03-28T20:07:09.658+0530][gc          ] GC(490) Pause Young (Normal) (G1 Evacuation Pause) 302M->251M(1024M) 3.856ms
[2025-03-28T20:07:09.658+0530][gc,cpu      ] GC(490) User=0.00s Sys=0.00s Real=0.01s
[2025-03-28T20:07:09.730+0530][gc,start    ] GC(491) Pause Young (Normal) (G1 Evacuation Pause)
[2025-03-28T20:07:09.730+0530][gc,task     ] GC(491) Using 2 workers of 2 for evacuation
[2025-03-28T20:07:09.801+0530][gc,mmu      ] GC(491) MMU target violated: 21.0ms (20.0ms/21.0ms)
[2025-03-28T20:07:09.801+0530][gc,phases   ] GC(491)   Pre Evacuate Collection Set: 0.2ms
[2025-03-28T20:07:09.802+0530][gc,phases   ] GC(491)   Merge Heap Roots: 0.1ms
[2025-03-28T20:07:09.802+0530][gc,phases   ] GC(491)   Evacuate Collection Set: 69.4ms
[2025-03-28T20:07:09.802+0530][gc,phases   ] GC(491)   Post Evacuate Collection Set: 1.5ms
[2025-03-28T20:07:09.802+0530][gc,phases   ] GC(491)   Other: 0.4ms
[2025-03-28T20:07:09.802+0530][gc,heap     ] GC(491) Eden regions: 48->0(44)
[2025-03-28T20:07:09.802+0530][gc,heap     ] GC(491) Survivor regions: 3->7(7)
[2025-03-28T20:07:09.802+0530][gc,heap     ] GC(491) Old regions: 102->103
[2025-03-28T20:07:09.802+0530][gc,heap     ] GC(491) Archive regions: 2->2
[2025-03-28T20:07:09.802+0530][gc,heap     ] GC(491) Humongous regions: 147->147
[2025-03-28T20:07:09.802+0530][gc,metaspace] GC(491) Metaspace: 52858K(53568K)->52858K(53568K) NonClass: 46949K(47296K)->46949K(47296K) Class: 5908K(6272K)->5908K(6272K)
[2025-03-28T20:07:09.802+0530][gc          ] GC(491) Pause Young (Normal) (G1 Evacuation Pause) 299M->257M(1024M) 72.045ms
[2025-03-28T20:07:09.802+0530][gc,cpu      ] GC(491) User=0.02s Sys=0.01s Real=0.07s
[2025-03-28T20:07:14.619+0530][gc,start    ] GC(492) Pause Young (Normal) (G1 Evacuation Pause)
[2025-03-28T20:07:14.619+0530][gc,task     ] GC(492) Using 2 workers of 2 for evacuation
[2025-03-28T20:07:14.653+0530][gc,mmu      ] GC(492) MMU target violated: 21.0ms (20.0ms/21.0ms)
[2025-03-28T20:07:14.653+0530][gc,phases   ] GC(492)   Pre Evacuate Collection Set: 1.8ms
[2025-03-28T20:07:14.653+0530][gc,phases   ] GC(492)   Merge Heap Roots: 0.5ms
[2025-03-28T20:07:14.653+0530][gc,phases   ] GC(492)   Evacuate Collection Set: 29.8ms
[2025-03-28T20:07:14.653+0530][gc,phases   ] GC(492)   Post Evacuate Collection Set: 0.5ms
[2025-03-28T20:07:14.653+0530][gc,phases   ] GC(492)   Other: 1.1ms
[2025-03-28T20:07:14.653+0530][gc,heap     ] GC(492) Eden regions: 44->0(50)
[2025-03-28T20:07:14.653+0530][gc,heap     ] GC(492) Survivor regions: 7->1(7)
[2025-03-28T20:07:14.653+0530][gc,heap     ] GC(492) Old regions: 103->104
[2025-03-28T20:07:14.653+0530][gc,heap     ] GC(492) Archive regions: 2->2
[2025-03-28T20:07:14.653+0530][gc,heap     ] GC(492) Humongous regions: 149->147
[2025-03-28T20:07:14.653+0530][gc,metaspace] GC(492) Metaspace: 52863K(53568K)->52863K(53568K) NonClass: 46955K(47296K)->46955K(47296K) Class: 5908K(6272K)->5908K(6272K)
[2025-03-28T20:07:14.653+0530][gc          ] GC(492) Pause Young (Normal) (G1 Evacuation Pause) 303M->252M(1024M) 33.782ms
[2025-03-28T20:07:14.653+0530][gc,cpu      ] GC(492) User=0.03s Sys=0.01s Real=0.05s
[2025-03-28T20:07:18.495+0530][gc,start    ] GC(493) Pause Young (Normal) (G1 Evacuation Pause)
[2025-03-28T20:07:18.495+0530][gc,task     ] GC(493) Using 2 workers of 2 for evacuation
[2025-03-28T20:07:18.504+0530][gc,phases   ] GC(493)   Pre Evacuate Collection Set: 0.4ms
[2025-03-28T20:07:18.504+0530][gc,phases   ] GC(493)   Merge Heap Roots: 0.1ms
[2025-03-28T20:07:18.504+0530][gc,phases   ] GC(493)   Evacuate Collection Set: 7.6ms
[2025-03-28T20:07:18.504+0530][gc,phases   ] GC(493)   Post Evacuate Collection Set: 0.9ms
[2025-03-28T20:07:18.504+0530][gc,phases   ] GC(493)   Other: 0.1ms
[2025-03-28T20:07:18.504+0530][gc,heap     ] GC(493) Eden regions: 50->0(44)
[2025-03-28T20:07:18.504+0530][gc,heap     ] GC(493) Survivor regions: 1->7(7)
[2025-03-28T20:07:18.504+0530][gc,heap     ] GC(493) Old regions: 104->104
[2025-03-28T20:07:18.504+0530][gc,heap     ] GC(493) Archive regions: 2->2
[2025-03-28T20:07:18.504+0530][gc,heap     ] GC(493) Humongous regions: 147->147
[2025-03-28T20:07:18.504+0530][gc,metaspace] GC(493) Metaspace: 52866K(53568K)->52866K(53568K) NonClass: 46958K(47296K)->46958K(47296K) Class: 5908K(6272K)->5908K(6272K)
[2025-03-28T20:07:18.504+0530][gc          ] GC(493) Pause Young (Normal) (G1 Evacuation Pause) 302M->257M(1024M) 9.230ms
[2025-03-28T20:07:18.504+0530][gc,cpu      ] GC(493) User=0.01s Sys=0.00s Real=0.00s
[2025-03-28T20:07:18.601+0530][gc,start    ] GC(494) Pause Young (Normal) (G1 Evacuation Pause)
[2025-03-28T20:07:18.602+0530][gc,task     ] GC(494) Using 2 workers of 2 for evacuation
[2025-03-28T20:07:18.620+0530][gc,phases   ] GC(494)   Pre Evacuate Collection Set: 0.2ms
[2025-03-28T20:07:18.620+0530][gc,phases   ] GC(494)   Merge Heap Roots: 0.1ms
[2025-03-28T20:07:18.620+0530][gc,phases   ] GC(494)   Evacuate Collection Set: 17.2ms
[2025-03-28T20:07:18.620+0530][gc,phases   ] GC(494)   Post Evacuate Collection Set: 0.7ms
[2025-03-28T20:07:18.620+0530][gc,phases   ] GC(494)   Other: 0.2ms
[2025-03-28T20:07:18.620+0530][gc,heap     ] GC(494) Eden regions: 44->0(49)
[2025-03-28T20:07:18.620+0530][gc,heap     ] GC(494) Survivor regions: 7->2(7)
[2025-03-28T20:07:18.620+0530][gc,heap     ] GC(494) Old regions: 104->105
[2025-03-28T20:07:18.620+0530][gc,heap     ] GC(494) Archive regions: 2->2
[2025-03-28T20:07:18.620+0530][gc,heap     ] GC(494) Humongous regions: 149->149
[2025-03-28T20:07:18.620+0530][gc,metaspace] GC(494) Metaspace: 52866K(53568K)->52866K(53568K) NonClass: 46958K(47296K)->46958K(47296K) Class: 5908K(6272K)->5908K(6272K)
[2025-03-28T20:07:18.620+0530][gc          ] GC(494) Pause Young (Normal) (G1 Evacuation Pause) 303M->256M(1024M) 18.489ms
[2025-03-28T20:07:18.620+0530][gc,cpu      ] GC(494) User=0.01s Sys=0.00s Real=0.02s
[2025-03-28T20:07:19.656+0530][gc,start    ] GC(495) Pause Young (Normal) (G1 Evacuation Pause)
[2025-03-28T20:07:19.656+0530][gc,task     ] GC(495) Using 2 workers of 2 for evacuation
[2025-03-28T20:07:19.662+0530][gc,phases   ] GC(495)   Pre Evacuate Collection Set: 0.3ms
[2025-03-28T20:07:19.662+0530][gc,phases   ] GC(495)   Merge Heap Roots: 0.1ms
[2025-03-28T20:07:19.662+0530][gc,phases   ] GC(495)   Evacuate Collection Set: 5.2ms
[2025-03-28T20:07:19.662+0530][gc,phases   ] GC(495)   Post Evacuate Collection Set: 0.7ms
[2025-03-28T20:07:19.662+0530][gc,phases   ] GC(495)   Other: 0.1ms
[2025-03-28T20:07:19.662+0530][gc,heap     ] GC(495) Eden regions: 49->0(47)
[2025-03-28T20:07:19.662+0530][gc,heap     ] GC(495) Survivor regions: 2->4(7)
[2025-03-28T20:07:19.662+0530][gc,heap     ] GC(495) Old regions: 105->105
[2025-03-28T20:07:19.662+0530][gc,heap     ] GC(495) Archive regions: 2->2
[2025-03-28T20:07:19.662+0530][gc,heap     ] GC(495) Humongous regions: 149->147
[2025-03-28T20:07:19.662+0530][gc,metaspace] GC(495) Metaspace: 52866K(53568K)->52866K(53568K) NonClass: 46958K(47296K)->46958K(47296K) Class: 5908K(6272K)->5908K(6272K)
[2025-03-28T20:07:19.662+0530][gc          ] GC(495) Pause Young (Normal) (G1 Evacuation Pause) 305M->256M(1024M) 6.607ms
[2025-03-28T20:07:19.662+0530][gc,cpu      ] GC(495) User=0.01s Sys=0.00s Real=0.00s
[2025-03-28T20:07:19.786+0530][gc,start    ] GC(496) Pause Young (Normal) (G1 Evacuation Pause)
[2025-03-28T20:07:19.786+0530][gc,task     ] GC(496) Using 2 workers of 2 for evacuation
[2025-03-28T20:07:19.792+0530][gc,phases   ] GC(496)   Pre Evacuate Collection Set: 0.2ms
[2025-03-28T20:07:19.792+0530][gc,phases   ] GC(496)   Merge Heap Roots: 0.1ms
[2025-03-28T20:07:19.792+0530][gc,phases   ] GC(496)   Evacuate Collection Set: 4.8ms
[2025-03-28T20:07:19.792+0530][gc,phases   ] GC(496)   Post Evacuate Collection Set: 0.5ms
[2025-03-28T20:07:19.792+0530][gc,phases   ] GC(496)   Other: 0.1ms
[2025-03-28T20:07:19.792+0530][gc,heap     ] GC(496) Eden regions: 47->0(49)
[2025-03-28T20:07:19.792+0530][gc,heap     ] GC(496) Survivor regions: 4->2(7)
[2025-03-28T20:07:19.792+0530][gc,heap     ] GC(496) Old regions: 105->106
[2025-03-28T20:07:19.792+0530][gc,heap     ] GC(496) Archive regions: 2->2
[2025-03-28T20:07:19.792+0530][gc,heap     ] GC(496) Humongous regions: 149->149
[2025-03-28T20:07:19.792+0530][gc,metaspace] GC(496) Metaspace: 52866K(53568K)->52866K(53568K) NonClass: 46958K(47296K)->46958K(47296K) Class: 5908K(6272K)->5908K(6272K)
[2025-03-28T20:07:19.792+0530][gc          ] GC(496) Pause Young (Normal) (G1 Evacuation Pause) 305M->257M(1024M) 5.884ms
[2025-03-28T20:07:19.792+0530][gc,cpu      ] GC(496) User=0.01s Sys=0.00s Real=0.01s
[2025-03-28T20:07:28.450+0530][gc,start    ] GC(497) Pause Young (Normal) (G1 Evacuation Pause)
[2025-03-28T20:07:28.460+0530][gc,task     ] GC(497) Using 2 workers of 2 for evacuation
[2025-03-28T20:07:28.480+0530][gc,phases   ] GC(497)   Pre Evacuate Collection Set: 0.3ms
[2025-03-28T20:07:28.480+0530][gc,phases   ] GC(497)   Merge Heap Roots: 0.1ms
[2025-03-28T20:07:28.480+0530][gc,phases   ] GC(497)   Evacuate Collection Set: 18.8ms
[2025-03-28T20:07:28.480+0530][gc,phases   ] GC(497)   Post Evacuate Collection Set: 0.8ms
[2025-03-28T20:07:28.480+0530][gc,phases   ] GC(497)   Other: 9.6ms
[2025-03-28T20:07:28.480+0530][gc,heap     ] GC(497) Eden regions: 49->0(48)
[2025-03-28T20:07:28.480+0530][gc,heap     ] GC(497) Survivor regions: 2->3(7)
[2025-03-28T20:07:28.480+0530][gc,heap     ] GC(497) Old regions: 106->106
[2025-03-28T20:07:28.480+0530][gc,heap     ] GC(497) Archive regions: 2->2
[2025-03-28T20:07:28.480+0530][gc,heap     ] GC(497) Humongous regions: 149->147
[2025-03-28T20:07:28.480+0530][gc,metaspace] GC(497) Metaspace: 52866K(53568K)->52866K(53568K) NonClass: 46958K(47296K)->46958K(47296K) Class: 5908K(6272K)->5908K(6272K)
[2025-03-28T20:07:28.480+0530][gc          ] GC(497) Pause Young (Normal) (G1 Evacuation Pause) 306M->255M(1024M) 29.884ms
[2025-03-28T20:07:28.480+0530][gc,cpu      ] GC(497) User=0.02s Sys=0.00s Real=0.03s
[2025-03-28T20:07:28.592+0530][gc,start    ] GC(498) Pause Young (Normal) (G1 Evacuation Pause)
[2025-03-28T20:07:28.592+0530][gc,task     ] GC(498) Using 2 workers of 2 for evacuation
[2025-03-28T20:07:28.607+0530][gc,phases   ] GC(498)   Pre Evacuate Collection Set: 0.2ms
[2025-03-28T20:07:28.607+0530][gc,phases   ] GC(498)   Merge Heap Roots: 0.1ms
[2025-03-28T20:07:28.607+0530][gc,phases   ] GC(498)   Evacuate Collection Set: 12.4ms
[2025-03-28T20:07:28.607+0530][gc,phases   ] GC(498)   Post Evacuate Collection Set: 1.5ms
[2025-03-28T20:07:28.607+0530][gc,phases   ] GC(498)   Other: 0.1ms
[2025-03-28T20:07:28.607+0530][gc,heap     ] GC(498) Eden regions: 48->0(44)
[2025-03-28T20:07:28.607+0530][gc,heap     ] GC(498) Survivor regions: 3->7(7)
[2025-03-28T20:07:28.607+0530][gc,heap     ] GC(498) Old regions: 106->107
[2025-03-28T20:07:28.607+0530][gc,heap     ] GC(498) Archive regions: 2->2
[2025-03-28T20:07:28.607+0530][gc,heap     ] GC(498) Humongous regions: 147->147
[2025-03-28T20:07:28.607+0530][gc,metaspace] GC(498) Metaspace: 52866K(53568K)->52866K(53568K) NonClass: 46958K(47296K)->46958K(47296K) Class: 5908K(6272K)->5908K(6272K)
[2025-03-28T20:07:28.607+0530][gc          ] GC(498) Pause Young (Normal) (G1 Evacuation Pause) 303M->261M(1024M) 14.453ms
[2025-03-28T20:07:28.607+0530][gc,cpu      ] GC(498) User=0.02s Sys=0.00s Real=0.01s
[2025-03-28T20:07:29.623+0530][gc,start    ] GC(499) Pause Young (Normal) (G1 Evacuation Pause)
[2025-03-28T20:07:29.623+0530][gc,task     ] GC(499) Using 2 workers of 2 for evacuation
[2025-03-28T20:07:29.642+0530][gc,phases   ] GC(499)   Pre Evacuate Collection Set: 1.0ms
[2025-03-28T20:07:29.642+0530][gc,phases   ] GC(499)   Merge Heap Roots: 0.9ms
[2025-03-28T20:07:29.642+0530][gc,phases   ] GC(499)   Evacuate Collection Set: 14.3ms
[2025-03-28T20:07:29.642+0530][gc,phases   ] GC(499)   Post Evacuate Collection Set: 2.4ms
[2025-03-28T20:07:29.642+0530][gc,phases   ] GC(499)   Other: 0.4ms
[2025-03-28T20:07:29.642+0530][gc,heap     ] GC(499) Eden regions: 44->0(50)
[2025-03-28T20:07:29.642+0530][gc,heap     ] GC(499) Survivor regions: 7->1(7)
[2025-03-28T20:07:29.642+0530][gc,heap     ] GC(499) Old regions: 107->107
[2025-03-28T20:07:29.642+0530][gc,heap     ] GC(499) Archive regions: 2->2
[2025-03-28T20:07:29.642+0530][gc,heap     ] GC(499) Humongous regions: 149->147
[2025-03-28T20:07:29.642+0530][gc,metaspace] GC(499) Metaspace: 52866K(53568K)->52866K(53568K) NonClass: 46958K(47296K)->46958K(47296K) Class: 5908K(6272K)->5908K(6272K)
[2025-03-28T20:07:29.642+0530][gc          ] GC(499) Pause Young (Normal) (G1 Evacuation Pause) 307M->255M(1024M) 19.243ms
[2025-03-28T20:07:29.642+0530][gc,cpu      ] GC(499) User=0.03s Sys=0.00s Real=0.03s
[2025-03-28T20:07:29.699+0530][gc,start    ] GC(500) Pause Young (Normal) (G1 Evacuation Pause)
[2025-03-28T20:07:29.699+0530][gc,task     ] GC(500) Using 2 workers of 2 for evacuation
[2025-03-28T20:07:29.705+0530][gc,phases   ] GC(500)   Pre Evacuate Collection Set: 0.2ms
[2025-03-28T20:07:29.705+0530][gc,phases   ] GC(500)   Merge Heap Roots: 0.1ms
[2025-03-28T20:07:29.705+0530][gc,phases   ] GC(500)   Evacuate Collection Set: 5.5ms
[2025-03-28T20:07:29.705+0530][gc,phases   ] GC(500)   Post Evacuate Collection Set: 0.4ms
[2025-03-28T20:07:29.705+0530][gc,phases   ] GC(500)   Other: 0.1ms
[2025-03-28T20:07:29.705+0530][gc,heap     ] GC(500) Eden regions: 50->0(44)
[2025-03-28T20:07:29.705+0530][gc,heap     ] GC(500) Survivor regions: 1->7(7)
[2025-03-28T20:07:29.705+0530][gc,heap     ] GC(500) Old regions: 107->107
[2025-03-28T20:07:29.705+0530][gc,heap     ] GC(500) Archive regions: 2->2
[2025-03-28T20:07:29.705+0530][gc,heap     ] GC(500) Humongous regions: 147->147
[2025-03-28T20:07:29.705+0530][gc,metaspace] GC(500) Metaspace: 52866K(53568K)->52866K(53568K) NonClass: 46958K(47296K)->46958K(47296K) Class: 5908K(6272K)->5908K(6272K)
[2025-03-28T20:07:29.705+0530][gc          ] GC(500) Pause Young (Normal) (G1 Evacuation Pause) 305M->260M(1024M) 6.462ms
[2025-03-28T20:07:29.705+0530][gc,cpu      ] GC(500) User=0.01s Sys=0.00s Real=0.01s
[2025-03-28T20:07:29.776+0530][gc,start    ] GC(501) Pause Young (Normal) (G1 Evacuation Pause)
[2025-03-28T20:07:29.776+0530][gc,task     ] GC(501) Using 2 workers of 2 for evacuation
[2025-03-28T20:07:29.781+0530][gc,phases   ] GC(501)   Pre Evacuate Collection Set: 0.2ms
[2025-03-28T20:07:29.781+0530][gc,phases   ] GC(501)   Merge Heap Roots: 0.1ms
[2025-03-28T20:07:29.781+0530][gc,phases   ] GC(501)   Evacuate Collection Set: 3.6ms
[2025-03-28T20:07:29.781+0530][gc,phases   ] GC(501)   Post Evacuate Collection Set: 0.3ms
[2025-03-28T20:07:29.781+0530][gc,phases   ] GC(501)   Other: 0.1ms
[2025-03-28T20:07:29.781+0530][gc,heap     ] GC(501) Eden regions: 44->0(49)
[2025-03-28T20:07:29.781+0530][gc,heap     ] GC(501) Survivor regions: 7->2(7)
[2025-03-28T20:07:29.781+0530][gc,heap     ] GC(501) Old regions: 107->108
[2025-03-28T20:07:29.781+0530][gc,heap     ] GC(501) Archive regions: 2->2
[2025-03-28T20:07:29.781+0530][gc,heap     ] GC(501) Humongous regions: 149->149
[2025-03-28T20:07:29.781+0530][gc,metaspace] GC(501) Metaspace: 52866K(53568K)->52866K(53568K) NonClass: 46958K(47296K)->46958K(47296K) Class: 5908K(6272K)->5908K(6272K)
[2025-03-28T20:07:29.781+0530][gc          ] GC(501) Pause Young (Normal) (G1 Evacuation Pause) 306M->259M(1024M) 4.343ms
[2025-03-28T20:07:29.781+0530][gc,cpu      ] GC(501) User=0.01s Sys=0.00s Real=0.00s
[2025-03-28T20:07:32.628+0530][gc,start    ] GC(522) Pause Young (Prepare Mixed) (G1 Evacuation Pause)
[2025-03-28T20:07:32.628+0530][gc,task     ] GC(522) Using 2 workers of 2 for evacuation
[2025-03-28T20:07:32.682+0530][gc,mmu      ] GC(522) MMU target violated: 21.0ms (20.0ms/21.0ms)
[2025-03-28T20:07:32.682+0530][gc,phases   ] GC(522)   Pre Evacuate Collection Set: 0.4ms
[2025-03-28T20:07:32.682+0530][gc,phases   ] GC(522)   Merge Heap Roots: 0.4ms
[2025-03-28T20:07:32.682+0530][gc,phases   ] GC(522)   Evacuate Collection Set: 51.8ms
[2025-03-28T20:07:32.682+0530][gc,phases   ] GC(522)   Post Evacuate Collection Set: 1.0ms
[2025-03-28T20:07:32.682+0530][gc,phases   ] GC(522)   Other: 0.3ms
[2025-03-28T20:07:32.682+0530][gc,heap     ] GC(522) Eden regions: 539->0(42)
[2025-03-28T20:07:32.682+0530][gc,heap     ] GC(522) Survivor regions: 5->9(68)
[2025-03-28T20:07:32.682+0530][gc,heap     ] GC(522) Old regions: 55->55
[2025-03-28T20:07:32.682+0530][gc,heap     ] GC(522) Archive regions: 2->2
[2025-03-28T20:07:32.682+0530][gc,heap     ] GC(522) Humongous regions: 157->147
[2025-03-28T20:07:32.682+0530][gc,metaspace] GC(522) Metaspace: 52731K(53376K)->52731K(53376K) NonClass: 46864K(47168K)->46864K(47168K) Class: 5867K(6208K)->5867K(6208K)
[2025-03-28T20:07:32.682+0530][gc          ] GC(522) Pause Young (Prepare Mixed) (G1 Evacuation Pause) 756M->211M(1024M) 53.930ms
[2025-03-28T20:07:32.682+0530][gc,cpu      ] GC(522) User=0.06s Sys=0.01s Real=0.05s
[2025-03-28T20:07:32.782+0530][gc,start    ] GC(523) Pause Young (Mixed) (G1 Evacuation Pause)
[2025-03-28T20:07:32.782+0530][gc,task     ] GC(523) Using 2 workers of 2 for evacuation
[2025-03-28T20:07:32.809+0530][gc,mmu      ] GC(523) MMU target violated: 21.0ms (20.0ms/21.0ms)
[2025-03-28T20:07:32.809+0530][gc,phases   ] GC(523)   Pre Evacuate Collection Set: 0.2ms
[2025-03-28T20:07:32.809+0530][gc,phases   ] GC(523)   Merge Heap Roots: 0.3ms
[2025-03-28T20:07:32.809+0530][gc,phases   ] GC(523)   Evacuate Collection Set: 25.8ms
[2025-03-28T20:07:32.809+0530][gc,phases   ] GC(523)   Post Evacuate Collection Set: 0.6ms
[2025-03-28T20:07:32.809+0530][gc,phases   ] GC(523)   Other: 0.2ms
[2025-03-28T20:07:32.809+0530][gc,heap     ] GC(523) Eden regions: 42->0(61)
[2025-03-28T20:07:32.809+0530][gc,heap     ] GC(523) Survivor regions: 9->1(7)
[2025-03-28T20:07:32.809+0530][gc,heap     ] GC(523) Old regions: 55->54
[2025-03-28T20:07:32.809+0530][gc,heap     ] GC(523) Archive regions: 2->2
[2025-03-28T20:07:32.809+0530][gc,heap     ] GC(523) Humongous regions: 149->149
[2025-03-28T20:07:32.809+0530][gc,metaspace] GC(523) Metaspace: 52731K(53376K)->52731K(53376K) NonClass: 46864K(47168K)->46864K(47168K) Class: 5867K(6208K)->5867K(6208K)
[2025-03-28T20:07:32.809+0530][gc          ] GC(523) Pause Young (Mixed) (G1 Evacuation Pause) 255M->204M(1024M) 27.193ms
[2025-03-28T20:07:32.809+0530][gc,cpu      ] GC(523) User=0.02s Sys=0.00s Real=0.03s
[2025-03-28T20:07:33.644+0530][gc,start    ] GC(524) Pause Young (Normal) (G1 Evacuation Pause)
[2025-03-28T20:07:33.644+0530][gc,task     ] GC(524) Using 2 workers of 2 for evacuation
[2025-03-28T20:07:33.654+0530][gc,phases   ] GC(524)   Pre Evacuate Collection Set: 0.3ms
[2025-03-28T20:07:33.654+0530][gc,phases   ] GC(524)   Merge Heap Roots: 0.1ms
[2025-03-28T20:07:33.654+0530][gc,phases   ] GC(524)   Evacuate Collection Set: 9.2ms
[2025-03-28T20:07:33.654+0530][gc,phases   ] GC(524)   Post Evacuate Collection Set: 0.7ms
[2025-03-28T20:07:33.654+0530][gc,phases   ] GC(524)   Other: 0.1ms
[2025-03-28T20:07:33.654+0530][gc,heap     ] GC(524) Eden regions: 61->0(44)
[2025-03-28T20:07:33.654+0530][gc,heap     ] GC(524) Survivor regions: 1->7(8)
[2025-03-28T20:07:33.654+0530][gc,heap     ] GC(524) Old regions: 54->54
[2025-03-28T20:07:33.654+0530][gc,heap     ] GC(524) Archive regions: 2->2
[2025-03-28T20:07:33.654+0530][gc,heap     ] GC(524) Humongous regions: 149->147
[2025-03-28T20:07:33.654+0530][gc,metaspace] GC(524) Metaspace: 52733K(53376K)->52733K(53376K) NonClass: 46865K(47168K)->46865K(47168K) Class: 5867K(6208K)->5867K(6208K)
[2025-03-28T20:07:33.654+0530][gc          ] GC(524) Pause Young (Normal) (G1 Evacuation Pause) 265M->208M(1024M) 10.547ms
[2025-03-28T20:07:33.654+0530][gc,cpu      ] GC(524) User=0.02s Sys=0.00s Real=0.01s
[2025-03-28T20:07:33.723+0530][gc,start    ] GC(525) Pause Young (Normal) (G1 Evacuation Pause)
[2025-03-28T20:07:33.723+0530][gc,task     ] GC(525) Using 2 workers of 2 for evacuation
[2025-03-28T20:07:33.728+0530][gc,phases   ] GC(525)   Pre Evacuate Collection Set: 0.4ms
[2025-03-28T20:07:33.728+0530][gc,phases   ] GC(525)   Merge Heap Roots: 0.2ms
[2025-03-28T20:07:33.728+0530][gc,phases   ] GC(525)   Evacuate Collection Set: 3.9ms
[2025-03-28T20:07:33.728+0530][gc,phases   ] GC(525)   Post Evacuate Collection Set: 0.6ms
[2025-03-28T20:07:33.728+0530][gc,phases   ] GC(525)   Other: 0.2ms
[2025-03-28T20:07:33.728+0530][gc,heap     ] GC(525) Eden regions: 44->0(88)
[2025-03-28T20:07:33.728+0530][gc,heap     ] GC(525) Survivor regions: 7->2(7)
[2025-03-28T20:07:33.728+0530][gc,heap     ] GC(525) Old regions: 54->56
[2025-03-28T20:07:33.728+0530][gc,heap     ] GC(525) Archive regions: 2->2
[2025-03-28T20:07:33.728+0530][gc,heap     ] GC(525) Humongous regions: 149->149
[2025-03-28T20:07:33.728+0530][gc,metaspace] GC(525) Metaspace: 52733K(53376K)->52733K(53376K) NonClass: 46865K(47168K)->46865K(47168K) Class: 5867K(6208K)->5867K(6208K)
[2025-03-28T20:07:33.728+0530][gc          ] GC(525) Pause Young (Normal) (G1 Evacuation Pause) 254M->207M(1024M) 5.348ms
[2025-03-28T20:07:33.728+0530][gc,cpu      ] GC(525) User=0.00s Sys=0.00s Real=0.02s
[2025-03-28T20:07:38.554+0530][gc,start    ] GC(502) Pause Young (Normal) (G1 Evacuation Pause)
[2025-03-28T20:07:38.554+0530][gc,task     ] GC(502) Using 2 workers of 2 for evacuation
[2025-03-28T20:07:38.575+0530][gc,mmu      ] GC(502) MMU target violated: 20.8ms (20.0ms/21.0ms)
[2025-03-28T20:07:38.575+0530][gc,phases   ] GC(502)   Pre Evacuate Collection Set: 0.3ms
[2025-03-28T20:07:38.575+0530][gc,phases   ] GC(502)   Merge Heap Roots: 0.1ms
[2025-03-28T20:07:38.575+0530][gc,phases   ] GC(502)   Evacuate Collection Set: 10.1ms
[2025-03-28T20:07:38.575+0530][gc,phases   ] GC(502)   Post Evacuate Collection Set: 10.3ms
[2025-03-28T20:07:38.575+0530][gc,phases   ] GC(502)   Other: 0.2ms
[2025-03-28T20:07:38.575+0530][gc,heap     ] GC(502) Eden regions: 49->0(47)
[2025-03-28T20:07:38.575+0530][gc,heap     ] GC(502) Survivor regions: 2->5(7)
[2025-03-28T20:07:38.575+0530][gc,heap     ] GC(502) Old regions: 108->108
[2025-03-28T20:07:38.575+0530][gc,heap     ] GC(502) Archive regions: 2->2
[2025-03-28T20:07:38.575+0530][gc,heap     ] GC(502) Humongous regions: 149->147
[2025-03-28T20:07:38.575+0530][gc,metaspace] GC(502) Metaspace: 52866K(53568K)->52866K(53568K) NonClass: 46958K(47296K)->46958K(47296K) Class: 5908K(6272K)->5908K(6272K)
[2025-03-28T20:07:38.575+0530][gc          ] GC(502) Pause Young (Normal) (G1 Evacuation Pause) 308M->260M(1024M) 21.101ms
[2025-03-28T20:07:38.575+0530][gc,cpu      ] GC(502) User=0.01s Sys=0.01s Real=0.02s
[2025-03-28T20:07:38.723+0530][gc,start    ] GC(503) Pause Young (Normal) (G1 Evacuation Pause)
[2025-03-28T20:07:38.723+0530][gc,task     ] GC(503) Using 2 workers of 2 for evacuation
[2025-03-28T20:07:38.744+0530][gc,mmu      ] GC(503) MMU target violated: 20.4ms (20.0ms/21.0ms)
[2025-03-28T20:07:38.744+0530][gc,phases   ] GC(503)   Pre Evacuate Collection Set: 0.2ms
[2025-03-28T20:07:38.744+0530][gc,phases   ] GC(503)   Merge Heap Roots: 0.2ms
[2025-03-28T20:07:38.744+0530][gc,phases   ] GC(503)   Evacuate Collection Set: 19.4ms
[2025-03-28T20:07:38.744+0530][gc,phases   ] GC(503)   Post Evacuate Collection Set: 0.7ms
[2025-03-28T20:07:38.744+0530][gc,phases   ] GC(503)   Other: 0.4ms
[2025-03-28T20:07:38.744+0530][gc,heap     ] GC(503) Eden regions: 47->0(79)
[2025-03-28T20:07:38.744+0530][gc,heap     ] GC(503) Survivor regions: 5->3(7)
[2025-03-28T20:07:38.744+0530][gc,heap     ] GC(503) Old regions: 108->109
[2025-03-28T20:07:38.744+0530][gc,heap     ] GC(503) Archive regions: 2->2
[2025-03-28T20:07:38.744+0530][gc,heap     ] GC(503) Humongous regions: 149->149
[2025-03-28T20:07:38.744+0530][gc,metaspace] GC(503) Metaspace: 52866K(53568K)->52866K(53568K) NonClass: 46958K(47296K)->46958K(47296K) Class: 5908K(6272K)->5908K(6272K)
[2025-03-28T20:07:38.744+0530][gc          ] GC(503) Pause Young (Normal) (G1 Evacuation Pause) 309M->261M(1024M) 20.794ms
[2025-03-28T20:07:38.744+0530][gc,cpu      ] GC(503) User=0.01s Sys=0.00s Real=0.02s
[2025-03-28T20:07:39.803+0530][gc,start    ] GC(504) Pause Young (Normal) (G1 Evacuation Pause)
[2025-03-28T20:07:39.803+0530][gc,task     ] GC(504) Using 2 workers of 2 for evacuation
[2025-03-28T20:07:39.815+0530][gc,phases   ] GC(504)   Pre Evacuate Collection Set: 0.2ms
[2025-03-28T20:07:39.815+0530][gc,phases   ] GC(504)   Merge Heap Roots: 0.2ms
[2025-03-28T20:07:39.815+0530][gc,phases   ] GC(504)   Evacuate Collection Set: 10.5ms
[2025-03-28T20:07:39.815+0530][gc,phases   ] GC(504)   Post Evacuate Collection Set: 1.1ms
[2025-03-28T20:07:39.815+0530][gc,phases   ] GC(504)   Other: 0.2ms
[2025-03-28T20:07:39.815+0530][gc,heap     ] GC(504) Eden regions: 79->0(71)
[2025-03-28T20:07:39.815+0530][gc,heap     ] GC(504) Survivor regions: 3->6(11)
[2025-03-28T20:07:39.815+0530][gc,heap     ] GC(504) Old regions: 109->109
[2025-03-28T20:07:39.815+0530][gc,heap     ] GC(504) Archive regions: 2->2
[2025-03-28T20:07:39.816+0530][gc,heap     ] GC(504) Humongous regions: 149->147
[2025-03-28T20:07:39.816+0530][gc,metaspace] GC(504) Metaspace: 52866K(53568K)->52866K(53568K) NonClass: 46958K(47296K)->46958K(47296K) Class: 5908K(6272K)->5908K(6272K)
[2025-03-28T20:07:39.816+0530][gc          ] GC(504) Pause Young (Normal) (G1 Evacuation Pause) 340M->262M(1024M) 12.252ms
[2025-03-28T20:07:39.816+0530][gc,cpu      ] GC(504) User=0.02s Sys=0.00s Real=0.03s
[2025-03-28T20:07:42.572+0530][gc,start    ] GC(526) Pause Young (Normal) (G1 Evacuation Pause)
[2025-03-28T20:07:42.572+0530][gc,task     ] GC(526) Using 2 workers of 2 for evacuation
[2025-03-28T20:07:42.579+0530][gc,phases   ] GC(526)   Pre Evacuate Collection Set: 0.2ms
[2025-03-28T20:07:42.579+0530][gc,phases   ] GC(526)   Merge Heap Roots: 0.1ms
[2025-03-28T20:07:42.579+0530][gc,phases   ] GC(526)   Evacuate Collection Set: 6.4ms
[2025-03-28T20:07:42.579+0530][gc,phases   ] GC(526)   Post Evacuate Collection Set: 0.6ms
[2025-03-28T20:07:42.579+0530][gc,phases   ] GC(526)   Other: 0.1ms
[2025-03-28T20:07:42.579+0530][gc,heap     ] GC(526) Eden regions: 88->0(116)
[2025-03-28T20:07:42.579+0530][gc,heap     ] GC(526) Survivor regions: 2->3(12)
[2025-03-28T20:07:42.579+0530][gc,heap     ] GC(526) Old regions: 56->56
[2025-03-28T20:07:42.579+0530][gc,heap     ] GC(526) Archive regions: 2->2
[2025-03-28T20:07:42.579+0530][gc,heap     ] GC(526) Humongous regions: 151->149
[2025-03-28T20:07:42.579+0530][gc,metaspace] GC(526) Metaspace: 52733K(53376K)->52733K(53376K) NonClass: 46865K(47168K)->46865K(47168K) Class: 5867K(6208K)->5867K(6208K)
[2025-03-28T20:07:42.579+0530][gc          ] GC(526) Pause Young (Normal) (G1 Evacuation Pause) 297M->207M(1024M) 7.468ms
[2025-03-28T20:07:42.579+0530][gc,cpu      ] GC(526) User=0.01s Sys=0.01s Real=0.02s
[2025-03-28T20:07:43.694+0530][gc,start    ] GC(527) Pause Young (Normal) (G1 Evacuation Pause)
[2025-03-28T20:07:43.694+0530][gc,task     ] GC(527) Using 2 workers of 2 for evacuation
[2025-03-28T20:07:43.700+0530][gc,phases   ] GC(527)   Pre Evacuate Collection Set: 0.2ms
[2025-03-28T20:07:43.700+0530][gc,phases   ] GC(527)   Merge Heap Roots: 0.1ms
[2025-03-28T20:07:43.700+0530][gc,phases   ] GC(527)   Evacuate Collection Set: 4.9ms
[2025-03-28T20:07:43.700+0530][gc,phases   ] GC(527)   Post Evacuate Collection Set: 0.6ms
[2025-03-28T20:07:43.700+0530][gc,phases   ] GC(527)   Other: 0.2ms
[2025-03-28T20:07:43.700+0530][gc,heap     ] GC(527) Eden regions: 116->0(175)
[2025-03-28T20:07:43.700+0530][gc,heap     ] GC(527) Survivor regions: 3->3(15)
[2025-03-28T20:07:43.700+0530][gc,heap     ] GC(527) Old regions: 56->56
[2025-03-28T20:07:43.700+0530][gc,heap     ] GC(527) Archive regions: 2->2
[2025-03-28T20:07:43.700+0530][gc,heap     ] GC(527) Humongous regions: 151->149
[2025-03-28T20:07:43.700+0530][gc,metaspace] GC(527) Metaspace: 52733K(53376K)->52733K(53376K) NonClass: 46865K(47168K)->46865K(47168K) Class: 5867K(6208K)->5867K(6208K)
[2025-03-28T20:07:43.700+0530][gc          ] GC(527) Pause Young (Normal) (G1 Evacuation Pause) 325M->208M(1024M) 6.058ms
[2025-03-28T20:07:43.701+0530][gc,cpu      ] GC(527) User=0.01s Sys=0.00s Real=0.01s
[2025-03-28T20:07:48.421+0530][gc,start    ] GC(505) Pause Young (Normal) (G1 Evacuation Pause)
[2025-03-28T20:07:48.421+0530][gc,task     ] GC(505) Using 2 workers of 2 for evacuation
[2025-03-28T20:07:48.458+0530][gc,mmu      ] GC(505) MMU target violated: 21.0ms (20.0ms/21.0ms)
[2025-03-28T20:07:48.458+0530][gc,phases   ] GC(505)   Pre Evacuate Collection Set: 1.0ms
[2025-03-28T20:07:48.458+0530][gc,phases   ] GC(505)   Merge Heap Roots: 1.1ms
[2025-03-28T20:07:48.458+0530][gc,phases   ] GC(505)   Evacuate Collection Set: 32.3ms
[2025-03-28T20:07:48.458+0530][gc,phases   ] GC(505)   Post Evacuate Collection Set: 2.1ms
[2025-03-28T20:07:48.459+0530][gc,phases   ] GC(505)   Other: 0.8ms
[2025-03-28T20:07:48.459+0530][gc,heap     ] GC(505) Eden regions: 71->0(73)
[2025-03-28T20:07:48.459+0530][gc,heap     ] GC(505) Survivor regions: 6->3(10)
[2025-03-28T20:07:48.459+0530][gc,heap     ] GC(505) Old regions: 109->109
[2025-03-28T20:07:48.459+0530][gc,heap     ] GC(505) Archive regions: 2->2
[2025-03-28T20:07:48.459+0530][gc,heap     ] GC(505) Humongous regions: 149->147
[2025-03-28T20:07:48.459+0530][gc,metaspace] GC(505) Metaspace: 52866K(53568K)->52866K(53568K) NonClass: 46958K(47296K)->46958K(47296K) Class: 5908K(6272K)->5908K(6272K)
[2025-03-28T20:07:48.459+0530][gc          ] GC(505) Pause Young (Normal) (G1 Evacuation Pause) 335M->259M(1024M) 37.305ms
[2025-03-28T20:07:48.459+0530][gc,cpu      ] GC(505) User=0.02s Sys=0.02s Real=0.04s
[2025-03-28T20:07:48.694+0530][gc,start    ] GC(506) Pause Young (Normal) (G1 Evacuation Pause)
[2025-03-28T20:07:48.694+0530][gc,task     ] GC(506) Using 2 workers of 2 for evacuation
[2025-03-28T20:07:48.703+0530][gc,phases   ] GC(506)   Pre Evacuate Collection Set: 0.1ms
[2025-03-28T20:07:48.703+0530][gc,phases   ] GC(506)   Merge Heap Roots: 0.1ms
[2025-03-28T20:07:48.703+0530][gc,phases   ] GC(506)   Evacuate Collection Set: 7.1ms
[2025-03-28T20:07:48.703+0530][gc,phases   ] GC(506)   Post Evacuate Collection Set: 1.1ms
[2025-03-28T20:07:48.703+0530][gc,phases   ] GC(506)   Other: 0.2ms
[2025-03-28T20:07:48.703+0530][gc,heap     ] GC(506) Eden regions: 73->0(103)
[2025-03-28T20:07:48.703+0530][gc,heap     ] GC(506) Survivor regions: 3->3(10)
[2025-03-28T20:07:48.703+0530][gc,heap     ] GC(506) Old regions: 109->109
[2025-03-28T20:07:48.703+0530][gc,heap     ] GC(506) Archive regions: 2->2
[2025-03-28T20:07:48.703+0530][gc,heap     ] GC(506) Humongous regions: 149->149
[2025-03-28T20:07:48.703+0530][gc,metaspace] GC(506) Metaspace: 52866K(53568K)->52866K(53568K) NonClass: 46958K(47296K)->46958K(47296K) Class: 5908K(6272K)->5908K(6272K)
[2025-03-28T20:07:48.703+0530][gc          ] GC(506) Pause Young (Normal) (G1 Evacuation Pause) 334M->261M(1024M) 9.026ms
[2025-03-28T20:07:48.703+0530][gc,cpu      ] GC(506) User=0.01s Sys=0.00s Real=0.01s
[2025-03-28T20:07:49.831+0530][gc,start    ] GC(507) Pause Young (Normal) (G1 Evacuation Pause)
[2025-03-28T20:07:49.831+0530][gc,task     ] GC(507) Using 2 workers of 2 for evacuation
[2025-03-28T20:07:49.839+0530][gc,phases   ] GC(507)   Pre Evacuate Collection Set: 0.3ms
[2025-03-28T20:07:49.839+0530][gc,phases   ] GC(507)   Merge Heap Roots: 0.1ms
[2025-03-28T20:07:49.839+0530][gc,phases   ] GC(507)   Evacuate Collection Set: 6.1ms
[2025-03-28T20:07:49.839+0530][gc,phases   ] GC(507)   Post Evacuate Collection Set: 1.2ms
[2025-03-28T20:07:49.839+0530][gc,phases   ] GC(507)   Other: 0.2ms
[2025-03-28T20:07:49.839+0530][gc,heap     ] GC(507) Eden regions: 103->0(159)
[2025-03-28T20:07:49.839+0530][gc,heap     ] GC(507) Survivor regions: 3->3(14)
[2025-03-28T20:07:49.839+0530][gc,heap     ] GC(507) Old regions: 109->109
[2025-03-28T20:07:49.839+0530][gc,heap     ] GC(507) Archive regions: 2->2
[2025-03-28T20:07:49.839+0530][gc,heap     ] GC(507) Humongous regions: 151->149
[2025-03-28T20:07:49.839+0530][gc,metaspace] GC(507) Metaspace: 52866K(53568K)->52866K(53568K) NonClass: 46958K(47296K)->46958K(47296K) Class: 5908K(6272K)->5908K(6272K)
[2025-03-28T20:07:49.839+0530][gc          ] GC(507) Pause Young (Normal) (G1 Evacuation Pause) 366M->261M(1024M) 7.951ms
[2025-03-28T20:07:49.839+0530][gc,cpu      ] GC(507) User=0.01s Sys=0.00s Real=0.01s
[2025-03-28T20:07:53.659+0530][gc,start    ] GC(528) Pause Young (Normal) (G1 Evacuation Pause)
[2025-03-28T20:07:53.659+0530][gc,task     ] GC(528) Using 2 workers of 2 for evacuation
[2025-03-28T20:07:53.671+0530][gc,phases   ] GC(528)   Pre Evacuate Collection Set: 0.4ms
[2025-03-28T20:07:53.671+0530][gc,phases   ] GC(528)   Merge Heap Roots: 0.2ms
[2025-03-28T20:07:53.671+0530][gc,phases   ] GC(528)   Evacuate Collection Set: 10.0ms
[2025-03-28T20:07:53.671+0530][gc,phases   ] GC(528)   Post Evacuate Collection Set: 0.5ms
[2025-03-28T20:07:53.671+0530][gc,phases   ] GC(528)   Other: 0.2ms
[2025-03-28T20:07:53.671+0530][gc,heap     ] GC(528) Eden regions: 175->0(181)
[2025-03-28T20:07:53.671+0530][gc,heap     ] GC(528) Survivor regions: 3->6(23)
[2025-03-28T20:07:53.671+0530][gc,heap     ] GC(528) Old regions: 56->56
[2025-03-28T20:07:53.671+0530][gc,heap     ] GC(528) Archive regions: 2->2
[2025-03-28T20:07:53.671+0530][gc,heap     ] GC(528) Humongous regions: 151->147
[2025-03-28T20:07:53.671+0530][gc,metaspace] GC(528) Metaspace: 52733K(53376K)->52733K(53376K) NonClass: 46865K(47168K)->46865K(47168K) Class: 5867K(6208K)->5867K(6208K)
[2025-03-28T20:07:53.671+0530][gc          ] GC(528) Pause Young (Normal) (G1 Evacuation Pause) 385M->209M(1024M) 11.388ms
[2025-03-28T20:07:53.671+0530][gc,cpu      ] GC(528) User=0.02s Sys=0.00s Real=0.02s
[2025-03-28T20:07:59.652+0530][gc,start    ] GC(508) Pause Young (Normal) (G1 Evacuation Pause)
[2025-03-28T20:07:59.652+0530][gc,task     ] GC(508) Using 2 workers of 2 for evacuation
[2025-03-28T20:07:59.664+0530][gc,phases   ] GC(508)   Pre Evacuate Collection Set: 0.2ms
[2025-03-28T20:07:59.664+0530][gc,phases   ] GC(508)   Merge Heap Roots: 0.2ms
[2025-03-28T20:07:59.664+0530][gc,phases   ] GC(508)   Evacuate Collection Set: 7.7ms
[2025-03-28T20:07:59.664+0530][gc,phases   ] GC(508)   Post Evacuate Collection Set: 3.5ms
[2025-03-28T20:07:59.664+0530][gc,phases   ] GC(508)   Other: 0.2ms
[2025-03-28T20:07:59.664+0530][gc,heap     ] GC(508) Eden regions: 148->0(238)
[2025-03-28T20:07:59.664+0530][gc,heap     ] GC(508) Survivor regions: 3->2(19)
[2025-03-28T20:07:59.664+0530][gc,heap     ] GC(508) Old regions: 109->109
[2025-03-28T20:07:59.664+0530][gc,heap     ] GC(508) Archive regions: 2->2
[2025-03-28T20:07:59.664+0530][gc,heap     ] GC(508) Humongous regions: 151->147
[2025-03-28T20:07:59.664+0530][gc,metaspace] GC(508) Metaspace: 52866K(53568K)->52866K(53568K) NonClass: 46958K(47296K)->46958K(47296K) Class: 5908K(6272K)->5908K(6272K)
[2025-03-28T20:07:59.664+0530][gc          ] GC(508) Pause Young (Normal) (G1 Evacuation Pause) 411M->258M(1024M) 12.054ms
[2025-03-28T20:07:59.664+0530][gc,cpu      ] GC(508) User=0.01s Sys=0.00s Real=0.01s
[2025-03-28T20:08:03.551+0530][gc,start    ] GC(529) Pause Young (Normal) (G1 Evacuation Pause)
[2025-03-28T20:08:03.551+0530][gc,task     ] GC(529) Using 2 workers of 2 for evacuation
[2025-03-28T20:08:03.563+0530][gc,phases   ] GC(529)   Pre Evacuate Collection Set: 0.3ms
[2025-03-28T20:08:03.563+0530][gc,phases   ] GC(529)   Merge Heap Roots: 0.2ms
[2025-03-28T20:08:03.563+0530][gc,phases   ] GC(529)   Evacuate Collection Set: 10.7ms
[2025-03-28T20:08:03.563+0530][gc,phases   ] GC(529)   Post Evacuate Collection Set: 0.8ms
[2025-03-28T20:08:03.563+0530][gc,phases   ] GC(529)   Other: 0.7ms
[2025-03-28T20:08:03.563+0530][gc,heap     ] GC(529) Eden regions: 181->0(179)
[2025-03-28T20:08:03.563+0530][gc,heap     ] GC(529) Survivor regions: 6->3(24)
[2025-03-28T20:08:03.563+0530][gc,heap     ] GC(529) Old regions: 56->56
[2025-03-28T20:08:03.563+0530][gc,heap     ] GC(529) Archive regions: 2->2
[2025-03-28T20:08:03.563+0530][gc,heap     ] GC(529) Humongous regions: 151->147
[2025-03-28T20:08:03.563+0530][gc,metaspace] GC(529) Metaspace: 52744K(53376K)->52744K(53376K) NonClass: 46876K(47168K)->46876K(47168K) Class: 5867K(6208K)->5867K(6208K)
[2025-03-28T20:08:03.564+0530][gc          ] GC(529) Pause Young (Normal) (G1 Evacuation Pause) 394M->205M(1024M) 12.985ms
[2025-03-28T20:08:03.564+0530][gc,cpu      ] GC(529) User=0.02s Sys=0.00s Real=0.01s
[2025-03-28T20:08:08.778+0530][gc,start    ] GC(509) Pause Young (Normal) (G1 Evacuation Pause)
[2025-03-28T20:08:08.778+0530][gc,task     ] GC(509) Using 2 workers of 2 for evacuation
[2025-03-28T20:08:08.790+0530][gc,phases   ] GC(509)   Pre Evacuate Collection Set: 0.2ms
[2025-03-28T20:08:08.790+0530][gc,phases   ] GC(509)   Merge Heap Roots: 0.1ms
[2025-03-28T20:08:08.790+0530][gc,phases   ] GC(509)   Evacuate Collection Set: 10.6ms
[2025-03-28T20:08:08.790+0530][gc,phases   ] GC(509)   Post Evacuate Collection Set: 0.6ms
[2025-03-28T20:08:08.790+0530][gc,phases   ] GC(509)   Other: 0.1ms
[2025-03-28T20:08:08.790+0530][gc,heap     ] GC(509) Eden regions: 180->0(263)
[2025-03-28T20:08:08.790+0530][gc,heap     ] GC(509) Survivor regions: 2->4(23)
[2025-03-28T20:08:08.790+0530][gc,heap     ] GC(509) Old regions: 109->109
[2025-03-28T20:08:08.790+0530][gc,heap     ] GC(509) Archive regions: 2->2
[2025-03-28T20:08:08.790+0530][gc,heap     ] GC(509) Humongous regions: 151->149
[2025-03-28T20:08:08.790+0530][gc,metaspace] GC(509) Metaspace: 52866K(53568K)->52866K(53568K) NonClass: 46958K(47296K)->46958K(47296K) Class: 5908K(6272K)->5908K(6272K)
[2025-03-28T20:08:08.790+0530][gc          ] GC(509) Pause Young (Normal) (G1 Evacuation Pause) 442M->262M(1024M) 11.887ms
[2025-03-28T20:08:08.790+0530][gc,cpu      ] GC(509) User=0.01s Sys=0.00s Real=0.01s
[2025-03-28T20:08:12.532+0530][gc,start    ] GC(530) Pause Young (Normal) (G1 Evacuation Pause)
[2025-03-28T20:08:12.532+0530][gc,task     ] GC(530) Using 2 workers of 2 for evacuation
[2025-03-28T20:08:12.560+0530][gc,mmu      ] GC(530) MMU target violated: 21.0ms (20.0ms/21.0ms)
[2025-03-28T20:08:12.560+0530][gc,phases   ] GC(530)   Pre Evacuate Collection Set: 0.4ms
[2025-03-28T20:08:12.560+0530][gc,phases   ] GC(530)   Merge Heap Roots: 0.1ms
[2025-03-28T20:08:12.560+0530][gc,phases   ] GC(530)   Evacuate Collection Set: 26.1ms
[2025-03-28T20:08:12.560+0530][gc,phases   ] GC(530)   Post Evacuate Collection Set: 0.8ms
[2025-03-28T20:08:12.560+0530][gc,phases   ] GC(530)   Other: 0.2ms
[2025-03-28T20:08:12.560+0530][gc,heap     ] GC(530) Eden regions: 179->0(68)
[2025-03-28T20:08:12.560+0530][gc,heap     ] GC(530) Survivor regions: 3->4(23)
[2025-03-28T20:08:12.560+0530][gc,heap     ] GC(530) Old regions: 56->56
[2025-03-28T20:08:12.560+0530][gc,heap     ] GC(530) Archive regions: 2->2
[2025-03-28T20:08:12.560+0530][gc,heap     ] GC(530) Humongous regions: 151->149
[2025-03-28T20:08:12.560+0530][gc,metaspace] GC(530) Metaspace: 52744K(53376K)->52744K(53376K) NonClass: 46876K(47168K)->46876K(47168K) Class: 5867K(6208K)->5867K(6208K)
[2025-03-28T20:08:12.560+0530][gc          ] GC(530) Pause Young (Normal) (G1 Evacuation Pause) 388M->208M(1024M) 27.754ms
[2025-03-28T20:08:12.560+0530][gc,cpu      ] GC(530) User=0.03s Sys=0.01s Real=0.03s
[2025-03-28T20:08:13.603+0530][gc,start    ] GC(531) Pause Young (Normal) (G1 Evacuation Pause)
[2025-03-28T20:08:13.603+0530][gc,task     ] GC(531) Using 2 workers of 2 for evacuation
[2025-03-28T20:08:13.610+0530][gc,phases   ] GC(531)   Pre Evacuate Collection Set: 0.2ms
[2025-03-28T20:08:13.611+0530][gc,phases   ] GC(531)   Merge Heap Roots: 0.1ms
[2025-03-28T20:08:13.611+0530][gc,phases   ] GC(531)   Evacuate Collection Set: 6.6ms
[2025-03-28T20:08:13.611+0530][gc,phases   ] GC(531)   Post Evacuate Collection Set: 0.5ms
[2025-03-28T20:08:13.611+0530][gc,phases   ] GC(531)   Other: 0.1ms
[2025-03-28T20:08:13.611+0530][gc,heap     ] GC(531) Eden regions: 68->0(45)
[2025-03-28T20:08:13.611+0530][gc,heap     ] GC(531) Survivor regions: 4->6(9)
[2025-03-28T20:08:13.611+0530][gc,heap     ] GC(531) Old regions: 56->56
[2025-03-28T20:08:13.611+0530][gc,heap     ] GC(531) Archive regions: 2->2
[2025-03-28T20:08:13.611+0530][gc,heap     ] GC(531) Humongous regions: 149->147
[2025-03-28T20:08:13.611+0530][gc,metaspace] GC(531) Metaspace: 52744K(53376K)->52744K(53376K) NonClass: 46876K(47168K)->46876K(47168K) Class: 5867K(6208K)->5867K(6208K)
[2025-03-28T20:08:13.611+0530][gc          ] GC(531) Pause Young (Normal) (G1 Evacuation Pause) 276M->209M(1024M) 7.782ms
[2025-03-28T20:08:13.611+0530][gc,cpu      ] GC(531) User=0.02s Sys=0.00s Real=0.01s
[2025-03-28T20:08:13.691+0530][gc,start    ] GC(532) Pause Young (Normal) (G1 Evacuation Pause)
[2025-03-28T20:08:13.691+0530][gc,task     ] GC(532) Using 2 workers of 2 for evacuation
[2025-03-28T20:08:13.705+0530][gc,phases   ] GC(532)   Pre Evacuate Collection Set: 0.3ms
[2025-03-28T20:08:13.705+0530][gc,phases   ] GC(532)   Merge Heap Roots: 0.3ms
[2025-03-28T20:08:13.705+0530][gc,phases   ] GC(532)   Evacuate Collection Set: 12.9ms
[2025-03-28T20:08:13.705+0530][gc,phases   ] GC(532)   Post Evacuate Collection Set: 0.5ms
[2025-03-28T20:08:13.705+0530][gc,phases   ] GC(532)   Other: 0.1ms
[2025-03-28T20:08:13.705+0530][gc,heap     ] GC(532) Eden regions: 45->0(137)
[2025-03-28T20:08:13.705+0530][gc,heap     ] GC(532) Survivor regions: 6->2(7)
[2025-03-28T20:08:13.705+0530][gc,heap     ] GC(532) Old regions: 56->57
[2025-03-28T20:08:13.705+0530][gc,heap     ] GC(532) Archive regions: 2->2
[2025-03-28T20:08:13.705+0530][gc,heap     ] GC(532) Humongous regions: 149->149
[2025-03-28T20:08:13.705+0530][gc,metaspace] GC(532) Metaspace: 52744K(53376K)->52744K(53376K) NonClass: 46876K(47168K)->46876K(47168K) Class: 5867K(6208K)->5867K(6208K)
[2025-03-28T20:08:13.705+0530][gc          ] GC(532) Pause Young (Normal) (G1 Evacuation Pause) 256M->208M(1024M) 14.188ms
[2025-03-28T20:08:13.705+0530][gc,cpu      ] GC(532) User=0.01s Sys=0.00s Real=0.02s
[2025-03-28T20:08:18.614+0530][gc,start    ] GC(510) Pause Young (Normal) (G1 Evacuation Pause)
[2025-03-28T20:08:18.614+0530][gc,task     ] GC(510) Using 2 workers of 2 for evacuation
[2025-03-28T20:08:18.624+0530][gc,phases   ] GC(510)   Pre Evacuate Collection Set: 0.2ms
[2025-03-28T20:08:18.624+0530][gc,phases   ] GC(510)   Merge Heap Roots: 0.1ms
[2025-03-28T20:08:18.624+0530][gc,phases   ] GC(510)   Evacuate Collection Set: 9.5ms
[2025-03-28T20:08:18.625+0530][gc,phases   ] GC(510)   Post Evacuate Collection Set: 0.6ms
[2025-03-28T20:08:18.625+0530][gc,phases   ] GC(510)   Other: 0.2ms
[2025-03-28T20:08:18.625+0530][gc,heap     ] GC(510) Eden regions: 174->0(321)
[2025-03-28T20:08:18.625+0530][gc,heap     ] GC(510) Survivor regions: 4->5(23)
[2025-03-28T20:08:18.625+0530][gc,heap     ] GC(510) Old regions: 109->109
[2025-03-28T20:08:18.625+0530][gc,heap     ] GC(510) Archive regions: 2->2
[2025-03-28T20:08:18.625+0530][gc,heap     ] GC(510) Humongous regions: 151->147
[2025-03-28T20:08:18.625+0530][gc,metaspace] GC(510) Metaspace: 52867K(53568K)->52867K(53568K) NonClass: 46959K(47296K)->46959K(47296K) Class: 5908K(6272K)->5908K(6272K)
[2025-03-28T20:08:18.625+0530][gc          ] GC(510) Pause Young (Normal) (G1 Evacuation Pause) 438M->261M(1024M) 10.700ms
[2025-03-28T20:08:18.625+0530][gc,cpu      ] GC(510) User=0.01s Sys=0.00s Real=0.01s
[2025-03-28T20:08:23.494+0530][gc,start    ] GC(533) Pause Young (Normal) (G1 Evacuation Pause)
[2025-03-28T20:08:23.494+0530][gc,task     ] GC(533) Using 2 workers of 2 for evacuation
[2025-03-28T20:08:23.501+0530][gc,phases   ] GC(533)   Pre Evacuate Collection Set: 0.4ms
[2025-03-28T20:08:23.501+0530][gc,phases   ] GC(533)   Merge Heap Roots: 1.0ms
[2025-03-28T20:08:23.501+0530][gc,phases   ] GC(533)   Evacuate Collection Set: 4.6ms
[2025-03-28T20:08:23.501+0530][gc,phases   ] GC(533)   Post Evacuate Collection Set: 0.8ms
[2025-03-28T20:08:23.501+0530][gc,phases   ] GC(533)   Other: 0.2ms
[2025-03-28T20:08:23.501+0530][gc,heap     ] GC(533) Eden regions: 137->0(246)
[2025-03-28T20:08:23.501+0530][gc,heap     ] GC(533) Survivor regions: 2->1(18)
[2025-03-28T20:08:23.501+0530][gc,heap     ] GC(533) Old regions: 57->57
[2025-03-28T20:08:23.501+0530][gc,heap     ] GC(533) Archive regions: 2->2
[2025-03-28T20:08:23.501+0530][gc,heap     ] GC(533) Humongous regions: 151->147
[2025-03-28T20:08:23.501+0530][gc,metaspace] GC(533) Metaspace: 52744K(53376K)->52744K(53376K) NonClass: 46876K(47168K)->46876K(47168K) Class: 5867K(6208K)->5867K(6208K)
[2025-03-28T20:08:23.501+0530][gc          ] GC(533) Pause Young (Normal) (G1 Evacuation Pause) 347M->205M(1024M) 7.345ms
[2025-03-28T20:08:23.501+0530][gc,cpu      ] GC(533) User=0.01s Sys=0.00s Real=0.01s
[2025-03-28T20:08:28.566+0530][gc,start    ] GC(511) Pause Young (Normal) (G1 Evacuation Pause)
[2025-03-28T20:08:28.566+0530][gc,task     ] GC(511) Using 2 workers of 2 for evacuation
[2025-03-28T20:08:28.580+0530][gc,phases   ] GC(511)   Pre Evacuate Collection Set: 0.3ms
[2025-03-28T20:08:28.580+0530][gc,phases   ] GC(511)   Merge Heap Roots: 0.3ms
[2025-03-28T20:08:28.580+0530][gc,phases   ] GC(511)   Evacuate Collection Set: 12.3ms
[2025-03-28T20:08:28.580+0530][gc,phases   ] GC(511)   Post Evacuate Collection Set: 1.0ms
[2025-03-28T20:08:28.580+0530][gc,phases   ] GC(511)   Other: 0.2ms
[2025-03-28T20:08:28.580+0530][gc,heap     ] GC(511) Eden regions: 194->0(400)
[2025-03-28T20:08:28.580+0530][gc,heap     ] GC(511) Survivor regions: 5->3(25)
[2025-03-28T20:08:28.580+0530][gc,heap     ] GC(511) Old regions: 109->109
[2025-03-28T20:08:28.580+0530][gc,heap     ] GC(511) Archive regions: 2->2
[2025-03-28T20:08:28.580+0530][gc,heap     ] GC(511) Humongous regions: 151->147
[2025-03-28T20:08:28.580+0530][gc,metaspace] GC(511) Metaspace: 52872K(53568K)->52872K(53568K) NonClass: 46963K(47296K)->46963K(47296K) Class: 5908K(6272K)->5908K(6272K)
[2025-03-28T20:08:28.580+0530][gc          ] GC(511) Pause Young (Normal) (G1 Evacuation Pause) 459M->259M(1024M) 14.317ms
[2025-03-28T20:08:28.580+0530][gc,cpu      ] GC(511) User=0.02s Sys=0.00s Real=0.01s
[2025-03-28T20:08:33.600+0530][gc,start    ] GC(534) Pause Young (Normal) (G1 Evacuation Pause)
[2025-03-28T20:08:33.600+0530][gc,task     ] GC(534) Using 2 workers of 2 for evacuation
[2025-03-28T20:08:33.608+0530][gc,phases   ] GC(534)   Pre Evacuate Collection Set: 0.2ms
[2025-03-28T20:08:33.608+0530][gc,phases   ] GC(534)   Merge Heap Roots: 0.1ms
[2025-03-28T20:08:33.608+0530][gc,phases   ] GC(534)   Evacuate Collection Set: 7.0ms
[2025-03-28T20:08:33.608+0530][gc,phases   ] GC(534)   Post Evacuate Collection Set: 0.9ms
[2025-03-28T20:08:33.608+0530][gc,phases   ] GC(534)   Other: 0.1ms
[2025-03-28T20:08:33.608+0530][gc,heap     ] GC(534) Eden regions: 246->0(249)
[2025-03-28T20:08:33.608+0530][gc,heap     ] GC(534) Survivor regions: 1->5(31)
[2025-03-28T20:08:33.608+0530][gc,heap     ] GC(534) Old regions: 57->57
[2025-03-28T20:08:33.608+0530][gc,heap     ] GC(534) Archive regions: 2->2
[2025-03-28T20:08:33.608+0530][gc,heap     ] GC(534) Humongous regions: 151->147
[2025-03-28T20:08:33.608+0530][gc,metaspace] GC(534) Metaspace: 52744K(53376K)->52744K(53376K) NonClass: 46876K(47168K)->46876K(47168K) Class: 5867K(6208K)->5867K(6208K)
[2025-03-28T20:08:33.608+0530][gc          ] GC(534) Pause Young (Normal) (G1 Evacuation Pause) 455M->209M(1024M) 8.406ms
[2025-03-28T20:08:33.608+0530][gc,cpu      ] GC(534) User=0.01s Sys=0.01s Real=0.01s
[2025-03-28T20:08:38.549+0530][gc,start    ] GC(512) Pause Young (Normal) (G1 Evacuation Pause)
[2025-03-28T20:08:38.549+0530][gc,task     ] GC(512) Using 2 workers of 2 for evacuation
[2025-03-28T20:08:38.576+0530][gc,mmu      ] GC(512) MMU target violated: 21.0ms (20.0ms/21.0ms)
[2025-03-28T20:08:38.576+0530][gc,phases   ] GC(512)   Pre Evacuate Collection Set: 0.6ms
[2025-03-28T20:08:38.576+0530][gc,phases   ] GC(512)   Merge Heap Roots: 0.6ms
[2025-03-28T20:08:38.576+0530][gc,phases   ] GC(512)   Evacuate Collection Set: 24.0ms
[2025-03-28T20:08:38.576+0530][gc,phases   ] GC(512)   Post Evacuate Collection Set: 1.2ms
[2025-03-28T20:08:38.576+0530][gc,phases   ] GC(512)   Other: 0.4ms
[2025-03-28T20:08:38.576+0530][gc,heap     ] GC(512) Eden regions: 220->0(48)
[2025-03-28T20:08:38.576+0530][gc,heap     ] GC(512) Survivor regions: 3->3(28)
[2025-03-28T20:08:38.576+0530][gc,heap     ] GC(512) Old regions: 109->109
[2025-03-28T20:08:38.576+0530][gc,heap     ] GC(512) Archive regions: 2->2
[2025-03-28T20:08:38.576+0530][gc,heap     ] GC(512) Humongous regions: 151->147
[2025-03-28T20:08:38.576+0530][gc,metaspace] GC(512) Metaspace: 52872K(53568K)->52872K(53568K) NonClass: 46963K(47296K)->46963K(47296K) Class: 5908K(6272K)->5908K(6272K)
[2025-03-28T20:08:38.576+0530][gc          ] GC(512) Pause Young (Normal) (G1 Evacuation Pause) 483M->259M(1024M) 26.783ms
[2025-03-28T20:08:38.576+0530][gc,cpu      ] GC(512) User=0.03s Sys=0.00s Real=0.03s
[2025-03-28T20:08:38.659+0530][gc,start    ] GC(513) Pause Young (Normal) (G1 Evacuation Pause)
[2025-03-28T20:08:38.659+0530][gc,task     ] GC(513) Using 2 workers of 2 for evacuation
[2025-03-28T20:08:38.694+0530][gc,mmu      ] GC(513) MMU target violated: 21.0ms (20.0ms/21.0ms)
[2025-03-28T20:08:38.694+0530][gc,phases   ] GC(513)   Pre Evacuate Collection Set: 0.3ms
[2025-03-28T20:08:38.694+0530][gc,phases   ] GC(513)   Merge Heap Roots: 0.2ms
[2025-03-28T20:08:38.694+0530][gc,phases   ] GC(513)   Evacuate Collection Set: 33.8ms
[2025-03-28T20:08:38.694+0530][gc,phases   ] GC(513)   Post Evacuate Collection Set: 1.0ms
[2025-03-28T20:08:38.694+0530][gc,phases   ] GC(513)   Other: 0.3ms
[2025-03-28T20:08:38.694+0530][gc,heap     ] GC(513) Eden regions: 48->0(44)
[2025-03-28T20:08:38.694+0530][gc,heap     ] GC(513) Survivor regions: 3->7(7)
[2025-03-28T20:08:38.694+0530][gc,heap     ] GC(513) Old regions: 109->110
[2025-03-28T20:08:38.694+0530][gc,heap     ] GC(513) Archive regions: 2->2
[2025-03-28T20:08:38.694+0530][gc,heap     ] GC(513) Humongous regions: 147->147
[2025-03-28T20:08:38.694+0530][gc,metaspace] GC(513) Metaspace: 52872K(53568K)->52872K(53568K) NonClass: 46963K(47296K)->46963K(47296K) Class: 5908K(6272K)->5908K(6272K)
[2025-03-28T20:08:38.694+0530][gc          ] GC(513) Pause Young (Normal) (G1 Evacuation Pause) 307M->264M(1024M) 35.741ms
[2025-03-28T20:08:38.694+0530][gc,cpu      ] GC(513) User=0.03s Sys=0.00s Real=0.03s
[2025-03-28T20:08:38.775+0530][gc,start    ] GC(514) Pause Young (Normal) (G1 Evacuation Pause)
[2025-03-28T20:08:38.775+0530][gc,task     ] GC(514) Using 2 workers of 2 for evacuation
[2025-03-28T20:08:38.785+0530][gc,phases   ] GC(514)   Pre Evacuate Collection Set: 0.3ms
[2025-03-28T20:08:38.785+0530][gc,phases   ] GC(514)   Merge Heap Roots: 0.2ms
[2025-03-28T20:08:38.785+0530][gc,phases   ] GC(514)   Evacuate Collection Set: 8.9ms
[2025-03-28T20:08:38.785+0530][gc,phases   ] GC(514)   Post Evacuate Collection Set: 0.7ms
[2025-03-28T20:08:38.785+0530][gc,phases   ] GC(514)   Other: 0.1ms
[2025-03-28T20:08:38.785+0530][gc,heap     ] GC(514) Eden regions: 44->0(49)
[2025-03-28T20:08:38.785+0530][gc,heap     ] GC(514) Survivor regions: 7->2(7)
[2025-03-28T20:08:38.785+0530][gc,heap     ] GC(514) Old regions: 110->113
[2025-03-28T20:08:38.785+0530][gc,heap     ] GC(514) Archive regions: 2->2
[2025-03-28T20:08:38.785+0530][gc,heap     ] GC(514) Humongous regions: 149->149
[2025-03-28T20:08:38.785+0530][gc,metaspace] GC(514) Metaspace: 52872K(53568K)->52872K(53568K) NonClass: 46963K(47296K)->46963K(47296K) Class: 5908K(6272K)->5908K(6272K)
[2025-03-28T20:08:38.785+0530][gc          ] GC(514) Pause Young (Normal) (G1 Evacuation Pause) 310M->264M(1024M) 10.381ms
[2025-03-28T20:08:38.785+0530][gc,cpu      ] GC(514) User=0.01s Sys=0.00s Real=0.01s
[2025-03-28T20:08:39.770+0530][gc,start    ] GC(515) Pause Young (Normal) (G1 Evacuation Pause)
[2025-03-28T20:08:39.770+0530][gc,task     ] GC(515) Using 2 workers of 2 for evacuation
[2025-03-28T20:08:39.777+0530][gc,phases   ] GC(515)   Pre Evacuate Collection Set: 0.2ms
[2025-03-28T20:08:39.778+0530][gc,phases   ] GC(515)   Merge Heap Roots: 0.1ms
[2025-03-28T20:08:39.778+0530][gc,phases   ] GC(515)   Evacuate Collection Set: 6.7ms
[2025-03-28T20:08:39.778+0530][gc,phases   ] GC(515)   Post Evacuate Collection Set: 0.6ms
[2025-03-28T20:08:39.778+0530][gc,phases   ] GC(515)   Other: 0.3ms
[2025-03-28T20:08:39.778+0530][gc,heap     ] GC(515) Eden regions: 49->0(46)
[2025-03-28T20:08:39.778+0530][gc,heap     ] GC(515) Survivor regions: 2->5(7)
[2025-03-28T20:08:39.778+0530][gc,heap     ] GC(515) Old regions: 113->113
[2025-03-28T20:08:39.778+0530][gc,heap     ] GC(515) Archive regions: 2->2
[2025-03-28T20:08:39.778+0530][gc,heap     ] GC(515) Humongous regions: 149->147
[2025-03-28T20:08:39.778+0530][gc,metaspace] GC(515) Metaspace: 52872K(53568K)->52872K(53568K) NonClass: 46963K(47296K)->46963K(47296K) Class: 5908K(6272K)->5908K(6272K)
[2025-03-28T20:08:39.778+0530][gc          ] GC(515) Pause Young (Normal) (G1 Evacuation Pause) 313M->264M(1024M) 7.995ms
[2025-03-28T20:08:39.778+0530][gc,cpu      ] GC(515) User=0.01s Sys=0.00s Real=0.01s
[2025-03-28T20:08:39.857+0530][gc,start    ] GC(516) Pause Young (Normal) (G1 Evacuation Pause)
[2025-03-28T20:08:39.857+0530][gc,task     ] GC(516) Using 2 workers of 2 for evacuation
[2025-03-28T20:08:39.862+0530][gc,phases   ] GC(516)   Pre Evacuate Collection Set: 0.1ms
[2025-03-28T20:08:39.862+0530][gc,phases   ] GC(516)   Merge Heap Roots: 0.1ms
[2025-03-28T20:08:39.862+0530][gc,phases   ] GC(516)   Evacuate Collection Set: 4.0ms
[2025-03-28T20:08:39.862+0530][gc,phases   ] GC(516)   Post Evacuate Collection Set: 0.4ms
[2025-03-28T20:08:39.862+0530][gc,phases   ] GC(516)   Other: 0.2ms
[2025-03-28T20:08:39.862+0530][gc,heap     ] GC(516) Eden regions: 46->0(99)
[2025-03-28T20:08:39.862+0530][gc,heap     ] GC(516) Survivor regions: 5->2(7)
[2025-03-28T20:08:39.862+0530][gc,heap     ] GC(516) Old regions: 113->114
[2025-03-28T20:08:39.862+0530][gc,heap     ] GC(516) Archive regions: 2->2
[2025-03-28T20:08:39.862+0530][gc,heap     ] GC(516) Humongous regions: 149->149
[2025-03-28T20:08:39.862+0530][gc,metaspace] GC(516) Metaspace: 52872K(53568K)->52872K(53568K) NonClass: 46963K(47296K)->46963K(47296K) Class: 5908K(6272K)->5908K(6272K)
[2025-03-28T20:08:39.862+0530][gc          ] GC(516) Pause Young (Normal) (G1 Evacuation Pause) 312M->265M(1024M) 4.801ms
[2025-03-28T20:08:39.862+0530][gc,cpu      ] GC(516) User=0.01s Sys=0.00s Real=0.00s
[2025-03-28T20:08:43.603+0530][gc,start    ] GC(535) Pause Young (Normal) (G1 Evacuation Pause)
[2025-03-28T20:08:43.603+0530][gc,task     ] GC(535) Using 2 workers of 2 for evacuation
[2025-03-28T20:08:43.614+0530][gc,phases   ] GC(535)   Pre Evacuate Collection Set: 0.1ms
[2025-03-28T20:08:43.614+0530][gc,phases   ] GC(535)   Merge Heap Roots: 0.1ms
[2025-03-28T20:08:43.614+0530][gc,phases   ] GC(535)   Evacuate Collection Set: 10.3ms
[2025-03-28T20:08:43.614+0530][gc,phases   ] GC(535)   Post Evacuate Collection Set: 0.8ms
[2025-03-28T20:08:43.614+0530][gc,phases   ] GC(535)   Other: 0.2ms
[2025-03-28T20:08:43.614+0530][gc,heap     ] GC(535) Eden regions: 243->0(101)
[2025-03-28T20:08:43.614+0530][gc,heap     ] GC(535) Survivor regions: 5->8(31)
[2025-03-28T20:08:43.614+0530][gc,heap     ] GC(535) Old regions: 57->57
[2025-03-28T20:08:43.614+0530][gc,heap     ] GC(535) Archive regions: 2->2
[2025-03-28T20:08:43.614+0530][gc,heap     ] GC(535) Humongous regions: 151->147
[2025-03-28T20:08:43.614+0530][gc,metaspace] GC(535) Metaspace: 52744K(53376K)->52744K(53376K) NonClass: 46876K(47168K)->46876K(47168K) Class: 5867K(6208K)->5867K(6208K)
[2025-03-28T20:08:43.614+0530][gc          ] GC(535) Pause Young (Normal) (G1 Evacuation Pause) 456M->212M(1024M) 11.673ms
[2025-03-28T20:08:43.614+0530][gc,cpu      ] GC(535) User=0.02s Sys=0.01s Real=0.01s
[2025-03-28T20:08:48.698+0530][gc,start    ] GC(517) Pause Young (Normal) (G1 Evacuation Pause)
[2025-03-28T20:08:48.698+0530][gc,task     ] GC(517) Using 2 workers of 2 for evacuation
[2025-03-28T20:08:48.711+0530][gc,phases   ] GC(517)   Pre Evacuate Collection Set: 0.3ms
[2025-03-28T20:08:48.711+0530][gc,phases   ] GC(517)   Merge Heap Roots: 0.2ms
[2025-03-28T20:08:48.711+0530][gc,phases   ] GC(517)   Evacuate Collection Set: 12.3ms
[2025-03-28T20:08:48.711+0530][gc,phases   ] GC(517)   Post Evacuate Collection Set: 0.7ms
[2025-03-28T20:08:48.711+0530][gc,phases   ] GC(517)   Other: 0.2ms
[2025-03-28T20:08:48.711+0530][gc,heap     ] GC(517) Eden regions: 99->0(114)
[2025-03-28T20:08:48.711+0530][gc,heap     ] GC(517) Survivor regions: 2->3(13)
[2025-03-28T20:08:48.711+0530][gc,heap     ] GC(517) Old regions: 114->114
[2025-03-28T20:08:48.711+0530][gc,heap     ] GC(517) Archive regions: 2->2
[2025-03-28T20:08:48.711+0530][gc,heap     ] GC(517) Humongous regions: 151->149
[2025-03-28T20:08:48.711+0530][gc,metaspace] GC(517) Metaspace: 52875K(53568K)->52875K(53568K) NonClass: 46967K(47296K)->46967K(47296K) Class: 5908K(6272K)->5908K(6272K)
[2025-03-28T20:08:48.711+0530][gc          ] GC(517) Pause Young (Normal) (G1 Evacuation Pause) 366M->266M(1024M) 13.750ms
[2025-03-28T20:08:48.711+0530][gc,cpu      ] GC(517) User=0.01s Sys=0.00s Real=0.01s
[2025-03-28T20:08:49.778+0530][gc,start    ] GC(518) Pause Young (Normal) (G1 Evacuation Pause)
[2025-03-28T20:08:49.778+0530][gc,task     ] GC(518) Using 2 workers of 2 for evacuation
[2025-03-28T20:08:49.791+0530][gc,phases   ] GC(518)   Pre Evacuate Collection Set: 0.3ms
[2025-03-28T20:08:49.791+0530][gc,phases   ] GC(518)   Merge Heap Roots: 0.2ms
[2025-03-28T20:08:49.791+0530][gc,phases   ] GC(518)   Evacuate Collection Set: 11.6ms
[2025-03-28T20:08:49.791+0530][gc,phases   ] GC(518)   Post Evacuate Collection Set: 0.9ms
[2025-03-28T20:08:49.791+0530][gc,phases   ] GC(518)   Other: 0.1ms
[2025-03-28T20:08:49.791+0530][gc,heap     ] GC(518) Eden regions: 114->0(182)
[2025-03-28T20:08:49.791+0530][gc,heap     ] GC(518) Survivor regions: 3->3(15)
[2025-03-28T20:08:49.791+0530][gc,heap     ] GC(518) Old regions: 114->114
[2025-03-28T20:08:49.791+0530][gc,heap     ] GC(518) Archive regions: 2->2
[2025-03-28T20:08:49.791+0530][gc,heap     ] GC(518) Humongous regions: 151->149
[2025-03-28T20:08:49.791+0530][gc,metaspace] GC(518) Metaspace: 52875K(53568K)->52875K(53568K) NonClass: 46967K(47296K)->46967K(47296K) Class: 5908K(6272K)->5908K(6272K)
[2025-03-28T20:08:49.791+0530][gc          ] GC(518) Pause Young (Normal) (G1 Evacuation Pause) 382M->265M(1024M) 13.298ms
[2025-03-28T20:08:49.791+0530][gc,cpu      ] GC(518) User=0.02s Sys=0.00s Real=0.01s
[2025-03-28T20:08:52.505+0530][gc,start    ] GC(536) Pause Young (Normal) (G1 Evacuation Pause)
[2025-03-28T20:08:52.505+0530][gc,task     ] GC(536) Using 2 workers of 2 for evacuation
[2025-03-28T20:08:52.518+0530][gc,phases   ] GC(536)   Pre Evacuate Collection Set: 0.2ms
[2025-03-28T20:08:52.518+0530][gc,phases   ] GC(536)   Merge Heap Roots: 0.1ms
[2025-03-28T20:08:52.518+0530][gc,phases   ] GC(536)   Evacuate Collection Set: 11.7ms
[2025-03-28T20:08:52.518+0530][gc,phases   ] GC(536)   Post Evacuate Collection Set: 0.7ms
[2025-03-28T20:08:52.518+0530][gc,phases   ] GC(536)   Other: 0.1ms
[2025-03-28T20:08:52.518+0530][gc,heap     ] GC(536) Eden regions: 101->0(266)
[2025-03-28T20:08:52.518+0530][gc,heap     ] GC(536) Survivor regions: 8->7(14)
[2025-03-28T20:08:52.518+0530][gc,heap     ] GC(536) Old regions: 57->58
[2025-03-28T20:08:52.518+0530][gc,heap     ] GC(536) Archive regions: 2->2
[2025-03-28T20:08:52.518+0530][gc,heap     ] GC(536) Humongous regions: 149->147
[2025-03-28T20:08:52.518+0530][gc,metaspace] GC(536) Metaspace: 52744K(53376K)->52744K(53376K) NonClass: 46876K(47168K)->46876K(47168K) Class: 5867K(6208K)->5867K(6208K)
[2025-03-28T20:08:52.518+0530][gc          ] GC(536) Pause Young (Normal) (G1 Evacuation Pause) 315M->212M(1024M) 13.031ms
[2025-03-28T20:08:52.518+0530][gc,cpu      ] GC(536) User=0.02s Sys=0.00s Real=0.00s
[2025-03-28T20:08:59.732+0530][gc,start    ] GC(519) Pause Young (Normal) (G1 Evacuation Pause)
[2025-03-28T20:08:59.732+0530][gc,task     ] GC(519) Using 2 workers of 2 for evacuation
[2025-03-28T20:08:59.748+0530][gc,phases   ] GC(519)   Pre Evacuate Collection Set: 0.3ms
[2025-03-28T20:08:59.748+0530][gc,phases   ] GC(519)   Merge Heap Roots: 0.2ms
[2025-03-28T20:08:59.748+0530][gc,phases   ] GC(519)   Evacuate Collection Set: 14.4ms
[2025-03-28T20:08:59.748+0530][gc,phases   ] GC(519)   Post Evacuate Collection Set: 0.8ms
[2025-03-28T20:08:59.748+0530][gc,phases   ] GC(519)   Other: 0.2ms
[2025-03-28T20:08:59.748+0530][gc,heap     ] GC(519) Eden regions: 182->0(188)
[2025-03-28T20:08:59.748+0530][gc,heap     ] GC(519) Survivor regions: 3->6(24)
[2025-03-28T20:08:59.748+0530][gc,heap     ] GC(519) Old regions: 114->114
[2025-03-28T20:08:59.748+0530][gc,heap     ] GC(519) Archive regions: 2->2
[2025-03-28T20:08:59.748+0530][gc,heap     ] GC(519) Humongous regions: 151->147
[2025-03-28T20:08:59.748+0530][gc,metaspace] GC(519) Metaspace: 52875K(53568K)->52875K(53568K) NonClass: 46967K(47296K)->46967K(47296K) Class: 5908K(6272K)->5908K(6272K)
[2025-03-28T20:08:59.748+0530][gc          ] GC(519) Pause Young (Normal) (G1 Evacuation Pause) 449M->266M(1024M) 16.039ms
[2025-03-28T20:08:59.748+0530][gc,cpu      ] GC(519) User=0.02s Sys=0.01s Real=0.02s
[2025-03-28T20:09:02.346+0530][gc,start    ] GC(537) Pause Young (Normal) (G1 Evacuation Pause)
[2025-03-28T20:09:02.346+0530][gc,task     ] GC(537) Using 2 workers of 2 for evacuation
[2025-03-28T20:09:02.356+0530][gc,phases   ] GC(537)   Pre Evacuate Collection Set: 0.2ms
[2025-03-28T20:09:02.356+0530][gc,phases   ] GC(537)   Merge Heap Roots: 0.1ms
[2025-03-28T20:09:02.356+0530][gc,phases   ] GC(537)   Evacuate Collection Set: 8.0ms
[2025-03-28T20:09:02.356+0530][gc,phases   ] GC(537)   Post Evacuate Collection Set: 0.7ms
[2025-03-28T20:09:02.356+0530][gc,phases   ] GC(537)   Other: 0.1ms
[2025-03-28T20:09:02.356+0530][gc,heap     ] GC(537) Eden regions: 266->0(610)
[2025-03-28T20:09:02.356+0530][gc,heap     ] GC(537) Survivor regions: 7->4(35)
[2025-03-28T20:09:02.356+0530][gc,heap     ] GC(537) Old regions: 58->58
[2025-03-28T20:09:02.356+0530][gc,heap     ] GC(537) Archive regions: 2->2
[2025-03-28T20:09:02.356+0530][gc,heap     ] GC(537) Humongous regions: 153->149
[2025-03-28T20:09:02.356+0530][gc,metaspace] GC(537) Metaspace: 52744K(53376K)->52744K(53376K) NonClass: 46876K(47168K)->46876K(47168K) Class: 5867K(6208K)->5867K(6208K)
[2025-03-28T20:09:02.356+0530][gc          ] GC(537) Pause Young (Normal) (G1 Evacuation Pause) 484M->210M(1024M) 9.261ms
[2025-03-28T20:09:02.356+0530][gc,cpu      ] GC(537) User=0.02s Sys=0.00s Real=0.02s
[2025-03-28T20:09:03.694+0530][gc,start    ] GC(538) Pause Young (Concurrent Start) (G1 Humongous Allocation)
[2025-03-28T20:09:03.694+0530][gc,task     ] GC(538) Using 2 workers of 2 for evacuation
[2025-03-28T20:09:03.706+0530][gc,phases   ] GC(538)   Pre Evacuate Collection Set: 0.4ms
[2025-03-28T20:09:03.706+0530][gc,phases   ] GC(538)   Merge Heap Roots: 0.2ms
[2025-03-28T20:09:03.706+0530][gc,phases   ] GC(538)   Evacuate Collection Set: 9.3ms
[2025-03-28T20:09:03.706+0530][gc,phases   ] GC(538)   Post Evacuate Collection Set: 1.4ms
[2025-03-28T20:09:03.706+0530][gc,phases   ] GC(538)   Other: 0.2ms
[2025-03-28T20:09:03.706+0530][gc,heap     ] GC(538) Eden regions: 78->0(610)
[2025-03-28T20:09:03.706+0530][gc,heap     ] GC(538) Survivor regions: 4->4(77)
[2025-03-28T20:09:03.706+0530][gc,heap     ] GC(538) Old regions: 58->58
[2025-03-28T20:09:03.706+0530][gc,heap     ] GC(538) Archive regions: 2->2
[2025-03-28T20:09:03.706+0530][gc,heap     ] GC(538) Humongous regions: 149->147
[2025-03-28T20:09:03.706+0530][gc,metaspace] GC(538) Metaspace: 52744K(53376K)->52744K(53376K) NonClass: 46876K(47168K)->46876K(47168K) Class: 5867K(6208K)->5867K(6208K)
[2025-03-28T20:09:03.706+0530][gc          ] GC(538) Pause Young (Concurrent Start) (G1 Humongous Allocation) 288M->208M(1024M) 11.732ms
[2025-03-28T20:09:03.706+0530][gc,cpu      ] GC(538) User=0.02s Sys=0.00s Real=0.02s
[2025-03-28T20:09:03.706+0530][gc          ] GC(539) Concurrent Mark Cycle
[2025-03-28T20:09:03.706+0530][gc,marking  ] GC(539) Concurrent Clear Claimed Marks
[2025-03-28T20:09:03.706+0530][gc,marking  ] GC(539) Concurrent Clear Claimed Marks 0.076ms
[2025-03-28T20:09:03.706+0530][gc,marking  ] GC(539) Concurrent Scan Root Regions
[2025-03-28T20:09:03.712+0530][gc,marking  ] GC(539) Concurrent Scan Root Regions 5.852ms
[2025-03-28T20:09:03.712+0530][gc,marking  ] GC(539) Concurrent Mark
[2025-03-28T20:09:03.712+0530][gc,marking  ] GC(539) Concurrent Mark From Roots
[2025-03-28T20:09:03.712+0530][gc,task     ] GC(539) Using 1 workers of 1 for marking
[2025-03-28T20:09:03.842+0530][gc,marking  ] GC(539) Concurrent Mark From Roots 129.699ms
[2025-03-28T20:09:03.842+0530][gc,marking  ] GC(539) Concurrent Preclean
[2025-03-28T20:09:03.842+0530][gc,marking  ] GC(539) Concurrent Preclean 0.439ms
[2025-03-28T20:09:03.843+0530][gc,start    ] GC(539) Pause Remark
[2025-03-28T20:09:03.857+0530][gc          ] GC(539) Pause Remark 250M->248M(1024M) 14.443ms
[2025-03-28T20:09:03.857+0530][gc,cpu      ] GC(539) User=0.03s Sys=0.01s Real=0.02s
[2025-03-28T20:09:03.858+0530][gc,marking  ] GC(539) Concurrent Mark 145.595ms
[2025-03-28T20:09:03.858+0530][gc,marking  ] GC(539) Concurrent Rebuild Remembered Sets
[2025-03-28T20:09:03.899+0530][gc,marking  ] GC(539) Concurrent Rebuild Remembered Sets 41.858ms
[2025-03-28T20:09:03.900+0530][gc,start    ] GC(539) Pause Cleanup
[2025-03-28T20:09:03.900+0530][gc          ] GC(539) Pause Cleanup 248M->248M(1024M) 0.312ms
[2025-03-28T20:09:03.900+0530][gc,cpu      ] GC(539) User=0.00s Sys=0.00s Real=0.01s
[2025-03-28T20:09:03.900+0530][gc,marking  ] GC(539) Concurrent Cleanup for Next Mark
[2025-03-28T20:09:03.902+0530][gc,marking  ] GC(539) Concurrent Cleanup for Next Mark 2.320ms
[2025-03-28T20:09:03.902+0530][gc          ] GC(539) Concurrent Mark Cycle 196.331ms
[2025-03-28T20:09:09.645+0530][gc,start    ] GC(520) Pause Young (Normal) (G1 Evacuation Pause)
[2025-03-28T20:09:09.645+0530][gc,task     ] GC(520) Using 2 workers of 2 for evacuation
[2025-03-28T20:09:09.670+0530][gc,mmu      ] GC(520) MMU target violated: 21.0ms (20.0ms/21.0ms)
[2025-03-28T20:09:09.671+0530][gc,phases   ] GC(520)   Pre Evacuate Collection Set: 0.3ms
[2025-03-28T20:09:09.671+0530][gc,phases   ] GC(520)   Merge Heap Roots: 0.3ms
[2025-03-28T20:09:09.671+0530][gc,phases   ] GC(520)   Evacuate Collection Set: 23.2ms
[2025-03-28T20:09:09.671+0530][gc,phases   ] GC(520)   Post Evacuate Collection Set: 1.7ms
[2025-03-28T20:09:09.671+0530][gc,phases   ] GC(520)   Other: 0.4ms
[2025-03-28T20:09:09.671+0530][gc,heap     ] GC(520) Eden regions: 188->0(79)
[2025-03-28T20:09:09.671+0530][gc,heap     ] GC(520) Survivor regions: 6->3(25)
[2025-03-28T20:09:09.671+0530][gc,heap     ] GC(520) Old regions: 114->114
[2025-03-28T20:09:09.671+0530][gc,heap     ] GC(520) Archive regions: 2->2
[2025-03-28T20:09:09.671+0530][gc,heap     ] GC(520) Humongous regions: 151->147
[2025-03-28T20:09:09.671+0530][gc,metaspace] GC(520) Metaspace: 52875K(53568K)->52875K(53568K) NonClass: 46967K(47296K)->46967K(47296K) Class: 5908K(6272K)->5908K(6272K)
[2025-03-28T20:09:09.671+0530][gc          ] GC(520) Pause Young (Normal) (G1 Evacuation Pause) 458M->263M(1024M) 26.129ms
[2025-03-28T20:09:09.671+0530][gc,cpu      ] GC(520) User=0.04s Sys=0.00s Real=0.03s
[2025-03-28T20:09:09.838+0530][gc,start    ] GC(521) Pause Young (Normal) (G1 Evacuation Pause)
[2025-03-28T20:09:09.838+0530][gc,task     ] GC(521) Using 2 workers of 2 for evacuation
[2025-03-28T20:09:09.850+0530][gc,phases   ] GC(521)   Pre Evacuate Collection Set: 0.2ms
[2025-03-28T20:09:09.850+0530][gc,phases   ] GC(521)   Merge Heap Roots: 0.2ms
[2025-03-28T20:09:09.850+0530][gc,phases   ] GC(521)   Evacuate Collection Set: 10.0ms
[2025-03-28T20:09:09.850+0530][gc,phases   ] GC(521)   Post Evacuate Collection Set: 1.0ms
[2025-03-28T20:09:09.850+0530][gc,phases   ] GC(521)   Other: 0.2ms
[2025-03-28T20:09:09.850+0530][gc,heap     ] GC(521) Eden regions: 79->0(61)
[2025-03-28T20:09:09.850+0530][gc,heap     ] GC(521) Survivor regions: 3->4(11)
[2025-03-28T20:09:09.850+0530][gc,heap     ] GC(521) Old regions: 114->114
[2025-03-28T20:09:09.850+0530][gc,heap     ] GC(521) Archive regions: 2->2
[2025-03-28T20:09:09.850+0530][gc,heap     ] GC(521) Humongous regions: 149->149
[2025-03-28T20:09:09.850+0530][gc,metaspace] GC(521) Metaspace: 52875K(53568K)->52875K(53568K) NonClass: 46967K(47296K)->46967K(47296K) Class: 5908K(6272K)->5908K(6272K)
[2025-03-28T20:09:09.850+0530][gc          ] GC(521) Pause Young (Normal) (G1 Evacuation Pause) 344M->266M(1024M) 11.660ms
[2025-03-28T20:09:09.850+0530][gc,cpu      ] GC(521) User=0.02s Sys=0.00s Real=0.01s
[2025-03-28T20:09:18.625+0530][gc,start    ] GC(522) Pause Young (Normal) (G1 Evacuation Pause)
[2025-03-28T20:09:18.625+0530][gc,task     ] GC(522) Using 2 workers of 2 for evacuation
[2025-03-28T20:09:18.666+0530][gc,mmu      ] GC(522) MMU target violated: 21.0ms (20.0ms/21.0ms)
[2025-03-28T20:09:18.666+0530][gc,phases   ] GC(522)   Pre Evacuate Collection Set: 0.2ms
[2025-03-28T20:09:18.666+0530][gc,phases   ] GC(522)   Merge Heap Roots: 0.2ms
[2025-03-28T20:09:18.666+0530][gc,phases   ] GC(522)   Evacuate Collection Set: 39.4ms
[2025-03-28T20:09:18.666+0530][gc,phases   ] GC(522)   Post Evacuate Collection Set: 0.6ms
[2025-03-28T20:09:18.666+0530][gc,phases   ] GC(522)   Other: 0.2ms
[2025-03-28T20:09:18.666+0530][gc,heap     ] GC(522) Eden regions: 61->0(45)
[2025-03-28T20:09:18.666+0530][gc,heap     ] GC(522) Survivor regions: 4->6(9)
[2025-03-28T20:09:18.666+0530][gc,heap     ] GC(522) Old regions: 114->114
[2025-03-28T20:09:18.666+0530][gc,heap     ] GC(522) Archive regions: 2->2
[2025-03-28T20:09:18.666+0530][gc,heap     ] GC(522) Humongous regions: 149->147
[2025-03-28T20:09:18.666+0530][gc,metaspace] GC(522) Metaspace: 52875K(53568K)->52875K(53568K) NonClass: 46967K(47296K)->46967K(47296K) Class: 5908K(6272K)->5908K(6272K)
[2025-03-28T20:09:18.666+0530][gc          ] GC(522) Pause Young (Normal) (G1 Evacuation Pause) 327M->266M(1024M) 40.697ms
[2025-03-28T20:09:18.666+0530][gc,cpu      ] GC(522) User=0.04s Sys=0.01s Real=0.05s
[2025-03-28T20:09:18.791+0530][gc,start    ] GC(523) Pause Young (Normal) (G1 Evacuation Pause)
[2025-03-28T20:09:18.792+0530][gc,task     ] GC(523) Using 2 workers of 2 for evacuation
[2025-03-28T20:09:18.803+0530][gc,phases   ] GC(523)   Pre Evacuate Collection Set: 0.2ms
[2025-03-28T20:09:18.803+0530][gc,phases   ] GC(523)   Merge Heap Roots: 0.1ms
[2025-03-28T20:09:18.803+0530][gc,phases   ] GC(523)   Evacuate Collection Set: 10.6ms
[2025-03-28T20:09:18.803+0530][gc,phases   ] GC(523)   Post Evacuate Collection Set: 0.4ms
[2025-03-28T20:09:18.803+0530][gc,phases   ] GC(523)   Other: 0.1ms
[2025-03-28T20:09:18.803+0530][gc,heap     ] GC(523) Eden regions: 45->0(85)
[2025-03-28T20:09:18.803+0530][gc,heap     ] GC(523) Survivor regions: 6->2(7)
[2025-03-28T20:09:18.803+0530][gc,heap     ] GC(523) Old regions: 114->116
[2025-03-28T20:09:18.803+0530][gc,heap     ] GC(523) Archive regions: 2->2
[2025-03-28T20:09:18.803+0530][gc,heap     ] GC(523) Humongous regions: 149->149
[2025-03-28T20:09:18.803+0530][gc,metaspace] GC(523) Metaspace: 52875K(53568K)->52875K(53568K) NonClass: 46967K(47296K)->46967K(47296K) Class: 5908K(6272K)->5908K(6272K)
[2025-03-28T20:09:18.803+0530][gc          ] GC(523) Pause Young (Normal) (G1 Evacuation Pause) 313M->267M(1024M) 11.504ms
[2025-03-28T20:09:18.803+0530][gc,cpu      ] GC(523) User=0.01s Sys=0.00s Real=0.01s
[2025-03-28T20:09:19.671+0530][gc,start    ] GC(524) Pause Young (Normal) (G1 Evacuation Pause)
[2025-03-28T20:09:19.671+0530][gc,task     ] GC(524) Using 2 workers of 2 for evacuation
[2025-03-28T20:09:19.681+0530][gc,phases   ] GC(524)   Pre Evacuate Collection Set: 0.2ms
[2025-03-28T20:09:19.681+0530][gc,phases   ] GC(524)   Merge Heap Roots: 0.1ms
[2025-03-28T20:09:19.681+0530][gc,phases   ] GC(524)   Evacuate Collection Set: 8.2ms
[2025-03-28T20:09:19.681+0530][gc,phases   ] GC(524)   Post Evacuate Collection Set: 1.3ms
[2025-03-28T20:09:19.681+0530][gc,phases   ] GC(524)   Other: 0.1ms
[2025-03-28T20:09:19.681+0530][gc,heap     ] GC(524) Eden regions: 85->0(44)
[2025-03-28T20:09:19.681+0530][gc,heap     ] GC(524) Survivor regions: 2->7(11)
[2025-03-28T20:09:19.681+0530][gc,heap     ] GC(524) Old regions: 116->116
[2025-03-28T20:09:19.681+0530][gc,heap     ] GC(524) Archive regions: 2->2
[2025-03-28T20:09:19.681+0530][gc,heap     ] GC(524) Humongous regions: 149->147
[2025-03-28T20:09:19.681+0530][gc,metaspace] GC(524) Metaspace: 52875K(53568K)->52875K(53568K) NonClass: 46967K(47296K)->46967K(47296K) Class: 5908K(6272K)->5908K(6272K)
[2025-03-28T20:09:19.681+0530][gc          ] GC(524) Pause Young (Normal) (G1 Evacuation Pause) 352M->270M(1024M) 10.038ms
[2025-03-28T20:09:19.681+0530][gc,cpu      ] GC(524) User=0.02s Sys=0.00s Real=0.01s
[2025-03-28T20:09:19.746+0530][gc,start    ] GC(525) Pause Young (Normal) (G1 Evacuation Pause)
[2025-03-28T20:09:19.746+0530][gc,task     ] GC(525) Using 2 workers of 2 for evacuation
[2025-03-28T20:09:19.752+0530][gc,phases   ] GC(525)   Pre Evacuate Collection Set: 0.2ms
[2025-03-28T20:09:19.752+0530][gc,phases   ] GC(525)   Merge Heap Roots: 0.1ms
[2025-03-28T20:09:19.752+0530][gc,phases   ] GC(525)   Evacuate Collection Set: 4.5ms
[2025-03-28T20:09:19.752+0530][gc,phases   ] GC(525)   Post Evacuate Collection Set: 0.6ms
[2025-03-28T20:09:19.752+0530][gc,phases   ] GC(525)   Other: 0.2ms
[2025-03-28T20:09:19.752+0530][gc,heap     ] GC(525) Eden regions: 44->0(82)
[2025-03-28T20:09:19.752+0530][gc,heap     ] GC(525) Survivor regions: 7->2(7)
[2025-03-28T20:09:19.752+0530][gc,heap     ] GC(525) Old regions: 116->117
[2025-03-28T20:09:19.752+0530][gc,heap     ] GC(525) Archive regions: 2->2
[2025-03-28T20:09:19.752+0530][gc,heap     ] GC(525) Humongous regions: 149->149
[2025-03-28T20:09:19.752+0530][gc,metaspace] GC(525) Metaspace: 52875K(53568K)->52875K(53568K) NonClass: 46967K(47296K)->46967K(47296K) Class: 5908K(6272K)->5908K(6272K)
[2025-03-28T20:09:19.752+0530][gc          ] GC(525) Pause Young (Normal) (G1 Evacuation Pause) 316M->268M(1024M) 5.652ms
[2025-03-28T20:09:19.752+0530][gc,cpu      ] GC(525) User=0.01s Sys=0.00s Real=0.01s
[2025-03-28T20:09:28.631+0530][gc,start    ] GC(526) Pause Young (Normal) (G1 Evacuation Pause)
[2025-03-28T20:09:28.631+0530][gc,task     ] GC(526) Using 2 workers of 2 for evacuation
[2025-03-28T20:09:28.655+0530][gc,mmu      ] GC(526) MMU target violated: 21.0ms (20.0ms/21.0ms)
[2025-03-28T20:09:28.655+0530][gc,phases   ] GC(526)   Pre Evacuate Collection Set: 0.2ms
[2025-03-28T20:09:28.655+0530][gc,phases   ] GC(526)   Merge Heap Roots: 0.1ms
[2025-03-28T20:09:28.655+0530][gc,phases   ] GC(526)   Evacuate Collection Set: 22.6ms
[2025-03-28T20:09:28.655+0530][gc,phases   ] GC(526)   Post Evacuate Collection Set: 0.4ms
[2025-03-28T20:09:28.655+0530][gc,phases   ] GC(526)   Other: 0.2ms
[2025-03-28T20:09:28.655+0530][gc,heap     ] GC(526) Eden regions: 82->0(49)
[2025-03-28T20:09:28.655+0530][gc,heap     ] GC(526) Survivor regions: 2->3(11)
[2025-03-28T20:09:28.655+0530][gc,heap     ] GC(526) Old regions: 117->117
[2025-03-28T20:09:28.655+0530][gc,heap     ] GC(526) Archive regions: 2->2
[2025-03-28T20:09:28.655+0530][gc,heap     ] GC(526) Humongous regions: 151->149
[2025-03-28T20:09:28.655+0530][gc,metaspace] GC(526) Metaspace: 52875K(53568K)->52875K(53568K) NonClass: 46967K(47296K)->46967K(47296K) Class: 5908K(6272K)->5908K(6272K)
[2025-03-28T20:09:28.655+0530][gc          ] GC(526) Pause Young (Normal) (G1 Evacuation Pause) 352M->269M(1024M) 23.632ms
[2025-03-28T20:09:28.655+0530][gc,cpu      ] GC(526) User=0.02s Sys=0.00s Real=0.04s
[2025-03-28T20:09:29.645+0530][gc,start    ] GC(527) Pause Young (Normal) (G1 Evacuation Pause)
[2025-03-28T20:09:29.645+0530][gc,task     ] GC(527) Using 2 workers of 2 for evacuation
[2025-03-28T20:09:29.652+0530][gc,phases   ] GC(527)   Pre Evacuate Collection Set: 0.2ms
[2025-03-28T20:09:29.652+0530][gc,phases   ] GC(527)   Merge Heap Roots: 0.2ms
[2025-03-28T20:09:29.652+0530][gc,phases   ] GC(527)   Evacuate Collection Set: 6.2ms
[2025-03-28T20:09:29.652+0530][gc,phases   ] GC(527)   Post Evacuate Collection Set: 0.7ms
[2025-03-28T20:09:29.652+0530][gc,phases   ] GC(527)   Other: 0.2ms
[2025-03-28T20:09:29.652+0530][gc,heap     ] GC(527) Eden regions: 49->0(80)
[2025-03-28T20:09:29.652+0530][gc,heap     ] GC(527) Survivor regions: 3->2(7)
[2025-03-28T20:09:29.652+0530][gc,heap     ] GC(527) Old regions: 117->117
[2025-03-28T20:09:29.652+0530][gc,heap     ] GC(527) Archive regions: 2->2
[2025-03-28T20:09:29.652+0530][gc,heap     ] GC(527) Humongous regions: 149->147
[2025-03-28T20:09:29.652+0530][gc,metaspace] GC(527) Metaspace: 52875K(53568K)->52875K(53568K) NonClass: 46967K(47296K)->46967K(47296K) Class: 5908K(6272K)->5908K(6272K)
[2025-03-28T20:09:29.652+0530][gc          ] GC(527) Pause Young (Normal) (G1 Evacuation Pause) 318M->266M(1024M) 7.630ms
[2025-03-28T20:09:29.652+0530][gc,cpu      ] GC(527) User=0.01s Sys=0.00s Real=0.01s
[2025-03-28T20:09:29.760+0530][gc,start    ] GC(528) Pause Young (Normal) (G1 Evacuation Pause)
[2025-03-28T20:09:29.760+0530][gc,task     ] GC(528) Using 2 workers of 2 for evacuation
[2025-03-28T20:09:29.767+0530][gc,phases   ] GC(528)   Pre Evacuate Collection Set: 0.6ms
[2025-03-28T20:09:29.767+0530][gc,phases   ] GC(528)   Merge Heap Roots: 0.1ms
[2025-03-28T20:09:29.767+0530][gc,phases   ] GC(528)   Evacuate Collection Set: 5.3ms
[2025-03-28T20:09:29.767+0530][gc,phases   ] GC(528)   Post Evacuate Collection Set: 0.6ms
[2025-03-28T20:09:29.767+0530][gc,phases   ] GC(528)   Other: 0.1ms
[2025-03-28T20:09:29.767+0530][gc,heap     ] GC(528) Eden regions: 80->0(103)
[2025-03-28T20:09:29.767+0530][gc,heap     ] GC(528) Survivor regions: 2->3(11)
[2025-03-28T20:09:29.767+0530][gc,heap     ] GC(528) Old regions: 117->117
[2025-03-28T20:09:29.767+0530][gc,heap     ] GC(528) Archive regions: 2->2
[2025-03-28T20:09:29.767+0530][gc,heap     ] GC(528) Humongous regions: 149->149
[2025-03-28T20:09:29.767+0530][gc,metaspace] GC(528) Metaspace: 52875K(53568K)->52875K(53568K) NonClass: 46967K(47296K)->46967K(47296K) Class: 5908K(6272K)->5908K(6272K)
[2025-03-28T20:09:29.767+0530][gc          ] GC(528) Pause Young (Normal) (G1 Evacuation Pause) 348M->269M(1024M) 6.874ms
[2025-03-28T20:09:29.767+0530][gc,cpu      ] GC(528) User=0.01s Sys=0.01s Real=0.02s
[2025-03-28T20:09:33.612+0530][gc,start    ] GC(540) Pause Young (Prepare Mixed) (G1 Evacuation Pause)
[2025-03-28T20:09:33.612+0530][gc,task     ] GC(540) Using 2 workers of 2 for evacuation
[2025-03-28T20:09:33.621+0530][gc,phases   ] GC(540)   Pre Evacuate Collection Set: 0.3ms
[2025-03-28T20:09:33.621+0530][gc,phases   ] GC(540)   Merge Heap Roots: 0.3ms
[2025-03-28T20:09:33.621+0530][gc,phases   ] GC(540)   Evacuate Collection Set: 7.4ms
[2025-03-28T20:09:33.621+0530][gc,phases   ] GC(540)   Post Evacuate Collection Set: 0.7ms
[2025-03-28T20:09:33.621+0530][gc,phases   ] GC(540)   Other: 0.3ms
[2025-03-28T20:09:33.621+0530][gc,heap     ] GC(540) Eden regions: 610->0(46)
[2025-03-28T20:09:33.621+0530][gc,heap     ] GC(540) Survivor regions: 4->5(77)
[2025-03-28T20:09:33.621+0530][gc,heap     ] GC(540) Old regions: 56->56
[2025-03-28T20:09:33.621+0530][gc,heap     ] GC(540) Archive regions: 2->2
[2025-03-28T20:09:33.621+0530][gc,heap     ] GC(540) Humongous regions: 159->147
[2025-03-28T20:09:33.621+0530][gc,metaspace] GC(540) Metaspace: 52744K(53376K)->52744K(53376K) NonClass: 46876K(47168K)->46876K(47168K) Class: 5867K(6208K)->5867K(6208K)
[2025-03-28T20:09:33.621+0530][gc          ] GC(540) Pause Young (Prepare Mixed) (G1 Evacuation Pause) 828M->208M(1024M) 9.290ms
[2025-03-28T20:09:33.621+0530][gc,cpu      ] GC(540) User=0.02s Sys=0.00s Real=0.01s
[2025-03-28T20:09:33.710+0530][gc,start    ] GC(541) Pause Young (Mixed) (G1 Evacuation Pause)
[2025-03-28T20:09:33.710+0530][gc,task     ] GC(541) Using 2 workers of 2 for evacuation
[2025-03-28T20:09:33.719+0530][gc,phases   ] GC(541)   Pre Evacuate Collection Set: 0.2ms
[2025-03-28T20:09:33.719+0530][gc,phases   ] GC(541)   Merge Heap Roots: 0.1ms
[2025-03-28T20:09:33.719+0530][gc,phases   ] GC(541)   Evacuate Collection Set: 7.9ms
[2025-03-28T20:09:33.719+0530][gc,phases   ] GC(541)   Post Evacuate Collection Set: 0.6ms
[2025-03-28T20:09:33.719+0530][gc,phases   ] GC(541)   Other: 0.1ms
[2025-03-28T20:09:33.719+0530][gc,heap     ] GC(541) Eden regions: 46->0(612)
[2025-03-28T20:09:33.719+0530][gc,heap     ] GC(541) Survivor regions: 5->2(7)
[2025-03-28T20:09:33.719+0530][gc,heap     ] GC(541) Old regions: 56->53
[2025-03-28T20:09:33.719+0530][gc,heap     ] GC(541) Archive regions: 2->2
[2025-03-28T20:09:33.719+0530][gc,heap     ] GC(541) Humongous regions: 149->149
[2025-03-28T20:09:33.719+0530][gc,metaspace] GC(541) Metaspace: 52744K(53376K)->52744K(53376K) NonClass: 46876K(47168K)->46876K(47168K) Class: 5867K(6208K)->5867K(6208K)
[2025-03-28T20:09:33.719+0530][gc          ] GC(541) Pause Young (Mixed) (G1 Evacuation Pause) 256M->204M(1024M) 9.044ms
[2025-03-28T20:09:33.719+0530][gc,cpu      ] GC(541) User=0.01s Sys=0.00s Real=0.01s
[2025-03-28T20:09:38.666+0530][gc,start    ] GC(529) Pause Young (Normal) (G1 Evacuation Pause)
[2025-03-28T20:09:38.666+0530][gc,task     ] GC(529) Using 2 workers of 2 for evacuation
[2025-03-28T20:09:38.673+0530][gc,phases   ] GC(529)   Pre Evacuate Collection Set: 0.2ms
[2025-03-28T20:09:38.673+0530][gc,phases   ] GC(529)   Merge Heap Roots: 0.1ms
[2025-03-28T20:09:38.673+0530][gc,phases   ] GC(529)   Evacuate Collection Set: 6.8ms
[2025-03-28T20:09:38.673+0530][gc,phases   ] GC(529)   Post Evacuate Collection Set: 0.5ms
[2025-03-28T20:09:38.674+0530][gc,phases   ] GC(529)   Other: 0.1ms
[2025-03-28T20:09:38.674+0530][gc,heap     ] GC(529) Eden regions: 103->0(153)
[2025-03-28T20:09:38.674+0530][gc,heap     ] GC(529) Survivor regions: 3->3(14)
[2025-03-28T20:09:38.674+0530][gc,heap     ] GC(529) Old regions: 117->117
[2025-03-28T20:09:38.674+0530][gc,heap     ] GC(529) Archive regions: 2->2
[2025-03-28T20:09:38.674+0530][gc,heap     ] GC(529) Humongous regions: 151->149
[2025-03-28T20:09:38.674+0530][gc,metaspace] GC(529) Metaspace: 52875K(53568K)->52875K(53568K) NonClass: 46967K(47296K)->46967K(47296K) Class: 5908K(6272K)->5908K(6272K)
[2025-03-28T20:09:38.674+0530][gc          ] GC(529) Pause Young (Normal) (G1 Evacuation Pause) 374M->269M(1024M) 7.844ms
[2025-03-28T20:09:38.674+0530][gc,cpu      ] GC(529) User=0.01s Sys=0.00s Real=0.01s
[2025-03-28T20:09:48.487+0530][gc,start    ] GC(530) Pause Young (Normal) (G1 Evacuation Pause)
[2025-03-28T20:09:48.487+0530][gc,task     ] GC(530) Using 2 workers of 2 for evacuation
[2025-03-28T20:09:48.499+0530][gc,phases   ] GC(530)   Pre Evacuate Collection Set: 0.2ms
[2025-03-28T20:09:48.499+0530][gc,phases   ] GC(530)   Merge Heap Roots: 0.2ms
[2025-03-28T20:09:48.499+0530][gc,phases   ] GC(530)   Evacuate Collection Set: 9.3ms
[2025-03-28T20:09:48.499+0530][gc,phases   ] GC(530)   Post Evacuate Collection Set: 2.8ms
[2025-03-28T20:09:48.499+0530][gc,phases   ] GC(530)   Other: 0.2ms
[2025-03-28T20:09:48.499+0530][gc,heap     ] GC(530) Eden regions: 141->0(180)
[2025-03-28T20:09:48.499+0530][gc,heap     ] GC(530) Survivor regions: 3->2(18)
[2025-03-28T20:09:48.499+0530][gc,heap     ] GC(530) Old regions: 117->117
[2025-03-28T20:09:48.499+0530][gc,heap     ] GC(530) Archive regions: 2->2
[2025-03-28T20:09:48.499+0530][gc,heap     ] GC(530) Humongous regions: 151->147
[2025-03-28T20:09:48.499+0530][gc,metaspace] GC(530) Metaspace: 52875K(53568K)->52875K(53568K) NonClass: 46967K(47296K)->46967K(47296K) Class: 5908K(6272K)->5908K(6272K)
[2025-03-28T20:09:48.499+0530][gc          ] GC(530) Pause Young (Normal) (G1 Evacuation Pause) 412M->266M(1024M) 12.764ms
[2025-03-28T20:09:48.499+0530][gc,cpu      ] GC(530) User=0.02s Sys=0.00s Real=0.02s
[2025-03-28T20:09:49.751+0530][gc,start    ] GC(531) Pause Young (Normal) (G1 Evacuation Pause)
[2025-03-28T20:09:49.751+0530][gc,task     ] GC(531) Using 2 workers of 2 for evacuation
[2025-03-28T20:09:49.761+0530][gc,phases   ] GC(531)   Pre Evacuate Collection Set: 0.1ms
[2025-03-28T20:09:49.762+0530][gc,phases   ] GC(531)   Merge Heap Roots: 0.2ms
[2025-03-28T20:09:49.762+0530][gc,phases   ] GC(531)   Evacuate Collection Set: 9.5ms
[2025-03-28T20:09:49.762+0530][gc,phases   ] GC(531)   Post Evacuate Collection Set: 0.7ms
[2025-03-28T20:09:49.762+0530][gc,phases   ] GC(531)   Other: 0.1ms
[2025-03-28T20:09:49.762+0530][gc,heap     ] GC(531) Eden regions: 180->0(159)
[2025-03-28T20:09:49.762+0530][gc,heap     ] GC(531) Survivor regions: 2->4(23)
[2025-03-28T20:09:49.762+0530][gc,heap     ] GC(531) Old regions: 117->117
[2025-03-28T20:09:49.762+0530][gc,heap     ] GC(531) Archive regions: 2->2
[2025-03-28T20:09:49.762+0530][gc,heap     ] GC(531) Humongous regions: 151->149
[2025-03-28T20:09:49.762+0530][gc,metaspace] GC(531) Metaspace: 52875K(53568K)->52875K(53568K) NonClass: 46967K(47296K)->46967K(47296K) Class: 5908K(6272K)->5908K(6272K)
[2025-03-28T20:09:49.762+0530][gc          ] GC(531) Pause Young (Normal) (G1 Evacuation Pause) 450M->269M(1024M) 10.734ms
[2025-03-28T20:09:49.762+0530][gc,cpu      ] GC(531) User=0.02s Sys=0.00s Real=0.01s
[2025-03-28T20:09:59.635+0530][gc,start    ] GC(532) Pause Young (Normal) (G1 Evacuation Pause)
[2025-03-28T20:09:59.635+0530][gc,task     ] GC(532) Using 2 workers of 2 for evacuation
[2025-03-28T20:09:59.650+0530][gc,phases   ] GC(532)   Pre Evacuate Collection Set: 0.3ms
[2025-03-28T20:09:59.650+0530][gc,phases   ] GC(532)   Merge Heap Roots: 0.2ms
[2025-03-28T20:09:59.650+0530][gc,phases   ] GC(532)   Evacuate Collection Set: 13.0ms
[2025-03-28T20:09:59.650+0530][gc,phases   ] GC(532)   Post Evacuate Collection Set: 0.8ms
[2025-03-28T20:09:59.650+0530][gc,phases   ] GC(532)   Other: 0.3ms
[2025-03-28T20:09:59.650+0530][gc,heap     ] GC(532) Eden regions: 159->0(205)
[2025-03-28T20:09:59.650+0530][gc,heap     ] GC(532) Survivor regions: 4->4(21)
[2025-03-28T20:09:59.650+0530][gc,heap     ] GC(532) Old regions: 117->117
[2025-03-28T20:09:59.650+0530][gc,heap     ] GC(532) Archive regions: 2->2
[2025-03-28T20:09:59.650+0530][gc,heap     ] GC(532) Humongous regions: 151->147
[2025-03-28T20:09:59.650+0530][gc,metaspace] GC(532) Metaspace: 52875K(53568K)->52875K(53568K) NonClass: 46967K(47296K)->46967K(47296K) Class: 5908K(6272K)->5908K(6272K)
[2025-03-28T20:09:59.650+0530][gc          ] GC(532) Pause Young (Normal) (G1 Evacuation Pause) 430M->268M(1024M) 14.760ms
[2025-03-28T20:09:59.650+0530][gc,cpu      ] GC(532) User=0.03s Sys=0.00s Real=0.01s
[2025-03-28T20:10:03.541+0530][gc,start    ] GC(542) Pause Young (Normal) (G1 Evacuation Pause)
[2025-03-28T20:10:03.541+0530][gc,task     ] GC(542) Using 2 workers of 2 for evacuation
[2025-03-28T20:10:03.548+0530][gc,phases   ] GC(542)   Pre Evacuate Collection Set: 0.3ms
[2025-03-28T20:10:03.548+0530][gc,phases   ] GC(542)   Merge Heap Roots: 0.1ms
[2025-03-28T20:10:03.548+0530][gc,phases   ] GC(542)   Evacuate Collection Set: 6.0ms
[2025-03-28T20:10:03.548+0530][gc,phases   ] GC(542)   Post Evacuate Collection Set: 0.9ms
[2025-03-28T20:10:03.548+0530][gc,phases   ] GC(542)   Other: 0.1ms
[2025-03-28T20:10:03.548+0530][gc,heap     ] GC(542) Eden regions: 612->0(609)
[2025-03-28T20:10:03.548+0530][gc,heap     ] GC(542) Survivor regions: 2->5(77)
[2025-03-28T20:10:03.548+0530][gc,heap     ] GC(542) Old regions: 53->53
[2025-03-28T20:10:03.548+0530][gc,heap     ] GC(542) Archive regions: 2->2
[2025-03-28T20:10:03.548+0530][gc,heap     ] GC(542) Humongous regions: 159->147
[2025-03-28T20:10:03.548+0530][gc,metaspace] GC(542) Metaspace: 52747K(53376K)->52747K(53376K) NonClass: 46879K(47168K)->46879K(47168K) Class: 5867K(6208K)->5867K(6208K)
[2025-03-28T20:10:03.549+0530][gc          ] GC(542) Pause Young (Normal) (G1 Evacuation Pause) 826M->205M(1024M) 7.529ms
[2025-03-28T20:10:03.549+0530][gc,cpu      ] GC(542) User=0.01s Sys=0.00s Real=0.01s
[2025-03-28T20:10:03.616+0530][gc,start    ] GC(543) Pause Young (Concurrent Start) (G1 Humongous Allocation)
[2025-03-28T20:10:03.616+0530][gc,task     ] GC(543) Using 2 workers of 2 for evacuation
[2025-03-28T20:10:03.627+0530][gc,phases   ] GC(543)   Pre Evacuate Collection Set: 0.5ms
[2025-03-28T20:10:03.627+0530][gc,phases   ] GC(543)   Merge Heap Roots: 0.2ms
[2025-03-28T20:10:03.627+0530][gc,phases   ] GC(543)   Evacuate Collection Set: 9.0ms
[2025-03-28T20:10:03.627+0530][gc,phases   ] GC(543)   Post Evacuate Collection Set: 0.6ms
[2025-03-28T20:10:03.627+0530][gc,phases   ] GC(543)   Other: 0.2ms
[2025-03-28T20:10:03.627+0530][gc,heap     ] GC(543) Eden regions: 35->0(420)
[2025-03-28T20:10:03.627+0530][gc,heap     ] GC(543) Survivor regions: 5->4(77)
[2025-03-28T20:10:03.627+0530][gc,heap     ] GC(543) Old regions: 53->53
[2025-03-28T20:10:03.627+0530][gc,heap     ] GC(543) Archive regions: 2->2
[2025-03-28T20:10:03.627+0530][gc,heap     ] GC(543) Humongous regions: 147->147
[2025-03-28T20:10:03.627+0530][gc,metaspace] GC(543) Metaspace: 52747K(53376K)->52747K(53376K) NonClass: 46879K(47168K)->46879K(47168K) Class: 5867K(6208K)->5867K(6208K)
[2025-03-28T20:10:03.627+0530][gc          ] GC(543) Pause Young (Concurrent Start) (G1 Humongous Allocation) 239M->204M(1024M) 10.630ms
[2025-03-28T20:10:03.627+0530][gc,cpu      ] GC(543) User=0.02s Sys=0.00s Real=0.02s
[2025-03-28T20:10:03.627+0530][gc          ] GC(544) Concurrent Mark Cycle
[2025-03-28T20:10:03.627+0530][gc,marking  ] GC(544) Concurrent Clear Claimed Marks
[2025-03-28T20:10:03.627+0530][gc,marking  ] GC(544) Concurrent Clear Claimed Marks 0.072ms
[2025-03-28T20:10:03.627+0530][gc,marking  ] GC(544) Concurrent Scan Root Regions
[2025-03-28T20:10:03.631+0530][gc,marking  ] GC(544) Concurrent Scan Root Regions 4.521ms
[2025-03-28T20:10:03.631+0530][gc,marking  ] GC(544) Concurrent Mark
[2025-03-28T20:10:03.631+0530][gc,marking  ] GC(544) Concurrent Mark From Roots
[2025-03-28T20:10:03.631+0530][gc,task     ] GC(544) Using 1 workers of 1 for marking
[2025-03-28T20:10:03.711+0530][gc,marking  ] GC(544) Concurrent Mark From Roots 79.502ms
[2025-03-28T20:10:03.711+0530][gc,marking  ] GC(544) Concurrent Preclean
[2025-03-28T20:10:03.711+0530][gc,marking  ] GC(544) Concurrent Preclean 0.136ms
[2025-03-28T20:10:03.711+0530][gc,start    ] GC(544) Pause Remark
[2025-03-28T20:10:03.729+0530][gc          ] GC(544) Pause Remark 245M->245M(1024M) 17.546ms
[2025-03-28T20:10:03.729+0530][gc,cpu      ] GC(544) User=0.03s Sys=0.00s Real=0.02s
[2025-03-28T20:10:03.729+0530][gc,marking  ] GC(544) Concurrent Mark 97.490ms
[2025-03-28T20:10:03.729+0530][gc,marking  ] GC(544) Concurrent Rebuild Remembered Sets
[2025-03-28T20:10:03.761+0530][gc,marking  ] GC(544) Concurrent Rebuild Remembered Sets 31.821ms
[2025-03-28T20:10:03.761+0530][gc,start    ] GC(544) Pause Cleanup
[2025-03-28T20:10:03.761+0530][gc          ] GC(544) Pause Cleanup 246M->246M(1024M) 0.325ms
[2025-03-28T20:10:03.761+0530][gc,cpu      ] GC(544) User=0.00s Sys=0.00s Real=0.01s
[2025-03-28T20:10:03.761+0530][gc,marking  ] GC(544) Concurrent Cleanup for Next Mark
[2025-03-28T20:10:03.763+0530][gc,marking  ] GC(544) Concurrent Cleanup for Next Mark 2.189ms
[2025-03-28T20:10:03.764+0530][gc          ] GC(544) Concurrent Mark Cycle 136.743ms
[2025-03-28T20:10:08.574+0530][gc,start    ] GC(533) Pause Young (Normal) (G1 Evacuation Pause)
[2025-03-28T20:10:08.574+0530][gc,task     ] GC(533) Using 2 workers of 2 for evacuation
[2025-03-28T20:10:08.602+0530][gc,mmu      ] GC(533) MMU target violated: 21.0ms (20.0ms/21.0ms)
[2025-03-28T20:10:08.602+0530][gc,phases   ] GC(533)   Pre Evacuate Collection Set: 0.2ms
[2025-03-28T20:10:08.602+0530][gc,phases   ] GC(533)   Merge Heap Roots: 0.1ms
[2025-03-28T20:10:08.602+0530][gc,phases   ] GC(533)   Evacuate Collection Set: 26.9ms
[2025-03-28T20:10:08.602+0530][gc,phases   ] GC(533)   Post Evacuate Collection Set: 0.7ms
[2025-03-28T20:10:08.602+0530][gc,phases   ] GC(533)   Other: 0.2ms
[2025-03-28T20:10:08.602+0530][gc,heap     ] GC(533) Eden regions: 143->0(43)
[2025-03-28T20:10:08.602+0530][gc,heap     ] GC(533) Survivor regions: 4->8(19)
[2025-03-28T20:10:08.602+0530][gc,heap     ] GC(533) Old regions: 117->117
[2025-03-28T20:10:08.602+0530][gc,heap     ] GC(533) Archive regions: 2->2
[2025-03-28T20:10:08.602+0530][gc,heap     ] GC(533) Humongous regions: 149->147
[2025-03-28T20:10:08.602+0530][gc,metaspace] GC(533) Metaspace: 52875K(53568K)->52875K(53568K) NonClass: 46967K(47296K)->46967K(47296K) Class: 5908K(6272K)->5908K(6272K)
[2025-03-28T20:10:08.602+0530][gc          ] GC(533) Pause Young (Normal) (G1 Evacuation Pause) 413M->272M(1024M) 28.270ms
[2025-03-28T20:10:08.602+0530][gc,cpu      ] GC(533) User=0.02s Sys=0.01s Real=0.03s
[2025-03-28T20:10:08.692+0530][gc,start    ] GC(534) Pause Young (Normal) (G1 Evacuation Pause)
[2025-03-28T20:10:08.692+0530][gc,task     ] GC(534) Using 2 workers of 2 for evacuation
[2025-03-28T20:10:08.716+0530][gc,mmu      ] GC(534) MMU target violated: 21.0ms (20.0ms/21.0ms)
[2025-03-28T20:10:08.716+0530][gc,phases   ] GC(534)   Pre Evacuate Collection Set: 0.2ms
[2025-03-28T20:10:08.716+0530][gc,phases   ] GC(534)   Merge Heap Roots: 0.1ms
[2025-03-28T20:10:08.716+0530][gc,phases   ] GC(534)   Evacuate Collection Set: 23.5ms
[2025-03-28T20:10:08.716+0530][gc,phases   ] GC(534)   Post Evacuate Collection Set: 0.5ms
[2025-03-28T20:10:08.717+0530][gc,phases   ] GC(534)   Other: 0.2ms
[2025-03-28T20:10:08.717+0530][gc,heap     ] GC(534) Eden regions: 43->0(155)
[2025-03-28T20:10:08.717+0530][gc,heap     ] GC(534) Survivor regions: 8->2(7)
[2025-03-28T20:10:08.717+0530][gc,heap     ] GC(534) Old regions: 117->120
[2025-03-28T20:10:08.717+0530][gc,heap     ] GC(534) Archive regions: 2->2
[2025-03-28T20:10:08.717+0530][gc,heap     ] GC(534) Humongous regions: 149->149
[2025-03-28T20:10:08.717+0530][gc,metaspace] GC(534) Metaspace: 52875K(53568K)->52875K(53568K) NonClass: 46967K(47296K)->46967K(47296K) Class: 5908K(6272K)->5908K(6272K)
[2025-03-28T20:10:08.717+0530][gc          ] GC(534) Pause Young (Normal) (G1 Evacuation Pause) 317M->271M(1024M) 24.529ms
[2025-03-28T20:10:08.717+0530][gc,cpu      ] GC(534) User=0.02s Sys=0.01s Real=0.03s
[2025-03-28T20:10:18.515+0530][gc,start    ] GC(535) Pause Young (Normal) (G1 Evacuation Pause)
[2025-03-28T20:10:18.515+0530][gc,task     ] GC(535) Using 2 workers of 2 for evacuation
[2025-03-28T20:10:18.532+0530][gc,phases   ] GC(535)   Pre Evacuate Collection Set: 5.9ms
[2025-03-28T20:10:18.532+0530][gc,phases   ] GC(535)   Merge Heap Roots: 0.2ms
[2025-03-28T20:10:18.533+0530][gc,phases   ] GC(535)   Evacuate Collection Set: 10.4ms
[2025-03-28T20:10:18.533+0530][gc,phases   ] GC(535)   Post Evacuate Collection Set: 1.0ms
[2025-03-28T20:10:18.533+0530][gc,phases   ] GC(535)   Other: 0.2ms
[2025-03-28T20:10:18.533+0530][gc,heap     ] GC(535) Eden regions: 155->0(87)
[2025-03-28T20:10:18.533+0530][gc,heap     ] GC(535) Survivor regions: 2->4(20)
[2025-03-28T20:10:18.533+0530][gc,heap     ] GC(535) Old regions: 120->120
[2025-03-28T20:10:18.533+0530][gc,heap     ] GC(535) Archive regions: 2->2
[2025-03-28T20:10:18.533+0530][gc,heap     ] GC(535) Humongous regions: 151->147
[2025-03-28T20:10:18.533+0530][gc,metaspace] GC(535) Metaspace: 52887K(53568K)->52887K(53568K) NonClass: 46979K(47296K)->46979K(47296K) Class: 5908K(6272K)->5908K(6272K)
[2025-03-28T20:10:18.533+0530][gc          ] GC(535) Pause Young (Normal) (G1 Evacuation Pause) 428M->270M(1024M) 17.854ms
[2025-03-28T20:10:18.533+0530][gc,cpu      ] GC(535) User=0.01s Sys=0.01s Real=0.02s
[2025-03-28T20:10:19.639+0530][gc,start    ] GC(536) Pause Young (Normal) (G1 Evacuation Pause)
[2025-03-28T20:10:19.639+0530][gc,task     ] GC(536) Using 2 workers of 2 for evacuation
[2025-03-28T20:10:19.649+0530][gc,phases   ] GC(536)   Pre Evacuate Collection Set: 0.4ms
[2025-03-28T20:10:19.649+0530][gc,phases   ] GC(536)   Merge Heap Roots: 0.3ms
[2025-03-28T20:10:19.649+0530][gc,phases   ] GC(536)   Evacuate Collection Set: 8.4ms
[2025-03-28T20:10:19.649+0530][gc,phases   ] GC(536)   Post Evacuate Collection Set: 1.1ms
[2025-03-28T20:10:19.649+0530][gc,phases   ] GC(536)   Other: 0.3ms
[2025-03-28T20:10:19.649+0530][gc,heap     ] GC(536) Eden regions: 87->0(365)
[2025-03-28T20:10:19.649+0530][gc,heap     ] GC(536) Survivor regions: 4->2(12)
[2025-03-28T20:10:19.649+0530][gc,heap     ] GC(536) Old regions: 120->120
[2025-03-28T20:10:19.649+0530][gc,heap     ] GC(536) Archive regions: 2->2
[2025-03-28T20:10:19.649+0530][gc,heap     ] GC(536) Humongous regions: 149->147
[2025-03-28T20:10:19.649+0530][gc,metaspace] GC(536) Metaspace: 52887K(53568K)->52887K(53568K) NonClass: 46979K(47296K)->46979K(47296K) Class: 5908K(6272K)->5908K(6272K)
[2025-03-28T20:10:19.649+0530][gc          ] GC(536) Pause Young (Normal) (G1 Evacuation Pause) 359M->268M(1024M) 10.683ms
[2025-03-28T20:10:19.649+0530][gc,cpu      ] GC(536) User=0.01s Sys=0.00s Real=0.01s
[2025-03-28T20:10:23.702+0530][gc,start    ] GC(545) Pause Young (Prepare Mixed) (G1 Evacuation Pause)
[2025-03-28T20:10:23.702+0530][gc,task     ] GC(545) Using 2 workers of 2 for evacuation
[2025-03-28T20:10:23.713+0530][gc,phases   ] GC(545)   Pre Evacuate Collection Set: 0.2ms
[2025-03-28T20:10:23.713+0530][gc,phases   ] GC(545)   Merge Heap Roots: 0.2ms
[2025-03-28T20:10:23.713+0530][gc,phases   ] GC(545)   Evacuate Collection Set: 9.2ms
[2025-03-28T20:10:23.713+0530][gc,phases   ] GC(545)   Post Evacuate Collection Set: 0.9ms
[2025-03-28T20:10:23.713+0530][gc,phases   ] GC(545)   Other: 0.2ms
[2025-03-28T20:10:23.713+0530][gc,heap     ] GC(545) Eden regions: 461->0(47)
[2025-03-28T20:10:23.713+0530][gc,heap     ] GC(545) Survivor regions: 4->4(59)
[2025-03-28T20:10:23.713+0530][gc,heap     ] GC(545) Old regions: 53->53
[2025-03-28T20:10:23.713+0530][gc,heap     ] GC(545) Archive regions: 2->2
[2025-03-28T20:10:23.713+0530][gc,heap     ] GC(545) Humongous regions: 157->149
[2025-03-28T20:10:23.713+0530][gc,metaspace] GC(545) Metaspace: 52747K(53376K)->52747K(53376K) NonClass: 46879K(47168K)->46879K(47168K) Class: 5867K(6208K)->5867K(6208K)
[2025-03-28T20:10:23.713+0530][gc          ] GC(545) Pause Young (Prepare Mixed) (G1 Evacuation Pause) 675M->206M(1024M) 10.825ms
[2025-03-28T20:10:23.713+0530][gc,cpu      ] GC(545) User=0.01s Sys=0.00s Real=0.01s
[2025-03-28T20:10:32.433+0530][gc,start    ] GC(546) Pause Young (Mixed) (G1 Evacuation Pause)
[2025-03-28T20:10:32.433+0530][gc,task     ] GC(546) Using 2 workers of 2 for evacuation
[2025-03-28T20:10:32.442+0530][gc,phases   ] GC(546)   Pre Evacuate Collection Set: 0.2ms
[2025-03-28T20:10:32.442+0530][gc,phases   ] GC(546)   Merge Heap Roots: 0.1ms
[2025-03-28T20:10:32.442+0530][gc,phases   ] GC(546)   Evacuate Collection Set: 7.7ms
[2025-03-28T20:10:32.442+0530][gc,phases   ] GC(546)   Post Evacuate Collection Set: 0.5ms
[2025-03-28T20:10:32.442+0530][gc,phases   ] GC(546)   Other: 0.2ms
[2025-03-28T20:10:32.442+0530][gc,heap     ] GC(546) Eden regions: 47->0(538)
[2025-03-28T20:10:32.442+0530][gc,heap     ] GC(546) Survivor regions: 4->5(7)
[2025-03-28T20:10:32.442+0530][gc,heap     ] GC(546) Old regions: 53->50
[2025-03-28T20:10:32.442+0530][gc,heap     ] GC(546) Archive regions: 2->2
[2025-03-28T20:10:32.442+0530][gc,heap     ] GC(546) Humongous regions: 149->147
[2025-03-28T20:10:32.442+0530][gc,metaspace] GC(546) Metaspace: 52747K(53376K)->52747K(53376K) NonClass: 46879K(47168K)->46879K(47168K) Class: 5867K(6208K)->5867K(6208K)
[2025-03-28T20:10:32.442+0530][gc          ] GC(546) Pause Young (Mixed) (G1 Evacuation Pause) 253M->201M(1024M) 8.774ms
[2025-03-28T20:10:32.442+0530][gc,cpu      ] GC(546) User=0.01s Sys=0.00s Real=0.00s
[2025-03-28T20:10:38.036+0530][gc,start    ] GC(537) Pause Young (Normal) (G1 Evacuation Pause)
[2025-03-28T20:10:38.036+0530][gc,task     ] GC(537) Using 2 workers of 2 for evacuation
[2025-03-28T20:10:38.063+0530][gc,mmu      ] GC(537) MMU target violated: 21.0ms (20.0ms/21.0ms)
[2025-03-28T20:10:38.063+0530][gc,phases   ] GC(537)   Pre Evacuate Collection Set: 0.7ms
[2025-03-28T20:10:38.063+0530][gc,phases   ] GC(537)   Merge Heap Roots: 1.0ms
[2025-03-28T20:10:38.063+0530][gc,phases   ] GC(537)   Evacuate Collection Set: 23.8ms
[2025-03-28T20:10:38.063+0530][gc,phases   ] GC(537)   Post Evacuate Collection Set: 1.2ms
[2025-03-28T20:10:38.063+0530][gc,phases   ] GC(537)   Other: 0.6ms
[2025-03-28T20:10:38.063+0530][gc,heap     ] GC(537) Eden regions: 329->0(80)
[2025-03-28T20:10:38.063+0530][gc,heap     ] GC(537) Survivor regions: 2->2(42)
[2025-03-28T20:10:38.063+0530][gc,heap     ] GC(537) Old regions: 120->120
[2025-03-28T20:10:38.063+0530][gc,heap     ] GC(537) Archive regions: 2->2
[2025-03-28T20:10:38.063+0530][gc,heap     ] GC(537) Humongous regions: 153->147
[2025-03-28T20:10:38.063+0530][gc,metaspace] GC(537) Metaspace: 52893K(53632K)->52893K(53632K) NonClass: 46985K(47360K)->46985K(47360K) Class: 5908K(6272K)->5908K(6272K)
[2025-03-28T20:10:38.063+0530][gc          ] GC(537) Pause Young (Normal) (G1 Evacuation Pause) 603M->268M(1024M) 27.417ms
[2025-03-28T20:10:38.064+0530][gc,cpu      ] GC(537) User=0.04s Sys=0.00s Real=0.02s
[2025-03-28T20:10:38.681+0530][gc,start    ] GC(538) Pause Young (Normal) (G1 Evacuation Pause)
[2025-03-28T20:10:38.681+0530][gc,task     ] GC(538) Using 2 workers of 2 for evacuation
[2025-03-28T20:10:38.695+0530][gc,phases   ] GC(538)   Pre Evacuate Collection Set: 0.2ms
[2025-03-28T20:10:38.695+0530][gc,phases   ] GC(538)   Merge Heap Roots: 0.1ms
[2025-03-28T20:10:38.695+0530][gc,phases   ] GC(538)   Evacuate Collection Set: 11.3ms
[2025-03-28T20:10:38.695+0530][gc,phases   ] GC(538)   Post Evacuate Collection Set: 3.1ms
[2025-03-28T20:10:38.695+0530][gc,phases   ] GC(538)   Other: 0.2ms
[2025-03-28T20:10:38.695+0530][gc,heap     ] GC(538) Eden regions: 80->0(47)
[2025-03-28T20:10:38.695+0530][gc,heap     ] GC(538) Survivor regions: 2->4(11)
[2025-03-28T20:10:38.696+0530][gc,heap     ] GC(538) Old regions: 120->120
[2025-03-28T20:10:38.696+0530][gc,heap     ] GC(538) Archive regions: 2->2
[2025-03-28T20:10:38.696+0530][gc,heap     ] GC(538) Humongous regions: 149->149
[2025-03-28T20:10:38.696+0530][gc,metaspace] GC(538) Metaspace: 52894K(53632K)->52894K(53632K) NonClass: 46986K(47360K)->46986K(47360K) Class: 5908K(6272K)->5908K(6272K)
[2025-03-28T20:10:38.696+0530][gc          ] GC(538) Pause Young (Normal) (G1 Evacuation Pause) 350M->272M(1024M) 14.983ms
[2025-03-28T20:10:38.696+0530][gc,cpu      ] GC(538) User=0.02s Sys=0.00s Real=0.02s
[2025-03-28T20:10:39.662+0530][gc,start    ] GC(539) Pause Young (Normal) (G1 Evacuation Pause)
[2025-03-28T20:10:39.662+0530][gc,task     ] GC(539) Using 2 workers of 2 for evacuation
[2025-03-28T20:10:39.669+0530][gc,phases   ] GC(539)   Pre Evacuate Collection Set: 0.2ms
[2025-03-28T20:10:39.669+0530][gc,phases   ] GC(539)   Merge Heap Roots: 0.1ms
[2025-03-28T20:10:39.669+0530][gc,phases   ] GC(539)   Evacuate Collection Set: 6.5ms
[2025-03-28T20:10:39.669+0530][gc,phases   ] GC(539)   Post Evacuate Collection Set: 0.5ms
[2025-03-28T20:10:39.669+0530][gc,phases   ] GC(539)   Other: 0.2ms
[2025-03-28T20:10:39.669+0530][gc,heap     ] GC(539) Eden regions: 47->0(73)
[2025-03-28T20:10:39.669+0530][gc,heap     ] GC(539) Survivor regions: 4->4(7)
[2025-03-28T20:10:39.669+0530][gc,heap     ] GC(539) Old regions: 120->120
[2025-03-28T20:10:39.669+0530][gc,heap     ] GC(539) Archive regions: 2->2
[2025-03-28T20:10:39.669+0530][gc,heap     ] GC(539) Humongous regions: 149->147
[2025-03-28T20:10:39.669+0530][gc,metaspace] GC(539) Metaspace: 52894K(53632K)->52894K(53632K) NonClass: 46986K(47360K)->46986K(47360K) Class: 5908K(6272K)->5908K(6272K)
[2025-03-28T20:10:39.669+0530][gc          ] GC(539) Pause Young (Normal) (G1 Evacuation Pause) 319M->270M(1024M) 7.591ms
[2025-03-28T20:10:39.669+0530][gc,cpu      ] GC(539) User=0.01s Sys=0.00s Real=0.01s
[2025-03-28T20:10:39.778+0530][gc,start    ] GC(540) Pause Young (Normal) (G1 Evacuation Pause)
[2025-03-28T20:10:39.778+0530][gc,task     ] GC(540) Using 2 workers of 2 for evacuation
[2025-03-28T20:10:39.788+0530][gc,phases   ] GC(540)   Pre Evacuate Collection Set: 0.2ms
[2025-03-28T20:10:39.788+0530][gc,phases   ] GC(540)   Merge Heap Roots: 0.1ms
[2025-03-28T20:10:39.788+0530][gc,phases   ] GC(540)   Evacuate Collection Set: 9.6ms
[2025-03-28T20:10:39.788+0530][gc,phases   ] GC(540)   Post Evacuate Collection Set: 0.6ms
[2025-03-28T20:10:39.788+0530][gc,phases   ] GC(540)   Other: 0.1ms
[2025-03-28T20:10:39.788+0530][gc,heap     ] GC(540) Eden regions: 73->0(99)
[2025-03-28T20:10:39.788+0530][gc,heap     ] GC(540) Survivor regions: 4->4(10)
[2025-03-28T20:10:39.788+0530][gc,heap     ] GC(540) Old regions: 120->120
[2025-03-28T20:10:39.788+0530][gc,heap     ] GC(540) Archive regions: 2->2
[2025-03-28T20:10:39.788+0530][gc,heap     ] GC(540) Humongous regions: 149->149
[2025-03-28T20:10:39.788+0530][gc,metaspace] GC(540) Metaspace: 52894K(53632K)->52894K(53632K) NonClass: 46986K(47360K)->46986K(47360K) Class: 5908K(6272K)->5908K(6272K)
[2025-03-28T20:10:39.789+0530][gc          ] GC(540) Pause Young (Normal) (G1 Evacuation Pause) 345M->272M(1024M) 10.791ms
[2025-03-28T20:10:39.789+0530][gc,cpu      ] GC(540) User=0.02s Sys=0.01s Real=0.01s
[2025-03-28T20:10:48.661+0530][gc,start    ] GC(541) Pause Young (Normal) (G1 Evacuation Pause)
[2025-03-28T20:10:48.661+0530][gc,task     ] GC(541) Using 2 workers of 2 for evacuation
[2025-03-28T20:10:48.733+0530][gc,mmu      ] GC(541) MMU target violated: 21.0ms (20.0ms/21.0ms)
[2025-03-28T20:10:48.733+0530][gc,phases   ] GC(541)   Pre Evacuate Collection Set: 9.9ms
[2025-03-28T20:10:48.733+0530][gc,phases   ] GC(541)   Merge Heap Roots: 0.2ms
[2025-03-28T20:10:48.733+0530][gc,phases   ] GC(541)   Evacuate Collection Set: 60.8ms
[2025-03-28T20:10:48.733+0530][gc,phases   ] GC(541)   Post Evacuate Collection Set: 0.7ms
[2025-03-28T20:10:48.733+0530][gc,phases   ] GC(541)   Other: 0.2ms
[2025-03-28T20:10:48.733+0530][gc,heap     ] GC(541) Eden regions: 99->0(47)
[2025-03-28T20:10:48.733+0530][gc,heap     ] GC(541) Survivor regions: 4->4(13)
[2025-03-28T20:10:48.733+0530][gc,heap     ] GC(541) Old regions: 120->120
[2025-03-28T20:10:48.733+0530][gc,heap     ] GC(541) Archive regions: 2->2
[2025-03-28T20:10:48.733+0530][gc,heap     ] GC(541) Humongous regions: 151->149
[2025-03-28T20:10:48.733+0530][gc,metaspace] GC(541) Metaspace: 52895K(53632K)->52895K(53632K) NonClass: 46987K(47360K)->46987K(47360K) Class: 5908K(6272K)->5908K(6272K)
[2025-03-28T20:10:48.733+0530][gc          ] GC(541) Pause Young (Normal) (G1 Evacuation Pause) 373M->273M(1024M) 71.870ms
[2025-03-28T20:10:48.733+0530][gc,cpu      ] GC(541) User=0.03s Sys=0.01s Real=0.07s
[2025-03-28T20:10:49.725+0530][gc,start    ] GC(542) Pause Young (Normal) (G1 Evacuation Pause)
[2025-03-28T20:10:49.725+0530][gc,task     ] GC(542) Using 2 workers of 2 for evacuation
[2025-03-28T20:10:49.746+0530][gc,mmu      ] GC(542) MMU target violated: 21.0ms (20.0ms/21.0ms)
[2025-03-28T20:10:49.746+0530][gc,phases   ] GC(542)   Pre Evacuate Collection Set: 0.3ms
[2025-03-28T20:10:49.746+0530][gc,phases   ] GC(542)   Merge Heap Roots: 0.3ms
[2025-03-28T20:10:49.746+0530][gc,phases   ] GC(542)   Evacuate Collection Set: 19.8ms
[2025-03-28T20:10:49.746+0530][gc,phases   ] GC(542)   Post Evacuate Collection Set: 0.6ms
[2025-03-28T20:10:49.746+0530][gc,phases   ] GC(542)   Other: 0.2ms
[2025-03-28T20:10:49.746+0530][gc,heap     ] GC(542) Eden regions: 47->0(47)
[2025-03-28T20:10:49.746+0530][gc,heap     ] GC(542) Survivor regions: 4->4(7)
[2025-03-28T20:10:49.746+0530][gc,heap     ] GC(542) Old regions: 120->120
[2025-03-28T20:10:49.746+0530][gc,heap     ] GC(542) Archive regions: 2->2
[2025-03-28T20:10:49.746+0530][gc,heap     ] GC(542) Humongous regions: 149->147
[2025-03-28T20:10:49.746+0530][gc,metaspace] GC(542) Metaspace: 52895K(53632K)->52895K(53632K) NonClass: 46987K(47360K)->46987K(47360K) Class: 5908K(6272K)->5908K(6272K)
[2025-03-28T20:10:49.747+0530][gc          ] GC(542) Pause Young (Normal) (G1 Evacuation Pause) 320M->271M(1024M) 21.298ms
[2025-03-28T20:10:49.747+0530][gc,cpu      ] GC(542) User=0.03s Sys=0.00s Real=0.03s
[2025-03-28T20:10:49.826+0530][gc,start    ] GC(543) Pause Young (Normal) (G1 Evacuation Pause)
[2025-03-28T20:10:49.826+0530][gc,task     ] GC(543) Using 2 workers of 2 for evacuation
[2025-03-28T20:10:49.837+0530][gc,phases   ] GC(543)   Pre Evacuate Collection Set: 0.2ms
[2025-03-28T20:10:49.837+0530][gc,phases   ] GC(543)   Merge Heap Roots: 0.2ms
[2025-03-28T20:10:49.837+0530][gc,phases   ] GC(543)   Evacuate Collection Set: 9.7ms
[2025-03-28T20:10:49.837+0530][gc,phases   ] GC(543)   Post Evacuate Collection Set: 0.6ms
[2025-03-28T20:10:49.837+0530][gc,phases   ] GC(543)   Other: 0.1ms
[2025-03-28T20:10:49.837+0530][gc,heap     ] GC(543) Eden regions: 47->0(47)
[2025-03-28T20:10:49.837+0530][gc,heap     ] GC(543) Survivor regions: 4->4(7)
[2025-03-28T20:10:49.837+0530][gc,heap     ] GC(543) Old regions: 120->120
[2025-03-28T20:10:49.837+0530][gc,heap     ] GC(543) Archive regions: 2->2
[2025-03-28T20:10:49.837+0530][gc,heap     ] GC(543) Humongous regions: 147->147
[2025-03-28T20:10:49.837+0530][gc,metaspace] GC(543) Metaspace: 52895K(53632K)->52895K(53632K) NonClass: 46987K(47360K)->46987K(47360K) Class: 5908K(6272K)->5908K(6272K)
[2025-03-28T20:10:49.837+0530][gc          ] GC(543) Pause Young (Normal) (G1 Evacuation Pause) 318M->270M(1024M) 10.989ms
[2025-03-28T20:10:49.837+0530][gc,cpu      ] GC(543) User=0.02s Sys=0.00s Real=0.01s
[2025-03-28T20:10:53.572+0530][gc,start    ] GC(547) Pause Young (Normal) (G1 Evacuation Pause)
[2025-03-28T20:10:53.572+0530][gc,task     ] GC(547) Using 2 workers of 2 for evacuation
[2025-03-28T20:10:53.581+0530][gc,phases   ] GC(547)   Pre Evacuate Collection Set: 0.2ms
[2025-03-28T20:10:53.581+0530][gc,phases   ] GC(547)   Merge Heap Roots: 0.2ms
[2025-03-28T20:10:53.581+0530][gc,phases   ] GC(547)   Evacuate Collection Set: 7.4ms
[2025-03-28T20:10:53.581+0530][gc,phases   ] GC(547)   Post Evacuate Collection Set: 0.8ms
[2025-03-28T20:10:53.581+0530][gc,phases   ] GC(547)   Other: 0.3ms
[2025-03-28T20:10:53.581+0530][gc,heap     ] GC(547) Eden regions: 538->0(609)
[2025-03-28T20:10:53.581+0530][gc,heap     ] GC(547) Survivor regions: 5->5(68)
[2025-03-28T20:10:53.581+0530][gc,heap     ] GC(547) Old regions: 50->50
[2025-03-28T20:10:53.581+0530][gc,heap     ] GC(547) Archive regions: 2->2
[2025-03-28T20:10:53.581+0530][gc,heap     ] GC(547) Humongous regions: 157->147
[2025-03-28T20:10:53.581+0530][gc,metaspace] GC(547) Metaspace: 52749K(53376K)->52749K(53376K) NonClass: 46881K(47168K)->46881K(47168K) Class: 5867K(6208K)->5867K(6208K)
[2025-03-28T20:10:53.581+0530][gc          ] GC(547) Pause Young (Normal) (G1 Evacuation Pause) 749M->201M(1024M) 8.957ms
[2025-03-28T20:10:53.581+0530][gc,cpu      ] GC(547) User=0.01s Sys=0.01s Real=0.01s
[2025-03-28T20:10:53.674+0530][gc,start    ] GC(548) Pause Young (Concurrent Start) (G1 Humongous Allocation)
[2025-03-28T20:10:53.674+0530][gc,task     ] GC(548) Using 2 workers of 2 for evacuation
[2025-03-28T20:10:53.684+0530][gc,phases   ] GC(548)   Pre Evacuate Collection Set: 0.3ms
[2025-03-28T20:10:53.684+0530][gc,phases   ] GC(548)   Merge Heap Roots: 0.2ms
[2025-03-28T20:10:53.684+0530][gc,phases   ] GC(548)   Evacuate Collection Set: 8.7ms
[2025-03-28T20:10:53.684+0530][gc,phases   ] GC(548)   Post Evacuate Collection Set: 0.8ms
[2025-03-28T20:10:53.684+0530][gc,phases   ] GC(548)   Other: 0.5ms
[2025-03-28T20:10:53.684+0530][gc,heap     ] GC(548) Eden regions: 41->0(524)
[2025-03-28T20:10:53.684+0530][gc,heap     ] GC(548) Survivor regions: 5->5(77)
[2025-03-28T20:10:53.684+0530][gc,heap     ] GC(548) Old regions: 50->50
[2025-03-28T20:10:53.684+0530][gc,heap     ] GC(548) Archive regions: 2->2
[2025-03-28T20:10:53.684+0530][gc,heap     ] GC(548) Humongous regions: 147->147
[2025-03-28T20:10:53.684+0530][gc,metaspace] GC(548) Metaspace: 52749K(53376K)->52749K(53376K) NonClass: 46881K(47168K)->46881K(47168K) Class: 5867K(6208K)->5867K(6208K)
[2025-03-28T20:10:53.684+0530][gc          ] GC(548) Pause Young (Concurrent Start) (G1 Humongous Allocation) 241M->201M(1024M) 10.567ms
[2025-03-28T20:10:53.684+0530][gc,cpu      ] GC(548) User=0.02s Sys=0.00s Real=0.01s
[2025-03-28T20:10:53.684+0530][gc          ] GC(549) Concurrent Mark Cycle
[2025-03-28T20:10:53.684+0530][gc,marking  ] GC(549) Concurrent Clear Claimed Marks
[2025-03-28T20:10:53.684+0530][gc,marking  ] GC(549) Concurrent Clear Claimed Marks 0.094ms
[2025-03-28T20:10:53.684+0530][gc,marking  ] GC(549) Concurrent Scan Root Regions
[2025-03-28T20:10:53.691+0530][gc,marking  ] GC(549) Concurrent Scan Root Regions 6.592ms
[2025-03-28T20:10:53.691+0530][gc,marking  ] GC(549) Concurrent Mark
[2025-03-28T20:10:53.691+0530][gc,marking  ] GC(549) Concurrent Mark From Roots
[2025-03-28T20:10:53.691+0530][gc,task     ] GC(549) Using 1 workers of 1 for marking
[2025-03-28T20:10:53.763+0530][gc,marking  ] GC(549) Concurrent Mark From Roots 71.590ms
[2025-03-28T20:10:53.763+0530][gc,marking  ] GC(549) Concurrent Preclean
[2025-03-28T20:10:53.763+0530][gc,marking  ] GC(549) Concurrent Preclean 0.145ms
[2025-03-28T20:10:53.763+0530][gc,start    ] GC(549) Pause Remark
[2025-03-28T20:10:53.775+0530][gc          ] GC(549) Pause Remark 243M->243M(1024M) 12.058ms
[2025-03-28T20:10:53.775+0530][gc,cpu      ] GC(549) User=0.02s Sys=0.00s Real=0.02s
[2025-03-28T20:10:53.776+0530][gc,marking  ] GC(549) Concurrent Mark 84.858ms
[2025-03-28T20:10:53.776+0530][gc,marking  ] GC(549) Concurrent Rebuild Remembered Sets
[2025-03-28T20:10:53.809+0530][gc,marking  ] GC(549) Concurrent Rebuild Remembered Sets 33.321ms
[2025-03-28T20:10:53.810+0530][gc,start    ] GC(549) Pause Cleanup
[2025-03-28T20:10:53.810+0530][gc          ] GC(549) Pause Cleanup 243M->243M(1024M) 0.564ms
[2025-03-28T20:10:53.810+0530][gc,cpu      ] GC(549) User=0.00s Sys=0.00s Real=0.00s
[2025-03-28T20:10:53.810+0530][gc,marking  ] GC(549) Concurrent Cleanup for Next Mark
[2025-03-28T20:10:53.814+0530][gc,marking  ] GC(549) Concurrent Cleanup for Next Mark 3.152ms
[2025-03-28T20:10:53.814+0530][gc          ] GC(549) Concurrent Mark Cycle 129.363ms
[2025-03-28T20:10:55.706+0530][gc,start    ] GC(544) Pause Young (Normal) (G1 Evacuation Pause)
[2025-03-28T20:10:55.706+0530][gc,task     ] GC(544) Using 2 workers of 2 for evacuation
[2025-03-28T20:10:55.748+0530][gc,mmu      ] GC(544) MMU target violated: 21.0ms (20.0ms/21.0ms)
[2025-03-28T20:10:55.748+0530][gc,phases   ] GC(544)   Pre Evacuate Collection Set: 0.9ms
[2025-03-28T20:10:55.748+0530][gc,phases   ] GC(544)   Merge Heap Roots: 1.4ms
[2025-03-28T20:10:55.748+0530][gc,phases   ] GC(544)   Evacuate Collection Set: 36.8ms
[2025-03-28T20:10:55.748+0530][gc,phases   ] GC(544)   Post Evacuate Collection Set: 2.3ms
[2025-03-28T20:10:55.748+0530][gc,phases   ] GC(544)   Other: 0.7ms
[2025-03-28T20:10:55.749+0530][gc,heap     ] GC(544) Eden regions: 47->0(49)
[2025-03-28T20:10:55.749+0530][gc,heap     ] GC(544) Survivor regions: 4->2(7)
[2025-03-28T20:10:55.749+0530][gc,heap     ] GC(544) Old regions: 120->120
[2025-03-28T20:10:55.749+0530][gc,heap     ] GC(544) Archive regions: 2->2
[2025-03-28T20:10:55.749+0530][gc,heap     ] GC(544) Humongous regions: 149->147
[2025-03-28T20:10:55.749+0530][gc,metaspace] GC(544) Metaspace: 52895K(53632K)->52895K(53632K) NonClass: 46987K(47360K)->46987K(47360K) Class: 5908K(6272K)->5908K(6272K)
[2025-03-28T20:10:55.749+0530][gc          ] GC(544) Pause Young (Normal) (G1 Evacuation Pause) 319M->269M(1024M) 42.832ms
[2025-03-28T20:10:55.749+0530][gc,cpu      ] GC(544) User=0.06s Sys=0.01s Real=0.04s
[2025-03-28T20:10:58.684+0530][gc,start    ] GC(545) Pause Young (Normal) (G1 Evacuation Pause)
[2025-03-28T20:10:58.684+0530][gc,task     ] GC(545) Using 2 workers of 2 for evacuation
[2025-03-28T20:10:58.713+0530][gc,mmu      ] GC(545) MMU target violated: 21.0ms (20.0ms/21.0ms)
[2025-03-28T20:10:58.713+0530][gc,phases   ] GC(545)   Pre Evacuate Collection Set: 0.3ms
[2025-03-28T20:10:58.713+0530][gc,phases   ] GC(545)   Merge Heap Roots: 1.1ms
[2025-03-28T20:10:58.713+0530][gc,phases   ] GC(545)   Evacuate Collection Set: 26.4ms
[2025-03-28T20:10:58.713+0530][gc,phases   ] GC(545)   Post Evacuate Collection Set: 0.9ms
[2025-03-28T20:10:58.713+0530][gc,phases   ] GC(545)   Other: 0.2ms
[2025-03-28T20:10:58.713+0530][gc,heap     ] GC(545) Eden regions: 49->0(44)
[2025-03-28T20:10:58.713+0530][gc,heap     ] GC(545) Survivor regions: 2->7(7)
[2025-03-28T20:10:58.713+0530][gc,heap     ] GC(545) Old regions: 120->120
[2025-03-28T20:10:58.713+0530][gc,heap     ] GC(545) Archive regions: 2->2
[2025-03-28T20:10:58.713+0530][gc,heap     ] GC(545) Humongous regions: 147->147
[2025-03-28T20:10:58.713+0530][gc,metaspace] GC(545) Metaspace: 52895K(53632K)->52895K(53632K) NonClass: 46987K(47360K)->46987K(47360K) Class: 5908K(6272K)->5908K(6272K)
[2025-03-28T20:10:58.713+0530][gc          ] GC(545) Pause Young (Normal) (G1 Evacuation Pause) 318M->274M(1024M) 28.939ms
[2025-03-28T20:10:58.713+0530][gc,cpu      ] GC(545) User=0.02s Sys=0.01s Real=0.03s
[2025-03-28T20:10:58.814+0530][gc,start    ] GC(546) Pause Young (Normal) (G1 Evacuation Pause)
[2025-03-28T20:10:58.814+0530][gc,task     ] GC(546) Using 2 workers of 2 for evacuation
[2025-03-28T20:10:58.830+0530][gc,phases   ] GC(546)   Pre Evacuate Collection Set: 0.3ms
[2025-03-28T20:10:58.830+0530][gc,phases   ] GC(546)   Merge Heap Roots: 0.2ms
[2025-03-28T20:10:58.830+0530][gc,phases   ] GC(546)   Evacuate Collection Set: 14.1ms
[2025-03-28T20:10:58.830+0530][gc,phases   ] GC(546)   Post Evacuate Collection Set: 0.5ms
[2025-03-28T20:10:58.830+0530][gc,phases   ] GC(546)   Other: 0.1ms
[2025-03-28T20:10:58.830+0530][gc,heap     ] GC(546) Eden regions: 44->0(49)
[2025-03-28T20:10:58.830+0530][gc,heap     ] GC(546) Survivor regions: 7->2(7)
[2025-03-28T20:10:58.830+0530][gc,heap     ] GC(546) Old regions: 120->122
[2025-03-28T20:10:58.830+0530][gc,heap     ] GC(546) Archive regions: 2->2
[2025-03-28T20:10:58.830+0530][gc,heap     ] GC(546) Humongous regions: 149->149
[2025-03-28T20:10:58.830+0530][gc,metaspace] GC(546) Metaspace: 52895K(53632K)->52895K(53632K) NonClass: 46987K(47360K)->46987K(47360K) Class: 5908K(6272K)->5908K(6272K)
[2025-03-28T20:10:58.830+0530][gc          ] GC(546) Pause Young (Normal) (G1 Evacuation Pause) 320M->273M(1024M) 15.446ms
[2025-03-28T20:10:58.830+0530][gc,cpu      ] GC(546) User=0.02s Sys=0.00s Real=0.02s
[2025-03-28T20:10:59.688+0530][gc,start    ] GC(547) Pause Young (Normal) (G1 Evacuation Pause)
[2025-03-28T20:10:59.688+0530][gc,task     ] GC(547) Using 2 workers of 2 for evacuation
[2025-03-28T20:10:59.693+0530][gc,phases   ] GC(547)   Pre Evacuate Collection Set: 0.2ms
[2025-03-28T20:10:59.693+0530][gc,phases   ] GC(547)   Merge Heap Roots: 0.1ms
[2025-03-28T20:10:59.693+0530][gc,phases   ] GC(547)   Evacuate Collection Set: 4.3ms
[2025-03-28T20:10:59.693+0530][gc,phases   ] GC(547)   Post Evacuate Collection Set: 0.6ms
[2025-03-28T20:10:59.693+0530][gc,phases   ] GC(547)   Other: 0.2ms
[2025-03-28T20:10:59.693+0530][gc,heap     ] GC(547) Eden regions: 49->0(46)
[2025-03-28T20:10:59.693+0530][gc,heap     ] GC(547) Survivor regions: 2->5(7)
[2025-03-28T20:10:59.693+0530][gc,heap     ] GC(547) Old regions: 122->122
[2025-03-28T20:10:59.693+0530][gc,heap     ] GC(547) Archive regions: 2->2
[2025-03-28T20:10:59.693+0530][gc,heap     ] GC(547) Humongous regions: 149->147
[2025-03-28T20:10:59.693+0530][gc,metaspace] GC(547) Metaspace: 52895K(53632K)->52895K(53632K) NonClass: 46987K(47360K)->46987K(47360K) Class: 5908K(6272K)->5908K(6272K)
[2025-03-28T20:10:59.693+0530][gc          ] GC(547) Pause Young (Normal) (G1 Evacuation Pause) 322M->274M(1024M) 5.367ms
[2025-03-28T20:10:59.693+0530][gc,cpu      ] GC(547) User=0.01s Sys=0.00s Real=0.00s
[2025-03-28T20:10:59.778+0530][gc,start    ] GC(548) Pause Young (Normal) (G1 Evacuation Pause)
[2025-03-28T20:10:59.778+0530][gc,task     ] GC(548) Using 2 workers of 2 for evacuation
[2025-03-28T20:10:59.785+0530][gc,phases   ] GC(548)   Pre Evacuate Collection Set: 0.4ms
[2025-03-28T20:10:59.785+0530][gc,phases   ] GC(548)   Merge Heap Roots: 0.1ms
[2025-03-28T20:10:59.785+0530][gc,phases   ] GC(548)   Evacuate Collection Set: 5.5ms
[2025-03-28T20:10:59.785+0530][gc,phases   ] GC(548)   Post Evacuate Collection Set: 0.5ms
[2025-03-28T20:10:59.785+0530][gc,phases   ] GC(548)   Other: 0.1ms
[2025-03-28T20:10:59.785+0530][gc,heap     ] GC(548) Eden regions: 46->0(56)
[2025-03-28T20:10:59.785+0530][gc,heap     ] GC(548) Survivor regions: 5->2(7)
[2025-03-28T20:10:59.785+0530][gc,heap     ] GC(548) Old regions: 122->123
[2025-03-28T20:10:59.785+0530][gc,heap     ] GC(548) Archive regions: 2->2
[2025-03-28T20:10:59.785+0530][gc,heap     ] GC(548) Humongous regions: 149->149
[2025-03-28T20:10:59.785+0530][gc,metaspace] GC(548) Metaspace: 52895K(53632K)->52895K(53632K) NonClass: 46987K(47360K)->46987K(47360K) Class: 5908K(6272K)->5908K(6272K)
[2025-03-28T20:10:59.785+0530][gc          ] GC(548) Pause Young (Normal) (G1 Evacuation Pause) 322M->274M(1024M) 6.576ms
[2025-03-28T20:10:59.785+0530][gc,cpu      ] GC(548) User=0.01s Sys=0.00s Real=0.01s
[2025-03-28T20:11:08.503+0530][gc,start    ] GC(549) Pause Young (Normal) (G1 Evacuation Pause)
[2025-03-28T20:11:08.503+0530][gc,task     ] GC(549) Using 2 workers of 2 for evacuation
[2025-03-28T20:11:08.511+0530][gc,phases   ] GC(549)   Pre Evacuate Collection Set: 0.2ms
[2025-03-28T20:11:08.511+0530][gc,phases   ] GC(549)   Merge Heap Roots: 0.1ms
[2025-03-28T20:11:08.511+0530][gc,phases   ] GC(549)   Evacuate Collection Set: 6.7ms
[2025-03-28T20:11:08.511+0530][gc,phases   ] GC(549)   Post Evacuate Collection Set: 0.5ms
[2025-03-28T20:11:08.511+0530][gc,phases   ] GC(549)   Other: 0.1ms
[2025-03-28T20:11:08.511+0530][gc,heap     ] GC(549) Eden regions: 56->0(74)
[2025-03-28T20:11:08.511+0530][gc,heap     ] GC(549) Survivor regions: 2->4(8)
[2025-03-28T20:11:08.511+0530][gc,heap     ] GC(549) Old regions: 123->123
[2025-03-28T20:11:08.511+0530][gc,heap     ] GC(549) Archive regions: 2->2
[2025-03-28T20:11:08.511+0530][gc,heap     ] GC(549) Humongous regions: 149->147
[2025-03-28T20:11:08.511+0530][gc,metaspace] GC(549) Metaspace: 52896K(53632K)->52896K(53632K) NonClass: 46988K(47360K)->46988K(47360K) Class: 5908K(6272K)->5908K(6272K)
[2025-03-28T20:11:08.511+0530][gc          ] GC(549) Pause Young (Normal) (G1 Evacuation Pause) 330M->273M(1024M) 7.756ms
[2025-03-28T20:11:08.511+0530][gc,cpu      ] GC(549) User=0.01s Sys=0.00s Real=0.01s
[2025-03-28T20:11:08.620+0530][gc,start    ] GC(550) Pause Young (Normal) (G1 Evacuation Pause)
[2025-03-28T20:11:08.624+0530][gc,task     ] GC(550) Using 2 workers of 2 for evacuation
[2025-03-28T20:11:08.630+0530][gc,phases   ] GC(550)   Pre Evacuate Collection Set: 0.2ms
[2025-03-28T20:11:08.630+0530][gc,phases   ] GC(550)   Merge Heap Roots: 0.1ms
[2025-03-28T20:11:08.630+0530][gc,phases   ] GC(550)   Evacuate Collection Set: 5.1ms
[2025-03-28T20:11:08.630+0530][gc,phases   ] GC(550)   Post Evacuate Collection Set: 0.5ms
[2025-03-28T20:11:08.630+0530][gc,phases   ] GC(550)   Other: 4.5ms
[2025-03-28T20:11:08.630+0530][gc,heap     ] GC(550) Eden regions: 74->0(142)
[2025-03-28T20:11:08.630+0530][gc,heap     ] GC(550) Survivor regions: 4->3(10)
[2025-03-28T20:11:08.630+0530][gc,heap     ] GC(550) Old regions: 123->123
[2025-03-28T20:11:08.630+0530][gc,heap     ] GC(550) Archive regions: 2->2
[2025-03-28T20:11:08.630+0530][gc,heap     ] GC(550) Humongous regions: 149->149
[2025-03-28T20:11:08.630+0530][gc,metaspace] GC(550) Metaspace: 52896K(53632K)->52896K(53632K) NonClass: 46988K(47360K)->46988K(47360K) Class: 5908K(6272K)->5908K(6272K)
[2025-03-28T20:11:08.630+0530][gc          ] GC(550) Pause Young (Normal) (G1 Evacuation Pause) 349M->275M(1024M) 10.494ms
[2025-03-28T20:11:08.630+0530][gc,cpu      ] GC(550) User=0.01s Sys=0.00s Real=0.01s
[2025-03-28T20:11:18.607+0530][gc,start    ] GC(551) Pause Young (Normal) (G1 Evacuation Pause)
[2025-03-28T20:11:18.608+0530][gc,task     ] GC(551) Using 2 workers of 2 for evacuation
[2025-03-28T20:11:18.635+0530][gc,mmu      ] GC(551) MMU target violated: 21.0ms (20.0ms/21.0ms)
[2025-03-28T20:11:18.635+0530][gc,phases   ] GC(551)   Pre Evacuate Collection Set: 0.2ms
[2025-03-28T20:11:18.635+0530][gc,phases   ] GC(551)   Merge Heap Roots: 0.1ms
[2025-03-28T20:11:18.635+0530][gc,phases   ] GC(551)   Evacuate Collection Set: 25.7ms
[2025-03-28T20:11:18.635+0530][gc,phases   ] GC(551)   Post Evacuate Collection Set: 0.9ms
[2025-03-28T20:11:18.635+0530][gc,phases   ] GC(551)   Other: 0.3ms
[2025-03-28T20:11:18.635+0530][gc,heap     ] GC(551) Eden regions: 142->0(59)
[2025-03-28T20:11:18.635+0530][gc,heap     ] GC(551) Survivor regions: 3->4(19)
[2025-03-28T20:11:18.635+0530][gc,heap     ] GC(551) Old regions: 123->123
[2025-03-28T20:11:18.635+0530][gc,heap     ] GC(551) Archive regions: 2->2
[2025-03-28T20:11:18.635+0530][gc,heap     ] GC(551) Humongous regions: 151->147
[2025-03-28T20:11:18.635+0530][gc,metaspace] GC(551) Metaspace: 52896K(53632K)->52896K(53632K) NonClass: 46988K(47360K)->46988K(47360K) Class: 5908K(6272K)->5908K(6272K)
[2025-03-28T20:11:18.635+0530][gc          ] GC(551) Pause Young (Normal) (G1 Evacuation Pause) 419M->273M(1024M) 27.476ms
[2025-03-28T20:11:18.635+0530][gc,cpu      ] GC(551) User=0.03s Sys=0.00s Real=0.03s
[2025-03-28T20:11:18.817+0530][gc,start    ] GC(552) Pause Young (Normal) (G1 Evacuation Pause)
[2025-03-28T20:11:18.817+0530][gc,task     ] GC(552) Using 2 workers of 2 for evacuation
[2025-03-28T20:11:18.828+0530][gc,phases   ] GC(552)   Pre Evacuate Collection Set: 0.1ms
[2025-03-28T20:11:18.828+0530][gc,phases   ] GC(552)   Merge Heap Roots: 0.1ms
[2025-03-28T20:11:18.828+0530][gc,phases   ] GC(552)   Evacuate Collection Set: 8.8ms
[2025-03-28T20:11:18.828+0530][gc,phases   ] GC(552)   Post Evacuate Collection Set: 1.2ms
[2025-03-28T20:11:18.828+0530][gc,phases   ] GC(552)   Other: 0.3ms
[2025-03-28T20:11:18.828+0530][gc,heap     ] GC(552) Eden regions: 59->0(103)
[2025-03-28T20:11:18.828+0530][gc,heap     ] GC(552) Survivor regions: 4->4(8)
[2025-03-28T20:11:18.828+0530][gc,heap     ] GC(552) Old regions: 123->123
[2025-03-28T20:11:18.828+0530][gc,heap     ] GC(552) Archive regions: 2->2
[2025-03-28T20:11:18.828+0530][gc,heap     ] GC(552) Humongous regions: 149->149
[2025-03-28T20:11:18.828+0530][gc,metaspace] GC(552) Metaspace: 52896K(53632K)->52896K(53632K) NonClass: 46988K(47360K)->46988K(47360K) Class: 5908K(6272K)->5908K(6272K)
[2025-03-28T20:11:18.828+0530][gc          ] GC(552) Pause Young (Normal) (G1 Evacuation Pause) 334M->275M(1024M) 11.224ms
[2025-03-28T20:11:18.828+0530][gc,cpu      ] GC(552) User=0.01s Sys=0.01s Real=0.01s
[2025-03-28T20:11:19.767+0530][gc,start    ] GC(553) Pause Young (Normal) (G1 Evacuation Pause)
[2025-03-28T20:11:19.767+0530][gc,task     ] GC(553) Using 2 workers of 2 for evacuation
[2025-03-28T20:11:19.776+0530][gc,phases   ] GC(553)   Pre Evacuate Collection Set: 0.1ms
[2025-03-28T20:11:19.776+0530][gc,phases   ] GC(553)   Merge Heap Roots: 0.1ms
[2025-03-28T20:11:19.776+0530][gc,phases   ] GC(553)   Evacuate Collection Set: 8.1ms
[2025-03-28T20:11:19.776+0530][gc,phases   ] GC(553)   Post Evacuate Collection Set: 0.5ms
[2025-03-28T20:11:19.776+0530][gc,phases   ] GC(553)   Other: 0.1ms
[2025-03-28T20:11:19.776+0530][gc,heap     ] GC(553) Eden regions: 103->0(174)
[2025-03-28T20:11:19.776+0530][gc,heap     ] GC(553) Survivor regions: 4->4(14)
[2025-03-28T20:11:19.776+0530][gc,heap     ] GC(553) Old regions: 123->123
[2025-03-28T20:11:19.776+0530][gc,heap     ] GC(553) Archive regions: 2->2
[2025-03-28T20:11:19.776+0530][gc,heap     ] GC(553) Humongous regions: 151->149
[2025-03-28T20:11:19.776+0530][gc,metaspace] GC(553) Metaspace: 52896K(53632K)->52896K(53632K) NonClass: 46988K(47360K)->46988K(47360K) Class: 5908K(6272K)->5908K(6272K)
[2025-03-28T20:11:19.776+0530][gc          ] GC(553) Pause Young (Normal) (G1 Evacuation Pause) 380M->275M(1024M) 9.148ms
[2025-03-28T20:11:19.776+0530][gc,cpu      ] GC(553) User=0.02s Sys=0.00s Real=0.01s
[2025-03-28T20:11:22.756+0530][gc,start    ] GC(550) Pause Young (Prepare Mixed) (G1 Evacuation Pause)
[2025-03-28T20:11:22.756+0530][gc,task     ] GC(550) Using 2 workers of 2 for evacuation
[2025-03-28T20:11:22.780+0530][gc,mmu      ] GC(550) MMU target violated: 21.0ms (20.0ms/21.0ms)
[2025-03-28T20:11:22.780+0530][gc,phases   ] GC(550)   Pre Evacuate Collection Set: 0.7ms
[2025-03-28T20:11:22.780+0530][gc,phases   ] GC(550)   Merge Heap Roots: 0.4ms
[2025-03-28T20:11:22.780+0530][gc,phases   ] GC(550)   Evacuate Collection Set: 20.4ms
[2025-03-28T20:11:22.780+0530][gc,phases   ] GC(550)   Post Evacuate Collection Set: 1.9ms
[2025-03-28T20:11:22.780+0530][gc,phases   ] GC(550)   Other: 0.2ms
[2025-03-28T20:11:22.780+0530][gc,heap     ] GC(550) Eden regions: 558->0(46)
[2025-03-28T20:11:22.780+0530][gc,heap     ] GC(550) Survivor regions: 5->5(71)
[2025-03-28T20:11:22.780+0530][gc,heap     ] GC(550) Old regions: 50->50
[2025-03-28T20:11:22.780+0530][gc,heap     ] GC(550) Archive regions: 2->2
[2025-03-28T20:11:22.780+0530][gc,heap     ] GC(550) Humongous regions: 159->149
[2025-03-28T20:11:22.780+0530][gc,metaspace] GC(550) Metaspace: 52754K(53376K)->52754K(53376K) NonClass: 46886K(47168K)->46886K(47168K) Class: 5867K(6208K)->5867K(6208K)
[2025-03-28T20:11:22.780+0530][gc          ] GC(550) Pause Young (Prepare Mixed) (G1 Evacuation Pause) 771M->203M(1024M) 23.885ms
[2025-03-28T20:11:22.780+0530][gc,cpu      ] GC(550) User=0.02s Sys=0.01s Real=0.02s
[2025-03-28T20:11:23.521+0530][gc,start    ] GC(551) Pause Young (Mixed) (G1 Evacuation Pause)
[2025-03-28T20:11:23.521+0530][gc,task     ] GC(551) Using 2 workers of 2 for evacuation
[2025-03-28T20:11:23.533+0530][gc,phases   ] GC(551)   Pre Evacuate Collection Set: 0.3ms
[2025-03-28T20:11:23.533+0530][gc,phases   ] GC(551)   Merge Heap Roots: 0.1ms
[2025-03-28T20:11:23.533+0530][gc,phases   ] GC(551)   Evacuate Collection Set: 10.1ms
[2025-03-28T20:11:23.533+0530][gc,phases   ] GC(551)   Post Evacuate Collection Set: 0.9ms
[2025-03-28T20:11:23.533+0530][gc,phases   ] GC(551)   Other: 0.1ms
[2025-03-28T20:11:23.533+0530][gc,heap     ] GC(551) Eden regions: 46->0(605)
[2025-03-28T20:11:23.533+0530][gc,heap     ] GC(551) Survivor regions: 5->4(7)
[2025-03-28T20:11:23.533+0530][gc,heap     ] GC(551) Old regions: 50->48
[2025-03-28T20:11:23.533+0530][gc,heap     ] GC(551) Archive regions: 2->2
[2025-03-28T20:11:23.533+0530][gc,heap     ] GC(551) Humongous regions: 149->147
[2025-03-28T20:11:23.533+0530][gc,metaspace] GC(551) Metaspace: 52754K(53376K)->52754K(53376K) NonClass: 46886K(47168K)->46886K(47168K) Class: 5867K(6208K)->5867K(6208K)
[2025-03-28T20:11:23.533+0530][gc          ] GC(551) Pause Young (Mixed) (G1 Evacuation Pause) 249M->198M(1024M) 11.766ms
[2025-03-28T20:11:23.533+0530][gc,cpu      ] GC(551) User=0.02s Sys=0.00s Real=0.01s
[2025-03-28T20:11:29.681+0530][gc,start    ] GC(554) Pause Young (Normal) (G1 Evacuation Pause)
[2025-03-28T20:11:29.681+0530][gc,task     ] GC(554) Using 2 workers of 2 for evacuation
[2025-03-28T20:11:29.693+0530][gc,phases   ] GC(554)   Pre Evacuate Collection Set: 0.3ms
[2025-03-28T20:11:29.693+0530][gc,phases   ] GC(554)   Merge Heap Roots: 0.2ms
[2025-03-28T20:11:29.693+0530][gc,phases   ] GC(554)   Evacuate Collection Set: 10.4ms
[2025-03-28T20:11:29.693+0530][gc,phases   ] GC(554)   Post Evacuate Collection Set: 0.7ms
[2025-03-28T20:11:29.693+0530][gc,phases   ] GC(554)   Other: 0.2ms
[2025-03-28T20:11:29.693+0530][gc,heap     ] GC(554) Eden regions: 174->0(183)
[2025-03-28T20:11:29.693+0530][gc,heap     ] GC(554) Survivor regions: 4->5(23)
[2025-03-28T20:11:29.693+0530][gc,heap     ] GC(554) Old regions: 123->123
[2025-03-28T20:11:29.693+0530][gc,heap     ] GC(554) Archive regions: 2->2
[2025-03-28T20:11:29.693+0530][gc,heap     ] GC(554) Humongous regions: 151->147
[2025-03-28T20:11:29.693+0530][gc,metaspace] GC(554) Metaspace: 52956K(53696K)->52956K(53696K) NonClass: 47048K(47424K)->47048K(47424K) Class: 5908K(6272K)->5908K(6272K)
[2025-03-28T20:11:29.693+0530][gc          ] GC(554) Pause Young (Normal) (G1 Evacuation Pause) 451M->274M(1024M) 12.095ms
[2025-03-28T20:11:29.693+0530][gc,cpu      ] GC(554) User=0.02s Sys=0.00s Real=0.01s
[2025-03-28T20:11:38.720+0530][gc,start    ] GC(555) Pause Young (Normal) (G1 Evacuation Pause)
[2025-03-28T20:11:38.720+0530][gc,task     ] GC(555) Using 2 workers of 2 for evacuation
[2025-03-28T20:11:38.738+0530][gc,phases   ] GC(555)   Pre Evacuate Collection Set: 0.4ms
[2025-03-28T20:11:38.738+0530][gc,phases   ] GC(555)   Merge Heap Roots: 0.2ms
[2025-03-28T20:11:38.738+0530][gc,phases   ] GC(555)   Evacuate Collection Set: 15.9ms
[2025-03-28T20:11:38.738+0530][gc,phases   ] GC(555)   Post Evacuate Collection Set: 1.4ms
[2025-03-28T20:11:38.738+0530][gc,phases   ] GC(555)   Other: 0.1ms
[2025-03-28T20:11:38.738+0530][gc,heap     ] GC(555) Eden regions: 158->0(262)
[2025-03-28T20:11:38.738+0530][gc,heap     ] GC(555) Survivor regions: 5->4(21)
[2025-03-28T20:11:38.738+0530][gc,heap     ] GC(555) Old regions: 123->123
[2025-03-28T20:11:38.738+0530][gc,heap     ] GC(555) Archive regions: 2->2
[2025-03-28T20:11:38.738+0530][gc,heap     ] GC(555) Humongous regions: 151->149
[2025-03-28T20:11:38.738+0530][gc,metaspace] GC(555) Metaspace: 52974K(53696K)->52974K(53696K) NonClass: 47066K(47424K)->47066K(47424K) Class: 5908K(6272K)->5908K(6272K)
[2025-03-28T20:11:38.738+0530][gc          ] GC(555) Pause Young (Normal) (G1 Evacuation Pause) 436M->276M(1024M) 18.164ms
[2025-03-28T20:11:38.739+0530][gc,cpu      ] GC(555) User=0.02s Sys=0.00s Real=0.02s
[2025-03-28T20:11:48.603+0530][gc,start    ] GC(556) Pause Young (Normal) (G1 Evacuation Pause)
[2025-03-28T20:11:48.603+0530][gc,task     ] GC(556) Using 2 workers of 2 for evacuation
[2025-03-28T20:11:48.613+0530][gc,phases   ] GC(556)   Pre Evacuate Collection Set: 0.2ms
[2025-03-28T20:11:48.613+0530][gc,phases   ] GC(556)   Merge Heap Roots: 0.1ms
[2025-03-28T20:11:48.613+0530][gc,phases   ] GC(556)   Evacuate Collection Set: 9.5ms
[2025-03-28T20:11:48.613+0530][gc,phases   ] GC(556)   Post Evacuate Collection Set: 0.5ms
[2025-03-28T20:11:48.613+0530][gc,phases   ] GC(556)   Other: 0.1ms
[2025-03-28T20:11:48.613+0530][gc,heap     ] GC(556) Eden regions: 196->0(43)
[2025-03-28T20:11:48.613+0530][gc,heap     ] GC(556) Survivor regions: 4->8(25)
[2025-03-28T20:11:48.613+0530][gc,heap     ] GC(556) Old regions: 123->123
[2025-03-28T20:11:48.613+0530][gc,heap     ] GC(556) Archive regions: 2->2
[2025-03-28T20:11:48.613+0530][gc,heap     ] GC(556) Humongous regions: 151->147
[2025-03-28T20:11:48.613+0530][gc,metaspace] GC(556) Metaspace: 52977K(53696K)->52977K(53696K) NonClass: 47068K(47424K)->47068K(47424K) Class: 5908K(6272K)->5908K(6272K)
[2025-03-28T20:11:48.613+0530][gc          ] GC(556) Pause Young (Normal) (G1 Evacuation Pause) 474M->278M(1024M) 10.546ms
[2025-03-28T20:11:48.613+0530][gc,cpu      ] GC(556) User=0.01s Sys=0.01s Real=0.00s
[2025-03-28T20:11:48.696+0530][gc,start    ] GC(557) Pause Young (Normal) (G1 Evacuation Pause)
[2025-03-28T20:11:48.696+0530][gc,task     ] GC(557) Using 2 workers of 2 for evacuation
[2025-03-28T20:11:48.714+0530][gc,phases   ] GC(557)   Pre Evacuate Collection Set: 0.2ms
[2025-03-28T20:11:48.714+0530][gc,phases   ] GC(557)   Merge Heap Roots: 0.2ms
[2025-03-28T20:11:48.714+0530][gc,phases   ] GC(557)   Evacuate Collection Set: 16.7ms
[2025-03-28T20:11:48.714+0530][gc,phases   ] GC(557)   Post Evacuate Collection Set: 0.5ms
[2025-03-28T20:11:48.714+0530][gc,phases   ] GC(557)   Other: 0.1ms
[2025-03-28T20:11:48.714+0530][gc,heap     ] GC(557) Eden regions: 43->0(278)
[2025-03-28T20:11:48.714+0530][gc,heap     ] GC(557) Survivor regions: 8->2(7)
[2025-03-28T20:11:48.714+0530][gc,heap     ] GC(557) Old regions: 123->126
[2025-03-28T20:11:48.714+0530][gc,heap     ] GC(557) Archive regions: 2->2
[2025-03-28T20:11:48.714+0530][gc,heap     ] GC(557) Humongous regions: 149->149
[2025-03-28T20:11:48.714+0530][gc,metaspace] GC(557) Metaspace: 52977K(53696K)->52977K(53696K) NonClass: 47068K(47424K)->47068K(47424K) Class: 5908K(6272K)->5908K(6272K)
[2025-03-28T20:11:48.714+0530][gc          ] GC(557) Pause Young (Normal) (G1 Evacuation Pause) 323M->277M(1024M) 17.713ms
[2025-03-28T20:11:48.714+0530][gc,cpu      ] GC(557) User=0.01s Sys=0.01s Real=0.02s
[2025-03-28T20:11:52.629+0530][gc,start    ] GC(552) Pause Young (Normal) (G1 Evacuation Pause)
[2025-03-28T20:11:52.629+0530][gc,task     ] GC(552) Using 2 workers of 2 for evacuation
[2025-03-28T20:11:52.655+0530][gc,mmu      ] GC(552) MMU target violated: 21.0ms (20.0ms/21.0ms)
[2025-03-28T20:11:52.655+0530][gc,phases   ] GC(552)   Pre Evacuate Collection Set: 0.3ms
[2025-03-28T20:11:52.655+0530][gc,phases   ] GC(552)   Merge Heap Roots: 0.2ms
[2025-03-28T20:11:52.655+0530][gc,phases   ] GC(552)   Evacuate Collection Set: 24.2ms
[2025-03-28T20:11:52.655+0530][gc,phases   ] GC(552)   Post Evacuate Collection Set: 1.0ms
[2025-03-28T20:11:52.655+0530][gc,phases   ] GC(552)   Other: 2.1ms
[2025-03-28T20:11:52.655+0530][gc,heap     ] GC(552) Eden regions: 605->0(93)
[2025-03-28T20:11:52.655+0530][gc,heap     ] GC(552) Survivor regions: 4->5(77)
[2025-03-28T20:11:52.655+0530][gc,heap     ] GC(552) Old regions: 48->48
[2025-03-28T20:11:52.655+0530][gc,heap     ] GC(552) Archive regions: 2->2
[2025-03-28T20:11:52.655+0530][gc,heap     ] GC(552) Humongous regions: 159->149
[2025-03-28T20:11:52.655+0530][gc,metaspace] GC(552) Metaspace: 52844K(53504K)->52844K(53504K) NonClass: 46976K(47296K)->46976K(47296K) Class: 5867K(6208K)->5867K(6208K)
[2025-03-28T20:11:52.655+0530][gc          ] GC(552) Pause Young (Normal) (G1 Evacuation Pause) 815M->201M(1024M) 26.102ms
[2025-03-28T20:11:52.655+0530][gc,cpu      ] GC(552) User=0.03s Sys=0.01s Real=0.05s
[2025-03-28T20:11:53.697+0530][gc,start    ] GC(553) Pause Young (Normal) (G1 Evacuation Pause)
[2025-03-28T20:11:53.697+0530][gc,task     ] GC(553) Using 2 workers of 2 for evacuation
[2025-03-28T20:11:53.706+0530][gc,phases   ] GC(553)   Pre Evacuate Collection Set: 0.2ms
[2025-03-28T20:11:53.706+0530][gc,phases   ] GC(553)   Merge Heap Roots: 0.1ms
[2025-03-28T20:11:53.706+0530][gc,phases   ] GC(553)   Evacuate Collection Set: 8.4ms
[2025-03-28T20:11:53.706+0530][gc,phases   ] GC(553)   Post Evacuate Collection Set: 0.6ms
[2025-03-28T20:11:53.706+0530][gc,phases   ] GC(553)   Other: 0.2ms
[2025-03-28T20:11:53.706+0530][gc,heap     ] GC(553) Eden regions: 93->0(407)
[2025-03-28T20:11:53.706+0530][gc,heap     ] GC(553) Survivor regions: 5->4(13)
[2025-03-28T20:11:53.706+0530][gc,heap     ] GC(553) Old regions: 48->48
[2025-03-28T20:11:53.706+0530][gc,heap     ] GC(553) Archive regions: 2->2
[2025-03-28T20:11:53.706+0530][gc,heap     ] GC(553) Humongous regions: 151->149
[2025-03-28T20:11:53.706+0530][gc,metaspace] GC(553) Metaspace: 52844K(53504K)->52844K(53504K) NonClass: 46976K(47296K)->46976K(47296K) Class: 5867K(6208K)->5867K(6208K)
[2025-03-28T20:11:53.706+0530][gc          ] GC(553) Pause Young (Normal) (G1 Evacuation Pause) 296M->200M(1024M) 9.620ms
[2025-03-28T20:11:53.706+0530][gc,cpu      ] GC(553) User=0.01s Sys=0.00s Real=0.01s
[2025-03-28T20:11:59.693+0530][gc,start    ] GC(558) Pause Young (Normal) (G1 Evacuation Pause)
[2025-03-28T20:11:59.693+0530][gc,task     ] GC(558) Using 2 workers of 2 for evacuation
[2025-03-28T20:11:59.707+0530][gc,phases   ] GC(558)   Pre Evacuate Collection Set: 0.2ms
[2025-03-28T20:11:59.707+0530][gc,phases   ] GC(558)   Merge Heap Roots: 0.1ms
[2025-03-28T20:11:59.707+0530][gc,phases   ] GC(558)   Evacuate Collection Set: 12.5ms
[2025-03-28T20:11:59.707+0530][gc,phases   ] GC(558)   Post Evacuate Collection Set: 0.7ms
[2025-03-28T20:11:59.707+0530][gc,phases   ] GC(558)   Other: 0.2ms
[2025-03-28T20:11:59.707+0530][gc,heap     ] GC(558) Eden regions: 278->0(193)
[2025-03-28T20:11:59.707+0530][gc,heap     ] GC(558) Survivor regions: 2->6(35)
[2025-03-28T20:11:59.707+0530][gc,heap     ] GC(558) Old regions: 126->126
[2025-03-28T20:11:59.707+0530][gc,heap     ] GC(558) Archive regions: 2->2
[2025-03-28T20:11:59.707+0530][gc,heap     ] GC(558) Humongous regions: 153->147
[2025-03-28T20:11:59.707+0530][gc,metaspace] GC(558) Metaspace: 53016K(53696K)->53016K(53696K) NonClass: 47108K(47424K)->47108K(47424K) Class: 5908K(6272K)->5908K(6272K)
[2025-03-28T20:11:59.707+0530][gc          ] GC(558) Pause Young (Normal) (G1 Evacuation Pause) 559M->279M(1024M) 13.928ms
[2025-03-28T20:11:59.707+0530][gc,cpu      ] GC(558) User=0.03s Sys=0.00s Real=0.02s
[2025-03-28T20:12:09.704+0530][gc,start    ] GC(559) Pause Young (Normal) (G1 Evacuation Pause)
[2025-03-28T20:12:09.704+0530][gc,task     ] GC(559) Using 2 workers of 2 for evacuation
[2025-03-28T20:12:09.732+0530][gc,mmu      ] GC(559) MMU target violated: 21.0ms (20.0ms/21.0ms)
[2025-03-28T20:12:09.732+0530][gc,phases   ] GC(559)   Pre Evacuate Collection Set: 0.7ms
[2025-03-28T20:12:09.732+0530][gc,phases   ] GC(559)   Merge Heap Roots: 0.7ms
[2025-03-28T20:12:09.732+0530][gc,phases   ] GC(559)   Evacuate Collection Set: 24.8ms
[2025-03-28T20:12:09.732+0530][gc,phases   ] GC(559)   Post Evacuate Collection Set: 1.6ms
[2025-03-28T20:12:09.732+0530][gc,phases   ] GC(559)   Other: 0.8ms
[2025-03-28T20:12:09.732+0530][gc,heap     ] GC(559) Eden regions: 193->0(121)
[2025-03-28T20:12:09.732+0530][gc,heap     ] GC(559) Survivor regions: 6->3(25)
[2025-03-28T20:12:09.732+0530][gc,heap     ] GC(559) Old regions: 126->126
[2025-03-28T20:12:09.732+0530][gc,heap     ] GC(559) Archive regions: 2->2
[2025-03-28T20:12:09.732+0530][gc,heap     ] GC(559) Humongous regions: 151->147
[2025-03-28T20:12:09.732+0530][gc,metaspace] GC(559) Metaspace: 53016K(53696K)->53016K(53696K) NonClass: 47108K(47424K)->47108K(47424K) Class: 5908K(6272K)->5908K(6272K)
[2025-03-28T20:12:09.732+0530][gc          ] GC(559) Pause Young (Normal) (G1 Evacuation Pause) 476M->275M(1024M) 28.690ms
[2025-03-28T20:12:09.732+0530][gc,cpu      ] GC(559) User=0.04s Sys=0.01s Real=0.03s
[2025-03-28T20:12:13.636+0530][gc,start    ] GC(554) Pause Young (Normal) (G1 Evacuation Pause)
[2025-03-28T20:12:13.636+0530][gc,task     ] GC(554) Using 2 workers of 2 for evacuation
[2025-03-28T20:12:13.654+0530][gc,phases   ] GC(554)   Pre Evacuate Collection Set: 0.2ms
[2025-03-28T20:12:13.654+0530][gc,phases   ] GC(554)   Merge Heap Roots: 0.2ms
[2025-03-28T20:12:13.654+0530][gc,phases   ] GC(554)   Evacuate Collection Set: 16.2ms
[2025-03-28T20:12:13.654+0530][gc,phases   ] GC(554)   Post Evacuate Collection Set: 1.5ms
[2025-03-28T20:12:13.654+0530][gc,phases   ] GC(554)   Other: 0.2ms
[2025-03-28T20:12:13.654+0530][gc,heap     ] GC(554) Eden regions: 407->0(44)
[2025-03-28T20:12:13.654+0530][gc,heap     ] GC(554) Survivor regions: 4->7(52)
[2025-03-28T20:12:13.654+0530][gc,heap     ] GC(554) Old regions: 48->48
[2025-03-28T20:12:13.654+0530][gc,heap     ] GC(554) Archive regions: 2->2
[2025-03-28T20:12:13.654+0530][gc,heap     ] GC(554) Humongous regions: 155->147
[2025-03-28T20:12:13.654+0530][gc,metaspace] GC(554) Metaspace: 52845K(53504K)->52845K(53504K) NonClass: 46977K(47296K)->46977K(47296K) Class: 5867K(6208K)->5867K(6208K)
[2025-03-28T20:12:13.654+0530][gc          ] GC(554) Pause Young (Normal) (G1 Evacuation Pause) 613M->201M(1024M) 18.340ms
[2025-03-28T20:12:13.654+0530][gc,cpu      ] GC(554) User=0.03s Sys=0.00s Real=0.01s
[2025-03-28T20:12:13.742+0530][gc,start    ] GC(555) Pause Young (Normal) (G1 Evacuation Pause)
[2025-03-28T20:12:13.742+0530][gc,task     ] GC(555) Using 2 workers of 2 for evacuation
[2025-03-28T20:12:13.751+0530][gc,phases   ] GC(555)   Pre Evacuate Collection Set: 0.2ms
[2025-03-28T20:12:13.752+0530][gc,phases   ] GC(555)   Merge Heap Roots: 0.1ms
[2025-03-28T20:12:13.752+0530][gc,phases   ] GC(555)   Evacuate Collection Set: 8.1ms
[2025-03-28T20:12:13.752+0530][gc,phases   ] GC(555)   Post Evacuate Collection Set: 0.6ms
[2025-03-28T20:12:13.752+0530][gc,phases   ] GC(555)   Other: 0.2ms
[2025-03-28T20:12:13.752+0530][gc,heap     ] GC(555) Eden regions: 44->0(453)
[2025-03-28T20:12:13.752+0530][gc,heap     ] GC(555) Survivor regions: 7->2(7)
[2025-03-28T20:12:13.752+0530][gc,heap     ] GC(555) Old regions: 48->50
[2025-03-28T20:12:13.752+0530][gc,heap     ] GC(555) Archive regions: 2->2
[2025-03-28T20:12:13.752+0530][gc,heap     ] GC(555) Humongous regions: 149->149
[2025-03-28T20:12:13.752+0530][gc,metaspace] GC(555) Metaspace: 52845K(53504K)->52845K(53504K) NonClass: 46977K(47296K)->46977K(47296K) Class: 5867K(6208K)->5867K(6208K)
[2025-03-28T20:12:13.752+0530][gc          ] GC(555) Pause Young (Normal) (G1 Evacuation Pause) 247M->201M(1024M) 9.326ms
[2025-03-28T20:12:13.752+0530][gc,cpu      ] GC(555) User=0.02s Sys=0.00s Real=0.01s
[2025-03-28T20:12:18.212+0530][gc,start    ] GC(560) Pause Young (Normal) (G1 Evacuation Pause)
[2025-03-28T20:12:18.213+0530][gc,task     ] GC(560) Using 2 workers of 2 for evacuation
[2025-03-28T20:12:18.221+0530][gc,phases   ] GC(560)   Pre Evacuate Collection Set: 0.3ms
[2025-03-28T20:12:18.221+0530][gc,phases   ] GC(560)   Merge Heap Roots: 0.3ms
[2025-03-28T20:12:18.221+0530][gc,phases   ] GC(560)   Evacuate Collection Set: 7.6ms
[2025-03-28T20:12:18.221+0530][gc,phases   ] GC(560)   Post Evacuate Collection Set: 0.6ms
[2025-03-28T20:12:18.221+0530][gc,phases   ] GC(560)   Other: 0.2ms
[2025-03-28T20:12:18.222+0530][gc,heap     ] GC(560) Eden regions: 121->0(117)
[2025-03-28T20:12:18.222+0530][gc,heap     ] GC(560) Survivor regions: 3->5(16)
[2025-03-28T20:12:18.222+0530][gc,heap     ] GC(560) Old regions: 126->126
[2025-03-28T20:12:18.222+0530][gc,heap     ] GC(560) Archive regions: 2->2
[2025-03-28T20:12:18.222+0530][gc,heap     ] GC(560) Humongous regions: 149->147
[2025-03-28T20:12:18.222+0530][gc,metaspace] GC(560) Metaspace: 53017K(53696K)->53017K(53696K) NonClass: 47108K(47424K)->47108K(47424K) Class: 5908K(6272K)->5908K(6272K)
[2025-03-28T20:12:18.222+0530][gc          ] GC(560) Pause Young (Normal) (G1 Evacuation Pause) 398M->277M(1024M) 9.143ms
[2025-03-28T20:12:18.222+0530][gc,cpu      ] GC(560) User=0.01s Sys=0.00s Real=0.01s
[2025-03-28T20:12:19.689+0530][gc,start    ] GC(561) Pause Young (Normal) (G1 Evacuation Pause)
[2025-03-28T20:12:19.689+0530][gc,task     ] GC(561) Using 2 workers of 2 for evacuation
[2025-03-28T20:12:19.702+0530][gc,phases   ] GC(561)   Pre Evacuate Collection Set: 0.2ms
[2025-03-28T20:12:19.702+0530][gc,phases   ] GC(561)   Merge Heap Roots: 0.2ms
[2025-03-28T20:12:19.702+0530][gc,phases   ] GC(561)   Evacuate Collection Set: 11.7ms
[2025-03-28T20:12:19.702+0530][gc,phases   ] GC(561)   Post Evacuate Collection Set: 0.7ms
[2025-03-28T20:12:19.702+0530][gc,phases   ] GC(561)   Other: 0.2ms
[2025-03-28T20:12:19.702+0530][gc,heap     ] GC(561) Eden regions: 117->0(129)
[2025-03-28T20:12:19.702+0530][gc,heap     ] GC(561) Survivor regions: 5->6(16)
[2025-03-28T20:12:19.702+0530][gc,heap     ] GC(561) Old regions: 126->126
[2025-03-28T20:12:19.702+0530][gc,heap     ] GC(561) Archive regions: 2->2
[2025-03-28T20:12:19.702+0530][gc,heap     ] GC(561) Humongous regions: 149->147
[2025-03-28T20:12:19.702+0530][gc,metaspace] GC(561) Metaspace: 53017K(53696K)->53017K(53696K) NonClass: 47108K(47424K)->47108K(47424K) Class: 5908K(6272K)->5908K(6272K)
[2025-03-28T20:12:19.702+0530][gc          ] GC(561) Pause Young (Normal) (G1 Evacuation Pause) 396M->278M(1024M) 13.111ms
[2025-03-28T20:12:19.702+0530][gc,cpu      ] GC(561) User=0.02s Sys=0.01s Real=0.01s
[2025-03-28T20:12:22.572+0530][gc,start    ] GC(556) Pause Young (Concurrent Start) (G1 Humongous Allocation)
[2025-03-28T20:12:22.572+0530][gc,task     ] GC(556) Using 2 workers of 2 for evacuation
[2025-03-28T20:12:22.598+0530][gc,mmu      ] GC(556) MMU target violated: 21.0ms (20.0ms/21.0ms)
[2025-03-28T20:12:22.598+0530][gc,phases   ] GC(556)   Pre Evacuate Collection Set: 0.4ms
[2025-03-28T20:12:22.598+0530][gc,phases   ] GC(556)   Merge Heap Roots: 0.1ms
[2025-03-28T20:12:22.598+0530][gc,phases   ] GC(556)   Evacuate Collection Set: 24.6ms
[2025-03-28T20:12:22.598+0530][gc,phases   ] GC(556)   Post Evacuate Collection Set: 0.9ms
[2025-03-28T20:12:22.598+0530][gc,phases   ] GC(556)   Other: 0.3ms
[2025-03-28T20:12:22.598+0530][gc,heap     ] GC(556) Eden regions: 94->0(90)
[2025-03-28T20:12:22.598+0530][gc,heap     ] GC(556) Survivor regions: 2->3(57)
[2025-03-28T20:12:22.598+0530][gc,heap     ] GC(556) Old regions: 50->50
[2025-03-28T20:12:22.598+0530][gc,heap     ] GC(556) Archive regions: 2->2
[2025-03-28T20:12:22.598+0530][gc,heap     ] GC(556) Humongous regions: 149->147
[2025-03-28T20:12:22.598+0530][gc,metaspace] GC(556) Metaspace: 52845K(53504K)->52845K(53504K) NonClass: 46977K(47296K)->46977K(47296K) Class: 5867K(6208K)->5867K(6208K)
[2025-03-28T20:12:22.598+0530][gc          ] GC(556) Pause Young (Concurrent Start) (G1 Humongous Allocation) 295M->200M(1024M) 26.449ms
[2025-03-28T20:12:22.598+0530][gc,cpu      ] GC(556) User=0.03s Sys=0.01s Real=0.03s
[2025-03-28T20:12:22.598+0530][gc          ] GC(557) Concurrent Mark Cycle
[2025-03-28T20:12:22.598+0530][gc,marking  ] GC(557) Concurrent Clear Claimed Marks
[2025-03-28T20:12:22.598+0530][gc,marking  ] GC(557) Concurrent Clear Claimed Marks 0.099ms
[2025-03-28T20:12:22.598+0530][gc,marking  ] GC(557) Concurrent Scan Root Regions
[2025-03-28T20:12:22.609+0530][gc,marking  ] GC(557) Concurrent Scan Root Regions 10.774ms
[2025-03-28T20:12:22.609+0530][gc,marking  ] GC(557) Concurrent Mark
[2025-03-28T20:12:22.609+0530][gc,marking  ] GC(557) Concurrent Mark From Roots
[2025-03-28T20:12:22.609+0530][gc,task     ] GC(557) Using 1 workers of 1 for marking
[2025-03-28T20:12:22.715+0530][gc,marking  ] GC(557) Concurrent Mark From Roots 105.764ms
[2025-03-28T20:12:22.715+0530][gc,marking  ] GC(557) Concurrent Preclean
[2025-03-28T20:12:22.715+0530][gc,marking  ] GC(557) Concurrent Preclean 0.134ms
[2025-03-28T20:12:22.715+0530][gc,start    ] GC(557) Pause Remark
[2025-03-28T20:12:22.732+0530][gc          ] GC(557) Pause Remark 242M->241M(1024M) 16.695ms
[2025-03-28T20:12:22.732+0530][gc,cpu      ] GC(557) User=0.02s Sys=0.00s Real=0.03s
[2025-03-28T20:12:22.732+0530][gc,marking  ] GC(557) Concurrent Mark 122.862ms
[2025-03-28T20:12:22.732+0530][gc,marking  ] GC(557) Concurrent Rebuild Remembered Sets
[2025-03-28T20:12:22.763+0530][gc,marking  ] GC(557) Concurrent Rebuild Remembered Sets 31.064ms
[2025-03-28T20:12:22.763+0530][gc,start    ] GC(557) Pause Cleanup
[2025-03-28T20:12:22.765+0530][gc          ] GC(557) Pause Cleanup 241M->241M(1024M) 1.847ms
[2025-03-28T20:12:22.765+0530][gc,cpu      ] GC(557) User=0.00s Sys=0.00s Real=0.01s
[2025-03-28T20:12:22.765+0530][gc,marking  ] GC(557) Concurrent Cleanup for Next Mark
[2025-03-28T20:12:22.768+0530][gc,marking  ] GC(557) Concurrent Cleanup for Next Mark 2.984ms
[2025-03-28T20:12:22.768+0530][gc          ] GC(557) Concurrent Mark Cycle 170.151ms
[2025-03-28T20:12:23.664+0530][gc,start    ] GC(558) Pause Young (Prepare Mixed) (G1 Evacuation Pause)
[2025-03-28T20:12:23.664+0530][gc,task     ] GC(558) Using 2 workers of 2 for evacuation
[2025-03-28T20:12:23.677+0530][gc,phases   ] GC(558)   Pre Evacuate Collection Set: 1.8ms
[2025-03-28T20:12:23.677+0530][gc,phases   ] GC(558)   Merge Heap Roots: 0.3ms
[2025-03-28T20:12:23.677+0530][gc,phases   ] GC(558)   Evacuate Collection Set: 10.6ms
[2025-03-28T20:12:23.677+0530][gc,phases   ] GC(558)   Post Evacuate Collection Set: 0.5ms
[2025-03-28T20:12:23.677+0530][gc,phases   ] GC(558)   Other: 0.1ms
[2025-03-28T20:12:23.677+0530][gc,heap     ] GC(558) Eden regions: 90->0(44)
[2025-03-28T20:12:23.677+0530][gc,heap     ] GC(558) Survivor regions: 3->7(12)
[2025-03-28T20:12:23.677+0530][gc,heap     ] GC(558) Old regions: 49->49
[2025-03-28T20:12:23.677+0530][gc,heap     ] GC(558) Archive regions: 2->2
[2025-03-28T20:12:23.677+0530][gc,heap     ] GC(558) Humongous regions: 149->147
[2025-03-28T20:12:23.677+0530][gc,metaspace] GC(558) Metaspace: 52845K(53504K)->52845K(53504K) NonClass: 46977K(47296K)->46977K(47296K) Class: 5867K(6208K)->5867K(6208K)
[2025-03-28T20:12:23.677+0530][gc          ] GC(558) Pause Young (Prepare Mixed) (G1 Evacuation Pause) 291M->203M(1024M) 13.370ms
[2025-03-28T20:12:23.677+0530][gc,cpu      ] GC(558) User=0.01s Sys=0.00s Real=0.02s
[2025-03-28T20:12:23.749+0530][gc,start    ] GC(559) Pause Young (Mixed) (G1 Evacuation Pause)
[2025-03-28T20:12:23.749+0530][gc,task     ] GC(559) Using 2 workers of 2 for evacuation
[2025-03-28T20:12:23.756+0530][gc,phases   ] GC(559)   Pre Evacuate Collection Set: 0.2ms
[2025-03-28T20:12:23.756+0530][gc,phases   ] GC(559)   Merge Heap Roots: 0.1ms
[2025-03-28T20:12:23.756+0530][gc,phases   ] GC(559)   Evacuate Collection Set: 6.6ms
[2025-03-28T20:12:23.756+0530][gc,phases   ] GC(559)   Post Evacuate Collection Set: 0.4ms
[2025-03-28T20:12:23.756+0530][gc,phases   ] GC(559)   Other: 0.1ms
[2025-03-28T20:12:23.756+0530][gc,heap     ] GC(559) Eden regions: 44->0(355)
[2025-03-28T20:12:23.757+0530][gc,heap     ] GC(559) Survivor regions: 7->2(7)
[2025-03-28T20:12:23.757+0530][gc,heap     ] GC(559) Old regions: 49->47
[2025-03-28T20:12:23.757+0530][gc,heap     ] GC(559) Archive regions: 2->2
[2025-03-28T20:12:23.757+0530][gc,heap     ] GC(559) Humongous regions: 149->149
[2025-03-28T20:12:23.757+0530][gc,metaspace] GC(559) Metaspace: 52845K(53504K)->52845K(53504K) NonClass: 46977K(47296K)->46977K(47296K) Class: 5867K(6208K)->5867K(6208K)
[2025-03-28T20:12:23.757+0530][gc          ] GC(559) Pause Young (Mixed) (G1 Evacuation Pause) 249M->198M(1024M) 7.599ms
[2025-03-28T20:12:23.757+0530][gc,cpu      ] GC(559) User=0.01s Sys=0.00s Real=0.02s
[2025-03-28T20:12:28.564+0530][gc,start    ] GC(562) Pause Young (Normal) (G1 Evacuation Pause)
[2025-03-28T20:12:28.564+0530][gc,task     ] GC(562) Using 2 workers of 2 for evacuation
[2025-03-28T20:12:28.584+0530][gc,phases   ] GC(562)   Pre Evacuate Collection Set: 0.3ms
[2025-03-28T20:12:28.584+0530][gc,phases   ] GC(562)   Merge Heap Roots: 0.4ms
[2025-03-28T20:12:28.584+0530][gc,phases   ] GC(562)   Evacuate Collection Set: 17.4ms
[2025-03-28T20:12:28.584+0530][gc,phases   ] GC(562)   Post Evacuate Collection Set: 1.7ms
[2025-03-28T20:12:28.584+0530][gc,phases   ] GC(562)   Other: 0.4ms
[2025-03-28T20:12:28.584+0530][gc,heap     ] GC(562) Eden regions: 129->0(43)
[2025-03-28T20:12:28.584+0530][gc,heap     ] GC(562) Survivor regions: 6->8(17)
[2025-03-28T20:12:28.584+0530][gc,heap     ] GC(562) Old regions: 126->126
[2025-03-28T20:12:28.584+0530][gc,heap     ] GC(562) Archive regions: 2->2
[2025-03-28T20:12:28.584+0530][gc,heap     ] GC(562) Humongous regions: 149->147
[2025-03-28T20:12:28.584+0530][gc,metaspace] GC(562) Metaspace: 53017K(53696K)->53017K(53696K) NonClass: 47108K(47424K)->47108K(47424K) Class: 5908K(6272K)->5908K(6272K)
[2025-03-28T20:12:28.584+0530][gc          ] GC(562) Pause Young (Normal) (G1 Evacuation Pause) 409M->280M(1024M) 20.344ms
[2025-03-28T20:12:28.584+0530][gc,cpu      ] GC(562) User=0.03s Sys=0.00s Real=0.02s
[2025-03-28T20:12:28.743+0530][gc,start    ] GC(563) Pause Young (Normal) (G1 Evacuation Pause)
[2025-03-28T20:12:28.743+0530][gc,task     ] GC(563) Using 2 workers of 2 for evacuation
[2025-03-28T20:12:28.765+0530][gc,mmu      ] GC(563) MMU target violated: 21.0ms (20.0ms/21.0ms)
[2025-03-28T20:12:28.765+0530][gc,phases   ] GC(563)   Pre Evacuate Collection Set: 0.3ms
[2025-03-28T20:12:28.765+0530][gc,phases   ] GC(563)   Merge Heap Roots: 0.2ms
[2025-03-28T20:12:28.765+0530][gc,phases   ] GC(563)   Evacuate Collection Set: 19.7ms
[2025-03-28T20:12:28.765+0530][gc,phases   ] GC(563)   Post Evacuate Collection Set: 1.2ms
[2025-03-28T20:12:28.765+0530][gc,phases   ] GC(563)   Other: 0.2ms
[2025-03-28T20:12:28.765+0530][gc,heap     ] GC(563) Eden regions: 43->0(290)
[2025-03-28T20:12:28.765+0530][gc,heap     ] GC(563) Survivor regions: 8->2(7)
[2025-03-28T20:12:28.765+0530][gc,heap     ] GC(563) Old regions: 126->128
[2025-03-28T20:12:28.765+0530][gc,heap     ] GC(563) Archive regions: 2->2
[2025-03-28T20:12:28.765+0530][gc,heap     ] GC(563) Humongous regions: 149->149
[2025-03-28T20:12:28.765+0530][gc,metaspace] GC(563) Metaspace: 53017K(53696K)->53017K(53696K) NonClass: 47108K(47424K)->47108K(47424K) Class: 5908K(6272K)->5908K(6272K)
[2025-03-28T20:12:28.765+0530][gc          ] GC(563) Pause Young (Normal) (G1 Evacuation Pause) 325M->279M(1024M) 21.490ms
[2025-03-28T20:12:28.765+0530][gc,cpu      ] GC(563) User=0.02s Sys=0.00s Real=0.03s
[2025-03-28T20:12:39.702+0530][gc,start    ] GC(564) Pause Young (Normal) (G1 Evacuation Pause)
[2025-03-28T20:12:39.702+0530][gc,task     ] GC(564) Using 2 workers of 2 for evacuation
[2025-03-28T20:12:39.718+0530][gc,phases   ] GC(564)   Pre Evacuate Collection Set: 0.3ms
[2025-03-28T20:12:39.718+0530][gc,phases   ] GC(564)   Merge Heap Roots: 0.2ms
[2025-03-28T20:12:39.718+0530][gc,phases   ] GC(564)   Evacuate Collection Set: 14.4ms
[2025-03-28T20:12:39.718+0530][gc,phases   ] GC(564)   Post Evacuate Collection Set: 0.9ms
[2025-03-28T20:12:39.718+0530][gc,phases   ] GC(564)   Other: 0.2ms
[2025-03-28T20:12:39.718+0530][gc,heap     ] GC(564) Eden regions: 290->0(116)
[2025-03-28T20:12:39.718+0530][gc,heap     ] GC(564) Survivor regions: 2->8(37)
[2025-03-28T20:12:39.718+0530][gc,heap     ] GC(564) Old regions: 128->128
[2025-03-28T20:12:39.718+0530][gc,heap     ] GC(564) Archive regions: 2->2
[2025-03-28T20:12:39.718+0530][gc,heap     ] GC(564) Humongous regions: 153->147
[2025-03-28T20:12:39.718+0530][gc,metaspace] GC(564) Metaspace: 53017K(53696K)->53017K(53696K) NonClass: 47108K(47424K)->47108K(47424K) Class: 5908K(6272K)->5908K(6272K)
[2025-03-28T20:12:39.718+0530][gc          ] GC(564) Pause Young (Normal) (G1 Evacuation Pause) 573M->282M(1024M) 15.990ms
[2025-03-28T20:12:39.718+0530][gc,cpu      ] GC(564) User=0.03s Sys=0.00s Real=0.02s
[2025-03-28T20:12:43.560+0530][gc,start    ] GC(560) Pause Young (Normal) (G1 Evacuation Pause)
[2025-03-28T20:12:43.560+0530][gc,task     ] GC(560) Using 2 workers of 2 for evacuation
[2025-03-28T20:12:43.568+0530][gc,phases   ] GC(560)   Pre Evacuate Collection Set: 0.2ms
[2025-03-28T20:12:43.568+0530][gc,phases   ] GC(560)   Merge Heap Roots: 0.2ms
[2025-03-28T20:12:43.568+0530][gc,phases   ] GC(560)   Evacuate Collection Set: 6.1ms
[2025-03-28T20:12:43.568+0530][gc,phases   ] GC(560)   Post Evacuate Collection Set: 1.1ms
[2025-03-28T20:12:43.568+0530][gc,phases   ] GC(560)   Other: 0.2ms
[2025-03-28T20:12:43.568+0530][gc,heap     ] GC(560) Eden regions: 355->0(611)
[2025-03-28T20:12:43.568+0530][gc,heap     ] GC(560) Survivor regions: 2->3(45)
[2025-03-28T20:12:43.568+0530][gc,heap     ] GC(560) Old regions: 47->47
[2025-03-28T20:12:43.568+0530][gc,heap     ] GC(560) Archive regions: 2->2
[2025-03-28T20:12:43.568+0530][gc,heap     ] GC(560) Humongous regions: 155->147
[2025-03-28T20:12:43.568+0530][gc,metaspace] GC(560) Metaspace: 52845K(53504K)->52845K(53504K) NonClass: 46977K(47296K)->46977K(47296K) Class: 5867K(6208K)->5867K(6208K)
[2025-03-28T20:12:43.568+0530][gc          ] GC(560) Pause Young (Normal) (G1 Evacuation Pause) 559M->196M(1024M) 7.888ms
[2025-03-28T20:12:43.568+0530][gc,cpu      ] GC(560) User=0.02s Sys=0.00s Real=0.01s
[2025-03-28T20:12:43.741+0530][gc,start    ] GC(561) Pause Young (Concurrent Start) (G1 Humongous Allocation)
[2025-03-28T20:12:43.741+0530][gc,task     ] GC(561) Using 2 workers of 2 for evacuation
[2025-03-28T20:12:43.751+0530][gc,phases   ] GC(561)   Pre Evacuate Collection Set: 0.6ms
[2025-03-28T20:12:43.751+0530][gc,phases   ] GC(561)   Merge Heap Roots: 0.2ms
[2025-03-28T20:12:43.751+0530][gc,phases   ] GC(561)   Evacuate Collection Set: 8.2ms
[2025-03-28T20:12:43.751+0530][gc,phases   ] GC(561)   Post Evacuate Collection Set: 0.7ms
[2025-03-28T20:12:43.751+0530][gc,phases   ] GC(561)   Other: 0.3ms
[2025-03-28T20:12:43.751+0530][gc,heap     ] GC(561) Eden regions: 55->0(249)
[2025-03-28T20:12:43.751+0530][gc,heap     ] GC(561) Survivor regions: 3->3(77)
[2025-03-28T20:12:43.751+0530][gc,heap     ] GC(561) Old regions: 47->47
[2025-03-28T20:12:43.751+0530][gc,heap     ] GC(561) Archive regions: 2->2
[2025-03-28T20:12:43.751+0530][gc,heap     ] GC(561) Humongous regions: 147->147
[2025-03-28T20:12:43.751+0530][gc,metaspace] GC(561) Metaspace: 52846K(53504K)->52846K(53504K) NonClass: 46978K(47296K)->46978K(47296K) Class: 5867K(6208K)->5867K(6208K)
[2025-03-28T20:12:43.751+0530][gc          ] GC(561) Pause Young (Concurrent Start) (G1 Humongous Allocation) 251M->197M(1024M) 10.111ms
[2025-03-28T20:12:43.751+0530][gc,cpu      ] GC(561) User=0.02s Sys=0.00s Real=0.01s
[2025-03-28T20:12:43.751+0530][gc          ] GC(562) Concurrent Mark Cycle
[2025-03-28T20:12:43.751+0530][gc,marking  ] GC(562) Concurrent Clear Claimed Marks
[2025-03-28T20:12:43.751+0530][gc,marking  ] GC(562) Concurrent Clear Claimed Marks 0.075ms
[2025-03-28T20:12:43.751+0530][gc,marking  ] GC(562) Concurrent Scan Root Regions
[2025-03-28T20:12:43.756+0530][gc,marking  ] GC(562) Concurrent Scan Root Regions 5.191ms
[2025-03-28T20:12:43.757+0530][gc,marking  ] GC(562) Concurrent Mark
[2025-03-28T20:12:43.757+0530][gc,marking  ] GC(562) Concurrent Mark From Roots
[2025-03-28T20:12:43.757+0530][gc,task     ] GC(562) Using 1 workers of 1 for marking
[2025-03-28T20:12:43.820+0530][gc,marking  ] GC(562) Concurrent Mark From Roots 63.418ms
[2025-03-28T20:12:43.820+0530][gc,marking  ] GC(562) Concurrent Preclean
[2025-03-28T20:12:43.820+0530][gc,marking  ] GC(562) Concurrent Preclean 0.271ms
[2025-03-28T20:12:43.821+0530][gc,start    ] GC(562) Pause Remark
[2025-03-28T20:12:43.844+0530][gc,mmu      ] GC(562) MMU target violated: 21.0ms (20.0ms/21.0ms)
[2025-03-28T20:12:43.844+0530][gc          ] GC(562) Pause Remark 238M->238M(1024M) 23.077ms
[2025-03-28T20:12:43.844+0530][gc,cpu      ] GC(562) User=0.03s Sys=0.00s Real=0.02s
[2025-03-28T20:12:43.844+0530][gc,marking  ] GC(562) Concurrent Mark 87.288ms
[2025-03-28T20:12:43.844+0530][gc,marking  ] GC(562) Concurrent Rebuild Remembered Sets
[2025-03-28T20:12:43.891+0530][gc,marking  ] GC(562) Concurrent Rebuild Remembered Sets 46.881ms
[2025-03-28T20:12:43.891+0530][gc,start    ] GC(562) Pause Cleanup
[2025-03-28T20:12:43.891+0530][gc          ] GC(562) Pause Cleanup 238M->238M(1024M) 0.325ms
[2025-03-28T20:12:43.891+0530][gc,cpu      ] GC(562) User=0.00s Sys=0.00s Real=0.00s
[2025-03-28T20:12:43.892+0530][gc,marking  ] GC(562) Concurrent Cleanup for Next Mark
[2025-03-28T20:12:43.894+0530][gc,marking  ] GC(562) Concurrent Cleanup for Next Mark 1.950ms
[2025-03-28T20:12:43.894+0530][gc          ] GC(562) Concurrent Mark Cycle 142.410ms
[2025-03-28T20:12:48.630+0530][gc,start    ] GC(565) Pause Young (Normal) (G1 Evacuation Pause)
[2025-03-28T20:12:48.630+0530][gc,task     ] GC(565) Using 2 workers of 2 for evacuation
[2025-03-28T20:12:48.653+0530][gc,mmu      ] GC(565) MMU target violated: 21.0ms (20.0ms/21.0ms)
[2025-03-28T20:12:48.653+0530][gc,phases   ] GC(565)   Pre Evacuate Collection Set: 0.2ms
[2025-03-28T20:12:48.653+0530][gc,phases   ] GC(565)   Merge Heap Roots: 0.1ms
[2025-03-28T20:12:48.653+0530][gc,phases   ] GC(565)   Evacuate Collection Set: 21.9ms
[2025-03-28T20:12:48.653+0530][gc,phases   ] GC(565)   Post Evacuate Collection Set: 0.5ms
[2025-03-28T20:12:48.653+0530][gc,phases   ] GC(565)   Other: 0.3ms
[2025-03-28T20:12:48.653+0530][gc,heap     ] GC(565) Eden regions: 116->0(47)
[2025-03-28T20:12:48.653+0530][gc,heap     ] GC(565) Survivor regions: 8->9(16)
[2025-03-28T20:12:48.653+0530][gc,heap     ] GC(565) Old regions: 128->128
[2025-03-28T20:12:48.653+0530][gc,heap     ] GC(565) Archive regions: 2->2
[2025-03-28T20:12:48.653+0530][gc,heap     ] GC(565) Humongous regions: 149->147
[2025-03-28T20:12:48.653+0530][gc,metaspace] GC(565) Metaspace: 53018K(53696K)->53018K(53696K) NonClass: 47109K(47424K)->47109K(47424K) Class: 5908K(6272K)->5908K(6272K)
[2025-03-28T20:12:48.653+0530][gc          ] GC(565) Pause Young (Normal) (G1 Evacuation Pause) 400M->283M(1024M) 22.991ms
[2025-03-28T20:12:48.653+0530][gc,cpu      ] GC(565) User=0.02s Sys=0.01s Real=0.02s
[2025-03-28T20:12:49.629+0530][gc,start    ] GC(566) Pause Young (Normal) (G1 Evacuation Pause)
[2025-03-28T20:12:49.629+0530][gc,task     ] GC(566) Using 2 workers of 2 for evacuation
[2025-03-28T20:12:49.669+0530][gc,mmu      ] GC(566) MMU target violated: 21.0ms (20.0ms/21.0ms)
[2025-03-28T20:12:49.669+0530][gc,phases   ] GC(566)   Pre Evacuate Collection Set: 0.6ms
[2025-03-28T20:12:49.669+0530][gc,phases   ] GC(566)   Merge Heap Roots: 2.3ms
[2025-03-28T20:12:49.669+0530][gc,phases   ] GC(566)   Evacuate Collection Set: 33.0ms
[2025-03-28T20:12:49.669+0530][gc,phases   ] GC(566)   Post Evacuate Collection Set: 3.1ms
[2025-03-28T20:12:49.669+0530][gc,phases   ] GC(566)   Other: 1.3ms
[2025-03-28T20:12:49.669+0530][gc,heap     ] GC(566) Eden regions: 47->0(50)
[2025-03-28T20:12:49.669+0530][gc,heap     ] GC(566) Survivor regions: 9->1(7)
[2025-03-28T20:12:49.669+0530][gc,heap     ] GC(566) Old regions: 128->129
[2025-03-28T20:12:49.669+0530][gc,heap     ] GC(566) Archive regions: 2->2
[2025-03-28T20:12:49.669+0530][gc,heap     ] GC(566) Humongous regions: 149->147
[2025-03-28T20:12:49.669+0530][gc,metaspace] GC(566) Metaspace: 53027K(53696K)->53027K(53696K) NonClass: 47119K(47424K)->47119K(47424K) Class: 5908K(6272K)->5908K(6272K)
[2025-03-28T20:12:49.669+0530][gc          ] GC(566) Pause Young (Normal) (G1 Evacuation Pause) 332M->276M(1024M) 40.766ms
[2025-03-28T20:12:49.669+0530][gc,cpu      ] GC(566) User=0.06s Sys=0.00s Real=0.05s
[2025-03-28T20:12:49.770+0530][gc,start    ] GC(567) Pause Young (Normal) (G1 Evacuation Pause)
[2025-03-28T20:12:49.770+0530][gc,task     ] GC(567) Using 2 workers of 2 for evacuation
[2025-03-28T20:12:49.776+0530][gc,phases   ] GC(567)   Pre Evacuate Collection Set: 0.2ms
[2025-03-28T20:12:49.776+0530][gc,phases   ] GC(567)   Merge Heap Roots: 0.1ms
[2025-03-28T20:12:49.776+0530][gc,phases   ] GC(567)   Evacuate Collection Set: 5.5ms
[2025-03-28T20:12:49.776+0530][gc,phases   ] GC(567)   Post Evacuate Collection Set: 0.3ms
[2025-03-28T20:12:49.776+0530][gc,phases   ] GC(567)   Other: 0.1ms
[2025-03-28T20:12:49.776+0530][gc,heap     ] GC(567) Eden regions: 50->0(44)
[2025-03-28T20:12:49.776+0530][gc,heap     ] GC(567) Survivor regions: 1->7(7)
[2025-03-28T20:12:49.776+0530][gc,heap     ] GC(567) Old regions: 129->129
[2025-03-28T20:12:49.776+0530][gc,heap     ] GC(567) Archive regions: 2->2
[2025-03-28T20:12:49.776+0530][gc,heap     ] GC(567) Humongous regions: 147->147
[2025-03-28T20:12:49.776+0530][gc,metaspace] GC(567) Metaspace: 53042K(53696K)->53042K(53696K) NonClass: 47133K(47424K)->47133K(47424K) Class: 5908K(6272K)->5908K(6272K)
[2025-03-28T20:12:49.776+0530][gc          ] GC(567) Pause Young (Normal) (G1 Evacuation Pause) 326M->282M(1024M) 6.308ms
[2025-03-28T20:12:49.776+0530][gc,cpu      ] GC(567) User=0.01s Sys=0.00s Real=0.01s
[2025-03-28T20:12:49.850+0530][gc,start    ] GC(568) Pause Young (Normal) (G1 Evacuation Pause)
[2025-03-28T20:12:49.850+0530][gc,task     ] GC(568) Using 2 workers of 2 for evacuation
[2025-03-28T20:12:49.855+0530][gc,phases   ] GC(568)   Pre Evacuate Collection Set: 0.2ms
[2025-03-28T20:12:49.855+0530][gc,phases   ] GC(568)   Merge Heap Roots: 0.1ms
[2025-03-28T20:12:49.855+0530][gc,phases   ] GC(568)   Evacuate Collection Set: 3.8ms
[2025-03-28T20:12:49.855+0530][gc,phases   ] GC(568)   Post Evacuate Collection Set: 0.3ms
[2025-03-28T20:12:49.855+0530][gc,phases   ] GC(568)   Other: 0.1ms
[2025-03-28T20:12:49.855+0530][gc,heap     ] GC(568) Eden regions: 44->0(49)
[2025-03-28T20:12:49.855+0530][gc,heap     ] GC(568) Survivor regions: 7->2(7)
[2025-03-28T20:12:49.855+0530][gc,heap     ] GC(568) Old regions: 129->130
[2025-03-28T20:12:49.855+0530][gc,heap     ] GC(568) Archive regions: 2->2
[2025-03-28T20:12:49.855+0530][gc,heap     ] GC(568) Humongous regions: 149->149
[2025-03-28T20:12:49.855+0530][gc,metaspace] GC(568) Metaspace: 53042K(53696K)->53042K(53696K) NonClass: 47133K(47424K)->47133K(47424K) Class: 5908K(6272K)->5908K(6272K)
[2025-03-28T20:12:49.855+0530][gc          ] GC(568) Pause Young (Normal) (G1 Evacuation Pause) 328M->281M(1024M) 4.636ms
[2025-03-28T20:12:49.855+0530][gc,cpu      ] GC(568) User=0.01s Sys=0.00s Real=0.00s
[2025-03-28T20:12:58.576+0530][gc,start    ] GC(569) Pause Young (Normal) (G1 Evacuation Pause)
[2025-03-28T20:12:58.576+0530][gc,task     ] GC(569) Using 2 workers of 2 for evacuation
[2025-03-28T20:12:58.590+0530][gc,phases   ] GC(569)   Pre Evacuate Collection Set: 0.2ms
[2025-03-28T20:12:58.590+0530][gc,phases   ] GC(569)   Merge Heap Roots: 0.2ms
[2025-03-28T20:12:58.590+0530][gc,phases   ] GC(569)   Evacuate Collection Set: 13.3ms
[2025-03-28T20:12:58.590+0530][gc,phases   ] GC(569)   Post Evacuate Collection Set: 0.8ms
[2025-03-28T20:12:58.590+0530][gc,phases   ] GC(569)   Other: 0.4ms
[2025-03-28T20:12:58.590+0530][gc,heap     ] GC(569) Eden regions: 49->0(46)
[2025-03-28T20:12:58.590+0530][gc,heap     ] GC(569) Survivor regions: 2->5(7)
[2025-03-28T20:12:58.590+0530][gc,heap     ] GC(569) Old regions: 130->130
[2025-03-28T20:12:58.590+0530][gc,heap     ] GC(569) Archive regions: 2->2
[2025-03-28T20:12:58.590+0530][gc,heap     ] GC(569) Humongous regions: 149->147
[2025-03-28T20:12:58.590+0530][gc,metaspace] GC(569) Metaspace: 53046K(53696K)->53046K(53696K) NonClass: 47137K(47424K)->47137K(47424K) Class: 5908K(6272K)->5908K(6272K)
[2025-03-28T20:12:58.591+0530][gc          ] GC(569) Pause Young (Normal) (G1 Evacuation Pause) 330M->281M(1024M) 14.845ms
[2025-03-28T20:12:58.591+0530][gc,cpu      ] GC(569) User=0.02s Sys=0.00s Real=0.02s
[2025-03-28T20:12:58.736+0530][gc,start    ] GC(570) Pause Young (Normal) (G1 Evacuation Pause)
[2025-03-28T20:12:58.736+0530][gc,task     ] GC(570) Using 2 workers of 2 for evacuation
[2025-03-28T20:12:58.754+0530][gc,phases   ] GC(570)   Pre Evacuate Collection Set: 0.2ms
[2025-03-28T20:12:58.754+0530][gc,phases   ] GC(570)   Merge Heap Roots: 0.2ms
[2025-03-28T20:12:58.754+0530][gc,phases   ] GC(570)   Evacuate Collection Set: 16.0ms
[2025-03-28T20:12:58.754+0530][gc,phases   ] GC(570)   Post Evacuate Collection Set: 0.8ms
[2025-03-28T20:12:58.754+0530][gc,phases   ] GC(570)   Other: 0.2ms
[2025-03-28T20:12:58.754+0530][gc,heap     ] GC(570) Eden regions: 46->0(54)
[2025-03-28T20:12:58.754+0530][gc,heap     ] GC(570) Survivor regions: 5->2(7)
[2025-03-28T20:12:58.754+0530][gc,heap     ] GC(570) Old regions: 130->131
[2025-03-28T20:12:58.754+0530][gc,heap     ] GC(570) Archive regions: 2->2
[2025-03-28T20:12:58.754+0530][gc,heap     ] GC(570) Humongous regions: 149->149
[2025-03-28T20:12:58.754+0530][gc,metaspace] GC(570) Metaspace: 53046K(53696K)->53046K(53696K) NonClass: 47137K(47424K)->47137K(47424K) Class: 5908K(6272K)->5908K(6272K)
[2025-03-28T20:12:58.754+0530][gc          ] GC(570) Pause Young (Normal) (G1 Evacuation Pause) 329M->282M(1024M) 17.593ms
[2025-03-28T20:12:58.754+0530][gc,cpu      ] GC(570) User=0.02s Sys=0.00s Real=0.01s
[2025-03-28T20:12:59.714+0530][gc,start    ] GC(571) Pause Young (Normal) (G1 Evacuation Pause)
[2025-03-28T20:12:59.714+0530][gc,task     ] GC(571) Using 2 workers of 2 for evacuation
[2025-03-28T20:12:59.728+0530][gc,phases   ] GC(571)   Pre Evacuate Collection Set: 0.4ms
[2025-03-28T20:12:59.728+0530][gc,phases   ] GC(571)   Merge Heap Roots: 0.2ms
[2025-03-28T20:12:59.728+0530][gc,phases   ] GC(571)   Evacuate Collection Set: 12.6ms
[2025-03-28T20:12:59.728+0530][gc,phases   ] GC(571)   Post Evacuate Collection Set: 1.1ms
[2025-03-28T20:12:59.728+0530][gc,phases   ] GC(571)   Other: 0.3ms
[2025-03-28T20:12:59.728+0530][gc,heap     ] GC(571) Eden regions: 54->0(73)
[2025-03-28T20:12:59.728+0530][gc,heap     ] GC(571) Survivor regions: 2->3(7)
[2025-03-28T20:12:59.728+0530][gc,heap     ] GC(571) Old regions: 131->131
[2025-03-28T20:12:59.728+0530][gc,heap     ] GC(571) Archive regions: 2->2
[2025-03-28T20:12:59.728+0530][gc,heap     ] GC(571) Humongous regions: 149->147
[2025-03-28T20:12:59.728+0530][gc,metaspace] GC(571) Metaspace: 53047K(53696K)->53047K(53696K) NonClass: 47138K(47424K)->47138K(47424K) Class: 5908K(6272K)->5908K(6272K)
[2025-03-28T20:12:59.728+0530][gc          ] GC(571) Pause Young (Normal) (G1 Evacuation Pause) 336M->280M(1024M) 14.783ms
[2025-03-28T20:12:59.729+0530][gc,cpu      ] GC(571) User=0.02s Sys=0.00s Real=0.02s
[2025-03-28T20:12:59.841+0530][gc,start    ] GC(572) Pause Young (Normal) (G1 Evacuation Pause)
[2025-03-28T20:12:59.841+0530][gc,task     ] GC(572) Using 2 workers of 2 for evacuation
[2025-03-28T20:12:59.846+0530][gc,phases   ] GC(572)   Pre Evacuate Collection Set: 0.2ms
[2025-03-28T20:12:59.846+0530][gc,phases   ] GC(572)   Merge Heap Roots: 0.1ms
[2025-03-28T20:12:59.846+0530][gc,phases   ] GC(572)   Evacuate Collection Set: 4.0ms
[2025-03-28T20:12:59.846+0530][gc,phases   ] GC(572)   Post Evacuate Collection Set: 0.4ms
[2025-03-28T20:12:59.846+0530][gc,phases   ] GC(572)   Other: 0.2ms
[2025-03-28T20:12:59.846+0530][gc,heap     ] GC(572) Eden regions: 73->0(120)
[2025-03-28T20:12:59.846+0530][gc,heap     ] GC(572) Survivor regions: 3->3(10)
[2025-03-28T20:12:59.846+0530][gc,heap     ] GC(572) Old regions: 131->131
[2025-03-28T20:12:59.846+0530][gc,heap     ] GC(572) Archive regions: 2->2
[2025-03-28T20:12:59.846+0530][gc,heap     ] GC(572) Humongous regions: 149->149
[2025-03-28T20:12:59.846+0530][gc,metaspace] GC(572) Metaspace: 53047K(53696K)->53047K(53696K) NonClass: 47138K(47424K)->47138K(47424K) Class: 5908K(6272K)->5908K(6272K)
[2025-03-28T20:12:59.846+0530][gc          ] GC(572) Pause Young (Normal) (G1 Evacuation Pause) 355M->282M(1024M) 4.943ms
[2025-03-28T20:12:59.846+0530][gc,cpu      ] GC(572) User=0.00s Sys=0.00s Real=0.01s
[2025-03-28T20:13:02.158+0530][gc,start    ] GC(563) Pause Young (Prepare Mixed) (G1 Evacuation Pause)
[2025-03-28T20:13:02.158+0530][gc,task     ] GC(563) Using 2 workers of 2 for evacuation
[2025-03-28T20:13:02.167+0530][gc,phases   ] GC(563)   Pre Evacuate Collection Set: 0.2ms
[2025-03-28T20:13:02.168+0530][gc,phases   ] GC(563)   Merge Heap Roots: 0.3ms
[2025-03-28T20:13:02.168+0530][gc,phases   ] GC(563)   Evacuate Collection Set: 7.7ms
[2025-03-28T20:13:02.168+0530][gc,phases   ] GC(563)   Post Evacuate Collection Set: 0.9ms
[2025-03-28T20:13:02.168+0530][gc,phases   ] GC(563)   Other: 0.2ms
[2025-03-28T20:13:02.168+0530][gc,heap     ] GC(563) Eden regions: 280->0(47)
[2025-03-28T20:13:02.168+0530][gc,heap     ] GC(563) Survivor regions: 3->4(36)
[2025-03-28T20:13:02.168+0530][gc,heap     ] GC(563) Old regions: 46->46
[2025-03-28T20:13:02.168+0530][gc,heap     ] GC(563) Archive regions: 2->2
[2025-03-28T20:13:02.168+0530][gc,heap     ] GC(563) Humongous regions: 153->147
[2025-03-28T20:13:02.168+0530][gc,metaspace] GC(563) Metaspace: 52870K(53504K)->52870K(53504K) NonClass: 47002K(47296K)->47002K(47296K) Class: 5867K(6208K)->5867K(6208K)
[2025-03-28T20:13:02.168+0530][gc          ] GC(563) Pause Young (Prepare Mixed) (G1 Evacuation Pause) 482M->197M(1024M) 9.459ms
[2025-03-28T20:13:02.168+0530][gc,cpu      ] GC(563) User=0.01s Sys=0.00s Real=0.01s
[2025-03-28T20:13:02.245+0530][gc,start    ] GC(564) Pause Young (Mixed) (G1 Evacuation Pause)
[2025-03-28T20:13:02.245+0530][gc,task     ] GC(564) Using 2 workers of 2 for evacuation
[2025-03-28T20:13:02.261+0530][gc,phases   ] GC(564)   Pre Evacuate Collection Set: 0.1ms
[2025-03-28T20:13:02.261+0530][gc,phases   ] GC(564)   Merge Heap Roots: 0.1ms
[2025-03-28T20:13:02.261+0530][gc,phases   ] GC(564)   Evacuate Collection Set: 14.5ms
[2025-03-28T20:13:02.261+0530][gc,phases   ] GC(564)   Post Evacuate Collection Set: 0.9ms
[2025-03-28T20:13:02.261+0530][gc,phases   ] GC(564)   Other: 0.1ms
[2025-03-28T20:13:02.261+0530][gc,heap     ] GC(564) Eden regions: 47->0(166)
[2025-03-28T20:13:02.261+0530][gc,heap     ] GC(564) Survivor regions: 4->7(7)
[2025-03-28T20:13:02.261+0530][gc,heap     ] GC(564) Old regions: 46->45
[2025-03-28T20:13:02.261+0530][gc,heap     ] GC(564) Archive regions: 2->2
[2025-03-28T20:13:02.261+0530][gc,heap     ] GC(564) Humongous regions: 147->147
[2025-03-28T20:13:02.261+0530][gc,metaspace] GC(564) Metaspace: 52870K(53504K)->52870K(53504K) NonClass: 47002K(47296K)->47002K(47296K) Class: 5867K(6208K)->5867K(6208K)
[2025-03-28T20:13:02.261+0530][gc          ] GC(564) Pause Young (Mixed) (G1 Evacuation Pause) 244M->199M(1024M) 15.968ms
[2025-03-28T20:13:02.261+0530][gc,cpu      ] GC(564) User=0.03s Sys=0.01s Real=0.01s
[2025-03-28T20:13:07.247+0530][gc,start    ] GC(565) Pause Young (Normal) (G1 Evacuation Pause)
[2025-03-28T20:13:07.247+0530][gc,task     ] GC(565) Using 2 workers of 2 for evacuation
[2025-03-28T20:13:07.263+0530][gc,phases   ] GC(565)   Pre Evacuate Collection Set: 0.5ms
[2025-03-28T20:13:07.263+0530][gc,phases   ] GC(565)   Merge Heap Roots: 0.7ms
[2025-03-28T20:13:07.263+0530][gc,phases   ] GC(565)   Evacuate Collection Set: 12.0ms
[2025-03-28T20:13:07.263+0530][gc,phases   ] GC(565)   Post Evacuate Collection Set: 2.5ms
[2025-03-28T20:13:07.263+0530][gc,phases   ] GC(565)   Other: 0.6ms
[2025-03-28T20:13:07.263+0530][gc,heap     ] GC(565) Eden regions: 149->0(285)
[2025-03-28T20:13:07.263+0530][gc,heap     ] GC(565) Survivor regions: 7->2(20)
[2025-03-28T20:13:07.263+0530][gc,heap     ] GC(565) Old regions: 45->45
[2025-03-28T20:13:07.263+0530][gc,heap     ] GC(565) Archive regions: 2->2
[2025-03-28T20:13:07.263+0530][gc,heap     ] GC(565) Humongous regions: 151->147
[2025-03-28T20:13:07.263+0530][gc,metaspace] GC(565) Metaspace: 52889K(53568K)->52889K(53568K) NonClass: 47021K(47360K)->47021K(47360K) Class: 5867K(6208K)->5867K(6208K)
[2025-03-28T20:13:07.263+0530][gc          ] GC(565) Pause Young (Normal) (G1 Evacuation Pause) 352M->194M(1024M) 16.545ms
[2025-03-28T20:13:07.263+0530][gc,cpu      ] GC(565) User=0.02s Sys=0.01s Real=0.01s
[2025-03-28T20:13:08.662+0530][gc,start    ] GC(573) Pause Young (Normal) (G1 Evacuation Pause)
[2025-03-28T20:13:08.662+0530][gc,task     ] GC(573) Using 2 workers of 2 for evacuation
[2025-03-28T20:13:08.669+0530][gc,phases   ] GC(573)   Pre Evacuate Collection Set: 0.2ms
[2025-03-28T20:13:08.669+0530][gc,phases   ] GC(573)   Merge Heap Roots: 0.1ms
[2025-03-28T20:13:08.669+0530][gc,phases   ] GC(573)   Evacuate Collection Set: 6.0ms
[2025-03-28T20:13:08.669+0530][gc,phases   ] GC(573)   Post Evacuate Collection Set: 0.8ms
[2025-03-28T20:13:08.669+0530][gc,phases   ] GC(573)   Other: 0.3ms
[2025-03-28T20:13:08.670+0530][gc,heap     ] GC(573) Eden regions: 117->0(175)
[2025-03-28T20:13:08.670+0530][gc,heap     ] GC(573) Survivor regions: 3->3(15)
[2025-03-28T20:13:08.670+0530][gc,heap     ] GC(573) Old regions: 131->131
[2025-03-28T20:13:08.670+0530][gc,heap     ] GC(573) Archive regions: 2->2
[2025-03-28T20:13:08.670+0530][gc,heap     ] GC(573) Humongous regions: 151->149
[2025-03-28T20:13:08.670+0530][gc,metaspace] GC(573) Metaspace: 53053K(53696K)->53053K(53696K) NonClass: 47145K(47424K)->47145K(47424K) Class: 5908K(6272K)->5908K(6272K)
[2025-03-28T20:13:08.670+0530][gc          ] GC(573) Pause Young (Normal) (G1 Evacuation Pause) 401M->282M(1024M) 7.379ms
[2025-03-28T20:13:08.670+0530][gc,cpu      ] GC(573) User=0.01s Sys=0.00s Real=0.01s
[2025-03-28T20:13:18.570+0530][gc,start    ] GC(574) Pause Young (Normal) (G1 Evacuation Pause)
[2025-03-28T20:13:18.570+0530][gc,task     ] GC(574) Using 2 workers of 2 for evacuation
[2025-03-28T20:13:18.593+0530][gc,mmu      ] GC(574) MMU target violated: 21.0ms (20.0ms/21.0ms)
[2025-03-28T20:13:18.593+0530][gc,phases   ] GC(574)   Pre Evacuate Collection Set: 0.9ms
[2025-03-28T20:13:18.593+0530][gc,phases   ] GC(574)   Merge Heap Roots: 15.4ms
[2025-03-28T20:13:18.593+0530][gc,phases   ] GC(574)   Evacuate Collection Set: 6.3ms
[2025-03-28T20:13:18.593+0530][gc,phases   ] GC(574)   Post Evacuate Collection Set: 0.6ms
[2025-03-28T20:13:18.593+0530][gc,phases   ] GC(574)   Other: 0.2ms
[2025-03-28T20:13:18.593+0530][gc,heap     ] GC(574) Eden regions: 146->0(47)
[2025-03-28T20:13:18.593+0530][gc,heap     ] GC(574) Survivor regions: 3->4(19)
[2025-03-28T20:13:18.593+0530][gc,heap     ] GC(574) Old regions: 131->131
[2025-03-28T20:13:18.593+0530][gc,heap     ] GC(574) Archive regions: 2->2
[2025-03-28T20:13:18.593+0530][gc,heap     ] GC(574) Humongous regions: 151->147
[2025-03-28T20:13:18.593+0530][gc,metaspace] GC(574) Metaspace: 53053K(53696K)->53053K(53696K) NonClass: 47145K(47424K)->47145K(47424K) Class: 5908K(6272K)->5908K(6272K)
[2025-03-28T20:13:18.593+0530][gc          ] GC(574) Pause Young (Normal) (G1 Evacuation Pause) 430M->282M(1024M) 23.451ms
[2025-03-28T20:13:18.593+0530][gc,cpu      ] GC(574) User=0.01s Sys=0.00s Real=0.02s
[2025-03-28T20:13:18.687+0530][gc,start    ] GC(575) Pause Young (Normal) (G1 Evacuation Pause)
[2025-03-28T20:13:18.687+0530][gc,task     ] GC(575) Using 2 workers of 2 for evacuation
[2025-03-28T20:13:18.705+0530][gc,phases   ] GC(575)   Pre Evacuate Collection Set: 1.2ms
[2025-03-28T20:13:18.705+0530][gc,phases   ] GC(575)   Merge Heap Roots: 0.2ms
[2025-03-28T20:13:18.705+0530][gc,phases   ] GC(575)   Evacuate Collection Set: 16.2ms
[2025-03-28T20:13:18.705+0530][gc,phases   ] GC(575)   Post Evacuate Collection Set: 0.5ms
[2025-03-28T20:13:18.705+0530][gc,phases   ] GC(575)   Other: 0.1ms
[2025-03-28T20:13:18.705+0530][gc,heap     ] GC(575) Eden regions: 47->0(93)
[2025-03-28T20:13:18.705+0530][gc,heap     ] GC(575) Survivor regions: 4->3(7)
[2025-03-28T20:13:18.705+0530][gc,heap     ] GC(575) Old regions: 131->131
[2025-03-28T20:13:18.705+0530][gc,heap     ] GC(575) Archive regions: 2->2
[2025-03-28T20:13:18.705+0530][gc,heap     ] GC(575) Humongous regions: 149->149
[2025-03-28T20:13:18.705+0530][gc,metaspace] GC(575) Metaspace: 53053K(53696K)->53053K(53696K) NonClass: 47145K(47424K)->47145K(47424K) Class: 5908K(6272K)->5908K(6272K)
[2025-03-28T20:13:18.705+0530][gc          ] GC(575) Pause Young (Normal) (G1 Evacuation Pause) 331M->283M(1024M) 18.261ms
[2025-03-28T20:13:18.705+0530][gc,cpu      ] GC(575) User=0.01s Sys=0.00s Real=0.03s
[2025-03-28T20:13:19.732+0530][gc,start    ] GC(576) Pause Young (Normal) (G1 Evacuation Pause)
[2025-03-28T20:13:19.732+0530][gc,task     ] GC(576) Using 2 workers of 2 for evacuation
[2025-03-28T20:13:19.744+0530][gc,phases   ] GC(576)   Pre Evacuate Collection Set: 0.2ms
[2025-03-28T20:13:19.744+0530][gc,phases   ] GC(576)   Merge Heap Roots: 0.1ms
[2025-03-28T20:13:19.744+0530][gc,phases   ] GC(576)   Evacuate Collection Set: 11.1ms
[2025-03-28T20:13:19.744+0530][gc,phases   ] GC(576)   Post Evacuate Collection Set: 0.5ms
[2025-03-28T20:13:19.744+0530][gc,phases   ] GC(576)   Other: 0.1ms
[2025-03-28T20:13:19.744+0530][gc,heap     ] GC(576) Eden regions: 93->0(43)
[2025-03-28T20:13:19.744+0530][gc,heap     ] GC(576) Survivor regions: 3->8(12)
[2025-03-28T20:13:19.744+0530][gc,heap     ] GC(576) Old regions: 131->131
[2025-03-28T20:13:19.744+0530][gc,heap     ] GC(576) Archive regions: 2->2
[2025-03-28T20:13:19.744+0530][gc,heap     ] GC(576) Humongous regions: 149->147
[2025-03-28T20:13:19.744+0530][gc,metaspace] GC(576) Metaspace: 53053K(53696K)->53053K(53696K) NonClass: 47145K(47424K)->47145K(47424K) Class: 5908K(6272K)->5908K(6272K)
[2025-03-28T20:13:19.744+0530][gc          ] GC(576) Pause Young (Normal) (G1 Evacuation Pause) 376M->285M(1024M) 12.147ms
[2025-03-28T20:13:19.744+0530][gc,cpu      ] GC(576) User=0.02s Sys=0.00s Real=0.01s
[2025-03-28T20:13:19.810+0530][gc,start    ] GC(577) Pause Young (Normal) (G1 Evacuation Pause)
[2025-03-28T20:13:19.810+0530][gc,task     ] GC(577) Using 2 workers of 2 for evacuation
[2025-03-28T20:13:19.819+0530][gc,phases   ] GC(577)   Pre Evacuate Collection Set: 0.3ms
[2025-03-28T20:13:19.819+0530][gc,phases   ] GC(577)   Merge Heap Roots: 0.1ms
[2025-03-28T20:13:19.819+0530][gc,phases   ] GC(577)   Evacuate Collection Set: 7.9ms
[2025-03-28T20:13:19.819+0530][gc,phases   ] GC(577)   Post Evacuate Collection Set: 0.6ms
[2025-03-28T20:13:19.819+0530][gc,phases   ] GC(577)   Other: 0.2ms
[2025-03-28T20:13:19.819+0530][gc,heap     ] GC(577) Eden regions: 43->0(92)
[2025-03-28T20:13:19.819+0530][gc,heap     ] GC(577) Survivor regions: 8->1(7)
[2025-03-28T20:13:19.819+0530][gc,heap     ] GC(577) Old regions: 131->133
[2025-03-28T20:13:19.819+0530][gc,heap     ] GC(577) Archive regions: 2->2
[2025-03-28T20:13:19.819+0530][gc,heap     ] GC(577) Humongous regions: 149->149
[2025-03-28T20:13:19.819+0530][gc,metaspace] GC(577) Metaspace: 53053K(53696K)->53053K(53696K) NonClass: 47145K(47424K)->47145K(47424K) Class: 5908K(6272K)->5908K(6272K)
[2025-03-28T20:13:19.819+0530][gc          ] GC(577) Pause Young (Normal) (G1 Evacuation Pause) 330M->283M(1024M) 9.210ms
[2025-03-28T20:13:19.819+0530][gc,cpu      ] GC(577) User=0.01s Sys=0.00s Real=0.01s
[2025-03-28T20:13:22.389+0530][gc,start    ] GC(566) Pause Young (Normal) (G1 Evacuation Pause)
[2025-03-28T20:13:22.389+0530][gc,task     ] GC(566) Using 2 workers of 2 for evacuation
[2025-03-28T20:13:22.408+0530][gc,phases   ] GC(566)   Pre Evacuate Collection Set: 0.6ms
[2025-03-28T20:13:22.408+0530][gc,phases   ] GC(566)   Merge Heap Roots: 0.6ms
[2025-03-28T20:13:22.408+0530][gc,phases   ] GC(566)   Evacuate Collection Set: 16.5ms
[2025-03-28T20:13:22.408+0530][gc,phases   ] GC(566)   Post Evacuate Collection Set: 0.7ms
[2025-03-28T20:13:22.408+0530][gc,phases   ] GC(566)   Other: 0.2ms
[2025-03-28T20:13:22.408+0530][gc,heap     ] GC(566) Eden regions: 236->0(249)
[2025-03-28T20:13:22.408+0530][gc,heap     ] GC(566) Survivor regions: 2->4(30)
[2025-03-28T20:13:22.408+0530][gc,heap     ] GC(566) Old regions: 45->45
[2025-03-28T20:13:22.408+0530][gc,heap     ] GC(566) Archive regions: 2->2
[2025-03-28T20:13:22.408+0530][gc,heap     ] GC(566) Humongous regions: 151->147
[2025-03-28T20:13:22.408+0530][gc,metaspace] GC(566) Metaspace: 52889K(53568K)->52889K(53568K) NonClass: 47021K(47360K)->47021K(47360K) Class: 5867K(6208K)->5867K(6208K)
[2025-03-28T20:13:22.408+0530][gc          ] GC(566) Pause Young (Normal) (G1 Evacuation Pause) 434M->196M(1024M) 18.736ms
[2025-03-28T20:13:22.408+0530][gc,cpu      ] GC(566) User=0.01s Sys=0.00s Real=0.03s
[2025-03-28T20:13:28.750+0530][gc,start    ] GC(578) Pause Young (Normal) (G1 Evacuation Pause)
[2025-03-28T20:13:28.750+0530][gc,task     ] GC(578) Using 2 workers of 2 for evacuation
[2025-03-28T20:13:28.770+0530][gc,phases   ] GC(578)   Pre Evacuate Collection Set: 0.2ms
[2025-03-28T20:13:28.770+0530][gc,phases   ] GC(578)   Merge Heap Roots: 0.2ms
[2025-03-28T20:13:28.770+0530][gc,phases   ] GC(578)   Evacuate Collection Set: 18.7ms
[2025-03-28T20:13:28.770+0530][gc,phases   ] GC(578)   Post Evacuate Collection Set: 0.6ms
[2025-03-28T20:13:28.770+0530][gc,phases   ] GC(578)   Other: 0.2ms
[2025-03-28T20:13:28.770+0530][gc,heap     ] GC(578) Eden regions: 92->0(54)
[2025-03-28T20:13:28.770+0530][gc,heap     ] GC(578) Survivor regions: 1->3(12)
[2025-03-28T20:13:28.770+0530][gc,heap     ] GC(578) Old regions: 133->133
[2025-03-28T20:13:28.770+0530][gc,heap     ] GC(578) Archive regions: 2->2
[2025-03-28T20:13:28.770+0530][gc,heap     ] GC(578) Humongous regions: 151->149
[2025-03-28T20:13:28.770+0530][gc,metaspace] GC(578) Metaspace: 53053K(53696K)->53053K(53696K) NonClass: 47145K(47424K)->47145K(47424K) Class: 5908K(6272K)->5908K(6272K)
[2025-03-28T20:13:28.770+0530][gc          ] GC(578) Pause Young (Normal) (G1 Evacuation Pause) 377M->284M(1024M) 19.988ms
[2025-03-28T20:13:28.770+0530][gc,cpu      ] GC(578) User=0.01s Sys=0.00s Real=0.03s
[2025-03-28T20:13:29.663+0530][gc,start    ] GC(579) Pause Young (Normal) (G1 Evacuation Pause)
[2025-03-28T20:13:29.663+0530][gc,task     ] GC(579) Using 2 workers of 2 for evacuation
[2025-03-28T20:13:29.671+0530][gc,phases   ] GC(579)   Pre Evacuate Collection Set: 0.2ms
[2025-03-28T20:13:29.671+0530][gc,phases   ] GC(579)   Merge Heap Roots: 0.1ms
[2025-03-28T20:13:29.671+0530][gc,phases   ] GC(579)   Evacuate Collection Set: 6.5ms
[2025-03-28T20:13:29.671+0530][gc,phases   ] GC(579)   Post Evacuate Collection Set: 0.8ms
[2025-03-28T20:13:29.671+0530][gc,phases   ] GC(579)   Other: 0.1ms
[2025-03-28T20:13:29.671+0530][gc,heap     ] GC(579) Eden regions: 54->0(69)
[2025-03-28T20:13:29.671+0530][gc,heap     ] GC(579) Survivor regions: 3->4(8)
[2025-03-28T20:13:29.671+0530][gc,heap     ] GC(579) Old regions: 133->133
[2025-03-28T20:13:29.671+0530][gc,heap     ] GC(579) Archive regions: 2->2
[2025-03-28T20:13:29.671+0530][gc,heap     ] GC(579) Humongous regions: 149->147
[2025-03-28T20:13:29.671+0530][gc,metaspace] GC(579) Metaspace: 53053K(53696K)->53053K(53696K) NonClass: 47145K(47424K)->47145K(47424K) Class: 5908K(6272K)->5908K(6272K)
[2025-03-28T20:13:29.671+0530][gc          ] GC(579) Pause Young (Normal) (G1 Evacuation Pause) 338M->283M(1024M) 7.734ms
[2025-03-28T20:13:29.671+0530][gc,cpu      ] GC(579) User=0.01s Sys=0.00s Real=0.01s
[2025-03-28T20:13:29.767+0530][gc,start    ] GC(580) Pause Young (Normal) (G1 Evacuation Pause)
[2025-03-28T20:13:29.767+0530][gc,task     ] GC(580) Using 2 workers of 2 for evacuation
[2025-03-28T20:13:29.775+0530][gc,phases   ] GC(580)   Pre Evacuate Collection Set: 0.1ms
[2025-03-28T20:13:29.775+0530][gc,phases   ] GC(580)   Merge Heap Roots: 0.1ms
[2025-03-28T20:13:29.775+0530][gc,phases   ] GC(580)   Evacuate Collection Set: 6.9ms
[2025-03-28T20:13:29.775+0530][gc,phases   ] GC(580)   Post Evacuate Collection Set: 0.9ms
[2025-03-28T20:13:29.775+0530][gc,phases   ] GC(580)   Other: 0.1ms
[2025-03-28T20:13:29.775+0530][gc,heap     ] GC(580) Eden regions: 69->0(112)
[2025-03-28T20:13:29.775+0530][gc,heap     ] GC(580) Survivor regions: 4->3(10)
[2025-03-28T20:13:29.775+0530][gc,heap     ] GC(580) Old regions: 133->133
[2025-03-28T20:13:29.775+0530][gc,heap     ] GC(580) Archive regions: 2->2
[2025-03-28T20:13:29.775+0530][gc,heap     ] GC(580) Humongous regions: 149->149
[2025-03-28T20:13:29.775+0530][gc,metaspace] GC(580) Metaspace: 53053K(53696K)->53053K(53696K) NonClass: 47145K(47424K)->47145K(47424K) Class: 5908K(6272K)->5908K(6272K)
[2025-03-28T20:13:29.775+0530][gc          ] GC(580) Pause Young (Normal) (G1 Evacuation Pause) 354M->285M(1024M) 8.251ms
[2025-03-28T20:13:29.775+0530][gc,cpu      ] GC(580) User=0.01s Sys=0.00s Real=0.01s
[2025-03-28T20:13:32.442+0530][gc,start    ] GC(567) Pause Young (Normal) (G1 Evacuation Pause)
[2025-03-28T20:13:32.442+0530][gc,task     ] GC(567) Using 2 workers of 2 for evacuation
[2025-03-28T20:13:32.451+0530][gc,phases   ] GC(567)   Pre Evacuate Collection Set: 0.3ms
[2025-03-28T20:13:32.451+0530][gc,phases   ] GC(567)   Merge Heap Roots: 0.1ms
[2025-03-28T20:13:32.451+0530][gc,phases   ] GC(567)   Evacuate Collection Set: 8.7ms
[2025-03-28T20:13:32.451+0530][gc,phases   ] GC(567)   Post Evacuate Collection Set: 0.6ms
[2025-03-28T20:13:32.451+0530][gc,phases   ] GC(567)   Other: 0.1ms
[2025-03-28T20:13:32.451+0530][gc,heap     ] GC(567) Eden regions: 249->0(43)
[2025-03-28T20:13:32.451+0530][gc,heap     ] GC(567) Survivor regions: 4->8(32)
[2025-03-28T20:13:32.451+0530][gc,heap     ] GC(567) Old regions: 45->45
[2025-03-28T20:13:32.451+0530][gc,heap     ] GC(567) Archive regions: 2->2
[2025-03-28T20:13:32.452+0530][gc,heap     ] GC(567) Humongous regions: 151->147
[2025-03-28T20:13:32.452+0530][gc,metaspace] GC(567) Metaspace: 52889K(53568K)->52889K(53568K) NonClass: 47021K(47360K)->47021K(47360K) Class: 5867K(6208K)->5867K(6208K)
[2025-03-28T20:13:32.452+0530][gc          ] GC(567) Pause Young (Normal) (G1 Evacuation Pause) 449M->200M(1024M) 10.007ms
[2025-03-28T20:13:32.452+0530][gc,cpu      ] GC(567) User=0.01s Sys=0.00s Real=0.01s
[2025-03-28T20:13:32.530+0530][gc,start    ] GC(568) Pause Young (Normal) (G1 Evacuation Pause)
[2025-03-28T20:13:32.531+0530][gc,task     ] GC(568) Using 2 workers of 2 for evacuation
[2025-03-28T20:13:32.539+0530][gc,phases   ] GC(568)   Pre Evacuate Collection Set: 0.1ms
[2025-03-28T20:13:32.539+0530][gc,phases   ] GC(568)   Merge Heap Roots: 0.1ms
[2025-03-28T20:13:32.539+0530][gc,phases   ] GC(568)   Evacuate Collection Set: 7.6ms
[2025-03-28T20:13:32.539+0530][gc,phases   ] GC(568)   Post Evacuate Collection Set: 0.4ms
[2025-03-28T20:13:32.539+0530][gc,phases   ] GC(568)   Other: 0.2ms
[2025-03-28T20:13:32.539+0530][gc,heap     ] GC(568) Eden regions: 43->0(372)
[2025-03-28T20:13:32.539+0530][gc,heap     ] GC(568) Survivor regions: 8->2(7)
[2025-03-28T20:13:32.539+0530][gc,heap     ] GC(568) Old regions: 45->48
[2025-03-28T20:13:32.539+0530][gc,heap     ] GC(568) Archive regions: 2->2
[2025-03-28T20:13:32.539+0530][gc,heap     ] GC(568) Humongous regions: 149->149
[2025-03-28T20:13:32.539+0530][gc,metaspace] GC(568) Metaspace: 52889K(53568K)->52889K(53568K) NonClass: 47021K(47360K)->47021K(47360K) Class: 5867K(6208K)->5867K(6208K)
[2025-03-28T20:13:32.539+0530][gc          ] GC(568) Pause Young (Normal) (G1 Evacuation Pause) 245M->199M(1024M) 8.564ms
[2025-03-28T20:13:32.539+0530][gc,cpu      ] GC(568) User=0.02s Sys=0.00s Real=0.00s
[2025-03-28T20:13:38.722+0530][gc,start    ] GC(581) Pause Young (Normal) (G1 Evacuation Pause)
[2025-03-28T20:13:38.722+0530][gc,task     ] GC(581) Using 2 workers of 2 for evacuation
[2025-03-28T20:13:38.755+0530][gc,mmu      ] GC(581) MMU target violated: 21.0ms (20.0ms/21.0ms)
[2025-03-28T20:13:38.755+0530][gc,phases   ] GC(581)   Pre Evacuate Collection Set: 0.4ms
[2025-03-28T20:13:38.755+0530][gc,phases   ] GC(581)   Merge Heap Roots: 0.2ms
[2025-03-28T20:13:38.755+0530][gc,phases   ] GC(581)   Evacuate Collection Set: 31.5ms
[2025-03-28T20:13:38.755+0530][gc,phases   ] GC(581)   Post Evacuate Collection Set: 0.5ms
[2025-03-28T20:13:38.755+0530][gc,phases   ] GC(581)   Other: 0.2ms
[2025-03-28T20:13:38.755+0530][gc,heap     ] GC(581) Eden regions: 112->0(54)
[2025-03-28T20:13:38.755+0530][gc,heap     ] GC(581) Survivor regions: 3->3(15)
[2025-03-28T20:13:38.755+0530][gc,heap     ] GC(581) Old regions: 133->133
[2025-03-28T20:13:38.755+0530][gc,heap     ] GC(581) Archive regions: 2->2
[2025-03-28T20:13:38.755+0530][gc,heap     ] GC(581) Humongous regions: 151->149
[2025-03-28T20:13:38.755+0530][gc,metaspace] GC(581) Metaspace: 53053K(53696K)->53053K(53696K) NonClass: 47145K(47424K)->47145K(47424K) Class: 5908K(6272K)->5908K(6272K)
[2025-03-28T20:13:38.755+0530][gc          ] GC(581) Pause Young (Normal) (G1 Evacuation Pause) 399M->285M(1024M) 33.090ms
[2025-03-28T20:13:38.755+0530][gc,cpu      ] GC(581) User=0.02s Sys=0.01s Real=0.05s
[2025-03-28T20:13:39.738+0530][gc,start    ] GC(582) Pause Young (Normal) (G1 Evacuation Pause)
[2025-03-28T20:13:39.738+0530][gc,task     ] GC(582) Using 2 workers of 2 for evacuation
[2025-03-28T20:13:39.748+0530][gc,phases   ] GC(582)   Pre Evacuate Collection Set: 0.4ms
[2025-03-28T20:13:39.748+0530][gc,phases   ] GC(582)   Merge Heap Roots: 0.1ms
[2025-03-28T20:13:39.748+0530][gc,phases   ] GC(582)   Evacuate Collection Set: 9.2ms
[2025-03-28T20:13:39.748+0530][gc,phases   ] GC(582)   Post Evacuate Collection Set: 0.7ms
[2025-03-28T20:13:39.748+0530][gc,phases   ] GC(582)   Other: 0.1ms
[2025-03-28T20:13:39.748+0530][gc,heap     ] GC(582) Eden regions: 54->0(45)
[2025-03-28T20:13:39.748+0530][gc,heap     ] GC(582) Survivor regions: 3->6(8)
[2025-03-28T20:13:39.748+0530][gc,heap     ] GC(582) Old regions: 133->133
[2025-03-28T20:13:39.748+0530][gc,heap     ] GC(582) Archive regions: 2->2
[2025-03-28T20:13:39.748+0530][gc,heap     ] GC(582) Humongous regions: 149->147
[2025-03-28T20:13:39.748+0530][gc,metaspace] GC(582) Metaspace: 53053K(53696K)->53053K(53696K) NonClass: 47145K(47424K)->47145K(47424K) Class: 5908K(6272K)->5908K(6272K)
[2025-03-28T20:13:39.748+0530][gc          ] GC(582) Pause Young (Normal) (G1 Evacuation Pause) 339M->285M(1024M) 10.628ms
[2025-03-28T20:13:39.748+0530][gc,cpu      ] GC(582) User=0.02s Sys=0.00s Real=0.02s
[2025-03-28T20:13:39.825+0530][gc,start    ] GC(583) Pause Young (Normal) (G1 Evacuation Pause)
[2025-03-28T20:13:39.825+0530][gc,task     ] GC(583) Using 2 workers of 2 for evacuation
[2025-03-28T20:13:39.836+0530][gc,phases   ] GC(583)   Pre Evacuate Collection Set: 0.3ms
[2025-03-28T20:13:39.836+0530][gc,phases   ] GC(583)   Merge Heap Roots: 0.2ms
[2025-03-28T20:13:39.836+0530][gc,phases   ] GC(583)   Evacuate Collection Set: 9.7ms
[2025-03-28T20:13:39.836+0530][gc,phases   ] GC(583)   Post Evacuate Collection Set: 0.5ms
[2025-03-28T20:13:39.836+0530][gc,phases   ] GC(583)   Other: 0.2ms
[2025-03-28T20:13:39.836+0530][gc,heap     ] GC(583) Eden regions: 45->0(99)
[2025-03-28T20:13:39.836+0530][gc,heap     ] GC(583) Survivor regions: 6->2(7)
[2025-03-28T20:13:39.836+0530][gc,heap     ] GC(583) Old regions: 133->134
[2025-03-28T20:13:39.836+0530][gc,heap     ] GC(583) Archive regions: 2->2
[2025-03-28T20:13:39.836+0530][gc,heap     ] GC(583) Humongous regions: 149->149
[2025-03-28T20:13:39.836+0530][gc,metaspace] GC(583) Metaspace: 53053K(53696K)->53053K(53696K) NonClass: 47145K(47424K)->47145K(47424K) Class: 5908K(6272K)->5908K(6272K)
[2025-03-28T20:13:39.836+0530][gc          ] GC(583) Pause Young (Normal) (G1 Evacuation Pause) 332M->285M(1024M) 10.991ms
[2025-03-28T20:13:39.836+0530][gc,cpu      ] GC(583) User=0.02s Sys=0.00s Real=0.01s
[2025-03-28T20:13:43.605+0530][gc,start    ] GC(569) Pause Young (Concurrent Start) (G1 Humongous Allocation)
[2025-03-28T20:13:43.606+0530][gc,task     ] GC(569) Using 2 workers of 2 for evacuation
[2025-03-28T20:13:43.613+0530][gc,phases   ] GC(569)   Pre Evacuate Collection Set: 0.4ms
[2025-03-28T20:13:43.613+0530][gc,phases   ] GC(569)   Merge Heap Roots: 0.2ms
[2025-03-28T20:13:43.613+0530][gc,phases   ] GC(569)   Evacuate Collection Set: 5.8ms
[2025-03-28T20:13:43.613+0530][gc,phases   ] GC(569)   Post Evacuate Collection Set: 0.6ms
[2025-03-28T20:13:43.613+0530][gc,phases   ] GC(569)   Other: 0.2ms
[2025-03-28T20:13:43.613+0530][gc,heap     ] GC(569) Eden regions: 303->0(488)
[2025-03-28T20:13:43.613+0530][gc,heap     ] GC(569) Survivor regions: 2->3(47)
[2025-03-28T20:13:43.613+0530][gc,heap     ] GC(569) Old regions: 48->48
[2025-03-28T20:13:43.613+0530][gc,heap     ] GC(569) Archive regions: 2->2
[2025-03-28T20:13:43.613+0530][gc,heap     ] GC(569) Humongous regions: 153->147
[2025-03-28T20:13:43.613+0530][gc,metaspace] GC(569) Metaspace: 52889K(53568K)->52889K(53568K) NonClass: 47021K(47360K)->47021K(47360K) Class: 5867K(6208K)->5867K(6208K)
[2025-03-28T20:13:43.613+0530][gc          ] GC(569) Pause Young (Concurrent Start) (G1 Humongous Allocation) 505M->198M(1024M) 7.212ms
[2025-03-28T20:13:43.613+0530][gc,cpu      ] GC(569) User=0.02s Sys=0.00s Real=0.00s
[2025-03-28T20:13:43.613+0530][gc          ] GC(570) Concurrent Undo Cycle
[2025-03-28T20:13:43.613+0530][gc,marking  ] GC(570) Concurrent Cleanup for Next Mark
[2025-03-28T20:13:43.614+0530][gc,marking  ] GC(570) Concurrent Cleanup for Next Mark 1.582ms
[2025-03-28T20:13:43.614+0530][gc          ] GC(570) Concurrent Undo Cycle 1.629ms
[2025-03-28T20:13:48.707+0530][gc,start    ] GC(584) Pause Young (Normal) (G1 Evacuation Pause)
[2025-03-28T20:13:48.707+0530][gc,task     ] GC(584) Using 2 workers of 2 for evacuation
[2025-03-28T20:13:48.721+0530][gc,phases   ] GC(584)   Pre Evacuate Collection Set: 0.7ms
[2025-03-28T20:13:48.721+0530][gc,phases   ] GC(584)   Merge Heap Roots: 0.2ms
[2025-03-28T20:13:48.721+0530][gc,phases   ] GC(584)   Evacuate Collection Set: 12.3ms
[2025-03-28T20:13:48.721+0530][gc,phases   ] GC(584)   Post Evacuate Collection Set: 0.9ms
[2025-03-28T20:13:48.721+0530][gc,phases   ] GC(584)   Other: 0.1ms
[2025-03-28T20:13:48.721+0530][gc,heap     ] GC(584) Eden regions: 99->0(145)
[2025-03-28T20:13:48.721+0530][gc,heap     ] GC(584) Survivor regions: 2->3(13)
[2025-03-28T20:13:48.721+0530][gc,heap     ] GC(584) Old regions: 134->134
[2025-03-28T20:13:48.721+0530][gc,heap     ] GC(584) Archive regions: 2->2
[2025-03-28T20:13:48.721+0530][gc,heap     ] GC(584) Humongous regions: 151->149
[2025-03-28T20:13:48.721+0530][gc,metaspace] GC(584) Metaspace: 53053K(53696K)->53053K(53696K) NonClass: 47145K(47424K)->47145K(47424K) Class: 5908K(6272K)->5908K(6272K)
[2025-03-28T20:13:48.721+0530][gc          ] GC(584) Pause Young (Normal) (G1 Evacuation Pause) 386M->286M(1024M) 14.396ms
[2025-03-28T20:13:48.721+0530][gc,cpu      ] GC(584) User=0.01s Sys=0.01s Real=0.02s
[2025-03-28T20:13:52.656+0530][gc,start    ] GC(571) Pause Young (Concurrent Start) (G1 Humongous Allocation)
[2025-03-28T20:13:52.656+0530][gc,task     ] GC(571) Using 2 workers of 2 for evacuation
[2025-03-28T20:13:52.678+0530][gc,mmu      ] GC(571) MMU target violated: 21.0ms (20.0ms/21.0ms)
[2025-03-28T20:13:52.678+0530][gc,phases   ] GC(571)   Pre Evacuate Collection Set: 0.3ms
[2025-03-28T20:13:52.678+0530][gc,phases   ] GC(571)   Merge Heap Roots: 0.2ms
[2025-03-28T20:13:52.678+0530][gc,phases   ] GC(571)   Evacuate Collection Set: 20.8ms
[2025-03-28T20:13:52.678+0530][gc,phases   ] GC(571)   Post Evacuate Collection Set: 0.5ms
[2025-03-28T20:13:52.678+0530][gc,phases   ] GC(571)   Other: 0.3ms
[2025-03-28T20:13:52.678+0530][gc,heap     ] GC(571) Eden regions: 111->0(166)
[2025-03-28T20:13:52.678+0530][gc,heap     ] GC(571) Survivor regions: 3->3(62)
[2025-03-28T20:13:52.678+0530][gc,heap     ] GC(571) Old regions: 48->48
[2025-03-28T20:13:52.678+0530][gc,heap     ] GC(571) Archive regions: 2->2
[2025-03-28T20:13:52.678+0530][gc,heap     ] GC(571) Humongous regions: 149->147
[2025-03-28T20:13:52.678+0530][gc,metaspace] GC(571) Metaspace: 52889K(53568K)->52889K(53568K) NonClass: 47021K(47360K)->47021K(47360K) Class: 5867K(6208K)->5867K(6208K)
[2025-03-28T20:13:52.678+0530][gc          ] GC(571) Pause Young (Concurrent Start) (G1 Humongous Allocation) 310M->198M(1024M) 22.042ms
[2025-03-28T20:13:52.678+0530][gc,cpu      ] GC(571) User=0.02s Sys=0.01s Real=0.02s
[2025-03-28T20:13:52.679+0530][gc          ] GC(572) Concurrent Mark Cycle
[2025-03-28T20:13:52.679+0530][gc,marking  ] GC(572) Concurrent Clear Claimed Marks
[2025-03-28T20:13:52.679+0530][gc,marking  ] GC(572) Concurrent Clear Claimed Marks 0.074ms
[2025-03-28T20:13:52.679+0530][gc,marking  ] GC(572) Concurrent Scan Root Regions
[2025-03-28T20:13:52.694+0530][gc,marking  ] GC(572) Concurrent Scan Root Regions 15.554ms
[2025-03-28T20:13:52.694+0530][gc,marking  ] GC(572) Concurrent Mark
[2025-03-28T20:13:52.694+0530][gc,marking  ] GC(572) Concurrent Mark From Roots
[2025-03-28T20:13:52.694+0530][gc,task     ] GC(572) Using 1 workers of 1 for marking
[2025-03-28T20:13:52.793+0530][gc,marking  ] GC(572) Concurrent Mark From Roots 98.306ms
[2025-03-28T20:13:52.793+0530][gc,marking  ] GC(572) Concurrent Preclean
[2025-03-28T20:13:52.793+0530][gc,marking  ] GC(572) Concurrent Preclean 0.131ms
[2025-03-28T20:13:52.793+0530][gc,start    ] GC(572) Pause Remark
[2025-03-28T20:13:52.806+0530][gc          ] GC(572) Pause Remark 239M->239M(1024M) 12.771ms
[2025-03-28T20:13:52.806+0530][gc,cpu      ] GC(572) User=0.02s Sys=0.00s Real=0.02s
[2025-03-28T20:13:52.806+0530][gc,marking  ] GC(572) Concurrent Mark 111.549ms
[2025-03-28T20:13:52.806+0530][gc,marking  ] GC(572) Concurrent Rebuild Remembered Sets
[2025-03-28T20:13:52.836+0530][gc,marking  ] GC(572) Concurrent Rebuild Remembered Sets 30.129ms
[2025-03-28T20:13:52.836+0530][gc,start    ] GC(572) Pause Cleanup
[2025-03-28T20:13:52.836+0530][gc          ] GC(572) Pause Cleanup 239M->239M(1024M) 0.194ms
[2025-03-28T20:13:52.836+0530][gc,cpu      ] GC(572) User=0.00s Sys=0.00s Real=0.00s
[2025-03-28T20:13:52.836+0530][gc,marking  ] GC(572) Concurrent Cleanup for Next Mark
[2025-03-28T20:13:52.838+0530][gc,marking  ] GC(572) Concurrent Cleanup for Next Mark 1.590ms
[2025-03-28T20:13:52.838+0530][gc          ] GC(572) Concurrent Mark Cycle 159.339ms
[2025-03-28T20:13:54.628+0530][gc,start    ] GC(585) Pause Young (Normal) (G1 Evacuation Pause)
[2025-03-28T20:13:54.628+0530][gc,task     ] GC(585) Using 2 workers of 2 for evacuation
[2025-03-28T20:13:54.641+0530][gc,phases   ] GC(585)   Pre Evacuate Collection Set: 0.4ms
[2025-03-28T20:13:54.641+0530][gc,phases   ] GC(585)   Merge Heap Roots: 1.0ms
[2025-03-28T20:13:54.641+0530][gc,phases   ] GC(585)   Evacuate Collection Set: 11.0ms
[2025-03-28T20:13:54.641+0530][gc,phases   ] GC(585)   Post Evacuate Collection Set: 1.0ms
[2025-03-28T20:13:54.641+0530][gc,phases   ] GC(585)   Other: 0.3ms
[2025-03-28T20:13:54.641+0530][gc,heap     ] GC(585) Eden regions: 145->0(138)
[2025-03-28T20:13:54.641+0530][gc,heap     ] GC(585) Survivor regions: 3->1(19)
[2025-03-28T20:13:54.641+0530][gc,heap     ] GC(585) Old regions: 134->134
[2025-03-28T20:13:54.641+0530][gc,heap     ] GC(585) Archive regions: 2->2
[2025-03-28T20:13:54.641+0530][gc,heap     ] GC(585) Humongous regions: 151->147
[2025-03-28T20:13:54.641+0530][gc,metaspace] GC(585) Metaspace: 53053K(53696K)->53053K(53696K) NonClass: 47145K(47424K)->47145K(47424K) Class: 5908K(6272K)->5908K(6272K)
[2025-03-28T20:13:54.641+0530][gc          ] GC(585) Pause Young (Normal) (G1 Evacuation Pause) 433M->282M(1024M) 13.718ms
[2025-03-28T20:13:54.641+0530][gc,cpu      ] GC(585) User=0.02s Sys=0.00s Real=0.01s
[2025-03-28T20:13:59.681+0530][gc,start    ] GC(586) Pause Young (Normal) (G1 Evacuation Pause)
[2025-03-28T20:13:59.681+0530][gc,task     ] GC(586) Using 2 workers of 2 for evacuation
[2025-03-28T20:13:59.706+0530][gc,mmu      ] GC(586) MMU target violated: 21.0ms (20.0ms/21.0ms)
[2025-03-28T20:13:59.706+0530][gc,phases   ] GC(586)   Pre Evacuate Collection Set: 0.8ms
[2025-03-28T20:13:59.707+0530][gc,phases   ] GC(586)   Merge Heap Roots: 0.5ms
[2025-03-28T20:13:59.707+0530][gc,phases   ] GC(586)   Evacuate Collection Set: 21.6ms
[2025-03-28T20:13:59.707+0530][gc,phases   ] GC(586)   Post Evacuate Collection Set: 1.9ms
[2025-03-28T20:13:59.707+0530][gc,phases   ] GC(586)   Other: 0.5ms
[2025-03-28T20:13:59.707+0530][gc,heap     ] GC(586) Eden regions: 122->0(73)
[2025-03-28T20:13:59.707+0530][gc,heap     ] GC(586) Survivor regions: 1->3(16)
[2025-03-28T20:13:59.707+0530][gc,heap     ] GC(586) Old regions: 134->134
[2025-03-28T20:13:59.707+0530][gc,heap     ] GC(586) Archive regions: 2->2
[2025-03-28T20:13:59.707+0530][gc,heap     ] GC(586) Humongous regions: 149->147
[2025-03-28T20:13:59.707+0530][gc,metaspace] GC(586) Metaspace: 53053K(53696K)->53053K(53696K) NonClass: 47145K(47424K)->47145K(47424K) Class: 5908K(6272K)->5908K(6272K)
[2025-03-28T20:13:59.707+0530][gc          ] GC(586) Pause Young (Normal) (G1 Evacuation Pause) 406M->283M(1024M) 25.960ms
[2025-03-28T20:13:59.707+0530][gc,cpu      ] GC(586) User=0.04s Sys=0.01s Real=0.03s
[2025-03-28T20:13:59.845+0530][gc,start    ] GC(587) Pause Young (Normal) (G1 Evacuation Pause)
[2025-03-28T20:13:59.845+0530][gc,task     ] GC(587) Using 2 workers of 2 for evacuation
[2025-03-28T20:13:59.854+0530][gc,phases   ] GC(587)   Pre Evacuate Collection Set: 0.8ms
[2025-03-28T20:13:59.854+0530][gc,phases   ] GC(587)   Merge Heap Roots: 0.2ms
[2025-03-28T20:13:59.854+0530][gc,phases   ] GC(587)   Evacuate Collection Set: 7.1ms
[2025-03-28T20:13:59.854+0530][gc,phases   ] GC(587)   Post Evacuate Collection Set: 0.5ms
[2025-03-28T20:13:59.854+0530][gc,phases   ] GC(587)   Other: 0.2ms
[2025-03-28T20:13:59.854+0530][gc,heap     ] GC(587) Eden regions: 73->0(66)
[2025-03-28T20:13:59.854+0530][gc,heap     ] GC(587) Survivor regions: 3->4(10)
[2025-03-28T20:13:59.854+0530][gc,heap     ] GC(587) Old regions: 134->134
[2025-03-28T20:13:59.854+0530][gc,heap     ] GC(587) Archive regions: 2->2
[2025-03-28T20:13:59.854+0530][gc,heap     ] GC(587) Humongous regions: 149->149
[2025-03-28T20:13:59.854+0530][gc,metaspace] GC(587) Metaspace: 53053K(53696K)->53053K(53696K) NonClass: 47145K(47424K)->47145K(47424K) Class: 5908K(6272K)->5908K(6272K)
[2025-03-28T20:13:59.854+0530][gc          ] GC(587) Pause Young (Normal) (G1 Evacuation Pause) 358M->286M(1024M) 8.891ms
[2025-03-28T20:13:59.854+0530][gc,cpu      ] GC(587) User=0.01s Sys=0.00s Real=0.02s
[2025-03-28T20:14:02.258+0530][gc,start    ] GC(573) Pause Young (Prepare Mixed) (G1 Evacuation Pause)
[2025-03-28T20:14:02.258+0530][gc,task     ] GC(573) Using 2 workers of 2 for evacuation
[2025-03-28T20:14:02.269+0530][gc,phases   ] GC(573)   Pre Evacuate Collection Set: 0.5ms
[2025-03-28T20:14:02.269+0530][gc,phases   ] GC(573)   Merge Heap Roots: 0.2ms
[2025-03-28T20:14:02.269+0530][gc,phases   ] GC(573)   Evacuate Collection Set: 10.0ms
[2025-03-28T20:14:02.269+0530][gc,phases   ] GC(573)   Post Evacuate Collection Set: 0.8ms
[2025-03-28T20:14:02.269+0530][gc,phases   ] GC(573)   Other: 0.2ms
[2025-03-28T20:14:02.269+0530][gc,heap     ] GC(573) Eden regions: 203->0(43)
[2025-03-28T20:14:02.269+0530][gc,heap     ] GC(573) Survivor regions: 3->8(26)
[2025-03-28T20:14:02.269+0530][gc,heap     ] GC(573) Old regions: 47->47
[2025-03-28T20:14:02.269+0530][gc,heap     ] GC(573) Archive regions: 2->2
[2025-03-28T20:14:02.270+0530][gc,heap     ] GC(573) Humongous regions: 151->147
[2025-03-28T20:14:02.270+0530][gc,metaspace] GC(573) Metaspace: 52889K(53568K)->52889K(53568K) NonClass: 47021K(47360K)->47021K(47360K) Class: 5867K(6208K)->5867K(6208K)
[2025-03-28T20:14:02.270+0530][gc          ] GC(573) Pause Young (Prepare Mixed) (G1 Evacuation Pause) 404M->202M(1024M) 11.770ms
[2025-03-28T20:14:02.270+0530][gc,cpu      ] GC(573) User=0.02s Sys=0.00s Real=0.02s
[2025-03-28T20:14:02.350+0530][gc,start    ] GC(574) Pause Young (Mixed) (G1 Evacuation Pause)
[2025-03-28T20:14:02.350+0530][gc,task     ] GC(574) Using 2 workers of 2 for evacuation
[2025-03-28T20:14:02.360+0530][gc,phases   ] GC(574)   Pre Evacuate Collection Set: 0.9ms
[2025-03-28T20:14:02.360+0530][gc,phases   ] GC(574)   Merge Heap Roots: 0.1ms
[2025-03-28T20:14:02.360+0530][gc,phases   ] GC(574)   Evacuate Collection Set: 7.5ms
[2025-03-28T20:14:02.360+0530][gc,phases   ] GC(574)   Post Evacuate Collection Set: 0.5ms
[2025-03-28T20:14:02.360+0530][gc,phases   ] GC(574)   Other: 0.1ms
[2025-03-28T20:14:02.360+0530][gc,heap     ] GC(574) Eden regions: 43->0(418)
[2025-03-28T20:14:02.360+0530][gc,heap     ] GC(574) Survivor regions: 8->2(7)
[2025-03-28T20:14:02.360+0530][gc,heap     ] GC(574) Old regions: 47->46
[2025-03-28T20:14:02.360+0530][gc,heap     ] GC(574) Archive regions: 2->2
[2025-03-28T20:14:02.360+0530][gc,heap     ] GC(574) Humongous regions: 149->149
[2025-03-28T20:14:02.360+0530][gc,metaspace] GC(574) Metaspace: 52889K(53568K)->52889K(53568K) NonClass: 47021K(47360K)->47021K(47360K) Class: 5867K(6208K)->5867K(6208K)
[2025-03-28T20:14:02.360+0530][gc          ] GC(574) Pause Young (Mixed) (G1 Evacuation Pause) 247M->197M(1024M) 9.238ms
[2025-03-28T20:14:02.360+0530][gc,cpu      ] GC(574) User=0.02s Sys=0.00s Real=0.03s
[2025-03-28T20:14:08.506+0530][gc,start    ] GC(588) Pause Young (Normal) (G1 Evacuation Pause)
[2025-03-28T20:14:08.506+0530][gc,task     ] GC(588) Using 2 workers of 2 for evacuation
[2025-03-28T20:14:08.514+0530][gc,phases   ] GC(588)   Pre Evacuate Collection Set: 0.2ms
[2025-03-28T20:14:08.514+0530][gc,phases   ] GC(588)   Merge Heap Roots: 0.1ms
[2025-03-28T20:14:08.514+0530][gc,phases   ] GC(588)   Evacuate Collection Set: 6.6ms
[2025-03-28T20:14:08.514+0530][gc,phases   ] GC(588)   Post Evacuate Collection Set: 0.7ms
[2025-03-28T20:14:08.514+0530][gc,phases   ] GC(588)   Other: 0.2ms
[2025-03-28T20:14:08.514+0530][gc,heap     ] GC(588) Eden regions: 47->0(129)
[2025-03-28T20:14:08.514+0530][gc,heap     ] GC(588) Survivor regions: 4->4(7)
[2025-03-28T20:14:08.514+0530][gc,heap     ] GC(588) Old regions: 134->134
[2025-03-28T20:14:08.514+0530][gc,heap     ] GC(588) Archive regions: 2->2
[2025-03-28T20:14:08.514+0530][gc,heap     ] GC(588) Humongous regions: 149->147
[2025-03-28T20:14:08.514+0530][gc,metaspace] GC(588) Metaspace: 53053K(53696K)->53053K(53696K) NonClass: 47145K(47424K)->47145K(47424K) Class: 5908K(6272K)->5908K(6272K)
[2025-03-28T20:14:08.514+0530][gc          ] GC(588) Pause Young (Normal) (G1 Evacuation Pause) 333M->284M(1024M) 7.987ms
[2025-03-28T20:14:08.514+0530][gc,cpu      ] GC(588) User=0.02s Sys=0.00s Real=0.02s
[2025-03-28T20:14:09.988+0530][gc,start    ] GC(589) Pause Young (Normal) (G1 Evacuation Pause)
[2025-03-28T20:14:09.988+0530][gc,task     ] GC(589) Using 2 workers of 2 for evacuation
[2025-03-28T20:14:09.999+0530][gc,phases   ] GC(589)   Pre Evacuate Collection Set: 0.2ms
[2025-03-28T20:14:09.999+0530][gc,phases   ] GC(589)   Merge Heap Roots: 0.2ms
[2025-03-28T20:14:09.999+0530][gc,phases   ] GC(589)   Evacuate Collection Set: 9.7ms
[2025-03-28T20:14:09.999+0530][gc,phases   ] GC(589)   Post Evacuate Collection Set: 0.6ms
[2025-03-28T20:14:09.999+0530][gc,phases   ] GC(589)   Other: 0.2ms
[2025-03-28T20:14:09.999+0530][gc,heap     ] GC(589) Eden regions: 129->0(45)
[2025-03-28T20:14:09.999+0530][gc,heap     ] GC(589) Survivor regions: 4->6(17)
[2025-03-28T20:14:09.999+0530][gc,heap     ] GC(589) Old regions: 134->134
[2025-03-28T20:14:09.999+0530][gc,heap     ] GC(589) Archive regions: 2->2
[2025-03-28T20:14:09.999+0530][gc,heap     ] GC(589) Humongous regions: 149->147
[2025-03-28T20:14:09.999+0530][gc,metaspace] GC(589) Metaspace: 53053K(53696K)->53053K(53696K) NonClass: 47145K(47424K)->47145K(47424K) Class: 5908K(6272K)->5908K(6272K)
[2025-03-28T20:14:09.999+0530][gc          ] GC(589) Pause Young (Normal) (G1 Evacuation Pause) 415M->287M(1024M) 10.899ms
[2025-03-28T20:14:09.999+0530][gc,cpu      ] GC(589) User=0.02s Sys=0.00s Real=0.01s
[2025-03-28T20:14:10.124+0530][gc,start    ] GC(590) Pause Young (Normal) (G1 Evacuation Pause)
[2025-03-28T20:14:10.124+0530][gc,task     ] GC(590) Using 2 workers of 2 for evacuation
[2025-03-28T20:14:10.136+0530][gc,phases   ] GC(590)   Pre Evacuate Collection Set: 0.2ms
[2025-03-28T20:14:10.136+0530][gc,phases   ] GC(590)   Merge Heap Roots: 0.1ms
[2025-03-28T20:14:10.136+0530][gc,phases   ] GC(590)   Evacuate Collection Set: 10.2ms
[2025-03-28T20:14:10.136+0530][gc,phases   ] GC(590)   Post Evacuate Collection Set: 0.6ms
[2025-03-28T20:14:10.136+0530][gc,phases   ] GC(590)   Other: 0.1ms
[2025-03-28T20:14:10.136+0530][gc,heap     ] GC(590) Eden regions: 45->0(240)
[2025-03-28T20:14:10.136+0530][gc,heap     ] GC(590) Survivor regions: 6->2(7)
[2025-03-28T20:14:10.136+0530][gc,heap     ] GC(590) Old regions: 134->136
[2025-03-28T20:14:10.136+0530][gc,heap     ] GC(590) Archive regions: 2->2
[2025-03-28T20:14:10.136+0530][gc,heap     ] GC(590) Humongous regions: 149->149
[2025-03-28T20:14:10.136+0530][gc,metaspace] GC(590) Metaspace: 53053K(53696K)->53053K(53696K) NonClass: 47145K(47424K)->47145K(47424K) Class: 5908K(6272K)->5908K(6272K)
[2025-03-28T20:14:10.136+0530][gc          ] GC(590) Pause Young (Normal) (G1 Evacuation Pause) 334M->287M(1024M) 11.354ms
[2025-03-28T20:14:10.136+0530][gc,cpu      ] GC(590) User=0.02s Sys=0.00s Real=0.02s
[2025-03-28T20:14:20.058+0530][gc,start    ] GC(591) Pause Young (Normal) (G1 Evacuation Pause)
[2025-03-28T20:14:20.061+0530][gc,task     ] GC(591) Using 2 workers of 2 for evacuation
[2025-03-28T20:14:20.081+0530][gc,phases   ] GC(591)   Pre Evacuate Collection Set: 0.2ms
[2025-03-28T20:14:20.081+0530][gc,phases   ] GC(591)   Merge Heap Roots: 0.2ms
[2025-03-28T20:14:20.081+0530][gc,phases   ] GC(591)   Evacuate Collection Set: 17.3ms
[2025-03-28T20:14:20.081+0530][gc,phases   ] GC(591)   Post Evacuate Collection Set: 2.1ms
[2025-03-28T20:14:20.081+0530][gc,phases   ] GC(591)   Other: 3.8ms
[2025-03-28T20:14:20.081+0530][gc,heap     ] GC(591) Eden regions: 240->0(234)
[2025-03-28T20:14:20.081+0530][gc,heap     ] GC(591) Survivor regions: 2->3(31)
[2025-03-28T20:14:20.081+0530][gc,heap     ] GC(591) Old regions: 136->136
[2025-03-28T20:14:20.081+0530][gc,heap     ] GC(591) Archive regions: 2->2
[2025-03-28T20:14:20.081+0530][gc,heap     ] GC(591) Humongous regions: 153->149
[2025-03-28T20:14:20.081+0530][gc,metaspace] GC(591) Metaspace: 53053K(53696K)->53053K(53696K) NonClass: 47145K(47424K)->47145K(47424K) Class: 5908K(6272K)->5908K(6272K)
[2025-03-28T20:14:20.081+0530][gc          ] GC(591) Pause Young (Normal) (G1 Evacuation Pause) 531M->288M(1024M) 23.762ms
[2025-03-28T20:14:20.081+0530][gc,cpu      ] GC(591) User=0.03s Sys=0.00s Real=0.02s
[2025-03-28T20:14:24.263+0530][gc,start    ] GC(575) Pause Young (Normal) (G1 Evacuation Pause)
[2025-03-28T20:14:24.263+0530][gc,task     ] GC(575) Using 2 workers of 2 for evacuation
[2025-03-28T20:14:24.275+0530][gc,phases   ] GC(575)   Pre Evacuate Collection Set: 0.4ms
[2025-03-28T20:14:24.275+0530][gc,phases   ] GC(575)   Merge Heap Roots: 0.2ms
[2025-03-28T20:14:24.275+0530][gc,phases   ] GC(575)   Evacuate Collection Set: 10.1ms
[2025-03-28T20:14:24.275+0530][gc,phases   ] GC(575)   Post Evacuate Collection Set: 0.9ms
[2025-03-28T20:14:24.275+0530][gc,phases   ] GC(575)   Other: 0.2ms
[2025-03-28T20:14:24.275+0530][gc,heap     ] GC(575) Eden regions: 418->0(478)
[2025-03-28T20:14:24.275+0530][gc,heap     ] GC(575) Survivor regions: 2->3(53)
[2025-03-28T20:14:24.275+0530][gc,heap     ] GC(575) Old regions: 46->46
[2025-03-28T20:14:24.275+0530][gc,heap     ] GC(575) Archive regions: 2->2
[2025-03-28T20:14:24.275+0530][gc,heap     ] GC(575) Humongous regions: 157->149
[2025-03-28T20:14:24.275+0530][gc,metaspace] GC(575) Metaspace: 52889K(53568K)->52889K(53568K) NonClass: 47021K(47360K)->47021K(47360K) Class: 5867K(6208K)->5867K(6208K)
[2025-03-28T20:14:24.275+0530][gc          ] GC(575) Pause Young (Normal) (G1 Evacuation Pause) 623M->198M(1024M) 11.926ms
[2025-03-28T20:14:24.275+0530][gc,cpu      ] GC(575) User=0.02s Sys=0.00s Real=0.02s
[2025-03-28T20:14:24.931+0530][gc,start    ] GC(576) Pause Young (Concurrent Start) (G1 Humongous Allocation)
[2025-03-28T20:14:24.932+0530][gc,task     ] GC(576) Using 2 workers of 2 for evacuation
[2025-03-28T20:14:24.955+0530][gc,mmu      ] GC(576) MMU target violated: 21.0ms (20.0ms/21.0ms)
[2025-03-28T20:14:24.955+0530][gc,phases   ] GC(576)   Pre Evacuate Collection Set: 0.3ms
[2025-03-28T20:14:24.955+0530][gc,phases   ] GC(576)   Merge Heap Roots: 0.1ms
[2025-03-28T20:14:24.955+0530][gc,phases   ] GC(576)   Evacuate Collection Set: 21.8ms
[2025-03-28T20:14:24.955+0530][gc,phases   ] GC(576)   Post Evacuate Collection Set: 1.2ms
[2025-03-28T20:14:24.955+0530][gc,phases   ] GC(576)   Other: 0.3ms
[2025-03-28T20:14:24.955+0530][gc,heap     ] GC(576) Eden regions: 98->0(481)
[2025-03-28T20:14:24.955+0530][gc,heap     ] GC(576) Survivor regions: 3->3(61)
[2025-03-28T20:14:24.955+0530][gc,heap     ] GC(576) Old regions: 46->46
[2025-03-28T20:14:24.955+0530][gc,heap     ] GC(576) Archive regions: 2->2
[2025-03-28T20:14:24.955+0530][gc,heap     ] GC(576) Humongous regions: 149->147
[2025-03-28T20:14:24.955+0530][gc,metaspace] GC(576) Metaspace: 52890K(53568K)->52890K(53568K) NonClass: 47023K(47360K)->47023K(47360K) Class: 5867K(6208K)->5867K(6208K)
[2025-03-28T20:14:24.955+0530][gc          ] GC(576) Pause Young (Concurrent Start) (G1 Humongous Allocation) 296M->196M(1024M) 23.756ms
[2025-03-28T20:14:24.955+0530][gc,cpu      ] GC(576) User=0.02s Sys=0.00s Real=0.03s
[2025-03-28T20:14:24.955+0530][gc          ] GC(577) Concurrent Mark Cycle
[2025-03-28T20:14:24.955+0530][gc,marking  ] GC(577) Concurrent Clear Claimed Marks
[2025-03-28T20:14:24.955+0530][gc,marking  ] GC(577) Concurrent Clear Claimed Marks 0.111ms
[2025-03-28T20:14:24.955+0530][gc,marking  ] GC(577) Concurrent Scan Root Regions
[2025-03-28T20:14:24.963+0530][gc,marking  ] GC(577) Concurrent Scan Root Regions 7.769ms
[2025-03-28T20:14:24.963+0530][gc,marking  ] GC(577) Concurrent Mark
[2025-03-28T20:14:24.963+0530][gc,marking  ] GC(577) Concurrent Mark From Roots
[2025-03-28T20:14:24.963+0530][gc,task     ] GC(577) Using 1 workers of 1 for marking
[2025-03-28T20:14:25.145+0530][gc,marking  ] GC(577) Concurrent Mark From Roots 181.983ms
[2025-03-28T20:14:25.145+0530][gc,marking  ] GC(577) Concurrent Preclean
[2025-03-28T20:14:25.145+0530][gc,marking  ] GC(577) Concurrent Preclean 0.141ms
[2025-03-28T20:14:25.146+0530][gc,start    ] GC(577) Pause Remark
[2025-03-28T20:14:25.267+0530][gc,mmu      ] GC(577) MMU target violated: 21.0ms (20.0ms/21.0ms)
[2025-03-28T20:14:25.267+0530][gc          ] GC(577) Pause Remark 237M->237M(1024M) 121.206ms
[2025-03-28T20:14:25.267+0530][gc,cpu      ] GC(577) User=0.05s Sys=0.00s Real=0.12s
[2025-03-28T20:14:25.268+0530][gc,marking  ] GC(577) Concurrent Mark 305.153ms
[2025-03-28T20:14:25.269+0530][gc,marking  ] GC(577) Concurrent Rebuild Remembered Sets
[2025-03-28T20:14:25.365+0530][gc,marking  ] GC(577) Concurrent Rebuild Remembered Sets 96.284ms
[2025-03-28T20:14:25.366+0530][gc,start    ] GC(577) Pause Cleanup
[2025-03-28T20:14:25.366+0530][gc          ] GC(577) Pause Cleanup 237M->237M(1024M) 0.397ms
[2025-03-28T20:14:25.366+0530][gc,cpu      ] GC(577) User=0.00s Sys=0.00s Real=0.00s
[2025-03-28T20:14:25.366+0530][gc,marking  ] GC(577) Concurrent Cleanup for Next Mark
[2025-03-28T20:14:25.370+0530][gc,marking  ] GC(577) Concurrent Cleanup for Next Mark 3.854ms
[2025-03-28T20:14:25.370+0530][gc          ] GC(577) Concurrent Mark Cycle 414.807ms
[2025-03-28T20:14:34.609+0530][gc,start    ] GC(592) Pause Young (Normal) (G1 Evacuation Pause)
[2025-03-28T20:14:34.609+0530][gc,task     ] GC(592) Using 2 workers of 2 for evacuation
[2025-03-28T20:14:34.623+0530][gc,phases   ] GC(592)   Pre Evacuate Collection Set: 0.4ms
[2025-03-28T20:14:34.623+0530][gc,phases   ] GC(592)   Merge Heap Roots: 0.3ms
[2025-03-28T20:14:34.623+0530][gc,phases   ] GC(592)   Evacuate Collection Set: 10.9ms
[2025-03-28T20:14:34.623+0530][gc,phases   ] GC(592)   Post Evacuate Collection Set: 3.2ms
[2025-03-28T20:14:34.624+0530][gc,phases   ] GC(592)   Other: 0.2ms
[2025-03-28T20:14:34.624+0530][gc,heap     ] GC(592) Eden regions: 224->0(216)
[2025-03-28T20:14:34.624+0530][gc,heap     ] GC(592) Survivor regions: 3->2(29)
[2025-03-28T20:14:34.624+0530][gc,heap     ] GC(592) Old regions: 136->136
[2025-03-28T20:14:34.624+0530][gc,heap     ] GC(592) Archive regions: 2->2
[2025-03-28T20:14:34.624+0530][gc,heap     ] GC(592) Humongous regions: 153->147
[2025-03-28T20:14:34.624+0530][gc,metaspace] GC(592) Metaspace: 53056K(53696K)->53056K(53696K) NonClass: 47147K(47424K)->47147K(47424K) Class: 5908K(6272K)->5908K(6272K)
[2025-03-28T20:14:34.624+0530][gc          ] GC(592) Pause Young (Normal) (G1 Evacuation Pause) 516M->284M(1024M) 15.084ms
[2025-03-28T20:14:34.624+0530][gc,cpu      ] GC(592) User=0.02s Sys=0.00s Real=0.01s
[2025-03-28T20:14:39.802+0530][gc,start    ] GC(593) Pause Young (Normal) (G1 Evacuation Pause)
[2025-03-28T20:14:39.805+0530][gc,task     ] GC(593) Using 2 workers of 2 for evacuation
[2025-03-28T20:14:39.817+0530][gc,phases   ] GC(593)   Pre Evacuate Collection Set: 0.3ms
[2025-03-28T20:14:39.817+0530][gc,phases   ] GC(593)   Merge Heap Roots: 0.3ms
[2025-03-28T20:14:39.817+0530][gc,phases   ] GC(593)   Evacuate Collection Set: 10.4ms
[2025-03-28T20:14:39.817+0530][gc,phases   ] GC(593)   Post Evacuate Collection Set: 0.8ms
[2025-03-28T20:14:39.817+0530][gc,phases   ] GC(593)   Other: 3.0ms
[2025-03-28T20:14:39.818+0530][gc,heap     ] GC(593) Eden regions: 216->0(162)
[2025-03-28T20:14:39.818+0530][gc,heap     ] GC(593) Survivor regions: 2->4(28)
[2025-03-28T20:14:39.818+0530][gc,heap     ] GC(593) Old regions: 136->136
[2025-03-28T20:14:39.818+0530][gc,heap     ] GC(593) Archive regions: 2->2
[2025-03-28T20:14:39.818+0530][gc,heap     ] GC(593) Humongous regions: 151->149
[2025-03-28T20:14:39.818+0530][gc,metaspace] GC(593) Metaspace: 53056K(53696K)->53056K(53696K) NonClass: 47147K(47424K)->47147K(47424K) Class: 5908K(6272K)->5908K(6272K)
[2025-03-28T20:14:39.818+0530][gc          ] GC(593) Pause Young (Normal) (G1 Evacuation Pause) 504M->288M(1024M) 15.123ms
[2025-03-28T20:14:39.818+0530][gc,cpu      ] GC(593) User=0.02s Sys=0.00s Real=0.02s
[2025-03-28T20:14:48.636+0530][gc,start    ] GC(594) Pause Young (Normal) (G1 Evacuation Pause)
[2025-03-28T20:14:48.636+0530][gc,task     ] GC(594) Using 2 workers of 2 for evacuation
[2025-03-28T20:14:48.674+0530][gc,mmu      ] GC(594) MMU target violated: 21.0ms (20.0ms/21.0ms)
[2025-03-28T20:14:48.674+0530][gc,phases   ] GC(594)   Pre Evacuate Collection Set: 0.3ms
[2025-03-28T20:14:48.674+0530][gc,phases   ] GC(594)   Merge Heap Roots: 0.2ms
[2025-03-28T20:14:48.674+0530][gc,phases   ] GC(594)   Evacuate Collection Set: 33.7ms
[2025-03-28T20:14:48.674+0530][gc,phases   ] GC(594)   Post Evacuate Collection Set: 3.5ms
[2025-03-28T20:14:48.674+0530][gc,phases   ] GC(594)   Other: 0.3ms
[2025-03-28T20:14:48.674+0530][gc,heap     ] GC(594) Eden regions: 83->0(86)
[2025-03-28T20:14:48.674+0530][gc,heap     ] GC(594) Survivor regions: 4->4(11)
[2025-03-28T20:14:48.674+0530][gc,heap     ] GC(594) Old regions: 136->136
[2025-03-28T20:14:48.674+0530][gc,heap     ] GC(594) Archive regions: 2->2
[2025-03-28T20:14:48.674+0530][gc,heap     ] GC(594) Humongous regions: 151->149
[2025-03-28T20:14:48.674+0530][gc,metaspace] GC(594) Metaspace: 53056K(53696K)->53056K(53696K) NonClass: 47147K(47424K)->47147K(47424K) Class: 5908K(6272K)->5908K(6272K)
[2025-03-28T20:14:48.674+0530][gc          ] GC(594) Pause Young (Normal) (G1 Evacuation Pause) 373M->289M(1024M) 38.190ms
[2025-03-28T20:14:48.674+0530][gc,cpu      ] GC(594) User=0.01s Sys=0.00s Real=0.03s
[2025-03-28T20:14:51.189+0530][gc,start    ] GC(595) Pause Young (Normal) (G1 Evacuation Pause)
[2025-03-28T20:14:51.189+0530][gc,task     ] GC(595) Using 2 workers of 2 for evacuation
[2025-03-28T20:14:51.208+0530][gc,phases   ] GC(595)   Pre Evacuate Collection Set: 0.2ms
[2025-03-28T20:14:51.209+0530][gc,phases   ] GC(595)   Merge Heap Roots: 0.2ms
[2025-03-28T20:14:51.209+0530][gc,phases   ] GC(595)   Evacuate Collection Set: 18.4ms
[2025-03-28T20:14:51.209+0530][gc,phases   ] GC(595)   Post Evacuate Collection Set: 0.6ms
[2025-03-28T20:14:51.209+0530][gc,phases   ] GC(595)   Other: 0.2ms
[2025-03-28T20:14:51.209+0530][gc,heap     ] GC(595) Eden regions: 86->0(43)
[2025-03-28T20:14:51.209+0530][gc,heap     ] GC(595) Survivor regions: 4->8(12)
[2025-03-28T20:14:51.209+0530][gc,heap     ] GC(595) Old regions: 136->136
[2025-03-28T20:14:51.209+0530][gc,heap     ] GC(595) Archive regions: 2->2
[2025-03-28T20:14:51.209+0530][gc,heap     ] GC(595) Humongous regions: 149->147
[2025-03-28T20:14:51.209+0530][gc,metaspace] GC(595) Metaspace: 53066K(53760K)->53066K(53760K) NonClass: 47157K(47488K)->47157K(47488K) Class: 5908K(6272K)->5908K(6272K)
[2025-03-28T20:14:51.209+0530][gc          ] GC(595) Pause Young (Normal) (G1 Evacuation Pause) 375M->291M(1024M) 19.682ms
[2025-03-28T20:14:51.209+0530][gc,cpu      ] GC(595) User=0.02s Sys=0.00s Real=0.02s
[2025-03-28T20:14:51.343+0530][gc,start    ] GC(596) Pause Young (Normal) (G1 Evacuation Pause)
[2025-03-28T20:14:51.343+0530][gc,task     ] GC(596) Using 2 workers of 2 for evacuation
[2025-03-28T20:14:51.535+0530][gc,mmu      ] GC(596) MMU target violated: 21.0ms (20.0ms/21.0ms)
[2025-03-28T20:14:51.535+0530][gc,phases   ] GC(596)   Pre Evacuate Collection Set: 0.2ms
[2025-03-28T20:14:51.535+0530][gc,phases   ] GC(596)   Merge Heap Roots: 0.1ms
[2025-03-28T20:14:51.535+0530][gc,phases   ] GC(596)   Evacuate Collection Set: 191.5ms
[2025-03-28T20:14:51.535+0530][gc,phases   ] GC(596)   Post Evacuate Collection Set: 0.5ms
[2025-03-28T20:14:51.535+0530][gc,phases   ] GC(596)   Other: 0.2ms
[2025-03-28T20:14:51.535+0530][gc,heap     ] GC(596) Eden regions: 43->0(49)
[2025-03-28T20:14:51.535+0530][gc,heap     ] GC(596) Survivor regions: 8->2(7)
[2025-03-28T20:14:51.535+0530][gc,heap     ] GC(596) Old regions: 136->138
[2025-03-28T20:14:51.535+0530][gc,heap     ] GC(596) Archive regions: 2->2
[2025-03-28T20:14:51.535+0530][gc,heap     ] GC(596) Humongous regions: 149->149
[2025-03-28T20:14:51.535+0530][gc,metaspace] GC(596) Metaspace: 53066K(53760K)->53066K(53760K) NonClass: 47157K(47488K)->47157K(47488K) Class: 5908K(6272K)->5908K(6272K)
[2025-03-28T20:14:51.535+0530][gc          ] GC(596) Pause Young (Normal) (G1 Evacuation Pause) 336M->289M(1024M) 192.530ms
[2025-03-28T20:14:51.535+0530][gc,cpu      ] GC(596) User=0.06s Sys=0.01s Real=0.20s
[2025-03-28T20:14:52.499+0530][gc,start    ] GC(578) Pause Young (Prepare Mixed) (G1 Evacuation Pause)
[2025-03-28T20:14:52.499+0530][gc,task     ] GC(578) Using 2 workers of 2 for evacuation
[2025-03-28T20:14:52.531+0530][gc,mmu      ] GC(578) MMU target violated: 21.0ms (20.0ms/21.0ms)
[2025-03-28T20:14:52.531+0530][gc,phases   ] GC(578)   Pre Evacuate Collection Set: 0.3ms
[2025-03-28T20:14:52.531+0530][gc,phases   ] GC(578)   Merge Heap Roots: 0.3ms
[2025-03-28T20:14:52.531+0530][gc,phases   ] GC(578)   Evacuate Collection Set: 29.6ms
[2025-03-28T20:14:52.531+0530][gc,phases   ] GC(578)   Post Evacuate Collection Set: 1.2ms
[2025-03-28T20:14:52.531+0530][gc,phases   ] GC(578)   Other: 0.2ms
[2025-03-28T20:14:52.531+0530][gc,heap     ] GC(578) Eden regions: 543->0(41)
[2025-03-28T20:14:52.531+0530][gc,heap     ] GC(578) Survivor regions: 3->10(69)
[2025-03-28T20:14:52.531+0530][gc,heap     ] GC(578) Old regions: 45->45
[2025-03-28T20:14:52.531+0530][gc,heap     ] GC(578) Archive regions: 2->2
[2025-03-28T20:14:52.531+0530][gc,heap     ] GC(578) Humongous regions: 157->147
[2025-03-28T20:14:52.531+0530][gc,metaspace] GC(578) Metaspace: 52904K(53568K)->52904K(53568K) NonClass: 47036K(47360K)->47036K(47360K) Class: 5867K(6208K)->5867K(6208K)
[2025-03-28T20:14:52.531+0530][gc          ] GC(578) Pause Young (Prepare Mixed) (G1 Evacuation Pause) 748M->202M(1024M) 32.037ms
[2025-03-28T20:14:52.531+0530][gc,cpu      ] GC(578) User=0.03s Sys=0.00s Real=0.03s
[2025-03-28T20:14:52.838+0530][gc,start    ] GC(579) Pause Young (Mixed) (G1 Evacuation Pause)
[2025-03-28T20:14:52.838+0530][gc,task     ] GC(579) Using 2 workers of 2 for evacuation
[2025-03-28T20:14:52.849+0530][gc,phases   ] GC(579)   Pre Evacuate Collection Set: 0.2ms
[2025-03-28T20:14:52.849+0530][gc,phases   ] GC(579)   Merge Heap Roots: 0.2ms
[2025-03-28T20:14:52.849+0530][gc,phases   ] GC(579)   Evacuate Collection Set: 8.5ms
[2025-03-28T20:14:52.849+0530][gc,phases   ] GC(579)   Post Evacuate Collection Set: 2.5ms
[2025-03-28T20:14:52.849+0530][gc,phases   ] GC(579)   Other: 0.2ms
[2025-03-28T20:14:52.849+0530][gc,heap     ] GC(579) Eden regions: 41->0(365)
[2025-03-28T20:14:52.849+0530][gc,heap     ] GC(579) Survivor regions: 10->1(7)
[2025-03-28T20:14:52.849+0530][gc,heap     ] GC(579) Old regions: 45->44
[2025-03-28T20:14:52.849+0530][gc,heap     ] GC(579) Archive regions: 2->2
[2025-03-28T20:14:52.849+0530][gc,heap     ] GC(579) Humongous regions: 149->147
[2025-03-28T20:14:52.849+0530][gc,metaspace] GC(579) Metaspace: 52904K(53568K)->52904K(53568K) NonClass: 47036K(47360K)->47036K(47360K) Class: 5867K(6208K)->5867K(6208K)
[2025-03-28T20:14:52.849+0530][gc          ] GC(579) Pause Young (Mixed) (G1 Evacuation Pause) 245M->192M(1024M) 11.678ms
[2025-03-28T20:14:52.849+0530][gc,cpu      ] GC(579) User=0.01s Sys=0.00s Real=0.01s
[2025-03-28T20:14:58.372+0530][gc,start    ] GC(597) Pause Young (Normal) (G1 Evacuation Pause)
[2025-03-28T20:14:58.388+0530][gc,task     ] GC(597) Using 2 workers of 2 for evacuation
[2025-03-28T20:14:58.404+0530][gc,phases   ] GC(597)   Pre Evacuate Collection Set: 0.3ms
[2025-03-28T20:14:58.404+0530][gc,phases   ] GC(597)   Merge Heap Roots: 0.2ms
[2025-03-28T20:14:58.404+0530][gc,phases   ] GC(597)   Evacuate Collection Set: 15.4ms
[2025-03-28T20:14:58.404+0530][gc,phases   ] GC(597)   Post Evacuate Collection Set: 0.5ms
[2025-03-28T20:14:58.404+0530][gc,phases   ] GC(597)   Other: 16.4ms
[2025-03-28T20:14:58.404+0530][gc,heap     ] GC(597) Eden regions: 49->0(46)
[2025-03-28T20:14:58.404+0530][gc,heap     ] GC(597) Survivor regions: 2->5(7)
[2025-03-28T20:14:58.404+0530][gc,heap     ] GC(597) Old regions: 138->138
[2025-03-28T20:14:58.404+0530][gc,heap     ] GC(597) Archive regions: 2->2
[2025-03-28T20:14:58.404+0530][gc,heap     ] GC(597) Humongous regions: 149->147
[2025-03-28T20:14:58.404+0530][gc,metaspace] GC(597) Metaspace: 53066K(53760K)->53066K(53760K) NonClass: 47157K(47488K)->47157K(47488K) Class: 5908K(6272K)->5908K(6272K)
[2025-03-28T20:14:58.404+0530][gc          ] GC(597) Pause Young (Normal) (G1 Evacuation Pause) 338M->289M(1024M) 32.887ms
[2025-03-28T20:14:58.404+0530][gc,cpu      ] GC(597) User=0.01s Sys=0.00s Real=0.03s
[2025-03-28T20:14:58.688+0530][gc,start    ] GC(598) Pause Young (Normal) (G1 Evacuation Pause)
[2025-03-28T20:14:58.688+0530][gc,task     ] GC(598) Using 2 workers of 2 for evacuation
[2025-03-28T20:14:58.815+0530][gc,mmu      ] GC(598) MMU target violated: 21.0ms (20.0ms/21.0ms)
[2025-03-28T20:14:58.815+0530][gc,phases   ] GC(598)   Pre Evacuate Collection Set: 0.2ms
[2025-03-28T20:14:58.815+0530][gc,phases   ] GC(598)   Merge Heap Roots: 0.2ms
[2025-03-28T20:14:58.815+0530][gc,phases   ] GC(598)   Evacuate Collection Set: 124.9ms
[2025-03-28T20:14:58.815+0530][gc,phases   ] GC(598)   Post Evacuate Collection Set: 0.5ms
[2025-03-28T20:14:58.815+0530][gc,phases   ] GC(598)   Other: 1.3ms
[2025-03-28T20:14:58.815+0530][gc,heap     ] GC(598) Eden regions: 46->0(49)
[2025-03-28T20:14:58.815+0530][gc,heap     ] GC(598) Survivor regions: 5->2(7)
[2025-03-28T20:14:58.815+0530][gc,heap     ] GC(598) Old regions: 138->139
[2025-03-28T20:14:58.815+0530][gc,heap     ] GC(598) Archive regions: 2->2
[2025-03-28T20:14:58.815+0530][gc,heap     ] GC(598) Humongous regions: 149->149
[2025-03-28T20:14:58.815+0530][gc,metaspace] GC(598) Metaspace: 53066K(53760K)->53066K(53760K) NonClass: 47157K(47488K)->47157K(47488K) Class: 5908K(6272K)->5908K(6272K)
[2025-03-28T20:14:58.815+0530][gc          ] GC(598) Pause Young (Normal) (G1 Evacuation Pause) 337M->290M(1024M) 127.227ms
[2025-03-28T20:14:58.815+0530][gc,cpu      ] GC(598) User=0.01s Sys=0.01s Real=0.12s
[2025-03-28T20:14:59.698+0530][gc,start    ] GC(599) Pause Young (Normal) (G1 Evacuation Pause)
[2025-03-28T20:14:59.699+0530][gc,task     ] GC(599) Using 2 workers of 2 for evacuation
[2025-03-28T20:14:59.704+0530][gc,phases   ] GC(599)   Pre Evacuate Collection Set: 0.5ms
[2025-03-28T20:14:59.704+0530][gc,phases   ] GC(599)   Merge Heap Roots: 0.1ms
[2025-03-28T20:14:59.704+0530][gc,phases   ] GC(599)   Evacuate Collection Set: 3.8ms
[2025-03-28T20:14:59.704+0530][gc,phases   ] GC(599)   Post Evacuate Collection Set: 0.5ms
[2025-03-28T20:14:59.704+0530][gc,phases   ] GC(599)   Other: 0.2ms
[2025-03-28T20:14:59.704+0530][gc,heap     ] GC(599) Eden regions: 49->0(48)
[2025-03-28T20:14:59.704+0530][gc,heap     ] GC(599) Survivor regions: 2->3(7)
[2025-03-28T20:14:59.704+0530][gc,heap     ] GC(599) Old regions: 139->139
[2025-03-28T20:14:59.704+0530][gc,heap     ] GC(599) Archive regions: 2->2
[2025-03-28T20:14:59.704+0530][gc,heap     ] GC(599) Humongous regions: 149->147
[2025-03-28T20:14:59.704+0530][gc,metaspace] GC(599) Metaspace: 53066K(53760K)->53066K(53760K) NonClass: 47157K(47488K)->47157K(47488K) Class: 5908K(6272K)->5908K(6272K)
[2025-03-28T20:14:59.704+0530][gc          ] GC(599) Pause Young (Normal) (G1 Evacuation Pause) 339M->289M(1024M) 5.245ms
[2025-03-28T20:14:59.704+0530][gc,cpu      ] GC(599) User=0.01s Sys=0.00s Real=0.00s
[2025-03-28T20:14:59.839+0530][gc,start    ] GC(600) Pause Young (Normal) (G1 Evacuation Pause)
[2025-03-28T20:14:59.840+0530][gc,task     ] GC(600) Using 2 workers of 2 for evacuation
[2025-03-28T20:14:59.869+0530][gc,mmu      ] GC(600) MMU target violated: 21.0ms (20.0ms/21.0ms)
[2025-03-28T20:14:59.870+0530][gc,phases   ] GC(600)   Pre Evacuate Collection Set: 0.1ms
[2025-03-28T20:14:59.870+0530][gc,phases   ] GC(600)   Merge Heap Roots: 0.1ms
[2025-03-28T20:14:59.870+0530][gc,phases   ] GC(600)   Evacuate Collection Set: 10.5ms
[2025-03-28T20:14:59.870+0530][gc,phases   ] GC(600)   Post Evacuate Collection Set: 18.6ms
[2025-03-28T20:14:59.870+0530][gc,phases   ] GC(600)   Other: 0.8ms
[2025-03-28T20:14:59.870+0530][gc,heap     ] GC(600) Eden regions: 48->0(44)
[2025-03-28T20:14:59.870+0530][gc,heap     ] GC(600) Survivor regions: 3->7(7)
[2025-03-28T20:14:59.870+0530][gc,heap     ] GC(600) Old regions: 139->140
[2025-03-28T20:14:59.870+0530][gc,heap     ] GC(600) Archive regions: 2->2
[2025-03-28T20:14:59.870+0530][gc,heap     ] GC(600) Humongous regions: 147->147
[2025-03-28T20:14:59.870+0530][gc,metaspace] GC(600) Metaspace: 53066K(53760K)->53066K(53760K) NonClass: 47157K(47488K)->47157K(47488K) Class: 5908K(6272K)->5908K(6272K)
[2025-03-28T20:14:59.870+0530][gc          ] GC(600) Pause Young (Normal) (G1 Evacuation Pause) 337M->294M(1024M) 30.812ms
[2025-03-28T20:14:59.870+0530][gc,cpu      ] GC(600) User=0.02s Sys=0.00s Real=0.03s
[2025-03-28T20:15:04.611+0530][gc,start    ] GC(601) Pause Young (Normal) (G1 Evacuation Pause)
[2025-03-28T20:15:04.611+0530][gc,task     ] GC(601) Using 2 workers of 2 for evacuation
[2025-03-28T20:15:04.626+0530][gc,phases   ] GC(601)   Pre Evacuate Collection Set: 2.3ms
[2025-03-28T20:15:04.626+0530][gc,phases   ] GC(601)   Merge Heap Roots: 0.3ms
[2025-03-28T20:15:04.626+0530][gc,phases   ] GC(601)   Evacuate Collection Set: 10.0ms
[2025-03-28T20:15:04.626+0530][gc,phases   ] GC(601)   Post Evacuate Collection Set: 2.2ms
[2025-03-28T20:15:04.626+0530][gc,phases   ] GC(601)   Other: 0.3ms
[2025-03-28T20:15:04.626+0530][gc,heap     ] GC(601) Eden regions: 44->0(50)
[2025-03-28T20:15:04.626+0530][gc,heap     ] GC(601) Survivor regions: 7->1(7)
[2025-03-28T20:15:04.626+0530][gc,heap     ] GC(601) Old regions: 140->140
[2025-03-28T20:15:04.626+0530][gc,heap     ] GC(601) Archive regions: 2->2
[2025-03-28T20:15:04.626+0530][gc,heap     ] GC(601) Humongous regions: 149->147
[2025-03-28T20:15:04.626+0530][gc,metaspace] GC(601) Metaspace: 53066K(53760K)->53066K(53760K) NonClass: 47157K(47488K)->47157K(47488K) Class: 5908K(6272K)->5908K(6272K)
[2025-03-28T20:15:04.626+0530][gc          ] GC(601) Pause Young (Normal) (G1 Evacuation Pause) 340M->288M(1024M) 15.168ms
[2025-03-28T20:15:04.626+0530][gc,cpu      ] GC(601) User=0.00s Sys=0.00s Real=0.02s
[2025-03-28T20:15:08.444+0530][gc,start    ] GC(602) Pause Young (Normal) (G1 Evacuation Pause)
[2025-03-28T20:15:08.444+0530][gc,task     ] GC(602) Using 2 workers of 2 for evacuation
[2025-03-28T20:15:08.461+0530][gc,phases   ] GC(602)   Pre Evacuate Collection Set: 0.9ms
[2025-03-28T20:15:08.461+0530][gc,phases   ] GC(602)   Merge Heap Roots: 0.8ms
[2025-03-28T20:15:08.461+0530][gc,phases   ] GC(602)   Evacuate Collection Set: 14.8ms
[2025-03-28T20:15:08.461+0530][gc,phases   ] GC(602)   Post Evacuate Collection Set: 0.8ms
[2025-03-28T20:15:08.461+0530][gc,phases   ] GC(602)   Other: 0.2ms
[2025-03-28T20:15:08.461+0530][gc,heap     ] GC(602) Eden regions: 50->0(44)
[2025-03-28T20:15:08.461+0530][gc,heap     ] GC(602) Survivor regions: 1->7(7)
[2025-03-28T20:15:08.461+0530][gc,heap     ] GC(602) Old regions: 140->140
[2025-03-28T20:15:08.461+0530][gc,heap     ] GC(602) Archive regions: 2->2
[2025-03-28T20:15:08.461+0530][gc,heap     ] GC(602) Humongous regions: 147->147
[2025-03-28T20:15:08.461+0530][gc,metaspace] GC(602) Metaspace: 53066K(53760K)->53066K(53760K) NonClass: 47157K(47488K)->47157K(47488K) Class: 5908K(6272K)->5908K(6272K)
[2025-03-28T20:15:08.461+0530][gc          ] GC(602) Pause Young (Normal) (G1 Evacuation Pause) 338M->293M(1024M) 17.451ms
[2025-03-28T20:15:08.461+0530][gc,cpu      ] GC(602) User=0.02s Sys=0.01s Real=0.02s
[2025-03-28T20:15:08.575+0530][gc,start    ] GC(603) Pause Young (Normal) (G1 Evacuation Pause)
[2025-03-28T20:15:08.575+0530][gc,task     ] GC(603) Using 2 workers of 2 for evacuation
[2025-03-28T20:15:08.596+0530][gc,mmu      ] GC(603) MMU target violated: 20.6ms (20.0ms/21.0ms)
[2025-03-28T20:15:08.596+0530][gc,phases   ] GC(603)   Pre Evacuate Collection Set: 0.4ms
[2025-03-28T20:15:08.596+0530][gc,phases   ] GC(603)   Merge Heap Roots: 0.1ms
[2025-03-28T20:15:08.596+0530][gc,phases   ] GC(603)   Evacuate Collection Set: 16.6ms
[2025-03-28T20:15:08.596+0530][gc,phases   ] GC(603)   Post Evacuate Collection Set: 1.3ms
[2025-03-28T20:15:08.596+0530][gc,phases   ] GC(603)   Other: 2.3ms
[2025-03-28T20:15:08.596+0530][gc,heap     ] GC(603) Eden regions: 44->0(49)
[2025-03-28T20:15:08.596+0530][gc,heap     ] GC(603) Survivor regions: 7->2(7)
[2025-03-28T20:15:08.596+0530][gc,heap     ] GC(603) Old regions: 140->142
[2025-03-28T20:15:08.596+0530][gc,heap     ] GC(603) Archive regions: 2->2
[2025-03-28T20:15:08.596+0530][gc,heap     ] GC(603) Humongous regions: 149->149
[2025-03-28T20:15:08.596+0530][gc,metaspace] GC(603) Metaspace: 53066K(53760K)->53066K(53760K) NonClass: 47157K(47488K)->47157K(47488K) Class: 5908K(6272K)->5908K(6272K)
[2025-03-28T20:15:08.596+0530][gc          ] GC(603) Pause Young (Normal) (G1 Evacuation Pause) 339M->292M(1024M) 20.904ms
[2025-03-28T20:15:08.596+0530][gc,cpu      ] GC(603) User=0.01s Sys=0.01s Real=0.02s
[2025-03-28T20:15:09.650+0530][gc,start    ] GC(604) Pause Young (Normal) (G1 Evacuation Pause)
[2025-03-28T20:15:09.650+0530][gc,task     ] GC(604) Using 2 workers of 2 for evacuation
[2025-03-28T20:15:09.662+0530][gc,phases   ] GC(604)   Pre Evacuate Collection Set: 0.2ms
[2025-03-28T20:15:09.662+0530][gc,phases   ] GC(604)   Merge Heap Roots: 0.4ms
[2025-03-28T20:15:09.662+0530][gc,phases   ] GC(604)   Evacuate Collection Set: 10.0ms
[2025-03-28T20:15:09.662+0530][gc,phases   ] GC(604)   Post Evacuate Collection Set: 0.5ms
[2025-03-28T20:15:09.662+0530][gc,phases   ] GC(604)   Other: 0.2ms
[2025-03-28T20:15:09.662+0530][gc,heap     ] GC(604) Eden regions: 49->0(46)
[2025-03-28T20:15:09.662+0530][gc,heap     ] GC(604) Survivor regions: 2->5(7)
[2025-03-28T20:15:09.662+0530][gc,heap     ] GC(604) Old regions: 142->142
[2025-03-28T20:15:09.662+0530][gc,heap     ] GC(604) Archive regions: 2->2
[2025-03-28T20:15:09.662+0530][gc,heap     ] GC(604) Humongous regions: 149->147
[2025-03-28T20:15:09.662+0530][gc,metaspace] GC(604) Metaspace: 53066K(53760K)->53066K(53760K) NonClass: 47157K(47488K)->47157K(47488K) Class: 5908K(6272K)->5908K(6272K)
[2025-03-28T20:15:09.662+0530][gc          ] GC(604) Pause Young (Normal) (G1 Evacuation Pause) 341M->293M(1024M) 11.390ms
[2025-03-28T20:15:09.662+0530][gc,cpu      ] GC(604) User=0.01s Sys=0.00s Real=0.01s
[2025-03-28T20:15:09.756+0530][gc,start    ] GC(605) Pause Young (Normal) (G1 Evacuation Pause)
[2025-03-28T20:15:09.756+0530][gc,task     ] GC(605) Using 2 workers of 2 for evacuation
[2025-03-28T20:15:10.088+0530][gc,mmu      ] GC(605) MMU target violated: 21.0ms (20.0ms/21.0ms)
[2025-03-28T20:15:10.088+0530][gc,phases   ] GC(605)   Pre Evacuate Collection Set: 0.2ms
[2025-03-28T20:15:10.088+0530][gc,phases   ] GC(605)   Merge Heap Roots: 0.1ms
[2025-03-28T20:15:10.088+0530][gc,phases   ] GC(605)   Evacuate Collection Set: 331.3ms
[2025-03-28T20:15:10.088+0530][gc,phases   ] GC(605)   Post Evacuate Collection Set: 0.6ms
[2025-03-28T20:15:10.088+0530][gc,phases   ] GC(605)   Other: 0.2ms
[2025-03-28T20:15:10.088+0530][gc,heap     ] GC(605) Eden regions: 46->0(49)
[2025-03-28T20:15:10.088+0530][gc,heap     ] GC(605) Survivor regions: 5->2(7)
[2025-03-28T20:15:10.088+0530][gc,heap     ] GC(605) Old regions: 142->142
[2025-03-28T20:15:10.088+0530][gc,heap     ] GC(605) Archive regions: 2->2
[2025-03-28T20:15:10.088+0530][gc,heap     ] GC(605) Humongous regions: 149->149
[2025-03-28T20:15:10.088+0530][gc,metaspace] GC(605) Metaspace: 53066K(53760K)->53066K(53760K) NonClass: 47157K(47488K)->47157K(47488K) Class: 5908K(6272K)->5908K(6272K)
[2025-03-28T20:15:10.088+0530][gc          ] GC(605) Pause Young (Normal) (G1 Evacuation Pause) 341M->293M(1024M) 332.450ms
[2025-03-28T20:15:10.088+0530][gc,cpu      ] GC(605) User=0.03s Sys=0.00s Real=0.35s
[2025-03-28T20:15:12.455+0530][gc,start    ] GC(580) Pause Young (Normal) (G1 Evacuation Pause)
[2025-03-28T20:15:12.455+0530][gc,task     ] GC(580) Using 2 workers of 2 for evacuation
[2025-03-28T20:15:12.463+0530][gc,phases   ] GC(580)   Pre Evacuate Collection Set: 0.5ms
[2025-03-28T20:15:12.463+0530][gc,phases   ] GC(580)   Merge Heap Roots: 0.1ms
[2025-03-28T20:15:12.463+0530][gc,phases   ] GC(580)   Evacuate Collection Set: 6.8ms
[2025-03-28T20:15:12.463+0530][gc,phases   ] GC(580)   Post Evacuate Collection Set: 0.9ms
[2025-03-28T20:15:12.463+0530][gc,phases   ] GC(580)   Other: 0.2ms
[2025-03-28T20:15:12.463+0530][gc,heap     ] GC(580) Eden regions: 365->0(369)
[2025-03-28T20:15:12.463+0530][gc,heap     ] GC(580) Survivor regions: 1->5(46)
[2025-03-28T20:15:12.463+0530][gc,heap     ] GC(580) Old regions: 44->44
[2025-03-28T20:15:12.463+0530][gc,heap     ] GC(580) Archive regions: 2->2
[2025-03-28T20:15:12.463+0530][gc,heap     ] GC(580) Humongous regions: 153->147
[2025-03-28T20:15:12.463+0530][gc,metaspace] GC(580) Metaspace: 52904K(53568K)->52904K(53568K) NonClass: 47036K(47360K)->47036K(47360K) Class: 5867K(6208K)->5867K(6208K)
[2025-03-28T20:15:12.463+0530][gc          ] GC(580) Pause Young (Normal) (G1 Evacuation Pause) 563M->196M(1024M) 8.552ms
[2025-03-28T20:15:12.463+0530][gc,cpu      ] GC(580) User=0.01s Sys=0.00s Real=0.01s
[2025-03-28T20:15:18.599+0530][gc,start    ] GC(606) Pause Young (Normal) (G1 Evacuation Pause)
[2025-03-28T20:15:18.599+0530][gc,task     ] GC(606) Using 2 workers of 2 for evacuation
[2025-03-28T20:15:18.636+0530][gc,mmu      ] GC(606) MMU target violated: 21.0ms (20.0ms/21.0ms)
[2025-03-28T20:15:18.636+0530][gc,phases   ] GC(606)   Pre Evacuate Collection Set: 1.8ms
[2025-03-28T20:15:18.636+0530][gc,phases   ] GC(606)   Merge Heap Roots: 3.5ms
[2025-03-28T20:15:18.636+0530][gc,phases   ] GC(606)   Evacuate Collection Set: 23.1ms
[2025-03-28T20:15:18.636+0530][gc,phases   ] GC(606)   Post Evacuate Collection Set: 8.1ms
[2025-03-28T20:15:18.636+0530][gc,phases   ] GC(606)   Other: 0.3ms
[2025-03-28T20:15:18.636+0530][gc,heap     ] GC(606) Eden regions: 49->0(48)
[2025-03-28T20:15:18.636+0530][gc,heap     ] GC(606) Survivor regions: 2->3(7)
[2025-03-28T20:15:18.636+0530][gc,heap     ] GC(606) Old regions: 142->142
[2025-03-28T20:15:18.636+0530][gc,heap     ] GC(606) Archive regions: 2->2
[2025-03-28T20:15:18.636+0530][gc,heap     ] GC(606) Humongous regions: 149->147
[2025-03-28T20:15:18.636+0530][gc,metaspace] GC(606) Metaspace: 53066K(53760K)->53066K(53760K) NonClass: 47157K(47488K)->47157K(47488K) Class: 5908K(6272K)->5908K(6272K)
[2025-03-28T20:15:18.636+0530][gc          ] GC(606) Pause Young (Normal) (G1 Evacuation Pause) 342M->292M(1024M) 36.901ms
[2025-03-28T20:15:18.636+0530][gc,cpu      ] GC(606) User=0.02s Sys=0.00s Real=0.04s
[2025-03-28T20:15:18.833+0530][gc,start    ] GC(607) Pause Young (Normal) (G1 Evacuation Pause)
[2025-03-28T20:15:18.833+0530][gc,task     ] GC(607) Using 2 workers of 2 for evacuation
[2025-03-28T20:15:18.892+0530][gc,mmu      ] GC(607) MMU target violated: 21.0ms (20.0ms/21.0ms)
[2025-03-28T20:15:18.892+0530][gc,phases   ] GC(607)   Pre Evacuate Collection Set: 0.3ms
[2025-03-28T20:15:18.892+0530][gc,phases   ] GC(607)   Merge Heap Roots: 0.1ms
[2025-03-28T20:15:18.892+0530][gc,phases   ] GC(607)   Evacuate Collection Set: 56.7ms
[2025-03-28T20:15:18.892+0530][gc,phases   ] GC(607)   Post Evacuate Collection Set: 1.0ms
[2025-03-28T20:15:18.892+0530][gc,phases   ] GC(607)   Other: 0.9ms
[2025-03-28T20:15:18.892+0530][gc,heap     ] GC(607) Eden regions: 48->0(44)
[2025-03-28T20:15:18.892+0530][gc,heap     ] GC(607) Survivor regions: 3->7(7)
[2025-03-28T20:15:18.892+0530][gc,heap     ] GC(607) Old regions: 142->143
[2025-03-28T20:15:18.892+0530][gc,heap     ] GC(607) Archive regions: 2->2
[2025-03-28T20:15:18.892+0530][gc,heap     ] GC(607) Humongous regions: 147->147
[2025-03-28T20:15:18.892+0530][gc,metaspace] GC(607) Metaspace: 53066K(53760K)->53066K(53760K) NonClass: 47157K(47488K)->47157K(47488K) Class: 5908K(6272K)->5908K(6272K)
[2025-03-28T20:15:18.892+0530][gc          ] GC(607) Pause Young (Normal) (G1 Evacuation Pause) 340M->297M(1024M) 59.165ms
[2025-03-28T20:15:18.892+0530][gc,cpu      ] GC(607) User=0.02s Sys=0.00s Real=0.06s
[2025-03-28T20:15:19.608+0530][gc,start    ] GC(608) Pause Young (Normal) (G1 Evacuation Pause)
[2025-03-28T20:15:19.608+0530][gc,task     ] GC(608) Using 2 workers of 2 for evacuation
[2025-03-28T20:15:19.617+0530][gc,phases   ] GC(608)   Pre Evacuate Collection Set: 0.3ms
[2025-03-28T20:15:19.617+0530][gc,phases   ] GC(608)   Merge Heap Roots: 0.1ms
[2025-03-28T20:15:19.617+0530][gc,phases   ] GC(608)   Evacuate Collection Set: 4.3ms
[2025-03-28T20:15:19.617+0530][gc,phases   ] GC(608)   Post Evacuate Collection Set: 2.0ms
[2025-03-28T20:15:19.617+0530][gc,phases   ] GC(608)   Other: 2.6ms
[2025-03-28T20:15:19.617+0530][gc,heap     ] GC(608) Eden regions: 44->0(50)
[2025-03-28T20:15:19.617+0530][gc,heap     ] GC(608) Survivor regions: 7->1(7)
[2025-03-28T20:15:19.617+0530][gc,heap     ] GC(608) Old regions: 143->144
[2025-03-28T20:15:19.617+0530][gc,heap     ] GC(608) Archive regions: 2->2
[2025-03-28T20:15:19.617+0530][gc,heap     ] GC(608) Humongous regions: 149->147
[2025-03-28T20:15:19.617+0530][gc,metaspace] GC(608) Metaspace: 53066K(53760K)->53066K(53760K) NonClass: 47157K(47488K)->47157K(47488K) Class: 5908K(6272K)->5908K(6272K)
[2025-03-28T20:15:19.617+0530][gc          ] GC(608) Pause Young (Normal) (G1 Evacuation Pause) 343M->292M(1024M) 9.596ms
[2025-03-28T20:15:19.617+0530][gc,cpu      ] GC(608) User=0.00s Sys=0.00s Real=0.01s
[2025-03-28T20:15:19.697+0530][gc,start    ] GC(609) Pause Young (Normal) (G1 Evacuation Pause)
[2025-03-28T20:15:19.697+0530][gc,task     ] GC(609) Using 2 workers of 2 for evacuation
[2025-03-28T20:15:19.705+0530][gc,phases   ] GC(609)   Pre Evacuate Collection Set: 0.1ms
[2025-03-28T20:15:19.705+0530][gc,phases   ] GC(609)   Merge Heap Roots: 0.1ms
[2025-03-28T20:15:19.706+0530][gc,phases   ] GC(609)   Evacuate Collection Set: 7.5ms
[2025-03-28T20:15:19.706+0530][gc,phases   ] GC(609)   Post Evacuate Collection Set: 0.4ms
[2025-03-28T20:15:19.706+0530][gc,phases   ] GC(609)   Other: 0.1ms
[2025-03-28T20:15:19.706+0530][gc,heap     ] GC(609) Eden regions: 50->0(44)
[2025-03-28T20:15:19.706+0530][gc,heap     ] GC(609) Survivor regions: 1->7(7)
[2025-03-28T20:15:19.706+0530][gc,heap     ] GC(609) Old regions: 144->144
[2025-03-28T20:15:19.706+0530][gc,heap     ] GC(609) Archive regions: 2->2
[2025-03-28T20:15:19.706+0530][gc,heap     ] GC(609) Humongous regions: 147->147
[2025-03-28T20:15:19.706+0530][gc,metaspace] GC(609) Metaspace: 53066K(53760K)->53066K(53760K) NonClass: 47157K(47488K)->47157K(47488K) Class: 5908K(6272K)->5908K(6272K)
[2025-03-28T20:15:19.706+0530][gc          ] GC(609) Pause Young (Normal) (G1 Evacuation Pause) 342M->297M(1024M) 8.315ms
[2025-03-28T20:15:19.706+0530][gc,cpu      ] GC(609) User=0.01s Sys=0.00s Real=0.01s
[2025-03-28T20:15:19.838+0530][gc,start    ] GC(610) Pause Young (Normal) (G1 Evacuation Pause)
[2025-03-28T20:15:19.838+0530][gc,task     ] GC(610) Using 2 workers of 2 for evacuation
[2025-03-28T20:15:19.948+0530][gc,mmu      ] GC(610) MMU target violated: 21.0ms (20.0ms/21.0ms)
[2025-03-28T20:15:19.949+0530][gc,phases   ] GC(610)   Pre Evacuate Collection Set: 0.4ms
[2025-03-28T20:15:19.949+0530][gc,phases   ] GC(610)   Merge Heap Roots: 0.2ms
[2025-03-28T20:15:19.949+0530][gc,phases   ] GC(610)   Evacuate Collection Set: 108.9ms
[2025-03-28T20:15:19.949+0530][gc,phases   ] GC(610)   Post Evacuate Collection Set: 0.9ms
[2025-03-28T20:15:19.949+0530][gc,phases   ] GC(610)   Other: 0.4ms
[2025-03-28T20:15:19.949+0530][gc,heap     ] GC(610) Eden regions: 44->0(49)
[2025-03-28T20:15:19.949+0530][gc,heap     ] GC(610) Survivor regions: 7->2(7)
[2025-03-28T20:15:19.949+0530][gc,heap     ] GC(610) Old regions: 144->145
[2025-03-28T20:15:19.949+0530][gc,heap     ] GC(610) Archive regions: 2->2
[2025-03-28T20:15:19.949+0530][gc,heap     ] GC(610) Humongous regions: 149->149
[2025-03-28T20:15:19.949+0530][gc,metaspace] GC(610) Metaspace: 53066K(53760K)->53066K(53760K) NonClass: 47157K(47488K)->47157K(47488K) Class: 5908K(6272K)->5908K(6272K)
[2025-03-28T20:15:19.949+0530][gc          ] GC(610) Pause Young (Normal) (G1 Evacuation Pause) 343M->296M(1024M) 111.204ms
[2025-03-28T20:15:19.949+0530][gc,cpu      ] GC(610) User=0.02s Sys=0.01s Real=0.11s
[2025-03-28T20:15:23.694+0530][gc,start    ] GC(581) Pause Young (Normal) (G1 Evacuation Pause)
[2025-03-28T20:15:23.694+0530][gc,task     ] GC(581) Using 2 workers of 2 for evacuation
[2025-03-28T20:15:23.709+0530][gc,phases   ] GC(581)   Pre Evacuate Collection Set: 0.2ms
[2025-03-28T20:15:23.709+0530][gc,phases   ] GC(581)   Merge Heap Roots: 0.1ms
[2025-03-28T20:15:23.709+0530][gc,phases   ] GC(581)   Evacuate Collection Set: 13.2ms
[2025-03-28T20:15:23.709+0530][gc,phases   ] GC(581)   Post Evacuate Collection Set: 1.2ms
[2025-03-28T20:15:23.709+0530][gc,phases   ] GC(581)   Other: 0.3ms
[2025-03-28T20:15:23.709+0530][gc,heap     ] GC(581) Eden regions: 369->0(393)
[2025-03-28T20:15:23.709+0530][gc,heap     ] GC(581) Survivor regions: 5->4(47)
[2025-03-28T20:15:23.709+0530][gc,heap     ] GC(581) Old regions: 44->44
[2025-03-28T20:15:23.709+0530][gc,heap     ] GC(581) Archive regions: 2->2
[2025-03-28T20:15:23.709+0530][gc,heap     ] GC(581) Humongous regions: 155->149
[2025-03-28T20:15:23.709+0530][gc,metaspace] GC(581) Metaspace: 52904K(53568K)->52904K(53568K) NonClass: 47036K(47360K)->47036K(47360K) Class: 5867K(6208K)->5867K(6208K)
[2025-03-28T20:15:23.709+0530][gc          ] GC(581) Pause Young (Normal) (G1 Evacuation Pause) 573M->197M(1024M) 15.170ms
[2025-03-28T20:15:23.709+0530][gc,cpu      ] GC(581) User=0.02s Sys=0.00s Real=0.02s
[2025-03-28T20:15:28.601+0530][gc,start    ] GC(611) Pause Young (Normal) (G1 Evacuation Pause)
[2025-03-28T20:15:28.601+0530][gc,task     ] GC(611) Using 2 workers of 2 for evacuation
[2025-03-28T20:15:28.616+0530][gc,phases   ] GC(611)   Pre Evacuate Collection Set: 0.2ms
[2025-03-28T20:15:28.616+0530][gc,phases   ] GC(611)   Merge Heap Roots: 0.1ms
[2025-03-28T20:15:28.616+0530][gc,phases   ] GC(611)   Evacuate Collection Set: 11.0ms
[2025-03-28T20:15:28.616+0530][gc,phases   ] GC(611)   Post Evacuate Collection Set: 3.6ms
[2025-03-28T20:15:28.616+0530][gc,phases   ] GC(611)   Other: 0.1ms
[2025-03-28T20:15:28.616+0530][gc,heap     ] GC(611) Eden regions: 49->0(46)
[2025-03-28T20:15:28.616+0530][gc,heap     ] GC(611) Survivor regions: 2->5(7)
[2025-03-28T20:15:28.616+0530][gc,heap     ] GC(611) Old regions: 145->145
[2025-03-28T20:15:28.616+0530][gc,heap     ] GC(611) Archive regions: 2->2
[2025-03-28T20:15:28.616+0530][gc,heap     ] GC(611) Humongous regions: 149->147
[2025-03-28T20:15:28.616+0530][gc,metaspace] GC(611) Metaspace: 53066K(53760K)->53066K(53760K) NonClass: 47157K(47488K)->47157K(47488K) Class: 5908K(6272K)->5908K(6272K)
[2025-03-28T20:15:28.616+0530][gc          ] GC(611) Pause Young (Normal) (G1 Evacuation Pause) 345M->296M(1024M) 15.142ms
[2025-03-28T20:15:28.616+0530][gc,cpu      ] GC(611) User=0.01s Sys=0.00s Real=0.02s
[2025-03-28T20:15:28.735+0530][gc,start    ] GC(612) Pause Young (Normal) (G1 Evacuation Pause)
[2025-03-28T20:15:28.735+0530][gc,task     ] GC(612) Using 2 workers of 2 for evacuation
[2025-03-28T20:15:28.749+0530][gc,phases   ] GC(612)   Pre Evacuate Collection Set: 0.2ms
[2025-03-28T20:15:28.749+0530][gc,phases   ] GC(612)   Merge Heap Roots: 0.1ms
[2025-03-28T20:15:28.749+0530][gc,phases   ] GC(612)   Evacuate Collection Set: 10.0ms
[2025-03-28T20:15:28.749+0530][gc,phases   ] GC(612)   Post Evacuate Collection Set: 3.9ms
[2025-03-28T20:15:28.749+0530][gc,phases   ] GC(612)   Other: 0.2ms
[2025-03-28T20:15:28.749+0530][gc,heap     ] GC(612) Eden regions: 46->0(49)
[2025-03-28T20:15:28.749+0530][gc,heap     ] GC(612) Survivor regions: 5->2(7)
[2025-03-28T20:15:28.749+0530][gc,heap     ] GC(612) Old regions: 145->146
[2025-03-28T20:15:28.749+0530][gc,heap     ] GC(612) Archive regions: 2->2
[2025-03-28T20:15:28.749+0530][gc,heap     ] GC(612) Humongous regions: 149->149
[2025-03-28T20:15:28.749+0530][gc,metaspace] GC(612) Metaspace: 53066K(53760K)->53066K(53760K) NonClass: 47157K(47488K)->47157K(47488K) Class: 5908K(6272K)->5908K(6272K)
[2025-03-28T20:15:28.749+0530][gc          ] GC(612) Pause Young (Normal) (G1 Evacuation Pause) 344M->297M(1024M) 14.512ms
[2025-03-28T20:15:28.750+0530][gc,cpu      ] GC(612) User=0.01s Sys=0.00s Real=0.02s
[2025-03-28T20:15:29.719+0530][gc,start    ] GC(613) Pause Young (Normal) (G1 Evacuation Pause)
[2025-03-28T20:15:29.719+0530][gc,task     ] GC(613) Using 2 workers of 2 for evacuation
[2025-03-28T20:15:29.723+0530][gc,phases   ] GC(613)   Pre Evacuate Collection Set: 0.2ms
[2025-03-28T20:15:29.723+0530][gc,phases   ] GC(613)   Merge Heap Roots: 0.1ms
[2025-03-28T20:15:29.723+0530][gc,phases   ] GC(613)   Evacuate Collection Set: 3.5ms
[2025-03-28T20:15:29.723+0530][gc,phases   ] GC(613)   Post Evacuate Collection Set: 0.6ms
[2025-03-28T20:15:29.723+0530][gc,phases   ] GC(613)   Other: 0.2ms
[2025-03-28T20:15:29.724+0530][gc,heap     ] GC(613) Eden regions: 49->0(48)
[2025-03-28T20:15:29.724+0530][gc,heap     ] GC(613) Survivor regions: 2->3(7)
[2025-03-28T20:15:29.724+0530][gc,heap     ] GC(613) Old regions: 146->146
[2025-03-28T20:15:29.724+0530][gc,heap     ] GC(613) Archive regions: 2->2
[2025-03-28T20:15:29.724+0530][gc,heap     ] GC(613) Humongous regions: 149->147
[2025-03-28T20:15:29.724+0530][gc,metaspace] GC(613) Metaspace: 53066K(53760K)->53066K(53760K) NonClass: 47157K(47488K)->47157K(47488K) Class: 5908K(6272K)->5908K(6272K)
[2025-03-28T20:15:29.724+0530][gc          ] GC(613) Pause Young (Normal) (G1 Evacuation Pause) 346M->295M(1024M) 4.699ms
[2025-03-28T20:15:29.724+0530][gc,cpu      ] GC(613) User=0.01s Sys=0.01s Real=0.00s
[2025-03-28T20:15:29.815+0530][gc,start    ] GC(614) Pause Young (Normal) (G1 Evacuation Pause)
[2025-03-28T20:15:29.815+0530][gc,task     ] GC(614) Using 2 workers of 2 for evacuation
[2025-03-28T20:15:29.826+0530][gc,phases   ] GC(614)   Pre Evacuate Collection Set: 0.3ms
[2025-03-28T20:15:29.826+0530][gc,phases   ] GC(614)   Merge Heap Roots: 0.1ms
[2025-03-28T20:15:29.826+0530][gc,phases   ] GC(614)   Evacuate Collection Set: 9.8ms
[2025-03-28T20:15:29.826+0530][gc,phases   ] GC(614)   Post Evacuate Collection Set: 0.5ms
[2025-03-28T20:15:29.826+0530][gc,phases   ] GC(614)   Other: 0.1ms
[2025-03-28T20:15:29.826+0530][gc,heap     ] GC(614) Eden regions: 48->0(44)
[2025-03-28T20:15:29.826+0530][gc,heap     ] GC(614) Survivor regions: 3->7(7)
[2025-03-28T20:15:29.826+0530][gc,heap     ] GC(614) Old regions: 146->146
[2025-03-28T20:15:29.826+0530][gc,heap     ] GC(614) Archive regions: 2->2
[2025-03-28T20:15:29.826+0530][gc,heap     ] GC(614) Humongous regions: 147->147
[2025-03-28T20:15:29.826+0530][gc,metaspace] GC(614) Metaspace: 53066K(53760K)->53066K(53760K) NonClass: 47157K(47488K)->47157K(47488K) Class: 5908K(6272K)->5908K(6272K)
[2025-03-28T20:15:29.826+0530][gc          ] GC(614) Pause Young (Normal) (G1 Evacuation Pause) 343M->300M(1024M) 11.030ms
[2025-03-28T20:15:29.826+0530][gc,cpu      ] GC(614) User=0.02s Sys=0.00s Real=0.01s
[2025-03-28T20:15:34.624+0530][gc,start    ] GC(615) Pause Young (Normal) (G1 Evacuation Pause)
[2025-03-28T20:15:34.624+0530][gc,task     ] GC(615) Using 2 workers of 2 for evacuation
[2025-03-28T20:15:34.642+0530][gc,phases   ] GC(615)   Pre Evacuate Collection Set: 1.2ms
[2025-03-28T20:15:34.642+0530][gc,phases   ] GC(615)   Merge Heap Roots: 0.8ms
[2025-03-28T20:15:34.642+0530][gc,phases   ] GC(615)   Evacuate Collection Set: 13.1ms
[2025-03-28T20:15:34.642+0530][gc,phases   ] GC(615)   Post Evacuate Collection Set: 2.4ms
[2025-03-28T20:15:34.642+0530][gc,phases   ] GC(615)   Other: 0.4ms
[2025-03-28T20:15:34.642+0530][gc,heap     ] GC(615) Eden regions: 44->0(50)
[2025-03-28T20:15:34.642+0530][gc,heap     ] GC(615) Survivor regions: 7->1(7)
[2025-03-28T20:15:34.642+0530][gc,heap     ] GC(615) Old regions: 146->147
[2025-03-28T20:15:34.642+0530][gc,heap     ] GC(615) Archive regions: 2->2
[2025-03-28T20:15:34.642+0530][gc,heap     ] GC(615) Humongous regions: 149->147
[2025-03-28T20:15:34.642+0530][gc,metaspace] GC(615) Metaspace: 53067K(53760K)->53067K(53760K) NonClass: 47159K(47488K)->47159K(47488K) Class: 5908K(6272K)->5908K(6272K)
[2025-03-28T20:15:34.642+0530][gc          ] GC(615) Pause Young (Normal) (G1 Evacuation Pause) 346M->294M(1024M) 18.012ms
[2025-03-28T20:15:34.642+0530][gc,cpu      ] GC(615) User=0.02s Sys=0.00s Real=0.02s
[2025-03-28T20:15:38.557+0530][gc,start    ] GC(616) Pause Young (Normal) (G1 Evacuation Pause)
[2025-03-28T20:15:38.557+0530][gc,task     ] GC(616) Using 2 workers of 2 for evacuation
[2025-03-28T20:15:38.564+0530][gc,phases   ] GC(616)   Pre Evacuate Collection Set: 0.2ms
[2025-03-28T20:15:38.564+0530][gc,phases   ] GC(616)   Merge Heap Roots: 0.1ms
[2025-03-28T20:15:38.564+0530][gc,phases   ] GC(616)   Evacuate Collection Set: 6.2ms
[2025-03-28T20:15:38.564+0530][gc,phases   ] GC(616)   Post Evacuate Collection Set: 0.4ms
[2025-03-28T20:15:38.564+0530][gc,phases   ] GC(616)   Other: 0.2ms
[2025-03-28T20:15:38.564+0530][gc,heap     ] GC(616) Eden regions: 50->0(44)
[2025-03-28T20:15:38.564+0530][gc,heap     ] GC(616) Survivor regions: 1->7(7)
[2025-03-28T20:15:38.564+0530][gc,heap     ] GC(616) Old regions: 147->147
[2025-03-28T20:15:38.564+0530][gc,heap     ] GC(616) Archive regions: 2->2
[2025-03-28T20:15:38.564+0530][gc,heap     ] GC(616) Humongous regions: 147->147
[2025-03-28T20:15:38.564+0530][gc,metaspace] GC(616) Metaspace: 53067K(53760K)->53067K(53760K) NonClass: 47159K(47488K)->47159K(47488K) Class: 5908K(6272K)->5908K(6272K)
[2025-03-28T20:15:38.564+0530][gc          ] GC(616) Pause Young (Normal) (G1 Evacuation Pause) 344M->300M(1024M) 7.227ms
[2025-03-28T20:15:38.564+0530][gc,cpu      ] GC(616) User=0.01s Sys=0.00s Real=0.00s
[2025-03-28T20:15:38.642+0530][gc,start    ] GC(617) Pause Young (Normal) (G1 Evacuation Pause)
[2025-03-28T20:15:38.642+0530][gc,task     ] GC(617) Using 2 workers of 2 for evacuation
[2025-03-28T20:15:38.654+0530][gc,phases   ] GC(617)   Pre Evacuate Collection Set: 0.2ms
[2025-03-28T20:15:38.654+0530][gc,phases   ] GC(617)   Merge Heap Roots: 0.1ms
[2025-03-28T20:15:38.654+0530][gc,phases   ] GC(617)   Evacuate Collection Set: 11.3ms
[2025-03-28T20:15:38.654+0530][gc,phases   ] GC(617)   Post Evacuate Collection Set: 0.5ms
[2025-03-28T20:15:38.654+0530][gc,phases   ] GC(617)   Other: 0.2ms
[2025-03-28T20:15:38.654+0530][gc,heap     ] GC(617) Eden regions: 44->0(49)
[2025-03-28T20:15:38.654+0530][gc,heap     ] GC(617) Survivor regions: 7->2(7)
[2025-03-28T20:15:38.654+0530][gc,heap     ] GC(617) Old regions: 147->148
[2025-03-28T20:15:38.654+0530][gc,heap     ] GC(617) Archive regions: 2->2
[2025-03-28T20:15:38.654+0530][gc,heap     ] GC(617) Humongous regions: 149->149
[2025-03-28T20:15:38.654+0530][gc,metaspace] GC(617) Metaspace: 53067K(53760K)->53067K(53760K) NonClass: 47159K(47488K)->47159K(47488K) Class: 5908K(6272K)->5908K(6272K)
[2025-03-28T20:15:38.654+0530][gc          ] GC(617) Pause Young (Normal) (G1 Evacuation Pause) 346M->299M(1024M) 12.345ms
[2025-03-28T20:15:38.655+0530][gc,cpu      ] GC(617) User=0.02s Sys=0.00s Real=0.01s
[2025-03-28T20:15:39.692+0530][gc,start    ] GC(618) Pause Young (Normal) (G1 Evacuation Pause)
[2025-03-28T20:15:39.692+0530][gc,task     ] GC(618) Using 2 workers of 2 for evacuation
[2025-03-28T20:15:39.699+0530][gc,phases   ] GC(618)   Pre Evacuate Collection Set: 0.2ms
[2025-03-28T20:15:39.699+0530][gc,phases   ] GC(618)   Merge Heap Roots: 0.1ms
[2025-03-28T20:15:39.699+0530][gc,phases   ] GC(618)   Evacuate Collection Set: 5.5ms
[2025-03-28T20:15:39.699+0530][gc,phases   ] GC(618)   Post Evacuate Collection Set: 1.2ms
[2025-03-28T20:15:39.699+0530][gc,phases   ] GC(618)   Other: 0.2ms
[2025-03-28T20:15:39.699+0530][gc,heap     ] GC(618) Eden regions: 49->0(47)
[2025-03-28T20:15:39.699+0530][gc,heap     ] GC(618) Survivor regions: 2->4(7)
[2025-03-28T20:15:39.699+0530][gc,heap     ] GC(618) Old regions: 148->148
[2025-03-28T20:15:39.699+0530][gc,heap     ] GC(618) Archive regions: 2->2
[2025-03-28T20:15:39.699+0530][gc,heap     ] GC(618) Humongous regions: 149->147
[2025-03-28T20:15:39.699+0530][gc,metaspace] GC(618) Metaspace: 53067K(53760K)->53067K(53760K) NonClass: 47159K(47488K)->47159K(47488K) Class: 5908K(6272K)->5908K(6272K)
[2025-03-28T20:15:39.699+0530][gc          ] GC(618) Pause Young (Normal) (G1 Evacuation Pause) 348M->299M(1024M) 7.383ms
[2025-03-28T20:15:39.699+0530][gc,cpu      ] GC(618) User=0.01s Sys=0.00s Real=0.01s
[2025-03-28T20:15:39.781+0530][gc,start    ] GC(619) Pause Young (Normal) (G1 Evacuation Pause)
[2025-03-28T20:15:39.781+0530][gc,task     ] GC(619) Using 2 workers of 2 for evacuation
[2025-03-28T20:15:39.785+0530][gc,phases   ] GC(619)   Pre Evacuate Collection Set: 0.2ms
[2025-03-28T20:15:39.785+0530][gc,phases   ] GC(619)   Merge Heap Roots: 0.1ms
[2025-03-28T20:15:39.785+0530][gc,phases   ] GC(619)   Evacuate Collection Set: 3.7ms
[2025-03-28T20:15:39.785+0530][gc,phases   ] GC(619)   Post Evacuate Collection Set: 0.4ms
[2025-03-28T20:15:39.785+0530][gc,phases   ] GC(619)   Other: 0.2ms
[2025-03-28T20:15:39.785+0530][gc,heap     ] GC(619) Eden regions: 47->0(49)
[2025-03-28T20:15:39.785+0530][gc,heap     ] GC(619) Survivor regions: 4->2(7)
[2025-03-28T20:15:39.785+0530][gc,heap     ] GC(619) Old regions: 148->149
[2025-03-28T20:15:39.785+0530][gc,heap     ] GC(619) Archive regions: 2->2
[2025-03-28T20:15:39.785+0530][gc,heap     ] GC(619) Humongous regions: 149->149
[2025-03-28T20:15:39.785+0530][gc,metaspace] GC(619) Metaspace: 53067K(53760K)->53067K(53760K) NonClass: 47159K(47488K)->47159K(47488K) Class: 5908K(6272K)->5908K(6272K)
[2025-03-28T20:15:39.785+0530][gc          ] GC(619) Pause Young (Normal) (G1 Evacuation Pause) 348M->299M(1024M) 4.694ms
[2025-03-28T20:15:39.785+0530][gc,cpu      ] GC(619) User=0.01s Sys=0.00s Real=0.01s
[2025-03-28T20:15:43.522+0530][gc,start    ] GC(582) Pause Young (Normal) (G1 Evacuation Pause)
[2025-03-28T20:15:43.522+0530][gc,task     ] GC(582) Using 2 workers of 2 for evacuation
[2025-03-28T20:15:43.538+0530][gc,phases   ] GC(582)   Pre Evacuate Collection Set: 0.4ms
[2025-03-28T20:15:43.538+0530][gc,phases   ] GC(582)   Merge Heap Roots: 0.2ms
[2025-03-28T20:15:43.538+0530][gc,phases   ] GC(582)   Evacuate Collection Set: 14.2ms
[2025-03-28T20:15:43.538+0530][gc,phases   ] GC(582)   Post Evacuate Collection Set: 0.9ms
[2025-03-28T20:15:43.538+0530][gc,phases   ] GC(582)   Other: 0.1ms
[2025-03-28T20:15:43.538+0530][gc,heap     ] GC(582) Eden regions: 393->0(368)
[2025-03-28T20:15:43.538+0530][gc,heap     ] GC(582) Survivor regions: 4->6(50)
[2025-03-28T20:15:43.538+0530][gc,heap     ] GC(582) Old regions: 44->44
[2025-03-28T20:15:43.538+0530][gc,heap     ] GC(582) Archive regions: 2->2
[2025-03-28T20:15:43.538+0530][gc,heap     ] GC(582) Humongous regions: 155->147
[2025-03-28T20:15:43.538+0530][gc,metaspace] GC(582) Metaspace: 52904K(53568K)->52904K(53568K) NonClass: 47036K(47360K)->47036K(47360K) Class: 5867K(6208K)->5867K(6208K)
[2025-03-28T20:15:43.538+0530][gc          ] GC(582) Pause Young (Normal) (G1 Evacuation Pause) 596M->197M(1024M) 16.019ms
[2025-03-28T20:15:43.538+0530][gc,cpu      ] GC(582) User=0.01s Sys=0.01s Real=0.02s
[2025-03-28T20:15:48.544+0530][gc,start    ] GC(620) Pause Young (Normal) (G1 Evacuation Pause)
[2025-03-28T20:15:48.544+0530][gc,task     ] GC(620) Using 2 workers of 2 for evacuation
[2025-03-28T20:15:48.549+0530][gc,phases   ] GC(620)   Pre Evacuate Collection Set: 0.2ms
[2025-03-28T20:15:48.549+0530][gc,phases   ] GC(620)   Merge Heap Roots: 0.1ms
[2025-03-28T20:15:48.549+0530][gc,phases   ] GC(620)   Evacuate Collection Set: 3.7ms
[2025-03-28T20:15:48.549+0530][gc,phases   ] GC(620)   Post Evacuate Collection Set: 0.5ms
[2025-03-28T20:15:48.549+0530][gc,phases   ] GC(620)   Other: 0.1ms
[2025-03-28T20:15:48.549+0530][gc,heap     ] GC(620) Eden regions: 49->0(48)
[2025-03-28T20:15:48.549+0530][gc,heap     ] GC(620) Survivor regions: 2->3(7)
[2025-03-28T20:15:48.549+0530][gc,heap     ] GC(620) Old regions: 149->149
[2025-03-28T20:15:48.549+0530][gc,heap     ] GC(620) Archive regions: 2->2
[2025-03-28T20:15:48.549+0530][gc,heap     ] GC(620) Humongous regions: 149->147
[2025-03-28T20:15:48.549+0530][gc,metaspace] GC(620) Metaspace: 53067K(53760K)->53067K(53760K) NonClass: 47159K(47488K)->47159K(47488K) Class: 5908K(6272K)->5908K(6272K)
[2025-03-28T20:15:48.549+0530][gc          ] GC(620) Pause Young (Normal) (G1 Evacuation Pause) 348M->298M(1024M) 4.578ms
[2025-03-28T20:15:48.549+0530][gc,cpu      ] GC(620) User=0.01s Sys=0.00s Real=0.00s
[2025-03-28T20:15:48.625+0530][gc,start    ] GC(621) Pause Young (Normal) (G1 Evacuation Pause)
[2025-03-28T20:15:48.626+0530][gc,task     ] GC(621) Using 2 workers of 2 for evacuation
[2025-03-28T20:15:48.659+0530][gc,mmu      ] GC(621) MMU target violated: 21.0ms (20.0ms/21.0ms)
[2025-03-28T20:15:48.659+0530][gc,phases   ] GC(621)   Pre Evacuate Collection Set: 0.2ms
[2025-03-28T20:15:48.659+0530][gc,phases   ] GC(621)   Merge Heap Roots: 0.1ms
[2025-03-28T20:15:48.659+0530][gc,phases   ] GC(621)   Evacuate Collection Set: 27.3ms
[2025-03-28T20:15:48.659+0530][gc,phases   ] GC(621)   Post Evacuate Collection Set: 5.4ms
[2025-03-28T20:15:48.659+0530][gc,phases   ] GC(621)   Other: 0.2ms
[2025-03-28T20:15:48.659+0530][gc,heap     ] GC(621) Eden regions: 48->0(44)
[2025-03-28T20:15:48.659+0530][gc,heap     ] GC(621) Survivor regions: 3->7(7)
[2025-03-28T20:15:48.659+0530][gc,heap     ] GC(621) Old regions: 149->150
[2025-03-28T20:15:48.659+0530][gc,heap     ] GC(621) Archive regions: 2->2
[2025-03-28T20:15:48.659+0530][gc,heap     ] GC(621) Humongous regions: 147->147
[2025-03-28T20:15:48.659+0530][gc,metaspace] GC(621) Metaspace: 53067K(53760K)->53067K(53760K) NonClass: 47159K(47488K)->47159K(47488K) Class: 5908K(6272K)->5908K(6272K)
[2025-03-28T20:15:48.659+0530][gc          ] GC(621) Pause Young (Normal) (G1 Evacuation Pause) 346M->304M(1024M) 33.226ms
[2025-03-28T20:15:48.659+0530][gc,cpu      ] GC(621) User=0.03s Sys=0.00s Real=0.05s
[2025-03-28T20:15:49.684+0530][gc,start    ] GC(622) Pause Young (Normal) (G1 Evacuation Pause)
[2025-03-28T20:15:49.684+0530][gc,task     ] GC(622) Using 2 workers of 2 for evacuation
[2025-03-28T20:15:49.711+0530][gc,mmu      ] GC(622) MMU target violated: 21.0ms (20.0ms/21.0ms)
[2025-03-28T20:15:49.711+0530][gc,phases   ] GC(622)   Pre Evacuate Collection Set: 1.7ms
[2025-03-28T20:15:49.711+0530][gc,phases   ] GC(622)   Merge Heap Roots: 0.5ms
[2025-03-28T20:15:49.711+0530][gc,phases   ] GC(622)   Evacuate Collection Set: 16.4ms
[2025-03-28T20:15:49.711+0530][gc,phases   ] GC(622)   Post Evacuate Collection Set: 8.5ms
[2025-03-28T20:15:49.711+0530][gc,phases   ] GC(622)   Other: 0.5ms
[2025-03-28T20:15:49.711+0530][gc,heap     ] GC(622) Eden regions: 44->0(50)
[2025-03-28T20:15:49.711+0530][gc,heap     ] GC(622) Survivor regions: 7->1(7)
[2025-03-28T20:15:49.711+0530][gc,heap     ] GC(622) Old regions: 150->150
[2025-03-28T20:15:49.711+0530][gc,heap     ] GC(622) Archive regions: 2->2
[2025-03-28T20:15:49.711+0530][gc,heap     ] GC(622) Humongous regions: 149->147
[2025-03-28T20:15:49.711+0530][gc,metaspace] GC(622) Metaspace: 53067K(53760K)->53067K(53760K) NonClass: 47159K(47488K)->47159K(47488K) Class: 5908K(6272K)->5908K(6272K)
[2025-03-28T20:15:49.711+0530][gc          ] GC(622) Pause Young (Normal) (G1 Evacuation Pause) 350M->298M(1024M) 27.723ms
[2025-03-28T20:15:49.711+0530][gc,cpu      ] GC(622) User=0.04s Sys=0.00s Real=0.03s
[2025-03-28T20:15:49.779+0530][gc,start    ] GC(623) Pause Young (Normal) (G1 Evacuation Pause)
[2025-03-28T20:15:49.779+0530][gc,task     ] GC(623) Using 2 workers of 2 for evacuation
[2025-03-28T20:15:49.787+0530][gc,phases   ] GC(623)   Pre Evacuate Collection Set: 0.3ms
[2025-03-28T20:15:49.787+0530][gc,phases   ] GC(623)   Merge Heap Roots: 0.1ms
[2025-03-28T20:15:49.787+0530][gc,phases   ] GC(623)   Evacuate Collection Set: 6.3ms
[2025-03-28T20:15:49.787+0530][gc,phases   ] GC(623)   Post Evacuate Collection Set: 0.5ms
[2025-03-28T20:15:49.787+0530][gc,phases   ] GC(623)   Other: 0.2ms
[2025-03-28T20:15:49.787+0530][gc,heap     ] GC(623) Eden regions: 50->0(44)
[2025-03-28T20:15:49.787+0530][gc,heap     ] GC(623) Survivor regions: 1->7(7)
[2025-03-28T20:15:49.787+0530][gc,heap     ] GC(623) Old regions: 150->150
[2025-03-28T20:15:49.787+0530][gc,heap     ] GC(623) Archive regions: 2->2
[2025-03-28T20:15:49.787+0530][gc,heap     ] GC(623) Humongous regions: 147->147
[2025-03-28T20:15:49.787+0530][gc,metaspace] GC(623) Metaspace: 53067K(53760K)->53067K(53760K) NonClass: 47159K(47488K)->47159K(47488K) Class: 5908K(6272K)->5908K(6272K)
[2025-03-28T20:15:49.787+0530][gc          ] GC(623) Pause Young (Normal) (G1 Evacuation Pause) 348M->303M(1024M) 7.424ms
[2025-03-28T20:15:49.787+0530][gc,cpu      ] GC(623) User=0.01s Sys=0.00s Real=0.01s
[2025-03-28T20:15:49.864+0530][gc,start    ] GC(624) Pause Young (Normal) (G1 Evacuation Pause)
[2025-03-28T20:15:49.864+0530][gc,task     ] GC(624) Using 2 workers of 2 for evacuation
[2025-03-28T20:15:49.869+0530][gc,phases   ] GC(624)   Pre Evacuate Collection Set: 0.2ms
[2025-03-28T20:15:49.869+0530][gc,phases   ] GC(624)   Merge Heap Roots: 0.1ms
[2025-03-28T20:15:49.869+0530][gc,phases   ] GC(624)   Evacuate Collection Set: 4.6ms
[2025-03-28T20:15:49.869+0530][gc,phases   ] GC(624)   Post Evacuate Collection Set: 0.6ms
[2025-03-28T20:15:49.869+0530][gc,phases   ] GC(624)   Other: 0.2ms
[2025-03-28T20:15:49.869+0530][gc,heap     ] GC(624) Eden regions: 44->0(49)
[2025-03-28T20:15:49.869+0530][gc,heap     ] GC(624) Survivor regions: 7->2(7)
[2025-03-28T20:15:49.869+0530][gc,heap     ] GC(624) Old regions: 150->151
[2025-03-28T20:15:49.869+0530][gc,heap     ] GC(624) Archive regions: 2->2
[2025-03-28T20:15:49.869+0530][gc,heap     ] GC(624) Humongous regions: 149->149
[2025-03-28T20:15:49.869+0530][gc,metaspace] GC(624) Metaspace: 53067K(53760K)->53067K(53760K) NonClass: 47159K(47488K)->47159K(47488K) Class: 5908K(6272K)->5908K(6272K)
[2025-03-28T20:15:49.869+0530][gc          ] GC(624) Pause Young (Normal) (G1 Evacuation Pause) 349M->302M(1024M) 5.715ms
[2025-03-28T20:15:49.870+0530][gc,cpu      ] GC(624) User=0.01s Sys=0.00s Real=0.01s
[2025-03-28T20:15:58.700+0530][gc,start    ] GC(625) Pause Young (Normal) (G1 Evacuation Pause)
[2025-03-28T20:15:58.700+0530][gc,task     ] GC(625) Using 2 workers of 2 for evacuation
[2025-03-28T20:15:58.721+0530][gc,mmu      ] GC(625) MMU target violated: 20.4ms (20.0ms/21.0ms)
[2025-03-28T20:15:58.721+0530][gc,phases   ] GC(625)   Pre Evacuate Collection Set: 0.2ms
[2025-03-28T20:15:58.721+0530][gc,phases   ] GC(625)   Merge Heap Roots: 0.1ms
[2025-03-28T20:15:58.721+0530][gc,phases   ] GC(625)   Evacuate Collection Set: 19.8ms
[2025-03-28T20:15:58.721+0530][gc,phases   ] GC(625)   Post Evacuate Collection Set: 0.4ms
[2025-03-28T20:15:58.721+0530][gc,phases   ] GC(625)   Other: 0.2ms
[2025-03-28T20:15:58.721+0530][gc,heap     ] GC(625) Eden regions: 49->0(47)
[2025-03-28T20:15:58.721+0530][gc,heap     ] GC(625) Survivor regions: 2->4(7)
[2025-03-28T20:15:58.721+0530][gc,heap     ] GC(625) Old regions: 151->151
[2025-03-28T20:15:58.721+0530][gc,heap     ] GC(625) Archive regions: 2->2
[2025-03-28T20:15:58.721+0530][gc,heap     ] GC(625) Humongous regions: 149->147
[2025-03-28T20:15:58.721+0530][gc,metaspace] GC(625) Metaspace: 53067K(53760K)->53067K(53760K) NonClass: 47159K(47488K)->47159K(47488K) Class: 5908K(6272K)->5908K(6272K)
[2025-03-28T20:15:58.721+0530][gc          ] GC(625) Pause Young (Normal) (G1 Evacuation Pause) 351M->302M(1024M) 20.717ms
[2025-03-28T20:15:58.721+0530][gc,cpu      ] GC(625) User=0.02s Sys=0.01s Real=0.03s
[2025-03-28T20:15:58.819+0530][gc,start    ] GC(626) Pause Young (Normal) (G1 Evacuation Pause)
[2025-03-28T20:15:58.819+0530][gc,task     ] GC(626) Using 2 workers of 2 for evacuation
[2025-03-28T20:15:58.826+0530][gc,phases   ] GC(626)   Pre Evacuate Collection Set: 0.4ms
[2025-03-28T20:15:58.826+0530][gc,phases   ] GC(626)   Merge Heap Roots: 0.1ms
[2025-03-28T20:15:58.826+0530][gc,phases   ] GC(626)   Evacuate Collection Set: 5.4ms
[2025-03-28T20:15:58.826+0530][gc,phases   ] GC(626)   Post Evacuate Collection Set: 0.5ms
[2025-03-28T20:15:58.826+0530][gc,phases   ] GC(626)   Other: 0.2ms
[2025-03-28T20:15:58.826+0530][gc,heap     ] GC(626) Eden regions: 47->0(50)
[2025-03-28T20:15:58.826+0530][gc,heap     ] GC(626) Survivor regions: 4->2(7)
[2025-03-28T20:15:58.826+0530][gc,heap     ] GC(626) Old regions: 151->152
[2025-03-28T20:15:58.826+0530][gc,heap     ] GC(626) Archive regions: 2->2
[2025-03-28T20:15:58.826+0530][gc,heap     ] GC(626) Humongous regions: 149->149
[2025-03-28T20:15:58.826+0530][gc,metaspace] GC(626) Metaspace: 53067K(53760K)->53067K(53760K) NonClass: 47159K(47488K)->47159K(47488K) Class: 5908K(6272K)->5908K(6272K)
[2025-03-28T20:15:58.826+0530][gc          ] GC(626) Pause Young (Normal) (G1 Evacuation Pause) 351M->303M(1024M) 6.676ms
[2025-03-28T20:15:58.826+0530][gc,cpu      ] GC(626) User=0.01s Sys=0.00s Real=0.03s
[2025-03-28T20:15:59.689+0530][gc,start    ] GC(627) Pause Young (Normal) (G1 Evacuation Pause)
[2025-03-28T20:15:59.689+0530][gc,task     ] GC(627) Using 2 workers of 2 for evacuation
[2025-03-28T20:15:59.696+0530][gc,phases   ] GC(627)   Pre Evacuate Collection Set: 0.7ms
[2025-03-28T20:15:59.696+0530][gc,phases   ] GC(627)   Merge Heap Roots: 0.1ms
[2025-03-28T20:15:59.696+0530][gc,phases   ] GC(627)   Evacuate Collection Set: 4.7ms
[2025-03-28T20:15:59.696+0530][gc,phases   ] GC(627)   Post Evacuate Collection Set: 1.2ms
[2025-03-28T20:15:59.696+0530][gc,phases   ] GC(627)   Other: 0.2ms
[2025-03-28T20:15:59.696+0530][gc,heap     ] GC(627) Eden regions: 50->0(72)
[2025-03-28T20:15:59.696+0530][gc,heap     ] GC(627) Survivor regions: 2->3(7)
[2025-03-28T20:15:59.696+0530][gc,heap     ] GC(627) Old regions: 152->152
[2025-03-28T20:15:59.696+0530][gc,heap     ] GC(627) Archive regions: 2->2
[2025-03-28T20:15:59.696+0530][gc,heap     ] GC(627) Humongous regions: 149->147
[2025-03-28T20:15:59.696+0530][gc,metaspace] GC(627) Metaspace: 53067K(53760K)->53067K(53760K) NonClass: 47159K(47488K)->47159K(47488K) Class: 5908K(6272K)->5908K(6272K)
[2025-03-28T20:15:59.696+0530][gc          ] GC(627) Pause Young (Normal) (G1 Evacuation Pause) 353M->302M(1024M) 7.258ms
[2025-03-28T20:15:59.696+0530][gc,cpu      ] GC(627) User=0.01s Sys=0.00s Real=0.02s
[2025-03-28T20:15:59.813+0530][gc,start    ] GC(628) Pause Young (Normal) (G1 Evacuation Pause)
[2025-03-28T20:15:59.813+0530][gc,task     ] GC(628) Using 2 workers of 2 for evacuation
[2025-03-28T20:15:59.818+0530][gc,phases   ] GC(628)   Pre Evacuate Collection Set: 0.2ms
[2025-03-28T20:15:59.818+0530][gc,phases   ] GC(628)   Merge Heap Roots: 0.1ms
[2025-03-28T20:15:59.818+0530][gc,phases   ] GC(628)   Evacuate Collection Set: 3.9ms
[2025-03-28T20:15:59.818+0530][gc,phases   ] GC(628)   Post Evacuate Collection Set: 0.5ms
[2025-03-28T20:15:59.818+0530][gc,phases   ] GC(628)   Other: 0.2ms
[2025-03-28T20:15:59.818+0530][gc,heap     ] GC(628) Eden regions: 72->0(113)
[2025-03-28T20:15:59.818+0530][gc,heap     ] GC(628) Survivor regions: 3->3(10)
[2025-03-28T20:15:59.818+0530][gc,heap     ] GC(628) Old regions: 152->152
[2025-03-28T20:15:59.818+0530][gc,heap     ] GC(628) Archive regions: 2->2
[2025-03-28T20:15:59.818+0530][gc,heap     ] GC(628) Humongous regions: 149->149
[2025-03-28T20:15:59.818+0530][gc,metaspace] GC(628) Metaspace: 53067K(53760K)->53067K(53760K) NonClass: 47159K(47488K)->47159K(47488K) Class: 5908K(6272K)->5908K(6272K)
[2025-03-28T20:15:59.818+0530][gc          ] GC(628) Pause Young (Normal) (G1 Evacuation Pause) 376M->304M(1024M) 4.897ms
[2025-03-28T20:15:59.818+0530][gc,cpu      ] GC(628) User=0.00s Sys=0.00s Real=0.01s
[2025-03-28T20:16:02.550+0530][gc,start    ] GC(583) Pause Young (Normal) (G1 Evacuation Pause)
[2025-03-28T20:16:02.550+0530][gc,task     ] GC(583) Using 2 workers of 2 for evacuation
[2025-03-28T20:16:02.568+0530][gc,phases   ] GC(583)   Pre Evacuate Collection Set: 0.7ms
[2025-03-28T20:16:02.568+0530][gc,phases   ] GC(583)   Merge Heap Roots: 0.3ms
[2025-03-28T20:16:02.568+0530][gc,phases   ] GC(583)   Evacuate Collection Set: 15.9ms
[2025-03-28T20:16:02.568+0530][gc,phases   ] GC(583)   Post Evacuate Collection Set: 0.7ms
[2025-03-28T20:16:02.568+0530][gc,phases   ] GC(583)   Other: 0.1ms
[2025-03-28T20:16:02.568+0530][gc,heap     ] GC(583) Eden regions: 368->0(455)
[2025-03-28T20:16:02.568+0530][gc,heap     ] GC(583) Survivor regions: 6->4(47)
[2025-03-28T20:16:02.568+0530][gc,heap     ] GC(583) Old regions: 44->44
[2025-03-28T20:16:02.568+0530][gc,heap     ] GC(583) Archive regions: 2->2
[2025-03-28T20:16:02.568+0530][gc,heap     ] GC(583) Humongous regions: 155->149
[2025-03-28T20:16:02.568+0530][gc,metaspace] GC(583) Metaspace: 52904K(53568K)->52904K(53568K) NonClass: 47036K(47360K)->47036K(47360K) Class: 5867K(6208K)->5867K(6208K)
[2025-03-28T20:16:02.568+0530][gc          ] GC(583) Pause Young (Normal) (G1 Evacuation Pause) 573M->197M(1024M) 17.814ms
[2025-03-28T20:16:02.568+0530][gc,cpu      ] GC(583) User=0.02s Sys=0.00s Real=0.03s
[2025-03-28T20:16:08.825+0530][gc,start    ] GC(629) Pause Young (Normal) (G1 Evacuation Pause)
[2025-03-28T20:16:08.825+0530][gc,task     ] GC(629) Using 2 workers of 2 for evacuation
[2025-03-28T20:16:08.835+0530][gc,phases   ] GC(629)   Pre Evacuate Collection Set: 0.2ms
[2025-03-28T20:16:08.835+0530][gc,phases   ] GC(629)   Merge Heap Roots: 0.1ms
[2025-03-28T20:16:08.835+0530][gc,phases   ] GC(629)   Evacuate Collection Set: 8.4ms
[2025-03-28T20:16:08.835+0530][gc,phases   ] GC(629)   Post Evacuate Collection Set: 0.7ms
[2025-03-28T20:16:08.835+0530][gc,phases   ] GC(629)   Other: 0.2ms
[2025-03-28T20:16:08.835+0530][gc,heap     ] GC(629) Eden regions: 113->0(139)
[2025-03-28T20:16:08.835+0530][gc,heap     ] GC(629) Survivor regions: 3->3(15)
[2025-03-28T20:16:08.835+0530][gc,heap     ] GC(629) Old regions: 152->152
[2025-03-28T20:16:08.835+0530][gc,heap     ] GC(629) Archive regions: 2->2
[2025-03-28T20:16:08.835+0530][gc,heap     ] GC(629) Humongous regions: 151->149
[2025-03-28T20:16:08.835+0530][gc,metaspace] GC(629) Metaspace: 53068K(53760K)->53068K(53760K) NonClass: 47159K(47488K)->47159K(47488K) Class: 5908K(6272K)->5908K(6272K)
[2025-03-28T20:16:08.835+0530][gc          ] GC(629) Pause Young (Normal) (G1 Evacuation Pause) 419M->304M(1024M) 9.736ms
[2025-03-28T20:16:08.835+0530][gc,cpu      ] GC(629) User=0.02s Sys=0.00s Real=0.00s
[2025-03-28T20:16:12.739+0530][gc,start    ] GC(584) Pause Young (Concurrent Start) (G1 Humongous Allocation)
[2025-03-28T20:16:12.739+0530][gc,task     ] GC(584) Using 2 workers of 2 for evacuation
[2025-03-28T20:16:12.750+0530][gc,phases   ] GC(584)   Pre Evacuate Collection Set: 0.3ms
[2025-03-28T20:16:12.750+0530][gc,phases   ] GC(584)   Merge Heap Roots: 0.1ms
[2025-03-28T20:16:12.750+0530][gc,phases   ] GC(584)   Evacuate Collection Set: 10.4ms
[2025-03-28T20:16:12.750+0530][gc,phases   ] GC(584)   Post Evacuate Collection Set: 0.7ms
[2025-03-28T20:16:12.750+0530][gc,phases   ] GC(584)   Other: 0.3ms
[2025-03-28T20:16:12.750+0530][gc,heap     ] GC(584) Eden regions: 209->0(576)
[2025-03-28T20:16:12.750+0530][gc,heap     ] GC(584) Survivor regions: 4->4(58)
[2025-03-28T20:16:12.750+0530][gc,heap     ] GC(584) Old regions: 44->44
[2025-03-28T20:16:12.750+0530][gc,heap     ] GC(584) Archive regions: 2->2
[2025-03-28T20:16:12.750+0530][gc,heap     ] GC(584) Humongous regions: 151->147
[2025-03-28T20:16:12.750+0530][gc,metaspace] GC(584) Metaspace: 52904K(53568K)->52904K(53568K) NonClass: 47036K(47360K)->47036K(47360K) Class: 5867K(6208K)->5867K(6208K)
[2025-03-28T20:16:12.750+0530][gc          ] GC(584) Pause Young (Concurrent Start) (G1 Humongous Allocation) 408M->195M(1024M) 11.896ms
[2025-03-28T20:16:12.750+0530][gc,cpu      ] GC(584) User=0.02s Sys=0.01s Real=0.01s
[2025-03-28T20:16:12.751+0530][gc          ] GC(585) Concurrent Undo Cycle
[2025-03-28T20:16:12.751+0530][gc,marking  ] GC(585) Concurrent Cleanup for Next Mark
[2025-03-28T20:16:12.754+0530][gc,marking  ] GC(585) Concurrent Cleanup for Next Mark 3.474ms
[2025-03-28T20:16:12.754+0530][gc          ] GC(585) Concurrent Undo Cycle 3.529ms
[2025-03-28T20:16:13.606+0530][gc,start    ] GC(586) Pause Young (Concurrent Start) (G1 Humongous Allocation)
[2025-03-28T20:16:13.606+0530][gc,task     ] GC(586) Using 2 workers of 2 for evacuation
[2025-03-28T20:16:13.615+0530][gc,phases   ] GC(586)   Pre Evacuate Collection Set: 0.2ms
[2025-03-28T20:16:13.615+0530][gc,phases   ] GC(586)   Merge Heap Roots: 0.1ms
[2025-03-28T20:16:13.615+0530][gc,phases   ] GC(586)   Evacuate Collection Set: 7.8ms
[2025-03-28T20:16:13.615+0530][gc,phases   ] GC(586)   Post Evacuate Collection Set: 0.7ms
[2025-03-28T20:16:13.615+0530][gc,phases   ] GC(586)   Other: 0.2ms
[2025-03-28T20:16:13.615+0530][gc,heap     ] GC(586) Eden regions: 109->0(541)
[2025-03-28T20:16:13.615+0530][gc,heap     ] GC(586) Survivor regions: 4->5(73)
[2025-03-28T20:16:13.615+0530][gc,heap     ] GC(586) Old regions: 44->44
[2025-03-28T20:16:13.615+0530][gc,heap     ] GC(586) Archive regions: 2->2
[2025-03-28T20:16:13.615+0530][gc,heap     ] GC(586) Humongous regions: 149->147
[2025-03-28T20:16:13.615+0530][gc,metaspace] GC(586) Metaspace: 52904K(53568K)->52904K(53568K) NonClass: 47036K(47360K)->47036K(47360K) Class: 5867K(6208K)->5867K(6208K)
[2025-03-28T20:16:13.615+0530][gc          ] GC(586) Pause Young (Concurrent Start) (G1 Humongous Allocation) 305M->196M(1024M) 9.121ms
[2025-03-28T20:16:13.615+0530][gc,cpu      ] GC(586) User=0.02s Sys=0.00s Real=0.01s
[2025-03-28T20:16:13.615+0530][gc          ] GC(587) Concurrent Mark Cycle
[2025-03-28T20:16:13.615+0530][gc,marking  ] GC(587) Concurrent Clear Claimed Marks
[2025-03-28T20:16:13.615+0530][gc,marking  ] GC(587) Concurrent Clear Claimed Marks 0.084ms
[2025-03-28T20:16:13.615+0530][gc,marking  ] GC(587) Concurrent Scan Root Regions
[2025-03-28T20:16:13.622+0530][gc,marking  ] GC(587) Concurrent Scan Root Regions 7.243ms
[2025-03-28T20:16:13.622+0530][gc,marking  ] GC(587) Concurrent Mark
[2025-03-28T20:16:13.622+0530][gc,marking  ] GC(587) Concurrent Mark From Roots
[2025-03-28T20:16:13.622+0530][gc,task     ] GC(587) Using 1 workers of 1 for marking
[2025-03-28T20:16:13.682+0530][gc,marking  ] GC(587) Concurrent Mark From Roots 59.681ms
[2025-03-28T20:16:13.682+0530][gc,marking  ] GC(587) Concurrent Preclean
[2025-03-28T20:16:13.682+0530][gc,marking  ] GC(587) Concurrent Preclean 0.125ms
[2025-03-28T20:16:13.682+0530][gc,start    ] GC(587) Pause Remark
[2025-03-28T20:16:13.695+0530][gc          ] GC(587) Pause Remark 237M->237M(1024M) 13.026ms
[2025-03-28T20:16:13.696+0530][gc,cpu      ] GC(587) User=0.03s Sys=0.00s Real=0.02s
[2025-03-28T20:16:13.696+0530][gc,marking  ] GC(587) Concurrent Mark 73.277ms
[2025-03-28T20:16:13.696+0530][gc,marking  ] GC(587) Concurrent Rebuild Remembered Sets
[2025-03-28T20:16:13.725+0530][gc,marking  ] GC(587) Concurrent Rebuild Remembered Sets 29.030ms
[2025-03-28T20:16:13.725+0530][gc,start    ] GC(587) Pause Cleanup
[2025-03-28T20:16:13.725+0530][gc          ] GC(587) Pause Cleanup 237M->237M(1024M) 0.207ms
[2025-03-28T20:16:13.725+0530][gc,cpu      ] GC(587) User=0.00s Sys=0.00s Real=0.00s
[2025-03-28T20:16:13.725+0530][gc,marking  ] GC(587) Concurrent Cleanup for Next Mark
[2025-03-28T20:16:13.745+0530][gc,marking  ] GC(587) Concurrent Cleanup for Next Mark 20.024ms
[2025-03-28T20:16:13.745+0530][gc          ] GC(587) Concurrent Mark Cycle 130.327ms
[2025-03-28T20:16:18.550+0530][gc,start    ] GC(630) Pause Young (Normal) (G1 Evacuation Pause)
[2025-03-28T20:16:18.551+0530][gc,task     ] GC(630) Using 2 workers of 2 for evacuation
[2025-03-28T20:16:18.563+0530][gc,phases   ] GC(630)   Pre Evacuate Collection Set: 0.2ms
[2025-03-28T20:16:18.563+0530][gc,phases   ] GC(630)   Merge Heap Roots: 0.2ms
[2025-03-28T20:16:18.563+0530][gc,phases   ] GC(630)   Evacuate Collection Set: 8.6ms
[2025-03-28T20:16:18.563+0530][gc,phases   ] GC(630)   Post Evacuate Collection Set: 3.4ms
[2025-03-28T20:16:18.563+0530][gc,phases   ] GC(630)   Other: 0.2ms
[2025-03-28T20:16:18.563+0530][gc,heap     ] GC(630) Eden regions: 138->0(202)
[2025-03-28T20:16:18.563+0530][gc,heap     ] GC(630) Survivor regions: 3->3(18)
[2025-03-28T20:16:18.563+0530][gc,heap     ] GC(630) Old regions: 152->152
[2025-03-28T20:16:18.563+0530][gc,heap     ] GC(630) Archive regions: 2->2
[2025-03-28T20:16:18.563+0530][gc,heap     ] GC(630) Humongous regions: 151->147
[2025-03-28T20:16:18.563+0530][gc,metaspace] GC(630) Metaspace: 53068K(53760K)->53068K(53760K) NonClass: 47159K(47488K)->47159K(47488K) Class: 5908K(6272K)->5908K(6272K)
[2025-03-28T20:16:18.563+0530][gc          ] GC(630) Pause Young (Normal) (G1 Evacuation Pause) 444M->301M(1024M) 12.672ms
[2025-03-28T20:16:18.563+0530][gc,cpu      ] GC(630) User=0.01s Sys=0.00s Real=0.01s
[2025-03-28T20:16:19.848+0530][gc,start    ] GC(631) Pause Young (Normal) (G1 Evacuation Pause)
[2025-03-28T20:16:19.848+0530][gc,task     ] GC(631) Using 2 workers of 2 for evacuation
[2025-03-28T20:16:19.856+0530][gc,phases   ] GC(631)   Pre Evacuate Collection Set: 0.3ms
[2025-03-28T20:16:19.856+0530][gc,phases   ] GC(631)   Merge Heap Roots: 0.1ms
[2025-03-28T20:16:19.856+0530][gc,phases   ] GC(631)   Evacuate Collection Set: 6.4ms
[2025-03-28T20:16:19.856+0530][gc,phases   ] GC(631)   Post Evacuate Collection Set: 1.4ms
[2025-03-28T20:16:19.856+0530][gc,phases   ] GC(631)   Other: 0.2ms
[2025-03-28T20:16:19.856+0530][gc,heap     ] GC(631) Eden regions: 198->0(275)
[2025-03-28T20:16:19.856+0530][gc,heap     ] GC(631) Survivor regions: 3->3(26)
[2025-03-28T20:16:19.856+0530][gc,heap     ] GC(631) Old regions: 152->152
[2025-03-28T20:16:19.856+0530][gc,heap     ] GC(631) Archive regions: 2->2
[2025-03-28T20:16:19.856+0530][gc,heap     ] GC(631) Humongous regions: 151->149
[2025-03-28T20:16:19.856+0530][gc,metaspace] GC(631) Metaspace: 53068K(53760K)->53068K(53760K) NonClass: 47159K(47488K)->47159K(47488K) Class: 5908K(6272K)->5908K(6272K)
[2025-03-28T20:16:19.856+0530][gc          ] GC(631) Pause Young (Normal) (G1 Evacuation Pause) 503M->304M(1024M) 8.470ms
[2025-03-28T20:16:19.856+0530][gc,cpu      ] GC(631) User=0.01s Sys=0.00s Real=0.01s
[2025-03-28T20:16:38.576+0530][gc,start    ] GC(632) Pause Young (Normal) (G1 Evacuation Pause)
[2025-03-28T20:16:38.576+0530][gc,task     ] GC(632) Using 2 workers of 2 for evacuation
[2025-03-28T20:16:38.599+0530][gc,mmu      ] GC(632) MMU target violated: 21.0ms (20.0ms/21.0ms)
[2025-03-28T20:16:38.599+0530][gc,phases   ] GC(632)   Pre Evacuate Collection Set: 0.2ms
[2025-03-28T20:16:38.599+0530][gc,phases   ] GC(632)   Merge Heap Roots: 0.2ms
[2025-03-28T20:16:38.599+0530][gc,phases   ] GC(632)   Evacuate Collection Set: 21.2ms
[2025-03-28T20:16:38.599+0530][gc,phases   ] GC(632)   Post Evacuate Collection Set: 1.3ms
[2025-03-28T20:16:38.599+0530][gc,phases   ] GC(632)   Other: 0.2ms
[2025-03-28T20:16:38.599+0530][gc,heap     ] GC(632) Eden regions: 249->0(92)
[2025-03-28T20:16:38.599+0530][gc,heap     ] GC(632) Survivor regions: 3->4(32)
[2025-03-28T20:16:38.599+0530][gc,heap     ] GC(632) Old regions: 152->152
[2025-03-28T20:16:38.599+0530][gc,heap     ] GC(632) Archive regions: 2->2
[2025-03-28T20:16:38.599+0530][gc,heap     ] GC(632) Humongous regions: 153->147
[2025-03-28T20:16:38.599+0530][gc,metaspace] GC(632) Metaspace: 53068K(53760K)->53068K(53760K) NonClass: 47159K(47488K)->47159K(47488K) Class: 5908K(6272K)->5908K(6272K)
[2025-03-28T20:16:38.599+0530][gc          ] GC(632) Pause Young (Normal) (G1 Evacuation Pause) 557M->303M(1024M) 23.256ms
[2025-03-28T20:16:38.599+0530][gc,cpu      ] GC(632) User=0.01s Sys=0.00s Real=0.02s
[2025-03-28T20:16:39.652+0530][gc,start    ] GC(633) Pause Young (Normal) (G1 Evacuation Pause)
[2025-03-28T20:16:39.652+0530][gc,task     ] GC(633) Using 2 workers of 2 for evacuation
[2025-03-28T20:16:39.678+0530][gc,mmu      ] GC(633) MMU target violated: 21.0ms (20.0ms/21.0ms)
[2025-03-28T20:16:39.678+0530][gc,phases   ] GC(633)   Pre Evacuate Collection Set: 0.6ms
[2025-03-28T20:16:39.678+0530][gc,phases   ] GC(633)   Merge Heap Roots: 0.6ms
[2025-03-28T20:16:39.678+0530][gc,phases   ] GC(633)   Evacuate Collection Set: 23.4ms
[2025-03-28T20:16:39.678+0530][gc,phases   ] GC(633)   Post Evacuate Collection Set: 1.3ms
[2025-03-28T20:16:39.678+0530][gc,phases   ] GC(633)   Other: 0.5ms
[2025-03-28T20:16:39.678+0530][gc,heap     ] GC(633) Eden regions: 92->0(182)
[2025-03-28T20:16:39.678+0530][gc,heap     ] GC(633) Survivor regions: 4->2(12)
[2025-03-28T20:16:39.678+0530][gc,heap     ] GC(633) Old regions: 152->152
[2025-03-28T20:16:39.678+0530][gc,heap     ] GC(633) Archive regions: 2->2
[2025-03-28T20:16:39.678+0530][gc,heap     ] GC(633) Humongous regions: 149->147
[2025-03-28T20:16:39.678+0530][gc,metaspace] GC(633) Metaspace: 53068K(53760K)->53068K(53760K) NonClass: 47159K(47488K)->47159K(47488K) Class: 5908K(6272K)->5908K(6272K)
[2025-03-28T20:16:39.679+0530][gc          ] GC(633) Pause Young (Normal) (G1 Evacuation Pause) 397M->301M(1024M) 26.534ms
[2025-03-28T20:16:39.679+0530][gc,cpu      ] GC(633) User=0.03s Sys=0.01s Real=0.04s
[2025-03-28T20:16:42.536+0530][gc,start    ] GC(588) Pause Young (Prepare Mixed) (G1 Evacuation Pause)
[2025-03-28T20:16:42.536+0530][gc,task     ] GC(588) Using 2 workers of 2 for evacuation
[2025-03-28T20:16:42.553+0530][gc,phases   ] GC(588)   Pre Evacuate Collection Set: 0.2ms
[2025-03-28T20:16:42.553+0530][gc,phases   ] GC(588)   Merge Heap Roots: 0.1ms
[2025-03-28T20:16:42.553+0530][gc,phases   ] GC(588)   Evacuate Collection Set: 12.0ms
[2025-03-28T20:16:42.553+0530][gc,phases   ] GC(588)   Post Evacuate Collection Set: 3.9ms
[2025-03-28T20:16:42.553+0530][gc,phases   ] GC(588)   Other: 0.2ms
[2025-03-28T20:16:42.553+0530][gc,heap     ] GC(588) Eden regions: 566->0(46)
[2025-03-28T20:16:42.553+0530][gc,heap     ] GC(588) Survivor regions: 5->5(72)
[2025-03-28T20:16:42.553+0530][gc,heap     ] GC(588) Old regions: 44->44
[2025-03-28T20:16:42.553+0530][gc,heap     ] GC(588) Archive regions: 2->2
[2025-03-28T20:16:42.553+0530][gc,heap     ] GC(588) Humongous regions: 159->149
[2025-03-28T20:16:42.553+0530][gc,metaspace] GC(588) Metaspace: 52905K(53568K)->52905K(53568K) NonClass: 47037K(47360K)->47037K(47360K) Class: 5867K(6208K)->5867K(6208K)
[2025-03-28T20:16:42.553+0530][gc          ] GC(588) Pause Young (Prepare Mixed) (G1 Evacuation Pause) 774M->198M(1024M) 16.475ms
[2025-03-28T20:16:42.553+0530][gc,cpu      ] GC(588) User=0.02s Sys=0.00s Real=0.01s
[2025-03-28T20:16:43.549+0530][gc,start    ] GC(589) Pause Young (Mixed) (G1 Evacuation Pause)
[2025-03-28T20:16:43.549+0530][gc,task     ] GC(589) Using 2 workers of 2 for evacuation
[2025-03-28T20:16:43.560+0530][gc,phases   ] GC(589)   Pre Evacuate Collection Set: 0.2ms
[2025-03-28T20:16:43.560+0530][gc,phases   ] GC(589)   Merge Heap Roots: 0.2ms
[2025-03-28T20:16:43.560+0530][gc,phases   ] GC(589)   Evacuate Collection Set: 9.3ms
[2025-03-28T20:16:43.560+0530][gc,phases   ] GC(589)   Post Evacuate Collection Set: 0.6ms
[2025-03-28T20:16:43.560+0530][gc,phases   ] GC(589)   Other: 0.1ms
[2025-03-28T20:16:43.560+0530][gc,heap     ] GC(589) Eden regions: 46->0(609)
[2025-03-28T20:16:43.560+0530][gc,heap     ] GC(589) Survivor regions: 5->5(7)
[2025-03-28T20:16:43.560+0530][gc,heap     ] GC(589) Old regions: 44->43
[2025-03-28T20:16:43.560+0530][gc,heap     ] GC(589) Archive regions: 2->2
[2025-03-28T20:16:43.560+0530][gc,heap     ] GC(589) Humongous regions: 149->147
[2025-03-28T20:16:43.560+0530][gc,metaspace] GC(589) Metaspace: 52905K(53568K)->52905K(53568K) NonClass: 47037K(47360K)->47037K(47360K) Class: 5867K(6208K)->5867K(6208K)
[2025-03-28T20:16:43.560+0530][gc          ] GC(589) Pause Young (Mixed) (G1 Evacuation Pause) 244M->195M(1024M) 10.624ms
[2025-03-28T20:16:43.560+0530][gc,cpu      ] GC(589) User=0.02s Sys=0.00s Real=0.01s
[2025-03-28T20:16:48.491+0530][gc,start    ] GC(634) Pause Young (Normal) (G1 Evacuation Pause)
[2025-03-28T20:16:48.491+0530][gc,task     ] GC(634) Using 2 workers of 2 for evacuation
[2025-03-28T20:16:48.498+0530][gc,phases   ] GC(634)   Pre Evacuate Collection Set: 0.2ms
[2025-03-28T20:16:48.498+0530][gc,phases   ] GC(634)   Merge Heap Roots: 0.1ms
[2025-03-28T20:16:48.498+0530][gc,phases   ] GC(634)   Evacuate Collection Set: 5.9ms
[2025-03-28T20:16:48.498+0530][gc,phases   ] GC(634)   Post Evacuate Collection Set: 1.2ms
[2025-03-28T20:16:48.498+0530][gc,phases   ] GC(634)   Other: 0.1ms
[2025-03-28T20:16:48.498+0530][gc,heap     ] GC(634) Eden regions: 119->0(212)
[2025-03-28T20:16:48.498+0530][gc,heap     ] GC(634) Survivor regions: 2->3(16)
[2025-03-28T20:16:48.498+0530][gc,heap     ] GC(634) Old regions: 152->152
[2025-03-28T20:16:48.498+0530][gc,heap     ] GC(634) Archive regions: 2->2
[2025-03-28T20:16:48.498+0530][gc,heap     ] GC(634) Humongous regions: 149->147
[2025-03-28T20:16:48.498+0530][gc,metaspace] GC(634) Metaspace: 53068K(53760K)->53068K(53760K) NonClass: 47159K(47488K)->47159K(47488K) Class: 5908K(6272K)->5908K(6272K)
[2025-03-28T20:16:48.498+0530][gc          ] GC(634) Pause Young (Normal) (G1 Evacuation Pause) 422M->302M(1024M) 7.762ms
[2025-03-28T20:16:48.499+0530][gc,cpu      ] GC(634) User=0.02s Sys=0.00s Real=0.01s
[2025-03-28T20:16:58.535+0530][gc,start    ] GC(635) Pause Young (Normal) (G1 Evacuation Pause)
[2025-03-28T20:16:58.535+0530][gc,task     ] GC(635) Using 2 workers of 2 for evacuation
[2025-03-28T20:16:58.582+0530][gc,mmu      ] GC(635) MMU target violated: 21.0ms (20.0ms/21.0ms)
[2025-03-28T20:16:58.582+0530][gc,phases   ] GC(635)   Pre Evacuate Collection Set: 3.5ms
[2025-03-28T20:16:58.582+0530][gc,phases   ] GC(635)   Merge Heap Roots: 1.6ms
[2025-03-28T20:16:58.582+0530][gc,phases   ] GC(635)   Evacuate Collection Set: 40.0ms
[2025-03-28T20:16:58.582+0530][gc,phases   ] GC(635)   Post Evacuate Collection Set: 1.0ms
[2025-03-28T20:16:58.582+0530][gc,phases   ] GC(635)   Other: 0.4ms
[2025-03-28T20:16:58.582+0530][gc,heap     ] GC(635) Eden regions: 212->0(49)
[2025-03-28T20:16:58.582+0530][gc,heap     ] GC(635) Survivor regions: 3->2(27)
[2025-03-28T20:16:58.582+0530][gc,heap     ] GC(635) Old regions: 152->152
[2025-03-28T20:16:58.582+0530][gc,heap     ] GC(635) Archive regions: 2->2
[2025-03-28T20:16:58.582+0530][gc,heap     ] GC(635) Humongous regions: 151->147
[2025-03-28T20:16:58.582+0530][gc,metaspace] GC(635) Metaspace: 53068K(53760K)->53068K(53760K) NonClass: 47159K(47488K)->47159K(47488K) Class: 5908K(6272K)->5908K(6272K)
[2025-03-28T20:16:58.582+0530][gc          ] GC(635) Pause Young (Normal) (G1 Evacuation Pause) 518M->301M(1024M) 46.629ms
[2025-03-28T20:16:58.582+0530][gc,cpu      ] GC(635) User=0.05s Sys=0.01s Real=0.05s
[2025-03-28T20:16:58.706+0530][gc,start    ] GC(636) Pause Young (Normal) (G1 Evacuation Pause)
[2025-03-28T20:16:58.706+0530][gc,task     ] GC(636) Using 2 workers of 2 for evacuation
[2025-03-28T20:16:58.717+0530][gc,phases   ] GC(636)   Pre Evacuate Collection Set: 0.2ms
[2025-03-28T20:16:58.717+0530][gc,phases   ] GC(636)   Merge Heap Roots: 0.2ms
[2025-03-28T20:16:58.717+0530][gc,phases   ] GC(636)   Evacuate Collection Set: 9.6ms
[2025-03-28T20:16:58.717+0530][gc,phases   ] GC(636)   Post Evacuate Collection Set: 0.5ms
[2025-03-28T20:16:58.717+0530][gc,phases   ] GC(636)   Other: 0.1ms
[2025-03-28T20:16:58.717+0530][gc,heap     ] GC(636) Eden regions: 49->0(44)
[2025-03-28T20:16:58.717+0530][gc,heap     ] GC(636) Survivor regions: 2->7(7)
[2025-03-28T20:16:58.717+0530][gc,heap     ] GC(636) Old regions: 152->152
[2025-03-28T20:16:58.717+0530][gc,heap     ] GC(636) Archive regions: 2->2
[2025-03-28T20:16:58.717+0530][gc,heap     ] GC(636) Humongous regions: 147->147
[2025-03-28T20:16:58.717+0530][gc,metaspace] GC(636) Metaspace: 53068K(53760K)->53068K(53760K) NonClass: 47159K(47488K)->47159K(47488K) Class: 5908K(6272K)->5908K(6272K)
[2025-03-28T20:16:58.717+0530][gc          ] GC(636) Pause Young (Normal) (G1 Evacuation Pause) 350M->306M(1024M) 10.788ms
[2025-03-28T20:16:58.717+0530][gc,cpu      ] GC(636) User=0.02s Sys=0.00s Real=0.00s
[2025-03-28T20:16:58.810+0530][gc,start    ] GC(637) Pause Young (Normal) (G1 Evacuation Pause)
[2025-03-28T20:16:58.810+0530][gc,task     ] GC(637) Using 2 workers of 2 for evacuation
[2025-03-28T20:16:58.839+0530][gc,mmu      ] GC(637) MMU target violated: 21.0ms (20.0ms/21.0ms)
[2025-03-28T20:16:58.839+0530][gc,phases   ] GC(637)   Pre Evacuate Collection Set: 0.2ms
[2025-03-28T20:16:58.839+0530][gc,phases   ] GC(637)   Merge Heap Roots: 0.2ms
[2025-03-28T20:16:58.839+0530][gc,phases   ] GC(637)   Evacuate Collection Set: 22.4ms
[2025-03-28T20:16:58.839+0530][gc,phases   ] GC(637)   Post Evacuate Collection Set: 6.2ms
[2025-03-28T20:16:58.839+0530][gc,phases   ] GC(637)   Other: 0.2ms
[2025-03-28T20:16:58.839+0530][gc,heap     ] GC(637) Eden regions: 44->0(49)
[2025-03-28T20:16:58.839+0530][gc,heap     ] GC(637) Survivor regions: 7->2(7)
[2025-03-28T20:16:58.839+0530][gc,heap     ] GC(637) Old regions: 152->155
[2025-03-28T20:16:58.839+0530][gc,heap     ] GC(637) Archive regions: 2->2
[2025-03-28T20:16:58.839+0530][gc,heap     ] GC(637) Humongous regions: 149->149
[2025-03-28T20:16:58.839+0530][gc,metaspace] GC(637) Metaspace: 53068K(53760K)->53068K(53760K) NonClass: 47159K(47488K)->47159K(47488K) Class: 5908K(6272K)->5908K(6272K)
[2025-03-28T20:16:58.839+0530][gc          ] GC(637) Pause Young (Normal) (G1 Evacuation Pause) 352M->305M(1024M) 29.203ms
[2025-03-28T20:16:58.839+0530][gc,cpu      ] GC(637) User=0.02s Sys=0.00s Real=0.02s
[2025-03-28T20:16:59.673+0530][gc,start    ] GC(638) Pause Young (Normal) (G1 Evacuation Pause)
[2025-03-28T20:16:59.673+0530][gc,task     ] GC(638) Using 2 workers of 2 for evacuation
[2025-03-28T20:16:59.682+0530][gc,phases   ] GC(638)   Pre Evacuate Collection Set: 0.3ms
[2025-03-28T20:16:59.682+0530][gc,phases   ] GC(638)   Merge Heap Roots: 0.1ms
[2025-03-28T20:16:59.682+0530][gc,phases   ] GC(638)   Evacuate Collection Set: 7.7ms
[2025-03-28T20:16:59.682+0530][gc,phases   ] GC(638)   Post Evacuate Collection Set: 0.5ms
[2025-03-28T20:16:59.682+0530][gc,phases   ] GC(638)   Other: 0.2ms
[2025-03-28T20:16:59.682+0530][gc,heap     ] GC(638) Eden regions: 49->0(46)
[2025-03-28T20:16:59.682+0530][gc,heap     ] GC(638) Survivor regions: 2->5(7)
[2025-03-28T20:16:59.682+0530][gc,heap     ] GC(638) Old regions: 155->155
[2025-03-28T20:16:59.682+0530][gc,heap     ] GC(638) Archive regions: 2->2
[2025-03-28T20:16:59.682+0530][gc,heap     ] GC(638) Humongous regions: 149->147
[2025-03-28T20:16:59.682+0530][gc,metaspace] GC(638) Metaspace: 53068K(53760K)->53068K(53760K) NonClass: 47159K(47488K)->47159K(47488K) Class: 5908K(6272K)->5908K(6272K)
[2025-03-28T20:16:59.682+0530][gc          ] GC(638) Pause Young (Normal) (G1 Evacuation Pause) 354M->306M(1024M) 8.944ms
[2025-03-28T20:16:59.682+0530][gc,cpu      ] GC(638) User=0.01s Sys=0.00s Real=0.01s
[2025-03-28T20:16:59.771+0530][gc,start    ] GC(639) Pause Young (Normal) (G1 Evacuation Pause)
[2025-03-28T20:16:59.771+0530][gc,task     ] GC(639) Using 2 workers of 2 for evacuation
[2025-03-28T20:16:59.781+0530][gc,phases   ] GC(639)   Pre Evacuate Collection Set: 0.2ms
[2025-03-28T20:16:59.781+0530][gc,phases   ] GC(639)   Merge Heap Roots: 0.1ms
[2025-03-28T20:16:59.781+0530][gc,phases   ] GC(639)   Evacuate Collection Set: 5.4ms
[2025-03-28T20:16:59.781+0530][gc,phases   ] GC(639)   Post Evacuate Collection Set: 4.2ms
[2025-03-28T20:16:59.781+0530][gc,phases   ] GC(639)   Other: 0.2ms
[2025-03-28T20:16:59.782+0530][gc,heap     ] GC(639) Eden regions: 46->0(49)
[2025-03-28T20:16:59.782+0530][gc,heap     ] GC(639) Survivor regions: 5->2(7)
[2025-03-28T20:16:59.782+0530][gc,heap     ] GC(639) Old regions: 155->156
[2025-03-28T20:16:59.782+0530][gc,heap     ] GC(639) Archive regions: 2->2
[2025-03-28T20:16:59.782+0530][gc,heap     ] GC(639) Humongous regions: 149->149
[2025-03-28T20:16:59.782+0530][gc,metaspace] GC(639) Metaspace: 53068K(53760K)->53068K(53760K) NonClass: 47159K(47488K)->47159K(47488K) Class: 5908K(6272K)->5908K(6272K)
[2025-03-28T20:16:59.782+0530][gc          ] GC(639) Pause Young (Normal) (G1 Evacuation Pause) 354M->306M(1024M) 10.694ms
[2025-03-28T20:16:59.782+0530][gc,cpu      ] GC(639) User=0.01s Sys=0.00s Real=0.01s
[2025-03-28T20:17:08.567+0530][gc,start    ] GC(640) Pause Young (Normal) (G1 Evacuation Pause)
[2025-03-28T20:17:08.567+0530][gc,task     ] GC(640) Using 2 workers of 2 for evacuation
[2025-03-28T20:17:08.577+0530][gc,phases   ] GC(640)   Pre Evacuate Collection Set: 0.2ms
[2025-03-28T20:17:08.577+0530][gc,phases   ] GC(640)   Merge Heap Roots: 0.1ms
[2025-03-28T20:17:08.577+0530][gc,phases   ] GC(640)   Evacuate Collection Set: 8.7ms
[2025-03-28T20:17:08.577+0530][gc,phases   ] GC(640)   Post Evacuate Collection Set: 0.5ms
[2025-03-28T20:17:08.577+0530][gc,phases   ] GC(640)   Other: 0.2ms
[2025-03-28T20:17:08.577+0530][gc,heap     ] GC(640) Eden regions: 49->0(69)
[2025-03-28T20:17:08.577+0530][gc,heap     ] GC(640) Survivor regions: 2->3(7)
[2025-03-28T20:17:08.577+0530][gc,heap     ] GC(640) Old regions: 156->156
[2025-03-28T20:17:08.577+0530][gc,heap     ] GC(640) Archive regions: 2->2
[2025-03-28T20:17:08.577+0530][gc,heap     ] GC(640) Humongous regions: 149->147
[2025-03-28T20:17:08.577+0530][gc,metaspace] GC(640) Metaspace: 53069K(53760K)->53069K(53760K) NonClass: 47160K(47488K)->47160K(47488K) Class: 5908K(6272K)->5908K(6272K)
[2025-03-28T20:17:08.577+0530][gc          ] GC(640) Pause Young (Normal) (G1 Evacuation Pause) 355M->306M(1024M) 9.742ms
[2025-03-28T20:17:08.577+0530][gc,cpu      ] GC(640) User=0.01s Sys=0.00s Real=0.01s
[2025-03-28T20:17:08.694+0530][gc,start    ] GC(641) Pause Young (Normal) (G1 Evacuation Pause)
[2025-03-28T20:17:08.694+0530][gc,task     ] GC(641) Using 2 workers of 2 for evacuation
[2025-03-28T20:17:08.705+0530][gc,phases   ] GC(641)   Pre Evacuate Collection Set: 0.3ms
[2025-03-28T20:17:08.705+0530][gc,phases   ] GC(641)   Merge Heap Roots: 0.3ms
[2025-03-28T20:17:08.705+0530][gc,phases   ] GC(641)   Evacuate Collection Set: 10.5ms
[2025-03-28T20:17:08.705+0530][gc,phases   ] GC(641)   Post Evacuate Collection Set: 0.5ms
[2025-03-28T20:17:08.705+0530][gc,phases   ] GC(641)   Other: 0.2ms
[2025-03-28T20:17:08.705+0530][gc,heap     ] GC(641) Eden regions: 69->0(85)
[2025-03-28T20:17:08.705+0530][gc,heap     ] GC(641) Survivor regions: 3->3(9)
[2025-03-28T20:17:08.705+0530][gc,heap     ] GC(641) Old regions: 156->156
[2025-03-28T20:17:08.706+0530][gc,heap     ] GC(641) Archive regions: 2->2
[2025-03-28T20:17:08.706+0530][gc,heap     ] GC(641) Humongous regions: 149->149
[2025-03-28T20:17:08.706+0530][gc,metaspace] GC(641) Metaspace: 53069K(53760K)->53069K(53760K) NonClass: 47160K(47488K)->47160K(47488K) Class: 5908K(6272K)->5908K(6272K)
[2025-03-28T20:17:08.706+0530][gc          ] GC(641) Pause Young (Normal) (G1 Evacuation Pause) 377M->307M(1024M) 11.934ms
[2025-03-28T20:17:08.706+0530][gc,cpu      ] GC(641) User=0.01s Sys=0.00s Real=0.02s
[2025-03-28T20:17:09.792+0530][gc,start    ] GC(642) Pause Young (Normal) (G1 Evacuation Pause)
[2025-03-28T20:17:09.841+0530][gc,task     ] GC(642) Using 2 workers of 2 for evacuation
[2025-03-28T20:17:09.856+0530][gc,phases   ] GC(642)   Pre Evacuate Collection Set: 0.3ms
[2025-03-28T20:17:09.856+0530][gc,phases   ] GC(642)   Merge Heap Roots: 0.2ms
[2025-03-28T20:17:09.856+0530][gc,phases   ] GC(642)   Evacuate Collection Set: 13.7ms
[2025-03-28T20:17:09.856+0530][gc,phases   ] GC(642)   Post Evacuate Collection Set: 1.1ms
[2025-03-28T20:17:09.856+0530][gc,phases   ] GC(642)   Other: 48.9ms
[2025-03-28T20:17:09.856+0530][gc,heap     ] GC(642) Eden regions: 85->0(43)
[2025-03-28T20:17:09.856+0530][gc,heap     ] GC(642) Survivor regions: 3->8(11)
[2025-03-28T20:17:09.857+0530][gc,heap     ] GC(642) Old regions: 156->156
[2025-03-28T20:17:09.857+0530][gc,heap     ] GC(642) Archive regions: 2->2
[2025-03-28T20:17:09.857+0530][gc,heap     ] GC(642) Humongous regions: 149->147
[2025-03-28T20:17:09.857+0530][gc,metaspace] GC(642) Metaspace: 53069K(53760K)->53069K(53760K) NonClass: 47160K(47488K)->47160K(47488K) Class: 5908K(6272K)->5908K(6272K)
[2025-03-28T20:17:09.857+0530][gc          ] GC(642) Pause Young (Normal) (G1 Evacuation Pause) 392M->311M(1024M) 64.372ms
[2025-03-28T20:17:09.857+0530][gc,cpu      ] GC(642) User=0.03s Sys=0.00s Real=0.07s
[2025-03-28T20:17:12.303+0530][gc,start    ] GC(590) Pause Young (Normal) (G1 Evacuation Pause)
[2025-03-28T20:17:12.303+0530][gc,task     ] GC(590) Using 2 workers of 2 for evacuation
[2025-03-28T20:17:12.314+0530][gc,phases   ] GC(590)   Pre Evacuate Collection Set: 0.2ms
[2025-03-28T20:17:12.314+0530][gc,phases   ] GC(590)   Merge Heap Roots: 0.2ms
[2025-03-28T20:17:12.314+0530][gc,phases   ] GC(590)   Evacuate Collection Set: 9.6ms
[2025-03-28T20:17:12.314+0530][gc,phases   ] GC(590)   Post Evacuate Collection Set: 1.2ms
[2025-03-28T20:17:12.314+0530][gc,phases   ] GC(590)   Other: 0.2ms
[2025-03-28T20:17:12.314+0530][gc,heap     ] GC(590) Eden regions: 609->0(609)
[2025-03-28T20:17:12.314+0530][gc,heap     ] GC(590) Survivor regions: 5->5(77)
[2025-03-28T20:17:12.314+0530][gc,heap     ] GC(590) Old regions: 43->43
[2025-03-28T20:17:12.314+0530][gc,heap     ] GC(590) Archive regions: 2->2
[2025-03-28T20:17:12.314+0530][gc,heap     ] GC(590) Humongous regions: 159->149
[2025-03-28T20:17:12.314+0530][gc,metaspace] GC(590) Metaspace: 52909K(53568K)->52909K(53568K) NonClass: 47042K(47360K)->47042K(47360K) Class: 5867K(6208K)->5867K(6208K)
[2025-03-28T20:17:12.314+0530][gc          ] GC(590) Pause Young (Normal) (G1 Evacuation Pause) 816M->196M(1024M) 11.449ms
[2025-03-28T20:17:12.314+0530][gc,cpu      ] GC(590) User=0.01s Sys=0.00s Real=0.01s
[2025-03-28T20:17:13.666+0530][gc,start    ] GC(591) Pause Young (Concurrent Start) (G1 Humongous Allocation)
[2025-03-28T20:17:13.666+0530][gc,task     ] GC(591) Using 2 workers of 2 for evacuation
[2025-03-28T20:17:13.675+0530][gc,phases   ] GC(591)   Pre Evacuate Collection Set: 0.3ms
[2025-03-28T20:17:13.675+0530][gc,phases   ] GC(591)   Merge Heap Roots: 0.1ms
[2025-03-28T20:17:13.675+0530][gc,phases   ] GC(591)   Evacuate Collection Set: 7.9ms
[2025-03-28T20:17:13.675+0530][gc,phases   ] GC(591)   Post Evacuate Collection Set: 0.5ms
[2025-03-28T20:17:13.675+0530][gc,phases   ] GC(591)   Other: 0.2ms
[2025-03-28T20:17:13.675+0530][gc,heap     ] GC(591) Eden regions: 84->0(609)
[2025-03-28T20:17:13.675+0530][gc,heap     ] GC(591) Survivor regions: 5->5(77)
[2025-03-28T20:17:13.675+0530][gc,heap     ] GC(591) Old regions: 43->43
[2025-03-28T20:17:13.675+0530][gc,heap     ] GC(591) Archive regions: 2->2
[2025-03-28T20:17:13.675+0530][gc,heap     ] GC(591) Humongous regions: 149->147
[2025-03-28T20:17:13.675+0530][gc,metaspace] GC(591) Metaspace: 52909K(53568K)->52909K(53568K) NonClass: 47042K(47360K)->47042K(47360K) Class: 5867K(6208K)->5867K(6208K)
[2025-03-28T20:17:13.675+0530][gc          ] GC(591) Pause Young (Concurrent Start) (G1 Humongous Allocation) 280M->194M(1024M) 9.126ms
[2025-03-28T20:17:13.675+0530][gc,cpu      ] GC(591) User=0.01s Sys=0.00s Real=0.00s
[2025-03-28T20:17:13.675+0530][gc          ] GC(592) Concurrent Mark Cycle
[2025-03-28T20:17:13.675+0530][gc,marking  ] GC(592) Concurrent Clear Claimed Marks
[2025-03-28T20:17:13.675+0530][gc,marking  ] GC(592) Concurrent Clear Claimed Marks 0.074ms
[2025-03-28T20:17:13.675+0530][gc,marking  ] GC(592) Concurrent Scan Root Regions
[2025-03-28T20:17:13.681+0530][gc,marking  ] GC(592) Concurrent Scan Root Regions 5.489ms
[2025-03-28T20:17:13.681+0530][gc,marking  ] GC(592) Concurrent Mark
[2025-03-28T20:17:13.681+0530][gc,marking  ] GC(592) Concurrent Mark From Roots
[2025-03-28T20:17:13.681+0530][gc,task     ] GC(592) Using 1 workers of 1 for marking
[2025-03-28T20:17:13.750+0530][gc,marking  ] GC(592) Concurrent Mark From Roots 69.081ms
[2025-03-28T20:17:13.750+0530][gc,marking  ] GC(592) Concurrent Preclean
[2025-03-28T20:17:13.750+0530][gc,marking  ] GC(592) Concurrent Preclean 0.141ms
[2025-03-28T20:17:13.750+0530][gc,start    ] GC(592) Pause Remark
[2025-03-28T20:17:13.764+0530][gc          ] GC(592) Pause Remark 236M->236M(1024M) 13.990ms
[2025-03-28T20:17:13.764+0530][gc,cpu      ] GC(592) User=0.03s Sys=0.01s Real=0.01s
[2025-03-28T20:17:13.764+0530][gc,marking  ] GC(592) Concurrent Mark 83.559ms
[2025-03-28T20:17:13.764+0530][gc,marking  ] GC(592) Concurrent Rebuild Remembered Sets
[2025-03-28T20:17:13.793+0530][gc,marking  ] GC(592) Concurrent Rebuild Remembered Sets 28.380ms
[2025-03-28T20:17:13.793+0530][gc,start    ] GC(592) Pause Cleanup
[2025-03-28T20:17:13.794+0530][gc          ] GC(592) Pause Cleanup 236M->236M(1024M) 1.128ms
[2025-03-28T20:17:13.794+0530][gc,cpu      ] GC(592) User=0.00s Sys=0.00s Real=0.00s
[2025-03-28T20:17:13.794+0530][gc,marking  ] GC(592) Concurrent Cleanup for Next Mark
[2025-03-28T20:17:13.796+0530][gc,marking  ] GC(592) Concurrent Cleanup for Next Mark 1.598ms
[2025-03-28T20:17:13.796+0530][gc          ] GC(592) Concurrent Mark Cycle 120.786ms
[2025-03-28T20:17:14.609+0530][gc,start    ] GC(643) Pause Young (Normal) (G1 Evacuation Pause)
[2025-03-28T20:17:14.609+0530][gc,task     ] GC(643) Using 2 workers of 2 for evacuation
[2025-03-28T20:17:14.614+0530][gc,phases   ] GC(643)   Pre Evacuate Collection Set: 0.2ms
[2025-03-28T20:17:14.615+0530][gc,phases   ] GC(643)   Merge Heap Roots: 0.2ms
[2025-03-28T20:17:14.615+0530][gc,phases   ] GC(643)   Evacuate Collection Set: 4.4ms
[2025-03-28T20:17:14.615+0530][gc,phases   ] GC(643)   Post Evacuate Collection Set: 0.6ms
[2025-03-28T20:17:14.615+0530][gc,phases   ] GC(643)   Other: 0.2ms
[2025-03-28T20:17:14.615+0530][gc,heap     ] GC(643) Eden regions: 43->0(185)
[2025-03-28T20:17:14.615+0530][gc,heap     ] GC(643) Survivor regions: 8->1(7)
[2025-03-28T20:17:14.615+0530][gc,heap     ] GC(643) Old regions: 156->156
[2025-03-28T20:17:14.615+0530][gc,heap     ] GC(643) Archive regions: 2->2
[2025-03-28T20:17:14.615+0530][gc,heap     ] GC(643) Humongous regions: 149->147
[2025-03-28T20:17:14.615+0530][gc,metaspace] GC(643) Metaspace: 53069K(53760K)->53069K(53760K) NonClass: 47160K(47488K)->47160K(47488K) Class: 5908K(6272K)->5908K(6272K)
[2025-03-28T20:17:14.615+0530][gc          ] GC(643) Pause Young (Normal) (G1 Evacuation Pause) 356M->304M(1024M) 5.841ms
[2025-03-28T20:17:14.615+0530][gc,cpu      ] GC(643) User=0.01s Sys=0.01s Real=0.00s
[2025-03-28T20:17:19.734+0530][gc,start    ] GC(644) Pause Young (Normal) (G1 Evacuation Pause)
[2025-03-28T20:17:19.735+0530][gc,task     ] GC(644) Using 2 workers of 2 for evacuation
[2025-03-28T20:17:19.743+0530][gc,phases   ] GC(644)   Pre Evacuate Collection Set: 0.2ms
[2025-03-28T20:17:19.743+0530][gc,phases   ] GC(644)   Merge Heap Roots: 0.1ms
[2025-03-28T20:17:19.743+0530][gc,phases   ] GC(644)   Evacuate Collection Set: 7.1ms
[2025-03-28T20:17:19.743+0530][gc,phases   ] GC(644)   Post Evacuate Collection Set: 0.6ms
[2025-03-28T20:17:19.743+0530][gc,phases   ] GC(644)   Other: 0.2ms
[2025-03-28T20:17:19.743+0530][gc,heap     ] GC(644) Eden regions: 185->0(263)
[2025-03-28T20:17:19.743+0530][gc,heap     ] GC(644) Survivor regions: 1->3(24)
[2025-03-28T20:17:19.743+0530][gc,heap     ] GC(644) Old regions: 156->156
[2025-03-28T20:17:19.743+0530][gc,heap     ] GC(644) Archive regions: 2->2
[2025-03-28T20:17:19.743+0530][gc,heap     ] GC(644) Humongous regions: 151->149
[2025-03-28T20:17:19.743+0530][gc,metaspace] GC(644) Metaspace: 53069K(53760K)->53069K(53760K) NonClass: 47160K(47488K)->47160K(47488K) Class: 5908K(6272K)->5908K(6272K)
[2025-03-28T20:17:19.743+0530][gc          ] GC(644) Pause Young (Normal) (G1 Evacuation Pause) 493M->308M(1024M) 8.229ms
[2025-03-28T20:17:19.743+0530][gc,cpu      ] GC(644) User=0.01s Sys=0.00s Real=0.01s
[2025-03-28T20:17:34.608+0530][gc,start    ] GC(645) Pause Young (Normal) (G1 Evacuation Pause)
[2025-03-28T20:17:34.608+0530][gc,task     ] GC(645) Using 2 workers of 2 for evacuation
[2025-03-28T20:17:34.633+0530][gc,mmu      ] GC(645) MMU target violated: 21.0ms (20.0ms/21.0ms)
[2025-03-28T20:17:34.633+0530][gc,phases   ] GC(645)   Pre Evacuate Collection Set: 0.5ms
[2025-03-28T20:17:34.633+0530][gc,phases   ] GC(645)   Merge Heap Roots: 0.7ms
[2025-03-28T20:17:34.633+0530][gc,phases   ] GC(645)   Evacuate Collection Set: 17.7ms
[2025-03-28T20:17:34.633+0530][gc,phases   ] GC(645)   Post Evacuate Collection Set: 6.1ms
[2025-03-28T20:17:34.633+0530][gc,phases   ] GC(645)   Other: 0.7ms
[2025-03-28T20:17:34.633+0530][gc,heap     ] GC(645) Eden regions: 254->0(72)
[2025-03-28T20:17:34.634+0530][gc,heap     ] GC(645) Survivor regions: 3->1(33)
[2025-03-28T20:17:34.634+0530][gc,heap     ] GC(645) Old regions: 156->156
[2025-03-28T20:17:34.634+0530][gc,heap     ] GC(645) Archive regions: 2->2
[2025-03-28T20:17:34.634+0530][gc,heap     ] GC(645) Humongous regions: 153->147
[2025-03-28T20:17:34.634+0530][gc,metaspace] GC(645) Metaspace: 53073K(53760K)->53073K(53760K) NonClass: 47165K(47488K)->47165K(47488K) Class: 5908K(6272K)->5908K(6272K)
[2025-03-28T20:17:34.634+0530][gc          ] GC(645) Pause Young (Normal) (G1 Evacuation Pause) 566M->304M(1024M) 26.417ms
[2025-03-28T20:17:34.634+0530][gc,cpu      ] GC(645) User=0.04s Sys=0.01s Real=0.02s
[2025-03-28T20:17:38.677+0530][gc,start    ] GC(646) Pause Young (Normal) (G1 Evacuation Pause)
[2025-03-28T20:17:38.677+0530][gc,task     ] GC(646) Using 2 workers of 2 for evacuation
[2025-03-28T20:17:38.700+0530][gc,mmu      ] GC(646) MMU target violated: 21.0ms (20.0ms/21.0ms)
[2025-03-28T20:17:38.700+0530][gc,phases   ] GC(646)   Pre Evacuate Collection Set: 0.2ms
[2025-03-28T20:17:38.700+0530][gc,phases   ] GC(646)   Merge Heap Roots: 0.2ms
[2025-03-28T20:17:38.700+0530][gc,phases   ] GC(646)   Evacuate Collection Set: 21.8ms
[2025-03-28T20:17:38.700+0530][gc,phases   ] GC(646)   Post Evacuate Collection Set: 0.5ms
[2025-03-28T20:17:38.700+0530][gc,phases   ] GC(646)   Other: 0.2ms
[2025-03-28T20:17:38.700+0530][gc,heap     ] GC(646) Eden regions: 72->0(47)
[2025-03-28T20:17:38.700+0530][gc,heap     ] GC(646) Survivor regions: 1->4(10)
[2025-03-28T20:17:38.700+0530][gc,heap     ] GC(646) Old regions: 156->156
[2025-03-28T20:17:38.700+0530][gc,heap     ] GC(646) Archive regions: 2->2
[2025-03-28T20:17:38.700+0530][gc,heap     ] GC(646) Humongous regions: 149->149
[2025-03-28T20:17:38.700+0530][gc,metaspace] GC(646) Metaspace: 53073K(53760K)->53073K(53760K) NonClass: 47165K(47488K)->47165K(47488K) Class: 5908K(6272K)->5908K(6272K)
[2025-03-28T20:17:38.700+0530][gc          ] GC(646) Pause Young (Normal) (G1 Evacuation Pause) 378M->308M(1024M) 22.971ms
[2025-03-28T20:17:38.700+0530][gc,cpu      ] GC(646) User=0.02s Sys=0.00s Real=0.03s
[2025-03-28T20:17:39.643+0530][gc,start    ] GC(647) Pause Young (Normal) (G1 Evacuation Pause)
[2025-03-28T20:17:39.643+0530][gc,task     ] GC(647) Using 2 workers of 2 for evacuation
[2025-03-28T20:17:39.656+0530][gc,phases   ] GC(647)   Pre Evacuate Collection Set: 0.4ms
[2025-03-28T20:17:39.656+0530][gc,phases   ] GC(647)   Merge Heap Roots: 0.3ms
[2025-03-28T20:17:39.656+0530][gc,phases   ] GC(647)   Evacuate Collection Set: 11.6ms
[2025-03-28T20:17:39.656+0530][gc,phases   ] GC(647)   Post Evacuate Collection Set: 0.8ms
[2025-03-28T20:17:39.656+0530][gc,phases   ] GC(647)   Other: 0.3ms
[2025-03-28T20:17:39.656+0530][gc,heap     ] GC(647) Eden regions: 47->0(129)
[2025-03-28T20:17:39.656+0530][gc,heap     ] GC(647) Survivor regions: 4->2(7)
[2025-03-28T20:17:39.656+0530][gc,heap     ] GC(647) Old regions: 156->156
[2025-03-28T20:17:39.656+0530][gc,heap     ] GC(647) Archive regions: 2->2
[2025-03-28T20:17:39.656+0530][gc,heap     ] GC(647) Humongous regions: 149->147
[2025-03-28T20:17:39.656+0530][gc,metaspace] GC(647) Metaspace: 53073K(53760K)->53073K(53760K) NonClass: 47165K(47488K)->47165K(47488K) Class: 5908K(6272K)->5908K(6272K)
[2025-03-28T20:17:39.656+0530][gc          ] GC(647) Pause Young (Normal) (G1 Evacuation Pause) 355M->305M(1024M) 13.522ms
[2025-03-28T20:17:39.656+0530][gc,cpu      ] GC(647) User=0.01s Sys=0.00s Real=0.02s
[2025-03-28T20:17:43.590+0530][gc,start    ] GC(593) Pause Young (Prepare Mixed) (G1 Evacuation Pause)
[2025-03-28T20:17:43.590+0530][gc,task     ] GC(593) Using 2 workers of 2 for evacuation
[2025-03-28T20:17:43.599+0530][gc,phases   ] GC(593)   Pre Evacuate Collection Set: 0.2ms
[2025-03-28T20:17:43.599+0530][gc,phases   ] GC(593)   Merge Heap Roots: 0.1ms
[2025-03-28T20:17:43.599+0530][gc,phases   ] GC(593)   Evacuate Collection Set: 8.1ms
[2025-03-28T20:17:43.599+0530][gc,phases   ] GC(593)   Post Evacuate Collection Set: 0.7ms
[2025-03-28T20:17:43.599+0530][gc,phases   ] GC(593)   Other: 0.2ms
[2025-03-28T20:17:43.599+0530][gc,heap     ] GC(593) Eden regions: 609->0(45)
[2025-03-28T20:17:43.599+0530][gc,heap     ] GC(593) Survivor regions: 5->6(77)
[2025-03-28T20:17:43.599+0530][gc,heap     ] GC(593) Old regions: 43->43
[2025-03-28T20:17:43.599+0530][gc,heap     ] GC(593) Archive regions: 2->2
[2025-03-28T20:17:43.599+0530][gc,heap     ] GC(593) Humongous regions: 159->147
[2025-03-28T20:17:43.599+0530][gc,metaspace] GC(593) Metaspace: 52909K(53568K)->52909K(53568K) NonClass: 47042K(47360K)->47042K(47360K) Class: 5867K(6208K)->5867K(6208K)
[2025-03-28T20:17:43.599+0530][gc          ] GC(593) Pause Young (Prepare Mixed) (G1 Evacuation Pause) 815M->196M(1024M) 9.447ms
[2025-03-28T20:17:43.599+0530][gc,cpu      ] GC(593) User=0.02s Sys=0.00s Real=0.01s
[2025-03-28T20:17:43.681+0530][gc,start    ] GC(594) Pause Young (Mixed) (G1 Evacuation Pause)
[2025-03-28T20:17:43.681+0530][gc,task     ] GC(594) Using 2 workers of 2 for evacuation
[2025-03-28T20:17:43.695+0530][gc,phases   ] GC(594)   Pre Evacuate Collection Set: 0.2ms
[2025-03-28T20:17:43.695+0530][gc,phases   ] GC(594)   Merge Heap Roots: 0.1ms
[2025-03-28T20:17:43.695+0530][gc,phases   ] GC(594)   Evacuate Collection Set: 13.1ms
[2025-03-28T20:17:43.695+0530][gc,phases   ] GC(594)   Post Evacuate Collection Set: 0.5ms
[2025-03-28T20:17:43.695+0530][gc,phases   ] GC(594)   Other: 0.1ms
[2025-03-28T20:17:43.695+0530][gc,heap     ] GC(594) Eden regions: 45->0(611)
[2025-03-28T20:17:43.695+0530][gc,heap     ] GC(594) Survivor regions: 6->3(7)
[2025-03-28T20:17:43.695+0530][gc,heap     ] GC(594) Old regions: 43->43
[2025-03-28T20:17:43.695+0530][gc,heap     ] GC(594) Archive regions: 2->2
[2025-03-28T20:17:43.695+0530][gc,heap     ] GC(594) Humongous regions: 149->149
[2025-03-28T20:17:43.695+0530][gc,metaspace] GC(594) Metaspace: 52909K(53568K)->52909K(53568K) NonClass: 47042K(47360K)->47042K(47360K) Class: 5867K(6208K)->5867K(6208K)
[2025-03-28T20:17:43.695+0530][gc          ] GC(594) Pause Young (Mixed) (G1 Evacuation Pause) 243M->195M(1024M) 14.067ms
[2025-03-28T20:17:43.695+0530][gc,cpu      ] GC(594) User=0.02s Sys=0.00s Real=0.01s
[2025-03-28T20:17:43.730+0530][gc,start    ] GC(648) Pause Young (Normal) (G1 Evacuation Pause)
[2025-03-28T20:17:43.730+0530][gc,task     ] GC(648) Using 2 workers of 2 for evacuation
[2025-03-28T20:17:43.736+0530][gc,phases   ] GC(648)   Pre Evacuate Collection Set: 0.2ms
[2025-03-28T20:17:43.736+0530][gc,phases   ] GC(648)   Merge Heap Roots: 0.1ms
[2025-03-28T20:17:43.736+0530][gc,phases   ] GC(648)   Evacuate Collection Set: 4.4ms
[2025-03-28T20:17:43.736+0530][gc,phases   ] GC(648)   Post Evacuate Collection Set: 1.1ms
[2025-03-28T20:17:43.736+0530][gc,phases   ] GC(648)   Other: 0.2ms
[2025-03-28T20:17:43.736+0530][gc,heap     ] GC(648) Eden regions: 101->0(335)
[2025-03-28T20:17:43.736+0530][gc,heap     ] GC(648) Survivor regions: 2->1(13)
[2025-03-28T20:17:43.736+0530][gc,heap     ] GC(648) Old regions: 156->156
[2025-03-28T20:17:43.736+0530][gc,heap     ] GC(648) Archive regions: 2->2
[2025-03-28T20:17:43.736+0530][gc,heap     ] GC(648) Humongous regions: 149->147
[2025-03-28T20:17:43.736+0530][gc,metaspace] GC(648) Metaspace: 53073K(53760K)->53073K(53760K) NonClass: 47165K(47488K)->47165K(47488K) Class: 5908K(6272K)->5908K(6272K)
[2025-03-28T20:17:43.736+0530][gc          ] GC(648) Pause Young (Normal) (G1 Evacuation Pause) 408M->304M(1024M) 6.107ms
[2025-03-28T20:17:43.737+0530][gc,cpu      ] GC(648) User=0.01s Sys=0.01s Real=0.01s
[2025-03-28T20:17:58.673+0530][gc,start    ] GC(649) Pause Young (Normal) (G1 Evacuation Pause)
[2025-03-28T20:17:58.673+0530][gc,task     ] GC(649) Using 2 workers of 2 for evacuation
[2025-03-28T20:17:58.691+0530][gc,phases   ] GC(649)   Pre Evacuate Collection Set: 0.2ms
[2025-03-28T20:17:58.691+0530][gc,phases   ] GC(649)   Merge Heap Roots: 0.1ms
[2025-03-28T20:17:58.691+0530][gc,phases   ] GC(649)   Evacuate Collection Set: 16.7ms
[2025-03-28T20:17:58.691+0530][gc,phases   ] GC(649)   Post Evacuate Collection Set: 0.9ms
[2025-03-28T20:17:58.691+0530][gc,phases   ] GC(649)   Other: 0.1ms
[2025-03-28T20:17:58.691+0530][gc,heap     ] GC(649) Eden regions: 257->0(45)
[2025-03-28T20:17:58.691+0530][gc,heap     ] GC(649) Survivor regions: 1->6(33)
[2025-03-28T20:17:58.691+0530][gc,heap     ] GC(649) Old regions: 156->156
[2025-03-28T20:17:58.691+0530][gc,heap     ] GC(649) Archive regions: 2->2
[2025-03-28T20:17:58.691+0530][gc,heap     ] GC(649) Humongous regions: 151->147
[2025-03-28T20:17:58.691+0530][gc,metaspace] GC(649) Metaspace: 53075K(53760K)->53075K(53760K) NonClass: 47166K(47488K)->47166K(47488K) Class: 5908K(6272K)->5908K(6272K)
[2025-03-28T20:17:58.691+0530][gc          ] GC(649) Pause Young (Normal) (G1 Evacuation Pause) 565M->308M(1024M) 18.091ms
[2025-03-28T20:17:58.691+0530][gc,cpu      ] GC(649) User=0.01s Sys=0.00s Real=0.02s
[2025-03-28T20:17:58.773+0530][gc,start    ] GC(650) Pause Young (Normal) (G1 Evacuation Pause)
[2025-03-28T20:17:58.773+0530][gc,task     ] GC(650) Using 2 workers of 2 for evacuation
[2025-03-28T20:17:58.790+0530][gc,phases   ] GC(650)   Pre Evacuate Collection Set: 0.3ms
[2025-03-28T20:17:58.790+0530][gc,phases   ] GC(650)   Merge Heap Roots: 0.3ms
[2025-03-28T20:17:58.790+0530][gc,phases   ] GC(650)   Evacuate Collection Set: 15.9ms
[2025-03-28T20:17:58.790+0530][gc,phases   ] GC(650)   Post Evacuate Collection Set: 0.3ms
[2025-03-28T20:17:58.790+0530][gc,phases   ] GC(650)   Other: 0.2ms
[2025-03-28T20:17:58.790+0530][gc,heap     ] GC(650) Eden regions: 45->0(165)
[2025-03-28T20:17:58.790+0530][gc,heap     ] GC(650) Survivor regions: 6->3(7)
[2025-03-28T20:17:58.790+0530][gc,heap     ] GC(650) Old regions: 156->158
[2025-03-28T20:17:58.790+0530][gc,heap     ] GC(650) Archive regions: 2->2
[2025-03-28T20:17:58.790+0530][gc,heap     ] GC(650) Humongous regions: 149->149
[2025-03-28T20:17:58.790+0530][gc,metaspace] GC(650) Metaspace: 53075K(53760K)->53075K(53760K) NonClass: 47166K(47488K)->47166K(47488K) Class: 5908K(6272K)->5908K(6272K)
[2025-03-28T20:17:58.790+0530][gc          ] GC(650) Pause Young (Normal) (G1 Evacuation Pause) 355M->309M(1024M) 17.113ms
[2025-03-28T20:17:58.790+0530][gc,cpu      ] GC(650) User=0.01s Sys=0.00s Real=0.02s
[2025-03-28T20:18:08.530+0530][gc,start    ] GC(651) Pause Young (Normal) (G1 Evacuation Pause)
[2025-03-28T20:18:08.530+0530][gc,task     ] GC(651) Using 2 workers of 2 for evacuation
[2025-03-28T20:18:08.539+0530][gc,phases   ] GC(651)   Pre Evacuate Collection Set: 0.2ms
[2025-03-28T20:18:08.539+0530][gc,phases   ] GC(651)   Merge Heap Roots: 0.1ms
[2025-03-28T20:18:08.539+0530][gc,phases   ] GC(651)   Evacuate Collection Set: 7.8ms
[2025-03-28T20:18:08.539+0530][gc,phases   ] GC(651)   Post Evacuate Collection Set: 0.4ms
[2025-03-28T20:18:08.539+0530][gc,phases   ] GC(651)   Other: 0.2ms
[2025-03-28T20:18:08.539+0530][gc,heap     ] GC(651) Eden regions: 165->0(229)
[2025-03-28T20:18:08.539+0530][gc,heap     ] GC(651) Survivor regions: 3->4(21)
[2025-03-28T20:18:08.539+0530][gc,heap     ] GC(651) Old regions: 158->158
[2025-03-28T20:18:08.539+0530][gc,heap     ] GC(651) Archive regions: 2->2
[2025-03-28T20:18:08.539+0530][gc,heap     ] GC(651) Humongous regions: 151->147
[2025-03-28T20:18:08.539+0530][gc,metaspace] GC(651) Metaspace: 53075K(53760K)->53075K(53760K) NonClass: 47166K(47488K)->47166K(47488K) Class: 5908K(6272K)->5908K(6272K)
[2025-03-28T20:18:08.539+0530][gc          ] GC(651) Pause Young (Normal) (G1 Evacuation Pause) 476M->308M(1024M) 8.742ms
[2025-03-28T20:18:08.539+0530][gc,cpu      ] GC(651) User=0.01s Sys=0.00s Real=0.02s
[2025-03-28T20:18:13.604+0530][gc,start    ] GC(595) Pause Young (Normal) (G1 Evacuation Pause)
[2025-03-28T20:18:13.604+0530][gc,task     ] GC(595) Using 2 workers of 2 for evacuation
[2025-03-28T20:18:13.611+0530][gc,phases   ] GC(595)   Pre Evacuate Collection Set: 0.2ms
[2025-03-28T20:18:13.611+0530][gc,phases   ] GC(595)   Merge Heap Roots: 0.1ms
[2025-03-28T20:18:13.611+0530][gc,phases   ] GC(595)   Evacuate Collection Set: 5.6ms
[2025-03-28T20:18:13.611+0530][gc,phases   ] GC(595)   Post Evacuate Collection Set: 0.9ms
[2025-03-28T20:18:13.611+0530][gc,phases   ] GC(595)   Other: 0.1ms
[2025-03-28T20:18:13.611+0530][gc,heap     ] GC(595) Eden regions: 611->0(610)
[2025-03-28T20:18:13.611+0530][gc,heap     ] GC(595) Survivor regions: 3->4(77)
[2025-03-28T20:18:13.611+0530][gc,heap     ] GC(595) Old regions: 43->43
[2025-03-28T20:18:13.611+0530][gc,heap     ] GC(595) Archive regions: 2->2
[2025-03-28T20:18:13.611+0530][gc,heap     ] GC(595) Humongous regions: 159->147
[2025-03-28T20:18:13.611+0530][gc,metaspace] GC(595) Metaspace: 52909K(53568K)->52909K(53568K) NonClass: 47042K(47360K)->47042K(47360K) Class: 5867K(6208K)->5867K(6208K)
[2025-03-28T20:18:13.611+0530][gc          ] GC(595) Pause Young (Normal) (G1 Evacuation Pause) 816M->194M(1024M) 7.167ms
[2025-03-28T20:18:13.611+0530][gc,cpu      ] GC(595) User=0.02s Sys=0.00s Real=0.01s
[2025-03-28T20:18:13.691+0530][gc,start    ] GC(596) Pause Young (Concurrent Start) (G1 Humongous Allocation)
[2025-03-28T20:18:13.691+0530][gc,task     ] GC(596) Using 2 workers of 2 for evacuation
[2025-03-28T20:18:13.699+0530][gc,phases   ] GC(596)   Pre Evacuate Collection Set: 0.3ms
[2025-03-28T20:18:13.699+0530][gc,phases   ] GC(596)   Merge Heap Roots: 0.1ms
[2025-03-28T20:18:13.699+0530][gc,phases   ] GC(596)   Evacuate Collection Set: 6.0ms
[2025-03-28T20:18:13.699+0530][gc,phases   ] GC(596)   Post Evacuate Collection Set: 0.5ms
[2025-03-28T20:18:13.699+0530][gc,phases   ] GC(596)   Other: 0.2ms
[2025-03-28T20:18:13.699+0530][gc,heap     ] GC(596) Eden regions: 39->0(610)
[2025-03-28T20:18:13.699+0530][gc,heap     ] GC(596) Survivor regions: 4->4(77)
[2025-03-28T20:18:13.699+0530][gc,heap     ] GC(596) Old regions: 43->43
[2025-03-28T20:18:13.699+0530][gc,heap     ] GC(596) Archive regions: 2->2
[2025-03-28T20:18:13.699+0530][gc,heap     ] GC(596) Humongous regions: 147->147
[2025-03-28T20:18:13.699+0530][gc,metaspace] GC(596) Metaspace: 52909K(53568K)->52909K(53568K) NonClass: 47042K(47360K)->47042K(47360K) Class: 5867K(6208K)->5867K(6208K)
[2025-03-28T20:18:13.699+0530][gc          ] GC(596) Pause Young (Concurrent Start) (G1 Humongous Allocation) 233M->194M(1024M) 7.239ms
[2025-03-28T20:18:13.699+0530][gc,cpu      ] GC(596) User=0.01s Sys=0.01s Real=0.01s
[2025-03-28T20:18:13.699+0530][gc          ] GC(597) Concurrent Mark Cycle
[2025-03-28T20:18:13.699+0530][gc,marking  ] GC(597) Concurrent Clear Claimed Marks
[2025-03-28T20:18:13.699+0530][gc,marking  ] GC(597) Concurrent Clear Claimed Marks 0.092ms
[2025-03-28T20:18:13.699+0530][gc,marking  ] GC(597) Concurrent Scan Root Regions
[2025-03-28T20:18:13.703+0530][gc,marking  ] GC(597) Concurrent Scan Root Regions 3.886ms
[2025-03-28T20:18:13.703+0530][gc,marking  ] GC(597) Concurrent Mark
[2025-03-28T20:18:13.703+0530][gc,marking  ] GC(597) Concurrent Mark From Roots
[2025-03-28T20:18:13.703+0530][gc,task     ] GC(597) Using 1 workers of 1 for marking
[2025-03-28T20:18:13.756+0530][gc,marking  ] GC(597) Concurrent Mark From Roots 52.824ms
[2025-03-28T20:18:13.756+0530][gc,marking  ] GC(597) Concurrent Preclean
[2025-03-28T20:18:13.756+0530][gc,marking  ] GC(597) Concurrent Preclean 0.126ms
[2025-03-28T20:18:13.756+0530][gc,start    ] GC(597) Pause Remark
[2025-03-28T20:18:13.768+0530][gc          ] GC(597) Pause Remark 236M->236M(1024M) 11.996ms
[2025-03-28T20:18:13.768+0530][gc,cpu      ] GC(597) User=0.02s Sys=0.00s Real=0.02s
[2025-03-28T20:18:13.768+0530][gc,marking  ] GC(597) Concurrent Mark 65.195ms
[2025-03-28T20:18:13.768+0530][gc,marking  ] GC(597) Concurrent Rebuild Remembered Sets
[2025-03-28T20:18:13.798+0530][gc,marking  ] GC(597) Concurrent Rebuild Remembered Sets 29.986ms
[2025-03-28T20:18:13.798+0530][gc,start    ] GC(597) Pause Cleanup
[2025-03-28T20:18:13.798+0530][gc          ] GC(597) Pause Cleanup 236M->236M(1024M) 0.201ms
[2025-03-28T20:18:13.798+0530][gc,cpu      ] GC(597) User=0.00s Sys=0.00s Real=0.00s
[2025-03-28T20:18:13.798+0530][gc,marking  ] GC(597) Concurrent Cleanup for Next Mark
[2025-03-28T20:18:13.800+0530][gc,marking  ] GC(597) Concurrent Cleanup for Next Mark 1.544ms
[2025-03-28T20:18:13.800+0530][gc          ] GC(597) Concurrent Mark Cycle 101.181ms
[2025-03-28T20:18:18.593+0530][gc,start    ] GC(652) Pause Young (Normal) (G1 Evacuation Pause)
[2025-03-28T20:18:18.593+0530][gc,task     ] GC(652) Using 2 workers of 2 for evacuation
[2025-03-28T20:18:18.611+0530][gc,phases   ] GC(652)   Pre Evacuate Collection Set: 0.2ms
[2025-03-28T20:18:18.611+0530][gc,phases   ] GC(652)   Merge Heap Roots: 0.1ms
[2025-03-28T20:18:18.611+0530][gc,phases   ] GC(652)   Evacuate Collection Set: 16.7ms
[2025-03-28T20:18:18.611+0530][gc,phases   ] GC(652)   Post Evacuate Collection Set: 0.5ms
[2025-03-28T20:18:18.611+0530][gc,phases   ] GC(652)   Other: 0.2ms
[2025-03-28T20:18:18.611+0530][gc,heap     ] GC(652) Eden regions: 229->0(247)
[2025-03-28T20:18:18.611+0530][gc,heap     ] GC(652) Survivor regions: 4->5(30)
[2025-03-28T20:18:18.611+0530][gc,heap     ] GC(652) Old regions: 158->158
[2025-03-28T20:18:18.611+0530][gc,heap     ] GC(652) Archive regions: 2->2
[2025-03-28T20:18:18.611+0530][gc,heap     ] GC(652) Humongous regions: 151->147
[2025-03-28T20:18:18.611+0530][gc,metaspace] GC(652) Metaspace: 53085K(53760K)->53085K(53760K) NonClass: 47176K(47488K)->47176K(47488K) Class: 5908K(6272K)->5908K(6272K)
[2025-03-28T20:18:18.611+0530][gc          ] GC(652) Pause Young (Normal) (G1 Evacuation Pause) 541M->309M(1024M) 17.808ms
[2025-03-28T20:18:18.611+0530][gc,cpu      ] GC(652) User=0.02s Sys=0.00s Real=0.02s
[2025-03-28T20:18:28.513+0530][gc,start    ] GC(653) Pause Young (Normal) (G1 Evacuation Pause)
[2025-03-28T20:18:28.513+0530][gc,task     ] GC(653) Using 2 workers of 2 for evacuation
[2025-03-28T20:18:28.525+0530][gc,phases   ] GC(653)   Pre Evacuate Collection Set: 0.4ms
[2025-03-28T20:18:28.525+0530][gc,phases   ] GC(653)   Merge Heap Roots: 0.2ms
[2025-03-28T20:18:28.525+0530][gc,phases   ] GC(653)   Evacuate Collection Set: 10.4ms
[2025-03-28T20:18:28.525+0530][gc,phases   ] GC(653)   Post Evacuate Collection Set: 0.7ms
[2025-03-28T20:18:28.525+0530][gc,phases   ] GC(653)   Other: 0.2ms
[2025-03-28T20:18:28.525+0530][gc,heap     ] GC(653) Eden regions: 247->0(43)
[2025-03-28T20:18:28.525+0530][gc,heap     ] GC(653) Survivor regions: 5->9(32)
[2025-03-28T20:18:28.525+0530][gc,heap     ] GC(653) Old regions: 158->158
[2025-03-28T20:18:28.525+0530][gc,heap     ] GC(653) Archive regions: 2->2
[2025-03-28T20:18:28.525+0530][gc,heap     ] GC(653) Humongous regions: 151->147
[2025-03-28T20:18:28.525+0530][gc,metaspace] GC(653) Metaspace: 53085K(53760K)->53085K(53760K) NonClass: 47176K(47488K)->47176K(47488K) Class: 5908K(6272K)->5908K(6272K)
[2025-03-28T20:18:28.525+0530][gc          ] GC(653) Pause Young (Normal) (G1 Evacuation Pause) 560M->313M(1024M) 11.876ms
[2025-03-28T20:18:28.525+0530][gc,cpu      ] GC(653) User=0.02s Sys=0.00s Real=0.01s
[2025-03-28T20:18:28.586+0530][gc,start    ] GC(654) Pause Young (Normal) (G1 Evacuation Pause)
[2025-03-28T20:18:28.586+0530][gc,task     ] GC(654) Using 2 workers of 2 for evacuation
[2025-03-28T20:18:28.708+0530][gc,mmu      ] GC(654) MMU target violated: 21.0ms (20.0ms/21.0ms)
[2025-03-28T20:18:28.708+0530][gc,phases   ] GC(654)   Pre Evacuate Collection Set: 0.2ms
[2025-03-28T20:18:28.708+0530][gc,phases   ] GC(654)   Merge Heap Roots: 0.1ms
[2025-03-28T20:18:28.708+0530][gc,phases   ] GC(654)   Evacuate Collection Set: 117.5ms
[2025-03-28T20:18:28.708+0530][gc,phases   ] GC(654)   Post Evacuate Collection Set: 4.7ms
[2025-03-28T20:18:28.708+0530][gc,phases   ] GC(654)   Other: 0.2ms
[2025-03-28T20:18:28.708+0530][gc,heap     ] GC(654) Eden regions: 43->0(50)
[2025-03-28T20:18:28.709+0530][gc,heap     ] GC(654) Survivor regions: 9->1(7)
[2025-03-28T20:18:28.709+0530][gc,heap     ] GC(654) Old regions: 158->160
[2025-03-28T20:18:28.709+0530][gc,heap     ] GC(654) Archive regions: 2->2
[2025-03-28T20:18:28.709+0530][gc,heap     ] GC(654) Humongous regions: 149->149
[2025-03-28T20:18:28.709+0530][gc,metaspace] GC(654) Metaspace: 53085K(53760K)->53085K(53760K) NonClass: 47176K(47488K)->47176K(47488K) Class: 5908K(6272K)->5908K(6272K)
[2025-03-28T20:18:28.709+0530][gc          ] GC(654) Pause Young (Normal) (G1 Evacuation Pause) 358M->310M(1024M) 122.849ms
[2025-03-28T20:18:28.709+0530][gc,cpu      ] GC(654) User=0.01s Sys=0.00s Real=0.13s
[2025-03-28T20:18:29.674+0530][gc,start    ] GC(655) Pause Young (Normal) (G1 Evacuation Pause)
[2025-03-28T20:18:29.674+0530][gc,task     ] GC(655) Using 2 workers of 2 for evacuation
[2025-03-28T20:18:29.682+0530][gc,phases   ] GC(655)   Pre Evacuate Collection Set: 0.2ms
[2025-03-28T20:18:29.682+0530][gc,phases   ] GC(655)   Merge Heap Roots: 0.1ms
[2025-03-28T20:18:29.682+0530][gc,phases   ] GC(655)   Evacuate Collection Set: 7.0ms
[2025-03-28T20:18:29.682+0530][gc,phases   ] GC(655)   Post Evacuate Collection Set: 0.7ms
[2025-03-28T20:18:29.682+0530][gc,phases   ] GC(655)   Other: 0.1ms
[2025-03-28T20:18:29.682+0530][gc,heap     ] GC(655) Eden regions: 50->0(45)
[2025-03-28T20:18:29.682+0530][gc,heap     ] GC(655) Survivor regions: 1->6(7)
[2025-03-28T20:18:29.682+0530][gc,heap     ] GC(655) Old regions: 160->160
[2025-03-28T20:18:29.682+0530][gc,heap     ] GC(655) Archive regions: 2->2
[2025-03-28T20:18:29.682+0530][gc,heap     ] GC(655) Humongous regions: 149->147
[2025-03-28T20:18:29.682+0530][gc,metaspace] GC(655) Metaspace: 53085K(53760K)->53085K(53760K) NonClass: 47176K(47488K)->47176K(47488K) Class: 5908K(6272K)->5908K(6272K)
[2025-03-28T20:18:29.682+0530][gc          ] GC(655) Pause Young (Normal) (G1 Evacuation Pause) 360M->313M(1024M) 8.135ms
[2025-03-28T20:18:29.682+0530][gc,cpu      ] GC(655) User=0.02s Sys=0.00s Real=0.01s
[2025-03-28T20:18:29.766+0530][gc,start    ] GC(656) Pause Young (Normal) (G1 Evacuation Pause)
[2025-03-28T20:18:29.766+0530][gc,task     ] GC(656) Using 2 workers of 2 for evacuation
[2025-03-28T20:18:29.780+0530][gc,phases   ] GC(656)   Pre Evacuate Collection Set: 0.2ms
[2025-03-28T20:18:29.780+0530][gc,phases   ] GC(656)   Merge Heap Roots: 0.1ms
[2025-03-28T20:18:29.780+0530][gc,phases   ] GC(656)   Evacuate Collection Set: 12.8ms
[2025-03-28T20:18:29.780+0530][gc,phases   ] GC(656)   Post Evacuate Collection Set: 0.5ms
[2025-03-28T20:18:29.780+0530][gc,phases   ] GC(656)   Other: 0.1ms
[2025-03-28T20:18:29.780+0530][gc,heap     ] GC(656) Eden regions: 45->0(49)
[2025-03-28T20:18:29.780+0530][gc,heap     ] GC(656) Survivor regions: 6->2(7)
[2025-03-28T20:18:29.780+0530][gc,heap     ] GC(656) Old regions: 160->161
[2025-03-28T20:18:29.780+0530][gc,heap     ] GC(656) Archive regions: 2->2
[2025-03-28T20:18:29.780+0530][gc,heap     ] GC(656) Humongous regions: 149->149
[2025-03-28T20:18:29.780+0530][gc,metaspace] GC(656) Metaspace: 53085K(53760K)->53085K(53760K) NonClass: 47176K(47488K)->47176K(47488K) Class: 5908K(6272K)->5908K(6272K)
[2025-03-28T20:18:29.780+0530][gc          ] GC(656) Pause Young (Normal) (G1 Evacuation Pause) 360M->312M(1024M) 13.775ms
[2025-03-28T20:18:29.780+0530][gc,cpu      ] GC(656) User=0.01s Sys=0.00s Real=0.01s
[2025-03-28T20:18:38.604+0530][gc,start    ] GC(657) Pause Young (Normal) (G1 Evacuation Pause)
[2025-03-28T20:18:38.604+0530][gc,task     ] GC(657) Using 2 workers of 2 for evacuation
[2025-03-28T20:18:38.614+0530][gc,phases   ] GC(657)   Pre Evacuate Collection Set: 0.2ms
[2025-03-28T20:18:38.614+0530][gc,phases   ] GC(657)   Merge Heap Roots: 0.1ms
[2025-03-28T20:18:38.614+0530][gc,phases   ] GC(657)   Evacuate Collection Set: 6.8ms
[2025-03-28T20:18:38.614+0530][gc,phases   ] GC(657)   Post Evacuate Collection Set: 2.3ms
[2025-03-28T20:18:38.614+0530][gc,phases   ] GC(657)   Other: 0.1ms
[2025-03-28T20:18:38.614+0530][gc,heap     ] GC(657) Eden regions: 49->0(47)
[2025-03-28T20:18:38.614+0530][gc,heap     ] GC(657) Survivor regions: 2->4(7)
[2025-03-28T20:18:38.614+0530][gc,heap     ] GC(657) Old regions: 161->161
[2025-03-28T20:18:38.614+0530][gc,heap     ] GC(657) Archive regions: 2->2
[2025-03-28T20:18:38.614+0530][gc,heap     ] GC(657) Humongous regions: 149->147
[2025-03-28T20:18:38.614+0530][gc,metaspace] GC(657) Metaspace: 53085K(53760K)->53085K(53760K) NonClass: 47176K(47488K)->47176K(47488K) Class: 5908K(6272K)->5908K(6272K)
[2025-03-28T20:18:38.614+0530][gc          ] GC(657) Pause Young (Normal) (G1 Evacuation Pause) 361M->312M(1024M) 9.660ms
[2025-03-28T20:18:38.614+0530][gc,cpu      ] GC(657) User=0.00s Sys=0.00s Real=0.01s
[2025-03-28T20:18:38.746+0530][gc,start    ] GC(658) Pause Young (Normal) (G1 Evacuation Pause)
[2025-03-28T20:18:38.746+0530][gc,task     ] GC(658) Using 2 workers of 2 for evacuation
[2025-03-28T20:18:38.754+0530][gc,phases   ] GC(658)   Pre Evacuate Collection Set: 0.1ms
[2025-03-28T20:18:38.754+0530][gc,phases   ] GC(658)   Merge Heap Roots: 0.1ms
[2025-03-28T20:18:38.754+0530][gc,phases   ] GC(658)   Evacuate Collection Set: 6.7ms
[2025-03-28T20:18:38.754+0530][gc,phases   ] GC(658)   Post Evacuate Collection Set: 1.2ms
[2025-03-28T20:18:38.754+0530][gc,phases   ] GC(658)   Other: 0.1ms
[2025-03-28T20:18:38.754+0530][gc,heap     ] GC(658) Eden regions: 47->0(49)
[2025-03-28T20:18:38.754+0530][gc,heap     ] GC(658) Survivor regions: 4->2(7)
[2025-03-28T20:18:38.754+0530][gc,heap     ] GC(658) Old regions: 161->162
[2025-03-28T20:18:38.754+0530][gc,heap     ] GC(658) Archive regions: 2->2
[2025-03-28T20:18:38.754+0530][gc,heap     ] GC(658) Humongous regions: 149->149
[2025-03-28T20:18:38.755+0530][gc,metaspace] GC(658) Metaspace: 53085K(53760K)->53085K(53760K) NonClass: 47176K(47488K)->47176K(47488K) Class: 5908K(6272K)->5908K(6272K)
[2025-03-28T20:18:38.755+0530][gc          ] GC(658) Pause Young (Normal) (G1 Evacuation Pause) 361M->313M(1024M) 8.390ms
[2025-03-28T20:18:38.755+0530][gc,cpu      ] GC(658) User=0.01s Sys=0.00s Real=0.00s
[2025-03-28T20:18:39.678+0530][gc,start    ] GC(659) Pause Young (Normal) (G1 Evacuation Pause)
[2025-03-28T20:18:39.678+0530][gc,task     ] GC(659) Using 2 workers of 2 for evacuation
[2025-03-28T20:18:39.682+0530][gc,phases   ] GC(659)   Pre Evacuate Collection Set: 0.2ms
[2025-03-28T20:18:39.682+0530][gc,phases   ] GC(659)   Merge Heap Roots: 0.1ms
[2025-03-28T20:18:39.682+0530][gc,phases   ] GC(659)   Evacuate Collection Set: 2.6ms
[2025-03-28T20:18:39.682+0530][gc,phases   ] GC(659)   Post Evacuate Collection Set: 0.6ms
[2025-03-28T20:18:39.682+0530][gc,phases   ] GC(659)   Other: 0.3ms
[2025-03-28T20:18:39.682+0530][gc,heap     ] GC(659) Eden regions: 49->0(49)
[2025-03-28T20:18:39.682+0530][gc,heap     ] GC(659) Survivor regions: 2->2(7)
[2025-03-28T20:18:39.682+0530][gc,heap     ] GC(659) Old regions: 162->162
[2025-03-28T20:18:39.682+0530][gc,heap     ] GC(659) Archive regions: 2->2
[2025-03-28T20:18:39.682+0530][gc,heap     ] GC(659) Humongous regions: 149->147
[2025-03-28T20:18:39.682+0530][gc,metaspace] GC(659) Metaspace: 53085K(53760K)->53085K(53760K) NonClass: 47176K(47488K)->47176K(47488K) Class: 5908K(6272K)->5908K(6272K)
[2025-03-28T20:18:39.682+0530][gc          ] GC(659) Pause Young (Normal) (G1 Evacuation Pause) 362M->311M(1024M) 3.829ms
[2025-03-28T20:18:39.682+0530][gc,cpu      ] GC(659) User=0.01s Sys=0.00s Real=0.01s
[2025-03-28T20:18:39.752+0530][gc,start    ] GC(660) Pause Young (Normal) (G1 Evacuation Pause)
[2025-03-28T20:18:39.752+0530][gc,task     ] GC(660) Using 2 workers of 2 for evacuation
[2025-03-28T20:18:39.760+0530][gc,phases   ] GC(660)   Pre Evacuate Collection Set: 0.2ms
[2025-03-28T20:18:39.760+0530][gc,phases   ] GC(660)   Merge Heap Roots: 0.1ms
[2025-03-28T20:18:39.760+0530][gc,phases   ] GC(660)   Evacuate Collection Set: 6.7ms
[2025-03-28T20:18:39.760+0530][gc,phases   ] GC(660)   Post Evacuate Collection Set: 0.6ms
[2025-03-28T20:18:39.760+0530][gc,phases   ] GC(660)   Other: 0.2ms
[2025-03-28T20:18:39.760+0530][gc,heap     ] GC(660) Eden regions: 49->0(44)
[2025-03-28T20:18:39.760+0530][gc,heap     ] GC(660) Survivor regions: 2->7(7)
[2025-03-28T20:18:39.760+0530][gc,heap     ] GC(660) Old regions: 162->163
[2025-03-28T20:18:39.760+0530][gc,heap     ] GC(660) Archive regions: 2->2
[2025-03-28T20:18:39.760+0530][gc,heap     ] GC(660) Humongous regions: 147->147
[2025-03-28T20:18:39.760+0530][gc,metaspace] GC(660) Metaspace: 53085K(53760K)->53085K(53760K) NonClass: 47176K(47488K)->47176K(47488K) Class: 5908K(6272K)->5908K(6272K)
[2025-03-28T20:18:39.760+0530][gc          ] GC(660) Pause Young (Normal) (G1 Evacuation Pause) 360M->317M(1024M) 7.898ms
[2025-03-28T20:18:39.760+0530][gc,cpu      ] GC(660) User=0.01s Sys=0.01s Real=0.01s
[2025-03-28T20:18:43.515+0530][gc,start    ] GC(598) Pause Young (Prepare Mixed) (G1 Evacuation Pause)
[2025-03-28T20:18:43.515+0530][gc,task     ] GC(598) Using 2 workers of 2 for evacuation
[2025-03-28T20:18:43.523+0530][gc,phases   ] GC(598)   Pre Evacuate Collection Set: 0.2ms
[2025-03-28T20:18:43.523+0530][gc,phases   ] GC(598)   Merge Heap Roots: 0.2ms
[2025-03-28T20:18:43.523+0530][gc,phases   ] GC(598)   Evacuate Collection Set: 6.2ms
[2025-03-28T20:18:43.523+0530][gc,phases   ] GC(598)   Post Evacuate Collection Set: 0.8ms
[2025-03-28T20:18:43.523+0530][gc,phases   ] GC(598)   Other: 0.1ms
[2025-03-28T20:18:43.523+0530][gc,heap     ] GC(598) Eden regions: 610->0(47)
[2025-03-28T20:18:43.523+0530][gc,heap     ] GC(598) Survivor regions: 4->4(77)
[2025-03-28T20:18:43.523+0530][gc,heap     ] GC(598) Old regions: 43->43
[2025-03-28T20:18:43.523+0530][gc,heap     ] GC(598) Archive regions: 2->2
[2025-03-28T20:18:43.523+0530][gc,heap     ] GC(598) Humongous regions: 159->147
[2025-03-28T20:18:43.523+0530][gc,metaspace] GC(598) Metaspace: 52909K(53568K)->52909K(53568K) NonClass: 47042K(47360K)->47042K(47360K) Class: 5867K(6208K)->5867K(6208K)
[2025-03-28T20:18:43.523+0530][gc          ] GC(598) Pause Young (Prepare Mixed) (G1 Evacuation Pause) 816M->194M(1024M) 7.630ms
[2025-03-28T20:18:43.523+0530][gc,cpu      ] GC(598) User=0.01s Sys=0.00s Real=0.00s
[2025-03-28T20:18:43.607+0530][gc,start    ] GC(599) Pause Young (Mixed) (G1 Evacuation Pause)
[2025-03-28T20:18:43.607+0530][gc,task     ] GC(599) Using 2 workers of 2 for evacuation
[2025-03-28T20:18:43.616+0530][gc,phases   ] GC(599)   Pre Evacuate Collection Set: 0.2ms
[2025-03-28T20:18:43.617+0530][gc,phases   ] GC(599)   Merge Heap Roots: 0.1ms
[2025-03-28T20:18:43.617+0530][gc,phases   ] GC(599)   Evacuate Collection Set: 7.8ms
[2025-03-28T20:18:43.617+0530][gc,phases   ] GC(599)   Post Evacuate Collection Set: 1.3ms
[2025-03-28T20:18:43.617+0530][gc,phases   ] GC(599)   Other: 0.2ms
[2025-03-28T20:18:43.617+0530][gc,heap     ] GC(599) Eden regions: 47->0(611)
[2025-03-28T20:18:43.617+0530][gc,heap     ] GC(599) Survivor regions: 4->3(7)
[2025-03-28T20:18:43.617+0530][gc,heap     ] GC(599) Old regions: 43->41
[2025-03-28T20:18:43.617+0530][gc,heap     ] GC(599) Archive regions: 2->2
[2025-03-28T20:18:43.617+0530][gc,heap     ] GC(599) Humongous regions: 149->149
[2025-03-28T20:18:43.617+0530][gc,metaspace] GC(599) Metaspace: 52909K(53568K)->52909K(53568K) NonClass: 47042K(47360K)->47042K(47360K) Class: 5867K(6208K)->5867K(6208K)
[2025-03-28T20:18:43.617+0530][gc          ] GC(599) Pause Young (Mixed) (G1 Evacuation Pause) 243M->193M(1024M) 9.727ms
[2025-03-28T20:18:43.617+0530][gc,cpu      ] GC(599) User=0.02s Sys=0.01s Real=0.01s
[2025-03-28T20:18:44.614+0530][gc,start    ] GC(661) Pause Young (Normal) (G1 Evacuation Pause)
[2025-03-28T20:18:44.614+0530][gc,task     ] GC(661) Using 2 workers of 2 for evacuation
[2025-03-28T20:18:44.654+0530][gc,mmu      ] GC(661) MMU target violated: 21.0ms (20.0ms/21.0ms)
[2025-03-28T20:18:44.654+0530][gc,phases   ] GC(661)   Pre Evacuate Collection Set: 0.9ms
[2025-03-28T20:18:44.654+0530][gc,phases   ] GC(661)   Merge Heap Roots: 0.4ms
[2025-03-28T20:18:44.654+0530][gc,phases   ] GC(661)   Evacuate Collection Set: 10.8ms
[2025-03-28T20:18:44.655+0530][gc,phases   ] GC(661)   Post Evacuate Collection Set: 27.8ms
[2025-03-28T20:18:44.655+0530][gc,phases   ] GC(661)   Other: 0.9ms
[2025-03-28T20:18:44.655+0530][gc,heap     ] GC(661) Eden regions: 44->0(50)
[2025-03-28T20:18:44.655+0530][gc,heap     ] GC(661) Survivor regions: 7->1(7)
[2025-03-28T20:18:44.655+0530][gc,heap     ] GC(661) Old regions: 163->163
[2025-03-28T20:18:44.655+0530][gc,heap     ] GC(661) Archive regions: 2->2
[2025-03-28T20:18:44.655+0530][gc,heap     ] GC(661) Humongous regions: 149->147
[2025-03-28T20:18:44.655+0530][gc,metaspace] GC(661) Metaspace: 53085K(53760K)->53085K(53760K) NonClass: 47176K(47488K)->47176K(47488K) Class: 5908K(6272K)->5908K(6272K)
[2025-03-28T20:18:44.655+0530][gc          ] GC(661) Pause Young (Normal) (G1 Evacuation Pause) 363M->311M(1024M) 41.354ms
[2025-03-28T20:18:44.655+0530][gc,cpu      ] GC(661) User=0.02s Sys=0.01s Real=0.04s
[2025-03-28T20:18:48.550+0530][gc,start    ] GC(662) Pause Young (Normal) (G1 Evacuation Pause)
[2025-03-28T20:18:48.550+0530][gc,task     ] GC(662) Using 2 workers of 2 for evacuation
[2025-03-28T20:18:48.571+0530][gc,mmu      ] GC(662) MMU target violated: 21.0ms (20.0ms/21.0ms)
[2025-03-28T20:18:48.571+0530][gc,phases   ] GC(662)   Pre Evacuate Collection Set: 0.4ms
[2025-03-28T20:18:48.571+0530][gc,phases   ] GC(662)   Merge Heap Roots: 0.2ms
[2025-03-28T20:18:48.571+0530][gc,phases   ] GC(662)   Evacuate Collection Set: 20.2ms
[2025-03-28T20:18:48.571+0530][gc,phases   ] GC(662)   Post Evacuate Collection Set: 0.4ms
[2025-03-28T20:18:48.571+0530][gc,phases   ] GC(662)   Other: 0.2ms
[2025-03-28T20:18:48.571+0530][gc,heap     ] GC(662) Eden regions: 50->0(45)
[2025-03-28T20:18:48.571+0530][gc,heap     ] GC(662) Survivor regions: 1->6(7)
[2025-03-28T20:18:48.571+0530][gc,heap     ] GC(662) Old regions: 163->163
[2025-03-28T20:18:48.571+0530][gc,heap     ] GC(662) Archive regions: 2->2
[2025-03-28T20:18:48.571+0530][gc,heap     ] GC(662) Humongous regions: 147->147
[2025-03-28T20:18:48.571+0530][gc,metaspace] GC(662) Metaspace: 53085K(53760K)->53085K(53760K) NonClass: 47176K(47488K)->47176K(47488K) Class: 5908K(6272K)->5908K(6272K)
[2025-03-28T20:18:48.571+0530][gc          ] GC(662) Pause Young (Normal) (G1 Evacuation Pause) 361M->316M(1024M) 21.480ms
[2025-03-28T20:18:48.571+0530][gc,cpu      ] GC(662) User=0.03s Sys=0.00s Real=0.03s
[2025-03-28T20:18:48.650+0530][gc,start    ] GC(663) Pause Young (Normal) (G1 Evacuation Pause)
[2025-03-28T20:18:48.650+0530][gc,task     ] GC(663) Using 2 workers of 2 for evacuation
[2025-03-28T20:18:48.659+0530][gc,phases   ] GC(663)   Pre Evacuate Collection Set: 0.2ms
[2025-03-28T20:18:48.659+0530][gc,phases   ] GC(663)   Merge Heap Roots: 0.9ms
[2025-03-28T20:18:48.659+0530][gc,phases   ] GC(663)   Evacuate Collection Set: 7.3ms
[2025-03-28T20:18:48.659+0530][gc,phases   ] GC(663)   Post Evacuate Collection Set: 0.4ms
[2025-03-28T20:18:48.659+0530][gc,phases   ] GC(663)   Other: 0.2ms
[2025-03-28T20:18:48.659+0530][gc,heap     ] GC(663) Eden regions: 45->0(49)
[2025-03-28T20:18:48.659+0530][gc,heap     ] GC(663) Survivor regions: 6->2(7)
[2025-03-28T20:18:48.659+0530][gc,heap     ] GC(663) Old regions: 163->164
[2025-03-28T20:18:48.659+0530][gc,heap     ] GC(663) Archive regions: 2->2
[2025-03-28T20:18:48.659+0530][gc,heap     ] GC(663) Humongous regions: 149->149
[2025-03-28T20:18:48.659+0530][gc,metaspace] GC(663) Metaspace: 53085K(53760K)->53085K(53760K) NonClass: 47176K(47488K)->47176K(47488K) Class: 5908K(6272K)->5908K(6272K)
[2025-03-28T20:18:48.659+0530][gc          ] GC(663) Pause Young (Normal) (G1 Evacuation Pause) 363M->315M(1024M) 9.019ms
[2025-03-28T20:18:48.659+0530][gc,cpu      ] GC(663) User=0.01s Sys=0.00s Real=0.02s
[2025-03-28T20:18:49.678+0530][gc,start    ] GC(664) Pause Young (Normal) (G1 Evacuation Pause)
[2025-03-28T20:18:49.678+0530][gc,task     ] GC(664) Using 2 workers of 2 for evacuation
[2025-03-28T20:18:49.685+0530][gc,phases   ] GC(664)   Pre Evacuate Collection Set: 0.3ms
[2025-03-28T20:18:49.685+0530][gc,phases   ] GC(664)   Merge Heap Roots: 0.2ms
[2025-03-28T20:18:49.685+0530][gc,phases   ] GC(664)   Evacuate Collection Set: 5.0ms
[2025-03-28T20:18:49.685+0530][gc,phases   ] GC(664)   Post Evacuate Collection Set: 0.9ms
[2025-03-28T20:18:49.685+0530][gc,phases   ] GC(664)   Other: 0.1ms
[2025-03-28T20:18:49.685+0530][gc,heap     ] GC(664) Eden regions: 49->0(47)
[2025-03-28T20:18:49.685+0530][gc,heap     ] GC(664) Survivor regions: 2->4(7)
[2025-03-28T20:18:49.685+0530][gc,heap     ] GC(664) Old regions: 164->164
[2025-03-28T20:18:49.685+0530][gc,heap     ] GC(664) Archive regions: 2->2
[2025-03-28T20:18:49.685+0530][gc,heap     ] GC(664) Humongous regions: 149->147
[2025-03-28T20:18:49.685+0530][gc,metaspace] GC(664) Metaspace: 53085K(53760K)->53085K(53760K) NonClass: 47177K(47488K)->47177K(47488K) Class: 5908K(6272K)->5908K(6272K)
[2025-03-28T20:18:49.685+0530][gc          ] GC(664) Pause Young (Normal) (G1 Evacuation Pause) 364M->315M(1024M) 6.666ms
[2025-03-28T20:18:49.685+0530][gc,cpu      ] GC(664) User=0.01s Sys=0.01s Real=0.00s
[2025-03-28T20:18:49.764+0530][gc,start    ] GC(665) Pause Young (Normal) (G1 Evacuation Pause)
[2025-03-28T20:18:49.764+0530][gc,task     ] GC(665) Using 2 workers of 2 for evacuation
[2025-03-28T20:18:49.770+0530][gc,phases   ] GC(665)   Pre Evacuate Collection Set: 0.2ms
[2025-03-28T20:18:49.770+0530][gc,phases   ] GC(665)   Merge Heap Roots: 0.1ms
[2025-03-28T20:18:49.770+0530][gc,phases   ] GC(665)   Evacuate Collection Set: 4.9ms
[2025-03-28T20:18:49.770+0530][gc,phases   ] GC(665)   Post Evacuate Collection Set: 0.5ms
[2025-03-28T20:18:49.770+0530][gc,phases   ] GC(665)   Other: 0.2ms
[2025-03-28T20:18:49.770+0530][gc,heap     ] GC(665) Eden regions: 47->0(49)
[2025-03-28T20:18:49.770+0530][gc,heap     ] GC(665) Survivor regions: 4->2(7)
[2025-03-28T20:18:49.770+0530][gc,heap     ] GC(665) Old regions: 164->165
[2025-03-28T20:18:49.770+0530][gc,heap     ] GC(665) Archive regions: 2->2
[2025-03-28T20:18:49.770+0530][gc,heap     ] GC(665) Humongous regions: 149->149
[2025-03-28T20:18:49.770+0530][gc,metaspace] GC(665) Metaspace: 53085K(53760K)->53085K(53760K) NonClass: 47177K(47488K)->47177K(47488K) Class: 5908K(6272K)->5908K(6272K)
[2025-03-28T20:18:49.770+0530][gc          ] GC(665) Pause Young (Normal) (G1 Evacuation Pause) 364M->316M(1024M) 5.921ms
[2025-03-28T20:18:49.770+0530][gc,cpu      ] GC(665) User=0.01s Sys=0.00s Real=0.01s
[2025-03-28T20:18:58.448+0530][gc,start    ] GC(666) Pause Young (Normal) (G1 Evacuation Pause)
[2025-03-28T20:18:58.448+0530][gc,task     ] GC(666) Using 2 workers of 2 for evacuation
[2025-03-28T20:18:58.459+0530][gc,phases   ] GC(666)   Pre Evacuate Collection Set: 0.3ms
[2025-03-28T20:18:58.459+0530][gc,phases   ] GC(666)   Merge Heap Roots: 0.2ms
[2025-03-28T20:18:58.459+0530][gc,phases   ] GC(666)   Evacuate Collection Set: 9.3ms
[2025-03-28T20:18:58.459+0530][gc,phases   ] GC(666)   Post Evacuate Collection Set: 0.7ms
[2025-03-28T20:18:58.459+0530][gc,phases   ] GC(666)   Other: 0.3ms
[2025-03-28T20:18:58.459+0530][gc,heap     ] GC(666) Eden regions: 49->0(54)
[2025-03-28T20:18:58.459+0530][gc,heap     ] GC(666) Survivor regions: 2->3(7)
[2025-03-28T20:18:58.459+0530][gc,heap     ] GC(666) Old regions: 165->165
[2025-03-28T20:18:58.459+0530][gc,heap     ] GC(666) Archive regions: 2->2
[2025-03-28T20:18:58.459+0530][gc,heap     ] GC(666) Humongous regions: 149->147
[2025-03-28T20:18:58.459+0530][gc,metaspace] GC(666) Metaspace: 53085K(53760K)->53085K(53760K) NonClass: 47177K(47488K)->47177K(47488K) Class: 5908K(6272K)->5908K(6272K)
[2025-03-28T20:18:58.459+0530][gc          ] GC(666) Pause Young (Normal) (G1 Evacuation Pause) 365M->314M(1024M) 10.903ms
[2025-03-28T20:18:58.459+0530][gc,cpu      ] GC(666) User=0.01s Sys=0.00s Real=0.02s
[2025-03-28T20:18:58.692+0530][gc,start    ] GC(667) Pause Young (Normal) (G1 Evacuation Pause)
[2025-03-28T20:18:58.692+0530][gc,task     ] GC(667) Using 2 workers of 2 for evacuation
[2025-03-28T20:18:58.699+0530][gc,phases   ] GC(667)   Pre Evacuate Collection Set: 0.2ms
[2025-03-28T20:18:58.699+0530][gc,phases   ] GC(667)   Merge Heap Roots: 0.1ms
[2025-03-28T20:18:58.699+0530][gc,phases   ] GC(667)   Evacuate Collection Set: 4.9ms
[2025-03-28T20:18:58.699+0530][gc,phases   ] GC(667)   Post Evacuate Collection Set: 2.6ms
[2025-03-28T20:18:58.699+0530][gc,phases   ] GC(667)   Other: 0.1ms
[2025-03-28T20:18:58.699+0530][gc,heap     ] GC(667) Eden regions: 54->0(84)
[2025-03-28T20:18:58.699+0530][gc,heap     ] GC(667) Survivor regions: 3->3(8)
[2025-03-28T20:18:58.700+0530][gc,heap     ] GC(667) Old regions: 165->165
[2025-03-28T20:18:58.700+0530][gc,heap     ] GC(667) Archive regions: 2->2
[2025-03-28T20:18:58.700+0530][gc,heap     ] GC(667) Humongous regions: 149->149
[2025-03-28T20:18:58.700+0530][gc,metaspace] GC(667) Metaspace: 53085K(53760K)->53085K(53760K) NonClass: 47177K(47488K)->47177K(47488K) Class: 5908K(6272K)->5908K(6272K)
[2025-03-28T20:18:58.700+0530][gc          ] GC(667) Pause Young (Normal) (G1 Evacuation Pause) 370M->317M(1024M) 7.995ms
[2025-03-28T20:18:58.700+0530][gc,cpu      ] GC(667) User=0.01s Sys=0.00s Real=0.01s
[2025-03-28T20:18:59.685+0530][gc,start    ] GC(668) Pause Young (Normal) (G1 Evacuation Pause)
[2025-03-28T20:18:59.685+0530][gc,task     ] GC(668) Using 2 workers of 2 for evacuation
[2025-03-28T20:18:59.695+0530][gc,phases   ] GC(668)   Pre Evacuate Collection Set: 0.3ms
[2025-03-28T20:18:59.695+0530][gc,phases   ] GC(668)   Merge Heap Roots: 0.1ms
[2025-03-28T20:18:59.695+0530][gc,phases   ] GC(668)   Evacuate Collection Set: 9.2ms
[2025-03-28T20:18:59.695+0530][gc,phases   ] GC(668)   Post Evacuate Collection Set: 0.4ms
[2025-03-28T20:18:59.695+0530][gc,phases   ] GC(668)   Other: 0.2ms
[2025-03-28T20:18:59.695+0530][gc,heap     ] GC(668) Eden regions: 84->0(72)
[2025-03-28T20:18:59.695+0530][gc,heap     ] GC(668) Survivor regions: 3->6(11)
[2025-03-28T20:18:59.695+0530][gc,heap     ] GC(668) Old regions: 165->165
[2025-03-28T20:18:59.695+0530][gc,heap     ] GC(668) Archive regions: 2->2
[2025-03-28T20:18:59.695+0530][gc,heap     ] GC(668) Humongous regions: 149->147
[2025-03-28T20:18:59.695+0530][gc,metaspace] GC(668) Metaspace: 53085K(53760K)->53085K(53760K) NonClass: 47177K(47488K)->47177K(47488K) Class: 5908K(6272K)->5908K(6272K)
[2025-03-28T20:18:59.695+0530][gc          ] GC(668) Pause Young (Normal) (G1 Evacuation Pause) 401M->317M(1024M) 10.263ms
[2025-03-28T20:18:59.695+0530][gc,cpu      ] GC(668) User=0.01s Sys=0.00s Real=0.02s
[2025-03-28T20:19:08.481+0530][gc,start    ] GC(669) Pause Young (Normal) (G1 Evacuation Pause)
[2025-03-28T20:19:08.481+0530][gc,task     ] GC(669) Using 2 workers of 2 for evacuation
[2025-03-28T20:19:08.489+0530][gc,phases   ] GC(669)   Pre Evacuate Collection Set: 0.2ms
[2025-03-28T20:19:08.489+0530][gc,phases   ] GC(669)   Merge Heap Roots: 0.1ms
[2025-03-28T20:19:08.489+0530][gc,phases   ] GC(669)   Evacuate Collection Set: 3.8ms
[2025-03-28T20:19:08.489+0530][gc,phases   ] GC(669)   Post Evacuate Collection Set: 3.5ms
[2025-03-28T20:19:08.489+0530][gc,phases   ] GC(669)   Other: 0.1ms
[2025-03-28T20:19:08.489+0530][gc,heap     ] GC(669) Eden regions: 72->0(230)
[2025-03-28T20:19:08.489+0530][gc,heap     ] GC(669) Survivor regions: 6->2(10)
[2025-03-28T20:19:08.489+0530][gc,heap     ] GC(669) Old regions: 165->165
[2025-03-28T20:19:08.489+0530][gc,heap     ] GC(669) Archive regions: 2->2
[2025-03-28T20:19:08.489+0530][gc,heap     ] GC(669) Humongous regions: 149->147
[2025-03-28T20:19:08.489+0530][gc,metaspace] GC(669) Metaspace: 53085K(53760K)->53085K(53760K) NonClass: 47177K(47488K)->47177K(47488K) Class: 5908K(6272K)->5908K(6272K)
[2025-03-28T20:19:08.489+0530][gc          ] GC(669) Pause Young (Normal) (G1 Evacuation Pause) 391M->314M(1024M) 7.929ms
[2025-03-28T20:19:08.489+0530][gc,cpu      ] GC(669) User=0.01s Sys=0.00s Real=0.01s
[2025-03-28T20:19:13.521+0530][gc,start    ] GC(600) Pause Young (Normal) (G1 Evacuation Pause)
[2025-03-28T20:19:13.521+0530][gc,task     ] GC(600) Using 2 workers of 2 for evacuation
[2025-03-28T20:19:13.532+0530][gc,phases   ] GC(600)   Pre Evacuate Collection Set: 0.3ms
[2025-03-28T20:19:13.532+0530][gc,phases   ] GC(600)   Merge Heap Roots: 0.3ms
[2025-03-28T20:19:13.532+0530][gc,phases   ] GC(600)   Evacuate Collection Set: 9.9ms
[2025-03-28T20:19:13.532+0530][gc,phases   ] GC(600)   Post Evacuate Collection Set: 0.9ms
[2025-03-28T20:19:13.532+0530][gc,phases   ] GC(600)   Other: 0.1ms
[2025-03-28T20:19:13.532+0530][gc,heap     ] GC(600) Eden regions: 611->0(608)
[2025-03-28T20:19:13.532+0530][gc,heap     ] GC(600) Survivor regions: 3->6(77)
[2025-03-28T20:19:13.532+0530][gc,heap     ] GC(600) Old regions: 41->41
[2025-03-28T20:19:13.532+0530][gc,heap     ] GC(600) Archive regions: 2->2
[2025-03-28T20:19:13.532+0530][gc,heap     ] GC(600) Humongous regions: 159->147
[2025-03-28T20:19:13.532+0530][gc,metaspace] GC(600) Metaspace: 52910K(53568K)->52910K(53568K) NonClass: 47042K(47360K)->47042K(47360K) Class: 5867K(6208K)->5867K(6208K)
[2025-03-28T20:19:13.532+0530][gc          ] GC(600) Pause Young (Normal) (G1 Evacuation Pause) 814M->194M(1024M) 11.676ms
[2025-03-28T20:19:13.532+0530][gc,cpu      ] GC(600) User=0.02s Sys=0.00s Real=0.01s
[2025-03-28T20:19:13.603+0530][gc,start    ] GC(601) Pause Young (Concurrent Start) (G1 Humongous Allocation)
[2025-03-28T20:19:13.603+0530][gc,task     ] GC(601) Using 2 workers of 2 for evacuation
[2025-03-28T20:19:13.613+0530][gc,phases   ] GC(601)   Pre Evacuate Collection Set: 0.3ms
[2025-03-28T20:19:13.613+0530][gc,phases   ] GC(601)   Merge Heap Roots: 0.1ms
[2025-03-28T20:19:13.613+0530][gc,phases   ] GC(601)   Evacuate Collection Set: 9.2ms
[2025-03-28T20:19:13.613+0530][gc,phases   ] GC(601)   Post Evacuate Collection Set: 0.7ms
[2025-03-28T20:19:13.613+0530][gc,phases   ] GC(601)   Other: 0.2ms
[2025-03-28T20:19:13.613+0530][gc,heap     ] GC(601) Eden regions: 37->0(402)
[2025-03-28T20:19:13.613+0530][gc,heap     ] GC(601) Survivor regions: 6->4(77)
[2025-03-28T20:19:13.613+0530][gc,heap     ] GC(601) Old regions: 41->41
[2025-03-28T20:19:13.613+0530][gc,heap     ] GC(601) Archive regions: 2->2
[2025-03-28T20:19:13.613+0530][gc,heap     ] GC(601) Humongous regions: 147->147
[2025-03-28T20:19:13.613+0530][gc,metaspace] GC(601) Metaspace: 52910K(53568K)->52910K(53568K) NonClass: 47042K(47360K)->47042K(47360K) Class: 5867K(6208K)->5867K(6208K)
[2025-03-28T20:19:13.613+0530][gc          ] GC(601) Pause Young (Concurrent Start) (G1 Humongous Allocation) 230M->192M(1024M) 10.654ms
[2025-03-28T20:19:13.613+0530][gc,cpu      ] GC(601) User=0.02s Sys=0.01s Real=0.01s
[2025-03-28T20:19:13.613+0530][gc          ] GC(602) Concurrent Mark Cycle
[2025-03-28T20:19:13.613+0530][gc,marking  ] GC(602) Concurrent Clear Claimed Marks
[2025-03-28T20:19:13.614+0530][gc,marking  ] GC(602) Concurrent Clear Claimed Marks 0.101ms
[2025-03-28T20:19:13.614+0530][gc,marking  ] GC(602) Concurrent Scan Root Regions
[2025-03-28T20:19:13.618+0530][gc,marking  ] GC(602) Concurrent Scan Root Regions 4.931ms
[2025-03-28T20:19:13.619+0530][gc,marking  ] GC(602) Concurrent Mark
[2025-03-28T20:19:13.619+0530][gc,marking  ] GC(602) Concurrent Mark From Roots
[2025-03-28T20:19:13.619+0530][gc,task     ] GC(602) Using 1 workers of 1 for marking
[2025-03-28T20:19:13.691+0530][gc,marking  ] GC(602) Concurrent Mark From Roots 72.441ms
[2025-03-28T20:19:13.691+0530][gc,marking  ] GC(602) Concurrent Preclean
[2025-03-28T20:19:13.691+0530][gc,marking  ] GC(602) Concurrent Preclean 0.128ms
[2025-03-28T20:19:13.691+0530][gc,start    ] GC(602) Pause Remark
[2025-03-28T20:19:13.705+0530][gc          ] GC(602) Pause Remark 234M->234M(1024M) 13.805ms
[2025-03-28T20:19:13.705+0530][gc,cpu      ] GC(602) User=0.02s Sys=0.00s Real=0.02s
[2025-03-28T20:19:13.705+0530][gc,marking  ] GC(602) Concurrent Mark 86.585ms
[2025-03-28T20:19:13.705+0530][gc,marking  ] GC(602) Concurrent Rebuild Remembered Sets
[2025-03-28T20:19:13.733+0530][gc,marking  ] GC(602) Concurrent Rebuild Remembered Sets 28.248ms
[2025-03-28T20:19:13.733+0530][gc,start    ] GC(602) Pause Cleanup
[2025-03-28T20:19:13.734+0530][gc          ] GC(602) Pause Cleanup 234M->234M(1024M) 0.371ms
[2025-03-28T20:19:13.734+0530][gc,cpu      ] GC(602) User=0.00s Sys=0.00s Real=0.01s
[2025-03-28T20:19:13.734+0530][gc,marking  ] GC(602) Concurrent Cleanup for Next Mark
[2025-03-28T20:19:13.736+0530][gc,marking  ] GC(602) Concurrent Cleanup for Next Mark 1.699ms
[2025-03-28T20:19:13.736+0530][gc          ] GC(602) Concurrent Mark Cycle 122.223ms
[2025-03-28T20:19:18.502+0530][gc,start    ] GC(670) Pause Young (Normal) (G1 Evacuation Pause)
[2025-03-28T20:19:18.502+0530][gc,task     ] GC(670) Using 2 workers of 2 for evacuation
[2025-03-28T20:19:18.516+0530][gc,phases   ] GC(670)   Pre Evacuate Collection Set: 0.3ms
[2025-03-28T20:19:18.516+0530][gc,phases   ] GC(670)   Merge Heap Roots: 0.3ms
[2025-03-28T20:19:18.516+0530][gc,phases   ] GC(670)   Evacuate Collection Set: 6.6ms
[2025-03-28T20:19:18.516+0530][gc,phases   ] GC(670)   Post Evacuate Collection Set: 6.8ms
[2025-03-28T20:19:18.516+0530][gc,phases   ] GC(670)   Other: 0.2ms
[2025-03-28T20:19:18.516+0530][gc,heap     ] GC(670) Eden regions: 227->0(293)
[2025-03-28T20:19:18.516+0530][gc,heap     ] GC(670) Survivor regions: 2->3(29)
[2025-03-28T20:19:18.516+0530][gc,heap     ] GC(670) Old regions: 165->165
[2025-03-28T20:19:18.516+0530][gc,heap     ] GC(670) Archive regions: 2->2
[2025-03-28T20:19:18.516+0530][gc,heap     ] GC(670) Humongous regions: 151->147
[2025-03-28T20:19:18.516+0530][gc,metaspace] GC(670) Metaspace: 53085K(53760K)->53085K(53760K) NonClass: 47177K(47488K)->47177K(47488K) Class: 5908K(6272K)->5908K(6272K)
[2025-03-28T20:19:18.516+0530][gc          ] GC(670) Pause Young (Normal) (G1 Evacuation Pause) 545M->314M(1024M) 14.238ms
[2025-03-28T20:19:18.516+0530][gc,cpu      ] GC(670) User=0.01s Sys=0.00s Real=0.03s
[2025-03-28T20:19:28.609+0530][gc,start    ] GC(671) Pause Young (Normal) (G1 Evacuation Pause)
[2025-03-28T20:19:28.609+0530][gc,task     ] GC(671) Using 2 workers of 2 for evacuation
[2025-03-28T20:19:28.652+0530][gc,mmu      ] GC(671) MMU target violated: 21.0ms (20.0ms/21.0ms)
[2025-03-28T20:19:28.652+0530][gc,phases   ] GC(671)   Pre Evacuate Collection Set: 5.7ms
[2025-03-28T20:19:28.652+0530][gc,phases   ] GC(671)   Merge Heap Roots: 0.4ms
[2025-03-28T20:19:28.652+0530][gc,phases   ] GC(671)   Evacuate Collection Set: 36.0ms
[2025-03-28T20:19:28.652+0530][gc,phases   ] GC(671)   Post Evacuate Collection Set: 0.7ms
[2025-03-28T20:19:28.652+0530][gc,phases   ] GC(671)   Other: 0.2ms
[2025-03-28T20:19:28.652+0530][gc,heap     ] GC(671) Eden regions: 243->0(43)
[2025-03-28T20:19:28.652+0530][gc,heap     ] GC(671) Survivor regions: 3->8(31)
[2025-03-28T20:19:28.652+0530][gc,heap     ] GC(671) Old regions: 165->165
[2025-03-28T20:19:28.652+0530][gc,heap     ] GC(671) Archive regions: 2->2
[2025-03-28T20:19:28.652+0530][gc,heap     ] GC(671) Humongous regions: 151->147
[2025-03-28T20:19:28.652+0530][gc,metaspace] GC(671) Metaspace: 53086K(53760K)->53086K(53760K) NonClass: 47177K(47488K)->47177K(47488K) Class: 5908K(6272K)->5908K(6272K)
[2025-03-28T20:19:28.652+0530][gc          ] GC(671) Pause Young (Normal) (G1 Evacuation Pause) 561M->320M(1024M) 43.101ms
[2025-03-28T20:19:28.652+0530][gc,cpu      ] GC(671) User=0.03s Sys=0.01s Real=0.04s
[2025-03-28T20:19:28.854+0530][gc,start    ] GC(672) Pause Young (Normal) (G1 Evacuation Pause)
[2025-03-28T20:19:28.854+0530][gc,task     ] GC(672) Using 2 workers of 2 for evacuation
[2025-03-28T20:19:28.867+0530][gc,phases   ] GC(672)   Pre Evacuate Collection Set: 0.2ms
[2025-03-28T20:19:28.867+0530][gc,phases   ] GC(672)   Merge Heap Roots: 0.1ms
[2025-03-28T20:19:28.867+0530][gc,phases   ] GC(672)   Evacuate Collection Set: 12.2ms
[2025-03-28T20:19:28.867+0530][gc,phases   ] GC(672)   Post Evacuate Collection Set: 1.0ms
[2025-03-28T20:19:28.867+0530][gc,phases   ] GC(672)   Other: 0.1ms
[2025-03-28T20:19:28.867+0530][gc,heap     ] GC(672) Eden regions: 43->0(93)
[2025-03-28T20:19:28.867+0530][gc,heap     ] GC(672) Survivor regions: 8->2(7)
[2025-03-28T20:19:28.867+0530][gc,heap     ] GC(672) Old regions: 165->169
[2025-03-28T20:19:28.867+0530][gc,heap     ] GC(672) Archive regions: 2->2
[2025-03-28T20:19:28.867+0530][gc,heap     ] GC(672) Humongous regions: 149->149
[2025-03-28T20:19:28.867+0530][gc,metaspace] GC(672) Metaspace: 53086K(53760K)->53086K(53760K) NonClass: 47177K(47488K)->47177K(47488K) Class: 5908K(6272K)->5908K(6272K)
[2025-03-28T20:19:28.867+0530][gc          ] GC(672) Pause Young (Normal) (G1 Evacuation Pause) 365M->320M(1024M) 13.770ms
[2025-03-28T20:19:28.867+0530][gc,cpu      ] GC(672) User=0.02s Sys=0.00s Real=0.02s
[2025-03-28T20:19:29.703+0530][gc,start    ] GC(673) Pause Young (Normal) (G1 Evacuation Pause)
[2025-03-28T20:19:29.703+0530][gc,task     ] GC(673) Using 2 workers of 2 for evacuation
[2025-03-28T20:19:29.711+0530][gc,phases   ] GC(673)   Pre Evacuate Collection Set: 0.2ms
[2025-03-28T20:19:29.711+0530][gc,phases   ] GC(673)   Merge Heap Roots: 0.1ms
[2025-03-28T20:19:29.711+0530][gc,phases   ] GC(673)   Evacuate Collection Set: 7.3ms
[2025-03-28T20:19:29.711+0530][gc,phases   ] GC(673)   Post Evacuate Collection Set: 0.7ms
[2025-03-28T20:19:29.711+0530][gc,phases   ] GC(673)   Other: 0.2ms
[2025-03-28T20:19:29.711+0530][gc,heap     ] GC(673) Eden regions: 93->0(46)
[2025-03-28T20:19:29.711+0530][gc,heap     ] GC(673) Survivor regions: 2->8(12)
[2025-03-28T20:19:29.711+0530][gc,heap     ] GC(673) Old regions: 169->169
[2025-03-28T20:19:29.711+0530][gc,heap     ] GC(673) Archive regions: 2->2
[2025-03-28T20:19:29.711+0530][gc,heap     ] GC(673) Humongous regions: 149->147
[2025-03-28T20:19:29.711+0530][gc,metaspace] GC(673) Metaspace: 53086K(53760K)->53086K(53760K) NonClass: 47177K(47488K)->47177K(47488K) Class: 5908K(6272K)->5908K(6272K)
[2025-03-28T20:19:29.711+0530][gc          ] GC(673) Pause Young (Normal) (G1 Evacuation Pause) 413M->324M(1024M) 8.572ms
[2025-03-28T20:19:29.711+0530][gc,cpu      ] GC(673) User=0.01s Sys=0.00s Real=0.01s
[2025-03-28T20:19:29.766+0530][gc,start    ] GC(674) Pause Young (Normal) (G1 Evacuation Pause)
[2025-03-28T20:19:29.766+0530][gc,task     ] GC(674) Using 2 workers of 2 for evacuation
[2025-03-28T20:19:29.771+0530][gc,phases   ] GC(674)   Pre Evacuate Collection Set: 0.5ms
[2025-03-28T20:19:29.771+0530][gc,phases   ] GC(674)   Merge Heap Roots: 0.1ms
[2025-03-28T20:19:29.771+0530][gc,phases   ] GC(674)   Evacuate Collection Set: 4.2ms
[2025-03-28T20:19:29.771+0530][gc,phases   ] GC(674)   Post Evacuate Collection Set: 0.5ms
[2025-03-28T20:19:29.771+0530][gc,phases   ] GC(674)   Other: 0.1ms
[2025-03-28T20:19:29.771+0530][gc,heap     ] GC(674) Eden regions: 46->0(128)
[2025-03-28T20:19:29.771+0530][gc,heap     ] GC(674) Survivor regions: 8->1(7)
[2025-03-28T20:19:29.771+0530][gc,heap     ] GC(674) Old regions: 169->171
[2025-03-28T20:19:29.771+0530][gc,heap     ] GC(674) Archive regions: 2->2
[2025-03-28T20:19:29.771+0530][gc,heap     ] GC(674) Humongous regions: 149->149
[2025-03-28T20:19:29.771+0530][gc,metaspace] GC(674) Metaspace: 53086K(53760K)->53086K(53760K) NonClass: 47177K(47488K)->47177K(47488K) Class: 5908K(6272K)->5908K(6272K)
[2025-03-28T20:19:29.771+0530][gc          ] GC(674) Pause Young (Normal) (G1 Evacuation Pause) 372M->321M(1024M) 5.488ms
[2025-03-28T20:19:29.771+0530][gc,cpu      ] GC(674) User=0.01s Sys=0.01s Real=0.01s
[2025-03-28T20:19:33.693+0530][gc,start    ] GC(603) Pause Young (Prepare Mixed) (G1 Evacuation Pause)
[2025-03-28T20:19:33.693+0530][gc,task     ] GC(603) Using 2 workers of 2 for evacuation
[2025-03-28T20:19:33.711+0530][gc,phases   ] GC(603)   Pre Evacuate Collection Set: 0.2ms
[2025-03-28T20:19:33.711+0530][gc,phases   ] GC(603)   Merge Heap Roots: 0.2ms
[2025-03-28T20:19:33.711+0530][gc,phases   ] GC(603)   Evacuate Collection Set: 16.4ms
[2025-03-28T20:19:33.711+0530][gc,phases   ] GC(603)   Post Evacuate Collection Set: 0.8ms
[2025-03-28T20:19:33.711+0530][gc,phases   ] GC(603)   Other: 0.2ms
[2025-03-28T20:19:33.711+0530][gc,heap     ] GC(603) Eden regions: 433->0(37)
[2025-03-28T20:19:33.711+0530][gc,heap     ] GC(603) Survivor regions: 4->14(55)
[2025-03-28T20:19:33.711+0530][gc,heap     ] GC(603) Old regions: 41->41
[2025-03-28T20:19:33.711+0530][gc,heap     ] GC(603) Archive regions: 2->2
[2025-03-28T20:19:33.711+0530][gc,heap     ] GC(603) Humongous regions: 155->147
[2025-03-28T20:19:33.711+0530][gc,metaspace] GC(603) Metaspace: 52977K(53632K)->52977K(53632K) NonClass: 47097K(47424K)->47097K(47424K) Class: 5880K(6208K)->5880K(6208K)
[2025-03-28T20:19:33.711+0530][gc          ] GC(603) Pause Young (Prepare Mixed) (G1 Evacuation Pause) 633M->202M(1024M) 17.981ms
[2025-03-28T20:19:33.711+0530][gc,cpu      ] GC(603) User=0.03s Sys=0.00s Real=0.02s
[2025-03-28T20:19:33.774+0530][gc,start    ] GC(604) Pause Young (Mixed) (G1 Evacuation Pause)
[2025-03-28T20:19:33.774+0530][gc,task     ] GC(604) Using 2 workers of 2 for evacuation
[2025-03-28T20:19:33.792+0530][gc,phases   ] GC(604)   Pre Evacuate Collection Set: 0.2ms
[2025-03-28T20:19:33.792+0530][gc,phases   ] GC(604)   Merge Heap Roots: 0.2ms
[2025-03-28T20:19:33.792+0530][gc,phases   ] GC(604)   Evacuate Collection Set: 17.3ms
[2025-03-28T20:19:33.792+0530][gc,phases   ] GC(604)   Post Evacuate Collection Set: 0.5ms
[2025-03-28T20:19:33.792+0530][gc,phases   ] GC(604)   Other: 0.1ms
[2025-03-28T20:19:33.792+0530][gc,heap     ] GC(604) Eden regions: 37->0(384)
[2025-03-28T20:19:33.792+0530][gc,heap     ] GC(604) Survivor regions: 14->2(7)
[2025-03-28T20:19:33.792+0530][gc,heap     ] GC(604) Old regions: 41->46
[2025-03-28T20:19:33.792+0530][gc,heap     ] GC(604) Archive regions: 2->2
[2025-03-28T20:19:33.792+0530][gc,heap     ] GC(604) Humongous regions: 149->149
[2025-03-28T20:19:33.792+0530][gc,metaspace] GC(604) Metaspace: 52989K(53632K)->52989K(53632K) NonClass: 47106K(47424K)->47106K(47424K) Class: 5883K(6208K)->5883K(6208K)
[2025-03-28T20:19:33.792+0530][gc          ] GC(604) Pause Young (Mixed) (G1 Evacuation Pause) 241M->197M(1024M) 18.330ms
[2025-03-28T20:19:33.793+0530][gc,cpu      ] GC(604) User=0.03s Sys=0.00s Real=0.02s
[2025-03-28T20:19:39.654+0530][gc,start    ] GC(675) Pause Young (Normal) (G1 Evacuation Pause)
[2025-03-28T20:19:39.654+0530][gc,task     ] GC(675) Using 2 workers of 2 for evacuation
[2025-03-28T20:19:39.671+0530][gc,phases   ] GC(675)   Pre Evacuate Collection Set: 0.4ms
[2025-03-28T20:19:39.671+0530][gc,phases   ] GC(675)   Merge Heap Roots: 0.3ms
[2025-03-28T20:19:39.671+0530][gc,phases   ] GC(675)   Evacuate Collection Set: 15.1ms
[2025-03-28T20:19:39.671+0530][gc,phases   ] GC(675)   Post Evacuate Collection Set: 0.9ms
[2025-03-28T20:19:39.671+0530][gc,phases   ] GC(675)   Other: 0.2ms
[2025-03-28T20:19:39.671+0530][gc,heap     ] GC(675) Eden regions: 128->0(134)
[2025-03-28T20:19:39.671+0530][gc,heap     ] GC(675) Survivor regions: 1->3(17)
[2025-03-28T20:19:39.671+0530][gc,heap     ] GC(675) Old regions: 171->171
[2025-03-28T20:19:39.671+0530][gc,heap     ] GC(675) Archive regions: 2->2
[2025-03-28T20:19:39.671+0530][gc,heap     ] GC(675) Humongous regions: 151->147
[2025-03-28T20:19:39.671+0530][gc,metaspace] GC(675) Metaspace: 53179K(53888K)->53179K(53888K) NonClass: 47253K(47616K)->47253K(47616K) Class: 5925K(6272K)->5925K(6272K)
[2025-03-28T20:19:39.671+0530][gc          ] GC(675) Pause Young (Normal) (G1 Evacuation Pause) 451M->321M(1024M) 16.925ms
[2025-03-28T20:19:39.671+0530][gc,cpu      ] GC(675) User=0.02s Sys=0.00s Real=0.03s
[2025-03-28T20:19:48.552+0530][gc,start    ] GC(676) Pause Young (Normal) (G1 Evacuation Pause)
[2025-03-28T20:19:48.552+0530][gc,task     ] GC(676) Using 2 workers of 2 for evacuation
[2025-03-28T20:19:48.575+0530][gc,mmu      ] GC(676) MMU target violated: 21.0ms (20.0ms/21.0ms)
[2025-03-28T20:19:48.575+0530][gc,phases   ] GC(676)   Pre Evacuate Collection Set: 0.2ms
[2025-03-28T20:19:48.575+0530][gc,phases   ] GC(676)   Merge Heap Roots: 0.3ms
[2025-03-28T20:19:48.575+0530][gc,phases   ] GC(676)   Evacuate Collection Set: 22.1ms
[2025-03-28T20:19:48.575+0530][gc,phases   ] GC(676)   Post Evacuate Collection Set: 0.5ms
[2025-03-28T20:19:48.575+0530][gc,phases   ] GC(676)   Other: 0.2ms
[2025-03-28T20:19:48.575+0530][gc,heap     ] GC(676) Eden regions: 134->0(116)
[2025-03-28T20:19:48.575+0530][gc,heap     ] GC(676) Survivor regions: 3->6(18)
[2025-03-28T20:19:48.575+0530][gc,heap     ] GC(676) Old regions: 171->171
[2025-03-28T20:19:48.575+0530][gc,heap     ] GC(676) Archive regions: 2->2
[2025-03-28T20:19:48.575+0530][gc,heap     ] GC(676) Humongous regions: 149->147
[2025-03-28T20:19:48.575+0530][gc,metaspace] GC(676) Metaspace: 53179K(53888K)->53179K(53888K) NonClass: 47253K(47616K)->47253K(47616K) Class: 5925K(6272K)->5925K(6272K)
[2025-03-28T20:19:48.575+0530][gc          ] GC(676) Pause Young (Normal) (G1 Evacuation Pause) 457M->324M(1024M) 23.418ms
[2025-03-28T20:19:48.575+0530][gc,cpu      ] GC(676) User=0.01s Sys=0.00s Real=0.02s
[2025-03-28T20:19:49.695+0530][gc,start    ] GC(677) Pause Young (Normal) (G1 Evacuation Pause)
[2025-03-28T20:19:49.696+0530][gc,task     ] GC(677) Using 2 workers of 2 for evacuation
[2025-03-28T20:19:49.707+0530][gc,phases   ] GC(677)   Pre Evacuate Collection Set: 0.5ms
[2025-03-28T20:19:49.707+0530][gc,phases   ] GC(677)   Merge Heap Roots: 0.2ms
[2025-03-28T20:19:49.707+0530][gc,phases   ] GC(677)   Evacuate Collection Set: 9.7ms
[2025-03-28T20:19:49.707+0530][gc,phases   ] GC(677)   Post Evacuate Collection Set: 0.7ms
[2025-03-28T20:19:49.707+0530][gc,phases   ] GC(677)   Other: 0.2ms
[2025-03-28T20:19:49.707+0530][gc,heap     ] GC(677) Eden regions: 116->0(125)
[2025-03-28T20:19:49.707+0530][gc,heap     ] GC(677) Survivor regions: 6->7(16)
[2025-03-28T20:19:49.707+0530][gc,heap     ] GC(677) Old regions: 171->171
[2025-03-28T20:19:49.707+0530][gc,heap     ] GC(677) Archive regions: 2->2
[2025-03-28T20:19:49.707+0530][gc,heap     ] GC(677) Humongous regions: 149->147
[2025-03-28T20:19:49.707+0530][gc,metaspace] GC(677) Metaspace: 53179K(53888K)->53179K(53888K) NonClass: 47253K(47616K)->47253K(47616K) Class: 5925K(6272K)->5925K(6272K)
[2025-03-28T20:19:49.707+0530][gc          ] GC(677) Pause Young (Normal) (G1 Evacuation Pause) 442M->325M(1024M) 11.356ms
[2025-03-28T20:19:49.707+0530][gc,cpu      ] GC(677) User=0.02s Sys=0.00s Real=0.01s
[2025-03-28T20:19:53.533+0530][gc,start    ] GC(605) Pause Young (Normal) (G1 Evacuation Pause)
[2025-03-28T20:19:53.533+0530][gc,task     ] GC(605) Using 2 workers of 2 for evacuation
[2025-03-28T20:19:53.544+0530][gc,phases   ] GC(605)   Pre Evacuate Collection Set: 0.2ms
[2025-03-28T20:19:53.544+0530][gc,phases   ] GC(605)   Merge Heap Roots: 0.3ms
[2025-03-28T20:19:53.544+0530][gc,phases   ] GC(605)   Evacuate Collection Set: 8.8ms
[2025-03-28T20:19:53.544+0530][gc,phases   ] GC(605)   Post Evacuate Collection Set: 0.8ms
[2025-03-28T20:19:53.544+0530][gc,phases   ] GC(605)   Other: 0.8ms
[2025-03-28T20:19:53.544+0530][gc,heap     ] GC(605) Eden regions: 384->0(364)
[2025-03-28T20:19:53.544+0530][gc,heap     ] GC(605) Survivor regions: 2->7(49)
[2025-03-28T20:19:53.544+0530][gc,heap     ] GC(605) Old regions: 46->46
[2025-03-28T20:19:53.544+0530][gc,heap     ] GC(605) Archive regions: 2->2
[2025-03-28T20:19:53.544+0530][gc,heap     ] GC(605) Humongous regions: 155->147
[2025-03-28T20:19:53.544+0530][gc,metaspace] GC(605) Metaspace: 53003K(53696K)->53003K(53696K) NonClass: 47116K(47424K)->47116K(47424K) Class: 5887K(6272K)->5887K(6272K)
[2025-03-28T20:19:53.544+0530][gc          ] GC(605) Pause Young (Normal) (G1 Evacuation Pause) 587M->200M(1024M) 10.347ms
[2025-03-28T20:19:53.544+0530][gc,cpu      ] GC(605) User=0.02s Sys=0.00s Real=0.01s
[2025-03-28T20:19:58.669+0530][gc,start    ] GC(678) Pause Young (Normal) (G1 Evacuation Pause)
[2025-03-28T20:19:58.669+0530][gc,task     ] GC(678) Using 2 workers of 2 for evacuation
[2025-03-28T20:19:58.695+0530][gc,mmu      ] GC(678) MMU target violated: 21.0ms (20.0ms/21.0ms)
[2025-03-28T20:19:58.695+0530][gc,phases   ] GC(678)   Pre Evacuate Collection Set: 5.7ms
[2025-03-28T20:19:58.695+0530][gc,phases   ] GC(678)   Merge Heap Roots: 0.3ms
[2025-03-28T20:19:58.695+0530][gc,phases   ] GC(678)   Evacuate Collection Set: 19.2ms
[2025-03-28T20:19:58.695+0530][gc,phases   ] GC(678)   Post Evacuate Collection Set: 0.6ms
[2025-03-28T20:19:58.695+0530][gc,phases   ] GC(678)   Other: 0.2ms
[2025-03-28T20:19:58.695+0530][gc,heap     ] GC(678) Eden regions: 125->0(46)
[2025-03-28T20:19:58.695+0530][gc,heap     ] GC(678) Survivor regions: 7->9(17)
[2025-03-28T20:19:58.695+0530][gc,heap     ] GC(678) Old regions: 171->171
[2025-03-28T20:19:58.695+0530][gc,heap     ] GC(678) Archive regions: 2->2
[2025-03-28T20:19:58.695+0530][gc,heap     ] GC(678) Humongous regions: 149->147
[2025-03-28T20:19:58.695+0530][gc,metaspace] GC(678) Metaspace: 53179K(53888K)->53179K(53888K) NonClass: 47253K(47616K)->47253K(47616K) Class: 5925K(6272K)->5925K(6272K)
[2025-03-28T20:19:58.695+0530][gc          ] GC(678) Pause Young (Normal) (G1 Evacuation Pause) 452M->326M(1024M) 26.094ms
[2025-03-28T20:19:58.695+0530][gc,cpu      ] GC(678) User=0.03s Sys=0.00s Real=0.04s
[2025-03-28T20:19:58.796+0530][gc,start    ] GC(679) Pause Young (Normal) (G1 Evacuation Pause)
[2025-03-28T20:19:58.796+0530][gc,task     ] GC(679) Using 2 workers of 2 for evacuation
[2025-03-28T20:19:58.846+0530][gc,mmu      ] GC(679) MMU target violated: 21.0ms (20.0ms/21.0ms)
[2025-03-28T20:19:58.846+0530][gc,phases   ] GC(679)   Pre Evacuate Collection Set: 0.1ms
[2025-03-28T20:19:58.846+0530][gc,phases   ] GC(679)   Merge Heap Roots: 0.1ms
[2025-03-28T20:19:58.846+0530][gc,phases   ] GC(679)   Evacuate Collection Set: 46.9ms
[2025-03-28T20:19:58.846+0530][gc,phases   ] GC(679)   Post Evacuate Collection Set: 2.1ms
[2025-03-28T20:19:58.846+0530][gc,phases   ] GC(679)   Other: 0.2ms
[2025-03-28T20:19:58.846+0530][gc,heap     ] GC(679) Eden regions: 46->0(49)
[2025-03-28T20:19:58.846+0530][gc,heap     ] GC(679) Survivor regions: 9->2(7)
[2025-03-28T20:19:58.846+0530][gc,heap     ] GC(679) Old regions: 171->174
[2025-03-28T20:19:58.846+0530][gc,heap     ] GC(679) Archive regions: 2->2
[2025-03-28T20:19:58.846+0530][gc,heap     ] GC(679) Humongous regions: 149->149
[2025-03-28T20:19:58.846+0530][gc,metaspace] GC(679) Metaspace: 53179K(53888K)->53179K(53888K) NonClass: 47253K(47616K)->47253K(47616K) Class: 5925K(6272K)->5925K(6272K)
[2025-03-28T20:19:58.846+0530][gc          ] GC(679) Pause Young (Normal) (G1 Evacuation Pause) 374M->325M(1024M) 49.593ms
[2025-03-28T20:19:58.846+0530][gc,cpu      ] GC(679) User=0.02s Sys=0.01s Real=0.06s
[2025-03-28T20:19:59.680+0530][gc,start    ] GC(680) Pause Young (Normal) (G1 Evacuation Pause)
[2025-03-28T20:19:59.680+0530][gc,task     ] GC(680) Using 2 workers of 2 for evacuation
[2025-03-28T20:19:59.688+0530][gc,phases   ] GC(680)   Pre Evacuate Collection Set: 0.2ms
[2025-03-28T20:19:59.688+0530][gc,phases   ] GC(680)   Merge Heap Roots: 0.1ms
[2025-03-28T20:19:59.688+0530][gc,phases   ] GC(680)   Evacuate Collection Set: 6.9ms
[2025-03-28T20:19:59.688+0530][gc,phases   ] GC(680)   Post Evacuate Collection Set: 0.6ms
[2025-03-28T20:19:59.688+0530][gc,phases   ] GC(680)   Other: 0.2ms
[2025-03-28T20:19:59.688+0530][gc,heap     ] GC(680) Eden regions: 49->0(46)
[2025-03-28T20:19:59.688+0530][gc,heap     ] GC(680) Survivor regions: 2->5(7)
[2025-03-28T20:19:59.688+0530][gc,heap     ] GC(680) Old regions: 174->174
[2025-03-28T20:19:59.688+0530][gc,heap     ] GC(680) Archive regions: 2->2
[2025-03-28T20:19:59.688+0530][gc,heap     ] GC(680) Humongous regions: 149->147
[2025-03-28T20:19:59.688+0530][gc,metaspace] GC(680) Metaspace: 53179K(53888K)->53179K(53888K) NonClass: 47253K(47616K)->47253K(47616K) Class: 5925K(6272K)->5925K(6272K)
[2025-03-28T20:19:59.688+0530][gc          ] GC(680) Pause Young (Normal) (G1 Evacuation Pause) 374M->326M(1024M) 8.136ms
[2025-03-28T20:19:59.688+0530][gc,cpu      ] GC(680) User=0.01s Sys=0.00s Real=0.01s
[2025-03-28T20:19:59.764+0530][gc,start    ] GC(681) Pause Young (Normal) (G1 Evacuation Pause)
[2025-03-28T20:19:59.764+0530][gc,task     ] GC(681) Using 2 workers of 2 for evacuation
[2025-03-28T20:19:59.787+0530][gc,mmu      ] GC(681) MMU target violated: 21.0ms (20.0ms/21.0ms)
[2025-03-28T20:19:59.787+0530][gc,phases   ] GC(681)   Pre Evacuate Collection Set: 0.3ms
[2025-03-28T20:19:59.787+0530][gc,phases   ] GC(681)   Merge Heap Roots: 0.1ms
[2025-03-28T20:19:59.787+0530][gc,phases   ] GC(681)   Evacuate Collection Set: 21.6ms
[2025-03-28T20:19:59.787+0530][gc,phases   ] GC(681)   Post Evacuate Collection Set: 0.4ms
[2025-03-28T20:19:59.787+0530][gc,phases   ] GC(681)   Other: 0.6ms
[2025-03-28T20:19:59.787+0530][gc,heap     ] GC(681) Eden regions: 46->0(49)
[2025-03-28T20:19:59.787+0530][gc,heap     ] GC(681) Survivor regions: 5->2(7)
[2025-03-28T20:19:59.787+0530][gc,heap     ] GC(681) Old regions: 174->175
[2025-03-28T20:19:59.787+0530][gc,heap     ] GC(681) Archive regions: 2->2
[2025-03-28T20:19:59.787+0530][gc,heap     ] GC(681) Humongous regions: 149->149
[2025-03-28T20:19:59.787+0530][gc,metaspace] GC(681) Metaspace: 53179K(53888K)->53179K(53888K) NonClass: 47253K(47616K)->47253K(47616K) Class: 5925K(6272K)->5925K(6272K)
[2025-03-28T20:19:59.787+0530][gc          ] GC(681) Pause Young (Normal) (G1 Evacuation Pause) 374M->326M(1024M) 23.077ms
[2025-03-28T20:19:59.787+0530][gc,cpu      ] GC(681) User=0.00s Sys=0.00s Real=0.03s
[2025-03-28T20:20:08.556+0530][gc,start    ] GC(682) Pause Young (Normal) (G1 Evacuation Pause)
[2025-03-28T20:20:08.556+0530][gc,task     ] GC(682) Using 2 workers of 2 for evacuation
[2025-03-28T20:20:08.561+0530][gc,phases   ] GC(682)   Pre Evacuate Collection Set: 0.2ms
[2025-03-28T20:20:08.561+0530][gc,phases   ] GC(682)   Merge Heap Roots: 0.1ms
[2025-03-28T20:20:08.561+0530][gc,phases   ] GC(682)   Evacuate Collection Set: 4.7ms
[2025-03-28T20:20:08.561+0530][gc,phases   ] GC(682)   Post Evacuate Collection Set: 0.5ms
[2025-03-28T20:20:08.561+0530][gc,phases   ] GC(682)   Other: 0.1ms
[2025-03-28T20:20:08.561+0530][gc,heap     ] GC(682) Eden regions: 49->0(47)
[2025-03-28T20:20:08.561+0530][gc,heap     ] GC(682) Survivor regions: 2->4(7)
[2025-03-28T20:20:08.561+0530][gc,heap     ] GC(682) Old regions: 175->175
[2025-03-28T20:20:08.562+0530][gc,heap     ] GC(682) Archive regions: 2->2
[2025-03-28T20:20:08.562+0530][gc,heap     ] GC(682) Humongous regions: 149->147
[2025-03-28T20:20:08.562+0530][gc,metaspace] GC(682) Metaspace: 53181K(53888K)->53181K(53888K) NonClass: 47255K(47616K)->47255K(47616K) Class: 5925K(6272K)->5925K(6272K)
[2025-03-28T20:20:08.562+0530][gc          ] GC(682) Pause Young (Normal) (G1 Evacuation Pause) 375M->325M(1024M) 5.766ms
[2025-03-28T20:20:08.562+0530][gc,cpu      ] GC(682) User=0.01s Sys=0.00s Real=0.00s
[2025-03-28T20:20:08.650+0530][gc,start    ] GC(683) Pause Young (Normal) (G1 Evacuation Pause)
[2025-03-28T20:20:08.650+0530][gc,task     ] GC(683) Using 2 workers of 2 for evacuation
[2025-03-28T20:20:08.664+0530][gc,phases   ] GC(683)   Pre Evacuate Collection Set: 0.2ms
[2025-03-28T20:20:08.664+0530][gc,phases   ] GC(683)   Merge Heap Roots: 0.1ms
[2025-03-28T20:20:08.664+0530][gc,phases   ] GC(683)   Evacuate Collection Set: 12.9ms
[2025-03-28T20:20:08.664+0530][gc,phases   ] GC(683)   Post Evacuate Collection Set: 0.5ms
[2025-03-28T20:20:08.664+0530][gc,phases   ] GC(683)   Other: 0.1ms
[2025-03-28T20:20:08.664+0530][gc,heap     ] GC(683) Eden regions: 47->0(48)
[2025-03-28T20:20:08.664+0530][gc,heap     ] GC(683) Survivor regions: 4->3(7)
[2025-03-28T20:20:08.664+0530][gc,heap     ] GC(683) Old regions: 175->175
[2025-03-28T20:20:08.664+0530][gc,heap     ] GC(683) Archive regions: 2->2
[2025-03-28T20:20:08.664+0530][gc,heap     ] GC(683) Humongous regions: 149->149
[2025-03-28T20:20:08.664+0530][gc,metaspace] GC(683) Metaspace: 53181K(53888K)->53181K(53888K) NonClass: 47255K(47616K)->47255K(47616K) Class: 5925K(6272K)->5925K(6272K)
[2025-03-28T20:20:08.664+0530][gc          ] GC(683) Pause Young (Normal) (G1 Evacuation Pause) 374M->327M(1024M) 13.929ms
[2025-03-28T20:20:08.664+0530][gc,cpu      ] GC(683) User=0.01s Sys=0.00s Real=0.01s
[2025-03-28T20:20:09.664+0530][gc,start    ] GC(684) Pause Young (Normal) (G1 Evacuation Pause)
[2025-03-28T20:20:09.664+0530][gc,task     ] GC(684) Using 2 workers of 2 for evacuation
[2025-03-28T20:20:09.672+0530][gc,phases   ] GC(684)   Pre Evacuate Collection Set: 0.5ms
[2025-03-28T20:20:09.672+0530][gc,phases   ] GC(684)   Merge Heap Roots: 0.3ms
[2025-03-28T20:20:09.672+0530][gc,phases   ] GC(684)   Evacuate Collection Set: 5.7ms
[2025-03-28T20:20:09.672+0530][gc,phases   ] GC(684)   Post Evacuate Collection Set: 1.0ms
[2025-03-28T20:20:09.672+0530][gc,phases   ] GC(684)   Other: 0.4ms
[2025-03-28T20:20:09.672+0530][gc,heap     ] GC(684) Eden regions: 48->0(159)
[2025-03-28T20:20:09.672+0530][gc,heap     ] GC(684) Survivor regions: 3->2(7)
[2025-03-28T20:20:09.672+0530][gc,heap     ] GC(684) Old regions: 175->175
[2025-03-28T20:20:09.672+0530][gc,heap     ] GC(684) Archive regions: 2->2
[2025-03-28T20:20:09.672+0530][gc,heap     ] GC(684) Humongous regions: 149->147
[2025-03-28T20:20:09.672+0530][gc,metaspace] GC(684) Metaspace: 53181K(53888K)->53181K(53888K) NonClass: 47255K(47616K)->47255K(47616K) Class: 5925K(6272K)->5925K(6272K)
[2025-03-28T20:20:09.672+0530][gc          ] GC(684) Pause Young (Normal) (G1 Evacuation Pause) 375M->324M(1024M) 8.205ms
[2025-03-28T20:20:09.672+0530][gc,cpu      ] GC(684) User=0.01s Sys=0.00s Real=0.01s
[2025-03-28T20:20:12.264+0530][gc,start    ] GC(606) Pause Young (Normal) (G1 Evacuation Pause)
[2025-03-28T20:20:12.264+0530][gc,task     ] GC(606) Using 2 workers of 2 for evacuation
[2025-03-28T20:20:12.273+0530][gc,phases   ] GC(606)   Pre Evacuate Collection Set: 0.2ms
[2025-03-28T20:20:12.273+0530][gc,phases   ] GC(606)   Merge Heap Roots: 0.1ms
[2025-03-28T20:20:12.273+0530][gc,phases   ] GC(606)   Evacuate Collection Set: 7.9ms
[2025-03-28T20:20:12.273+0530][gc,phases   ] GC(606)   Post Evacuate Collection Set: 0.7ms
[2025-03-28T20:20:12.273+0530][gc,phases   ] GC(606)   Other: 0.2ms
[2025-03-28T20:20:12.273+0530][gc,heap     ] GC(606) Eden regions: 364->0(533)
[2025-03-28T20:20:12.273+0530][gc,heap     ] GC(606) Survivor regions: 7->4(47)
[2025-03-28T20:20:12.273+0530][gc,heap     ] GC(606) Old regions: 46->46
[2025-03-28T20:20:12.273+0530][gc,heap     ] GC(606) Archive regions: 2->2
[2025-03-28T20:20:12.273+0530][gc,heap     ] GC(606) Humongous regions: 155->149
[2025-03-28T20:20:12.273+0530][gc,metaspace] GC(606) Metaspace: 53006K(53760K)->53006K(53760K) NonClass: 47118K(47488K)->47118K(47488K) Class: 5887K(6272K)->5887K(6272K)
[2025-03-28T20:20:12.273+0530][gc          ] GC(606) Pause Young (Normal) (G1 Evacuation Pause) 572M->199M(1024M) 9.213ms
[2025-03-28T20:20:12.273+0530][gc,cpu      ] GC(606) User=0.02s Sys=0.00s Real=0.01s
[2025-03-28T20:20:13.668+0530][gc,start    ] GC(607) Pause Young (Concurrent Start) (G1 Humongous Allocation)
[2025-03-28T20:20:13.668+0530][gc,task     ] GC(607) Using 2 workers of 2 for evacuation
[2025-03-28T20:20:13.676+0530][gc,phases   ] GC(607)   Pre Evacuate Collection Set: 0.4ms
[2025-03-28T20:20:13.677+0530][gc,phases   ] GC(607)   Merge Heap Roots: 0.1ms
[2025-03-28T20:20:13.677+0530][gc,phases   ] GC(607)   Evacuate Collection Set: 7.2ms
[2025-03-28T20:20:13.677+0530][gc,phases   ] GC(607)   Post Evacuate Collection Set: 0.7ms
[2025-03-28T20:20:13.677+0530][gc,phases   ] GC(607)   Other: 0.2ms
[2025-03-28T20:20:13.677+0530][gc,heap     ] GC(607) Eden regions: 95->0(610)
[2025-03-28T20:20:13.677+0530][gc,heap     ] GC(607) Survivor regions: 4->4(68)
[2025-03-28T20:20:13.677+0530][gc,heap     ] GC(607) Old regions: 46->46
[2025-03-28T20:20:13.677+0530][gc,heap     ] GC(607) Archive regions: 2->2
[2025-03-28T20:20:13.677+0530][gc,heap     ] GC(607) Humongous regions: 149->147
[2025-03-28T20:20:13.677+0530][gc,metaspace] GC(607) Metaspace: 53006K(53760K)->53006K(53760K) NonClass: 47118K(47488K)->47118K(47488K) Class: 5887K(6272K)->5887K(6272K)
[2025-03-28T20:20:13.677+0530][gc          ] GC(607) Pause Young (Concurrent Start) (G1 Humongous Allocation) 293M->197M(1024M) 8.665ms
[2025-03-28T20:20:13.677+0530][gc,cpu      ] GC(607) User=0.01s Sys=0.00s Real=0.02s
[2025-03-28T20:20:13.677+0530][gc          ] GC(608) Concurrent Mark Cycle
[2025-03-28T20:20:13.677+0530][gc,marking  ] GC(608) Concurrent Clear Claimed Marks
[2025-03-28T20:20:13.677+0530][gc,marking  ] GC(608) Concurrent Clear Claimed Marks 0.072ms
[2025-03-28T20:20:13.677+0530][gc,marking  ] GC(608) Concurrent Scan Root Regions
[2025-03-28T20:20:13.681+0530][gc,marking  ] GC(608) Concurrent Scan Root Regions 3.958ms
[2025-03-28T20:20:13.681+0530][gc,marking  ] GC(608) Concurrent Mark
[2025-03-28T20:20:13.681+0530][gc,marking  ] GC(608) Concurrent Mark From Roots
[2025-03-28T20:20:13.681+0530][gc,task     ] GC(608) Using 1 workers of 1 for marking
[2025-03-28T20:20:13.735+0530][gc,marking  ] GC(608) Concurrent Mark From Roots 53.693ms
[2025-03-28T20:20:13.735+0530][gc,marking  ] GC(608) Concurrent Preclean
[2025-03-28T20:20:13.735+0530][gc,marking  ] GC(608) Concurrent Preclean 0.136ms
[2025-03-28T20:20:13.735+0530][gc,start    ] GC(608) Pause Remark
[2025-03-28T20:20:13.753+0530][gc          ] GC(608) Pause Remark 238M->238M(1024M) 17.759ms
[2025-03-28T20:20:13.753+0530][gc,cpu      ] GC(608) User=0.03s Sys=0.00s Real=0.03s
[2025-03-28T20:20:13.753+0530][gc,marking  ] GC(608) Concurrent Mark 71.956ms
[2025-03-28T20:20:13.753+0530][gc,marking  ] GC(608) Concurrent Rebuild Remembered Sets
[2025-03-28T20:20:13.782+0530][gc,marking  ] GC(608) Concurrent Rebuild Remembered Sets 28.756ms
[2025-03-28T20:20:13.782+0530][gc,start    ] GC(608) Pause Cleanup
[2025-03-28T20:20:13.782+0530][gc          ] GC(608) Pause Cleanup 238M->238M(1024M) 0.226ms
[2025-03-28T20:20:13.782+0530][gc,cpu      ] GC(608) User=0.00s Sys=0.00s Real=0.00s
[2025-03-28T20:20:13.782+0530][gc,marking  ] GC(608) Concurrent Cleanup for Next Mark
[2025-03-28T20:20:13.784+0530][gc,marking  ] GC(608) Concurrent Cleanup for Next Mark 1.817ms
[2025-03-28T20:20:13.784+0530][gc          ] GC(608) Concurrent Mark Cycle 107.144ms
[2025-03-28T20:20:18.618+0530][gc,start    ] GC(685) Pause Young (Normal) (G1 Evacuation Pause)
[2025-03-28T20:20:18.618+0530][gc,task     ] GC(685) Using 2 workers of 2 for evacuation
[2025-03-28T20:20:18.639+0530][gc,mmu      ] GC(685) MMU target violated: 21.0ms (20.0ms/21.0ms)
[2025-03-28T20:20:18.639+0530][gc,phases   ] GC(685)   Pre Evacuate Collection Set: 0.4ms
[2025-03-28T20:20:18.639+0530][gc,phases   ] GC(685)   Merge Heap Roots: 0.2ms
[2025-03-28T20:20:18.639+0530][gc,phases   ] GC(685)   Evacuate Collection Set: 19.6ms
[2025-03-28T20:20:18.639+0530][gc,phases   ] GC(685)   Post Evacuate Collection Set: 0.9ms
[2025-03-28T20:20:18.639+0530][gc,phases   ] GC(685)   Other: 0.3ms
[2025-03-28T20:20:18.639+0530][gc,heap     ] GC(685) Eden regions: 159->0(43)
[2025-03-28T20:20:18.639+0530][gc,heap     ] GC(685) Survivor regions: 2->8(21)
[2025-03-28T20:20:18.639+0530][gc,heap     ] GC(685) Old regions: 175->175
[2025-03-28T20:20:18.639+0530][gc,heap     ] GC(685) Archive regions: 2->2
[2025-03-28T20:20:18.639+0530][gc,heap     ] GC(685) Humongous regions: 149->147
[2025-03-28T20:20:18.639+0530][gc,metaspace] GC(685) Metaspace: 53181K(53888K)->53181K(53888K) NonClass: 47255K(47616K)->47255K(47616K) Class: 5925K(6272K)->5925K(6272K)
[2025-03-28T20:20:18.639+0530][gc          ] GC(685) Pause Young (Normal) (G1 Evacuation Pause) 485M->329M(1024M) 21.437ms
[2025-03-28T20:20:18.639+0530][gc,cpu      ] GC(685) User=0.02s Sys=0.00s Real=0.02s
[2025-03-28T20:20:18.701+0530][gc,start    ] GC(686) Pause Young (Normal) (G1 Evacuation Pause)
[2025-03-28T20:20:18.701+0530][gc,task     ] GC(686) Using 2 workers of 2 for evacuation
[2025-03-28T20:20:18.949+0530][gc,mmu      ] GC(686) MMU target violated: 21.0ms (20.0ms/21.0ms)
[2025-03-28T20:20:18.950+0530][gc,phases   ] GC(686)   Pre Evacuate Collection Set: 0.7ms
[2025-03-28T20:20:18.950+0530][gc,phases   ] GC(686)   Merge Heap Roots: 0.1ms
[2025-03-28T20:20:18.950+0530][gc,phases   ] GC(686)   Evacuate Collection Set: 246.0ms
[2025-03-28T20:20:18.950+0530][gc,phases   ] GC(686)   Post Evacuate Collection Set: 1.3ms
[2025-03-28T20:20:18.950+0530][gc,phases   ] GC(686)   Other: 0.3ms
[2025-03-28T20:20:18.950+0530][gc,heap     ] GC(686) Eden regions: 43->0(49)
[2025-03-28T20:20:18.950+0530][gc,heap     ] GC(686) Survivor regions: 8->2(7)
[2025-03-28T20:20:18.950+0530][gc,heap     ] GC(686) Old regions: 175->177
[2025-03-28T20:20:18.950+0530][gc,heap     ] GC(686) Archive regions: 2->2
[2025-03-28T20:20:18.950+0530][gc,heap     ] GC(686) Humongous regions: 149->149
[2025-03-28T20:20:18.950+0530][gc,metaspace] GC(686) Metaspace: 53181K(53888K)->53181K(53888K) NonClass: 47255K(47616K)->47255K(47616K) Class: 5925K(6272K)->5925K(6272K)
[2025-03-28T20:20:18.950+0530][gc          ] GC(686) Pause Young (Normal) (G1 Evacuation Pause) 374M->328M(1024M) 249.243ms
[2025-03-28T20:20:18.950+0530][gc,cpu      ] GC(686) User=0.03s Sys=0.02s Real=0.25s
[2025-03-28T20:20:19.686+0530][gc,start    ] GC(687) Pause Young (Normal) (G1 Evacuation Pause)
[2025-03-28T20:20:19.686+0530][gc,task     ] GC(687) Using 2 workers of 2 for evacuation
[2025-03-28T20:20:19.692+0530][gc,phases   ] GC(687)   Pre Evacuate Collection Set: 0.3ms
[2025-03-28T20:20:19.692+0530][gc,phases   ] GC(687)   Merge Heap Roots: 0.2ms
[2025-03-28T20:20:19.692+0530][gc,phases   ] GC(687)   Evacuate Collection Set: 5.7ms
[2025-03-28T20:20:19.692+0530][gc,phases   ] GC(687)   Post Evacuate Collection Set: 0.4ms
[2025-03-28T20:20:19.692+0530][gc,phases   ] GC(687)   Other: 0.1ms
[2025-03-28T20:20:19.692+0530][gc,heap     ] GC(687) Eden regions: 49->0(46)
[2025-03-28T20:20:19.692+0530][gc,heap     ] GC(687) Survivor regions: 2->5(7)
[2025-03-28T20:20:19.692+0530][gc,heap     ] GC(687) Old regions: 177->177
[2025-03-28T20:20:19.692+0530][gc,heap     ] GC(687) Archive regions: 2->2
[2025-03-28T20:20:19.692+0530][gc,heap     ] GC(687) Humongous regions: 149->147
[2025-03-28T20:20:19.692+0530][gc,metaspace] GC(687) Metaspace: 53181K(53888K)->53181K(53888K) NonClass: 47255K(47616K)->47255K(47616K) Class: 5925K(6272K)->5925K(6272K)
[2025-03-28T20:20:19.692+0530][gc          ] GC(687) Pause Young (Normal) (G1 Evacuation Pause) 377M->329M(1024M) 6.801ms
[2025-03-28T20:20:19.692+0530][gc,cpu      ] GC(687) User=0.01s Sys=0.00s Real=0.00s
[2025-03-28T20:20:19.766+0530][gc,start    ] GC(688) Pause Young (Normal) (G1 Evacuation Pause)
[2025-03-28T20:20:19.766+0530][gc,task     ] GC(688) Using 2 workers of 2 for evacuation
[2025-03-28T20:20:19.806+0530][gc,mmu      ] GC(688) MMU target violated: 21.0ms (20.0ms/21.0ms)
[2025-03-28T20:20:19.806+0530][gc,phases   ] GC(688)   Pre Evacuate Collection Set: 0.3ms
[2025-03-28T20:20:19.806+0530][gc,phases   ] GC(688)   Merge Heap Roots: 0.1ms
[2025-03-28T20:20:19.806+0530][gc,phases   ] GC(688)   Evacuate Collection Set: 39.5ms
[2025-03-28T20:20:19.806+0530][gc,phases   ] GC(688)   Post Evacuate Collection Set: 0.3ms
[2025-03-28T20:20:19.806+0530][gc,phases   ] GC(688)   Other: 0.2ms
[2025-03-28T20:20:19.806+0530][gc,heap     ] GC(688) Eden regions: 46->0(49)
[2025-03-28T20:20:19.806+0530][gc,heap     ] GC(688) Survivor regions: 5->2(7)
[2025-03-28T20:20:19.806+0530][gc,heap     ] GC(688) Old regions: 177->178
[2025-03-28T20:20:19.806+0530][gc,heap     ] GC(688) Archive regions: 2->2
[2025-03-28T20:20:19.806+0530][gc,heap     ] GC(688) Humongous regions: 149->149
[2025-03-28T20:20:19.806+0530][gc,metaspace] GC(688) Metaspace: 53181K(53888K)->53181K(53888K) NonClass: 47255K(47616K)->47255K(47616K) Class: 5925K(6272K)->5925K(6272K)
[2025-03-28T20:20:19.806+0530][gc          ] GC(688) Pause Young (Normal) (G1 Evacuation Pause) 377M->328M(1024M) 40.433ms
[2025-03-28T20:20:19.806+0530][gc,cpu      ] GC(688) User=0.02s Sys=0.00s Real=0.04s
[2025-03-28T20:20:28.543+0530][gc,start    ] GC(689) Pause Young (Normal) (G1 Evacuation Pause)
[2025-03-28T20:20:28.544+0530][gc,task     ] GC(689) Using 2 workers of 2 for evacuation
[2025-03-28T20:20:28.549+0530][gc,phases   ] GC(689)   Pre Evacuate Collection Set: 0.1ms
[2025-03-28T20:20:28.549+0530][gc,phases   ] GC(689)   Merge Heap Roots: 0.1ms
[2025-03-28T20:20:28.549+0530][gc,phases   ] GC(689)   Evacuate Collection Set: 4.6ms
[2025-03-28T20:20:28.549+0530][gc,phases   ] GC(689)   Post Evacuate Collection Set: 0.6ms
[2025-03-28T20:20:28.549+0530][gc,phases   ] GC(689)   Other: 0.1ms
[2025-03-28T20:20:28.549+0530][gc,heap     ] GC(689) Eden regions: 49->0(47)
[2025-03-28T20:20:28.549+0530][gc,heap     ] GC(689) Survivor regions: 2->4(7)
[2025-03-28T20:20:28.549+0530][gc,heap     ] GC(689) Old regions: 178->178
[2025-03-28T20:20:28.549+0530][gc,heap     ] GC(689) Archive regions: 2->2
[2025-03-28T20:20:28.549+0530][gc,heap     ] GC(689) Humongous regions: 149->147
[2025-03-28T20:20:28.549+0530][gc,metaspace] GC(689) Metaspace: 53181K(53888K)->53181K(53888K) NonClass: 47255K(47616K)->47255K(47616K) Class: 5925K(6272K)->5925K(6272K)
[2025-03-28T20:20:28.549+0530][gc          ] GC(689) Pause Young (Normal) (G1 Evacuation Pause) 377M->328M(1024M) 5.695ms
[2025-03-28T20:20:28.549+0530][gc,cpu      ] GC(689) User=0.01s Sys=0.00s Real=0.00s
[2025-03-28T20:20:28.656+0530][gc,start    ] GC(690) Pause Young (Normal) (G1 Evacuation Pause)
[2025-03-28T20:20:28.656+0530][gc,task     ] GC(690) Using 2 workers of 2 for evacuation
[2025-03-28T20:20:28.661+0530][gc,phases   ] GC(690)   Pre Evacuate Collection Set: 0.1ms
[2025-03-28T20:20:28.661+0530][gc,phases   ] GC(690)   Merge Heap Roots: 0.1ms
[2025-03-28T20:20:28.661+0530][gc,phases   ] GC(690)   Evacuate Collection Set: 4.5ms
[2025-03-28T20:20:28.661+0530][gc,phases   ] GC(690)   Post Evacuate Collection Set: 0.5ms
[2025-03-28T20:20:28.661+0530][gc,phases   ] GC(690)   Other: 0.1ms
[2025-03-28T20:20:28.661+0530][gc,heap     ] GC(690) Eden regions: 47->0(48)
[2025-03-28T20:20:28.661+0530][gc,heap     ] GC(690) Survivor regions: 4->3(7)
[2025-03-28T20:20:28.661+0530][gc,heap     ] GC(690) Old regions: 178->178
[2025-03-28T20:20:28.661+0530][gc,heap     ] GC(690) Archive regions: 2->2
[2025-03-28T20:20:28.661+0530][gc,heap     ] GC(690) Humongous regions: 149->149
[2025-03-28T20:20:28.661+0530][gc,metaspace] GC(690) Metaspace: 53181K(53888K)->53181K(53888K) NonClass: 47255K(47616K)->47255K(47616K) Class: 5925K(6272K)->5925K(6272K)
[2025-03-28T20:20:28.661+0530][gc          ] GC(690) Pause Young (Normal) (G1 Evacuation Pause) 377M->329M(1024M) 5.368ms
[2025-03-28T20:20:28.661+0530][gc,cpu      ] GC(690) User=0.01s Sys=0.00s Real=0.00s
[2025-03-28T20:20:29.676+0530][gc,start    ] GC(691) Pause Young (Normal) (G1 Evacuation Pause)
[2025-03-28T20:20:29.676+0530][gc,task     ] GC(691) Using 2 workers of 2 for evacuation
[2025-03-28T20:20:29.691+0530][gc,phases   ] GC(691)   Pre Evacuate Collection Set: 1.7ms
[2025-03-28T20:20:29.691+0530][gc,phases   ] GC(691)   Merge Heap Roots: 0.7ms
[2025-03-28T20:20:29.691+0530][gc,phases   ] GC(691)   Evacuate Collection Set: 11.4ms
[2025-03-28T20:20:29.691+0530][gc,phases   ] GC(691)   Post Evacuate Collection Set: 1.5ms
[2025-03-28T20:20:29.691+0530][gc,phases   ] GC(691)   Other: 0.4ms
[2025-03-28T20:20:29.691+0530][gc,heap     ] GC(691) Eden regions: 48->0(49)
[2025-03-28T20:20:29.691+0530][gc,heap     ] GC(691) Survivor regions: 3->2(7)
[2025-03-28T20:20:29.691+0530][gc,heap     ] GC(691) Old regions: 178->178
[2025-03-28T20:20:29.691+0530][gc,heap     ] GC(691) Archive regions: 2->2
[2025-03-28T20:20:29.691+0530][gc,heap     ] GC(691) Humongous regions: 149->147
[2025-03-28T20:20:29.692+0530][gc,metaspace] GC(691) Metaspace: 53181K(53888K)->53181K(53888K) NonClass: 47255K(47616K)->47255K(47616K) Class: 5925K(6272K)->5925K(6272K)
[2025-03-28T20:20:29.692+0530][gc          ] GC(691) Pause Young (Normal) (G1 Evacuation Pause) 377M->327M(1024M) 15.864ms
[2025-03-28T20:20:29.692+0530][gc,cpu      ] GC(691) User=0.02s Sys=0.00s Real=0.01s
[2025-03-28T20:20:29.761+0530][gc,start    ] GC(692) Pause Young (Normal) (G1 Evacuation Pause)
[2025-03-28T20:20:29.761+0530][gc,task     ] GC(692) Using 2 workers of 2 for evacuation
[2025-03-28T20:20:29.785+0530][gc,mmu      ] GC(692) MMU target violated: 21.0ms (20.0ms/21.0ms)
[2025-03-28T20:20:29.785+0530][gc,phases   ] GC(692)   Pre Evacuate Collection Set: 0.2ms
[2025-03-28T20:20:29.785+0530][gc,phases   ] GC(692)   Merge Heap Roots: 0.1ms
[2025-03-28T20:20:29.785+0530][gc,phases   ] GC(692)   Evacuate Collection Set: 23.4ms
[2025-03-28T20:20:29.785+0530][gc,phases   ] GC(692)   Post Evacuate Collection Set: 0.3ms
[2025-03-28T20:20:29.785+0530][gc,phases   ] GC(692)   Other: 0.2ms
[2025-03-28T20:20:29.785+0530][gc,heap     ] GC(692) Eden regions: 49->0(44)
[2025-03-28T20:20:29.785+0530][gc,heap     ] GC(692) Survivor regions: 2->7(7)
[2025-03-28T20:20:29.785+0530][gc,heap     ] GC(692) Old regions: 178->178
[2025-03-28T20:20:29.785+0530][gc,heap     ] GC(692) Archive regions: 2->2
[2025-03-28T20:20:29.785+0530][gc,heap     ] GC(692) Humongous regions: 147->147
[2025-03-28T20:20:29.785+0530][gc,metaspace] GC(692) Metaspace: 53181K(53888K)->53181K(53888K) NonClass: 47255K(47616K)->47255K(47616K) Class: 5925K(6272K)->5925K(6272K)
[2025-03-28T20:20:29.785+0530][gc          ] GC(692) Pause Young (Normal) (G1 Evacuation Pause) 376M->332M(1024M) 24.251ms
[2025-03-28T20:20:29.785+0530][gc,cpu      ] GC(692) User=0.02s Sys=0.00s Real=0.03s
[2025-03-28T20:20:29.842+0530][gc,start    ] GC(693) Pause Young (Normal) (G1 Evacuation Pause)
[2025-03-28T20:20:29.842+0530][gc,task     ] GC(693) Using 2 workers of 2 for evacuation
[2025-03-28T20:20:29.883+0530][gc,mmu      ] GC(693) MMU target violated: 21.0ms (20.0ms/21.0ms)
[2025-03-28T20:20:29.883+0530][gc,phases   ] GC(693)   Pre Evacuate Collection Set: 0.1ms
[2025-03-28T20:20:29.883+0530][gc,phases   ] GC(693)   Merge Heap Roots: 0.1ms
[2025-03-28T20:20:29.883+0530][gc,phases   ] GC(693)   Evacuate Collection Set: 38.2ms
[2025-03-28T20:20:29.883+0530][gc,phases   ] GC(693)   Post Evacuate Collection Set: 0.4ms
[2025-03-28T20:20:29.883+0530][gc,phases   ] GC(693)   Other: 2.5ms
[2025-03-28T20:20:29.883+0530][gc,heap     ] GC(693) Eden regions: 44->0(50)
[2025-03-28T20:20:29.883+0530][gc,heap     ] GC(693) Survivor regions: 7->1(7)
[2025-03-28T20:20:29.883+0530][gc,heap     ] GC(693) Old regions: 178->180
[2025-03-28T20:20:29.883+0530][gc,heap     ] GC(693) Archive regions: 2->2
[2025-03-28T20:20:29.883+0530][gc,heap     ] GC(693) Humongous regions: 149->149
[2025-03-28T20:20:29.883+0530][gc,metaspace] GC(693) Metaspace: 53181K(53888K)->53181K(53888K) NonClass: 47255K(47616K)->47255K(47616K) Class: 5925K(6272K)->5925K(6272K)
[2025-03-28T20:20:29.883+0530][gc          ] GC(693) Pause Young (Normal) (G1 Evacuation Pause) 378M->330M(1024M) 41.440ms
[2025-03-28T20:20:29.883+0530][gc,cpu      ] GC(693) User=0.01s Sys=0.01s Real=0.04s
[2025-03-28T20:20:38.557+0530][gc,start    ] GC(694) Pause Young (Normal) (G1 Evacuation Pause)
[2025-03-28T20:20:38.557+0530][gc,task     ] GC(694) Using 2 workers of 2 for evacuation
[2025-03-28T20:20:38.575+0530][gc,phases   ] GC(694)   Pre Evacuate Collection Set: 0.2ms
[2025-03-28T20:20:38.575+0530][gc,phases   ] GC(694)   Merge Heap Roots: 0.1ms
[2025-03-28T20:20:38.575+0530][gc,phases   ] GC(694)   Evacuate Collection Set: 16.6ms
[2025-03-28T20:20:38.575+0530][gc,phases   ] GC(694)   Post Evacuate Collection Set: 0.7ms
[2025-03-28T20:20:38.575+0530][gc,phases   ] GC(694)   Other: 0.1ms
[2025-03-28T20:20:38.575+0530][gc,heap     ] GC(694) Eden regions: 50->0(45)
[2025-03-28T20:20:38.575+0530][gc,heap     ] GC(694) Survivor regions: 1->6(7)
[2025-03-28T20:20:38.575+0530][gc,heap     ] GC(694) Old regions: 180->180
[2025-03-28T20:20:38.575+0530][gc,heap     ] GC(694) Archive regions: 2->2
[2025-03-28T20:20:38.575+0530][gc,heap     ] GC(694) Humongous regions: 149->147
[2025-03-28T20:20:38.575+0530][gc,metaspace] GC(694) Metaspace: 53275K(54016K)->53275K(54016K) NonClass: 47325K(47680K)->47325K(47680K) Class: 5950K(6336K)->5950K(6336K)
[2025-03-28T20:20:38.575+0530][gc          ] GC(694) Pause Young (Normal) (G1 Evacuation Pause) 380M->332M(1024M) 17.807ms
[2025-03-28T20:20:38.575+0530][gc,cpu      ] GC(694) User=0.01s Sys=0.01s Real=0.03s
[2025-03-28T20:20:38.689+0530][gc,start    ] GC(695) Pause Young (Normal) (G1 Evacuation Pause)
[2025-03-28T20:20:38.689+0530][gc,task     ] GC(695) Using 2 workers of 2 for evacuation
[2025-03-28T20:20:38.711+0530][gc,mmu      ] GC(695) MMU target violated: 21.0ms (20.0ms/21.0ms)
[2025-03-28T20:20:38.711+0530][gc,phases   ] GC(695)   Pre Evacuate Collection Set: 0.2ms
[2025-03-28T20:20:38.711+0530][gc,phases   ] GC(695)   Merge Heap Roots: 0.1ms
[2025-03-28T20:20:38.711+0530][gc,phases   ] GC(695)   Evacuate Collection Set: 21.3ms
[2025-03-28T20:20:38.711+0530][gc,phases   ] GC(695)   Post Evacuate Collection Set: 0.5ms
[2025-03-28T20:20:38.711+0530][gc,phases   ] GC(695)   Other: 0.2ms
[2025-03-28T20:20:38.711+0530][gc,heap     ] GC(695) Eden regions: 45->0(49)
[2025-03-28T20:20:38.711+0530][gc,heap     ] GC(695) Survivor regions: 6->2(7)
[2025-03-28T20:20:38.711+0530][gc,heap     ] GC(695) Old regions: 180->181
[2025-03-28T20:20:38.711+0530][gc,heap     ] GC(695) Archive regions: 2->2
[2025-03-28T20:20:38.711+0530][gc,heap     ] GC(695) Humongous regions: 149->149
[2025-03-28T20:20:38.711+0530][gc,metaspace] GC(695) Metaspace: 53275K(54016K)->53275K(54016K) NonClass: 47325K(47680K)->47325K(47680K) Class: 5950K(6336K)->5950K(6336K)
[2025-03-28T20:20:38.711+0530][gc          ] GC(695) Pause Young (Normal) (G1 Evacuation Pause) 379M->332M(1024M) 22.316ms
[2025-03-28T20:20:38.711+0530][gc,cpu      ] GC(695) User=0.02s Sys=0.00s Real=0.03s
[2025-03-28T20:20:39.670+0530][gc,start    ] GC(696) Pause Young (Normal) (G1 Evacuation Pause)
[2025-03-28T20:20:39.670+0530][gc,task     ] GC(696) Using 2 workers of 2 for evacuation
[2025-03-28T20:20:39.675+0530][gc,phases   ] GC(696)   Pre Evacuate Collection Set: 0.4ms
[2025-03-28T20:20:39.675+0530][gc,phases   ] GC(696)   Merge Heap Roots: 0.1ms
[2025-03-28T20:20:39.675+0530][gc,phases   ] GC(696)   Evacuate Collection Set: 3.5ms
[2025-03-28T20:20:39.675+0530][gc,phases   ] GC(696)   Post Evacuate Collection Set: 0.5ms
[2025-03-28T20:20:39.675+0530][gc,phases   ] GC(696)   Other: 0.2ms
[2025-03-28T20:20:39.675+0530][gc,heap     ] GC(696) Eden regions: 49->0(47)
[2025-03-28T20:20:39.675+0530][gc,heap     ] GC(696) Survivor regions: 2->4(7)
[2025-03-28T20:20:39.675+0530][gc,heap     ] GC(696) Old regions: 181->181
[2025-03-28T20:20:39.675+0530][gc,heap     ] GC(696) Archive regions: 2->2
[2025-03-28T20:20:39.675+0530][gc,heap     ] GC(696) Humongous regions: 149->147
[2025-03-28T20:20:39.675+0530][gc,metaspace] GC(696) Metaspace: 53275K(54016K)->53275K(54016K) NonClass: 47325K(47680K)->47325K(47680K) Class: 5950K(6336K)->5950K(6336K)
[2025-03-28T20:20:39.675+0530][gc          ] GC(696) Pause Young (Normal) (G1 Evacuation Pause) 381M->331M(1024M) 4.701ms
[2025-03-28T20:20:39.675+0530][gc,cpu      ] GC(696) User=0.00s Sys=0.00s Real=0.01s
[2025-03-28T20:20:39.752+0530][gc,start    ] GC(697) Pause Young (Normal) (G1 Evacuation Pause)
[2025-03-28T20:20:39.752+0530][gc,task     ] GC(697) Using 2 workers of 2 for evacuation
[2025-03-28T20:20:39.757+0530][gc,phases   ] GC(697)   Pre Evacuate Collection Set: 0.3ms
[2025-03-28T20:20:39.757+0530][gc,phases   ] GC(697)   Merge Heap Roots: 0.1ms
[2025-03-28T20:20:39.757+0530][gc,phases   ] GC(697)   Evacuate Collection Set: 4.0ms
[2025-03-28T20:20:39.757+0530][gc,phases   ] GC(697)   Post Evacuate Collection Set: 0.5ms
[2025-03-28T20:20:39.757+0530][gc,phases   ] GC(697)   Other: 0.1ms
[2025-03-28T20:20:39.757+0530][gc,heap     ] GC(697) Eden regions: 47->0(48)
[2025-03-28T20:20:39.757+0530][gc,heap     ] GC(697) Survivor regions: 4->3(7)
[2025-03-28T20:20:39.757+0530][gc,heap     ] GC(697) Old regions: 181->181
[2025-03-28T20:20:39.757+0530][gc,heap     ] GC(697) Archive regions: 2->2
[2025-03-28T20:20:39.757+0530][gc,heap     ] GC(697) Humongous regions: 149->149
[2025-03-28T20:20:39.757+0530][gc,metaspace] GC(697) Metaspace: 53275K(54016K)->53275K(54016K) NonClass: 47325K(47680K)->47325K(47680K) Class: 5950K(6336K)->5950K(6336K)
[2025-03-28T20:20:39.757+0530][gc          ] GC(697) Pause Young (Normal) (G1 Evacuation Pause) 380M->333M(1024M) 5.160ms
[2025-03-28T20:20:39.757+0530][gc,cpu      ] GC(697) User=0.01s Sys=0.00s Real=0.01s
[2025-03-28T20:20:43.559+0530][gc,start    ] GC(609) Pause Young (Prepare Mixed) (G1 Evacuation Pause)
[2025-03-28T20:20:43.559+0530][gc,task     ] GC(609) Using 2 workers of 2 for evacuation
[2025-03-28T20:20:43.569+0530][gc,phases   ] GC(609)   Pre Evacuate Collection Set: 0.3ms
[2025-03-28T20:20:43.569+0530][gc,phases   ] GC(609)   Merge Heap Roots: 0.2ms
[2025-03-28T20:20:43.569+0530][gc,phases   ] GC(609)   Evacuate Collection Set: 8.0ms
[2025-03-28T20:20:43.569+0530][gc,phases   ] GC(609)   Post Evacuate Collection Set: 1.1ms
[2025-03-28T20:20:43.569+0530][gc,phases   ] GC(609)   Other: 0.2ms
[2025-03-28T20:20:43.569+0530][gc,heap     ] GC(609) Eden regions: 610->0(45)
[2025-03-28T20:20:43.569+0530][gc,heap     ] GC(609) Survivor regions: 4->6(77)
[2025-03-28T20:20:43.569+0530][gc,heap     ] GC(609) Old regions: 45->45
[2025-03-28T20:20:43.569+0530][gc,heap     ] GC(609) Archive regions: 2->2
[2025-03-28T20:20:43.569+0530][gc,heap     ] GC(609) Humongous regions: 159->147
[2025-03-28T20:20:43.569+0530][gc,metaspace] GC(609) Metaspace: 53100K(53824K)->53100K(53824K) NonClass: 47187K(47552K)->47187K(47552K) Class: 5912K(6272K)->5912K(6272K)
[2025-03-28T20:20:43.569+0530][gc          ] GC(609) Pause Young (Prepare Mixed) (G1 Evacuation Pause) 818M->198M(1024M) 9.919ms
[2025-03-28T20:20:43.569+0530][gc,cpu      ] GC(609) User=0.01s Sys=0.00s Real=0.02s
[2025-03-28T20:20:43.669+0530][gc,start    ] GC(610) Pause Young (Mixed) (G1 Evacuation Pause)
[2025-03-28T20:20:43.669+0530][gc,task     ] GC(610) Using 2 workers of 2 for evacuation
[2025-03-28T20:20:43.678+0530][gc,phases   ] GC(610)   Pre Evacuate Collection Set: 0.4ms
[2025-03-28T20:20:43.678+0530][gc,phases   ] GC(610)   Merge Heap Roots: 0.2ms
[2025-03-28T20:20:43.678+0530][gc,phases   ] GC(610)   Evacuate Collection Set: 8.4ms
[2025-03-28T20:20:43.678+0530][gc,phases   ] GC(610)   Post Evacuate Collection Set: 0.5ms
[2025-03-28T20:20:43.678+0530][gc,phases   ] GC(610)   Other: 0.2ms
[2025-03-28T20:20:43.678+0530][gc,heap     ] GC(610) Eden regions: 45->0(612)
[2025-03-28T20:20:43.678+0530][gc,heap     ] GC(610) Survivor regions: 6->2(7)
[2025-03-28T20:20:43.678+0530][gc,heap     ] GC(610) Old regions: 45->45
[2025-03-28T20:20:43.678+0530][gc,heap     ] GC(610) Archive regions: 2->2
[2025-03-28T20:20:43.678+0530][gc,heap     ] GC(610) Humongous regions: 149->149
[2025-03-28T20:20:43.678+0530][gc,metaspace] GC(610) Metaspace: 53100K(53824K)->53100K(53824K) NonClass: 47187K(47552K)->47187K(47552K) Class: 5912K(6272K)->5912K(6272K)
[2025-03-28T20:20:43.678+0530][gc          ] GC(610) Pause Young (Mixed) (G1 Evacuation Pause) 245M->196M(1024M) 9.823ms
[2025-03-28T20:20:43.678+0530][gc,cpu      ] GC(610) User=0.02s Sys=0.00s Real=0.03s
[2025-03-28T20:20:48.561+0530][gc,start    ] GC(698) Pause Young (Normal) (G1 Evacuation Pause)
[2025-03-28T20:20:48.561+0530][gc,task     ] GC(698) Using 2 workers of 2 for evacuation
[2025-03-28T20:20:48.565+0530][gc,phases   ] GC(698)   Pre Evacuate Collection Set: 0.2ms
[2025-03-28T20:20:48.565+0530][gc,phases   ] GC(698)   Merge Heap Roots: 0.1ms
[2025-03-28T20:20:48.565+0530][gc,phases   ] GC(698)   Evacuate Collection Set: 2.9ms
[2025-03-28T20:20:48.565+0530][gc,phases   ] GC(698)   Post Evacuate Collection Set: 1.3ms
[2025-03-28T20:20:48.565+0530][gc,phases   ] GC(698)   Other: 0.1ms
[2025-03-28T20:20:48.565+0530][gc,heap     ] GC(698) Eden regions: 48->0(49)
[2025-03-28T20:20:48.565+0530][gc,heap     ] GC(698) Survivor regions: 3->2(7)
[2025-03-28T20:20:48.565+0530][gc,heap     ] GC(698) Old regions: 181->181
[2025-03-28T20:20:48.565+0530][gc,heap     ] GC(698) Archive regions: 2->2
[2025-03-28T20:20:48.565+0530][gc,heap     ] GC(698) Humongous regions: 149->147
[2025-03-28T20:20:48.565+0530][gc,metaspace] GC(698) Metaspace: 53278K(54016K)->53278K(54016K) NonClass: 47328K(47680K)->47328K(47680K) Class: 5950K(6336K)->5950K(6336K)
[2025-03-28T20:20:48.566+0530][gc          ] GC(698) Pause Young (Normal) (G1 Evacuation Pause) 381M->330M(1024M) 4.771ms
[2025-03-28T20:20:48.566+0530][gc,cpu      ] GC(698) User=0.01s Sys=0.00s Real=0.00s
[2025-03-28T20:20:48.653+0530][gc,start    ] GC(699) Pause Young (Normal) (G1 Evacuation Pause)
[2025-03-28T20:20:48.653+0530][gc,task     ] GC(699) Using 2 workers of 2 for evacuation
[2025-03-28T20:20:48.686+0530][gc,mmu      ] GC(699) MMU target violated: 21.0ms (20.0ms/21.0ms)
[2025-03-28T20:20:48.686+0530][gc,phases   ] GC(699)   Pre Evacuate Collection Set: 0.2ms
[2025-03-28T20:20:48.686+0530][gc,phases   ] GC(699)   Merge Heap Roots: 0.1ms
[2025-03-28T20:20:48.686+0530][gc,phases   ] GC(699)   Evacuate Collection Set: 32.7ms
[2025-03-28T20:20:48.686+0530][gc,phases   ] GC(699)   Post Evacuate Collection Set: 0.5ms
[2025-03-28T20:20:48.686+0530][gc,phases   ] GC(699)   Other: 0.2ms
[2025-03-28T20:20:48.686+0530][gc,heap     ] GC(699) Eden regions: 49->0(44)
[2025-03-28T20:20:48.686+0530][gc,heap     ] GC(699) Survivor regions: 2->7(7)
[2025-03-28T20:20:48.686+0530][gc,heap     ] GC(699) Old regions: 181->181
[2025-03-28T20:20:48.686+0530][gc,heap     ] GC(699) Archive regions: 2->2
[2025-03-28T20:20:48.686+0530][gc,heap     ] GC(699) Humongous regions: 147->147
[2025-03-28T20:20:48.686+0530][gc,metaspace] GC(699) Metaspace: 53278K(54016K)->53278K(54016K) NonClass: 47328K(47680K)->47328K(47680K) Class: 5950K(6336K)->5950K(6336K)
[2025-03-28T20:20:48.686+0530][gc          ] GC(699) Pause Young (Normal) (G1 Evacuation Pause) 379M->335M(1024M) 33.710ms
[2025-03-28T20:20:48.686+0530][gc,cpu      ] GC(699) User=0.01s Sys=0.00s Real=0.04s
[2025-03-28T20:20:48.746+0530][gc,start    ] GC(700) Pause Young (Normal) (G1 Evacuation Pause)
[2025-03-28T20:20:48.746+0530][gc,task     ] GC(700) Using 2 workers of 2 for evacuation
[2025-03-28T20:20:48.787+0530][gc,mmu      ] GC(700) MMU target violated: 21.0ms (20.0ms/21.0ms)
[2025-03-28T20:20:48.788+0530][gc,phases   ] GC(700)   Pre Evacuate Collection Set: 0.2ms
[2025-03-28T20:20:48.788+0530][gc,phases   ] GC(700)   Merge Heap Roots: 0.1ms
[2025-03-28T20:20:48.788+0530][gc,phases   ] GC(700)   Evacuate Collection Set: 39.8ms
[2025-03-28T20:20:48.788+0530][gc,phases   ] GC(700)   Post Evacuate Collection Set: 0.9ms
[2025-03-28T20:20:48.788+0530][gc,phases   ] GC(700)   Other: 0.2ms
[2025-03-28T20:20:48.788+0530][gc,heap     ] GC(700) Eden regions: 44->0(50)
[2025-03-28T20:20:48.788+0530][gc,heap     ] GC(700) Survivor regions: 7->1(7)
[2025-03-28T20:20:48.788+0530][gc,heap     ] GC(700) Old regions: 181->183
[2025-03-28T20:20:48.788+0530][gc,heap     ] GC(700) Archive regions: 2->2
[2025-03-28T20:20:48.788+0530][gc,heap     ] GC(700) Humongous regions: 149->149
[2025-03-28T20:20:48.788+0530][gc,metaspace] GC(700) Metaspace: 53278K(54016K)->53278K(54016K) NonClass: 47328K(47680K)->47328K(47680K) Class: 5950K(6336K)->5950K(6336K)
[2025-03-28T20:20:48.788+0530][gc          ] GC(700) Pause Young (Normal) (G1 Evacuation Pause) 381M->333M(1024M) 41.203ms
[2025-03-28T20:20:48.788+0530][gc,cpu      ] GC(700) User=0.01s Sys=0.01s Real=0.05s
[2025-03-28T20:20:49.693+0530][gc,start    ] GC(701) Pause Young (Normal) (G1 Evacuation Pause)
[2025-03-28T20:20:49.693+0530][gc,task     ] GC(701) Using 2 workers of 2 for evacuation
[2025-03-28T20:20:49.699+0530][gc,phases   ] GC(701)   Pre Evacuate Collection Set: 0.2ms
[2025-03-28T20:20:49.699+0530][gc,phases   ] GC(701)   Merge Heap Roots: 0.1ms
[2025-03-28T20:20:49.699+0530][gc,phases   ] GC(701)   Evacuate Collection Set: 5.5ms
[2025-03-28T20:20:49.699+0530][gc,phases   ] GC(701)   Post Evacuate Collection Set: 0.4ms
[2025-03-28T20:20:49.699+0530][gc,phases   ] GC(701)   Other: 0.1ms
[2025-03-28T20:20:49.699+0530][gc,heap     ] GC(701) Eden regions: 50->0(45)
[2025-03-28T20:20:49.699+0530][gc,heap     ] GC(701) Survivor regions: 1->6(7)
[2025-03-28T20:20:49.699+0530][gc,heap     ] GC(701) Old regions: 183->183
[2025-03-28T20:20:49.699+0530][gc,heap     ] GC(701) Archive regions: 2->2
[2025-03-28T20:20:49.699+0530][gc,heap     ] GC(701) Humongous regions: 149->147
[2025-03-28T20:20:49.699+0530][gc,metaspace] GC(701) Metaspace: 53278K(54016K)->53278K(54016K) NonClass: 47328K(47680K)->47328K(47680K) Class: 5950K(6336K)->5950K(6336K)
[2025-03-28T20:20:49.699+0530][gc          ] GC(701) Pause Young (Normal) (G1 Evacuation Pause) 383M->335M(1024M) 6.393ms
[2025-03-28T20:20:49.699+0530][gc,cpu      ] GC(701) User=0.01s Sys=0.00s Real=0.01s
[2025-03-28T20:20:49.777+0530][gc,start    ] GC(702) Pause Young (Normal) (G1 Evacuation Pause)
[2025-03-28T20:20:49.777+0530][gc,task     ] GC(702) Using 2 workers of 2 for evacuation
[2025-03-28T20:20:49.803+0530][gc,mmu      ] GC(702) MMU target violated: 21.0ms (20.0ms/21.0ms)
[2025-03-28T20:20:49.803+0530][gc,phases   ] GC(702)   Pre Evacuate Collection Set: 0.1ms
[2025-03-28T20:20:49.803+0530][gc,phases   ] GC(702)   Merge Heap Roots: 0.1ms
[2025-03-28T20:20:49.803+0530][gc,phases   ] GC(702)   Evacuate Collection Set: 24.7ms
[2025-03-28T20:20:49.803+0530][gc,phases   ] GC(702)   Post Evacuate Collection Set: 0.9ms
[2025-03-28T20:20:49.803+0530][gc,phases   ] GC(702)   Other: 0.8ms
[2025-03-28T20:20:49.803+0530][gc,heap     ] GC(702) Eden regions: 45->0(49)
[2025-03-28T20:20:49.803+0530][gc,heap     ] GC(702) Survivor regions: 6->2(7)
[2025-03-28T20:20:49.803+0530][gc,heap     ] GC(702) Old regions: 183->184
[2025-03-28T20:20:49.803+0530][gc,heap     ] GC(702) Archive regions: 2->2
[2025-03-28T20:20:49.803+0530][gc,heap     ] GC(702) Humongous regions: 149->149
[2025-03-28T20:20:49.803+0530][gc,metaspace] GC(702) Metaspace: 53278K(54016K)->53278K(54016K) NonClass: 47328K(47680K)->47328K(47680K) Class: 5950K(6336K)->5950K(6336K)
[2025-03-28T20:20:49.803+0530][gc          ] GC(702) Pause Young (Normal) (G1 Evacuation Pause) 382M->335M(1024M) 26.703ms
[2025-03-28T20:20:49.803+0530][gc,cpu      ] GC(702) User=0.01s Sys=0.00s Real=0.02s
[2025-03-28T20:20:58.390+0530][gc,start    ] GC(703) Pause Young (Normal) (G1 Evacuation Pause)
[2025-03-28T20:20:58.390+0530][gc,task     ] GC(703) Using 2 workers of 2 for evacuation
[2025-03-28T20:20:58.397+0530][gc,phases   ] GC(703)   Pre Evacuate Collection Set: 0.2ms
[2025-03-28T20:20:58.397+0530][gc,phases   ] GC(703)   Merge Heap Roots: 0.1ms
[2025-03-28T20:20:58.397+0530][gc,phases   ] GC(703)   Evacuate Collection Set: 5.3ms
[2025-03-28T20:20:58.397+0530][gc,phases   ] GC(703)   Post Evacuate Collection Set: 0.7ms
[2025-03-28T20:20:58.397+0530][gc,phases   ] GC(703)   Other: 0.2ms
[2025-03-28T20:20:58.397+0530][gc,heap     ] GC(703) Eden regions: 49->0(47)
[2025-03-28T20:20:58.397+0530][gc,heap     ] GC(703) Survivor regions: 2->4(7)
[2025-03-28T20:20:58.397+0530][gc,heap     ] GC(703) Old regions: 184->184
[2025-03-28T20:20:58.397+0530][gc,heap     ] GC(703) Archive regions: 2->2
[2025-03-28T20:20:58.397+0530][gc,heap     ] GC(703) Humongous regions: 149->147
[2025-03-28T20:20:58.397+0530][gc,metaspace] GC(703) Metaspace: 53278K(54016K)->53278K(54016K) NonClass: 47328K(47680K)->47328K(47680K) Class: 5950K(6336K)->5950K(6336K)
[2025-03-28T20:20:58.397+0530][gc          ] GC(703) Pause Young (Normal) (G1 Evacuation Pause) 384M->335M(1024M) 6.432ms
[2025-03-28T20:20:58.397+0530][gc,cpu      ] GC(703) User=0.01s Sys=0.01s Real=0.01s
[2025-03-28T20:20:58.531+0530][gc,start    ] GC(704) Pause Young (Normal) (G1 Evacuation Pause)
[2025-03-28T20:20:58.531+0530][gc,task     ] GC(704) Using 2 workers of 2 for evacuation
[2025-03-28T20:20:58.549+0530][gc,phases   ] GC(704)   Pre Evacuate Collection Set: 0.2ms
[2025-03-28T20:20:58.549+0530][gc,phases   ] GC(704)   Merge Heap Roots: 0.1ms
[2025-03-28T20:20:58.549+0530][gc,phases   ] GC(704)   Evacuate Collection Set: 15.6ms
[2025-03-28T20:20:58.549+0530][gc,phases   ] GC(704)   Post Evacuate Collection Set: 1.7ms
[2025-03-28T20:20:58.549+0530][gc,phases   ] GC(704)   Other: 0.2ms
[2025-03-28T20:20:58.549+0530][gc,heap     ] GC(704) Eden regions: 47->0(48)
[2025-03-28T20:20:58.549+0530][gc,heap     ] GC(704) Survivor regions: 4->3(7)
[2025-03-28T20:20:58.549+0530][gc,heap     ] GC(704) Old regions: 184->184
[2025-03-28T20:20:58.549+0530][gc,heap     ] GC(704) Archive regions: 2->2
[2025-03-28T20:20:58.549+0530][gc,heap     ] GC(704) Humongous regions: 149->149
[2025-03-28T20:20:58.549+0530][gc,metaspace] GC(704) Metaspace: 53278K(54016K)->53278K(54016K) NonClass: 47328K(47680K)->47328K(47680K) Class: 5950K(6336K)->5950K(6336K)
[2025-03-28T20:20:58.549+0530][gc          ] GC(704) Pause Young (Normal) (G1 Evacuation Pause) 384M->336M(1024M) 18.237ms
[2025-03-28T20:20:58.550+0530][gc,cpu      ] GC(704) User=0.02s Sys=0.00s Real=0.02s
[2025-03-28T20:20:59.682+0530][gc,start    ] GC(705) Pause Young (Normal) (G1 Evacuation Pause)
[2025-03-28T20:20:59.682+0530][gc,task     ] GC(705) Using 2 workers of 2 for evacuation
[2025-03-28T20:20:59.689+0530][gc,phases   ] GC(705)   Pre Evacuate Collection Set: 0.4ms
[2025-03-28T20:20:59.689+0530][gc,phases   ] GC(705)   Merge Heap Roots: 0.2ms
[2025-03-28T20:20:59.689+0530][gc,phases   ] GC(705)   Evacuate Collection Set: 5.2ms
[2025-03-28T20:20:59.689+0530][gc,phases   ] GC(705)   Post Evacuate Collection Set: 1.0ms
[2025-03-28T20:20:59.689+0530][gc,phases   ] GC(705)   Other: 0.4ms
[2025-03-28T20:20:59.689+0530][gc,heap     ] GC(705) Eden regions: 48->0(48)
[2025-03-28T20:20:59.689+0530][gc,heap     ] GC(705) Survivor regions: 3->3(7)
[2025-03-28T20:20:59.689+0530][gc,heap     ] GC(705) Old regions: 184->184
[2025-03-28T20:20:59.689+0530][gc,heap     ] GC(705) Archive regions: 2->2
[2025-03-28T20:20:59.689+0530][gc,heap     ] GC(705) Humongous regions: 149->147
[2025-03-28T20:20:59.689+0530][gc,metaspace] GC(705) Metaspace: 53278K(54016K)->53278K(54016K) NonClass: 47328K(47680K)->47328K(47680K) Class: 5950K(6336K)->5950K(6336K)
[2025-03-28T20:20:59.689+0530][gc          ] GC(705) Pause Young (Normal) (G1 Evacuation Pause) 384M->333M(1024M) 7.478ms
[2025-03-28T20:20:59.689+0530][gc,cpu      ] GC(705) User=0.01s Sys=0.00s Real=0.01s
[2025-03-28T20:20:59.762+0530][gc,start    ] GC(706) Pause Young (Normal) (G1 Evacuation Pause)
[2025-03-28T20:20:59.762+0530][gc,task     ] GC(706) Using 2 workers of 2 for evacuation
[2025-03-28T20:20:59.780+0530][gc,phases   ] GC(706)   Pre Evacuate Collection Set: 0.2ms
[2025-03-28T20:20:59.780+0530][gc,phases   ] GC(706)   Merge Heap Roots: 0.1ms
[2025-03-28T20:20:59.780+0530][gc,phases   ] GC(706)   Evacuate Collection Set: 16.9ms
[2025-03-28T20:20:59.780+0530][gc,phases   ] GC(706)   Post Evacuate Collection Set: 0.7ms
[2025-03-28T20:20:59.780+0530][gc,phases   ] GC(706)   Other: 0.3ms
[2025-03-28T20:20:59.780+0530][gc,heap     ] GC(706) Eden regions: 48->0(44)
[2025-03-28T20:20:59.780+0530][gc,heap     ] GC(706) Survivor regions: 3->7(7)
[2025-03-28T20:20:59.780+0530][gc,heap     ] GC(706) Old regions: 184->184
[2025-03-28T20:20:59.780+0530][gc,heap     ] GC(706) Archive regions: 2->2
[2025-03-28T20:20:59.780+0530][gc,heap     ] GC(706) Humongous regions: 147->147
[2025-03-28T20:20:59.780+0530][gc,metaspace] GC(706) Metaspace: 53278K(54016K)->53278K(54016K) NonClass: 47328K(47680K)->47328K(47680K) Class: 5950K(6336K)->5950K(6336K)
[2025-03-28T20:20:59.780+0530][gc          ] GC(706) Pause Young (Normal) (G1 Evacuation Pause) 381M->338M(1024M) 18.370ms
[2025-03-28T20:20:59.780+0530][gc,cpu      ] GC(706) User=0.01s Sys=0.00s Real=0.03s
[2025-03-28T20:20:59.831+0530][gc,start    ] GC(707) Pause Young (Normal) (G1 Evacuation Pause)
[2025-03-28T20:20:59.831+0530][gc,task     ] GC(707) Using 2 workers of 2 for evacuation
[2025-03-28T20:20:59.851+0530][gc,mmu      ] GC(707) MMU target violated: 20.5ms (20.0ms/21.0ms)
[2025-03-28T20:20:59.851+0530][gc,phases   ] GC(707)   Pre Evacuate Collection Set: 0.4ms
[2025-03-28T20:20:59.851+0530][gc,phases   ] GC(707)   Merge Heap Roots: 0.1ms
[2025-03-28T20:20:59.851+0530][gc,phases   ] GC(707)   Evacuate Collection Set: 19.3ms
[2025-03-28T20:20:59.851+0530][gc,phases   ] GC(707)   Post Evacuate Collection Set: 0.7ms
[2025-03-28T20:20:59.851+0530][gc,phases   ] GC(707)   Other: 0.2ms
[2025-03-28T20:20:59.851+0530][gc,heap     ] GC(707) Eden regions: 44->0(50)
[2025-03-28T20:20:59.851+0530][gc,heap     ] GC(707) Survivor regions: 7->1(7)
[2025-03-28T20:20:59.851+0530][gc,heap     ] GC(707) Old regions: 184->186
[2025-03-28T20:20:59.851+0530][gc,heap     ] GC(707) Archive regions: 2->2
[2025-03-28T20:20:59.851+0530][gc,heap     ] GC(707) Humongous regions: 149->149
[2025-03-28T20:20:59.851+0530][gc,metaspace] GC(707) Metaspace: 53278K(54016K)->53278K(54016K) NonClass: 47328K(47680K)->47328K(47680K) Class: 5950K(6336K)->5950K(6336K)
[2025-03-28T20:20:59.851+0530][gc          ] GC(707) Pause Young (Normal) (G1 Evacuation Pause) 384M->336M(1024M) 20.743ms
[2025-03-28T20:20:59.852+0530][gc,cpu      ] GC(707) User=0.01s Sys=0.01s Real=0.02s
[2025-03-28T20:21:08.562+0530][gc,start    ] GC(708) Pause Young (Normal) (G1 Evacuation Pause)
[2025-03-28T20:21:08.562+0530][gc,task     ] GC(708) Using 2 workers of 2 for evacuation
[2025-03-28T20:21:08.590+0530][gc,mmu      ] GC(708) MMU target violated: 21.0ms (20.0ms/21.0ms)
[2025-03-28T20:21:08.590+0530][gc,phases   ] GC(708)   Pre Evacuate Collection Set: 0.5ms
[2025-03-28T20:21:08.590+0530][gc,phases   ] GC(708)   Merge Heap Roots: 0.5ms
[2025-03-28T20:21:08.590+0530][gc,phases   ] GC(708)   Evacuate Collection Set: 25.7ms
[2025-03-28T20:21:08.590+0530][gc,phases   ] GC(708)   Post Evacuate Collection Set: 0.6ms
[2025-03-28T20:21:08.590+0530][gc,phases   ] GC(708)   Other: 0.3ms
[2025-03-28T20:21:08.590+0530][gc,heap     ] GC(708) Eden regions: 50->0(45)
[2025-03-28T20:21:08.590+0530][gc,heap     ] GC(708) Survivor regions: 1->6(7)
[2025-03-28T20:21:08.590+0530][gc,heap     ] GC(708) Old regions: 186->186
[2025-03-28T20:21:08.590+0530][gc,heap     ] GC(708) Archive regions: 2->2
[2025-03-28T20:21:08.590+0530][gc,heap     ] GC(708) Humongous regions: 149->147
[2025-03-28T20:21:08.590+0530][gc,metaspace] GC(708) Metaspace: 53278K(54016K)->53278K(54016K) NonClass: 47328K(47680K)->47328K(47680K) Class: 5950K(6336K)->5950K(6336K)
[2025-03-28T20:21:08.590+0530][gc          ] GC(708) Pause Young (Normal) (G1 Evacuation Pause) 386M->339M(1024M) 27.795ms
[2025-03-28T20:21:08.590+0530][gc,cpu      ] GC(708) User=0.02s Sys=0.01s Real=0.04s
[2025-03-28T20:21:08.670+0530][gc,start    ] GC(709) Pause Young (Normal) (G1 Evacuation Pause)
[2025-03-28T20:21:08.670+0530][gc,task     ] GC(709) Using 2 workers of 2 for evacuation
[2025-03-28T20:21:08.696+0530][gc,mmu      ] GC(709) MMU target violated: 21.0ms (20.0ms/21.0ms)
[2025-03-28T20:21:08.696+0530][gc,phases   ] GC(709)   Pre Evacuate Collection Set: 0.9ms
[2025-03-28T20:21:08.696+0530][gc,phases   ] GC(709)   Merge Heap Roots: 0.1ms
[2025-03-28T20:21:08.696+0530][gc,phases   ] GC(709)   Evacuate Collection Set: 24.0ms
[2025-03-28T20:21:08.696+0530][gc,phases   ] GC(709)   Post Evacuate Collection Set: 0.6ms
[2025-03-28T20:21:08.696+0530][gc,phases   ] GC(709)   Other: 0.2ms
[2025-03-28T20:21:08.696+0530][gc,heap     ] GC(709) Eden regions: 45->0(49)
[2025-03-28T20:21:08.696+0530][gc,heap     ] GC(709) Survivor regions: 6->2(7)
[2025-03-28T20:21:08.696+0530][gc,heap     ] GC(709) Old regions: 186->187
[2025-03-28T20:21:08.696+0530][gc,heap     ] GC(709) Archive regions: 2->2
[2025-03-28T20:21:08.696+0530][gc,heap     ] GC(709) Humongous regions: 149->149
[2025-03-28T20:21:08.696+0530][gc,metaspace] GC(709) Metaspace: 53278K(54016K)->53278K(54016K) NonClass: 47328K(47680K)->47328K(47680K) Class: 5950K(6336K)->5950K(6336K)
[2025-03-28T20:21:08.696+0530][gc          ] GC(709) Pause Young (Normal) (G1 Evacuation Pause) 386M->338M(1024M) 25.912ms
[2025-03-28T20:21:08.696+0530][gc,cpu      ] GC(709) User=0.01s Sys=0.01s Real=0.04s
[2025-03-28T20:21:09.668+0530][gc,start    ] GC(710) Pause Young (Normal) (G1 Evacuation Pause)
[2025-03-28T20:21:09.668+0530][gc,task     ] GC(710) Using 2 workers of 2 for evacuation
[2025-03-28T20:21:09.672+0530][gc,phases   ] GC(710)   Pre Evacuate Collection Set: 0.2ms
[2025-03-28T20:21:09.672+0530][gc,phases   ] GC(710)   Merge Heap Roots: 0.1ms
[2025-03-28T20:21:09.672+0530][gc,phases   ] GC(710)   Evacuate Collection Set: 3.4ms
[2025-03-28T20:21:09.672+0530][gc,phases   ] GC(710)   Post Evacuate Collection Set: 0.4ms
[2025-03-28T20:21:09.672+0530][gc,phases   ] GC(710)   Other: 0.1ms
[2025-03-28T20:21:09.672+0530][gc,heap     ] GC(710) Eden regions: 49->0(47)
[2025-03-28T20:21:09.672+0530][gc,heap     ] GC(710) Survivor regions: 2->4(7)
[2025-03-28T20:21:09.672+0530][gc,heap     ] GC(710) Old regions: 187->187
[2025-03-28T20:21:09.672+0530][gc,heap     ] GC(710) Archive regions: 2->2
[2025-03-28T20:21:09.672+0530][gc,heap     ] GC(710) Humongous regions: 149->147
[2025-03-28T20:21:09.672+0530][gc,metaspace] GC(710) Metaspace: 53278K(54016K)->53278K(54016K) NonClass: 47328K(47680K)->47328K(47680K) Class: 5950K(6336K)->5950K(6336K)
[2025-03-28T20:21:09.672+0530][gc          ] GC(710) Pause Young (Normal) (G1 Evacuation Pause) 387M->338M(1024M) 4.329ms
[2025-03-28T20:21:09.672+0530][gc,cpu      ] GC(710) User=0.01s Sys=0.00s Real=0.00s
[2025-03-28T20:21:09.763+0530][gc,start    ] GC(711) Pause Young (Normal) (G1 Evacuation Pause)
[2025-03-28T20:21:09.763+0530][gc,task     ] GC(711) Using 2 workers of 2 for evacuation
[2025-03-28T20:21:09.768+0530][gc,phases   ] GC(711)   Pre Evacuate Collection Set: 0.1ms
[2025-03-28T20:21:09.768+0530][gc,phases   ] GC(711)   Merge Heap Roots: 0.1ms
[2025-03-28T20:21:09.768+0530][gc,phases   ] GC(711)   Evacuate Collection Set: 4.6ms
[2025-03-28T20:21:09.768+0530][gc,phases   ] GC(711)   Post Evacuate Collection Set: 0.5ms
[2025-03-28T20:21:09.768+0530][gc,phases   ] GC(711)   Other: 0.1ms
[2025-03-28T20:21:09.768+0530][gc,heap     ] GC(711) Eden regions: 47->0(48)
[2025-03-28T20:21:09.768+0530][gc,heap     ] GC(711) Survivor regions: 4->3(7)
[2025-03-28T20:21:09.768+0530][gc,heap     ] GC(711) Old regions: 187->187
[2025-03-28T20:21:09.768+0530][gc,heap     ] GC(711) Archive regions: 2->2
[2025-03-28T20:21:09.768+0530][gc,heap     ] GC(711) Humongous regions: 149->149
[2025-03-28T20:21:09.768+0530][gc,metaspace] GC(711) Metaspace: 53278K(54016K)->53278K(54016K) NonClass: 47328K(47680K)->47328K(47680K) Class: 5950K(6336K)->5950K(6336K)
[2025-03-28T20:21:09.768+0530][gc          ] GC(711) Pause Young (Normal) (G1 Evacuation Pause) 387M->339M(1024M) 5.645ms
[2025-03-28T20:21:09.768+0530][gc,cpu      ] GC(711) User=0.01s Sys=0.00s Real=0.01s
[2025-03-28T20:21:13.526+0530][gc,start    ] GC(611) Pause Young (Normal) (G1 Evacuation Pause)
[2025-03-28T20:21:13.526+0530][gc,task     ] GC(611) Using 2 workers of 2 for evacuation
[2025-03-28T20:21:13.534+0530][gc,phases   ] GC(611)   Pre Evacuate Collection Set: 0.3ms
[2025-03-28T20:21:13.534+0530][gc,phases   ] GC(611)   Merge Heap Roots: 0.1ms
[2025-03-28T20:21:13.534+0530][gc,phases   ] GC(611)   Evacuate Collection Set: 6.8ms
[2025-03-28T20:21:13.534+0530][gc,phases   ] GC(611)   Post Evacuate Collection Set: 0.7ms
[2025-03-28T20:21:13.534+0530][gc,phases   ] GC(611)   Other: 0.2ms
[2025-03-28T20:21:13.534+0530][gc,heap     ] GC(611) Eden regions: 612->0(609)
[2025-03-28T20:21:13.534+0530][gc,heap     ] GC(611) Survivor regions: 2->5(77)
[2025-03-28T20:21:13.534+0530][gc,heap     ] GC(611) Old regions: 45->45
[2025-03-28T20:21:13.534+0530][gc,heap     ] GC(611) Archive regions: 2->2
[2025-03-28T20:21:13.534+0530][gc,heap     ] GC(611) Humongous regions: 159->147
[2025-03-28T20:21:13.534+0530][gc,metaspace] GC(611) Metaspace: 53103K(53824K)->53103K(53824K) NonClass: 47191K(47552K)->47191K(47552K) Class: 5912K(6272K)->5912K(6272K)
[2025-03-28T20:21:13.534+0530][gc          ] GC(611) Pause Young (Normal) (G1 Evacuation Pause) 818M->197M(1024M) 8.205ms
[2025-03-28T20:21:13.534+0530][gc,cpu      ] GC(611) User=0.01s Sys=0.00s Real=0.00s
[2025-03-28T20:21:13.613+0530][gc,start    ] GC(612) Pause Young (Concurrent Start) (G1 Humongous Allocation)
[2025-03-28T20:21:13.614+0530][gc,task     ] GC(612) Using 2 workers of 2 for evacuation
[2025-03-28T20:21:13.620+0530][gc,phases   ] GC(612)   Pre Evacuate Collection Set: 0.4ms
[2025-03-28T20:21:13.620+0530][gc,phases   ] GC(612)   Merge Heap Roots: 0.1ms
[2025-03-28T20:21:13.620+0530][gc,phases   ] GC(612)   Evacuate Collection Set: 5.5ms
[2025-03-28T20:21:13.620+0530][gc,phases   ] GC(612)   Post Evacuate Collection Set: 0.5ms
[2025-03-28T20:21:13.620+0530][gc,phases   ] GC(612)   Other: 0.2ms
[2025-03-28T20:21:13.620+0530][gc,heap     ] GC(612) Eden regions: 39->0(610)
[2025-03-28T20:21:13.620+0530][gc,heap     ] GC(612) Survivor regions: 5->4(77)
[2025-03-28T20:21:13.620+0530][gc,heap     ] GC(612) Old regions: 45->45
[2025-03-28T20:21:13.620+0530][gc,heap     ] GC(612) Archive regions: 2->2
[2025-03-28T20:21:13.620+0530][gc,heap     ] GC(612) Humongous regions: 147->147
[2025-03-28T20:21:13.620+0530][gc,metaspace] GC(612) Metaspace: 53103K(53824K)->53103K(53824K) NonClass: 47191K(47552K)->47191K(47552K) Class: 5912K(6272K)->5912K(6272K)
[2025-03-28T20:21:13.620+0530][gc          ] GC(612) Pause Young (Concurrent Start) (G1 Humongous Allocation) 236M->196M(1024M) 6.796ms
[2025-03-28T20:21:13.620+0530][gc,cpu      ] GC(612) User=0.01s Sys=0.00s Real=0.01s
[2025-03-28T20:21:13.620+0530][gc          ] GC(613) Concurrent Mark Cycle
[2025-03-28T20:21:13.620+0530][gc,marking  ] GC(613) Concurrent Clear Claimed Marks
[2025-03-28T20:21:13.620+0530][gc,marking  ] GC(613) Concurrent Clear Claimed Marks 0.082ms
[2025-03-28T20:21:13.620+0530][gc,marking  ] GC(613) Concurrent Scan Root Regions
[2025-03-28T20:21:13.624+0530][gc,marking  ] GC(613) Concurrent Scan Root Regions 3.623ms
[2025-03-28T20:21:13.624+0530][gc,marking  ] GC(613) Concurrent Mark
[2025-03-28T20:21:13.624+0530][gc,marking  ] GC(613) Concurrent Mark From Roots
[2025-03-28T20:21:13.624+0530][gc,task     ] GC(613) Using 1 workers of 1 for marking
[2025-03-28T20:21:13.695+0530][gc,marking  ] GC(613) Concurrent Mark From Roots 70.420ms
[2025-03-28T20:21:13.695+0530][gc,marking  ] GC(613) Concurrent Preclean
[2025-03-28T20:21:13.695+0530][gc,marking  ] GC(613) Concurrent Preclean 0.125ms
[2025-03-28T20:21:13.695+0530][gc,start    ] GC(613) Pause Remark
[2025-03-28T20:21:13.708+0530][gc          ] GC(613) Pause Remark 237M->237M(1024M) 13.486ms
[2025-03-28T20:21:13.708+0530][gc,cpu      ] GC(613) User=0.02s Sys=0.00s Real=0.02s
[2025-03-28T20:21:13.708+0530][gc,marking  ] GC(613) Concurrent Mark 84.251ms
[2025-03-28T20:21:13.708+0530][gc,marking  ] GC(613) Concurrent Rebuild Remembered Sets
[2025-03-28T20:21:13.744+0530][gc,marking  ] GC(613) Concurrent Rebuild Remembered Sets 35.998ms
[2025-03-28T20:21:13.744+0530][gc,start    ] GC(613) Pause Cleanup
[2025-03-28T20:21:13.745+0530][gc          ] GC(613) Pause Cleanup 237M->237M(1024M) 0.316ms
[2025-03-28T20:21:13.745+0530][gc,cpu      ] GC(613) User=0.00s Sys=0.00s Real=0.01s
[2025-03-28T20:21:13.745+0530][gc,marking  ] GC(613) Concurrent Cleanup for Next Mark
[2025-03-28T20:21:13.746+0530][gc,marking  ] GC(613) Concurrent Cleanup for Next Mark 1.589ms
[2025-03-28T20:21:13.746+0530][gc          ] GC(613) Concurrent Mark Cycle 126.128ms
[2025-03-28T20:21:18.422+0530][gc,start    ] GC(712) Pause Young (Normal) (G1 Evacuation Pause)
[2025-03-28T20:21:18.423+0530][gc,task     ] GC(712) Using 2 workers of 2 for evacuation
[2025-03-28T20:21:18.445+0530][gc,mmu      ] GC(712) MMU target violated: 21.0ms (20.0ms/21.0ms)
[2025-03-28T20:21:18.445+0530][gc,phases   ] GC(712)   Pre Evacuate Collection Set: 0.9ms
[2025-03-28T20:21:18.445+0530][gc,phases   ] GC(712)   Merge Heap Roots: 0.5ms
[2025-03-28T20:21:18.445+0530][gc,phases   ] GC(712)   Evacuate Collection Set: 18.7ms
[2025-03-28T20:21:18.445+0530][gc,phases   ] GC(712)   Post Evacuate Collection Set: 1.8ms
[2025-03-28T20:21:18.445+0530][gc,phases   ] GC(712)   Other: 1.5ms
[2025-03-28T20:21:18.445+0530][gc,heap     ] GC(712) Eden regions: 48->0(61)
[2025-03-28T20:21:18.445+0530][gc,heap     ] GC(712) Survivor regions: 3->2(7)
[2025-03-28T20:21:18.445+0530][gc,heap     ] GC(712) Old regions: 187->187
[2025-03-28T20:21:18.446+0530][gc,heap     ] GC(712) Archive regions: 2->2
[2025-03-28T20:21:18.446+0530][gc,heap     ] GC(712) Humongous regions: 149->147
[2025-03-28T20:21:18.446+0530][gc,metaspace] GC(712) Metaspace: 53278K(54016K)->53278K(54016K) NonClass: 47328K(47680K)->47328K(47680K) Class: 5950K(6336K)->5950K(6336K)
[2025-03-28T20:21:18.446+0530][gc          ] GC(712) Pause Young (Normal) (G1 Evacuation Pause) 387M->336M(1024M) 23.766ms
[2025-03-28T20:21:18.446+0530][gc,cpu      ] GC(712) User=0.03s Sys=0.00s Real=0.02s
[2025-03-28T20:21:18.610+0530][gc,start    ] GC(713) Pause Young (Normal) (G1 Evacuation Pause)
[2025-03-28T20:21:18.610+0530][gc,task     ] GC(713) Using 2 workers of 2 for evacuation
[2025-03-28T20:21:18.629+0530][gc,phases   ] GC(713)   Pre Evacuate Collection Set: 0.2ms
[2025-03-28T20:21:18.629+0530][gc,phases   ] GC(713)   Merge Heap Roots: 0.1ms
[2025-03-28T20:21:18.629+0530][gc,phases   ] GC(713)   Evacuate Collection Set: 18.2ms
[2025-03-28T20:21:18.629+0530][gc,phases   ] GC(713)   Post Evacuate Collection Set: 0.5ms
[2025-03-28T20:21:18.629+0530][gc,phases   ] GC(713)   Other: 0.1ms
[2025-03-28T20:21:18.629+0530][gc,heap     ] GC(713) Eden regions: 61->0(56)
[2025-03-28T20:21:18.629+0530][gc,heap     ] GC(713) Survivor regions: 2->3(8)
[2025-03-28T20:21:18.629+0530][gc,heap     ] GC(713) Old regions: 187->187
[2025-03-28T20:21:18.629+0530][gc,heap     ] GC(713) Archive regions: 2->2
[2025-03-28T20:21:18.629+0530][gc,heap     ] GC(713) Humongous regions: 149->149
[2025-03-28T20:21:18.629+0530][gc,metaspace] GC(713) Metaspace: 53278K(54016K)->53278K(54016K) NonClass: 47328K(47680K)->47328K(47680K) Class: 5950K(6336K)->5950K(6336K)
[2025-03-28T20:21:18.629+0530][gc          ] GC(713) Pause Young (Normal) (G1 Evacuation Pause) 399M->339M(1024M) 19.240ms
[2025-03-28T20:21:18.629+0530][gc,cpu      ] GC(713) User=0.01s Sys=0.00s Real=0.03s
[2025-03-28T20:21:19.659+0530][gc,start    ] GC(714) Pause Young (Normal) (G1 Evacuation Pause)
[2025-03-28T20:21:19.659+0530][gc,task     ] GC(714) Using 2 workers of 2 for evacuation
[2025-03-28T20:21:19.665+0530][gc,phases   ] GC(714)   Pre Evacuate Collection Set: 0.2ms
[2025-03-28T20:21:19.665+0530][gc,phases   ] GC(714)   Merge Heap Roots: 0.1ms
[2025-03-28T20:21:19.665+0530][gc,phases   ] GC(714)   Evacuate Collection Set: 4.9ms
[2025-03-28T20:21:19.665+0530][gc,phases   ] GC(714)   Post Evacuate Collection Set: 0.7ms
[2025-03-28T20:21:19.665+0530][gc,phases   ] GC(714)   Other: 0.1ms
[2025-03-28T20:21:19.665+0530][gc,heap     ] GC(714) Eden regions: 56->0(93)
[2025-03-28T20:21:19.665+0530][gc,heap     ] GC(714) Survivor regions: 3->3(8)
[2025-03-28T20:21:19.665+0530][gc,heap     ] GC(714) Old regions: 187->187
[2025-03-28T20:21:19.665+0530][gc,heap     ] GC(714) Archive regions: 2->2
[2025-03-28T20:21:19.665+0530][gc,heap     ] GC(714) Humongous regions: 149->147
[2025-03-28T20:21:19.665+0530][gc,metaspace] GC(714) Metaspace: 53278K(54016K)->53278K(54016K) NonClass: 47328K(47680K)->47328K(47680K) Class: 5950K(6336K)->5950K(6336K)
[2025-03-28T20:21:19.665+0530][gc          ] GC(714) Pause Young (Normal) (G1 Evacuation Pause) 395M->337M(1024M) 6.087ms
[2025-03-28T20:21:19.665+0530][gc,cpu      ] GC(714) User=0.01s Sys=0.00s Real=0.01s
[2025-03-28T20:21:26.562+0530][gc,start    ] GC(715) Pause Young (Normal) (G1 Evacuation Pause)
[2025-03-28T20:21:26.562+0530][gc,task     ] GC(715) Using 2 workers of 2 for evacuation
[2025-03-28T20:21:26.567+0530][gc,phases   ] GC(715)   Pre Evacuate Collection Set: 0.3ms
[2025-03-28T20:21:26.567+0530][gc,phases   ] GC(715)   Merge Heap Roots: 0.1ms
[2025-03-28T20:21:26.567+0530][gc,phases   ] GC(715)   Evacuate Collection Set: 3.9ms
[2025-03-28T20:21:26.567+0530][gc,phases   ] GC(715)   Post Evacuate Collection Set: 0.7ms
[2025-03-28T20:21:26.568+0530][gc,phases   ] GC(715)   Other: 0.2ms
[2025-03-28T20:21:26.568+0530][gc,heap     ] GC(715) Eden regions: 93->0(192)
[2025-03-28T20:21:26.568+0530][gc,heap     ] GC(715) Survivor regions: 3->2(12)
[2025-03-28T20:21:26.568+0530][gc,heap     ] GC(715) Old regions: 187->187
[2025-03-28T20:21:26.568+0530][gc,heap     ] GC(715) Archive regions: 2->2
[2025-03-28T20:21:26.568+0530][gc,heap     ] GC(715) Humongous regions: 149->147
[2025-03-28T20:21:26.568+0530][gc,metaspace] GC(715) Metaspace: 53278K(54016K)->53278K(54016K) NonClass: 47328K(47680K)->47328K(47680K) Class: 5950K(6336K)->5950K(6336K)
[2025-03-28T20:21:26.568+0530][gc          ] GC(715) Pause Young (Normal) (G1 Evacuation Pause) 432M->336M(1024M) 5.330ms
[2025-03-28T20:21:26.568+0530][gc,cpu      ] GC(715) User=0.01s Sys=0.00s Real=0.01s
[2025-03-28T20:21:29.789+0530][gc,start    ] GC(716) Pause Young (Normal) (G1 Evacuation Pause)
[2025-03-28T20:21:29.789+0530][gc,task     ] GC(716) Using 2 workers of 2 for evacuation
[2025-03-28T20:21:29.800+0530][gc,phases   ] GC(716)   Pre Evacuate Collection Set: 0.1ms
[2025-03-28T20:21:29.800+0530][gc,phases   ] GC(716)   Merge Heap Roots: 0.1ms
[2025-03-28T20:21:29.800+0530][gc,phases   ] GC(716)   Evacuate Collection Set: 10.0ms
[2025-03-28T20:21:29.800+0530][gc,phases   ] GC(716)   Post Evacuate Collection Set: 0.8ms
[2025-03-28T20:21:29.800+0530][gc,phases   ] GC(716)   Other: 0.2ms
[2025-03-28T20:21:29.800+0530][gc,heap     ] GC(716) Eden regions: 192->0(208)
[2025-03-28T20:21:29.800+0530][gc,heap     ] GC(716) Survivor regions: 2->3(25)
[2025-03-28T20:21:29.800+0530][gc,heap     ] GC(716) Old regions: 187->187
[2025-03-28T20:21:29.800+0530][gc,heap     ] GC(716) Archive regions: 2->2
[2025-03-28T20:21:29.800+0530][gc,heap     ] GC(716) Humongous regions: 151->149
[2025-03-28T20:21:29.800+0530][gc,metaspace] GC(716) Metaspace: 53278K(54016K)->53278K(54016K) NonClass: 47328K(47680K)->47328K(47680K) Class: 5950K(6336K)->5950K(6336K)
[2025-03-28T20:21:29.800+0530][gc          ] GC(716) Pause Young (Normal) (G1 Evacuation Pause) 532M->339M(1024M) 11.348ms
[2025-03-28T20:21:29.800+0530][gc,cpu      ] GC(716) User=0.02s Sys=0.00s Real=0.01s
[2025-03-28T20:21:39.770+0530][gc,start    ] GC(717) Pause Young (Normal) (G1 Evacuation Pause)
[2025-03-28T20:21:39.770+0530][gc,task     ] GC(717) Using 2 workers of 2 for evacuation
[2025-03-28T20:21:39.784+0530][gc,phases   ] GC(717)   Pre Evacuate Collection Set: 0.2ms
[2025-03-28T20:21:39.784+0530][gc,phases   ] GC(717)   Merge Heap Roots: 0.1ms
[2025-03-28T20:21:39.784+0530][gc,phases   ] GC(717)   Evacuate Collection Set: 11.8ms
[2025-03-28T20:21:39.784+0530][gc,phases   ] GC(717)   Post Evacuate Collection Set: 1.9ms
[2025-03-28T20:21:39.784+0530][gc,phases   ] GC(717)   Other: 0.1ms
[2025-03-28T20:21:39.784+0530][gc,heap     ] GC(717) Eden regions: 207->0(240)
[2025-03-28T20:21:39.784+0530][gc,heap     ] GC(717) Survivor regions: 3->4(27)
[2025-03-28T20:21:39.784+0530][gc,heap     ] GC(717) Old regions: 187->187
[2025-03-28T20:21:39.784+0530][gc,heap     ] GC(717) Archive regions: 2->2
[2025-03-28T20:21:39.784+0530][gc,heap     ] GC(717) Humongous regions: 153->149
[2025-03-28T20:21:39.784+0530][gc,metaspace] GC(717) Metaspace: 53350K(54016K)->53350K(54016K) NonClass: 47388K(47680K)->47388K(47680K) Class: 5962K(6336K)->5962K(6336K)
[2025-03-28T20:21:39.784+0530][gc          ] GC(717) Pause Young (Normal) (G1 Evacuation Pause) 550M->340M(1024M) 14.288ms
[2025-03-28T20:21:39.784+0530][gc,cpu      ] GC(717) User=0.02s Sys=0.00s Real=0.01s
[2025-03-28T20:21:43.548+0530][gc,start    ] GC(614) Pause Young (Prepare Mixed) (G1 Evacuation Pause)
[2025-03-28T20:21:43.548+0530][gc,task     ] GC(614) Using 2 workers of 2 for evacuation
[2025-03-28T20:21:43.556+0530][gc,phases   ] GC(614)   Pre Evacuate Collection Set: 0.2ms
[2025-03-28T20:21:43.556+0530][gc,phases   ] GC(614)   Merge Heap Roots: 0.1ms
[2025-03-28T20:21:43.556+0530][gc,phases   ] GC(614)   Evacuate Collection Set: 6.9ms
[2025-03-28T20:21:43.556+0530][gc,phases   ] GC(614)   Post Evacuate Collection Set: 0.8ms
[2025-03-28T20:21:43.556+0530][gc,phases   ] GC(614)   Other: 0.1ms
[2025-03-28T20:21:43.556+0530][gc,heap     ] GC(614) Eden regions: 610->0(46)
[2025-03-28T20:21:43.556+0530][gc,heap     ] GC(614) Survivor regions: 4->5(77)
[2025-03-28T20:21:43.556+0530][gc,heap     ] GC(614) Old regions: 45->45
[2025-03-28T20:21:43.556+0530][gc,heap     ] GC(614) Archive regions: 2->2
[2025-03-28T20:21:43.556+0530][gc,heap     ] GC(614) Humongous regions: 159->147
[2025-03-28T20:21:43.556+0530][gc,metaspace] GC(614) Metaspace: 53192K(53824K)->53192K(53824K) NonClass: 47268K(47552K)->47268K(47552K) Class: 5923K(6272K)->5923K(6272K)
[2025-03-28T20:21:43.557+0530][gc          ] GC(614) Pause Young (Prepare Mixed) (G1 Evacuation Pause) 818M->197M(1024M) 8.292ms
[2025-03-28T20:21:43.557+0530][gc,cpu      ] GC(614) User=0.02s Sys=0.00s Real=0.01s
[2025-03-28T20:21:43.657+0530][gc,start    ] GC(615) Pause Young (Mixed) (G1 Evacuation Pause)
[2025-03-28T20:21:43.657+0530][gc,task     ] GC(615) Using 2 workers of 2 for evacuation
[2025-03-28T20:21:43.667+0530][gc,phases   ] GC(615)   Pre Evacuate Collection Set: 0.3ms
[2025-03-28T20:21:43.667+0530][gc,phases   ] GC(615)   Merge Heap Roots: 0.2ms
[2025-03-28T20:21:43.667+0530][gc,phases   ] GC(615)   Evacuate Collection Set: 9.2ms
[2025-03-28T20:21:43.667+0530][gc,phases   ] GC(615)   Post Evacuate Collection Set: 0.5ms
[2025-03-28T20:21:43.667+0530][gc,phases   ] GC(615)   Other: 0.2ms
[2025-03-28T20:21:43.667+0530][gc,heap     ] GC(615) Eden regions: 46->0(612)
[2025-03-28T20:21:43.667+0530][gc,heap     ] GC(615) Survivor regions: 5->2(7)
[2025-03-28T20:21:43.667+0530][gc,heap     ] GC(615) Old regions: 45->44
[2025-03-28T20:21:43.667+0530][gc,heap     ] GC(615) Archive regions: 2->2
[2025-03-28T20:21:43.667+0530][gc,heap     ] GC(615) Humongous regions: 149->149
[2025-03-28T20:21:43.667+0530][gc,metaspace] GC(615) Metaspace: 53192K(53824K)->53192K(53824K) NonClass: 47268K(47552K)->47268K(47552K) Class: 5923K(6272K)->5923K(6272K)
[2025-03-28T20:21:43.667+0530][gc          ] GC(615) Pause Young (Mixed) (G1 Evacuation Pause) 245M->195M(1024M) 10.541ms
[2025-03-28T20:21:43.667+0530][gc,cpu      ] GC(615) User=0.02s Sys=0.00s Real=0.00s
[2025-03-28T20:21:55.053+0530][gc,start    ] GC(718) Pause Young (Normal) (G1 Evacuation Pause)
[2025-03-28T20:21:55.053+0530][gc,task     ] GC(718) Using 2 workers of 2 for evacuation
[2025-03-28T20:21:55.066+0530][gc,phases   ] GC(718)   Pre Evacuate Collection Set: 0.2ms
[2025-03-28T20:21:55.066+0530][gc,phases   ] GC(718)   Merge Heap Roots: 0.1ms
[2025-03-28T20:21:55.066+0530][gc,phases   ] GC(718)   Evacuate Collection Set: 9.8ms
[2025-03-28T20:21:55.066+0530][gc,phases   ] GC(718)   Post Evacuate Collection Set: 2.6ms
[2025-03-28T20:21:55.066+0530][gc,phases   ] GC(718)   Other: 0.2ms
[2025-03-28T20:21:55.066+0530][gc,heap     ] GC(718) Eden regions: 234->0(234)
[2025-03-28T20:21:55.066+0530][gc,heap     ] GC(718) Survivor regions: 4->5(30)
[2025-03-28T20:21:55.066+0530][gc,heap     ] GC(718) Old regions: 187->187
[2025-03-28T20:21:55.066+0530][gc,heap     ] GC(718) Archive regions: 2->2
[2025-03-28T20:21:55.066+0530][gc,heap     ] GC(718) Humongous regions: 153->149
[2025-03-28T20:21:55.066+0530][gc,metaspace] GC(718) Metaspace: 53351K(54016K)->53351K(54016K) NonClass: 47389K(47680K)->47389K(47680K) Class: 5962K(6336K)->5962K(6336K)
[2025-03-28T20:21:55.066+0530][gc          ] GC(718) Pause Young (Normal) (G1 Evacuation Pause) 578M->341M(1024M) 12.932ms
[2025-03-28T20:21:55.066+0530][gc,cpu      ] GC(718) User=0.02s Sys=0.00s Real=0.02s
[2025-03-28T20:21:59.773+0530][gc,start    ] GC(719) Pause Young (Normal) (G1 Evacuation Pause)
[2025-03-28T20:21:59.773+0530][gc,task     ] GC(719) Using 2 workers of 2 for evacuation
[2025-03-28T20:21:59.781+0530][gc,phases   ] GC(719)   Pre Evacuate Collection Set: 0.3ms
[2025-03-28T20:21:59.781+0530][gc,phases   ] GC(719)   Merge Heap Roots: 0.1ms
[2025-03-28T20:21:59.781+0530][gc,phases   ] GC(719)   Evacuate Collection Set: 6.8ms
[2025-03-28T20:21:59.781+0530][gc,phases   ] GC(719)   Post Evacuate Collection Set: 0.9ms
[2025-03-28T20:21:59.781+0530][gc,phases   ] GC(719)   Other: 0.1ms
[2025-03-28T20:21:59.781+0530][gc,heap     ] GC(719) Eden regions: 234->0(364)
[2025-03-28T20:21:59.781+0530][gc,heap     ] GC(719) Survivor regions: 5->4(30)
[2025-03-28T20:21:59.781+0530][gc,heap     ] GC(719) Old regions: 187->187
[2025-03-28T20:21:59.781+0530][gc,heap     ] GC(719) Archive regions: 2->2
[2025-03-28T20:21:59.781+0530][gc,heap     ] GC(719) Humongous regions: 153->149
[2025-03-28T20:21:59.781+0530][gc,metaspace] GC(719) Metaspace: 53353K(54016K)->53353K(54016K) NonClass: 47391K(47680K)->47391K(47680K) Class: 5962K(6336K)->5962K(6336K)
[2025-03-28T20:21:59.781+0530][gc          ] GC(719) Pause Young (Normal) (G1 Evacuation Pause) 579M->340M(1024M) 8.350ms
[2025-03-28T20:21:59.781+0530][gc,cpu      ] GC(719) User=0.02s Sys=0.00s Real=0.01s
[2025-03-28T20:22:13.622+0530][gc,start    ] GC(616) Pause Young (Normal) (G1 Evacuation Pause)
[2025-03-28T20:22:13.622+0530][gc,task     ] GC(616) Using 2 workers of 2 for evacuation
[2025-03-28T20:22:13.679+0530][gc,mmu      ] GC(616) MMU target violated: 21.0ms (20.0ms/21.0ms)
[2025-03-28T20:22:13.679+0530][gc,phases   ] GC(616)   Pre Evacuate Collection Set: 0.3ms
[2025-03-28T20:22:13.679+0530][gc,phases   ] GC(616)   Merge Heap Roots: 0.3ms
[2025-03-28T20:22:13.679+0530][gc,phases   ] GC(616)   Evacuate Collection Set: 55.7ms
[2025-03-28T20:22:13.679+0530][gc,phases   ] GC(616)   Post Evacuate Collection Set: 0.7ms
[2025-03-28T20:22:13.679+0530][gc,phases   ] GC(616)   Other: 0.2ms
[2025-03-28T20:22:13.679+0530][gc,heap     ] GC(616) Eden regions: 612->0(40)
[2025-03-28T20:22:13.679+0530][gc,heap     ] GC(616) Survivor regions: 2->11(77)
[2025-03-28T20:22:13.679+0530][gc,heap     ] GC(616) Old regions: 44->44
[2025-03-28T20:22:13.679+0530][gc,heap     ] GC(616) Archive regions: 2->2
[2025-03-28T20:22:13.679+0530][gc,heap     ] GC(616) Humongous regions: 159->149
[2025-03-28T20:22:13.679+0530][gc,metaspace] GC(616) Metaspace: 53193K(53824K)->53193K(53824K) NonClass: 47269K(47552K)->47269K(47552K) Class: 5923K(6272K)->5923K(6272K)
[2025-03-28T20:22:13.679+0530][gc          ] GC(616) Pause Young (Normal) (G1 Evacuation Pause) 817M->204M(1024M) 57.322ms
[2025-03-28T20:22:13.679+0530][gc,cpu      ] GC(616) User=0.03s Sys=0.00s Real=0.06s
[2025-03-28T20:22:13.709+0530][gc,start    ] GC(617) Pause Young (Normal) (GCLocker Initiated GC)
[2025-03-28T20:22:13.709+0530][gc,task     ] GC(617) Using 2 workers of 2 for evacuation
[2025-03-28T20:22:13.715+0530][gc,phases   ] GC(617)   Pre Evacuate Collection Set: 0.1ms
[2025-03-28T20:22:13.715+0530][gc,phases   ] GC(617)   Merge Heap Roots: 0.1ms
[2025-03-28T20:22:13.715+0530][gc,phases   ] GC(617)   Evacuate Collection Set: 5.1ms
[2025-03-28T20:22:13.715+0530][gc,phases   ] GC(617)   Post Evacuate Collection Set: 0.5ms
[2025-03-28T20:22:13.715+0530][gc,phases   ] GC(617)   Other: 0.1ms
[2025-03-28T20:22:13.715+0530][gc,heap     ] GC(617) Eden regions: 43->0(251)
[2025-03-28T20:22:13.715+0530][gc,heap     ] GC(617) Survivor regions: 11->1(7)
[2025-03-28T20:22:13.715+0530][gc,heap     ] GC(617) Old regions: 44->47
[2025-03-28T20:22:13.715+0530][gc,heap     ] GC(617) Archive regions: 2->2
[2025-03-28T20:22:13.715+0530][gc,heap     ] GC(617) Humongous regions: 151->151
[2025-03-28T20:22:13.715+0530][gc,metaspace] GC(617) Metaspace: 53193K(53824K)->53193K(53824K) NonClass: 47269K(47552K)->47269K(47552K) Class: 5923K(6272K)->5923K(6272K)
[2025-03-28T20:22:13.715+0530][gc          ] GC(617) Pause Young (Normal) (GCLocker Initiated GC) 249M->199M(1024M) 6.017ms
[2025-03-28T20:22:13.715+0530][gc,cpu      ] GC(617) User=0.01s Sys=0.00s Real=0.01s
[2025-03-28T20:22:18.685+0530][gc,start    ] GC(618) Pause Young (Concurrent Start) (G1 Humongous Allocation)
[2025-03-28T20:22:18.685+0530][gc,task     ] GC(618) Using 2 workers of 2 for evacuation
[2025-03-28T20:22:18.691+0530][gc,phases   ] GC(618)   Pre Evacuate Collection Set: 0.3ms
[2025-03-28T20:22:18.691+0530][gc,phases   ] GC(618)   Merge Heap Roots: 0.1ms
[2025-03-28T20:22:18.691+0530][gc,phases   ] GC(618)   Evacuate Collection Set: 5.0ms
[2025-03-28T20:22:18.691+0530][gc,phases   ] GC(618)   Post Evacuate Collection Set: 0.6ms
[2025-03-28T20:22:18.691+0530][gc,phases   ] GC(618)   Other: 0.2ms
[2025-03-28T20:22:18.691+0530][gc,heap     ] GC(618) Eden regions: 106->0(364)
[2025-03-28T20:22:18.691+0530][gc,heap     ] GC(618) Survivor regions: 1->3(32)
[2025-03-28T20:22:18.691+0530][gc,heap     ] GC(618) Old regions: 47->47
[2025-03-28T20:22:18.691+0530][gc,heap     ] GC(618) Archive regions: 2->2
[2025-03-28T20:22:18.691+0530][gc,heap     ] GC(618) Humongous regions: 151->149
[2025-03-28T20:22:18.691+0530][gc,metaspace] GC(618) Metaspace: 53193K(53824K)->53193K(53824K) NonClass: 47269K(47552K)->47269K(47552K) Class: 5923K(6272K)->5923K(6272K)
[2025-03-28T20:22:18.691+0530][gc          ] GC(618) Pause Young (Concurrent Start) (G1 Humongous Allocation) 305M->199M(1024M) 6.168ms
[2025-03-28T20:22:18.691+0530][gc,cpu      ] GC(618) User=0.01s Sys=0.00s Real=0.01s
[2025-03-28T20:22:18.691+0530][gc          ] GC(619) Concurrent Mark Cycle
[2025-03-28T20:22:18.691+0530][gc,marking  ] GC(619) Concurrent Clear Claimed Marks
[2025-03-28T20:22:18.691+0530][gc,marking  ] GC(619) Concurrent Clear Claimed Marks 0.077ms
[2025-03-28T20:22:18.691+0530][gc,marking  ] GC(619) Concurrent Scan Root Regions
[2025-03-28T20:22:18.694+0530][gc,marking  ] GC(619) Concurrent Scan Root Regions 2.943ms
[2025-03-28T20:22:18.694+0530][gc,marking  ] GC(619) Concurrent Mark
[2025-03-28T20:22:18.694+0530][gc,marking  ] GC(619) Concurrent Mark From Roots
[2025-03-28T20:22:18.694+0530][gc,task     ] GC(619) Using 1 workers of 1 for marking
[2025-03-28T20:22:18.751+0530][gc,marking  ] GC(619) Concurrent Mark From Roots 57.106ms
[2025-03-28T20:22:18.751+0530][gc,marking  ] GC(619) Concurrent Preclean
[2025-03-28T20:22:18.751+0530][gc,marking  ] GC(619) Concurrent Preclean 0.150ms
[2025-03-28T20:22:18.751+0530][gc,start    ] GC(619) Pause Remark
[2025-03-28T20:22:18.764+0530][gc          ] GC(619) Pause Remark 240M->237M(1024M) 12.902ms
[2025-03-28T20:22:18.764+0530][gc,cpu      ] GC(619) User=0.02s Sys=0.00s Real=0.01s
[2025-03-28T20:22:18.764+0530][gc,marking  ] GC(619) Concurrent Mark 70.484ms
[2025-03-28T20:22:18.764+0530][gc,marking  ] GC(619) Concurrent Rebuild Remembered Sets
[2025-03-28T20:22:18.795+0530][gc,marking  ] GC(619) Concurrent Rebuild Remembered Sets 30.528ms
[2025-03-28T20:22:18.795+0530][gc,start    ] GC(619) Pause Cleanup
[2025-03-28T20:22:18.795+0530][gc          ] GC(619) Pause Cleanup 237M->237M(1024M) 0.182ms
[2025-03-28T20:22:18.795+0530][gc,cpu      ] GC(619) User=0.00s Sys=0.00s Real=0.00s
[2025-03-28T20:22:18.795+0530][gc,marking  ] GC(619) Concurrent Cleanup for Next Mark
[2025-03-28T20:22:18.797+0530][gc,marking  ] GC(619) Concurrent Cleanup for Next Mark 1.635ms
[2025-03-28T20:22:18.797+0530][gc          ] GC(619) Concurrent Mark Cycle 106.246ms
[2025-03-28T20:22:20.086+0530][gc,start    ] GC(720) Pause Young (Normal) (G1 Evacuation Pause)
[2025-03-28T20:22:20.086+0530][gc,task     ] GC(720) Using 2 workers of 2 for evacuation
[2025-03-28T20:22:20.126+0530][gc,mmu      ] GC(720) MMU target violated: 21.0ms (20.0ms/21.0ms)
[2025-03-28T20:22:20.126+0530][gc,phases   ] GC(720)   Pre Evacuate Collection Set: 0.4ms
[2025-03-28T20:22:20.126+0530][gc,phases   ] GC(720)   Merge Heap Roots: 0.3ms
[2025-03-28T20:22:20.126+0530][gc,phases   ] GC(720)   Evacuate Collection Set: 36.8ms
[2025-03-28T20:22:20.126+0530][gc,phases   ] GC(720)   Post Evacuate Collection Set: 1.6ms
[2025-03-28T20:22:20.126+0530][gc,phases   ] GC(720)   Other: 0.2ms
[2025-03-28T20:22:20.126+0530][gc,heap     ] GC(720) Eden regions: 349->0(48)
[2025-03-28T20:22:20.126+0530][gc,heap     ] GC(720) Survivor regions: 4->3(45)
[2025-03-28T20:22:20.126+0530][gc,heap     ] GC(720) Old regions: 187->187
[2025-03-28T20:22:20.126+0530][gc,heap     ] GC(720) Archive regions: 2->2
[2025-03-28T20:22:20.126+0530][gc,heap     ] GC(720) Humongous regions: 155->147
[2025-03-28T20:22:20.126+0530][gc,metaspace] GC(720) Metaspace: 53362K(54016K)->53362K(54016K) NonClass: 47400K(47680K)->47400K(47680K) Class: 5962K(6336K)->5962K(6336K)
[2025-03-28T20:22:20.126+0530][gc          ] GC(720) Pause Young (Normal) (G1 Evacuation Pause) 695M->337M(1024M) 39.451ms
[2025-03-28T20:22:20.126+0530][gc,cpu      ] GC(720) User=0.00s Sys=0.03s Real=0.04s
[2025-03-28T20:22:20.183+0530][gc,start    ] GC(721) Pause Young (Normal) (G1 Evacuation Pause)
[2025-03-28T20:22:20.183+0530][gc,task     ] GC(721) Using 2 workers of 2 for evacuation
[2025-03-28T20:22:20.194+0530][gc,phases   ] GC(721)   Pre Evacuate Collection Set: 0.4ms
[2025-03-28T20:22:20.194+0530][gc,phases   ] GC(721)   Merge Heap Roots: 0.2ms
[2025-03-28T20:22:20.194+0530][gc,phases   ] GC(721)   Evacuate Collection Set: 9.6ms
[2025-03-28T20:22:20.194+0530][gc,phases   ] GC(721)   Post Evacuate Collection Set: 0.6ms
[2025-03-28T20:22:20.194+0530][gc,phases   ] GC(721)   Other: 0.2ms
[2025-03-28T20:22:20.194+0530][gc,heap     ] GC(721) Eden regions: 48->0(44)
[2025-03-28T20:22:20.194+0530][gc,heap     ] GC(721) Survivor regions: 3->7(7)
[2025-03-28T20:22:20.194+0530][gc,heap     ] GC(721) Old regions: 187->189
[2025-03-28T20:22:20.194+0530][gc,heap     ] GC(721) Archive regions: 2->2
[2025-03-28T20:22:20.194+0530][gc,heap     ] GC(721) Humongous regions: 147->147
[2025-03-28T20:22:20.194+0530][gc,metaspace] GC(721) Metaspace: 53362K(54016K)->53362K(54016K) NonClass: 47400K(47680K)->47400K(47680K) Class: 5962K(6336K)->5962K(6336K)
[2025-03-28T20:22:20.194+0530][gc          ] GC(721) Pause Young (Normal) (G1 Evacuation Pause) 385M->343M(1024M) 11.016ms
[2025-03-28T20:22:20.194+0530][gc,cpu      ] GC(721) User=0.02s Sys=0.00s Real=0.01s
[2025-03-28T20:22:20.252+0530][gc,start    ] GC(722) Pause Young (Normal) (G1 Evacuation Pause)
[2025-03-28T20:22:20.252+0530][gc,task     ] GC(722) Using 2 workers of 2 for evacuation
[2025-03-28T20:22:20.283+0530][gc,mmu      ] GC(722) MMU target violated: 21.0ms (20.0ms/21.0ms)
[2025-03-28T20:22:20.283+0530][gc,phases   ] GC(722)   Pre Evacuate Collection Set: 0.2ms
[2025-03-28T20:22:20.283+0530][gc,phases   ] GC(722)   Merge Heap Roots: 0.1ms
[2025-03-28T20:22:20.283+0530][gc,phases   ] GC(722)   Evacuate Collection Set: 29.0ms
[2025-03-28T20:22:20.283+0530][gc,phases   ] GC(722)   Post Evacuate Collection Set: 0.6ms
[2025-03-28T20:22:20.283+0530][gc,phases   ] GC(722)   Other: 0.9ms
[2025-03-28T20:22:20.283+0530][gc,heap     ] GC(722) Eden regions: 44->0(49)
[2025-03-28T20:22:20.283+0530][gc,heap     ] GC(722) Survivor regions: 7->2(7)
[2025-03-28T20:22:20.283+0530][gc,heap     ] GC(722) Old regions: 189->191
[2025-03-28T20:22:20.283+0530][gc,heap     ] GC(722) Archive regions: 2->2
[2025-03-28T20:22:20.283+0530][gc,heap     ] GC(722) Humongous regions: 149->149
[2025-03-28T20:22:20.283+0530][gc,metaspace] GC(722) Metaspace: 53362K(54016K)->53362K(54016K) NonClass: 47400K(47680K)->47400K(47680K) Class: 5962K(6336K)->5962K(6336K)
[2025-03-28T20:22:20.283+0530][gc          ] GC(722) Pause Young (Normal) (G1 Evacuation Pause) 389M->342M(1024M) 30.877ms
[2025-03-28T20:22:20.283+0530][gc,cpu      ] GC(722) User=0.02s Sys=0.01s Real=0.03s
[2025-03-28T20:22:41.559+0530][gc,start    ] GC(723) Pause Young (Normal) (G1 Evacuation Pause)
[2025-03-28T20:22:41.559+0530][gc,task     ] GC(723) Using 2 workers of 2 for evacuation
[2025-03-28T20:22:41.578+0530][gc,phases   ] GC(723)   Pre Evacuate Collection Set: 0.2ms
[2025-03-28T20:22:41.578+0530][gc,phases   ] GC(723)   Merge Heap Roots: 0.1ms
[2025-03-28T20:22:41.578+0530][gc,phases   ] GC(723)   Evacuate Collection Set: 17.5ms
[2025-03-28T20:22:41.578+0530][gc,phases   ] GC(723)   Post Evacuate Collection Set: 0.4ms
[2025-03-28T20:22:41.578+0530][gc,phases   ] GC(723)   Other: 0.2ms
[2025-03-28T20:22:41.578+0530][gc,heap     ] GC(723) Eden regions: 49->0(46)
[2025-03-28T20:22:41.578+0530][gc,heap     ] GC(723) Survivor regions: 2->5(7)
[2025-03-28T20:22:41.578+0530][gc,heap     ] GC(723) Old regions: 191->191
[2025-03-28T20:22:41.578+0530][gc,heap     ] GC(723) Archive regions: 2->2
[2025-03-28T20:22:41.578+0530][gc,heap     ] GC(723) Humongous regions: 149->147
[2025-03-28T20:22:41.578+0530][gc,metaspace] GC(723) Metaspace: 53363K(54016K)->53363K(54016K) NonClass: 47401K(47680K)->47401K(47680K) Class: 5962K(6336K)->5962K(6336K)
[2025-03-28T20:22:41.578+0530][gc          ] GC(723) Pause Young (Normal) (G1 Evacuation Pause) 391M->343M(1024M) 18.491ms
[2025-03-28T20:22:41.578+0530][gc,cpu      ] GC(723) User=0.02s Sys=0.01s Real=0.02s
[2025-03-28T20:22:41.649+0530][gc,start    ] GC(724) Pause Young (Normal) (G1 Evacuation Pause)
[2025-03-28T20:22:41.649+0530][gc,task     ] GC(724) Using 2 workers of 2 for evacuation
[2025-03-28T20:22:41.689+0530][gc,mmu      ] GC(724) MMU target violated: 21.0ms (20.0ms/21.0ms)
[2025-03-28T20:22:41.689+0530][gc,phases   ] GC(724)   Pre Evacuate Collection Set: 0.2ms
[2025-03-28T20:22:41.689+0530][gc,phases   ] GC(724)   Merge Heap Roots: 0.1ms
[2025-03-28T20:22:41.689+0530][gc,phases   ] GC(724)   Evacuate Collection Set: 38.3ms
[2025-03-28T20:22:41.689+0530][gc,phases   ] GC(724)   Post Evacuate Collection Set: 0.9ms
[2025-03-28T20:22:41.689+0530][gc,phases   ] GC(724)   Other: 0.2ms
[2025-03-28T20:22:41.689+0530][gc,heap     ] GC(724) Eden regions: 46->0(45)
[2025-03-28T20:22:41.689+0530][gc,heap     ] GC(724) Survivor regions: 5->6(7)
[2025-03-28T20:22:41.689+0530][gc,heap     ] GC(724) Old regions: 191->196
[2025-03-28T20:22:41.689+0530][gc,heap     ] GC(724) Archive regions: 2->2
[2025-03-28T20:22:41.689+0530][gc,heap     ] GC(724) Humongous regions: 147->147
[2025-03-28T20:22:41.689+0530][gc,metaspace] GC(724) Metaspace: 53363K(54016K)->53363K(54016K) NonClass: 47401K(47680K)->47401K(47680K) Class: 5962K(6336K)->5962K(6336K)
[2025-03-28T20:22:41.689+0530][gc          ] GC(724) Pause Young (Normal) (G1 Evacuation Pause) 389M->349M(1024M) 39.665ms
[2025-03-28T20:22:41.689+0530][gc,cpu      ] GC(724) User=0.02s Sys=0.00s Real=0.04s
[2025-03-28T20:22:42.681+0530][gc,start    ] GC(725) Pause Young (Normal) (G1 Evacuation Pause)
[2025-03-28T20:22:42.681+0530][gc,task     ] GC(725) Using 2 workers of 2 for evacuation
[2025-03-28T20:22:42.705+0530][gc,mmu      ] GC(725) MMU target violated: 21.0ms (20.0ms/21.0ms)
[2025-03-28T20:22:42.705+0530][gc,phases   ] GC(725)   Pre Evacuate Collection Set: 0.3ms
[2025-03-28T20:22:42.705+0530][gc,phases   ] GC(725)   Merge Heap Roots: 0.2ms
[2025-03-28T20:22:42.705+0530][gc,phases   ] GC(725)   Evacuate Collection Set: 21.4ms
[2025-03-28T20:22:42.705+0530][gc,phases   ] GC(725)   Post Evacuate Collection Set: 1.6ms
[2025-03-28T20:22:42.705+0530][gc,phases   ] GC(725)   Other: 0.2ms
[2025-03-28T20:22:42.705+0530][gc,heap     ] GC(725) Eden regions: 45->0(49)
[2025-03-28T20:22:42.705+0530][gc,heap     ] GC(725) Survivor regions: 6->2(7)
[2025-03-28T20:22:42.705+0530][gc,heap     ] GC(725) Old regions: 196->198
[2025-03-28T20:22:42.705+0530][gc,heap     ] GC(725) Archive regions: 2->2
[2025-03-28T20:22:42.705+0530][gc,heap     ] GC(725) Humongous regions: 149->147
[2025-03-28T20:22:42.705+0530][gc,metaspace] GC(725) Metaspace: 53363K(54016K)->53363K(54016K) NonClass: 47401K(47680K)->47401K(47680K) Class: 5962K(6336K)->5962K(6336K)
[2025-03-28T20:22:42.705+0530][gc          ] GC(725) Pause Young (Normal) (G1 Evacuation Pause) 396M->346M(1024M) 23.713ms
[2025-03-28T20:22:42.705+0530][gc,cpu      ] GC(725) User=0.01s Sys=0.01s Real=0.02s
[2025-03-28T20:22:42.765+0530][gc,start    ] GC(726) Pause Young (Normal) (G1 Evacuation Pause)
[2025-03-28T20:22:42.765+0530][gc,task     ] GC(726) Using 2 workers of 2 for evacuation
[2025-03-28T20:22:42.772+0530][gc,phases   ] GC(726)   Pre Evacuate Collection Set: 0.2ms
[2025-03-28T20:22:42.772+0530][gc,phases   ] GC(726)   Merge Heap Roots: 0.1ms
[2025-03-28T20:22:42.772+0530][gc,phases   ] GC(726)   Evacuate Collection Set: 5.9ms
[2025-03-28T20:22:42.772+0530][gc,phases   ] GC(726)   Post Evacuate Collection Set: 0.7ms
[2025-03-28T20:22:42.772+0530][gc,phases   ] GC(726)   Other: 0.1ms
[2025-03-28T20:22:42.772+0530][gc,heap     ] GC(726) Eden regions: 49->0(44)
[2025-03-28T20:22:42.772+0530][gc,heap     ] GC(726) Survivor regions: 2->7(7)
[2025-03-28T20:22:42.772+0530][gc,heap     ] GC(726) Old regions: 198->198
[2025-03-28T20:22:42.772+0530][gc,heap     ] GC(726) Archive regions: 2->2
[2025-03-28T20:22:42.772+0530][gc,heap     ] GC(726) Humongous regions: 147->147
[2025-03-28T20:22:42.772+0530][gc,metaspace] GC(726) Metaspace: 53363K(54016K)->53363K(54016K) NonClass: 47401K(47680K)->47401K(47680K) Class: 5962K(6336K)->5962K(6336K)
[2025-03-28T20:22:42.772+0530][gc          ] GC(726) Pause Young (Normal) (G1 Evacuation Pause) 395M->351M(1024M) 7.171ms
[2025-03-28T20:22:42.772+0530][gc,cpu      ] GC(726) User=0.01s Sys=0.00s Real=0.00s
[2025-03-28T20:22:42.871+0530][gc,start    ] GC(727) Pause Young (Normal) (G1 Evacuation Pause)
[2025-03-28T20:22:42.871+0530][gc,task     ] GC(727) Using 2 workers of 2 for evacuation
[2025-03-28T20:22:42.918+0530][gc,mmu      ] GC(727) MMU target violated: 21.0ms (20.0ms/21.0ms)
[2025-03-28T20:22:42.918+0530][gc,phases   ] GC(727)   Pre Evacuate Collection Set: 0.2ms
[2025-03-28T20:22:42.919+0530][gc,phases   ] GC(727)   Merge Heap Roots: 0.1ms
[2025-03-28T20:22:42.919+0530][gc,phases   ] GC(727)   Evacuate Collection Set: 42.4ms
[2025-03-28T20:22:42.919+0530][gc,phases   ] GC(727)   Post Evacuate Collection Set: 4.3ms
[2025-03-28T20:22:42.919+0530][gc,phases   ] GC(727)   Other: 0.3ms
[2025-03-28T20:22:42.919+0530][gc,heap     ] GC(727) Eden regions: 44->0(49)
[2025-03-28T20:22:42.919+0530][gc,heap     ] GC(727) Survivor regions: 7->2(7)
[2025-03-28T20:22:42.919+0530][gc,heap     ] GC(727) Old regions: 198->204
[2025-03-28T20:22:42.919+0530][gc,heap     ] GC(727) Archive regions: 2->2
[2025-03-28T20:22:42.919+0530][gc,heap     ] GC(727) Humongous regions: 149->149
[2025-03-28T20:22:42.919+0530][gc,metaspace] GC(727) Metaspace: 53363K(54016K)->53363K(54016K) NonClass: 47401K(47680K)->47401K(47680K) Class: 5962K(6336K)->5962K(6336K)
[2025-03-28T20:22:42.919+0530][gc          ] GC(727) Pause Young (Normal) (G1 Evacuation Pause) 397M->355M(1024M) 47.361ms
[2025-03-28T20:22:42.919+0530][gc,cpu      ] GC(727) User=0.02s Sys=0.01s Real=0.06s
[2025-03-28T20:22:44.701+0530][gc,start    ] GC(728) Pause Young (Normal) (G1 Evacuation Pause)
[2025-03-28T20:22:44.701+0530][gc,task     ] GC(728) Using 2 workers of 2 for evacuation
[2025-03-28T20:22:44.710+0530][gc,phases   ] GC(728)   Pre Evacuate Collection Set: 0.1ms
[2025-03-28T20:22:44.710+0530][gc,phases   ] GC(728)   Merge Heap Roots: 0.1ms
[2025-03-28T20:22:44.710+0530][gc,phases   ] GC(728)   Evacuate Collection Set: 7.9ms
[2025-03-28T20:22:44.710+0530][gc,phases   ] GC(728)   Post Evacuate Collection Set: 0.6ms
[2025-03-28T20:22:44.710+0530][gc,phases   ] GC(728)   Other: 0.2ms
[2025-03-28T20:22:44.710+0530][gc,heap     ] GC(728) Eden regions: 49->0(44)
[2025-03-28T20:22:44.710+0530][gc,heap     ] GC(728) Survivor regions: 2->7(7)
[2025-03-28T20:22:44.710+0530][gc,heap     ] GC(728) Old regions: 204->204
[2025-03-28T20:22:44.710+0530][gc,heap     ] GC(728) Archive regions: 2->2
[2025-03-28T20:22:44.710+0530][gc,heap     ] GC(728) Humongous regions: 149->147
[2025-03-28T20:22:44.710+0530][gc,metaspace] GC(728) Metaspace: 53364K(54016K)->53364K(54016K) NonClass: 47402K(47680K)->47402K(47680K) Class: 5962K(6336K)->5962K(6336K)
[2025-03-28T20:22:44.710+0530][gc          ] GC(728) Pause Young (Normal) (G1 Evacuation Pause) 404M->357M(1024M) 8.991ms
[2025-03-28T20:22:44.710+0530][gc,cpu      ] GC(728) User=0.01s Sys=0.01s Real=0.01s
[2025-03-28T20:22:44.783+0530][gc,start    ] GC(729) Pause Young (Normal) (G1 Evacuation Pause)
[2025-03-28T20:22:44.783+0530][gc,task     ] GC(729) Using 2 workers of 2 for evacuation
[2025-03-28T20:22:44.802+0530][gc,phases   ] GC(729)   Pre Evacuate Collection Set: 0.4ms
[2025-03-28T20:22:44.802+0530][gc,phases   ] GC(729)   Merge Heap Roots: 0.1ms
[2025-03-28T20:22:44.802+0530][gc,phases   ] GC(729)   Evacuate Collection Set: 18.2ms
[2025-03-28T20:22:44.802+0530][gc,phases   ] GC(729)   Post Evacuate Collection Set: 0.5ms
[2025-03-28T20:22:44.802+0530][gc,phases   ] GC(729)   Other: 0.2ms
[2025-03-28T20:22:44.802+0530][gc,heap     ] GC(729) Eden regions: 44->0(49)
[2025-03-28T20:22:44.802+0530][gc,heap     ] GC(729) Survivor regions: 7->2(7)
[2025-03-28T20:22:44.802+0530][gc,heap     ] GC(729) Old regions: 204->206
[2025-03-28T20:22:44.802+0530][gc,heap     ] GC(729) Archive regions: 2->2
[2025-03-28T20:22:44.802+0530][gc,heap     ] GC(729) Humongous regions: 149->149
[2025-03-28T20:22:44.802+0530][gc,metaspace] GC(729) Metaspace: 53364K(54016K)->53364K(54016K) NonClass: 47402K(47680K)->47402K(47680K) Class: 5962K(6336K)->5962K(6336K)
[2025-03-28T20:22:44.802+0530][gc          ] GC(729) Pause Young (Normal) (G1 Evacuation Pause) 403M->357M(1024M) 19.506ms
[2025-03-28T20:22:44.802+0530][gc,cpu      ] GC(729) User=0.01s Sys=0.00s Real=0.03s
[2025-03-28T20:22:45.877+0530][gc,start    ] GC(730) Pause Young (Normal) (G1 Evacuation Pause)
[2025-03-28T20:22:45.877+0530][gc,task     ] GC(730) Using 2 workers of 2 for evacuation
[2025-03-28T20:22:45.886+0530][gc,phases   ] GC(730)   Pre Evacuate Collection Set: 5.0ms
[2025-03-28T20:22:45.886+0530][gc,phases   ] GC(730)   Merge Heap Roots: 0.2ms
[2025-03-28T20:22:45.886+0530][gc,phases   ] GC(730)   Evacuate Collection Set: 3.2ms
[2025-03-28T20:22:45.886+0530][gc,phases   ] GC(730)   Post Evacuate Collection Set: 0.4ms
[2025-03-28T20:22:45.886+0530][gc,phases   ] GC(730)   Other: 0.1ms
[2025-03-28T20:22:45.886+0530][gc,heap     ] GC(730) Eden regions: 49->0(48)
[2025-03-28T20:22:45.886+0530][gc,heap     ] GC(730) Survivor regions: 2->3(7)
[2025-03-28T20:22:45.886+0530][gc,heap     ] GC(730) Old regions: 206->206
[2025-03-28T20:22:45.886+0530][gc,heap     ] GC(730) Archive regions: 2->2
[2025-03-28T20:22:45.886+0530][gc,heap     ] GC(730) Humongous regions: 149->147
[2025-03-28T20:22:45.886+0530][gc,metaspace] GC(730) Metaspace: 53364K(54016K)->53364K(54016K) NonClass: 47402K(47680K)->47402K(47680K) Class: 5962K(6336K)->5962K(6336K)
[2025-03-28T20:22:45.886+0530][gc          ] GC(730) Pause Young (Normal) (G1 Evacuation Pause) 406M->356M(1024M) 9.087ms
[2025-03-28T20:22:45.886+0530][gc,cpu      ] GC(730) User=0.01s Sys=0.00s Real=0.02s
[2025-03-28T20:22:45.930+0530][gc,start    ] GC(620) Pause Young (Prepare Mixed) (G1 Evacuation Pause)
[2025-03-28T20:22:45.930+0530][gc,task     ] GC(620) Using 2 workers of 2 for evacuation
[2025-03-28T20:22:45.977+0530][gc,mmu      ] GC(620) MMU target violated: 21.0ms (20.0ms/21.0ms)
[2025-03-28T20:22:45.977+0530][gc,phases   ] GC(620)   Pre Evacuate Collection Set: 0.3ms
[2025-03-28T20:22:45.977+0530][gc,phases   ] GC(620)   Merge Heap Roots: 0.1ms
[2025-03-28T20:22:45.977+0530][gc,phases   ] GC(620)   Evacuate Collection Set: 41.9ms
[2025-03-28T20:22:45.977+0530][gc,phases   ] GC(620)   Post Evacuate Collection Set: 4.7ms
[2025-03-28T20:22:45.977+0530][gc,phases   ] GC(620)   Other: 0.2ms
[2025-03-28T20:22:45.977+0530][gc,heap     ] GC(620) Eden regions: 364->0(38)
[2025-03-28T20:22:45.977+0530][gc,heap     ] GC(620) Survivor regions: 3->13(46)
[2025-03-28T20:22:45.977+0530][gc,heap     ] GC(620) Old regions: 45->45
[2025-03-28T20:22:45.977+0530][gc,heap     ] GC(620) Archive regions: 2->2
[2025-03-28T20:22:45.977+0530][gc,heap     ] GC(620) Humongous regions: 153->147
[2025-03-28T20:22:45.977+0530][gc,metaspace] GC(620) Metaspace: 53195K(53824K)->53195K(53824K) NonClass: 47271K(47552K)->47271K(47552K) Class: 5923K(6272K)->5923K(6272K)
[2025-03-28T20:22:45.977+0530][gc          ] GC(620) Pause Young (Prepare Mixed) (G1 Evacuation Pause) 565M->205M(1024M) 47.253ms
[2025-03-28T20:22:45.977+0530][gc,cpu      ] GC(620) User=0.02s Sys=0.01s Real=0.05s
[2025-03-28T20:22:46.026+0530][gc,start    ] GC(731) Pause Young (Normal) (G1 Evacuation Pause)
[2025-03-28T20:22:46.026+0530][gc,task     ] GC(731) Using 2 workers of 2 for evacuation
[2025-03-28T20:22:46.068+0530][gc,mmu      ] GC(731) MMU target violated: 21.0ms (20.0ms/21.0ms)
[2025-03-28T20:22:46.068+0530][gc,phases   ] GC(731)   Pre Evacuate Collection Set: 1.1ms
[2025-03-28T20:22:46.068+0530][gc,phases   ] GC(731)   Merge Heap Roots: 0.1ms
[2025-03-28T20:22:46.068+0530][gc,phases   ] GC(731)   Evacuate Collection Set: 39.7ms
[2025-03-28T20:22:46.068+0530][gc,phases   ] GC(731)   Post Evacuate Collection Set: 0.7ms
[2025-03-28T20:22:46.068+0530][gc,phases   ] GC(731)   Other: 0.2ms
[2025-03-28T20:22:46.068+0530][gc,heap     ] GC(731) Eden regions: 48->0(44)
[2025-03-28T20:22:46.068+0530][gc,heap     ] GC(731) Survivor regions: 3->7(7)
[2025-03-28T20:22:46.068+0530][gc,heap     ] GC(731) Old regions: 206->207
[2025-03-28T20:22:46.068+0530][gc,heap     ] GC(731) Archive regions: 2->2
[2025-03-28T20:22:46.068+0530][gc,heap     ] GC(731) Humongous regions: 149->149
[2025-03-28T20:22:46.068+0530][gc,metaspace] GC(731) Metaspace: 53364K(54016K)->53364K(54016K) NonClass: 47402K(47680K)->47402K(47680K) Class: 5962K(6336K)->5962K(6336K)
[2025-03-28T20:22:46.068+0530][gc          ] GC(731) Pause Young (Normal) (G1 Evacuation Pause) 406M->363M(1024M) 41.952ms
[2025-03-28T20:22:46.068+0530][gc,cpu      ] GC(731) User=0.02s Sys=0.01s Real=0.05s
[2025-03-28T20:22:46.077+0530][gc,start    ] GC(621) Pause Young (Mixed) (G1 Evacuation Pause)
[2025-03-28T20:22:46.077+0530][gc,task     ] GC(621) Using 2 workers of 2 for evacuation
[2025-03-28T20:22:46.104+0530][gc,mmu      ] GC(621) MMU target violated: 21.0ms (20.0ms/21.0ms)
[2025-03-28T20:22:46.104+0530][gc,phases   ] GC(621)   Pre Evacuate Collection Set: 0.3ms
[2025-03-28T20:22:46.104+0530][gc,phases   ] GC(621)   Merge Heap Roots: 0.2ms
[2025-03-28T20:22:46.104+0530][gc,phases   ] GC(621)   Evacuate Collection Set: 25.7ms
[2025-03-28T20:22:46.104+0530][gc,phases   ] GC(621)   Post Evacuate Collection Set: 0.9ms
[2025-03-28T20:22:46.104+0530][gc,phases   ] GC(621)   Other: 0.2ms
[2025-03-28T20:22:46.104+0530][gc,heap     ] GC(621) Eden regions: 38->0(235)
[2025-03-28T20:22:46.104+0530][gc,heap     ] GC(621) Survivor regions: 13->4(7)
[2025-03-28T20:22:46.104+0530][gc,heap     ] GC(621) Old regions: 45->51
[2025-03-28T20:22:46.104+0530][gc,heap     ] GC(621) Archive regions: 2->2
[2025-03-28T20:22:46.104+0530][gc,heap     ] GC(621) Humongous regions: 147->147
[2025-03-28T20:22:46.104+0530][gc,metaspace] GC(621) Metaspace: 53195K(53824K)->53195K(53824K) NonClass: 47271K(47552K)->47271K(47552K) Class: 5923K(6272K)->5923K(6272K)
[2025-03-28T20:22:46.104+0530][gc          ] GC(621) Pause Young (Mixed) (G1 Evacuation Pause) 243M->201M(1024M) 27.253ms
[2025-03-28T20:22:46.104+0530][gc,cpu      ] GC(621) User=0.02s Sys=0.01s Real=0.02s
[2025-03-28T20:22:49.682+0530][gc,start    ] GC(732) Pause Young (Normal) (G1 Evacuation Pause)
[2025-03-28T20:22:49.682+0530][gc,task     ] GC(732) Using 2 workers of 2 for evacuation
[2025-03-28T20:22:49.741+0530][gc,mmu      ] GC(732) MMU target violated: 21.0ms (20.0ms/21.0ms)
[2025-03-28T20:22:49.741+0530][gc,phases   ] GC(732)   Pre Evacuate Collection Set: 0.6ms
[2025-03-28T20:22:49.741+0530][gc,phases   ] GC(732)   Merge Heap Roots: 0.2ms
[2025-03-28T20:22:49.741+0530][gc,phases   ] GC(732)   Evacuate Collection Set: 56.9ms
[2025-03-28T20:22:49.741+0530][gc,phases   ] GC(732)   Post Evacuate Collection Set: 0.9ms
[2025-03-28T20:22:49.741+0530][gc,phases   ] GC(732)   Other: 0.4ms
[2025-03-28T20:22:49.741+0530][gc,heap     ] GC(732) Eden regions: 44->0(49)
[2025-03-28T20:22:49.741+0530][gc,heap     ] GC(732) Survivor regions: 7->2(7)
[2025-03-28T20:22:49.741+0530][gc,heap     ] GC(732) Old regions: 207->214
[2025-03-28T20:22:49.741+0530][gc,heap     ] GC(732) Archive regions: 2->2
[2025-03-28T20:22:49.741+0530][gc,heap     ] GC(732) Humongous regions: 149->147
[2025-03-28T20:22:49.741+0530][gc,metaspace] GC(732) Metaspace: 53364K(54016K)->53364K(54016K) NonClass: 47402K(47680K)->47402K(47680K) Class: 5962K(6336K)->5962K(6336K)
[2025-03-28T20:22:49.741+0530][gc          ] GC(732) Pause Young (Normal) (G1 Evacuation Pause) 407M->363M(1024M) 59.134ms
[2025-03-28T20:22:49.741+0530][gc,cpu      ] GC(732) User=0.03s Sys=0.01s Real=0.06s
[2025-03-28T20:22:49.814+0530][gc,start    ] GC(733) Pause Young (Normal) (G1 Evacuation Pause)
[2025-03-28T20:22:49.814+0530][gc,task     ] GC(733) Using 2 workers of 2 for evacuation
[2025-03-28T20:22:49.821+0530][gc,phases   ] GC(733)   Pre Evacuate Collection Set: 0.2ms
[2025-03-28T20:22:49.821+0530][gc,phases   ] GC(733)   Merge Heap Roots: 0.1ms
[2025-03-28T20:22:49.821+0530][gc,phases   ] GC(733)   Evacuate Collection Set: 6.3ms
[2025-03-28T20:22:49.821+0530][gc,phases   ] GC(733)   Post Evacuate Collection Set: 0.7ms
[2025-03-28T20:22:49.821+0530][gc,phases   ] GC(733)   Other: 0.2ms
[2025-03-28T20:22:49.821+0530][gc,heap     ] GC(733) Eden regions: 49->0(44)
[2025-03-28T20:22:49.821+0530][gc,heap     ] GC(733) Survivor regions: 2->7(7)
[2025-03-28T20:22:49.821+0530][gc,heap     ] GC(733) Old regions: 214->214
[2025-03-28T20:22:49.821+0530][gc,heap     ] GC(733) Archive regions: 2->2
[2025-03-28T20:22:49.821+0530][gc,heap     ] GC(733) Humongous regions: 147->147
[2025-03-28T20:22:49.821+0530][gc,metaspace] GC(733) Metaspace: 53364K(54016K)->53364K(54016K) NonClass: 47402K(47680K)->47402K(47680K) Class: 5962K(6336K)->5962K(6336K)
[2025-03-28T20:22:49.822+0530][gc          ] GC(733) Pause Young (Normal) (G1 Evacuation Pause) 412M->368M(1024M) 7.513ms
[2025-03-28T20:22:49.822+0530][gc,cpu      ] GC(733) User=0.01s Sys=0.00s Real=0.01s
[2025-03-28T20:22:49.878+0530][gc,start    ] GC(734) Pause Young (Normal) (G1 Evacuation Pause)
[2025-03-28T20:22:49.878+0530][gc,task     ] GC(734) Using 2 workers of 2 for evacuation
[2025-03-28T20:22:49.889+0530][gc,phases   ] GC(734)   Pre Evacuate Collection Set: 0.2ms
[2025-03-28T20:22:49.889+0530][gc,phases   ] GC(734)   Merge Heap Roots: 0.1ms
[2025-03-28T20:22:49.889+0530][gc,phases   ] GC(734)   Evacuate Collection Set: 4.1ms
[2025-03-28T20:22:49.889+0530][gc,phases   ] GC(734)   Post Evacuate Collection Set: 6.9ms
[2025-03-28T20:22:49.889+0530][gc,phases   ] GC(734)   Other: 0.1ms
[2025-03-28T20:22:49.889+0530][gc,heap     ] GC(734) Eden regions: 44->0(49)
[2025-03-28T20:22:49.889+0530][gc,heap     ] GC(734) Survivor regions: 7->2(7)
[2025-03-28T20:22:49.889+0530][gc,heap     ] GC(734) Old regions: 214->216
[2025-03-28T20:22:49.889+0530][gc,heap     ] GC(734) Archive regions: 2->2
[2025-03-28T20:22:49.889+0530][gc,heap     ] GC(734) Humongous regions: 149->149
[2025-03-28T20:22:49.889+0530][gc,metaspace] GC(734) Metaspace: 53364K(54016K)->53364K(54016K) NonClass: 47402K(47680K)->47402K(47680K) Class: 5962K(6336K)->5962K(6336K)
[2025-03-28T20:22:49.889+0530][gc          ] GC(734) Pause Young (Normal) (G1 Evacuation Pause) 414M->366M(1024M) 11.435ms
[2025-03-28T20:22:49.889+0530][gc,cpu      ] GC(734) User=0.01s Sys=0.00s Real=0.01s
[2025-03-28T20:22:51.987+0530][gc,start    ] GC(622) Pause Young (Normal) (G1 Evacuation Pause)
[2025-03-28T20:22:51.987+0530][gc,task     ] GC(622) Using 2 workers of 2 for evacuation
[2025-03-28T20:22:51.997+0530][gc,phases   ] GC(622)   Pre Evacuate Collection Set: 0.2ms
[2025-03-28T20:22:51.997+0530][gc,phases   ] GC(622)   Merge Heap Roots: 0.1ms
[2025-03-28T20:22:51.997+0530][gc,phases   ] GC(622)   Evacuate Collection Set: 9.2ms
[2025-03-28T20:22:51.997+0530][gc,phases   ] GC(622)   Post Evacuate Collection Set: 0.6ms
[2025-03-28T20:22:51.997+0530][gc,phases   ] GC(622)   Other: 0.1ms
[2025-03-28T20:22:51.997+0530][gc,heap     ] GC(622) Eden regions: 235->0(61)
[2025-03-28T20:22:51.997+0530][gc,heap     ] GC(622) Survivor regions: 4->8(30)
[2025-03-28T20:22:51.997+0530][gc,heap     ] GC(622) Old regions: 51->51
[2025-03-28T20:22:51.997+0530][gc,heap     ] GC(622) Archive regions: 2->2
[2025-03-28T20:22:51.997+0530][gc,heap     ] GC(622) Humongous regions: 153->147
[2025-03-28T20:22:51.997+0530][gc,metaspace] GC(622) Metaspace: 53200K(53824K)->53200K(53824K) NonClass: 47276K(47552K)->47276K(47552K) Class: 5923K(6272K)->5923K(6272K)
[2025-03-28T20:22:51.997+0530][gc          ] GC(622) Pause Young (Normal) (G1 Evacuation Pause) 442M->206M(1024M) 10.332ms
[2025-03-28T20:22:51.997+0530][gc,cpu      ] GC(622) User=0.02s Sys=0.01s Real=0.02s
[2025-03-28T20:22:51.998+0530][gc,start    ] GC(735) Pause Young (Normal) (G1 Evacuation Pause)
[2025-03-28T20:22:51.998+0530][gc,task     ] GC(735) Using 2 workers of 2 for evacuation
[2025-03-28T20:22:52.003+0530][gc,phases   ] GC(735)   Pre Evacuate Collection Set: 0.2ms
[2025-03-28T20:22:52.003+0530][gc,phases   ] GC(735)   Merge Heap Roots: 0.1ms
[2025-03-28T20:22:52.003+0530][gc,phases   ] GC(735)   Evacuate Collection Set: 4.5ms
[2025-03-28T20:22:52.003+0530][gc,phases   ] GC(735)   Post Evacuate Collection Set: 0.4ms
[2025-03-28T20:22:52.003+0530][gc,phases   ] GC(735)   Other: 0.1ms
[2025-03-28T20:22:52.003+0530][gc,heap     ] GC(735) Eden regions: 49->0(45)
[2025-03-28T20:22:52.003+0530][gc,heap     ] GC(735) Survivor regions: 2->6(7)
[2025-03-28T20:22:52.003+0530][gc,heap     ] GC(735) Old regions: 216->216
[2025-03-28T20:22:52.003+0530][gc,heap     ] GC(735) Archive regions: 2->2
[2025-03-28T20:22:52.003+0530][gc,heap     ] GC(735) Humongous regions: 149->147
[2025-03-28T20:22:52.003+0530][gc,metaspace] GC(735) Metaspace: 53364K(54016K)->53364K(54016K) NonClass: 47402K(47680K)->47402K(47680K) Class: 5962K(6336K)->5962K(6336K)
[2025-03-28T20:22:52.003+0530][gc          ] GC(735) Pause Young (Normal) (G1 Evacuation Pause) 415M->368M(1024M) 5.322ms
[2025-03-28T20:22:52.003+0530][gc,cpu      ] GC(735) User=0.01s Sys=0.01s Real=0.00s
[2025-03-28T20:22:52.061+0530][gc,start    ] GC(623) Pause Young (Concurrent Start) (G1 Humongous Allocation)
[2025-03-28T20:22:52.061+0530][gc,task     ] GC(623) Using 2 workers of 2 for evacuation
[2025-03-28T20:22:52.071+0530][gc,phases   ] GC(623)   Pre Evacuate Collection Set: 0.3ms
[2025-03-28T20:22:52.071+0530][gc,phases   ] GC(623)   Merge Heap Roots: 0.1ms
[2025-03-28T20:22:52.071+0530][gc,phases   ] GC(623)   Evacuate Collection Set: 9.3ms
[2025-03-28T20:22:52.071+0530][gc,phases   ] GC(623)   Post Evacuate Collection Set: 0.4ms
[2025-03-28T20:22:52.071+0530][gc,phases   ] GC(623)   Other: 0.2ms
[2025-03-28T20:22:52.071+0530][gc,heap     ] GC(623) Eden regions: 21->0(89)
[2025-03-28T20:22:52.071+0530][gc,heap     ] GC(623) Survivor regions: 8->3(9)
[2025-03-28T20:22:52.071+0530][gc,heap     ] GC(623) Old regions: 51->59
[2025-03-28T20:22:52.071+0530][gc,heap     ] GC(623) Archive regions: 2->2
[2025-03-28T20:22:52.071+0530][gc,heap     ] GC(623) Humongous regions: 147->147
[2025-03-28T20:22:52.071+0530][gc,metaspace] GC(623) Metaspace: 53200K(53824K)->53200K(53824K) NonClass: 47276K(47552K)->47276K(47552K) Class: 5923K(6272K)->5923K(6272K)
[2025-03-28T20:22:52.071+0530][gc          ] GC(623) Pause Young (Concurrent Start) (G1 Humongous Allocation) 227M->208M(1024M) 10.436ms
[2025-03-28T20:22:52.072+0530][gc,cpu      ] GC(623) User=0.01s Sys=0.00s Real=0.00s
[2025-03-28T20:22:52.073+0530][gc          ] GC(624) Concurrent Mark Cycle
[2025-03-28T20:22:52.073+0530][gc,marking  ] GC(624) Concurrent Clear Claimed Marks
[2025-03-28T20:22:52.073+0530][gc,marking  ] GC(624) Concurrent Clear Claimed Marks 0.082ms
[2025-03-28T20:22:52.073+0530][gc,marking  ] GC(624) Concurrent Scan Root Regions
[2025-03-28T20:22:52.081+0530][gc,start    ] GC(736) Pause Young (Normal) (G1 Evacuation Pause)
[2025-03-28T20:22:52.081+0530][gc,task     ] GC(736) Using 2 workers of 2 for evacuation
[2025-03-28T20:22:52.089+0530][gc,phases   ] GC(736)   Pre Evacuate Collection Set: 0.1ms
[2025-03-28T20:22:52.089+0530][gc,phases   ] GC(736)   Merge Heap Roots: 0.1ms
[2025-03-28T20:22:52.089+0530][gc,phases   ] GC(736)   Evacuate Collection Set: 6.8ms
[2025-03-28T20:22:52.089+0530][gc,phases   ] GC(736)   Post Evacuate Collection Set: 0.9ms
[2025-03-28T20:22:52.089+0530][gc,phases   ] GC(736)   Other: 0.1ms
[2025-03-28T20:22:52.089+0530][gc,heap     ] GC(736) Eden regions: 45->0(50)
[2025-03-28T20:22:52.089+0530][gc,heap     ] GC(736) Survivor regions: 6->3(7)
[2025-03-28T20:22:52.089+0530][gc,heap     ] GC(736) Old regions: 216->221
[2025-03-28T20:22:52.089+0530][gc,heap     ] GC(736) Archive regions: 2->2
[2025-03-28T20:22:52.089+0530][gc,heap     ] GC(736) Humongous regions: 149->149
[2025-03-28T20:22:52.089+0530][gc,metaspace] GC(736) Metaspace: 53364K(54016K)->53364K(54016K) NonClass: 47402K(47680K)->47402K(47680K) Class: 5962K(6336K)->5962K(6336K)
[2025-03-28T20:22:52.089+0530][gc          ] GC(736) Pause Young (Normal) (G1 Evacuation Pause) 415M->373M(1024M) 8.310ms
[2025-03-28T20:22:52.089+0530][gc,cpu      ] GC(736) User=0.02s Sys=0.00s Real=0.01s
[2025-03-28T20:22:52.104+0530][gc,marking  ] GC(624) Concurrent Scan Root Regions 30.689ms
[2025-03-28T20:22:52.104+0530][gc,marking  ] GC(624) Concurrent Mark
[2025-03-28T20:22:52.104+0530][gc,marking  ] GC(624) Concurrent Mark From Roots
[2025-03-28T20:22:52.104+0530][gc,task     ] GC(624) Using 1 workers of 1 for marking
[2025-03-28T20:22:52.174+0530][gc,marking  ] GC(624) Concurrent Mark From Roots 70.126ms
[2025-03-28T20:22:52.174+0530][gc,marking  ] GC(624) Concurrent Preclean
[2025-03-28T20:22:52.175+0530][gc,marking  ] GC(624) Concurrent Preclean 0.122ms
[2025-03-28T20:22:52.175+0530][gc,start    ] GC(624) Pause Remark
[2025-03-28T20:22:52.187+0530][gc          ] GC(624) Pause Remark 250M->248M(1024M) 12.682ms
[2025-03-28T20:22:52.187+0530][gc,cpu      ] GC(624) User=0.02s Sys=0.00s Real=0.02s
[2025-03-28T20:22:52.187+0530][gc,marking  ] GC(624) Concurrent Mark 83.224ms
[2025-03-28T20:22:52.188+0530][gc,marking  ] GC(624) Concurrent Rebuild Remembered Sets
[2025-03-28T20:22:52.228+0530][gc,marking  ] GC(624) Concurrent Rebuild Remembered Sets 40.282ms
[2025-03-28T20:22:52.228+0530][gc,start    ] GC(624) Pause Cleanup
[2025-03-28T20:22:52.228+0530][gc          ] GC(624) Pause Cleanup 248M->248M(1024M) 0.260ms
[2025-03-28T20:22:52.228+0530][gc,cpu      ] GC(624) User=0.00s Sys=0.00s Real=0.00s
[2025-03-28T20:22:52.228+0530][gc,marking  ] GC(624) Concurrent Cleanup for Next Mark
[2025-03-28T20:22:52.230+0530][gc,marking  ] GC(624) Concurrent Cleanup for Next Mark 1.656ms
[2025-03-28T20:22:52.230+0530][gc          ] GC(624) Concurrent Mark Cycle 156.959ms
[2025-03-28T20:22:53.546+0530][gc,start    ] GC(625) Pause Young (Prepare Mixed) (G1 Evacuation Pause)
[2025-03-28T20:22:53.546+0530][gc,task     ] GC(625) Using 2 workers of 2 for evacuation
[2025-03-28T20:22:53.553+0530][gc,phases   ] GC(625)   Pre Evacuate Collection Set: 0.2ms
[2025-03-28T20:22:53.553+0530][gc,phases   ] GC(625)   Merge Heap Roots: 0.1ms
[2025-03-28T20:22:53.553+0530][gc,phases   ] GC(625)   Evacuate Collection Set: 5.8ms
[2025-03-28T20:22:53.553+0530][gc,phases   ] GC(625)   Post Evacuate Collection Set: 0.4ms
[2025-03-28T20:22:53.553+0530][gc,phases   ] GC(625)   Other: 0.1ms
[2025-03-28T20:22:53.553+0530][gc,heap     ] GC(625) Eden regions: 89->0(45)
[2025-03-28T20:22:53.553+0530][gc,heap     ] GC(625) Survivor regions: 3->6(12)
[2025-03-28T20:22:53.553+0530][gc,heap     ] GC(625) Old regions: 57->57
[2025-03-28T20:22:53.553+0530][gc,heap     ] GC(625) Archive regions: 2->2
[2025-03-28T20:22:53.553+0530][gc,heap     ] GC(625) Humongous regions: 149->147
[2025-03-28T20:22:53.553+0530][gc,metaspace] GC(625) Metaspace: 53200K(53824K)->53200K(53824K) NonClass: 47276K(47552K)->47276K(47552K) Class: 5923K(6272K)->5923K(6272K)
[2025-03-28T20:22:53.553+0530][gc          ] GC(625) Pause Young (Prepare Mixed) (G1 Evacuation Pause) 297M->210M(1024M) 6.799ms
[2025-03-28T20:22:53.553+0530][gc,cpu      ] GC(625) User=0.02s Sys=0.00s Real=0.00s
[2025-03-28T20:22:53.627+0530][gc,start    ] GC(626) Pause Young (Mixed) (G1 Evacuation Pause)
[2025-03-28T20:22:53.627+0530][gc,task     ] GC(626) Using 2 workers of 2 for evacuation
[2025-03-28T20:22:53.636+0530][gc,phases   ] GC(626)   Pre Evacuate Collection Set: 0.2ms
[2025-03-28T20:22:53.636+0530][gc,phases   ] GC(626)   Merge Heap Roots: 0.1ms
[2025-03-28T20:22:53.636+0530][gc,phases   ] GC(626)   Evacuate Collection Set: 8.1ms
[2025-03-28T20:22:53.636+0530][gc,phases   ] GC(626)   Post Evacuate Collection Set: 0.5ms
[2025-03-28T20:22:53.636+0530][gc,phases   ] GC(626)   Other: 0.1ms
[2025-03-28T20:22:53.636+0530][gc,heap     ] GC(626) Eden regions: 45->0(165)
[2025-03-28T20:22:53.636+0530][gc,heap     ] GC(626) Survivor regions: 6->2(7)
[2025-03-28T20:22:53.636+0530][gc,heap     ] GC(626) Old regions: 57->55
[2025-03-28T20:22:53.636+0530][gc,heap     ] GC(626) Archive regions: 2->2
[2025-03-28T20:22:53.636+0530][gc,heap     ] GC(626) Humongous regions: 149->149
[2025-03-28T20:22:53.636+0530][gc,metaspace] GC(626) Metaspace: 53200K(53824K)->53200K(53824K) NonClass: 47276K(47552K)->47276K(47552K) Class: 5923K(6272K)->5923K(6272K)
[2025-03-28T20:22:53.636+0530][gc          ] GC(626) Pause Young (Mixed) (G1 Evacuation Pause) 257M->206M(1024M) 9.125ms
[2025-03-28T20:22:53.636+0530][gc,cpu      ] GC(626) User=0.02s Sys=0.00s Real=0.01s
[2025-03-28T20:22:54.660+0530][gc,start    ] GC(737) Pause Young (Normal) (G1 Evacuation Pause)
[2025-03-28T20:22:54.660+0530][gc,task     ] GC(737) Using 2 workers of 2 for evacuation
[2025-03-28T20:22:54.667+0530][gc,phases   ] GC(737)   Pre Evacuate Collection Set: 0.2ms
[2025-03-28T20:22:54.667+0530][gc,phases   ] GC(737)   Merge Heap Roots: 0.1ms
[2025-03-28T20:22:54.667+0530][gc,phases   ] GC(737)   Evacuate Collection Set: 5.8ms
[2025-03-28T20:22:54.667+0530][gc,phases   ] GC(737)   Post Evacuate Collection Set: 0.5ms
[2025-03-28T20:22:54.667+0530][gc,phases   ] GC(737)   Other: 0.1ms
[2025-03-28T20:22:54.667+0530][gc,heap     ] GC(737) Eden regions: 50->0(44)
[2025-03-28T20:22:54.667+0530][gc,heap     ] GC(737) Survivor regions: 3->7(7)
[2025-03-28T20:22:54.667+0530][gc,heap     ] GC(737) Old regions: 221->221
[2025-03-28T20:22:54.667+0530][gc,heap     ] GC(737) Archive regions: 2->2
[2025-03-28T20:22:54.667+0530][gc,heap     ] GC(737) Humongous regions: 149->147
[2025-03-28T20:22:54.667+0530][gc,metaspace] GC(737) Metaspace: 53364K(54016K)->53364K(54016K) NonClass: 47402K(47680K)->47402K(47680K) Class: 5962K(6336K)->5962K(6336K)
[2025-03-28T20:22:54.667+0530][gc          ] GC(737) Pause Young (Normal) (G1 Evacuation Pause) 423M->374M(1024M) 6.910ms
[2025-03-28T20:22:54.667+0530][gc,cpu      ] GC(737) User=0.02s Sys=0.00s Real=0.01s
[2025-03-28T20:22:54.741+0530][gc,start    ] GC(738) Pause Young (Normal) (G1 Evacuation Pause)
[2025-03-28T20:22:54.741+0530][gc,task     ] GC(738) Using 2 workers of 2 for evacuation
[2025-03-28T20:22:54.756+0530][gc,phases   ] GC(738)   Pre Evacuate Collection Set: 0.3ms
[2025-03-28T20:22:54.756+0530][gc,phases   ] GC(738)   Merge Heap Roots: 0.2ms
[2025-03-28T20:22:54.756+0530][gc,phases   ] GC(738)   Evacuate Collection Set: 14.5ms
[2025-03-28T20:22:54.757+0530][gc,phases   ] GC(738)   Post Evacuate Collection Set: 0.6ms
[2025-03-28T20:22:54.757+0530][gc,phases   ] GC(738)   Other: 0.2ms
[2025-03-28T20:22:54.757+0530][gc,heap     ] GC(738) Eden regions: 44->0(82)
[2025-03-28T20:22:54.757+0530][gc,heap     ] GC(738) Survivor regions: 7->3(7)
[2025-03-28T20:22:54.757+0530][gc,heap     ] GC(738) Old regions: 221->224
[2025-03-28T20:22:54.757+0530][gc,heap     ] GC(738) Archive regions: 2->2
[2025-03-28T20:22:54.757+0530][gc,heap     ] GC(738) Humongous regions: 149->149
[2025-03-28T20:22:54.757+0530][gc,metaspace] GC(738) Metaspace: 53364K(54016K)->53364K(54016K) NonClass: 47402K(47680K)->47402K(47680K) Class: 5962K(6336K)->5962K(6336K)
[2025-03-28T20:22:54.757+0530][gc          ] GC(738) Pause Young (Normal) (G1 Evacuation Pause) 420M->376M(1024M) 15.923ms
[2025-03-28T20:22:54.757+0530][gc,cpu      ] GC(738) User=0.01s Sys=0.00s Real=0.03s
[2025-03-28T20:23:08.608+0530][gc,start    ] GC(739) Pause Young (Normal) (G1 Evacuation Pause)
[2025-03-28T20:23:08.608+0530][gc,task     ] GC(739) Using 2 workers of 2 for evacuation
[2025-03-28T20:23:08.637+0530][gc,mmu      ] GC(739) MMU target violated: 21.0ms (20.0ms/21.0ms)
[2025-03-28T20:23:08.637+0530][gc,phases   ] GC(739)   Pre Evacuate Collection Set: 0.2ms
[2025-03-28T20:23:08.637+0530][gc,phases   ] GC(739)   Merge Heap Roots: 0.1ms
[2025-03-28T20:23:08.637+0530][gc,phases   ] GC(739)   Evacuate Collection Set: 27.0ms
[2025-03-28T20:23:08.637+0530][gc,phases   ] GC(739)   Post Evacuate Collection Set: 1.4ms
[2025-03-28T20:23:08.637+0530][gc,phases   ] GC(739)   Other: 0.2ms
[2025-03-28T20:23:08.637+0530][gc,heap     ] GC(739) Eden regions: 82->0(69)
[2025-03-28T20:23:08.637+0530][gc,heap     ] GC(739) Survivor regions: 3->6(11)
[2025-03-28T20:23:08.637+0530][gc,heap     ] GC(739) Old regions: 224->224
[2025-03-28T20:23:08.637+0530][gc,heap     ] GC(739) Archive regions: 2->2
[2025-03-28T20:23:08.637+0530][gc,heap     ] GC(739) Humongous regions: 149->147
[2025-03-28T20:23:08.637+0530][gc,metaspace] GC(739) Metaspace: 53365K(54016K)->53365K(54016K) NonClass: 47403K(47680K)->47403K(47680K) Class: 5962K(6336K)->5962K(6336K)
[2025-03-28T20:23:08.637+0530][gc          ] GC(739) Pause Young (Normal) (G1 Evacuation Pause) 458M->377M(1024M) 29.075ms
[2025-03-28T20:23:08.637+0530][gc,cpu      ] GC(739) User=0.01s Sys=0.01s Real=0.03s
[2025-03-28T20:23:08.797+0530][gc,start    ] GC(627) Pause Young (Concurrent Start) (G1 Humongous Allocation)
[2025-03-28T20:23:08.799+0530][gc,task     ] GC(627) Using 2 workers of 2 for evacuation
[2025-03-28T20:23:08.844+0530][gc,mmu      ] GC(627) MMU target violated: 21.0ms (20.0ms/21.0ms)
[2025-03-28T20:23:08.844+0530][gc,phases   ] GC(627)   Pre Evacuate Collection Set: 0.4ms
[2025-03-28T20:23:08.844+0530][gc,phases   ] GC(627)   Merge Heap Roots: 0.1ms
[2025-03-28T20:23:08.844+0530][gc,phases   ] GC(627)   Evacuate Collection Set: 42.6ms
[2025-03-28T20:23:08.844+0530][gc,phases   ] GC(627)   Post Evacuate Collection Set: 0.9ms
[2025-03-28T20:23:08.844+0530][gc,phases   ] GC(627)   Other: 2.4ms
[2025-03-28T20:23:08.844+0530][gc,heap     ] GC(627) Eden regions: 157->0(43)
[2025-03-28T20:23:08.844+0530][gc,heap     ] GC(627) Survivor regions: 2->11(21)
[2025-03-28T20:23:08.844+0530][gc,heap     ] GC(627) Old regions: 55->55
[2025-03-28T20:23:08.844+0530][gc,heap     ] GC(627) Archive regions: 2->2
[2025-03-28T20:23:08.844+0530][gc,heap     ] GC(627) Humongous regions: 149->147
[2025-03-28T20:23:08.844+0530][gc,metaspace] GC(627) Metaspace: 53200K(53824K)->53200K(53824K) NonClass: 47276K(47552K)->47276K(47552K) Class: 5923K(6272K)->5923K(6272K)
[2025-03-28T20:23:08.844+0530][gc          ] GC(627) Pause Young (Concurrent Start) (G1 Humongous Allocation) 362M->213M(1024M) 46.789ms
[2025-03-28T20:23:08.844+0530][gc,cpu      ] GC(627) User=0.02s Sys=0.01s Real=0.04s
[2025-03-28T20:23:08.844+0530][gc          ] GC(628) Concurrent Mark Cycle
[2025-03-28T20:23:08.844+0530][gc,marking  ] GC(628) Concurrent Clear Claimed Marks
[2025-03-28T20:23:08.861+0530][gc,marking  ] GC(628) Concurrent Clear Claimed Marks 16.936ms
[2025-03-28T20:23:08.861+0530][gc,marking  ] GC(628) Concurrent Scan Root Regions
[2025-03-28T20:23:08.872+0530][gc,marking  ] GC(628) Concurrent Scan Root Regions 10.697ms
[2025-03-28T20:23:08.872+0530][gc,marking  ] GC(628) Concurrent Mark
[2025-03-28T20:23:08.872+0530][gc,marking  ] GC(628) Concurrent Mark From Roots
[2025-03-28T20:23:08.872+0530][gc,task     ] GC(628) Using 1 workers of 1 for marking
[2025-03-28T20:23:08.874+0530][gc,start    ] GC(629) Pause Young (Normal) (G1 Evacuation Pause)
[2025-03-28T20:23:08.874+0530][gc,task     ] GC(629) Using 2 workers of 2 for evacuation
[2025-03-28T20:23:08.912+0530][gc,mmu      ] GC(629) MMU target violated: 21.0ms (20.0ms/21.0ms)
[2025-03-28T20:23:08.913+0530][gc,phases   ] GC(629)   Pre Evacuate Collection Set: 0.1ms
[2025-03-28T20:23:08.913+0530][gc,phases   ] GC(629)   Merge Heap Roots: 0.1ms
[2025-03-28T20:23:08.913+0530][gc,phases   ] GC(629)   Evacuate Collection Set: 36.2ms
[2025-03-28T20:23:08.913+0530][gc,phases   ] GC(629)   Post Evacuate Collection Set: 1.0ms
[2025-03-28T20:23:08.913+0530][gc,phases   ] GC(629)   Other: 0.8ms
[2025-03-28T20:23:08.913+0530][gc,heap     ] GC(629) Eden regions: 43->0(126)
[2025-03-28T20:23:08.913+0530][gc,heap     ] GC(629) Survivor regions: 11->1(7)
[2025-03-28T20:23:08.913+0530][gc,heap     ] GC(629) Old regions: 55->64
[2025-03-28T20:23:08.913+0530][gc,heap     ] GC(629) Archive regions: 2->2
[2025-03-28T20:23:08.913+0530][gc,heap     ] GC(629) Humongous regions: 149->149
[2025-03-28T20:23:08.913+0530][gc,metaspace] GC(629) Metaspace: 53200K(53824K)->53200K(53824K) NonClass: 47276K(47552K)->47276K(47552K) Class: 5923K(6272K)->5923K(6272K)
[2025-03-28T20:23:08.913+0530][gc          ] GC(629) Pause Young (Normal) (G1 Evacuation Pause) 258M->214M(1024M) 38.244ms
[2025-03-28T20:23:08.913+0530][gc,cpu      ] GC(629) User=0.02s Sys=0.01s Real=0.05s
[2025-03-28T20:23:09.003+0530][gc,marking  ] GC(628) Concurrent Mark From Roots 130.528ms
[2025-03-28T20:23:09.003+0530][gc,marking  ] GC(628) Concurrent Preclean
[2025-03-28T20:23:09.003+0530][gc,marking  ] GC(628) Concurrent Preclean 0.141ms
[2025-03-28T20:23:09.013+0530][gc,start    ] GC(628) Pause Remark
[2025-03-28T20:23:09.037+0530][gc,mmu      ] GC(628) MMU target violated: 21.0ms (20.0ms/21.0ms)
[2025-03-28T20:23:09.037+0530][gc          ] GC(628) Pause Remark 218M->213M(1024M) 24.339ms
[2025-03-28T20:23:09.037+0530][gc,cpu      ] GC(628) User=0.03s Sys=0.00s Real=0.03s
[2025-03-28T20:23:09.038+0530][gc,marking  ] GC(628) Concurrent Mark 165.822ms
[2025-03-28T20:23:09.038+0530][gc,marking  ] GC(628) Concurrent Rebuild Remembered Sets
[2025-03-28T20:23:09.089+0530][gc,marking  ] GC(628) Concurrent Rebuild Remembered Sets 50.632ms
[2025-03-28T20:23:09.089+0530][gc,start    ] GC(628) Pause Cleanup
[2025-03-28T20:23:09.089+0530][gc          ] GC(628) Pause Cleanup 253M->253M(1024M) 0.255ms
[2025-03-28T20:23:09.089+0530][gc,cpu      ] GC(628) User=0.00s Sys=0.00s Real=0.00s
[2025-03-28T20:23:09.089+0530][gc,marking  ] GC(628) Concurrent Cleanup for Next Mark
[2025-03-28T20:23:09.091+0530][gc,marking  ] GC(628) Concurrent Cleanup for Next Mark 1.610ms
[2025-03-28T20:23:09.091+0530][gc          ] GC(628) Concurrent Mark Cycle 246.410ms
[2025-03-28T20:23:09.703+0530][gc,start    ] GC(740) Pause Young (Normal) (G1 Evacuation Pause)
[2025-03-28T20:23:09.703+0530][gc,task     ] GC(740) Using 2 workers of 2 for evacuation
[2025-03-28T20:23:09.724+0530][gc,mmu      ] GC(740) MMU target violated: 20.3ms (20.0ms/21.0ms)
[2025-03-28T20:23:09.724+0530][gc,phases   ] GC(740)   Pre Evacuate Collection Set: 1.0ms
[2025-03-28T20:23:09.724+0530][gc,phases   ] GC(740)   Merge Heap Roots: 0.4ms
[2025-03-28T20:23:09.724+0530][gc,phases   ] GC(740)   Evacuate Collection Set: 16.3ms
[2025-03-28T20:23:09.724+0530][gc,phases   ] GC(740)   Post Evacuate Collection Set: 2.7ms
[2025-03-28T20:23:09.724+0530][gc,phases   ] GC(740)   Other: 0.5ms
[2025-03-28T20:23:09.724+0530][gc,heap     ] GC(740) Eden regions: 69->0(64)
[2025-03-28T20:23:09.724+0530][gc,heap     ] GC(740) Survivor regions: 6->1(10)
[2025-03-28T20:23:09.724+0530][gc,heap     ] GC(740) Old regions: 224->225
[2025-03-28T20:23:09.724+0530][gc,heap     ] GC(740) Archive regions: 2->2
[2025-03-28T20:23:09.724+0530][gc,heap     ] GC(740) Humongous regions: 149->147
[2025-03-28T20:23:09.724+0530][gc,metaspace] GC(740) Metaspace: 53365K(54016K)->53365K(54016K) NonClass: 47403K(47680K)->47403K(47680K) Class: 5962K(6336K)->5962K(6336K)
[2025-03-28T20:23:09.724+0530][gc          ] GC(740) Pause Young (Normal) (G1 Evacuation Pause) 448M->373M(1024M) 21.556ms
[2025-03-28T20:23:09.724+0530][gc,cpu      ] GC(740) User=0.02s Sys=0.00s Real=0.02s
[2025-03-28T20:23:09.861+0530][gc,start    ] GC(741) Pause Young (Normal) (G1 Evacuation Pause)
[2025-03-28T20:23:09.861+0530][gc,task     ] GC(741) Using 2 workers of 2 for evacuation
[2025-03-28T20:23:09.869+0530][gc,phases   ] GC(741)   Pre Evacuate Collection Set: 0.2ms
[2025-03-28T20:23:09.869+0530][gc,phases   ] GC(741)   Merge Heap Roots: 0.1ms
[2025-03-28T20:23:09.869+0530][gc,phases   ] GC(741)   Evacuate Collection Set: 7.4ms
[2025-03-28T20:23:09.869+0530][gc,phases   ] GC(741)   Post Evacuate Collection Set: 1.0ms
[2025-03-28T20:23:09.869+0530][gc,phases   ] GC(741)   Other: 0.1ms
[2025-03-28T20:23:09.869+0530][gc,heap     ] GC(741) Eden regions: 64->0(43)
[2025-03-28T20:23:09.869+0530][gc,heap     ] GC(741) Survivor regions: 1->8(9)
[2025-03-28T20:23:09.869+0530][gc,heap     ] GC(741) Old regions: 225->225
[2025-03-28T20:23:09.869+0530][gc,heap     ] GC(741) Archive regions: 2->2
[2025-03-28T20:23:09.869+0530][gc,heap     ] GC(741) Humongous regions: 147->147
[2025-03-28T20:23:09.869+0530][gc,metaspace] GC(741) Metaspace: 53365K(54016K)->53365K(54016K) NonClass: 47403K(47680K)->47403K(47680K) Class: 5962K(6336K)->5962K(6336K)
[2025-03-28T20:23:09.869+0530][gc          ] GC(741) Pause Young (Normal) (G1 Evacuation Pause) 437M->380M(1024M) 8.818ms
[2025-03-28T20:23:09.869+0530][gc,cpu      ] GC(741) User=0.01s Sys=0.00s Real=0.01s
[2025-03-28T20:23:09.911+0530][gc,start    ] GC(742) Pause Young (Normal) (G1 Evacuation Pause)
[2025-03-28T20:23:09.911+0530][gc,task     ] GC(742) Using 2 workers of 2 for evacuation
[2025-03-28T20:23:09.918+0530][gc,phases   ] GC(742)   Pre Evacuate Collection Set: 0.1ms
[2025-03-28T20:23:09.918+0530][gc,phases   ] GC(742)   Merge Heap Roots: 0.1ms
[2025-03-28T20:23:09.918+0530][gc,phases   ] GC(742)   Evacuate Collection Set: 5.4ms
[2025-03-28T20:23:09.918+0530][gc,phases   ] GC(742)   Post Evacuate Collection Set: 0.5ms
[2025-03-28T20:23:09.918+0530][gc,phases   ] GC(742)   Other: 0.2ms
[2025-03-28T20:23:09.918+0530][gc,heap     ] GC(742) Eden regions: 43->0(76)
[2025-03-28T20:23:09.918+0530][gc,heap     ] GC(742) Survivor regions: 8->1(7)
[2025-03-28T20:23:09.918+0530][gc,heap     ] GC(742) Old regions: 225->227
[2025-03-28T20:23:09.918+0530][gc,heap     ] GC(742) Archive regions: 2->2
[2025-03-28T20:23:09.918+0530][gc,heap     ] GC(742) Humongous regions: 149->149
[2025-03-28T20:23:09.918+0530][gc,metaspace] GC(742) Metaspace: 53365K(54016K)->53365K(54016K) NonClass: 47403K(47680K)->47403K(47680K) Class: 5962K(6336K)->5962K(6336K)
[2025-03-28T20:23:09.918+0530][gc          ] GC(742) Pause Young (Normal) (G1 Evacuation Pause) 425M->377M(1024M) 6.413ms
[2025-03-28T20:23:09.918+0530][gc,cpu      ] GC(742) User=0.01s Sys=0.00s Real=0.01s
[2025-03-28T20:23:13.662+0530][gc,start    ] GC(630) Pause Young (Prepare Mixed) (G1 Evacuation Pause)
[2025-03-28T20:23:13.662+0530][gc,task     ] GC(630) Using 2 workers of 2 for evacuation
[2025-03-28T20:23:13.668+0530][gc,phases   ] GC(630)   Pre Evacuate Collection Set: 0.3ms
[2025-03-28T20:23:13.668+0530][gc,phases   ] GC(630)   Merge Heap Roots: 0.1ms
[2025-03-28T20:23:13.668+0530][gc,phases   ] GC(630)   Evacuate Collection Set: 5.6ms
[2025-03-28T20:23:13.668+0530][gc,phases   ] GC(630)   Post Evacuate Collection Set: 0.6ms
[2025-03-28T20:23:13.668+0530][gc,phases   ] GC(630)   Other: 0.1ms
[2025-03-28T20:23:13.668+0530][gc,heap     ] GC(630) Eden regions: 126->0(47)
[2025-03-28T20:23:13.668+0530][gc,heap     ] GC(630) Survivor regions: 1->4(16)
[2025-03-28T20:23:13.668+0530][gc,heap     ] GC(630) Old regions: 59->59
[2025-03-28T20:23:13.668+0530][gc,heap     ] GC(630) Archive regions: 2->2
[2025-03-28T20:23:13.668+0530][gc,heap     ] GC(630) Humongous regions: 153->151
[2025-03-28T20:23:13.668+0530][gc,metaspace] GC(630) Metaspace: 53203K(53824K)->53203K(53824K) NonClass: 47279K(47552K)->47279K(47552K) Class: 5923K(6272K)->5923K(6272K)
[2025-03-28T20:23:13.668+0530][gc          ] GC(630) Pause Young (Prepare Mixed) (G1 Evacuation Pause) 339M->213M(1024M) 6.836ms
[2025-03-28T20:23:13.668+0530][gc,cpu      ] GC(630) User=0.02s Sys=0.00s Real=0.02s
[2025-03-28T20:23:14.679+0530][gc,start    ] GC(631) Pause Young (Mixed) (G1 Evacuation Pause)
[2025-03-28T20:23:14.679+0530][gc,task     ] GC(631) Using 2 workers of 2 for evacuation
[2025-03-28T20:23:14.712+0530][gc,mmu      ] GC(631) MMU target violated: 21.0ms (20.0ms/21.0ms)
[2025-03-28T20:23:14.712+0530][gc,phases   ] GC(631)   Pre Evacuate Collection Set: 0.7ms
[2025-03-28T20:23:14.712+0530][gc,phases   ] GC(631)   Merge Heap Roots: 1.2ms
[2025-03-28T20:23:14.712+0530][gc,phases   ] GC(631)   Evacuate Collection Set: 28.1ms
[2025-03-28T20:23:14.712+0530][gc,phases   ] GC(631)   Post Evacuate Collection Set: 2.7ms
[2025-03-28T20:23:14.712+0530][gc,phases   ] GC(631)   Other: 0.3ms
[2025-03-28T20:23:14.712+0530][gc,heap     ] GC(631) Eden regions: 47->0(61)
[2025-03-28T20:23:14.712+0530][gc,heap     ] GC(631) Survivor regions: 4->4(7)
[2025-03-28T20:23:14.712+0530][gc,heap     ] GC(631) Old regions: 59->55
[2025-03-28T20:23:14.712+0530][gc,heap     ] GC(631) Archive regions: 2->2
[2025-03-28T20:23:14.712+0530][gc,heap     ] GC(631) Humongous regions: 151->147
[2025-03-28T20:23:14.712+0530][gc,metaspace] GC(631) Metaspace: 53203K(53824K)->53203K(53824K) NonClass: 47280K(47552K)->47280K(47552K) Class: 5923K(6272K)->5923K(6272K)
[2025-03-28T20:23:14.712+0530][gc          ] GC(631) Pause Young (Mixed) (G1 Evacuation Pause) 260M->205M(1024M) 33.218ms
[2025-03-28T20:23:14.712+0530][gc,cpu      ] GC(631) User=0.03s Sys=0.00s Real=0.04s
[2025-03-28T20:23:14.804+0530][gc,start    ] GC(632) Pause Young (Concurrent Start) (G1 Humongous Allocation)
[2025-03-28T20:23:14.804+0530][gc,task     ] GC(632) Using 2 workers of 2 for evacuation
[2025-03-28T20:23:14.823+0530][gc,phases   ] GC(632)   Pre Evacuate Collection Set: 0.5ms
[2025-03-28T20:23:14.823+0530][gc,phases   ] GC(632)   Merge Heap Roots: 0.2ms
[2025-03-28T20:23:14.823+0530][gc,phases   ] GC(632)   Evacuate Collection Set: 16.5ms
[2025-03-28T20:23:14.823+0530][gc,phases   ] GC(632)   Post Evacuate Collection Set: 1.3ms
[2025-03-28T20:23:14.823+0530][gc,phases   ] GC(632)   Other: 0.2ms
[2025-03-28T20:23:14.823+0530][gc,heap     ] GC(632) Eden regions: 43->0(42)
[2025-03-28T20:23:14.823+0530][gc,heap     ] GC(632) Survivor regions: 4->9(9)
[2025-03-28T20:23:14.823+0530][gc,heap     ] GC(632) Old regions: 55->55
[2025-03-28T20:23:14.823+0530][gc,heap     ] GC(632) Archive regions: 2->2
[2025-03-28T20:23:14.823+0530][gc,heap     ] GC(632) Humongous regions: 147->147
[2025-03-28T20:23:14.823+0530][gc,metaspace] GC(632) Metaspace: 53203K(53824K)->53203K(53824K) NonClass: 47280K(47552K)->47280K(47552K) Class: 5923K(6272K)->5923K(6272K)
[2025-03-28T20:23:14.823+0530][gc          ] GC(632) Pause Young (Concurrent Start) (G1 Humongous Allocation) 248M->210M(1024M) 18.780ms
[2025-03-28T20:23:14.823+0530][gc,cpu      ] GC(632) User=0.01s Sys=0.01s Real=0.02s
[2025-03-28T20:23:14.823+0530][gc          ] GC(633) Concurrent Mark Cycle
[2025-03-28T20:23:14.823+0530][gc,marking  ] GC(633) Concurrent Clear Claimed Marks
[2025-03-28T20:23:14.823+0530][gc,marking  ] GC(633) Concurrent Clear Claimed Marks 0.120ms
[2025-03-28T20:23:14.823+0530][gc,marking  ] GC(633) Concurrent Scan Root Regions
[2025-03-28T20:23:14.836+0530][gc,marking  ] GC(633) Concurrent Scan Root Regions 12.502ms
[2025-03-28T20:23:14.836+0530][gc,marking  ] GC(633) Concurrent Mark
[2025-03-28T20:23:14.836+0530][gc,marking  ] GC(633) Concurrent Mark From Roots
[2025-03-28T20:23:14.836+0530][gc,task     ] GC(633) Using 1 workers of 1 for marking
[2025-03-28T20:23:14.847+0530][gc,start    ] GC(743) Pause Young (Normal) (G1 Evacuation Pause)
[2025-03-28T20:23:14.847+0530][gc,task     ] GC(743) Using 2 workers of 2 for evacuation
[2025-03-28T20:23:14.860+0530][gc,phases   ] GC(743)   Pre Evacuate Collection Set: 0.2ms
[2025-03-28T20:23:14.860+0530][gc,phases   ] GC(743)   Merge Heap Roots: 0.1ms
[2025-03-28T20:23:14.860+0530][gc,phases   ] GC(743)   Evacuate Collection Set: 12.2ms
[2025-03-28T20:23:14.860+0530][gc,phases   ] GC(743)   Post Evacuate Collection Set: 0.6ms
[2025-03-28T20:23:14.860+0530][gc,phases   ] GC(743)   Other: 0.2ms
[2025-03-28T20:23:14.860+0530][gc,heap     ] GC(743) Eden regions: 76->0(53)
[2025-03-28T20:23:14.860+0530][gc,heap     ] GC(743) Survivor regions: 1->9(10)
[2025-03-28T20:23:14.860+0530][gc,heap     ] GC(743) Old regions: 227->227
[2025-03-28T20:23:14.860+0530][gc,heap     ] GC(743) Archive regions: 2->2
[2025-03-28T20:23:14.860+0530][gc,heap     ] GC(743) Humongous regions: 149->147
[2025-03-28T20:23:14.860+0530][gc,metaspace] GC(743) Metaspace: 53365K(54016K)->53365K(54016K) NonClass: 47403K(47680K)->47403K(47680K) Class: 5962K(6336K)->5962K(6336K)
[2025-03-28T20:23:14.860+0530][gc          ] GC(743) Pause Young (Normal) (G1 Evacuation Pause) 453M->383M(1024M) 13.291ms
[2025-03-28T20:23:14.860+0530][gc,cpu      ] GC(743) User=0.02s Sys=0.00s Real=0.01s
[2025-03-28T20:23:14.914+0530][gc,marking  ] GC(633) Concurrent Mark From Roots 77.852ms
[2025-03-28T20:23:14.914+0530][gc,marking  ] GC(633) Concurrent Preclean
[2025-03-28T20:23:14.914+0530][gc,marking  ] GC(633) Concurrent Preclean 0.156ms
[2025-03-28T20:23:14.932+0530][gc,start    ] GC(633) Pause Remark
[2025-03-28T20:23:14.982+0530][gc,start    ] GC(744) Pause Young (Normal) (G1 Evacuation Pause)
[2025-03-28T20:23:14.982+0530][gc,task     ] GC(744) Using 2 workers of 2 for evacuation
[2025-03-28T20:23:14.991+0530][gc,mmu      ] GC(633) MMU target violated: 21.0ms (20.0ms/21.0ms)
[2025-03-28T20:23:14.991+0530][gc          ] GC(633) Pause Remark 252M->250M(1024M) 59.006ms
[2025-03-28T20:23:14.991+0530][gc,cpu      ] GC(633) User=0.02s Sys=0.00s Real=0.06s
[2025-03-28T20:23:14.991+0530][gc,marking  ] GC(633) Concurrent Mark 155.654ms
[2025-03-28T20:23:14.991+0530][gc,marking  ] GC(633) Concurrent Rebuild Remembered Sets
[2025-03-28T20:23:15.034+0530][gc,mmu      ] GC(744) MMU target violated: 21.0ms (20.0ms/21.0ms)
[2025-03-28T20:23:15.034+0530][gc,phases   ] GC(744)   Pre Evacuate Collection Set: 0.3ms
[2025-03-28T20:23:15.034+0530][gc,phases   ] GC(744)   Merge Heap Roots: 0.2ms
[2025-03-28T20:23:15.034+0530][gc,phases   ] GC(744)   Evacuate Collection Set: 49.5ms
[2025-03-28T20:23:15.034+0530][gc,phases   ] GC(744)   Post Evacuate Collection Set: 1.2ms
[2025-03-28T20:23:15.034+0530][gc,phases   ] GC(744)   Other: 0.2ms
[2025-03-28T20:23:15.034+0530][gc,heap     ] GC(744) Eden regions: 53->0(44)
[2025-03-28T20:23:15.034+0530][gc,heap     ] GC(744) Survivor regions: 9->7(8)
[2025-03-28T20:23:15.034+0530][gc,heap     ] GC(744) Old regions: 227->235
[2025-03-28T20:23:15.034+0530][gc,heap     ] GC(744) Archive regions: 2->2
[2025-03-28T20:23:15.034+0530][gc,heap     ] GC(744) Humongous regions: 147->147
[2025-03-28T20:23:15.034+0530][gc,metaspace] GC(744) Metaspace: 53365K(54016K)->53365K(54016K) NonClass: 47403K(47680K)->47403K(47680K) Class: 5962K(6336K)->5962K(6336K)
[2025-03-28T20:23:15.034+0530][gc          ] GC(744) Pause Young (Normal) (G1 Evacuation Pause) 436M->389M(1024M) 51.562ms
[2025-03-28T20:23:15.034+0530][gc,cpu      ] GC(744) User=0.03s Sys=0.00s Real=0.05s
[2025-03-28T20:23:15.056+0530][gc,marking  ] GC(633) Concurrent Rebuild Remembered Sets 64.401ms
[2025-03-28T20:23:15.056+0530][gc,start    ] GC(633) Pause Cleanup
[2025-03-28T20:23:15.059+0530][gc          ] GC(633) Pause Cleanup 250M->250M(1024M) 3.467ms
[2025-03-28T20:23:15.059+0530][gc,cpu      ] GC(633) User=0.01s Sys=0.00s Real=0.00s
[2025-03-28T20:23:15.060+0530][gc,marking  ] GC(633) Concurrent Cleanup for Next Mark
[2025-03-28T20:23:15.061+0530][gc,marking  ] GC(633) Concurrent Cleanup for Next Mark 1.650ms
[2025-03-28T20:23:15.061+0530][gc          ] GC(633) Concurrent Mark Cycle 238.205ms
[2025-03-28T20:23:15.127+0530][gc,start    ] GC(745) Pause Young (Normal) (G1 Evacuation Pause)
[2025-03-28T20:23:15.127+0530][gc,task     ] GC(745) Using 2 workers of 2 for evacuation
[2025-03-28T20:23:15.133+0530][gc,phases   ] GC(745)   Pre Evacuate Collection Set: 0.2ms
[2025-03-28T20:23:15.134+0530][gc,phases   ] GC(745)   Merge Heap Roots: 0.1ms
[2025-03-28T20:23:15.134+0530][gc,phases   ] GC(745)   Evacuate Collection Set: 5.8ms
[2025-03-28T20:23:15.134+0530][gc,phases   ] GC(745)   Post Evacuate Collection Set: 0.6ms
[2025-03-28T20:23:15.134+0530][gc,phases   ] GC(745)   Other: 0.1ms
[2025-03-28T20:23:15.134+0530][gc,heap     ] GC(745) Eden regions: 44->0(72)
[2025-03-28T20:23:15.134+0530][gc,heap     ] GC(745) Survivor regions: 7->2(7)
[2025-03-28T20:23:15.134+0530][gc,heap     ] GC(745) Old regions: 235->239
[2025-03-28T20:23:15.134+0530][gc,heap     ] GC(745) Archive regions: 2->2
[2025-03-28T20:23:15.134+0530][gc,heap     ] GC(745) Humongous regions: 151->151
[2025-03-28T20:23:15.134+0530][gc,metaspace] GC(745) Metaspace: 53365K(54016K)->53365K(54016K) NonClass: 47403K(47680K)->47403K(47680K) Class: 5962K(6336K)->5962K(6336K)
[2025-03-28T20:23:15.134+0530][gc          ] GC(745) Pause Young (Normal) (G1 Evacuation Pause) 437M->392M(1024M) 6.910ms
[2025-03-28T20:23:15.134+0530][gc,cpu      ] GC(745) User=0.01s Sys=0.00s Real=0.00s
[2025-03-28T20:23:18.487+0530][gc,start    ] GC(634) Pause Young (Prepare Mixed) (G1 Evacuation Pause)
[2025-03-28T20:23:18.487+0530][gc,task     ] GC(634) Using 2 workers of 2 for evacuation
[2025-03-28T20:23:18.492+0530][gc,phases   ] GC(634)   Pre Evacuate Collection Set: 0.5ms
[2025-03-28T20:23:18.492+0530][gc,phases   ] GC(634)   Merge Heap Roots: 0.2ms
[2025-03-28T20:23:18.492+0530][gc,phases   ] GC(634)   Evacuate Collection Set: 3.6ms
[2025-03-28T20:23:18.492+0530][gc,phases   ] GC(634)   Post Evacuate Collection Set: 0.7ms
[2025-03-28T20:23:18.492+0530][gc,phases   ] GC(634)   Other: 0.8ms
[2025-03-28T20:23:18.492+0530][gc,heap     ] GC(634) Eden regions: 42->0(50)
[2025-03-28T20:23:18.492+0530][gc,heap     ] GC(634) Survivor regions: 9->1(7)
[2025-03-28T20:23:18.492+0530][gc,heap     ] GC(634) Old regions: 53->53
[2025-03-28T20:23:18.492+0530][gc,heap     ] GC(634) Archive regions: 2->2
[2025-03-28T20:23:18.492+0530][gc,heap     ] GC(634) Humongous regions: 149->147
[2025-03-28T20:23:18.492+0530][gc,metaspace] GC(634) Metaspace: 53207K(53824K)->53207K(53824K) NonClass: 47283K(47552K)->47283K(47552K) Class: 5923K(6272K)->5923K(6272K)
[2025-03-28T20:23:18.492+0530][gc          ] GC(634) Pause Young (Prepare Mixed) (G1 Evacuation Pause) 252M->201M(1024M) 5.348ms
[2025-03-28T20:23:18.492+0530][gc,cpu      ] GC(634) User=0.01s Sys=0.00s Real=0.00s
[2025-03-28T20:23:18.578+0530][gc,start    ] GC(635) Pause Young (Mixed) (G1 Evacuation Pause)
[2025-03-28T20:23:18.578+0530][gc,task     ] GC(635) Using 2 workers of 2 for evacuation
[2025-03-28T20:23:18.588+0530][gc,phases   ] GC(635)   Pre Evacuate Collection Set: 0.5ms
[2025-03-28T20:23:18.588+0530][gc,phases   ] GC(635)   Merge Heap Roots: 0.2ms
[2025-03-28T20:23:18.588+0530][gc,phases   ] GC(635)   Evacuate Collection Set: 8.1ms
[2025-03-28T20:23:18.588+0530][gc,phases   ] GC(635)   Post Evacuate Collection Set: 0.9ms
[2025-03-28T20:23:18.588+0530][gc,phases   ] GC(635)   Other: 0.1ms
[2025-03-28T20:23:18.588+0530][gc,heap     ] GC(635) Eden regions: 50->0(57)
[2025-03-28T20:23:18.588+0530][gc,heap     ] GC(635) Survivor regions: 1->7(7)
[2025-03-28T20:23:18.588+0530][gc,heap     ] GC(635) Old regions: 53->49
[2025-03-28T20:23:18.588+0530][gc,heap     ] GC(635) Archive regions: 2->2
[2025-03-28T20:23:18.588+0530][gc,heap     ] GC(635) Humongous regions: 147->147
[2025-03-28T20:23:18.588+0530][gc,metaspace] GC(635) Metaspace: 53207K(53824K)->53207K(53824K) NonClass: 47283K(47552K)->47283K(47552K) Class: 5923K(6272K)->5923K(6272K)
[2025-03-28T20:23:18.588+0530][gc          ] GC(635) Pause Young (Mixed) (G1 Evacuation Pause) 251M->202M(1024M) 9.908ms
[2025-03-28T20:23:18.588+0530][gc,cpu      ] GC(635) User=0.02s Sys=0.00s Real=0.01s
[2025-03-28T20:23:18.646+0530][gc,start    ] GC(636) Pause Young (Concurrent Start) (G1 Humongous Allocation)
[2025-03-28T20:23:18.646+0530][gc,task     ] GC(636) Using 2 workers of 2 for evacuation
[2025-03-28T20:23:18.651+0530][gc,phases   ] GC(636)   Pre Evacuate Collection Set: 0.3ms
[2025-03-28T20:23:18.651+0530][gc,phases   ] GC(636)   Merge Heap Roots: 0.1ms
[2025-03-28T20:23:18.651+0530][gc,phases   ] GC(636)   Evacuate Collection Set: 4.3ms
[2025-03-28T20:23:18.651+0530][gc,phases   ] GC(636)   Post Evacuate Collection Set: 0.4ms
[2025-03-28T20:23:18.651+0530][gc,phases   ] GC(636)   Other: 0.2ms
[2025-03-28T20:23:18.651+0530][gc,heap     ] GC(636) Eden regions: 18->0(127)
[2025-03-28T20:23:18.651+0530][gc,heap     ] GC(636) Survivor regions: 7->2(8)
[2025-03-28T20:23:18.651+0530][gc,heap     ] GC(636) Old regions: 49->50
[2025-03-28T20:23:18.651+0530][gc,heap     ] GC(636) Archive regions: 2->2
[2025-03-28T20:23:18.651+0530][gc,heap     ] GC(636) Humongous regions: 147->147
[2025-03-28T20:23:18.651+0530][gc,metaspace] GC(636) Metaspace: 53207K(53824K)->53207K(53824K) NonClass: 47283K(47552K)->47283K(47552K) Class: 5923K(6272K)->5923K(6272K)
[2025-03-28T20:23:18.651+0530][gc          ] GC(636) Pause Young (Concurrent Start) (G1 Humongous Allocation) 220M->199M(1024M) 5.429ms
[2025-03-28T20:23:18.651+0530][gc,cpu      ] GC(636) User=0.01s Sys=0.00s Real=0.00s
[2025-03-28T20:23:18.651+0530][gc          ] GC(637) Concurrent Mark Cycle
[2025-03-28T20:23:18.651+0530][gc,marking  ] GC(637) Concurrent Clear Claimed Marks
[2025-03-28T20:23:18.651+0530][gc,marking  ] GC(637) Concurrent Clear Claimed Marks 0.085ms
[2025-03-28T20:23:18.651+0530][gc,marking  ] GC(637) Concurrent Scan Root Regions
[2025-03-28T20:23:18.654+0530][gc,marking  ] GC(637) Concurrent Scan Root Regions 2.923ms
[2025-03-28T20:23:18.654+0530][gc,marking  ] GC(637) Concurrent Mark
[2025-03-28T20:23:18.654+0530][gc,marking  ] GC(637) Concurrent Mark From Roots
[2025-03-28T20:23:18.654+0530][gc,task     ] GC(637) Using 1 workers of 1 for marking
[2025-03-28T20:23:18.713+0530][gc,marking  ] GC(637) Concurrent Mark From Roots 59.275ms
[2025-03-28T20:23:18.714+0530][gc,marking  ] GC(637) Concurrent Preclean
[2025-03-28T20:23:18.714+0530][gc,marking  ] GC(637) Concurrent Preclean 0.140ms
[2025-03-28T20:23:18.714+0530][gc,start    ] GC(637) Pause Remark
[2025-03-28T20:23:18.728+0530][gc          ] GC(637) Pause Remark 241M->240M(1024M) 14.165ms
[2025-03-28T20:23:18.728+0530][gc,cpu      ] GC(637) User=0.02s Sys=0.00s Real=0.02s
[2025-03-28T20:23:18.728+0530][gc,marking  ] GC(637) Concurrent Mark 74.213ms
[2025-03-28T20:23:18.728+0530][gc,marking  ] GC(637) Concurrent Rebuild Remembered Sets
[2025-03-28T20:23:18.764+0530][gc,marking  ] GC(637) Concurrent Rebuild Remembered Sets 35.301ms
[2025-03-28T20:23:18.764+0530][gc,start    ] GC(637) Pause Cleanup
[2025-03-28T20:23:18.764+0530][gc          ] GC(637) Pause Cleanup 240M->240M(1024M) 0.202ms
[2025-03-28T20:23:18.764+0530][gc,cpu      ] GC(637) User=0.00s Sys=0.00s Real=0.00s
[2025-03-28T20:23:18.764+0530][gc,marking  ] GC(637) Concurrent Cleanup for Next Mark
[2025-03-28T20:23:18.766+0530][gc,marking  ] GC(637) Concurrent Cleanup for Next Mark 1.785ms
[2025-03-28T20:23:18.766+0530][gc          ] GC(637) Concurrent Mark Cycle 114.943ms
[2025-03-28T20:23:29.625+0530][gc,start    ] GC(746) Pause Young (Normal) (G1 Evacuation Pause)
[2025-03-28T20:23:29.626+0530][gc,task     ] GC(746) Using 2 workers of 2 for evacuation
[2025-03-28T20:23:29.659+0530][gc,mmu      ] GC(746) MMU target violated: 21.0ms (20.0ms/21.0ms)
[2025-03-28T20:23:29.660+0530][gc,phases   ] GC(746)   Pre Evacuate Collection Set: 0.7ms
[2025-03-28T20:23:29.660+0530][gc,phases   ] GC(746)   Merge Heap Roots: 0.3ms
[2025-03-28T20:23:29.660+0530][gc,phases   ] GC(746)   Evacuate Collection Set: 31.4ms
[2025-03-28T20:23:29.660+0530][gc,phases   ] GC(746)   Post Evacuate Collection Set: 1.5ms
[2025-03-28T20:23:29.660+0530][gc,phases   ] GC(746)   Other: 0.4ms
[2025-03-28T20:23:29.660+0530][gc,heap     ] GC(746) Eden regions: 72->0(55)
[2025-03-28T20:23:29.660+0530][gc,heap     ] GC(746) Survivor regions: 2->4(10)
[2025-03-28T20:23:29.660+0530][gc,heap     ] GC(746) Old regions: 239->239
[2025-03-28T20:23:29.660+0530][gc,heap     ] GC(746) Archive regions: 2->2
[2025-03-28T20:23:29.660+0530][gc,heap     ] GC(746) Humongous regions: 151->147
[2025-03-28T20:23:29.660+0530][gc,metaspace] GC(746) Metaspace: 53374K(54016K)->53374K(54016K) NonClass: 47412K(47680K)->47412K(47680K) Class: 5962K(6336K)->5962K(6336K)
[2025-03-28T20:23:29.660+0530][gc          ] GC(746) Pause Young (Normal) (G1 Evacuation Pause) 464M->390M(1024M) 34.443ms
[2025-03-28T20:23:29.660+0530][gc,cpu      ] GC(746) User=0.04s Sys=0.01s Real=0.04s
[2025-03-28T20:23:29.752+0530][gc,start    ] GC(747) Pause Young (Normal) (G1 Evacuation Pause)
[2025-03-28T20:23:29.752+0530][gc,task     ] GC(747) Using 2 workers of 2 for evacuation
[2025-03-28T20:23:29.765+0530][gc,phases   ] GC(747)   Pre Evacuate Collection Set: 0.2ms
[2025-03-28T20:23:29.765+0530][gc,phases   ] GC(747)   Merge Heap Roots: 0.1ms
[2025-03-28T20:23:29.765+0530][gc,phases   ] GC(747)   Evacuate Collection Set: 11.3ms
[2025-03-28T20:23:29.765+0530][gc,phases   ] GC(747)   Post Evacuate Collection Set: 0.8ms
[2025-03-28T20:23:29.765+0530][gc,phases   ] GC(747)   Other: 0.2ms
[2025-03-28T20:23:29.765+0530][gc,heap     ] GC(747) Eden regions: 55->0(43)
[2025-03-28T20:23:29.765+0530][gc,heap     ] GC(747) Survivor regions: 4->8(8)
[2025-03-28T20:23:29.765+0530][gc,heap     ] GC(747) Old regions: 239->241
[2025-03-28T20:23:29.765+0530][gc,heap     ] GC(747) Archive regions: 2->2
[2025-03-28T20:23:29.765+0530][gc,heap     ] GC(747) Humongous regions: 147->147
[2025-03-28T20:23:29.765+0530][gc,metaspace] GC(747) Metaspace: 53374K(54016K)->53374K(54016K) NonClass: 47412K(47680K)->47412K(47680K) Class: 5962K(6336K)->5962K(6336K)
[2025-03-28T20:23:29.765+0530][gc          ] GC(747) Pause Young (Normal) (G1 Evacuation Pause) 445M->396M(1024M) 12.779ms
[2025-03-28T20:23:29.765+0530][gc,cpu      ] GC(747) User=0.01s Sys=0.00s Real=0.01s
[2025-03-28T20:23:29.826+0530][gc,start    ] GC(748) Pause Young (Normal) (G1 Evacuation Pause)
[2025-03-28T20:23:29.826+0530][gc,task     ] GC(748) Using 2 workers of 2 for evacuation
[2025-03-28T20:23:29.867+0530][gc,mmu      ] GC(748) MMU target violated: 21.0ms (20.0ms/21.0ms)
[2025-03-28T20:23:29.867+0530][gc,phases   ] GC(748)   Pre Evacuate Collection Set: 0.6ms
[2025-03-28T20:23:29.867+0530][gc,phases   ] GC(748)   Merge Heap Roots: 0.1ms
[2025-03-28T20:23:29.867+0530][gc,phases   ] GC(748)   Evacuate Collection Set: 37.2ms
[2025-03-28T20:23:29.867+0530][gc,phases   ] GC(748)   Post Evacuate Collection Set: 2.8ms
[2025-03-28T20:23:29.867+0530][gc,phases   ] GC(748)   Other: 0.2ms
[2025-03-28T20:23:29.867+0530][gc,heap     ] GC(748) Eden regions: 43->0(45)
[2025-03-28T20:23:29.867+0530][gc,heap     ] GC(748) Survivor regions: 8->6(7)
[2025-03-28T20:23:29.867+0530][gc,heap     ] GC(748) Old regions: 241->250
[2025-03-28T20:23:29.867+0530][gc,heap     ] GC(748) Archive regions: 2->2
[2025-03-28T20:23:29.867+0530][gc,heap     ] GC(748) Humongous regions: 147->147
[2025-03-28T20:23:29.867+0530][gc,metaspace] GC(748) Metaspace: 53374K(54016K)->53374K(54016K) NonClass: 47412K(47680K)->47412K(47680K) Class: 5962K(6336K)->5962K(6336K)
[2025-03-28T20:23:29.867+0530][gc          ] GC(748) Pause Young (Normal) (G1 Evacuation Pause) 439M->402M(1024M) 40.896ms
[2025-03-28T20:23:29.867+0530][gc,cpu      ] GC(748) User=0.03s Sys=0.00s Real=0.04s
[2025-03-28T20:23:29.960+0530][gc,start    ] GC(749) Pause Young (Normal) (G1 Evacuation Pause)
[2025-03-28T20:23:29.960+0530][gc,task     ] GC(749) Using 2 workers of 2 for evacuation
[2025-03-28T20:23:29.984+0530][gc,mmu      ] GC(749) MMU target violated: 21.0ms (20.0ms/21.0ms)
[2025-03-28T20:23:29.984+0530][gc,phases   ] GC(749)   Pre Evacuate Collection Set: 0.2ms
[2025-03-28T20:23:29.984+0530][gc,phases   ] GC(749)   Merge Heap Roots: 0.1ms
[2025-03-28T20:23:29.984+0530][gc,phases   ] GC(749)   Evacuate Collection Set: 22.9ms
[2025-03-28T20:23:29.984+0530][gc,phases   ] GC(749)   Post Evacuate Collection Set: 1.2ms
[2025-03-28T20:23:29.984+0530][gc,phases   ] GC(749)   Other: 0.2ms
[2025-03-28T20:23:29.984+0530][gc,heap     ] GC(749) Eden regions: 45->0(49)
[2025-03-28T20:23:29.984+0530][gc,heap     ] GC(749) Survivor regions: 6->2(7)
[2025-03-28T20:23:29.984+0530][gc,heap     ] GC(749) Old regions: 250->253
[2025-03-28T20:23:29.984+0530][gc,heap     ] GC(749) Archive regions: 2->2
[2025-03-28T20:23:29.984+0530][gc,heap     ] GC(749) Humongous regions: 149->149
[2025-03-28T20:23:29.984+0530][gc,metaspace] GC(749) Metaspace: 53374K(54016K)->53374K(54016K) NonClass: 47412K(47680K)->47412K(47680K) Class: 5962K(6336K)->5962K(6336K)
[2025-03-28T20:23:29.984+0530][gc          ] GC(749) Pause Young (Normal) (G1 Evacuation Pause) 449M->404M(1024M) 24.611ms
[2025-03-28T20:23:29.984+0530][gc,cpu      ] GC(749) User=0.03s Sys=0.00s Real=0.02s
[2025-03-28T20:23:30.093+0530][gc,start    ] GC(750) Pause Young (Normal) (G1 Evacuation Pause)
[2025-03-28T20:23:30.093+0530][gc,task     ] GC(750) Using 2 workers of 2 for evacuation
[2025-03-28T20:23:30.099+0530][gc,phases   ] GC(750)   Pre Evacuate Collection Set: 0.1ms
[2025-03-28T20:23:30.099+0530][gc,phases   ] GC(750)   Merge Heap Roots: 0.1ms
[2025-03-28T20:23:30.099+0530][gc,phases   ] GC(750)   Evacuate Collection Set: 5.5ms
[2025-03-28T20:23:30.099+0530][gc,phases   ] GC(750)   Post Evacuate Collection Set: 0.7ms
[2025-03-28T20:23:30.099+0530][gc,phases   ] GC(750)   Other: 0.1ms
[2025-03-28T20:23:30.099+0530][gc,heap     ] GC(750) Eden regions: 49->0(53)
[2025-03-28T20:23:30.099+0530][gc,heap     ] GC(750) Survivor regions: 2->3(7)
[2025-03-28T20:23:30.099+0530][gc,heap     ] GC(750) Old regions: 253->253
[2025-03-28T20:23:30.099+0530][gc,heap     ] GC(750) Archive regions: 2->2
[2025-03-28T20:23:30.099+0530][gc,heap     ] GC(750) Humongous regions: 151->149
[2025-03-28T20:23:30.099+0530][gc,metaspace] GC(750) Metaspace: 53378K(54016K)->53378K(54016K) NonClass: 47416K(47680K)->47416K(47680K) Class: 5962K(6336K)->5962K(6336K)
[2025-03-28T20:23:30.099+0530][gc          ] GC(750) Pause Young (Normal) (G1 Evacuation Pause) 455M->405M(1024M) 6.739ms
[2025-03-28T20:23:30.099+0530][gc,cpu      ] GC(750) User=0.01s Sys=0.00s Real=0.01s
[2025-03-28T20:23:33.614+0530][gc,start    ] GC(751) Pause Young (Normal) (G1 Evacuation Pause)
[2025-03-28T20:23:33.615+0530][gc,task     ] GC(751) Using 2 workers of 2 for evacuation
[2025-03-28T20:23:33.637+0530][gc,mmu      ] GC(751) MMU target violated: 21.0ms (20.0ms/21.0ms)
[2025-03-28T20:23:33.638+0530][gc,phases   ] GC(751)   Pre Evacuate Collection Set: 1.4ms
[2025-03-28T20:23:33.638+0530][gc,phases   ] GC(751)   Merge Heap Roots: 0.1ms
[2025-03-28T20:23:33.638+0530][gc,phases   ] GC(751)   Evacuate Collection Set: 20.8ms
[2025-03-28T20:23:33.638+0530][gc,phases   ] GC(751)   Post Evacuate Collection Set: 0.6ms
[2025-03-28T20:23:33.638+0530][gc,phases   ] GC(751)   Other: 0.2ms
[2025-03-28T20:23:33.638+0530][gc,heap     ] GC(751) Eden regions: 53->0(44)
[2025-03-28T20:23:33.638+0530][gc,heap     ] GC(751) Survivor regions: 3->7(7)
[2025-03-28T20:23:33.638+0530][gc,heap     ] GC(751) Old regions: 253->254
[2025-03-28T20:23:33.638+0530][gc,heap     ] GC(751) Archive regions: 2->2
[2025-03-28T20:23:33.638+0530][gc,heap     ] GC(751) Humongous regions: 149->147
[2025-03-28T20:23:33.638+0530][gc,metaspace] GC(751) Metaspace: 53384K(54016K)->53384K(54016K) NonClass: 47422K(47680K)->47422K(47680K) Class: 5962K(6336K)->5962K(6336K)
[2025-03-28T20:23:33.638+0530][gc          ] GC(751) Pause Young (Normal) (G1 Evacuation Pause) 458M->408M(1024M) 23.246ms
[2025-03-28T20:23:33.638+0530][gc,cpu      ] GC(751) User=0.03s Sys=0.00s Real=0.03s
[2025-03-28T20:23:33.697+0530][gc,start    ] GC(638) Pause Young (Prepare Mixed) (G1 Evacuation Pause)
[2025-03-28T20:23:33.697+0530][gc,task     ] GC(638) Using 2 workers of 2 for evacuation
[2025-03-28T20:23:33.705+0530][gc,phases   ] GC(638)   Pre Evacuate Collection Set: 0.2ms
[2025-03-28T20:23:33.705+0530][gc,phases   ] GC(638)   Merge Heap Roots: 0.1ms
[2025-03-28T20:23:33.705+0530][gc,phases   ] GC(638)   Evacuate Collection Set: 6.6ms
[2025-03-28T20:23:33.705+0530][gc,phases   ] GC(638)   Post Evacuate Collection Set: 0.6ms
[2025-03-28T20:23:33.705+0530][gc,phases   ] GC(638)   Other: 0.1ms
[2025-03-28T20:23:33.705+0530][gc,heap     ] GC(638) Eden regions: 127->0(47)
[2025-03-28T20:23:33.705+0530][gc,heap     ] GC(638) Survivor regions: 2->4(17)
[2025-03-28T20:23:33.705+0530][gc,heap     ] GC(638) Old regions: 49->49
[2025-03-28T20:23:33.705+0530][gc,heap     ] GC(638) Archive regions: 2->2
[2025-03-28T20:23:33.705+0530][gc,heap     ] GC(638) Humongous regions: 151->149
[2025-03-28T20:23:33.705+0530][gc,metaspace] GC(638) Metaspace: 53229K(53888K)->53229K(53888K) NonClass: 47306K(47616K)->47306K(47616K) Class: 5923K(6272K)->5923K(6272K)
[2025-03-28T20:23:33.705+0530][gc          ] GC(638) Pause Young (Prepare Mixed) (G1 Evacuation Pause) 329M->202M(1024M) 7.639ms
[2025-03-28T20:23:33.705+0530][gc,cpu      ] GC(638) User=0.01s Sys=0.01s Real=0.02s
[2025-03-28T20:23:33.718+0530][gc,start    ] GC(752) Pause Young (Normal) (G1 Evacuation Pause)
[2025-03-28T20:23:33.718+0530][gc,task     ] GC(752) Using 2 workers of 2 for evacuation
[2025-03-28T20:23:33.842+0530][gc,mmu      ] GC(752) MMU target violated: 21.0ms (20.0ms/21.0ms)
[2025-03-28T20:23:33.842+0530][gc,phases   ] GC(752)   Pre Evacuate Collection Set: 0.2ms
[2025-03-28T20:23:33.842+0530][gc,phases   ] GC(752)   Merge Heap Roots: 0.1ms
[2025-03-28T20:23:33.842+0530][gc,phases   ] GC(752)   Evacuate Collection Set: 121.5ms
[2025-03-28T20:23:33.842+0530][gc,phases   ] GC(752)   Post Evacuate Collection Set: 0.8ms
[2025-03-28T20:23:33.842+0530][gc,phases   ] GC(752)   Other: 0.9ms
[2025-03-28T20:23:33.842+0530][gc,heap     ] GC(752) Eden regions: 44->0(48)
[2025-03-28T20:23:33.842+0530][gc,heap     ] GC(752) Survivor regions: 7->3(7)
[2025-03-28T20:23:33.842+0530][gc,heap     ] GC(752) Old regions: 254->261
[2025-03-28T20:23:33.842+0530][gc,heap     ] GC(752) Archive regions: 2->2
[2025-03-28T20:23:33.842+0530][gc,heap     ] GC(752) Humongous regions: 149->149
[2025-03-28T20:23:33.842+0530][gc,metaspace] GC(752) Metaspace: 53384K(54016K)->53384K(54016K) NonClass: 47422K(47680K)->47422K(47680K) Class: 5962K(6336K)->5962K(6336K)
[2025-03-28T20:23:33.842+0530][gc          ] GC(752) Pause Young (Normal) (G1 Evacuation Pause) 454M->412M(1024M) 123.530ms
[2025-03-28T20:23:33.842+0530][gc,cpu      ] GC(752) User=0.02s Sys=0.02s Real=0.13s
[2025-03-28T20:23:34.672+0530][gc,start    ] GC(753) Pause Young (Normal) (G1 Evacuation Pause)
[2025-03-28T20:23:34.672+0530][gc,task     ] GC(753) Using 2 workers of 2 for evacuation
[2025-03-28T20:23:34.684+0530][gc,phases   ] GC(753)   Pre Evacuate Collection Set: 0.3ms
[2025-03-28T20:23:34.684+0530][gc,phases   ] GC(753)   Merge Heap Roots: 0.2ms
[2025-03-28T20:23:34.684+0530][gc,phases   ] GC(753)   Evacuate Collection Set: 11.0ms
[2025-03-28T20:23:34.684+0530][gc,phases   ] GC(753)   Post Evacuate Collection Set: 0.5ms
[2025-03-28T20:23:34.684+0530][gc,phases   ] GC(753)   Other: 0.2ms
[2025-03-28T20:23:34.684+0530][gc,heap     ] GC(753) Eden regions: 48->0(45)
[2025-03-28T20:23:34.684+0530][gc,heap     ] GC(753) Survivor regions: 3->6(7)
[2025-03-28T20:23:34.684+0530][gc,heap     ] GC(753) Old regions: 261->261
[2025-03-28T20:23:34.684+0530][gc,heap     ] GC(753) Archive regions: 2->2
[2025-03-28T20:23:34.684+0530][gc,heap     ] GC(753) Humongous regions: 149->147
[2025-03-28T20:23:34.684+0530][gc,metaspace] GC(753) Metaspace: 53385K(54016K)->53385K(54016K) NonClass: 47423K(47680K)->47423K(47680K) Class: 5962K(6336K)->5962K(6336K)
[2025-03-28T20:23:34.684+0530][gc          ] GC(753) Pause Young (Normal) (G1 Evacuation Pause) 460M->414M(1024M) 12.332ms
[2025-03-28T20:23:34.684+0530][gc,cpu      ] GC(753) User=0.01s Sys=0.00s Real=0.01s
[2025-03-28T20:23:34.756+0530][gc,start    ] GC(754) Pause Young (Normal) (G1 Evacuation Pause)
[2025-03-28T20:23:34.756+0530][gc,task     ] GC(754) Using 2 workers of 2 for evacuation
[2025-03-28T20:23:34.855+0530][gc,mmu      ] GC(754) MMU target violated: 21.0ms (20.0ms/21.0ms)
[2025-03-28T20:23:34.855+0530][gc,phases   ] GC(754)   Pre Evacuate Collection Set: 0.2ms
[2025-03-28T20:23:34.855+0530][gc,phases   ] GC(754)   Merge Heap Roots: 0.0ms
[2025-03-28T20:23:34.855+0530][gc,phases   ] GC(754)   Evacuate Collection Set: 97.4ms
[2025-03-28T20:23:34.855+0530][gc,phases   ] GC(754)   Post Evacuate Collection Set: 1.0ms
[2025-03-28T20:23:34.855+0530][gc,phases   ] GC(754)   Other: 0.2ms
[2025-03-28T20:23:34.855+0530][gc,heap     ] GC(754) Eden regions: 45->0(48)
[2025-03-28T20:23:34.855+0530][gc,heap     ] GC(754) Survivor regions: 6->3(7)
[2025-03-28T20:23:34.855+0530][gc,heap     ] GC(754) Old regions: 261->264
[2025-03-28T20:23:34.855+0530][gc,heap     ] GC(754) Archive regions: 2->2
[2025-03-28T20:23:34.855+0530][gc,heap     ] GC(754) Humongous regions: 149->149
[2025-03-28T20:23:34.855+0530][gc,metaspace] GC(754) Metaspace: 53385K(54016K)->53385K(54016K) NonClass: 47423K(47680K)->47423K(47680K) Class: 5962K(6336K)->5962K(6336K)
[2025-03-28T20:23:34.855+0530][gc          ] GC(754) Pause Young (Normal) (G1 Evacuation Pause) 461M->415M(1024M) 99.422ms
[2025-03-28T20:23:34.855+0530][gc,cpu      ] GC(754) User=0.03s Sys=0.01s Real=0.10s
[2025-03-28T20:23:38.549+0530][gc,start    ] GC(639) Pause Young (Mixed) (G1 Evacuation Pause)
[2025-03-28T20:23:38.550+0530][gc,task     ] GC(639) Using 2 workers of 2 for evacuation
[2025-03-28T20:23:38.558+0530][gc,phases   ] GC(639)   Pre Evacuate Collection Set: 0.2ms
[2025-03-28T20:23:38.558+0530][gc,phases   ] GC(639)   Merge Heap Roots: 0.1ms
[2025-03-28T20:23:38.558+0530][gc,phases   ] GC(639)   Evacuate Collection Set: 7.1ms
[2025-03-28T20:23:38.558+0530][gc,phases   ] GC(639)   Post Evacuate Collection Set: 0.9ms
[2025-03-28T20:23:38.558+0530][gc,phases   ] GC(639)   Other: 0.5ms
[2025-03-28T20:23:38.558+0530][gc,heap     ] GC(639) Eden regions: 47->0(212)
[2025-03-28T20:23:38.558+0530][gc,heap     ] GC(639) Survivor regions: 4->2(7)
[2025-03-28T20:23:38.558+0530][gc,heap     ] GC(639) Old regions: 49->47
[2025-03-28T20:23:38.558+0530][gc,heap     ] GC(639) Archive regions: 2->2
[2025-03-28T20:23:38.558+0530][gc,heap     ] GC(639) Humongous regions: 149->147
[2025-03-28T20:23:38.558+0530][gc,metaspace] GC(639) Metaspace: 53231K(53888K)->53231K(53888K) NonClass: 47307K(47616K)->47307K(47616K) Class: 5923K(6272K)->5923K(6272K)
[2025-03-28T20:23:38.558+0530][gc          ] GC(639) Pause Young (Mixed) (G1 Evacuation Pause) 249M->196M(1024M) 8.908ms
[2025-03-28T20:23:38.558+0530][gc,cpu      ] GC(639) User=0.02s Sys=0.00s Real=0.01s
[2025-03-28T20:23:38.708+0530][gc,start    ] GC(640) Pause Young (Concurrent Start) (G1 Humongous Allocation)
[2025-03-28T20:23:38.708+0530][gc,task     ] GC(640) Using 2 workers of 2 for evacuation
[2025-03-28T20:23:38.719+0530][gc,phases   ] GC(640)   Pre Evacuate Collection Set: 0.3ms
[2025-03-28T20:23:38.719+0530][gc,phases   ] GC(640)   Merge Heap Roots: 0.1ms
[2025-03-28T20:23:38.719+0530][gc,phases   ] GC(640)   Evacuate Collection Set: 9.8ms
[2025-03-28T20:23:38.719+0530][gc,phases   ] GC(640)   Post Evacuate Collection Set: 0.6ms
[2025-03-28T20:23:38.719+0530][gc,phases   ] GC(640)   Other: 0.2ms
[2025-03-28T20:23:38.719+0530][gc,heap     ] GC(640) Eden regions: 59->0(179)
[2025-03-28T20:23:38.719+0530][gc,heap     ] GC(640) Survivor regions: 2->3(27)
[2025-03-28T20:23:38.719+0530][gc,heap     ] GC(640) Old regions: 47->47
[2025-03-28T20:23:38.719+0530][gc,heap     ] GC(640) Archive regions: 2->2
[2025-03-28T20:23:38.719+0530][gc,heap     ] GC(640) Humongous regions: 147->147
[2025-03-28T20:23:38.719+0530][gc,metaspace] GC(640) Metaspace: 53231K(53888K)->53231K(53888K) NonClass: 47307K(47616K)->47307K(47616K) Class: 5923K(6272K)->5923K(6272K)
[2025-03-28T20:23:38.719+0530][gc          ] GC(640) Pause Young (Concurrent Start) (G1 Humongous Allocation) 255M->197M(1024M) 11.227ms
[2025-03-28T20:23:38.719+0530][gc,cpu      ] GC(640) User=0.02s Sys=0.00s Real=0.01s
[2025-03-28T20:23:38.719+0530][gc          ] GC(641) Concurrent Mark Cycle
[2025-03-28T20:23:38.719+0530][gc,marking  ] GC(641) Concurrent Clear Claimed Marks
[2025-03-28T20:23:38.720+0530][gc,marking  ] GC(641) Concurrent Clear Claimed Marks 0.111ms
[2025-03-28T20:23:38.720+0530][gc,marking  ] GC(641) Concurrent Scan Root Regions
[2025-03-28T20:23:38.726+0530][gc,marking  ] GC(641) Concurrent Scan Root Regions 5.889ms
[2025-03-28T20:23:38.726+0530][gc,marking  ] GC(641) Concurrent Mark
[2025-03-28T20:23:38.726+0530][gc,marking  ] GC(641) Concurrent Mark From Roots
[2025-03-28T20:23:38.726+0530][gc,task     ] GC(641) Using 1 workers of 1 for marking
[2025-03-28T20:23:38.816+0530][gc,marking  ] GC(641) Concurrent Mark From Roots 90.736ms
[2025-03-28T20:23:38.816+0530][gc,marking  ] GC(641) Concurrent Preclean
[2025-03-28T20:23:38.817+0530][gc,marking  ] GC(641) Concurrent Preclean 0.195ms
[2025-03-28T20:23:39.074+0530][gc,start    ] GC(641) Pause Remark
[2025-03-28T20:23:39.115+0530][gc,mmu      ] GC(641) MMU target violated: 21.0ms (20.0ms/21.0ms)
[2025-03-28T20:23:39.115+0530][gc          ] GC(641) Pause Remark 239M->239M(1024M) 41.885ms
[2025-03-28T20:23:39.115+0530][gc,cpu      ] GC(641) User=0.02s Sys=0.00s Real=0.05s
[2025-03-28T20:23:39.117+0530][gc,marking  ] GC(641) Concurrent Mark 391.151ms
[2025-03-28T20:23:39.117+0530][gc,marking  ] GC(641) Concurrent Rebuild Remembered Sets
[2025-03-28T20:23:39.165+0530][gc,marking  ] GC(641) Concurrent Rebuild Remembered Sets 48.578ms
[2025-03-28T20:23:39.165+0530][gc,start    ] GC(641) Pause Cleanup
[2025-03-28T20:23:39.166+0530][gc          ] GC(641) Pause Cleanup 239M->239M(1024M) 0.300ms
[2025-03-28T20:23:39.166+0530][gc,cpu      ] GC(641) User=0.00s Sys=0.00s Real=0.00s
[2025-03-28T20:23:39.166+0530][gc,marking  ] GC(641) Concurrent Cleanup for Next Mark
[2025-03-28T20:23:39.168+0530][gc,marking  ] GC(641) Concurrent Cleanup for Next Mark 2.434ms
[2025-03-28T20:23:39.168+0530][gc          ] GC(641) Concurrent Mark Cycle 448.845ms
[2025-03-28T20:23:43.576+0530][gc,start    ] GC(642) Pause Young (Prepare Mixed) (G1 Evacuation Pause)
[2025-03-28T20:23:43.576+0530][gc,task     ] GC(642) Using 2 workers of 2 for evacuation
[2025-03-28T20:23:43.592+0530][gc,phases   ] GC(642)   Pre Evacuate Collection Set: 0.3ms
[2025-03-28T20:23:43.592+0530][gc,phases   ] GC(642)   Merge Heap Roots: 0.1ms
[2025-03-28T20:23:43.592+0530][gc,phases   ] GC(642)   Evacuate Collection Set: 15.2ms
[2025-03-28T20:23:43.592+0530][gc,phases   ] GC(642)   Post Evacuate Collection Set: 0.7ms
[2025-03-28T20:23:43.592+0530][gc,phases   ] GC(642)   Other: 0.1ms
[2025-03-28T20:23:43.592+0530][gc,heap     ] GC(642) Eden regions: 202->0(36)
[2025-03-28T20:23:43.592+0530][gc,heap     ] GC(642) Survivor regions: 3->15(26)
[2025-03-28T20:23:43.592+0530][gc,heap     ] GC(642) Old regions: 47->47
[2025-03-28T20:23:43.592+0530][gc,heap     ] GC(642) Archive regions: 2->2
[2025-03-28T20:23:43.592+0530][gc,heap     ] GC(642) Humongous regions: 151->147
[2025-03-28T20:23:43.592+0530][gc,metaspace] GC(642) Metaspace: 53233K(53952K)->53233K(53952K) NonClass: 47309K(47680K)->47309K(47680K) Class: 5923K(6272K)->5923K(6272K)
[2025-03-28T20:23:43.592+0530][gc          ] GC(642) Pause Young (Prepare Mixed) (G1 Evacuation Pause) 403M->209M(1024M) 16.490ms
[2025-03-28T20:23:43.592+0530][gc,cpu      ] GC(642) User=0.03s Sys=0.01s Real=0.00s
[2025-03-28T20:23:43.625+0530][gc,start    ] GC(643) Pause Young (Mixed) (G1 Evacuation Pause)
[2025-03-28T20:23:43.625+0530][gc,task     ] GC(643) Using 2 workers of 2 for evacuation
[2025-03-28T20:23:43.678+0530][gc,mmu      ] GC(643) MMU target violated: 21.0ms (20.0ms/21.0ms)
[2025-03-28T20:23:43.678+0530][gc,phases   ] GC(643)   Pre Evacuate Collection Set: 0.3ms
[2025-03-28T20:23:43.678+0530][gc,phases   ] GC(643)   Merge Heap Roots: 0.3ms
[2025-03-28T20:23:43.678+0530][gc,phases   ] GC(643)   Evacuate Collection Set: 52.5ms
[2025-03-28T20:23:43.678+0530][gc,phases   ] GC(643)   Post Evacuate Collection Set: 0.4ms
[2025-03-28T20:23:43.678+0530][gc,phases   ] GC(643)   Other: 0.3ms
[2025-03-28T20:23:43.678+0530][gc,heap     ] GC(643) Eden regions: 36->0(85)
[2025-03-28T20:23:43.678+0530][gc,heap     ] GC(643) Survivor regions: 15->5(7)
[2025-03-28T20:23:43.678+0530][gc,heap     ] GC(643) Old regions: 47->59
[2025-03-28T20:23:43.678+0530][gc,heap     ] GC(643) Archive regions: 2->2
[2025-03-28T20:23:43.678+0530][gc,heap     ] GC(643) Humongous regions: 147->147
[2025-03-28T20:23:43.678+0530][gc,metaspace] GC(643) Metaspace: 53235K(53952K)->53235K(53952K) NonClass: 47311K(47680K)->47311K(47680K) Class: 5923K(6272K)->5923K(6272K)
[2025-03-28T20:23:43.678+0530][gc          ] GC(643) Pause Young (Mixed) (G1 Evacuation Pause) 245M->211M(1024M) 53.839ms
[2025-03-28T20:23:43.678+0530][gc,cpu      ] GC(643) User=0.04s Sys=0.01s Real=0.06s
[2025-03-28T20:23:43.729+0530][gc,start    ] GC(644) Pause Young (Concurrent Start) (G1 Humongous Allocation)
[2025-03-28T20:23:43.729+0530][gc,task     ] GC(644) Using 2 workers of 2 for evacuation
[2025-03-28T20:23:43.739+0530][gc,phases   ] GC(644)   Pre Evacuate Collection Set: 0.2ms
[2025-03-28T20:23:43.739+0530][gc,phases   ] GC(644)   Merge Heap Roots: 0.1ms
[2025-03-28T20:23:43.739+0530][gc,phases   ] GC(644)   Evacuate Collection Set: 9.1ms
[2025-03-28T20:23:43.739+0530][gc,phases   ] GC(644)   Post Evacuate Collection Set: 0.7ms
[2025-03-28T20:23:43.739+0530][gc,phases   ] GC(644)   Other: 0.2ms
[2025-03-28T20:23:43.739+0530][gc,heap     ] GC(644) Eden regions: 38->0(42)
[2025-03-28T20:23:43.739+0530][gc,heap     ] GC(644) Survivor regions: 5->9(12)
[2025-03-28T20:23:43.739+0530][gc,heap     ] GC(644) Old regions: 59->59
[2025-03-28T20:23:43.739+0530][gc,heap     ] GC(644) Archive regions: 2->2
[2025-03-28T20:23:43.739+0530][gc,heap     ] GC(644) Humongous regions: 147->147
[2025-03-28T20:23:43.739+0530][gc,metaspace] GC(644) Metaspace: 53235K(53952K)->53235K(53952K) NonClass: 47311K(47680K)->47311K(47680K) Class: 5923K(6272K)->5923K(6272K)
[2025-03-28T20:23:43.739+0530][gc          ] GC(644) Pause Young (Concurrent Start) (G1 Humongous Allocation) 248M->214M(1024M) 10.348ms
[2025-03-28T20:23:43.739+0530][gc,cpu      ] GC(644) User=0.02s Sys=0.01s Real=0.01s
[2025-03-28T20:23:43.739+0530][gc          ] GC(645) Concurrent Mark Cycle
[2025-03-28T20:23:43.739+0530][gc,marking  ] GC(645) Concurrent Clear Claimed Marks
[2025-03-28T20:23:43.739+0530][gc,marking  ] GC(645) Concurrent Clear Claimed Marks 0.089ms
[2025-03-28T20:23:43.739+0530][gc,marking  ] GC(645) Concurrent Scan Root Regions
[2025-03-28T20:23:43.769+0530][gc,marking  ] GC(645) Concurrent Scan Root Regions 29.139ms
[2025-03-28T20:23:43.769+0530][gc,marking  ] GC(645) Concurrent Mark
[2025-03-28T20:23:43.769+0530][gc,marking  ] GC(645) Concurrent Mark From Roots
[2025-03-28T20:23:43.769+0530][gc,task     ] GC(645) Using 1 workers of 1 for marking
[2025-03-28T20:23:43.769+0530][gc,start    ] GC(646) Pause Young (Normal) (G1 Evacuation Pause)
[2025-03-28T20:23:43.769+0530][gc,task     ] GC(646) Using 2 workers of 2 for evacuation
[2025-03-28T20:23:43.812+0530][gc,mmu      ] GC(646) MMU target violated: 21.0ms (20.0ms/21.0ms)
[2025-03-28T20:23:43.812+0530][gc,phases   ] GC(646)   Pre Evacuate Collection Set: 0.2ms
[2025-03-28T20:23:43.812+0530][gc,phases   ] GC(646)   Merge Heap Roots: 0.1ms
[2025-03-28T20:23:43.812+0530][gc,phases   ] GC(646)   Evacuate Collection Set: 42.9ms
[2025-03-28T20:23:43.812+0530][gc,phases   ] GC(646)   Post Evacuate Collection Set: 0.4ms
[2025-03-28T20:23:43.812+0530][gc,phases   ] GC(646)   Other: 0.2ms
[2025-03-28T20:23:43.812+0530][gc,heap     ] GC(646) Eden regions: 42->0(107)
[2025-03-28T20:23:43.812+0530][gc,heap     ] GC(646) Survivor regions: 9->1(7)
[2025-03-28T20:23:43.812+0530][gc,heap     ] GC(646) Old regions: 59->67
[2025-03-28T20:23:43.812+0530][gc,heap     ] GC(646) Archive regions: 2->2
[2025-03-28T20:23:43.812+0530][gc,heap     ] GC(646) Humongous regions: 151->151
[2025-03-28T20:23:43.812+0530][gc,metaspace] GC(646) Metaspace: 53235K(53952K)->53235K(53952K) NonClass: 47311K(47680K)->47311K(47680K) Class: 5923K(6272K)->5923K(6272K)
[2025-03-28T20:23:43.812+0530][gc          ] GC(646) Pause Young (Normal) (G1 Evacuation Pause) 260M->219M(1024M) 43.732ms
[2025-03-28T20:23:43.812+0530][gc,cpu      ] GC(646) User=0.02s Sys=0.01s Real=0.04s
[2025-03-28T20:23:43.890+0530][gc,marking  ] GC(645) Concurrent Mark From Roots 121.513ms
[2025-03-28T20:23:43.890+0530][gc,marking  ] GC(645) Concurrent Preclean
[2025-03-28T20:23:43.890+0530][gc,marking  ] GC(645) Concurrent Preclean 0.125ms
[2025-03-28T20:23:43.890+0530][gc,start    ] GC(645) Pause Remark
[2025-03-28T20:23:43.903+0530][gc          ] GC(645) Pause Remark 258M->254M(1024M) 12.785ms
[2025-03-28T20:23:43.903+0530][gc,cpu      ] GC(645) User=0.02s Sys=0.00s Real=0.02s
[2025-03-28T20:23:43.903+0530][gc,marking  ] GC(645) Concurrent Mark 134.703ms
[2025-03-28T20:23:43.903+0530][gc,marking  ] GC(645) Concurrent Rebuild Remembered Sets
[2025-03-28T20:23:43.946+0530][gc,marking  ] GC(645) Concurrent Rebuild Remembered Sets 42.408ms
[2025-03-28T20:23:43.946+0530][gc,start    ] GC(645) Pause Cleanup
[2025-03-28T20:23:43.946+0530][gc          ] GC(645) Pause Cleanup 254M->254M(1024M) 0.187ms
[2025-03-28T20:23:43.946+0530][gc,cpu      ] GC(645) User=0.00s Sys=0.00s Real=0.00s
[2025-03-28T20:23:43.946+0530][gc,marking  ] GC(645) Concurrent Cleanup for Next Mark
[2025-03-28T20:23:43.948+0530][gc,marking  ] GC(645) Concurrent Cleanup for Next Mark 2.027ms
[2025-03-28T20:23:43.948+0530][gc          ] GC(645) Concurrent Mark Cycle 208.848ms
[2025-03-28T20:23:48.584+0530][gc,start    ] GC(647) Pause Young (Prepare Mixed) (G1 Evacuation Pause)
[2025-03-28T20:23:48.584+0530][gc,task     ] GC(647) Using 2 workers of 2 for evacuation
[2025-03-28T20:23:48.593+0530][gc,phases   ] GC(647)   Pre Evacuate Collection Set: 0.2ms
[2025-03-28T20:23:48.593+0530][gc,phases   ] GC(647)   Merge Heap Roots: 0.1ms
[2025-03-28T20:23:48.593+0530][gc,phases   ] GC(647)   Evacuate Collection Set: 8.2ms
[2025-03-28T20:23:48.593+0530][gc,phases   ] GC(647)   Post Evacuate Collection Set: 0.6ms
[2025-03-28T20:23:48.593+0530][gc,phases   ] GC(647)   Other: 0.1ms
[2025-03-28T20:23:48.593+0530][gc,heap     ] GC(647) Eden regions: 107->0(43)
[2025-03-28T20:23:48.593+0530][gc,heap     ] GC(647) Survivor regions: 1->8(14)
[2025-03-28T20:23:48.593+0530][gc,heap     ] GC(647) Old regions: 63->63
[2025-03-28T20:23:48.593+0530][gc,heap     ] GC(647) Archive regions: 2->2
[2025-03-28T20:23:48.593+0530][gc,heap     ] GC(647) Humongous regions: 151->149
[2025-03-28T20:23:48.593+0530][gc,metaspace] GC(647) Metaspace: 53240K(53952K)->53240K(53952K) NonClass: 47316K(47680K)->47316K(47680K) Class: 5923K(6272K)->5923K(6272K)
[2025-03-28T20:23:48.593+0530][gc          ] GC(647) Pause Young (Prepare Mixed) (G1 Evacuation Pause) 322M->220M(1024M) 9.334ms
[2025-03-28T20:23:48.593+0530][gc,cpu      ] GC(647) User=0.02s Sys=0.00s Real=0.01s
[2025-03-28T20:23:49.633+0530][gc,start    ] GC(755) Pause Young (Normal) (G1 Evacuation Pause)
[2025-03-28T20:23:49.634+0530][gc,task     ] GC(755) Using 2 workers of 2 for evacuation
[2025-03-28T20:23:49.656+0530][gc,mmu      ] GC(755) MMU target violated: 21.0ms (20.0ms/21.0ms)
[2025-03-28T20:23:49.656+0530][gc,phases   ] GC(755)   Pre Evacuate Collection Set: 1.1ms
[2025-03-28T20:23:49.656+0530][gc,phases   ] GC(755)   Merge Heap Roots: 1.0ms
[2025-03-28T20:23:49.656+0530][gc,phases   ] GC(755)   Evacuate Collection Set: 19.2ms
[2025-03-28T20:23:49.656+0530][gc,phases   ] GC(755)   Post Evacuate Collection Set: 0.7ms
[2025-03-28T20:23:49.656+0530][gc,phases   ] GC(755)   Other: 1.4ms
[2025-03-28T20:23:49.657+0530][gc,heap     ] GC(755) Eden regions: 48->0(49)
[2025-03-28T20:23:49.657+0530][gc,heap     ] GC(755) Survivor regions: 3->2(7)
[2025-03-28T20:23:49.657+0530][gc,heap     ] GC(755) Old regions: 264->264
[2025-03-28T20:23:49.657+0530][gc,heap     ] GC(755) Archive regions: 2->2
[2025-03-28T20:23:49.657+0530][gc,heap     ] GC(755) Humongous regions: 149->147
[2025-03-28T20:23:49.657+0530][gc,metaspace] GC(755) Metaspace: 53394K(54080K)->53394K(54080K) NonClass: 47432K(47744K)->47432K(47744K) Class: 5962K(6336K)->5962K(6336K)
[2025-03-28T20:23:49.657+0530][gc          ] GC(755) Pause Young (Normal) (G1 Evacuation Pause) 463M->413M(1024M) 23.450ms
[2025-03-28T20:23:49.657+0530][gc,cpu      ] GC(755) User=0.03s Sys=0.00s Real=0.02s
[2025-03-28T20:23:49.718+0530][gc,start    ] GC(756) Pause Young (Normal) (G1 Evacuation Pause)
[2025-03-28T20:23:49.718+0530][gc,task     ] GC(756) Using 2 workers of 2 for evacuation
[2025-03-28T20:23:49.747+0530][gc,mmu      ] GC(756) MMU target violated: 21.0ms (20.0ms/21.0ms)
[2025-03-28T20:23:49.747+0530][gc,phases   ] GC(756)   Pre Evacuate Collection Set: 0.2ms
[2025-03-28T20:23:49.747+0530][gc,phases   ] GC(756)   Merge Heap Roots: 0.1ms
[2025-03-28T20:23:49.747+0530][gc,phases   ] GC(756)   Evacuate Collection Set: 27.4ms
[2025-03-28T20:23:49.747+0530][gc,phases   ] GC(756)   Post Evacuate Collection Set: 0.5ms
[2025-03-28T20:23:49.747+0530][gc,phases   ] GC(756)   Other: 0.7ms
[2025-03-28T20:23:49.747+0530][gc,heap     ] GC(756) Eden regions: 49->0(44)
[2025-03-28T20:23:49.747+0530][gc,heap     ] GC(756) Survivor regions: 2->7(7)
[2025-03-28T20:23:49.747+0530][gc,heap     ] GC(756) Old regions: 264->264
[2025-03-28T20:23:49.747+0530][gc,heap     ] GC(756) Archive regions: 2->2
[2025-03-28T20:23:49.747+0530][gc,heap     ] GC(756) Humongous regions: 147->147
[2025-03-28T20:23:49.747+0530][gc,metaspace] GC(756) Metaspace: 53394K(54080K)->53394K(54080K) NonClass: 47432K(47744K)->47432K(47744K) Class: 5962K(6336K)->5962K(6336K)
[2025-03-28T20:23:49.747+0530][gc          ] GC(756) Pause Young (Normal) (G1 Evacuation Pause) 462M->418M(1024M) 28.971ms
[2025-03-28T20:23:49.747+0530][gc,cpu      ] GC(756) User=0.02s Sys=0.00s Real=0.04s
[2025-03-28T20:23:49.805+0530][gc,start    ] GC(757) Pause Young (Normal) (G1 Evacuation Pause)
[2025-03-28T20:23:49.805+0530][gc,task     ] GC(757) Using 2 workers of 2 for evacuation
[2025-03-28T20:23:49.957+0530][gc,mmu      ] GC(757) MMU target violated: 21.0ms (20.0ms/21.0ms)
[2025-03-28T20:23:49.957+0530][gc,phases   ] GC(757)   Pre Evacuate Collection Set: 0.3ms
[2025-03-28T20:23:49.957+0530][gc,phases   ] GC(757)   Merge Heap Roots: 0.1ms
[2025-03-28T20:23:49.957+0530][gc,phases   ] GC(757)   Evacuate Collection Set: 148.7ms
[2025-03-28T20:23:49.957+0530][gc,phases   ] GC(757)   Post Evacuate Collection Set: 1.1ms
[2025-03-28T20:23:49.957+0530][gc,phases   ] GC(757)   Other: 1.1ms
[2025-03-28T20:23:49.957+0530][gc,heap     ] GC(757) Eden regions: 44->0(45)
[2025-03-28T20:23:49.957+0530][gc,heap     ] GC(757) Survivor regions: 7->6(7)
[2025-03-28T20:23:49.957+0530][gc,heap     ] GC(757) Old regions: 264->271
[2025-03-28T20:23:49.957+0530][gc,heap     ] GC(757) Archive regions: 2->2
[2025-03-28T20:23:49.957+0530][gc,heap     ] GC(757) Humongous regions: 147->147
[2025-03-28T20:23:49.957+0530][gc,metaspace] GC(757) Metaspace: 53394K(54080K)->53394K(54080K) NonClass: 47432K(47744K)->47432K(47744K) Class: 5962K(6336K)->5962K(6336K)
[2025-03-28T20:23:49.957+0530][gc          ] GC(757) Pause Young (Normal) (G1 Evacuation Pause) 462M->423M(1024M) 151.361ms
[2025-03-28T20:23:49.957+0530][gc,cpu      ] GC(757) User=0.02s Sys=0.02s Real=0.15s
[2025-03-28T20:23:50.038+0530][gc,start    ] GC(758) Pause Young (Normal) (G1 Evacuation Pause)
[2025-03-28T20:23:50.038+0530][gc,task     ] GC(758) Using 2 workers of 2 for evacuation
[2025-03-28T20:23:50.097+0530][gc,mmu      ] GC(758) MMU target violated: 21.0ms (20.0ms/21.0ms)
[2025-03-28T20:23:50.097+0530][gc,phases   ] GC(758)   Pre Evacuate Collection Set: 0.3ms
[2025-03-28T20:23:50.097+0530][gc,phases   ] GC(758)   Merge Heap Roots: 0.1ms
[2025-03-28T20:23:50.097+0530][gc,phases   ] GC(758)   Evacuate Collection Set: 58.1ms
[2025-03-28T20:23:50.097+0530][gc,phases   ] GC(758)   Post Evacuate Collection Set: 0.4ms
[2025-03-28T20:23:50.097+0530][gc,phases   ] GC(758)   Other: 0.2ms
[2025-03-28T20:23:50.097+0530][gc,heap     ] GC(758) Eden regions: 45->0(46)
[2025-03-28T20:23:50.097+0530][gc,heap     ] GC(758) Survivor regions: 6->5(7)
[2025-03-28T20:23:50.097+0530][gc,heap     ] GC(758) Old regions: 271->274
[2025-03-28T20:23:50.097+0530][gc,heap     ] GC(758) Archive regions: 2->2
[2025-03-28T20:23:50.097+0530][gc,heap     ] GC(758) Humongous regions: 149->149
[2025-03-28T20:23:50.097+0530][gc,metaspace] GC(758) Metaspace: 53394K(54080K)->53394K(54080K) NonClass: 47432K(47744K)->47432K(47744K) Class: 5962K(6336K)->5962K(6336K)
[2025-03-28T20:23:50.097+0530][gc          ] GC(758) Pause Young (Normal) (G1 Evacuation Pause) 470M->428M(1024M) 59.169ms
[2025-03-28T20:23:50.097+0530][gc,cpu      ] GC(758) User=0.02s Sys=0.01s Real=0.06s
[2025-03-28T20:23:50.150+0530][gc,start    ] GC(759) Pause Young (Normal) (G1 Evacuation Pause)
[2025-03-28T20:23:50.150+0530][gc,task     ] GC(759) Using 2 workers of 2 for evacuation
[2025-03-28T20:23:50.219+0530][gc,mmu      ] GC(759) MMU target violated: 21.0ms (20.0ms/21.0ms)
[2025-03-28T20:23:50.219+0530][gc,phases   ] GC(759)   Pre Evacuate Collection Set: 0.2ms
[2025-03-28T20:23:50.219+0530][gc,phases   ] GC(759)   Merge Heap Roots: 0.1ms
[2025-03-28T20:23:50.219+0530][gc,phases   ] GC(759)   Evacuate Collection Set: 68.0ms
[2025-03-28T20:23:50.219+0530][gc,phases   ] GC(759)   Post Evacuate Collection Set: 1.2ms
[2025-03-28T20:23:50.219+0530][gc,phases   ] GC(759)   Other: 0.2ms
[2025-03-28T20:23:50.219+0530][gc,heap     ] GC(759) Eden regions: 46->0(50)
[2025-03-28T20:23:50.219+0530][gc,heap     ] GC(759) Survivor regions: 5->1(7)
[2025-03-28T20:23:50.219+0530][gc,heap     ] GC(759) Old regions: 274->279
[2025-03-28T20:23:50.219+0530][gc,heap     ] GC(759) Archive regions: 2->2
[2025-03-28T20:23:50.219+0530][gc,heap     ] GC(759) Humongous regions: 151->149
[2025-03-28T20:23:50.219+0530][gc,metaspace] GC(759) Metaspace: 53397K(54144K)->53397K(54144K) NonClass: 47435K(47808K)->47435K(47808K) Class: 5962K(6336K)->5962K(6336K)
[2025-03-28T20:23:50.219+0530][gc          ] GC(759) Pause Young (Normal) (G1 Evacuation Pause) 476M->429M(1024M) 69.678ms
[2025-03-28T20:23:50.219+0530][gc,cpu      ] GC(759) User=0.01s Sys=0.01s Real=0.07s
[2025-03-28T20:23:53.467+0530][gc,start    ] GC(648) Pause Young (Mixed) (G1 Evacuation Pause)
[2025-03-28T20:23:53.467+0530][gc,task     ] GC(648) Using 2 workers of 2 for evacuation
[2025-03-28T20:23:53.479+0530][gc,phases   ] GC(648)   Pre Evacuate Collection Set: 0.3ms
[2025-03-28T20:23:53.479+0530][gc,phases   ] GC(648)   Merge Heap Roots: 0.2ms
[2025-03-28T20:23:53.479+0530][gc,phases   ] GC(648)   Evacuate Collection Set: 9.6ms
[2025-03-28T20:23:53.479+0530][gc,phases   ] GC(648)   Post Evacuate Collection Set: 1.4ms
[2025-03-28T20:23:53.479+0530][gc,phases   ] GC(648)   Other: 0.3ms
[2025-03-28T20:23:53.479+0530][gc,heap     ] GC(648) Eden regions: 43->0(99)
[2025-03-28T20:23:53.479+0530][gc,heap     ] GC(648) Survivor regions: 8->1(7)
[2025-03-28T20:23:53.479+0530][gc,heap     ] GC(648) Old regions: 63->59
[2025-03-28T20:23:53.479+0530][gc,heap     ] GC(648) Archive regions: 2->2
[2025-03-28T20:23:53.479+0530][gc,heap     ] GC(648) Humongous regions: 151->149
[2025-03-28T20:23:53.479+0530][gc,metaspace] GC(648) Metaspace: 53240K(53952K)->53240K(53952K) NonClass: 47316K(47680K)->47316K(47680K) Class: 5923K(6272K)->5923K(6272K)
[2025-03-28T20:23:53.479+0530][gc          ] GC(648) Pause Young (Mixed) (G1 Evacuation Pause) 265M->209M(1024M) 12.009ms
[2025-03-28T20:23:53.479+0530][gc,cpu      ] GC(648) User=0.02s Sys=0.00s Real=0.01s
[2025-03-28T20:23:53.546+0530][gc,start    ] GC(760) Pause Young (Normal) (G1 Evacuation Pause)
[2025-03-28T20:23:53.547+0530][gc,task     ] GC(760) Using 2 workers of 2 for evacuation
[2025-03-28T20:23:53.555+0530][gc,phases   ] GC(760)   Pre Evacuate Collection Set: 0.4ms
[2025-03-28T20:23:53.555+0530][gc,phases   ] GC(760)   Merge Heap Roots: 0.1ms
[2025-03-28T20:23:53.555+0530][gc,phases   ] GC(760)   Evacuate Collection Set: 7.3ms
[2025-03-28T20:23:53.555+0530][gc,phases   ] GC(760)   Post Evacuate Collection Set: 0.4ms
[2025-03-28T20:23:53.555+0530][gc,phases   ] GC(760)   Other: 0.2ms
[2025-03-28T20:23:53.555+0530][gc,heap     ] GC(760) Eden regions: 50->0(48)
[2025-03-28T20:23:53.555+0530][gc,heap     ] GC(760) Survivor regions: 1->3(7)
[2025-03-28T20:23:53.555+0530][gc,heap     ] GC(760) Old regions: 279->279
[2025-03-28T20:23:53.555+0530][gc,heap     ] GC(760) Archive regions: 2->2
[2025-03-28T20:23:53.555+0530][gc,heap     ] GC(760) Humongous regions: 149->147
[2025-03-28T20:23:53.555+0530][gc,metaspace] GC(760) Metaspace: 53397K(54144K)->53397K(54144K) NonClass: 47435K(47808K)->47435K(47808K) Class: 5962K(6336K)->5962K(6336K)
[2025-03-28T20:23:53.555+0530][gc          ] GC(760) Pause Young (Normal) (G1 Evacuation Pause) 479M->429M(1024M) 8.568ms
[2025-03-28T20:23:53.555+0530][gc,cpu      ] GC(760) User=0.00s Sys=0.00s Real=0.01s
[2025-03-28T20:23:53.632+0530][gc,start    ] GC(761) Pause Young (Normal) (G1 Evacuation Pause)
[2025-03-28T20:23:53.633+0530][gc,task     ] GC(761) Using 2 workers of 2 for evacuation
[2025-03-28T20:23:53.657+0530][gc,mmu      ] GC(761) MMU target violated: 21.0ms (20.0ms/21.0ms)
[2025-03-28T20:23:53.657+0530][gc,phases   ] GC(761)   Pre Evacuate Collection Set: 0.3ms
[2025-03-28T20:23:53.657+0530][gc,phases   ] GC(761)   Merge Heap Roots: 0.1ms
[2025-03-28T20:23:53.657+0530][gc,phases   ] GC(761)   Evacuate Collection Set: 23.3ms
[2025-03-28T20:23:53.657+0530][gc,phases   ] GC(761)   Post Evacuate Collection Set: 0.8ms
[2025-03-28T20:23:53.657+0530][gc,phases   ] GC(761)   Other: 0.2ms
[2025-03-28T20:23:53.657+0530][gc,heap     ] GC(761) Eden regions: 48->0(44)
[2025-03-28T20:23:53.657+0530][gc,heap     ] GC(761) Survivor regions: 3->7(7)
[2025-03-28T20:23:53.657+0530][gc,heap     ] GC(761) Old regions: 279->280
[2025-03-28T20:23:53.657+0530][gc,heap     ] GC(761) Archive regions: 2->2
[2025-03-28T20:23:53.657+0530][gc,heap     ] GC(761) Humongous regions: 149->149
[2025-03-28T20:23:53.657+0530][gc,metaspace] GC(761) Metaspace: 53397K(54144K)->53397K(54144K) NonClass: 47435K(47808K)->47435K(47808K) Class: 5962K(6336K)->5962K(6336K)
[2025-03-28T20:23:53.657+0530][gc          ] GC(761) Pause Young (Normal) (G1 Evacuation Pause) 479M->436M(1024M) 24.878ms
[2025-03-28T20:23:53.657+0530][gc,cpu      ] GC(761) User=0.02s Sys=0.00s Real=0.03s
[2025-03-28T20:23:54.623+0530][gc,start    ] GC(762) Pause Young (Normal) (G1 Evacuation Pause)
[2025-03-28T20:23:54.624+0530][gc,task     ] GC(762) Using 2 workers of 2 for evacuation
[2025-03-28T20:23:54.786+0530][gc,mmu      ] GC(762) MMU target violated: 21.0ms (20.0ms/21.0ms)
[2025-03-28T20:23:54.786+0530][gc,phases   ] GC(762)   Pre Evacuate Collection Set: 0.4ms
[2025-03-28T20:23:54.786+0530][gc,phases   ] GC(762)   Merge Heap Roots: 0.2ms
[2025-03-28T20:23:54.786+0530][gc,phases   ] GC(762)   Evacuate Collection Set: 159.1ms
[2025-03-28T20:23:54.786+0530][gc,phases   ] GC(762)   Post Evacuate Collection Set: 0.9ms
[2025-03-28T20:23:54.786+0530][gc,phases   ] GC(762)   Other: 2.3ms
[2025-03-28T20:23:54.786+0530][gc,heap     ] GC(762) Eden regions: 44->0(49)
[2025-03-28T20:23:54.786+0530][gc,heap     ] GC(762) Survivor regions: 7->2(7)
[2025-03-28T20:23:54.787+0530][gc,heap     ] GC(762) Old regions: 280->287
[2025-03-28T20:23:54.787+0530][gc,heap     ] GC(762) Archive regions: 2->2
[2025-03-28T20:23:54.787+0530][gc,heap     ] GC(762) Humongous regions: 149->147
[2025-03-28T20:23:54.787+0530][gc,metaspace] GC(762) Metaspace: 53401K(54144K)->53401K(54144K) NonClass: 47439K(47808K)->47439K(47808K) Class: 5962K(6336K)->5962K(6336K)
[2025-03-28T20:23:54.787+0530][gc          ] GC(762) Pause Young (Normal) (G1 Evacuation Pause) 480M->436M(1024M) 163.112ms
[2025-03-28T20:23:54.787+0530][gc,cpu      ] GC(762) User=0.03s Sys=0.04s Real=0.17s
[2025-03-28T20:23:54.882+0530][gc,start    ] GC(763) Pause Young (Normal) (G1 Evacuation Pause)
[2025-03-28T20:23:54.882+0530][gc,task     ] GC(763) Using 2 workers of 2 for evacuation
[2025-03-28T20:23:54.895+0530][gc,phases   ] GC(763)   Pre Evacuate Collection Set: 0.3ms
[2025-03-28T20:23:54.895+0530][gc,phases   ] GC(763)   Merge Heap Roots: 0.1ms
[2025-03-28T20:23:54.895+0530][gc,phases   ] GC(763)   Evacuate Collection Set: 11.7ms
[2025-03-28T20:23:54.895+0530][gc,phases   ] GC(763)   Post Evacuate Collection Set: 1.2ms
[2025-03-28T20:23:54.895+0530][gc,phases   ] GC(763)   Other: 0.1ms
[2025-03-28T20:23:54.895+0530][gc,heap     ] GC(763) Eden regions: 49->0(44)
[2025-03-28T20:23:54.895+0530][gc,heap     ] GC(763) Survivor regions: 2->7(7)
[2025-03-28T20:23:54.895+0530][gc,heap     ] GC(763) Old regions: 287->287
[2025-03-28T20:23:54.895+0530][gc,heap     ] GC(763) Archive regions: 2->2
[2025-03-28T20:23:54.895+0530][gc,heap     ] GC(763) Humongous regions: 147->147
[2025-03-28T20:23:54.895+0530][gc,metaspace] GC(763) Metaspace: 53401K(54144K)->53401K(54144K) NonClass: 47439K(47808K)->47439K(47808K) Class: 5962K(6336K)->5962K(6336K)
[2025-03-28T20:23:54.895+0530][gc          ] GC(763) Pause Young (Normal) (G1 Evacuation Pause) 485M->440M(1024M) 13.588ms
[2025-03-28T20:23:54.896+0530][gc,cpu      ] GC(763) User=0.02s Sys=0.00s Real=0.02s
[2025-03-28T20:23:54.971+0530][gc,start    ] GC(764) Pause Young (Normal) (G1 Evacuation Pause)
[2025-03-28T20:23:54.971+0530][gc,task     ] GC(764) Using 2 workers of 2 for evacuation
[2025-03-28T20:23:54.997+0530][gc,mmu      ] GC(764) MMU target violated: 21.0ms (20.0ms/21.0ms)
[2025-03-28T20:23:54.997+0530][gc,phases   ] GC(764)   Pre Evacuate Collection Set: 0.3ms
[2025-03-28T20:23:54.997+0530][gc,phases   ] GC(764)   Merge Heap Roots: 0.2ms
[2025-03-28T20:23:54.997+0530][gc,phases   ] GC(764)   Evacuate Collection Set: 24.3ms
[2025-03-28T20:23:54.997+0530][gc,phases   ] GC(764)   Post Evacuate Collection Set: 0.7ms
[2025-03-28T20:23:54.997+0530][gc,phases   ] GC(764)   Other: 0.7ms
[2025-03-28T20:23:54.997+0530][gc,heap     ] GC(764) Eden regions: 44->0(49)
[2025-03-28T20:23:54.997+0530][gc,heap     ] GC(764) Survivor regions: 7->2(7)
[2025-03-28T20:23:54.997+0530][gc,heap     ] GC(764) Old regions: 287->288
[2025-03-28T20:23:54.997+0530][gc,heap     ] GC(764) Archive regions: 2->2
[2025-03-28T20:23:54.997+0530][gc,heap     ] GC(764) Humongous regions: 149->149
[2025-03-28T20:23:54.997+0530][gc,metaspace] GC(764) Metaspace: 53401K(54144K)->53401K(54144K) NonClass: 47439K(47808K)->47439K(47808K) Class: 5962K(6336K)->5962K(6336K)
[2025-03-28T20:23:54.997+0530][gc          ] GC(764) Pause Young (Normal) (G1 Evacuation Pause) 486M->439M(1024M) 26.288ms
[2025-03-28T20:23:54.997+0530][gc,cpu      ] GC(764) User=0.01s Sys=0.00s Real=0.03s
[2025-03-28T20:24:03.579+0530][gc,start    ] GC(649) Pause Young (Concurrent Start) (G1 Evacuation Pause)
[2025-03-28T20:24:03.580+0530][gc,task     ] GC(649) Using 2 workers of 2 for evacuation
[2025-03-28T20:24:03.592+0530][gc,phases   ] GC(649)   Pre Evacuate Collection Set: 0.3ms
[2025-03-28T20:24:03.592+0530][gc,phases   ] GC(649)   Merge Heap Roots: 0.1ms
[2025-03-28T20:24:03.592+0530][gc,phases   ] GC(649)   Evacuate Collection Set: 10.6ms
[2025-03-28T20:24:03.592+0530][gc,phases   ] GC(649)   Post Evacuate Collection Set: 0.8ms
[2025-03-28T20:24:03.592+0530][gc,phases   ] GC(649)   Other: 0.4ms
[2025-03-28T20:24:03.592+0530][gc,heap     ] GC(649) Eden regions: 99->0(39)
[2025-03-28T20:24:03.592+0530][gc,heap     ] GC(649) Survivor regions: 1->12(13)
[2025-03-28T20:24:03.592+0530][gc,heap     ] GC(649) Old regions: 59->59
[2025-03-28T20:24:03.592+0530][gc,heap     ] GC(649) Archive regions: 2->2
[2025-03-28T20:24:03.592+0530][gc,heap     ] GC(649) Humongous regions: 149->149
[2025-03-28T20:24:03.592+0530][gc,metaspace] GC(649) Metaspace: 53240K(53952K)->53240K(53952K) NonClass: 47316K(47680K)->47316K(47680K) Class: 5923K(6272K)->5923K(6272K)
[2025-03-28T20:24:03.592+0530][gc          ] GC(649) Pause Young (Concurrent Start) (G1 Evacuation Pause) 308M->219M(1024M) 12.313ms
[2025-03-28T20:24:03.592+0530][gc,cpu      ] GC(649) User=0.02s Sys=0.00s Real=0.01s
[2025-03-28T20:24:03.592+0530][gc          ] GC(650) Concurrent Mark Cycle
[2025-03-28T20:24:03.592+0530][gc,marking  ] GC(650) Concurrent Clear Claimed Marks
[2025-03-28T20:24:03.592+0530][gc,marking  ] GC(650) Concurrent Clear Claimed Marks 0.075ms
[2025-03-28T20:24:03.592+0530][gc,marking  ] GC(650) Concurrent Scan Root Regions
[2025-03-28T20:24:03.607+0530][gc,marking  ] GC(650) Concurrent Scan Root Regions 14.836ms
[2025-03-28T20:24:03.607+0530][gc,marking  ] GC(650) Concurrent Mark
[2025-03-28T20:24:03.607+0530][gc,marking  ] GC(650) Concurrent Mark From Roots
[2025-03-28T20:24:03.607+0530][gc,task     ] GC(650) Using 1 workers of 1 for marking
[2025-03-28T20:24:03.676+0530][gc,start    ] GC(651) Pause Young (Normal) (G1 Evacuation Pause)
[2025-03-28T20:24:03.676+0530][gc,task     ] GC(651) Using 2 workers of 2 for evacuation
[2025-03-28T20:24:03.699+0530][gc,mmu      ] GC(651) MMU target violated: 21.0ms (20.0ms/21.0ms)
[2025-03-28T20:24:03.699+0530][gc,phases   ] GC(651)   Pre Evacuate Collection Set: 0.2ms
[2025-03-28T20:24:03.699+0530][gc,phases   ] GC(651)   Merge Heap Roots: 0.1ms
[2025-03-28T20:24:03.699+0530][gc,phases   ] GC(651)   Evacuate Collection Set: 22.2ms
[2025-03-28T20:24:03.699+0530][gc,phases   ] GC(651)   Post Evacuate Collection Set: 0.5ms
[2025-03-28T20:24:03.699+0530][gc,phases   ] GC(651)   Other: 0.2ms
[2025-03-28T20:24:03.699+0530][gc,heap     ] GC(651) Eden regions: 39->0(45)
[2025-03-28T20:24:03.699+0530][gc,heap     ] GC(651) Survivor regions: 12->6(7)
[2025-03-28T20:24:03.699+0530][gc,heap     ] GC(651) Old regions: 59->70
[2025-03-28T20:24:03.699+0530][gc,heap     ] GC(651) Archive regions: 2->2
[2025-03-28T20:24:03.699+0530][gc,heap     ] GC(651) Humongous regions: 149->149
[2025-03-28T20:24:03.699+0530][gc,metaspace] GC(651) Metaspace: 53240K(53952K)->53240K(53952K) NonClass: 47316K(47680K)->47316K(47680K) Class: 5923K(6272K)->5923K(6272K)
[2025-03-28T20:24:03.699+0530][gc          ] GC(651) Pause Young (Normal) (G1 Evacuation Pause) 258M->225M(1024M) 23.331ms
[2025-03-28T20:24:03.699+0530][gc,cpu      ] GC(651) User=0.03s Sys=0.00s Real=0.03s
[2025-03-28T20:24:03.794+0530][gc,marking  ] GC(650) Concurrent Mark From Roots 187.177ms
[2025-03-28T20:24:03.794+0530][gc,marking  ] GC(650) Concurrent Preclean
[2025-03-28T20:24:03.794+0530][gc,marking  ] GC(650) Concurrent Preclean 0.200ms
[2025-03-28T20:24:04.428+0530][gc,start    ] GC(650) Pause Remark
[2025-03-28T20:24:04.442+0530][gc          ] GC(650) Pause Remark 237M->226M(1024M) 14.594ms
[2025-03-28T20:24:04.442+0530][gc,cpu      ] GC(650) User=0.02s Sys=0.00s Real=0.01s
[2025-03-28T20:24:04.442+0530][gc,marking  ] GC(650) Concurrent Mark 835.613ms
[2025-03-28T20:24:04.442+0530][gc,marking  ] GC(650) Concurrent Rebuild Remembered Sets
[2025-03-28T20:24:04.461+0530][gc,start    ] GC(652) Pause Young (Normal) (G1 Evacuation Pause)
[2025-03-28T20:24:04.461+0530][gc,task     ] GC(652) Using 2 workers of 2 for evacuation
[2025-03-28T20:24:04.469+0530][gc,phases   ] GC(652)   Pre Evacuate Collection Set: 0.2ms
[2025-03-28T20:24:04.469+0530][gc,phases   ] GC(652)   Merge Heap Roots: 0.1ms
[2025-03-28T20:24:04.469+0530][gc,phases   ] GC(652)   Evacuate Collection Set: 7.1ms
[2025-03-28T20:24:04.469+0530][gc,phases   ] GC(652)   Post Evacuate Collection Set: 0.5ms
[2025-03-28T20:24:04.469+0530][gc,phases   ] GC(652)   Other: 0.2ms
[2025-03-28T20:24:04.469+0530][gc,heap     ] GC(652) Eden regions: 45->0(49)
[2025-03-28T20:24:04.469+0530][gc,heap     ] GC(652) Survivor regions: 6->2(7)
[2025-03-28T20:24:04.469+0530][gc,heap     ] GC(652) Old regions: 61->63
[2025-03-28T20:24:04.469+0530][gc,heap     ] GC(652) Archive regions: 2->2
[2025-03-28T20:24:04.469+0530][gc,heap     ] GC(652) Humongous regions: 151->151
[2025-03-28T20:24:04.469+0530][gc,metaspace] GC(652) Metaspace: 53240K(53952K)->53240K(53952K) NonClass: 47317K(47680K)->47317K(47680K) Class: 5923K(6272K)->5923K(6272K)
[2025-03-28T20:24:04.469+0530][gc          ] GC(652) Pause Young (Normal) (G1 Evacuation Pause) 263M->215M(1024M) 8.239ms
[2025-03-28T20:24:04.469+0530][gc,cpu      ] GC(652) User=0.01s Sys=0.00s Real=0.01s
[2025-03-28T20:24:04.536+0530][gc,marking  ] GC(650) Concurrent Rebuild Remembered Sets 93.638ms
[2025-03-28T20:24:04.536+0530][gc,start    ] GC(650) Pause Cleanup
[2025-03-28T20:24:04.536+0530][gc          ] GC(650) Pause Cleanup 257M->257M(1024M) 0.196ms
[2025-03-28T20:24:04.536+0530][gc,cpu      ] GC(650) User=0.00s Sys=0.00s Real=0.00s
[2025-03-28T20:24:04.536+0530][gc,marking  ] GC(650) Concurrent Cleanup for Next Mark
[2025-03-28T20:24:04.538+0530][gc,marking  ] GC(650) Concurrent Cleanup for Next Mark 1.725ms
[2025-03-28T20:24:04.538+0530][gc          ] GC(650) Concurrent Mark Cycle 946.396ms
[2025-03-28T20:24:09.725+0530][gc,start    ] GC(653) Pause Young (Prepare Mixed) (G1 Evacuation Pause)
[2025-03-28T20:24:09.725+0530][gc,task     ] GC(653) Using 2 workers of 2 for evacuation
[2025-03-28T20:24:09.725+0530][gc,start    ] GC(765) Pause Young (Normal) (G1 Evacuation Pause)
[2025-03-28T20:24:09.725+0530][gc,task     ] GC(765) Using 2 workers of 2 for evacuation
[2025-03-28T20:24:09.744+0530][gc,phases   ] GC(765)   Pre Evacuate Collection Set: 0.3ms
[2025-03-28T20:24:09.744+0530][gc,phases   ] GC(765)   Merge Heap Roots: 2.5ms
[2025-03-28T20:24:09.744+0530][gc,phases   ] GC(765)   Evacuate Collection Set: 15.0ms
[2025-03-28T20:24:09.744+0530][gc,phases   ] GC(765)   Post Evacuate Collection Set: 0.5ms
[2025-03-28T20:24:09.744+0530][gc,phases   ] GC(765)   Other: 0.1ms
[2025-03-28T20:24:09.744+0530][gc,heap     ] GC(765) Eden regions: 49->0(46)
[2025-03-28T20:24:09.744+0530][gc,heap     ] GC(765) Survivor regions: 2->5(7)
[2025-03-28T20:24:09.744+0530][gc,heap     ] GC(765) Old regions: 288->288
[2025-03-28T20:24:09.744+0530][gc,heap     ] GC(765) Archive regions: 2->2
[2025-03-28T20:24:09.744+0530][gc,heap     ] GC(765) Humongous regions: 149->147
[2025-03-28T20:24:09.744+0530][gc,metaspace] GC(765) Metaspace: 53403K(54144K)->53403K(54144K) NonClass: 47441K(47808K)->47441K(47808K) Class: 5962K(6336K)->5962K(6336K)
[2025-03-28T20:24:09.744+0530][gc          ] GC(765) Pause Young (Normal) (G1 Evacuation Pause) 488M->440M(1024M) 18.497ms
[2025-03-28T20:24:09.744+0530][gc,cpu      ] GC(765) User=0.02s Sys=0.00s Real=0.01s
[2025-03-28T20:24:09.744+0530][gc,phases   ] GC(653)   Pre Evacuate Collection Set: 0.5ms
[2025-03-28T20:24:09.744+0530][gc,phases   ] GC(653)   Merge Heap Roots: 0.1ms
[2025-03-28T20:24:09.744+0530][gc,phases   ] GC(653)   Evacuate Collection Set: 12.2ms
[2025-03-28T20:24:09.744+0530][gc,phases   ] GC(653)   Post Evacuate Collection Set: 6.7ms
[2025-03-28T20:24:09.744+0530][gc,phases   ] GC(653)   Other: 0.1ms
[2025-03-28T20:24:09.744+0530][gc,heap     ] GC(653) Eden regions: 93->0(44)
[2025-03-28T20:24:09.744+0530][gc,heap     ] GC(653) Survivor regions: 2->7(12)
[2025-03-28T20:24:09.744+0530][gc,heap     ] GC(653) Old regions: 63->63
[2025-03-28T20:24:09.744+0530][gc,heap     ] GC(653) Archive regions: 2->2
[2025-03-28T20:24:09.744+0530][gc,heap     ] GC(653) Humongous regions: 151->147
[2025-03-28T20:24:09.744+0530][gc,metaspace] GC(653) Metaspace: 53240K(53952K)->53240K(53952K) NonClass: 47317K(47680K)->47317K(47680K) Class: 5923K(6272K)->5923K(6272K)
[2025-03-28T20:24:09.745+0530][gc          ] GC(653) Pause Young (Prepare Mixed) (G1 Evacuation Pause) 308M->217M(1024M) 19.766ms
[2025-03-28T20:24:09.745+0530][gc,cpu      ] GC(653) User=0.01s Sys=0.00s Real=0.03s
[2025-03-28T20:24:09.813+0530][gc,start    ] GC(766) Pause Young (Normal) (G1 Evacuation Pause)
[2025-03-28T20:24:09.814+0530][gc,task     ] GC(766) Using 2 workers of 2 for evacuation
[2025-03-28T20:24:09.854+0530][gc,start    ] GC(654) Pause Young (Mixed) (G1 Evacuation Pause)
[2025-03-28T20:24:09.854+0530][gc,task     ] GC(654) Using 2 workers of 2 for evacuation
[2025-03-28T20:24:09.870+0530][gc,phases   ] GC(654)   Pre Evacuate Collection Set: 0.2ms
[2025-03-28T20:24:09.870+0530][gc,phases   ] GC(654)   Merge Heap Roots: 0.1ms
[2025-03-28T20:24:09.870+0530][gc,phases   ] GC(654)   Evacuate Collection Set: 14.5ms
[2025-03-28T20:24:09.870+0530][gc,phases   ] GC(654)   Post Evacuate Collection Set: 1.0ms
[2025-03-28T20:24:09.870+0530][gc,phases   ] GC(654)   Other: 0.1ms
[2025-03-28T20:24:09.870+0530][gc,heap     ] GC(654) Eden regions: 44->0(87)
[2025-03-28T20:24:09.870+0530][gc,heap     ] GC(654) Survivor regions: 7->3(7)
[2025-03-28T20:24:09.870+0530][gc,heap     ] GC(654) Old regions: 63->66
[2025-03-28T20:24:09.870+0530][gc,heap     ] GC(654) Archive regions: 2->2
[2025-03-28T20:24:09.870+0530][gc,heap     ] GC(654) Humongous regions: 149->149
[2025-03-28T20:24:09.870+0530][gc,metaspace] GC(654) Metaspace: 53240K(53952K)->53240K(53952K) NonClass: 47317K(47680K)->47317K(47680K) Class: 5923K(6272K)->5923K(6272K)
[2025-03-28T20:24:09.870+0530][gc          ] GC(654) Pause Young (Mixed) (G1 Evacuation Pause) 263M->217M(1024M) 16.038ms
[2025-03-28T20:24:09.870+0530][gc,cpu      ] GC(654) User=0.03s Sys=0.01s Real=0.02s
[2025-03-28T20:24:09.959+0530][gc,mmu      ] GC(766) MMU target violated: 21.0ms (20.0ms/21.0ms)
[2025-03-28T20:24:09.960+0530][gc,phases   ] GC(766)   Pre Evacuate Collection Set: 0.2ms
[2025-03-28T20:24:09.960+0530][gc,phases   ] GC(766)   Merge Heap Roots: 0.1ms
[2025-03-28T20:24:09.960+0530][gc,phases   ] GC(766)   Evacuate Collection Set: 143.5ms
[2025-03-28T20:24:09.960+0530][gc,phases   ] GC(766)   Post Evacuate Collection Set: 1.4ms
[2025-03-28T20:24:09.960+0530][gc,phases   ] GC(766)   Other: 0.8ms
[2025-03-28T20:24:09.960+0530][gc,heap     ] GC(766) Eden regions: 46->0(45)
[2025-03-28T20:24:09.960+0530][gc,heap     ] GC(766) Survivor regions: 5->6(7)
[2025-03-28T20:24:09.960+0530][gc,heap     ] GC(766) Old regions: 288->293
[2025-03-28T20:24:09.960+0530][gc,heap     ] GC(766) Archive regions: 2->2
[2025-03-28T20:24:09.960+0530][gc,heap     ] GC(766) Humongous regions: 147->147
[2025-03-28T20:24:09.960+0530][gc,metaspace] GC(766) Metaspace: 53403K(54144K)->53403K(54144K) NonClass: 47441K(47808K)->47441K(47808K) Class: 5962K(6336K)->5962K(6336K)
[2025-03-28T20:24:09.960+0530][gc          ] GC(766) Pause Young (Normal) (G1 Evacuation Pause) 486M->445M(1024M) 146.147ms
[2025-03-28T20:24:09.960+0530][gc,cpu      ] GC(766) User=0.02s Sys=0.01s Real=0.15s
[2025-03-28T20:24:09.988+0530][gc,start    ] GC(767) Pause Young (Normal) (G1 Evacuation Pause)
[2025-03-28T20:24:09.988+0530][gc,task     ] GC(767) Using 2 workers of 2 for evacuation
[2025-03-28T20:24:10.070+0530][gc,mmu      ] GC(767) MMU target violated: 21.0ms (20.0ms/21.0ms)
[2025-03-28T20:24:10.070+0530][gc,phases   ] GC(767)   Pre Evacuate Collection Set: 1.7ms
[2025-03-28T20:24:10.070+0530][gc,phases   ] GC(767)   Merge Heap Roots: 0.1ms
[2025-03-28T20:24:10.070+0530][gc,phases   ] GC(767)   Evacuate Collection Set: 78.4ms
[2025-03-28T20:24:10.070+0530][gc,phases   ] GC(767)   Post Evacuate Collection Set: 0.4ms
[2025-03-28T20:24:10.070+0530][gc,phases   ] GC(767)   Other: 0.7ms
[2025-03-28T20:24:10.070+0530][gc,heap     ] GC(767) Eden regions: 45->0(45)
[2025-03-28T20:24:10.070+0530][gc,heap     ] GC(767) Survivor regions: 6->6(7)
[2025-03-28T20:24:10.070+0530][gc,heap     ] GC(767) Old regions: 293->298
[2025-03-28T20:24:10.070+0530][gc,heap     ] GC(767) Archive regions: 2->2
[2025-03-28T20:24:10.070+0530][gc,heap     ] GC(767) Humongous regions: 147->147
[2025-03-28T20:24:10.070+0530][gc,metaspace] GC(767) Metaspace: 53403K(54144K)->53403K(54144K) NonClass: 47441K(47808K)->47441K(47808K) Class: 5962K(6336K)->5962K(6336K)
[2025-03-28T20:24:10.070+0530][gc          ] GC(767) Pause Young (Normal) (G1 Evacuation Pause) 490M->451M(1024M) 81.386ms
[2025-03-28T20:24:10.070+0530][gc,cpu      ] GC(767) User=0.02s Sys=0.01s Real=0.08s
[2025-03-28T20:24:10.148+0530][gc,start    ] GC(768) Pause Young (Normal) (G1 Evacuation Pause)
[2025-03-28T20:24:10.148+0530][gc,task     ] GC(768) Using 2 workers of 2 for evacuation
[2025-03-28T20:24:10.225+0530][gc,mmu      ] GC(768) MMU target violated: 21.0ms (20.0ms/21.0ms)
[2025-03-28T20:24:10.225+0530][gc,phases   ] GC(768)   Pre Evacuate Collection Set: 0.2ms
[2025-03-28T20:24:10.225+0530][gc,phases   ] GC(768)   Merge Heap Roots: 0.0ms
[2025-03-28T20:24:10.225+0530][gc,phases   ] GC(768)   Evacuate Collection Set: 74.7ms
[2025-03-28T20:24:10.225+0530][gc,phases   ] GC(768)   Post Evacuate Collection Set: 0.8ms
[2025-03-28T20:24:10.225+0530][gc,phases   ] GC(768)   Other: 0.6ms
[2025-03-28T20:24:10.225+0530][gc,heap     ] GC(768) Eden regions: 45->0(48)
[2025-03-28T20:24:10.225+0530][gc,heap     ] GC(768) Survivor regions: 6->3(7)
[2025-03-28T20:24:10.225+0530][gc,heap     ] GC(768) Old regions: 298->303
[2025-03-28T20:24:10.225+0530][gc,heap     ] GC(768) Archive regions: 2->2
[2025-03-28T20:24:10.225+0530][gc,heap     ] GC(768) Humongous regions: 151->151
[2025-03-28T20:24:10.225+0530][gc,metaspace] GC(768) Metaspace: 53403K(54144K)->53403K(54144K) NonClass: 47441K(47808K)->47441K(47808K) Class: 5962K(6336K)->5962K(6336K)
[2025-03-28T20:24:10.225+0530][gc          ] GC(768) Pause Young (Normal) (G1 Evacuation Pause) 500M->457M(1024M) 76.435ms
[2025-03-28T20:24:10.225+0530][gc,cpu      ] GC(768) User=0.01s Sys=0.01s Real=0.08s
[2025-03-28T20:24:10.259+0530][gc,start    ] GC(769) Pause Young (Normal) (GCLocker Initiated GC)
[2025-03-28T20:24:10.259+0530][gc,task     ] GC(769) Using 2 workers of 2 for evacuation
[2025-03-28T20:24:10.262+0530][gc,phases   ] GC(769)   Pre Evacuate Collection Set: 0.2ms
[2025-03-28T20:24:10.262+0530][gc,phases   ] GC(769)   Merge Heap Roots: 0.1ms
[2025-03-28T20:24:10.262+0530][gc,phases   ] GC(769)   Evacuate Collection Set: 2.4ms
[2025-03-28T20:24:10.262+0530][gc,phases   ] GC(769)   Post Evacuate Collection Set: 0.5ms
[2025-03-28T20:24:10.262+0530][gc,phases   ] GC(769)   Other: 0.1ms
[2025-03-28T20:24:10.262+0530][gc,heap     ] GC(769) Eden regions: 51->0(49)
[2025-03-28T20:24:10.262+0530][gc,heap     ] GC(769) Survivor regions: 3->2(7)
[2025-03-28T20:24:10.262+0530][gc,heap     ] GC(769) Old regions: 303->303
[2025-03-28T20:24:10.262+0530][gc,heap     ] GC(769) Archive regions: 2->2
[2025-03-28T20:24:10.262+0530][gc,heap     ] GC(769) Humongous regions: 151->151
[2025-03-28T20:24:10.262+0530][gc,metaspace] GC(769) Metaspace: 53403K(54144K)->53403K(54144K) NonClass: 47441K(47808K)->47441K(47808K) Class: 5962K(6336K)->5962K(6336K)
[2025-03-28T20:24:10.262+0530][gc          ] GC(769) Pause Young (Normal) (GCLocker Initiated GC) 508M->456M(1024M) 3.396ms
[2025-03-28T20:24:10.262+0530][gc,cpu      ] GC(769) User=0.01s Sys=0.00s Real=0.01s
[2025-03-28T20:24:13.620+0530][gc,start    ] GC(770) Pause Young (Concurrent Start) (G1 Evacuation Pause)
[2025-03-28T20:24:13.620+0530][gc,task     ] GC(770) Using 2 workers of 2 for evacuation
[2025-03-28T20:24:13.695+0530][gc,start    ] GC(655) Pause Young (Concurrent Start) (G1 Humongous Allocation)
[2025-03-28T20:24:13.695+0530][gc,task     ] GC(655) Using 2 workers of 2 for evacuation
[2025-03-28T20:24:13.703+0530][gc,mmu      ] GC(770) MMU target violated: 21.0ms (20.0ms/21.0ms)
[2025-03-28T20:24:13.703+0530][gc,phases   ] GC(770)   Pre Evacuate Collection Set: 1.2ms
[2025-03-28T20:24:13.703+0530][gc,phases   ] GC(770)   Merge Heap Roots: 0.1ms
[2025-03-28T20:24:13.703+0530][gc,phases   ] GC(770)   Evacuate Collection Set: 55.4ms
[2025-03-28T20:24:13.703+0530][gc,phases   ] GC(770)   Post Evacuate Collection Set: 0.4ms
[2025-03-28T20:24:13.703+0530][gc,phases   ] GC(770)   Other: 25.7ms
[2025-03-28T20:24:13.703+0530][gc,heap     ] GC(770) Eden regions: 49->0(44)
[2025-03-28T20:24:13.703+0530][gc,heap     ] GC(770) Survivor regions: 2->7(7)
[2025-03-28T20:24:13.703+0530][gc,heap     ] GC(770) Old regions: 303->304
[2025-03-28T20:24:13.703+0530][gc,heap     ] GC(770) Archive regions: 2->2
[2025-03-28T20:24:13.703+0530][gc,heap     ] GC(770) Humongous regions: 151->147
[2025-03-28T20:24:13.703+0530][gc,metaspace] GC(770) Metaspace: 53404K(54144K)->53404K(54144K) NonClass: 47442K(47808K)->47442K(47808K) Class: 5962K(6336K)->5962K(6336K)
[2025-03-28T20:24:13.703+0530][gc          ] GC(770) Pause Young (Concurrent Start) (G1 Evacuation Pause) 505M->458M(1024M) 82.913ms
[2025-03-28T20:24:13.703+0530][gc,cpu      ] GC(770) User=0.02s Sys=0.01s Real=0.08s
[2025-03-28T20:24:13.703+0530][gc,phases   ] GC(655)   Pre Evacuate Collection Set: 0.3ms
[2025-03-28T20:24:13.703+0530][gc,phases   ] GC(655)   Merge Heap Roots: 0.1ms
[2025-03-28T20:24:13.703+0530][gc,phases   ] GC(655)   Evacuate Collection Set: 6.7ms
[2025-03-28T20:24:13.703+0530][gc,phases   ] GC(655)   Post Evacuate Collection Set: 0.9ms
[2025-03-28T20:24:13.703+0530][gc,phases   ] GC(655)   Other: 0.2ms
[2025-03-28T20:24:13.703+0530][gc,heap     ] GC(655) Eden regions: 85->0(46)
[2025-03-28T20:24:13.703+0530][gc,heap     ] GC(655) Survivor regions: 3->5(12)
[2025-03-28T20:24:13.703+0530][gc,heap     ] GC(655) Old regions: 66->66
[2025-03-28T20:24:13.703+0530][gc,heap     ] GC(655) Archive regions: 2->2
[2025-03-28T20:24:13.703+0530][gc,heap     ] GC(655) Humongous regions: 149->147
[2025-03-28T20:24:13.703+0530][gc,metaspace] GC(655) Metaspace: 53240K(53952K)->53240K(53952K) NonClass: 47317K(47680K)->47317K(47680K) Class: 5923K(6272K)->5923K(6272K)
[2025-03-28T20:24:13.703+0530][gc          ] GC(655) Pause Young (Concurrent Start) (G1 Humongous Allocation) 302M->218M(1024M) 8.349ms
[2025-03-28T20:24:13.703+0530][gc,cpu      ] GC(655) User=0.01s Sys=0.01s Real=0.00s
[2025-03-28T20:24:13.703+0530][gc          ] GC(656) Concurrent Mark Cycle
[2025-03-28T20:24:13.703+0530][gc,marking  ] GC(656) Concurrent Clear Claimed Marks
[2025-03-28T20:24:13.704+0530][gc,marking  ] GC(656) Concurrent Clear Claimed Marks 0.099ms
[2025-03-28T20:24:13.704+0530][gc,marking  ] GC(656) Concurrent Scan Root Regions
[2025-03-28T20:24:13.707+0530][gc          ] GC(771) Concurrent Mark Cycle
[2025-03-28T20:24:13.707+0530][gc,marking  ] GC(771) Concurrent Clear Claimed Marks
[2025-03-28T20:24:13.707+0530][gc,marking  ] GC(771) Concurrent Clear Claimed Marks 0.163ms
[2025-03-28T20:24:13.707+0530][gc,marking  ] GC(771) Concurrent Scan Root Regions
[2025-03-28T20:24:13.711+0530][gc,marking  ] GC(656) Concurrent Scan Root Regions 6.932ms
[2025-03-28T20:24:13.711+0530][gc,marking  ] GC(656) Concurrent Mark
[2025-03-28T20:24:13.711+0530][gc,marking  ] GC(656) Concurrent Mark From Roots
[2025-03-28T20:24:13.711+0530][gc,task     ] GC(656) Using 1 workers of 1 for marking
[2025-03-28T20:24:13.753+0530][gc,marking  ] GC(771) Concurrent Scan Root Regions 45.174ms
[2025-03-28T20:24:13.753+0530][gc,marking  ] GC(771) Concurrent Mark
[2025-03-28T20:24:13.753+0530][gc,marking  ] GC(771) Concurrent Mark From Roots
[2025-03-28T20:24:13.753+0530][gc,task     ] GC(771) Using 1 workers of 1 for marking
[2025-03-28T20:24:13.809+0530][gc,marking  ] GC(656) Concurrent Mark From Roots 98.858ms
[2025-03-28T20:24:13.809+0530][gc,marking  ] GC(656) Concurrent Preclean
[2025-03-28T20:24:13.810+0530][gc,marking  ] GC(656) Concurrent Preclean 0.145ms
[2025-03-28T20:24:13.810+0530][gc,start    ] GC(656) Pause Remark
[2025-03-28T20:24:13.826+0530][gc          ] GC(656) Pause Remark 259M->249M(1024M) 16.582ms
[2025-03-28T20:24:13.826+0530][gc,cpu      ] GC(656) User=0.03s Sys=0.00s Real=0.01s
[2025-03-28T20:24:13.827+0530][gc,marking  ] GC(656) Concurrent Mark 116.157ms
[2025-03-28T20:24:13.827+0530][gc,marking  ] GC(656) Concurrent Rebuild Remembered Sets
[2025-03-28T20:24:13.870+0530][gc,marking  ] GC(656) Concurrent Rebuild Remembered Sets 43.190ms
[2025-03-28T20:24:13.870+0530][gc,start    ] GC(656) Pause Cleanup
[2025-03-28T20:24:13.870+0530][gc          ] GC(656) Pause Cleanup 249M->249M(1024M) 0.245ms
[2025-03-28T20:24:13.870+0530][gc,cpu      ] GC(656) User=0.00s Sys=0.00s Real=0.00s
[2025-03-28T20:24:13.870+0530][gc,marking  ] GC(656) Concurrent Cleanup for Next Mark
[2025-03-28T20:24:13.872+0530][gc,marking  ] GC(656) Concurrent Cleanup for Next Mark 1.650ms
[2025-03-28T20:24:13.872+0530][gc          ] GC(656) Concurrent Mark Cycle 168.533ms
[2025-03-28T20:24:13.877+0530][gc,start    ] GC(772) Pause Young (Normal) (G1 Evacuation Pause)
[2025-03-28T20:24:13.877+0530][gc,task     ] GC(772) Using 2 workers of 2 for evacuation
