[2025-03-28T18:50:04.364+0530][gc] Using G1
[2025-03-28T18:50:04.383+0530][gc,init] Version: 17.0.14+7-LTS (release)
[2025-03-28T18:50:04.383+0530][gc,init] CPUs: 2 total, 2 available
[2025-03-28T18:50:04.383+0530][gc,init] Memory: 3658M
[2025-03-28T18:50:04.383+0530][gc,init] Large Page Support: Disabled
[2025-03-28T18:50:04.383+0530][gc,init] NUMA Support: Disabled
[2025-03-28T18:50:04.383+0530][gc,init] Compressed Oops: Enabled (32-bit)
[2025-03-28T18:50:04.383+0530][gc,init] Heap Region Size: 1M
[2025-03-28T18:50:04.383+0530][gc,init] Heap Min Capacity: 1G
[2025-03-28T18:50:04.383+0530][gc,init] Heap Initial Capacity: 1G
[2025-03-28T18:50:04.383+0530][gc,init] Heap Max Capacity: 1G
[2025-03-28T18:50:04.383+0530][gc,init] Pre-touch: Disabled
[2025-03-28T18:50:04.383+0530][gc,init] Parallel Workers: 2
[2025-03-28T18:50:04.383+0530][gc,init] Concurrent Workers: 1
[2025-03-28T18:50:04.383+0530][gc,init] Concurrent Refinement Workers: 2
[2025-03-28T18:50:04.383+0530][gc,init] Periodic GC: Disabled
[2025-03-28T18:50:04.391+0530][gc,metaspace] CDS archive(s) mapped at: [0x00007fcccf000000-0x00007fcccfbc7000-0x00007fcccfbc7000), size 12349440, SharedBaseAddress: 0x00007fcccf000000, ArchiveRelocationMode: 1.
[2025-03-28T18:50:04.391+0530][gc,metaspace] Compressed class space mapped at: 0x00007fccd0000000-0x00007fcd10000000, reserved size: 1073741824
[2025-03-28T18:50:04.391+0530][gc,metaspace] Narrow klass base: 0x00007fcccf000000, Narrow klass shift: 0, Narrow klass range: 0x100000000
[2025-03-28T18:50:11.415+0530][gc,start    ] GC(0) Pause Young (Normal) (G1 Evacuation Pause)
[2025-03-28T18:50:11.416+0530][gc,task     ] GC(0) Using 2 workers of 2 for evacuation
[2025-03-28T18:50:11.430+0530][gc,phases   ] GC(0)   Pre Evacuate Collection Set: 0.3ms
[2025-03-28T18:50:11.431+0530][gc,phases   ] GC(0)   Merge Heap Roots: 0.1ms
[2025-03-28T18:50:11.431+0530][gc,phases   ] GC(0)   Evacuate Collection Set: 11.5ms
[2025-03-28T18:50:11.431+0530][gc,phases   ] GC(0)   Post Evacuate Collection Set: 2.8ms
[2025-03-28T18:50:11.431+0530][gc,phases   ] GC(0)   Other: 1.1ms
[2025-03-28T18:50:11.431+0530][gc,heap     ] GC(0) Eden regions: 51->0(44)
[2025-03-28T18:50:11.431+0530][gc,heap     ] GC(0) Survivor regions: 0->7(7)
[2025-03-28T18:50:11.431+0530][gc,heap     ] GC(0) Old regions: 0->2
[2025-03-28T18:50:11.431+0530][gc,heap     ] GC(0) Archive regions: 2->2
[2025-03-28T18:50:11.431+0530][gc,heap     ] GC(0) Humongous regions: 0->0
[2025-03-28T18:50:11.431+0530][gc,metaspace] GC(0) Metaspace: 17181K(17472K)->17181K(17472K) NonClass: 15057K(15232K)->15057K(15232K) Class: 2123K(2240K)->2123K(2240K)
[2025-03-28T18:50:11.431+0530][gc          ] GC(0) Pause Young (Normal) (G1 Evacuation Pause) 51M->9M(1024M) 15.877ms
[2025-03-28T18:50:11.431+0530][gc,cpu      ] GC(0) User=0.02s Sys=0.00s Real=0.02s
[2025-03-28T18:50:11.692+0530][gc,start    ] GC(1) Pause Young (Concurrent Start) (Metadata GC Threshold)
[2025-03-28T18:50:11.692+0530][gc,task     ] GC(1) Using 2 workers of 2 for evacuation
[2025-03-28T18:50:11.707+0530][gc,phases   ] GC(1)   Pre Evacuate Collection Set: 0.3ms
[2025-03-28T18:50:11.707+0530][gc,phases   ] GC(1)   Merge Heap Roots: 0.1ms
[2025-03-28T18:50:11.707+0530][gc,phases   ] GC(1)   Evacuate Collection Set: 11.2ms
[2025-03-28T18:50:11.707+0530][gc,phases   ] GC(1)   Post Evacuate Collection Set: 3.0ms
[2025-03-28T18:50:11.707+0530][gc,phases   ] GC(1)   Other: 0.2ms
[2025-03-28T18:50:11.707+0530][gc,heap     ] GC(1) Eden regions: 14->0(49)
[2025-03-28T18:50:11.707+0530][gc,heap     ] GC(1) Survivor regions: 7->2(7)
[2025-03-28T18:50:11.707+0530][gc,heap     ] GC(1) Old regions: 2->9
[2025-03-28T18:50:11.707+0530][gc,heap     ] GC(1) Archive regions: 2->2
[2025-03-28T18:50:11.707+0530][gc,heap     ] GC(1) Humongous regions: 0->0
[2025-03-28T18:50:11.707+0530][gc,metaspace] GC(1) Metaspace: 21305K(21504K)->21305K(21504K) NonClass: 18906K(19008K)->18906K(19008K) Class: 2398K(2496K)->2398K(2496K)
[2025-03-28T18:50:11.707+0530][gc          ] GC(1) Pause Young (Concurrent Start) (Metadata GC Threshold) 23M->11M(1024M) 15.036ms
[2025-03-28T18:50:11.707+0530][gc,cpu      ] GC(1) User=0.02s Sys=0.00s Real=0.02s
[2025-03-28T18:50:11.707+0530][gc          ] GC(2) Concurrent Mark Cycle
[2025-03-28T18:50:11.707+0530][gc,marking  ] GC(2) Concurrent Clear Claimed Marks
[2025-03-28T18:50:11.707+0530][gc,marking  ] GC(2) Concurrent Clear Claimed Marks 0.020ms
[2025-03-28T18:50:11.707+0530][gc,marking  ] GC(2) Concurrent Scan Root Regions
[2025-03-28T18:50:11.718+0530][gc,marking  ] GC(2) Concurrent Scan Root Regions 10.279ms
[2025-03-28T18:50:11.718+0530][gc,marking  ] GC(2) Concurrent Mark
[2025-03-28T18:50:11.718+0530][gc,marking  ] GC(2) Concurrent Mark From Roots
[2025-03-28T18:50:11.718+0530][gc,task     ] GC(2) Using 1 workers of 1 for marking
[2025-03-28T18:50:11.725+0530][gc,marking  ] GC(2) Concurrent Mark From Roots 7.405ms
[2025-03-28T18:50:11.725+0530][gc,marking  ] GC(2) Concurrent Preclean
[2025-03-28T18:50:11.725+0530][gc,marking  ] GC(2) Concurrent Preclean 0.086ms
[2025-03-28T18:50:11.727+0530][gc,start    ] GC(2) Pause Remark
[2025-03-28T18:50:11.743+0530][gc          ] GC(2) Pause Remark 12M->12M(1024M) 16.256ms
[2025-03-28T18:50:11.743+0530][gc,cpu      ] GC(2) User=0.01s Sys=0.00s Real=0.01s
[2025-03-28T18:50:11.743+0530][gc,marking  ] GC(2) Concurrent Mark 25.352ms
[2025-03-28T18:50:11.743+0530][gc,marking  ] GC(2) Concurrent Rebuild Remembered Sets
[2025-03-28T18:50:11.751+0530][gc,marking  ] GC(2) Concurrent Rebuild Remembered Sets 8.058ms
[2025-03-28T18:50:11.752+0530][gc,start    ] GC(2) Pause Cleanup
[2025-03-28T18:50:11.752+0530][gc          ] GC(2) Pause Cleanup 12M->12M(1024M) 0.174ms
[2025-03-28T18:50:11.752+0530][gc,cpu      ] GC(2) User=0.00s Sys=0.00s Real=0.00s
[2025-03-28T18:50:11.752+0530][gc,marking  ] GC(2) Concurrent Cleanup for Next Mark
[2025-03-28T18:50:11.767+0530][gc,marking  ] GC(2) Concurrent Cleanup for Next Mark 14.294ms
[2025-03-28T18:50:11.767+0530][gc          ] GC(2) Concurrent Mark Cycle 59.321ms
[2025-03-28T18:50:14.004+0530][gc,start    ] GC(3) Pause Young (Normal) (G1 Evacuation Pause)
[2025-03-28T18:50:14.004+0530][gc,task     ] GC(3) Using 2 workers of 2 for evacuation
[2025-03-28T18:50:14.018+0530][gc,phases   ] GC(3)   Pre Evacuate Collection Set: 0.2ms
[2025-03-28T18:50:14.019+0530][gc,phases   ] GC(3)   Merge Heap Roots: 0.0ms
[2025-03-28T18:50:14.019+0530][gc,phases   ] GC(3)   Evacuate Collection Set: 13.3ms
[2025-03-28T18:50:14.019+0530][gc,phases   ] GC(3)   Post Evacuate Collection Set: 0.6ms
[2025-03-28T18:50:14.019+0530][gc,phases   ] GC(3)   Other: 0.1ms
[2025-03-28T18:50:14.019+0530][gc,heap     ] GC(3) Eden regions: 49->0(47)
[2025-03-28T18:50:14.019+0530][gc,heap     ] GC(3) Survivor regions: 2->4(7)
[2025-03-28T18:50:14.019+0530][gc,heap     ] GC(3) Old regions: 9->9
[2025-03-28T18:50:14.019+0530][gc,heap     ] GC(3) Archive regions: 2->2
[2025-03-28T18:50:14.019+0530][gc,heap     ] GC(3) Humongous regions: 0->0
[2025-03-28T18:50:14.019+0530][gc,metaspace] GC(3) Metaspace: 26015K(26240K)->26015K(26240K) NonClass: 22990K(23104K)->22990K(23104K) Class: 3024K(3136K)->3024K(3136K)
[2025-03-28T18:50:14.019+0530][gc          ] GC(3) Pause Young (Normal) (G1 Evacuation Pause) 60M->12M(1024M) 14.485ms
[2025-03-28T18:50:14.019+0530][gc,cpu      ] GC(3) User=0.01s Sys=0.00s Real=0.01s
[2025-03-28T18:50:15.821+0530][gc,start    ] GC(4) Pause Young (Normal) (G1 Evacuation Pause)
[2025-03-28T18:50:15.822+0530][gc,task     ] GC(4) Using 2 workers of 2 for evacuation
[2025-03-28T18:50:15.837+0530][gc,phases   ] GC(4)   Pre Evacuate Collection Set: 0.2ms
[2025-03-28T18:50:15.837+0530][gc,phases   ] GC(4)   Merge Heap Roots: 0.0ms
[2025-03-28T18:50:15.837+0530][gc,phases   ] GC(4)   Evacuate Collection Set: 14.4ms
[2025-03-28T18:50:15.837+0530][gc,phases   ] GC(4)   Post Evacuate Collection Set: 0.7ms
[2025-03-28T18:50:15.837+0530][gc,phases   ] GC(4)   Other: 0.1ms
[2025-03-28T18:50:15.837+0530][gc,heap     ] GC(4) Eden regions: 47->0(46)
[2025-03-28T18:50:15.837+0530][gc,heap     ] GC(4) Survivor regions: 4->5(7)
[2025-03-28T18:50:15.837+0530][gc,heap     ] GC(4) Old regions: 9->9
[2025-03-28T18:50:15.837+0530][gc,heap     ] GC(4) Archive regions: 2->2
[2025-03-28T18:50:15.837+0530][gc,heap     ] GC(4) Humongous regions: 0->0
[2025-03-28T18:50:15.837+0530][gc,metaspace] GC(4) Metaspace: 33825K(34112K)->33825K(34112K) NonClass: 29987K(30144K)->29987K(30144K) Class: 3837K(3968K)->3837K(3968K)
[2025-03-28T18:50:15.837+0530][gc          ] GC(4) Pause Young (Normal) (G1 Evacuation Pause) 59M->14M(1024M) 15.715ms
[2025-03-28T18:50:15.837+0530][gc,cpu      ] GC(4) User=0.02s Sys=0.00s Real=0.01s
[2025-03-28T18:50:16.106+0530][gc,start    ] GC(5) Pause Young (Concurrent Start) (Metadata GC Threshold)
[2025-03-28T18:50:16.106+0530][gc,task     ] GC(5) Using 2 workers of 2 for evacuation
[2025-03-28T18:50:16.132+0530][gc,mmu      ] GC(5) MMU target violated: 21.0ms (20.0ms/21.0ms)
[2025-03-28T18:50:16.132+0530][gc,phases   ] GC(5)   Pre Evacuate Collection Set: 0.3ms
[2025-03-28T18:50:16.132+0530][gc,phases   ] GC(5)   Merge Heap Roots: 0.1ms
[2025-03-28T18:50:16.132+0530][gc,phases   ] GC(5)   Evacuate Collection Set: 25.1ms
[2025-03-28T18:50:16.132+0530][gc,phases   ] GC(5)   Post Evacuate Collection Set: 0.5ms
[2025-03-28T18:50:16.132+0530][gc,phases   ] GC(5)   Other: 0.3ms
[2025-03-28T18:50:16.132+0530][gc,heap     ] GC(5) Eden regions: 17->0(46)
[2025-03-28T18:50:16.132+0530][gc,heap     ] GC(5) Survivor regions: 5->5(7)
[2025-03-28T18:50:16.132+0530][gc,heap     ] GC(5) Old regions: 9->12
[2025-03-28T18:50:16.132+0530][gc,heap     ] GC(5) Archive regions: 2->2
[2025-03-28T18:50:16.132+0530][gc,heap     ] GC(5) Humongous regions: 0->0
[2025-03-28T18:50:16.132+0530][gc,metaspace] GC(5) Metaspace: 35716K(36096K)->35716K(36096K) NonClass: 31623K(31808K)->31623K(31808K) Class: 4093K(4288K)->4093K(4288K)
[2025-03-28T18:50:16.132+0530][gc          ] GC(5) Pause Young (Concurrent Start) (Metadata GC Threshold) 30M->17M(1024M) 26.353ms
[2025-03-28T18:50:16.132+0530][gc,cpu      ] GC(5) User=0.04s Sys=0.00s Real=0.02s
[2025-03-28T18:50:16.133+0530][gc          ] GC(6) Concurrent Mark Cycle
[2025-03-28T18:50:16.133+0530][gc,marking  ] GC(6) Concurrent Clear Claimed Marks
[2025-03-28T18:50:16.133+0530][gc,marking  ] GC(6) Concurrent Clear Claimed Marks 0.040ms
[2025-03-28T18:50:16.133+0530][gc,marking  ] GC(6) Concurrent Scan Root Regions
[2025-03-28T18:50:16.142+0530][gc,marking  ] GC(6) Concurrent Scan Root Regions 9.334ms
[2025-03-28T18:50:16.142+0530][gc,marking  ] GC(6) Concurrent Mark
[2025-03-28T18:50:16.142+0530][gc,marking  ] GC(6) Concurrent Mark From Roots
[2025-03-28T18:50:16.142+0530][gc,task     ] GC(6) Using 1 workers of 1 for marking
[2025-03-28T18:50:16.185+0530][gc,marking  ] GC(6) Concurrent Mark From Roots 43.032ms
[2025-03-28T18:50:16.185+0530][gc,marking  ] GC(6) Concurrent Preclean
[2025-03-28T18:50:16.186+0530][gc,marking  ] GC(6) Concurrent Preclean 0.151ms
[2025-03-28T18:50:16.189+0530][gc,start    ] GC(6) Pause Remark
[2025-03-28T18:50:16.194+0530][gc          ] GC(6) Pause Remark 19M->19M(1024M) 4.621ms
[2025-03-28T18:50:16.194+0530][gc,cpu      ] GC(6) User=0.00s Sys=0.00s Real=0.00s
[2025-03-28T18:50:16.194+0530][gc,marking  ] GC(6) Concurrent Mark 51.531ms
[2025-03-28T18:50:16.194+0530][gc,marking  ] GC(6) Concurrent Rebuild Remembered Sets
[2025-03-28T18:50:16.210+0530][gc,marking  ] GC(6) Concurrent Rebuild Remembered Sets 15.892ms
[2025-03-28T18:50:16.218+0530][gc,start    ] GC(6) Pause Cleanup
[2025-03-28T18:50:16.218+0530][gc          ] GC(6) Pause Cleanup 20M->20M(1024M) 0.199ms
[2025-03-28T18:50:16.218+0530][gc,cpu      ] GC(6) User=0.00s Sys=0.00s Real=0.00s
[2025-03-28T18:50:16.218+0530][gc,marking  ] GC(6) Concurrent Cleanup for Next Mark
[2025-03-28T18:50:16.234+0530][gc,marking  ] GC(6) Concurrent Cleanup for Next Mark 15.893ms
[2025-03-28T18:50:16.234+0530][gc          ] GC(6) Concurrent Mark Cycle 100.929ms
[2025-03-28T18:51:17.811+0530][gc,heap,exit] Heap
[2025-03-28T18:51:17.811+0530][gc,heap,exit]  garbage-first heap   total 1048576K, used 52952K [0x00000000c0000000, 0x0000000100000000)
[2025-03-28T18:51:17.811+0530][gc,heap,exit]   region size 1024K, 40 young (40960K), 5 survivors (5120K)
[2025-03-28T18:51:17.811+0530][gc,heap,exit]  Metaspace       used 40467K, committed 40832K, reserved 1114112K
[2025-03-28T18:51:17.811+0530][gc,heap,exit]   class space    used 4601K, committed 4736K, reserved 1048576K
