[2025-03-28T19:09:14.917+0530][gc] Using G1
[2025-03-28T19:09:14.930+0530][gc,init] Version: 17.0.14+7-LTS (release)
[2025-03-28T19:09:14.930+0530][gc,init] CPUs: 2 total, 2 available
[2025-03-28T19:09:14.930+0530][gc,init] Memory: 3658M
[2025-03-28T19:09:14.930+0530][gc,init] Large Page Support: Disabled
[2025-03-28T19:09:14.930+0530][gc,init] NUMA Support: Disabled
[2025-03-28T19:09:14.930+0530][gc,init] Compressed Oops: Enabled (32-bit)
[2025-03-28T19:09:14.930+0530][gc,init] Heap Region Size: 1M
[2025-03-28T19:09:14.930+0530][gc,init] Heap Min Capacity: 1G
[2025-03-28T19:09:14.930+0530][gc,init] Heap Initial Capacity: 1G
[2025-03-28T19:09:14.930+0530][gc,init] Heap Max Capacity: 1G
[2025-03-28T19:09:14.930+0530][gc,init] Pre-touch: Disabled
[2025-03-28T19:09:14.930+0530][gc,init] Parallel Workers: 2
[2025-03-28T19:09:14.930+0530][gc,init] Concurrent Workers: 1
[2025-03-28T19:09:14.930+0530][gc,init] Concurrent Refinement Workers: 2
[2025-03-28T19:09:14.930+0530][gc,init] Periodic GC: Disabled
[2025-03-28T19:09:14.937+0530][gc,metaspace] CDS archive(s) mapped at: [0x00007f4d07000000-0x00007f4d07bc7000-0x00007f4d07bc7000), size 12349440, SharedBaseAddress: 0x00007f4d07000000, ArchiveRelocationMode: 1.
[2025-03-28T19:09:14.938+0530][gc,metaspace] Compressed class space mapped at: 0x00007f4d08000000-0x00007f4d48000000, reserved size: 1073741824
[2025-03-28T19:09:14.938+0530][gc,metaspace] Narrow klass base: 0x00007f4d07000000, Narrow klass shift: 0, Narrow klass range: 0x100000000
[2025-03-28T19:09:22.274+0530][gc,start    ] GC(0) Pause Young (Normal) (G1 Evacuation Pause)
[2025-03-28T19:09:22.274+0530][gc,task     ] GC(0) Using 2 workers of 2 for evacuation
[2025-03-28T19:09:22.309+0530][gc,mmu      ] GC(0) MMU target violated: 21.0ms (20.0ms/21.0ms)
[2025-03-28T19:09:22.309+0530][gc,phases   ] GC(0)   Pre Evacuate Collection Set: 0.3ms
[2025-03-28T19:09:22.309+0530][gc,phases   ] GC(0)   Merge Heap Roots: 0.2ms
[2025-03-28T19:09:22.309+0530][gc,phases   ] GC(0)   Evacuate Collection Set: 33.9ms
[2025-03-28T19:09:22.309+0530][gc,phases   ] GC(0)   Post Evacuate Collection Set: 0.7ms
[2025-03-28T19:09:22.309+0530][gc,phases   ] GC(0)   Other: 0.5ms
[2025-03-28T19:09:22.309+0530][gc,heap     ] GC(0) Eden regions: 51->0(44)
[2025-03-28T19:09:22.309+0530][gc,heap     ] GC(0) Survivor regions: 0->7(7)
[2025-03-28T19:09:22.309+0530][gc,heap     ] GC(0) Old regions: 0->2
[2025-03-28T19:09:22.309+0530][gc,heap     ] GC(0) Archive regions: 2->2
[2025-03-28T19:09:22.309+0530][gc,heap     ] GC(0) Humongous regions: 0->0
[2025-03-28T19:09:22.309+0530][gc,metaspace] GC(0) Metaspace: 17363K(17600K)->17363K(17600K) NonClass: 15230K(15360K)->15230K(15360K) Class: 2133K(2240K)->2133K(2240K)
[2025-03-28T19:09:22.309+0530][gc          ] GC(0) Pause Young (Normal) (G1 Evacuation Pause) 51M->9M(1024M) 35.687ms
[2025-03-28T19:09:22.309+0530][gc,cpu      ] GC(0) User=0.02s Sys=0.00s Real=0.04s
[2025-03-28T19:09:22.591+0530][gc,start    ] GC(1) Pause Young (Concurrent Start) (Metadata GC Threshold)
[2025-03-28T19:09:22.591+0530][gc,task     ] GC(1) Using 2 workers of 2 for evacuation
[2025-03-28T19:09:22.600+0530][gc,phases   ] GC(1)   Pre Evacuate Collection Set: 0.2ms
[2025-03-28T19:09:22.600+0530][gc,phases   ] GC(1)   Merge Heap Roots: 0.1ms
[2025-03-28T19:09:22.600+0530][gc,phases   ] GC(1)   Evacuate Collection Set: 7.4ms
[2025-03-28T19:09:22.600+0530][gc,phases   ] GC(1)   Post Evacuate Collection Set: 0.7ms
[2025-03-28T19:09:22.600+0530][gc,phases   ] GC(1)   Other: 0.3ms
[2025-03-28T19:09:22.600+0530][gc,heap     ] GC(1) Eden regions: 13->0(49)
[2025-03-28T19:09:22.600+0530][gc,heap     ] GC(1) Survivor regions: 7->2(7)
[2025-03-28T19:09:22.600+0530][gc,heap     ] GC(1) Old regions: 2->9
[2025-03-28T19:09:22.600+0530][gc,heap     ] GC(1) Archive regions: 2->2
[2025-03-28T19:09:22.600+0530][gc,heap     ] GC(1) Humongous regions: 0->0
[2025-03-28T19:09:22.600+0530][gc,metaspace] GC(1) Metaspace: 21324K(21504K)->21324K(21504K) NonClass: 18926K(19008K)->18926K(19008K) Class: 2397K(2496K)->2397K(2496K)
[2025-03-28T19:09:22.600+0530][gc          ] GC(1) Pause Young (Concurrent Start) (Metadata GC Threshold) 22M->10M(1024M) 8.912ms
[2025-03-28T19:09:22.600+0530][gc,cpu      ] GC(1) User=0.02s Sys=0.01s Real=0.01s
[2025-03-28T19:09:22.600+0530][gc          ] GC(2) Concurrent Mark Cycle
[2025-03-28T19:09:22.600+0530][gc,marking  ] GC(2) Concurrent Clear Claimed Marks
[2025-03-28T19:09:22.600+0530][gc,marking  ] GC(2) Concurrent Clear Claimed Marks 0.034ms
[2025-03-28T19:09:22.600+0530][gc,marking  ] GC(2) Concurrent Scan Root Regions
[2025-03-28T19:09:22.612+0530][gc,marking  ] GC(2) Concurrent Scan Root Regions 11.435ms
[2025-03-28T19:09:22.612+0530][gc,marking  ] GC(2) Concurrent Mark
[2025-03-28T19:09:22.612+0530][gc,marking  ] GC(2) Concurrent Mark From Roots
[2025-03-28T19:09:22.612+0530][gc,task     ] GC(2) Using 1 workers of 1 for marking
[2025-03-28T19:09:22.616+0530][gc,marking  ] GC(2) Concurrent Mark From Roots 4.587ms
[2025-03-28T19:09:22.617+0530][gc,marking  ] GC(2) Concurrent Preclean
[2025-03-28T19:09:22.617+0530][gc,marking  ] GC(2) Concurrent Preclean 0.035ms
[2025-03-28T19:09:22.617+0530][gc,start    ] GC(2) Pause Remark
[2025-03-28T19:09:22.634+0530][gc          ] GC(2) Pause Remark 12M->12M(1024M) 17.346ms
[2025-03-28T19:09:22.634+0530][gc,cpu      ] GC(2) User=0.00s Sys=0.00s Real=0.03s
[2025-03-28T19:09:22.634+0530][gc,marking  ] GC(2) Concurrent Mark 22.150ms
[2025-03-28T19:09:22.634+0530][gc,marking  ] GC(2) Concurrent Rebuild Remembered Sets
[2025-03-28T19:09:22.648+0530][gc,marking  ] GC(2) Concurrent Rebuild Remembered Sets 14.392ms
[2025-03-28T19:09:22.649+0530][gc,start    ] GC(2) Pause Cleanup
[2025-03-28T19:09:22.650+0530][gc          ] GC(2) Pause Cleanup 12M->12M(1024M) 0.342ms
[2025-03-28T19:09:22.650+0530][gc,cpu      ] GC(2) User=0.00s Sys=0.00s Real=0.00s
[2025-03-28T19:09:22.650+0530][gc,marking  ] GC(2) Concurrent Cleanup for Next Mark
[2025-03-28T19:09:22.664+0530][gc,marking  ] GC(2) Concurrent Cleanup for Next Mark 13.897ms
[2025-03-28T19:09:22.664+0530][gc          ] GC(2) Concurrent Mark Cycle 63.586ms
[2025-03-28T19:09:25.190+0530][gc,start    ] GC(3) Pause Young (Normal) (G1 Evacuation Pause)
[2025-03-28T19:09:25.190+0530][gc,task     ] GC(3) Using 2 workers of 2 for evacuation
[2025-03-28T19:09:25.221+0530][gc,mmu      ] GC(3) MMU target violated: 21.0ms (20.0ms/21.0ms)
[2025-03-28T19:09:25.221+0530][gc,phases   ] GC(3)   Pre Evacuate Collection Set: 0.2ms
[2025-03-28T19:09:25.221+0530][gc,phases   ] GC(3)   Merge Heap Roots: 0.0ms
[2025-03-28T19:09:25.221+0530][gc,phases   ] GC(3)   Evacuate Collection Set: 29.0ms
[2025-03-28T19:09:25.221+0530][gc,phases   ] GC(3)   Post Evacuate Collection Set: 1.3ms
[2025-03-28T19:09:25.221+0530][gc,phases   ] GC(3)   Other: 0.2ms
[2025-03-28T19:09:25.221+0530][gc,heap     ] GC(3) Eden regions: 49->0(47)
[2025-03-28T19:09:25.221+0530][gc,heap     ] GC(3) Survivor regions: 2->4(7)
[2025-03-28T19:09:25.221+0530][gc,heap     ] GC(3) Old regions: 9->9
[2025-03-28T19:09:25.221+0530][gc,heap     ] GC(3) Archive regions: 2->2
[2025-03-28T19:09:25.221+0530][gc,heap     ] GC(3) Humongous regions: 0->0
[2025-03-28T19:09:25.221+0530][gc,metaspace] GC(3) Metaspace: 26055K(26304K)->26055K(26304K) NonClass: 23031K(23168K)->23031K(23168K) Class: 3024K(3136K)->3024K(3136K)
[2025-03-28T19:09:25.221+0530][gc          ] GC(3) Pause Young (Normal) (G1 Evacuation Pause) 59M->12M(1024M) 30.871ms
[2025-03-28T19:09:25.221+0530][gc,cpu      ] GC(3) User=0.01s Sys=0.00s Real=0.04s
[2025-03-28T19:09:27.251+0530][gc,start    ] GC(4) Pause Young (Normal) (G1 Evacuation Pause)
[2025-03-28T19:09:27.251+0530][gc,task     ] GC(4) Using 2 workers of 2 for evacuation
[2025-03-28T19:09:27.263+0530][gc,phases   ] GC(4)   Pre Evacuate Collection Set: 0.9ms
[2025-03-28T19:09:27.263+0530][gc,phases   ] GC(4)   Merge Heap Roots: 0.1ms
[2025-03-28T19:09:27.263+0530][gc,phases   ] GC(4)   Evacuate Collection Set: 11.0ms
[2025-03-28T19:09:27.263+0530][gc,phases   ] GC(4)   Post Evacuate Collection Set: 0.6ms
[2025-03-28T19:09:27.263+0530][gc,phases   ] GC(4)   Other: 0.2ms
[2025-03-28T19:09:27.263+0530][gc,heap     ] GC(4) Eden regions: 47->0(46)
[2025-03-28T19:09:27.264+0530][gc,heap     ] GC(4) Survivor regions: 4->5(7)
[2025-03-28T19:09:27.264+0530][gc,heap     ] GC(4) Old regions: 9->9
[2025-03-28T19:09:27.264+0530][gc,heap     ] GC(4) Archive regions: 2->2
[2025-03-28T19:09:27.264+0530][gc,heap     ] GC(4) Humongous regions: 0->0
[2025-03-28T19:09:27.264+0530][gc,metaspace] GC(4) Metaspace: 33628K(33856K)->33628K(33856K) NonClass: 29807K(29952K)->29807K(29952K) Class: 3820K(3904K)->3820K(3904K)
[2025-03-28T19:09:27.264+0530][gc          ] GC(4) Pause Young (Normal) (G1 Evacuation Pause) 59M->13M(1024M) 12.918ms
[2025-03-28T19:09:27.264+0530][gc,cpu      ] GC(4) User=0.01s Sys=0.00s Real=0.00s
[2025-03-28T19:09:28.381+0530][gc,start    ] GC(5) Pause Young (Concurrent Start) (Metadata GC Threshold)
[2025-03-28T19:09:28.381+0530][gc,task     ] GC(5) Using 2 workers of 2 for evacuation
[2025-03-28T19:09:28.425+0530][gc,mmu      ] GC(5) MMU target violated: 21.0ms (20.0ms/21.0ms)
[2025-03-28T19:09:28.425+0530][gc,phases   ] GC(5)   Pre Evacuate Collection Set: 0.2ms
[2025-03-28T19:09:28.425+0530][gc,phases   ] GC(5)   Merge Heap Roots: 0.0ms
[2025-03-28T19:09:28.425+0530][gc,phases   ] GC(5)   Evacuate Collection Set: 21.3ms
[2025-03-28T19:09:28.425+0530][gc,phases   ] GC(5)   Post Evacuate Collection Set: 22.0ms
[2025-03-28T19:09:28.425+0530][gc,phases   ] GC(5)   Other: 0.2ms
[2025-03-28T19:09:28.425+0530][gc,heap     ] GC(5) Eden regions: 20->0(45)
[2025-03-28T19:09:28.425+0530][gc,heap     ] GC(5) Survivor regions: 5->6(7)
[2025-03-28T19:09:28.425+0530][gc,heap     ] GC(5) Old regions: 9->12
[2025-03-28T19:09:28.425+0530][gc,heap     ] GC(5) Archive regions: 2->2
[2025-03-28T19:09:28.425+0530][gc,heap     ] GC(5) Humongous regions: 0->0
[2025-03-28T19:09:28.425+0530][gc,metaspace] GC(5) Metaspace: 35958K(36288K)->35958K(36288K) NonClass: 31926K(32128K)->31926K(32128K) Class: 4031K(4160K)->4031K(4160K)
[2025-03-28T19:09:28.425+0530][gc          ] GC(5) Pause Young (Concurrent Start) (Metadata GC Threshold) 33M->17M(1024M) 43.951ms
[2025-03-28T19:09:28.425+0530][gc,cpu      ] GC(5) User=0.04s Sys=0.00s Real=0.04s
[2025-03-28T19:09:28.425+0530][gc          ] GC(6) Concurrent Mark Cycle
[2025-03-28T19:09:28.425+0530][gc,marking  ] GC(6) Concurrent Clear Claimed Marks
[2025-03-28T19:09:28.425+0530][gc,marking  ] GC(6) Concurrent Clear Claimed Marks 0.030ms
[2025-03-28T19:09:28.425+0530][gc,marking  ] GC(6) Concurrent Scan Root Regions
[2025-03-28T19:09:28.456+0530][gc,marking  ] GC(6) Concurrent Scan Root Regions 30.528ms
[2025-03-28T19:09:28.456+0530][gc,marking  ] GC(6) Concurrent Mark
[2025-03-28T19:09:28.456+0530][gc,marking  ] GC(6) Concurrent Mark From Roots
[2025-03-28T19:09:28.456+0530][gc,task     ] GC(6) Using 1 workers of 1 for marking
[2025-03-28T19:09:28.498+0530][gc,marking  ] GC(6) Concurrent Mark From Roots 41.867ms
[2025-03-28T19:09:28.498+0530][gc,marking  ] GC(6) Concurrent Preclean
[2025-03-28T19:09:28.498+0530][gc,marking  ] GC(6) Concurrent Preclean 0.158ms
[2025-03-28T19:09:28.502+0530][gc,start    ] GC(6) Pause Remark
[2025-03-28T19:09:28.543+0530][gc,mmu      ] GC(6) MMU target violated: 21.0ms (20.0ms/21.0ms)
[2025-03-28T19:09:28.543+0530][gc          ] GC(6) Pause Remark 19M->19M(1024M) 41.015ms
[2025-03-28T19:09:28.543+0530][gc,cpu      ] GC(6) User=0.02s Sys=0.01s Real=0.04s
[2025-03-28T19:09:28.544+0530][gc,marking  ] GC(6) Concurrent Mark 87.783ms
[2025-03-28T19:09:28.544+0530][gc,marking  ] GC(6) Concurrent Rebuild Remembered Sets
[2025-03-28T19:09:28.576+0530][gc,marking  ] GC(6) Concurrent Rebuild Remembered Sets 32.273ms
[2025-03-28T19:09:28.583+0530][gc,start    ] GC(6) Pause Cleanup
[2025-03-28T19:09:28.583+0530][gc          ] GC(6) Pause Cleanup 20M->20M(1024M) 0.178ms
[2025-03-28T19:09:28.583+0530][gc,cpu      ] GC(6) User=0.00s Sys=0.00s Real=0.00s
[2025-03-28T19:09:28.584+0530][gc,marking  ] GC(6) Concurrent Cleanup for Next Mark
[2025-03-28T19:09:28.612+0530][gc,marking  ] GC(6) Concurrent Cleanup for Next Mark 28.071ms
[2025-03-28T19:09:28.612+0530][gc          ] GC(6) Concurrent Mark Cycle 186.865ms
[2025-03-28T19:09:34.095+0530][gc,start    ] GC(7) Pause Young (Normal) (G1 Evacuation Pause)
[2025-03-28T19:09:34.095+0530][gc,task     ] GC(7) Using 2 workers of 2 for evacuation
[2025-03-28T19:09:34.161+0530][gc,mmu      ] GC(7) MMU target violated: 21.0ms (20.0ms/21.0ms)
[2025-03-28T19:09:34.161+0530][gc,phases   ] GC(7)   Pre Evacuate Collection Set: 0.2ms
[2025-03-28T19:09:34.161+0530][gc,phases   ] GC(7)   Merge Heap Roots: 0.1ms
[2025-03-28T19:09:34.161+0530][gc,phases   ] GC(7)   Evacuate Collection Set: 59.4ms
[2025-03-28T19:09:34.161+0530][gc,phases   ] GC(7)   Post Evacuate Collection Set: 6.1ms
[2025-03-28T19:09:34.161+0530][gc,phases   ] GC(7)   Other: 0.2ms
[2025-03-28T19:09:34.161+0530][gc,heap     ] GC(7) Eden regions: 45->0(45)
[2025-03-28T19:09:34.161+0530][gc,heap     ] GC(7) Survivor regions: 6->6(7)
[2025-03-28T19:09:34.161+0530][gc,heap     ] GC(7) Old regions: 12->13
[2025-03-28T19:09:34.161+0530][gc,heap     ] GC(7) Archive regions: 2->2
[2025-03-28T19:09:34.161+0530][gc,heap     ] GC(7) Humongous regions: 138->138
[2025-03-28T19:09:34.161+0530][gc,metaspace] GC(7) Metaspace: 41893K(42240K)->41893K(42240K) NonClass: 37112K(37312K)->37112K(37312K) Class: 4780K(4928K)->4780K(4928K)
[2025-03-28T19:09:34.161+0530][gc          ] GC(7) Pause Young (Normal) (G1 Evacuation Pause) 200M->157M(1024M) 66.106ms
[2025-03-28T19:09:34.161+0530][gc,cpu      ] GC(7) User=0.06s Sys=0.01s Real=0.06s
[2025-03-28T19:12:03.444+0530][gc,start    ] GC(8) Pause Young (Normal) (G1 Evacuation Pause)
[2025-03-28T19:12:03.444+0530][gc,task     ] GC(8) Using 2 workers of 2 for evacuation
[2025-03-28T19:12:03.465+0530][gc,mmu      ] GC(8) MMU target violated: 20.8ms (20.0ms/21.0ms)
[2025-03-28T19:12:03.465+0530][gc,phases   ] GC(8)   Pre Evacuate Collection Set: 0.2ms
[2025-03-28T19:12:03.465+0530][gc,phases   ] GC(8)   Merge Heap Roots: 0.1ms
[2025-03-28T19:12:03.466+0530][gc,phases   ] GC(8)   Evacuate Collection Set: 19.5ms
[2025-03-28T19:12:03.466+0530][gc,phases   ] GC(8)   Post Evacuate Collection Set: 1.0ms
[2025-03-28T19:12:03.466+0530][gc,phases   ] GC(8)   Other: 0.2ms
[2025-03-28T19:12:03.466+0530][gc,heap     ] GC(8) Eden regions: 45->0(46)
[2025-03-28T19:12:03.466+0530][gc,heap     ] GC(8) Survivor regions: 6->5(7)
[2025-03-28T19:12:03.466+0530][gc,heap     ] GC(8) Old regions: 13->16
[2025-03-28T19:12:03.466+0530][gc,heap     ] GC(8) Archive regions: 2->2
[2025-03-28T19:12:03.466+0530][gc,heap     ] GC(8) Humongous regions: 144->138
[2025-03-28T19:12:03.466+0530][gc,metaspace] GC(8) Metaspace: 45094K(45504K)->45094K(45504K) NonClass: 39960K(40192K)->39960K(40192K) Class: 5134K(5312K)->5134K(5312K)
[2025-03-28T19:12:03.466+0530][gc          ] GC(8) Pause Young (Normal) (G1 Evacuation Pause) 208M->159M(1024M) 21.191ms
[2025-03-28T19:12:03.466+0530][gc,cpu      ] GC(8) User=0.04s Sys=0.00s Real=0.03s
[2025-03-28T19:12:58.030+0530][gc,start    ] GC(9) Pause Young (Normal) (G1 Evacuation Pause)
[2025-03-28T19:12:58.030+0530][gc,task     ] GC(9) Using 2 workers of 2 for evacuation
[2025-03-28T19:12:58.102+0530][gc,mmu      ] GC(9) MMU target violated: 21.0ms (20.0ms/21.0ms)
[2025-03-28T19:12:58.103+0530][gc,phases   ] GC(9)   Pre Evacuate Collection Set: 0.2ms
[2025-03-28T19:12:58.103+0530][gc,phases   ] GC(9)   Merge Heap Roots: 0.4ms
[2025-03-28T19:12:58.103+0530][gc,phases   ] GC(9)   Evacuate Collection Set: 70.9ms
[2025-03-28T19:12:58.103+0530][gc,phases   ] GC(9)   Post Evacuate Collection Set: 0.6ms
[2025-03-28T19:12:58.103+0530][gc,phases   ] GC(9)   Other: 0.2ms
[2025-03-28T19:12:58.103+0530][gc,heap     ] GC(9) Eden regions: 46->0(44)
[2025-03-28T19:12:58.103+0530][gc,heap     ] GC(9) Survivor regions: 5->7(7)
[2025-03-28T19:12:58.103+0530][gc,heap     ] GC(9) Old regions: 16->19
[2025-03-28T19:12:58.103+0530][gc,heap     ] GC(9) Archive regions: 2->2
[2025-03-28T19:12:58.103+0530][gc,heap     ] GC(9) Humongous regions: 138->138
[2025-03-28T19:12:58.103+0530][gc,metaspace] GC(9) Metaspace: 47369K(47872K)->47369K(47872K) NonClass: 41968K(42240K)->41968K(42240K) Class: 5400K(5632K)->5400K(5632K)
[2025-03-28T19:12:58.103+0530][gc          ] GC(9) Pause Young (Normal) (G1 Evacuation Pause) 205M->164M(1024M) 72.374ms
[2025-03-28T19:12:58.103+0530][gc,cpu      ] GC(9) User=0.05s Sys=0.01s Real=0.07s
[2025-03-28T19:12:59.331+0530][gc,start    ] GC(10) Pause Young (Normal) (G1 Evacuation Pause)
[2025-03-28T19:12:59.332+0530][gc,task     ] GC(10) Using 2 workers of 2 for evacuation
[2025-03-28T19:12:59.413+0530][gc,mmu      ] GC(10) MMU target violated: 21.0ms (20.0ms/21.0ms)
[2025-03-28T19:12:59.413+0530][gc,phases   ] GC(10)   Pre Evacuate Collection Set: 0.3ms
[2025-03-28T19:12:59.413+0530][gc,phases   ] GC(10)   Merge Heap Roots: 0.1ms
[2025-03-28T19:12:59.413+0530][gc,phases   ] GC(10)   Evacuate Collection Set: 80.3ms
[2025-03-28T19:12:59.413+0530][gc,phases   ] GC(10)   Post Evacuate Collection Set: 0.7ms
[2025-03-28T19:12:59.413+0530][gc,phases   ] GC(10)   Other: 0.2ms
[2025-03-28T19:12:59.413+0530][gc,heap     ] GC(10) Eden regions: 44->0(48)
[2025-03-28T19:12:59.413+0530][gc,heap     ] GC(10) Survivor regions: 7->3(7)
[2025-03-28T19:12:59.413+0530][gc,heap     ] GC(10) Old regions: 19->23
[2025-03-28T19:12:59.413+0530][gc,heap     ] GC(10) Archive regions: 2->2
[2025-03-28T19:12:59.413+0530][gc,heap     ] GC(10) Humongous regions: 138->138
[2025-03-28T19:12:59.413+0530][gc,metaspace] GC(10) Metaspace: 47735K(48256K)->47735K(48256K) NonClass: 42273K(42560K)->42273K(42560K) Class: 5462K(5696K)->5462K(5696K)
[2025-03-28T19:12:59.413+0530][gc          ] GC(10) Pause Young (Normal) (G1 Evacuation Pause) 208M->164M(1024M) 81.652ms
[2025-03-28T19:12:59.413+0530][gc,cpu      ] GC(10) User=0.04s Sys=0.00s Real=0.08s
[2025-03-28T19:12:59.803+0530][gc,start    ] GC(11) Pause Young (Normal) (G1 Evacuation Pause)
[2025-03-28T19:12:59.803+0530][gc,task     ] GC(11) Using 2 workers of 2 for evacuation
[2025-03-28T19:12:59.854+0530][gc,mmu      ] GC(11) MMU target violated: 21.0ms (20.0ms/21.0ms)
[2025-03-28T19:12:59.854+0530][gc,phases   ] GC(11)   Pre Evacuate Collection Set: 0.3ms
[2025-03-28T19:12:59.854+0530][gc,phases   ] GC(11)   Merge Heap Roots: 0.1ms
[2025-03-28T19:12:59.854+0530][gc,phases   ] GC(11)   Evacuate Collection Set: 50.0ms
[2025-03-28T19:12:59.854+0530][gc,phases   ] GC(11)   Post Evacuate Collection Set: 0.5ms
[2025-03-28T19:12:59.854+0530][gc,phases   ] GC(11)   Other: 0.2ms
[2025-03-28T19:12:59.854+0530][gc,heap     ] GC(11) Eden regions: 48->0(46)
[2025-03-28T19:12:59.854+0530][gc,heap     ] GC(11) Survivor regions: 3->5(7)
[2025-03-28T19:12:59.854+0530][gc,heap     ] GC(11) Old regions: 23->23
[2025-03-28T19:12:59.854+0530][gc,heap     ] GC(11) Archive regions: 2->2
[2025-03-28T19:12:59.854+0530][gc,heap     ] GC(11) Humongous regions: 141->140
[2025-03-28T19:12:59.854+0530][gc,metaspace] GC(11) Metaspace: 47750K(48256K)->47750K(48256K) NonClass: 42288K(42560K)->42288K(42560K) Class: 5462K(5696K)->5462K(5696K)
[2025-03-28T19:12:59.854+0530][gc          ] GC(11) Pause Young (Normal) (G1 Evacuation Pause) 215M->168M(1024M) 51.196ms
[2025-03-28T19:12:59.854+0530][gc,cpu      ] GC(11) User=0.01s Sys=0.00s Real=0.05s
[2025-03-28T19:13:00.390+0530][gc,start    ] GC(12) Pause Young (Normal) (G1 Evacuation Pause)
[2025-03-28T19:13:00.390+0530][gc,task     ] GC(12) Using 2 workers of 2 for evacuation
[2025-03-28T19:13:00.430+0530][gc,mmu      ] GC(12) MMU target violated: 21.0ms (20.0ms/21.0ms)
[2025-03-28T19:13:00.430+0530][gc,phases   ] GC(12)   Pre Evacuate Collection Set: 0.3ms
[2025-03-28T19:13:00.430+0530][gc,phases   ] GC(12)   Merge Heap Roots: 0.2ms
[2025-03-28T19:13:00.430+0530][gc,phases   ] GC(12)   Evacuate Collection Set: 38.6ms
[2025-03-28T19:13:00.430+0530][gc,phases   ] GC(12)   Post Evacuate Collection Set: 0.8ms
[2025-03-28T19:13:00.430+0530][gc,phases   ] GC(12)   Other: 0.4ms
[2025-03-28T19:13:00.430+0530][gc,heap     ] GC(12) Eden regions: 46->0(44)
[2025-03-28T19:13:00.430+0530][gc,heap     ] GC(12) Survivor regions: 5->7(7)
[2025-03-28T19:13:00.430+0530][gc,heap     ] GC(12) Old regions: 23->24
[2025-03-28T19:13:00.430+0530][gc,heap     ] GC(12) Archive regions: 2->2
[2025-03-28T19:13:00.430+0530][gc,heap     ] GC(12) Humongous regions: 143->138
[2025-03-28T19:13:00.430+0530][gc,metaspace] GC(12) Metaspace: 48328K(48960K)->48328K(48960K) NonClass: 42811K(43136K)->42811K(43136K) Class: 5517K(5824K)->5517K(5824K)
[2025-03-28T19:13:00.430+0530][gc          ] GC(12) Pause Young (Normal) (G1 Evacuation Pause) 217M->169M(1024M) 40.489ms
[2025-03-28T19:13:00.430+0530][gc,cpu      ] GC(12) User=0.02s Sys=0.00s Real=0.05s
[2025-03-28T19:13:00.878+0530][gc,start    ] GC(13) Pause Young (Normal) (G1 Evacuation Pause)
[2025-03-28T19:13:00.878+0530][gc,task     ] GC(13) Using 2 workers of 2 for evacuation
[2025-03-28T19:13:00.938+0530][gc,mmu      ] GC(13) MMU target violated: 21.0ms (20.0ms/21.0ms)
[2025-03-28T19:13:00.938+0530][gc,phases   ] GC(13)   Pre Evacuate Collection Set: 0.3ms
[2025-03-28T19:13:00.938+0530][gc,phases   ] GC(13)   Merge Heap Roots: 0.2ms
[2025-03-28T19:13:00.938+0530][gc,phases   ] GC(13)   Evacuate Collection Set: 49.9ms
[2025-03-28T19:13:00.938+0530][gc,phases   ] GC(13)   Post Evacuate Collection Set: 8.9ms
[2025-03-28T19:13:00.938+0530][gc,phases   ] GC(13)   Other: 0.2ms
[2025-03-28T19:13:00.938+0530][gc,heap     ] GC(13) Eden regions: 44->0(49)
[2025-03-28T19:13:00.938+0530][gc,heap     ] GC(13) Survivor regions: 7->2(7)
[2025-03-28T19:13:00.938+0530][gc,heap     ] GC(13) Old regions: 24->26
[2025-03-28T19:13:00.938+0530][gc,heap     ] GC(13) Archive regions: 2->2
[2025-03-28T19:13:00.938+0530][gc,heap     ] GC(13) Humongous regions: 140->140
[2025-03-28T19:13:00.938+0530][gc,metaspace] GC(13) Metaspace: 48328K(48960K)->48328K(48960K) NonClass: 42811K(43136K)->42811K(43136K) Class: 5517K(5824K)->5517K(5824K)
[2025-03-28T19:13:00.938+0530][gc          ] GC(13) Pause Young (Normal) (G1 Evacuation Pause) 215M->168M(1024M) 59.643ms
[2025-03-28T19:13:00.938+0530][gc,cpu      ] GC(13) User=0.04s Sys=0.00s Real=0.06s
[2025-03-28T19:13:06.590+0530][gc,start    ] GC(14) Pause Young (Normal) (G1 Evacuation Pause)
[2025-03-28T19:13:06.590+0530][gc,task     ] GC(14) Using 2 workers of 2 for evacuation
[2025-03-28T19:13:06.640+0530][gc,mmu      ] GC(14) MMU target violated: 21.0ms (20.0ms/21.0ms)
[2025-03-28T19:13:06.640+0530][gc,phases   ] GC(14)   Pre Evacuate Collection Set: 18.5ms
[2025-03-28T19:13:06.640+0530][gc,phases   ] GC(14)   Merge Heap Roots: 0.2ms
[2025-03-28T19:13:06.640+0530][gc,phases   ] GC(14)   Evacuate Collection Set: 30.6ms
[2025-03-28T19:13:06.640+0530][gc,phases   ] GC(14)   Post Evacuate Collection Set: 0.5ms
[2025-03-28T19:13:06.640+0530][gc,phases   ] GC(14)   Other: 0.2ms
[2025-03-28T19:13:06.640+0530][gc,heap     ] GC(14) Eden regions: 49->0(44)
[2025-03-28T19:13:06.640+0530][gc,heap     ] GC(14) Survivor regions: 2->7(7)
[2025-03-28T19:13:06.640+0530][gc,heap     ] GC(14) Old regions: 26->26
[2025-03-28T19:13:06.640+0530][gc,heap     ] GC(14) Archive regions: 2->2
[2025-03-28T19:13:06.640+0530][gc,heap     ] GC(14) Humongous regions: 140->138
[2025-03-28T19:13:06.640+0530][gc,metaspace] GC(14) Metaspace: 48351K(48960K)->48351K(48960K) NonClass: 42833K(43136K)->42833K(43136K) Class: 5517K(5824K)->5517K(5824K)
[2025-03-28T19:13:06.640+0530][gc          ] GC(14) Pause Young (Normal) (G1 Evacuation Pause) 217M->170M(1024M) 50.066ms
[2025-03-28T19:13:06.640+0530][gc,cpu      ] GC(14) User=0.02s Sys=0.00s Real=0.05s
[2025-03-28T19:13:07.071+0530][gc,start    ] GC(15) Pause Young (Normal) (G1 Evacuation Pause)
[2025-03-28T19:13:07.071+0530][gc,task     ] GC(15) Using 2 workers of 2 for evacuation
[2025-03-28T19:13:07.102+0530][gc,mmu      ] GC(15) MMU target violated: 21.0ms (20.0ms/21.0ms)
[2025-03-28T19:13:07.102+0530][gc,phases   ] GC(15)   Pre Evacuate Collection Set: 0.7ms
[2025-03-28T19:13:07.102+0530][gc,phases   ] GC(15)   Merge Heap Roots: 0.1ms
[2025-03-28T19:13:07.102+0530][gc,phases   ] GC(15)   Evacuate Collection Set: 29.2ms
[2025-03-28T19:13:07.102+0530][gc,phases   ] GC(15)   Post Evacuate Collection Set: 0.5ms
[2025-03-28T19:13:07.102+0530][gc,phases   ] GC(15)   Other: 0.2ms
[2025-03-28T19:13:07.102+0530][gc,heap     ] GC(15) Eden regions: 44->0(49)
[2025-03-28T19:13:07.102+0530][gc,heap     ] GC(15) Survivor regions: 7->2(7)
[2025-03-28T19:13:07.102+0530][gc,heap     ] GC(15) Old regions: 26->28
[2025-03-28T19:13:07.102+0530][gc,heap     ] GC(15) Archive regions: 2->2
[2025-03-28T19:13:07.102+0530][gc,heap     ] GC(15) Humongous regions: 140->140
[2025-03-28T19:13:07.102+0530][gc,metaspace] GC(15) Metaspace: 48355K(48960K)->48355K(48960K) NonClass: 42838K(43136K)->42838K(43136K) Class: 5517K(5824K)->5517K(5824K)
[2025-03-28T19:13:07.102+0530][gc          ] GC(15) Pause Young (Normal) (G1 Evacuation Pause) 216M->170M(1024M) 30.787ms
[2025-03-28T19:13:07.102+0530][gc,cpu      ] GC(15) User=0.01s Sys=0.00s Real=0.03s
[2025-03-28T19:13:09.842+0530][gc,start    ] GC(16) Pause Young (Normal) (G1 Evacuation Pause)
[2025-03-28T19:13:09.842+0530][gc,task     ] GC(16) Using 2 workers of 2 for evacuation
[2025-03-28T19:13:09.859+0530][gc,phases   ] GC(16)   Pre Evacuate Collection Set: 0.3ms
[2025-03-28T19:13:09.859+0530][gc,phases   ] GC(16)   Merge Heap Roots: 0.1ms
[2025-03-28T19:13:09.859+0530][gc,phases   ] GC(16)   Evacuate Collection Set: 16.2ms
[2025-03-28T19:13:09.859+0530][gc,phases   ] GC(16)   Post Evacuate Collection Set: 0.5ms
[2025-03-28T19:13:09.860+0530][gc,phases   ] GC(16)   Other: 0.1ms
[2025-03-28T19:13:09.860+0530][gc,heap     ] GC(16) Eden regions: 49->0(46)
[2025-03-28T19:13:09.860+0530][gc,heap     ] GC(16) Survivor regions: 2->5(7)
[2025-03-28T19:13:09.860+0530][gc,heap     ] GC(16) Old regions: 28->28
[2025-03-28T19:13:09.860+0530][gc,heap     ] GC(16) Archive regions: 2->2
[2025-03-28T19:13:09.860+0530][gc,heap     ] GC(16) Humongous regions: 140->138
[2025-03-28T19:13:09.860+0530][gc,metaspace] GC(16) Metaspace: 48383K(48960K)->48383K(48960K) NonClass: 42865K(43136K)->42865K(43136K) Class: 5517K(5824K)->5517K(5824K)
[2025-03-28T19:13:09.860+0530][gc          ] GC(16) Pause Young (Normal) (G1 Evacuation Pause) 219M->170M(1024M) 17.291ms
[2025-03-28T19:13:09.860+0530][gc,cpu      ] GC(16) User=0.01s Sys=0.00s Real=0.02s
[2025-03-28T19:13:10.164+0530][gc,start    ] GC(17) Pause Young (Normal) (G1 Evacuation Pause)
[2025-03-28T19:13:10.165+0530][gc,task     ] GC(17) Using 2 workers of 2 for evacuation
[2025-03-28T19:13:10.175+0530][gc,phases   ] GC(17)   Pre Evacuate Collection Set: 0.3ms
[2025-03-28T19:13:10.175+0530][gc,phases   ] GC(17)   Merge Heap Roots: 0.1ms
[2025-03-28T19:13:10.175+0530][gc,phases   ] GC(17)   Evacuate Collection Set: 9.5ms
[2025-03-28T19:13:10.175+0530][gc,phases   ] GC(17)   Post Evacuate Collection Set: 0.5ms
[2025-03-28T19:13:10.175+0530][gc,phases   ] GC(17)   Other: 0.1ms
[2025-03-28T19:13:10.175+0530][gc,heap     ] GC(17) Eden regions: 46->0(49)
[2025-03-28T19:13:10.175+0530][gc,heap     ] GC(17) Survivor regions: 5->2(7)
[2025-03-28T19:13:10.175+0530][gc,heap     ] GC(17) Old regions: 28->29
[2025-03-28T19:13:10.175+0530][gc,heap     ] GC(17) Archive regions: 2->2
[2025-03-28T19:13:10.175+0530][gc,heap     ] GC(17) Humongous regions: 140->140
[2025-03-28T19:13:10.175+0530][gc,metaspace] GC(17) Metaspace: 48395K(48960K)->48395K(48960K) NonClass: 42875K(43136K)->42875K(43136K) Class: 5519K(5824K)->5519K(5824K)
[2025-03-28T19:13:10.175+0530][gc          ] GC(17) Pause Young (Normal) (G1 Evacuation Pause) 218M->171M(1024M) 10.636ms
[2025-03-28T19:13:10.175+0530][gc,cpu      ] GC(17) User=0.01s Sys=0.00s Real=0.01s
[2025-03-28T19:13:16.979+0530][gc,start    ] GC(18) Pause Young (Normal) (G1 Evacuation Pause)
[2025-03-28T19:13:16.979+0530][gc,task     ] GC(18) Using 2 workers of 2 for evacuation
[2025-03-28T19:13:17.040+0530][gc,mmu      ] GC(18) MMU target violated: 21.0ms (20.0ms/21.0ms)
[2025-03-28T19:13:17.040+0530][gc,phases   ] GC(18)   Pre Evacuate Collection Set: 0.3ms
[2025-03-28T19:13:17.040+0530][gc,phases   ] GC(18)   Merge Heap Roots: 0.2ms
[2025-03-28T19:13:17.040+0530][gc,phases   ] GC(18)   Evacuate Collection Set: 59.6ms
[2025-03-28T19:13:17.040+0530][gc,phases   ] GC(18)   Post Evacuate Collection Set: 0.5ms
[2025-03-28T19:13:17.040+0530][gc,phases   ] GC(18)   Other: 0.2ms
[2025-03-28T19:13:17.040+0530][gc,heap     ] GC(18) Eden regions: 49->0(47)
[2025-03-28T19:13:17.040+0530][gc,heap     ] GC(18) Survivor regions: 2->4(7)
[2025-03-28T19:13:17.040+0530][gc,heap     ] GC(18) Old regions: 29->29
[2025-03-28T19:13:17.040+0530][gc,heap     ] GC(18) Archive regions: 2->2
[2025-03-28T19:13:17.040+0530][gc,heap     ] GC(18) Humongous regions: 140->138
[2025-03-28T19:13:17.040+0530][gc,metaspace] GC(18) Metaspace: 48428K(49024K)->48428K(49024K) NonClass: 42908K(43200K)->42908K(43200K) Class: 5519K(5824K)->5519K(5824K)
[2025-03-28T19:13:17.040+0530][gc          ] GC(18) Pause Young (Normal) (G1 Evacuation Pause) 220M->170M(1024M) 60.966ms
[2025-03-28T19:13:17.040+0530][gc,cpu      ] GC(18) User=0.02s Sys=0.00s Real=0.05s
[2025-03-28T19:13:17.768+0530][gc,start    ] GC(19) Pause Young (Normal) (G1 Evacuation Pause)
[2025-03-28T19:13:17.768+0530][gc,task     ] GC(19) Using 2 workers of 2 for evacuation
[2025-03-28T19:13:17.816+0530][gc,mmu      ] GC(19) MMU target violated: 21.0ms (20.0ms/21.0ms)
[2025-03-28T19:13:17.816+0530][gc,phases   ] GC(19)   Pre Evacuate Collection Set: 0.3ms
[2025-03-28T19:13:17.816+0530][gc,phases   ] GC(19)   Merge Heap Roots: 0.1ms
[2025-03-28T19:13:17.816+0530][gc,phases   ] GC(19)   Evacuate Collection Set: 47.0ms
[2025-03-28T19:13:17.816+0530][gc,phases   ] GC(19)   Post Evacuate Collection Set: 0.5ms
[2025-03-28T19:13:17.816+0530][gc,phases   ] GC(19)   Other: 0.2ms
[2025-03-28T19:13:17.817+0530][gc,heap     ] GC(19) Eden regions: 47->0(49)
[2025-03-28T19:13:17.817+0530][gc,heap     ] GC(19) Survivor regions: 4->2(7)
[2025-03-28T19:13:17.817+0530][gc,heap     ] GC(19) Old regions: 29->30
[2025-03-28T19:13:17.817+0530][gc,heap     ] GC(19) Archive regions: 2->2
[2025-03-28T19:13:17.817+0530][gc,heap     ] GC(19) Humongous regions: 140->140
[2025-03-28T19:13:17.817+0530][gc,metaspace] GC(19) Metaspace: 48443K(49024K)->48443K(49024K) NonClass: 42923K(43200K)->42923K(43200K) Class: 5519K(5824K)->5519K(5824K)
[2025-03-28T19:13:17.817+0530][gc          ] GC(19) Pause Young (Normal) (G1 Evacuation Pause) 219M->171M(1024M) 49.540ms
[2025-03-28T19:13:17.817+0530][gc,cpu      ] GC(19) User=0.02s Sys=0.00s Real=0.06s
[2025-03-28T19:13:19.808+0530][gc,start    ] GC(20) Pause Young (Normal) (G1 Evacuation Pause)
[2025-03-28T19:13:19.808+0530][gc,task     ] GC(20) Using 2 workers of 2 for evacuation
[2025-03-28T19:13:19.836+0530][gc,mmu      ] GC(20) MMU target violated: 21.0ms (20.0ms/21.0ms)
[2025-03-28T19:13:19.836+0530][gc,phases   ] GC(20)   Pre Evacuate Collection Set: 0.2ms
[2025-03-28T19:13:19.836+0530][gc,phases   ] GC(20)   Merge Heap Roots: 0.1ms
[2025-03-28T19:13:19.836+0530][gc,phases   ] GC(20)   Evacuate Collection Set: 26.7ms
[2025-03-28T19:13:19.836+0530][gc,phases   ] GC(20)   Post Evacuate Collection Set: 0.8ms
[2025-03-28T19:13:19.836+0530][gc,phases   ] GC(20)   Other: 0.2ms
[2025-03-28T19:13:19.836+0530][gc,heap     ] GC(20) Eden regions: 49->0(47)
[2025-03-28T19:13:19.836+0530][gc,heap     ] GC(20) Survivor regions: 2->4(7)
[2025-03-28T19:13:19.836+0530][gc,heap     ] GC(20) Old regions: 30->30
[2025-03-28T19:13:19.836+0530][gc,heap     ] GC(20) Archive regions: 2->2
[2025-03-28T19:13:19.836+0530][gc,heap     ] GC(20) Humongous regions: 140->138
[2025-03-28T19:13:19.836+0530][gc,metaspace] GC(20) Metaspace: 48466K(49088K)->48466K(49088K) NonClass: 42944K(43264K)->42944K(43264K) Class: 5521K(5824K)->5521K(5824K)
[2025-03-28T19:13:19.836+0530][gc          ] GC(20) Pause Young (Normal) (G1 Evacuation Pause) 220M->171M(1024M) 28.205ms
[2025-03-28T19:13:19.836+0530][gc,cpu      ] GC(20) User=0.01s Sys=0.00s Real=0.03s
[2025-03-28T19:13:20.284+0530][gc,start    ] GC(21) Pause Young (Normal) (G1 Evacuation Pause)
[2025-03-28T19:13:20.284+0530][gc,task     ] GC(21) Using 2 workers of 2 for evacuation
[2025-03-28T19:13:20.314+0530][gc,mmu      ] GC(21) MMU target violated: 21.0ms (20.0ms/21.0ms)
[2025-03-28T19:13:20.314+0530][gc,phases   ] GC(21)   Pre Evacuate Collection Set: 0.3ms
[2025-03-28T19:13:20.314+0530][gc,phases   ] GC(21)   Merge Heap Roots: 0.1ms
[2025-03-28T19:13:20.314+0530][gc,phases   ] GC(21)   Evacuate Collection Set: 28.8ms
[2025-03-28T19:13:20.314+0530][gc,phases   ] GC(21)   Post Evacuate Collection Set: 0.7ms
[2025-03-28T19:13:20.314+0530][gc,phases   ] GC(21)   Other: 0.2ms
[2025-03-28T19:13:20.314+0530][gc,heap     ] GC(21) Eden regions: 47->0(48)
[2025-03-28T19:13:20.314+0530][gc,heap     ] GC(21) Survivor regions: 4->3(7)
[2025-03-28T19:13:20.314+0530][gc,heap     ] GC(21) Old regions: 30->30
[2025-03-28T19:13:20.314+0530][gc,heap     ] GC(21) Archive regions: 2->2
[2025-03-28T19:13:20.314+0530][gc,heap     ] GC(21) Humongous regions: 140->140
[2025-03-28T19:13:20.314+0530][gc,metaspace] GC(21) Metaspace: 48475K(49088K)->48475K(49088K) NonClass: 42954K(43264K)->42954K(43264K) Class: 5521K(5824K)->5521K(5824K)
[2025-03-28T19:13:20.314+0530][gc          ] GC(21) Pause Young (Normal) (G1 Evacuation Pause) 220M->172M(1024M) 30.159ms
[2025-03-28T19:13:20.314+0530][gc,cpu      ] GC(21) User=0.01s Sys=0.01s Real=0.03s
[2025-03-28T19:13:26.632+0530][gc,start    ] GC(22) Pause Young (Normal) (G1 Evacuation Pause)
[2025-03-28T19:13:26.632+0530][gc,task     ] GC(22) Using 2 workers of 2 for evacuation
[2025-03-28T19:13:26.682+0530][gc,mmu      ] GC(22) MMU target violated: 21.0ms (20.0ms/21.0ms)
[2025-03-28T19:13:26.682+0530][gc,phases   ] GC(22)   Pre Evacuate Collection Set: 0.3ms
[2025-03-28T19:13:26.682+0530][gc,phases   ] GC(22)   Merge Heap Roots: 0.1ms
[2025-03-28T19:13:26.682+0530][gc,phases   ] GC(22)   Evacuate Collection Set: 49.3ms
[2025-03-28T19:13:26.682+0530][gc,phases   ] GC(22)   Post Evacuate Collection Set: 0.7ms
[2025-03-28T19:13:26.682+0530][gc,phases   ] GC(22)   Other: 0.2ms
[2025-03-28T19:13:26.682+0530][gc,heap     ] GC(22) Eden regions: 48->0(48)
[2025-03-28T19:13:26.682+0530][gc,heap     ] GC(22) Survivor regions: 3->3(7)
[2025-03-28T19:13:26.682+0530][gc,heap     ] GC(22) Old regions: 30->30
[2025-03-28T19:13:26.682+0530][gc,heap     ] GC(22) Archive regions: 2->2
[2025-03-28T19:13:26.682+0530][gc,heap     ] GC(22) Humongous regions: 140->138
[2025-03-28T19:13:26.682+0530][gc,metaspace] GC(22) Metaspace: 48479K(49088K)->48479K(49088K) NonClass: 42957K(43264K)->42957K(43264K) Class: 5521K(5824K)->5521K(5824K)
[2025-03-28T19:13:26.682+0530][gc          ] GC(22) Pause Young (Normal) (G1 Evacuation Pause) 220M->170M(1024M) 50.656ms
[2025-03-28T19:13:26.682+0530][gc,cpu      ] GC(22) User=0.02s Sys=0.00s Real=0.06s
[2025-03-28T19:13:27.255+0530][gc,start    ] GC(23) Pause Young (Normal) (G1 Evacuation Pause)
[2025-03-28T19:13:27.255+0530][gc,task     ] GC(23) Using 2 workers of 2 for evacuation
[2025-03-28T19:13:27.288+0530][gc,mmu      ] GC(23) MMU target violated: 21.0ms (20.0ms/21.0ms)
[2025-03-28T19:13:27.288+0530][gc,phases   ] GC(23)   Pre Evacuate Collection Set: 0.3ms
[2025-03-28T19:13:27.288+0530][gc,phases   ] GC(23)   Merge Heap Roots: 0.1ms
[2025-03-28T19:13:27.288+0530][gc,phases   ] GC(23)   Evacuate Collection Set: 32.0ms
[2025-03-28T19:13:27.288+0530][gc,phases   ] GC(23)   Post Evacuate Collection Set: 0.5ms
[2025-03-28T19:13:27.288+0530][gc,phases   ] GC(23)   Other: 0.2ms
[2025-03-28T19:13:27.288+0530][gc,heap     ] GC(23) Eden regions: 48->0(48)
[2025-03-28T19:13:27.288+0530][gc,heap     ] GC(23) Survivor regions: 3->3(7)
[2025-03-28T19:13:27.288+0530][gc,heap     ] GC(23) Old regions: 30->30
[2025-03-28T19:13:27.288+0530][gc,heap     ] GC(23) Archive regions: 2->2
[2025-03-28T19:13:27.288+0530][gc,heap     ] GC(23) Humongous regions: 140->140
[2025-03-28T19:13:27.288+0530][gc,metaspace] GC(23) Metaspace: 48485K(49088K)->48485K(49088K) NonClass: 42963K(43264K)->42963K(43264K) Class: 5522K(5824K)->5522K(5824K)
[2025-03-28T19:13:27.288+0530][gc          ] GC(23) Pause Young (Normal) (G1 Evacuation Pause) 220M->172M(1024M) 33.094ms
[2025-03-28T19:13:27.288+0530][gc,cpu      ] GC(23) User=0.02s Sys=0.00s Real=0.04s
[2025-03-28T19:13:29.705+0530][gc,start    ] GC(24) Pause Young (Normal) (G1 Evacuation Pause)
[2025-03-28T19:13:29.705+0530][gc,task     ] GC(24) Using 2 workers of 2 for evacuation
[2025-03-28T19:13:29.713+0530][gc,phases   ] GC(24)   Pre Evacuate Collection Set: 0.3ms
[2025-03-28T19:13:29.713+0530][gc,phases   ] GC(24)   Merge Heap Roots: 0.1ms
[2025-03-28T19:13:29.713+0530][gc,phases   ] GC(24)   Evacuate Collection Set: 6.9ms
[2025-03-28T19:13:29.713+0530][gc,phases   ] GC(24)   Post Evacuate Collection Set: 0.5ms
[2025-03-28T19:13:29.713+0530][gc,phases   ] GC(24)   Other: 0.2ms
[2025-03-28T19:13:29.713+0530][gc,heap     ] GC(24) Eden regions: 48->0(48)
[2025-03-28T19:13:29.713+0530][gc,heap     ] GC(24) Survivor regions: 3->3(7)
[2025-03-28T19:13:29.713+0530][gc,heap     ] GC(24) Old regions: 30->30
[2025-03-28T19:13:29.713+0530][gc,heap     ] GC(24) Archive regions: 2->2
[2025-03-28T19:13:29.713+0530][gc,heap     ] GC(24) Humongous regions: 140->138
[2025-03-28T19:13:29.713+0530][gc,metaspace] GC(24) Metaspace: 48488K(49088K)->48488K(49088K) NonClass: 42966K(43264K)->42966K(43264K) Class: 5522K(5824K)->5522K(5824K)
[2025-03-28T19:13:29.713+0530][gc          ] GC(24) Pause Young (Normal) (G1 Evacuation Pause) 220M->170M(1024M) 8.023ms
[2025-03-28T19:13:29.713+0530][gc,cpu      ] GC(24) User=0.01s Sys=0.00s Real=0.00s
[2025-03-28T19:13:30.008+0530][gc,start    ] GC(25) Pause Young (Normal) (G1 Evacuation Pause)
[2025-03-28T19:13:30.008+0530][gc,task     ] GC(25) Using 2 workers of 2 for evacuation
[2025-03-28T19:13:30.020+0530][gc,phases   ] GC(25)   Pre Evacuate Collection Set: 0.4ms
[2025-03-28T19:13:30.020+0530][gc,phases   ] GC(25)   Merge Heap Roots: 0.1ms
[2025-03-28T19:13:30.020+0530][gc,phases   ] GC(25)   Evacuate Collection Set: 10.9ms
[2025-03-28T19:13:30.020+0530][gc,phases   ] GC(25)   Post Evacuate Collection Set: 0.4ms
[2025-03-28T19:13:30.020+0530][gc,phases   ] GC(25)   Other: 0.3ms
[2025-03-28T19:13:30.020+0530][gc,heap     ] GC(25) Eden regions: 48->0(48)
[2025-03-28T19:13:30.020+0530][gc,heap     ] GC(25) Survivor regions: 3->3(7)
[2025-03-28T19:13:30.020+0530][gc,heap     ] GC(25) Old regions: 30->30
[2025-03-28T19:13:30.020+0530][gc,heap     ] GC(25) Archive regions: 2->2
[2025-03-28T19:13:30.020+0530][gc,heap     ] GC(25) Humongous regions: 140->140
[2025-03-28T19:13:30.020+0530][gc,metaspace] GC(25) Metaspace: 48533K(49152K)->48533K(49152K) NonClass: 43004K(43328K)->43004K(43328K) Class: 5528K(5824K)->5528K(5824K)
[2025-03-28T19:13:30.020+0530][gc          ] GC(25) Pause Young (Normal) (G1 Evacuation Pause) 220M->172M(1024M) 12.146ms
[2025-03-28T19:13:30.020+0530][gc,cpu      ] GC(25) User=0.01s Sys=0.00s Real=0.00s
[2025-03-28T19:13:36.398+0530][gc,start    ] GC(26) Pause Young (Normal) (G1 Evacuation Pause)
[2025-03-28T19:13:36.398+0530][gc,task     ] GC(26) Using 2 workers of 2 for evacuation
[2025-03-28T19:13:36.410+0530][gc,phases   ] GC(26)   Pre Evacuate Collection Set: 0.3ms
[2025-03-28T19:13:36.410+0530][gc,phases   ] GC(26)   Merge Heap Roots: 0.1ms
[2025-03-28T19:13:36.410+0530][gc,phases   ] GC(26)   Evacuate Collection Set: 6.2ms
[2025-03-28T19:13:36.410+0530][gc,phases   ] GC(26)   Post Evacuate Collection Set: 5.6ms
[2025-03-28T19:13:36.410+0530][gc,phases   ] GC(26)   Other: 0.2ms
[2025-03-28T19:13:36.410+0530][gc,heap     ] GC(26) Eden regions: 48->0(73)
[2025-03-28T19:13:36.410+0530][gc,heap     ] GC(26) Survivor regions: 3->2(7)
[2025-03-28T19:13:36.410+0530][gc,heap     ] GC(26) Old regions: 30->30
[2025-03-28T19:13:36.410+0530][gc,heap     ] GC(26) Archive regions: 2->2
[2025-03-28T19:13:36.410+0530][gc,heap     ] GC(26) Humongous regions: 140->138
[2025-03-28T19:13:36.410+0530][gc,metaspace] GC(26) Metaspace: 48547K(49152K)->48547K(49152K) NonClass: 43018K(43328K)->43018K(43328K) Class: 5528K(5824K)->5528K(5824K)
[2025-03-28T19:13:36.410+0530][gc          ] GC(26) Pause Young (Normal) (G1 Evacuation Pause) 220M->169M(1024M) 12.581ms
[2025-03-28T19:13:36.410+0530][gc,cpu      ] GC(26) User=0.00s Sys=0.00s Real=0.02s
[2025-03-28T19:13:37.026+0530][gc,start    ] GC(27) Pause Young (Normal) (G1 Evacuation Pause)
[2025-03-28T19:13:37.026+0530][gc,task     ] GC(27) Using 2 workers of 2 for evacuation
[2025-03-28T19:13:37.038+0530][gc,phases   ] GC(27)   Pre Evacuate Collection Set: 0.3ms
[2025-03-28T19:13:37.038+0530][gc,phases   ] GC(27)   Merge Heap Roots: 0.1ms
[2025-03-28T19:13:37.038+0530][gc,phases   ] GC(27)   Evacuate Collection Set: 10.5ms
[2025-03-28T19:13:37.038+0530][gc,phases   ] GC(27)   Post Evacuate Collection Set: 0.5ms
[2025-03-28T19:13:37.038+0530][gc,phases   ] GC(27)   Other: 0.2ms
[2025-03-28T19:13:37.038+0530][gc,heap     ] GC(27) Eden regions: 73->0(69)
[2025-03-28T19:13:37.038+0530][gc,heap     ] GC(27) Survivor regions: 2->3(10)
[2025-03-28T19:13:37.038+0530][gc,heap     ] GC(27) Old regions: 30->30
[2025-03-28T19:13:37.038+0530][gc,heap     ] GC(27) Archive regions: 2->2
[2025-03-28T19:13:37.038+0530][gc,heap     ] GC(27) Humongous regions: 140->140
[2025-03-28T19:13:37.038+0530][gc,metaspace] GC(27) Metaspace: 48554K(49152K)->48554K(49152K) NonClass: 43026K(43328K)->43026K(43328K) Class: 5528K(5824K)->5528K(5824K)
[2025-03-28T19:13:37.038+0530][gc          ] GC(27) Pause Young (Normal) (G1 Evacuation Pause) 244M->172M(1024M) 11.647ms
[2025-03-28T19:13:37.038+0530][gc,cpu      ] GC(27) User=0.01s Sys=0.00s Real=0.00s
[2025-03-28T19:13:39.830+0530][gc,start    ] GC(28) Pause Young (Normal) (G1 Evacuation Pause)
[2025-03-28T19:13:39.830+0530][gc,task     ] GC(28) Using 2 workers of 2 for evacuation
[2025-03-28T19:13:39.886+0530][gc,mmu      ] GC(28) MMU target violated: 21.0ms (20.0ms/21.0ms)
[2025-03-28T19:13:39.886+0530][gc,phases   ] GC(28)   Pre Evacuate Collection Set: 0.3ms
[2025-03-28T19:13:39.886+0530][gc,phases   ] GC(28)   Merge Heap Roots: 0.1ms
[2025-03-28T19:13:39.886+0530][gc,phases   ] GC(28)   Evacuate Collection Set: 54.8ms
[2025-03-28T19:13:39.886+0530][gc,phases   ] GC(28)   Post Evacuate Collection Set: 0.6ms
[2025-03-28T19:13:39.886+0530][gc,phases   ] GC(28)   Other: 0.2ms
[2025-03-28T19:13:39.886+0530][gc,heap     ] GC(28) Eden regions: 67->0(43)
[2025-03-28T19:13:39.886+0530][gc,heap     ] GC(28) Survivor regions: 3->8(9)
[2025-03-28T19:13:39.886+0530][gc,heap     ] GC(28) Old regions: 30->30
[2025-03-28T19:13:39.886+0530][gc,heap     ] GC(28) Archive regions: 2->2
[2025-03-28T19:13:39.886+0530][gc,heap     ] GC(28) Humongous regions: 140->138
[2025-03-28T19:13:39.886+0530][gc,metaspace] GC(28) Metaspace: 48561K(49152K)->48561K(49152K) NonClass: 43032K(43328K)->43032K(43328K) Class: 5528K(5824K)->5528K(5824K)
[2025-03-28T19:13:39.886+0530][gc          ] GC(28) Pause Young (Normal) (G1 Evacuation Pause) 239M->175M(1024M) 56.152ms
[2025-03-28T19:13:39.886+0530][gc,cpu      ] GC(28) User=0.03s Sys=0.00s Real=0.06s
[2025-03-28T19:13:40.094+0530][gc,start    ] GC(29) Pause Young (Normal) (G1 Evacuation Pause)
[2025-03-28T19:13:40.094+0530][gc,task     ] GC(29) Using 2 workers of 2 for evacuation
[2025-03-28T19:13:40.102+0530][gc,phases   ] GC(29)   Pre Evacuate Collection Set: 0.2ms
[2025-03-28T19:13:40.102+0530][gc,phases   ] GC(29)   Merge Heap Roots: 0.1ms
[2025-03-28T19:13:40.102+0530][gc,phases   ] GC(29)   Evacuate Collection Set: 6.3ms
[2025-03-28T19:13:40.102+0530][gc,phases   ] GC(29)   Post Evacuate Collection Set: 0.4ms
[2025-03-28T19:13:40.102+0530][gc,phases   ] GC(29)   Other: 0.2ms
[2025-03-28T19:13:40.102+0530][gc,heap     ] GC(29) Eden regions: 43->0(50)
[2025-03-28T19:13:40.102+0530][gc,heap     ] GC(29) Survivor regions: 8->1(7)
[2025-03-28T19:13:40.102+0530][gc,heap     ] GC(29) Old regions: 30->31
[2025-03-28T19:13:40.102+0530][gc,heap     ] GC(29) Archive regions: 2->2
[2025-03-28T19:13:40.102+0530][gc,heap     ] GC(29) Humongous regions: 140->140
[2025-03-28T19:13:40.102+0530][gc,metaspace] GC(29) Metaspace: 48561K(49152K)->48561K(49152K) NonClass: 43032K(43328K)->43032K(43328K) Class: 5528K(5824K)->5528K(5824K)
[2025-03-28T19:13:40.102+0530][gc          ] GC(29) Pause Young (Normal) (G1 Evacuation Pause) 220M->172M(1024M) 7.364ms
[2025-03-28T19:13:40.102+0530][gc,cpu      ] GC(29) User=0.01s Sys=0.00s Real=0.02s
[2025-03-28T19:13:46.395+0530][gc,start    ] GC(30) Pause Young (Normal) (G1 Evacuation Pause)
[2025-03-28T19:13:46.395+0530][gc,task     ] GC(30) Using 2 workers of 2 for evacuation
[2025-03-28T19:13:46.408+0530][gc,phases   ] GC(30)   Pre Evacuate Collection Set: 0.3ms
[2025-03-28T19:13:46.408+0530][gc,phases   ] GC(30)   Merge Heap Roots: 0.1ms
[2025-03-28T19:13:46.408+0530][gc,phases   ] GC(30)   Evacuate Collection Set: 7.7ms
[2025-03-28T19:13:46.408+0530][gc,phases   ] GC(30)   Post Evacuate Collection Set: 4.4ms
[2025-03-28T19:13:46.408+0530][gc,phases   ] GC(30)   Other: 0.2ms
[2025-03-28T19:13:46.408+0530][gc,heap     ] GC(30) Eden regions: 50->0(44)
[2025-03-28T19:13:46.408+0530][gc,heap     ] GC(30) Survivor regions: 1->7(7)
[2025-03-28T19:13:46.408+0530][gc,heap     ] GC(30) Old regions: 31->31
[2025-03-28T19:13:46.408+0530][gc,heap     ] GC(30) Archive regions: 2->2
[2025-03-28T19:13:46.408+0530][gc,heap     ] GC(30) Humongous regions: 140->138
[2025-03-28T19:13:46.408+0530][gc,metaspace] GC(30) Metaspace: 48650K(49280K)->48650K(49280K) NonClass: 43121K(43456K)->43121K(43456K) Class: 5528K(5824K)->5528K(5824K)
[2025-03-28T19:13:46.408+0530][gc          ] GC(30) Pause Young (Normal) (G1 Evacuation Pause) 222M->176M(1024M) 12.954ms
[2025-03-28T19:13:46.408+0530][gc,cpu      ] GC(30) User=0.02s Sys=0.01s Real=0.00s
[2025-03-28T19:13:46.994+0530][gc,start    ] GC(31) Pause Young (Normal) (G1 Evacuation Pause)
[2025-03-28T19:13:46.994+0530][gc,task     ] GC(31) Using 2 workers of 2 for evacuation
[2025-03-28T19:13:47.053+0530][gc,mmu      ] GC(31) MMU target violated: 21.0ms (20.0ms/21.0ms)
[2025-03-28T19:13:47.053+0530][gc,phases   ] GC(31)   Pre Evacuate Collection Set: 0.3ms
[2025-03-28T19:13:47.053+0530][gc,phases   ] GC(31)   Merge Heap Roots: 0.2ms
[2025-03-28T19:13:47.053+0530][gc,phases   ] GC(31)   Evacuate Collection Set: 41.7ms
[2025-03-28T19:13:47.053+0530][gc,phases   ] GC(31)   Post Evacuate Collection Set: 16.7ms
[2025-03-28T19:13:47.053+0530][gc,phases   ] GC(31)   Other: 0.3ms
[2025-03-28T19:13:47.053+0530][gc,heap     ] GC(31) Eden regions: 44->0(49)
[2025-03-28T19:13:47.053+0530][gc,heap     ] GC(31) Survivor regions: 7->2(7)
[2025-03-28T19:13:47.053+0530][gc,heap     ] GC(31) Old regions: 31->32
[2025-03-28T19:13:47.053+0530][gc,heap     ] GC(31) Archive regions: 2->2
[2025-03-28T19:13:47.053+0530][gc,heap     ] GC(31) Humongous regions: 140->140
[2025-03-28T19:13:47.053+0530][gc,metaspace] GC(31) Metaspace: 48654K(49280K)->48654K(49280K) NonClass: 43125K(43456K)->43125K(43456K) Class: 5528K(5824K)->5528K(5824K)
[2025-03-28T19:13:47.053+0530][gc          ] GC(31) Pause Young (Normal) (G1 Evacuation Pause) 222M->174M(1024M) 59.362ms
[2025-03-28T19:13:47.053+0530][gc,cpu      ] GC(31) User=0.02s Sys=0.00s Real=0.07s
[2025-03-28T19:13:49.881+0530][gc,start    ] GC(32) Pause Young (Normal) (G1 Evacuation Pause)
[2025-03-28T19:13:49.881+0530][gc,task     ] GC(32) Using 2 workers of 2 for evacuation
[2025-03-28T19:13:49.888+0530][gc,phases   ] GC(32)   Pre Evacuate Collection Set: 0.3ms
[2025-03-28T19:13:49.888+0530][gc,phases   ] GC(32)   Merge Heap Roots: 0.1ms
[2025-03-28T19:13:49.888+0530][gc,phases   ] GC(32)   Evacuate Collection Set: 5.8ms
[2025-03-28T19:13:49.888+0530][gc,phases   ] GC(32)   Post Evacuate Collection Set: 0.4ms
[2025-03-28T19:13:49.888+0530][gc,phases   ] GC(32)   Other: 0.2ms
[2025-03-28T19:13:49.888+0530][gc,heap     ] GC(32) Eden regions: 49->0(45)
[2025-03-28T19:13:49.888+0530][gc,heap     ] GC(32) Survivor regions: 2->6(7)
[2025-03-28T19:13:49.888+0530][gc,heap     ] GC(32) Old regions: 32->32
[2025-03-28T19:13:49.888+0530][gc,heap     ] GC(32) Archive regions: 2->2
[2025-03-28T19:13:49.888+0530][gc,heap     ] GC(32) Humongous regions: 140->138
[2025-03-28T19:13:49.888+0530][gc,metaspace] GC(32) Metaspace: 48691K(49280K)->48691K(49280K) NonClass: 43162K(43456K)->43162K(43456K) Class: 5528K(5824K)->5528K(5824K)
[2025-03-28T19:13:49.888+0530][gc          ] GC(32) Pause Young (Normal) (G1 Evacuation Pause) 223M->176M(1024M) 6.879ms
[2025-03-28T19:13:49.888+0530][gc,cpu      ] GC(32) User=0.01s Sys=0.00s Real=0.01s
[2025-03-28T19:13:49.994+0530][gc,start    ] GC(33) Pause Young (Normal) (G1 Evacuation Pause)
[2025-03-28T19:13:49.994+0530][gc,task     ] GC(33) Using 2 workers of 2 for evacuation
[2025-03-28T19:13:50.000+0530][gc,phases   ] GC(33)   Pre Evacuate Collection Set: 0.2ms
[2025-03-28T19:13:50.000+0530][gc,phases   ] GC(33)   Merge Heap Roots: 0.2ms
[2025-03-28T19:13:50.000+0530][gc,phases   ] GC(33)   Evacuate Collection Set: 5.1ms
[2025-03-28T19:13:50.000+0530][gc,phases   ] GC(33)   Post Evacuate Collection Set: 0.4ms
[2025-03-28T19:13:50.000+0530][gc,phases   ] GC(33)   Other: 0.1ms
[2025-03-28T19:13:50.000+0530][gc,heap     ] GC(33) Eden regions: 45->0(49)
[2025-03-28T19:13:50.000+0530][gc,heap     ] GC(33) Survivor regions: 6->2(7)
[2025-03-28T19:13:50.000+0530][gc,heap     ] GC(33) Old regions: 32->33
[2025-03-28T19:13:50.000+0530][gc,heap     ] GC(33) Archive regions: 2->2
[2025-03-28T19:13:50.000+0530][gc,heap     ] GC(33) Humongous regions: 140->140
[2025-03-28T19:13:50.000+0530][gc,metaspace] GC(33) Metaspace: 48691K(49280K)->48691K(49280K) NonClass: 43162K(43456K)->43162K(43456K) Class: 5528K(5824K)->5528K(5824K)
[2025-03-28T19:13:50.000+0530][gc          ] GC(33) Pause Young (Normal) (G1 Evacuation Pause) 223M->175M(1024M) 6.184ms
[2025-03-28T19:13:50.000+0530][gc,cpu      ] GC(33) User=0.02s Sys=0.00s Real=0.02s
[2025-03-28T19:13:56.845+0530][gc,start    ] GC(34) Pause Young (Normal) (G1 Evacuation Pause)
[2025-03-28T19:13:56.845+0530][gc,task     ] GC(34) Using 2 workers of 2 for evacuation
[2025-03-28T19:13:56.889+0530][gc,mmu      ] GC(34) MMU target violated: 21.0ms (20.0ms/21.0ms)
[2025-03-28T19:13:56.889+0530][gc,phases   ] GC(34)   Pre Evacuate Collection Set: 0.4ms
[2025-03-28T19:13:56.889+0530][gc,phases   ] GC(34)   Merge Heap Roots: 0.2ms
[2025-03-28T19:13:56.889+0530][gc,phases   ] GC(34)   Evacuate Collection Set: 38.8ms
[2025-03-28T19:13:56.889+0530][gc,phases   ] GC(34)   Post Evacuate Collection Set: 4.4ms
[2025-03-28T19:13:56.890+0530][gc,phases   ] GC(34)   Other: 0.3ms
[2025-03-28T19:13:56.890+0530][gc,heap     ] GC(34) Eden regions: 49->0(46)
[2025-03-28T19:13:56.890+0530][gc,heap     ] GC(34) Survivor regions: 2->5(7)
[2025-03-28T19:13:56.890+0530][gc,heap     ] GC(34) Old regions: 33->33
[2025-03-28T19:13:56.890+0530][gc,heap     ] GC(34) Archive regions: 2->2
[2025-03-28T19:13:56.890+0530][gc,heap     ] GC(34) Humongous regions: 140->138
[2025-03-28T19:13:56.890+0530][gc,metaspace] GC(34) Metaspace: 48708K(49280K)->48708K(49280K) NonClass: 43179K(43456K)->43179K(43456K) Class: 5528K(5824K)->5528K(5824K)
[2025-03-28T19:13:56.890+0530][gc          ] GC(34) Pause Young (Normal) (G1 Evacuation Pause) 224M->176M(1024M) 44.341ms
[2025-03-28T19:13:56.890+0530][gc,cpu      ] GC(34) User=0.02s Sys=0.00s Real=0.03s
[2025-03-28T19:13:57.523+0530][gc,start    ] GC(35) Pause Young (Normal) (G1 Evacuation Pause)
[2025-03-28T19:13:57.524+0530][gc,task     ] GC(35) Using 2 workers of 2 for evacuation
[2025-03-28T19:13:57.552+0530][gc,mmu      ] GC(35) MMU target violated: 21.0ms (20.0ms/21.0ms)
[2025-03-28T19:13:57.552+0530][gc,phases   ] GC(35)   Pre Evacuate Collection Set: 0.9ms
[2025-03-28T19:13:57.552+0530][gc,phases   ] GC(35)   Merge Heap Roots: 0.2ms
[2025-03-28T19:13:57.552+0530][gc,phases   ] GC(35)   Evacuate Collection Set: 26.1ms
[2025-03-28T19:13:57.552+0530][gc,phases   ] GC(35)   Post Evacuate Collection Set: 0.7ms
[2025-03-28T19:13:57.552+0530][gc,phases   ] GC(35)   Other: 1.1ms
[2025-03-28T19:13:57.552+0530][gc,heap     ] GC(35) Eden regions: 46->0(49)
[2025-03-28T19:13:57.552+0530][gc,heap     ] GC(35) Survivor regions: 5->2(7)
[2025-03-28T19:13:57.552+0530][gc,heap     ] GC(35) Old regions: 33->34
[2025-03-28T19:13:57.552+0530][gc,heap     ] GC(35) Archive regions: 2->2
[2025-03-28T19:13:57.552+0530][gc,heap     ] GC(35) Humongous regions: 140->140
[2025-03-28T19:13:57.552+0530][gc,metaspace] GC(35) Metaspace: 48720K(49344K)->48720K(49344K) NonClass: 43191K(43520K)->43191K(43520K) Class: 5528K(5824K)->5528K(5824K)
[2025-03-28T19:13:57.553+0530][gc          ] GC(35) Pause Young (Normal) (G1 Evacuation Pause) 224M->176M(1024M) 29.068ms
[2025-03-28T19:13:57.553+0530][gc,cpu      ] GC(35) User=0.02s Sys=0.00s Real=0.03s
[2025-03-28T19:13:59.712+0530][gc,start    ] GC(36) Pause Young (Normal) (G1 Evacuation Pause)
[2025-03-28T19:13:59.712+0530][gc,task     ] GC(36) Using 2 workers of 2 for evacuation
[2025-03-28T19:13:59.720+0530][gc,phases   ] GC(36)   Pre Evacuate Collection Set: 0.2ms
[2025-03-28T19:13:59.720+0530][gc,phases   ] GC(36)   Merge Heap Roots: 0.1ms
[2025-03-28T19:13:59.720+0530][gc,phases   ] GC(36)   Evacuate Collection Set: 6.4ms
[2025-03-28T19:13:59.720+0530][gc,phases   ] GC(36)   Post Evacuate Collection Set: 0.7ms
[2025-03-28T19:13:59.720+0530][gc,phases   ] GC(36)   Other: 0.8ms
[2025-03-28T19:13:59.720+0530][gc,heap     ] GC(36) Eden regions: 49->0(47)
[2025-03-28T19:13:59.720+0530][gc,heap     ] GC(36) Survivor regions: 2->4(7)
[2025-03-28T19:13:59.720+0530][gc,heap     ] GC(36) Old regions: 34->34
[2025-03-28T19:13:59.720+0530][gc,heap     ] GC(36) Archive regions: 2->2
[2025-03-28T19:13:59.720+0530][gc,heap     ] GC(36) Humongous regions: 140->138
[2025-03-28T19:13:59.720+0530][gc,metaspace] GC(36) Metaspace: 48765K(49344K)->48765K(49344K) NonClass: 43236K(43520K)->43236K(43520K) Class: 5528K(5824K)->5528K(5824K)
[2025-03-28T19:13:59.720+0530][gc          ] GC(36) Pause Young (Normal) (G1 Evacuation Pause) 225M->176M(1024M) 8.374ms
[2025-03-28T19:13:59.720+0530][gc,cpu      ] GC(36) User=0.01s Sys=0.00s Real=0.01s
[2025-03-28T19:13:59.884+0530][gc,start    ] GC(37) Pause Young (Normal) (G1 Evacuation Pause)
[2025-03-28T19:13:59.884+0530][gc,task     ] GC(37) Using 2 workers of 2 for evacuation
[2025-03-28T19:13:59.896+0530][gc,phases   ] GC(37)   Pre Evacuate Collection Set: 0.4ms
[2025-03-28T19:13:59.897+0530][gc,phases   ] GC(37)   Merge Heap Roots: 0.3ms
[2025-03-28T19:13:59.897+0530][gc,phases   ] GC(37)   Evacuate Collection Set: 10.7ms
[2025-03-28T19:13:59.897+0530][gc,phases   ] GC(37)   Post Evacuate Collection Set: 0.5ms
[2025-03-28T19:13:59.897+0530][gc,phases   ] GC(37)   Other: 0.2ms
[2025-03-28T19:13:59.897+0530][gc,heap     ] GC(37) Eden regions: 47->0(49)
[2025-03-28T19:13:59.897+0530][gc,heap     ] GC(37) Survivor regions: 4->2(7)
[2025-03-28T19:13:59.897+0530][gc,heap     ] GC(37) Old regions: 34->35
[2025-03-28T19:13:59.897+0530][gc,heap     ] GC(37) Archive regions: 2->2
[2025-03-28T19:13:59.897+0530][gc,heap     ] GC(37) Humongous regions: 140->140
[2025-03-28T19:13:59.897+0530][gc,metaspace] GC(37) Metaspace: 48766K(49344K)->48766K(49344K) NonClass: 43237K(43520K)->43237K(43520K) Class: 5528K(5824K)->5528K(5824K)
[2025-03-28T19:13:59.897+0530][gc          ] GC(37) Pause Young (Normal) (G1 Evacuation Pause) 225M->177M(1024M) 12.276ms
[2025-03-28T19:13:59.897+0530][gc,cpu      ] GC(37) User=0.02s Sys=0.00s Real=0.02s
[2025-03-28T19:14:06.693+0530][gc,start    ] GC(38) Pause Young (Normal) (G1 Evacuation Pause)
[2025-03-28T19:14:06.693+0530][gc,task     ] GC(38) Using 2 workers of 2 for evacuation
[2025-03-28T19:14:06.699+0530][gc,phases   ] GC(38)   Pre Evacuate Collection Set: 0.3ms
[2025-03-28T19:14:06.699+0530][gc,phases   ] GC(38)   Merge Heap Roots: 0.1ms
[2025-03-28T19:14:06.699+0530][gc,phases   ] GC(38)   Evacuate Collection Set: 5.1ms
[2025-03-28T19:14:06.699+0530][gc,phases   ] GC(38)   Post Evacuate Collection Set: 0.5ms
[2025-03-28T19:14:06.699+0530][gc,phases   ] GC(38)   Other: 0.2ms
[2025-03-28T19:14:06.699+0530][gc,heap     ] GC(38) Eden regions: 49->0(47)
[2025-03-28T19:14:06.699+0530][gc,heap     ] GC(38) Survivor regions: 2->4(7)
[2025-03-28T19:14:06.699+0530][gc,heap     ] GC(38) Old regions: 35->35
[2025-03-28T19:14:06.699+0530][gc,heap     ] GC(38) Archive regions: 2->2
[2025-03-28T19:14:06.699+0530][gc,heap     ] GC(38) Humongous regions: 140->138
[2025-03-28T19:14:06.699+0530][gc,metaspace] GC(38) Metaspace: 48768K(49344K)->48768K(49344K) NonClass: 43240K(43520K)->43240K(43520K) Class: 5528K(5824K)->5528K(5824K)
[2025-03-28T19:14:06.700+0530][gc          ] GC(38) Pause Young (Normal) (G1 Evacuation Pause) 226M->176M(1024M) 6.357ms
[2025-03-28T19:14:06.700+0530][gc,cpu      ] GC(38) User=0.01s Sys=0.00s Real=0.01s
[2025-03-28T19:14:07.240+0530][gc,start    ] GC(39) Pause Young (Normal) (G1 Evacuation Pause)
[2025-03-28T19:14:07.240+0530][gc,task     ] GC(39) Using 2 workers of 2 for evacuation
[2025-03-28T19:14:07.289+0530][gc,mmu      ] GC(39) MMU target violated: 21.0ms (20.0ms/21.0ms)
[2025-03-28T19:14:07.289+0530][gc,phases   ] GC(39)   Pre Evacuate Collection Set: 0.3ms
[2025-03-28T19:14:07.289+0530][gc,phases   ] GC(39)   Merge Heap Roots: 0.2ms
[2025-03-28T19:14:07.289+0530][gc,phases   ] GC(39)   Evacuate Collection Set: 48.2ms
[2025-03-28T19:14:07.289+0530][gc,phases   ] GC(39)   Post Evacuate Collection Set: 0.6ms
[2025-03-28T19:14:07.289+0530][gc,phases   ] GC(39)   Other: 0.4ms
[2025-03-28T19:14:07.289+0530][gc,heap     ] GC(39) Eden regions: 47->0(48)
[2025-03-28T19:14:07.289+0530][gc,heap     ] GC(39) Survivor regions: 4->3(7)
[2025-03-28T19:14:07.289+0530][gc,heap     ] GC(39) Old regions: 35->35
[2025-03-28T19:14:07.289+0530][gc,heap     ] GC(39) Archive regions: 2->2
[2025-03-28T19:14:07.289+0530][gc,heap     ] GC(39) Humongous regions: 140->140
[2025-03-28T19:14:07.289+0530][gc,metaspace] GC(39) Metaspace: 48773K(49344K)->48773K(49344K) NonClass: 43244K(43520K)->43244K(43520K) Class: 5528K(5824K)->5528K(5824K)
[2025-03-28T19:14:07.289+0530][gc          ] GC(39) Pause Young (Normal) (G1 Evacuation Pause) 225M->178M(1024M) 49.820ms
[2025-03-28T19:14:07.289+0530][gc,cpu      ] GC(39) User=0.02s Sys=0.00s Real=0.05s
[2025-03-28T19:14:09.839+0530][gc,start    ] GC(40) Pause Young (Normal) (G1 Evacuation Pause)
[2025-03-28T19:14:09.839+0530][gc,task     ] GC(40) Using 2 workers of 2 for evacuation
[2025-03-28T19:14:09.845+0530][gc,phases   ] GC(40)   Pre Evacuate Collection Set: 0.2ms
[2025-03-28T19:14:09.845+0530][gc,phases   ] GC(40)   Merge Heap Roots: 0.1ms
[2025-03-28T19:14:09.845+0530][gc,phases   ] GC(40)   Evacuate Collection Set: 5.0ms
[2025-03-28T19:14:09.845+0530][gc,phases   ] GC(40)   Post Evacuate Collection Set: 0.6ms
[2025-03-28T19:14:09.845+0530][gc,phases   ] GC(40)   Other: 0.2ms
[2025-03-28T19:14:09.845+0530][gc,heap     ] GC(40) Eden regions: 48->0(47)
[2025-03-28T19:14:09.845+0530][gc,heap     ] GC(40) Survivor regions: 3->4(7)
[2025-03-28T19:14:09.845+0530][gc,heap     ] GC(40) Old regions: 35->35
[2025-03-28T19:14:09.845+0530][gc,heap     ] GC(40) Archive regions: 2->2
[2025-03-28T19:14:09.845+0530][gc,heap     ] GC(40) Humongous regions: 140->138
[2025-03-28T19:14:09.845+0530][gc,metaspace] GC(40) Metaspace: 48892K(49536K)->48892K(49536K) NonClass: 43342K(43648K)->43342K(43648K) Class: 5550K(5888K)->5550K(5888K)
[2025-03-28T19:14:09.845+0530][gc          ] GC(40) Pause Young (Normal) (G1 Evacuation Pause) 226M->176M(1024M) 6.268ms
[2025-03-28T19:14:09.845+0530][gc,cpu      ] GC(40) User=0.01s Sys=0.00s Real=0.01s
[2025-03-28T19:14:10.022+0530][gc,start    ] GC(41) Pause Young (Normal) (G1 Evacuation Pause)
[2025-03-28T19:14:10.023+0530][gc,task     ] GC(41) Using 2 workers of 2 for evacuation
[2025-03-28T19:14:10.048+0530][gc,mmu      ] GC(41) MMU target violated: 21.0ms (20.0ms/21.0ms)
[2025-03-28T19:14:10.048+0530][gc,phases   ] GC(41)   Pre Evacuate Collection Set: 6.9ms
[2025-03-28T19:14:10.048+0530][gc,phases   ] GC(41)   Merge Heap Roots: 0.2ms
[2025-03-28T19:14:10.048+0530][gc,phases   ] GC(41)   Evacuate Collection Set: 16.5ms
[2025-03-28T19:14:10.048+0530][gc,phases   ] GC(41)   Post Evacuate Collection Set: 0.8ms
[2025-03-28T19:14:10.048+0530][gc,phases   ] GC(41)   Other: 2.0ms
[2025-03-28T19:14:10.048+0530][gc,heap     ] GC(41) Eden regions: 47->0(48)
[2025-03-28T19:14:10.048+0530][gc,heap     ] GC(41) Survivor regions: 4->3(7)
[2025-03-28T19:14:10.048+0530][gc,heap     ] GC(41) Old regions: 35->35
[2025-03-28T19:14:10.048+0530][gc,heap     ] GC(41) Archive regions: 2->2
[2025-03-28T19:14:10.048+0530][gc,heap     ] GC(41) Humongous regions: 140->140
[2025-03-28T19:14:10.048+0530][gc,metaspace] GC(41) Metaspace: 48989K(49600K)->48989K(49600K) NonClass: 43422K(43712K)->43422K(43712K) Class: 5566K(5888K)->5566K(5888K)
[2025-03-28T19:14:10.048+0530][gc          ] GC(41) Pause Young (Normal) (G1 Evacuation Pause) 225M->178M(1024M) 26.504ms
[2025-03-28T19:14:10.048+0530][gc,cpu      ] GC(41) User=0.01s Sys=0.00s Real=0.03s
[2025-03-28T19:14:16.423+0530][gc,start    ] GC(42) Pause Young (Normal) (G1 Evacuation Pause)
[2025-03-28T19:14:16.424+0530][gc,task     ] GC(42) Using 2 workers of 2 for evacuation
[2025-03-28T19:14:16.458+0530][gc,mmu      ] GC(42) MMU target violated: 21.0ms (20.0ms/21.0ms)
[2025-03-28T19:14:16.458+0530][gc,phases   ] GC(42)   Pre Evacuate Collection Set: 0.2ms
[2025-03-28T19:14:16.458+0530][gc,phases   ] GC(42)   Merge Heap Roots: 0.1ms
[2025-03-28T19:14:16.458+0530][gc,phases   ] GC(42)   Evacuate Collection Set: 33.2ms
[2025-03-28T19:14:16.458+0530][gc,phases   ] GC(42)   Post Evacuate Collection Set: 0.7ms
[2025-03-28T19:14:16.458+0530][gc,phases   ] GC(42)   Other: 0.4ms
[2025-03-28T19:14:16.458+0530][gc,heap     ] GC(42) Eden regions: 48->0(48)
[2025-03-28T19:14:16.458+0530][gc,heap     ] GC(42) Survivor regions: 3->3(7)
[2025-03-28T19:14:16.458+0530][gc,heap     ] GC(42) Old regions: 35->35
[2025-03-28T19:14:16.458+0530][gc,heap     ] GC(42) Archive regions: 2->2
[2025-03-28T19:14:16.458+0530][gc,heap     ] GC(42) Humongous regions: 140->138
[2025-03-28T19:14:16.458+0530][gc,metaspace] GC(42) Metaspace: 48996K(49600K)->48996K(49600K) NonClass: 43429K(43712K)->43429K(43712K) Class: 5566K(5888K)->5566K(5888K)
[2025-03-28T19:14:16.458+0530][gc          ] GC(42) Pause Young (Normal) (G1 Evacuation Pause) 226M->175M(1024M) 34.855ms
[2025-03-28T19:14:16.458+0530][gc,cpu      ] GC(42) User=0.01s Sys=0.01s Real=0.04s
[2025-03-28T19:14:16.889+0530][gc,start    ] GC(43) Pause Young (Normal) (G1 Evacuation Pause)
[2025-03-28T19:14:16.889+0530][gc,task     ] GC(43) Using 2 workers of 2 for evacuation
[2025-03-28T19:14:16.914+0530][gc,mmu      ] GC(43) MMU target violated: 21.0ms (20.0ms/21.0ms)
[2025-03-28T19:14:16.914+0530][gc,phases   ] GC(43)   Pre Evacuate Collection Set: 1.1ms
[2025-03-28T19:14:16.914+0530][gc,phases   ] GC(43)   Merge Heap Roots: 0.1ms
[2025-03-28T19:14:16.914+0530][gc,phases   ] GC(43)   Evacuate Collection Set: 22.3ms
[2025-03-28T19:14:16.914+0530][gc,phases   ] GC(43)   Post Evacuate Collection Set: 0.7ms
[2025-03-28T19:14:16.914+0530][gc,phases   ] GC(43)   Other: 0.3ms
[2025-03-28T19:14:16.914+0530][gc,heap     ] GC(43) Eden regions: 48->0(48)
[2025-03-28T19:14:16.914+0530][gc,heap     ] GC(43) Survivor regions: 3->3(7)
[2025-03-28T19:14:16.914+0530][gc,heap     ] GC(43) Old regions: 35->35
[2025-03-28T19:14:16.914+0530][gc,heap     ] GC(43) Archive regions: 2->2
[2025-03-28T19:14:16.914+0530][gc,heap     ] GC(43) Humongous regions: 140->140
[2025-03-28T19:14:16.914+0530][gc,metaspace] GC(43) Metaspace: 49000K(49600K)->49000K(49600K) NonClass: 43433K(43712K)->43433K(43712K) Class: 5566K(5888K)->5566K(5888K)
[2025-03-28T19:14:16.914+0530][gc          ] GC(43) Pause Young (Normal) (G1 Evacuation Pause) 225M->178M(1024M) 24.570ms
[2025-03-28T19:14:16.914+0530][gc,cpu      ] GC(43) User=0.02s Sys=0.00s Real=0.03s
[2025-03-28T19:14:19.731+0530][gc,start    ] GC(44) Pause Young (Normal) (G1 Evacuation Pause)
[2025-03-28T19:14:19.732+0530][gc,task     ] GC(44) Using 2 workers of 2 for evacuation
[2025-03-28T19:14:19.752+0530][gc,mmu      ] GC(44) MMU target violated: 20.4ms (20.0ms/21.0ms)
[2025-03-28T19:14:19.752+0530][gc,phases   ] GC(44)   Pre Evacuate Collection Set: 0.7ms
[2025-03-28T19:14:19.753+0530][gc,phases   ] GC(44)   Merge Heap Roots: 0.4ms
[2025-03-28T19:14:19.753+0530][gc,phases   ] GC(44)   Evacuate Collection Set: 17.5ms
[2025-03-28T19:14:19.753+0530][gc,phases   ] GC(44)   Post Evacuate Collection Set: 1.8ms
[2025-03-28T19:14:19.753+0530][gc,phases   ] GC(44)   Other: 0.7ms
[2025-03-28T19:14:19.753+0530][gc,heap     ] GC(44) Eden regions: 48->0(48)
[2025-03-28T19:14:19.753+0530][gc,heap     ] GC(44) Survivor regions: 3->3(7)
[2025-03-28T19:14:19.753+0530][gc,heap     ] GC(44) Old regions: 35->35
[2025-03-28T19:14:19.753+0530][gc,heap     ] GC(44) Archive regions: 2->2
[2025-03-28T19:14:19.753+0530][gc,heap     ] GC(44) Humongous regions: 140->138
[2025-03-28T19:14:19.753+0530][gc,metaspace] GC(44) Metaspace: 49005K(49664K)->49005K(49664K) NonClass: 43438K(43776K)->43438K(43776K) Class: 5566K(5888K)->5566K(5888K)
[2025-03-28T19:14:19.753+0530][gc          ] GC(44) Pause Young (Normal) (G1 Evacuation Pause) 226M->175M(1024M) 21.746ms
[2025-03-28T19:14:19.753+0530][gc,cpu      ] GC(44) User=0.03s Sys=0.00s Real=0.02s
[2025-03-28T19:14:19.948+0530][gc,start    ] GC(45) Pause Young (Normal) (G1 Evacuation Pause)
[2025-03-28T19:14:19.949+0530][gc,task     ] GC(45) Using 2 workers of 2 for evacuation
[2025-03-28T19:14:19.959+0530][gc,phases   ] GC(45)   Pre Evacuate Collection Set: 0.2ms
[2025-03-28T19:14:19.959+0530][gc,phases   ] GC(45)   Merge Heap Roots: 0.1ms
[2025-03-28T19:14:19.959+0530][gc,phases   ] GC(45)   Evacuate Collection Set: 8.1ms
[2025-03-28T19:14:19.959+0530][gc,phases   ] GC(45)   Post Evacuate Collection Set: 1.7ms
[2025-03-28T19:14:19.959+0530][gc,phases   ] GC(45)   Other: 0.2ms
[2025-03-28T19:14:19.959+0530][gc,heap     ] GC(45) Eden regions: 48->0(48)
[2025-03-28T19:14:19.959+0530][gc,heap     ] GC(45) Survivor regions: 3->3(7)
[2025-03-28T19:14:19.959+0530][gc,heap     ] GC(45) Old regions: 35->35
[2025-03-28T19:14:19.959+0530][gc,heap     ] GC(45) Archive regions: 2->2
[2025-03-28T19:14:19.959+0530][gc,heap     ] GC(45) Humongous regions: 140->140
[2025-03-28T19:14:19.959+0530][gc,metaspace] GC(45) Metaspace: 49011K(49664K)->49011K(49664K) NonClass: 43444K(43776K)->43444K(43776K) Class: 5566K(5888K)->5566K(5888K)
[2025-03-28T19:14:19.959+0530][gc          ] GC(45) Pause Young (Normal) (G1 Evacuation Pause) 225M->178M(1024M) 10.441ms
[2025-03-28T19:14:19.959+0530][gc,cpu      ] GC(45) User=0.02s Sys=0.00s Real=0.01s
[2025-03-28T19:14:26.443+0530][gc,start    ] GC(46) Pause Young (Normal) (G1 Evacuation Pause)
[2025-03-28T19:14:26.443+0530][gc,task     ] GC(46) Using 2 workers of 2 for evacuation
[2025-03-28T19:14:26.551+0530][gc,mmu      ] GC(46) MMU target violated: 21.0ms (20.0ms/21.0ms)
[2025-03-28T19:14:26.551+0530][gc,phases   ] GC(46)   Pre Evacuate Collection Set: 1.2ms
[2025-03-28T19:14:26.551+0530][gc,phases   ] GC(46)   Merge Heap Roots: 0.4ms
[2025-03-28T19:14:26.551+0530][gc,phases   ] GC(46)   Evacuate Collection Set: 93.1ms
[2025-03-28T19:14:26.551+0530][gc,phases   ] GC(46)   Post Evacuate Collection Set: 13.0ms
[2025-03-28T19:14:26.551+0530][gc,phases   ] GC(46)   Other: 1.3ms
[2025-03-28T19:14:26.551+0530][gc,heap     ] GC(46) Eden regions: 48->0(49)
[2025-03-28T19:14:26.551+0530][gc,heap     ] GC(46) Survivor regions: 3->2(7)
[2025-03-28T19:14:26.551+0530][gc,heap     ] GC(46) Old regions: 35->35
[2025-03-28T19:14:26.552+0530][gc,heap     ] GC(46) Archive regions: 2->2
[2025-03-28T19:14:26.552+0530][gc,heap     ] GC(46) Humongous regions: 140->138
[2025-03-28T19:14:26.552+0530][gc,metaspace] GC(46) Metaspace: 49012K(49664K)->49012K(49664K) NonClass: 43445K(43776K)->43445K(43776K) Class: 5566K(5888K)->5566K(5888K)
[2025-03-28T19:14:26.552+0530][gc          ] GC(46) Pause Young (Normal) (G1 Evacuation Pause) 226M->175M(1024M) 109.216ms
[2025-03-28T19:14:26.552+0530][gc,cpu      ] GC(46) User=0.04s Sys=0.00s Real=0.11s
[2025-03-28T19:14:26.895+0530][gc,start    ] GC(47) Pause Young (Normal) (G1 Evacuation Pause)
[2025-03-28T19:14:26.895+0530][gc,task     ] GC(47) Using 2 workers of 2 for evacuation
[2025-03-28T19:14:26.923+0530][gc,mmu      ] GC(47) MMU target violated: 21.0ms (20.0ms/21.0ms)
[2025-03-28T19:14:26.923+0530][gc,phases   ] GC(47)   Pre Evacuate Collection Set: 0.2ms
[2025-03-28T19:14:26.923+0530][gc,phases   ] GC(47)   Merge Heap Roots: 16.5ms
[2025-03-28T19:14:26.923+0530][gc,phases   ] GC(47)   Evacuate Collection Set: 10.1ms
[2025-03-28T19:14:26.923+0530][gc,phases   ] GC(47)   Post Evacuate Collection Set: 0.6ms
[2025-03-28T19:14:26.923+0530][gc,phases   ] GC(47)   Other: 0.2ms
[2025-03-28T19:14:26.923+0530][gc,heap     ] GC(47) Eden regions: 49->0(44)
[2025-03-28T19:14:26.923+0530][gc,heap     ] GC(47) Survivor regions: 2->7(7)
[2025-03-28T19:14:26.923+0530][gc,heap     ] GC(47) Old regions: 35->36
[2025-03-28T19:14:26.923+0530][gc,heap     ] GC(47) Archive regions: 2->2
[2025-03-28T19:14:26.923+0530][gc,heap     ] GC(47) Humongous regions: 138->138
[2025-03-28T19:14:26.923+0530][gc,metaspace] GC(47) Metaspace: 49017K(49728K)->49017K(49728K) NonClass: 43450K(43840K)->43450K(43840K) Class: 5566K(5888K)->5566K(5888K)
[2025-03-28T19:14:26.923+0530][gc          ] GC(47) Pause Young (Normal) (G1 Evacuation Pause) 224M->181M(1024M) 27.747ms
[2025-03-28T19:14:26.923+0530][gc,cpu      ] GC(47) User=0.02s Sys=0.00s Real=0.02s
[2025-03-28T19:14:29.655+0530][gc,start    ] GC(48) Pause Young (Normal) (G1 Evacuation Pause)
[2025-03-28T19:14:29.655+0530][gc,task     ] GC(48) Using 2 workers of 2 for evacuation
[2025-03-28T19:14:29.684+0530][gc,mmu      ] GC(48) MMU target violated: 21.0ms (20.0ms/21.0ms)
[2025-03-28T19:14:29.684+0530][gc,phases   ] GC(48)   Pre Evacuate Collection Set: 0.7ms
[2025-03-28T19:14:29.684+0530][gc,phases   ] GC(48)   Merge Heap Roots: 0.6ms
[2025-03-28T19:14:29.684+0530][gc,phases   ] GC(48)   Evacuate Collection Set: 24.2ms
[2025-03-28T19:14:29.684+0530][gc,phases   ] GC(48)   Post Evacuate Collection Set: 3.0ms
[2025-03-28T19:14:29.684+0530][gc,phases   ] GC(48)   Other: 1.0ms
[2025-03-28T19:14:29.684+0530][gc,heap     ] GC(48) Eden regions: 44->0(50)
[2025-03-28T19:14:29.685+0530][gc,heap     ] GC(48) Survivor regions: 7->1(7)
[2025-03-28T19:14:29.685+0530][gc,heap     ] GC(48) Old regions: 36->37
[2025-03-28T19:14:29.685+0530][gc,heap     ] GC(48) Archive regions: 2->2
[2025-03-28T19:14:29.685+0530][gc,heap     ] GC(48) Humongous regions: 140->138
[2025-03-28T19:14:29.685+0530][gc,metaspace] GC(48) Metaspace: 49020K(49728K)->49020K(49728K) NonClass: 43453K(43840K)->43453K(43840K) Class: 5566K(5888K)->5566K(5888K)
[2025-03-28T19:14:29.685+0530][gc          ] GC(48) Pause Young (Normal) (G1 Evacuation Pause) 227M->176M(1024M) 30.504ms
[2025-03-28T19:14:29.685+0530][gc,cpu      ] GC(48) User=0.04s Sys=0.01s Real=0.04s
[2025-03-28T19:14:29.897+0530][gc,start    ] GC(49) Pause Young (Normal) (G1 Evacuation Pause)
[2025-03-28T19:14:29.897+0530][gc,task     ] GC(49) Using 2 workers of 2 for evacuation
[2025-03-28T19:14:29.905+0530][gc,phases   ] GC(49)   Pre Evacuate Collection Set: 0.2ms
[2025-03-28T19:14:29.906+0530][gc,phases   ] GC(49)   Merge Heap Roots: 0.1ms
[2025-03-28T19:14:29.906+0530][gc,phases   ] GC(49)   Evacuate Collection Set: 7.7ms
[2025-03-28T19:14:29.906+0530][gc,phases   ] GC(49)   Post Evacuate Collection Set: 0.7ms
[2025-03-28T19:14:29.906+0530][gc,phases   ] GC(49)   Other: 0.1ms
[2025-03-28T19:14:29.906+0530][gc,heap     ] GC(49) Eden regions: 50->0(44)
[2025-03-28T19:14:29.906+0530][gc,heap     ] GC(49) Survivor regions: 1->7(7)
[2025-03-28T19:14:29.906+0530][gc,heap     ] GC(49) Old regions: 37->37
[2025-03-28T19:14:29.906+0530][gc,heap     ] GC(49) Archive regions: 2->2
[2025-03-28T19:14:29.906+0530][gc,heap     ] GC(49) Humongous regions: 138->138
[2025-03-28T19:14:29.906+0530][gc,metaspace] GC(49) Metaspace: 49027K(49728K)->49027K(49728K) NonClass: 43460K(43840K)->43460K(43840K) Class: 5566K(5888K)->5566K(5888K)
[2025-03-28T19:14:29.906+0530][gc          ] GC(49) Pause Young (Normal) (G1 Evacuation Pause) 226M->182M(1024M) 9.031ms
[2025-03-28T19:14:29.906+0530][gc,cpu      ] GC(49) User=0.02s Sys=0.00s Real=0.01s
[2025-03-28T19:14:29.988+0530][gc,start    ] GC(50) Pause Young (Normal) (G1 Evacuation Pause)
[2025-03-28T19:14:29.988+0530][gc,task     ] GC(50) Using 2 workers of 2 for evacuation
[2025-03-28T19:14:29.993+0530][gc,phases   ] GC(50)   Pre Evacuate Collection Set: 0.3ms
[2025-03-28T19:14:29.993+0530][gc,phases   ] GC(50)   Merge Heap Roots: 0.1ms
[2025-03-28T19:14:29.993+0530][gc,phases   ] GC(50)   Evacuate Collection Set: 4.2ms
[2025-03-28T19:14:29.993+0530][gc,phases   ] GC(50)   Post Evacuate Collection Set: 0.5ms
[2025-03-28T19:14:29.993+0530][gc,phases   ] GC(50)   Other: 0.3ms
[2025-03-28T19:14:29.993+0530][gc,heap     ] GC(50) Eden regions: 44->0(50)
[2025-03-28T19:14:29.993+0530][gc,heap     ] GC(50) Survivor regions: 7->1(7)
[2025-03-28T19:14:29.993+0530][gc,heap     ] GC(50) Old regions: 37->38
[2025-03-28T19:14:29.993+0530][gc,heap     ] GC(50) Archive regions: 2->2
[2025-03-28T19:14:29.993+0530][gc,heap     ] GC(50) Humongous regions: 140->140
[2025-03-28T19:14:29.993+0530][gc,metaspace] GC(50) Metaspace: 49028K(49728K)->49028K(49728K) NonClass: 43461K(43840K)->43461K(43840K) Class: 5566K(5888K)->5566K(5888K)
[2025-03-28T19:14:29.993+0530][gc          ] GC(50) Pause Young (Normal) (G1 Evacuation Pause) 228M->179M(1024M) 5.438ms
[2025-03-28T19:14:29.993+0530][gc,cpu      ] GC(50) User=0.00s Sys=0.01s Real=0.00s
[2025-03-28T19:14:36.712+0530][gc,start    ] GC(51) Pause Young (Normal) (G1 Evacuation Pause)
[2025-03-28T19:14:36.712+0530][gc,task     ] GC(51) Using 2 workers of 2 for evacuation
[2025-03-28T19:14:36.733+0530][gc,mmu      ] GC(51) MMU target violated: 20.1ms (20.0ms/21.0ms)
[2025-03-28T19:14:36.733+0530][gc,phases   ] GC(51)   Pre Evacuate Collection Set: 0.2ms
[2025-03-28T19:14:36.733+0530][gc,phases   ] GC(51)   Merge Heap Roots: 0.1ms
[2025-03-28T19:14:36.733+0530][gc,phases   ] GC(51)   Evacuate Collection Set: 19.4ms
[2025-03-28T19:14:36.733+0530][gc,phases   ] GC(51)   Post Evacuate Collection Set: 0.4ms
[2025-03-28T19:14:36.733+0530][gc,phases   ] GC(51)   Other: 0.2ms
[2025-03-28T19:14:36.733+0530][gc,heap     ] GC(51) Eden regions: 50->0(44)
[2025-03-28T19:14:36.733+0530][gc,heap     ] GC(51) Survivor regions: 1->7(7)
[2025-03-28T19:14:36.733+0530][gc,heap     ] GC(51) Old regions: 38->38
[2025-03-28T19:14:36.733+0530][gc,heap     ] GC(51) Archive regions: 2->2
[2025-03-28T19:14:36.733+0530][gc,heap     ] GC(51) Humongous regions: 140->138
[2025-03-28T19:14:36.733+0530][gc,metaspace] GC(51) Metaspace: 49602K(50304K)->49602K(50304K) NonClass: 43929K(44288K)->43929K(44288K) Class: 5672K(6016K)->5672K(6016K)
[2025-03-28T19:14:36.733+0530][gc          ] GC(51) Pause Young (Normal) (G1 Evacuation Pause) 229M->182M(1024M) 20.466ms
[2025-03-28T19:14:36.733+0530][gc,cpu      ] GC(51) User=0.02s Sys=0.00s Real=0.02s
[2025-03-28T19:14:36.907+0530][gc,start    ] GC(52) Pause Young (Normal) (G1 Evacuation Pause)
[2025-03-28T19:14:36.907+0530][gc,task     ] GC(52) Using 2 workers of 2 for evacuation
[2025-03-28T19:14:36.915+0530][gc,phases   ] GC(52)   Pre Evacuate Collection Set: 0.2ms
[2025-03-28T19:14:36.915+0530][gc,phases   ] GC(52)   Merge Heap Roots: 0.1ms
[2025-03-28T19:14:36.915+0530][gc,phases   ] GC(52)   Evacuate Collection Set: 7.4ms
[2025-03-28T19:14:36.915+0530][gc,phases   ] GC(52)   Post Evacuate Collection Set: 0.5ms
[2025-03-28T19:14:36.915+0530][gc,phases   ] GC(52)   Other: 0.2ms
[2025-03-28T19:14:36.915+0530][gc,heap     ] GC(52) Eden regions: 44->0(49)
[2025-03-28T19:14:36.915+0530][gc,heap     ] GC(52) Survivor regions: 7->2(7)
[2025-03-28T19:14:36.915+0530][gc,heap     ] GC(52) Old regions: 38->39
[2025-03-28T19:14:36.915+0530][gc,heap     ] GC(52) Archive regions: 2->2
[2025-03-28T19:14:36.915+0530][gc,heap     ] GC(52) Humongous regions: 140->140
[2025-03-28T19:14:36.915+0530][gc,metaspace] GC(52) Metaspace: 49608K(50304K)->49608K(50304K) NonClass: 43936K(44288K)->43936K(44288K) Class: 5672K(6016K)->5672K(6016K)
[2025-03-28T19:14:36.915+0530][gc          ] GC(52) Pause Young (Normal) (G1 Evacuation Pause) 228M->181M(1024M) 8.480ms
[2025-03-28T19:14:36.915+0530][gc,cpu      ] GC(52) User=0.01s Sys=0.01s Real=0.01s
[2025-03-28T19:14:39.831+0530][gc,start    ] GC(53) Pause Young (Normal) (G1 Evacuation Pause)
[2025-03-28T19:14:39.831+0530][gc,task     ] GC(53) Using 2 workers of 2 for evacuation
[2025-03-28T19:14:39.845+0530][gc,phases   ] GC(53)   Pre Evacuate Collection Set: 1.6ms
[2025-03-28T19:14:39.845+0530][gc,phases   ] GC(53)   Merge Heap Roots: 0.2ms
[2025-03-28T19:14:39.845+0530][gc,phases   ] GC(53)   Evacuate Collection Set: 11.6ms
[2025-03-28T19:14:39.845+0530][gc,phases   ] GC(53)   Post Evacuate Collection Set: 0.6ms
[2025-03-28T19:14:39.845+0530][gc,phases   ] GC(53)   Other: 0.3ms
[2025-03-28T19:14:39.845+0530][gc,heap     ] GC(53) Eden regions: 49->0(46)
[2025-03-28T19:14:39.845+0530][gc,heap     ] GC(53) Survivor regions: 2->5(7)
[2025-03-28T19:14:39.845+0530][gc,heap     ] GC(53) Old regions: 39->39
[2025-03-28T19:14:39.845+0530][gc,heap     ] GC(53) Archive regions: 2->2
[2025-03-28T19:14:39.845+0530][gc,heap     ] GC(53) Humongous regions: 143->138
[2025-03-28T19:14:39.845+0530][gc,metaspace] GC(53) Metaspace: 49613K(50304K)->49613K(50304K) NonClass: 43940K(44288K)->43940K(44288K) Class: 5672K(6016K)->5672K(6016K)
[2025-03-28T19:14:39.845+0530][gc          ] GC(53) Pause Young (Normal) (G1 Evacuation Pause) 233M->182M(1024M) 14.437ms
[2025-03-28T19:14:39.845+0530][gc,cpu      ] GC(53) User=0.02s Sys=0.00s Real=0.02s
[2025-03-28T19:14:39.981+0530][gc,start    ] GC(54) Pause Young (Normal) (G1 Evacuation Pause)
[2025-03-28T19:14:39.981+0530][gc,task     ] GC(54) Using 2 workers of 2 for evacuation
[2025-03-28T19:14:39.988+0530][gc,phases   ] GC(54)   Pre Evacuate Collection Set: 0.3ms
[2025-03-28T19:14:39.988+0530][gc,phases   ] GC(54)   Merge Heap Roots: 0.1ms
[2025-03-28T19:14:39.989+0530][gc,phases   ] GC(54)   Evacuate Collection Set: 6.3ms
[2025-03-28T19:14:39.989+0530][gc,phases   ] GC(54)   Post Evacuate Collection Set: 0.8ms
[2025-03-28T19:14:39.989+0530][gc,phases   ] GC(54)   Other: 0.2ms
[2025-03-28T19:14:39.989+0530][gc,heap     ] GC(54) Eden regions: 46->0(49)
[2025-03-28T19:14:39.989+0530][gc,heap     ] GC(54) Survivor regions: 5->2(7)
[2025-03-28T19:14:39.989+0530][gc,heap     ] GC(54) Old regions: 39->40
[2025-03-28T19:14:39.989+0530][gc,heap     ] GC(54) Archive regions: 2->2
[2025-03-28T19:14:39.989+0530][gc,heap     ] GC(54) Humongous regions: 140->140
[2025-03-28T19:14:39.989+0530][gc,metaspace] GC(54) Metaspace: 49613K(50304K)->49613K(50304K) NonClass: 43940K(44288K)->43940K(44288K) Class: 5672K(6016K)->5672K(6016K)
[2025-03-28T19:14:39.989+0530][gc          ] GC(54) Pause Young (Normal) (G1 Evacuation Pause) 230M->182M(1024M) 7.754ms
[2025-03-28T19:14:39.989+0530][gc,cpu      ] GC(54) User=0.01s Sys=0.00s Real=0.01s
[2025-03-28T19:14:46.508+0530][gc,start    ] GC(55) Pause Young (Normal) (G1 Evacuation Pause)
[2025-03-28T19:14:46.508+0530][gc,task     ] GC(55) Using 2 workers of 2 for evacuation
[2025-03-28T19:14:46.524+0530][gc,phases   ] GC(55)   Pre Evacuate Collection Set: 0.2ms
[2025-03-28T19:14:46.524+0530][gc,phases   ] GC(55)   Merge Heap Roots: 0.1ms
[2025-03-28T19:14:46.524+0530][gc,phases   ] GC(55)   Evacuate Collection Set: 15.5ms
[2025-03-28T19:14:46.524+0530][gc,phases   ] GC(55)   Post Evacuate Collection Set: 0.5ms
[2025-03-28T19:14:46.524+0530][gc,phases   ] GC(55)   Other: 0.2ms
[2025-03-28T19:14:46.524+0530][gc,heap     ] GC(55) Eden regions: 49->0(46)
[2025-03-28T19:14:46.524+0530][gc,heap     ] GC(55) Survivor regions: 2->5(7)
[2025-03-28T19:14:46.524+0530][gc,heap     ] GC(55) Old regions: 40->40
[2025-03-28T19:14:46.524+0530][gc,heap     ] GC(55) Archive regions: 2->2
[2025-03-28T19:14:46.524+0530][gc,heap     ] GC(55) Humongous regions: 140->138
[2025-03-28T19:14:46.524+0530][gc,metaspace] GC(55) Metaspace: 49621K(50304K)->49621K(50304K) NonClass: 43948K(44288K)->43948K(44288K) Class: 5672K(6016K)->5672K(6016K)
[2025-03-28T19:14:46.524+0530][gc          ] GC(55) Pause Young (Normal) (G1 Evacuation Pause) 231M->183M(1024M) 16.612ms
[2025-03-28T19:14:46.524+0530][gc,cpu      ] GC(55) User=0.02s Sys=0.00s Real=0.01s
[2025-03-28T19:14:46.798+0530][gc,start    ] GC(56) Pause Young (Normal) (G1 Evacuation Pause)
[2025-03-28T19:14:46.798+0530][gc,task     ] GC(56) Using 2 workers of 2 for evacuation
[2025-03-28T19:14:46.805+0530][gc,phases   ] GC(56)   Pre Evacuate Collection Set: 0.2ms
[2025-03-28T19:14:46.805+0530][gc,phases   ] GC(56)   Merge Heap Roots: 0.1ms
[2025-03-28T19:14:46.805+0530][gc,phases   ] GC(56)   Evacuate Collection Set: 5.7ms
[2025-03-28T19:14:46.805+0530][gc,phases   ] GC(56)   Post Evacuate Collection Set: 0.7ms
[2025-03-28T19:14:46.805+0530][gc,phases   ] GC(56)   Other: 0.3ms
[2025-03-28T19:14:46.805+0530][gc,heap     ] GC(56) Eden regions: 46->0(65)
[2025-03-28T19:14:46.805+0530][gc,heap     ] GC(56) Survivor regions: 5->2(7)
[2025-03-28T19:14:46.805+0530][gc,heap     ] GC(56) Old regions: 40->41
[2025-03-28T19:14:46.805+0530][gc,heap     ] GC(56) Archive regions: 2->2
[2025-03-28T19:14:46.805+0530][gc,heap     ] GC(56) Humongous regions: 140->140
[2025-03-28T19:14:46.805+0530][gc,metaspace] GC(56) Metaspace: 49625K(50304K)->49625K(50304K) NonClass: 43953K(44288K)->43953K(44288K) Class: 5672K(6016K)->5672K(6016K)
[2025-03-28T19:14:46.805+0530][gc          ] GC(56) Pause Young (Normal) (G1 Evacuation Pause) 231M->183M(1024M) 7.137ms
[2025-03-28T19:14:46.805+0530][gc,cpu      ] GC(56) User=0.01s Sys=0.01s Real=0.00s
[2025-03-28T19:14:49.671+0530][gc,start    ] GC(57) Pause Young (Normal) (G1 Evacuation Pause)
[2025-03-28T19:14:49.671+0530][gc,task     ] GC(57) Using 2 workers of 2 for evacuation
[2025-03-28T19:14:49.679+0530][gc,phases   ] GC(57)   Pre Evacuate Collection Set: 0.5ms
[2025-03-28T19:14:49.679+0530][gc,phases   ] GC(57)   Merge Heap Roots: 0.2ms
[2025-03-28T19:14:49.679+0530][gc,phases   ] GC(57)   Evacuate Collection Set: 6.9ms
[2025-03-28T19:14:49.679+0530][gc,phases   ] GC(57)   Post Evacuate Collection Set: 0.4ms
[2025-03-28T19:14:49.679+0530][gc,phases   ] GC(57)   Other: 0.2ms
[2025-03-28T19:14:49.679+0530][gc,heap     ] GC(57) Eden regions: 65->0(57)
[2025-03-28T19:14:49.679+0530][gc,heap     ] GC(57) Survivor regions: 2->6(9)
[2025-03-28T19:14:49.679+0530][gc,heap     ] GC(57) Old regions: 41->41
[2025-03-28T19:14:49.679+0530][gc,heap     ] GC(57) Archive regions: 2->2
[2025-03-28T19:14:49.679+0530][gc,heap     ] GC(57) Humongous regions: 140->138
[2025-03-28T19:14:49.679+0530][gc,metaspace] GC(57) Metaspace: 49658K(50368K)->49658K(50368K) NonClass: 43985K(44352K)->43985K(44352K) Class: 5672K(6016K)->5672K(6016K)
[2025-03-28T19:14:49.679+0530][gc          ] GC(57) Pause Young (Normal) (G1 Evacuation Pause) 248M->185M(1024M) 8.265ms
[2025-03-28T19:14:49.679+0530][gc,cpu      ] GC(57) User=0.02s Sys=0.00s Real=0.02s
[2025-03-28T19:14:49.798+0530][gc,start    ] GC(58) Pause Young (Normal) (G1 Evacuation Pause)
[2025-03-28T19:14:49.798+0530][gc,task     ] GC(58) Using 2 workers of 2 for evacuation
[2025-03-28T19:14:49.806+0530][gc,phases   ] GC(58)   Pre Evacuate Collection Set: 0.2ms
[2025-03-28T19:14:49.806+0530][gc,phases   ] GC(58)   Merge Heap Roots: 0.3ms
[2025-03-28T19:14:49.806+0530][gc,phases   ] GC(58)   Evacuate Collection Set: 6.7ms
[2025-03-28T19:14:49.806+0530][gc,phases   ] GC(58)   Post Evacuate Collection Set: 0.9ms
[2025-03-28T19:14:49.806+0530][gc,phases   ] GC(58)   Other: 0.2ms
[2025-03-28T19:14:49.806+0530][gc,heap     ] GC(58) Eden regions: 57->0(105)
[2025-03-28T19:14:49.806+0530][gc,heap     ] GC(58) Survivor regions: 6->2(8)
[2025-03-28T19:14:49.806+0530][gc,heap     ] GC(58) Old regions: 41->42
[2025-03-28T19:14:49.806+0530][gc,heap     ] GC(58) Archive regions: 2->2
[2025-03-28T19:14:49.806+0530][gc,heap     ] GC(58) Humongous regions: 140->140
[2025-03-28T19:14:49.806+0530][gc,metaspace] GC(58) Metaspace: 49658K(50368K)->49658K(50368K) NonClass: 43985K(44352K)->43985K(44352K) Class: 5672K(6016K)->5672K(6016K)
[2025-03-28T19:14:49.806+0530][gc          ] GC(58) Pause Young (Normal) (G1 Evacuation Pause) 244M->184M(1024M) 8.419ms
[2025-03-28T19:14:49.806+0530][gc,cpu      ] GC(58) User=0.01s Sys=0.00s Real=0.02s
[2025-03-28T19:14:59.645+0530][gc,start    ] GC(59) Pause Young (Normal) (G1 Evacuation Pause)
[2025-03-28T19:14:59.645+0530][gc,task     ] GC(59) Using 2 workers of 2 for evacuation
[2025-03-28T19:14:59.679+0530][gc,mmu      ] GC(59) MMU target violated: 21.0ms (20.0ms/21.0ms)
[2025-03-28T19:14:59.680+0530][gc,phases   ] GC(59)   Pre Evacuate Collection Set: 0.7ms
[2025-03-28T19:14:59.680+0530][gc,phases   ] GC(59)   Merge Heap Roots: 0.4ms
[2025-03-28T19:14:59.680+0530][gc,phases   ] GC(59)   Evacuate Collection Set: 26.2ms
[2025-03-28T19:14:59.680+0530][gc,phases   ] GC(59)   Post Evacuate Collection Set: 6.5ms
[2025-03-28T19:14:59.680+0530][gc,phases   ] GC(59)   Other: 2.1ms
[2025-03-28T19:14:59.680+0530][gc,heap     ] GC(59) Eden regions: 105->0(50)
[2025-03-28T19:14:59.681+0530][gc,heap     ] GC(59) Survivor regions: 2->1(14)
[2025-03-28T19:14:59.681+0530][gc,heap     ] GC(59) Old regions: 42->42
[2025-03-28T19:14:59.681+0530][gc,heap     ] GC(59) Archive regions: 2->2
[2025-03-28T19:14:59.681+0530][gc,heap     ] GC(59) Humongous regions: 142->138
[2025-03-28T19:14:59.681+0530][gc,metaspace] GC(59) Metaspace: 49680K(50368K)->49680K(50368K) NonClass: 44007K(44352K)->44007K(44352K) Class: 5672K(6016K)->5672K(6016K)
[2025-03-28T19:14:59.681+0530][gc          ] GC(59) Pause Young (Normal) (G1 Evacuation Pause) 291M->181M(1024M) 36.156ms
[2025-03-28T19:14:59.681+0530][gc,cpu      ] GC(59) User=0.06s Sys=0.00s Real=0.04s
[2025-03-28T19:14:59.917+0530][gc,start    ] GC(60) Pause Young (Normal) (G1 Evacuation Pause)
[2025-03-28T19:14:59.917+0530][gc,task     ] GC(60) Using 2 workers of 2 for evacuation
[2025-03-28T19:14:59.926+0530][gc,phases   ] GC(60)   Pre Evacuate Collection Set: 0.3ms
[2025-03-28T19:14:59.926+0530][gc,phases   ] GC(60)   Merge Heap Roots: 0.1ms
[2025-03-28T19:14:59.926+0530][gc,phases   ] GC(60)   Evacuate Collection Set: 8.2ms
[2025-03-28T19:14:59.926+0530][gc,phases   ] GC(60)   Post Evacuate Collection Set: 0.5ms
[2025-03-28T19:14:59.926+0530][gc,phases   ] GC(60)   Other: 0.2ms
[2025-03-28T19:14:59.926+0530][gc,heap     ] GC(60) Eden regions: 50->0(44)
[2025-03-28T19:14:59.926+0530][gc,heap     ] GC(60) Survivor regions: 1->7(7)
[2025-03-28T19:14:59.926+0530][gc,heap     ] GC(60) Old regions: 42->42
[2025-03-28T19:14:59.926+0530][gc,heap     ] GC(60) Archive regions: 2->2
[2025-03-28T19:14:59.926+0530][gc,heap     ] GC(60) Humongous regions: 138->138
[2025-03-28T19:14:59.926+0530][gc,metaspace] GC(60) Metaspace: 49687K(50368K)->49687K(50368K) NonClass: 44015K(44352K)->44015K(44352K) Class: 5672K(6016K)->5672K(6016K)
[2025-03-28T19:14:59.926+0530][gc          ] GC(60) Pause Young (Normal) (G1 Evacuation Pause) 231M->187M(1024M) 9.401ms
[2025-03-28T19:14:59.926+0530][gc,cpu      ] GC(60) User=0.01s Sys=0.00s Real=0.02s
[2025-03-28T19:15:00.012+0530][gc,start    ] GC(61) Pause Young (Normal) (G1 Evacuation Pause)
[2025-03-28T19:15:00.012+0530][gc,task     ] GC(61) Using 2 workers of 2 for evacuation
[2025-03-28T19:15:00.022+0530][gc,phases   ] GC(61)   Pre Evacuate Collection Set: 0.7ms
[2025-03-28T19:15:00.022+0530][gc,phases   ] GC(61)   Merge Heap Roots: 0.1ms
[2025-03-28T19:15:00.022+0530][gc,phases   ] GC(61)   Evacuate Collection Set: 7.9ms
[2025-03-28T19:15:00.022+0530][gc,phases   ] GC(61)   Post Evacuate Collection Set: 0.5ms
[2025-03-28T19:15:00.022+0530][gc,phases   ] GC(61)   Other: 0.2ms
[2025-03-28T19:15:00.022+0530][gc,heap     ] GC(61) Eden regions: 44->0(49)
[2025-03-28T19:15:00.022+0530][gc,heap     ] GC(61) Survivor regions: 7->2(7)
[2025-03-28T19:15:00.022+0530][gc,heap     ] GC(61) Old regions: 42->44
[2025-03-28T19:15:00.022+0530][gc,heap     ] GC(61) Archive regions: 2->2
[2025-03-28T19:15:00.022+0530][gc,heap     ] GC(61) Humongous regions: 140->140
[2025-03-28T19:15:00.022+0530][gc,metaspace] GC(61) Metaspace: 49687K(50368K)->49687K(50368K) NonClass: 44015K(44352K)->44015K(44352K) Class: 5672K(6016K)->5672K(6016K)
[2025-03-28T19:15:00.022+0530][gc          ] GC(61) Pause Young (Normal) (G1 Evacuation Pause) 233M->186M(1024M) 9.449ms
[2025-03-28T19:15:00.022+0530][gc,cpu      ] GC(61) User=0.01s Sys=0.00s Real=0.02s
[2025-03-28T19:15:06.421+0530][gc,start    ] GC(62) Pause Young (Normal) (G1 Evacuation Pause)
[2025-03-28T19:15:06.421+0530][gc,task     ] GC(62) Using 2 workers of 2 for evacuation
[2025-03-28T19:15:06.431+0530][gc,phases   ] GC(62)   Pre Evacuate Collection Set: 2.1ms
[2025-03-28T19:15:06.431+0530][gc,phases   ] GC(62)   Merge Heap Roots: 0.1ms
[2025-03-28T19:15:06.431+0530][gc,phases   ] GC(62)   Evacuate Collection Set: 7.1ms
[2025-03-28T19:15:06.431+0530][gc,phases   ] GC(62)   Post Evacuate Collection Set: 0.6ms
[2025-03-28T19:15:06.431+0530][gc,phases   ] GC(62)   Other: 0.2ms
[2025-03-28T19:15:06.431+0530][gc,heap     ] GC(62) Eden regions: 49->0(45)
[2025-03-28T19:15:06.431+0530][gc,heap     ] GC(62) Survivor regions: 2->6(7)
[2025-03-28T19:15:06.431+0530][gc,heap     ] GC(62) Old regions: 44->44
[2025-03-28T19:15:06.431+0530][gc,heap     ] GC(62) Archive regions: 2->2
[2025-03-28T19:15:06.431+0530][gc,heap     ] GC(62) Humongous regions: 140->138
[2025-03-28T19:15:06.431+0530][gc,metaspace] GC(62) Metaspace: 49712K(50368K)->49712K(50368K) NonClass: 44039K(44352K)->44039K(44352K) Class: 5672K(6016K)->5672K(6016K)
[2025-03-28T19:15:06.431+0530][gc          ] GC(62) Pause Young (Normal) (G1 Evacuation Pause) 235M->187M(1024M) 10.214ms
[2025-03-28T19:15:06.431+0530][gc,cpu      ] GC(62) User=0.02s Sys=0.01s Real=0.01s
[2025-03-28T19:15:06.577+0530][gc,start    ] GC(63) Pause Young (Normal) (G1 Evacuation Pause)
[2025-03-28T19:15:06.577+0530][gc,task     ] GC(63) Using 2 workers of 2 for evacuation
[2025-03-28T19:15:06.591+0530][gc,phases   ] GC(63)   Pre Evacuate Collection Set: 0.2ms
[2025-03-28T19:15:06.591+0530][gc,phases   ] GC(63)   Merge Heap Roots: 0.1ms
[2025-03-28T19:15:06.591+0530][gc,phases   ] GC(63)   Evacuate Collection Set: 12.7ms
[2025-03-28T19:15:06.591+0530][gc,phases   ] GC(63)   Post Evacuate Collection Set: 0.7ms
[2025-03-28T19:15:06.591+0530][gc,phases   ] GC(63)   Other: 0.2ms
[2025-03-28T19:15:06.591+0530][gc,heap     ] GC(63) Eden regions: 45->0(49)
[2025-03-28T19:15:06.591+0530][gc,heap     ] GC(63) Survivor regions: 6->2(7)
[2025-03-28T19:15:06.591+0530][gc,heap     ] GC(63) Old regions: 44->45
[2025-03-28T19:15:06.591+0530][gc,heap     ] GC(63) Archive regions: 2->2
[2025-03-28T19:15:06.591+0530][gc,heap     ] GC(63) Humongous regions: 140->140
[2025-03-28T19:15:06.591+0530][gc,metaspace] GC(63) Metaspace: 49713K(50368K)->49713K(50368K) NonClass: 44041K(44352K)->44041K(44352K) Class: 5672K(6016K)->5672K(6016K)
[2025-03-28T19:15:06.591+0530][gc          ] GC(63) Pause Young (Normal) (G1 Evacuation Pause) 234M->187M(1024M) 14.067ms
[2025-03-28T19:15:06.591+0530][gc,cpu      ] GC(63) User=0.01s Sys=0.01s Real=0.02s
[2025-03-28T19:15:09.832+0530][gc,start    ] GC(64) Pause Young (Normal) (G1 Evacuation Pause)
[2025-03-28T19:15:09.832+0530][gc,task     ] GC(64) Using 2 workers of 2 for evacuation
[2025-03-28T19:15:09.842+0530][gc,phases   ] GC(64)   Pre Evacuate Collection Set: 0.2ms
[2025-03-28T19:15:09.842+0530][gc,phases   ] GC(64)   Merge Heap Roots: 0.1ms
[2025-03-28T19:15:09.842+0530][gc,phases   ] GC(64)   Evacuate Collection Set: 8.4ms
[2025-03-28T19:15:09.842+0530][gc,phases   ] GC(64)   Post Evacuate Collection Set: 0.5ms
[2025-03-28T19:15:09.842+0530][gc,phases   ] GC(64)   Other: 0.2ms
[2025-03-28T19:15:09.842+0530][gc,heap     ] GC(64) Eden regions: 49->0(46)
[2025-03-28T19:15:09.842+0530][gc,heap     ] GC(64) Survivor regions: 2->5(7)
[2025-03-28T19:15:09.842+0530][gc,heap     ] GC(64) Old regions: 45->45
[2025-03-28T19:15:09.842+0530][gc,heap     ] GC(64) Archive regions: 2->2
[2025-03-28T19:15:09.842+0530][gc,heap     ] GC(64) Humongous regions: 140->138
[2025-03-28T19:15:09.842+0530][gc,metaspace] GC(64) Metaspace: 49713K(50368K)->49713K(50368K) NonClass: 44041K(44352K)->44041K(44352K) Class: 5672K(6016K)->5672K(6016K)
[2025-03-28T19:15:09.842+0530][gc          ] GC(64) Pause Young (Normal) (G1 Evacuation Pause) 236M->188M(1024M) 9.479ms
[2025-03-28T19:15:09.842+0530][gc,cpu      ] GC(64) User=0.01s Sys=0.00s Real=0.01s
[2025-03-28T19:15:09.967+0530][gc,start    ] GC(65) Pause Young (Normal) (G1 Evacuation Pause)
[2025-03-28T19:15:09.967+0530][gc,task     ] GC(65) Using 2 workers of 2 for evacuation
[2025-03-28T19:15:09.973+0530][gc,phases   ] GC(65)   Pre Evacuate Collection Set: 0.4ms
[2025-03-28T19:15:09.973+0530][gc,phases   ] GC(65)   Merge Heap Roots: 0.1ms
[2025-03-28T19:15:09.973+0530][gc,phases   ] GC(65)   Evacuate Collection Set: 4.8ms
[2025-03-28T19:15:09.973+0530][gc,phases   ] GC(65)   Post Evacuate Collection Set: 0.9ms
[2025-03-28T19:15:09.973+0530][gc,phases   ] GC(65)   Other: 0.2ms
[2025-03-28T19:15:09.973+0530][gc,heap     ] GC(65) Eden regions: 46->0(55)
[2025-03-28T19:15:09.973+0530][gc,heap     ] GC(65) Survivor regions: 5->2(7)
[2025-03-28T19:15:09.973+0530][gc,heap     ] GC(65) Old regions: 45->46
[2025-03-28T19:15:09.973+0530][gc,heap     ] GC(65) Archive regions: 2->2
[2025-03-28T19:15:09.973+0530][gc,heap     ] GC(65) Humongous regions: 140->140
[2025-03-28T19:15:09.973+0530][gc,metaspace] GC(65) Metaspace: 49717K(50368K)->49717K(50368K) NonClass: 44044K(44352K)->44044K(44352K) Class: 5672K(6016K)->5672K(6016K)
[2025-03-28T19:15:09.973+0530][gc          ] GC(65) Pause Young (Normal) (G1 Evacuation Pause) 236M->187M(1024M) 6.469ms
[2025-03-28T19:15:09.973+0530][gc,cpu      ] GC(65) User=0.01s Sys=0.00s Real=0.01s
[2025-03-28T19:15:16.754+0530][gc,start    ] GC(66) Pause Young (Normal) (G1 Evacuation Pause)
[2025-03-28T19:15:16.754+0530][gc,task     ] GC(66) Using 2 workers of 2 for evacuation
[2025-03-28T19:15:16.790+0530][gc,mmu      ] GC(66) MMU target violated: 21.0ms (20.0ms/21.0ms)
[2025-03-28T19:15:16.790+0530][gc,phases   ] GC(66)   Pre Evacuate Collection Set: 0.2ms
[2025-03-28T19:15:16.790+0530][gc,phases   ] GC(66)   Merge Heap Roots: 0.1ms
[2025-03-28T19:15:16.790+0530][gc,phases   ] GC(66)   Evacuate Collection Set: 35.8ms
[2025-03-28T19:15:16.790+0530][gc,phases   ] GC(66)   Post Evacuate Collection Set: 0.5ms
[2025-03-28T19:15:16.790+0530][gc,phases   ] GC(66)   Other: 0.3ms
[2025-03-28T19:15:16.790+0530][gc,heap     ] GC(66) Eden regions: 55->0(60)
[2025-03-28T19:15:16.790+0530][gc,heap     ] GC(66) Survivor regions: 2->5(8)
[2025-03-28T19:15:16.790+0530][gc,heap     ] GC(66) Old regions: 46->46
[2025-03-28T19:15:16.790+0530][gc,heap     ] GC(66) Archive regions: 2->2
[2025-03-28T19:15:16.790+0530][gc,heap     ] GC(66) Humongous regions: 140->138
[2025-03-28T19:15:16.791+0530][gc,metaspace] GC(66) Metaspace: 49722K(50368K)->49722K(50368K) NonClass: 44050K(44352K)->44050K(44352K) Class: 5672K(6016K)->5672K(6016K)
[2025-03-28T19:15:16.791+0530][gc          ] GC(66) Pause Young (Normal) (G1 Evacuation Pause) 242M->188M(1024M) 37.002ms
[2025-03-28T19:15:16.791+0530][gc,cpu      ] GC(66) User=0.01s Sys=0.00s Real=0.04s
[2025-03-28T19:15:17.003+0530][gc,start    ] GC(67) Pause Young (Normal) (G1 Evacuation Pause)
[2025-03-28T19:15:17.003+0530][gc,task     ] GC(67) Using 2 workers of 2 for evacuation
[2025-03-28T19:15:17.012+0530][gc,phases   ] GC(67)   Pre Evacuate Collection Set: 0.3ms
[2025-03-28T19:15:17.012+0530][gc,phases   ] GC(67)   Merge Heap Roots: 0.1ms
[2025-03-28T19:15:17.012+0530][gc,phases   ] GC(67)   Evacuate Collection Set: 6.8ms
[2025-03-28T19:15:17.012+0530][gc,phases   ] GC(67)   Post Evacuate Collection Set: 1.3ms
[2025-03-28T19:15:17.012+0530][gc,phases   ] GC(67)   Other: 0.2ms
[2025-03-28T19:15:17.012+0530][gc,heap     ] GC(67) Eden regions: 60->0(94)
[2025-03-28T19:15:17.012+0530][gc,heap     ] GC(67) Survivor regions: 5->2(9)
[2025-03-28T19:15:17.012+0530][gc,heap     ] GC(67) Old regions: 46->47
[2025-03-28T19:15:17.012+0530][gc,heap     ] GC(67) Archive regions: 2->2
[2025-03-28T19:15:17.012+0530][gc,heap     ] GC(67) Humongous regions: 140->140
[2025-03-28T19:15:17.012+0530][gc,metaspace] GC(67) Metaspace: 49722K(50368K)->49722K(50368K) NonClass: 44050K(44352K)->44050K(44352K) Class: 5672K(6016K)->5672K(6016K)
[2025-03-28T19:15:17.012+0530][gc          ] GC(67) Pause Young (Normal) (G1 Evacuation Pause) 250M->188M(1024M) 8.905ms
[2025-03-28T19:15:17.012+0530][gc,cpu      ] GC(67) User=0.01s Sys=0.00s Real=0.01s
[2025-03-28T19:15:19.977+0530][gc,start    ] GC(68) Pause Young (Normal) (G1 Evacuation Pause)
[2025-03-28T19:15:19.977+0530][gc,task     ] GC(68) Using 2 workers of 2 for evacuation
[2025-03-28T19:15:19.983+0530][gc,phases   ] GC(68)   Pre Evacuate Collection Set: 0.2ms
[2025-03-28T19:15:19.983+0530][gc,phases   ] GC(68)   Merge Heap Roots: 0.1ms
[2025-03-28T19:15:19.983+0530][gc,phases   ] GC(68)   Evacuate Collection Set: 5.0ms
[2025-03-28T19:15:19.983+0530][gc,phases   ] GC(68)   Post Evacuate Collection Set: 0.8ms
[2025-03-28T19:15:19.983+0530][gc,phases   ] GC(68)   Other: 0.1ms
[2025-03-28T19:15:19.983+0530][gc,heap     ] GC(68) Eden regions: 94->0(142)
[2025-03-28T19:15:19.983+0530][gc,heap     ] GC(68) Survivor regions: 2->3(12)
[2025-03-28T19:15:19.983+0530][gc,heap     ] GC(68) Old regions: 47->47
[2025-03-28T19:15:19.983+0530][gc,heap     ] GC(68) Archive regions: 2->2
[2025-03-28T19:15:19.983+0530][gc,heap     ] GC(68) Humongous regions: 142->140
[2025-03-28T19:15:19.983+0530][gc,metaspace] GC(68) Metaspace: 49753K(50496K)->49753K(50496K) NonClass: 44081K(44480K)->44081K(44480K) Class: 5672K(6016K)->5672K(6016K)
[2025-03-28T19:15:19.983+0530][gc          ] GC(68) Pause Young (Normal) (G1 Evacuation Pause) 284M->189M(1024M) 6.466ms
[2025-03-28T19:15:19.983+0530][gc,cpu      ] GC(68) User=0.01s Sys=0.00s Real=0.00s
[2025-03-28T19:15:29.737+0530][gc,start    ] GC(69) Pause Young (Normal) (G1 Evacuation Pause)
[2025-03-28T19:15:29.737+0530][gc,task     ] GC(69) Using 2 workers of 2 for evacuation
[2025-03-28T19:15:29.760+0530][gc,mmu      ] GC(69) MMU target violated: 21.0ms (20.0ms/21.0ms)
[2025-03-28T19:15:29.760+0530][gc,phases   ] GC(69)   Pre Evacuate Collection Set: 0.8ms
[2025-03-28T19:15:29.760+0530][gc,phases   ] GC(69)   Merge Heap Roots: 0.2ms
[2025-03-28T19:15:29.760+0530][gc,phases   ] GC(69)   Evacuate Collection Set: 19.7ms
[2025-03-28T19:15:29.760+0530][gc,phases   ] GC(69)   Post Evacuate Collection Set: 1.4ms
[2025-03-28T19:15:29.760+0530][gc,phases   ] GC(69)   Other: 0.9ms
[2025-03-28T19:15:29.760+0530][gc,heap     ] GC(69) Eden regions: 142->0(81)
[2025-03-28T19:15:29.760+0530][gc,heap     ] GC(69) Survivor regions: 3->5(19)
[2025-03-28T19:15:29.760+0530][gc,heap     ] GC(69) Old regions: 47->47
[2025-03-28T19:15:29.760+0530][gc,heap     ] GC(69) Archive regions: 2->2
[2025-03-28T19:15:29.760+0530][gc,heap     ] GC(69) Humongous regions: 142->138
[2025-03-28T19:15:29.760+0530][gc,metaspace] GC(69) Metaspace: 49785K(50496K)->49785K(50496K) NonClass: 44113K(44480K)->44113K(44480K) Class: 5672K(6016K)->5672K(6016K)
[2025-03-28T19:15:29.760+0530][gc          ] GC(69) Pause Young (Normal) (G1 Evacuation Pause) 333M->189M(1024M) 23.374ms
[2025-03-28T19:15:29.760+0530][gc,cpu      ] GC(69) User=0.04s Sys=0.00s Real=0.03s
[2025-03-28T19:15:36.067+0530][gc,start    ] GC(70) Pause Young (Normal) (G1 Evacuation Pause)
[2025-03-28T19:15:36.068+0530][gc,task     ] GC(70) Using 2 workers of 2 for evacuation
[2025-03-28T19:15:36.148+0530][gc,mmu      ] GC(70) MMU target violated: 21.0ms (20.0ms/21.0ms)
[2025-03-28T19:15:36.148+0530][gc,phases   ] GC(70)   Pre Evacuate Collection Set: 6.4ms
[2025-03-28T19:15:36.148+0530][gc,phases   ] GC(70)   Merge Heap Roots: 0.5ms
[2025-03-28T19:15:36.148+0530][gc,phases   ] GC(70)   Evacuate Collection Set: 65.8ms
[2025-03-28T19:15:36.148+0530][gc,phases   ] GC(70)   Post Evacuate Collection Set: 6.6ms
[2025-03-28T19:15:36.148+0530][gc,phases   ] GC(70)   Other: 1.2ms
[2025-03-28T19:15:36.148+0530][gc,heap     ] GC(70) Eden regions: 81->0(49)
[2025-03-28T19:15:36.148+0530][gc,heap     ] GC(70) Survivor regions: 5->2(11)
[2025-03-28T19:15:36.148+0530][gc,heap     ] GC(70) Old regions: 47->47
[2025-03-28T19:15:36.148+0530][gc,heap     ] GC(70) Archive regions: 2->2
[2025-03-28T19:15:36.148+0530][gc,heap     ] GC(70) Humongous regions: 140->138
[2025-03-28T19:15:36.148+0530][gc,metaspace] GC(70) Metaspace: 49803K(50496K)->49803K(50496K) NonClass: 44130K(44480K)->44130K(44480K) Class: 5672K(6016K)->5672K(6016K)
[2025-03-28T19:15:36.148+0530][gc          ] GC(70) Pause Young (Normal) (G1 Evacuation Pause) 272M->187M(1024M) 80.556ms
[2025-03-28T19:15:36.148+0530][gc,cpu      ] GC(70) User=0.02s Sys=0.00s Real=0.08s
[2025-03-28T19:15:36.549+0530][gc,start    ] GC(71) Pause Young (Normal) (G1 Evacuation Pause)
[2025-03-28T19:15:36.549+0530][gc,task     ] GC(71) Using 2 workers of 2 for evacuation
[2025-03-28T19:15:36.595+0530][gc,mmu      ] GC(71) MMU target violated: 21.0ms (20.0ms/21.0ms)
[2025-03-28T19:15:36.595+0530][gc,phases   ] GC(71)   Pre Evacuate Collection Set: 2.7ms
[2025-03-28T19:15:36.595+0530][gc,phases   ] GC(71)   Merge Heap Roots: 5.3ms
[2025-03-28T19:15:36.595+0530][gc,phases   ] GC(71)   Evacuate Collection Set: 37.4ms
[2025-03-28T19:15:36.595+0530][gc,phases   ] GC(71)   Post Evacuate Collection Set: 0.7ms
[2025-03-28T19:15:36.596+0530][gc,phases   ] GC(71)   Other: 0.4ms
[2025-03-28T19:15:36.596+0530][gc,heap     ] GC(71) Eden regions: 49->0(44)
[2025-03-28T19:15:36.596+0530][gc,heap     ] GC(71) Survivor regions: 2->7(7)
[2025-03-28T19:15:36.596+0530][gc,heap     ] GC(71) Old regions: 47->48
[2025-03-28T19:15:36.596+0530][gc,heap     ] GC(71) Archive regions: 2->2
[2025-03-28T19:15:36.596+0530][gc,heap     ] GC(71) Humongous regions: 138->138
[2025-03-28T19:15:36.596+0530][gc,metaspace] GC(71) Metaspace: 49803K(50496K)->49803K(50496K) NonClass: 44130K(44480K)->44130K(44480K) Class: 5672K(6016K)->5672K(6016K)
[2025-03-28T19:15:36.596+0530][gc          ] GC(71) Pause Young (Normal) (G1 Evacuation Pause) 236M->192M(1024M) 46.556ms
[2025-03-28T19:15:36.596+0530][gc,cpu      ] GC(71) User=0.04s Sys=0.00s Real=0.04s
[2025-03-28T19:15:39.657+0530][gc,start    ] GC(72) Pause Young (Normal) (G1 Evacuation Pause)
[2025-03-28T19:15:39.657+0530][gc,task     ] GC(72) Using 2 workers of 2 for evacuation
[2025-03-28T19:15:39.694+0530][gc,mmu      ] GC(72) MMU target violated: 21.0ms (20.0ms/21.0ms)
[2025-03-28T19:15:39.694+0530][gc,phases   ] GC(72)   Pre Evacuate Collection Set: 0.6ms
[2025-03-28T19:15:39.694+0530][gc,phases   ] GC(72)   Merge Heap Roots: 0.7ms
[2025-03-28T19:15:39.694+0530][gc,phases   ] GC(72)   Evacuate Collection Set: 33.1ms
[2025-03-28T19:15:39.694+0530][gc,phases   ] GC(72)   Post Evacuate Collection Set: 2.0ms
[2025-03-28T19:15:39.694+0530][gc,phases   ] GC(72)   Other: 0.7ms
[2025-03-28T19:15:39.695+0530][gc,heap     ] GC(72) Eden regions: 44->0(50)
[2025-03-28T19:15:39.695+0530][gc,heap     ] GC(72) Survivor regions: 7->1(7)
[2025-03-28T19:15:39.695+0530][gc,heap     ] GC(72) Old regions: 48->49
[2025-03-28T19:15:39.695+0530][gc,heap     ] GC(72) Archive regions: 2->2
[2025-03-28T19:15:39.695+0530][gc,heap     ] GC(72) Humongous regions: 140->138
[2025-03-28T19:15:39.695+0530][gc,metaspace] GC(72) Metaspace: 50016K(50752K)->50016K(50752K) NonClass: 44343K(44736K)->44343K(44736K) Class: 5672K(6016K)->5672K(6016K)
[2025-03-28T19:15:39.695+0530][gc          ] GC(72) Pause Young (Normal) (G1 Evacuation Pause) 238M->188M(1024M) 38.356ms
[2025-03-28T19:15:39.695+0530][gc,cpu      ] GC(72) User=0.06s Sys=0.00s Real=0.03s
[2025-03-28T19:15:40.047+0530][gc,start    ] GC(73) Pause Young (Normal) (G1 Evacuation Pause)
[2025-03-28T19:15:40.047+0530][gc,task     ] GC(73) Using 2 workers of 2 for evacuation
[2025-03-28T19:15:40.059+0530][gc,phases   ] GC(73)   Pre Evacuate Collection Set: 0.3ms
[2025-03-28T19:15:40.059+0530][gc,phases   ] GC(73)   Merge Heap Roots: 0.1ms
[2025-03-28T19:15:40.059+0530][gc,phases   ] GC(73)   Evacuate Collection Set: 10.9ms
[2025-03-28T19:15:40.059+0530][gc,phases   ] GC(73)   Post Evacuate Collection Set: 0.9ms
[2025-03-28T19:15:40.059+0530][gc,phases   ] GC(73)   Other: 0.2ms
[2025-03-28T19:15:40.059+0530][gc,heap     ] GC(73) Eden regions: 50->0(44)
[2025-03-28T19:15:40.059+0530][gc,heap     ] GC(73) Survivor regions: 1->7(7)
[2025-03-28T19:15:40.059+0530][gc,heap     ] GC(73) Old regions: 49->49
[2025-03-28T19:15:40.059+0530][gc,heap     ] GC(73) Archive regions: 2->2
[2025-03-28T19:15:40.059+0530][gc,heap     ] GC(73) Humongous regions: 138->138
[2025-03-28T19:15:40.059+0530][gc,metaspace] GC(73) Metaspace: 50022K(50752K)->50022K(50752K) NonClass: 44349K(44736K)->44349K(44736K) Class: 5672K(6016K)->5672K(6016K)
[2025-03-28T19:15:40.059+0530][gc          ] GC(73) Pause Young (Normal) (G1 Evacuation Pause) 238M->194M(1024M) 12.676ms
[2025-03-28T19:15:40.059+0530][gc,cpu      ] GC(73) User=0.02s Sys=0.00s Real=0.01s
[2025-03-28T19:15:40.169+0530][gc,start    ] GC(74) Pause Young (Normal) (G1 Evacuation Pause)
[2025-03-28T19:15:40.169+0530][gc,task     ] GC(74) Using 2 workers of 2 for evacuation
[2025-03-28T19:15:40.175+0530][gc,phases   ] GC(74)   Pre Evacuate Collection Set: 0.2ms
[2025-03-28T19:15:40.175+0530][gc,phases   ] GC(74)   Merge Heap Roots: 0.1ms
[2025-03-28T19:15:40.175+0530][gc,phases   ] GC(74)   Evacuate Collection Set: 4.8ms
[2025-03-28T19:15:40.175+0530][gc,phases   ] GC(74)   Post Evacuate Collection Set: 0.7ms
[2025-03-28T19:15:40.175+0530][gc,phases   ] GC(74)   Other: 0.2ms
[2025-03-28T19:15:40.175+0530][gc,heap     ] GC(74) Eden regions: 44->0(49)
[2025-03-28T19:15:40.175+0530][gc,heap     ] GC(74) Survivor regions: 7->2(7)
[2025-03-28T19:15:40.175+0530][gc,heap     ] GC(74) Old regions: 49->50
[2025-03-28T19:15:40.175+0530][gc,heap     ] GC(74) Archive regions: 2->2
[2025-03-28T19:15:40.175+0530][gc,heap     ] GC(74) Humongous regions: 140->140
[2025-03-28T19:15:40.175+0530][gc,metaspace] GC(74) Metaspace: 50022K(50752K)->50022K(50752K) NonClass: 44349K(44736K)->44349K(44736K) Class: 5672K(6016K)->5672K(6016K)
[2025-03-28T19:15:40.176+0530][gc          ] GC(74) Pause Young (Normal) (G1 Evacuation Pause) 240M->192M(1024M) 6.307ms
[2025-03-28T19:15:40.176+0530][gc,cpu      ] GC(74) User=0.01s Sys=0.00s Real=0.01s
[2025-03-28T19:15:46.634+0530][gc,start    ] GC(75) Pause Young (Normal) (G1 Evacuation Pause)
[2025-03-28T19:15:46.678+0530][gc,task     ] GC(75) Using 2 workers of 2 for evacuation
[2025-03-28T19:15:46.765+0530][gc,mmu      ] GC(75) MMU target violated: 21.0ms (20.0ms/21.0ms)
[2025-03-28T19:15:46.766+0530][gc,phases   ] GC(75)   Pre Evacuate Collection Set: 0.4ms
[2025-03-28T19:15:46.766+0530][gc,phases   ] GC(75)   Merge Heap Roots: 0.2ms
[2025-03-28T19:15:46.766+0530][gc,phases   ] GC(75)   Evacuate Collection Set: 72.4ms
[2025-03-28T19:15:46.766+0530][gc,phases   ] GC(75)   Post Evacuate Collection Set: 14.3ms
[2025-03-28T19:15:46.766+0530][gc,phases   ] GC(75)   Other: 44.9ms
[2025-03-28T19:15:46.766+0530][gc,heap     ] GC(75) Eden regions: 49->0(45)
[2025-03-28T19:15:46.766+0530][gc,heap     ] GC(75) Survivor regions: 2->6(7)
[2025-03-28T19:15:46.766+0530][gc,heap     ] GC(75) Old regions: 50->50
[2025-03-28T19:15:46.766+0530][gc,heap     ] GC(75) Archive regions: 2->2
[2025-03-28T19:15:46.766+0530][gc,heap     ] GC(75) Humongous regions: 140->138
[2025-03-28T19:15:46.766+0530][gc,metaspace] GC(75) Metaspace: 50022K(50752K)->50022K(50752K) NonClass: 44350K(44736K)->44350K(44736K) Class: 5672K(6016K)->5672K(6016K)
[2025-03-28T19:15:46.766+0530][gc          ] GC(75) Pause Young (Normal) (G1 Evacuation Pause) 241M->194M(1024M) 132.262ms
[2025-03-28T19:15:46.766+0530][gc,cpu      ] GC(75) User=0.04s Sys=0.01s Real=0.14s
[2025-03-28T19:15:47.242+0530][gc,start    ] GC(76) Pause Young (Normal) (G1 Evacuation Pause)
[2025-03-28T19:15:47.242+0530][gc,task     ] GC(76) Using 2 workers of 2 for evacuation
[2025-03-28T19:15:47.266+0530][gc,mmu      ] GC(76) MMU target violated: 21.0ms (20.0ms/21.0ms)
[2025-03-28T19:15:47.266+0530][gc,phases   ] GC(76)   Pre Evacuate Collection Set: 0.3ms
[2025-03-28T19:15:47.266+0530][gc,phases   ] GC(76)   Merge Heap Roots: 0.2ms
[2025-03-28T19:15:47.266+0530][gc,phases   ] GC(76)   Evacuate Collection Set: 21.6ms
[2025-03-28T19:15:47.266+0530][gc,phases   ] GC(76)   Post Evacuate Collection Set: 1.5ms
[2025-03-28T19:15:47.266+0530][gc,phases   ] GC(76)   Other: 0.3ms
[2025-03-28T19:15:47.266+0530][gc,heap     ] GC(76) Eden regions: 45->0(49)
[2025-03-28T19:15:47.266+0530][gc,heap     ] GC(76) Survivor regions: 6->2(7)
[2025-03-28T19:15:47.266+0530][gc,heap     ] GC(76) Old regions: 50->51
[2025-03-28T19:15:47.266+0530][gc,heap     ] GC(76) Archive regions: 2->2
[2025-03-28T19:15:47.266+0530][gc,heap     ] GC(76) Humongous regions: 140->140
[2025-03-28T19:15:47.266+0530][gc,metaspace] GC(76) Metaspace: 50022K(50752K)->50022K(50752K) NonClass: 44350K(44736K)->44350K(44736K) Class: 5672K(6016K)->5672K(6016K)
[2025-03-28T19:15:47.266+0530][gc          ] GC(76) Pause Young (Normal) (G1 Evacuation Pause) 241M->193M(1024M) 24.012ms
[2025-03-28T19:15:47.267+0530][gc,cpu      ] GC(76) User=0.02s Sys=0.00s Real=0.03s
[2025-03-28T19:15:49.853+0530][gc,start    ] GC(77) Pause Young (Normal) (G1 Evacuation Pause)
[2025-03-28T19:15:49.853+0530][gc,task     ] GC(77) Using 2 workers of 2 for evacuation
[2025-03-28T19:15:49.863+0530][gc,phases   ] GC(77)   Pre Evacuate Collection Set: 0.2ms
[2025-03-28T19:15:49.863+0530][gc,phases   ] GC(77)   Merge Heap Roots: 0.1ms
[2025-03-28T19:15:49.863+0530][gc,phases   ] GC(77)   Evacuate Collection Set: 7.8ms
[2025-03-28T19:15:49.863+0530][gc,phases   ] GC(77)   Post Evacuate Collection Set: 2.0ms
[2025-03-28T19:15:49.863+0530][gc,phases   ] GC(77)   Other: 0.2ms
[2025-03-28T19:15:49.864+0530][gc,heap     ] GC(77) Eden regions: 49->0(46)
[2025-03-28T19:15:49.864+0530][gc,heap     ] GC(77) Survivor regions: 2->5(7)
[2025-03-28T19:15:49.864+0530][gc,heap     ] GC(77) Old regions: 51->51
[2025-03-28T19:15:49.864+0530][gc,heap     ] GC(77) Archive regions: 2->2
[2025-03-28T19:15:49.864+0530][gc,heap     ] GC(77) Humongous regions: 140->138
[2025-03-28T19:15:49.864+0530][gc,metaspace] GC(77) Metaspace: 50022K(50752K)->50022K(50752K) NonClass: 44350K(44736K)->44350K(44736K) Class: 5672K(6016K)->5672K(6016K)
[2025-03-28T19:15:49.864+0530][gc          ] GC(77) Pause Young (Normal) (G1 Evacuation Pause) 242M->194M(1024M) 10.499ms
[2025-03-28T19:15:49.864+0530][gc,cpu      ] GC(77) User=0.01s Sys=0.00s Real=0.01s
[2025-03-28T19:15:50.077+0530][gc,start    ] GC(78) Pause Young (Normal) (G1 Evacuation Pause)
[2025-03-28T19:15:50.077+0530][gc,task     ] GC(78) Using 2 workers of 2 for evacuation
[2025-03-28T19:15:50.091+0530][gc,phases   ] GC(78)   Pre Evacuate Collection Set: 0.3ms
[2025-03-28T19:15:50.091+0530][gc,phases   ] GC(78)   Merge Heap Roots: 0.1ms
[2025-03-28T19:15:50.091+0530][gc,phases   ] GC(78)   Evacuate Collection Set: 13.0ms
[2025-03-28T19:15:50.091+0530][gc,phases   ] GC(78)   Post Evacuate Collection Set: 0.8ms
[2025-03-28T19:15:50.091+0530][gc,phases   ] GC(78)   Other: 0.3ms
[2025-03-28T19:15:50.091+0530][gc,heap     ] GC(78) Eden regions: 46->0(49)
[2025-03-28T19:15:50.091+0530][gc,heap     ] GC(78) Survivor regions: 5->2(7)
[2025-03-28T19:15:50.091+0530][gc,heap     ] GC(78) Old regions: 51->52
[2025-03-28T19:15:50.091+0530][gc,heap     ] GC(78) Archive regions: 2->2
[2025-03-28T19:15:50.091+0530][gc,heap     ] GC(78) Humongous regions: 140->140
[2025-03-28T19:15:50.091+0530][gc,metaspace] GC(78) Metaspace: 50022K(50752K)->50022K(50752K) NonClass: 44350K(44736K)->44350K(44736K) Class: 5672K(6016K)->5672K(6016K)
[2025-03-28T19:15:50.091+0530][gc          ] GC(78) Pause Young (Normal) (G1 Evacuation Pause) 242M->194M(1024M) 14.644ms
[2025-03-28T19:15:50.092+0530][gc,cpu      ] GC(78) User=0.03s Sys=0.00s Real=0.02s
[2025-03-28T19:15:56.594+0530][gc,start    ] GC(79) Pause Young (Normal) (G1 Evacuation Pause)
[2025-03-28T19:15:56.594+0530][gc,task     ] GC(79) Using 2 workers of 2 for evacuation
[2025-03-28T19:15:56.611+0530][gc,phases   ] GC(79)   Pre Evacuate Collection Set: 0.2ms
[2025-03-28T19:15:56.611+0530][gc,phases   ] GC(79)   Merge Heap Roots: 0.2ms
[2025-03-28T19:15:56.611+0530][gc,phases   ] GC(79)   Evacuate Collection Set: 15.8ms
[2025-03-28T19:15:56.612+0530][gc,phases   ] GC(79)   Post Evacuate Collection Set: 0.9ms
[2025-03-28T19:15:56.616+0530][gc,phases   ] GC(79)   Other: 0.2ms
[2025-03-28T19:15:56.616+0530][gc,heap     ] GC(79) Eden regions: 49->0(46)
[2025-03-28T19:15:56.616+0530][gc,heap     ] GC(79) Survivor regions: 2->5(7)
[2025-03-28T19:15:56.621+0530][gc,heap     ] GC(79) Old regions: 52->52
[2025-03-28T19:15:56.621+0530][gc,heap     ] GC(79) Archive regions: 2->2
[2025-03-28T19:15:56.621+0530][gc,heap     ] GC(79) Humongous regions: 140->138
[2025-03-28T19:15:56.621+0530][gc,metaspace] GC(79) Metaspace: 50039K(50752K)->50039K(50752K) NonClass: 44367K(44736K)->44367K(44736K) Class: 5672K(6016K)->5672K(6016K)
[2025-03-28T19:15:56.621+0530][gc          ] GC(79) Pause Young (Normal) (G1 Evacuation Pause) 243M->194M(1024M) 27.097ms
[2025-03-28T19:15:56.621+0530][gc,cpu      ] GC(79) User=0.01s Sys=0.00s Real=0.03s
[2025-03-28T19:15:56.877+0530][gc,start    ] GC(80) Pause Young (Normal) (G1 Evacuation Pause)
[2025-03-28T19:15:56.877+0530][gc,task     ] GC(80) Using 2 workers of 2 for evacuation
[2025-03-28T19:15:56.924+0530][gc,mmu      ] GC(80) MMU target violated: 21.0ms (20.0ms/21.0ms)
[2025-03-28T19:15:56.924+0530][gc,phases   ] GC(80)   Pre Evacuate Collection Set: 0.3ms
[2025-03-28T19:15:56.924+0530][gc,phases   ] GC(80)   Merge Heap Roots: 0.1ms
[2025-03-28T19:15:56.925+0530][gc,phases   ] GC(80)   Evacuate Collection Set: 46.3ms
[2025-03-28T19:15:56.925+0530][gc,phases   ] GC(80)   Post Evacuate Collection Set: 0.5ms
[2025-03-28T19:15:56.925+0530][gc,phases   ] GC(80)   Other: 0.2ms
[2025-03-28T19:15:56.925+0530][gc,heap     ] GC(80) Eden regions: 46->0(49)
[2025-03-28T19:15:56.925+0530][gc,heap     ] GC(80) Survivor regions: 5->2(7)
[2025-03-28T19:15:56.925+0530][gc,heap     ] GC(80) Old regions: 52->53
[2025-03-28T19:15:56.925+0530][gc,heap     ] GC(80) Archive regions: 2->2
[2025-03-28T19:15:56.925+0530][gc,heap     ] GC(80) Humongous regions: 140->140
[2025-03-28T19:15:56.925+0530][gc,metaspace] GC(80) Metaspace: 50046K(50752K)->50046K(50752K) NonClass: 44373K(44736K)->44373K(44736K) Class: 5672K(6016K)->5672K(6016K)
[2025-03-28T19:15:56.925+0530][gc          ] GC(80) Pause Young (Normal) (G1 Evacuation Pause) 242M->195M(1024M) 47.384ms
[2025-03-28T19:15:56.925+0530][gc,cpu      ] GC(80) User=0.03s Sys=0.00s Real=0.05s
[2025-03-28T19:15:59.797+0530][gc,start    ] GC(81) Pause Young (Normal) (G1 Evacuation Pause)
[2025-03-28T19:15:59.797+0530][gc,task     ] GC(81) Using 2 workers of 2 for evacuation
[2025-03-28T19:15:59.820+0530][gc,mmu      ] GC(81) MMU target violated: 21.0ms (20.0ms/21.0ms)
[2025-03-28T19:15:59.820+0530][gc,phases   ] GC(81)   Pre Evacuate Collection Set: 0.7ms
[2025-03-28T19:15:59.820+0530][gc,phases   ] GC(81)   Merge Heap Roots: 0.4ms
[2025-03-28T19:15:59.820+0530][gc,phases   ] GC(81)   Evacuate Collection Set: 20.4ms
[2025-03-28T19:15:59.820+0530][gc,phases   ] GC(81)   Post Evacuate Collection Set: 1.5ms
[2025-03-28T19:15:59.820+0530][gc,phases   ] GC(81)   Other: 0.6ms
[2025-03-28T19:15:59.820+0530][gc,heap     ] GC(81) Eden regions: 49->0(47)
[2025-03-28T19:15:59.820+0530][gc,heap     ] GC(81) Survivor regions: 2->4(7)
[2025-03-28T19:15:59.820+0530][gc,heap     ] GC(81) Old regions: 53->53
[2025-03-28T19:15:59.821+0530][gc,heap     ] GC(81) Archive regions: 2->2
[2025-03-28T19:15:59.821+0530][gc,heap     ] GC(81) Humongous regions: 140->138
[2025-03-28T19:15:59.821+0530][gc,metaspace] GC(81) Metaspace: 50050K(50752K)->50050K(50752K) NonClass: 44377K(44736K)->44377K(44736K) Class: 5672K(6016K)->5672K(6016K)
[2025-03-28T19:15:59.821+0530][gc          ] GC(81) Pause Young (Normal) (G1 Evacuation Pause) 244M->194M(1024M) 23.953ms
[2025-03-28T19:15:59.821+0530][gc,cpu      ] GC(81) User=0.04s Sys=0.00s Real=0.02s
[2025-03-28T19:16:00.019+0530][gc,start    ] GC(82) Pause Young (Normal) (G1 Evacuation Pause)
[2025-03-28T19:16:00.019+0530][gc,task     ] GC(82) Using 2 workers of 2 for evacuation
[2025-03-28T19:16:00.025+0530][gc,phases   ] GC(82)   Pre Evacuate Collection Set: 0.2ms
[2025-03-28T19:16:00.025+0530][gc,phases   ] GC(82)   Merge Heap Roots: 0.1ms
[2025-03-28T19:16:00.025+0530][gc,phases   ] GC(82)   Evacuate Collection Set: 4.8ms
[2025-03-28T19:16:00.025+0530][gc,phases   ] GC(82)   Post Evacuate Collection Set: 0.5ms
[2025-03-28T19:16:00.025+0530][gc,phases   ] GC(82)   Other: 0.2ms
[2025-03-28T19:16:00.025+0530][gc,heap     ] GC(82) Eden regions: 47->0(48)
[2025-03-28T19:16:00.025+0530][gc,heap     ] GC(82) Survivor regions: 4->3(7)
[2025-03-28T19:16:00.025+0530][gc,heap     ] GC(82) Old regions: 53->53
[2025-03-28T19:16:00.025+0530][gc,heap     ] GC(82) Archive regions: 2->2
[2025-03-28T19:16:00.025+0530][gc,heap     ] GC(82) Humongous regions: 140->140
[2025-03-28T19:16:00.025+0530][gc,metaspace] GC(82) Metaspace: 50051K(50752K)->50051K(50752K) NonClass: 44378K(44736K)->44378K(44736K) Class: 5672K(6016K)->5672K(6016K)
[2025-03-28T19:16:00.025+0530][gc          ] GC(82) Pause Young (Normal) (G1 Evacuation Pause) 243M->196M(1024M) 5.919ms
[2025-03-28T19:16:00.025+0530][gc,cpu      ] GC(82) User=0.01s Sys=0.00s Real=0.00s
[2025-03-28T19:16:06.602+0530][gc,start    ] GC(83) Pause Young (Normal) (G1 Evacuation Pause)
[2025-03-28T19:16:06.602+0530][gc,task     ] GC(83) Using 2 workers of 2 for evacuation
[2025-03-28T19:16:06.619+0530][gc,phases   ] GC(83)   Pre Evacuate Collection Set: 0.2ms
[2025-03-28T19:16:06.619+0530][gc,phases   ] GC(83)   Merge Heap Roots: 7.6ms
[2025-03-28T19:16:06.619+0530][gc,phases   ] GC(83)   Evacuate Collection Set: 8.3ms
[2025-03-28T19:16:06.619+0530][gc,phases   ] GC(83)   Post Evacuate Collection Set: 0.7ms
[2025-03-28T19:16:06.619+0530][gc,phases   ] GC(83)   Other: 0.2ms
[2025-03-28T19:16:06.619+0530][gc,heap     ] GC(83) Eden regions: 48->0(48)
[2025-03-28T19:16:06.619+0530][gc,heap     ] GC(83) Survivor regions: 3->3(7)
[2025-03-28T19:16:06.619+0530][gc,heap     ] GC(83) Old regions: 53->53
[2025-03-28T19:16:06.619+0530][gc,heap     ] GC(83) Archive regions: 2->2
[2025-03-28T19:16:06.619+0530][gc,heap     ] GC(83) Humongous regions: 140->138
[2025-03-28T19:16:06.619+0530][gc,metaspace] GC(83) Metaspace: 50054K(50752K)->50054K(50752K) NonClass: 44381K(44736K)->44381K(44736K) Class: 5672K(6016K)->5672K(6016K)
[2025-03-28T19:16:06.620+0530][gc          ] GC(83) Pause Young (Normal) (G1 Evacuation Pause) 244M->194M(1024M) 17.236ms
[2025-03-28T19:16:06.620+0530][gc,cpu      ] GC(83) User=0.01s Sys=0.01s Real=0.02s
[2025-03-28T19:16:06.894+0530][gc,start    ] GC(84) Pause Young (Normal) (G1 Evacuation Pause)
[2025-03-28T19:16:06.894+0530][gc,task     ] GC(84) Using 2 workers of 2 for evacuation
[2025-03-28T19:16:06.902+0530][gc,phases   ] GC(84)   Pre Evacuate Collection Set: 0.2ms
[2025-03-28T19:16:06.902+0530][gc,phases   ] GC(84)   Merge Heap Roots: 0.1ms
[2025-03-28T19:16:06.902+0530][gc,phases   ] GC(84)   Evacuate Collection Set: 6.6ms
[2025-03-28T19:16:06.902+0530][gc,phases   ] GC(84)   Post Evacuate Collection Set: 0.6ms
[2025-03-28T19:16:06.902+0530][gc,phases   ] GC(84)   Other: 0.2ms
[2025-03-28T19:16:06.902+0530][gc,heap     ] GC(84) Eden regions: 48->0(56)
[2025-03-28T19:16:06.902+0530][gc,heap     ] GC(84) Survivor regions: 3->3(7)
[2025-03-28T19:16:06.902+0530][gc,heap     ] GC(84) Old regions: 53->53
[2025-03-28T19:16:06.902+0530][gc,heap     ] GC(84) Archive regions: 2->2
[2025-03-28T19:16:06.902+0530][gc,heap     ] GC(84) Humongous regions: 140->140
[2025-03-28T19:16:06.902+0530][gc,metaspace] GC(84) Metaspace: 50054K(50752K)->50054K(50752K) NonClass: 44381K(44736K)->44381K(44736K) Class: 5672K(6016K)->5672K(6016K)
[2025-03-28T19:16:06.902+0530][gc          ] GC(84) Pause Young (Normal) (G1 Evacuation Pause) 244M->196M(1024M) 7.856ms
[2025-03-28T19:16:06.902+0530][gc,cpu      ] GC(84) User=0.02s Sys=0.00s Real=0.01s
[2025-03-28T19:16:09.851+0530][gc,start    ] GC(85) Pause Young (Normal) (G1 Evacuation Pause)
[2025-03-28T19:16:09.851+0530][gc,task     ] GC(85) Using 2 workers of 2 for evacuation
[2025-03-28T19:16:09.861+0530][gc,phases   ] GC(85)   Pre Evacuate Collection Set: 0.3ms
[2025-03-28T19:16:09.861+0530][gc,phases   ] GC(85)   Merge Heap Roots: 0.2ms
[2025-03-28T19:16:09.861+0530][gc,phases   ] GC(85)   Evacuate Collection Set: 8.7ms
[2025-03-28T19:16:09.861+0530][gc,phases   ] GC(85)   Post Evacuate Collection Set: 0.9ms
[2025-03-28T19:16:09.861+0530][gc,phases   ] GC(85)   Other: 0.2ms
[2025-03-28T19:16:09.861+0530][gc,heap     ] GC(85) Eden regions: 56->0(98)
[2025-03-28T19:16:09.861+0530][gc,heap     ] GC(85) Survivor regions: 3->4(8)
[2025-03-28T19:16:09.861+0530][gc,heap     ] GC(85) Old regions: 53->53
[2025-03-28T19:16:09.861+0530][gc,heap     ] GC(85) Archive regions: 2->2
[2025-03-28T19:16:09.861+0530][gc,heap     ] GC(85) Humongous regions: 140->138
[2025-03-28T19:16:09.861+0530][gc,metaspace] GC(85) Metaspace: 50054K(50752K)->50054K(50752K) NonClass: 44381K(44736K)->44381K(44736K) Class: 5672K(6016K)->5672K(6016K)
[2025-03-28T19:16:09.861+0530][gc          ] GC(85) Pause Young (Normal) (G1 Evacuation Pause) 252M->194M(1024M) 10.393ms
[2025-03-28T19:16:09.861+0530][gc,cpu      ] GC(85) User=0.01s Sys=0.00s Real=0.01s
[2025-03-28T19:16:16.278+0530][gc,start    ] GC(86) Pause Young (Normal) (G1 Evacuation Pause)
[2025-03-28T19:16:16.286+0530][gc,task     ] GC(86) Using 2 workers of 2 for evacuation
[2025-03-28T19:16:16.304+0530][gc,phases   ] GC(86)   Pre Evacuate Collection Set: 0.2ms
[2025-03-28T19:16:16.304+0530][gc,phases   ] GC(86)   Merge Heap Roots: 0.1ms
[2025-03-28T19:16:16.304+0530][gc,phases   ] GC(86)   Evacuate Collection Set: 14.2ms
[2025-03-28T19:16:16.304+0530][gc,phases   ] GC(86)   Post Evacuate Collection Set: 2.5ms
[2025-03-28T19:16:16.304+0530][gc,phases   ] GC(86)   Other: 8.2ms
[2025-03-28T19:16:16.304+0530][gc,heap     ] GC(86) Eden regions: 98->0(166)
[2025-03-28T19:16:16.304+0530][gc,heap     ] GC(86) Survivor regions: 4->3(13)
[2025-03-28T19:16:16.304+0530][gc,heap     ] GC(86) Old regions: 53->53
[2025-03-28T19:16:16.304+0530][gc,heap     ] GC(86) Archive regions: 2->2
[2025-03-28T19:16:16.304+0530][gc,heap     ] GC(86) Humongous regions: 140->138
[2025-03-28T19:16:16.304+0530][gc,metaspace] GC(86) Metaspace: 50106K(50816K)->50106K(50816K) NonClass: 44434K(44800K)->44434K(44800K) Class: 5672K(6016K)->5672K(6016K)
[2025-03-28T19:16:16.304+0530][gc          ] GC(86) Pause Young (Normal) (G1 Evacuation Pause) 294M->194M(1024M) 25.422ms
[2025-03-28T19:16:16.304+0530][gc,cpu      ] GC(86) User=0.01s Sys=0.01s Real=0.01s
[2025-03-28T19:16:20.146+0530][gc,start    ] GC(87) Pause Young (Normal) (G1 Evacuation Pause)
[2025-03-28T19:16:20.148+0530][gc,task     ] GC(87) Using 2 workers of 2 for evacuation
[2025-03-28T19:16:20.224+0530][gc,mmu      ] GC(87) MMU target violated: 21.0ms (20.0ms/21.0ms)
[2025-03-28T19:16:20.225+0530][gc,phases   ] GC(87)   Pre Evacuate Collection Set: 6.1ms
[2025-03-28T19:16:20.225+0530][gc,phases   ] GC(87)   Merge Heap Roots: 0.3ms
[2025-03-28T19:16:20.225+0530][gc,phases   ] GC(87)   Evacuate Collection Set: 69.4ms
[2025-03-28T19:16:20.225+0530][gc,phases   ] GC(87)   Post Evacuate Collection Set: 0.9ms
[2025-03-28T19:16:20.225+0530][gc,phases   ] GC(87)   Other: 1.8ms
[2025-03-28T19:16:20.225+0530][gc,heap     ] GC(87) Eden regions: 157->0(48)
[2025-03-28T19:16:20.225+0530][gc,heap     ] GC(87) Survivor regions: 3->3(20)
[2025-03-28T19:16:20.225+0530][gc,heap     ] GC(87) Old regions: 53->53
[2025-03-28T19:16:20.225+0530][gc,heap     ] GC(87) Archive regions: 2->2
[2025-03-28T19:16:20.225+0530][gc,heap     ] GC(87) Humongous regions: 142->140
[2025-03-28T19:16:20.225+0530][gc,metaspace] GC(87) Metaspace: 50108K(50816K)->50108K(50816K) NonClass: 44435K(44800K)->44435K(44800K) Class: 5672K(6016K)->5672K(6016K)
[2025-03-28T19:16:20.225+0530][gc          ] GC(87) Pause Young (Normal) (G1 Evacuation Pause) 355M->196M(1024M) 78.705ms
[2025-03-28T19:16:20.225+0530][gc,cpu      ] GC(87) User=0.04s Sys=0.01s Real=0.08s
[2025-03-28T19:16:26.647+0530][gc,start    ] GC(88) Pause Young (Normal) (G1 Evacuation Pause)
[2025-03-28T19:16:26.647+0530][gc,task     ] GC(88) Using 2 workers of 2 for evacuation
[2025-03-28T19:16:26.662+0530][gc,phases   ] GC(88)   Pre Evacuate Collection Set: 0.3ms
[2025-03-28T19:16:26.662+0530][gc,phases   ] GC(88)   Merge Heap Roots: 0.1ms
[2025-03-28T19:16:26.662+0530][gc,phases   ] GC(88)   Evacuate Collection Set: 14.3ms
[2025-03-28T19:16:26.662+0530][gc,phases   ] GC(88)   Post Evacuate Collection Set: 0.6ms
[2025-03-28T19:16:26.663+0530][gc,phases   ] GC(88)   Other: 0.2ms
[2025-03-28T19:16:26.663+0530][gc,heap     ] GC(88) Eden regions: 48->0(47)
[2025-03-28T19:16:26.663+0530][gc,heap     ] GC(88) Survivor regions: 3->4(7)
[2025-03-28T19:16:26.663+0530][gc,heap     ] GC(88) Old regions: 53->53
[2025-03-28T19:16:26.663+0530][gc,heap     ] GC(88) Archive regions: 2->2
[2025-03-28T19:16:26.663+0530][gc,heap     ] GC(88) Humongous regions: 140->138
[2025-03-28T19:16:26.663+0530][gc,metaspace] GC(88) Metaspace: 50116K(50816K)->50116K(50816K) NonClass: 44444K(44800K)->44444K(44800K) Class: 5672K(6016K)->5672K(6016K)
[2025-03-28T19:16:26.663+0530][gc          ] GC(88) Pause Young (Normal) (G1 Evacuation Pause) 244M->195M(1024M) 15.608ms
[2025-03-28T19:16:26.663+0530][gc,cpu      ] GC(88) User=0.01s Sys=0.01s Real=0.00s
[2025-03-28T19:16:26.910+0530][gc,start    ] GC(89) Pause Young (Normal) (G1 Evacuation Pause)
[2025-03-28T19:16:26.910+0530][gc,task     ] GC(89) Using 2 workers of 2 for evacuation
[2025-03-28T19:16:26.933+0530][gc,mmu      ] GC(89) MMU target violated: 21.0ms (20.0ms/21.0ms)
[2025-03-28T19:16:26.933+0530][gc,phases   ] GC(89)   Pre Evacuate Collection Set: 0.3ms
[2025-03-28T19:16:26.933+0530][gc,phases   ] GC(89)   Merge Heap Roots: 0.1ms
[2025-03-28T19:16:26.933+0530][gc,phases   ] GC(89)   Evacuate Collection Set: 21.9ms
[2025-03-28T19:16:26.933+0530][gc,phases   ] GC(89)   Post Evacuate Collection Set: 0.7ms
[2025-03-28T19:16:26.933+0530][gc,phases   ] GC(89)   Other: 0.3ms
[2025-03-28T19:16:26.933+0530][gc,heap     ] GC(89) Eden regions: 47->0(48)
[2025-03-28T19:16:26.933+0530][gc,heap     ] GC(89) Survivor regions: 4->3(7)
[2025-03-28T19:16:26.933+0530][gc,heap     ] GC(89) Old regions: 53->53
[2025-03-28T19:16:26.933+0530][gc,heap     ] GC(89) Archive regions: 2->2
[2025-03-28T19:16:26.933+0530][gc,heap     ] GC(89) Humongous regions: 140->140
[2025-03-28T19:16:26.933+0530][gc,metaspace] GC(89) Metaspace: 50119K(50816K)->50119K(50816K) NonClass: 44447K(44800K)->44447K(44800K) Class: 5672K(6016K)->5672K(6016K)
[2025-03-28T19:16:26.933+0530][gc          ] GC(89) Pause Young (Normal) (G1 Evacuation Pause) 244M->196M(1024M) 23.384ms
[2025-03-28T19:16:26.933+0530][gc,cpu      ] GC(89) User=0.01s Sys=0.00s Real=0.02s
[2025-03-28T19:16:29.722+0530][gc,start    ] GC(90) Pause Young (Normal) (G1 Evacuation Pause)
[2025-03-28T19:16:29.722+0530][gc,task     ] GC(90) Using 2 workers of 2 for evacuation
[2025-03-28T19:16:29.741+0530][gc,phases   ] GC(90)   Pre Evacuate Collection Set: 0.8ms
[2025-03-28T19:16:29.741+0530][gc,phases   ] GC(90)   Merge Heap Roots: 0.3ms
[2025-03-28T19:16:29.741+0530][gc,phases   ] GC(90)   Evacuate Collection Set: 15.1ms
[2025-03-28T19:16:29.741+0530][gc,phases   ] GC(90)   Post Evacuate Collection Set: 2.6ms
[2025-03-28T19:16:29.741+0530][gc,phases   ] GC(90)   Other: 0.5ms
[2025-03-28T19:16:29.741+0530][gc,heap     ] GC(90) Eden regions: 48->0(48)
[2025-03-28T19:16:29.741+0530][gc,heap     ] GC(90) Survivor regions: 3->3(7)
[2025-03-28T19:16:29.741+0530][gc,heap     ] GC(90) Old regions: 53->53
[2025-03-28T19:16:29.741+0530][gc,heap     ] GC(90) Archive regions: 2->2
[2025-03-28T19:16:29.741+0530][gc,heap     ] GC(90) Humongous regions: 140->138
[2025-03-28T19:16:29.741+0530][gc,metaspace] GC(90) Metaspace: 50121K(50816K)->50121K(50816K) NonClass: 44448K(44800K)->44448K(44800K) Class: 5672K(6016K)->5672K(6016K)
[2025-03-28T19:16:29.742+0530][gc          ] GC(90) Pause Young (Normal) (G1 Evacuation Pause) 244M->194M(1024M) 19.638ms
[2025-03-28T19:16:29.742+0530][gc,cpu      ] GC(90) User=0.03s Sys=0.01s Real=0.02s
[2025-03-28T19:16:30.079+0530][gc,start    ] GC(91) Pause Young (Normal) (G1 Evacuation Pause)
[2025-03-28T19:16:30.079+0530][gc,task     ] GC(91) Using 2 workers of 2 for evacuation
[2025-03-28T19:16:30.089+0530][gc,phases   ] GC(91)   Pre Evacuate Collection Set: 0.2ms
[2025-03-28T19:16:30.089+0530][gc,phases   ] GC(91)   Merge Heap Roots: 0.1ms
[2025-03-28T19:16:30.089+0530][gc,phases   ] GC(91)   Evacuate Collection Set: 8.2ms
[2025-03-28T19:16:30.089+0530][gc,phases   ] GC(91)   Post Evacuate Collection Set: 0.8ms
[2025-03-28T19:16:30.089+0530][gc,phases   ] GC(91)   Other: 0.3ms
[2025-03-28T19:16:30.089+0530][gc,heap     ] GC(91) Eden regions: 48->0(47)
[2025-03-28T19:16:30.089+0530][gc,heap     ] GC(91) Survivor regions: 3->4(7)
[2025-03-28T19:16:30.089+0530][gc,heap     ] GC(91) Old regions: 53->53
[2025-03-28T19:16:30.089+0530][gc,heap     ] GC(91) Archive regions: 2->2
[2025-03-28T19:16:30.089+0530][gc,heap     ] GC(91) Humongous regions: 140->140
[2025-03-28T19:16:30.089+0530][gc,metaspace] GC(91) Metaspace: 50121K(50816K)->50121K(50816K) NonClass: 44448K(44800K)->44448K(44800K) Class: 5672K(6016K)->5672K(6016K)
[2025-03-28T19:16:30.089+0530][gc          ] GC(91) Pause Young (Normal) (G1 Evacuation Pause) 244M->196M(1024M) 9.737ms
[2025-03-28T19:16:30.089+0530][gc,cpu      ] GC(91) User=0.01s Sys=0.00s Real=0.01s
[2025-03-28T19:16:36.738+0530][gc,start    ] GC(92) Pause Young (Normal) (G1 Evacuation Pause)
[2025-03-28T19:16:36.738+0530][gc,task     ] GC(92) Using 2 workers of 2 for evacuation
[2025-03-28T19:16:36.850+0530][gc,mmu      ] GC(92) MMU target violated: 21.0ms (20.0ms/21.0ms)
[2025-03-28T19:16:36.850+0530][gc,phases   ] GC(92)   Pre Evacuate Collection Set: 1.3ms
[2025-03-28T19:16:36.850+0530][gc,phases   ] GC(92)   Merge Heap Roots: 1.0ms
[2025-03-28T19:16:36.850+0530][gc,phases   ] GC(92)   Evacuate Collection Set: 105.4ms
[2025-03-28T19:16:36.850+0530][gc,phases   ] GC(92)   Post Evacuate Collection Set: 3.8ms
[2025-03-28T19:16:36.850+0530][gc,phases   ] GC(92)   Other: 0.8ms
[2025-03-28T19:16:36.850+0530][gc,heap     ] GC(92) Eden regions: 47->0(49)
[2025-03-28T19:16:36.850+0530][gc,heap     ] GC(92) Survivor regions: 4->2(7)
[2025-03-28T19:16:36.850+0530][gc,heap     ] GC(92) Old regions: 53->53
[2025-03-28T19:16:36.850+0530][gc,heap     ] GC(92) Archive regions: 2->2
[2025-03-28T19:16:36.851+0530][gc,heap     ] GC(92) Humongous regions: 140->138
[2025-03-28T19:16:36.851+0530][gc,metaspace] GC(92) Metaspace: 50142K(50816K)->50142K(50816K) NonClass: 44467K(44800K)->44467K(44800K) Class: 5675K(6016K)->5675K(6016K)
[2025-03-28T19:16:36.851+0530][gc          ] GC(92) Pause Young (Normal) (G1 Evacuation Pause) 243M->193M(1024M) 113.109ms
[2025-03-28T19:16:36.851+0530][gc,cpu      ] GC(92) User=0.09s Sys=0.00s Real=0.11s
[2025-03-28T19:16:37.214+0530][gc,start    ] GC(93) Pause Young (Normal) (G1 Evacuation Pause)
[2025-03-28T19:16:37.214+0530][gc,task     ] GC(93) Using 2 workers of 2 for evacuation
[2025-03-28T19:16:37.293+0530][gc,mmu      ] GC(93) MMU target violated: 21.0ms (20.0ms/21.0ms)
[2025-03-28T19:16:37.293+0530][gc,phases   ] GC(93)   Pre Evacuate Collection Set: 0.2ms
[2025-03-28T19:16:37.293+0530][gc,phases   ] GC(93)   Merge Heap Roots: 0.2ms
[2025-03-28T19:16:37.293+0530][gc,phases   ] GC(93)   Evacuate Collection Set: 75.2ms
[2025-03-28T19:16:37.293+0530][gc,phases   ] GC(93)   Post Evacuate Collection Set: 3.5ms
[2025-03-28T19:16:37.293+0530][gc,phases   ] GC(93)   Other: 0.3ms
[2025-03-28T19:16:37.293+0530][gc,heap     ] GC(93) Eden regions: 49->0(44)
[2025-03-28T19:16:37.293+0530][gc,heap     ] GC(93) Survivor regions: 2->7(7)
[2025-03-28T19:16:37.293+0530][gc,heap     ] GC(93) Old regions: 53->54
[2025-03-28T19:16:37.293+0530][gc,heap     ] GC(93) Archive regions: 2->2
[2025-03-28T19:16:37.293+0530][gc,heap     ] GC(93) Humongous regions: 138->138
[2025-03-28T19:16:37.293+0530][gc,metaspace] GC(93) Metaspace: 50142K(50816K)->50142K(50816K) NonClass: 44467K(44800K)->44467K(44800K) Class: 5675K(6016K)->5675K(6016K)
[2025-03-28T19:16:37.293+0530][gc          ] GC(93) Pause Young (Normal) (G1 Evacuation Pause) 242M->199M(1024M) 79.607ms
[2025-03-28T19:16:37.293+0530][gc,cpu      ] GC(93) User=0.04s Sys=0.01s Real=0.08s
[2025-03-28T19:16:39.622+0530][gc,start    ] GC(94) Pause Young (Normal) (G1 Evacuation Pause)
[2025-03-28T19:16:39.622+0530][gc,task     ] GC(94) Using 2 workers of 2 for evacuation
[2025-03-28T19:16:39.690+0530][gc,mmu      ] GC(94) MMU target violated: 21.0ms (20.0ms/21.0ms)
[2025-03-28T19:16:39.690+0530][gc,phases   ] GC(94)   Pre Evacuate Collection Set: 2.8ms
[2025-03-28T19:16:39.690+0530][gc,phases   ] GC(94)   Merge Heap Roots: 1.0ms
[2025-03-28T19:16:39.690+0530][gc,phases   ] GC(94)   Evacuate Collection Set: 61.2ms
[2025-03-28T19:16:39.690+0530][gc,phases   ] GC(94)   Post Evacuate Collection Set: 2.0ms
[2025-03-28T19:16:39.690+0530][gc,phases   ] GC(94)   Other: 0.8ms
[2025-03-28T19:16:39.690+0530][gc,heap     ] GC(94) Eden regions: 44->0(49)
[2025-03-28T19:16:39.690+0530][gc,heap     ] GC(94) Survivor regions: 7->2(7)
[2025-03-28T19:16:39.690+0530][gc,heap     ] GC(94) Old regions: 54->61
[2025-03-28T19:16:39.690+0530][gc,heap     ] GC(94) Archive regions: 2->2
[2025-03-28T19:16:39.690+0530][gc,heap     ] GC(94) Humongous regions: 140->138
[2025-03-28T19:16:39.690+0530][gc,metaspace] GC(94) Metaspace: 50143K(50816K)->50143K(50816K) NonClass: 44467K(44800K)->44467K(44800K) Class: 5675K(6016K)->5675K(6016K)
[2025-03-28T19:16:39.691+0530][gc          ] GC(94) Pause Young (Normal) (G1 Evacuation Pause) 245M->201M(1024M) 68.214ms
[2025-03-28T19:16:39.691+0530][gc,cpu      ] GC(94) User=0.09s Sys=0.02s Real=0.08s
[2025-03-28T19:16:39.919+0530][gc,start    ] GC(95) Pause Young (Normal) (G1 Evacuation Pause)
[2025-03-28T19:16:39.919+0530][gc,task     ] GC(95) Using 2 workers of 2 for evacuation
[2025-03-28T19:16:39.934+0530][gc,phases   ] GC(95)   Pre Evacuate Collection Set: 0.2ms
[2025-03-28T19:16:39.934+0530][gc,phases   ] GC(95)   Merge Heap Roots: 0.1ms
[2025-03-28T19:16:39.934+0530][gc,phases   ] GC(95)   Evacuate Collection Set: 13.2ms
[2025-03-28T19:16:39.934+0530][gc,phases   ] GC(95)   Post Evacuate Collection Set: 1.0ms
[2025-03-28T19:16:39.934+0530][gc,phases   ] GC(95)   Other: 0.2ms
[2025-03-28T19:16:39.934+0530][gc,heap     ] GC(95) Eden regions: 49->0(44)
[2025-03-28T19:16:39.934+0530][gc,heap     ] GC(95) Survivor regions: 2->7(7)
[2025-03-28T19:16:39.934+0530][gc,heap     ] GC(95) Old regions: 61->61
[2025-03-28T19:16:39.934+0530][gc,heap     ] GC(95) Archive regions: 2->2
[2025-03-28T19:16:39.934+0530][gc,heap     ] GC(95) Humongous regions: 138->138
[2025-03-28T19:16:39.934+0530][gc,metaspace] GC(95) Metaspace: 50143K(50816K)->50143K(50816K) NonClass: 44468K(44800K)->44468K(44800K) Class: 5675K(6016K)->5675K(6016K)
[2025-03-28T19:16:39.934+0530][gc          ] GC(95) Pause Young (Normal) (G1 Evacuation Pause) 250M->206M(1024M) 14.818ms
[2025-03-28T19:16:39.934+0530][gc,cpu      ] GC(95) User=0.02s Sys=0.00s Real=0.01s
[2025-03-28T19:16:40.073+0530][gc,start    ] GC(96) Pause Young (Normal) (G1 Evacuation Pause)
[2025-03-28T19:16:40.073+0530][gc,task     ] GC(96) Using 2 workers of 2 for evacuation
[2025-03-28T19:16:40.084+0530][gc,phases   ] GC(96)   Pre Evacuate Collection Set: 0.3ms
[2025-03-28T19:16:40.084+0530][gc,phases   ] GC(96)   Merge Heap Roots: 0.1ms
[2025-03-28T19:16:40.084+0530][gc,phases   ] GC(96)   Evacuate Collection Set: 9.6ms
[2025-03-28T19:16:40.084+0530][gc,phases   ] GC(96)   Post Evacuate Collection Set: 0.9ms
[2025-03-28T19:16:40.084+0530][gc,phases   ] GC(96)   Other: 0.2ms
[2025-03-28T19:16:40.084+0530][gc,heap     ] GC(96) Eden regions: 44->0(49)
[2025-03-28T19:16:40.084+0530][gc,heap     ] GC(96) Survivor regions: 7->2(7)
[2025-03-28T19:16:40.084+0530][gc,heap     ] GC(96) Old regions: 61->63
[2025-03-28T19:16:40.084+0530][gc,heap     ] GC(96) Archive regions: 2->2
[2025-03-28T19:16:40.084+0530][gc,heap     ] GC(96) Humongous regions: 140->140
[2025-03-28T19:16:40.084+0530][gc,metaspace] GC(96) Metaspace: 50143K(50816K)->50143K(50816K) NonClass: 44468K(44800K)->44468K(44800K) Class: 5675K(6016K)->5675K(6016K)
[2025-03-28T19:16:40.084+0530][gc          ] GC(96) Pause Young (Normal) (G1 Evacuation Pause) 252M->205M(1024M) 11.314ms
[2025-03-28T19:16:40.084+0530][gc,cpu      ] GC(96) User=0.01s Sys=0.01s Real=0.01s
[2025-03-28T19:16:46.758+0530][gc,start    ] GC(97) Pause Young (Normal) (G1 Evacuation Pause)
[2025-03-28T19:16:46.758+0530][gc,task     ] GC(97) Using 2 workers of 2 for evacuation
[2025-03-28T19:16:46.791+0530][gc,mmu      ] GC(97) MMU target violated: 21.0ms (20.0ms/21.0ms)
[2025-03-28T19:16:46.791+0530][gc,phases   ] GC(97)   Pre Evacuate Collection Set: 0.3ms
[2025-03-28T19:16:46.791+0530][gc,phases   ] GC(97)   Merge Heap Roots: 0.2ms
[2025-03-28T19:16:46.791+0530][gc,phases   ] GC(97)   Evacuate Collection Set: 29.3ms
[2025-03-28T19:16:46.791+0530][gc,phases   ] GC(97)   Post Evacuate Collection Set: 2.5ms
[2025-03-28T19:16:46.791+0530][gc,phases   ] GC(97)   Other: 0.4ms
[2025-03-28T19:16:46.791+0530][gc,heap     ] GC(97) Eden regions: 49->0(45)
[2025-03-28T19:16:46.791+0530][gc,heap     ] GC(97) Survivor regions: 2->6(7)
[2025-03-28T19:16:46.791+0530][gc,heap     ] GC(97) Old regions: 63->63
[2025-03-28T19:16:46.791+0530][gc,heap     ] GC(97) Archive regions: 2->2
[2025-03-28T19:16:46.791+0530][gc,heap     ] GC(97) Humongous regions: 140->138
[2025-03-28T19:16:46.791+0530][gc,metaspace] GC(97) Metaspace: 50230K(50880K)->50230K(50880K) NonClass: 44555K(44864K)->44555K(44864K) Class: 5675K(6016K)->5675K(6016K)
[2025-03-28T19:16:46.791+0530][gc          ] GC(97) Pause Young (Normal) (G1 Evacuation Pause) 254M->207M(1024M) 32.793ms
[2025-03-28T19:16:46.792+0530][gc,cpu      ] GC(97) User=0.01s Sys=0.01s Real=0.03s
[2025-03-28T19:16:47.040+0530][gc,start    ] GC(98) Pause Young (Normal) (G1 Evacuation Pause)
[2025-03-28T19:16:47.040+0530][gc,task     ] GC(98) Using 2 workers of 2 for evacuation
[2025-03-28T19:16:47.116+0530][gc,mmu      ] GC(98) MMU target violated: 21.0ms (20.0ms/21.0ms)
[2025-03-28T19:16:47.116+0530][gc,phases   ] GC(98)   Pre Evacuate Collection Set: 0.3ms
[2025-03-28T19:16:47.116+0530][gc,phases   ] GC(98)   Merge Heap Roots: 0.3ms
[2025-03-28T19:16:47.116+0530][gc,phases   ] GC(98)   Evacuate Collection Set: 73.5ms
[2025-03-28T19:16:47.116+0530][gc,phases   ] GC(98)   Post Evacuate Collection Set: 1.4ms
[2025-03-28T19:16:47.116+0530][gc,phases   ] GC(98)   Other: 0.5ms
[2025-03-28T19:16:47.116+0530][gc,heap     ] GC(98) Eden regions: 45->0(49)
[2025-03-28T19:16:47.116+0530][gc,heap     ] GC(98) Survivor regions: 6->2(7)
[2025-03-28T19:16:47.116+0530][gc,heap     ] GC(98) Old regions: 63->64
[2025-03-28T19:16:47.116+0530][gc,heap     ] GC(98) Archive regions: 2->2
[2025-03-28T19:16:47.116+0530][gc,heap     ] GC(98) Humongous regions: 140->140
[2025-03-28T19:16:47.116+0530][gc,metaspace] GC(98) Metaspace: 50230K(50880K)->50230K(50880K) NonClass: 44555K(44864K)->44555K(44864K) Class: 5675K(6016K)->5675K(6016K)
[2025-03-28T19:16:47.116+0530][gc          ] GC(98) Pause Young (Normal) (G1 Evacuation Pause) 254M->206M(1024M) 76.312ms
[2025-03-28T19:16:47.116+0530][gc,cpu      ] GC(98) User=0.04s Sys=0.00s Real=0.08s
[2025-03-28T19:16:49.884+0530][gc,start    ] GC(99) Pause Young (Normal) (G1 Evacuation Pause)
[2025-03-28T19:16:49.884+0530][gc,task     ] GC(99) Using 2 workers of 2 for evacuation
[2025-03-28T19:16:49.897+0530][gc,phases   ] GC(99)   Pre Evacuate Collection Set: 0.3ms
[2025-03-28T19:16:49.898+0530][gc,phases   ] GC(99)   Merge Heap Roots: 0.1ms
[2025-03-28T19:16:49.898+0530][gc,phases   ] GC(99)   Evacuate Collection Set: 12.2ms
[2025-03-28T19:16:49.898+0530][gc,phases   ] GC(99)   Post Evacuate Collection Set: 1.1ms
[2025-03-28T19:16:49.898+0530][gc,phases   ] GC(99)   Other: 0.2ms
[2025-03-28T19:16:49.898+0530][gc,heap     ] GC(99) Eden regions: 49->0(46)
[2025-03-28T19:16:49.898+0530][gc,heap     ] GC(99) Survivor regions: 2->5(7)
[2025-03-28T19:16:49.898+0530][gc,heap     ] GC(99) Old regions: 64->64
[2025-03-28T19:16:49.898+0530][gc,heap     ] GC(99) Archive regions: 2->2
[2025-03-28T19:16:49.898+0530][gc,heap     ] GC(99) Humongous regions: 140->138
[2025-03-28T19:16:49.898+0530][gc,metaspace] GC(99) Metaspace: 50236K(50880K)->50236K(50880K) NonClass: 44561K(44864K)->44561K(44864K) Class: 5675K(6016K)->5675K(6016K)
[2025-03-28T19:16:49.898+0530][gc          ] GC(99) Pause Young (Normal) (G1 Evacuation Pause) 255M->207M(1024M) 14.064ms
[2025-03-28T19:16:49.898+0530][gc,cpu      ] GC(99) User=0.01s Sys=0.00s Real=0.02s
[2025-03-28T19:16:50.044+0530][gc,start    ] GC(100) Pause Young (Normal) (G1 Evacuation Pause)
[2025-03-28T19:16:50.044+0530][gc,task     ] GC(100) Using 2 workers of 2 for evacuation
[2025-03-28T19:16:50.051+0530][gc,phases   ] GC(100)   Pre Evacuate Collection Set: 0.2ms
[2025-03-28T19:16:50.051+0530][gc,phases   ] GC(100)   Merge Heap Roots: 0.1ms
[2025-03-28T19:16:50.051+0530][gc,phases   ] GC(100)   Evacuate Collection Set: 5.7ms
[2025-03-28T19:16:50.051+0530][gc,phases   ] GC(100)   Post Evacuate Collection Set: 0.6ms
[2025-03-28T19:16:50.051+0530][gc,phases   ] GC(100)   Other: 0.2ms
[2025-03-28T19:16:50.051+0530][gc,heap     ] GC(100) Eden regions: 46->0(49)
[2025-03-28T19:16:50.051+0530][gc,heap     ] GC(100) Survivor regions: 5->2(7)
[2025-03-28T19:16:50.051+0530][gc,heap     ] GC(100) Old regions: 64->65
[2025-03-28T19:16:50.051+0530][gc,heap     ] GC(100) Archive regions: 2->2
[2025-03-28T19:16:50.051+0530][gc,heap     ] GC(100) Humongous regions: 140->140
[2025-03-28T19:16:50.051+0530][gc,metaspace] GC(100) Metaspace: 50238K(50880K)->50238K(50880K) NonClass: 44563K(44864K)->44563K(44864K) Class: 5675K(6016K)->5675K(6016K)
[2025-03-28T19:16:50.051+0530][gc          ] GC(100) Pause Young (Normal) (G1 Evacuation Pause) 255M->207M(1024M) 6.957ms
[2025-03-28T19:16:50.051+0530][gc,cpu      ] GC(100) User=0.01s Sys=0.00s Real=0.01s
[2025-03-28T19:16:56.235+0530][gc,start    ] GC(101) Pause Young (Normal) (G1 Evacuation Pause)
[2025-03-28T19:16:56.235+0530][gc,task     ] GC(101) Using 2 workers of 2 for evacuation
[2025-03-28T19:16:56.258+0530][gc,mmu      ] GC(101) MMU target violated: 21.0ms (20.0ms/21.0ms)
[2025-03-28T19:16:56.258+0530][gc,phases   ] GC(101)   Pre Evacuate Collection Set: 1.8ms
[2025-03-28T19:16:56.258+0530][gc,phases   ] GC(101)   Merge Heap Roots: 0.1ms
[2025-03-28T19:16:56.258+0530][gc,phases   ] GC(101)   Evacuate Collection Set: 20.0ms
[2025-03-28T19:16:56.258+0530][gc,phases   ] GC(101)   Post Evacuate Collection Set: 0.5ms
[2025-03-28T19:16:56.258+0530][gc,phases   ] GC(101)   Other: 0.2ms
[2025-03-28T19:16:56.258+0530][gc,heap     ] GC(101) Eden regions: 49->0(47)
[2025-03-28T19:16:56.258+0530][gc,heap     ] GC(101) Survivor regions: 2->4(7)
[2025-03-28T19:16:56.258+0530][gc,heap     ] GC(101) Old regions: 65->65
[2025-03-28T19:16:56.258+0530][gc,heap     ] GC(101) Archive regions: 2->2
[2025-03-28T19:16:56.258+0530][gc,heap     ] GC(101) Humongous regions: 140->138
[2025-03-28T19:16:56.258+0530][gc,metaspace] GC(101) Metaspace: 50248K(50880K)->50248K(50880K) NonClass: 44573K(44864K)->44573K(44864K) Class: 5675K(6016K)->5675K(6016K)
[2025-03-28T19:16:56.258+0530][gc          ] GC(101) Pause Young (Normal) (G1 Evacuation Pause) 256M->207M(1024M) 22.784ms
[2025-03-28T19:16:56.258+0530][gc,cpu      ] GC(101) User=0.01s Sys=0.01s Real=0.03s
[2025-03-28T19:16:56.416+0530][gc,start    ] GC(102) Pause Young (Normal) (G1 Evacuation Pause)
[2025-03-28T19:16:56.416+0530][gc,task     ] GC(102) Using 2 workers of 2 for evacuation
[2025-03-28T19:16:56.429+0530][gc,phases   ] GC(102)   Pre Evacuate Collection Set: 6.3ms
[2025-03-28T19:16:56.429+0530][gc,phases   ] GC(102)   Merge Heap Roots: 0.1ms
[2025-03-28T19:16:56.429+0530][gc,phases   ] GC(102)   Evacuate Collection Set: 5.5ms
[2025-03-28T19:16:56.429+0530][gc,phases   ] GC(102)   Post Evacuate Collection Set: 0.6ms
[2025-03-28T19:16:56.429+0530][gc,phases   ] GC(102)   Other: 0.2ms
[2025-03-28T19:16:56.429+0530][gc,heap     ] GC(102) Eden regions: 47->0(49)
[2025-03-28T19:16:56.429+0530][gc,heap     ] GC(102) Survivor regions: 4->2(7)
[2025-03-28T19:16:56.429+0530][gc,heap     ] GC(102) Old regions: 65->66
[2025-03-28T19:16:56.429+0530][gc,heap     ] GC(102) Archive regions: 2->2
[2025-03-28T19:16:56.429+0530][gc,heap     ] GC(102) Humongous regions: 140->140
[2025-03-28T19:16:56.429+0530][gc,metaspace] GC(102) Metaspace: 50248K(50880K)->50248K(50880K) NonClass: 44573K(44864K)->44573K(44864K) Class: 5675K(6016K)->5675K(6016K)
[2025-03-28T19:16:56.429+0530][gc          ] GC(102) Pause Young (Normal) (G1 Evacuation Pause) 256M->208M(1024M) 12.759ms
[2025-03-28T19:16:56.429+0530][gc,cpu      ] GC(102) User=0.01s Sys=0.00s Real=0.00s
[2025-03-28T19:16:59.844+0530][gc,start    ] GC(103) Pause Young (Normal) (G1 Evacuation Pause)
[2025-03-28T19:16:59.844+0530][gc,task     ] GC(103) Using 2 workers of 2 for evacuation
[2025-03-28T19:16:59.853+0530][gc,phases   ] GC(103)   Pre Evacuate Collection Set: 0.4ms
[2025-03-28T19:16:59.854+0530][gc,phases   ] GC(103)   Merge Heap Roots: 0.2ms
[2025-03-28T19:16:59.854+0530][gc,phases   ] GC(103)   Evacuate Collection Set: 6.7ms
[2025-03-28T19:16:59.854+0530][gc,phases   ] GC(103)   Post Evacuate Collection Set: 1.8ms
[2025-03-28T19:16:59.854+0530][gc,phases   ] GC(103)   Other: 0.7ms
[2025-03-28T19:16:59.854+0530][gc,heap     ] GC(103) Eden regions: 49->0(47)
[2025-03-28T19:16:59.854+0530][gc,heap     ] GC(103) Survivor regions: 2->4(7)
[2025-03-28T19:16:59.854+0530][gc,heap     ] GC(103) Old regions: 66->66
[2025-03-28T19:16:59.854+0530][gc,heap     ] GC(103) Archive regions: 2->2
[2025-03-28T19:16:59.854+0530][gc,heap     ] GC(103) Humongous regions: 140->138
[2025-03-28T19:16:59.854+0530][gc,metaspace] GC(103) Metaspace: 50261K(50944K)->50261K(50944K) NonClass: 44586K(44928K)->44586K(44928K) Class: 5675K(6016K)->5675K(6016K)
[2025-03-28T19:16:59.854+0530][gc          ] GC(103) Pause Young (Normal) (G1 Evacuation Pause) 257M->207M(1024M) 9.977ms
[2025-03-28T19:16:59.854+0530][gc,cpu      ] GC(103) User=0.01s Sys=0.00s Real=0.01s
[2025-03-28T19:17:00.020+0530][gc,start    ] GC(104) Pause Young (Normal) (G1 Evacuation Pause)
[2025-03-28T19:17:00.020+0530][gc,task     ] GC(104) Using 2 workers of 2 for evacuation
[2025-03-28T19:17:00.027+0530][gc,phases   ] GC(104)   Pre Evacuate Collection Set: 0.2ms
[2025-03-28T19:17:00.027+0530][gc,phases   ] GC(104)   Merge Heap Roots: 0.1ms
[2025-03-28T19:17:00.027+0530][gc,phases   ] GC(104)   Evacuate Collection Set: 5.9ms
[2025-03-28T19:17:00.027+0530][gc,phases   ] GC(104)   Post Evacuate Collection Set: 0.9ms
[2025-03-28T19:17:00.027+0530][gc,phases   ] GC(104)   Other: 0.3ms
[2025-03-28T19:17:00.027+0530][gc,heap     ] GC(104) Eden regions: 47->0(63)
[2025-03-28T19:17:00.027+0530][gc,heap     ] GC(104) Survivor regions: 4->3(7)
[2025-03-28T19:17:00.027+0530][gc,heap     ] GC(104) Old regions: 66->66
[2025-03-28T19:17:00.027+0530][gc,heap     ] GC(104) Archive regions: 2->2
[2025-03-28T19:17:00.027+0530][gc,heap     ] GC(104) Humongous regions: 140->140
[2025-03-28T19:17:00.027+0530][gc,metaspace] GC(104) Metaspace: 50264K(50944K)->50264K(50944K) NonClass: 44589K(44928K)->44589K(44928K) Class: 5675K(6016K)->5675K(6016K)
[2025-03-28T19:17:00.027+0530][gc          ] GC(104) Pause Young (Normal) (G1 Evacuation Pause) 256M->209M(1024M) 7.571ms
[2025-03-28T19:17:00.027+0530][gc,cpu      ] GC(104) User=0.02s Sys=0.00s Real=0.01s
[2025-03-28T19:17:06.388+0530][gc,start    ] GC(105) Pause Young (Normal) (G1 Evacuation Pause)
[2025-03-28T19:17:06.388+0530][gc,task     ] GC(105) Using 2 workers of 2 for evacuation
[2025-03-28T19:17:06.415+0530][gc,mmu      ] GC(105) MMU target violated: 21.0ms (20.0ms/21.0ms)
[2025-03-28T19:17:06.415+0530][gc,phases   ] GC(105)   Pre Evacuate Collection Set: 0.3ms
[2025-03-28T19:17:06.415+0530][gc,phases   ] GC(105)   Merge Heap Roots: 0.2ms
[2025-03-28T19:17:06.415+0530][gc,phases   ] GC(105)   Evacuate Collection Set: 26.5ms
[2025-03-28T19:17:06.415+0530][gc,phases   ] GC(105)   Post Evacuate Collection Set: 0.5ms
[2025-03-28T19:17:06.416+0530][gc,phases   ] GC(105)   Other: 0.2ms
[2025-03-28T19:17:06.416+0530][gc,heap     ] GC(105) Eden regions: 63->0(80)
[2025-03-28T19:17:06.416+0530][gc,heap     ] GC(105) Survivor regions: 3->5(9)
[2025-03-28T19:17:06.416+0530][gc,heap     ] GC(105) Old regions: 66->66
[2025-03-28T19:17:06.416+0530][gc,heap     ] GC(105) Archive regions: 2->2
[2025-03-28T19:17:06.416+0530][gc,heap     ] GC(105) Humongous regions: 140->138
[2025-03-28T19:17:06.416+0530][gc,metaspace] GC(105) Metaspace: 50272K(50944K)->50272K(50944K) NonClass: 44597K(44928K)->44597K(44928K) Class: 5675K(6016K)->5675K(6016K)
[2025-03-28T19:17:06.416+0530][gc          ] GC(105) Pause Young (Normal) (G1 Evacuation Pause) 272M->208M(1024M) 27.915ms
[2025-03-28T19:17:06.416+0530][gc,cpu      ] GC(105) User=0.02s Sys=0.00s Real=0.03s
[2025-03-28T19:17:09.777+0530][gc,start    ] GC(106) Pause Young (Normal) (G1 Evacuation Pause)
[2025-03-28T19:17:09.777+0530][gc,task     ] GC(106) Using 2 workers of 2 for evacuation
[2025-03-28T19:17:09.793+0530][gc,phases   ] GC(106)   Pre Evacuate Collection Set: 0.4ms
[2025-03-28T19:17:09.793+0530][gc,phases   ] GC(106)   Merge Heap Roots: 0.2ms
[2025-03-28T19:17:09.793+0530][gc,phases   ] GC(106)   Evacuate Collection Set: 14.0ms
[2025-03-28T19:17:09.793+0530][gc,phases   ] GC(106)   Post Evacuate Collection Set: 0.9ms
[2025-03-28T19:17:09.793+0530][gc,phases   ] GC(106)   Other: 0.2ms
[2025-03-28T19:17:09.793+0530][gc,heap     ] GC(106) Eden regions: 80->0(182)
[2025-03-28T19:17:09.793+0530][gc,heap     ] GC(106) Survivor regions: 5->2(11)
[2025-03-28T19:17:09.793+0530][gc,heap     ] GC(106) Old regions: 66->66
[2025-03-28T19:17:09.793+0530][gc,heap     ] GC(106) Archive regions: 2->2
[2025-03-28T19:17:09.793+0530][gc,heap     ] GC(106) Humongous regions: 140->138
[2025-03-28T19:17:09.793+0530][gc,metaspace] GC(106) Metaspace: 50274K(50944K)->50274K(50944K) NonClass: 44599K(44928K)->44599K(44928K) Class: 5675K(6016K)->5675K(6016K)
[2025-03-28T19:17:09.793+0530][gc          ] GC(106) Pause Young (Normal) (G1 Evacuation Pause) 290M->206M(1024M) 15.955ms
[2025-03-28T19:17:09.793+0530][gc,cpu      ] GC(106) User=0.01s Sys=0.00s Real=0.01s
[2025-03-28T19:17:16.825+0530][gc,start    ] GC(107) Pause Young (Normal) (G1 Evacuation Pause)
[2025-03-28T19:17:16.825+0530][gc,task     ] GC(107) Using 2 workers of 2 for evacuation
[2025-03-28T19:17:16.845+0530][gc,phases   ] GC(107)   Pre Evacuate Collection Set: 0.4ms
[2025-03-28T19:17:16.845+0530][gc,phases   ] GC(107)   Merge Heap Roots: 1.9ms
[2025-03-28T19:17:16.845+0530][gc,phases   ] GC(107)   Evacuate Collection Set: 16.3ms
[2025-03-28T19:17:16.845+0530][gc,phases   ] GC(107)   Post Evacuate Collection Set: 0.7ms
[2025-03-28T19:17:16.845+0530][gc,phases   ] GC(107)   Other: 0.2ms
[2025-03-28T19:17:16.845+0530][gc,heap     ] GC(107) Eden regions: 173->0(611)
[2025-03-28T19:17:16.845+0530][gc,heap     ] GC(107) Survivor regions: 2->3(22)
[2025-03-28T19:17:16.845+0530][gc,heap     ] GC(107) Old regions: 66->66
[2025-03-28T19:17:16.845+0530][gc,heap     ] GC(107) Archive regions: 2->2
[2025-03-28T19:17:16.845+0530][gc,heap     ] GC(107) Humongous regions: 142->140
[2025-03-28T19:17:16.845+0530][gc,metaspace] GC(107) Metaspace: 50290K(51008K)->50290K(51008K) NonClass: 44614K(44992K)->44614K(44992K) Class: 5675K(6016K)->5675K(6016K)
[2025-03-28T19:17:16.845+0530][gc          ] GC(107) Pause Young (Normal) (G1 Evacuation Pause) 383M->209M(1024M) 19.540ms
[2025-03-28T19:17:16.845+0530][gc,cpu      ] GC(107) User=0.02s Sys=0.00s Real=0.04s
[2025-03-28T19:17:26.359+0530][gc,start    ] GC(108) Pause Young (Normal) (G1 Evacuation Pause)
[2025-03-28T19:17:26.359+0530][gc,task     ] GC(108) Using 2 workers of 2 for evacuation
[2025-03-28T19:17:26.368+0530][gc,phases   ] GC(108)   Pre Evacuate Collection Set: 0.3ms
[2025-03-28T19:17:26.369+0530][gc,phases   ] GC(108)   Merge Heap Roots: 0.2ms
[2025-03-28T19:17:26.369+0530][gc,phases   ] GC(108)   Evacuate Collection Set: 8.1ms
[2025-03-28T19:17:26.369+0530][gc,phases   ] GC(108)   Post Evacuate Collection Set: 0.8ms
[2025-03-28T19:17:26.369+0530][gc,phases   ] GC(108)   Other: 0.2ms
[2025-03-28T19:17:26.369+0530][gc,heap     ] GC(108) Eden regions: 216->0(611)
[2025-03-28T19:17:26.369+0530][gc,heap     ] GC(108) Survivor regions: 3->3(28)
[2025-03-28T19:17:26.369+0530][gc,heap     ] GC(108) Old regions: 66->66
[2025-03-28T19:17:26.369+0530][gc,heap     ] GC(108) Archive regions: 2->2
[2025-03-28T19:17:26.369+0530][gc,heap     ] GC(108) Humongous regions: 144->140
[2025-03-28T19:17:26.369+0530][gc,metaspace] GC(108) Metaspace: 50322K(51008K)->50322K(51008K) NonClass: 44647K(44992K)->44647K(44992K) Class: 5675K(6016K)->5675K(6016K)
[2025-03-28T19:17:26.369+0530][gc          ] GC(108) Pause Young (Normal) (G1 Evacuation Pause) 429M->209M(1024M) 9.826ms
[2025-03-28T19:17:26.369+0530][gc,cpu      ] GC(108) User=0.01s Sys=0.00s Real=0.00s
[2025-03-28T19:17:47.161+0530][gc,start    ] GC(109) Pause Young (Normal) (G1 Evacuation Pause)
[2025-03-28T19:17:47.330+0530][gc,task     ] GC(109) Using 2 workers of 2 for evacuation
[2025-03-28T19:17:49.063+0530][gc,mmu      ] GC(109) MMU target violated: 21.0ms (20.0ms/21.0ms)
[2025-03-28T19:17:49.063+0530][gc,phases   ] GC(109)   Pre Evacuate Collection Set: 0.4ms
[2025-03-28T19:17:49.063+0530][gc,phases   ] GC(109)   Merge Heap Roots: 1.8ms
[2025-03-28T19:17:49.063+0530][gc,phases   ] GC(109)   Evacuate Collection Set: 236.3ms
[2025-03-28T19:17:49.063+0530][gc,phases   ] GC(109)   Post Evacuate Collection Set: 1494.6ms
[2025-03-28T19:17:49.063+0530][gc,phases   ] GC(109)   Other: 168.9ms
[2025-03-28T19:17:49.063+0530][gc,heap     ] GC(109) Eden regions: 353->0(43)
[2025-03-28T19:17:49.063+0530][gc,heap     ] GC(109) Survivor regions: 3->8(45)
[2025-03-28T19:17:49.063+0530][gc,heap     ] GC(109) Old regions: 66->66
[2025-03-28T19:17:49.063+0530][gc,heap     ] GC(109) Archive regions: 2->2
[2025-03-28T19:17:49.063+0530][gc,heap     ] GC(109) Humongous regions: 146->138
[2025-03-28T19:17:49.063+0530][gc,metaspace] GC(109) Metaspace: 50378K(51072K)->50378K(51072K) NonClass: 44690K(45056K)->44690K(45056K) Class: 5688K(6016K)->5688K(6016K)
[2025-03-28T19:17:49.063+0530][gc          ] GC(109) Pause Young (Normal) (G1 Evacuation Pause) 568M->211M(1024M) 1902.040ms
[2025-03-28T19:17:49.063+0530][gc,cpu      ] GC(109) User=0.04s Sys=0.02s Real=1.91s
[2025-03-28T19:17:49.567+0530][gc,start    ] GC(110) Pause Young (Normal) (G1 Evacuation Pause)
[2025-03-28T19:17:49.567+0530][gc,task     ] GC(110) Using 2 workers of 2 for evacuation
[2025-03-28T19:17:49.609+0530][gc,mmu      ] GC(110) MMU target violated: 21.0ms (20.0ms/21.0ms)
[2025-03-28T19:17:49.609+0530][gc,phases   ] GC(110)   Pre Evacuate Collection Set: 1.9ms
[2025-03-28T19:17:49.609+0530][gc,phases   ] GC(110)   Merge Heap Roots: 0.1ms
[2025-03-28T19:17:49.609+0530][gc,phases   ] GC(110)   Evacuate Collection Set: 35.0ms
[2025-03-28T19:17:49.609+0530][gc,phases   ] GC(110)   Post Evacuate Collection Set: 5.5ms
[2025-03-28T19:17:49.609+0530][gc,phases   ] GC(110)   Other: 0.9ms
[2025-03-28T19:17:49.609+0530][gc,heap     ] GC(110) Eden regions: 43->0(49)
[2025-03-28T19:17:49.609+0530][gc,heap     ] GC(110) Survivor regions: 8->2(7)
[2025-03-28T19:17:49.609+0530][gc,heap     ] GC(110) Old regions: 66->68
[2025-03-28T19:17:49.609+0530][gc,heap     ] GC(110) Archive regions: 2->2
[2025-03-28T19:17:49.610+0530][gc,heap     ] GC(110) Humongous regions: 140->140
[2025-03-28T19:17:49.610+0530][gc,metaspace] GC(110) Metaspace: 50389K(51072K)->50389K(51072K) NonClass: 44698K(45056K)->44698K(45056K) Class: 5691K(6016K)->5691K(6016K)
[2025-03-28T19:17:49.610+0530][gc          ] GC(110) Pause Young (Normal) (G1 Evacuation Pause) 256M->210M(1024M) 42.901ms
[2025-03-28T19:17:49.610+0530][gc,cpu      ] GC(110) User=0.02s Sys=0.01s Real=0.04s
[2025-03-28T19:17:49.843+0530][gc,start    ] GC(111) Pause Young (Normal) (G1 Evacuation Pause)
[2025-03-28T19:17:49.843+0530][gc,task     ] GC(111) Using 2 workers of 2 for evacuation
[2025-03-28T19:17:49.877+0530][gc,mmu      ] GC(111) MMU target violated: 21.0ms (20.0ms/21.0ms)
[2025-03-28T19:17:49.877+0530][gc,phases   ] GC(111)   Pre Evacuate Collection Set: 2.9ms
[2025-03-28T19:17:49.877+0530][gc,phases   ] GC(111)   Merge Heap Roots: 4.0ms
[2025-03-28T19:17:49.877+0530][gc,phases   ] GC(111)   Evacuate Collection Set: 26.0ms
[2025-03-28T19:17:49.877+0530][gc,phases   ] GC(111)   Post Evacuate Collection Set: 0.6ms
[2025-03-28T19:17:49.877+0530][gc,phases   ] GC(111)   Other: 0.2ms
[2025-03-28T19:17:49.877+0530][gc,heap     ] GC(111) Eden regions: 49->0(45)
[2025-03-28T19:17:49.877+0530][gc,heap     ] GC(111) Survivor regions: 2->6(7)
[2025-03-28T19:17:49.877+0530][gc,heap     ] GC(111) Old regions: 68->68
[2025-03-28T19:17:49.877+0530][gc,heap     ] GC(111) Archive regions: 2->2
[2025-03-28T19:17:49.877+0530][gc,heap     ] GC(111) Humongous regions: 140->138
[2025-03-28T19:17:49.877+0530][gc,metaspace] GC(111) Metaspace: 50391K(51072K)->50391K(51072K) NonClass: 44700K(45056K)->44700K(45056K) Class: 5691K(6016K)->5691K(6016K)
[2025-03-28T19:17:49.877+0530][gc          ] GC(111) Pause Young (Normal) (G1 Evacuation Pause) 259M->211M(1024M) 33.831ms
[2025-03-28T19:17:49.877+0530][gc,cpu      ] GC(111) User=0.03s Sys=0.00s Real=0.04s
[2025-03-28T19:17:49.984+0530][gc,start    ] GC(112) Pause Young (Normal) (G1 Evacuation Pause)
[2025-03-28T19:17:49.984+0530][gc,task     ] GC(112) Using 2 workers of 2 for evacuation
[2025-03-28T19:17:49.994+0530][gc,phases   ] GC(112)   Pre Evacuate Collection Set: 0.4ms
[2025-03-28T19:17:49.994+0530][gc,phases   ] GC(112)   Merge Heap Roots: 0.2ms
[2025-03-28T19:17:49.994+0530][gc,phases   ] GC(112)   Evacuate Collection Set: 8.2ms
[2025-03-28T19:17:49.994+0530][gc,phases   ] GC(112)   Post Evacuate Collection Set: 0.6ms
[2025-03-28T19:17:49.994+0530][gc,phases   ] GC(112)   Other: 0.2ms
[2025-03-28T19:17:49.994+0530][gc,heap     ] GC(112) Eden regions: 45->0(49)
[2025-03-28T19:17:49.994+0530][gc,heap     ] GC(112) Survivor regions: 6->2(7)
[2025-03-28T19:17:49.994+0530][gc,heap     ] GC(112) Old regions: 68->69
[2025-03-28T19:17:49.994+0530][gc,heap     ] GC(112) Archive regions: 2->2
[2025-03-28T19:17:49.994+0530][gc,heap     ] GC(112) Humongous regions: 140->140
[2025-03-28T19:17:49.994+0530][gc,metaspace] GC(112) Metaspace: 50391K(51072K)->50391K(51072K) NonClass: 44700K(45056K)->44700K(45056K) Class: 5691K(6016K)->5691K(6016K)
[2025-03-28T19:17:49.994+0530][gc          ] GC(112) Pause Young (Normal) (G1 Evacuation Pause) 258M->211M(1024M) 9.664ms
[2025-03-28T19:17:49.994+0530][gc,cpu      ] GC(112) User=0.01s Sys=0.00s Real=0.01s
[2025-03-28T19:17:56.696+0530][gc,start    ] GC(113) Pause Young (Normal) (G1 Evacuation Pause)
[2025-03-28T19:17:56.696+0530][gc,task     ] GC(113) Using 2 workers of 2 for evacuation
[2025-03-28T19:17:56.703+0530][gc,phases   ] GC(113)   Pre Evacuate Collection Set: 0.2ms
[2025-03-28T19:17:56.703+0530][gc,phases   ] GC(113)   Merge Heap Roots: 0.1ms
[2025-03-28T19:17:56.703+0530][gc,phases   ] GC(113)   Evacuate Collection Set: 6.1ms
[2025-03-28T19:17:56.703+0530][gc,phases   ] GC(113)   Post Evacuate Collection Set: 0.8ms
[2025-03-28T19:17:56.703+0530][gc,phases   ] GC(113)   Other: 0.2ms
[2025-03-28T19:17:56.703+0530][gc,heap     ] GC(113) Eden regions: 49->0(46)
[2025-03-28T19:17:56.703+0530][gc,heap     ] GC(113) Survivor regions: 2->5(7)
[2025-03-28T19:17:56.703+0530][gc,heap     ] GC(113) Old regions: 69->69
[2025-03-28T19:17:56.703+0530][gc,heap     ] GC(113) Archive regions: 2->2
[2025-03-28T19:17:56.703+0530][gc,heap     ] GC(113) Humongous regions: 143->138
[2025-03-28T19:17:56.703+0530][gc,metaspace] GC(113) Metaspace: 50406K(51072K)->50406K(51072K) NonClass: 44713K(45056K)->44713K(45056K) Class: 5692K(6016K)->5692K(6016K)
[2025-03-28T19:17:56.703+0530][gc          ] GC(113) Pause Young (Normal) (G1 Evacuation Pause) 263M->211M(1024M) 7.518ms
[2025-03-28T19:17:56.703+0530][gc,cpu      ] GC(113) User=0.01s Sys=0.00s Real=0.00s
[2025-03-28T19:17:56.901+0530][gc,start    ] GC(114) Pause Young (Normal) (G1 Evacuation Pause)
[2025-03-28T19:17:56.901+0530][gc,task     ] GC(114) Using 2 workers of 2 for evacuation
[2025-03-28T19:17:56.933+0530][gc,mmu      ] GC(114) MMU target violated: 21.0ms (20.0ms/21.0ms)
[2025-03-28T19:17:56.933+0530][gc,phases   ] GC(114)   Pre Evacuate Collection Set: 0.2ms
[2025-03-28T19:17:56.933+0530][gc,phases   ] GC(114)   Merge Heap Roots: 0.2ms
[2025-03-28T19:17:56.933+0530][gc,phases   ] GC(114)   Evacuate Collection Set: 26.2ms
[2025-03-28T19:17:56.933+0530][gc,phases   ] GC(114)   Post Evacuate Collection Set: 5.9ms
[2025-03-28T19:17:56.933+0530][gc,phases   ] GC(114)   Other: 0.2ms
[2025-03-28T19:17:56.933+0530][gc,heap     ] GC(114) Eden regions: 46->0(49)
[2025-03-28T19:17:56.933+0530][gc,heap     ] GC(114) Survivor regions: 5->2(7)
[2025-03-28T19:17:56.933+0530][gc,heap     ] GC(114) Old regions: 69->70
[2025-03-28T19:17:56.933+0530][gc,heap     ] GC(114) Archive regions: 2->2
[2025-03-28T19:17:56.933+0530][gc,heap     ] GC(114) Humongous regions: 140->140
[2025-03-28T19:17:56.933+0530][gc,metaspace] GC(114) Metaspace: 50406K(51072K)->50406K(51072K) NonClass: 44713K(45056K)->44713K(45056K) Class: 5692K(6016K)->5692K(6016K)
[2025-03-28T19:17:56.934+0530][gc          ] GC(114) Pause Young (Normal) (G1 Evacuation Pause) 259M->212M(1024M) 32.818ms
[2025-03-28T19:17:56.934+0530][gc,cpu      ] GC(114) User=0.01s Sys=0.00s Real=0.04s
[2025-03-28T19:17:59.726+0530][gc,start    ] GC(115) Pause Young (Normal) (G1 Evacuation Pause)
[2025-03-28T19:17:59.726+0530][gc,task     ] GC(115) Using 2 workers of 2 for evacuation
[2025-03-28T19:17:59.750+0530][gc,mmu      ] GC(115) MMU target violated: 21.0ms (20.0ms/21.0ms)
[2025-03-28T19:17:59.750+0530][gc,phases   ] GC(115)   Pre Evacuate Collection Set: 0.3ms
[2025-03-28T19:17:59.750+0530][gc,phases   ] GC(115)   Merge Heap Roots: 0.3ms
[2025-03-28T19:17:59.750+0530][gc,phases   ] GC(115)   Evacuate Collection Set: 22.2ms
[2025-03-28T19:17:59.750+0530][gc,phases   ] GC(115)   Post Evacuate Collection Set: 0.6ms
[2025-03-28T19:17:59.750+0530][gc,phases   ] GC(115)   Other: 0.3ms
[2025-03-28T19:17:59.750+0530][gc,heap     ] GC(115) Eden regions: 49->0(47)
[2025-03-28T19:17:59.750+0530][gc,heap     ] GC(115) Survivor regions: 2->4(7)
[2025-03-28T19:17:59.750+0530][gc,heap     ] GC(115) Old regions: 70->70
[2025-03-28T19:17:59.750+0530][gc,heap     ] GC(115) Archive regions: 2->2
[2025-03-28T19:17:59.750+0530][gc,heap     ] GC(115) Humongous regions: 140->138
[2025-03-28T19:17:59.750+0530][gc,metaspace] GC(115) Metaspace: 50408K(51072K)->50408K(51072K) NonClass: 44715K(45056K)->44715K(45056K) Class: 5692K(6016K)->5692K(6016K)
[2025-03-28T19:17:59.750+0530][gc          ] GC(115) Pause Young (Normal) (G1 Evacuation Pause) 261M->211M(1024M) 23.777ms
[2025-03-28T19:17:59.750+0530][gc,cpu      ] GC(115) User=0.03s Sys=0.00s Real=0.02s
[2025-03-28T19:17:59.915+0530][gc,start    ] GC(116) Pause Young (Normal) (G1 Evacuation Pause)
[2025-03-28T19:17:59.915+0530][gc,task     ] GC(116) Using 2 workers of 2 for evacuation
[2025-03-28T19:17:59.935+0530][gc,mmu      ] GC(116) MMU target violated: 20.0ms (20.0ms/21.0ms)
[2025-03-28T19:17:59.936+0530][gc,phases   ] GC(116)   Pre Evacuate Collection Set: 3.2ms
[2025-03-28T19:17:59.936+0530][gc,phases   ] GC(116)   Merge Heap Roots: 0.1ms
[2025-03-28T19:17:59.936+0530][gc,phases   ] GC(116)   Evacuate Collection Set: 15.5ms
[2025-03-28T19:17:59.936+0530][gc,phases   ] GC(116)   Post Evacuate Collection Set: 1.2ms
[2025-03-28T19:17:59.936+0530][gc,phases   ] GC(116)   Other: 0.2ms
[2025-03-28T19:17:59.936+0530][gc,heap     ] GC(116) Eden regions: 47->0(48)
[2025-03-28T19:17:59.936+0530][gc,heap     ] GC(116) Survivor regions: 4->3(7)
[2025-03-28T19:17:59.936+0530][gc,heap     ] GC(116) Old regions: 70->70
[2025-03-28T19:17:59.936+0530][gc,heap     ] GC(116) Archive regions: 2->2
[2025-03-28T19:17:59.936+0530][gc,heap     ] GC(116) Humongous regions: 140->140
[2025-03-28T19:17:59.936+0530][gc,metaspace] GC(116) Metaspace: 50410K(51072K)->50410K(51072K) NonClass: 44717K(45056K)->44717K(45056K) Class: 5692K(6016K)->5692K(6016K)
[2025-03-28T19:17:59.936+0530][gc          ] GC(116) Pause Young (Normal) (G1 Evacuation Pause) 260M->212M(1024M) 20.403ms
[2025-03-28T19:17:59.936+0530][gc,cpu      ] GC(116) User=0.02s Sys=0.00s Real=0.02s
[2025-03-28T19:18:06.398+0530][gc,start    ] GC(117) Pause Young (Normal) (G1 Evacuation Pause)
[2025-03-28T19:18:06.398+0530][gc,task     ] GC(117) Using 2 workers of 2 for evacuation
[2025-03-28T19:18:06.405+0530][gc,phases   ] GC(117)   Pre Evacuate Collection Set: 0.2ms
[2025-03-28T19:18:06.405+0530][gc,phases   ] GC(117)   Merge Heap Roots: 0.1ms
[2025-03-28T19:18:06.405+0530][gc,phases   ] GC(117)   Evacuate Collection Set: 5.0ms
[2025-03-28T19:18:06.405+0530][gc,phases   ] GC(117)   Post Evacuate Collection Set: 1.4ms
[2025-03-28T19:18:06.405+0530][gc,phases   ] GC(117)   Other: 0.2ms
[2025-03-28T19:18:06.405+0530][gc,heap     ] GC(117) Eden regions: 48->0(48)
[2025-03-28T19:18:06.405+0530][gc,heap     ] GC(117) Survivor regions: 3->3(7)
[2025-03-28T19:18:06.405+0530][gc,heap     ] GC(117) Old regions: 70->70
[2025-03-28T19:18:06.405+0530][gc,heap     ] GC(117) Archive regions: 2->2
[2025-03-28T19:18:06.405+0530][gc,heap     ] GC(117) Humongous regions: 140->138
[2025-03-28T19:18:06.405+0530][gc,metaspace] GC(117) Metaspace: 50421K(51072K)->50421K(51072K) NonClass: 44727K(45056K)->44727K(45056K) Class: 5693K(6016K)->5693K(6016K)
[2025-03-28T19:18:06.405+0530][gc          ] GC(117) Pause Young (Normal) (G1 Evacuation Pause) 260M->211M(1024M) 7.107ms
[2025-03-28T19:18:06.405+0530][gc,cpu      ] GC(117) User=0.01s Sys=0.00s Real=0.01s
[2025-03-28T19:18:06.660+0530][gc,start    ] GC(118) Pause Young (Normal) (G1 Evacuation Pause)
[2025-03-28T19:18:06.661+0530][gc,task     ] GC(118) Using 2 workers of 2 for evacuation
[2025-03-28T19:18:06.676+0530][gc,phases   ] GC(118)   Pre Evacuate Collection Set: 0.5ms
[2025-03-28T19:18:06.676+0530][gc,phases   ] GC(118)   Merge Heap Roots: 0.2ms
[2025-03-28T19:18:06.676+0530][gc,phases   ] GC(118)   Evacuate Collection Set: 14.0ms
[2025-03-28T19:18:06.676+0530][gc,phases   ] GC(118)   Post Evacuate Collection Set: 0.7ms
[2025-03-28T19:18:06.676+0530][gc,phases   ] GC(118)   Other: 0.2ms
[2025-03-28T19:18:06.676+0530][gc,heap     ] GC(118) Eden regions: 48->0(48)
[2025-03-28T19:18:06.676+0530][gc,heap     ] GC(118) Survivor regions: 3->3(7)
[2025-03-28T19:18:06.676+0530][gc,heap     ] GC(118) Old regions: 70->70
[2025-03-28T19:18:06.676+0530][gc,heap     ] GC(118) Archive regions: 2->2
[2025-03-28T19:18:06.676+0530][gc,heap     ] GC(118) Humongous regions: 140->140
[2025-03-28T19:18:06.676+0530][gc,metaspace] GC(118) Metaspace: 50421K(51072K)->50421K(51072K) NonClass: 44728K(45056K)->44728K(45056K) Class: 5693K(6016K)->5693K(6016K)
[2025-03-28T19:18:06.676+0530][gc          ] GC(118) Pause Young (Normal) (G1 Evacuation Pause) 261M->212M(1024M) 15.847ms
[2025-03-28T19:18:06.676+0530][gc,cpu      ] GC(118) User=0.01s Sys=0.01s Real=0.01s
[2025-03-28T19:18:09.738+0530][gc,start    ] GC(119) Pause Young (Normal) (G1 Evacuation Pause)
[2025-03-28T19:18:09.738+0530][gc,task     ] GC(119) Using 2 workers of 2 for evacuation
[2025-03-28T19:18:09.756+0530][gc,phases   ] GC(119)   Pre Evacuate Collection Set: 1.0ms
[2025-03-28T19:18:09.757+0530][gc,phases   ] GC(119)   Merge Heap Roots: 0.6ms
[2025-03-28T19:18:09.757+0530][gc,phases   ] GC(119)   Evacuate Collection Set: 13.7ms
[2025-03-28T19:18:09.757+0530][gc,phases   ] GC(119)   Post Evacuate Collection Set: 2.7ms
[2025-03-28T19:18:09.757+0530][gc,phases   ] GC(119)   Other: 0.5ms
[2025-03-28T19:18:09.757+0530][gc,heap     ] GC(119) Eden regions: 48->0(48)
[2025-03-28T19:18:09.757+0530][gc,heap     ] GC(119) Survivor regions: 3->3(7)
[2025-03-28T19:18:09.757+0530][gc,heap     ] GC(119) Old regions: 70->70
[2025-03-28T19:18:09.757+0530][gc,heap     ] GC(119) Archive regions: 2->2
[2025-03-28T19:18:09.757+0530][gc,heap     ] GC(119) Humongous regions: 140->138
[2025-03-28T19:18:09.757+0530][gc,metaspace] GC(119) Metaspace: 50442K(51072K)->50442K(51072K) NonClass: 44749K(45056K)->44749K(45056K) Class: 5693K(6016K)->5693K(6016K)
[2025-03-28T19:18:09.757+0530][gc          ] GC(119) Pause Young (Normal) (G1 Evacuation Pause) 260M->210M(1024M) 19.175ms
[2025-03-28T19:18:09.757+0530][gc,cpu      ] GC(119) User=0.02s Sys=0.00s Real=0.02s
[2025-03-28T19:18:09.952+0530][gc,start    ] GC(120) Pause Young (Normal) (G1 Evacuation Pause)
[2025-03-28T19:18:09.952+0530][gc,task     ] GC(120) Using 2 workers of 2 for evacuation
[2025-03-28T19:18:09.962+0530][gc,phases   ] GC(120)   Pre Evacuate Collection Set: 0.4ms
[2025-03-28T19:18:09.962+0530][gc,phases   ] GC(120)   Merge Heap Roots: 0.2ms
[2025-03-28T19:18:09.962+0530][gc,phases   ] GC(120)   Evacuate Collection Set: 8.7ms
[2025-03-28T19:18:09.962+0530][gc,phases   ] GC(120)   Post Evacuate Collection Set: 0.8ms
[2025-03-28T19:18:09.962+0530][gc,phases   ] GC(120)   Other: 0.2ms
[2025-03-28T19:18:09.962+0530][gc,heap     ] GC(120) Eden regions: 48->0(48)
[2025-03-28T19:18:09.962+0530][gc,heap     ] GC(120) Survivor regions: 3->3(7)
[2025-03-28T19:18:09.962+0530][gc,heap     ] GC(120) Old regions: 70->70
[2025-03-28T19:18:09.962+0530][gc,heap     ] GC(120) Archive regions: 2->2
[2025-03-28T19:18:09.962+0530][gc,heap     ] GC(120) Humongous regions: 138->138
[2025-03-28T19:18:09.962+0530][gc,metaspace] GC(120) Metaspace: 50450K(51072K)->50450K(51072K) NonClass: 44756K(45056K)->44756K(45056K) Class: 5693K(6016K)->5693K(6016K)
[2025-03-28T19:18:09.963+0530][gc          ] GC(120) Pause Young (Normal) (G1 Evacuation Pause) 258M->211M(1024M) 10.388ms
[2025-03-28T19:18:09.963+0530][gc,cpu      ] GC(120) User=0.02s Sys=0.00s Real=0.01s
[2025-03-28T19:18:16.398+0530][gc,start    ] GC(121) Pause Young (Normal) (G1 Evacuation Pause)
[2025-03-28T19:18:16.399+0530][gc,task     ] GC(121) Using 2 workers of 2 for evacuation
[2025-03-28T19:18:16.452+0530][gc,mmu      ] GC(121) MMU target violated: 21.0ms (20.0ms/21.0ms)
[2025-03-28T19:18:16.452+0530][gc,phases   ] GC(121)   Pre Evacuate Collection Set: 0.7ms
[2025-03-28T19:18:16.452+0530][gc,phases   ] GC(121)   Merge Heap Roots: 0.6ms
[2025-03-28T19:18:16.452+0530][gc,phases   ] GC(121)   Evacuate Collection Set: 46.5ms
[2025-03-28T19:18:16.452+0530][gc,phases   ] GC(121)   Post Evacuate Collection Set: 4.9ms
[2025-03-28T19:18:16.452+0530][gc,phases   ] GC(121)   Other: 0.6ms
[2025-03-28T19:18:16.452+0530][gc,heap     ] GC(121) Eden regions: 48->0(49)
[2025-03-28T19:18:16.452+0530][gc,heap     ] GC(121) Survivor regions: 3->2(7)
[2025-03-28T19:18:16.452+0530][gc,heap     ] GC(121) Old regions: 70->70
[2025-03-28T19:18:16.452+0530][gc,heap     ] GC(121) Archive regions: 2->2
[2025-03-28T19:18:16.453+0530][gc,heap     ] GC(121) Humongous regions: 140->138
[2025-03-28T19:18:16.453+0530][gc,metaspace] GC(121) Metaspace: 50454K(51072K)->50454K(51072K) NonClass: 44760K(45056K)->44760K(45056K) Class: 5693K(6016K)->5693K(6016K)
[2025-03-28T19:18:16.453+0530][gc          ] GC(121) Pause Young (Normal) (G1 Evacuation Pause) 261M->209M(1024M) 54.253ms
[2025-03-28T19:18:16.453+0530][gc,cpu      ] GC(121) User=0.03s Sys=0.01s Real=0.06s
[2025-03-28T19:18:16.814+0530][gc,start    ] GC(122) Pause Young (Normal) (G1 Evacuation Pause)
[2025-03-28T19:18:16.814+0530][gc,task     ] GC(122) Using 2 workers of 2 for evacuation
[2025-03-28T19:18:16.848+0530][gc,mmu      ] GC(122) MMU target violated: 21.0ms (20.0ms/21.0ms)
[2025-03-28T19:18:16.848+0530][gc,phases   ] GC(122)   Pre Evacuate Collection Set: 5.6ms
[2025-03-28T19:18:16.848+0530][gc,phases   ] GC(122)   Merge Heap Roots: 0.2ms
[2025-03-28T19:18:16.848+0530][gc,phases   ] GC(122)   Evacuate Collection Set: 28.1ms
[2025-03-28T19:18:16.848+0530][gc,phases   ] GC(122)   Post Evacuate Collection Set: 0.5ms
[2025-03-28T19:18:16.848+0530][gc,phases   ] GC(122)   Other: 0.2ms
[2025-03-28T19:18:16.849+0530][gc,heap     ] GC(122) Eden regions: 49->0(44)
[2025-03-28T19:18:16.849+0530][gc,heap     ] GC(122) Survivor regions: 2->7(7)
[2025-03-28T19:18:16.849+0530][gc,heap     ] GC(122) Old regions: 70->71
[2025-03-28T19:18:16.849+0530][gc,heap     ] GC(122) Archive regions: 2->2
[2025-03-28T19:18:16.849+0530][gc,heap     ] GC(122) Humongous regions: 138->138
[2025-03-28T19:18:16.849+0530][gc,metaspace] GC(122) Metaspace: 50454K(51072K)->50454K(51072K) NonClass: 44761K(45056K)->44761K(45056K) Class: 5693K(6016K)->5693K(6016K)
[2025-03-28T19:18:16.849+0530][gc          ] GC(122) Pause Young (Normal) (G1 Evacuation Pause) 258M->216M(1024M) 34.604ms
[2025-03-28T19:18:16.849+0530][gc,cpu      ] GC(122) User=0.02s Sys=0.00s Real=0.04s
[2025-03-28T19:18:16.931+0530][gc,start    ] GC(123) Pause Young (Normal) (G1 Evacuation Pause)
[2025-03-28T19:18:16.931+0530][gc,task     ] GC(123) Using 2 workers of 2 for evacuation
[2025-03-28T19:18:16.950+0530][gc,phases   ] GC(123)   Pre Evacuate Collection Set: 0.2ms
[2025-03-28T19:18:16.950+0530][gc,phases   ] GC(123)   Merge Heap Roots: 0.2ms
[2025-03-28T19:18:16.950+0530][gc,phases   ] GC(123)   Evacuate Collection Set: 10.4ms
[2025-03-28T19:18:16.950+0530][gc,phases   ] GC(123)   Post Evacuate Collection Set: 7.5ms
[2025-03-28T19:18:16.950+0530][gc,phases   ] GC(123)   Other: 0.2ms
[2025-03-28T19:18:16.950+0530][gc,heap     ] GC(123) Eden regions: 44->0(49)
[2025-03-28T19:18:16.950+0530][gc,heap     ] GC(123) Survivor regions: 7->2(7)
[2025-03-28T19:18:16.950+0530][gc,heap     ] GC(123) Old regions: 71->77
[2025-03-28T19:18:16.950+0530][gc,heap     ] GC(123) Archive regions: 2->2
[2025-03-28T19:18:16.950+0530][gc,heap     ] GC(123) Humongous regions: 140->140
[2025-03-28T19:18:16.950+0530][gc,metaspace] GC(123) Metaspace: 50455K(51072K)->50455K(51072K) NonClass: 44761K(45056K)->44761K(45056K) Class: 5693K(6016K)->5693K(6016K)
[2025-03-28T19:18:16.950+0530][gc          ] GC(123) Pause Young (Normal) (G1 Evacuation Pause) 262M->219M(1024M) 18.615ms
[2025-03-28T19:18:16.950+0530][gc,cpu      ] GC(123) User=0.02s Sys=0.01s Real=0.02s
[2025-03-28T19:18:19.908+0530][gc,start    ] GC(124) Pause Young (Normal) (G1 Evacuation Pause)
[2025-03-28T19:18:19.908+0530][gc,task     ] GC(124) Using 2 workers of 2 for evacuation
[2025-03-28T19:18:19.929+0530][gc,mmu      ] GC(124) MMU target violated: 21.0ms (20.0ms/21.0ms)
[2025-03-28T19:18:19.929+0530][gc,phases   ] GC(124)   Pre Evacuate Collection Set: 0.5ms
[2025-03-28T19:18:19.929+0530][gc,phases   ] GC(124)   Merge Heap Roots: 0.3ms
[2025-03-28T19:18:19.929+0530][gc,phases   ] GC(124)   Evacuate Collection Set: 19.2ms
[2025-03-28T19:18:19.929+0530][gc,phases   ] GC(124)   Post Evacuate Collection Set: 1.1ms
[2025-03-28T19:18:19.929+0530][gc,phases   ] GC(124)   Other: 0.4ms
[2025-03-28T19:18:19.929+0530][gc,heap     ] GC(124) Eden regions: 49->0(44)
[2025-03-28T19:18:19.929+0530][gc,heap     ] GC(124) Survivor regions: 2->7(7)
[2025-03-28T19:18:19.929+0530][gc,heap     ] GC(124) Old regions: 77->77
[2025-03-28T19:18:19.929+0530][gc,heap     ] GC(124) Archive regions: 2->2
[2025-03-28T19:18:19.929+0530][gc,heap     ] GC(124) Humongous regions: 140->138
[2025-03-28T19:18:19.929+0530][gc,metaspace] GC(124) Metaspace: 50463K(51072K)->50463K(51072K) NonClass: 44769K(45056K)->44769K(45056K) Class: 5693K(6016K)->5693K(6016K)
[2025-03-28T19:18:19.929+0530][gc          ] GC(124) Pause Young (Normal) (G1 Evacuation Pause) 268M->222M(1024M) 21.687ms
[2025-03-28T19:18:19.929+0530][gc,cpu      ] GC(124) User=0.04s Sys=0.00s Real=0.02s
[2025-03-28T19:18:20.279+0530][gc,start    ] GC(125) Pause Young (Normal) (G1 Evacuation Pause)
[2025-03-28T19:18:20.279+0530][gc,task     ] GC(125) Using 2 workers of 2 for evacuation
[2025-03-28T19:18:20.291+0530][gc,phases   ] GC(125)   Pre Evacuate Collection Set: 0.3ms
[2025-03-28T19:18:20.291+0530][gc,phases   ] GC(125)   Merge Heap Roots: 0.1ms
[2025-03-28T19:18:20.291+0530][gc,phases   ] GC(125)   Evacuate Collection Set: 9.2ms
[2025-03-28T19:18:20.291+0530][gc,phases   ] GC(125)   Post Evacuate Collection Set: 2.4ms
[2025-03-28T19:18:20.291+0530][gc,phases   ] GC(125)   Other: 0.4ms
[2025-03-28T19:18:20.291+0530][gc,heap     ] GC(125) Eden regions: 44->0(49)
[2025-03-28T19:18:20.291+0530][gc,heap     ] GC(125) Survivor regions: 7->2(7)
[2025-03-28T19:18:20.291+0530][gc,heap     ] GC(125) Old regions: 77->79
[2025-03-28T19:18:20.291+0530][gc,heap     ] GC(125) Archive regions: 2->2
[2025-03-28T19:18:20.291+0530][gc,heap     ] GC(125) Humongous regions: 140->140
[2025-03-28T19:18:20.291+0530][gc,metaspace] GC(125) Metaspace: 50463K(51072K)->50463K(51072K) NonClass: 44769K(45056K)->44769K(45056K) Class: 5693K(6016K)->5693K(6016K)
[2025-03-28T19:18:20.291+0530][gc          ] GC(125) Pause Young (Normal) (G1 Evacuation Pause) 268M->221M(1024M) 12.676ms
[2025-03-28T19:18:20.292+0530][gc,cpu      ] GC(125) User=0.02s Sys=0.01s Real=0.01s
[2025-03-28T19:18:26.777+0530][gc,start    ] GC(126) Pause Young (Normal) (G1 Evacuation Pause)
[2025-03-28T19:18:26.777+0530][gc,task     ] GC(126) Using 2 workers of 2 for evacuation
[2025-03-28T19:18:26.803+0530][gc,mmu      ] GC(126) MMU target violated: 21.0ms (20.0ms/21.0ms)
[2025-03-28T19:18:26.803+0530][gc,phases   ] GC(126)   Pre Evacuate Collection Set: 0.3ms
[2025-03-28T19:18:26.803+0530][gc,phases   ] GC(126)   Merge Heap Roots: 0.1ms
[2025-03-28T19:18:26.803+0530][gc,phases   ] GC(126)   Evacuate Collection Set: 24.5ms
[2025-03-28T19:18:26.803+0530][gc,phases   ] GC(126)   Post Evacuate Collection Set: 0.8ms
[2025-03-28T19:18:26.803+0530][gc,phases   ] GC(126)   Other: 0.4ms
[2025-03-28T19:18:26.803+0530][gc,heap     ] GC(126) Eden regions: 49->0(45)
[2025-03-28T19:18:26.803+0530][gc,heap     ] GC(126) Survivor regions: 2->6(7)
[2025-03-28T19:18:26.803+0530][gc,heap     ] GC(126) Old regions: 79->79
[2025-03-28T19:18:26.803+0530][gc,heap     ] GC(126) Archive regions: 2->2
[2025-03-28T19:18:26.803+0530][gc,heap     ] GC(126) Humongous regions: 140->138
[2025-03-28T19:18:26.803+0530][gc,metaspace] GC(126) Metaspace: 50473K(51200K)->50473K(51200K) NonClass: 44780K(45184K)->44780K(45184K) Class: 5693K(6016K)->5693K(6016K)
[2025-03-28T19:18:26.803+0530][gc          ] GC(126) Pause Young (Normal) (G1 Evacuation Pause) 270M->222M(1024M) 26.107ms
[2025-03-28T19:18:26.803+0530][gc,cpu      ] GC(126) User=0.03s Sys=0.00s Real=0.02s
[2025-03-28T19:18:26.997+0530][gc,start    ] GC(127) Pause Young (Normal) (G1 Evacuation Pause)
[2025-03-28T19:18:26.997+0530][gc,task     ] GC(127) Using 2 workers of 2 for evacuation
[2025-03-28T19:18:27.043+0530][gc,mmu      ] GC(127) MMU target violated: 21.0ms (20.0ms/21.0ms)
[2025-03-28T19:18:27.043+0530][gc,phases   ] GC(127)   Pre Evacuate Collection Set: 8.6ms
[2025-03-28T19:18:27.043+0530][gc,phases   ] GC(127)   Merge Heap Roots: 0.2ms
[2025-03-28T19:18:27.043+0530][gc,phases   ] GC(127)   Evacuate Collection Set: 31.1ms
[2025-03-28T19:18:27.043+0530][gc,phases   ] GC(127)   Post Evacuate Collection Set: 6.0ms
[2025-03-28T19:18:27.043+0530][gc,phases   ] GC(127)   Other: 0.2ms
[2025-03-28T19:18:27.043+0530][gc,heap     ] GC(127) Eden regions: 45->0(49)
[2025-03-28T19:18:27.043+0530][gc,heap     ] GC(127) Survivor regions: 6->2(7)
[2025-03-28T19:18:27.043+0530][gc,heap     ] GC(127) Old regions: 79->80
[2025-03-28T19:18:27.043+0530][gc,heap     ] GC(127) Archive regions: 2->2
[2025-03-28T19:18:27.043+0530][gc,heap     ] GC(127) Humongous regions: 140->140
[2025-03-28T19:18:27.043+0530][gc,metaspace] GC(127) Metaspace: 50474K(51200K)->50474K(51200K) NonClass: 44781K(45184K)->44781K(45184K) Class: 5693K(6016K)->5693K(6016K)
[2025-03-28T19:18:27.043+0530][gc          ] GC(127) Pause Young (Normal) (G1 Evacuation Pause) 269M->222M(1024M) 46.278ms
[2025-03-28T19:18:27.043+0530][gc,cpu      ] GC(127) User=0.02s Sys=0.00s Real=0.04s
[2025-03-28T19:18:29.663+0530][gc,start    ] GC(128) Pause Young (Normal) (G1 Evacuation Pause)
[2025-03-28T19:18:29.663+0530][gc,task     ] GC(128) Using 2 workers of 2 for evacuation
[2025-03-28T19:18:29.671+0530][gc,phases   ] GC(128)   Pre Evacuate Collection Set: 1.4ms
[2025-03-28T19:18:29.671+0530][gc,phases   ] GC(128)   Merge Heap Roots: 0.3ms
[2025-03-28T19:18:29.671+0530][gc,phases   ] GC(128)   Evacuate Collection Set: 5.6ms
[2025-03-28T19:18:29.671+0530][gc,phases   ] GC(128)   Post Evacuate Collection Set: 0.6ms
[2025-03-28T19:18:29.671+0530][gc,phases   ] GC(128)   Other: 0.5ms
[2025-03-28T19:18:29.671+0530][gc,heap     ] GC(128) Eden regions: 49->0(46)
[2025-03-28T19:18:29.671+0530][gc,heap     ] GC(128) Survivor regions: 2->5(7)
[2025-03-28T19:18:29.671+0530][gc,heap     ] GC(128) Old regions: 80->80
[2025-03-28T19:18:29.671+0530][gc,heap     ] GC(128) Archive regions: 2->2
[2025-03-28T19:18:29.671+0530][gc,heap     ] GC(128) Humongous regions: 140->138
[2025-03-28T19:18:29.671+0530][gc,metaspace] GC(128) Metaspace: 50476K(51200K)->50476K(51200K) NonClass: 44782K(45184K)->44782K(45184K) Class: 5693K(6016K)->5693K(6016K)
[2025-03-28T19:18:29.671+0530][gc          ] GC(128) Pause Young (Normal) (G1 Evacuation Pause) 271M->223M(1024M) 8.495ms
[2025-03-28T19:18:29.671+0530][gc,cpu      ] GC(128) User=0.01s Sys=0.00s Real=0.01s
[2025-03-28T19:18:29.822+0530][gc,start    ] GC(129) Pause Young (Normal) (G1 Evacuation Pause)
[2025-03-28T19:18:29.822+0530][gc,task     ] GC(129) Using 2 workers of 2 for evacuation
[2025-03-28T19:18:29.831+0530][gc,phases   ] GC(129)   Pre Evacuate Collection Set: 0.5ms
[2025-03-28T19:18:29.831+0530][gc,phases   ] GC(129)   Merge Heap Roots: 0.1ms
[2025-03-28T19:18:29.831+0530][gc,phases   ] GC(129)   Evacuate Collection Set: 7.1ms
[2025-03-28T19:18:29.831+0530][gc,phases   ] GC(129)   Post Evacuate Collection Set: 0.6ms
[2025-03-28T19:18:29.831+0530][gc,phases   ] GC(129)   Other: 0.2ms
[2025-03-28T19:18:29.831+0530][gc,heap     ] GC(129) Eden regions: 46->0(49)
[2025-03-28T19:18:29.831+0530][gc,heap     ] GC(129) Survivor regions: 5->2(7)
[2025-03-28T19:18:29.831+0530][gc,heap     ] GC(129) Old regions: 80->81
[2025-03-28T19:18:29.831+0530][gc,heap     ] GC(129) Archive regions: 2->2
[2025-03-28T19:18:29.831+0530][gc,heap     ] GC(129) Humongous regions: 140->140
[2025-03-28T19:18:29.831+0530][gc,metaspace] GC(129) Metaspace: 50477K(51200K)->50477K(51200K) NonClass: 44784K(45184K)->44784K(45184K) Class: 5693K(6016K)->5693K(6016K)
[2025-03-28T19:18:29.831+0530][gc          ] GC(129) Pause Young (Normal) (G1 Evacuation Pause) 271M->223M(1024M) 8.676ms
[2025-03-28T19:18:29.831+0530][gc,cpu      ] GC(129) User=0.02s Sys=0.00s Real=0.02s
[2025-03-28T19:18:36.521+0530][gc,start    ] GC(130) Pause Young (Normal) (G1 Evacuation Pause)
[2025-03-28T19:18:36.521+0530][gc,task     ] GC(130) Using 2 workers of 2 for evacuation
[2025-03-28T19:18:36.544+0530][gc,mmu      ] GC(130) MMU target violated: 21.0ms (20.0ms/21.0ms)
[2025-03-28T19:18:36.544+0530][gc,phases   ] GC(130)   Pre Evacuate Collection Set: 0.3ms
[2025-03-28T19:18:36.544+0530][gc,phases   ] GC(130)   Merge Heap Roots: 0.2ms
[2025-03-28T19:18:36.544+0530][gc,phases   ] GC(130)   Evacuate Collection Set: 19.6ms
[2025-03-28T19:18:36.544+0530][gc,phases   ] GC(130)   Post Evacuate Collection Set: 2.6ms
[2025-03-28T19:18:36.544+0530][gc,phases   ] GC(130)   Other: 0.3ms
[2025-03-28T19:18:36.544+0530][gc,heap     ] GC(130) Eden regions: 49->0(47)
[2025-03-28T19:18:36.544+0530][gc,heap     ] GC(130) Survivor regions: 2->4(7)
[2025-03-28T19:18:36.544+0530][gc,heap     ] GC(130) Old regions: 81->81
[2025-03-28T19:18:36.544+0530][gc,heap     ] GC(130) Archive regions: 2->2
[2025-03-28T19:18:36.544+0530][gc,heap     ] GC(130) Humongous regions: 140->138
[2025-03-28T19:18:36.544+0530][gc,metaspace] GC(130) Metaspace: 50478K(51200K)->50478K(51200K) NonClass: 44785K(45184K)->44785K(45184K) Class: 5693K(6016K)->5693K(6016K)
[2025-03-28T19:18:36.544+0530][gc          ] GC(130) Pause Young (Normal) (G1 Evacuation Pause) 272M->223M(1024M) 23.060ms
[2025-03-28T19:18:36.544+0530][gc,cpu      ] GC(130) User=0.02s Sys=0.00s Real=0.02s
[2025-03-28T19:18:36.816+0530][gc,start    ] GC(131) Pause Young (Normal) (G1 Evacuation Pause)
[2025-03-28T19:18:36.817+0530][gc,task     ] GC(131) Using 2 workers of 2 for evacuation
[2025-03-28T19:18:36.845+0530][gc,mmu      ] GC(131) MMU target violated: 21.0ms (20.0ms/21.0ms)
[2025-03-28T19:18:36.845+0530][gc,phases   ] GC(131)   Pre Evacuate Collection Set: 0.9ms
[2025-03-28T19:18:36.845+0530][gc,phases   ] GC(131)   Merge Heap Roots: 0.2ms
[2025-03-28T19:18:36.845+0530][gc,phases   ] GC(131)   Evacuate Collection Set: 11.7ms
[2025-03-28T19:18:36.845+0530][gc,phases   ] GC(131)   Post Evacuate Collection Set: 15.8ms
[2025-03-28T19:18:36.845+0530][gc,phases   ] GC(131)   Other: 0.3ms
[2025-03-28T19:18:36.845+0530][gc,heap     ] GC(131) Eden regions: 47->0(48)
[2025-03-28T19:18:36.845+0530][gc,heap     ] GC(131) Survivor regions: 4->3(7)
[2025-03-28T19:18:36.845+0530][gc,heap     ] GC(131) Old regions: 81->81
[2025-03-28T19:18:36.845+0530][gc,heap     ] GC(131) Archive regions: 2->2
[2025-03-28T19:18:36.845+0530][gc,heap     ] GC(131) Humongous regions: 140->140
[2025-03-28T19:18:36.845+0530][gc,metaspace] GC(131) Metaspace: 50480K(51200K)->50480K(51200K) NonClass: 44787K(45184K)->44787K(45184K) Class: 5693K(6016K)->5693K(6016K)
[2025-03-28T19:18:36.846+0530][gc          ] GC(131) Pause Young (Normal) (G1 Evacuation Pause) 272M->224M(1024M) 29.033ms
[2025-03-28T19:18:36.846+0530][gc,cpu      ] GC(131) User=0.01s Sys=0.01s Real=0.04s
[2025-03-28T19:18:39.775+0530][gc,start    ] GC(132) Pause Young (Normal) (G1 Evacuation Pause)
[2025-03-28T19:18:39.775+0530][gc,task     ] GC(132) Using 2 workers of 2 for evacuation
[2025-03-28T19:18:39.793+0530][gc,phases   ] GC(132)   Pre Evacuate Collection Set: 1.6ms
[2025-03-28T19:18:39.793+0530][gc,phases   ] GC(132)   Merge Heap Roots: 2.8ms
[2025-03-28T19:18:39.793+0530][gc,phases   ] GC(132)   Evacuate Collection Set: 12.3ms
[2025-03-28T19:18:39.793+0530][gc,phases   ] GC(132)   Post Evacuate Collection Set: 0.9ms
[2025-03-28T19:18:39.793+0530][gc,phases   ] GC(132)   Other: 0.3ms
[2025-03-28T19:18:39.793+0530][gc,heap     ] GC(132) Eden regions: 48->0(48)
[2025-03-28T19:18:39.793+0530][gc,heap     ] GC(132) Survivor regions: 3->3(7)
[2025-03-28T19:18:39.793+0530][gc,heap     ] GC(132) Old regions: 81->81
[2025-03-28T19:18:39.793+0530][gc,heap     ] GC(132) Archive regions: 2->2
[2025-03-28T19:18:39.793+0530][gc,heap     ] GC(132) Humongous regions: 140->138
[2025-03-28T19:18:39.793+0530][gc,metaspace] GC(132) Metaspace: 50481K(51200K)->50481K(51200K) NonClass: 44788K(45184K)->44788K(45184K) Class: 5693K(6016K)->5693K(6016K)
[2025-03-28T19:18:39.793+0530][gc          ] GC(132) Pause Young (Normal) (G1 Evacuation Pause) 272M->222M(1024M) 18.102ms
[2025-03-28T19:18:39.793+0530][gc,cpu      ] GC(132) User=0.02s Sys=0.00s Real=0.01s
[2025-03-28T19:18:39.952+0530][gc,start    ] GC(133) Pause Young (Normal) (G1 Evacuation Pause)
[2025-03-28T19:18:39.952+0530][gc,task     ] GC(133) Using 2 workers of 2 for evacuation
[2025-03-28T19:18:39.963+0530][gc,phases   ] GC(133)   Pre Evacuate Collection Set: 0.4ms
[2025-03-28T19:18:39.963+0530][gc,phases   ] GC(133)   Merge Heap Roots: 0.3ms
[2025-03-28T19:18:39.963+0530][gc,phases   ] GC(133)   Evacuate Collection Set: 9.2ms
[2025-03-28T19:18:39.963+0530][gc,phases   ] GC(133)   Post Evacuate Collection Set: 0.5ms
[2025-03-28T19:18:39.963+0530][gc,phases   ] GC(133)   Other: 0.2ms
[2025-03-28T19:18:39.963+0530][gc,heap     ] GC(133) Eden regions: 48->0(48)
[2025-03-28T19:18:39.963+0530][gc,heap     ] GC(133) Survivor regions: 3->3(7)
[2025-03-28T19:18:39.963+0530][gc,heap     ] GC(133) Old regions: 81->81
[2025-03-28T19:18:39.963+0530][gc,heap     ] GC(133) Archive regions: 2->2
[2025-03-28T19:18:39.963+0530][gc,heap     ] GC(133) Humongous regions: 140->140
[2025-03-28T19:18:39.963+0530][gc,metaspace] GC(133) Metaspace: 50481K(51200K)->50481K(51200K) NonClass: 44788K(45184K)->44788K(45184K) Class: 5693K(6016K)->5693K(6016K)
[2025-03-28T19:18:39.963+0530][gc          ] GC(133) Pause Young (Normal) (G1 Evacuation Pause) 272M->224M(1024M) 10.617ms
[2025-03-28T19:18:39.963+0530][gc,cpu      ] GC(133) User=0.01s Sys=0.00s Real=0.01s
[2025-03-28T19:18:47.366+0530][gc,start    ] GC(134) Pause Young (Normal) (G1 Evacuation Pause)
[2025-03-28T19:18:47.376+0530][gc,task     ] GC(134) Using 2 workers of 2 for evacuation
[2025-03-28T19:18:47.400+0530][gc,mmu      ] GC(134) MMU target violated: 21.0ms (20.0ms/21.0ms)
[2025-03-28T19:18:47.400+0530][gc,phases   ] GC(134)   Pre Evacuate Collection Set: 0.3ms
[2025-03-28T19:18:47.400+0530][gc,phases   ] GC(134)   Merge Heap Roots: 0.2ms
[2025-03-28T19:18:47.400+0530][gc,phases   ] GC(134)   Evacuate Collection Set: 23.4ms
[2025-03-28T19:18:47.400+0530][gc,phases   ] GC(134)   Post Evacuate Collection Set: 0.7ms
[2025-03-28T19:18:47.400+0530][gc,phases   ] GC(134)   Other: 9.8ms
[2025-03-28T19:18:47.400+0530][gc,heap     ] GC(134) Eden regions: 48->0(63)
[2025-03-28T19:18:47.400+0530][gc,heap     ] GC(134) Survivor regions: 3->2(7)
[2025-03-28T19:18:47.400+0530][gc,heap     ] GC(134) Old regions: 81->81
[2025-03-28T19:18:47.400+0530][gc,heap     ] GC(134) Archive regions: 2->2
[2025-03-28T19:18:47.400+0530][gc,heap     ] GC(134) Humongous regions: 140->138
[2025-03-28T19:18:47.400+0530][gc,metaspace] GC(134) Metaspace: 50532K(51200K)->50532K(51200K) NonClass: 44829K(45184K)->44829K(45184K) Class: 5703K(6016K)->5703K(6016K)
[2025-03-28T19:18:47.401+0530][gc          ] GC(134) Pause Young (Normal) (G1 Evacuation Pause) 272M->221M(1024M) 34.383ms
[2025-03-28T19:18:47.401+0530][gc,cpu      ] GC(134) User=0.01s Sys=0.00s Real=0.03s
[2025-03-28T19:18:47.712+0530][gc,start    ] GC(135) Pause Young (Normal) (G1 Evacuation Pause)
[2025-03-28T19:18:47.712+0530][gc,task     ] GC(135) Using 2 workers of 2 for evacuation
[2025-03-28T19:18:47.770+0530][gc,mmu      ] GC(135) MMU target violated: 21.0ms (20.0ms/21.0ms)
[2025-03-28T19:18:47.770+0530][gc,phases   ] GC(135)   Pre Evacuate Collection Set: 0.5ms
[2025-03-28T19:18:47.770+0530][gc,phases   ] GC(135)   Merge Heap Roots: 0.1ms
[2025-03-28T19:18:47.770+0530][gc,phases   ] GC(135)   Evacuate Collection Set: 35.9ms
[2025-03-28T19:18:47.770+0530][gc,phases   ] GC(135)   Post Evacuate Collection Set: 20.8ms
[2025-03-28T19:18:47.770+0530][gc,phases   ] GC(135)   Other: 0.3ms
[2025-03-28T19:18:47.770+0530][gc,heap     ] GC(135) Eden regions: 63->0(48)
[2025-03-28T19:18:47.770+0530][gc,heap     ] GC(135) Survivor regions: 2->3(9)
[2025-03-28T19:18:47.770+0530][gc,heap     ] GC(135) Old regions: 81->81
[2025-03-28T19:18:47.770+0530][gc,heap     ] GC(135) Archive regions: 2->2
[2025-03-28T19:18:47.770+0530][gc,heap     ] GC(135) Humongous regions: 140->140
[2025-03-28T19:18:47.770+0530][gc,metaspace] GC(135) Metaspace: 50532K(51200K)->50532K(51200K) NonClass: 44829K(45184K)->44829K(45184K) Class: 5703K(6016K)->5703K(6016K)
[2025-03-28T19:18:47.770+0530][gc          ] GC(135) Pause Young (Normal) (G1 Evacuation Pause) 286M->224M(1024M) 57.644ms
[2025-03-28T19:18:47.770+0530][gc,cpu      ] GC(135) User=0.02s Sys=0.01s Real=0.06s
[2025-03-28T19:18:49.636+0530][gc,start    ] GC(136) Pause Young (Normal) (G1 Evacuation Pause)
[2025-03-28T19:18:49.636+0530][gc,task     ] GC(136) Using 2 workers of 2 for evacuation
[2025-03-28T19:18:49.655+0530][gc,phases   ] GC(136)   Pre Evacuate Collection Set: 0.3ms
[2025-03-28T19:18:49.655+0530][gc,phases   ] GC(136)   Merge Heap Roots: 0.3ms
[2025-03-28T19:18:49.655+0530][gc,phases   ] GC(136)   Evacuate Collection Set: 16.9ms
[2025-03-28T19:18:49.655+0530][gc,phases   ] GC(136)   Post Evacuate Collection Set: 1.2ms
[2025-03-28T19:18:49.655+0530][gc,phases   ] GC(136)   Other: 0.2ms
[2025-03-28T19:18:49.655+0530][gc,heap     ] GC(136) Eden regions: 48->0(47)
[2025-03-28T19:18:49.655+0530][gc,heap     ] GC(136) Survivor regions: 3->4(7)
[2025-03-28T19:18:49.655+0530][gc,heap     ] GC(136) Old regions: 81->81
[2025-03-28T19:18:49.655+0530][gc,heap     ] GC(136) Archive regions: 2->2
[2025-03-28T19:18:49.655+0530][gc,heap     ] GC(136) Humongous regions: 140->138
[2025-03-28T19:18:49.655+0530][gc,metaspace] GC(136) Metaspace: 50538K(51200K)->50538K(51200K) NonClass: 44834K(45184K)->44834K(45184K) Class: 5703K(6016K)->5703K(6016K)
[2025-03-28T19:18:49.655+0530][gc          ] GC(136) Pause Young (Normal) (G1 Evacuation Pause) 272M->223M(1024M) 19.069ms
[2025-03-28T19:18:49.655+0530][gc,cpu      ] GC(136) User=0.02s Sys=0.01s Real=0.02s
[2025-03-28T19:18:49.775+0530][gc,start    ] GC(137) Pause Young (Normal) (G1 Evacuation Pause)
[2025-03-28T19:18:49.775+0530][gc,task     ] GC(137) Using 2 workers of 2 for evacuation
[2025-03-28T19:18:49.786+0530][gc,phases   ] GC(137)   Pre Evacuate Collection Set: 0.3ms
[2025-03-28T19:18:49.786+0530][gc,phases   ] GC(137)   Merge Heap Roots: 0.2ms
[2025-03-28T19:18:49.786+0530][gc,phases   ] GC(137)   Evacuate Collection Set: 9.4ms
[2025-03-28T19:18:49.786+0530][gc,phases   ] GC(137)   Post Evacuate Collection Set: 0.6ms
[2025-03-28T19:18:49.786+0530][gc,phases   ] GC(137)   Other: 0.2ms
[2025-03-28T19:18:49.786+0530][gc,heap     ] GC(137) Eden regions: 47->0(48)
[2025-03-28T19:18:49.786+0530][gc,heap     ] GC(137) Survivor regions: 4->3(7)
[2025-03-28T19:18:49.786+0530][gc,heap     ] GC(137) Old regions: 81->81
[2025-03-28T19:18:49.786+0530][gc,heap     ] GC(137) Archive regions: 2->2
[2025-03-28T19:18:49.786+0530][gc,heap     ] GC(137) Humongous regions: 140->140
[2025-03-28T19:18:49.786+0530][gc,metaspace] GC(137) Metaspace: 50538K(51200K)->50538K(51200K) NonClass: 44834K(45184K)->44834K(45184K) Class: 5703K(6016K)->5703K(6016K)
[2025-03-28T19:18:49.786+0530][gc          ] GC(137) Pause Young (Normal) (G1 Evacuation Pause) 272M->224M(1024M) 10.890ms
[2025-03-28T19:18:49.786+0530][gc,cpu      ] GC(137) User=0.01s Sys=0.00s Real=0.01s
[2025-03-28T19:18:56.618+0530][gc,start    ] GC(138) Pause Young (Normal) (G1 Evacuation Pause)
[2025-03-28T19:18:56.618+0530][gc,task     ] GC(138) Using 2 workers of 2 for evacuation
[2025-03-28T19:18:56.630+0530][gc,phases   ] GC(138)   Pre Evacuate Collection Set: 0.2ms
[2025-03-28T19:18:56.630+0530][gc,phases   ] GC(138)   Merge Heap Roots: 0.2ms
[2025-03-28T19:18:56.630+0530][gc,phases   ] GC(138)   Evacuate Collection Set: 11.7ms
[2025-03-28T19:18:56.630+0530][gc,phases   ] GC(138)   Post Evacuate Collection Set: 0.6ms
[2025-03-28T19:18:56.630+0530][gc,phases   ] GC(138)   Other: 0.1ms
[2025-03-28T19:18:56.630+0530][gc,heap     ] GC(138) Eden regions: 48->0(106)
[2025-03-28T19:18:56.630+0530][gc,heap     ] GC(138) Survivor regions: 3->3(7)
[2025-03-28T19:18:56.630+0530][gc,heap     ] GC(138) Old regions: 81->81
[2025-03-28T19:18:56.630+0530][gc,heap     ] GC(138) Archive regions: 2->2
[2025-03-28T19:18:56.630+0530][gc,heap     ] GC(138) Humongous regions: 140->138
[2025-03-28T19:18:56.630+0530][gc,metaspace] GC(138) Metaspace: 50553K(51200K)->50553K(51200K) NonClass: 44847K(45184K)->44847K(45184K) Class: 5706K(6016K)->5706K(6016K)
[2025-03-28T19:18:56.631+0530][gc          ] GC(138) Pause Young (Normal) (G1 Evacuation Pause) 272M->222M(1024M) 12.995ms
[2025-03-28T19:18:56.631+0530][gc,cpu      ] GC(138) User=0.02s Sys=0.01s Real=0.00s
[2025-03-28T19:18:59.802+0530][gc,start    ] GC(139) Pause Young (Normal) (G1 Evacuation Pause)
[2025-03-28T19:18:59.802+0530][gc,task     ] GC(139) Using 2 workers of 2 for evacuation
[2025-03-28T19:18:59.830+0530][gc,mmu      ] GC(139) MMU target violated: 21.0ms (20.0ms/21.0ms)
[2025-03-28T19:18:59.830+0530][gc,phases   ] GC(139)   Pre Evacuate Collection Set: 1.0ms
[2025-03-28T19:18:59.830+0530][gc,phases   ] GC(139)   Merge Heap Roots: 0.5ms
[2025-03-28T19:18:59.830+0530][gc,phases   ] GC(139)   Evacuate Collection Set: 25.0ms
[2025-03-28T19:18:59.830+0530][gc,phases   ] GC(139)   Post Evacuate Collection Set: 1.4ms
[2025-03-28T19:18:59.832+0530][gc,phases   ] GC(139)   Other: 0.5ms
[2025-03-28T19:18:59.832+0530][gc,heap     ] GC(139) Eden regions: 106->0(74)
[2025-03-28T19:18:59.832+0530][gc,heap     ] GC(139) Survivor regions: 3->4(14)
[2025-03-28T19:18:59.832+0530][gc,heap     ] GC(139) Old regions: 81->81
[2025-03-28T19:18:59.832+0530][gc,heap     ] GC(139) Archive regions: 2->2
[2025-03-28T19:18:59.832+0530][gc,heap     ] GC(139) Humongous regions: 140->138
[2025-03-28T19:18:59.832+0530][gc,metaspace] GC(139) Metaspace: 50554K(51200K)->50554K(51200K) NonClass: 44848K(45184K)->44848K(45184K) Class: 5706K(6016K)->5706K(6016K)
[2025-03-28T19:18:59.832+0530][gc          ] GC(139) Pause Young (Normal) (G1 Evacuation Pause) 330M->222M(1024M) 29.953ms
[2025-03-28T19:18:59.832+0530][gc,cpu      ] GC(139) User=0.04s Sys=0.00s Real=0.03s
[2025-03-28T19:19:00.061+0530][gc,start    ] GC(140) Pause Young (Normal) (G1 Evacuation Pause)
[2025-03-28T19:19:00.061+0530][gc,task     ] GC(140) Using 2 workers of 2 for evacuation
[2025-03-28T19:19:00.077+0530][gc,phases   ] GC(140)   Pre Evacuate Collection Set: 0.3ms
[2025-03-28T19:19:00.077+0530][gc,phases   ] GC(140)   Merge Heap Roots: 0.1ms
[2025-03-28T19:19:00.077+0530][gc,phases   ] GC(140)   Evacuate Collection Set: 14.1ms
[2025-03-28T19:19:00.077+0530][gc,phases   ] GC(140)   Post Evacuate Collection Set: 0.8ms
[2025-03-28T19:19:00.077+0530][gc,phases   ] GC(140)   Other: 0.2ms
[2025-03-28T19:19:00.077+0530][gc,heap     ] GC(140) Eden regions: 74->0(88)
[2025-03-28T19:19:00.077+0530][gc,heap     ] GC(140) Survivor regions: 4->3(10)
[2025-03-28T19:19:00.077+0530][gc,heap     ] GC(140) Old regions: 81->81
[2025-03-28T19:19:00.077+0530][gc,heap     ] GC(140) Archive regions: 2->2
[2025-03-28T19:19:00.077+0530][gc,heap     ] GC(140) Humongous regions: 140->140
[2025-03-28T19:19:00.077+0530][gc,metaspace] GC(140) Metaspace: 50559K(51200K)->50559K(51200K) NonClass: 44853K(45184K)->44853K(45184K) Class: 5706K(6016K)->5706K(6016K)
[2025-03-28T19:19:00.077+0530][gc          ] GC(140) Pause Young (Normal) (G1 Evacuation Pause) 298M->224M(1024M) 15.662ms
[2025-03-28T19:19:00.077+0530][gc,cpu      ] GC(140) User=0.01s Sys=0.01s Real=0.02s
[2025-03-28T19:19:06.788+0530][gc,start    ] GC(141) Pause Young (Normal) (G1 Evacuation Pause)
[2025-03-28T19:19:06.788+0530][gc,task     ] GC(141) Using 2 workers of 2 for evacuation
[2025-03-28T19:19:06.842+0530][gc,mmu      ] GC(141) MMU target violated: 21.0ms (20.0ms/21.0ms)
[2025-03-28T19:19:06.842+0530][gc,phases   ] GC(141)   Pre Evacuate Collection Set: 3.7ms
[2025-03-28T19:19:06.842+0530][gc,phases   ] GC(141)   Merge Heap Roots: 0.2ms
[2025-03-28T19:19:06.842+0530][gc,phases   ] GC(141)   Evacuate Collection Set: 40.5ms
[2025-03-28T19:19:06.842+0530][gc,phases   ] GC(141)   Post Evacuate Collection Set: 9.3ms
[2025-03-28T19:19:06.842+0530][gc,phases   ] GC(141)   Other: 0.3ms
[2025-03-28T19:19:06.842+0530][gc,heap     ] GC(141) Eden regions: 88->0(48)
[2025-03-28T19:19:06.842+0530][gc,heap     ] GC(141) Survivor regions: 3->3(12)
[2025-03-28T19:19:06.842+0530][gc,heap     ] GC(141) Old regions: 81->81
[2025-03-28T19:19:06.842+0530][gc,heap     ] GC(141) Archive regions: 2->2
[2025-03-28T19:19:06.842+0530][gc,heap     ] GC(141) Humongous regions: 142->140
[2025-03-28T19:19:06.842+0530][gc,metaspace] GC(141) Metaspace: 50580K(51264K)->50580K(51264K) NonClass: 44874K(45248K)->44874K(45248K) Class: 5706K(6016K)->5706K(6016K)
[2025-03-28T19:19:06.842+0530][gc          ] GC(141) Pause Young (Normal) (G1 Evacuation Pause) 314M->224M(1024M) 54.182ms
[2025-03-28T19:19:06.842+0530][gc,cpu      ] GC(141) User=0.01s Sys=0.00s Real=0.05s
[2025-03-28T19:19:09.966+0530][gc,heap,exit] Heap
[2025-03-28T19:19:09.966+0530][gc,heap,exit]  garbage-first heap   total 1048576K, used 277066K [0x00000000c0000000, 0x0000000100000000)
[2025-03-28T19:19:09.966+0530][gc,heap,exit]   region size 1024K, 47 young (48128K), 3 survivors (3072K)
[2025-03-28T19:19:09.966+0530][gc,heap,exit]  Metaspace       used 51546K, committed 52224K, reserved 1114112K
[2025-03-28T19:19:09.966+0530][gc,heap,exit]   class space    used 5925K, committed 6272K, reserved 1048576K
